To honour the JVM settings for this build a single-use Daemon process will be forked. For more on this, please refer to https://docs.gradle.org/8.14.2/userguide/gradle_daemon.html#sec:disabling_the_daemon in the Gradle documentation.
Daemon will be stopped at the end of the build 
Reusing configuration cache.
> Task :assemble UP-TO-DATE
> Task :check UP-TO-DATE
> Task :boingDemo:checkKotlinGradlePluginConfigurationErrors SKIPPED
> Task :Trikeshed:checkKotlinGradlePluginConfigurationErrors SKIPPED
> Task :build UP-TO-DATE
> Task :Trikeshed:exportRootPublicationCoordinatesForMetadataApiElements UP-TO-DATE
> Task :Trikeshed:generateProjectStructureMetadata UP-TO-DATE
> Task :Trikeshed:commonizeNativeDistribution UP-TO-DATE
> Task :boingDemo:metadataCommonMainProcessResources UP-TO-DATE
> Task :boingDemo:metadataNativeMainProcessResources UP-TO-DATE
> Task :boingDemo:commonizeNativeDistribution UP-TO-DATE
> Task :boingDemo:metadataAppleMainProcessResources UP-TO-DATE
> Task :boingDemo:generateProjectStructureMetadata UP-TO-DATE
> Task :Trikeshed:cinteropKqueueMacosArm64 UP-TO-DATE
> Task :Trikeshed:cinteropKqueueMacosX64 UP-TO-DATE
> Task :boingDemo:wasmJsProcessResources UP-TO-DATE
> Task :Trikeshed:transformNativeMainCInteropDependenciesMetadata UP-TO-DATE
> Task :Trikeshed:transformCommonMainDependenciesMetadata UP-TO-DATE
> Task :boingDemo:macosArm64ProcessResources UP-TO-DATE
> Task :Trikeshed:transformAppleMainCInteropDependenciesMetadata UP-TO-DATE
> Task :kotlinBinaryenSetup UP-TO-DATE
> Task :Trikeshed:transformNativeMainDependenciesMetadata UP-TO-DATE
> Task :Trikeshed:transformMacosMainCInteropDependenciesMetadata UP-TO-DATE
> Task :boingDemo:macosX64ProcessResources UP-TO-DATE
> Task :Trikeshed:transformAppleMainDependenciesMetadata UP-TO-DATE
> Task :Trikeshed:transformMacosMainDependenciesMetadata UP-TO-DATE
> Task :boingDemo:jvmProcessResources UP-TO-DATE
> Task :boingDemo:processJvmMainResources SKIPPED
> Task :boingDemo:metadataMacosMainProcessResources UP-TO-DATE
> Task :Trikeshed:metadataMacosMainProcessResources UP-TO-DATE
> Task :Trikeshed:metadataNativeMainProcessResources UP-TO-DATE
> Task :Trikeshed:metadataCommonMainProcessResources UP-TO-DATE
> Task :Trikeshed:metadataAppleMainProcessResources UP-TO-DATE
> Task :boingDemo:jvmTestProcessResources NO-SOURCE
> Task :boingDemo:processJvmTestResources SKIPPED
> Task :fiduciary:checkKotlinGradlePluginConfigurationErrors SKIPPED
> Task :boingDemo:wasmJsTestProcessResources NO-SOURCE
> Task :kotlinRestoreYarnLock UP-TO-DATE
> Task :Trikeshed:jvmProcessResources UP-TO-DATE
> Task :Trikeshed:processJvmMainResources SKIPPED
> Task :fiduciary:metadataCommonMainProcessResources NO-SOURCE
> Task :fiduciary:generateProjectStructureMetadata UP-TO-DATE
> Task :fiduciary:commonizeNativeDistribution UP-TO-DATE
> Task :fiduciary:metadataNativeMainProcessResources NO-SOURCE
> Task :fiduciary:metadataAppleMainProcessResources NO-SOURCE
> Task :kotlinNpmCachesSetup
> Task :fiduciary:wasmJsProcessResources NO-SOURCE
> Task :fiduciary:jvmProcessResources NO-SOURCE
> Task :fiduciary:processJvmMainResources SKIPPED
> Task :fiduciary:macosArm64ProcessResources NO-SOURCE
> Task :fiduciary:macosX64ProcessResources NO-SOURCE
> Task :fiduciary:metadataMacosMainProcessResources NO-SOURCE
> Task :fiduciary:jvmTestProcessResources NO-SOURCE
> Task :flatton:checkKotlinGradlePluginConfigurationErrors SKIPPED
> Task :fiduciary:wasmJsTestProcessResources NO-SOURCE
> Task :fiduciary:processJvmTestResources SKIPPED
> Task :flatton:metadataCommonMainProcessResources NO-SOURCE
> Task :flatton:metadataNativeMainProcessResources NO-SOURCE
> Task :flatton:wasmJsProcessResources NO-SOURCE
> Task :flatton:metadataAppleMainProcessResources NO-SOURCE
> Task :flatton:commonizeNativeDistribution UP-TO-DATE
> Task :flatton:macosArm64ProcessResources NO-SOURCE
> Task :flatton:macosX64ProcessResources NO-SOURCE
> Task :flatton:jvmProcessResources NO-SOURCE
> Task :flatton:metadataMacosMainProcessResources NO-SOURCE
> Task :flatton:processJvmMainResources SKIPPED
> Task :flatton:jvmTestProcessResources NO-SOURCE
> Task :k2script:checkKotlinGradlePluginConfigurationErrors SKIPPED
> Task :flatton:processJvmTestResources SKIPPED
> Task :flatton:wasmJsTestProcessResources NO-SOURCE
> Task :k2script:metadataCommonMainProcessResources NO-SOURCE
> Task :k2script:generateProjectStructureMetadata UP-TO-DATE
> Task :k2script:commonizeNativeDistribution UP-TO-DATE
> Task :k2script:metadataNativeMainProcessResources NO-SOURCE
> Task :k2script:metadataAppleMainProcessResources NO-SOURCE
> Task :k2script:wasmJsProcessResources NO-SOURCE
> Task :k2script:macosArm64ProcessResources NO-SOURCE
> Task :k2script:jvmProcessResources NO-SOURCE
> Task :k2script:macosX64ProcessResources NO-SOURCE
> Task :k2script:processJvmMainResources SKIPPED
> Task :k2script:metadataMacosMainProcessResources NO-SOURCE
> Task :k2script:jvmTestProcessResources NO-SOURCE
> Task :k2script:processJvmTestResources SKIPPED
> Task :k2script:wasmJsTestProcessResources NO-SOURCE
> Task :Trikeshed:wasmJsPackageJson UP-TO-DATE
> Task :kotlin-entity-scanner:checkKotlinGradlePluginConfigurationErrors SKIPPED
> Task :kotlin-entity-scanner:metadataCommonMainProcessResources NO-SOURCE
> Task :kotlin-entity-scanner:generateProjectStructureMetadata UP-TO-DATE
> Task :boingDemo:wasmJsPackageJson UP-TO-DATE
> Task :flatton:wasmJsPackageJson UP-TO-DATE
> Task :fiduciary:wasmJsPackageJson UP-TO-DATE
> Task :k2script:wasmJsPackageJson UP-TO-DATE
> Task :fiduciary:wasmJsTestPackageJson UP-TO-DATE
> Task :flatton:wasmJsTestPackageJson UP-TO-DATE
> Task :boingDemo:wasmJsTestPackageJson UP-TO-DATE
> Task :k2script:wasmJsTestPackageJson UP-TO-DATE
> Task :kotlin-entity-scanner:wasmJsPackageJson UP-TO-DATE
> Task :moneyfan:wasmJsPackageJson UP-TO-DATE
> Task :kotlinx-serialization-scanner:wasmJsPackageJson UP-TO-DATE
> Task :kotlinx-serialization-wireproto:wasmJsPackageJson UP-TO-DATE
> Task :moneyfan:wasmJsTestPackageJson UP-TO-DATE
> Task :kotlin-entity-scanner:wasmJsTestPackageJson UP-TO-DATE
> Task :kotlinx-serialization-scanner:wasmJsTestPackageJson UP-TO-DATE
> Task :kotlinx-serialization-wireproto:wasmJsTestPackageJson UP-TO-DATE
> Task :ta4k:wasmJsPackageJson UP-TO-DATE
> Task :spacegraph:wasmJsPackageJson UP-TO-DATE
> Task :SSH:wasmJsPackageJson UP-TO-DATE
> Task :ta4k:wasmJsTestPackageJson UP-TO-DATE
> Task :SSH:wasmJsTestPackageJson UP-TO-DATE
> Task :spacegraph:wasmJsTestPackageJson UP-TO-DATE
> Task :Trikeshed:wasmJsTestPackageJson UP-TO-DATE
> Task :zlib-kmp-reference:wasmJsPackageJson UP-TO-DATE
> Task :flatton:generateProjectStructureMetadata UP-TO-DATE
> Task :zlib-kmp-reference:wasmJsTestPackageJson UP-TO-DATE
> Task :fiduciary:wasmJsPublicPackageJson UP-TO-DATE
> Task :fiduciary:wasmJsTestPublicPackageJson UP-TO-DATE
> Task :boingDemo:wasmJsPublicPackageJson UP-TO-DATE
> Task :boingDemo:wasmJsTestPublicPackageJson UP-TO-DATE
> Task :k2script:wasmJsTestPublicPackageJson UP-TO-DATE
> Task :k2script:wasmJsPublicPackageJson UP-TO-DATE
> Task :flatton:wasmJsPublicPackageJson UP-TO-DATE
> Task :rtsgame:wasmJsPackageJson UP-TO-DATE
> Task :flatton:wasmJsTestPublicPackageJson UP-TO-DATE
> Task :kotlinx-serialization-scanner:wasmJsPublicPackageJson UP-TO-DATE
> Task :kotlin-entity-scanner:wasmJsPublicPackageJson UP-TO-DATE
> Task :kotlin-entity-scanner:wasmJsTestPublicPackageJson UP-TO-DATE
> Task :rtsgame:wasmJsTestPackageJson UP-TO-DATE
> Task :kotlinx-serialization-scanner:wasmJsTestPublicPackageJson UP-TO-DATE
> Task :moneyfan:wasmJsTestPublicPackageJson UP-TO-DATE
> Task :kotlinx-serialization-wireproto:wasmJsPublicPackageJson UP-TO-DATE
> Task :rtsgame:wasmJsPublicPackageJson UP-TO-DATE
> Task :kotlinx-serialization-wireproto:wasmJsTestPublicPackageJson UP-TO-DATE
> Task :moneyfan:wasmJsPublicPackageJson UP-TO-DATE
> Task :SSH:wasmJsPublicPackageJson UP-TO-DATE
> Task :SSH:wasmJsTestPublicPackageJson UP-TO-DATE
> Task :spacegraph:wasmJsTestPublicPackageJson UP-TO-DATE
> Task :rtsgame:wasmJsTestPublicPackageJson UP-TO-DATE
> Task :spacegraph:wasmJsPublicPackageJson UP-TO-DATE
> Task :Trikeshed:wasmJsPublicPackageJson UP-TO-DATE
> Task :ta4k:wasmJsPublicPackageJson UP-TO-DATE
> Task :Trikeshed:wasmJsTestPublicPackageJson UP-TO-DATE
> Task :zlib-kmp-reference:wasmJsPublicPackageJson UP-TO-DATE
> Task :ta4k:wasmJsTestPublicPackageJson UP-TO-DATE
> Task :kotlin-entity-scanner:metadataAppleMainProcessResources NO-SOURCE
> Task :kotlin-entity-scanner:metadataNativeMainProcessResources NO-SOURCE
> Task :kotlin-entity-scanner:wasmJsProcessResources NO-SOURCE
> Task :kotlin-entity-scanner:commonizeNativeDistribution UP-TO-DATE
> Task :kotlin-entity-scanner:macosX64ProcessResources NO-SOURCE
> Task :zlib-kmp-reference:wasmJsTestPublicPackageJson UP-TO-DATE
> Task :kotlin-entity-scanner:macosArm64ProcessResources NO-SOURCE
> Task :kotlin-entity-scanner:jvmProcessResources NO-SOURCE
> Task :kotlin-entity-scanner:processJvmMainResources SKIPPED
> Task :packageJsonUmbrella UP-TO-DATE
> Task :kotlin-entity-scanner:metadataMacosMainProcessResources NO-SOURCE
> Task :kotlin-entity-scanner:jvmTestProcessResources NO-SOURCE
> Task :kotlin-entity-scanner:wasmJsTestProcessResources NO-SOURCE
> Task :kotlin-entity-scanner:processJvmTestResources SKIPPED
> Task :kotlinx-serialization-scanner:checkKotlinGradlePluginConfigurationErrors SKIPPED
> Task :kotlinx-serialization-scanner:metadataCommonMainProcessResources NO-SOURCE
> Task :kotlinx-serialization-scanner:metadataNativeMainProcessResources NO-SOURCE
> Task :kotlinx-serialization-scanner:commonizeNativeDistribution UP-TO-DATE
> Task :kotlinx-serialization-scanner:generateProjectStructureMetadata UP-TO-DATE
> Task :kotlinx-serialization-scanner:metadataAppleMainProcessResources NO-SOURCE
> Task :kotlinx-serialization-scanner:wasmJsProcessResources NO-SOURCE
> Task :kotlinx-serialization-scanner:macosX64ProcessResources NO-SOURCE
> Task :kotlinx-serialization-scanner:jvmProcessResources NO-SOURCE
> Task :kotlinx-serialization-scanner:metadataMacosMainProcessResources NO-SOURCE
> Task :kotlinx-serialization-scanner:macosArm64ProcessResources NO-SOURCE
> Task :rootPackageJson UP-TO-DATE
> Task :kotlinx-serialization-scanner:processJvmMainResources SKIPPED
> Task :kotlinx-serialization-wireproto:checkKotlinGradlePluginConfigurationErrors SKIPPED
> Task :kotlinx-serialization-scanner:jvmTestProcessResources NO-SOURCE
> Task :kotlinx-serialization-scanner:wasmJsTestProcessResources NO-SOURCE
> Task :kotlinx-serialization-scanner:processJvmTestResources SKIPPED
> Task :kotlinx-serialization-wireproto:metadataNativeMainProcessResources NO-SOURCE
> Task :kotlinx-serialization-wireproto:metadataCommonMainProcessResources NO-SOURCE
> Task :kotlinx-serialization-wireproto:metadataAppleMainProcessResources NO-SOURCE
> Task :kotlinx-serialization-wireproto:commonizeNativeDistribution UP-TO-DATE
> Task :kotlinx-serialization-wireproto:macosArm64ProcessResources NO-SOURCE
> Task :kotlinx-serialization-wireproto:generateProjectStructureMetadata UP-TO-DATE
> Task :kotlinx-serialization-wireproto:wasmJsProcessResources NO-SOURCE
> Task :kotlinx-serialization-wireproto:metadataMacosMainProcessResources NO-SOURCE
> Task :kotlinx-serialization-wireproto:macosX64ProcessResources NO-SOURCE
> Task :kotlinx-serialization-wireproto:jvmProcessResources NO-SOURCE
> Task :kotlinx-serialization-wireproto:jvmTestProcessResources NO-SOURCE
> Task :moneyfan:checkKotlinGradlePluginConfigurationErrors SKIPPED
> Task :kotlinx-serialization-wireproto:processJvmMainResources SKIPPED
> Task :kotlinx-serialization-wireproto:wasmJsTestProcessResources NO-SOURCE
> Task :kotlinx-serialization-wireproto:processJvmTestResources SKIPPED
> Task :moneyfan:metadataCommonMainProcessResources NO-SOURCE
> Task :moneyfan:metadataAppleMainProcessResources NO-SOURCE
> Task :moneyfan:metadataNativeMainProcessResources NO-SOURCE
> Task :moneyfan:commonizeNativeDistribution UP-TO-DATE
> Task :moneyfan:generateProjectStructureMetadata UP-TO-DATE
> Task :moneyfan:wasmJsProcessResources NO-SOURCE
> Task :moneyfan:macosArm64ProcessResources NO-SOURCE
> Task :moneyfan:macosX64ProcessResources NO-SOURCE
> Task :moneyfan:metadataMacosMainProcessResources NO-SOURCE
> Task :moneyfan:jvmProcessResources NO-SOURCE
> Task :moneyfan:jvmTestProcessResources NO-SOURCE
> Task :moneyfan:wasmJsTestProcessResources NO-SOURCE
> Task :moneyfan:processJvmMainResources SKIPPED
> Task :moneyfan:processJvmTestResources SKIPPED
> Task :nexus:checkKotlinGradlePluginConfigurationErrors SKIPPED
> Task :nexus:metadataCommonMainProcessResources NO-SOURCE
> Task :nexus:metadataAppleMainProcessResources NO-SOURCE
> Task :nexus:metadataNativeMainProcessResources NO-SOURCE
> Task :nexus:commonizeNativeDistribution UP-TO-DATE
> Task :nexus:generateProjectStructureMetadata UP-TO-DATE
> Task :nexus:wasmJsProcessResources NO-SOURCE
> Task :nexus:macosArm64ProcessResources NO-SOURCE
> Task :nexus:macosX64ProcessResources NO-SOURCE
> Task :nexus:jvmProcessResources NO-SOURCE
> Task :nexus:metadataMacosMainProcessResources NO-SOURCE
> Task :rtsgame:checkKotlinGradlePluginConfigurationErrors SKIPPED
> Task :nexus:processJvmMainResources SKIPPED
> Task :nexus:wasmJsTest NO-SOURCE
> Task :rtsgame:metadataCommonMainProcessResources NO-SOURCE
> Task :nexus:jvmTestProcessResources UP-TO-DATE
> Task :rtsgame:macosArm64ProcessResources NO-SOURCE
> Task :nexus:processJvmTestResources SKIPPED
> Task :rtsgame:generateProjectStructureMetadata UP-TO-DATE
> Task :rtsgame:jvmProcessResources NO-SOURCE
> Task :rtsgame:processJvmMainResources SKIPPED
> Task :rtsgame:jvmTestProcessResources NO-SOURCE
> Task :rtsgame:processJvmTestResources SKIPPED
> Task :rtsgame:wasmJsTestProcessResources NO-SOURCE
> Task :spacegraph:checkKotlinGradlePluginConfigurationErrors SKIPPED
> Task :rtsgame:macosX64MetadataElements UP-TO-DATE
> Task :rtsgame:macosArm64MetadataElements UP-TO-DATE
> Task :rtsgame:wasmJsProcessResources UP-TO-DATE
> Task :spacegraph:generateProjectStructureMetadata UP-TO-DATE
> Task :spacegraph:commonizeNativeDistribution UP-TO-DATE
> Task :spacegraph:metadataCommonMainProcessResources UP-TO-DATE
> Task :spacegraph:metadataNativeMainProcessResources UP-TO-DATE
> Task :spacegraph:wasmJsProcessResources UP-TO-DATE
> Task :spacegraph:metadataAppleMainProcessResources UP-TO-DATE
> Task :spacegraph:jvmProcessResources UP-TO-DATE
> Task :spacegraph:processJvmMainResources SKIPPED
> Task :spacegraph:macosX64ProcessResources UP-TO-DATE
> Task :spacegraph:macosArm64ProcessResources UP-TO-DATE
> Task :spacegraph:metadataMacosMainProcessResources UP-TO-DATE
> Task :SSH:checkKotlinGradlePluginConfigurationErrors SKIPPED
> Task :spacegraph:jvmTestProcessResources NO-SOURCE
> Task :spacegraph:processJvmTestResources SKIPPED
> Task :SSH:metadataCommonMainProcessResources NO-SOURCE
> Task :SSH:metadataNativeMainProcessResources NO-SOURCE
> Task :SSH:commonizeNativeDistribution UP-TO-DATE
> Task :SSH:metadataAppleMainProcessResources NO-SOURCE
> Task :SSH:generateProjectStructureMetadata UP-TO-DATE
> Task :SSH:macosArm64ProcessResources NO-SOURCE
> Task :SSH:wasmJsProcessResources NO-SOURCE
> Task :SSH:jvmProcessResources NO-SOURCE
> Task :SSH:processJvmMainResources SKIPPED
> Task :SSH:metadataMacosMainProcessResources NO-SOURCE
> Task :SSH:macosX64ProcessResources NO-SOURCE
> Task :ta4k:checkKotlinGradlePluginConfigurationErrors SKIPPED
> Task :SSH:wasmJsTestProcessResources NO-SOURCE
> Task :SSH:jvmTestProcessResources NO-SOURCE
> Task :SSH:processJvmTestResources SKIPPED
> Task :ta4k:metadataCommonMainProcessResources NO-SOURCE
> Task :ta4k:commonizeNativeDistribution UP-TO-DATE
> Task :ta4k:metadataNativeMainProcessResources NO-SOURCE
> Task :ta4k:generateProjectStructureMetadata UP-TO-DATE
> Task :ta4k:metadataAppleMainProcessResources NO-SOURCE
> Task :ta4k:wasmJsProcessResources NO-SOURCE
> Task :ta4k:macosArm64ProcessResources NO-SOURCE
> Task :ta4k:macosX64ProcessResources NO-SOURCE
> Task :ta4k:jvmProcessResources NO-SOURCE
> Task :ta4k:metadataMacosMainProcessResources NO-SOURCE
> Task :ta4k:processJvmMainResources SKIPPED
> Task :ta4k:wasmJsTestProcessResources NO-SOURCE
> Task :ta4k:jvmTestProcessResources NO-SOURCE
> Task :ta4k:processJvmTestResources SKIPPED
> Task :Trikeshed:macosArm64Cinterop-kqueueKlib UP-TO-DATE
> Task :Trikeshed:macosX64Cinterop-kqueueKlib UP-TO-DATE
> Task :Trikeshed:macosX64ProcessResources UP-TO-DATE
> Task :Trikeshed:macosArm64ProcessResources UP-TO-DATE
> Task :Trikeshed:jvmTestProcessResources UP-TO-DATE
> Task :Trikeshed:wasmJsTestProcessResources UP-TO-DATE
> Task :Trikeshed:processJvmTestResources SKIPPED
> Task :zlib-kmp-reference:checkKotlinGradlePluginConfigurationErrors SKIPPED
> Task :zlib-kmp-reference:metadataCommonMainProcessResources NO-SOURCE
> Task :zlib-kmp-reference:generateProjectStructureMetadata UP-TO-DATE
> Task :zlib-kmp-reference:commonizeNativeDistribution UP-TO-DATE
> Task :zlib-kmp-reference:metadataNativeMainProcessResources NO-SOURCE
> Task :Trikeshed:wasmJsProcessResources UP-TO-DATE
> Task :zlib-kmp-reference:metadataAppleMainProcessResources NO-SOURCE
> Task :zlib-kmp-reference:macosArm64ProcessResources NO-SOURCE
> Task :zlib-kmp-reference:wasmJsProcessResources NO-SOURCE
> Task :zlib-kmp-reference:metadataMacosMainProcessResources NO-SOURCE
> Task :zlib-kmp-reference:jvmProcessResources NO-SOURCE
> Task :zlib-kmp-reference:macosX64ProcessResources NO-SOURCE
> Task :zlib-kmp-reference:processJvmMainResources SKIPPED
> Task :zlib-kmp-reference:jvmTestProcessResources NO-SOURCE
> Task :zlib-kmp-reference:processJvmTestResources SKIPPED
> Task :zlib-kmp-reference:wasmJsTestProcessResources NO-SOURCE
> Task :kotlinNodeJsSetup UP-TO-DATE
> Task :boingDemo:kotlinNodeJsSetup UP-TO-DATE
> Task :fiduciary:kotlinNodeJsSetup UP-TO-DATE
> Task :flatton:kotlinNodeJsSetup UP-TO-DATE
> Task :k2script:kotlinNodeJsSetup UP-TO-DATE
> Task :kotlin-entity-scanner:kotlinNodeJsSetup UP-TO-DATE
> Task :kotlinYarnSetup UP-TO-DATE
> Task :kotlinx-serialization-scanner:kotlinNodeJsSetup UP-TO-DATE
> Task :kotlinx-serialization-wireproto:kotlinNodeJsSetup UP-TO-DATE
> Task :moneyfan:kotlinNodeJsSetup UP-TO-DATE
> Task :rtsgame:kotlinNodeJsSetup UP-TO-DATE
> Task :spacegraph:kotlinNodeJsSetup UP-TO-DATE
> Task :rtsgame:macosX64ProcessResources NO-SOURCE
> Task :SSH:kotlinNodeJsSetup UP-TO-DATE
> Task :ta4k:kotlinNodeJsSetup UP-TO-DATE
> Task :spacegraph:wasmJsTestProcessResources NO-SOURCE
> Task :Trikeshed:kotlinNodeJsSetup UP-TO-DATE
> Task :zlib-kmp-reference:kotlinNodeJsSetup UP-TO-DATE

> Task :kotlinNpmInstall
(node:26366) [DEP0040] DeprecationWarning: The `punycode` module is deprecated. Please use a userland alternative instead.
(Use `node --trace-deprecation ...` to show where the warning was created)

> Task :Trikeshed:commonizeCInterop UP-TO-DATE

> Task :kotlinNpmInstall FAILED
error Couldn't find package "source-map-support@0.5.21" required by "superbikeshed-boingDemo-wasm-js@1.0.0-SNAPSHOT" on the "npm" registry.
Error: Couldn't find package "source-map-support@0.5.21" required by "superbikeshed-fiduciary-wasm-js@1.0.0-SNAPSHOT" on the "npm" registry.
    at MessageError.ExtendableBuiltin (/Users/jim/.gradle/yarn/yarn-v1.22.17/lib/cli.js:721:66)
    at new MessageError (/Users/jim/.gradle/yarn/yarn-v1.22.17/lib/cli.js:750:123)
    at PackageRequest.<anonymous> (/Users/jim/.gradle/yarn/yarn-v1.22.17/lib/cli.js:36582:17)
    at Generator.throw (<anonymous>)
    at step (/Users/jim/.gradle/yarn/yarn-v1.22.17/lib/cli.js:310:30)
    at /Users/jim/.gradle/yarn/yarn-v1.22.17/lib/cli.js:323:13
    at process.processTicksAndRejections (node:internal/process/task_queues:95:5)
Error: Couldn't find package "source-map-support@0.5.21" required by "superbikeshed-flatton-wasm-js@1.0.0-SNAPSHOT" on the "npm" registry.
    at MessageError.ExtendableBuiltin (/Users/jim/.gradle/yarn/yarn-v1.22.17/lib/cli.js:721:66)
    at new MessageError (/Users/jim/.gradle/yarn/yarn-v1.22.17/lib/cli.js:750:123)
    at PackageRequest.<anonymous> (/Users/jim/.gradle/yarn/yarn-v1.22.17/lib/cli.js:36582:17)
    at Generator.throw (<anonymous>)
    at step (/Users/jim/.gradle/yarn/yarn-v1.22.17/lib/cli.js:310:30)
    at /Users/jim/.gradle/yarn/yarn-v1.22.17/lib/cli.js:323:13
    at process.processTicksAndRejections (node:internal/process/task_queues:95:5)
Error: Couldn't find package "source-map-support@0.5.21" required by "superbikeshed-k2script-wasm-js@1.0.0-SNAPSHOT" on the "npm" registry.
    at MessageError.ExtendableBuiltin (/Users/jim/.gradle/yarn/yarn-v1.22.17/lib/cli.js:721:66)
    at new MessageError (/Users/jim/.gradle/yarn/yarn-v1.22.17/lib/cli.js:750:123)
    at PackageRequest.<anonymous> (/Users/jim/.gradle/yarn/yarn-v1.22.17/lib/cli.js:36582:17)
    at Generator.throw (<anonymous>)
    at step (/Users/jim/.gradle/yarn/yarn-v1.22.17/lib/cli.js:310:30)
    at /Users/jim/.gradle/yarn/yarn-v1.22.17/lib/cli.js:323:13
    at process.processTicksAndRejections (node:internal/process/task_queues:95:5)
Error: Couldn't find package "source-map-support@0.5.21" required by "superbikeshed-kotlin-entity-scanner-wasm-js@1.0.0-SNAPSHOT" on the "npm" registry.
    at MessageError.ExtendableBuiltin (/Users/jim/.gradle/yarn/yarn-v1.22.17/lib/cli.js:721:66)
    at new MessageError (/Users/jim/.gradle/yarn/yarn-v1.22.17/lib/cli.js:750:123)
    at PackageRequest.<anonymous> (/Users/jim/.gradle/yarn/yarn-v1.22.17/lib/cli.js:36582:17)
    at Generator.throw (<anonymous>)
    at step (/Users/jim/.gradle/yarn/yarn-v1.22.17/lib/cli.js:310:30)
    at /Users/jim/.gradle/yarn/yarn-v1.22.17/lib/cli.js:323:13
    at process.processTicksAndRejections (node:internal/process/task_queues:95:5)
Error: Couldn't find package "source-map-support@0.5.21" required by "superbikeshed-kotlinx-serialization-scanner-wasm-js@1.0.0-SNAPSHOT" on the "npm" registry.
    at MessageError.ExtendableBuiltin (/Users/jim/.gradle/yarn/yarn-v1.22.17/lib/cli.js:721:66)
    at new MessageError (/Users/jim/.gradle/yarn/yarn-v1.22.17/lib/cli.js:750:123)
    at PackageRequest.<anonymous> (/Users/jim/.gradle/yarn/yarn-v1.22.17/lib/cli.js:36582:17)
    at Generator.throw (<anonymous>)
    at step (/Users/jim/.gradle/yarn/yarn-v1.22.17/lib/cli.js:310:30)
    at /Users/jim/.gradle/yarn/yarn-v1.22.17/lib/cli.js:323:13
    at process.processTicksAndRejections (node:internal/process/task_queues:95:5)
Error: Couldn't find package "source-map-support@0.5.21" required by "superbikeshed-kotlinx-serialization-wireproto-wasm-js@1.0.0-SNAPSHOT" on the "npm" registry.
    at MessageError.ExtendableBuiltin (/Users/jim/.gradle/yarn/yarn-v1.22.17/lib/cli.js:721:66)
    at new MessageError (/Users/jim/.gradle/yarn/yarn-v1.22.17/lib/cli.js:750:123)
    at PackageRequest.<anonymous> (/Users/jim/.gradle/yarn/yarn-v1.22.17/lib/cli.js:36582:17)
    at Generator.throw (<anonymous>)
    at step (/Users/jim/.gradle/yarn/yarn-v1.22.17/lib/cli.js:310:30)
    at /Users/jim/.gradle/yarn/yarn-v1.22.17/lib/cli.js:323:13
    at process.processTicksAndRejections (node:internal/process/task_queues:95:5)
Error: Couldn't find package "source-map-support@0.5.21" required by "superbikeshed-moneyfan-wasm-js@1.0.0-SNAPSHOT" on the "npm" registry.
    at MessageError.ExtendableBuiltin (/Users/jim/.gradle/yarn/yarn-v1.22.17/lib/cli.js:721:66)
    at new MessageError (/Users/jim/.gradle/yarn/yarn-v1.22.17/lib/cli.js:750:123)
    at PackageRequest.<anonymous> (/Users/jim/.gradle/yarn/yarn-v1.22.17/lib/cli.js:36582:17)
    at Generator.throw (<anonymous>)
    at step (/Users/jim/.gradle/yarn/yarn-v1.22.17/lib/cli.js:310:30)
    at /Users/jim/.gradle/yarn/yarn-v1.22.17/lib/cli.js:323:13
    at process.processTicksAndRejections (node:internal/process/task_queues:95:5)
Error: Couldn't find package "source-map-support@0.5.21" required by "superbikeshed-rtsgame-wasm-js@1.0.0-SNAPSHOT" on the "npm" registry.
    at MessageError.ExtendableBuiltin (/Users/jim/.gradle/yarn/yarn-v1.22.17/lib/cli.js:721:66)
    at new MessageError (/Users/jim/.gradle/yarn/yarn-v1.22.17/lib/cli.js:750:123)
    at PackageRequest.<anonymous> (/Users/jim/.gradle/yarn/yarn-v1.22.17/lib/cli.js:36582:17)
    at Generator.throw (<anonymous>)
    at step (/Users/jim/.gradle/yarn/yarn-v1.22.17/lib/cli.js:310:30)
    at /Users/jim/.gradle/yarn/yarn-v1.22.17/lib/cli.js:323:13
    at process.processTicksAndRejections (node:internal/process/task_queues:95:5)
Error: Couldn't find package "source-map-support@0.5.21" required by "superbikeshed-spacegraph-wasm-js@1.0.0-SNAPSHOT" on the "npm" registry.
    at MessageError.ExtendableBuiltin (/Users/jim/.gradle/yarn/yarn-v1.22.17/lib/cli.js:721:66)
    at new MessageError (/Users/jim/.gradle/yarn/yarn-v1.22.17/lib/cli.js:750:123)
    at PackageRequest.<anonymous> (/Users/jim/.gradle/yarn/yarn-v1.22.17/lib/cli.js:36582:17)
    at Generator.throw (<anonymous>)
    at step (/Users/jim/.gradle/yarn/yarn-v1.22.17/lib/cli.js:310:30)
    at /Users/jim/.gradle/yarn/yarn-v1.22.17/lib/cli.js:323:13
    at process.processTicksAndRejections (node:internal/process/task_queues:95:5)
Error: Couldn't find package "source-map-support@0.5.21" required by "superbikeshed-SSH-wasm-js@1.0.0-SNAPSHOT" on the "npm" registry.
    at MessageError.ExtendableBuiltin (/Users/jim/.gradle/yarn/yarn-v1.22.17/lib/cli.js:721:66)
    at new MessageError (/Users/jim/.gradle/yarn/yarn-v1.22.17/lib/cli.js:750:123)
    at PackageRequest.<anonymous> (/Users/jim/.gradle/yarn/yarn-v1.22.17/lib/cli.js:36582:17)
    at Generator.throw (<anonymous>)
    at step (/Users/jim/.gradle/yarn/yarn-v1.22.17/lib/cli.js:310:30)
    at /Users/jim/.gradle/yarn/yarn-v1.22.17/lib/cli.js:323:13
    at process.processTicksAndRejections (node:internal/process/task_queues:95:5)
Error: Couldn't find package "source-map-support@0.5.21" required by "superbikeshed-ta4k-wasm-js@1.0.0-SNAPSHOT" on the "npm" registry.
    at MessageError.ExtendableBuiltin (/Users/jim/.gradle/yarn/yarn-v1.22.17/lib/cli.js:721:66)
    at new MessageError (/Users/jim/.gradle/yarn/yarn-v1.22.17/lib/cli.js:750:123)
    at PackageRequest.<anonymous> (/Users/jim/.gradle/yarn/yarn-v1.22.17/lib/cli.js:36582:17)
    at Generator.throw (<anonymous>)
    at step (/Users/jim/.gradle/yarn/yarn-v1.22.17/lib/cli.js:310:30)
    at /Users/jim/.gradle/yarn/yarn-v1.22.17/lib/cli.js:323:13
    at process.processTicksAndRejections (node:internal/process/task_queues:95:5)
Error: Couldn't find package "source-map-support@0.5.21" required by "superbikeshed-zlib-kmp-reference-wasm-js@1.0.0-SNAPSHOT" on the "npm" registry.
    at MessageError.ExtendableBuiltin (/Users/jim/.gradle/yarn/yarn-v1.22.17/lib/cli.js:721:66)
    at new MessageError (/Users/jim/.gradle/yarn/yarn-v1.22.17/lib/cli.js:750:123)
    at PackageRequest.<anonymous> (/Users/jim/.gradle/yarn/yarn-v1.22.17/lib/cli.js:36582:17)
    at Generator.throw (<anonymous>)
    at step (/Users/jim/.gradle/yarn/yarn-v1.22.17/lib/cli.js:310:30)
    at /Users/jim/.gradle/yarn/yarn-v1.22.17/lib/cli.js:323:13
    at process.processTicksAndRejections (node:internal/process/task_queues:95:5)

> Task :Trikeshed:compileKotlinWasmJs
e: file:///Users/jim/work/v2superbikeshed/Trikeshed/src/commonMain/kotlin/borg/trikeshed/Main.kt:7:27 Unresolved reference 'runBlocking'.
e: file:///Users/jim/work/v2superbikeshed/Trikeshed/src/commonMain/kotlin/borg/trikeshed/Main.kt:125:1 Conflicting overloads:
fun main(): Unit
e: file:///Users/jim/work/v2superbikeshed/Trikeshed/src/commonMain/kotlin/borg/trikeshed/Main.kt:125:14 Unresolved reference 'runBlocking'.
e: file:///Users/jim/work/v2superbikeshed/Trikeshed/src/commonMain/kotlin/borg/trikeshed/Main.kt:126:22 Suspend function 'suspend fun run(): Unit' can only be called from a coroutine or another suspend function.
e: file:///Users/jim/work/v2superbikeshed/Trikeshed/src/commonMain/kotlin/borg/trikeshed/MainRouter.kt:245:33 Unresolved reference 'runBlocking'.
e: file:///Users/jim/work/v2superbikeshed/Trikeshed/src/commonMain/kotlin/borg/trikeshed/MainRouter.kt:246:16 Suspend function 'suspend fun trikeshed(args: Array<String>, block: TrikeShedDsl.() -> Unit): Unit' can only be called from a coroutine or another suspend function.
e: file:///Users/jim/work/v2superbikeshed/Trikeshed/src/commonMain/kotlin/borg/trikeshed/MainRouter.kt:281:28 Unresolved reference. None of the following candidates is applicable because of a receiver type mismatch:
fun Join<Int, Function1<Int, Byte>>.toByteArray(): ByteArray
e: file:///Users/jim/work/v2superbikeshed/Trikeshed/src/commonMain/kotlin/borg/trikeshed/MainRouter.kt:294:28 Unresolved reference. None of the following candidates is applicable because of a receiver type mismatch:
fun Join<Int, Function1<Int, Byte>>.toByteArray(): ByteArray
e: file:///Users/jim/work/v2superbikeshed/Trikeshed/src/commonMain/kotlin/borg/trikeshed/SimpleMain.kt:4:1 Conflicting overloads:
fun main(): <ERROR TYPE REF: Unresolved name: runBlocking>
e: file:///Users/jim/work/v2superbikeshed/Trikeshed/src/commonMain/kotlin/borg/trikeshed/attention/InlineDoubleDispatch.kt:16:2 Unresolved reference 'JvmInline'.
e: file:///Users/jim/work/v2superbikeshed/Trikeshed/src/commonMain/kotlin/borg/trikeshed/attention/InlineDoubleDispatch.kt:17:2 Unresolved reference 'JvmInline'.
e: file:///Users/jim/work/v2superbikeshed/Trikeshed/src/commonMain/kotlin/borg/trikeshed/attention/InlineDoubleDispatch.kt:18:2 Unresolved reference 'JvmInline'.
e: file:///Users/jim/work/v2superbikeshed/Trikeshed/src/commonMain/kotlin/borg/trikeshed/attention/InlineDoubleDispatch.kt:21:2 Unresolved reference 'JvmInline'.
e: file:///Users/jim/work/v2superbikeshed/Trikeshed/src/commonMain/kotlin/borg/trikeshed/attention/InlineDoubleDispatch.kt:22:2 Unresolved reference 'JvmInline'.
e: file:///Users/jim/work/v2superbikeshed/Trikeshed/src/commonMain/kotlin/borg/trikeshed/attention/InlineDoubleDispatch.kt:23:2 Unresolved reference 'JvmInline'.
e: file:///Users/jim/work/v2superbikeshed/Trikeshed/src/commonMain/kotlin/borg/trikeshed/autovec/CryptoAutovec.kt:717:32 None of the following candidates is applicable:
fun <T> Join<Int, Function1<Int, Join<Any?, TypeMemento>>>.get(column: Column<T>): T?
fun <T : Any> JsReference<T>.get(): T
e: file:///Users/jim/work/v2superbikeshed/Trikeshed/src/commonMain/kotlin/borg/trikeshed/ccek/CCEK.kt:115:5 Unresolved reference 'coroutineContext'.
e: file:///Users/jim/work/v2superbikeshed/Trikeshed/src/commonMain/kotlin/borg/trikeshed/ccek/CCEK.kt:121:5 Unresolved reference 'coroutineContext'.
e: file:///Users/jim/work/v2superbikeshed/Trikeshed/src/commonMain/kotlin/borg/trikeshed/ccek/CCEK.kt:127:5 Unresolved reference 'coroutineContext'.
e: file:///Users/jim/work/v2superbikeshed/Trikeshed/src/commonMain/kotlin/borg/trikeshed/ccek/CCEK.kt:277:47 No parameter with name 'phase' found.
e: file:///Users/jim/work/v2superbikeshed/Trikeshed/src/commonMain/kotlin/borg/trikeshed/ccek/CCEK.kt:280:54 No parameter with name 'phase' found.
e: file:///Users/jim/work/v2superbikeshed/Trikeshed/src/commonMain/kotlin/borg/trikeshed/ccek/CCEK.kt:285:50 No parameter with name 'phase' found.
e: file:///Users/jim/work/v2superbikeshed/Trikeshed/src/commonMain/kotlin/borg/trikeshed/ccek/CCEK.kt:289:45 No parameter with name 'phase' found.
e: file:///Users/jim/work/v2superbikeshed/Trikeshed/src/commonMain/kotlin/borg/trikeshed/ccek/CCEK.kt:296:19 Unresolved reference 'constraints'.
e: file:///Users/jim/work/v2superbikeshed/Trikeshed/src/commonMain/kotlin/borg/trikeshed/ccek/CCEK.kt:296:41 Cannot infer type for this parameter. Specify it explicitly.
e: file:///Users/jim/work/v2superbikeshed/Trikeshed/src/commonMain/kotlin/borg/trikeshed/ccek/CCEK.kt:304:43 None of the following candidates is applicable:
fun <T, R : Comparable<R>> Array<out T>.sortedByDescending(crossinline selector: (T) -> R?): List<T>
fun <R : Comparable<R>> ByteArray.sortedByDescending(crossinline selector: (Byte) -> R?): List<Byte>
fun <R : Comparable<R>> ShortArray.sortedByDescending(crossinline selector: (Short) -> R?): List<Short>
fun <R : Comparable<R>> IntArray.sortedByDescending(crossinline selector: (Int) -> R?): List<Int>
fun <R : Comparable<R>> LongArray.sortedByDescending(crossinline selector: (Long) -> R?): List<Long>
fun <R : Comparable<R>> FloatArray.sortedByDescending(crossinline selector: (Float) -> R?): List<Float>
fun <R : Comparable<R>> DoubleArray.sortedByDescending(crossinline selector: (Double) -> R?): List<Double>
fun <R : Comparable<R>> BooleanArray.sortedByDescending(crossinline selector: (Boolean) -> R?): List<Boolean>
fun <R : Comparable<R>> CharArray.sortedByDescending(crossinline selector: (Char) -> R?): List<Char>
fun <T, R : Comparable<R>> Iterable<T>.sortedByDescending(crossinline selector: (T) -> R?): List<T>
fun <T, R : Comparable<R>> Sequence<T>.sortedByDescending(crossinline selector: (T) -> R?): Sequence<T>
e: file:///Users/jim/work/v2superbikeshed/Trikeshed/src/commonMain/kotlin/borg/trikeshed/ccek/CCEK.kt:304:64 Unresolved reference 'it'.
e: file:///Users/jim/work/v2superbikeshed/Trikeshed/src/commonMain/kotlin/borg/trikeshed/ccek/CCEK.kt:308:57 Unresolved reference 'condition'.
e: file:///Users/jim/work/v2superbikeshed/Trikeshed/src/commonMain/kotlin/borg/trikeshed/ccek/CCEK.kt:309:69 Unresolved reference 'action'.
e: file:///Users/jim/work/v2superbikeshed/Trikeshed/src/commonMain/kotlin/borg/trikeshed/ccek/CCEK.kt:321:65 Argument type mismatch: actual type is 'String?', but 'String' was expected.
e: file:///Users/jim/work/v2superbikeshed/Trikeshed/src/commonMain/kotlin/borg/trikeshed/ccek/CCEK.kt:499:31 No value passed for parameter 'executionId'.
e: file:///Users/jim/work/v2superbikeshed/Trikeshed/src/commonMain/kotlin/borg/trikeshed/ccek/CCEK.kt:514:44 Unresolved reference 'executeValidation'.
e: file:///Users/jim/work/v2superbikeshed/Trikeshed/src/commonMain/kotlin/borg/trikeshed/ccek/CCEK.kt:515:48 Unresolved reference 'executeTransformation'.
e: file:///Users/jim/work/v2superbikeshed/Trikeshed/src/commonMain/kotlin/borg/trikeshed/ccek/CCEK.kt:525:51 Unresolved reference 'serializeToJson'.
e: file:///Users/jim/work/v2superbikeshed/Trikeshed/src/commonMain/kotlin/borg/trikeshed/ccek/CCEK.kt:526:55 Unresolved reference 'serializeToProtobuf'.
e: file:///Users/jim/work/v2superbikeshed/Trikeshed/src/commonMain/kotlin/borg/trikeshed/ccek/CCEK.kt:527:53 Unresolved reference 'serializeCustom'.
e: file:///Users/jim/work/v2superbikeshed/Trikeshed/src/commonMain/kotlin/borg/trikeshed/ccek/CCEKChunkedDecodingChordSheet.kt:21:13 Argument type mismatch: actual type is 'ChunkParsingStrategy', but 'Function0<ChunkParsingStrategy>' was expected.
e: file:///Users/jim/work/v2superbikeshed/Trikeshed/src/commonMain/kotlin/borg/trikeshed/ccek/CCEKChunkedDecodingChordSheet.kt:35:13 Argument type mismatch: actual type is 'ChunkDecompressionStrategy', but 'Function0<ChunkDecompressionStrategy>' was expected.
e: file:///Users/jim/work/v2superbikeshed/Trikeshed/src/commonMain/kotlin/borg/trikeshed/ccek/CCEKChunkedDecodingChordSheet.kt:46:13 Argument type mismatch: actual type is 'ChunkValidationStrategy', but 'Function0<ChunkValidationStrategy>' was expected.
e: file:///Users/jim/work/v2superbikeshed/Trikeshed/src/commonMain/kotlin/borg/trikeshed/ccek/CCEKChunkedDecodingChordSheet.kt:60:13 Argument type mismatch: actual type is 'ChunkReassemblyStrategy', but 'Function0<ChunkReassemblyStrategy>' was expected.
e: file:///Users/jim/work/v2superbikeshed/Trikeshed/src/commonMain/kotlin/borg/trikeshed/ccek/CCEKChunkedDecodingChordSheet.kt:74:13 Argument type mismatch: actual type is 'ChunkErrorRecoveryStrategy', but 'Function0<ChunkErrorRecoveryStrategy>' was expected.
e: file:///Users/jim/work/v2superbikeshed/Trikeshed/src/commonMain/kotlin/borg/trikeshed/ccek/CCEKChunkedDecodingChordSheet.kt:91:18 Unresolved reference 'CoroutineContext'.
e: file:///Users/jim/work/v2superbikeshed/Trikeshed/src/commonMain/kotlin/borg/trikeshed/ccek/CCEKChunkedDecodingChordSheet.kt:91:49 Unresolved reference 'IO'.
e: file:///Users/jim/work/v2superbikeshed/Trikeshed/src/commonMain/kotlin/borg/trikeshed/ccek/CCEKChunkedDecodingChordSheet.kt:114:18 Unresolved reference 'CoroutineContext'.
e: file:///Users/jim/work/v2superbikeshed/Trikeshed/src/commonMain/kotlin/borg/trikeshed/ccek/CCEKChunkedDecodingChordSheet.kt:114:49 Unresolved reference 'IO'.
e: file:///Users/jim/work/v2superbikeshed/Trikeshed/src/commonMain/kotlin/borg/trikeshed/ccek/CCEKChunkedDecodingChordSheet.kt:131:11 Unresolved reference 'flowOn'.
e: file:///Users/jim/work/v2superbikeshed/Trikeshed/src/commonMain/kotlin/borg/trikeshed/ccek/CCEKChunkedDecodingChordSheet.kt:139:18 Unresolved reference 'CoroutineContext'.
e: file:///Users/jim/work/v2superbikeshed/Trikeshed/src/commonMain/kotlin/borg/trikeshed/ccek/CCEKChunkedDecodingChordSheet.kt:139:49 Unresolved reference 'IO'.
e: file:///Users/jim/work/v2superbikeshed/Trikeshed/src/commonMain/kotlin/borg/trikeshed/ccek/CCEKChunkedDecodingChordSheet.kt:160:18 Unresolved reference 'CoroutineContext'.
e: file:///Users/jim/work/v2superbikeshed/Trikeshed/src/commonMain/kotlin/borg/trikeshed/ccek/CCEKChunkedDecodingChordSheet.kt:160:49 Unresolved reference 'IO'.
e: file:///Users/jim/work/v2superbikeshed/Trikeshed/src/commonMain/kotlin/borg/trikeshed/ccek/CCEKChunkedDecodingChordSheet.kt:181:18 Unresolved reference 'CoroutineContext'.
e: file:///Users/jim/work/v2superbikeshed/Trikeshed/src/commonMain/kotlin/borg/trikeshed/ccek/CCEKChunkedDecodingChordSheet.kt:181:49 Unresolved reference 'IO'.
e: file:///Users/jim/work/v2superbikeshed/Trikeshed/src/commonMain/kotlin/borg/trikeshed/ccek/CCEKChunkedDecodingChordSheet.kt:202:18 Unresolved reference 'CoroutineContext'.
e: file:///Users/jim/work/v2superbikeshed/Trikeshed/src/commonMain/kotlin/borg/trikeshed/ccek/CCEKChunkedDecodingChordSheet.kt:202:49 Unresolved reference 'IO'.
e: file:///Users/jim/work/v2superbikeshed/Trikeshed/src/commonMain/kotlin/borg/trikeshed/ccek/CCEKChunkedDecodingChordSheet.kt:210:37 None of the following candidates is applicable:
fun <T> Iterable<T>.forEach(action: (T) -> Unit): Unit
fun <K, V> Map<out K, V>.forEach(action: (Map.Entry<K, V>) -> Unit): Unit
e: file:///Users/jim/work/v2superbikeshed/Trikeshed/src/commonMain/kotlin/borg/trikeshed/ccek/CCEKChunkedDecodingChordSheet.kt:210:47 Cannot infer type for this parameter. Specify it explicitly.
e: file:///Users/jim/work/v2superbikeshed/Trikeshed/src/commonMain/kotlin/borg/trikeshed/ccek/CCEKChunkedDecodingChordSheet.kt:211:33 Suspension functions can only be called within coroutine body.
e: file:///Users/jim/work/v2superbikeshed/Trikeshed/src/commonMain/kotlin/borg/trikeshed/ccek/CCEKChunkedDecodingChordSheet.kt:219:11 Unresolved reference 'flowOn'.
e: file:///Users/jim/work/v2superbikeshed/Trikeshed/src/commonMain/kotlin/borg/trikeshed/ccek/CCEKChunkedDecodingChordSheet.kt:236:47 Cannot infer type for this parameter. Specify it explicitly.
e: file:///Users/jim/work/v2superbikeshed/Trikeshed/src/commonMain/kotlin/borg/trikeshed/ccek/CCEKChunkedDecodingChordSheet.kt:236:47 Not enough information to infer type argument for 'B'.
e: file:///Users/jim/work/v2superbikeshed/Trikeshed/src/commonMain/kotlin/borg/trikeshed/ccek/CCEKChunkedDecodingChordSheet.kt:236:51 Cannot infer type for this parameter. Specify it explicitly.
e: file:///Users/jim/work/v2superbikeshed/Trikeshed/src/commonMain/kotlin/borg/trikeshed/ccek/CCEKChunkedDecodingChordSheet.kt:239:40 Suspension functions can only be called within coroutine body.
e: file:///Users/jim/work/v2superbikeshed/Trikeshed/src/commonMain/kotlin/borg/trikeshed/ccek/CCEKChunkedDecodingChordSheet.kt:244:58 Cannot infer type for this parameter. Specify it explicitly.
e: file:///Users/jim/work/v2superbikeshed/Trikeshed/src/commonMain/kotlin/borg/trikeshed/ccek/CCEKChunkedDecodingChordSheet.kt:244:58 Not enough information to infer type argument for 'B'.
e: file:///Users/jim/work/v2superbikeshed/Trikeshed/src/commonMain/kotlin/borg/trikeshed/ccek/CCEKChunkedDecodingChordSheet.kt:244:62 Cannot infer type for this parameter. Specify it explicitly.
e: file:///Users/jim/work/v2superbikeshed/Trikeshed/src/commonMain/kotlin/borg/trikeshed/ccek/CCEKChunkedDecodingChordSheet.kt:245:48 Expression 'b' of type 'ERROR CLASS: Cannot infer argument for type parameter B' cannot be invoked as a function. Function 'invoke()' is not found.
e: file:///Users/jim/work/v2superbikeshed/Trikeshed/src/commonMain/kotlin/borg/trikeshed/ccek/CCEKChunkedDecodingChordSheet.kt:250:54 Cannot infer type for this parameter. Specify it explicitly.
e: file:///Users/jim/work/v2superbikeshed/Trikeshed/src/commonMain/kotlin/borg/trikeshed/ccek/CCEKChunkedDecodingChordSheet.kt:250:54 Not enough information to infer type argument for 'T'.
e: file:///Users/jim/work/v2superbikeshed/Trikeshed/src/commonMain/kotlin/borg/trikeshed/ccek/CCEKChunkedDecodingChordSheet.kt:250:61 Cannot infer type for this parameter. Specify it explicitly.
e: file:///Users/jim/work/v2superbikeshed/Trikeshed/src/commonMain/kotlin/borg/trikeshed/ccek/CCEKChunkedDecodingChordSheet.kt:252:91 Cannot infer type for this parameter. Specify it explicitly.
e: file:///Users/jim/work/v2superbikeshed/Trikeshed/src/commonMain/kotlin/borg/trikeshed/ccek/CCEKChunkedDecodingChordSheet.kt:252:91 Not enough information to infer type argument for 'T'.
e: file:///Users/jim/work/v2superbikeshed/Trikeshed/src/commonMain/kotlin/borg/trikeshed/ccek/CCEKChunkedDecodingChordSheet.kt:299:45 Argument type mismatch: actual type is 'Int', but 'IntRange' was expected.
e: file:///Users/jim/work/v2superbikeshed/Trikeshed/src/commonMain/kotlin/borg/trikeshed/ccek/CCEKChunkedDecodingChordSheet.kt:299:53 Too many arguments for 'fun <T> Join<Int, Function1<Int, T>>.slice(range: IntRange): Join<Int, Function1<Int, T>>'.
e: file:///Users/jim/work/v2superbikeshed/Trikeshed/src/commonMain/kotlin/borg/trikeshed/ccek/CCEKChunkedDecodingChordSheet.kt:299:71 Unresolved reference 'Charsets'.
e: file:///Users/jim/work/v2superbikeshed/Trikeshed/src/commonMain/kotlin/borg/trikeshed/ccek/CCEKChunkedDecodingChordSheet.kt:299:71 Too many arguments for 'fun toString(): String'.
e: file:///Users/jim/work/v2superbikeshed/Trikeshed/src/commonMain/kotlin/borg/trikeshed/ccek/CCEKChunkedDecodingChordSheet.kt:312:47 Argument type mismatch: actual type is 'Int', but 'IntRange' was expected.
e: file:///Users/jim/work/v2superbikeshed/Trikeshed/src/commonMain/kotlin/borg/trikeshed/ccek/CCEKChunkedDecodingChordSheet.kt:312:58 Too many arguments for 'fun <T> Join<Int, Function1<Int, T>>.slice(range: IntRange): Join<Int, Function1<Int, T>>'.
e: file:///Users/jim/work/v2superbikeshed/Trikeshed/src/commonMain/kotlin/borg/trikeshed/ccek/CCEKChunkedDecodingChordSheet.kt:343:63 Unresolved reference 'ZSTD'.
e: file:///Users/jim/work/v2superbikeshed/Trikeshed/src/commonMain/kotlin/borg/trikeshed/ccek/CCEKChunkedDecodingChordSheet.kt:344:62 Unresolved reference 'LZ4'.
e: file:///Users/jim/work/v2superbikeshed/Trikeshed/src/commonMain/kotlin/borg/trikeshed/ccek/CCEKChunkedDecodingChordSheet.kt:359:32 None of the following candidates is applicable:
fun <T> Array<out T>.sumOf(selector: (T) -> Double): Double
fun ByteArray.sumOf(selector: (Byte) -> Double): Double
fun ShortArray.sumOf(selector: (Short) -> Double): Double
fun IntArray.sumOf(selector: (Int) -> Double): Double
fun LongArray.sumOf(selector: (Long) -> Double): Double
fun FloatArray.sumOf(selector: (Float) -> Double): Double
fun DoubleArray.sumOf(selector: (Double) -> Double): Double
fun BooleanArray.sumOf(selector: (Boolean) -> Double): Double
fun CharArray.sumOf(selector: (Char) -> Double): Double
fun <T> Array<out T>.sumOf(selector: (T) -> Int): Int
fun ByteArray.sumOf(selector: (Byte) -> Int): Int
fun ShortArray.sumOf(selector: (Short) -> Int): Int
fun IntArray.sumOf(selector: (Int) -> Int): Int
fun LongArray.sumOf(selector: (Long) -> Int): Int
fun FloatArray.sumOf(selector: (Float) -> Int): Int
fun DoubleArray.sumOf(selector: (Double) -> Int): Int
fun BooleanArray.sumOf(selector: (Boolean) -> Int): Int
fun CharArray.sumOf(selector: (Char) -> Int): Int
fun <T> Array<out T>.sumOf(selector: (T) -> Long): Long
fun ByteArray.sumOf(selector: (Byte) -> Long): Long
fun ShortArray.sumOf(selector: (Short) -> Long): Long
fun IntArray.sumOf(selector: (Int) -> Long): Long
fun LongArray.sumOf(selector: (Long) -> Long): Long
fun FloatArray.sumOf(selector: (Float) -> Long): Long
fun DoubleArray.sumOf(selector: (Double) -> Long): Long
fun BooleanArray.sumOf(selector: (Boolean) -> Long): Long
fun CharArray.sumOf(selector: (Char) -> Long): Long
fun <T> Array<out T>.sumOf(selector: (T) -> UInt): UInt
fun ByteArray.sumOf(selector: (Byte) -> UInt): UInt
fun ShortArray.sumOf(selector: (Short) -> UInt): UInt
fun IntArray.sumOf(selector: (Int) -> UInt): UInt
fun LongArray.sumOf(selector: (Long) -> UInt): UInt
fun FloatArray.sumOf(selector: (Float) -> UInt): UInt
fun DoubleArray.sumOf(selector: (Double) -> UInt): UInt
fun BooleanArray.sumOf(selector: (Boolean) -> UInt): UInt
fun CharArray.sumOf(selector: (Char) -> UInt): UInt
fun <T> Array<out T>.sumOf(selector: (T) -> ULong): ULong
fun ByteArray.sumOf(selector: (Byte) -> ULong): ULong
fun ShortArray.sumOf(selector: (Short) -> ULong): ULong
fun IntArray.sumOf(selector: (Int) -> ULong): ULong
fun LongArray.sumOf(selector: (Long) -> ULong): ULong
fun FloatArray.sumOf(selector: (Float) -> ULong): ULong
fun DoubleArray.sumOf(selector: (Double) -> ULong): ULong
fun BooleanArray.sumOf(selector: (Boolean) -> ULong): ULong
fun CharArray.sumOf(selector: (Char) -> ULong): ULong
fun <T> Iterable<T>.sumOf(selector: (T) -> Double): Double
fun <T> Iterable<T>.sumOf(selector: (T) -> Int): Int
fun <T> Iterable<T>.sumOf(selector: (T) -> Long): Long
fun <T> Iterable<T>.sumOf(selector: (T) -> UInt): UInt
fun <T> Iterable<T>.sumOf(selector: (T) -> ULong): ULong
fun UIntArray.sumOf(selector: (UInt) -> Double): Double
fun ULongArray.sumOf(selector: (ULong) -> Double): Double
fun UByteArray.sumOf(selector: (UByte) -> Double): Double
fun UShortArray.sumOf(selector: (UShort) -> Double): Double
fun UIntArray.sumOf(selector: (UInt) -> Int): Int
fun ULongArray.sumOf(selector: (ULong) -> Int): Int
fun UByteArray.sumOf(selector: (UByte) -> Int): Int
fun UShortArray.sumOf(selector: (UShort) -> Int): Int
fun UIntArray.sumOf(selector: (UInt) -> Long): Long
fun ULongArray.sumOf(selector: (ULong) -> Long): Long
fun UByteArray.sumOf(selector: (UByte) -> Long): Long
fun UShortArray.sumOf(selector: (UShort) -> Long): Long
fun UIntArray.sumOf(selector: (UInt) -> UInt): UInt
fun ULongArray.sumOf(selector: (ULong) -> UInt): UInt
fun UByteArray.sumOf(selector: (UByte) -> UInt): UInt
fun UShortArray.sumOf(selector: (UShort) -> UInt): UInt
fun UIntArray.sumOf(selector: (UInt) -> ULong): ULong
fun ULongArray.sumOf(selector: (ULong) -> ULong): ULong
fun UByteArray.sumOf(selector: (UByte) -> ULong): ULong
fun UShortArray.sumOf(selector: (UShort) -> ULong): ULong
fun <T> Sequence<T>.sumOf(selector: (T) -> Double): Double
fun <T> Sequence<T>.sumOf(selector: (T) -> Int): Int
fun <T> Sequence<T>.sumOf(selector: (T) -> Long): Long
fun <T> Sequence<T>.sumOf(selector: (T) -> UInt): UInt
fun <T> Sequence<T>.sumOf(selector: (T) -> ULong): ULong
fun CharSequence.sumOf(selector: (Char) -> Double): Double
fun CharSequence.sumOf(selector: (Char) -> Int): Int
fun CharSequence.sumOf(selector: (Char) -> Long): Long
fun CharSequence.sumOf(selector: (Char) -> UInt): UInt
fun CharSequence.sumOf(selector: (Char) -> ULong): ULong
e: file:///Users/jim/work/v2superbikeshed/Trikeshed/src/commonMain/kotlin/borg/trikeshed/ccek/CCEKChunkedDecodingChordSheet.kt:359:40 Unresolved reference 'it'.
e: file:///Users/jim/work/v2superbikeshed/Trikeshed/src/commonMain/kotlin/borg/trikeshed/ccek/CCEKChunkedDecodingChordSheet.kt:359:48 Cannot infer type for this parameter. Specify it explicitly.
e: file:///Users/jim/work/v2superbikeshed/Trikeshed/src/commonMain/kotlin/borg/trikeshed/ccek/CCEKChunkedDecodingChordSheet.kt:367:26 Cannot infer type for this parameter. Specify it explicitly.
e: file:///Users/jim/work/v2superbikeshed/Trikeshed/src/commonMain/kotlin/borg/trikeshed/ccek/CCEKChunkedDecodingChordSheet.kt:367:26 Unresolved reference. None of the following candidates is applicable because of a receiver type mismatch:
fun <A, B> A.j(b: B): Join<A, B>
e: file:///Users/jim/work/v2superbikeshed/Trikeshed/src/commonMain/kotlin/borg/trikeshed/ccek/CCEKChunkedDecodingChordSheet.kt:367:30 Cannot infer type for this parameter. Specify it explicitly.
e: file:///Users/jim/work/v2superbikeshed/Trikeshed/src/commonMain/kotlin/borg/trikeshed/ccek/CCEKChunkedDecodingChordSheet.kt:372:63 No value passed for parameter 'a'.
e: file:///Users/jim/work/v2superbikeshed/Trikeshed/src/commonMain/kotlin/borg/trikeshed/ccek/CCEKChunkedDecodingChordSheet.kt:372:63 No value passed for parameter 'b'.
e: file:///Users/jim/work/v2superbikeshed/Trikeshed/src/commonMain/kotlin/borg/trikeshed/ccek/CCEKChunkedDecodingChordSheet.kt:377:17 None of the following candidates is applicable:
fun <T> Join<Int, Function1<Int, Join<Any?, TypeMemento>>>.get(column: Column<T>): T?
fun <T : Any> JsReference<T>.get(): T
e: file:///Users/jim/work/v2superbikeshed/Trikeshed/src/commonMain/kotlin/borg/trikeshed/ccek/CCEKChunkedDecodingChordSheet.kt:377:50 None of the following candidates is applicable:
fun <T> Join<Int, Function1<Int, Join<Any?, TypeMemento>>>.get(column: Column<T>): T?
fun <T : Any> JsReference<T>.get(): T
e: file:///Users/jim/work/v2superbikeshed/Trikeshed/src/commonMain/kotlin/borg/trikeshed/ccek/CCEKChunkedDecodingChordSheet.kt:406:57 No value passed for parameter 'a'.
e: file:///Users/jim/work/v2superbikeshed/Trikeshed/src/commonMain/kotlin/borg/trikeshed/ccek/CCEKChunkedDecodingChordSheet.kt:406:57 No value passed for parameter 'b'.
e: file:///Users/jim/work/v2superbikeshed/Trikeshed/src/commonMain/kotlin/borg/trikeshed/ccek/CCEKChunkedDecodingChordSheet.kt:411:23 No value passed for parameter 'a'.
e: file:///Users/jim/work/v2superbikeshed/Trikeshed/src/commonMain/kotlin/borg/trikeshed/ccek/CCEKChunkedDecodingChordSheet.kt:411:23 No value passed for parameter 'b'.
e: file:///Users/jim/work/v2superbikeshed/Trikeshed/src/commonMain/kotlin/borg/trikeshed/ccek/CCEKChunkedEncodingChordSheet.kt:21:13 Argument type mismatch: actual type is 'Int#1', but 'Function0<kotlin.Int>' was expected.
e: file:///Users/jim/work/v2superbikeshed/Trikeshed/src/commonMain/kotlin/borg/trikeshed/ccek/CCEKChunkedEncodingChordSheet.kt:35:13 Argument type mismatch: actual type is 'ChunkEncodingStrategy', but 'Function0<ChunkEncodingStrategy>' was expected.
e: file:///Users/jim/work/v2superbikeshed/Trikeshed/src/commonMain/kotlin/borg/trikeshed/ccek/CCEKChunkedEncodingChordSheet.kt:49:13 Argument type mismatch: actual type is 'ChunkCompressionStrategy', but 'Function0<ChunkCompressionStrategy>' was expected.
e: file:///Users/jim/work/v2superbikeshed/Trikeshed/src/commonMain/kotlin/borg/trikeshed/ccek/CCEKChunkedEncodingChordSheet.kt:63:13 Argument type mismatch: actual type is 'ChunkBoundaryStrategy', but 'Function0<ChunkBoundaryStrategy>' was expected.
e: file:///Users/jim/work/v2superbikeshed/Trikeshed/src/commonMain/kotlin/borg/trikeshed/ccek/CCEKChunkedEncodingChordSheet.kt:77:13 Argument type mismatch: actual type is 'ChunkHeaderGenerator', but 'Function0<ChunkHeaderGenerator>' was expected.
e: file:///Users/jim/work/v2superbikeshed/Trikeshed/src/commonMain/kotlin/borg/trikeshed/ccek/CCEKChunkedEncodingChordSheet.kt:89:13 Argument type mismatch: actual type is 'ChunkTrailerGenerator', but 'Function0<ChunkTrailerGenerator>' was expected.
e: file:///Users/jim/work/v2superbikeshed/Trikeshed/src/commonMain/kotlin/borg/trikeshed/ccek/CCEKChunkedEncodingChordSheet.kt:108:18 Unresolved reference 'CoroutineContext'.
e: file:///Users/jim/work/v2superbikeshed/Trikeshed/src/commonMain/kotlin/borg/trikeshed/ccek/CCEKChunkedEncodingChordSheet.kt:108:49 Unresolved reference 'IO'.
e: file:///Users/jim/work/v2superbikeshed/Trikeshed/src/commonMain/kotlin/borg/trikeshed/ccek/CCEKChunkedEncodingChordSheet.kt:135:18 Unresolved reference 'CoroutineContext'.
e: file:///Users/jim/work/v2superbikeshed/Trikeshed/src/commonMain/kotlin/borg/trikeshed/ccek/CCEKChunkedEncodingChordSheet.kt:135:49 Unresolved reference 'IO'.
e: file:///Users/jim/work/v2superbikeshed/Trikeshed/src/commonMain/kotlin/borg/trikeshed/ccek/CCEKChunkedEncodingChordSheet.kt:148:18 Unresolved reference 'CoroutineContext'.
e: file:///Users/jim/work/v2superbikeshed/Trikeshed/src/commonMain/kotlin/borg/trikeshed/ccek/CCEKChunkedEncodingChordSheet.kt:148:49 Unresolved reference 'IO'.
e: file:///Users/jim/work/v2superbikeshed/Trikeshed/src/commonMain/kotlin/borg/trikeshed/ccek/CCEKChunkedEncodingChordSheet.kt:161:18 Unresolved reference 'CoroutineContext'.
e: file:///Users/jim/work/v2superbikeshed/Trikeshed/src/commonMain/kotlin/borg/trikeshed/ccek/CCEKChunkedEncodingChordSheet.kt:161:49 Unresolved reference 'IO'.
e: file:///Users/jim/work/v2superbikeshed/Trikeshed/src/commonMain/kotlin/borg/trikeshed/ccek/CCEKChunkedEncodingChordSheet.kt:174:18 Unresolved reference 'CoroutineContext'.
e: file:///Users/jim/work/v2superbikeshed/Trikeshed/src/commonMain/kotlin/borg/trikeshed/ccek/CCEKChunkedEncodingChordSheet.kt:174:49 Unresolved reference 'IO'.
e: file:///Users/jim/work/v2superbikeshed/Trikeshed/src/commonMain/kotlin/borg/trikeshed/ccek/CCEKChunkedEncodingChordSheet.kt:198:40 Argument type mismatch: actual type is 'Int', but 'IntRange' was expected.
e: file:///Users/jim/work/v2superbikeshed/Trikeshed/src/commonMain/kotlin/borg/trikeshed/ccek/CCEKChunkedEncodingChordSheet.kt:198:48 Too many arguments for 'fun <T> Join<Int, Function1<Int, T>>.slice(range: IntRange): Join<Int, Function1<Int, T>>'.
e: file:///Users/jim/work/v2superbikeshed/Trikeshed/src/commonMain/kotlin/borg/trikeshed/ccek/CCEKChunkedEncodingChordSheet.kt:202:65 Unresolved reference 'ZSTD'.
e: file:///Users/jim/work/v2superbikeshed/Trikeshed/src/commonMain/kotlin/borg/trikeshed/ccek/CCEKChunkedEncodingChordSheet.kt:203:64 Unresolved reference 'LZ4'.
e: file:///Users/jim/work/v2superbikeshed/Trikeshed/src/commonMain/kotlin/borg/trikeshed/ccek/CCEKChunkedEncodingChordSheet.kt:208:42 Unresolved reference 'generateHeader'.
e: file:///Users/jim/work/v2superbikeshed/Trikeshed/src/commonMain/kotlin/borg/trikeshed/ccek/CCEKChunkedEncodingChordSheet.kt:214:45 Unresolved reference 'determineBoundary'.
e: file:///Users/jim/work/v2superbikeshed/Trikeshed/src/commonMain/kotlin/borg/trikeshed/ccek/CCEKChunkedEncodingChordSheet.kt:222:40 Unresolved reference 'generateTrailer'.
e: file:///Users/jim/work/v2superbikeshed/Trikeshed/src/commonMain/kotlin/borg/trikeshed/ccek/CCEKChunkedEncodingChordSheet.kt:248:12 Redeclaration:
object ChunkBoundaryStrategy : Any
e: file:///Users/jim/work/v2superbikeshed/Trikeshed/src/commonMain/kotlin/borg/trikeshed/ccek/CCEKChunkedEncodingChordSheet.kt:252:12 Redeclaration:
object ChunkHeaderGenerator : Any
e: file:///Users/jim/work/v2superbikeshed/Trikeshed/src/commonMain/kotlin/borg/trikeshed/ccek/CCEKChunkedEncodingChordSheet.kt:256:12 Redeclaration:
object ChunkTrailerGenerator : Any
e: file:///Users/jim/work/v2superbikeshed/Trikeshed/src/commonMain/kotlin/borg/trikeshed/ccek/CCEKChunkedEncodingChordSheet.kt:312:23 No value passed for parameter 'a'.
e: file:///Users/jim/work/v2superbikeshed/Trikeshed/src/commonMain/kotlin/borg/trikeshed/ccek/CCEKChunkedEncodingChordSheet.kt:312:23 No value passed for parameter 'b'.
e: file:///Users/jim/work/v2superbikeshed/Trikeshed/src/commonMain/kotlin/borg/trikeshed/ccek/CCEKChunkedEncodingChordSheet.kt:330:23 No value passed for parameter 'a'.
e: file:///Users/jim/work/v2superbikeshed/Trikeshed/src/commonMain/kotlin/borg/trikeshed/ccek/CCEKChunkedEncodingChordSheet.kt:330:23 No value passed for parameter 'b'.
e: file:///Users/jim/work/v2superbikeshed/Trikeshed/src/commonMain/kotlin/borg/trikeshed/ccek/CCEKChunkedEncodingChordSheet.kt:355:19 No value passed for parameter 'a'.
e: file:///Users/jim/work/v2superbikeshed/Trikeshed/src/commonMain/kotlin/borg/trikeshed/ccek/CCEKChunkedEncodingChordSheet.kt:355:19 No value passed for parameter 'b'.
e: file:///Users/jim/work/v2superbikeshed/Trikeshed/src/commonMain/kotlin/borg/trikeshed/ccek/CCEKChunkedEncodingChordSheet.kt:360:8 Redeclaration:
enum class ChunkHeaderGenerator : Enum<ChunkHeaderGenerator>
e: file:///Users/jim/work/v2superbikeshed/Trikeshed/src/commonMain/kotlin/borg/trikeshed/ccek/CCEKChunkedEncodingChordSheet.kt:361:9 Unresolved reference 'COMPRESSED_JSON'.
e: file:///Users/jim/work/v2superbikeshed/Trikeshed/src/commonMain/kotlin/borg/trikeshed/ccek/CCEKChunkedEncodingChordSheet.kt:370:9 Unresolved reference 'COMPRESSED_BINARY'.
e: file:///Users/jim/work/v2superbikeshed/Trikeshed/src/commonMain/kotlin/borg/trikeshed/ccek/CCEKChunkedEncodingChordSheet.kt:379:9 Unresolved reference 'STREAMING_JSON'.
e: file:///Users/jim/work/v2superbikeshed/Trikeshed/src/commonMain/kotlin/borg/trikeshed/ccek/CCEKChunkedEncodingChordSheet.kt:388:9 Unresolved reference 'RAW_BINARY'.
e: file:///Users/jim/work/v2superbikeshed/Trikeshed/src/commonMain/kotlin/borg/trikeshed/ccek/CCEKChunkedEncodingChordSheet.kt:397:9 Unresolved reference 'DEFAULT'.
e: file:///Users/jim/work/v2superbikeshed/Trikeshed/src/commonMain/kotlin/borg/trikeshed/ccek/CCEKChunkedEncodingChordSheet.kt:409:8 Redeclaration:
enum class ChunkTrailerGenerator : Enum<ChunkTrailerGenerator>
e: file:///Users/jim/work/v2superbikeshed/Trikeshed/src/commonMain/kotlin/borg/trikeshed/ccek/CCEKChunkedEncodingChordSheet.kt:410:9 Unresolved reference 'JSON_DOCUMENT'.
e: file:///Users/jim/work/v2superbikeshed/Trikeshed/src/commonMain/kotlin/borg/trikeshed/ccek/CCEKChunkedEncodingChordSheet.kt:419:9 Unresolved reference 'BINARY_ATTACHMENT'.
e: file:///Users/jim/work/v2superbikeshed/Trikeshed/src/commonMain/kotlin/borg/trikeshed/ccek/CCEKChunkedEncodingChordSheet.kt:428:9 Unresolved reference 'JSON_DESIGN'.
e: file:///Users/jim/work/v2superbikeshed/Trikeshed/src/commonMain/kotlin/borg/trikeshed/ccek/CCEKChunkedEncodingChordSheet.kt:437:9 Unresolved reference 'JSON_REVISION'.
e: file:///Users/jim/work/v2superbikeshed/Trikeshed/src/commonMain/kotlin/borg/trikeshed/ccek/CCEKChunkedEncodingChordSheet.kt:446:9 Unresolved reference 'JSON_REPLICATION'.
e: file:///Users/jim/work/v2superbikeshed/Trikeshed/src/commonMain/kotlin/borg/trikeshed/ccek/CCEKChunkedEncodingChordSheet.kt:455:9 Unresolved reference 'JSON_CHANGES'.
e: file:///Users/jim/work/v2superbikeshed/Trikeshed/src/commonMain/kotlin/borg/trikeshed/ccek/CCEKChunkedEncodingChordSheet.kt:464:9 Unresolved reference 'DEFAULT'.
e: file:///Users/jim/work/v2superbikeshed/Trikeshed/src/commonMain/kotlin/borg/trikeshed/ccek/CCEKChunkedEncodingChordSheet.kt:476:8 Redeclaration:
enum class ChunkBoundaryStrategy : Enum<ChunkBoundaryStrategy>
e: file:///Users/jim/work/v2superbikeshed/Trikeshed/src/commonMain/kotlin/borg/trikeshed/ccek/CCEKChunkedEncodingChordSheet.kt:477:9 Unresolved reference 'JSON_OBJECT'.
e: file:///Users/jim/work/v2superbikeshed/Trikeshed/src/commonMain/kotlin/borg/trikeshed/ccek/CCEKChunkedEncodingChordSheet.kt:485:9 Unresolved reference 'FIXED_SIZE'.
e: file:///Users/jim/work/v2superbikeshed/Trikeshed/src/commonMain/kotlin/borg/trikeshed/ccek/CCEKChunkedEncodingChordSheet.kt:493:9 Unresolved reference 'JSON_LINE'.
e: file:///Users/jim/work/v2superbikeshed/Trikeshed/src/commonMain/kotlin/borg/trikeshed/ccek/CCEKProtocolChoreographer.kt:26:13 Argument type mismatch: actual type is 'ChoreographyStrategy', but 'Function0<ChoreographyStrategy>' was expected.
e: file:///Users/jim/work/v2superbikeshed/Trikeshed/src/commonMain/kotlin/borg/trikeshed/ccek/CCEKProtocolChoreographer.kt:38:9 Cannot infer type for this parameter. Specify it explicitly.
e: file:///Users/jim/work/v2superbikeshed/Trikeshed/src/commonMain/kotlin/borg/trikeshed/ccek/CCEKProtocolChoreographer.kt:38:9 Type mismatch: inferred type is 'Join<String, ERROR CLASS: Cannot infer argument for type parameter B>', but 'Join<Int, Function1<Int, String>>' was expected.
e: file:///Users/jim/work/v2superbikeshed/Trikeshed/src/commonMain/kotlin/borg/trikeshed/ccek/CCEKProtocolChoreographer.kt:38:17 No value passed for parameter 'b'.
e: file:///Users/jim/work/v2superbikeshed/Trikeshed/src/commonMain/kotlin/borg/trikeshed/ccek/CCEKProtocolChoreographer.kt:38:25 Cannot infer type for this parameter. Specify it explicitly.
e: file:///Users/jim/work/v2superbikeshed/Trikeshed/src/commonMain/kotlin/borg/trikeshed/ccek/CCEKProtocolChoreographer.kt:41:27 None of the following candidates is applicable:
fun <T> Array<out T>.contains(element: T): Boolean
fun ByteArray.contains(element: Byte): Boolean
fun ShortArray.contains(element: Short): Boolean
fun IntArray.contains(element: Int): Boolean
fun LongArray.contains(element: Long): Boolean
fun BooleanArray.contains(element: Boolean): Boolean
fun CharArray.contains(element: Char): Boolean
fun <T> Iterable<T>.contains(element: T): Boolean
fun <K, V> Map<out K, V>.contains(key: K): Boolean
fun IntRange.contains(element: Int?): Boolean
fun LongRange.contains(element: Long?): Boolean
fun CharRange.contains(element: Char?): Boolean
fun ClosedRange<Int>.contains(value: Byte): Boolean
fun ClosedRange<Long>.contains(value: Byte): Boolean
fun ClosedRange<Short>.contains(value: Byte): Boolean
fun OpenEndRange<Int>.contains(value: Byte): Boolean
fun OpenEndRange<Long>.contains(value: Byte): Boolean
fun OpenEndRange<Short>.contains(value: Byte): Boolean
fun IntRange.contains(value: Byte): Boolean
fun LongRange.contains(value: Byte): Boolean
fun ClosedRange<Float>.contains(value: Double): Boolean
fun ClosedRange<Double>.contains(value: Float): Boolean
fun OpenEndRange<Double>.contains(value: Float): Boolean
fun ClosedRange<Long>.contains(value: Int): Boolean
fun ClosedRange<Byte>.contains(value: Int): Boolean
fun ClosedRange<Short>.contains(value: Int): Boolean
fun OpenEndRange<Long>.contains(value: Int): Boolean
fun OpenEndRange<Byte>.contains(value: Int): Boolean
fun OpenEndRange<Short>.contains(value: Int): Boolean
fun LongRange.contains(value: Int): Boolean
fun ClosedRange<Int>.contains(value: Long): Boolean
fun ClosedRange<Byte>.contains(value: Long): Boolean
fun ClosedRange<Short>.contains(value: Long): Boolean
fun OpenEndRange<Int>.contains(value: Long): Boolean
fun OpenEndRange<Byte>.contains(value: Long): Boolean
fun OpenEndRange<Short>.contains(value: Long): Boolean
fun IntRange.contains(value: Long): Boolean
fun ClosedRange<Int>.contains(value: Short): Boolean
fun ClosedRange<Long>.contains(value: Short): Boolean
fun ClosedRange<Byte>.contains(value: Short): Boolean
fun OpenEndRange<Int>.contains(value: Short): Boolean
fun OpenEndRange<Long>.contains(value: Short): Boolean
fun OpenEndRange<Byte>.contains(value: Short): Boolean
fun IntRange.contains(value: Short): Boolean
fun LongRange.contains(value: Short): Boolean
fun UIntRange.contains(element: UInt?): Boolean
fun ULongRange.contains(element: ULong?): Boolean
fun UIntRange.contains(value: UByte): Boolean
fun ULongRange.contains(value: UByte): Boolean
fun ULongRange.contains(value: UInt): Boolean
fun UIntRange.contains(value: ULong): Boolean
fun UIntRange.contains(value: UShort): Boolean
fun ULongRange.contains(value: UShort): Boolean
fun <T : Any, R : ClosedRange<T>, Iterable<T>> R.contains(element: T?): Boolean
fun <T : Any, R : OpenEndRange<T>, Iterable<T>> R.contains(element: T?): Boolean
fun <T> Sequence<T>.contains(element: T): Boolean
fun CharSequence.contains(other: CharSequence, ignoreCase: Boolean = ...): Boolean
fun CharSequence.contains(char: Char, ignoreCase: Boolean = ...): Boolean
fun CharSequence.contains(regex: Regex): Boolean
e: file:///Users/jim/work/v2superbikeshed/Trikeshed/src/commonMain/kotlin/borg/trikeshed/ccek/CCEKProtocolChoreographer.kt:41:57 None of the following candidates is applicable:
fun <T> Array<out T>.contains(element: T): Boolean
fun ByteArray.contains(element: Byte): Boolean
fun ShortArray.contains(element: Short): Boolean
fun IntArray.contains(element: Int): Boolean
fun LongArray.contains(element: Long): Boolean
fun BooleanArray.contains(element: Boolean): Boolean
fun CharArray.contains(element: Char): Boolean
fun <T> Iterable<T>.contains(element: T): Boolean
fun <K, V> Map<out K, V>.contains(key: K): Boolean
fun IntRange.contains(element: Int?): Boolean
fun LongRange.contains(element: Long?): Boolean
fun CharRange.contains(element: Char?): Boolean
fun ClosedRange<Int>.contains(value: Byte): Boolean
fun ClosedRange<Long>.contains(value: Byte): Boolean
fun ClosedRange<Short>.contains(value: Byte): Boolean
fun OpenEndRange<Int>.contains(value: Byte): Boolean
fun OpenEndRange<Long>.contains(value: Byte): Boolean
fun OpenEndRange<Short>.contains(value: Byte): Boolean
fun IntRange.contains(value: Byte): Boolean
fun LongRange.contains(value: Byte): Boolean
fun ClosedRange<Float>.contains(value: Double): Boolean
fun ClosedRange<Double>.contains(value: Float): Boolean
fun OpenEndRange<Double>.contains(value: Float): Boolean
fun ClosedRange<Long>.contains(value: Int): Boolean
fun ClosedRange<Byte>.contains(value: Int): Boolean
fun ClosedRange<Short>.contains(value: Int): Boolean
fun OpenEndRange<Long>.contains(value: Int): Boolean
fun OpenEndRange<Byte>.contains(value: Int): Boolean
fun OpenEndRange<Short>.contains(value: Int): Boolean
fun LongRange.contains(value: Int): Boolean
fun ClosedRange<Int>.contains(value: Long): Boolean
fun ClosedRange<Byte>.contains(value: Long): Boolean
fun ClosedRange<Short>.contains(value: Long): Boolean
fun OpenEndRange<Int>.contains(value: Long): Boolean
fun OpenEndRange<Byte>.contains(value: Long): Boolean
fun OpenEndRange<Short>.contains(value: Long): Boolean
fun IntRange.contains(value: Long): Boolean
fun ClosedRange<Int>.contains(value: Short): Boolean
fun ClosedRange<Long>.contains(value: Short): Boolean
fun ClosedRange<Byte>.contains(value: Short): Boolean
fun OpenEndRange<Int>.contains(value: Short): Boolean
fun OpenEndRange<Long>.contains(value: Short): Boolean
fun OpenEndRange<Byte>.contains(value: Short): Boolean
fun IntRange.contains(value: Short): Boolean
fun LongRange.contains(value: Short): Boolean
fun UIntRange.contains(element: UInt?): Boolean
fun ULongRange.contains(element: ULong?): Boolean
fun UIntRange.contains(value: UByte): Boolean
fun ULongRange.contains(value: UByte): Boolean
fun ULongRange.contains(value: UInt): Boolean
fun UIntRange.contains(value: ULong): Boolean
fun UIntRange.contains(value: UShort): Boolean
fun ULongRange.contains(value: UShort): Boolean
fun <T : Any, R : ClosedRange<T>, Iterable<T>> R.contains(element: T?): Boolean
fun <T : Any, R : OpenEndRange<T>, Iterable<T>> R.contains(element: T?): Boolean
fun <T> Sequence<T>.contains(element: T): Boolean
fun CharSequence.contains(other: CharSequence, ignoreCase: Boolean = ...): Boolean
fun CharSequence.contains(char: Char, ignoreCase: Boolean = ...): Boolean
fun CharSequence.contains(regex: Regex): Boolean
e: file:///Users/jim/work/v2superbikeshed/Trikeshed/src/commonMain/kotlin/borg/trikeshed/ccek/CCEKProtocolChoreographer.kt:42:27 None of the following candidates is applicable:
fun <T> Array<out T>.contains(element: T): Boolean
fun ByteArray.contains(element: Byte): Boolean
fun ShortArray.contains(element: Short): Boolean
fun IntArray.contains(element: Int): Boolean
fun LongArray.contains(element: Long): Boolean
fun BooleanArray.contains(element: Boolean): Boolean
fun CharArray.contains(element: Char): Boolean
fun <T> Iterable<T>.contains(element: T): Boolean
fun <K, V> Map<out K, V>.contains(key: K): Boolean
fun IntRange.contains(element: Int?): Boolean
fun LongRange.contains(element: Long?): Boolean
fun CharRange.contains(element: Char?): Boolean
fun ClosedRange<Int>.contains(value: Byte): Boolean
fun ClosedRange<Long>.contains(value: Byte): Boolean
fun ClosedRange<Short>.contains(value: Byte): Boolean
fun OpenEndRange<Int>.contains(value: Byte): Boolean
fun OpenEndRange<Long>.contains(value: Byte): Boolean
fun OpenEndRange<Short>.contains(value: Byte): Boolean
fun IntRange.contains(value: Byte): Boolean
fun LongRange.contains(value: Byte): Boolean
fun ClosedRange<Float>.contains(value: Double): Boolean
fun ClosedRange<Double>.contains(value: Float): Boolean
fun OpenEndRange<Double>.contains(value: Float): Boolean
fun ClosedRange<Long>.contains(value: Int): Boolean
fun ClosedRange<Byte>.contains(value: Int): Boolean
fun ClosedRange<Short>.contains(value: Int): Boolean
fun OpenEndRange<Long>.contains(value: Int): Boolean
fun OpenEndRange<Byte>.contains(value: Int): Boolean
fun OpenEndRange<Short>.contains(value: Int): Boolean
fun LongRange.contains(value: Int): Boolean
fun ClosedRange<Int>.contains(value: Long): Boolean
fun ClosedRange<Byte>.contains(value: Long): Boolean
fun ClosedRange<Short>.contains(value: Long): Boolean
fun OpenEndRange<Int>.contains(value: Long): Boolean
fun OpenEndRange<Byte>.contains(value: Long): Boolean
fun OpenEndRange<Short>.contains(value: Long): Boolean
fun IntRange.contains(value: Long): Boolean
fun ClosedRange<Int>.contains(value: Short): Boolean
fun ClosedRange<Long>.contains(value: Short): Boolean
fun ClosedRange<Byte>.contains(value: Short): Boolean
fun OpenEndRange<Int>.contains(value: Short): Boolean
fun OpenEndRange<Long>.contains(value: Short): Boolean
fun OpenEndRange<Byte>.contains(value: Short): Boolean
fun IntRange.contains(value: Short): Boolean
fun LongRange.contains(value: Short): Boolean
fun UIntRange.contains(element: UInt?): Boolean
fun ULongRange.contains(element: ULong?): Boolean
fun UIntRange.contains(value: UByte): Boolean
fun ULongRange.contains(value: UByte): Boolean
fun ULongRange.contains(value: UInt): Boolean
fun UIntRange.contains(value: ULong): Boolean
fun UIntRange.contains(value: UShort): Boolean
fun ULongRange.contains(value: UShort): Boolean
fun <T : Any, R : ClosedRange<T>, Iterable<T>> R.contains(element: T?): Boolean
fun <T : Any, R : OpenEndRange<T>, Iterable<T>> R.contains(element: T?): Boolean
fun <T> Sequence<T>.contains(element: T): Boolean
fun CharSequence.contains(other: CharSequence, ignoreCase: Boolean = ...): Boolean
fun CharSequence.contains(char: Char, ignoreCase: Boolean = ...): Boolean
fun CharSequence.contains(regex: Regex): Boolean
e: file:///Users/jim/work/v2superbikeshed/Trikeshed/src/commonMain/kotlin/borg/trikeshed/ccek/CCEKProtocolChoreographer.kt:42:57 None of the following candidates is applicable:
fun <T> Array<out T>.contains(element: T): Boolean
fun ByteArray.contains(element: Byte): Boolean
fun ShortArray.contains(element: Short): Boolean
fun IntArray.contains(element: Int): Boolean
fun LongArray.contains(element: Long): Boolean
fun BooleanArray.contains(element: Boolean): Boolean
fun CharArray.contains(element: Char): Boolean
fun <T> Iterable<T>.contains(element: T): Boolean
fun <K, V> Map<out K, V>.contains(key: K): Boolean
fun IntRange.contains(element: Int?): Boolean
fun LongRange.contains(element: Long?): Boolean
fun CharRange.contains(element: Char?): Boolean
fun ClosedRange<Int>.contains(value: Byte): Boolean
fun ClosedRange<Long>.contains(value: Byte): Boolean
fun ClosedRange<Short>.contains(value: Byte): Boolean
fun OpenEndRange<Int>.contains(value: Byte): Boolean
fun OpenEndRange<Long>.contains(value: Byte): Boolean
fun OpenEndRange<Short>.contains(value: Byte): Boolean
fun IntRange.contains(value: Byte): Boolean
fun LongRange.contains(value: Byte): Boolean
fun ClosedRange<Float>.contains(value: Double): Boolean
fun ClosedRange<Double>.contains(value: Float): Boolean
fun OpenEndRange<Double>.contains(value: Float): Boolean
fun ClosedRange<Long>.contains(value: Int): Boolean
fun ClosedRange<Byte>.contains(value: Int): Boolean
fun ClosedRange<Short>.contains(value: Int): Boolean
fun OpenEndRange<Long>.contains(value: Int): Boolean
fun OpenEndRange<Byte>.contains(value: Int): Boolean
fun OpenEndRange<Short>.contains(value: Int): Boolean
fun LongRange.contains(value: Int): Boolean
fun ClosedRange<Int>.contains(value: Long): Boolean
fun ClosedRange<Byte>.contains(value: Long): Boolean
fun ClosedRange<Short>.contains(value: Long): Boolean
fun OpenEndRange<Int>.contains(value: Long): Boolean
fun OpenEndRange<Byte>.contains(value: Long): Boolean
fun OpenEndRange<Short>.contains(value: Long): Boolean
fun IntRange.contains(value: Long): Boolean
fun ClosedRange<Int>.contains(value: Short): Boolean
fun ClosedRange<Long>.contains(value: Short): Boolean
fun ClosedRange<Byte>.contains(value: Short): Boolean
fun OpenEndRange<Int>.contains(value: Short): Boolean
fun OpenEndRange<Long>.contains(value: Short): Boolean
fun OpenEndRange<Byte>.contains(value: Short): Boolean
fun IntRange.contains(value: Short): Boolean
fun LongRange.contains(value: Short): Boolean
fun UIntRange.contains(element: UInt?): Boolean
fun ULongRange.contains(element: ULong?): Boolean
fun UIntRange.contains(value: UByte): Boolean
fun ULongRange.contains(value: UByte): Boolean
fun ULongRange.contains(value: UInt): Boolean
fun UIntRange.contains(value: ULong): Boolean
fun UIntRange.contains(value: UShort): Boolean
fun ULongRange.contains(value: UShort): Boolean
fun <T : Any, R : ClosedRange<T>, Iterable<T>> R.contains(element: T?): Boolean
fun <T : Any, R : OpenEndRange<T>, Iterable<T>> R.contains(element: T?): Boolean
fun <T> Sequence<T>.contains(element: T): Boolean
fun CharSequence.contains(other: CharSequence, ignoreCase: Boolean = ...): Boolean
fun CharSequence.contains(char: Char, ignoreCase: Boolean = ...): Boolean
fun CharSequence.contains(regex: Regex): Boolean
e: file:///Users/jim/work/v2superbikeshed/Trikeshed/src/commonMain/kotlin/borg/trikeshed/ccek/CCEKProtocolChoreographer.kt:43:27 None of the following candidates is applicable:
fun <T> Array<out T>.contains(element: T): Boolean
fun ByteArray.contains(element: Byte): Boolean
fun ShortArray.contains(element: Short): Boolean
fun IntArray.contains(element: Int): Boolean
fun LongArray.contains(element: Long): Boolean
fun BooleanArray.contains(element: Boolean): Boolean
fun CharArray.contains(element: Char): Boolean
fun <T> Iterable<T>.contains(element: T): Boolean
fun <K, V> Map<out K, V>.contains(key: K): Boolean
fun IntRange.contains(element: Int?): Boolean
fun LongRange.contains(element: Long?): Boolean
fun CharRange.contains(element: Char?): Boolean
fun ClosedRange<Int>.contains(value: Byte): Boolean
fun ClosedRange<Long>.contains(value: Byte): Boolean
fun ClosedRange<Short>.contains(value: Byte): Boolean
fun OpenEndRange<Int>.contains(value: Byte): Boolean
fun OpenEndRange<Long>.contains(value: Byte): Boolean
fun OpenEndRange<Short>.contains(value: Byte): Boolean
fun IntRange.contains(value: Byte): Boolean
fun LongRange.contains(value: Byte): Boolean
fun ClosedRange<Float>.contains(value: Double): Boolean
fun ClosedRange<Double>.contains(value: Float): Boolean
fun OpenEndRange<Double>.contains(value: Float): Boolean
fun ClosedRange<Long>.contains(value: Int): Boolean
fun ClosedRange<Byte>.contains(value: Int): Boolean
fun ClosedRange<Short>.contains(value: Int): Boolean
fun OpenEndRange<Long>.contains(value: Int): Boolean
fun OpenEndRange<Byte>.contains(value: Int): Boolean
fun OpenEndRange<Short>.contains(value: Int): Boolean
fun LongRange.contains(value: Int): Boolean
fun ClosedRange<Int>.contains(value: Long): Boolean
fun ClosedRange<Byte>.contains(value: Long): Boolean
fun ClosedRange<Short>.contains(value: Long): Boolean
fun OpenEndRange<Int>.contains(value: Long): Boolean
fun OpenEndRange<Byte>.contains(value: Long): Boolean
fun OpenEndRange<Short>.contains(value: Long): Boolean
fun IntRange.contains(value: Long): Boolean
fun ClosedRange<Int>.contains(value: Short): Boolean
fun ClosedRange<Long>.contains(value: Short): Boolean
fun ClosedRange<Byte>.contains(value: Short): Boolean
fun OpenEndRange<Int>.contains(value: Short): Boolean
fun OpenEndRange<Long>.contains(value: Short): Boolean
fun OpenEndRange<Byte>.contains(value: Short): Boolean
fun IntRange.contains(value: Short): Boolean
fun LongRange.contains(value: Short): Boolean
fun UIntRange.contains(element: UInt?): Boolean
fun ULongRange.contains(element: ULong?): Boolean
fun UIntRange.contains(value: UByte): Boolean
fun ULongRange.contains(value: UByte): Boolean
fun ULongRange.contains(value: UInt): Boolean
fun UIntRange.contains(value: ULong): Boolean
fun UIntRange.contains(value: UShort): Boolean
fun ULongRange.contains(value: UShort): Boolean
fun <T : Any, R : ClosedRange<T>, Iterable<T>> R.contains(element: T?): Boolean
fun <T : Any, R : OpenEndRange<T>, Iterable<T>> R.contains(element: T?): Boolean
fun <T> Sequence<T>.contains(element: T): Boolean
fun CharSequence.contains(other: CharSequence, ignoreCase: Boolean = ...): Boolean
fun CharSequence.contains(char: Char, ignoreCase: Boolean = ...): Boolean
fun CharSequence.contains(regex: Regex): Boolean
e: file:///Users/jim/work/v2superbikeshed/Trikeshed/src/commonMain/kotlin/borg/trikeshed/ccek/CCEKProtocolChoreographer.kt:43:60 None of the following candidates is applicable:
fun <T> Array<out T>.contains(element: T): Boolean
fun ByteArray.contains(element: Byte): Boolean
fun ShortArray.contains(element: Short): Boolean
fun IntArray.contains(element: Int): Boolean
fun LongArray.contains(element: Long): Boolean
fun BooleanArray.contains(element: Boolean): Boolean
fun CharArray.contains(element: Char): Boolean
fun <T> Iterable<T>.contains(element: T): Boolean
fun <K, V> Map<out K, V>.contains(key: K): Boolean
fun IntRange.contains(element: Int?): Boolean
fun LongRange.contains(element: Long?): Boolean
fun CharRange.contains(element: Char?): Boolean
fun ClosedRange<Int>.contains(value: Byte): Boolean
fun ClosedRange<Long>.contains(value: Byte): Boolean
fun ClosedRange<Short>.contains(value: Byte): Boolean
fun OpenEndRange<Int>.contains(value: Byte): Boolean
fun OpenEndRange<Long>.contains(value: Byte): Boolean
fun OpenEndRange<Short>.contains(value: Byte): Boolean
fun IntRange.contains(value: Byte): Boolean
fun LongRange.contains(value: Byte): Boolean
fun ClosedRange<Float>.contains(value: Double): Boolean
fun ClosedRange<Double>.contains(value: Float): Boolean
fun OpenEndRange<Double>.contains(value: Float): Boolean
fun ClosedRange<Long>.contains(value: Int): Boolean
fun ClosedRange<Byte>.contains(value: Int): Boolean
fun ClosedRange<Short>.contains(value: Int): Boolean
fun OpenEndRange<Long>.contains(value: Int): Boolean
fun OpenEndRange<Byte>.contains(value: Int): Boolean
fun OpenEndRange<Short>.contains(value: Int): Boolean
fun LongRange.contains(value: Int): Boolean
fun ClosedRange<Int>.contains(value: Long): Boolean
fun ClosedRange<Byte>.contains(value: Long): Boolean
fun ClosedRange<Short>.contains(value: Long): Boolean
fun OpenEndRange<Int>.contains(value: Long): Boolean
fun OpenEndRange<Byte>.contains(value: Long): Boolean
fun OpenEndRange<Short>.contains(value: Long): Boolean
fun IntRange.contains(value: Long): Boolean
fun ClosedRange<Int>.contains(value: Short): Boolean
fun ClosedRange<Long>.contains(value: Short): Boolean
fun ClosedRange<Byte>.contains(value: Short): Boolean
fun OpenEndRange<Int>.contains(value: Short): Boolean
fun OpenEndRange<Long>.contains(value: Short): Boolean
fun OpenEndRange<Byte>.contains(value: Short): Boolean
fun IntRange.contains(value: Short): Boolean
fun LongRange.contains(value: Short): Boolean
fun UIntRange.contains(element: UInt?): Boolean
fun ULongRange.contains(element: ULong?): Boolean
fun UIntRange.contains(value: UByte): Boolean
fun ULongRange.contains(value: UByte): Boolean
fun ULongRange.contains(value: UInt): Boolean
fun UIntRange.contains(value: ULong): Boolean
fun UIntRange.contains(value: UShort): Boolean
fun ULongRange.contains(value: UShort): Boolean
fun <T : Any, R : ClosedRange<T>, Iterable<T>> R.contains(element: T?): Boolean
fun <T : Any, R : OpenEndRange<T>, Iterable<T>> R.contains(element: T?): Boolean
fun <T> Sequence<T>.contains(element: T): Boolean
fun CharSequence.contains(other: CharSequence, ignoreCase: Boolean = ...): Boolean
fun CharSequence.contains(char: Char, ignoreCase: Boolean = ...): Boolean
fun CharSequence.contains(regex: Regex): Boolean
e: file:///Users/jim/work/v2superbikeshed/Trikeshed/src/commonMain/kotlin/borg/trikeshed/ccek/CCEKProtocolChoreographer.kt:52:13 Argument type mismatch: actual type is 'ContextOrchestration', but 'Function0<ContextOrchestration>' was expected.
e: file:///Users/jim/work/v2superbikeshed/Trikeshed/src/commonMain/kotlin/borg/trikeshed/ccek/CCEKProtocolChoreographer.kt:71:18 Unresolved reference 'CoroutineContext'.
e: file:///Users/jim/work/v2superbikeshed/Trikeshed/src/commonMain/kotlin/borg/trikeshed/ccek/CCEKProtocolChoreographer.kt:71:49 Unresolved reference 'IO'.
e: file:///Users/jim/work/v2superbikeshed/Trikeshed/src/commonMain/kotlin/borg/trikeshed/ccek/CCEKProtocolChoreographer.kt:95:54 No value passed for parameter 'b'.
e: file:///Users/jim/work/v2superbikeshed/Trikeshed/src/commonMain/kotlin/borg/trikeshed/ccek/CCEKProtocolChoreographer.kt:97:35 Cannot infer type for this parameter. Specify it explicitly.
e: file:///Users/jim/work/v2superbikeshed/Trikeshed/src/commonMain/kotlin/borg/trikeshed/ccek/CCEKProtocolChoreographer.kt:97:35 Not enough information to infer type argument for 'B'.
e: file:///Users/jim/work/v2superbikeshed/Trikeshed/src/commonMain/kotlin/borg/trikeshed/ccek/CCEKProtocolChoreographer.kt:97:39 Cannot infer type for this parameter. Specify it explicitly.
e: file:///Users/jim/work/v2superbikeshed/Trikeshed/src/commonMain/kotlin/borg/trikeshed/ccek/CCEKProtocolChoreographer.kt:99:35 'operator' modifier is required on 'FirNamedFunctionSymbol kotlin/compareTo' in 'compareTo'.
e: file:///Users/jim/work/v2superbikeshed/Trikeshed/src/commonMain/kotlin/borg/trikeshed/ccek/CCEKProtocolChoreographer.kt:100:26 Suspension functions can only be called within coroutine body.
e: file:///Users/jim/work/v2superbikeshed/Trikeshed/src/commonMain/kotlin/borg/trikeshed/ccek/CCEKProtocolChoreographer.kt:116:57 No value passed for parameter 'b'.
e: file:///Users/jim/work/v2superbikeshed/Trikeshed/src/commonMain/kotlin/borg/trikeshed/ccek/CCEKProtocolChoreographer.kt:118:39 Cannot infer type for this parameter. Specify it explicitly.
e: file:///Users/jim/work/v2superbikeshed/Trikeshed/src/commonMain/kotlin/borg/trikeshed/ccek/CCEKProtocolChoreographer.kt:118:39 Not enough information to infer type argument for 'B'.
e: file:///Users/jim/work/v2superbikeshed/Trikeshed/src/commonMain/kotlin/borg/trikeshed/ccek/CCEKProtocolChoreographer.kt:118:43 Cannot infer type for this parameter. Specify it explicitly.
e: file:///Users/jim/work/v2superbikeshed/Trikeshed/src/commonMain/kotlin/borg/trikeshed/ccek/CCEKProtocolChoreographer.kt:120:35 'operator' modifier is required on 'FirNamedFunctionSymbol kotlin/compareTo' in 'compareTo'.
e: file:///Users/jim/work/v2superbikeshed/Trikeshed/src/commonMain/kotlin/borg/trikeshed/ccek/CCEKProtocolChoreographer.kt:121:26 Suspension functions can only be called within coroutine body.
e: file:///Users/jim/work/v2superbikeshed/Trikeshed/src/commonMain/kotlin/borg/trikeshed/ccek/CCEKProtocolChoreographer.kt:137:58 No value passed for parameter 'b'.
e: file:///Users/jim/work/v2superbikeshed/Trikeshed/src/commonMain/kotlin/borg/trikeshed/ccek/CCEKProtocolChoreographer.kt:139:36 Cannot infer type for this parameter. Specify it explicitly.
e: file:///Users/jim/work/v2superbikeshed/Trikeshed/src/commonMain/kotlin/borg/trikeshed/ccek/CCEKProtocolChoreographer.kt:139:36 Not enough information to infer type argument for 'B'.
e: file:///Users/jim/work/v2superbikeshed/Trikeshed/src/commonMain/kotlin/borg/trikeshed/ccek/CCEKProtocolChoreographer.kt:139:40 Cannot infer type for this parameter. Specify it explicitly.
e: file:///Users/jim/work/v2superbikeshed/Trikeshed/src/commonMain/kotlin/borg/trikeshed/ccek/CCEKProtocolChoreographer.kt:141:37 'operator' modifier is required on 'FirNamedFunctionSymbol kotlin/compareTo' in 'compareTo'.
e: file:///Users/jim/work/v2superbikeshed/Trikeshed/src/commonMain/kotlin/borg/trikeshed/ccek/CCEKProtocolChoreographer.kt:142:26 Suspension functions can only be called within coroutine body.
e: file:///Users/jim/work/v2superbikeshed/Trikeshed/src/commonMain/kotlin/borg/trikeshed/ccek/CCEKProtocolChoreographer.kt:165:31 Argument type mismatch: actual type is 'Join<CCEKResult, CCEKResult>', but 'Join<Int, Function1<Int, CCEKResult>>' was expected.
e: file:///Users/jim/work/v2superbikeshed/Trikeshed/src/commonMain/kotlin/borg/trikeshed/ccek/CCEKProtocolChoreographer.kt:176:31 Argument type mismatch: actual type is 'Join<CCEKResult, CCEKResult>', but 'Join<Int, Function1<Int, CCEKResult>>' was expected.
e: file:///Users/jim/work/v2superbikeshed/Trikeshed/src/commonMain/kotlin/borg/trikeshed/ccek/CCEKProtocolChoreographer.kt:187:31 Argument type mismatch: actual type is 'Join<CCEKResult, CCEKResult>', but 'Join<Int, Function1<Int, CCEKResult>>' was expected.
e: file:///Users/jim/work/v2superbikeshed/Trikeshed/src/commonMain/kotlin/borg/trikeshed/ccek/CCEKProtocolChoreographer.kt:202:35 Cannot infer type for this parameter. Specify it explicitly.
e: file:///Users/jim/work/v2superbikeshed/Trikeshed/src/commonMain/kotlin/borg/trikeshed/ccek/CCEKProtocolChoreographer.kt:202:35 Not enough information to infer type argument for 'B'.
e: file:///Users/jim/work/v2superbikeshed/Trikeshed/src/commonMain/kotlin/borg/trikeshed/ccek/CCEKProtocolChoreographer.kt:202:39 Cannot infer type for this parameter. Specify it explicitly.
e: file:///Users/jim/work/v2superbikeshed/Trikeshed/src/commonMain/kotlin/borg/trikeshed/ccek/CCEKProtocolChoreographer.kt:205:40 Suspension functions can only be called within coroutine body.
e: file:///Users/jim/work/v2superbikeshed/Trikeshed/src/commonMain/kotlin/borg/trikeshed/ccek/CCEKProtocolChoreographer.kt:206:43 Suspension functions can only be called within coroutine body.
e: file:///Users/jim/work/v2superbikeshed/Trikeshed/src/commonMain/kotlin/borg/trikeshed/ccek/CCEKProtocolChoreographer.kt:207:40 Suspension functions can only be called within coroutine body.
e: file:///Users/jim/work/v2superbikeshed/Trikeshed/src/commonMain/kotlin/borg/trikeshed/ccek/CCEKProtocolChoreographer.kt:224:23 Cannot infer type for this parameter. Specify it explicitly.
e: file:///Users/jim/work/v2superbikeshed/Trikeshed/src/commonMain/kotlin/borg/trikeshed/ccek/CCEKProtocolChoreographer.kt:225:25 Cannot infer type for this parameter. Specify it explicitly.
e: file:///Users/jim/work/v2superbikeshed/Trikeshed/src/commonMain/kotlin/borg/trikeshed/ccek/CCEKProtocolChoreographer.kt:225:27 Argument type mismatch: actual type is 'List<T (of fun <T> Collection<Deferred<T>>.awaitAll)>', but 'B (of fun <A, B> A.j)' was expected.
e: file:///Users/jim/work/v2superbikeshed/Trikeshed/src/commonMain/kotlin/borg/trikeshed/ccek/CCEKProtocolChoreographer.kt:225:27 Argument type mismatch: actual type is 'Collection<Deferred<T (of fun <T> Collection<Deferred<T>>.awaitAll)>>', but 'Function1<ERROR CLASS: No type for parameter, Deferred<CCEKResult>>' was expected.
e: file:///Users/jim/work/v2superbikeshed/Trikeshed/src/commonMain/kotlin/borg/trikeshed/ccek/CCEKProtocolChoreographer.kt:225:29 An explicit type is required on a value parameter.
e: file:///Users/jim/work/v2superbikeshed/Trikeshed/src/commonMain/kotlin/borg/trikeshed/ccek/CCEKProtocolChoreographer.kt:235:15 Cannot infer type for this parameter. Specify it explicitly.
e: file:///Users/jim/work/v2superbikeshed/Trikeshed/src/commonMain/kotlin/borg/trikeshed/ccek/CCEKProtocolChoreographer.kt:235:15 Unresolved reference. None of the following candidates is applicable because of a receiver type mismatch:
suspend fun <T> Collection<Deferred<T>>.awaitAll(): List<T>
e: file:///Users/jim/work/v2superbikeshed/Trikeshed/src/commonMain/kotlin/borg/trikeshed/ccek/CCEKProtocolChoreographer.kt:239:31 Cannot infer type for this parameter. Specify it explicitly.
e: file:///Users/jim/work/v2superbikeshed/Trikeshed/src/commonMain/kotlin/borg/trikeshed/ccek/CCEKProtocolChoreographer.kt:239:31 Not enough information to infer type argument for 'T'.
e: file:///Users/jim/work/v2superbikeshed/Trikeshed/src/commonMain/kotlin/borg/trikeshed/ccek/CCEKProtocolChoreographer.kt:282:38 Cannot infer type for this parameter. Specify it explicitly.
e: file:///Users/jim/work/v2superbikeshed/Trikeshed/src/commonMain/kotlin/borg/trikeshed/ccek/CCEKProtocolChoreographer.kt:282:38 Not enough information to infer type argument for 'B'.
e: file:///Users/jim/work/v2superbikeshed/Trikeshed/src/commonMain/kotlin/borg/trikeshed/ccek/CCEKProtocolChoreographer.kt:282:42 Cannot infer type for this parameter. Specify it explicitly.
e: file:///Users/jim/work/v2superbikeshed/Trikeshed/src/commonMain/kotlin/borg/trikeshed/ccek/CCEKProtocolChoreographer.kt:311:35 Cannot infer type for this parameter. Specify it explicitly.
e: file:///Users/jim/work/v2superbikeshed/Trikeshed/src/commonMain/kotlin/borg/trikeshed/ccek/CCEKProtocolChoreographer.kt:311:35 Not enough information to infer type argument for 'B'.
e: file:///Users/jim/work/v2superbikeshed/Trikeshed/src/commonMain/kotlin/borg/trikeshed/ccek/CCEKProtocolChoreographer.kt:311:39 Cannot infer type for this parameter. Specify it explicitly.
e: file:///Users/jim/work/v2superbikeshed/Trikeshed/src/commonMain/kotlin/borg/trikeshed/ccek/CCEKProtocolChoreographer.kt:314:40 Suspension functions can only be called within coroutine body.
e: file:///Users/jim/work/v2superbikeshed/Trikeshed/src/commonMain/kotlin/borg/trikeshed/ccek/CCEKProtocolChoreographer.kt:315:43 Suspension functions can only be called within coroutine body.
e: file:///Users/jim/work/v2superbikeshed/Trikeshed/src/commonMain/kotlin/borg/trikeshed/ccek/CCEKProtocolChoreographer.kt:316:40 Suspension functions can only be called within coroutine body.
e: file:///Users/jim/work/v2superbikeshed/Trikeshed/src/commonMain/kotlin/borg/trikeshed/ccek/CCEKProtocolIntegrationService.kt:25:9 Cannot infer type for this parameter. Specify it explicitly.
e: file:///Users/jim/work/v2superbikeshed/Trikeshed/src/commonMain/kotlin/borg/trikeshed/ccek/CCEKProtocolIntegrationService.kt:25:9 Type mismatch: inferred type is 'Join<String, ERROR CLASS: Cannot infer argument for type parameter B>', but 'Join<Int, Function1<Int, String>>' was expected.
e: file:///Users/jim/work/v2superbikeshed/Trikeshed/src/commonMain/kotlin/borg/trikeshed/ccek/CCEKProtocolIntegrationService.kt:25:17 No value passed for parameter 'b'.
e: file:///Users/jim/work/v2superbikeshed/Trikeshed/src/commonMain/kotlin/borg/trikeshed/ccek/CCEKProtocolIntegrationService.kt:25:25 Cannot infer type for this parameter. Specify it explicitly.
e: file:///Users/jim/work/v2superbikeshed/Trikeshed/src/commonMain/kotlin/borg/trikeshed/ccek/CCEKProtocolIntegrationService.kt:27:27 None of the following candidates is applicable:
fun <T> Array<out T>.contains(element: T): Boolean
fun ByteArray.contains(element: Byte): Boolean
fun ShortArray.contains(element: Short): Boolean
fun IntArray.contains(element: Int): Boolean
fun LongArray.contains(element: Long): Boolean
fun BooleanArray.contains(element: Boolean): Boolean
fun CharArray.contains(element: Char): Boolean
fun <T> Iterable<T>.contains(element: T): Boolean
fun <K, V> Map<out K, V>.contains(key: K): Boolean
fun IntRange.contains(element: Int?): Boolean
fun LongRange.contains(element: Long?): Boolean
fun CharRange.contains(element: Char?): Boolean
fun ClosedRange<Int>.contains(value: Byte): Boolean
fun ClosedRange<Long>.contains(value: Byte): Boolean
fun ClosedRange<Short>.contains(value: Byte): Boolean
fun OpenEndRange<Int>.contains(value: Byte): Boolean
fun OpenEndRange<Long>.contains(value: Byte): Boolean
fun OpenEndRange<Short>.contains(value: Byte): Boolean
fun IntRange.contains(value: Byte): Boolean
fun LongRange.contains(value: Byte): Boolean
fun ClosedRange<Float>.contains(value: Double): Boolean
fun ClosedRange<Double>.contains(value: Float): Boolean
fun OpenEndRange<Double>.contains(value: Float): Boolean
fun ClosedRange<Long>.contains(value: Int): Boolean
fun ClosedRange<Byte>.contains(value: Int): Boolean
fun ClosedRange<Short>.contains(value: Int): Boolean
fun OpenEndRange<Long>.contains(value: Int): Boolean
fun OpenEndRange<Byte>.contains(value: Int): Boolean
fun OpenEndRange<Short>.contains(value: Int): Boolean
fun LongRange.contains(value: Int): Boolean
fun ClosedRange<Int>.contains(value: Long): Boolean
fun ClosedRange<Byte>.contains(value: Long): Boolean
fun ClosedRange<Short>.contains(value: Long): Boolean
fun OpenEndRange<Int>.contains(value: Long): Boolean
fun OpenEndRange<Byte>.contains(value: Long): Boolean
fun OpenEndRange<Short>.contains(value: Long): Boolean
fun IntRange.contains(value: Long): Boolean
fun ClosedRange<Int>.contains(value: Short): Boolean
fun ClosedRange<Long>.contains(value: Short): Boolean
fun ClosedRange<Byte>.contains(value: Short): Boolean
fun OpenEndRange<Int>.contains(value: Short): Boolean
fun OpenEndRange<Long>.contains(value: Short): Boolean
fun OpenEndRange<Byte>.contains(value: Short): Boolean
fun IntRange.contains(value: Short): Boolean
fun LongRange.contains(value: Short): Boolean
fun UIntRange.contains(element: UInt?): Boolean
fun ULongRange.contains(element: ULong?): Boolean
fun UIntRange.contains(value: UByte): Boolean
fun ULongRange.contains(value: UByte): Boolean
fun ULongRange.contains(value: UInt): Boolean
fun UIntRange.contains(value: ULong): Boolean
fun UIntRange.contains(value: UShort): Boolean
fun ULongRange.contains(value: UShort): Boolean
fun <T : Any, R : ClosedRange<T>, Iterable<T>> R.contains(element: T?): Boolean
fun <T : Any, R : OpenEndRange<T>, Iterable<T>> R.contains(element: T?): Boolean
fun <T> Sequence<T>.contains(element: T): Boolean
fun CharSequence.contains(other: CharSequence, ignoreCase: Boolean = ...): Boolean
fun CharSequence.contains(char: Char, ignoreCase: Boolean = ...): Boolean
fun CharSequence.contains(regex: Regex): Boolean
e: file:///Users/jim/work/v2superbikeshed/Trikeshed/src/commonMain/kotlin/borg/trikeshed/ccek/CCEKProtocolIntegrationService.kt:27:57 None of the following candidates is applicable:
fun <T> Array<out T>.contains(element: T): Boolean
fun ByteArray.contains(element: Byte): Boolean
fun ShortArray.contains(element: Short): Boolean
fun IntArray.contains(element: Int): Boolean
fun LongArray.contains(element: Long): Boolean
fun BooleanArray.contains(element: Boolean): Boolean
fun CharArray.contains(element: Char): Boolean
fun <T> Iterable<T>.contains(element: T): Boolean
fun <K, V> Map<out K, V>.contains(key: K): Boolean
fun IntRange.contains(element: Int?): Boolean
fun LongRange.contains(element: Long?): Boolean
fun CharRange.contains(element: Char?): Boolean
fun ClosedRange<Int>.contains(value: Byte): Boolean
fun ClosedRange<Long>.contains(value: Byte): Boolean
fun ClosedRange<Short>.contains(value: Byte): Boolean
fun OpenEndRange<Int>.contains(value: Byte): Boolean
fun OpenEndRange<Long>.contains(value: Byte): Boolean
fun OpenEndRange<Short>.contains(value: Byte): Boolean
fun IntRange.contains(value: Byte): Boolean
fun LongRange.contains(value: Byte): Boolean
fun ClosedRange<Float>.contains(value: Double): Boolean
fun ClosedRange<Double>.contains(value: Float): Boolean
fun OpenEndRange<Double>.contains(value: Float): Boolean
fun ClosedRange<Long>.contains(value: Int): Boolean
fun ClosedRange<Byte>.contains(value: Int): Boolean
fun ClosedRange<Short>.contains(value: Int): Boolean
fun OpenEndRange<Long>.contains(value: Int): Boolean
fun OpenEndRange<Byte>.contains(value: Int): Boolean
fun OpenEndRange<Short>.contains(value: Int): Boolean
fun LongRange.contains(value: Int): Boolean
fun ClosedRange<Int>.contains(value: Long): Boolean
fun ClosedRange<Byte>.contains(value: Long): Boolean
fun ClosedRange<Short>.contains(value: Long): Boolean
fun OpenEndRange<Int>.contains(value: Long): Boolean
fun OpenEndRange<Byte>.contains(value: Long): Boolean
fun OpenEndRange<Short>.contains(value: Long): Boolean
fun IntRange.contains(value: Long): Boolean
fun ClosedRange<Int>.contains(value: Short): Boolean
fun ClosedRange<Long>.contains(value: Short): Boolean
fun ClosedRange<Byte>.contains(value: Short): Boolean
fun OpenEndRange<Int>.contains(value: Short): Boolean
fun OpenEndRange<Long>.contains(value: Short): Boolean
fun OpenEndRange<Byte>.contains(value: Short): Boolean
fun IntRange.contains(value: Short): Boolean
fun LongRange.contains(value: Short): Boolean
fun UIntRange.contains(element: UInt?): Boolean
fun ULongRange.contains(element: ULong?): Boolean
fun UIntRange.contains(value: UByte): Boolean
fun ULongRange.contains(value: UByte): Boolean
fun ULongRange.contains(value: UInt): Boolean
fun UIntRange.contains(value: ULong): Boolean
fun UIntRange.contains(value: UShort): Boolean
fun ULongRange.contains(value: UShort): Boolean
fun <T : Any, R : ClosedRange<T>, Iterable<T>> R.contains(element: T?): Boolean
fun <T : Any, R : OpenEndRange<T>, Iterable<T>> R.contains(element: T?): Boolean
fun <T> Sequence<T>.contains(element: T): Boolean
fun CharSequence.contains(other: CharSequence, ignoreCase: Boolean = ...): Boolean
fun CharSequence.contains(char: Char, ignoreCase: Boolean = ...): Boolean
fun CharSequence.contains(regex: Regex): Boolean
e: file:///Users/jim/work/v2superbikeshed/Trikeshed/src/commonMain/kotlin/borg/trikeshed/ccek/CCEKProtocolIntegrationService.kt:28:27 None of the following candidates is applicable:
fun <T> Array<out T>.contains(element: T): Boolean
fun ByteArray.contains(element: Byte): Boolean
fun ShortArray.contains(element: Short): Boolean
fun IntArray.contains(element: Int): Boolean
fun LongArray.contains(element: Long): Boolean
fun BooleanArray.contains(element: Boolean): Boolean
fun CharArray.contains(element: Char): Boolean
fun <T> Iterable<T>.contains(element: T): Boolean
fun <K, V> Map<out K, V>.contains(key: K): Boolean
fun IntRange.contains(element: Int?): Boolean
fun LongRange.contains(element: Long?): Boolean
fun CharRange.contains(element: Char?): Boolean
fun ClosedRange<Int>.contains(value: Byte): Boolean
fun ClosedRange<Long>.contains(value: Byte): Boolean
fun ClosedRange<Short>.contains(value: Byte): Boolean
fun OpenEndRange<Int>.contains(value: Byte): Boolean
fun OpenEndRange<Long>.contains(value: Byte): Boolean
fun OpenEndRange<Short>.contains(value: Byte): Boolean
fun IntRange.contains(value: Byte): Boolean
fun LongRange.contains(value: Byte): Boolean
fun ClosedRange<Float>.contains(value: Double): Boolean
fun ClosedRange<Double>.contains(value: Float): Boolean
fun OpenEndRange<Double>.contains(value: Float): Boolean
fun ClosedRange<Long>.contains(value: Int): Boolean
fun ClosedRange<Byte>.contains(value: Int): Boolean
fun ClosedRange<Short>.contains(value: Int): Boolean
fun OpenEndRange<Long>.contains(value: Int): Boolean
fun OpenEndRange<Byte>.contains(value: Int): Boolean
fun OpenEndRange<Short>.contains(value: Int): Boolean
fun LongRange.contains(value: Int): Boolean
fun ClosedRange<Int>.contains(value: Long): Boolean
fun ClosedRange<Byte>.contains(value: Long): Boolean
fun ClosedRange<Short>.contains(value: Long): Boolean
fun OpenEndRange<Int>.contains(value: Long): Boolean
fun OpenEndRange<Byte>.contains(value: Long): Boolean
fun OpenEndRange<Short>.contains(value: Long): Boolean
fun IntRange.contains(value: Long): Boolean
fun ClosedRange<Int>.contains(value: Short): Boolean
fun ClosedRange<Long>.contains(value: Short): Boolean
fun ClosedRange<Byte>.contains(value: Short): Boolean
fun OpenEndRange<Int>.contains(value: Short): Boolean
fun OpenEndRange<Long>.contains(value: Short): Boolean
fun OpenEndRange<Byte>.contains(value: Short): Boolean
fun IntRange.contains(value: Short): Boolean
fun LongRange.contains(value: Short): Boolean
fun UIntRange.contains(element: UInt?): Boolean
fun ULongRange.contains(element: ULong?): Boolean
fun UIntRange.contains(value: UByte): Boolean
fun ULongRange.contains(value: UByte): Boolean
fun ULongRange.contains(value: UInt): Boolean
fun UIntRange.contains(value: ULong): Boolean
fun UIntRange.contains(value: UShort): Boolean
fun ULongRange.contains(value: UShort): Boolean
fun <T : Any, R : ClosedRange<T>, Iterable<T>> R.contains(element: T?): Boolean
fun <T : Any, R : OpenEndRange<T>, Iterable<T>> R.contains(element: T?): Boolean
fun <T> Sequence<T>.contains(element: T): Boolean
fun CharSequence.contains(other: CharSequence, ignoreCase: Boolean = ...): Boolean
fun CharSequence.contains(char: Char, ignoreCase: Boolean = ...): Boolean
fun CharSequence.contains(regex: Regex): Boolean
e: file:///Users/jim/work/v2superbikeshed/Trikeshed/src/commonMain/kotlin/borg/trikeshed/ccek/CCEKProtocolIntegrationService.kt:28:57 None of the following candidates is applicable:
fun <T> Array<out T>.contains(element: T): Boolean
fun ByteArray.contains(element: Byte): Boolean
fun ShortArray.contains(element: Short): Boolean
fun IntArray.contains(element: Int): Boolean
fun LongArray.contains(element: Long): Boolean
fun BooleanArray.contains(element: Boolean): Boolean
fun CharArray.contains(element: Char): Boolean
fun <T> Iterable<T>.contains(element: T): Boolean
fun <K, V> Map<out K, V>.contains(key: K): Boolean
fun IntRange.contains(element: Int?): Boolean
fun LongRange.contains(element: Long?): Boolean
fun CharRange.contains(element: Char?): Boolean
fun ClosedRange<Int>.contains(value: Byte): Boolean
fun ClosedRange<Long>.contains(value: Byte): Boolean
fun ClosedRange<Short>.contains(value: Byte): Boolean
fun OpenEndRange<Int>.contains(value: Byte): Boolean
fun OpenEndRange<Long>.contains(value: Byte): Boolean
fun OpenEndRange<Short>.contains(value: Byte): Boolean
fun IntRange.contains(value: Byte): Boolean
fun LongRange.contains(value: Byte): Boolean
fun ClosedRange<Float>.contains(value: Double): Boolean
fun ClosedRange<Double>.contains(value: Float): Boolean
fun OpenEndRange<Double>.contains(value: Float): Boolean
fun ClosedRange<Long>.contains(value: Int): Boolean
fun ClosedRange<Byte>.contains(value: Int): Boolean
fun ClosedRange<Short>.contains(value: Int): Boolean
fun OpenEndRange<Long>.contains(value: Int): Boolean
fun OpenEndRange<Byte>.contains(value: Int): Boolean
fun OpenEndRange<Short>.contains(value: Int): Boolean
fun LongRange.contains(value: Int): Boolean
fun ClosedRange<Int>.contains(value: Long): Boolean
fun ClosedRange<Byte>.contains(value: Long): Boolean
fun ClosedRange<Short>.contains(value: Long): Boolean
fun OpenEndRange<Int>.contains(value: Long): Boolean
fun OpenEndRange<Byte>.contains(value: Long): Boolean
fun OpenEndRange<Short>.contains(value: Long): Boolean
fun IntRange.contains(value: Long): Boolean
fun ClosedRange<Int>.contains(value: Short): Boolean
fun ClosedRange<Long>.contains(value: Short): Boolean
fun ClosedRange<Byte>.contains(value: Short): Boolean
fun OpenEndRange<Int>.contains(value: Short): Boolean
fun OpenEndRange<Long>.contains(value: Short): Boolean
fun OpenEndRange<Byte>.contains(value: Short): Boolean
fun IntRange.contains(value: Short): Boolean
fun LongRange.contains(value: Short): Boolean
fun UIntRange.contains(element: UInt?): Boolean
fun ULongRange.contains(element: ULong?): Boolean
fun UIntRange.contains(value: UByte): Boolean
fun ULongRange.contains(value: UByte): Boolean
fun ULongRange.contains(value: UInt): Boolean
fun UIntRange.contains(value: ULong): Boolean
fun UIntRange.contains(value: UShort): Boolean
fun ULongRange.contains(value: UShort): Boolean
fun <T : Any, R : ClosedRange<T>, Iterable<T>> R.contains(element: T?): Boolean
fun <T : Any, R : OpenEndRange<T>, Iterable<T>> R.contains(element: T?): Boolean
fun <T> Sequence<T>.contains(element: T): Boolean
fun CharSequence.contains(other: CharSequence, ignoreCase: Boolean = ...): Boolean
fun CharSequence.contains(char: Char, ignoreCase: Boolean = ...): Boolean
fun CharSequence.contains(regex: Regex): Boolean
e: file:///Users/jim/work/v2superbikeshed/Trikeshed/src/commonMain/kotlin/borg/trikeshed/ccek/CCEKProtocolIntegrationService.kt:29:27 None of the following candidates is applicable:
fun <T> Array<out T>.contains(element: T): Boolean
fun ByteArray.contains(element: Byte): Boolean
fun ShortArray.contains(element: Short): Boolean
fun IntArray.contains(element: Int): Boolean
fun LongArray.contains(element: Long): Boolean
fun BooleanArray.contains(element: Boolean): Boolean
fun CharArray.contains(element: Char): Boolean
fun <T> Iterable<T>.contains(element: T): Boolean
fun <K, V> Map<out K, V>.contains(key: K): Boolean
fun IntRange.contains(element: Int?): Boolean
fun LongRange.contains(element: Long?): Boolean
fun CharRange.contains(element: Char?): Boolean
fun ClosedRange<Int>.contains(value: Byte): Boolean
fun ClosedRange<Long>.contains(value: Byte): Boolean
fun ClosedRange<Short>.contains(value: Byte): Boolean
fun OpenEndRange<Int>.contains(value: Byte): Boolean
fun OpenEndRange<Long>.contains(value: Byte): Boolean
fun OpenEndRange<Short>.contains(value: Byte): Boolean
fun IntRange.contains(value: Byte): Boolean
fun LongRange.contains(value: Byte): Boolean
fun ClosedRange<Float>.contains(value: Double): Boolean
fun ClosedRange<Double>.contains(value: Float): Boolean
fun OpenEndRange<Double>.contains(value: Float): Boolean
fun ClosedRange<Long>.contains(value: Int): Boolean
fun ClosedRange<Byte>.contains(value: Int): Boolean
fun ClosedRange<Short>.contains(value: Int): Boolean
fun OpenEndRange<Long>.contains(value: Int): Boolean
fun OpenEndRange<Byte>.contains(value: Int): Boolean
fun OpenEndRange<Short>.contains(value: Int): Boolean
fun LongRange.contains(value: Int): Boolean
fun ClosedRange<Int>.contains(value: Long): Boolean
fun ClosedRange<Byte>.contains(value: Long): Boolean
fun ClosedRange<Short>.contains(value: Long): Boolean
fun OpenEndRange<Int>.contains(value: Long): Boolean
fun OpenEndRange<Byte>.contains(value: Long): Boolean
fun OpenEndRange<Short>.contains(value: Long): Boolean
fun IntRange.contains(value: Long): Boolean
fun ClosedRange<Int>.contains(value: Short): Boolean
fun ClosedRange<Long>.contains(value: Short): Boolean
fun ClosedRange<Byte>.contains(value: Short): Boolean
fun OpenEndRange<Int>.contains(value: Short): Boolean
fun OpenEndRange<Long>.contains(value: Short): Boolean
fun OpenEndRange<Byte>.contains(value: Short): Boolean
fun IntRange.contains(value: Short): Boolean
fun LongRange.contains(value: Short): Boolean
fun UIntRange.contains(element: UInt?): Boolean
fun ULongRange.contains(element: ULong?): Boolean
fun UIntRange.contains(value: UByte): Boolean
fun ULongRange.contains(value: UByte): Boolean
fun ULongRange.contains(value: UInt): Boolean
fun UIntRange.contains(value: ULong): Boolean
fun UIntRange.contains(value: UShort): Boolean
fun ULongRange.contains(value: UShort): Boolean
fun <T : Any, R : ClosedRange<T>, Iterable<T>> R.contains(element: T?): Boolean
fun <T : Any, R : OpenEndRange<T>, Iterable<T>> R.contains(element: T?): Boolean
fun <T> Sequence<T>.contains(element: T): Boolean
fun CharSequence.contains(other: CharSequence, ignoreCase: Boolean = ...): Boolean
fun CharSequence.contains(char: Char, ignoreCase: Boolean = ...): Boolean
fun CharSequence.contains(regex: Regex): Boolean
e: file:///Users/jim/work/v2superbikeshed/Trikeshed/src/commonMain/kotlin/borg/trikeshed/ccek/CCEKProtocolIntegrationService.kt:29:60 None of the following candidates is applicable:
fun <T> Array<out T>.contains(element: T): Boolean
fun ByteArray.contains(element: Byte): Boolean
fun ShortArray.contains(element: Short): Boolean
fun IntArray.contains(element: Int): Boolean
fun LongArray.contains(element: Long): Boolean
fun BooleanArray.contains(element: Boolean): Boolean
fun CharArray.contains(element: Char): Boolean
fun <T> Iterable<T>.contains(element: T): Boolean
fun <K, V> Map<out K, V>.contains(key: K): Boolean
fun IntRange.contains(element: Int?): Boolean
fun LongRange.contains(element: Long?): Boolean
fun CharRange.contains(element: Char?): Boolean
fun ClosedRange<Int>.contains(value: Byte): Boolean
fun ClosedRange<Long>.contains(value: Byte): Boolean
fun ClosedRange<Short>.contains(value: Byte): Boolean
fun OpenEndRange<Int>.contains(value: Byte): Boolean
fun OpenEndRange<Long>.contains(value: Byte): Boolean
fun OpenEndRange<Short>.contains(value: Byte): Boolean
fun IntRange.contains(value: Byte): Boolean
fun LongRange.contains(value: Byte): Boolean
fun ClosedRange<Float>.contains(value: Double): Boolean
fun ClosedRange<Double>.contains(value: Float): Boolean
fun OpenEndRange<Double>.contains(value: Float): Boolean
fun ClosedRange<Long>.contains(value: Int): Boolean
fun ClosedRange<Byte>.contains(value: Int): Boolean
fun ClosedRange<Short>.contains(value: Int): Boolean
fun OpenEndRange<Long>.contains(value: Int): Boolean
fun OpenEndRange<Byte>.contains(value: Int): Boolean
fun OpenEndRange<Short>.contains(value: Int): Boolean
fun LongRange.contains(value: Int): Boolean
fun ClosedRange<Int>.contains(value: Long): Boolean
fun ClosedRange<Byte>.contains(value: Long): Boolean
fun ClosedRange<Short>.contains(value: Long): Boolean
fun OpenEndRange<Int>.contains(value: Long): Boolean
fun OpenEndRange<Byte>.contains(value: Long): Boolean
fun OpenEndRange<Short>.contains(value: Long): Boolean
fun IntRange.contains(value: Long): Boolean
fun ClosedRange<Int>.contains(value: Short): Boolean
fun ClosedRange<Long>.contains(value: Short): Boolean
fun ClosedRange<Byte>.contains(value: Short): Boolean
fun OpenEndRange<Int>.contains(value: Short): Boolean
fun OpenEndRange<Long>.contains(value: Short): Boolean
fun OpenEndRange<Byte>.contains(value: Short): Boolean
fun IntRange.contains(value: Short): Boolean
fun LongRange.contains(value: Short): Boolean
fun UIntRange.contains(element: UInt?): Boolean
fun ULongRange.contains(element: ULong?): Boolean
fun UIntRange.contains(value: UByte): Boolean
fun ULongRange.contains(value: UByte): Boolean
fun ULongRange.contains(value: UInt): Boolean
fun UIntRange.contains(value: ULong): Boolean
fun UIntRange.contains(value: UShort): Boolean
fun ULongRange.contains(value: UShort): Boolean
fun <T : Any, R : ClosedRange<T>, Iterable<T>> R.contains(element: T?): Boolean
fun <T : Any, R : OpenEndRange<T>, Iterable<T>> R.contains(element: T?): Boolean
fun <T> Sequence<T>.contains(element: T): Boolean
fun CharSequence.contains(other: CharSequence, ignoreCase: Boolean = ...): Boolean
fun CharSequence.contains(char: Char, ignoreCase: Boolean = ...): Boolean
fun CharSequence.contains(regex: Regex): Boolean
e: file:///Users/jim/work/v2superbikeshed/Trikeshed/src/commonMain/kotlin/borg/trikeshed/ccek/CCEKProtocolIntegrationService.kt:30:27 None of the following candidates is applicable:
fun <T> Array<out T>.contains(element: T): Boolean
fun ByteArray.contains(element: Byte): Boolean
fun ShortArray.contains(element: Short): Boolean
fun IntArray.contains(element: Int): Boolean
fun LongArray.contains(element: Long): Boolean
fun BooleanArray.contains(element: Boolean): Boolean
fun CharArray.contains(element: Char): Boolean
fun <T> Iterable<T>.contains(element: T): Boolean
fun <K, V> Map<out K, V>.contains(key: K): Boolean
fun IntRange.contains(element: Int?): Boolean
fun LongRange.contains(element: Long?): Boolean
fun CharRange.contains(element: Char?): Boolean
fun ClosedRange<Int>.contains(value: Byte): Boolean
fun ClosedRange<Long>.contains(value: Byte): Boolean
fun ClosedRange<Short>.contains(value: Byte): Boolean
fun OpenEndRange<Int>.contains(value: Byte): Boolean
fun OpenEndRange<Long>.contains(value: Byte): Boolean
fun OpenEndRange<Short>.contains(value: Byte): Boolean
fun IntRange.contains(value: Byte): Boolean
fun LongRange.contains(value: Byte): Boolean
fun ClosedRange<Float>.contains(value: Double): Boolean
fun ClosedRange<Double>.contains(value: Float): Boolean
fun OpenEndRange<Double>.contains(value: Float): Boolean
fun ClosedRange<Long>.contains(value: Int): Boolean
fun ClosedRange<Byte>.contains(value: Int): Boolean
fun ClosedRange<Short>.contains(value: Int): Boolean
fun OpenEndRange<Long>.contains(value: Int): Boolean
fun OpenEndRange<Byte>.contains(value: Int): Boolean
fun OpenEndRange<Short>.contains(value: Int): Boolean
fun LongRange.contains(value: Int): Boolean
fun ClosedRange<Int>.contains(value: Long): Boolean
fun ClosedRange<Byte>.contains(value: Long): Boolean
fun ClosedRange<Short>.contains(value: Long): Boolean
fun OpenEndRange<Int>.contains(value: Long): Boolean
fun OpenEndRange<Byte>.contains(value: Long): Boolean
fun OpenEndRange<Short>.contains(value: Long): Boolean
fun IntRange.contains(value: Long): Boolean
fun ClosedRange<Int>.contains(value: Short): Boolean
fun ClosedRange<Long>.contains(value: Short): Boolean
fun ClosedRange<Byte>.contains(value: Short): Boolean
fun OpenEndRange<Int>.contains(value: Short): Boolean
fun OpenEndRange<Long>.contains(value: Short): Boolean
fun OpenEndRange<Byte>.contains(value: Short): Boolean
fun IntRange.contains(value: Short): Boolean
fun LongRange.contains(value: Short): Boolean
fun UIntRange.contains(element: UInt?): Boolean
fun ULongRange.contains(element: ULong?): Boolean
fun UIntRange.contains(value: UByte): Boolean
fun ULongRange.contains(value: UByte): Boolean
fun ULongRange.contains(value: UInt): Boolean
fun UIntRange.contains(value: ULong): Boolean
fun UIntRange.contains(value: UShort): Boolean
fun ULongRange.contains(value: UShort): Boolean
fun <T : Any, R : ClosedRange<T>, Iterable<T>> R.contains(element: T?): Boolean
fun <T : Any, R : OpenEndRange<T>, Iterable<T>> R.contains(element: T?): Boolean
fun <T> Sequence<T>.contains(element: T): Boolean
fun CharSequence.contains(other: CharSequence, ignoreCase: Boolean = ...): Boolean
fun CharSequence.contains(char: Char, ignoreCase: Boolean = ...): Boolean
fun CharSequence.contains(regex: Regex): Boolean
e: file:///Users/jim/work/v2superbikeshed/Trikeshed/src/commonMain/kotlin/borg/trikeshed/ccek/CCEKProtocolIntegrationService.kt:31:27 None of the following candidates is applicable:
fun <T> Array<out T>.contains(element: T): Boolean
fun ByteArray.contains(element: Byte): Boolean
fun ShortArray.contains(element: Short): Boolean
fun IntArray.contains(element: Int): Boolean
fun LongArray.contains(element: Long): Boolean
fun BooleanArray.contains(element: Boolean): Boolean
fun CharArray.contains(element: Char): Boolean
fun <T> Iterable<T>.contains(element: T): Boolean
fun <K, V> Map<out K, V>.contains(key: K): Boolean
fun IntRange.contains(element: Int?): Boolean
fun LongRange.contains(element: Long?): Boolean
fun CharRange.contains(element: Char?): Boolean
fun ClosedRange<Int>.contains(value: Byte): Boolean
fun ClosedRange<Long>.contains(value: Byte): Boolean
fun ClosedRange<Short>.contains(value: Byte): Boolean
fun OpenEndRange<Int>.contains(value: Byte): Boolean
fun OpenEndRange<Long>.contains(value: Byte): Boolean
fun OpenEndRange<Short>.contains(value: Byte): Boolean
fun IntRange.contains(value: Byte): Boolean
fun LongRange.contains(value: Byte): Boolean
fun ClosedRange<Float>.contains(value: Double): Boolean
fun ClosedRange<Double>.contains(value: Float): Boolean
fun OpenEndRange<Double>.contains(value: Float): Boolean
fun ClosedRange<Long>.contains(value: Int): Boolean
fun ClosedRange<Byte>.contains(value: Int): Boolean
fun ClosedRange<Short>.contains(value: Int): Boolean
fun OpenEndRange<Long>.contains(value: Int): Boolean
fun OpenEndRange<Byte>.contains(value: Int): Boolean
fun OpenEndRange<Short>.contains(value: Int): Boolean
fun LongRange.contains(value: Int): Boolean
fun ClosedRange<Int>.contains(value: Long): Boolean
fun ClosedRange<Byte>.contains(value: Long): Boolean
fun ClosedRange<Short>.contains(value: Long): Boolean
fun OpenEndRange<Int>.contains(value: Long): Boolean
fun OpenEndRange<Byte>.contains(value: Long): Boolean
fun OpenEndRange<Short>.contains(value: Long): Boolean
fun IntRange.contains(value: Long): Boolean
fun ClosedRange<Int>.contains(value: Short): Boolean
fun ClosedRange<Long>.contains(value: Short): Boolean
fun ClosedRange<Byte>.contains(value: Short): Boolean
fun OpenEndRange<Int>.contains(value: Short): Boolean
fun OpenEndRange<Long>.contains(value: Short): Boolean
fun OpenEndRange<Byte>.contains(value: Short): Boolean
fun IntRange.contains(value: Short): Boolean
fun LongRange.contains(value: Short): Boolean
fun UIntRange.contains(element: UInt?): Boolean
fun ULongRange.contains(element: ULong?): Boolean
fun UIntRange.contains(value: UByte): Boolean
fun ULongRange.contains(value: UByte): Boolean
fun ULongRange.contains(value: UInt): Boolean
fun UIntRange.contains(value: ULong): Boolean
fun UIntRange.contains(value: UShort): Boolean
fun ULongRange.contains(value: UShort): Boolean
fun <T : Any, R : ClosedRange<T>, Iterable<T>> R.contains(element: T?): Boolean
fun <T : Any, R : OpenEndRange<T>, Iterable<T>> R.contains(element: T?): Boolean
fun <T> Sequence<T>.contains(element: T): Boolean
fun CharSequence.contains(other: CharSequence, ignoreCase: Boolean = ...): Boolean
fun CharSequence.contains(char: Char, ignoreCase: Boolean = ...): Boolean
fun CharSequence.contains(regex: Regex): Boolean
e: file:///Users/jim/work/v2superbikeshed/Trikeshed/src/commonMain/kotlin/borg/trikeshed/ccek/CCEKProtocolIntegrationService.kt:32:27 None of the following candidates is applicable:
fun <T> Array<out T>.contains(element: T): Boolean
fun ByteArray.contains(element: Byte): Boolean
fun ShortArray.contains(element: Short): Boolean
fun IntArray.contains(element: Int): Boolean
fun LongArray.contains(element: Long): Boolean
fun BooleanArray.contains(element: Boolean): Boolean
fun CharArray.contains(element: Char): Boolean
fun <T> Iterable<T>.contains(element: T): Boolean
fun <K, V> Map<out K, V>.contains(key: K): Boolean
fun IntRange.contains(element: Int?): Boolean
fun LongRange.contains(element: Long?): Boolean
fun CharRange.contains(element: Char?): Boolean
fun ClosedRange<Int>.contains(value: Byte): Boolean
fun ClosedRange<Long>.contains(value: Byte): Boolean
fun ClosedRange<Short>.contains(value: Byte): Boolean
fun OpenEndRange<Int>.contains(value: Byte): Boolean
fun OpenEndRange<Long>.contains(value: Byte): Boolean
fun OpenEndRange<Short>.contains(value: Byte): Boolean
fun IntRange.contains(value: Byte): Boolean
fun LongRange.contains(value: Byte): Boolean
fun ClosedRange<Float>.contains(value: Double): Boolean
fun ClosedRange<Double>.contains(value: Float): Boolean
fun OpenEndRange<Double>.contains(value: Float): Boolean
fun ClosedRange<Long>.contains(value: Int): Boolean
fun ClosedRange<Byte>.contains(value: Int): Boolean
fun ClosedRange<Short>.contains(value: Int): Boolean
fun OpenEndRange<Long>.contains(value: Int): Boolean
fun OpenEndRange<Byte>.contains(value: Int): Boolean
fun OpenEndRange<Short>.contains(value: Int): Boolean
fun LongRange.contains(value: Int): Boolean
fun ClosedRange<Int>.contains(value: Long): Boolean
fun ClosedRange<Byte>.contains(value: Long): Boolean
fun ClosedRange<Short>.contains(value: Long): Boolean
fun OpenEndRange<Int>.contains(value: Long): Boolean
fun OpenEndRange<Byte>.contains(value: Long): Boolean
fun OpenEndRange<Short>.contains(value: Long): Boolean
fun IntRange.contains(value: Long): Boolean
fun ClosedRange<Int>.contains(value: Short): Boolean
fun ClosedRange<Long>.contains(value: Short): Boolean
fun ClosedRange<Byte>.contains(value: Short): Boolean
fun OpenEndRange<Int>.contains(value: Short): Boolean
fun OpenEndRange<Long>.contains(value: Short): Boolean
fun OpenEndRange<Byte>.contains(value: Short): Boolean
fun IntRange.contains(value: Short): Boolean
fun LongRange.contains(value: Short): Boolean
fun UIntRange.contains(element: UInt?): Boolean
fun ULongRange.contains(element: ULong?): Boolean
fun UIntRange.contains(value: UByte): Boolean
fun ULongRange.contains(value: UByte): Boolean
fun ULongRange.contains(value: UInt): Boolean
fun UIntRange.contains(value: ULong): Boolean
fun UIntRange.contains(value: UShort): Boolean
fun ULongRange.contains(value: UShort): Boolean
fun <T : Any, R : ClosedRange<T>, Iterable<T>> R.contains(element: T?): Boolean
fun <T : Any, R : OpenEndRange<T>, Iterable<T>> R.contains(element: T?): Boolean
fun <T> Sequence<T>.contains(element: T): Boolean
fun CharSequence.contains(other: CharSequence, ignoreCase: Boolean = ...): Boolean
fun CharSequence.contains(char: Char, ignoreCase: Boolean = ...): Boolean
fun CharSequence.contains(regex: Regex): Boolean
e: file:///Users/jim/work/v2superbikeshed/Trikeshed/src/commonMain/kotlin/borg/trikeshed/ccek/CCEKProtocolIntegrationService.kt:40:13 Argument type mismatch: actual type is 'CCEKContext', but 'Function0<CCEKContext>' was expected.
e: file:///Users/jim/work/v2superbikeshed/Trikeshed/src/commonMain/kotlin/borg/trikeshed/ccek/CCEKProtocolIntegrationService.kt:59:18 Unresolved reference 'CoroutineContext'.
e: file:///Users/jim/work/v2superbikeshed/Trikeshed/src/commonMain/kotlin/borg/trikeshed/ccek/CCEKProtocolIntegrationService.kt:59:49 Unresolved reference 'IO'.
e: file:///Users/jim/work/v2superbikeshed/Trikeshed/src/commonMain/kotlin/borg/trikeshed/ccek/CCEKProtocolIntegrationService.kt:115:18 Unresolved reference 'CoroutineContext'.
e: file:///Users/jim/work/v2superbikeshed/Trikeshed/src/commonMain/kotlin/borg/trikeshed/ccek/CCEKProtocolIntegrationService.kt:115:49 Unresolved reference 'IO'.
e: file:///Users/jim/work/v2superbikeshed/Trikeshed/src/commonMain/kotlin/borg/trikeshed/ccek/CCEKProtocolIntegrationService.kt:121:31 Suspension functions can only be called within coroutine body.
e: file:///Users/jim/work/v2superbikeshed/Trikeshed/src/commonMain/kotlin/borg/trikeshed/ccek/CCEKProtocolIntegrationService.kt:122:34 Suspension functions can only be called within coroutine body.
e: file:///Users/jim/work/v2superbikeshed/Trikeshed/src/commonMain/kotlin/borg/trikeshed/ccek/CCEKProtocolIntegrationService.kt:123:31 Suspension functions can only be called within coroutine body.
e: file:///Users/jim/work/v2superbikeshed/Trikeshed/src/commonMain/kotlin/borg/trikeshed/ccek/CCEKProtocolIntegrationService.kt:135:23 Cannot infer type for this parameter. Specify it explicitly.
e: file:///Users/jim/work/v2superbikeshed/Trikeshed/src/commonMain/kotlin/borg/trikeshed/ccek/CCEKProtocolIntegrationService.kt:135:23 Argument type mismatch: actual type is 'Join<CCEKResult, B (of fun <A, B> invoke)>', but 'Join<Int, Function1<Int, CCEKResult>>' was expected.
e: file:///Users/jim/work/v2superbikeshed/Trikeshed/src/commonMain/kotlin/borg/trikeshed/ccek/CCEKProtocolIntegrationService.kt:135:31 No value passed for parameter 'b'.
e: file:///Users/jim/work/v2superbikeshed/Trikeshed/src/commonMain/kotlin/borg/trikeshed/ccek/CCEKProtocolIntegrationService.kt:144:23 Cannot infer type for this parameter. Specify it explicitly.
e: file:///Users/jim/work/v2superbikeshed/Trikeshed/src/commonMain/kotlin/borg/trikeshed/ccek/CCEKProtocolIntegrationService.kt:144:23 Argument type mismatch: actual type is 'Join<CCEKResult, B (of fun <A, B> invoke)>', but 'Join<Int, Function1<Int, CCEKResult>>' was expected.
e: file:///Users/jim/work/v2superbikeshed/Trikeshed/src/commonMain/kotlin/borg/trikeshed/ccek/CCEKProtocolIntegrationService.kt:144:31 No value passed for parameter 'b'.
e: file:///Users/jim/work/v2superbikeshed/Trikeshed/src/commonMain/kotlin/borg/trikeshed/ccek/CCEKProtocolIntegrationService.kt:153:23 Cannot infer type for this parameter. Specify it explicitly.
e: file:///Users/jim/work/v2superbikeshed/Trikeshed/src/commonMain/kotlin/borg/trikeshed/ccek/CCEKProtocolIntegrationService.kt:153:23 Argument type mismatch: actual type is 'Join<CCEKResult, B (of fun <A, B> invoke)>', but 'Join<Int, Function1<Int, CCEKResult>>' was expected.
e: file:///Users/jim/work/v2superbikeshed/Trikeshed/src/commonMain/kotlin/borg/trikeshed/ccek/CCEKProtocolIntegrationService.kt:153:31 No value passed for parameter 'b'.
e: file:///Users/jim/work/v2superbikeshed/Trikeshed/src/commonMain/kotlin/borg/trikeshed/ccek/CCEKProtocolIntegrationService.kt:164:23 Argument type mismatch: actual type is 'Join<CCEKResult, CCEKResult>', but 'Join<Int, Function1<Int, CCEKResult>>' was expected.
e: file:///Users/jim/work/v2superbikeshed/Trikeshed/src/commonMain/kotlin/borg/trikeshed/ccek/CCEKProtocolIntegrationService.kt:175:23 Argument type mismatch: actual type is 'Join<CCEKResult, CCEKResult>', but 'Join<Int, Function1<Int, CCEKResult>>' was expected.
e: file:///Users/jim/work/v2superbikeshed/Trikeshed/src/commonMain/kotlin/borg/trikeshed/ccek/CCEKProtocolIntegrationService.kt:186:23 Argument type mismatch: actual type is 'Join<CCEKResult, CCEKResult>', but 'Join<Int, Function1<Int, CCEKResult>>' was expected.
e: file:///Users/jim/work/v2superbikeshed/Trikeshed/src/commonMain/kotlin/borg/trikeshed/ccek/CCEKProtocolIntegrationService.kt:193:60 Cannot infer type for this parameter. Specify it explicitly.
e: file:///Users/jim/work/v2superbikeshed/Trikeshed/src/commonMain/kotlin/borg/trikeshed/ccek/CCEKProtocolIntegrationService.kt:193:60 Argument type mismatch: actual type is 'Join<String, B (of fun <A, B> invoke)>', but 'Join<Int, Function1<Int, String>>' was expected.
e: file:///Users/jim/work/v2superbikeshed/Trikeshed/src/commonMain/kotlin/borg/trikeshed/ccek/CCEKProtocolIntegrationService.kt:193:68 No value passed for parameter 'b'.
e: file:///Users/jim/work/v2superbikeshed/Trikeshed/src/commonMain/kotlin/borg/trikeshed/ccek/CCEKProtocolOrchestrator.kt:8:27 Unresolved reference 'PackingStrategies'.
e: file:///Users/jim/work/v2superbikeshed/Trikeshed/src/commonMain/kotlin/borg/trikeshed/ccek/CCEKProtocolOrchestrator.kt:23:13 Argument type mismatch: actual type is 'ProtocolTarget', but 'Function0<ProtocolTarget>' was expected.
e: file:///Users/jim/work/v2superbikeshed/Trikeshed/src/commonMain/kotlin/borg/trikeshed/ccek/CCEKProtocolOrchestrator.kt:32:76 Unresolved reference 'PackingStrategies'.
e: file:///Users/jim/work/v2superbikeshed/Trikeshed/src/commonMain/kotlin/borg/trikeshed/ccek/CCEKProtocolOrchestrator.kt:35:42 Unresolved reference 'PackingStrategies'.
e: file:///Users/jim/work/v2superbikeshed/Trikeshed/src/commonMain/kotlin/borg/trikeshed/ccek/CCEKProtocolOrchestrator.kt:36:45 Unresolved reference 'PackingStrategies'.
e: file:///Users/jim/work/v2superbikeshed/Trikeshed/src/commonMain/kotlin/borg/trikeshed/ccek/CCEKProtocolOrchestrator.kt:37:42 Unresolved reference 'PackingStrategies'.
e: file:///Users/jim/work/v2superbikeshed/Trikeshed/src/commonMain/kotlin/borg/trikeshed/ccek/CCEKProtocolOrchestrator.kt:38:45 Unresolved reference 'PackingStrategies'.
e: file:///Users/jim/work/v2superbikeshed/Trikeshed/src/commonMain/kotlin/borg/trikeshed/ccek/CCEKProtocolOrchestrator.kt:45:13 Argument type mismatch: actual type is 'EncodingStrategy', but 'Function0<EncodingStrategy>' was expected.
e: file:///Users/jim/work/v2superbikeshed/Trikeshed/src/commonMain/kotlin/borg/trikeshed/ccek/CCEKProtocolOrchestrator.kt:56:13 Argument type mismatch: actual type is 'CCEKContext', but 'Function0<CCEKContext>' was expected.
e: file:///Users/jim/work/v2superbikeshed/Trikeshed/src/commonMain/kotlin/borg/trikeshed/ccek/CCEKProtocolOrchestrator.kt:69:13 Argument type mismatch: actual type is 'QuicFrameHandler', but 'Function0<QuicFrameHandler>' was expected.
e: file:///Users/jim/work/v2superbikeshed/Trikeshed/src/commonMain/kotlin/borg/trikeshed/ccek/CCEKProtocolOrchestrator.kt:82:13 Argument type mismatch: actual type is 'QuicCompressionContext', but 'Function0<QuicCompressionContext>' was expected.
e: file:///Users/jim/work/v2superbikeshed/Trikeshed/src/commonMain/kotlin/borg/trikeshed/ccek/CCEKProtocolOrchestrator.kt:94:13 Argument type mismatch: actual type is 'CouchDBDocumentHandler', but 'Function0<CouchDBDocumentHandler>' was expected.
e: file:///Users/jim/work/v2superbikeshed/Trikeshed/src/commonMain/kotlin/borg/trikeshed/ccek/CCEKProtocolOrchestrator.kt:106:13 Argument type mismatch: actual type is 'CouchDBCompressionContext', but 'Function0<CouchDBCompressionContext>' was expected.
e: file:///Users/jim/work/v2superbikeshed/Trikeshed/src/commonMain/kotlin/borg/trikeshed/ccek/CCEKProtocolOrchestrator.kt:120:13 Argument type mismatch: actual type is 'IPFSBlockHandler', but 'Function0<IPFSBlockHandler>' was expected.
e: file:///Users/jim/work/v2superbikeshed/Trikeshed/src/commonMain/kotlin/borg/trikeshed/ccek/CCEKProtocolOrchestrator.kt:132:13 Argument type mismatch: actual type is 'IPFSCompressionContext', but 'Function0<IPFSCompressionContext>' was expected.
e: file:///Users/jim/work/v2superbikeshed/Trikeshed/src/commonMain/kotlin/borg/trikeshed/ccek/CCEKProtocolOrchestrator.kt:157:13 Suspension functions can only be called within coroutine body.
e: file:///Users/jim/work/v2superbikeshed/Trikeshed/src/commonMain/kotlin/borg/trikeshed/ccek/CCEKProtocolOrchestrator.kt:227:22 Unresolved reference 'PackingStrategies'.
e: file:///Users/jim/work/v2superbikeshed/Trikeshed/src/commonMain/kotlin/borg/trikeshed/ccek/CCEKProtocolOrchestrator.kt:244:73 Unresolved reference 'PackingStrategies'.
e: file:///Users/jim/work/v2superbikeshed/Trikeshed/src/commonMain/kotlin/borg/trikeshed/ccek/CCEKProtocolOrchestrator.kt:245:16 'when' expression must be exhaustive. Add an 'else' branch.
e: file:///Users/jim/work/v2superbikeshed/Trikeshed/src/commonMain/kotlin/borg/trikeshed/ccek/CCEKProtocolOrchestrator.kt:246:13 Unresolved reference 'PackingStrategies'.
e: file:///Users/jim/work/v2superbikeshed/Trikeshed/src/commonMain/kotlin/borg/trikeshed/ccek/CCEKProtocolOrchestrator.kt:246:53 Unresolved reference 'LZ4'.
e: file:///Users/jim/work/v2superbikeshed/Trikeshed/src/commonMain/kotlin/borg/trikeshed/ccek/CCEKProtocolOrchestrator.kt:247:13 Unresolved reference 'PackingStrategies'.
e: file:///Users/jim/work/v2superbikeshed/Trikeshed/src/commonMain/kotlin/borg/trikeshed/ccek/CCEKProtocolOrchestrator.kt:247:54 Unresolved reference 'ZSTD'.
e: file:///Users/jim/work/v2superbikeshed/Trikeshed/src/commonMain/kotlin/borg/trikeshed/ccek/CCEKProtocolOrchestrator.kt:248:13 Unresolved reference 'PackingStrategies'.
e: file:///Users/jim/work/v2superbikeshed/Trikeshed/src/commonMain/kotlin/borg/trikeshed/ccek/CCEKProtocolOrchestrator.kt:248:56 Unresolved reference 'BROTLI'.
e: file:///Users/jim/work/v2superbikeshed/Trikeshed/src/commonMain/kotlin/borg/trikeshed/ccek/CCEKProtocolOrchestrator.kt:249:13 Unresolved reference 'PackingStrategies'.
e: file:///Users/jim/work/v2superbikeshed/Trikeshed/src/commonMain/kotlin/borg/trikeshed/ccek/CCEKProtocolOrchestrator.kt:355:12 Redeclaration:
enum class CCEKContext : Enum<CCEKContext>
e: file:///Users/jim/work/v2superbikeshed/Trikeshed/src/commonMain/kotlin/borg/trikeshed/common/FileSystem.kt:3:12 readLinesSeq: expect and corresponding actual are declared in the same module.
e: file:///Users/jim/work/v2superbikeshed/Trikeshed/src/commonMain/kotlin/borg/trikeshed/common/FileSystem.kt:4:12 readLines: expect and corresponding actual are declared in the same module.
e: file:///Users/jim/work/v2superbikeshed/Trikeshed/src/commonMain/kotlin/borg/trikeshed/common/ReadLines.kt:3:5 readLinesSeq: expect and corresponding actual are declared in the same module.
e: file:///Users/jim/work/v2superbikeshed/Trikeshed/src/commonMain/kotlin/borg/trikeshed/common/ReadLines.kt:7:5 readLines: expect and corresponding actual are declared in the same module.
e: file:///Users/jim/work/v2superbikeshed/Trikeshed/src/commonMain/kotlin/borg/trikeshed/common/collections/BinarySearch.kt:19:25 None of the following candidates is applicable:
fun <T> Join<Int, Function1<Int, Join<Any?, TypeMemento>>>.get(column: Column<T>): T?
fun <T : Any> JsReference<T>.get(): T
e: file:///Users/jim/work/v2superbikeshed/Trikeshed/src/commonMain/kotlin/borg/trikeshed/common/collections/BinarySearch.kt:34:22 None of the following candidates is applicable:
fun <T> Join<Int, Function1<Int, Join<Any?, TypeMemento>>>.get(column: Column<T>): T?
fun <T : Any> JsReference<T>.get(): T
e: file:///Users/jim/work/v2superbikeshed/Trikeshed/src/commonMain/kotlin/borg/trikeshed/common/collections/BinarySearch.kt:37:20 'operator' modifier is required on 'FirNamedFunctionSymbol kotlin/compareTo' in 'compareTo'.
e: file:///Users/jim/work/v2superbikeshed/Trikeshed/src/commonMain/kotlin/borg/trikeshed/common/collections/BinarySearch.kt:38:20 'operator' modifier is required on 'FirNamedFunctionSymbol kotlin/compareTo' in 'compareTo'.
e: file:///Users/jim/work/v2superbikeshed/Trikeshed/src/commonMain/kotlin/borg/trikeshed/common/collections/BinarySearch.kt:52:22 None of the following candidates is applicable:
fun <T> Join<Int, Function1<Int, Join<Any?, TypeMemento>>>.get(column: Column<T>): T?
fun <T : Any> JsReference<T>.get(): T
e: file:///Users/jim/work/v2superbikeshed/Trikeshed/src/commonMain/kotlin/borg/trikeshed/common/collections/BinarySearch.kt:55:20 'operator' modifier is required on 'FirNamedFunctionSymbol kotlin/compareTo' in 'compareTo'.
e: file:///Users/jim/work/v2superbikeshed/Trikeshed/src/commonMain/kotlin/borg/trikeshed/common/collections/BinarySearch.kt:56:20 'operator' modifier is required on 'FirNamedFunctionSymbol kotlin/compareTo' in 'compareTo'.
e: file:///Users/jim/work/v2superbikeshed/Trikeshed/src/commonMain/kotlin/borg/trikeshed/common/collections/BinarySearch.kt:69:22 None of the following candidates is applicable:
fun <T> Join<Int, Function1<Int, Join<Any?, TypeMemento>>>.get(column: Column<T>): T?
fun <T : Any> JsReference<T>.get(): T
e: file:///Users/jim/work/v2superbikeshed/Trikeshed/src/commonMain/kotlin/borg/trikeshed/common/collections/BinarySearch.kt:72:20 'operator' modifier is required on 'FirNamedFunctionSymbol kotlin/compareTo' in 'compareTo'.
e: file:///Users/jim/work/v2superbikeshed/Trikeshed/src/commonMain/kotlin/borg/trikeshed/common/collections/BinarySearch.kt:73:20 'operator' modifier is required on 'FirNamedFunctionSymbol kotlin/compareTo' in 'compareTo'.
e: file:///Users/jim/work/v2superbikeshed/Trikeshed/src/commonMain/kotlin/borg/trikeshed/common/collections/BinarySearch.kt:87:22 None of the following candidates is applicable:
fun <T> Join<Int, Function1<Int, Join<Any?, TypeMemento>>>.get(column: Column<T>): T?
fun <T : Any> JsReference<T>.get(): T
e: file:///Users/jim/work/v2superbikeshed/Trikeshed/src/commonMain/kotlin/borg/trikeshed/common/collections/BinarySearch.kt:90:20 'operator' modifier is required on 'FirNamedFunctionSymbol kotlin/compareTo' in 'compareTo'.
e: file:///Users/jim/work/v2superbikeshed/Trikeshed/src/commonMain/kotlin/borg/trikeshed/common/collections/BinarySearch.kt:91:20 'operator' modifier is required on 'FirNamedFunctionSymbol kotlin/compareTo' in 'compareTo'.
e: file:///Users/jim/work/v2superbikeshed/Trikeshed/src/commonMain/kotlin/borg/trikeshed/common/collections/BinarySearch.kt:105:22 None of the following candidates is applicable:
fun <T> Join<Int, Function1<Int, Join<Any?, TypeMemento>>>.get(column: Column<T>): T?
fun <T : Any> JsReference<T>.get(): T
e: file:///Users/jim/work/v2superbikeshed/Trikeshed/src/commonMain/kotlin/borg/trikeshed/common/collections/BinarySearch.kt:108:20 'operator' modifier is required on 'FirNamedFunctionSymbol kotlin/compareTo' in 'compareTo'.
e: file:///Users/jim/work/v2superbikeshed/Trikeshed/src/commonMain/kotlin/borg/trikeshed/common/collections/BinarySearch.kt:109:20 'operator' modifier is required on 'FirNamedFunctionSymbol kotlin/compareTo' in 'compareTo'.
e: file:///Users/jim/work/v2superbikeshed/Trikeshed/src/commonMain/kotlin/borg/trikeshed/common/collections/BinarySearch.kt:123:22 None of the following candidates is applicable:
fun <T> Join<Int, Function1<Int, Join<Any?, TypeMemento>>>.get(column: Column<T>): T?
fun <T : Any> JsReference<T>.get(): T
e: file:///Users/jim/work/v2superbikeshed/Trikeshed/src/commonMain/kotlin/borg/trikeshed/common/collections/BinarySearch.kt:126:20 'operator' modifier is required on 'FirNamedFunctionSymbol kotlin/compareTo' in 'compareTo'.
e: file:///Users/jim/work/v2superbikeshed/Trikeshed/src/commonMain/kotlin/borg/trikeshed/common/collections/BinarySearch.kt:127:20 'operator' modifier is required on 'FirNamedFunctionSymbol kotlin/compareTo' in 'compareTo'.
e: file:///Users/jim/work/v2superbikeshed/Trikeshed/src/commonMain/kotlin/borg/trikeshed/common/collections/BinarySearch.kt:141:22 None of the following candidates is applicable:
fun <T> Join<Int, Function1<Int, Join<Any?, TypeMemento>>>.get(column: Column<T>): T?
fun <T : Any> JsReference<T>.get(): T
e: file:///Users/jim/work/v2superbikeshed/Trikeshed/src/commonMain/kotlin/borg/trikeshed/common/collections/BinarySearch.kt:144:20 'operator' modifier is required on 'FirNamedFunctionSymbol kotlin/compareTo' in 'compareTo'.
e: file:///Users/jim/work/v2superbikeshed/Trikeshed/src/commonMain/kotlin/borg/trikeshed/common/collections/BinarySearch.kt:145:20 'operator' modifier is required on 'FirNamedFunctionSymbol kotlin/compareTo' in 'compareTo'.
e: file:///Users/jim/work/v2superbikeshed/Trikeshed/src/commonMain/kotlin/borg/trikeshed/common/collections/BinarySearch.kt:160:22 None of the following candidates is applicable:
fun <T> Join<Int, Function1<Int, Join<Any?, TypeMemento>>>.get(column: Column<T>): T?
fun <T : Any> JsReference<T>.get(): T
e: file:///Users/jim/work/v2superbikeshed/Trikeshed/src/commonMain/kotlin/borg/trikeshed/common/collections/BinarySearch.kt:163:20 'operator' modifier is required on 'FirNamedFunctionSymbol kotlin/compareTo' in 'compareTo'.
e: file:///Users/jim/work/v2superbikeshed/Trikeshed/src/commonMain/kotlin/borg/trikeshed/common/collections/BinarySearch.kt:164:20 'operator' modifier is required on 'FirNamedFunctionSymbol kotlin/compareTo' in 'compareTo'.
e: file:///Users/jim/work/v2superbikeshed/Trikeshed/src/commonMain/kotlin/borg/trikeshed/common/collections/BinarySearch.kt:178:22 None of the following candidates is applicable:
fun <T> Join<Int, Function1<Int, Join<Any?, TypeMemento>>>.get(column: Column<T>): T?
fun <T : Any> JsReference<T>.get(): T
e: file:///Users/jim/work/v2superbikeshed/Trikeshed/src/commonMain/kotlin/borg/trikeshed/common/collections/BinarySearch.kt:181:20 'operator' modifier is required on 'FirNamedFunctionSymbol kotlin/compareTo' in 'compareTo'.
e: file:///Users/jim/work/v2superbikeshed/Trikeshed/src/commonMain/kotlin/borg/trikeshed/common/collections/BinarySearch.kt:182:20 'operator' modifier is required on 'FirNamedFunctionSymbol kotlin/compareTo' in 'compareTo'.
e: file:///Users/jim/work/v2superbikeshed/Trikeshed/src/commonMain/kotlin/borg/trikeshed/common/collections/BinarySearch.kt:196:22 None of the following candidates is applicable:
fun <T> Join<Int, Function1<Int, Join<Any?, TypeMemento>>>.get(column: Column<T>): T?
fun <T : Any> JsReference<T>.get(): T
e: file:///Users/jim/work/v2superbikeshed/Trikeshed/src/commonMain/kotlin/borg/trikeshed/common/collections/BinarySearch.kt:198:20 'operator' modifier is required on 'FirNamedFunctionSymbol kotlin/compareTo' in 'compareTo'.
e: file:///Users/jim/work/v2superbikeshed/Trikeshed/src/commonMain/kotlin/borg/trikeshed/common/collections/BinarySearch.kt:199:20 'operator' modifier is required on 'FirNamedFunctionSymbol kotlin/compareTo' in 'compareTo'.
e: file:///Users/jim/work/v2superbikeshed/Trikeshed/src/commonMain/kotlin/borg/trikeshed/common/collections/BinarySearch.kt:216:22 None of the following candidates is applicable:
fun <T> Join<Int, Function1<Int, Join<Any?, TypeMemento>>>.get(column: Column<T>): T?
fun <T : Any> JsReference<T>.get(): T
e: file:///Users/jim/work/v2superbikeshed/Trikeshed/src/commonMain/kotlin/borg/trikeshed/common/collections/BinarySearch.kt:219:20 'operator' modifier is required on 'FirNamedFunctionSymbol kotlin/compareTo' in 'compareTo'.
e: file:///Users/jim/work/v2superbikeshed/Trikeshed/src/commonMain/kotlin/borg/trikeshed/common/collections/BinarySearch.kt:220:20 'operator' modifier is required on 'FirNamedFunctionSymbol kotlin/compareTo' in 'compareTo'.
e: file:///Users/jim/work/v2superbikeshed/Trikeshed/src/commonMain/kotlin/borg/trikeshed/compression/BitStream.kt:3:27 Conflicting import: imported name 'Indexed' is ambiguous.
e: file:///Users/jim/work/v2superbikeshed/Trikeshed/src/commonMain/kotlin/borg/trikeshed/compression/BitStream.kt:4:27 Conflicting import: imported name 'Indexed' is ambiguous.
e: file:///Users/jim/work/v2superbikeshed/Trikeshed/src/commonMain/kotlin/borg/trikeshed/compression/BitStream.kt:44:34 Unresolved reference 'size'.
e: file:///Users/jim/work/v2superbikeshed/Trikeshed/src/commonMain/kotlin/borg/trikeshed/compression/BitStream.kt:54:40 Unresolved reference 'size'.
e: file:///Users/jim/work/v2superbikeshed/Trikeshed/src/commonMain/kotlin/borg/trikeshed/compression/BitStream.kt:58:31 Unresolved reference. None of the following candidates is applicable because of a receiver type mismatch:
fun MatchGroupCollection.get(name: String): MatchGroup?
e: file:///Users/jim/work/v2superbikeshed/Trikeshed/src/commonMain/kotlin/borg/trikeshed/compression/BitStream.kt:58:52 Cannot access 'fun Iterable<RegexOption>.toInt(): Int': it is private in file.
e: file:///Users/jim/work/v2superbikeshed/Trikeshed/src/commonMain/kotlin/borg/trikeshed/compression/BitStream.kt:95:33 Unresolved reference 'size'.
e: file:///Users/jim/work/v2superbikeshed/Trikeshed/src/commonMain/kotlin/borg/trikeshed/compression/BitStream.kt:95:63 Unresolved reference 'size'.
e: file:///Users/jim/work/v2superbikeshed/Trikeshed/src/commonMain/kotlin/borg/trikeshed/compression/BitStream.kt:114:34 Unresolved reference 'size'.
e: file:///Users/jim/work/v2superbikeshed/Trikeshed/src/commonMain/kotlin/borg/trikeshed/compression/BitStream.kt:118:16 Unresolved reference. None of the following candidates is applicable because of a receiver type mismatch:
fun MatchGroupCollection.get(name: String): MatchGroup?
e: file:///Users/jim/work/v2superbikeshed/Trikeshed/src/commonMain/kotlin/borg/trikeshed/compression/BitStream.kt:118:37 Cannot access 'fun Iterable<RegexOption>.toInt(): Int': it is private in file.
e: file:///Users/jim/work/v2superbikeshed/Trikeshed/src/commonMain/kotlin/borg/trikeshed/compression/BitStream.kt:135:36 Unresolved reference 'size'.
e: file:///Users/jim/work/v2superbikeshed/Trikeshed/src/commonMain/kotlin/borg/trikeshed/compression/BitStream.kt:135:70 Unresolved reference 'size'.
e: file:///Users/jim/work/v2superbikeshed/Trikeshed/src/commonMain/kotlin/borg/trikeshed/compression/BitStream.kt:141:28 Unresolved reference 'size'.
e: file:///Users/jim/work/v2superbikeshed/Trikeshed/src/commonMain/kotlin/borg/trikeshed/compression/Huffman.kt:3:27 Conflicting import: imported name 'Indexed' is ambiguous.
e: file:///Users/jim/work/v2superbikeshed/Trikeshed/src/commonMain/kotlin/borg/trikeshed/compression/Huffman.kt:4:27 Conflicting import: imported name 'Indexed' is ambiguous.
e: file:///Users/jim/work/v2superbikeshed/Trikeshed/src/commonMain/kotlin/borg/trikeshed/compression/Huffman.kt:28:29 Unresolved reference 'size'.
e: file:///Users/jim/work/v2superbikeshed/Trikeshed/src/commonMain/kotlin/borg/trikeshed/compression/Huffman.kt:29:96 Unresolved reference 'size'.
e: file:///Users/jim/work/v2superbikeshed/Trikeshed/src/commonMain/kotlin/borg/trikeshed/compression/Huffman.kt:49:16 Unresolved reference. None of the following candidates is applicable because of a receiver type mismatch:
fun MatchGroupCollection.get(name: String): MatchGroup?
e: file:///Users/jim/work/v2superbikeshed/Trikeshed/src/commonMain/kotlin/borg/trikeshed/compression/Huffman.kt:86:12 Return type mismatch: expected 'Int', actual 'String'.
e: file:///Users/jim/work/v2superbikeshed/Trikeshed/src/commonMain/kotlin/borg/trikeshed/couchdb/CouchClient.kt:8:30 Unresolved reference 'json'.
e: file:///Users/jim/work/v2superbikeshed/Trikeshed/src/commonMain/kotlin/borg/trikeshed/couchdb/CouchClient.kt:9:30 Unresolved reference 'json'.
e: file:///Users/jim/work/v2superbikeshed/Trikeshed/src/commonMain/kotlin/borg/trikeshed/couchdb/CouchClient.kt:10:30 Unresolved reference 'json'.
e: file:///Users/jim/work/v2superbikeshed/Trikeshed/src/commonMain/kotlin/borg/trikeshed/couchdb/CouchClient.kt:11:30 Unresolved reference 'json'.
e: file:///Users/jim/work/v2superbikeshed/Trikeshed/src/commonMain/kotlin/borg/trikeshed/couchdb/CouchClient.kt:12:30 Unresolved reference 'json'.
e: file:///Users/jim/work/v2superbikeshed/Trikeshed/src/commonMain/kotlin/borg/trikeshed/couchdb/CouchClient.kt:13:30 Unresolved reference 'json'.
e: file:///Users/jim/work/v2superbikeshed/Trikeshed/src/commonMain/kotlin/borg/trikeshed/couchdb/CouchClient.kt:14:30 Unresolved reference 'json'.
e: file:///Users/jim/work/v2superbikeshed/Trikeshed/src/commonMain/kotlin/borg/trikeshed/couchdb/CouchClient.kt:15:30 Unresolved reference 'json'.
e: file:///Users/jim/work/v2superbikeshed/Trikeshed/src/commonMain/kotlin/borg/trikeshed/couchdb/CouchClient.kt:29:24 Unresolved reference 'Json'.
e: file:///Users/jim/work/v2superbikeshed/Trikeshed/src/commonMain/kotlin/borg/trikeshed/couchdb/CouchClient.kt:29:31 Unresolved reference 'ignoreUnknownKeys'.
e: file:///Users/jim/work/v2superbikeshed/Trikeshed/src/commonMain/kotlin/borg/trikeshed/couchdb/CouchClient.kt:308:53 Unresolved reference 'serializer'.
e: file:///Users/jim/work/v2superbikeshed/Trikeshed/src/commonMain/kotlin/borg/trikeshed/couchdb/CouchClient.kt:315:53 Unresolved reference 'serializer'.
e: file:///Users/jim/work/v2superbikeshed/Trikeshed/src/commonMain/kotlin/borg/trikeshed/couchdb/CouchClient.kt:320:37 Unresolved reference 'jsonPrimitive'.
e: file:///Users/jim/work/v2superbikeshed/Trikeshed/src/commonMain/kotlin/borg/trikeshed/couchdb/CouchClient.kt:321:39 Unresolved reference 'jsonPrimitive'.
e: file:///Users/jim/work/v2superbikeshed/Trikeshed/src/commonMain/kotlin/borg/trikeshed/couchdb/CouchClient.kt:322:31 Cannot infer type for this parameter. Specify it explicitly.
e: file:///Users/jim/work/v2superbikeshed/Trikeshed/src/commonMain/kotlin/borg/trikeshed/couchdb/CouchClient.kt:322:42 Cannot infer type for this parameter. Specify it explicitly.
e: file:///Users/jim/work/v2superbikeshed/Trikeshed/src/commonMain/kotlin/borg/trikeshed/couchdb/CouchClient.kt:323:14 Cannot infer type for this parameter. Specify it explicitly.
e: file:///Users/jim/work/v2superbikeshed/Trikeshed/src/commonMain/kotlin/borg/trikeshed/couchdb/CouchClient.kt:323:14 Not enough information to infer type argument for 'K'.
e: file:///Users/jim/work/v2superbikeshed/Trikeshed/src/commonMain/kotlin/borg/trikeshed/couchdb/CouchClient.kt:323:27 Not enough information to infer type argument for 'K'.
e: file:///Users/jim/work/v2superbikeshed/Trikeshed/src/commonMain/kotlin/borg/trikeshed/couchdb/CouchClient.kt:323:30 Not enough information to infer type argument for 'K'.
e: file:///Users/jim/work/v2superbikeshed/Trikeshed/src/commonMain/kotlin/borg/trikeshed/couchdb/CouchClient.kt:323:40 The type of a receiver hasn't been inferred yet. Specify type argument for generic parameter 'V' of 'component2' explicitly.
e: file:///Users/jim/work/v2superbikeshed/Trikeshed/src/commonMain/kotlin/borg/trikeshed/couchdb/CouchClient.kt:328:38 Cannot infer type for this parameter. Specify it explicitly.
e: file:///Users/jim/work/v2superbikeshed/Trikeshed/src/commonMain/kotlin/borg/trikeshed/couchdb/CouchClient.kt:328:69 Unresolved reference 'serializer'.
e: file:///Users/jim/work/v2superbikeshed/Trikeshed/src/commonMain/kotlin/borg/trikeshed/couchdb/CouchClient.kt:333:46 Unresolved reference 'jsonArray'.
e: file:///Users/jim/work/v2superbikeshed/Trikeshed/src/commonMain/kotlin/borg/trikeshed/couchdb/CouchClient.kt:334:16 Return type mismatch: expected 'List<CouchChange>', actual 'Join<Int, Function1<Int, ERROR CLASS: Cannot infer argument for type parameter R>>'.
e: file:///Users/jim/work/v2superbikeshed/Trikeshed/src/commonMain/kotlin/borg/trikeshed/couchdb/CouchClient.kt:334:24 Cannot infer type for this parameter. Specify it explicitly.
e: file:///Users/jim/work/v2superbikeshed/Trikeshed/src/commonMain/kotlin/borg/trikeshed/couchdb/CouchClient.kt:334:30 Cannot infer type for this parameter. Specify it explicitly.
e: file:///Users/jim/work/v2superbikeshed/Trikeshed/src/commonMain/kotlin/borg/trikeshed/couchdb/CouchClient.kt:335:52 Unresolved reference 'serializer'.
e: file:///Users/jim/work/v2superbikeshed/Trikeshed/src/commonMain/kotlin/borg/trikeshed/couchdb/CouchClient.kt:340:61 Unresolved reference 'serializer'.
e: file:///Users/jim/work/v2superbikeshed/Trikeshed/src/commonMain/kotlin/borg/trikeshed/couchdb/CouchClient.kt:344:54 Unresolved reference 'serializer'.
e: file:///Users/jim/work/v2superbikeshed/Trikeshed/src/commonMain/kotlin/borg/trikeshed/couchdb/CouchClient.kt:348:52 Unresolved reference 'serializer'.
e: file:///Users/jim/work/v2superbikeshed/Trikeshed/src/commonMain/kotlin/borg/trikeshed/couchdb/CouchClient.kt:509:24 Overload resolution ambiguity between candidates:
suspend fun HttpRequest.send(): HttpResponse
suspend fun HttpRequest.send(): HttpResponse
e: file:///Users/jim/work/v2superbikeshed/Trikeshed/src/commonMain/kotlin/borg/trikeshed/couchdb/CouchClient.kt:524:24 Overload resolution ambiguity between candidates:
suspend fun HttpRequest.send(): HttpResponse
suspend fun HttpRequest.send(): HttpResponse
e: file:///Users/jim/work/v2superbikeshed/Trikeshed/src/commonMain/kotlin/borg/trikeshed/couchdb/CouchClient.kt:539:24 Overload resolution ambiguity between candidates:
suspend fun HttpRequest.send(): HttpResponse
suspend fun HttpRequest.send(): HttpResponse
e: file:///Users/jim/work/v2superbikeshed/Trikeshed/src/commonMain/kotlin/borg/trikeshed/couchdb/CouchClient.kt:551:24 Overload resolution ambiguity between candidates:
suspend fun HttpRequest.send(): HttpResponse
suspend fun HttpRequest.send(): HttpResponse
e: file:///Users/jim/work/v2superbikeshed/Trikeshed/src/commonMain/kotlin/borg/trikeshed/couchdb/CouchClient.kt:565:22 Unresolved reference 'buildJsonObject'.
e: file:///Users/jim/work/v2superbikeshed/Trikeshed/src/commonMain/kotlin/borg/trikeshed/couchdb/CouchClient.kt:566:31 Unresolved reference 'put'.
e: file:///Users/jim/work/v2superbikeshed/Trikeshed/src/commonMain/kotlin/borg/trikeshed/couchdb/CouchClient.kt:567:32 Unresolved reference 'put'.
e: file:///Users/jim/work/v2superbikeshed/Trikeshed/src/commonMain/kotlin/borg/trikeshed/couchdb/CouchClient.kt:568:23 Unresolved reference 'put'.
e: file:///Users/jim/work/v2superbikeshed/Trikeshed/src/commonMain/kotlin/borg/trikeshed/couchdb/CouchClient.kt:568:53 Argument type mismatch: actual type is 'Boolean', but 'String' was expected.
e: file:///Users/jim/work/v2superbikeshed/Trikeshed/src/commonMain/kotlin/borg/trikeshed/couchdb/CouchClient.kt:569:40 Unresolved reference 'put'.
e: file:///Users/jim/work/v2superbikeshed/Trikeshed/src/commonMain/kotlin/borg/trikeshed/couchdb/CouchClient.kt:571:12 Unresolved reference 'Json'.
e: file:///Users/jim/work/v2superbikeshed/Trikeshed/src/commonMain/kotlin/borg/trikeshed/couchdb/CouchClient.kt:571:32 Unresolved reference 'JsonElement'.
e: file:///Users/jim/work/v2superbikeshed/Trikeshed/src/commonMain/kotlin/borg/trikeshed/couchdb/CouchClient.kt:575:22 Unresolved reference 'buildJsonObject'.
e: file:///Users/jim/work/v2superbikeshed/Trikeshed/src/commonMain/kotlin/borg/trikeshed/couchdb/CouchClient.kt:576:9 Unresolved reference 'put'.
e: file:///Users/jim/work/v2superbikeshed/Trikeshed/src/commonMain/kotlin/borg/trikeshed/couchdb/CouchClient.kt:577:9 Unresolved reference 'put'.
e: file:///Users/jim/work/v2superbikeshed/Trikeshed/src/commonMain/kotlin/borg/trikeshed/couchdb/CouchClient.kt:578:40 Unresolved reference 'put'.
e: file:///Users/jim/work/v2superbikeshed/Trikeshed/src/commonMain/kotlin/borg/trikeshed/couchdb/CouchClient.kt:580:12 Unresolved reference 'Json'.
e: file:///Users/jim/work/v2superbikeshed/Trikeshed/src/commonMain/kotlin/borg/trikeshed/couchdb/CouchClient.kt:580:32 Unresolved reference 'JsonElement'.
e: file:///Users/jim/work/v2superbikeshed/Trikeshed/src/commonMain/kotlin/borg/trikeshed/couchdb/CouchClient.kt:584:12 Unresolved reference 'Json'.
e: file:///Users/jim/work/v2superbikeshed/Trikeshed/src/commonMain/kotlin/borg/trikeshed/couchdb/CouchClient.kt:584:49 Unresolved reference 'serializer'.
e: file:///Users/jim/work/v2superbikeshed/Trikeshed/src/commonMain/kotlin/borg/trikeshed/couchdb/CouchClient.kt:588:12 Unresolved reference 'Json'.
e: file:///Users/jim/work/v2superbikeshed/Trikeshed/src/commonMain/kotlin/borg/trikeshed/couchdb/CouchClient.kt:588:56 Unresolved reference 'serializer'.
e: file:///Users/jim/work/v2superbikeshed/Trikeshed/src/commonMain/kotlin/borg/trikeshed/couchdb/CouchClient.kt:592:12 Unresolved reference 'Json'.
e: file:///Users/jim/work/v2superbikeshed/Trikeshed/src/commonMain/kotlin/borg/trikeshed/couchdb/CouchClient.kt:592:46 Unresolved reference 'serializer'.
e: file:///Users/jim/work/v2superbikeshed/Trikeshed/src/commonMain/kotlin/borg/trikeshed/couchdb/CouchProtocol.kt:5:30 Unresolved reference 'json'.
e: file:///Users/jim/work/v2superbikeshed/Trikeshed/src/commonMain/kotlin/borg/trikeshed/couchdb/CouchProtocol.kt:25:12 Redeclaration:
data class CouchDocument : Any
e: file:///Users/jim/work/v2superbikeshed/Trikeshed/src/commonMain/kotlin/borg/trikeshed/couchdb/CouchProtocol.kt:30:39 Cannot infer type for this parameter. Specify it explicitly.
e: file:///Users/jim/work/v2superbikeshed/Trikeshed/src/commonMain/kotlin/borg/trikeshed/couchdb/CouchProtocol.kt:30:39 Argument type mismatch: actual type is 'Map<K (of fun <K, V> emptyMap), V (of fun <K, V> emptyMap)>', but 'String' was expected.
e: file:///Users/jim/work/v2superbikeshed/Trikeshed/src/commonMain/kotlin/borg/trikeshed/couchdb/CouchProtocol.kt:32:32 Unresolved reference 'buildJsonObject'.
e: file:///Users/jim/work/v2superbikeshed/Trikeshed/src/commonMain/kotlin/borg/trikeshed/couchdb/CouchProtocol.kt:33:9 Unresolved reference 'id'.
e: file:///Users/jim/work/v2superbikeshed/Trikeshed/src/commonMain/kotlin/borg/trikeshed/couchdb/CouchProtocol.kt:33:13 Cannot infer type for this parameter. Specify it explicitly.
e: file:///Users/jim/work/v2superbikeshed/Trikeshed/src/commonMain/kotlin/borg/trikeshed/couchdb/CouchProtocol.kt:33:17 Cannot infer type for this parameter. Specify it explicitly.
e: file:///Users/jim/work/v2superbikeshed/Trikeshed/src/commonMain/kotlin/borg/trikeshed/couchdb/CouchProtocol.kt:33:19 Unresolved reference 'put'.
e: file:///Users/jim/work/v2superbikeshed/Trikeshed/src/commonMain/kotlin/borg/trikeshed/couchdb/CouchProtocol.kt:34:9 Unresolved reference 'rev'.
e: file:///Users/jim/work/v2superbikeshed/Trikeshed/src/commonMain/kotlin/borg/trikeshed/couchdb/CouchProtocol.kt:34:14 Cannot infer type for this parameter. Specify it explicitly.
e: file:///Users/jim/work/v2superbikeshed/Trikeshed/src/commonMain/kotlin/borg/trikeshed/couchdb/CouchProtocol.kt:34:18 Cannot infer type for this parameter. Specify it explicitly.
e: file:///Users/jim/work/v2superbikeshed/Trikeshed/src/commonMain/kotlin/borg/trikeshed/couchdb/CouchProtocol.kt:34:20 Unresolved reference 'put'.
e: file:///Users/jim/work/v2superbikeshed/Trikeshed/src/commonMain/kotlin/borg/trikeshed/couchdb/CouchProtocol.kt:35:9 Unresolved reference 'deleted'.
e: file:///Users/jim/work/v2superbikeshed/Trikeshed/src/commonMain/kotlin/borg/trikeshed/couchdb/CouchProtocol.kt:35:18 Cannot infer type for this parameter. Specify it explicitly.
e: file:///Users/jim/work/v2superbikeshed/Trikeshed/src/commonMain/kotlin/borg/trikeshed/couchdb/CouchProtocol.kt:35:22 Cannot infer type for this parameter. Specify it explicitly.
e: file:///Users/jim/work/v2superbikeshed/Trikeshed/src/commonMain/kotlin/borg/trikeshed/couchdb/CouchProtocol.kt:35:24 Unresolved reference 'put'.
e: file:///Users/jim/work/v2superbikeshed/Trikeshed/src/commonMain/kotlin/borg/trikeshed/couchdb/CouchProtocol.kt:36:9 Unresolved reference 'attachments'.
e: file:///Users/jim/work/v2superbikeshed/Trikeshed/src/commonMain/kotlin/borg/trikeshed/couchdb/CouchProtocol.kt:36:22 Cannot infer type for this parameter. Specify it explicitly.
e: file:///Users/jim/work/v2superbikeshed/Trikeshed/src/commonMain/kotlin/borg/trikeshed/couchdb/CouchProtocol.kt:36:26 Cannot infer type for this parameter. Specify it explicitly.
e: file:///Users/jim/work/v2superbikeshed/Trikeshed/src/commonMain/kotlin/borg/trikeshed/couchdb/CouchProtocol.kt:36:28 Unresolved reference 'put'.
e: file:///Users/jim/work/v2superbikeshed/Trikeshed/src/commonMain/kotlin/borg/trikeshed/couchdb/CouchProtocol.kt:37:40 Unresolved reference 'put'.
e: file:///Users/jim/work/v2superbikeshed/Trikeshed/src/commonMain/kotlin/borg/trikeshed/couchdb/CouchProtocol.kt:43:12 Redeclaration:
data class CouchDatabaseInfo : Any
e: file:///Users/jim/work/v2superbikeshed/Trikeshed/src/commonMain/kotlin/borg/trikeshed/couchdb/CouchProtocol.kt:60:14 Unresolved reference 'JsonElement'.
e: file:///Users/jim/work/v2superbikeshed/Trikeshed/src/commonMain/kotlin/borg/trikeshed/couchdb/CouchProtocol.kt:61:19 Unresolved reference 'JsonElement'.
e: file:///Users/jim/work/v2superbikeshed/Trikeshed/src/commonMain/kotlin/borg/trikeshed/couchdb/CouchProtocol.kt:62:17 Unresolved reference 'JsonElement'.
e: file:///Users/jim/work/v2superbikeshed/Trikeshed/src/commonMain/kotlin/borg/trikeshed/couchdb/CouchProtocol.kt:74:14 Cannot infer type for this parameter. Specify it explicitly.
e: file:///Users/jim/work/v2superbikeshed/Trikeshed/src/commonMain/kotlin/borg/trikeshed/couchdb/CouchProtocol.kt:74:14 Unresolved reference. None of the following candidates is applicable because of a receiver type mismatch:
fun <T, R> T.let(block: (T) -> R): R
    [R|Contract description]
     <
        CallsInPlace(block, EXACTLY_ONCE)
    >
e: file:///Users/jim/work/v2superbikeshed/Trikeshed/src/commonMain/kotlin/borg/trikeshed/couchdb/CouchProtocol.kt:74:18 Cannot infer type for this parameter. Specify it explicitly.
e: file:///Users/jim/work/v2superbikeshed/Trikeshed/src/commonMain/kotlin/borg/trikeshed/couchdb/CouchProtocol.kt:74:38 Unresolved reference 'Json'.
e: file:///Users/jim/work/v2superbikeshed/Trikeshed/src/commonMain/kotlin/borg/trikeshed/couchdb/CouchProtocol.kt:74:43 Cannot infer type for this parameter. Specify it explicitly.
e: file:///Users/jim/work/v2superbikeshed/Trikeshed/src/commonMain/kotlin/borg/trikeshed/couchdb/CouchProtocol.kt:75:19 Cannot infer type for this parameter. Specify it explicitly.
e: file:///Users/jim/work/v2superbikeshed/Trikeshed/src/commonMain/kotlin/borg/trikeshed/couchdb/CouchProtocol.kt:75:19 Unresolved reference. None of the following candidates is applicable because of a receiver type mismatch:
fun <T, R> T.let(block: (T) -> R): R
    [R|Contract description]
     <
        CallsInPlace(block, EXACTLY_ONCE)
    >
e: file:///Users/jim/work/v2superbikeshed/Trikeshed/src/commonMain/kotlin/borg/trikeshed/couchdb/CouchProtocol.kt:75:23 Cannot infer type for this parameter. Specify it explicitly.
e: file:///Users/jim/work/v2superbikeshed/Trikeshed/src/commonMain/kotlin/borg/trikeshed/couchdb/CouchProtocol.kt:75:48 Unresolved reference 'Json'.
e: file:///Users/jim/work/v2superbikeshed/Trikeshed/src/commonMain/kotlin/borg/trikeshed/couchdb/CouchProtocol.kt:75:53 Cannot infer type for this parameter. Specify it explicitly.
e: file:///Users/jim/work/v2superbikeshed/Trikeshed/src/commonMain/kotlin/borg/trikeshed/couchdb/CouchProtocol.kt:76:17 Cannot infer type for this parameter. Specify it explicitly.
e: file:///Users/jim/work/v2superbikeshed/Trikeshed/src/commonMain/kotlin/borg/trikeshed/couchdb/CouchProtocol.kt:76:17 Unresolved reference. None of the following candidates is applicable because of a receiver type mismatch:
fun <T, R> T.let(block: (T) -> R): R
    [R|Contract description]
     <
        CallsInPlace(block, EXACTLY_ONCE)
    >
e: file:///Users/jim/work/v2superbikeshed/Trikeshed/src/commonMain/kotlin/borg/trikeshed/couchdb/CouchProtocol.kt:76:21 Cannot infer type for this parameter. Specify it explicitly.
e: file:///Users/jim/work/v2superbikeshed/Trikeshed/src/commonMain/kotlin/borg/trikeshed/couchdb/CouchProtocol.kt:76:44 Unresolved reference 'Json'.
e: file:///Users/jim/work/v2superbikeshed/Trikeshed/src/commonMain/kotlin/borg/trikeshed/couchdb/CouchProtocol.kt:76:49 Cannot infer type for this parameter. Specify it explicitly.
e: file:///Users/jim/work/v2superbikeshed/Trikeshed/src/commonMain/kotlin/borg/trikeshed/couchdb/CouchProtocol.kt:112:32 Unresolved reference 'buildJsonObject'.
e: file:///Users/jim/work/v2superbikeshed/Trikeshed/src/commonMain/kotlin/borg/trikeshed/couchdb/CouchProtocol.kt:113:9 Unresolved reference 'putJsonArray'.
e: file:///Users/jim/work/v2superbikeshed/Trikeshed/src/commonMain/kotlin/borg/trikeshed/couchdb/CouchProtocol.kt:115:17 Unresolved reference 'add'.
e: file:///Users/jim/work/v2superbikeshed/Trikeshed/src/commonMain/kotlin/borg/trikeshed/couchdb/CouchProtocol.kt:118:9 Unresolved reference 'put'.
e: file:///Users/jim/work/v2superbikeshed/Trikeshed/src/commonMain/kotlin/borg/trikeshed/couchdb/CouchProtocol.kt:119:9 Unresolved reference 'put'.
e: file:///Users/jim/work/v2superbikeshed/Trikeshed/src/commonMain/kotlin/borg/trikeshed/couchdb/CouchProtocol.kt:181:32 Unresolved reference 'buildJsonObject'.
e: file:///Users/jim/work/v2superbikeshed/Trikeshed/src/commonMain/kotlin/borg/trikeshed/couchdb/CouchProtocol.kt:182:9 Unresolved reference 'put'.
e: file:///Users/jim/work/v2superbikeshed/Trikeshed/src/commonMain/kotlin/borg/trikeshed/couchdb/CouchProtocol.kt:183:9 Unresolved reference 'put'.
e: file:///Users/jim/work/v2superbikeshed/Trikeshed/src/commonMain/kotlin/borg/trikeshed/couchdb/CouchProtocol.kt:184:9 Unresolved reference 'put'.
e: file:///Users/jim/work/v2superbikeshed/Trikeshed/src/commonMain/kotlin/borg/trikeshed/couchdb/CouchProtocol.kt:185:9 Unresolved reference 'put'.
e: file:///Users/jim/work/v2superbikeshed/Trikeshed/src/commonMain/kotlin/borg/trikeshed/couchdb/CouchProtocol.kt:186:17 Cannot infer type for this parameter. Specify it explicitly.
e: file:///Users/jim/work/v2superbikeshed/Trikeshed/src/commonMain/kotlin/borg/trikeshed/couchdb/CouchProtocol.kt:186:23 Unresolved reference 'put'.
e: file:///Users/jim/work/v2superbikeshed/Trikeshed/src/commonMain/kotlin/borg/trikeshed/couchdb/CouchProtocol.kt:187:23 Cannot infer type for this parameter. Specify it explicitly.
e: file:///Users/jim/work/v2superbikeshed/Trikeshed/src/commonMain/kotlin/borg/trikeshed/couchdb/CouchProtocol.kt:187:29 Unresolved reference 'put'.
e: file:///Users/jim/work/v2superbikeshed/Trikeshed/src/commonMain/kotlin/borg/trikeshed/couchdb/CouchProtocol.kt:188:18 Cannot infer type for this parameter. Specify it explicitly.
e: file:///Users/jim/work/v2superbikeshed/Trikeshed/src/commonMain/kotlin/borg/trikeshed/couchdb/CouchProtocol.kt:189:13 Unresolved reference 'putJsonArray'.
e: file:///Users/jim/work/v2superbikeshed/Trikeshed/src/commonMain/kotlin/borg/trikeshed/couchdb/CouchProtocol.kt:191:21 Unresolved reference 'add'.
e: file:///Users/jim/work/v2superbikeshed/Trikeshed/src/commonMain/kotlin/borg/trikeshed/couchdb/CouchProtocol.kt:233:42 Unresolved reference 'emptyIndex'.
e: file:///Users/jim/work/v2superbikeshed/Trikeshed/src/commonMain/kotlin/borg/trikeshed/couchdb/CouchProtocol.kt:252:11 Redeclaration:
class CouchClient : Any
e: file:///Users/jim/work/v2superbikeshed/Trikeshed/src/commonMain/kotlin/borg/trikeshed/couchdb/CouchProtocol.kt:271:21 Unresolved reference 'JsonElement'.
e: file:///Users/jim/work/v2superbikeshed/Trikeshed/src/commonMain/kotlin/borg/trikeshed/couchdb/CouchProtocol.kt:271:34 Unresolved reference 'JsonElement'.
e: file:///Users/jim/work/v2superbikeshed/Trikeshed/src/commonMain/kotlin/borg/trikeshed/crypto/CommonCrypto.kt:237:40 None of the following candidates is applicable:
fun <T> Join<Int, Function1<Int, Join<Any?, TypeMemento>>>.get(column: Column<T>): T?
fun <T : Any> JsReference<T>.get(): T
e: file:///Users/jim/work/v2superbikeshed/Trikeshed/src/commonMain/kotlin/borg/trikeshed/crypto/CommonCrypto.kt:238:22 None of the following candidates is applicable:
fun <T> Join<Int, Function1<Int, Join<Any?, TypeMemento>>>.get(column: Column<T>): T?
fun <T : Any> JsReference<T>.get(): T
e: file:///Users/jim/work/v2superbikeshed/Trikeshed/src/commonMain/kotlin/borg/trikeshed/crypto/CommonCrypto.kt:393:26 None of the following candidates is applicable:
fun <T> Join<Int, Function1<Int, Join<Any?, TypeMemento>>>.get(column: Column<T>): T?
fun <T : Any> JsReference<T>.get(): T
e: file:///Users/jim/work/v2superbikeshed/Trikeshed/src/commonMain/kotlin/borg/trikeshed/cursor/ColumnMeta.kt:12:13 Redeclaration:
data class ColumnMeta : Any
e: file:///Users/jim/work/v2superbikeshed/Trikeshed/src/commonMain/kotlin/borg/trikeshed/cursor/ColumnMeta.kt:30:12 Redeclaration:
class ColumnMeta : Any
e: file:///Users/jim/work/v2superbikeshed/Trikeshed/src/commonMain/kotlin/borg/trikeshed/cursor/Cursor.kt:69:12 Return type mismatch: expected 'Join<Int, Function1<Int, Join<Any?, Function0<ColumnMeta>>>>', actual 'Join<Int, Function1<Int, RowVec>>'.
e: file:///Users/jim/work/v2superbikeshed/Trikeshed/src/commonMain/kotlin/borg/trikeshed/cursor/Cursor.kt:73:53 Overload resolution ambiguity between candidates:
fun <X, C, V : Join<Int, Function1<Int, X>>> V.α(crossinline xform: (X) -> C): Join<Int, Function1<Int, C>>
fun <X, C, V : Join<Int, Function1<Int, X>>> V.α(crossinline xform: (X) -> C): Join<Int, Function1<Int, C>>
e: file:///Users/jim/work/v2superbikeshed/Trikeshed/src/commonMain/kotlin/borg/trikeshed/cursor/Cursor.kt:73:57 Cannot infer type for this parameter. Specify it explicitly.
e: file:///Users/jim/work/v2superbikeshed/Trikeshed/src/commonMain/kotlin/borg/trikeshed/cursor/Cursor.kt:73:68 Cannot infer type for this parameter. Specify it explicitly.
e: file:///Users/jim/work/v2superbikeshed/Trikeshed/src/commonMain/kotlin/borg/trikeshed/cursor/Cursor.kt:73:68 Not enough information to infer type argument for 'X'.
e: file:///Users/jim/work/v2superbikeshed/Trikeshed/src/commonMain/kotlin/borg/trikeshed/cursor/Cursor.kt:73:68 Not enough information to infer type argument for 'C'.
e: file:///Users/jim/work/v2superbikeshed/Trikeshed/src/commonMain/kotlin/borg/trikeshed/cursor/Cursor.kt:73:70 Cannot infer type for this parameter. Specify it explicitly.
e: file:///Users/jim/work/v2superbikeshed/Trikeshed/src/commonMain/kotlin/borg/trikeshed/cursor/Cursor.kt:73:75 Unresolved reference 'a'.
e: file:///Users/jim/work/v2superbikeshed/Trikeshed/src/commonMain/kotlin/borg/trikeshed/cursor/Cursor.kt:89:29 Argument type mismatch: actual type is 'Join<Int, Function1<Int, RowVec>>', but 'Join<Int, Function1<Int, Join<Any?, Function0<ColumnMeta>>>>' was expected.
e: file:///Users/jim/work/v2superbikeshed/Trikeshed/src/commonMain/kotlin/borg/trikeshed/cursor/Cursor.kt:103:17 Overload resolution ambiguity between candidates:
fun <X, C, V : Join<Int, Function1<Int, X>>> V.α(crossinline xform: (X) -> C): Join<Int, Function1<Int, C>>
fun <X, C, V : Join<Int, Function1<Int, X>>> V.α(crossinline xform: (X) -> C): Join<Int, Function1<Int, C>>
e: file:///Users/jim/work/v2superbikeshed/Trikeshed/src/commonMain/kotlin/borg/trikeshed/cursor/Cursor.kt:103:21 Cannot infer type for this parameter. Specify it explicitly.
e: file:///Users/jim/work/v2superbikeshed/Trikeshed/src/commonMain/kotlin/borg/trikeshed/cursor/Cursor.kt:104:25 Cannot infer type for this parameter. Specify it explicitly.
e: file:///Users/jim/work/v2superbikeshed/Trikeshed/src/commonMain/kotlin/borg/trikeshed/cursor/Cursor.kt:104:25 Not enough information to infer type argument for 'B'.
e: file:///Users/jim/work/v2superbikeshed/Trikeshed/src/commonMain/kotlin/borg/trikeshed/cursor/Cursor.kt:104:29 Cannot infer type for this parameter. Specify it explicitly.
e: file:///Users/jim/work/v2superbikeshed/Trikeshed/src/commonMain/kotlin/borg/trikeshed/cursor/Cursor.kt:106:36 Cannot infer type for this parameter. Specify it explicitly.
e: file:///Users/jim/work/v2superbikeshed/Trikeshed/src/commonMain/kotlin/borg/trikeshed/cursor/Cursor.kt:106:36 Not enough information to infer type argument for 'T'.
e: file:///Users/jim/work/v2superbikeshed/Trikeshed/src/commonMain/kotlin/borg/trikeshed/cursor/Cursor.kt:128:21 None of the following candidates is applicable:
fun Join<Int, Function1<Int, RowVec>>.get(rowRange: IntRange): Join<Int, Function1<Int, RowVec>>
fun Join<Int, Function1<Int, RowVec>>.get(vararg colIndices: Int): Join<Int, Function1<Int, RowVec>>
e: file:///Users/jim/work/v2superbikeshed/Trikeshed/src/commonMain/kotlin/borg/trikeshed/cursor/Cursor.kt:129:35 Cannot infer type for this parameter. Specify it explicitly.
e: file:///Users/jim/work/v2superbikeshed/Trikeshed/src/commonMain/kotlin/borg/trikeshed/cursor/Cursor.kt:129:35 Not enough information to infer type argument for 'B'.
e: file:///Users/jim/work/v2superbikeshed/Trikeshed/src/commonMain/kotlin/borg/trikeshed/cursor/Cursor.kt:129:39 Cannot infer type for this parameter. Specify it explicitly.
e: file:///Users/jim/work/v2superbikeshed/Trikeshed/src/commonMain/kotlin/borg/trikeshed/cursor/Cursor.kt:129:44 None of the following candidates is applicable:
fun Join<Int, Function1<Int, RowVec>>.get(rowRange: IntRange): Join<Int, Function1<Int, RowVec>>
fun Join<Int, Function1<Int, RowVec>>.get(vararg colIndices: Int): Join<Int, Function1<Int, RowVec>>
fun Join<Cursor, Indexed<ColumnMeta>>.get(vararg columnNames: String): Join<Cursor, Indexed<ColumnMeta>>
fun <T : Any> JsReference<T>.get(): T
e: file:///Users/jim/work/v2superbikeshed/Trikeshed/src/commonMain/kotlin/borg/trikeshed/cursor/Cursor.kt:131:22 Cannot infer type for this parameter. Specify it explicitly.
e: file:///Users/jim/work/v2superbikeshed/Trikeshed/src/commonMain/kotlin/borg/trikeshed/cursor/Cursor.kt:131:22 Unresolved reference. None of the following candidates is applicable because of a receiver type mismatch:
fun <A, B> A.j(b: B): Join<A, B>
e: file:///Users/jim/work/v2superbikeshed/Trikeshed/src/commonMain/kotlin/borg/trikeshed/cursor/Cursor.kt:156:28 Prohibited vararg parameter type 'ColumnExclusion'.
e: file:///Users/jim/work/v2superbikeshed/Trikeshed/src/commonMain/kotlin/borg/trikeshed/cursor/Cursor.kt:165:21 None of the following candidates is applicable:
fun Join<Int, Function1<Int, RowVec>>.get(rowRange: IntRange): Join<Int, Function1<Int, RowVec>>
fun Join<Int, Function1<Int, RowVec>>.get(vararg colIndices: Int): Join<Int, Function1<Int, RowVec>>
e: file:///Users/jim/work/v2superbikeshed/Trikeshed/src/commonMain/kotlin/borg/trikeshed/cursor/Cursor.kt:166:40 Cannot infer type for this parameter. Specify it explicitly.
e: file:///Users/jim/work/v2superbikeshed/Trikeshed/src/commonMain/kotlin/borg/trikeshed/cursor/Cursor.kt:166:40 Not enough information to infer type argument for 'B'.
e: file:///Users/jim/work/v2superbikeshed/Trikeshed/src/commonMain/kotlin/borg/trikeshed/cursor/Cursor.kt:166:44 Cannot infer type for this parameter. Specify it explicitly.
e: file:///Users/jim/work/v2superbikeshed/Trikeshed/src/commonMain/kotlin/borg/trikeshed/cursor/Cursor.kt:166:49 None of the following candidates is applicable:
fun Join<Int, Function1<Int, RowVec>>.get(rowRange: IntRange): Join<Int, Function1<Int, RowVec>>
fun Join<Int, Function1<Int, RowVec>>.get(vararg colIndices: Int): Join<Int, Function1<Int, RowVec>>
fun Join<Cursor, Indexed<ColumnMeta>>.get(vararg columnNames: String): Join<Cursor, Indexed<ColumnMeta>>
fun <T : Any> JsReference<T>.get(): T
e: file:///Users/jim/work/v2superbikeshed/Trikeshed/src/commonMain/kotlin/borg/trikeshed/cursor/Cursor.kt:168:22 Cannot infer type for this parameter. Specify it explicitly.
e: file:///Users/jim/work/v2superbikeshed/Trikeshed/src/commonMain/kotlin/borg/trikeshed/cursor/Cursor.kt:168:22 Unresolved reference. None of the following candidates is applicable because of a receiver type mismatch:
fun <A, B> A.j(b: B): Join<A, B>
e: file:///Users/jim/work/v2superbikeshed/Trikeshed/src/commonMain/kotlin/borg/trikeshed/cursor/Cursor.kt:178:1 Conflicting overloads:
fun Join<Int, Function1<Int, RowVec>>.head(last: Int = ...): Unit
e: file:///Users/jim/work/v2superbikeshed/Trikeshed/src/commonMain/kotlin/borg/trikeshed/cursor/Cursor.kt:195:1 Conflicting overloads:
fun Join<Int, Function1<Int, RowVec>>.head(count: Int = ...): Unit
e: file:///Users/jim/work/v2superbikeshed/Trikeshed/src/commonMain/kotlin/borg/trikeshed/cursor/Cursor.kt:195:40 Unresolved reference. None of the following candidates is applicable because of a receiver type mismatch:
fun Join<Cursor, Indexed<ColumnMeta>>.show(range: IntRange = ...): Unit
e: file:///Users/jim/work/v2superbikeshed/Trikeshed/src/commonMain/kotlin/borg/trikeshed/cursor/Cursor.kt:199:5 Overload resolution ambiguity between candidates:
fun Join<Int, Function1<Int, RowVec>>.head(count: Int = ...): Unit
fun Join<Int, Function1<Int, RowVec>>.head(last: Int = ...): Unit
e: file:///Users/jim/work/v2superbikeshed/Trikeshed/src/commonMain/kotlin/borg/trikeshed/cursor/Cursor.kt:200:23 Unresolved reference. None of the following candidates is applicable because of a receiver type mismatch:
fun Join<Cursor, Indexed<ColumnMeta>>.showValues(range: IntRange): Unit
e: file:///Users/jim/work/v2superbikeshed/Trikeshed/src/commonMain/kotlin/borg/trikeshed/cursor/Cursor.kt:236:27 Unresolved reference 'IoByte'.
e: file:///Users/jim/work/v2superbikeshed/Trikeshed/src/commonMain/kotlin/borg/trikeshed/cursor/Cursor.kt:236:45 Unresolved reference 'IoShort'.
e: file:///Users/jim/work/v2superbikeshed/Trikeshed/src/commonMain/kotlin/borg/trikeshed/cursor/Cursor.kt:236:64 Unresolved reference 'IoInt'.
e: file:///Users/jim/work/v2superbikeshed/Trikeshed/src/commonMain/kotlin/borg/trikeshed/cursor/Cursor.kt:237:27 Unresolved reference 'IoFloat'.
e: file:///Users/jim/work/v2superbikeshed/Trikeshed/src/commonMain/kotlin/borg/trikeshed/cursor/Cursor.kt:237:46 Unresolved reference 'IoDouble'.
e: file:///Users/jim/work/v2superbikeshed/Trikeshed/src/commonMain/kotlin/borg/trikeshed/cursor/Cursor.kt:237:66 Unresolved reference 'IoLong'.
e: file:///Users/jim/work/v2superbikeshed/Trikeshed/src/commonMain/kotlin/borg/trikeshed/cursor/Cursor.kt:247:25 None of the following candidates is applicable:
fun Join<Int, Function1<Int, RowVec>>.get(rowRange: IntRange): Join<Int, Function1<Int, RowVec>>
fun Join<Int, Function1<Int, RowVec>>.get(vararg colIndices: Int): Join<Int, Function1<Int, RowVec>>
fun Join<Cursor, Indexed<ColumnMeta>>.get(vararg columnNames: String): Join<Cursor, Indexed<ColumnMeta>>
fun <T : Any> JsReference<T>.get(): T
e: file:///Users/jim/work/v2superbikeshed/Trikeshed/src/commonMain/kotlin/borg/trikeshed/cursor/Cursor.kt:247:33 Unresolved reference 'type'.
e: file:///Users/jim/work/v2superbikeshed/Trikeshed/src/commonMain/kotlin/borg/trikeshed/cursor/Cursor.kt:261:103 Unresolved reference 'KClass'.
e: file:///Users/jim/work/v2superbikeshed/Trikeshed/src/commonMain/kotlin/borg/trikeshed/cursor/Cursor.kt:262:8 Unresolved reference 'KClass'.
e: file:///Users/jim/work/v2superbikeshed/Trikeshed/src/commonMain/kotlin/borg/trikeshed/cursor/Cursor.kt:263:32 Overload resolution ambiguity between candidates:
fun <X, C, V : Join<Int, Function1<Int, X>>> V.α(crossinline xform: (X) -> C): Join<Int, Function1<Int, C>>
fun <X, C, V : Join<Int, Function1<Int, X>>> V.α(crossinline xform: (X) -> C): Join<Int, Function1<Int, C>>
e: file:///Users/jim/work/v2superbikeshed/Trikeshed/src/commonMain/kotlin/borg/trikeshed/cursor/Cursor.kt:263:36 Unresolved reference 'it'.
e: file:///Users/jim/work/v2superbikeshed/Trikeshed/src/commonMain/kotlin/borg/trikeshed/cursor/Cursor.kt:263:57 Cannot infer type for this parameter. Specify it explicitly.
e: file:///Users/jim/work/v2superbikeshed/Trikeshed/src/commonMain/kotlin/borg/trikeshed/cursor/Cursor.kt:263:57 Not enough information to infer type argument for 'X'.
e: file:///Users/jim/work/v2superbikeshed/Trikeshed/src/commonMain/kotlin/borg/trikeshed/cursor/Cursor.kt:263:57 Not enough information to infer type argument for 'C'.
e: file:///Users/jim/work/v2superbikeshed/Trikeshed/src/commonMain/kotlin/borg/trikeshed/cursor/Cursor.kt:263:59 Cannot infer type for this parameter. Specify it explicitly.
e: file:///Users/jim/work/v2superbikeshed/Trikeshed/src/commonMain/kotlin/borg/trikeshed/cursor/Cursor.kt:263:79 Unresolved reference 'it'.
e: file:///Users/jim/work/v2superbikeshed/Trikeshed/src/commonMain/kotlin/borg/trikeshed/cursor/Cursor.kt:263:82 Cannot infer type for this parameter. Specify it explicitly.
e: file:///Users/jim/work/v2superbikeshed/Trikeshed/src/commonMain/kotlin/borg/trikeshed/cursor/Cursor.kt:263:84 Cannot infer type for this parameter. Specify it explicitly.
e: file:///Users/jim/work/v2superbikeshed/Trikeshed/src/commonMain/kotlin/borg/trikeshed/dht/gossip/GossipService.kt:138:30 None of the following candidates is applicable:
fun <T> Join<Int, Function1<Int, Join<Any?, TypeMemento>>>.get(column: Column<T>): T?
fun <T : Any> JsReference<T>.get(): T
e: file:///Users/jim/work/v2superbikeshed/Trikeshed/src/commonMain/kotlin/borg/trikeshed/dht/gossip/GossipService.kt:149:30 None of the following candidates is applicable:
fun <T> Join<Int, Function1<Int, Join<Any?, TypeMemento>>>.get(column: Column<T>): T?
fun <T : Any> JsReference<T>.get(): T
e: file:///Users/jim/work/v2superbikeshed/Trikeshed/src/commonMain/kotlin/borg/trikeshed/dht/integration/DHTQuicIntegration.kt:44:27 Unresolved reference 'ReactorNetwork'.
e: file:///Users/jim/work/v2superbikeshed/Trikeshed/src/commonMain/kotlin/borg/trikeshed/dht/integration/DHTQuicIntegration.kt:45:45 No type arguments expected for class Reactor : Any.
e: file:///Users/jim/work/v2superbikeshed/Trikeshed/src/commonMain/kotlin/borg/trikeshed/dht/integration/DHTQuicIntegration.kt:56:70 None of the following candidates is applicable:
fun <T> Join<Int, Function1<Int, Join<Any?, TypeMemento>>>.get(column: Column<T>): T?
fun <T : Any> JsReference<T>.get(): T
e: file:///Users/jim/work/v2superbikeshed/Trikeshed/src/commonMain/kotlin/borg/trikeshed/dht/integration/DHTQuicIntegration.kt:84:33 No type arguments expected for constructor(dispatcher: CoroutineDispatcher = ..., numSelectorThreads: Int = ...): Reactor.
e: file:///Users/jim/work/v2superbikeshed/Trikeshed/src/commonMain/kotlin/borg/trikeshed/dht/integration/DHTQuicIntegration.kt:84:49 Argument type mismatch: actual type is 'String', but 'CoroutineDispatcher' was expected.
e: file:///Users/jim/work/v2superbikeshed/Trikeshed/src/commonMain/kotlin/borg/trikeshed/dht/integration/DHTQuicIntegration.kt:85:24 Unresolved reference 'on'.
e: file:///Users/jim/work/v2superbikeshed/Trikeshed/src/commonMain/kotlin/borg/trikeshed/dht/integration/DHTQuicIntegration.kt:85:48 Cannot infer type for this parameter. Specify it explicitly.
e: file:///Users/jim/work/v2superbikeshed/Trikeshed/src/commonMain/kotlin/borg/trikeshed/dht/integration/DHTQuicIntegration.kt:86:17 Suspension functions can only be called within coroutine body.
e: file:///Users/jim/work/v2superbikeshed/Trikeshed/src/commonMain/kotlin/borg/trikeshed/dht/integration/DHTQuicIntegration.kt:86:38 Unresolved reference 'data'.
e: file:///Users/jim/work/v2superbikeshed/Trikeshed/src/commonMain/kotlin/borg/trikeshed/dht/integration/DHTQuicIntegration.kt:108:24 None of the following candidates is applicable:
fun <T> Join<Int, Function1<Int, Join<Any?, TypeMemento>>>.get(column: Column<T>): T?
fun <T : Any> JsReference<T>.get(): T
e: file:///Users/jim/work/v2superbikeshed/Trikeshed/src/commonMain/kotlin/borg/trikeshed/dht/integration/DHTQuicIntegration.kt:109:22 Unresolved reference 'nodeId'.
e: file:///Users/jim/work/v2superbikeshed/Trikeshed/src/commonMain/kotlin/borg/trikeshed/dht/integration/DHTQuicIntegration.kt:111:35 Unresolved reference 'nodeId'.
e: file:///Users/jim/work/v2superbikeshed/Trikeshed/src/commonMain/kotlin/borg/trikeshed/dht/integration/DHTQuicIntegration.kt:162:24 Unresolved reference 'emit'.
e: file:///Users/jim/work/v2superbikeshed/Trikeshed/src/commonMain/kotlin/borg/trikeshed/dht/integration/DHTQuicIntegration.kt:239:24 None of the following candidates is applicable:
fun <T> Join<Int, Function1<Int, Join<Any?, TypeMemento>>>.get(column: Column<T>): T?
fun <T : Any> JsReference<T>.get(): T
e: file:///Users/jim/work/v2superbikeshed/Trikeshed/src/commonMain/kotlin/borg/trikeshed/dht/integration/DHTQuicIntegration.kt:250:38 Unresolved reference 'nodeId'.
e: file:///Users/jim/work/v2superbikeshed/Trikeshed/src/commonMain/kotlin/borg/trikeshed/dht/integration/DHTQuicIntegration.kt:268:24 None of the following candidates is applicable:
fun <T> Join<Int, Function1<Int, Join<Any?, TypeMemento>>>.get(column: Column<T>): T?
fun <T : Any> JsReference<T>.get(): T
e: file:///Users/jim/work/v2superbikeshed/Trikeshed/src/commonMain/kotlin/borg/trikeshed/dht/integration/DHTQuicIntegration.kt:278:34 Unresolved reference 'nodeId'.
e: file:///Users/jim/work/v2superbikeshed/Trikeshed/src/commonMain/kotlin/borg/trikeshed/dht/integration/DHTQuicIntegration.kt:344:24 None of the following candidates is applicable:
fun <T> Join<Int, Function1<Int, Join<Any?, TypeMemento>>>.get(column: Column<T>): T?
fun <T : Any> JsReference<T>.get(): T
e: file:///Users/jim/work/v2superbikeshed/Trikeshed/src/commonMain/kotlin/borg/trikeshed/dht/integration/DHTQuicIntegration.kt:471:67 None of the following candidates is applicable:
fun <T> Join<Int, Function1<Int, Join<Any?, TypeMemento>>>.get(column: Column<T>): T?
fun <T : Any> JsReference<T>.get(): T
e: file:///Users/jim/work/v2superbikeshed/Trikeshed/src/commonMain/kotlin/borg/trikeshed/dht/kademlia/codec/KademliaCodec.kt:55:70 None of the following candidates is applicable:
fun <T> Join<Int, Function1<Int, Join<Any?, TypeMemento>>>.get(column: Column<T>): T?
fun <T : Any> JsReference<T>.get(): T
e: file:///Users/jim/work/v2superbikeshed/Trikeshed/src/commonMain/kotlin/borg/trikeshed/dht/kademlia/codec/KademliaCodec.kt:56:76 None of the following candidates is applicable:
fun <T> Join<Int, Function1<Int, Join<Any?, TypeMemento>>>.get(column: Column<T>): T?
fun <T : Any> JsReference<T>.get(): T
e: file:///Users/jim/work/v2superbikeshed/Trikeshed/src/commonMain/kotlin/borg/trikeshed/dht/kademlia/codec/KademliaCodec.kt:61:84 None of the following candidates is applicable:
fun <T> Join<Int, Function1<Int, Join<Any?, TypeMemento>>>.get(column: Column<T>): T?
fun <T : Any> JsReference<T>.get(): T
e: file:///Users/jim/work/v2superbikeshed/Trikeshed/src/commonMain/kotlin/borg/trikeshed/dht/kademlia/codec/KademliaCodec.kt:65:102 None of the following candidates is applicable:
fun <T> Join<Int, Function1<Int, Join<Any?, TypeMemento>>>.get(column: Column<T>): T?
fun <T : Any> JsReference<T>.get(): T
e: file:///Users/jim/work/v2superbikeshed/Trikeshed/src/commonMain/kotlin/borg/trikeshed/dht/kademlia/codec/KademliaCodec.kt:66:96 None of the following candidates is applicable:
fun <T> Join<Int, Function1<Int, Join<Any?, TypeMemento>>>.get(column: Column<T>): T?
fun <T : Any> JsReference<T>.get(): T
e: file:///Users/jim/work/v2superbikeshed/Trikeshed/src/commonMain/kotlin/borg/trikeshed/dht/kademlia/codec/KademliaCodec.kt:71:84 None of the following candidates is applicable:
fun <T> Join<Int, Function1<Int, Join<Any?, TypeMemento>>>.get(column: Column<T>): T?
fun <T : Any> JsReference<T>.get(): T
e: file:///Users/jim/work/v2superbikeshed/Trikeshed/src/commonMain/kotlin/borg/trikeshed/dht/kademlia/codec/KademliaCodec.kt:76:102 None of the following candidates is applicable:
fun <T> Join<Int, Function1<Int, Join<Any?, TypeMemento>>>.get(column: Column<T>): T?
fun <T : Any> JsReference<T>.get(): T
e: file:///Users/jim/work/v2superbikeshed/Trikeshed/src/commonMain/kotlin/borg/trikeshed/dht/kademlia/codec/KademliaCodec.kt:77:84 None of the following candidates is applicable:
fun <T> Join<Int, Function1<Int, Join<Any?, TypeMemento>>>.get(column: Column<T>): T?
fun <T : Any> JsReference<T>.get(): T
e: file:///Users/jim/work/v2superbikeshed/Trikeshed/src/commonMain/kotlin/borg/trikeshed/dht/kademlia/codec/KademliaCodec.kt:80:76 None of the following candidates is applicable:
fun <T> Join<Int, Function1<Int, Join<Any?, TypeMemento>>>.get(column: Column<T>): T?
fun <T : Any> JsReference<T>.get(): T
e: file:///Users/jim/work/v2superbikeshed/Trikeshed/src/commonMain/kotlin/borg/trikeshed/dht/kademlia/codec/KademliaCodec.kt:84:79 None of the following candidates is applicable:
fun <T> Join<Int, Function1<Int, Join<Any?, TypeMemento>>>.get(column: Column<T>): T?
fun <T : Any> JsReference<T>.get(): T
e: file:///Users/jim/work/v2superbikeshed/Trikeshed/src/commonMain/kotlin/borg/trikeshed/dht/kademlia/codec/KademliaCodec.kt:91:63 None of the following candidates is applicable:
fun <T> Join<Int, Function1<Int, Join<Any?, TypeMemento>>>.get(column: Column<T>): T?
fun <T : Any> JsReference<T>.get(): T
e: file:///Users/jim/work/v2superbikeshed/Trikeshed/src/commonMain/kotlin/borg/trikeshed/dht/kademlia/codec/KademliaCodec.kt:92:67 None of the following candidates is applicable:
fun <T> Join<Int, Function1<Int, Join<Any?, TypeMemento>>>.get(column: Column<T>): T?
fun <T : Any> JsReference<T>.get(): T
e: file:///Users/jim/work/v2superbikeshed/Trikeshed/src/commonMain/kotlin/borg/trikeshed/dht/kademlia/codec/KademliaCodec.kt:97:102 None of the following candidates is applicable:
fun <T> Join<Int, Function1<Int, Join<Any?, TypeMemento>>>.get(column: Column<T>): T?
fun <T : Any> JsReference<T>.get(): T
e: file:///Users/jim/work/v2superbikeshed/Trikeshed/src/commonMain/kotlin/borg/trikeshed/dht/kademlia/codec/KademliaCodec.kt:98:63 None of the following candidates is applicable:
fun <T> Join<Int, Function1<Int, Join<Any?, TypeMemento>>>.get(column: Column<T>): T?
fun <T : Any> JsReference<T>.get(): T
e: file:///Users/jim/work/v2superbikeshed/Trikeshed/src/commonMain/kotlin/borg/trikeshed/dht/kademlia/codec/KademliaCodec.kt:103:63 None of the following candidates is applicable:
fun <T> Join<Int, Function1<Int, Join<Any?, TypeMemento>>>.get(column: Column<T>): T?
fun <T : Any> JsReference<T>.get(): T
e: file:///Users/jim/work/v2superbikeshed/Trikeshed/src/commonMain/kotlin/borg/trikeshed/dht/kademlia/codec/KademliaCodec.kt:107:102 None of the following candidates is applicable:
fun <T> Join<Int, Function1<Int, Join<Any?, TypeMemento>>>.get(column: Column<T>): T?
fun <T : Any> JsReference<T>.get(): T
e: file:///Users/jim/work/v2superbikeshed/Trikeshed/src/commonMain/kotlin/borg/trikeshed/dht/kademlia/codec/KademliaCodec.kt:108:63 None of the following candidates is applicable:
fun <T> Join<Int, Function1<Int, Join<Any?, TypeMemento>>>.get(column: Column<T>): T?
fun <T : Any> JsReference<T>.get(): T
e: file:///Users/jim/work/v2superbikeshed/Trikeshed/src/commonMain/kotlin/borg/trikeshed/dht/kademlia/codec/KademliaCodec.kt:109:67 None of the following candidates is applicable:
fun <T> Join<Int, Function1<Int, Join<Any?, TypeMemento>>>.get(column: Column<T>): T?
fun <T : Any> JsReference<T>.get(): T
e: file:///Users/jim/work/v2superbikeshed/Trikeshed/src/commonMain/kotlin/borg/trikeshed/dht/kademlia/codec/KademliaCodec.kt:112:76 None of the following candidates is applicable:
fun <T> Join<Int, Function1<Int, Join<Any?, TypeMemento>>>.get(column: Column<T>): T?
fun <T : Any> JsReference<T>.get(): T
e: file:///Users/jim/work/v2superbikeshed/Trikeshed/src/commonMain/kotlin/borg/trikeshed/dht/kademlia/codec/KademliaCodec.kt:116:79 None of the following candidates is applicable:
fun <T> Join<Int, Function1<Int, Join<Any?, TypeMemento>>>.get(column: Column<T>): T?
fun <T : Any> JsReference<T>.get(): T
e: file:///Users/jim/work/v2superbikeshed/Trikeshed/src/commonMain/kotlin/borg/trikeshed/dht/kademlia/codec/KademliaCodec.kt:123:88 None of the following candidates is applicable:
fun <T> Join<Int, Function1<Int, Join<Any?, TypeMemento>>>.get(column: Column<T>): T?
fun <T : Any> JsReference<T>.get(): T
e: file:///Users/jim/work/v2superbikeshed/Trikeshed/src/commonMain/kotlin/borg/trikeshed/dht/kademlia/codec/KademliaCodec.kt:124:75 None of the following candidates is applicable:
fun <T> Join<Int, Function1<Int, Join<Any?, TypeMemento>>>.get(column: Column<T>): T?
fun <T : Any> JsReference<T>.get(): T
e: file:///Users/jim/work/v2superbikeshed/Trikeshed/src/commonMain/kotlin/borg/trikeshed/dht/kademlia/codec/KademliaCodec.kt:125:94 None of the following candidates is applicable:
fun <T> Join<Int, Function1<Int, Join<Any?, TypeMemento>>>.get(column: Column<T>): T?
fun <T : Any> JsReference<T>.get(): T
e: file:///Users/jim/work/v2superbikeshed/Trikeshed/src/commonMain/kotlin/borg/trikeshed/dht/kademlia/codec/KademliaCodec.kt:128:102 None of the following candidates is applicable:
fun <T> Join<Int, Function1<Int, Join<Any?, TypeMemento>>>.get(column: Column<T>): T?
fun <T : Any> JsReference<T>.get(): T
e: file:///Users/jim/work/v2superbikeshed/Trikeshed/src/commonMain/kotlin/borg/trikeshed/dht/kademlia/codec/KademliaCodec.kt:133:76 None of the following candidates is applicable:
fun <T> Join<Int, Function1<Int, Join<Any?, TypeMemento>>>.get(column: Column<T>): T?
fun <T : Any> JsReference<T>.get(): T
e: file:///Users/jim/work/v2superbikeshed/Trikeshed/src/commonMain/kotlin/borg/trikeshed/dht/kademlia/codec/KademliaCodec.kt:137:79 None of the following candidates is applicable:
fun <T> Join<Int, Function1<Int, Join<Any?, TypeMemento>>>.get(column: Column<T>): T?
fun <T : Any> JsReference<T>.get(): T
e: file:///Users/jim/work/v2superbikeshed/Trikeshed/src/commonMain/kotlin/borg/trikeshed/dht/kademlia/codec/KademliaCodec.kt:245:31 None of the following candidates is applicable:
fun <T> Join<Int, Function1<Int, Join<Any?, TypeMemento>>>.get(column: Column<T>): T?
fun <T : Any> JsReference<T>.get(): T
e: file:///Users/jim/work/v2superbikeshed/Trikeshed/src/commonMain/kotlin/borg/trikeshed/dht/kademlia/codec/KademliaCodec.kt:245:52 Unresolved reference 'and'.
e: file:///Users/jim/work/v2superbikeshed/Trikeshed/src/commonMain/kotlin/borg/trikeshed/dht/kademlia/codec/KademliaCodec.kt:247:64 None of the following candidates is applicable:
fun <T> Join<Int, Function1<Int, Join<Any?, TypeMemento>>>.get(column: Column<T>): T?
fun <T : Any> JsReference<T>.get(): T
e: file:///Users/jim/work/v2superbikeshed/Trikeshed/src/commonMain/kotlin/borg/trikeshed/dht/kademlia/codec/KademliaCodec.kt:252:26 None of the following candidates is applicable:
fun <T> Join<Int, Function1<Int, Join<Any?, TypeMemento>>>.get(column: Column<T>): T?
fun <T : Any> JsReference<T>.get(): T
e: file:///Users/jim/work/v2superbikeshed/Trikeshed/src/commonMain/kotlin/borg/trikeshed/dht/kademlia/codec/KademliaCodec.kt:252:47 Unresolved reference 'and'.
e: file:///Users/jim/work/v2superbikeshed/Trikeshed/src/commonMain/kotlin/borg/trikeshed/dht/kademlia/codec/KademliaCodec.kt:270:25 None of the following candidates is applicable:
fun <T> Join<Int, Function1<Int, Join<Any?, TypeMemento>>>.get(column: Column<T>): T?
fun <T : Any> JsReference<T>.get(): T
e: file:///Users/jim/work/v2superbikeshed/Trikeshed/src/commonMain/kotlin/borg/trikeshed/dht/kademlia/codec/KademliaCodec.kt:270:43 Unresolved reference 'and'.
e: file:///Users/jim/work/v2superbikeshed/Trikeshed/src/commonMain/kotlin/borg/trikeshed/dht/kademlia/codec/KademliaCodec.kt:272:52 None of the following candidates is applicable:
fun <T> Join<Int, Function1<Int, Join<Any?, TypeMemento>>>.get(column: Column<T>): T?
fun <T : Any> JsReference<T>.get(): T
e: file:///Users/jim/work/v2superbikeshed/Trikeshed/src/commonMain/kotlin/borg/trikeshed/dht/kademlia/codec/KademliaCodec.kt:277:23 None of the following candidates is applicable:
fun <T> Join<Int, Function1<Int, Join<Any?, TypeMemento>>>.get(column: Column<T>): T?
fun <T : Any> JsReference<T>.get(): T
e: file:///Users/jim/work/v2superbikeshed/Trikeshed/src/commonMain/kotlin/borg/trikeshed/dht/kademlia/codec/KademliaCodec.kt:295:57 None of the following candidates is applicable:
fun <T> Join<Int, Function1<Int, Join<Any?, TypeMemento>>>.get(column: Column<T>): T?
fun <T : Any> JsReference<T>.get(): T
e: file:///Users/jim/work/v2superbikeshed/Trikeshed/src/commonMain/kotlin/borg/trikeshed/dht/kademlia/codec/KademliaCodec.kt:302:55 None of the following candidates is applicable:
fun <T> Join<Int, Function1<Int, Join<Any?, TypeMemento>>>.get(column: Column<T>): T?
fun <T : Any> JsReference<T>.get(): T
e: file:///Users/jim/work/v2superbikeshed/Trikeshed/src/commonMain/kotlin/borg/trikeshed/dht/kademlia/codec/KademliaCodec.kt:307:30 None of the following candidates is applicable:
fun <T> Join<Int, Function1<Int, Join<Any?, TypeMemento>>>.get(column: Column<T>): T?
fun <T : Any> JsReference<T>.get(): T
e: file:///Users/jim/work/v2superbikeshed/Trikeshed/src/commonMain/kotlin/borg/trikeshed/dht/kademlia/codec/KademliaCodec.kt:336:42 None of the following candidates is applicable:
fun <T> Join<Int, Function1<Int, Join<Any?, TypeMemento>>>.get(column: Column<T>): T?
fun <T : Any> JsReference<T>.get(): T
e: file:///Users/jim/work/v2superbikeshed/Trikeshed/src/commonMain/kotlin/borg/trikeshed/dht/kademlia/codec/KademliaCodec.kt:336:67 Unresolved reference 'and'.
e: file:///Users/jim/work/v2superbikeshed/Trikeshed/src/commonMain/kotlin/borg/trikeshed/dht/kademlia/codec/KademliaCodec.kt:344:41 None of the following candidates is applicable:
fun <T> Join<Int, Function1<Int, Join<Any?, TypeMemento>>>.get(column: Column<T>): T?
fun <T : Any> JsReference<T>.get(): T
e: file:///Users/jim/work/v2superbikeshed/Trikeshed/src/commonMain/kotlin/borg/trikeshed/dht/kademlia/codec/KademliaCodec.kt:344:66 Unresolved reference 'and'.
e: file:///Users/jim/work/v2superbikeshed/Trikeshed/src/commonMain/kotlin/borg/trikeshed/dht/kademlia/id/NUID.kt:26:47 None of the following candidates is applicable:
fun <T> Join<Int, Function1<Int, Join<Any?, TypeMemento>>>.get(column: Column<T>): T?
fun <T : Any> JsReference<T>.get(): T
e: file:///Users/jim/work/v2superbikeshed/Trikeshed/src/commonMain/kotlin/borg/trikeshed/dht/kademlia/id/NUID.kt:27:49 None of the following candidates is applicable:
fun <T> Join<Int, Function1<Int, Join<Any?, TypeMemento>>>.get(column: Column<T>): T?
fun <T : Any> JsReference<T>.get(): T
e: file:///Users/jim/work/v2superbikeshed/Trikeshed/src/commonMain/kotlin/borg/trikeshed/dht/kademlia/id/NUID.kt:41:28 None of the following candidates is applicable:
fun <T> Join<Int, Function1<Int, Join<Any?, TypeMemento>>>.get(column: Column<T>): T?
fun <T : Any> JsReference<T>.get(): T
e: file:///Users/jim/work/v2superbikeshed/Trikeshed/src/commonMain/kotlin/borg/trikeshed/dht/kademlia/id/NUID.kt:41:50 Unresolved reference 'and'.
e: file:///Users/jim/work/v2superbikeshed/Trikeshed/src/commonMain/kotlin/borg/trikeshed/dht/kademlia/id/NUID.kt:42:29 None of the following candidates is applicable:
fun <T> Join<Int, Function1<Int, Join<Any?, TypeMemento>>>.get(column: Column<T>): T?
fun <T : Any> JsReference<T>.get(): T
e: file:///Users/jim/work/v2superbikeshed/Trikeshed/src/commonMain/kotlin/borg/trikeshed/dht/kademlia/id/NUID.kt:42:52 Unresolved reference 'and'.
e: file:///Users/jim/work/v2superbikeshed/Trikeshed/src/commonMain/kotlin/borg/trikeshed/dht/kademlia/id/NUID.kt:80:49 None of the following candidates is applicable:
fun <T> Join<Int, Function1<Int, Join<Any?, TypeMemento>>>.get(column: Column<T>): T?
fun <T : Any> JsReference<T>.get(): T
e: file:///Users/jim/work/v2superbikeshed/Trikeshed/src/commonMain/kotlin/borg/trikeshed/dht/kademlia/id/NUID.kt:114:59 None of the following candidates is applicable:
fun <T> Join<Int, Function1<Int, Join<Any?, TypeMemento>>>.get(column: Column<T>): T?
fun <T : Any> JsReference<T>.get(): T
e: file:///Users/jim/work/v2superbikeshed/Trikeshed/src/commonMain/kotlin/borg/trikeshed/dht/kademlia/routing/AdaptiveKademliaRouting.kt:210:16 Return type mismatch: expected 'List<WeightedNode>', actual 'Join<Int, Function1<Int, ERROR CLASS: Cannot infer argument for type parameter T>>'.
e: file:///Users/jim/work/v2superbikeshed/Trikeshed/src/commonMain/kotlin/borg/trikeshed/dht/kademlia/routing/AdaptiveKademliaRouting.kt:211:14 None of the following candidates is applicable:
fun <T, R : Comparable<R>> Array<out T>.sortedBy(crossinline selector: (T) -> R?): List<T>
fun <R : Comparable<R>> ByteArray.sortedBy(crossinline selector: (Byte) -> R?): List<Byte>
fun <R : Comparable<R>> ShortArray.sortedBy(crossinline selector: (Short) -> R?): List<Short>
fun <R : Comparable<R>> IntArray.sortedBy(crossinline selector: (Int) -> R?): List<Int>
fun <R : Comparable<R>> LongArray.sortedBy(crossinline selector: (Long) -> R?): List<Long>
fun <R : Comparable<R>> FloatArray.sortedBy(crossinline selector: (Float) -> R?): List<Float>
fun <R : Comparable<R>> DoubleArray.sortedBy(crossinline selector: (Double) -> R?): List<Double>
fun <R : Comparable<R>> BooleanArray.sortedBy(crossinline selector: (Boolean) -> R?): List<Boolean>
fun <R : Comparable<R>> CharArray.sortedBy(crossinline selector: (Char) -> R?): List<Char>
fun <T, R : Comparable<R>> Iterable<T>.sortedBy(crossinline selector: (T) -> R?): List<T>
fun <T, R : Comparable<R>> Sequence<T>.sortedBy(crossinline selector: (T) -> R?): Sequence<T>
e: file:///Users/jim/work/v2superbikeshed/Trikeshed/src/commonMain/kotlin/borg/trikeshed/dht/kademlia/routing/AdaptiveKademliaRouting.kt:211:25 Unresolved reference 'it'.
e: file:///Users/jim/work/v2superbikeshed/Trikeshed/src/commonMain/kotlin/borg/trikeshed/dht/kademlia/routing/AdaptiveKademliaRouting.kt:212:14 Cannot infer type for this parameter. Specify it explicitly.
e: file:///Users/jim/work/v2superbikeshed/Trikeshed/src/commonMain/kotlin/borg/trikeshed/dht/kademlia/routing/AdaptiveKademliaRouting.kt:212:14 Not enough information to infer type argument for 'T'.
e: file:///Users/jim/work/v2superbikeshed/Trikeshed/src/commonMain/kotlin/borg/trikeshed/dht/kademlia/subnet/ConcentricSubnet.kt:194:34 None of the following candidates is applicable:
fun <T> Join<Int, Function1<Int, Join<Any?, TypeMemento>>>.get(column: Column<T>): T?
fun <T : Any> JsReference<T>.get(): T
e: file:///Users/jim/work/v2superbikeshed/Trikeshed/src/commonMain/kotlin/borg/trikeshed/dht/kademlia/subnet/ConcentricSubnet.kt:216:44 None of the following candidates is applicable:
fun <T> Join<Int, Function1<Int, Join<Any?, TypeMemento>>>.get(column: Column<T>): T?
fun <T : Any> JsReference<T>.get(): T
e: file:///Users/jim/work/v2superbikeshed/Trikeshed/src/commonMain/kotlin/borg/trikeshed/dht/kademlia/subnet/ConcentricSubnet.kt:230:32 None of the following candidates is applicable:
fun <T> Join<Int, Function1<Int, Join<Any?, TypeMemento>>>.get(column: Column<T>): T?
fun <T : Any> JsReference<T>.get(): T
e: file:///Users/jim/work/v2superbikeshed/Trikeshed/src/commonMain/kotlin/borg/trikeshed/dht/kademlia/subnet/ConcentricSubnet.kt:248:48 None of the following candidates is applicable:
fun <T> Join<Int, Function1<Int, Join<Any?, TypeMemento>>>.get(column: Column<T>): T?
fun <T : Any> JsReference<T>.get(): T
e: file:///Users/jim/work/v2superbikeshed/Trikeshed/src/commonMain/kotlin/borg/trikeshed/distributed/DistributedStorage.kt:8:23 Unresolved reference 'jetsam'.
e: file:///Users/jim/work/v2superbikeshed/Trikeshed/src/commonMain/kotlin/borg/trikeshed/distributed/DistributedStorage.kt:10:30 Unresolved reference 'json'.
e: file:///Users/jim/work/v2superbikeshed/Trikeshed/src/commonMain/kotlin/borg/trikeshed/distributed/DistributedStorage.kt:125:61 Unresolved reference 'Transport'.
e: file:///Users/jim/work/v2superbikeshed/Trikeshed/src/commonMain/kotlin/borg/trikeshed/distributed/DistributedStorage.kt:128:9 Unresolved reference 'JetsamGossipManager'.
e: file:///Users/jim/work/v2superbikeshed/Trikeshed/src/commonMain/kotlin/borg/trikeshed/distributed/DistributedStorage.kt:153:48 Unresolved reference 'encode'.
e: file:///Users/jim/work/v2superbikeshed/Trikeshed/src/commonMain/kotlin/borg/trikeshed/distributed/DistributedStorage.kt:159:21 No parameter with name 'id' found.
e: file:///Users/jim/work/v2superbikeshed/Trikeshed/src/commonMain/kotlin/borg/trikeshed/distributed/DistributedStorage.kt:160:28 Unresolved reference 'buildJsonObject'.
e: file:///Users/jim/work/v2superbikeshed/Trikeshed/src/commonMain/kotlin/borg/trikeshed/distributed/DistributedStorage.kt:161:25 Unresolved reference 'put'.
e: file:///Users/jim/work/v2superbikeshed/Trikeshed/src/commonMain/kotlin/borg/trikeshed/distributed/DistributedStorage.kt:162:25 Unresolved reference 'put'.
e: file:///Users/jim/work/v2superbikeshed/Trikeshed/src/commonMain/kotlin/borg/trikeshed/distributed/DistributedStorage.kt:166:44 Argument type mismatch: actual type is 'String', but 'Join<Int, Function1<Int, Byte>>' was expected.
e: file:///Users/jim/work/v2superbikeshed/Trikeshed/src/commonMain/kotlin/borg/trikeshed/distributed/DistributedStorage.kt:166:53 Unresolved reference 'rev'.
e: file:///Users/jim/work/v2superbikeshed/Trikeshed/src/commonMain/kotlin/borg/trikeshed/distributed/DistributedStorage.kt:177:25 No parameter with name 'id' found.
e: file:///Users/jim/work/v2superbikeshed/Trikeshed/src/commonMain/kotlin/borg/trikeshed/distributed/DistributedStorage.kt:178:32 Unresolved reference 'buildJsonObject'.
e: file:///Users/jim/work/v2superbikeshed/Trikeshed/src/commonMain/kotlin/borg/trikeshed/distributed/DistributedStorage.kt:179:29 Unresolved reference 'put'.
e: file:///Users/jim/work/v2superbikeshed/Trikeshed/src/commonMain/kotlin/borg/trikeshed/distributed/DistributedStorage.kt:180:29 Unresolved reference 'put'.
e: file:///Users/jim/work/v2superbikeshed/Trikeshed/src/commonMain/kotlin/borg/trikeshed/distributed/DistributedStorage.kt:187:49 Unresolved reference 'rev'.
e: file:///Users/jim/work/v2superbikeshed/Trikeshed/src/commonMain/kotlin/borg/trikeshed/distributed/DistributedStorage.kt:190:17 Unresolved reference 'JetsamGossipManager'.
e: file:///Users/jim/work/v2superbikeshed/Trikeshed/src/commonMain/kotlin/borg/trikeshed/distributed/DistributedStorage.kt:190:51 Unresolved reference 'buildJsonObject'.
e: file:///Users/jim/work/v2superbikeshed/Trikeshed/src/commonMain/kotlin/borg/trikeshed/distributed/DistributedStorage.kt:191:21 Unresolved reference 'put'.
e: file:///Users/jim/work/v2superbikeshed/Trikeshed/src/commonMain/kotlin/borg/trikeshed/distributed/DistributedStorage.kt:191:41 Unresolved reference 'encode'.
e: file:///Users/jim/work/v2superbikeshed/Trikeshed/src/commonMain/kotlin/borg/trikeshed/distributed/DistributedStorage.kt:192:21 Unresolved reference 'put'.
e: file:///Users/jim/work/v2superbikeshed/Trikeshed/src/commonMain/kotlin/borg/trikeshed/distributed/DistributedStorage.kt:195:44 Argument type mismatch: actual type is 'String', but 'Join<Int, Function1<Int, Byte>>' was expected.
e: file:///Users/jim/work/v2superbikeshed/Trikeshed/src/commonMain/kotlin/borg/trikeshed/distributed/DistributedStorage.kt:195:60 Unresolved reference 'encode'.
e: file:///Users/jim/work/v2superbikeshed/Trikeshed/src/commonMain/kotlin/borg/trikeshed/distributed/DistributedStorage.kt:211:37 Argument type mismatch: actual type is 'String', but 'CID' was expected.
e: file:///Users/jim/work/v2superbikeshed/Trikeshed/src/commonMain/kotlin/borg/trikeshed/distributed/DistributedStorage.kt:223:49 Unresolved reference 'data'.
e: file:///Users/jim/work/v2superbikeshed/Trikeshed/src/commonMain/kotlin/borg/trikeshed/distributed/DistributedStorage.kt:223:63 Unresolved reference 'jsonPrimitive'.
e: file:///Users/jim/work/v2superbikeshed/Trikeshed/src/commonMain/kotlin/borg/trikeshed/distributed/DistributedStorage.kt:235:49 Argument type mismatch: actual type is 'String', but 'CID' was expected.
e: file:///Users/jim/work/v2superbikeshed/Trikeshed/src/commonMain/kotlin/borg/trikeshed/distributed/DistributedStorage.kt:244:58 Unresolved reference 'data'.
e: file:///Users/jim/work/v2superbikeshed/Trikeshed/src/commonMain/kotlin/borg/trikeshed/distributed/DistributedStorage.kt:244:72 Unresolved reference 'jsonPrimitive'.
e: file:///Users/jim/work/v2superbikeshed/Trikeshed/src/commonMain/kotlin/borg/trikeshed/distributed/DistributedStorage.kt:295:103 Argument type mismatch: actual type is 'ViewQueryParams', but 'CouchViewParams' was expected.
e: file:///Users/jim/work/v2superbikeshed/Trikeshed/src/commonMain/kotlin/borg/trikeshed/distributed/DistributedStorage.kt:391:35 Unresolved reference 'it'.
e: file:///Users/jim/work/v2superbikeshed/Trikeshed/src/commonMain/kotlin/borg/trikeshed/distributed/DistributedStorage.kt:392:18 Unresolved reference. None of the following candidates is applicable because of a receiver type mismatch:
fun String.encodeToByteArray(): ByteArray
e: file:///Users/jim/work/v2superbikeshed/Trikeshed/src/commonMain/kotlin/borg/trikeshed/distributed/DistributedStorage.kt:392:38 Cannot infer type for this parameter. Specify it explicitly.
e: file:///Users/jim/work/v2superbikeshed/Trikeshed/src/commonMain/kotlin/borg/trikeshed/distributed/DistributedStorage.kt:392:38 Not enough information to infer type argument for 'R'.
e: file:///Users/jim/work/v2superbikeshed/Trikeshed/src/commonMain/kotlin/borg/trikeshed/distributed/DistributedStorage.kt:392:52 Cannot infer type for this parameter. Specify it explicitly.
e: file:///Users/jim/work/v2superbikeshed/Trikeshed/src/commonMain/kotlin/borg/trikeshed/distributed/DistributedStorage.kt:392:52 Not enough information to infer type argument for 'B'.
e: file:///Users/jim/work/v2superbikeshed/Trikeshed/src/commonMain/kotlin/borg/trikeshed/distributed/DistributedStorage.kt:392:56 Cannot infer type for this parameter. Specify it explicitly.
e: file:///Users/jim/work/v2superbikeshed/Trikeshed/src/commonMain/kotlin/borg/trikeshed/functional/CouchDBFunctional.kt:165:18 None of the following candidates is applicable:
fun <T> Join<Int, Function1<Int, Join<Any?, TypeMemento>>>.get(column: Column<T>): T?
fun <T : Any> JsReference<T>.get(): T
e: file:///Users/jim/work/v2superbikeshed/Trikeshed/src/commonMain/kotlin/borg/trikeshed/functional/CouchDBFunctional.kt:165:26 Unresolved reference 'id'.
e: file:///Users/jim/work/v2superbikeshed/Trikeshed/src/commonMain/kotlin/borg/trikeshed/io/AsyncIOEngine.kt:40:9 Function 'create' without a body must be abstract.
e: file:///Users/jim/work/v2superbikeshed/Trikeshed/src/commonMain/kotlin/borg/trikeshed/io/AsyncIOEngine.kt:60:13 Unresolved reference 'javaClass'.
e: file:///Users/jim/work/v2superbikeshed/Trikeshed/src/commonMain/kotlin/borg/trikeshed/io/AsyncIOEngine.kt:60:33 Unresolved reference 'javaClass'.
e: file:///Users/jim/work/v2superbikeshed/Trikeshed/src/commonMain/kotlin/borg/trikeshed/io/CCekEngine.kt:39:58 Unresolved reference 'Class'.
e: file:///Users/jim/work/v2superbikeshed/Trikeshed/src/commonMain/kotlin/borg/trikeshed/io/CCekEngine.kt:83:27 Unresolved reference 'System'.
e: file:///Users/jim/work/v2superbikeshed/Trikeshed/src/commonMain/kotlin/borg/trikeshed/io/CCekEngine.kt:88:13 Unresolved reference 'javaClass'.
e: file:///Users/jim/work/v2superbikeshed/Trikeshed/src/commonMain/kotlin/borg/trikeshed/io/CCekEngine.kt:88:33 Unresolved reference 'javaClass'.
e: file:///Users/jim/work/v2superbikeshed/Trikeshed/src/commonMain/kotlin/borg/trikeshed/io/CoroutineRouter.kt:313:13 Unresolved reference 'runBlocking'.
e: file:///Users/jim/work/v2superbikeshed/Trikeshed/src/commonMain/kotlin/borg/trikeshed/io/CoroutineRouter.kt:314:23 Cannot infer type for this parameter. Specify it explicitly.
e: file:///Users/jim/work/v2superbikeshed/Trikeshed/src/commonMain/kotlin/borg/trikeshed/io/CoroutineRouter.kt:314:27 Cannot infer type for this parameter. Specify it explicitly.
e: file:///Users/jim/work/v2superbikeshed/Trikeshed/src/commonMain/kotlin/borg/trikeshed/io/CoroutineRouter.kt:314:44 Cannot infer type for this parameter. Specify it explicitly.
e: file:///Users/jim/work/v2superbikeshed/Trikeshed/src/commonMain/kotlin/borg/trikeshed/io/CoroutineRouter.kt:314:44 Unresolved reference. None of the following candidates is applicable because of a receiver type mismatch:
fun <T> CoroutineScope.async(context: CoroutineContext = ..., start: CoroutineStart = ..., block: suspend CoroutineScope.() -> T): Deferred<T>
e: file:///Users/jim/work/v2superbikeshed/Trikeshed/src/commonMain/kotlin/borg/trikeshed/io/CoroutineRouter.kt:314:44 Argument type mismatch: actual type is 'CoroutineScope', but 'CoroutineRouter' was expected.
e: file:///Users/jim/work/v2superbikeshed/Trikeshed/src/commonMain/kotlin/borg/trikeshed/io/CoroutineRouter.kt:314:73 Cannot infer type for this parameter. Specify it explicitly.
e: file:///Users/jim/work/v2superbikeshed/Trikeshed/src/commonMain/kotlin/borg/trikeshed/io/CoroutineRouter.kt:314:73 Suspension functions can only be called within coroutine body.
e: file:///Users/jim/work/v2superbikeshed/Trikeshed/src/commonMain/kotlin/borg/trikeshed/io/CoroutineRouter.kt:372:25 Unresolved reference 'System'.
e: file:///Users/jim/work/v2superbikeshed/Trikeshed/src/commonMain/kotlin/borg/trikeshed/io/CoroutineRouter.kt:375:43 Unresolved reference 'System'.
e: file:///Users/jim/work/v2superbikeshed/Trikeshed/src/commonMain/kotlin/borg/trikeshed/io/CoroutineRouter.kt:378:39 Unresolved reference 'System'.
e: file:///Users/jim/work/v2superbikeshed/Trikeshed/src/commonMain/kotlin/borg/trikeshed/io/CoroutineRouter.kt:426:29 Unresolved reference 'IO'.
e: file:///Users/jim/work/v2superbikeshed/Trikeshed/src/commonMain/kotlin/borg/trikeshed/io/CoroutineRouter.kt:449:29 Unresolved reference 'System'.
e: file:///Users/jim/work/v2superbikeshed/Trikeshed/src/commonMain/kotlin/borg/trikeshed/io/CoroutineRouter.kt:454:23 Unresolved reference 'System'.
e: file:///Users/jim/work/v2superbikeshed/Trikeshed/src/commonMain/kotlin/borg/trikeshed/io/CoroutineRouter.kt:456:73 Unresolved reference 'times' for operator '*'.
e: file:///Users/jim/work/v2superbikeshed/Trikeshed/src/commonMain/kotlin/borg/trikeshed/io/CoroutineRouter.kt:461:17 Unresolved reference 'Thread'.
e: file:///Users/jim/work/v2superbikeshed/Trikeshed/src/commonMain/kotlin/borg/trikeshed/io/FileBuffer.kt:7:11 FileBuffer: expect and corresponding actual are declared in the same module.
e: file:///Users/jim/work/v2superbikeshed/Trikeshed/src/commonMain/kotlin/borg/trikeshed/io/FileBuffer.kt:7:24 One type argument expected for typealias LongIndexed<T> = Join<Long, Function1<Long, T>>.
e: file:///Users/jim/work/v2superbikeshed/Trikeshed/src/commonMain/kotlin/borg/trikeshed/io/FileBuffer.kt:11:9 'open' hides member of supertype 'Usable' and needs an 'override' modifier.
e: file:///Users/jim/work/v2superbikeshed/Trikeshed/src/commonMain/kotlin/borg/trikeshed/io/FileBuffer.kt:12:9 'close' hides member of supertype 'Usable' and needs an 'override' modifier.
e: file:///Users/jim/work/v2superbikeshed/Trikeshed/src/commonMain/kotlin/borg/trikeshed/io/FileBuffer.kt:15:14 FileBuffer: expect and corresponding actual are declared in the same module.
e: file:///Users/jim/work/v2superbikeshed/Trikeshed/src/commonMain/kotlin/borg/trikeshed/io/IOContext.kt:3:27 Conflicting import: imported name 'Indexed' is ambiguous.
e: file:///Users/jim/work/v2superbikeshed/Trikeshed/src/commonMain/kotlin/borg/trikeshed/io/IOContext.kt:4:38 Conflicting import: imported name 'Indexed' is ambiguous.
e: file:///Users/jim/work/v2superbikeshed/Trikeshed/src/commonMain/kotlin/borg/trikeshed/io/IOContext.kt:103:13 Initializer type mismatch: expected 'CoroutineContext', actual 'CoroutineScope'.
e: file:///Users/jim/work/v2superbikeshed/Trikeshed/src/commonMain/kotlin/borg/trikeshed/io/IOContext.kt:103:25 Unresolved reference 'IO'.
e: file:///Users/jim/work/v2superbikeshed/Trikeshed/src/commonMain/kotlin/borg/trikeshed/io/IOContext.kt:130:13 Initializer type mismatch: expected 'CoroutineContext', actual 'CoroutineScope'.
e: file:///Users/jim/work/v2superbikeshed/Trikeshed/src/commonMain/kotlin/borg/trikeshed/io/IOContext.kt:130:25 Unresolved reference 'IO'.
e: file:///Users/jim/work/v2superbikeshed/Trikeshed/src/commonMain/kotlin/borg/trikeshed/io/IOContext.kt:152:13 Initializer type mismatch: expected 'CoroutineContext', actual 'CoroutineScope'.
e: file:///Users/jim/work/v2superbikeshed/Trikeshed/src/commonMain/kotlin/borg/trikeshed/io/IOContext.kt:152:25 Unresolved reference 'IO'.
e: file:///Users/jim/work/v2superbikeshed/Trikeshed/src/commonMain/kotlin/borg/trikeshed/io/IOContext.kt:177:13 Initializer type mismatch: expected 'CoroutineContext', actual 'CoroutineScope'.
e: file:///Users/jim/work/v2superbikeshed/Trikeshed/src/commonMain/kotlin/borg/trikeshed/io/IOContext.kt:177:25 Unresolved reference 'IO'.
e: file:///Users/jim/work/v2superbikeshed/Trikeshed/src/commonMain/kotlin/borg/trikeshed/io/IOContext.kt:241:47 Initializer type mismatch: expected 'Set<IOCapability>', actual 'Set<MatchGroup?>'.
e: file:///Users/jim/work/v2superbikeshed/Trikeshed/src/commonMain/kotlin/borg/trikeshed/io/IOContext.kt:241:47 Type mismatch: inferred type is 'MatchGroup?', but 'IOCapability' was expected.
e: file:///Users/jim/work/v2superbikeshed/Trikeshed/src/commonMain/kotlin/borg/trikeshed/io/IOContext.kt:242:13 Unresolved reference. None of the following candidates is applicable because of a receiver type mismatch:
fun MatchGroupCollection.get(name: String): MatchGroup?
e: file:///Users/jim/work/v2superbikeshed/Trikeshed/src/commonMain/kotlin/borg/trikeshed/io/IOContext.kt:246:31 Type inference failed. The value of the type parameter 'T' must be mentioned in input types (argument types, receiver type, or expected type). Try to specify it explicitly.
e: file:///Users/jim/work/v2superbikeshed/Trikeshed/src/commonMain/kotlin/borg/trikeshed/io/IOContext.kt:246:40 Unresolved reference. None of the following candidates is applicable because of a receiver type mismatch:
fun MatchGroupCollection.get(name: String): MatchGroup?
e: file:///Users/jim/work/v2superbikeshed/Trikeshed/src/commonMain/kotlin/borg/trikeshed/io/IOContext.kt:257:46 Initializer type mismatch: expected 'Set<IOCapability>', actual 'Set<MatchGroup?>'.
e: file:///Users/jim/work/v2superbikeshed/Trikeshed/src/commonMain/kotlin/borg/trikeshed/io/IOContext.kt:257:46 Type mismatch: inferred type is 'MatchGroup?', but 'IOCapability' was expected.
e: file:///Users/jim/work/v2superbikeshed/Trikeshed/src/commonMain/kotlin/borg/trikeshed/io/IOContext.kt:258:13 Unresolved reference. None of the following candidates is applicable because of a receiver type mismatch:
fun MatchGroupCollection.get(name: String): MatchGroup?
e: file:///Users/jim/work/v2superbikeshed/Trikeshed/src/commonMain/kotlin/borg/trikeshed/io/IOContext.kt:265:35 Unresolved reference 'System'.
e: file:///Users/jim/work/v2superbikeshed/Trikeshed/src/commonMain/kotlin/borg/trikeshed/io/IOContext.kt:271:36 Unresolved reference 'System'.
e: file:///Users/jim/work/v2superbikeshed/Trikeshed/src/commonMain/kotlin/borg/trikeshed/io/IOContext.kt:276:35 Unresolved reference 'System'.
e: file:///Users/jim/work/v2superbikeshed/Trikeshed/src/commonMain/kotlin/borg/trikeshed/io/IOContext.kt:281:33 Unresolved reference 'System'.
e: file:///Users/jim/work/v2superbikeshed/Trikeshed/src/commonMain/kotlin/borg/trikeshed/io/IOContext.kt:318:9 Unresolved reference 'System'.
e: file:///Users/jim/work/v2superbikeshed/Trikeshed/src/commonMain/kotlin/borg/trikeshed/io/IOContext.kt:321:9 Unresolved reference 'System'.
e: file:///Users/jim/work/v2superbikeshed/Trikeshed/src/commonMain/kotlin/borg/trikeshed/io/IODSL.kt:21:75 Cannot access 'constructor(value: Int): Int': it is private in 'kotlin/Int'.
e: file:///Users/jim/work/v2superbikeshed/Trikeshed/src/commonMain/kotlin/borg/trikeshed/io/IODSL.kt:141:7 Redeclaration:
typealias IOHandle = Int
e: file:///Users/jim/work/v2superbikeshed/Trikeshed/src/commonMain/kotlin/borg/trikeshed/io/IODSL.kt:152:20 Unresolved reference 'operationId'.
e: file:///Users/jim/work/v2superbikeshed/Trikeshed/src/commonMain/kotlin/borg/trikeshed/io/IODSL.kt:153:20 Unresolved reference 'type'.
e: file:///Users/jim/work/v2superbikeshed/Trikeshed/src/commonMain/kotlin/borg/trikeshed/io/IODSL.kt:159:16 Unresolved reference 'daemon'.
e: file:///Users/jim/work/v2superbikeshed/Trikeshed/src/commonMain/kotlin/borg/trikeshed/io/IODaemon.kt:80:13 Unresolved reference 'javaClass'.
e: file:///Users/jim/work/v2superbikeshed/Trikeshed/src/commonMain/kotlin/borg/trikeshed/io/IODaemon.kt:80:33 Unresolved reference 'javaClass'.
e: file:///Users/jim/work/v2superbikeshed/Trikeshed/src/commonMain/kotlin/borg/trikeshed/io/IODaemon.kt:115:27 Unresolved reference 'System'.
e: file:///Users/jim/work/v2superbikeshed/Trikeshed/src/commonMain/kotlin/borg/trikeshed/io/IOHandle.kt:9:11 Redeclaration:
typealias IOHandle = Int
e: file:///Users/jim/work/v2superbikeshed/Trikeshed/src/commonMain/kotlin/borg/trikeshed/io/PosixFile.kt:5:11 PosixFile: expect and corresponding actual are declared in the same module.
e: file:///Users/jim/work/v2superbikeshed/Trikeshed/src/commonMain/kotlin/borg/trikeshed/io/PosixFile.kt:8:9 'open' hides member of supertype 'Usable' and needs an 'override' modifier.
e: file:///Users/jim/work/v2superbikeshed/Trikeshed/src/commonMain/kotlin/borg/trikeshed/io/PosixFile.kt:9:9 'close' hides member of supertype 'Usable' and needs an 'override' modifier.
e: file:///Users/jim/work/v2superbikeshed/Trikeshed/src/commonMain/kotlin/borg/trikeshed/io/PosixFile.kt:14:14 PosixFile: expect and corresponding actual are declared in the same module.
e: file:///Users/jim/work/v2superbikeshed/Trikeshed/src/commonMain/kotlin/borg/trikeshed/io/PosixFile.kt:26:14 MappedPointer: expect and corresponding actual are declared in the same module.
e: file:///Users/jim/work/v2superbikeshed/Trikeshed/src/commonMain/kotlin/borg/trikeshed/ipc/examples/IPCExample.kt:103:73 None of the following candidates is applicable:
fun <T> Join<Int, Function1<Int, Join<Any?, TypeMemento>>>.get(column: Column<T>): T?
fun <T : Any> JsReference<T>.get(): T
e: file:///Users/jim/work/v2superbikeshed/Trikeshed/src/commonMain/kotlin/borg/trikeshed/ipfs/IpfsClient.kt:66:50 Unresolved reference 'it'.
e: file:///Users/jim/work/v2superbikeshed/Trikeshed/src/commonMain/kotlin/borg/trikeshed/ipfs/IpfsClient.kt:67:32 Argument type mismatch: actual type is 'Join<Int, Function0<Byte>>', but 'Join<Int, Function1<Int, Byte>>' was expected.
e: file:///Users/jim/work/v2superbikeshed/Trikeshed/src/commonMain/kotlin/borg/trikeshed/ipfs/IpfsClient.kt:73:33 Cannot infer type for this parameter. Specify it explicitly.
e: file:///Users/jim/work/v2superbikeshed/Trikeshed/src/commonMain/kotlin/borg/trikeshed/ipfs/IpfsClient.kt:73:33 Not enough information to infer type argument for 'B'.
e: file:///Users/jim/work/v2superbikeshed/Trikeshed/src/commonMain/kotlin/borg/trikeshed/ipfs/IpfsClient.kt:73:37 Cannot infer type for this parameter. Specify it explicitly.
e: file:///Users/jim/work/v2superbikeshed/Trikeshed/src/commonMain/kotlin/borg/trikeshed/ipfs/IpfsCore.kt:5:30 Unresolved reference 'json'.
e: file:///Users/jim/work/v2superbikeshed/Trikeshed/src/commonMain/kotlin/borg/trikeshed/ipfs/IpfsCore.kt:16:12 Redeclaration:
data class Multihash : Any
e: file:///Users/jim/work/v2superbikeshed/Trikeshed/src/commonMain/kotlin/borg/trikeshed/ipfs/IpfsCore.kt:50:47 Unresolved reference 'it'.
e: file:///Users/jim/work/v2superbikeshed/Trikeshed/src/commonMain/kotlin/borg/trikeshed/ipfs/IpfsCore.kt:51:36 Argument type mismatch: actual type is 'Join<Int, Function0<Byte>>', but 'Join<Int, Function1<Int, Byte>>' was expected.
e: file:///Users/jim/work/v2superbikeshed/Trikeshed/src/commonMain/kotlin/borg/trikeshed/ipfs/IpfsCore.kt:58:12 Redeclaration:
data class CID : Any
e: file:///Users/jim/work/v2superbikeshed/Trikeshed/src/commonMain/kotlin/borg/trikeshed/ipfs/IpfsCore.kt:73:28 Unresolved reference 'encode'.
e: file:///Users/jim/work/v2superbikeshed/Trikeshed/src/commonMain/kotlin/borg/trikeshed/ipfs/IpfsCore.kt:74:18 Unresolved reference 'encodeCIDv1'.
e: file:///Users/jim/work/v2superbikeshed/Trikeshed/src/commonMain/kotlin/borg/trikeshed/ipfs/IpfsCore.kt:82:35 Unresolved reference 'encode'.
e: file:///Users/jim/work/v2superbikeshed/Trikeshed/src/commonMain/kotlin/borg/trikeshed/ipfs/IpfsCore.kt:85:21 Cannot infer type for this parameter. Specify it explicitly.
e: file:///Users/jim/work/v2superbikeshed/Trikeshed/src/commonMain/kotlin/borg/trikeshed/ipfs/IpfsCore.kt:85:21 Unresolved reference. None of the following candidates is applicable because of a receiver type mismatch:
fun <A, B> A.j(b: B): Join<A, B>
e: file:///Users/jim/work/v2superbikeshed/Trikeshed/src/commonMain/kotlin/borg/trikeshed/ipfs/IpfsCore.kt:85:25 Cannot infer type for this parameter. Specify it explicitly.
e: file:///Users/jim/work/v2superbikeshed/Trikeshed/src/commonMain/kotlin/borg/trikeshed/ipfs/IpfsCore.kt:88:19 'operator' modifier is required on 'FirNamedFunctionSymbol kotlin/compareTo' in 'compareTo'.
e: file:///Users/jim/work/v2superbikeshed/Trikeshed/src/commonMain/kotlin/borg/trikeshed/ipfs/IpfsCore.kt:88:54 Argument type mismatch: actual type is 'Join<Shape, Function1<Shape, Int>>', but 'Int' was expected.
e: file:///Users/jim/work/v2superbikeshed/Trikeshed/src/commonMain/kotlin/borg/trikeshed/ipfs/IpfsCore.kt:97:12 Redeclaration:
data class IpfsBlock : Any
e: file:///Users/jim/work/v2superbikeshed/Trikeshed/src/commonMain/kotlin/borg/trikeshed/ipfs/IpfsCore.kt:100:36 Unresolved reference 'emptyIndex'.
e: file:///Users/jim/work/v2superbikeshed/Trikeshed/src/commonMain/kotlin/borg/trikeshed/ipfs/IpfsCore.kt:105:12 Redeclaration:
data class IpfsLink : Any
e: file:///Users/jim/work/v2superbikeshed/Trikeshed/src/commonMain/kotlin/borg/trikeshed/ipfs/IpfsCore.kt:113:12 Redeclaration:
data class MerkleNode : Any
e: file:///Users/jim/work/v2superbikeshed/Trikeshed/src/commonMain/kotlin/borg/trikeshed/ipfs/IpfsCore.kt:119:20 Unresolved reference 'buildJsonObject'.
e: file:///Users/jim/work/v2superbikeshed/Trikeshed/src/commonMain/kotlin/borg/trikeshed/ipfs/IpfsCore.kt:120:13 Unresolved reference 'put'.
e: file:///Users/jim/work/v2superbikeshed/Trikeshed/src/commonMain/kotlin/borg/trikeshed/ipfs/IpfsCore.kt:121:13 Unresolved reference 'putJsonArray'.
e: file:///Users/jim/work/v2superbikeshed/Trikeshed/src/commonMain/kotlin/borg/trikeshed/ipfs/IpfsCore.kt:124:21 Unresolved reference 'add'.
e: file:///Users/jim/work/v2superbikeshed/Trikeshed/src/commonMain/kotlin/borg/trikeshed/ipfs/IpfsCore.kt:124:25 Unresolved reference 'buildJsonObject'.
e: file:///Users/jim/work/v2superbikeshed/Trikeshed/src/commonMain/kotlin/borg/trikeshed/ipfs/IpfsCore.kt:125:25 Unresolved reference 'put'.
e: file:///Users/jim/work/v2superbikeshed/Trikeshed/src/commonMain/kotlin/borg/trikeshed/ipfs/IpfsCore.kt:125:42 Unresolved reference 'a'.
e: file:///Users/jim/work/v2superbikeshed/Trikeshed/src/commonMain/kotlin/borg/trikeshed/ipfs/IpfsCore.kt:126:25 Unresolved reference 'put'.
e: file:///Users/jim/work/v2superbikeshed/Trikeshed/src/commonMain/kotlin/borg/trikeshed/ipfs/IpfsCore.kt:126:41 Unresolved reference 'b'.
e: file:///Users/jim/work/v2superbikeshed/Trikeshed/src/commonMain/kotlin/borg/trikeshed/ipfs/IpfsCore.kt:139:12 Redeclaration:
data class PeerId : Any
e: file:///Users/jim/work/v2superbikeshed/Trikeshed/src/commonMain/kotlin/borg/trikeshed/ipfs/IpfsCore.kt:230:11 Redeclaration:
class IpfsStorage : Any
e: file:///Users/jim/work/v2superbikeshed/Trikeshed/src/commonMain/kotlin/borg/trikeshed/ipfs/IpfsCore.kt:239:29 This type is final, so it cannot be extended.
e: file:///Users/jim/work/v2superbikeshed/Trikeshed/src/commonMain/kotlin/borg/trikeshed/ipfs/IpfsCore.kt:239:29 This type has a constructor, so it must be initialized here.
e: file:///Users/jim/work/v2superbikeshed/Trikeshed/src/commonMain/kotlin/borg/trikeshed/ipfs/IpfsCore.kt:240:17 'blocks' hides member of supertype 'IpfsStorage' and needs an 'override' modifier.
e: file:///Users/jim/work/v2superbikeshed/Trikeshed/src/commonMain/kotlin/borg/trikeshed/ipfs/IpfsCore.kt:242:5 'put' overrides nothing.
e: file:///Users/jim/work/v2superbikeshed/Trikeshed/src/commonMain/kotlin/borg/trikeshed/ipfs/IpfsCore.kt:243:26 Unresolved reference 'encode'.
e: file:///Users/jim/work/v2superbikeshed/Trikeshed/src/commonMain/kotlin/borg/trikeshed/ipfs/IpfsCore.kt:247:5 'get' overrides nothing.
e: file:///Users/jim/work/v2superbikeshed/Trikeshed/src/commonMain/kotlin/borg/trikeshed/ipfs/IpfsCore.kt:248:27 Unresolved reference 'encode'.
e: file:///Users/jim/work/v2superbikeshed/Trikeshed/src/commonMain/kotlin/borg/trikeshed/ipfs/IpfsCore.kt:251:5 'has' overrides nothing.
e: file:///Users/jim/work/v2superbikeshed/Trikeshed/src/commonMain/kotlin/borg/trikeshed/ipfs/IpfsCore.kt:252:39 Unresolved reference 'encode'.
e: file:///Users/jim/work/v2superbikeshed/Trikeshed/src/commonMain/kotlin/borg/trikeshed/ipfs/IpfsCore.kt:255:5 'delete' overrides nothing.
e: file:///Users/jim/work/v2superbikeshed/Trikeshed/src/commonMain/kotlin/borg/trikeshed/ipfs/IpfsCore.kt:256:34 Unresolved reference 'encode'.
e: file:///Users/jim/work/v2superbikeshed/Trikeshed/src/commonMain/kotlin/borg/trikeshed/ipfs/IpfsCore.kt:259:5 'list' overrides nothing.
e: file:///Users/jim/work/v2superbikeshed/Trikeshed/src/commonMain/kotlin/borg/trikeshed/isam/IsamDataFile.kt:13:9 'open' hides member of supertype 'Usable' and needs an 'override' modifier.
e: file:///Users/jim/work/v2superbikeshed/Trikeshed/src/commonMain/kotlin/borg/trikeshed/isam/IsamDataFile.kt:14:9 'close' hides member of supertype 'Usable' and needs an 'override' modifier.
e: file:///Users/jim/work/v2superbikeshed/Trikeshed/src/commonMain/kotlin/borg/trikeshed/isam/IsamDataFile.kt:17:9 Function 'write' without a body must be abstract.
e: file:///Users/jim/work/v2superbikeshed/Trikeshed/src/commonMain/kotlin/borg/trikeshed/isam/IsamDataFile.kt:19:9 Function 'append' without a body must be abstract.
e: file:///Users/jim/work/v2superbikeshed/Trikeshed/src/commonMain/kotlin/borg/trikeshed/isam/RecordMeta.kt:4:30 Unresolved reference 'TypeMemento'.
e: file:///Users/jim/work/v2superbikeshed/Trikeshed/src/commonMain/kotlin/borg/trikeshed/isam/RecordMeta.kt:18:17 No value passed for parameter 'memento'.
e: file:///Users/jim/work/v2superbikeshed/Trikeshed/src/commonMain/kotlin/borg/trikeshed/isam/RecordMeta.kt:19:5 'name' in 'ColumnMeta' is final and cannot be overridden.
e: file:///Users/jim/work/v2superbikeshed/Trikeshed/src/commonMain/kotlin/borg/trikeshed/isam/RecordMeta.kt:21:5 'type' in 'ColumnMeta' is final and cannot be overridden.
e: file:///Users/jim/work/v2superbikeshed/Trikeshed/src/commonMain/kotlin/borg/trikeshed/isam/RecordMeta.kt:21:24 Type of 'type' is not a subtype of overridden property 'val type: String' defined in 'borg/trikeshed/cursor/ColumnMeta'.
e: file:///Users/jim/work/v2superbikeshed/Trikeshed/src/commonMain/kotlin/borg/trikeshed/isam/RecordMeta.kt:27:45 Unresolved reference 'createDecoder'.
e: file:///Users/jim/work/v2superbikeshed/Trikeshed/src/commonMain/kotlin/borg/trikeshed/isam/RecordMeta.kt:29:45 Unresolved reference 'createEncoder'.
e: file:///Users/jim/work/v2superbikeshed/Trikeshed/src/commonMain/kotlin/borg/trikeshed/isam/RecordMeta.kt:32:5 This type is final, so it cannot be extended.
e: file:///Users/jim/work/v2superbikeshed/Trikeshed/src/commonMain/kotlin/borg/trikeshed/isam/RecordMeta.kt:32:5 This type has a constructor, so it must be initialized here.
e: file:///Users/jim/work/v2superbikeshed/Trikeshed/src/commonMain/kotlin/borg/trikeshed/lib/AlphaConversion.kt:26:14 Conflicting overloads:
fun <X, C, V : Join<Int, Function1<Int, X>>> V.α(crossinline xform: (X) -> C): Join<Int, Function1<Int, C>>
e: file:///Users/jim/work/v2superbikeshed/Trikeshed/src/commonMain/kotlin/borg/trikeshed/lib/AlphaConversion.kt:31:10 Overload resolution ambiguity between candidates:
fun <X, C, V : Join<Int, Function1<Int, X>>> V.α(crossinline xform: (X) -> C): Join<Int, Function1<Int, C>>
fun <X, C, V : Join<Int, Function1<Int, X>>> V.α(crossinline xform: (X) -> C): Join<Int, Function1<Int, C>>
e: file:///Users/jim/work/v2superbikeshed/Trikeshed/src/commonMain/kotlin/borg/trikeshed/lib/AlphaConversion.kt:35:10 Overload resolution ambiguity between candidates:
fun <X, C, V : Join<Int, Function1<Int, X>>> V.α(crossinline xform: (X) -> C): Join<Int, Function1<Int, C>>
fun <X, C, V : Join<Int, Function1<Int, X>>> V.α(crossinline xform: (X) -> C): Join<Int, Function1<Int, C>>
e: file:///Users/jim/work/v2superbikeshed/Trikeshed/src/commonMain/kotlin/borg/trikeshed/lib/AlphaConversion.kt:105:1 Conflicting overloads:
fun ByteArray.toIndexed(): Join<Int, Function1<Int, Byte>>
e: file:///Users/jim/work/v2superbikeshed/Trikeshed/src/commonMain/kotlin/borg/trikeshed/lib/AlphaConversion.kt:118:10 Overload resolution ambiguity between candidates:
fun <X, C, V : Join<Int, Function1<Int, X>>> V.α(crossinline xform: (X) -> C): Join<Int, Function1<Int, C>>
fun <X, C, V : Join<Int, Function1<Int, X>>> V.α(crossinline xform: (X) -> C): Join<Int, Function1<Int, C>>
e: file:///Users/jim/work/v2superbikeshed/Trikeshed/src/commonMain/kotlin/borg/trikeshed/lib/AlphaConversion.kt:249:12 Return type mismatch: expected 'Join<Join<Int, Function1<Int, T (of fun <T> Join<Int, Function1<Int, T>>.partition)>>, Join<Int, Function1<Int, T (of fun <T> Join<Int, Function1<Int, T>>.partition)>>>', actual 'Join<Join<Int, KFunction1<Int, T (of fun <T> Join<Int, Function1<Int, T>>.partition)>>, Join<Int, KFunction1<Int, T (of fun <T> Join<Int, Function1<Int, T>>.partition)>>>'.
e: file:///Users/jim/work/v2superbikeshed/Trikeshed/src/commonMain/kotlin/borg/trikeshed/lib/ByteIndexed.kt:33:37 Cannot infer type for this parameter. Specify it explicitly.
e: file:///Users/jim/work/v2superbikeshed/Trikeshed/src/commonMain/kotlin/borg/trikeshed/lib/ByteIndexed.kt:33:37 Not enough information to infer type argument for 'T'.
e: file:///Users/jim/work/v2superbikeshed/Trikeshed/src/commonMain/kotlin/borg/trikeshed/lib/ByteIndexed.kt:33:49 Unresolved reference. None of the following candidates is applicable because of a receiver type mismatch:
fun String.encodeToByteArray(): ByteArray
e: file:///Users/jim/work/v2superbikeshed/Trikeshed/src/commonMain/kotlin/borg/trikeshed/lib/ByteIndexed.kt:33:69 Overload resolution ambiguity between candidates:
fun ByteArray.toIndexed(): Join<Int, Function1<Int, Byte>>
fun <T> Any.toIndexed(): Join<Int, Function1<Int, T>>
fun ByteArray.toIndexed(): Join<Int, Function1<Int, Byte>>
e: file:///Users/jim/work/v2superbikeshed/Trikeshed/src/commonMain/kotlin/borg/trikeshed/lib/ByteIndexed.kt:93:23 None of the following candidates is applicable:
fun <T> Join<Int, Function1<Int, Join<Any?, TypeMemento>>>.get(column: Column<T>): T?
fun <T : Any> JsReference<T>.get(): T
fun <T, R> DeepRecursiveFunction<T, R>.invoke(value: T): R
e: file:///Users/jim/work/v2superbikeshed/Trikeshed/src/commonMain/kotlin/borg/trikeshed/lib/ByteIndexed.kt:143:65 Unresolved reference 'decodeToChars'.
e: file:///Users/jim/work/v2superbikeshed/Trikeshed/src/commonMain/kotlin/borg/trikeshed/lib/ByteIndexed.kt:155:39 Unresolved reference. None of the following candidates is applicable because of a receiver type mismatch:
fun MatchGroupCollection.get(name: String): MatchGroup?
e: file:///Users/jim/work/v2superbikeshed/Trikeshed/src/commonMain/kotlin/borg/trikeshed/lib/ByteIndexed.kt:155:46 Cannot access 'fun Iterable<RegexOption>.toInt(): Int': it is private in file.
e: file:///Users/jim/work/v2superbikeshed/Trikeshed/src/commonMain/kotlin/borg/trikeshed/lib/ByteIndexed.kt:156:39 Unresolved reference. None of the following candidates is applicable because of a receiver type mismatch:
fun MatchGroupCollection.get(name: String): MatchGroup?
e: file:///Users/jim/work/v2superbikeshed/Trikeshed/src/commonMain/kotlin/borg/trikeshed/lib/ByteIndexed.kt:156:52 Cannot access 'fun Iterable<RegexOption>.toInt(): Int': it is private in file.
e: file:///Users/jim/work/v2superbikeshed/Trikeshed/src/commonMain/kotlin/borg/trikeshed/lib/ByteIndexed.kt:206:24 None of the following candidates is applicable:
fun <T> Join<Int, Function1<Int, Join<Any?, TypeMemento>>>.get(column: Column<T>): T?
fun <T : Any> JsReference<T>.get(): T
e: file:///Users/jim/work/v2superbikeshed/Trikeshed/src/commonMain/kotlin/borg/trikeshed/lib/ByteIndexed.kt:226:49 Inapplicable candidate(s): val get: Byte
e: file:///Users/jim/work/v2superbikeshed/Trikeshed/src/commonMain/kotlin/borg/trikeshed/lib/ByteIndexed.kt:243:25 Operator '==' cannot be applied to 'Byte' and 'Int'.
e: file:///Users/jim/work/v2superbikeshed/Trikeshed/src/commonMain/kotlin/borg/trikeshed/lib/ByteIndexed.kt:261:25 Incompatible types 'Byte' and 'Int'.
e: file:///Users/jim/work/v2superbikeshed/Trikeshed/src/commonMain/kotlin/borg/trikeshed/lib/ByteIndexed.kt:262:25 Incompatible types 'Byte' and 'Int'.
e: file:///Users/jim/work/v2superbikeshed/Trikeshed/src/commonMain/kotlin/borg/trikeshed/lib/ByteIndexed.kt:271:25 Incompatible types 'Byte' and 'Int'.
e: file:///Users/jim/work/v2superbikeshed/Trikeshed/src/commonMain/kotlin/borg/trikeshed/lib/ByteIndexed.kt:309:95 Overload resolution ambiguity between candidates:
fun <X, C, V : Join<Int, Function1<Int, X>>> V.α(crossinline xform: (X) -> C): Join<Int, Function1<Int, C>>
fun <X, C, V : Join<Int, Function1<Int, X>>> V.α(crossinline xform: (X) -> C): Join<Int, Function1<Int, C>>
e: file:///Users/jim/work/v2superbikeshed/Trikeshed/src/commonMain/kotlin/borg/trikeshed/lib/ByteIndexed.kt:310:9 Unresolved reference 'it'.
e: file:///Users/jim/work/v2superbikeshed/Trikeshed/src/commonMain/kotlin/borg/trikeshed/lib/ByteIndexed.kt:310:20 Unresolved reference 'toChar'.
e: file:///Users/jim/work/v2superbikeshed/Trikeshed/src/commonMain/kotlin/borg/trikeshed/lib/ByteIndexed.kt:318:17 None of the following candidates is applicable:
fun <T> Join<Int, Function1<Int, Join<Any?, TypeMemento>>>.get(column: Column<T>): T?
fun <T : Any> JsReference<T>.get(): T
e: file:///Users/jim/work/v2superbikeshed/Trikeshed/src/commonMain/kotlin/borg/trikeshed/lib/ByteIndexed.kt:320:17 Unresolved reference 'shr'.
e: file:///Users/jim/work/v2superbikeshed/Trikeshed/src/commonMain/kotlin/borg/trikeshed/lib/ByteIndexed.kt:321:43 Unresolved reference 'toChar'.
e: file:///Users/jim/work/v2superbikeshed/Trikeshed/src/commonMain/kotlin/borg/trikeshed/lib/ByteIndexed.kt:325:26 None of the following candidates is applicable:
fun <T> Join<Int, Function1<Int, Join<Any?, TypeMemento>>>.get(column: Column<T>): T?
fun <T : Any> JsReference<T>.get(): T
e: file:///Users/jim/work/v2superbikeshed/Trikeshed/src/commonMain/kotlin/borg/trikeshed/lib/ByteIndexed.kt:326:38 Unresolved reference 'and'.
e: file:///Users/jim/work/v2superbikeshed/Trikeshed/src/commonMain/kotlin/borg/trikeshed/lib/ByteIndexed.kt:326:61 Unresolved reference 'and'.
e: file:///Users/jim/work/v2superbikeshed/Trikeshed/src/commonMain/kotlin/borg/trikeshed/lib/ByteIndexed.kt:331:26 None of the following candidates is applicable:
fun <T> Join<Int, Function1<Int, Join<Any?, TypeMemento>>>.get(column: Column<T>): T?
fun <T : Any> JsReference<T>.get(): T
e: file:///Users/jim/work/v2superbikeshed/Trikeshed/src/commonMain/kotlin/borg/trikeshed/lib/ByteIndexed.kt:332:26 None of the following candidates is applicable:
fun <T> Join<Int, Function1<Int, Join<Any?, TypeMemento>>>.get(column: Column<T>): T?
fun <T : Any> JsReference<T>.get(): T
e: file:///Users/jim/work/v2superbikeshed/Trikeshed/src/commonMain/kotlin/borg/trikeshed/lib/ByteIndexed.kt:333:38 Unresolved reference 'and'.
e: file:///Users/jim/work/v2superbikeshed/Trikeshed/src/commonMain/kotlin/borg/trikeshed/lib/ByteIndexed.kt:333:62 Unresolved reference 'and'.
e: file:///Users/jim/work/v2superbikeshed/Trikeshed/src/commonMain/kotlin/borg/trikeshed/lib/ByteIndexed.kt:333:85 Unresolved reference 'and'.
e: file:///Users/jim/work/v2superbikeshed/Trikeshed/src/commonMain/kotlin/borg/trikeshed/lib/ByteIndexed.kt:340:50 Unresolved reference. None of the following candidates is applicable because of a receiver type mismatch:
fun ByteIndexedBuffer.decodeToString(): String
e: file:///Users/jim/work/v2superbikeshed/Trikeshed/src/commonMain/kotlin/borg/trikeshed/lib/ByteIndexed.kt:355:14 None of the following candidates is applicable:
fun <T> Join<Int, Function1<Int, Join<Any?, TypeMemento>>>.get(column: Column<T>): T?
fun <T : Any> JsReference<T>.get(): T
e: file:///Users/jim/work/v2superbikeshed/Trikeshed/src/commonMain/kotlin/borg/trikeshed/lib/ByteIndexed.kt:355:30 Unresolved reference 'shr'.
e: file:///Users/jim/work/v2superbikeshed/Trikeshed/src/commonMain/kotlin/borg/trikeshed/lib/ByteIndexed.kt:357:24 None of the following candidates is applicable:
fun <T> Join<Int, Function1<Int, Join<Any?, TypeMemento>>>.get(column: Column<T>): T?
fun <T : Any> JsReference<T>.get(): T
e: file:///Users/jim/work/v2superbikeshed/Trikeshed/src/commonMain/kotlin/borg/trikeshed/lib/ByteIndexed.kt:358:31 Unresolved reference 'shr'.
e: file:///Users/jim/work/v2superbikeshed/Trikeshed/src/commonMain/kotlin/borg/trikeshed/lib/ByteIndexed.kt:367:55 Unresolved reference. None of the following candidates is applicable because of a receiver type mismatch:
fun Join<Int, Function1<Int, Byte>>.asString(): String
e: file:///Users/jim/work/v2superbikeshed/Trikeshed/src/commonMain/kotlin/borg/trikeshed/lib/ByteIndexed.kt:370:38 None of the following candidates is applicable:
fun <X, C, V : Join<Int, Function1<Int, X>>> V.α(crossinline xform: (X) -> C): Join<Int, Function1<Int, C>>
fun <X, C> Array<X>.α(crossinline xform: (X) -> C): Join<Int, Function1<Int, C>>
fun <X, C, Subject : Iterable<X>> Subject.α(xform: (X) -> C): Iterable<C>
fun <X, C, V : Join<Int, Function1<Int, X>>> V.α(crossinline xform: (X) -> C): Join<Int, Function1<Int, C>>
e: file:///Users/jim/work/v2superbikeshed/Trikeshed/src/commonMain/kotlin/borg/trikeshed/lib/ByteIndexed.kt:370:42 Unresolved reference 'it'.
e: file:///Users/jim/work/v2superbikeshed/Trikeshed/src/commonMain/kotlin/borg/trikeshed/lib/ByteIndexed.kt:371:17 Unresolved reference 'a'.
e: file:///Users/jim/work/v2superbikeshed/Trikeshed/src/commonMain/kotlin/borg/trikeshed/lib/ByteIndexed.kt:371:32 Cannot infer type for this parameter. Specify it explicitly.
e: file:///Users/jim/work/v2superbikeshed/Trikeshed/src/commonMain/kotlin/borg/trikeshed/lib/ByteIndexed.kt:371:32 Not enough information to infer type argument for 'T'.
e: file:///Users/jim/work/v2superbikeshed/Trikeshed/src/commonMain/kotlin/borg/trikeshed/lib/ByteIndexed.kt:371:42 Unresolved reference '▶'.
e: file:///Users/jim/work/v2superbikeshed/Trikeshed/src/commonMain/kotlin/borg/trikeshed/lib/ByteIndexed.kt:371:46 Cannot infer type for this parameter. Specify it explicitly.
e: file:///Users/jim/work/v2superbikeshed/Trikeshed/src/commonMain/kotlin/borg/trikeshed/lib/ByteIndexed.kt:371:50 Cannot infer type for this parameter. Specify it explicitly.
e: file:///Users/jim/work/v2superbikeshed/Trikeshed/src/commonMain/kotlin/borg/trikeshed/lib/ByteIndexed.kt:371:55 Function invocation 'first()' expected.
e: file:///Users/jim/work/v2superbikeshed/Trikeshed/src/commonMain/kotlin/borg/trikeshed/lib/ByteIndexed.kt:371:67 Unresolved reference 'second'.
e: file:///Users/jim/work/v2superbikeshed/Trikeshed/src/commonMain/kotlin/borg/trikeshed/lib/ByteIndexed.kt:375:38 None of the following candidates is applicable:
fun <X, C, V : Join<Int, Function1<Int, X>>> V.α(crossinline xform: (X) -> C): Join<Int, Function1<Int, C>>
fun <X, C> Array<X>.α(crossinline xform: (X) -> C): Join<Int, Function1<Int, C>>
fun <X, C, Subject : Iterable<X>> Subject.α(xform: (X) -> C): Iterable<C>
fun <X, C, V : Join<Int, Function1<Int, X>>> V.α(crossinline xform: (X) -> C): Join<Int, Function1<Int, C>>
e: file:///Users/jim/work/v2superbikeshed/Trikeshed/src/commonMain/kotlin/borg/trikeshed/lib/ByteIndexed.kt:375:42 Unresolved reference 'it'.
e: file:///Users/jim/work/v2superbikeshed/Trikeshed/src/commonMain/kotlin/borg/trikeshed/lib/ByteIndexed.kt:376:17 Unresolved reference 'a'.
e: file:///Users/jim/work/v2superbikeshed/Trikeshed/src/commonMain/kotlin/borg/trikeshed/lib/ByteIndexed.kt:376:32 Cannot infer type for this parameter. Specify it explicitly.
e: file:///Users/jim/work/v2superbikeshed/Trikeshed/src/commonMain/kotlin/borg/trikeshed/lib/ByteIndexed.kt:376:32 Not enough information to infer type argument for 'T'.
e: file:///Users/jim/work/v2superbikeshed/Trikeshed/src/commonMain/kotlin/borg/trikeshed/lib/ByteIndexed.kt:376:53 Unresolved reference '▶'.
e: file:///Users/jim/work/v2superbikeshed/Trikeshed/src/commonMain/kotlin/borg/trikeshed/lib/ByteIndexed.kt:376:57 Cannot infer type for this parameter. Specify it explicitly.
e: file:///Users/jim/work/v2superbikeshed/Trikeshed/src/commonMain/kotlin/borg/trikeshed/lib/ByteIndexed.kt:376:61 Cannot infer type for this parameter. Specify it explicitly.
e: file:///Users/jim/work/v2superbikeshed/Trikeshed/src/commonMain/kotlin/borg/trikeshed/lib/ByteIndexed.kt:376:66 Function invocation 'first()' expected.
e: file:///Users/jim/work/v2superbikeshed/Trikeshed/src/commonMain/kotlin/borg/trikeshed/lib/ByteIndexed.kt:376:78 Unresolved reference 'second'.
e: file:///Users/jim/work/v2superbikeshed/Trikeshed/src/commonMain/kotlin/borg/trikeshed/lib/ByteIndexed.kt:390:30 None of the following candidates is applicable:
fun <T> Join<Int, Function1<Int, Join<Any?, TypeMemento>>>.get(column: Column<T>): T?
fun <T : Any> JsReference<T>.get(): T
e: file:///Users/jim/work/v2superbikeshed/Trikeshed/src/commonMain/kotlin/borg/trikeshed/lib/ByteIndexed.kt:398:17 None of the following candidates is applicable:
fun <X, C, V : Join<Int, Function1<Int, X>>> V.α(crossinline xform: (X) -> C): Join<Int, Function1<Int, C>>
fun <X, C> Array<X>.α(crossinline xform: (X) -> C): Join<Int, Function1<Int, C>>
fun <X, C, Subject : Iterable<X>> Subject.α(xform: (X) -> C): Iterable<C>
fun <X, C, V : Join<Int, Function1<Int, X>>> V.α(crossinline xform: (X) -> C): Join<Int, Function1<Int, C>>
e: file:///Users/jim/work/v2superbikeshed/Trikeshed/src/commonMain/kotlin/borg/trikeshed/lib/ByteIndexed.kt:398:21 Cannot infer type for this parameter. Specify it explicitly.
e: file:///Users/jim/work/v2superbikeshed/Trikeshed/src/commonMain/kotlin/borg/trikeshed/lib/ByteIndexed.kt:400:43 Unresolved reference 'dec'.
e: file:///Users/jim/work/v2superbikeshed/Trikeshed/src/commonMain/kotlin/borg/trikeshed/lib/ByteIndexed.kt:408:9 None of the following candidates is applicable:
fun <T> Join<Int, Function1<Int, Join<Any?, TypeMemento>>>.get(column: Column<T>): T?
fun <T : Any> JsReference<T>.get(): T
e: file:///Users/jim/work/v2superbikeshed/Trikeshed/src/commonMain/kotlin/borg/trikeshed/lib/CharIndexed.kt:88:23 None of the following candidates is applicable:
fun <T> Join<Int, Function1<Int, Join<Any?, TypeMemento>>>.get(column: Column<T>): T?
fun <T : Any> JsReference<T>.get(): T
fun <T, R> DeepRecursiveFunction<T, R>.invoke(value: T): R
e: file:///Users/jim/work/v2superbikeshed/Trikeshed/src/commonMain/kotlin/borg/trikeshed/lib/CharIndexed.kt:139:51 None of the following candidates is applicable:
fun <T> Join<Int, Function1<Int, Join<Any?, TypeMemento>>>.get(column: Column<T>): T?
fun <T : Any> JsReference<T>.get(): T
fun <T, R> DeepRecursiveFunction<T, R>.invoke(value: T): R
e: file:///Users/jim/work/v2superbikeshed/Trikeshed/src/commonMain/kotlin/borg/trikeshed/lib/CharIndexed.kt:168:30 Unresolved reference. None of the following candidates is applicable because of a receiver type mismatch:
fun MatchGroupCollection.get(name: String): MatchGroup?
e: file:///Users/jim/work/v2superbikeshed/Trikeshed/src/commonMain/kotlin/borg/trikeshed/lib/CharIndexed.kt:168:30 Argument type mismatch: actual type is 'MatchGroup?', but 'Char' was expected.
e: file:///Users/jim/work/v2superbikeshed/Trikeshed/src/commonMain/kotlin/borg/trikeshed/lib/CharIndexed.kt:170:30 Unresolved reference. None of the following candidates is applicable because of a receiver type mismatch:
fun MatchGroupCollection.get(name: String): MatchGroup?
e: file:///Users/jim/work/v2superbikeshed/Trikeshed/src/commonMain/kotlin/borg/trikeshed/lib/CharIndexed.kt:170:30 Argument type mismatch: actual type is 'MatchGroup?', but 'Char' was expected.
e: file:///Users/jim/work/v2superbikeshed/Trikeshed/src/commonMain/kotlin/borg/trikeshed/lib/CharIndexed.kt:239:24 None of the following candidates is applicable:
fun <T> Join<Int, Function1<Int, Join<Any?, TypeMemento>>>.get(column: Column<T>): T?
fun <T : Any> JsReference<T>.get(): T
e: file:///Users/jim/work/v2superbikeshed/Trikeshed/src/commonMain/kotlin/borg/trikeshed/lib/CharIndexed.kt:274:33 Inapplicable candidate(s): val get: Char
e: file:///Users/jim/work/v2superbikeshed/Trikeshed/src/commonMain/kotlin/borg/trikeshed/lib/CharIndexed.kt:335:56 Unresolved reference 'CharIndexed'.
e: file:///Users/jim/work/v2superbikeshed/Trikeshed/src/commonMain/kotlin/borg/trikeshed/lib/CharIndexed.kt:338:38 Cannot infer type for this parameter. Specify it explicitly.
e: file:///Users/jim/work/v2superbikeshed/Trikeshed/src/commonMain/kotlin/borg/trikeshed/lib/CharIndexed.kt:338:38 Not enough information to infer type argument for 'B'.
e: file:///Users/jim/work/v2superbikeshed/Trikeshed/src/commonMain/kotlin/borg/trikeshed/lib/CharIndexed.kt:338:42 Cannot infer type for this parameter. Specify it explicitly.
e: file:///Users/jim/work/v2superbikeshed/Trikeshed/src/commonMain/kotlin/borg/trikeshed/lib/CharIndexed.kt:345:24 Unresolved reference 'CharIndexed'.
e: file:///Users/jim/work/v2superbikeshed/Trikeshed/src/commonMain/kotlin/borg/trikeshed/lib/CharIndexed.kt:352:23 Unresolved reference 'CharIndexed'.
e: file:///Users/jim/work/v2superbikeshed/Trikeshed/src/commonMain/kotlin/borg/trikeshed/lib/CharIndexed.kt:359:30 Unresolved reference 'CharIndexed'.
e: file:///Users/jim/work/v2superbikeshed/Trikeshed/src/commonMain/kotlin/borg/trikeshed/lib/CharIndexed.kt:360:26 Unresolved reference 'a'.
e: file:///Users/jim/work/v2superbikeshed/Trikeshed/src/commonMain/kotlin/borg/trikeshed/lib/CharIndexed.kt:382:28 Unresolved reference 'CharIndexed'.
e: file:///Users/jim/work/v2superbikeshed/Trikeshed/src/commonMain/kotlin/borg/trikeshed/lib/CharIndexed.kt:383:20 Unresolved reference 'a'.
e: file:///Users/jim/work/v2superbikeshed/Trikeshed/src/commonMain/kotlin/borg/trikeshed/lib/CharIndexed.kt:384:34 Unresolved reference 'a'.
e: file:///Users/jim/work/v2superbikeshed/Trikeshed/src/commonMain/kotlin/borg/trikeshed/lib/CharIndexed.kt:393:26 Unresolved reference 'CharIndexed'.
e: file:///Users/jim/work/v2superbikeshed/Trikeshed/src/commonMain/kotlin/borg/trikeshed/lib/CharIndexed.kt:394:20 Unresolved reference 'a'.
e: file:///Users/jim/work/v2superbikeshed/Trikeshed/src/commonMain/kotlin/borg/trikeshed/lib/CharIndexed.kt:395:40 Unresolved reference 'a'.
e: file:///Users/jim/work/v2superbikeshed/Trikeshed/src/commonMain/kotlin/borg/trikeshed/lib/CharIndexed.kt:396:34 Unresolved reference 'a'.
e: file:///Users/jim/work/v2superbikeshed/Trikeshed/src/commonMain/kotlin/borg/trikeshed/lib/CharIndexed.kt:397:19 Argument type mismatch: actual type is 'Join<Shape, Function1<Shape, Int>>', but 'Int' was expected.
e: file:///Users/jim/work/v2superbikeshed/Trikeshed/src/commonMain/kotlin/borg/trikeshed/lib/CharIndexed.kt:406:52 Unresolved reference 'CharIndexed'.
e: file:///Users/jim/work/v2superbikeshed/Trikeshed/src/commonMain/kotlin/borg/trikeshed/lib/CharIndexed.kt:409:38 Cannot infer type for this parameter. Specify it explicitly.
e: file:///Users/jim/work/v2superbikeshed/Trikeshed/src/commonMain/kotlin/borg/trikeshed/lib/CharIndexed.kt:409:38 Not enough information to infer type argument for 'B'.
e: file:///Users/jim/work/v2superbikeshed/Trikeshed/src/commonMain/kotlin/borg/trikeshed/lib/CharIndexed.kt:409:42 Cannot infer type for this parameter. Specify it explicitly.
e: file:///Users/jim/work/v2superbikeshed/Trikeshed/src/commonMain/kotlin/borg/trikeshed/lib/CharIndexed.kt:416:22 Unresolved reference 'CharIndexed'.
e: file:///Users/jim/work/v2superbikeshed/Trikeshed/src/commonMain/kotlin/borg/trikeshed/lib/CharIndexed.kt:427:34 Cannot infer type for this parameter. Specify it explicitly.
e: file:///Users/jim/work/v2superbikeshed/Trikeshed/src/commonMain/kotlin/borg/trikeshed/lib/CharIndexed.kt:427:34 Not enough information to infer type argument for 'B'.
e: file:///Users/jim/work/v2superbikeshed/Trikeshed/src/commonMain/kotlin/borg/trikeshed/lib/CharIndexed.kt:427:38 Cannot infer type for this parameter. Specify it explicitly.
e: file:///Users/jim/work/v2superbikeshed/Trikeshed/src/commonMain/kotlin/borg/trikeshed/lib/CharIndexed.kt:434:45 Unresolved reference 'CharIndexed'.
e: file:///Users/jim/work/v2superbikeshed/Trikeshed/src/commonMain/kotlin/borg/trikeshed/lib/CharIndexed.kt:443:39 Unresolved reference 'CharIndexed'.
e: file:///Users/jim/work/v2superbikeshed/Trikeshed/src/commonMain/kotlin/borg/trikeshed/lib/CharIndexed.kt:446:41 Cannot infer type for this parameter. Specify it explicitly.
e: file:///Users/jim/work/v2superbikeshed/Trikeshed/src/commonMain/kotlin/borg/trikeshed/lib/CharIndexed.kt:446:41 Not enough information to infer type argument for 'B'.
e: file:///Users/jim/work/v2superbikeshed/Trikeshed/src/commonMain/kotlin/borg/trikeshed/lib/CharIndexed.kt:446:45 Cannot infer type for this parameter. Specify it explicitly.
e: file:///Users/jim/work/v2superbikeshed/Trikeshed/src/commonMain/kotlin/borg/trikeshed/lib/CharIndexed.kt:523:30 None of the following candidates is applicable:
fun <T> Join<Int, Function1<Int, Join<Any?, TypeMemento>>>.get(column: Column<T>): T?
fun <T : Any> JsReference<T>.get(): T
e: file:///Users/jim/work/v2superbikeshed/Trikeshed/src/commonMain/kotlin/borg/trikeshed/lib/CharIndexed.kt:531:17 None of the following candidates is applicable:
fun <X, C, V : Join<Int, Function1<Int, X>>> V.α(crossinline xform: (X) -> C): Join<Int, Function1<Int, C>>
fun <X, C> Array<X>.α(crossinline xform: (X) -> C): Join<Int, Function1<Int, C>>
fun <X, C, Subject : Iterable<X>> Subject.α(xform: (X) -> C): Iterable<C>
fun <X, C, V : Join<Int, Function1<Int, X>>> V.α(crossinline xform: (X) -> C): Join<Int, Function1<Int, C>>
e: file:///Users/jim/work/v2superbikeshed/Trikeshed/src/commonMain/kotlin/borg/trikeshed/lib/CharIndexed.kt:531:21 Cannot infer type for this parameter. Specify it explicitly.
e: file:///Users/jim/work/v2superbikeshed/Trikeshed/src/commonMain/kotlin/borg/trikeshed/lib/CharIndexed.kt:533:43 Unresolved reference 'dec'.
e: file:///Users/jim/work/v2superbikeshed/Trikeshed/src/commonMain/kotlin/borg/trikeshed/lib/CharIndexed.kt:541:9 None of the following candidates is applicable:
fun <T> Join<Int, Function1<Int, Join<Any?, TypeMemento>>>.get(column: Column<T>): T?
fun <T : Any> JsReference<T>.get(): T
e: file:///Users/jim/work/v2superbikeshed/Trikeshed/src/commonMain/kotlin/borg/trikeshed/lib/CharIndexed.kt:549:53 Unresolved reference. None of the following candidates is applicable because of a receiver type mismatch:
fun CharArray.concatToString(): String
e: file:///Users/jim/work/v2superbikeshed/Trikeshed/src/commonMain/kotlin/borg/trikeshed/lib/CharIndexed.kt:550:82 None of the following candidates is applicable:
fun <T> Join<Int, Function1<Int, Join<Any?, TypeMemento>>>.get(column: Column<T>): T?
fun <T : Any> JsReference<T>.get(): T
e: file:///Users/jim/work/v2superbikeshed/Trikeshed/src/commonMain/kotlin/borg/trikeshed/lib/ColumnarExtensions.kt:106:41 Return type mismatch: expected 'Join<A (of fun <A, T> T.lift), Function1<A (of fun <A, T> T.lift), T (of fun <A, T> T.lift)>>', actual 'Join<Int, ERROR CLASS: Cannot infer argument for type parameter B>'.
e: file:///Users/jim/work/v2superbikeshed/Trikeshed/src/commonMain/kotlin/borg/trikeshed/lib/ColumnarExtensions.kt:106:43 Cannot infer type for this parameter. Specify it explicitly.
e: file:///Users/jim/work/v2superbikeshed/Trikeshed/src/commonMain/kotlin/borg/trikeshed/lib/ColumnarExtensions.kt:106:43 Not enough information to infer type argument for 'B'.
e: file:///Users/jim/work/v2superbikeshed/Trikeshed/src/commonMain/kotlin/borg/trikeshed/lib/ColumnarExtensions.kt:106:47 Cannot infer type for this parameter. Specify it explicitly.
e: file:///Users/jim/work/v2superbikeshed/Trikeshed/src/commonMain/kotlin/borg/trikeshed/lib/ColumnarExtensions.kt:162:35 None of the following candidates is applicable:
fun <T, R> Array<out T>.mapIndexed(transform: (@ParameterName(...) Int, T) -> R): List<R>
fun <R> ByteArray.mapIndexed(transform: (@ParameterName(...) Int, Byte) -> R): List<R>
fun <R> ShortArray.mapIndexed(transform: (@ParameterName(...) Int, Short) -> R): List<R>
fun <R> IntArray.mapIndexed(transform: (@ParameterName(...) Int, Int) -> R): List<R>
fun <R> LongArray.mapIndexed(transform: (@ParameterName(...) Int, Long) -> R): List<R>
fun <R> FloatArray.mapIndexed(transform: (@ParameterName(...) Int, Float) -> R): List<R>
fun <R> DoubleArray.mapIndexed(transform: (@ParameterName(...) Int, Double) -> R): List<R>
fun <R> BooleanArray.mapIndexed(transform: (@ParameterName(...) Int, Boolean) -> R): List<R>
fun <R> CharArray.mapIndexed(transform: (@ParameterName(...) Int, Char) -> R): List<R>
fun <T, R> Iterable<T>.mapIndexed(transform: (@ParameterName(...) Int, T) -> R): List<R>
fun <R> UIntArray.mapIndexed(transform: (@ParameterName(...) Int, UInt) -> R): List<R>
fun <R> ULongArray.mapIndexed(transform: (@ParameterName(...) Int, ULong) -> R): List<R>
fun <R> UByteArray.mapIndexed(transform: (@ParameterName(...) Int, UByte) -> R): List<R>
fun <R> UShortArray.mapIndexed(transform: (@ParameterName(...) Int, UShort) -> R): List<R>
fun <T, R> Sequence<T>.mapIndexed(transform: (@ParameterName(...) Int, T) -> R): Sequence<R>
fun <R> CharSequence.mapIndexed(transform: (@ParameterName(...) Int, Char) -> R): List<R>
e: file:///Users/jim/work/v2superbikeshed/Trikeshed/src/commonMain/kotlin/borg/trikeshed/lib/ColumnarExtensions.kt:162:48 Cannot infer type for this parameter. Specify it explicitly.
e: file:///Users/jim/work/v2superbikeshed/Trikeshed/src/commonMain/kotlin/borg/trikeshed/lib/ColumnarExtensions.kt:162:51 Cannot infer type for this parameter. Specify it explicitly.
e: file:///Users/jim/work/v2superbikeshed/Trikeshed/src/commonMain/kotlin/borg/trikeshed/lib/ColumnarExtensions.kt:162:64 Cannot infer type for this parameter. Specify it explicitly.
e: file:///Users/jim/work/v2superbikeshed/Trikeshed/src/commonMain/kotlin/borg/trikeshed/lib/ColumnarExtensions.kt:162:64 Unresolved reference. None of the following candidates is applicable because of a receiver type mismatch:
fun <A, B> A.to(that: B): Pair<A, B>
e: file:///Users/jim/work/v2superbikeshed/Trikeshed/src/commonMain/kotlin/borg/trikeshed/lib/ColumnarExtensions.kt:163:56 Unresolved reference. None of the following candidates is applicable because of a receiver type mismatch:
fun Join<Int, Function1<Int, Int>>.toIntArray(): IntArray
e: file:///Users/jim/work/v2superbikeshed/Trikeshed/src/commonMain/kotlin/borg/trikeshed/lib/ColumnarExtensions.kt:183:16 Cannot inline 'transform: (Join<Int, Function1<Int, Join<Any?, TypeMemento>>>) -> Join<Int, Function1<Int, Join<Any?, TypeMemento>>>' here: it might contain non-local returns. Add 'crossinline' modifier to parameter declaration 'transform: (Join<Int, Function1<Int, Join<Any?, TypeMemento>>>) -> Join<Int, Function1<Int, Join<Any?, TypeMemento>>>'.
e: file:///Users/jim/work/v2superbikeshed/Trikeshed/src/commonMain/kotlin/borg/trikeshed/lib/ColumnarExtensions.kt:390:33 Unresolved reference 'b1'.
e: file:///Users/jim/work/v2superbikeshed/Trikeshed/src/commonMain/kotlin/borg/trikeshed/lib/ColumnarExtensions.kt:391:36 Unresolved reference 'b2'.
e: file:///Users/jim/work/v2superbikeshed/Trikeshed/src/commonMain/kotlin/borg/trikeshed/lib/ColumnarExtensions.kt:406:29 Unresolved reference 'b1'.
e: file:///Users/jim/work/v2superbikeshed/Trikeshed/src/commonMain/kotlin/borg/trikeshed/lib/ColumnarExtensions.kt:407:32 Unresolved reference 'b2'.
e: file:///Users/jim/work/v2superbikeshed/Trikeshed/src/commonMain/kotlin/borg/trikeshed/lib/ColumnarExtensions.kt:441:60 Cannot infer type for this parameter. Specify it explicitly.
e: file:///Users/jim/work/v2superbikeshed/Trikeshed/src/commonMain/kotlin/borg/trikeshed/lib/ColumnarExtensions.kt:441:60 Not enough information to infer type argument for 'B'.
e: file:///Users/jim/work/v2superbikeshed/Trikeshed/src/commonMain/kotlin/borg/trikeshed/lib/ColumnarExtensions.kt:441:64 Cannot infer type for this parameter. Specify it explicitly.
e: file:///Users/jim/work/v2superbikeshed/Trikeshed/src/commonMain/kotlin/borg/trikeshed/lib/ColumnarExtensions.kt:442:29 'operator' modifier is required on 'FirNamedFunctionSymbol kotlin/compareTo' in 'compareTo'.
e: file:///Users/jim/work/v2superbikeshed/Trikeshed/src/commonMain/kotlin/borg/trikeshed/lib/ColumnarExtensions.kt:442:73 Argument type mismatch: actual type is 'Join<Shape, Function1<Shape, Int>>', but 'Int' was expected.
e: file:///Users/jim/work/v2superbikeshed/Trikeshed/src/commonMain/kotlin/borg/trikeshed/lib/CoreTypes.kt:44:11 Redeclaration:
typealias RowVec = Join<Int, Function1<Int, Join<Any?, TypeMemento>>>
e: file:///Users/jim/work/v2superbikeshed/Trikeshed/src/commonMain/kotlin/borg/trikeshed/lib/CoreTypes.kt:114:64 None of the following candidates is applicable:
fun <K, V> mapOf(pair: Pair<K, V>): Map<K, V>
fun <K, V> mapOf(vararg pairs: Pair<K, V>): Map<K, V>
e: file:///Users/jim/work/v2superbikeshed/Trikeshed/src/commonMain/kotlin/borg/trikeshed/lib/CoreTypes.kt:119:14 Conflicting overloads:
fun <X, C, V : Join<Int, Function1<Int, X>>> V.α(crossinline xform: (X) -> C): Join<Int, Function1<Int, C>>
e: file:///Users/jim/work/v2superbikeshed/Trikeshed/src/commonMain/kotlin/borg/trikeshed/lib/CoreTypes.kt:144:61 None of the following candidates is applicable:
fun <T> Join<Int, Function1<Int, T>>.any(predicate: (T) -> Boolean): Boolean
fun <T> Array<out T>.any(): Boolean
fun ByteArray.any(): Boolean
fun ShortArray.any(): Boolean
fun IntArray.any(): Boolean
fun LongArray.any(): Boolean
fun FloatArray.any(): Boolean
fun DoubleArray.any(): Boolean
fun BooleanArray.any(): Boolean
fun CharArray.any(): Boolean
fun <T> Array<out T>.any(predicate: (T) -> Boolean): Boolean
fun ByteArray.any(predicate: (Byte) -> Boolean): Boolean
fun ShortArray.any(predicate: (Short) -> Boolean): Boolean
fun IntArray.any(predicate: (Int) -> Boolean): Boolean
fun LongArray.any(predicate: (Long) -> Boolean): Boolean
fun FloatArray.any(predicate: (Float) -> Boolean): Boolean
fun DoubleArray.any(predicate: (Double) -> Boolean): Boolean
fun BooleanArray.any(predicate: (Boolean) -> Boolean): Boolean
fun CharArray.any(predicate: (Char) -> Boolean): Boolean
fun <T> Iterable<T>.any(): Boolean
fun <T> Iterable<T>.any(predicate: (T) -> Boolean): Boolean
fun <K, V> Map<out K, V>.any(): Boolean
fun <K, V> Map<out K, V>.any(predicate: (Map.Entry<K, V>) -> Boolean): Boolean
fun UIntArray.any(): Boolean
fun ULongArray.any(): Boolean
fun UByteArray.any(): Boolean
fun UShortArray.any(): Boolean
fun UIntArray.any(predicate: (UInt) -> Boolean): Boolean
fun ULongArray.any(predicate: (ULong) -> Boolean): Boolean
fun UByteArray.any(predicate: (UByte) -> Boolean): Boolean
fun UShortArray.any(predicate: (UShort) -> Boolean): Boolean
fun <T> Sequence<T>.any(): Boolean
fun <T> Sequence<T>.any(predicate: (T) -> Boolean): Boolean
fun CharSequence.any(): Boolean
fun CharSequence.any(predicate: (Char) -> Boolean): Boolean
e: file:///Users/jim/work/v2superbikeshed/Trikeshed/src/commonMain/kotlin/borg/trikeshed/lib/CoreTypes.kt:144:67 Unresolved reference 'it'.
e: file:///Users/jim/work/v2superbikeshed/Trikeshed/src/commonMain/kotlin/borg/trikeshed/lib/CoreTypes.kt:190:1 Conflicting overloads:
fun ByteArray.toIndexed(): Join<Int, Function1<Int, Byte>>
e: file:///Users/jim/work/v2superbikeshed/Trikeshed/src/commonMain/kotlin/borg/trikeshed/lib/CoreTypes.kt:192:13 Annotation argument must be a compile-time constant.
e: file:///Users/jim/work/v2superbikeshed/Trikeshed/src/commonMain/kotlin/borg/trikeshed/lib/CoreTypes.kt:192:75 Unresolved reference 'it'.
e: file:///Users/jim/work/v2superbikeshed/Trikeshed/src/commonMain/kotlin/borg/trikeshed/lib/CoreTypes.kt:193:6 Type parameter of a property must be used in its receiver type.
e: file:///Users/jim/work/v2superbikeshed/Trikeshed/src/commonMain/kotlin/borg/trikeshed/lib/CoreTypes.kt:196:45 Overload resolution ambiguity between candidates:
fun ByteArray.toIndexed(): Join<Int, Function1<Int, Byte>>
fun <T> Any.toIndexed(): Join<Int, Function1<Int, T>>
fun ByteArray.toIndexed(): Join<Int, Function1<Int, Byte>>
e: file:///Users/jim/work/v2superbikeshed/Trikeshed/src/commonMain/kotlin/borg/trikeshed/lib/PackingStrategies.kt:310:17 Unresolved reference 'isArray'.
e: file:///Users/jim/work/v2superbikeshed/Trikeshed/src/commonMain/kotlin/borg/trikeshed/lib/PackingStrategies.kt:316:17 Unresolved reference 'isArray'.
e: file:///Users/jim/work/v2superbikeshed/Trikeshed/src/commonMain/kotlin/borg/trikeshed/lib/PackingStrategies.kt:332:17 Unresolved reference 'isArray'.
e: file:///Users/jim/work/v2superbikeshed/Trikeshed/src/commonMain/kotlin/borg/trikeshed/lib/PackingStrategies.kt:637:9 'when' expression must be exhaustive. Add the 'ADAPTIVE' branch or an 'else' branch.
e: file:///Users/jim/work/v2superbikeshed/Trikeshed/src/commonMain/kotlin/borg/trikeshed/lib/PackingStrategies.kt:637:9 Argument type mismatch: actual type is 'Unit', but 'Function2<Any?, Any?, Boolean>' was expected.
e: file:///Users/jim/work/v2superbikeshed/Trikeshed/src/commonMain/kotlin/borg/trikeshed/lib/PackingStrategies.kt:637:9 Not enough information to infer type argument for 'K'.
e: file:///Users/jim/work/v2superbikeshed/Trikeshed/src/commonMain/kotlin/borg/trikeshed/lib/PackingStrategies.kt:638:42 Cannot infer type for this parameter. Specify it explicitly.
e: file:///Users/jim/work/v2superbikeshed/Trikeshed/src/commonMain/kotlin/borg/trikeshed/lib/PackingStrategies.kt:638:45 Cannot infer type for this parameter. Specify it explicitly.
e: file:///Users/jim/work/v2superbikeshed/Trikeshed/src/commonMain/kotlin/borg/trikeshed/lib/PackingStrategies.kt:638:50 Cannot infer type for this parameter. Specify it explicitly.
e: file:///Users/jim/work/v2superbikeshed/Trikeshed/src/commonMain/kotlin/borg/trikeshed/lib/PackingStrategies.kt:639:43 Cannot infer type for this parameter. Specify it explicitly.
e: file:///Users/jim/work/v2superbikeshed/Trikeshed/src/commonMain/kotlin/borg/trikeshed/lib/PackingStrategies.kt:639:46 Cannot infer type for this parameter. Specify it explicitly.
e: file:///Users/jim/work/v2superbikeshed/Trikeshed/src/commonMain/kotlin/borg/trikeshed/lib/PackingStrategies.kt:639:51 Cannot infer type for this parameter. Specify it explicitly.
e: file:///Users/jim/work/v2superbikeshed/Trikeshed/src/commonMain/kotlin/borg/trikeshed/lib/PackingStrategies.kt:639:76 Cannot infer type for this parameter. Specify it explicitly.
e: file:///Users/jim/work/v2superbikeshed/Trikeshed/src/commonMain/kotlin/borg/trikeshed/lib/PackingStrategies.kt:640:45 Cannot infer type for this parameter. Specify it explicitly.
e: file:///Users/jim/work/v2superbikeshed/Trikeshed/src/commonMain/kotlin/borg/trikeshed/lib/PackingStrategies.kt:640:48 Cannot infer type for this parameter. Specify it explicitly.
e: file:///Users/jim/work/v2superbikeshed/Trikeshed/src/commonMain/kotlin/borg/trikeshed/lib/PackingStrategies.kt:640:53 Cannot infer type for this parameter. Specify it explicitly.
e: file:///Users/jim/work/v2superbikeshed/Trikeshed/src/commonMain/kotlin/borg/trikeshed/lib/PackingStrategies.kt:640:77 Cannot infer type for this parameter. Specify it explicitly.
e: file:///Users/jim/work/v2superbikeshed/Trikeshed/src/commonMain/kotlin/borg/trikeshed/lib/PackingStrategies.kt:641:29 Unresolved reference 'EXPERIMENTAL'.
e: file:///Users/jim/work/v2superbikeshed/Trikeshed/src/commonMain/kotlin/borg/trikeshed/lib/PackingStrategies.kt:641:47 Cannot infer type for this parameter. Specify it explicitly.
e: file:///Users/jim/work/v2superbikeshed/Trikeshed/src/commonMain/kotlin/borg/trikeshed/lib/PackingStrategies.kt:641:50 Cannot infer type for this parameter. Specify it explicitly.
e: file:///Users/jim/work/v2superbikeshed/Trikeshed/src/commonMain/kotlin/borg/trikeshed/lib/PackingStrategies.kt:647:5 Type mismatch: inferred type is 'Join<Int, Int>', but 'Join<Any?, Any?>' was expected.
e: file:///Users/jim/work/v2superbikeshed/Trikeshed/src/commonMain/kotlin/borg/trikeshed/lib/PackingStrategies.kt:667:5 Type mismatch: inferred type is 'Join<Int, Int>', but 'Join<Any?, Any?>' was expected.
e: file:///Users/jim/work/v2superbikeshed/Trikeshed/src/commonMain/kotlin/borg/trikeshed/lib/PackingStrategies.kt:681:5 Type mismatch: inferred type is 'Join<Int, Int>', but 'Join<Any?, Any?>' was expected.
e: file:///Users/jim/work/v2superbikeshed/Trikeshed/src/commonMain/kotlin/borg/trikeshed/lib/PackingStrategies.kt:684:19 Unresolved reference 'a'.
e: file:///Users/jim/work/v2superbikeshed/Trikeshed/src/commonMain/kotlin/borg/trikeshed/lib/PackingStrategies.kt:686:18 Cannot check for instance of erased type 'Join<Int, Function1<Int, *>>'.
e: file:///Users/jim/work/v2superbikeshed/Trikeshed/src/commonMain/kotlin/borg/trikeshed/lib/PackingStrategies.kt:695:5 Type mismatch: inferred type is 'Join<Int, Int>', but 'Join<Any?, Any?>' was expected.
e: file:///Users/jim/work/v2superbikeshed/Trikeshed/src/commonMain/kotlin/borg/trikeshed/lib/PackingStrategies.kt:698:19 Unresolved reference 'a'.
e: file:///Users/jim/work/v2superbikeshed/Trikeshed/src/commonMain/kotlin/borg/trikeshed/lib/PackingStrategies.kt:700:18 Cannot check for instance of erased type 'Join<Int, Function1<Int, *>>'.
e: file:///Users/jim/work/v2superbikeshed/Trikeshed/src/commonMain/kotlin/borg/trikeshed/lib/PackingStrategies.kt:709:5 Type mismatch: inferred type is 'Join<Int, Int>', but 'Join<Any?, Any?>' was expected.
e: file:///Users/jim/work/v2superbikeshed/Trikeshed/src/commonMain/kotlin/borg/trikeshed/lib/PackingStrategies.kt:712:19 Unresolved reference 'a'.
e: file:///Users/jim/work/v2superbikeshed/Trikeshed/src/commonMain/kotlin/borg/trikeshed/lib/PackingStrategies.kt:712:38 Unresolved reference 'a'.
e: file:///Users/jim/work/v2superbikeshed/Trikeshed/src/commonMain/kotlin/borg/trikeshed/lib/PackingStrategies.kt:712:44 Unresolved reference 'a'.
e: file:///Users/jim/work/v2superbikeshed/Trikeshed/src/commonMain/kotlin/borg/trikeshed/lib/PackingStrategies.kt:714:18 Cannot check for instance of erased type 'Join<Int, Function1<Int, *>>'.
e: file:///Users/jim/work/v2superbikeshed/Trikeshed/src/commonMain/kotlin/borg/trikeshed/lib/PackingStrategies.kt:716:77 Unresolved reference 'a'.
e: file:///Users/jim/work/v2superbikeshed/Trikeshed/src/commonMain/kotlin/borg/trikeshed/lib/PackingStrategies.kt:726:5 Type mismatch: inferred type is 'Join<Int, Int>', but 'Join<Any?, Any?>' was expected.
e: file:///Users/jim/work/v2superbikeshed/Trikeshed/src/commonMain/kotlin/borg/trikeshed/lib/PackingStrategies.kt:729:19 Unresolved reference 'a'.
e: file:///Users/jim/work/v2superbikeshed/Trikeshed/src/commonMain/kotlin/borg/trikeshed/lib/PackingStrategies.kt:729:39 Unresolved reference 'a'.
e: file:///Users/jim/work/v2superbikeshed/Trikeshed/src/commonMain/kotlin/borg/trikeshed/lib/PackingStrategies.kt:731:18 Cannot check for instance of erased type 'Join<Int, Function1<Int, *>>'.
e: file:///Users/jim/work/v2superbikeshed/Trikeshed/src/commonMain/kotlin/borg/trikeshed/lib/PackingStrategies.kt:732:67 Unresolved reference 'a'.
e: file:///Users/jim/work/v2superbikeshed/Trikeshed/src/commonMain/kotlin/borg/trikeshed/lib/PackingStrategies.kt:739:92 2 type arguments expected for interface PackedResult<A, B> : Join<A, B>.
e: file:///Users/jim/work/v2superbikeshed/Trikeshed/src/commonMain/kotlin/borg/trikeshed/lib/PackingStrategies.kt:741:9 'when' expression must be exhaustive. Add the 'ADAPTIVE' branch or an 'else' branch.
e: file:///Users/jim/work/v2superbikeshed/Trikeshed/src/commonMain/kotlin/borg/trikeshed/lib/PackingStrategies.kt:741:9 Argument type mismatch: actual type is 'Unit', but 'Function2<Any?, Any?, Either<Any, ERROR CLASS: Wrong number of type arguments>>' was expected.
e: file:///Users/jim/work/v2superbikeshed/Trikeshed/src/commonMain/kotlin/borg/trikeshed/lib/PackingStrategies.kt:741:9 Not enough information to infer type argument for 'K'.
e: file:///Users/jim/work/v2superbikeshed/Trikeshed/src/commonMain/kotlin/borg/trikeshed/lib/PackingStrategies.kt:742:42 Cannot infer type for this parameter. Specify it explicitly.
e: file:///Users/jim/work/v2superbikeshed/Trikeshed/src/commonMain/kotlin/borg/trikeshed/lib/PackingStrategies.kt:742:45 Cannot infer type for this parameter. Specify it explicitly.
e: file:///Users/jim/work/v2superbikeshed/Trikeshed/src/commonMain/kotlin/borg/trikeshed/lib/PackingStrategies.kt:743:21 Cannot infer type for this parameter. Specify it explicitly.
e: file:///Users/jim/work/v2superbikeshed/Trikeshed/src/commonMain/kotlin/borg/trikeshed/lib/PackingStrategies.kt:743:72 Unresolved reference 'packDiagonal'.
e: file:///Users/jim/work/v2superbikeshed/Trikeshed/src/commonMain/kotlin/borg/trikeshed/lib/PackingStrategies.kt:746:43 Cannot infer type for this parameter. Specify it explicitly.
e: file:///Users/jim/work/v2superbikeshed/Trikeshed/src/commonMain/kotlin/borg/trikeshed/lib/PackingStrategies.kt:746:46 Cannot infer type for this parameter. Specify it explicitly.
e: file:///Users/jim/work/v2superbikeshed/Trikeshed/src/commonMain/kotlin/borg/trikeshed/lib/PackingStrategies.kt:748:21 Cannot infer type for this parameter. Specify it explicitly.
e: file:///Users/jim/work/v2superbikeshed/Trikeshed/src/commonMain/kotlin/borg/trikeshed/lib/PackingStrategies.kt:748:46 Unresolved reference 'packPrefixed'.
e: file:///Users/jim/work/v2superbikeshed/Trikeshed/src/commonMain/kotlin/borg/trikeshed/lib/PackingStrategies.kt:748:46 Argument type mismatch: actual type is 'R (of fun <T, R> T.let)', but 'K (of fun <K> WHEN_CALL)' was expected.
e: file:///Users/jim/work/v2superbikeshed/Trikeshed/src/commonMain/kotlin/borg/trikeshed/lib/PackingStrategies.kt:748:65 Cannot infer type for this parameter. Specify it explicitly.
e: file:///Users/jim/work/v2superbikeshed/Trikeshed/src/commonMain/kotlin/borg/trikeshed/lib/PackingStrategies.kt:748:69 Cannot infer type for this parameter. Specify it explicitly.
e: file:///Users/jim/work/v2superbikeshed/Trikeshed/src/commonMain/kotlin/borg/trikeshed/lib/PackingStrategies.kt:748:102 Function invocation 'first()' expected.
e: file:///Users/jim/work/v2superbikeshed/Trikeshed/src/commonMain/kotlin/borg/trikeshed/lib/PackingStrategies.kt:748:112 Unresolved reference 'second'.
e: file:///Users/jim/work/v2superbikeshed/Trikeshed/src/commonMain/kotlin/borg/trikeshed/lib/PackingStrategies.kt:749:21 Cannot infer type for this parameter. Specify it explicitly.
e: file:///Users/jim/work/v2superbikeshed/Trikeshed/src/commonMain/kotlin/borg/trikeshed/lib/PackingStrategies.kt:749:49 Unresolved reference 'packRangeOffset'.
e: file:///Users/jim/work/v2superbikeshed/Trikeshed/src/commonMain/kotlin/borg/trikeshed/lib/PackingStrategies.kt:749:49 Argument type mismatch: actual type is 'R (of fun <T, R> T.let)', but 'K (of fun <K> WHEN_CALL)' was expected.
e: file:///Users/jim/work/v2superbikeshed/Trikeshed/src/commonMain/kotlin/borg/trikeshed/lib/PackingStrategies.kt:749:71 Cannot infer type for this parameter. Specify it explicitly.
e: file:///Users/jim/work/v2superbikeshed/Trikeshed/src/commonMain/kotlin/borg/trikeshed/lib/PackingStrategies.kt:749:75 Cannot infer type for this parameter. Specify it explicitly.
e: file:///Users/jim/work/v2superbikeshed/Trikeshed/src/commonMain/kotlin/borg/trikeshed/lib/PackingStrategies.kt:749:111 Function invocation 'first()' expected.
e: file:///Users/jim/work/v2superbikeshed/Trikeshed/src/commonMain/kotlin/borg/trikeshed/lib/PackingStrategies.kt:749:121 Unresolved reference 'second'.
e: file:///Users/jim/work/v2superbikeshed/Trikeshed/src/commonMain/kotlin/borg/trikeshed/lib/PackingStrategies.kt:750:21 Cannot infer type for this parameter. Specify it explicitly.
e: file:///Users/jim/work/v2superbikeshed/Trikeshed/src/commonMain/kotlin/borg/trikeshed/lib/PackingStrategies.kt:750:55 Unresolved reference 'packRelativeIncrement'.
e: file:///Users/jim/work/v2superbikeshed/Trikeshed/src/commonMain/kotlin/borg/trikeshed/lib/PackingStrategies.kt:750:55 Argument type mismatch: actual type is 'R (of fun <T, R> T.let)', but 'K (of fun <K> WHEN_CALL)' was expected.
e: file:///Users/jim/work/v2superbikeshed/Trikeshed/src/commonMain/kotlin/borg/trikeshed/lib/PackingStrategies.kt:750:83 Cannot infer type for this parameter. Specify it explicitly.
e: file:///Users/jim/work/v2superbikeshed/Trikeshed/src/commonMain/kotlin/borg/trikeshed/lib/PackingStrategies.kt:750:87 Cannot infer type for this parameter. Specify it explicitly.
e: file:///Users/jim/work/v2superbikeshed/Trikeshed/src/commonMain/kotlin/borg/trikeshed/lib/PackingStrategies.kt:750:129 Function invocation 'first()' expected.
e: file:///Users/jim/work/v2superbikeshed/Trikeshed/src/commonMain/kotlin/borg/trikeshed/lib/PackingStrategies.kt:750:139 Unresolved reference 'second'.
e: file:///Users/jim/work/v2superbikeshed/Trikeshed/src/commonMain/kotlin/borg/trikeshed/lib/PackingStrategies.kt:751:29 Argument type mismatch: actual type is 'Either<String, Nothing>', but 'K (of fun <K> WHEN_CALL)' was expected.
e: file:///Users/jim/work/v2superbikeshed/Trikeshed/src/commonMain/kotlin/borg/trikeshed/lib/PackingStrategies.kt:754:45 Cannot infer type for this parameter. Specify it explicitly.
e: file:///Users/jim/work/v2superbikeshed/Trikeshed/src/commonMain/kotlin/borg/trikeshed/lib/PackingStrategies.kt:754:48 Cannot infer type for this parameter. Specify it explicitly.
e: file:///Users/jim/work/v2superbikeshed/Trikeshed/src/commonMain/kotlin/borg/trikeshed/lib/PackingStrategies.kt:756:21 Cannot infer type for this parameter. Specify it explicitly.
e: file:///Users/jim/work/v2superbikeshed/Trikeshed/src/commonMain/kotlin/borg/trikeshed/lib/PackingStrategies.kt:756:45 Unresolved reference 'packPalette'.
e: file:///Users/jim/work/v2superbikeshed/Trikeshed/src/commonMain/kotlin/borg/trikeshed/lib/PackingStrategies.kt:756:45 Argument type mismatch: actual type is 'R (of fun <T, R> T.let)', but 'K (of fun <K> WHEN_CALL)' was expected.
e: file:///Users/jim/work/v2superbikeshed/Trikeshed/src/commonMain/kotlin/borg/trikeshed/lib/PackingStrategies.kt:756:63 Cannot infer type for this parameter. Specify it explicitly.
e: file:///Users/jim/work/v2superbikeshed/Trikeshed/src/commonMain/kotlin/borg/trikeshed/lib/PackingStrategies.kt:756:67 Cannot infer type for this parameter. Specify it explicitly.
e: file:///Users/jim/work/v2superbikeshed/Trikeshed/src/commonMain/kotlin/borg/trikeshed/lib/PackingStrategies.kt:756:99 Function invocation 'first()' expected.
e: file:///Users/jim/work/v2superbikeshed/Trikeshed/src/commonMain/kotlin/borg/trikeshed/lib/PackingStrategies.kt:756:109 Unresolved reference 'second'.
e: file:///Users/jim/work/v2superbikeshed/Trikeshed/src/commonMain/kotlin/borg/trikeshed/lib/PackingStrategies.kt:757:21 Cannot infer type for this parameter. Specify it explicitly.
e: file:///Users/jim/work/v2superbikeshed/Trikeshed/src/commonMain/kotlin/borg/trikeshed/lib/PackingStrategies.kt:757:50 Unresolved reference 'packMultiCluster'.
e: file:///Users/jim/work/v2superbikeshed/Trikeshed/src/commonMain/kotlin/borg/trikeshed/lib/PackingStrategies.kt:757:50 Argument type mismatch: actual type is 'R (of fun <T, R> T.let)', but 'K (of fun <K> WHEN_CALL)' was expected.
e: file:///Users/jim/work/v2superbikeshed/Trikeshed/src/commonMain/kotlin/borg/trikeshed/lib/PackingStrategies.kt:757:73 Cannot infer type for this parameter. Specify it explicitly.
e: file:///Users/jim/work/v2superbikeshed/Trikeshed/src/commonMain/kotlin/borg/trikeshed/lib/PackingStrategies.kt:757:77 Cannot infer type for this parameter. Specify it explicitly.
e: file:///Users/jim/work/v2superbikeshed/Trikeshed/src/commonMain/kotlin/borg/trikeshed/lib/PackingStrategies.kt:757:114 Function invocation 'first()' expected.
e: file:///Users/jim/work/v2superbikeshed/Trikeshed/src/commonMain/kotlin/borg/trikeshed/lib/PackingStrategies.kt:757:124 Unresolved reference 'second'.
e: file:///Users/jim/work/v2superbikeshed/Trikeshed/src/commonMain/kotlin/borg/trikeshed/lib/PackingStrategies.kt:758:29 Argument type mismatch: actual type is 'Either<String, Nothing>', but 'K (of fun <K> WHEN_CALL)' was expected.
e: file:///Users/jim/work/v2superbikeshed/Trikeshed/src/commonMain/kotlin/borg/trikeshed/lib/PackingStrategies.kt:761:29 Unresolved reference 'EXPERIMENTAL'.
e: file:///Users/jim/work/v2superbikeshed/Trikeshed/src/commonMain/kotlin/borg/trikeshed/lib/PackingStrategies.kt:761:47 Cannot infer type for this parameter. Specify it explicitly.
e: file:///Users/jim/work/v2superbikeshed/Trikeshed/src/commonMain/kotlin/borg/trikeshed/lib/PackingStrategies.kt:761:50 Cannot infer type for this parameter. Specify it explicitly.
e: file:///Users/jim/work/v2superbikeshed/Trikeshed/src/commonMain/kotlin/borg/trikeshed/lib/PackingStrategies.kt:764:21 Cannot infer type for this parameter. Specify it explicitly.
e: file:///Users/jim/work/v2superbikeshed/Trikeshed/src/commonMain/kotlin/borg/trikeshed/lib/PackingStrategies.kt:764:46 Argument type mismatch: actual type is 'Either<Nothing, DiagonalPacked>', but 'K (of fun <K> WHEN_CALL)' was expected.
e: file:///Users/jim/work/v2superbikeshed/Trikeshed/src/commonMain/kotlin/borg/trikeshed/lib/PackingStrategies.kt:764:74 Unresolved reference 'packDiagonal'.
e: file:///Users/jim/work/v2superbikeshed/Trikeshed/src/commonMain/kotlin/borg/trikeshed/lib/PackingStrategies.kt:765:21 Cannot infer type for this parameter. Specify it explicitly.
e: file:///Users/jim/work/v2superbikeshed/Trikeshed/src/commonMain/kotlin/borg/trikeshed/lib/PackingStrategies.kt:765:46 Unresolved reference 'packPrefixed'.
e: file:///Users/jim/work/v2superbikeshed/Trikeshed/src/commonMain/kotlin/borg/trikeshed/lib/PackingStrategies.kt:765:46 Argument type mismatch: actual type is 'R (of fun <T, R> T.let)', but 'K (of fun <K> WHEN_CALL)' was expected.
e: file:///Users/jim/work/v2superbikeshed/Trikeshed/src/commonMain/kotlin/borg/trikeshed/lib/PackingStrategies.kt:765:65 Cannot infer type for this parameter. Specify it explicitly.
e: file:///Users/jim/work/v2superbikeshed/Trikeshed/src/commonMain/kotlin/borg/trikeshed/lib/PackingStrategies.kt:765:69 Cannot infer type for this parameter. Specify it explicitly.
e: file:///Users/jim/work/v2superbikeshed/Trikeshed/src/commonMain/kotlin/borg/trikeshed/lib/PackingStrategies.kt:765:102 Function invocation 'first()' expected.
e: file:///Users/jim/work/v2superbikeshed/Trikeshed/src/commonMain/kotlin/borg/trikeshed/lib/PackingStrategies.kt:765:112 Unresolved reference 'second'.
e: file:///Users/jim/work/v2superbikeshed/Trikeshed/src/commonMain/kotlin/borg/trikeshed/lib/PackingStrategies.kt:766:21 Cannot infer type for this parameter. Specify it explicitly.
e: file:///Users/jim/work/v2superbikeshed/Trikeshed/src/commonMain/kotlin/borg/trikeshed/lib/PackingStrategies.kt:766:49 Unresolved reference 'packRangeOffset'.
e: file:///Users/jim/work/v2superbikeshed/Trikeshed/src/commonMain/kotlin/borg/trikeshed/lib/PackingStrategies.kt:766:49 Argument type mismatch: actual type is 'R (of fun <T, R> T.let)', but 'K (of fun <K> WHEN_CALL)' was expected.
e: file:///Users/jim/work/v2superbikeshed/Trikeshed/src/commonMain/kotlin/borg/trikeshed/lib/PackingStrategies.kt:766:71 Cannot infer type for this parameter. Specify it explicitly.
e: file:///Users/jim/work/v2superbikeshed/Trikeshed/src/commonMain/kotlin/borg/trikeshed/lib/PackingStrategies.kt:766:75 Cannot infer type for this parameter. Specify it explicitly.
e: file:///Users/jim/work/v2superbikeshed/Trikeshed/src/commonMain/kotlin/borg/trikeshed/lib/PackingStrategies.kt:766:111 Function invocation 'first()' expected.
e: file:///Users/jim/work/v2superbikeshed/Trikeshed/src/commonMain/kotlin/borg/trikeshed/lib/PackingStrategies.kt:766:121 Unresolved reference 'second'.
e: file:///Users/jim/work/v2superbikeshed/Trikeshed/src/commonMain/kotlin/borg/trikeshed/lib/PackingStrategies.kt:767:21 Cannot infer type for this parameter. Specify it explicitly.
e: file:///Users/jim/work/v2superbikeshed/Trikeshed/src/commonMain/kotlin/borg/trikeshed/lib/PackingStrategies.kt:767:55 Unresolved reference 'packRelativeIncrement'.
e: file:///Users/jim/work/v2superbikeshed/Trikeshed/src/commonMain/kotlin/borg/trikeshed/lib/PackingStrategies.kt:767:55 Argument type mismatch: actual type is 'R (of fun <T, R> T.let)', but 'K (of fun <K> WHEN_CALL)' was expected.
e: file:///Users/jim/work/v2superbikeshed/Trikeshed/src/commonMain/kotlin/borg/trikeshed/lib/PackingStrategies.kt:767:83 Cannot infer type for this parameter. Specify it explicitly.
e: file:///Users/jim/work/v2superbikeshed/Trikeshed/src/commonMain/kotlin/borg/trikeshed/lib/PackingStrategies.kt:767:87 Cannot infer type for this parameter. Specify it explicitly.
e: file:///Users/jim/work/v2superbikeshed/Trikeshed/src/commonMain/kotlin/borg/trikeshed/lib/PackingStrategies.kt:767:129 Function invocation 'first()' expected.
e: file:///Users/jim/work/v2superbikeshed/Trikeshed/src/commonMain/kotlin/borg/trikeshed/lib/PackingStrategies.kt:767:139 Unresolved reference 'second'.
e: file:///Users/jim/work/v2superbikeshed/Trikeshed/src/commonMain/kotlin/borg/trikeshed/lib/PackingStrategies.kt:768:21 Cannot infer type for this parameter. Specify it explicitly.
e: file:///Users/jim/work/v2superbikeshed/Trikeshed/src/commonMain/kotlin/borg/trikeshed/lib/PackingStrategies.kt:768:45 Unresolved reference 'packPalette'.
e: file:///Users/jim/work/v2superbikeshed/Trikeshed/src/commonMain/kotlin/borg/trikeshed/lib/PackingStrategies.kt:768:45 Argument type mismatch: actual type is 'R (of fun <T, R> T.let)', but 'K (of fun <K> WHEN_CALL)' was expected.
e: file:///Users/jim/work/v2superbikeshed/Trikeshed/src/commonMain/kotlin/borg/trikeshed/lib/PackingStrategies.kt:768:63 Cannot infer type for this parameter. Specify it explicitly.
e: file:///Users/jim/work/v2superbikeshed/Trikeshed/src/commonMain/kotlin/borg/trikeshed/lib/PackingStrategies.kt:768:67 Cannot infer type for this parameter. Specify it explicitly.
e: file:///Users/jim/work/v2superbikeshed/Trikeshed/src/commonMain/kotlin/borg/trikeshed/lib/PackingStrategies.kt:768:99 Function invocation 'first()' expected.
e: file:///Users/jim/work/v2superbikeshed/Trikeshed/src/commonMain/kotlin/borg/trikeshed/lib/PackingStrategies.kt:768:109 Unresolved reference 'second'.
e: file:///Users/jim/work/v2superbikeshed/Trikeshed/src/commonMain/kotlin/borg/trikeshed/lib/PackingStrategies.kt:769:21 Cannot infer type for this parameter. Specify it explicitly.
e: file:///Users/jim/work/v2superbikeshed/Trikeshed/src/commonMain/kotlin/borg/trikeshed/lib/PackingStrategies.kt:769:50 Unresolved reference 'packMultiCluster'.
e: file:///Users/jim/work/v2superbikeshed/Trikeshed/src/commonMain/kotlin/borg/trikeshed/lib/PackingStrategies.kt:769:50 Argument type mismatch: actual type is 'R (of fun <T, R> T.let)', but 'K (of fun <K> WHEN_CALL)' was expected.
e: file:///Users/jim/work/v2superbikeshed/Trikeshed/src/commonMain/kotlin/borg/trikeshed/lib/PackingStrategies.kt:769:73 Cannot infer type for this parameter. Specify it explicitly.
e: file:///Users/jim/work/v2superbikeshed/Trikeshed/src/commonMain/kotlin/borg/trikeshed/lib/PackingStrategies.kt:769:77 Cannot infer type for this parameter. Specify it explicitly.
e: file:///Users/jim/work/v2superbikeshed/Trikeshed/src/commonMain/kotlin/borg/trikeshed/lib/PackingStrategies.kt:769:114 Function invocation 'first()' expected.
e: file:///Users/jim/work/v2superbikeshed/Trikeshed/src/commonMain/kotlin/borg/trikeshed/lib/PackingStrategies.kt:769:124 Unresolved reference 'second'.
e: file:///Users/jim/work/v2superbikeshed/Trikeshed/src/commonMain/kotlin/borg/trikeshed/lib/PackingStrategies.kt:770:29 Argument type mismatch: actual type is 'Either<String, Nothing>', but 'K (of fun <K> WHEN_CALL)' was expected.
e: file:///Users/jim/work/v2superbikeshed/Trikeshed/src/commonMain/kotlin/borg/trikeshed/lib/SafeStringExample.kt:17:37 Unresolved reference 'CharIndexed'.
e: file:///Users/jim/work/v2superbikeshed/Trikeshed/src/commonMain/kotlin/borg/trikeshed/lib/SafeStringExample.kt:21:46 Argument type mismatch: actual type is 'Boolean', but 'Int' was expected.
e: file:///Users/jim/work/v2superbikeshed/Trikeshed/src/commonMain/kotlin/borg/trikeshed/lib/SafeStringExample.kt:25:44 Argument type mismatch: actual type is 'Boolean', but 'Int' was expected.
e: file:///Users/jim/work/v2superbikeshed/Trikeshed/src/commonMain/kotlin/borg/trikeshed/lib/SafeStringExample.kt:29:47 Argument type mismatch: actual type is 'Boolean', but 'Int' was expected.
e: file:///Users/jim/work/v2superbikeshed/Trikeshed/src/commonMain/kotlin/borg/trikeshed/lib/SafeStringExample.kt:37:29 Unresolved reference 'CharIndexed'.
e: file:///Users/jim/work/v2superbikeshed/Trikeshed/src/commonMain/kotlin/borg/trikeshed/lib/SafeStringExample.kt:37:51 Unresolved reference 'CharIndexed'.
e: file:///Users/jim/work/v2superbikeshed/Trikeshed/src/commonMain/kotlin/borg/trikeshed/lib/SafeStringExample.kt:47:29 Unresolved reference 'CharIndexed'.
e: file:///Users/jim/work/v2superbikeshed/Trikeshed/src/commonMain/kotlin/borg/trikeshed/lib/SafeStringExample.kt:51:31 Cannot infer type for this parameter. Specify it explicitly.
e: file:///Users/jim/work/v2superbikeshed/Trikeshed/src/commonMain/kotlin/borg/trikeshed/lib/SafeStringExample.kt:51:31 Not enough information to infer type argument for 'T'.
e: file:///Users/jim/work/v2superbikeshed/Trikeshed/src/commonMain/kotlin/borg/trikeshed/lib/SafeStringExample.kt:58:30 Unresolved reference 'CharIndexed'.
e: file:///Users/jim/work/v2superbikeshed/Trikeshed/src/commonMain/kotlin/borg/trikeshed/lib/SafeStringExample.kt:58:44 Unresolved reference 'CharIndexed'.
e: file:///Users/jim/work/v2superbikeshed/Trikeshed/src/commonMain/kotlin/borg/trikeshed/lib/SafeStringExample.kt:70:17 Unresolved reference 'CharIndexed'.
e: file:///Users/jim/work/v2superbikeshed/Trikeshed/src/commonMain/kotlin/borg/trikeshed/lib/SafeStringExample.kt:71:15 Unresolved reference 'CharIndexed'.
e: file:///Users/jim/work/v2superbikeshed/Trikeshed/src/commonMain/kotlin/borg/trikeshed/lib/SafeStringExample.kt:72:18 Unresolved reference 'CharIndexed'.
e: file:///Users/jim/work/v2superbikeshed/Trikeshed/src/commonMain/kotlin/borg/trikeshed/lib/SafeStringExample.kt:78:37 Cannot infer type for this parameter. Specify it explicitly.
e: file:///Users/jim/work/v2superbikeshed/Trikeshed/src/commonMain/kotlin/borg/trikeshed/lib/SafeStringExample.kt:78:37 Not enough information to infer type argument for 'T'.
e: file:///Users/jim/work/v2superbikeshed/Trikeshed/src/commonMain/kotlin/borg/trikeshed/lib/SafeStringExample.kt:78:47 Cannot infer type for this parameter. Specify it explicitly.
e: file:///Users/jim/work/v2superbikeshed/Trikeshed/src/commonMain/kotlin/borg/trikeshed/lib/SafeStringExample.kt:78:47 Not enough information to infer type argument for 'T'.
e: file:///Users/jim/work/v2superbikeshed/Trikeshed/src/commonMain/kotlin/borg/trikeshed/lib/SafeStringExample.kt:79:22 Cannot infer type for this parameter. Specify it explicitly.
e: file:///Users/jim/work/v2superbikeshed/Trikeshed/src/commonMain/kotlin/borg/trikeshed/lib/SafeStringExample.kt:79:22 Not enough information to infer type argument for 'T'.
e: file:///Users/jim/work/v2superbikeshed/Trikeshed/src/commonMain/kotlin/borg/trikeshed/lib/SafeStringExample.kt:79:32 Cannot infer type for this parameter. Specify it explicitly.
e: file:///Users/jim/work/v2superbikeshed/Trikeshed/src/commonMain/kotlin/borg/trikeshed/lib/SafeStringExample.kt:79:32 Not enough information to infer type argument for 'T'.
e: file:///Users/jim/work/v2superbikeshed/Trikeshed/src/commonMain/kotlin/borg/trikeshed/lib/SafeStringExample.kt:80:28 Cannot infer type for this parameter. Specify it explicitly.
e: file:///Users/jim/work/v2superbikeshed/Trikeshed/src/commonMain/kotlin/borg/trikeshed/lib/SafeStringExample.kt:80:28 Not enough information to infer type argument for 'T'.
e: file:///Users/jim/work/v2superbikeshed/Trikeshed/src/commonMain/kotlin/borg/trikeshed/lib/SafeStringExample.kt:80:38 Cannot infer type for this parameter. Specify it explicitly.
e: file:///Users/jim/work/v2superbikeshed/Trikeshed/src/commonMain/kotlin/borg/trikeshed/lib/SafeStringExample.kt:80:38 Not enough information to infer type argument for 'T'.
e: file:///Users/jim/work/v2superbikeshed/Trikeshed/src/commonMain/kotlin/borg/trikeshed/lib/SafeStringExample.kt:87:5 Unresolved reference 'CharIndexed'.
e: file:///Users/jim/work/v2superbikeshed/Trikeshed/src/commonMain/kotlin/borg/trikeshed/lib/SafeStringExample.kt:87:50 Unresolved reference 'CharIndexed'.
e: file:///Users/jim/work/v2superbikeshed/Trikeshed/src/commonMain/kotlin/borg/trikeshed/lib/SafeStringExample.kt:88:39 Unresolved reference 'a'.
e: file:///Users/jim/work/v2superbikeshed/Trikeshed/src/commonMain/kotlin/borg/trikeshed/lib/SafeStringExample.kt:89:43 Unresolved reference 'a'.
e: file:///Users/jim/work/v2superbikeshed/Trikeshed/src/commonMain/kotlin/borg/trikeshed/lib/SafeStringExample.kt:90:34 Cannot infer type for this parameter. Specify it explicitly.
e: file:///Users/jim/work/v2superbikeshed/Trikeshed/src/commonMain/kotlin/borg/trikeshed/lib/SafeStringExample.kt:90:34 Not enough information to infer type argument for 'B'.
e: file:///Users/jim/work/v2superbikeshed/Trikeshed/src/commonMain/kotlin/borg/trikeshed/lib/SafeStringExample.kt:90:38 Cannot infer type for this parameter. Specify it explicitly.
e: file:///Users/jim/work/v2superbikeshed/Trikeshed/src/commonMain/kotlin/borg/trikeshed/lib/SafeStringExample.kt:90:43 Unresolved reference 'b'.
e: file:///Users/jim/work/v2superbikeshed/Trikeshed/src/commonMain/kotlin/borg/trikeshed/lib/SafeStringExample.kt:93:5 Unresolved reference 'CharIndexed'.
e: file:///Users/jim/work/v2superbikeshed/Trikeshed/src/commonMain/kotlin/borg/trikeshed/lib/SafeStringExample.kt:94:23 Unresolved reference 'a'.
e: file:///Users/jim/work/v2superbikeshed/Trikeshed/src/commonMain/kotlin/borg/trikeshed/lib/SafeStringExample.kt:95:13 Unresolved reference 'b'.
e: file:///Users/jim/work/v2superbikeshed/Trikeshed/src/commonMain/kotlin/borg/trikeshed/lib/SafeStringExample.kt:97:12 Unresolved reference 'a'.
e: file:///Users/jim/work/v2superbikeshed/Trikeshed/src/commonMain/kotlin/borg/trikeshed/lib/SafeStringExample.kt:100:5 Unresolved reference 'CharIndexed'.
e: file:///Users/jim/work/v2superbikeshed/Trikeshed/src/commonMain/kotlin/borg/trikeshed/lib/SafeStringExample.kt:100:36 Unresolved reference 'CharIndexed'.
e: file:///Users/jim/work/v2superbikeshed/Trikeshed/src/commonMain/kotlin/borg/trikeshed/lib/SafeStringExample.kt:101:16 Unresolved reference 'a'.
e: file:///Users/jim/work/v2superbikeshed/Trikeshed/src/commonMain/kotlin/borg/trikeshed/lib/SafeStringExample.kt:101:20 Unresolved reference 'a'.
e: file:///Users/jim/work/v2superbikeshed/Trikeshed/src/commonMain/kotlin/borg/trikeshed/lib/SafeStringExample.kt:102:30 Unresolved reference 'a'.
e: file:///Users/jim/work/v2superbikeshed/Trikeshed/src/commonMain/kotlin/borg/trikeshed/lib/SafeStringExample.kt:103:13 Unresolved reference 'b'.
e: file:///Users/jim/work/v2superbikeshed/Trikeshed/src/commonMain/kotlin/borg/trikeshed/lib/SafeStringExample.kt:108:5 Unresolved reference 'CharIndexed'.
e: file:///Users/jim/work/v2superbikeshed/Trikeshed/src/commonMain/kotlin/borg/trikeshed/lib/SafeStringExample.kt:108:53 Unresolved reference 'CharIndexed'.
e: file:///Users/jim/work/v2superbikeshed/Trikeshed/src/commonMain/kotlin/borg/trikeshed/lib/SafeStringExample.kt:112:23 Unresolved reference 'a'.
e: file:///Users/jim/work/v2superbikeshed/Trikeshed/src/commonMain/kotlin/borg/trikeshed/lib/SafeStringExample.kt:113:13 Unresolved reference 'b'.
e: file:///Users/jim/work/v2superbikeshed/Trikeshed/src/commonMain/kotlin/borg/trikeshed/lib/SafeStringExample.kt:117:35 Unresolved reference 'CharIndexed'.
e: file:///Users/jim/work/v2superbikeshed/Trikeshed/src/commonMain/kotlin/borg/trikeshed/lib/SafeStringExample.kt:119:62 Unresolved reference 'a'.
e: file:///Users/jim/work/v2superbikeshed/Trikeshed/src/commonMain/kotlin/borg/trikeshed/lib/SafeStringExample.kt:120:37 Cannot infer type for this parameter. Specify it explicitly.
e: file:///Users/jim/work/v2superbikeshed/Trikeshed/src/commonMain/kotlin/borg/trikeshed/lib/SafeStringExample.kt:120:37 Not enough information to infer type argument for 'B'.
e: file:///Users/jim/work/v2superbikeshed/Trikeshed/src/commonMain/kotlin/borg/trikeshed/lib/SafeStringExample.kt:120:41 Cannot infer type for this parameter. Specify it explicitly.
e: file:///Users/jim/work/v2superbikeshed/Trikeshed/src/commonMain/kotlin/borg/trikeshed/lib/SafeStringExample.kt:120:46 Unresolved reference 'b'.
e: file:///Users/jim/work/v2superbikeshed/Trikeshed/src/commonMain/kotlin/borg/trikeshed/lib/SafeStringExample.kt:124:5 Unresolved reference 'CharIndexed'.
e: file:///Users/jim/work/v2superbikeshed/Trikeshed/src/commonMain/kotlin/borg/trikeshed/lib/SafeStringExample.kt:124:30 Unresolved reference 'CharIndexed'.
e: file:///Users/jim/work/v2superbikeshed/Trikeshed/src/commonMain/kotlin/borg/trikeshed/lib/SafeStringExample.kt:127:19 Unresolved reference 'a'.
e: file:///Users/jim/work/v2superbikeshed/Trikeshed/src/commonMain/kotlin/borg/trikeshed/lib/SafeStringExample.kt:130:31 Unresolved reference 'b'.
e: file:///Users/jim/work/v2superbikeshed/Trikeshed/src/commonMain/kotlin/borg/trikeshed/lib/SafeStringExample.kt:133:31 Unresolved reference 'b'.
e: file:///Users/jim/work/v2superbikeshed/Trikeshed/src/commonMain/kotlin/borg/trikeshed/lib/SafeStringExample.kt:133:61 Unresolved reference 'a'.
e: file:///Users/jim/work/v2superbikeshed/Trikeshed/src/commonMain/kotlin/borg/trikeshed/lib/SafeStringExample.kt:135:30 Cannot infer type for this parameter. Specify it explicitly.
e: file:///Users/jim/work/v2superbikeshed/Trikeshed/src/commonMain/kotlin/borg/trikeshed/lib/SafeStringExample.kt:135:30 Not enough information to infer type argument for 'B'.
e: file:///Users/jim/work/v2superbikeshed/Trikeshed/src/commonMain/kotlin/borg/trikeshed/lib/SafeStringExample.kt:135:34 Cannot infer type for this parameter. Specify it explicitly.
e: file:///Users/jim/work/v2superbikeshed/Trikeshed/src/commonMain/kotlin/borg/trikeshed/lib/SafeStringExample.kt:135:39 Unresolved reference 'b'.
e: file:///Users/jim/work/v2superbikeshed/Trikeshed/src/commonMain/kotlin/borg/trikeshed/lib/Tensor.kt:8:50 Return type mismatch: expected 'IntArray', actual 'Shape'.
e: file:///Users/jim/work/v2superbikeshed/Trikeshed/src/commonMain/kotlin/borg/trikeshed/lib/Tensor.kt:9:60 Return type mismatch: expected 'Function1<IntArray, T (of val <T> Join<Shape, Function1<Shape, T>>.accessor)>', actual 'Function1<Shape, T (of val <T> Join<Shape, Function1<Shape, T>>.accessor)>'.
e: file:///Users/jim/work/v2superbikeshed/Trikeshed/src/commonMain/kotlin/borg/trikeshed/lib/TensorConstruction.kt:11:12 Return type mismatch: expected 'Join<Shape, Function1<Shape, T (of fun <T> TensorIndexed)>>', actual 'Join<IntArray, ERROR CLASS: Cannot infer argument for type parameter B>'.
e: file:///Users/jim/work/v2superbikeshed/Trikeshed/src/commonMain/kotlin/borg/trikeshed/lib/TensorConstruction.kt:11:29 Cannot infer type for this parameter. Specify it explicitly.
e: file:///Users/jim/work/v2superbikeshed/Trikeshed/src/commonMain/kotlin/borg/trikeshed/lib/TensorConstruction.kt:11:29 Not enough information to infer type argument for 'B'.
e: file:///Users/jim/work/v2superbikeshed/Trikeshed/src/commonMain/kotlin/borg/trikeshed/lib/TensorConstruction.kt:11:33 Cannot infer type for this parameter. Specify it explicitly.
e: file:///Users/jim/work/v2superbikeshed/Trikeshed/src/commonMain/kotlin/borg/trikeshed/lib/TensorConstruction.kt:19:12 Return type mismatch: expected 'Join<Shape, Function1<Shape, T (of fun <T> TensorCursor)>>', actual 'Join<IntArray, ERROR CLASS: Cannot infer argument for type parameter B>'.
e: file:///Users/jim/work/v2superbikeshed/Trikeshed/src/commonMain/kotlin/borg/trikeshed/lib/TensorConstruction.kt:19:35 Cannot infer type for this parameter. Specify it explicitly.
e: file:///Users/jim/work/v2superbikeshed/Trikeshed/src/commonMain/kotlin/borg/trikeshed/lib/TensorConstruction.kt:19:35 Not enough information to infer type argument for 'B'.
e: file:///Users/jim/work/v2superbikeshed/Trikeshed/src/commonMain/kotlin/borg/trikeshed/lib/TensorConstruction.kt:19:39 Cannot infer type for this parameter. Specify it explicitly.
e: file:///Users/jim/work/v2superbikeshed/Trikeshed/src/commonMain/kotlin/borg/trikeshed/lib/TensorConstruction.kt:49:12 Return type mismatch: expected 'Join<Shape, Function1<Shape, T (of fun <T> fillTensor)>>', actual 'Join<IntArray, ERROR CLASS: Cannot infer argument for type parameter B>'.
e: file:///Users/jim/work/v2superbikeshed/Trikeshed/src/commonMain/kotlin/borg/trikeshed/lib/TensorConstruction.kt:49:18 Cannot infer type for this parameter. Specify it explicitly.
e: file:///Users/jim/work/v2superbikeshed/Trikeshed/src/commonMain/kotlin/borg/trikeshed/lib/TensorConstruction.kt:49:18 Not enough information to infer type argument for 'B'.
e: file:///Users/jim/work/v2superbikeshed/Trikeshed/src/commonMain/kotlin/borg/trikeshed/lib/TensorConstruction.kt:49:22 Cannot infer type for this parameter. Specify it explicitly.
e: file:///Users/jim/work/v2superbikeshed/Trikeshed/src/commonMain/kotlin/borg/trikeshed/lib/TensorConstruction.kt:56:12 Return type mismatch: expected 'Join<Shape, Function1<Shape, T (of fun <T> generateTensor)>>', actual 'Join<IntArray, Function1<IntArray, T (of fun <T> generateTensor)>>'.
e: file:///Users/jim/work/v2superbikeshed/Trikeshed/src/commonMain/kotlin/borg/trikeshed/lib/TensorMath.kt:18:52 Argument type mismatch: actual type is 'IntArray', but 'Int' was expected.
e: file:///Users/jim/work/v2superbikeshed/Trikeshed/src/commonMain/kotlin/borg/trikeshed/lib/TensorMath.kt:18:79 Argument type mismatch: actual type is 'IntArray', but 'Int' was expected.
e: file:///Users/jim/work/v2superbikeshed/Trikeshed/src/commonMain/kotlin/borg/trikeshed/lib/TensorMath.kt:23:52 Argument type mismatch: actual type is 'IntArray', but 'Int' was expected.
e: file:///Users/jim/work/v2superbikeshed/Trikeshed/src/commonMain/kotlin/borg/trikeshed/lib/TensorMath.kt:23:79 Argument type mismatch: actual type is 'IntArray', but 'Int' was expected.
e: file:///Users/jim/work/v2superbikeshed/Trikeshed/src/commonMain/kotlin/borg/trikeshed/lib/TensorMath.kt:28:45 Argument type mismatch: actual type is 'IntArray', but 'Int' was expected.
e: file:///Users/jim/work/v2superbikeshed/Trikeshed/src/commonMain/kotlin/borg/trikeshed/lib/TensorMath.kt:31:45 Argument type mismatch: actual type is 'IntArray', but 'Int' was expected.
e: file:///Users/jim/work/v2superbikeshed/Trikeshed/src/commonMain/kotlin/borg/trikeshed/lib/TensorMath.kt:34:45 Argument type mismatch: actual type is 'IntArray', but 'Int' was expected.
e: file:///Users/jim/work/v2superbikeshed/Trikeshed/src/commonMain/kotlin/borg/trikeshed/lib/TensorMath.kt:37:45 Argument type mismatch: actual type is 'IntArray', but 'Int' was expected.
e: file:///Users/jim/work/v2superbikeshed/Trikeshed/src/commonMain/kotlin/borg/trikeshed/lib/TensorMath.kt:41:46 Argument type mismatch: actual type is 'IntArray', but 'Int' was expected.
e: file:///Users/jim/work/v2superbikeshed/Trikeshed/src/commonMain/kotlin/borg/trikeshed/lib/TensorMath.kt:48:23 Argument type mismatch: actual type is 'IntArray', but 'Int' was expected.
e: file:///Users/jim/work/v2superbikeshed/Trikeshed/src/commonMain/kotlin/borg/trikeshed/lib/TensorMath.kt:60:56 Argument type mismatch: actual type is 'IntArray', but 'Int' was expected.
e: file:///Users/jim/work/v2superbikeshed/Trikeshed/src/commonMain/kotlin/borg/trikeshed/lib/TensorSlicing.kt:16:12 Return type mismatch: expected 'Join<Shape, Function1<Shape, T (of fun <T> Join<Shape, Function1<Shape, T>>.slice)>>', actual 'Join<IntArray, ERROR CLASS: Cannot infer argument for type parameter B>'.
e: file:///Users/jim/work/v2superbikeshed/Trikeshed/src/commonMain/kotlin/borg/trikeshed/lib/TensorSlicing.kt:16:21 Cannot infer type for this parameter. Specify it explicitly.
e: file:///Users/jim/work/v2superbikeshed/Trikeshed/src/commonMain/kotlin/borg/trikeshed/lib/TensorSlicing.kt:16:21 Not enough information to infer type argument for 'B'.
e: file:///Users/jim/work/v2superbikeshed/Trikeshed/src/commonMain/kotlin/borg/trikeshed/lib/TensorSlicing.kt:16:25 Cannot infer type for this parameter. Specify it explicitly.
e: file:///Users/jim/work/v2superbikeshed/Trikeshed/src/commonMain/kotlin/borg/trikeshed/lib/TensorSlicing.kt:26:14 Argument type mismatch: actual type is 'IntArray', but 'Int' was expected.
e: file:///Users/jim/work/v2superbikeshed/Trikeshed/src/commonMain/kotlin/borg/trikeshed/lib/TensorSlicing.kt:45:12 Return type mismatch: expected 'Join<Shape, Function1<Shape, T (of fun <T> Join<Shape, Function1<Shape, T>>.reshape)>>', actual 'Join<IntArray, ERROR CLASS: Cannot infer argument for type parameter B>'.
e: file:///Users/jim/work/v2superbikeshed/Trikeshed/src/commonMain/kotlin/borg/trikeshed/lib/TensorSlicing.kt:45:21 Cannot infer type for this parameter. Specify it explicitly.
e: file:///Users/jim/work/v2superbikeshed/Trikeshed/src/commonMain/kotlin/borg/trikeshed/lib/TensorSlicing.kt:45:21 Not enough information to infer type argument for 'B'.
e: file:///Users/jim/work/v2superbikeshed/Trikeshed/src/commonMain/kotlin/borg/trikeshed/lib/TensorSlicing.kt:45:25 Cannot infer type for this parameter. Specify it explicitly.
e: file:///Users/jim/work/v2superbikeshed/Trikeshed/src/commonMain/kotlin/borg/trikeshed/lib/TensorSlicing.kt:49:29 Cannot infer type for this parameter. Specify it explicitly.
e: file:///Users/jim/work/v2superbikeshed/Trikeshed/src/commonMain/kotlin/borg/trikeshed/lib/TensorSlicing.kt:49:29 Not enough information to infer type argument for 'T'.
e: file:///Users/jim/work/v2superbikeshed/Trikeshed/src/commonMain/kotlin/borg/trikeshed/lib/TensorSlicing.kt:50:25 None of the following candidates is applicable:
fun <K, V> MutableMap<in K, in V>.plusAssign(pair: Pair<K, V>): Unit
fun <K, V> MutableMap<in K, in V>.plusAssign(pairs: Iterable<Pair<K, V>>): Unit
fun <K, V> MutableMap<in K, in V>.plusAssign(pairs: Array<out Pair<K, V>>): Unit
fun <K, V> MutableMap<in K, in V>.plusAssign(pairs: Sequence<Pair<K, V>>): Unit
fun <K, V> MutableMap<in K, in V>.plusAssign(map: Map<K, V>): Unit
fun <T> MutableCollection<in T>.plusAssign(element: T): Unit
fun <T> MutableCollection<in T>.plusAssign(elements: Iterable<T>): Unit
fun <T> MutableCollection<in T>.plusAssign(elements: Array<T>): Unit
fun <T> MutableCollection<in T>.plusAssign(elements: Sequence<T>): Unit
e: file:///Users/jim/work/v2superbikeshed/Trikeshed/src/commonMain/kotlin/borg/trikeshed/lib/datetime/DateTimeFormatter.kt:12:12 Unresolved reference 'System'.
e: file:///Users/jim/work/v2superbikeshed/Trikeshed/src/commonMain/kotlin/borg/trikeshed/lib/trie/PatriciaTrie.kt:47:32 Cannot infer type for this parameter. Specify it explicitly.
e: file:///Users/jim/work/v2superbikeshed/Trikeshed/src/commonMain/kotlin/borg/trikeshed/lib/trie/PatriciaTrie.kt:47:32 Unresolved reference. None of the following candidates is applicable because of a receiver type mismatch:
fun <T, K : Comparable<K>> List<T>.binarySearchBy(key: K?, fromIndex: Int = ..., toIndex: Int = ..., crossinline selector: (T) -> K?): Int
e: file:///Users/jim/work/v2superbikeshed/Trikeshed/src/commonMain/kotlin/borg/trikeshed/lib/trie/PatriciaTrie.kt:47:56 Cannot infer type for this parameter. Specify it explicitly.
e: file:///Users/jim/work/v2superbikeshed/Trikeshed/src/commonMain/kotlin/borg/trikeshed/lib/trie/PatriciaTrie.kt:47:61 Function invocation 'first()' expected.
e: file:///Users/jim/work/v2superbikeshed/Trikeshed/src/commonMain/kotlin/borg/trikeshed/lib/trie/PatriciaTrie.kt:60:32 Cannot infer type for this parameter. Specify it explicitly.
e: file:///Users/jim/work/v2superbikeshed/Trikeshed/src/commonMain/kotlin/borg/trikeshed/lib/trie/PatriciaTrie.kt:60:32 Unresolved reference. None of the following candidates is applicable because of a receiver type mismatch:
fun <T, K : Comparable<K>> List<T>.binarySearchBy(key: K?, fromIndex: Int = ..., toIndex: Int = ..., crossinline selector: (T) -> K?): Int
e: file:///Users/jim/work/v2superbikeshed/Trikeshed/src/commonMain/kotlin/borg/trikeshed/lib/trie/PatriciaTrie.kt:60:57 Cannot infer type for this parameter. Specify it explicitly.
e: file:///Users/jim/work/v2superbikeshed/Trikeshed/src/commonMain/kotlin/borg/trikeshed/lib/trie/PatriciaTrie.kt:60:62 Function invocation 'first()' expected.
e: file:///Users/jim/work/v2superbikeshed/Trikeshed/src/commonMain/kotlin/borg/trikeshed/lib/trie/PatriciaTrie.kt:63:32 Argument type mismatch: actual type is 'Pair<Any, PatriciaTrie<K (of class ArrayMapPatriciaTrie<K, V>), V (of class ArrayMapPatriciaTrie<K, V>)>>', but 'Pair<Any, ArrayMapPatriciaTrie<K (of class ArrayMapPatriciaTrie<K, V>), V (of class ArrayMapPatriciaTrie<K, V>)>>' was expected.
e: file:///Users/jim/work/v2superbikeshed/Trikeshed/src/commonMain/kotlin/borg/trikeshed/lib/trie/PatriciaTrie.kt:101:28 Cannot infer type for this parameter. Specify it explicitly.
e: file:///Users/jim/work/v2superbikeshed/Trikeshed/src/commonMain/kotlin/borg/trikeshed/lib/trie/PatriciaTrie.kt:101:28 Unresolved reference. None of the following candidates is applicable because of a receiver type mismatch:
fun <T, K : Comparable<K>> List<T>.binarySearchBy(key: K?, fromIndex: Int = ..., toIndex: Int = ..., crossinline selector: (T) -> K?): Int
e: file:///Users/jim/work/v2superbikeshed/Trikeshed/src/commonMain/kotlin/borg/trikeshed/lib/trie/PatriciaTrie.kt:101:52 Cannot infer type for this parameter. Specify it explicitly.
e: file:///Users/jim/work/v2superbikeshed/Trikeshed/src/commonMain/kotlin/borg/trikeshed/lib/trie/PatriciaTrie.kt:101:57 Function invocation 'first()' expected.
e: file:///Users/jim/work/v2superbikeshed/Trikeshed/src/commonMain/kotlin/borg/trikeshed/lib/trie/PatriciaTrie.kt:104:48 None of the following candidates is applicable:
fun <T> Array<out T>.isEmpty(): Boolean
fun ByteArray.isEmpty(): Boolean
fun ShortArray.isEmpty(): Boolean
fun IntArray.isEmpty(): Boolean
fun LongArray.isEmpty(): Boolean
fun FloatArray.isEmpty(): Boolean
fun DoubleArray.isEmpty(): Boolean
fun BooleanArray.isEmpty(): Boolean
fun CharArray.isEmpty(): Boolean
fun CharSequence.isEmpty(): Boolean
e: file:///Users/jim/work/v2superbikeshed/Trikeshed/src/commonMain/kotlin/borg/trikeshed/lib/trie/PatriciaTrie.kt:107:51 Argument type mismatch: actual type is 'Pair<Any, PatriciaTrie<K (of class ArrayMapPatriciaTrie<K, V>), V (of class ArrayMapPatriciaTrie<K, V>)>>', but 'Pair<Any, ArrayMapPatriciaTrie<K (of class ArrayMapPatriciaTrie<K, V>), V (of class ArrayMapPatriciaTrie<K, V>)>>' was expected.
e: file:///Users/jim/work/v2superbikeshed/Trikeshed/src/commonMain/kotlin/borg/trikeshed/lib/utils.kt:3:16 Unresolved reference 'cinterop'.
e: file:///Users/jim/work/v2superbikeshed/Trikeshed/src/commonMain/kotlin/borg/trikeshed/lib/utils.kt:29:22 Unresolved reference 'format'.
e: file:///Users/jim/work/v2superbikeshed/Trikeshed/src/commonMain/kotlin/borg/trikeshed/lib/utils.kt:40:22 Unresolved reference 'format'.
e: file:///Users/jim/work/v2superbikeshed/Trikeshed/src/commonMain/kotlin/borg/trikeshed/lib/utils.kt:43:43 Unresolved reference 'CPointer'.
e: file:///Users/jim/work/v2superbikeshed/Trikeshed/src/commonMain/kotlin/borg/trikeshed/lib/utils.kt:43:56 Unresolved reference 'CPointed'.
e: file:///Users/jim/work/v2superbikeshed/Trikeshed/src/commonMain/kotlin/borg/trikeshed/lib/utils.kt:44:45 Unresolved reference 'CPointer'.
e: file:///Users/jim/work/v2superbikeshed/Trikeshed/src/commonMain/kotlin/borg/trikeshed/lib/utils.kt:44:58 Unresolved reference 'CPointed'.
e: file:///Users/jim/work/v2superbikeshed/Trikeshed/src/commonMain/kotlin/borg/trikeshed/lib/utils.kt:45:28 Unresolved reference 'CPointer'.
e: file:///Users/jim/work/v2superbikeshed/Trikeshed/src/commonMain/kotlin/borg/trikeshed/lib/utils.kt:45:41 Unresolved reference 'CPointed'.
e: file:///Users/jim/work/v2superbikeshed/Trikeshed/src/commonMain/kotlin/borg/trikeshed/lib/utils.kt:46:29 Unresolved reference 'CPointer'.
e: file:///Users/jim/work/v2superbikeshed/Trikeshed/src/commonMain/kotlin/borg/trikeshed/lib/utils.kt:46:42 Unresolved reference 'CPointed'.
e: file:///Users/jim/work/v2superbikeshed/Trikeshed/src/commonMain/kotlin/borg/trikeshed/ljson/KzranGzipReader.kt:255:44 None of the following candidates is applicable:
fun <T> Join<Int, Function1<Int, Join<Any?, TypeMemento>>>.get(column: Column<T>): T?
fun <T : Any> JsReference<T>.get(): T
e: file:///Users/jim/work/v2superbikeshed/Trikeshed/src/commonMain/kotlin/borg/trikeshed/ljson/KzranGzipReader.kt:255:65 Unresolved reference 'toChar'.
e: file:///Users/jim/work/v2superbikeshed/Trikeshed/src/commonMain/kotlin/borg/trikeshed/ljson/KzranGzipReader.kt:266:60 None of the following candidates is applicable:
fun <T> Join<Int, Function1<Int, Join<Any?, TypeMemento>>>.get(column: Column<T>): T?
fun <T : Any> JsReference<T>.get(): T
e: file:///Users/jim/work/v2superbikeshed/Trikeshed/src/commonMain/kotlin/borg/trikeshed/ljson/KzranGzipReader.kt:354:2 Syntax error: imports are only allowed in the beginning of file.
e: file:///Users/jim/work/v2superbikeshed/Trikeshed/src/commonMain/kotlin/borg/trikeshed/ljson/KzranGzipReader.kt:357:28 Unresolved reference 'Zlib'.
e: file:///Users/jim/work/v2superbikeshed/Trikeshed/src/commonMain/kotlin/borg/trikeshed/ljson/KzranGzipReader.kt:385:28 Unresolved reference 'Zlib'.
e: file:///Users/jim/work/v2superbikeshed/Trikeshed/src/commonMain/kotlin/borg/trikeshed/ljson/KzranGzipReader.kt:385:50 Overload resolution ambiguity between candidates:
fun ByteArray.toIndexed(): Join<Int, Function1<Int, Byte>>
fun <T> Any.toIndexed(): Join<Int, Function1<Int, T>>
fun ByteArray.toIndexed(): Join<Int, Function1<Int, Byte>>
e: file:///Users/jim/work/v2superbikeshed/Trikeshed/src/commonMain/kotlin/borg/trikeshed/ljson/KzranGzipReader.kt:439:21 None of the following candidates is applicable:
fun <T> Join<Int, Function1<Int, Join<Any?, TypeMemento>>>.get(column: Column<T>): T?
fun <T : Any> JsReference<T>.get(): T
e: file:///Users/jim/work/v2superbikeshed/Trikeshed/src/commonMain/kotlin/borg/trikeshed/ljson/Lz4FileAttention.kt:3:27 Conflicting import: imported name 'Indexed' is ambiguous.
e: file:///Users/jim/work/v2superbikeshed/Trikeshed/src/commonMain/kotlin/borg/trikeshed/ljson/Lz4FileAttention.kt:4:27 Conflicting import: imported name 'Indexed' is ambiguous.
e: file:///Users/jim/work/v2superbikeshed/Trikeshed/src/commonMain/kotlin/borg/trikeshed/ljson/Lz4FileAttention.kt:43:95 Overload resolution ambiguity between candidates:
fun ByteArray.toIndexed(): Join<Int, Function1<Int, Byte>>
fun <T> Any.toIndexed(): Join<Int, Function1<Int, T>>
fun ByteArray.toIndexed(): Join<Int, Function1<Int, Byte>>
e: file:///Users/jim/work/v2superbikeshed/Trikeshed/src/commonMain/kotlin/borg/trikeshed/ljson/Lz4FileAttention.kt:62:9 Missing return statement.
e: file:///Users/jim/work/v2superbikeshed/Trikeshed/src/commonMain/kotlin/borg/trikeshed/ljson/Lz4FileAttention.kt:64:9 Syntax error: Expecting member declaration.
e: file:///Users/jim/work/v2superbikeshed/Trikeshed/src/commonMain/kotlin/borg/trikeshed/ljson/Lz4FileAttention.kt:64:16 Syntax error: Expecting member declaration.
e: file:///Users/jim/work/v2superbikeshed/Trikeshed/src/commonMain/kotlin/borg/trikeshed/ljson/Lz4FileAttention.kt:64:23 Syntax error: Expecting member declaration.
e: file:///Users/jim/work/v2superbikeshed/Trikeshed/src/commonMain/kotlin/borg/trikeshed/ljson/Lz4FileAttention.kt:64:24 Syntax error: Expecting member declaration.
e: file:///Users/jim/work/v2superbikeshed/Trikeshed/src/commonMain/kotlin/borg/trikeshed/ljson/Lz4FileAttention.kt:64:33 Syntax error: Expecting member declaration.
e: file:///Users/jim/work/v2superbikeshed/Trikeshed/src/commonMain/kotlin/borg/trikeshed/ljson/Lz4FileAttention.kt:64:34 Syntax error: Expecting member declaration.
e: file:///Users/jim/work/v2superbikeshed/Trikeshed/src/commonMain/kotlin/borg/trikeshed/ljson/Lz4FileAttention.kt:76:55 Unresolved reference 'Lz4FrameIndexEntry'.
e: file:///Users/jim/work/v2superbikeshed/Trikeshed/src/commonMain/kotlin/borg/trikeshed/ljson/Lz4FileAttention.kt:80:36 Unresolved reference 'play'.
e: file:///Users/jim/work/v2superbikeshed/Trikeshed/src/commonMain/kotlin/borg/trikeshed/ljson/Lz4FileAttention.kt:80:50 Cannot infer type for this parameter. Specify it explicitly.
e: file:///Users/jim/work/v2superbikeshed/Trikeshed/src/commonMain/kotlin/borg/trikeshed/ljson/Lz4FileAttention.kt:81:20 Unresolved reference 'uncompressedOffset'.
e: file:///Users/jim/work/v2superbikeshed/Trikeshed/src/commonMain/kotlin/borg/trikeshed/ljson/Lz4FileAttention.kt:81:62 Unresolved reference 'uncompressedOffset'.
e: file:///Users/jim/work/v2superbikeshed/Trikeshed/src/commonMain/kotlin/borg/trikeshed/ljson/Lz4FileAttention.kt:81:89 Unresolved reference 'uncompressedSize'.
e: file:///Users/jim/work/v2superbikeshed/Trikeshed/src/commonMain/kotlin/borg/trikeshed/ljson/Lz4FileAttention.kt:81:106 'operator' modifier is required on 'FirNamedFunctionSymbol kotlin/compareTo' in 'compareTo'.
e: file:///Users/jim/work/v2superbikeshed/Trikeshed/src/commonMain/kotlin/borg/trikeshed/ljson/Lz4FileAttention.kt:86:34 Unresolved reference 'httpClient'.
e: file:///Users/jim/work/v2superbikeshed/Trikeshed/src/commonMain/kotlin/borg/trikeshed/ljson/Lz4FileAttention.kt:86:67 Unresolved reference 'compressedOffset'.
e: file:///Users/jim/work/v2superbikeshed/Trikeshed/src/commonMain/kotlin/borg/trikeshed/ljson/Lz4FileAttention.kt:86:91 Unresolved reference 'compressedOffset'.
e: file:///Users/jim/work/v2superbikeshed/Trikeshed/src/commonMain/kotlin/borg/trikeshed/ljson/Lz4FileAttention.kt:86:116 Unresolved reference 'compressedSize'.
e: file:///Users/jim/work/v2superbikeshed/Trikeshed/src/commonMain/kotlin/borg/trikeshed/ljson/Lz4FileAttention.kt:90:63 Unresolved reference 'uncompressedOffset'.
e: file:///Users/jim/work/v2superbikeshed/Trikeshed/src/commonMain/kotlin/borg/trikeshed/ljson/Lz4FileAttention.kt:91:43 Unresolved reference 'uncompressedSize'.
e: file:///Users/jim/work/v2superbikeshed/Trikeshed/src/commonMain/kotlin/borg/trikeshed/ljson/Lz4FileAttention.kt:91:79 Unresolved reference 'uncompressedOffset'.
e: file:///Users/jim/work/v2superbikeshed/Trikeshed/src/commonMain/kotlin/borg/trikeshed/ljson/Lz4FileAttention.kt:94:29 'operator' modifier is required on 'FirNamedFunctionSymbol kotlin/compareTo' in 'compareTo'.
e: file:///Users/jim/work/v2superbikeshed/Trikeshed/src/commonMain/kotlin/borg/trikeshed/ljson/Lz4FileAttention.kt:95:39 None of the following candidates is applicable:
fun <T> Array<out T>.drop(n: Int): List<T>
fun ByteArray.drop(n: Int): List<Byte>
fun ShortArray.drop(n: Int): List<Short>
fun IntArray.drop(n: Int): List<Int>
fun LongArray.drop(n: Int): List<Long>
fun FloatArray.drop(n: Int): List<Float>
fun DoubleArray.drop(n: Int): List<Double>
fun BooleanArray.drop(n: Int): List<Boolean>
fun CharArray.drop(n: Int): List<Char>
fun <T> Iterable<T>.drop(n: Int): List<T>
fun UIntArray.drop(n: Int): List<UInt>
fun ULongArray.drop(n: Int): List<ULong>
fun UByteArray.drop(n: Int): List<UByte>
fun UShortArray.drop(n: Int): List<UShort>
fun <T> Sequence<T>.drop(n: Int): Sequence<T>
fun CharSequence.drop(n: Int): CharSequence
fun String.drop(n: Int): String
e: file:///Users/jim/work/v2superbikeshed/Trikeshed/src/commonMain/kotlin/borg/trikeshed/ljson/Lz4FileAttention.kt:99:1 Syntax error: Expecting a top level declaration.
e: file:///Users/jim/work/v2superbikeshed/Trikeshed/src/commonMain/kotlin/borg/trikeshed/ljson/PosixLineReader.kt:71:17 None of the following candidates is applicable:
fun <T> Join<Int, Function1<Int, Join<Any?, TypeMemento>>>.get(column: Column<T>): T?
fun <T : Any> JsReference<T>.get(): T
e: file:///Users/jim/work/v2superbikeshed/Trikeshed/src/commonMain/kotlin/borg/trikeshed/ljson/PosixLineReader.kt:76:43 Cannot infer type for this parameter. Specify it explicitly.
e: file:///Users/jim/work/v2superbikeshed/Trikeshed/src/commonMain/kotlin/borg/trikeshed/ljson/PosixLineReader.kt:76:57 None of the following candidates is applicable:
fun <T> Join<Int, Function1<Int, Join<Any?, TypeMemento>>>.get(column: Column<T>): T?
fun <T : Any> JsReference<T>.get(): T
e: file:///Users/jim/work/v2superbikeshed/Trikeshed/src/commonMain/kotlin/borg/trikeshed/ljson/PosixLineReader.kt:87:35 Cannot infer type for this parameter. Specify it explicitly.
e: file:///Users/jim/work/v2superbikeshed/Trikeshed/src/commonMain/kotlin/borg/trikeshed/ljson/PosixLineReader.kt:87:49 None of the following candidates is applicable:
fun <T> Join<Int, Function1<Int, Join<Any?, TypeMemento>>>.get(column: Column<T>): T?
fun <T : Any> JsReference<T>.get(): T
e: file:///Users/jim/work/v2superbikeshed/Trikeshed/src/commonMain/kotlin/borg/trikeshed/ljson/RemoteFileAttention.kt:3:27 Conflicting import: imported name 'Indexed' is ambiguous.
e: file:///Users/jim/work/v2superbikeshed/Trikeshed/src/commonMain/kotlin/borg/trikeshed/ljson/RemoteFileAttention.kt:4:27 Conflicting import: imported name 'Indexed' is ambiguous.
e: file:///Users/jim/work/v2superbikeshed/Trikeshed/src/commonMain/kotlin/borg/trikeshed/ljson/RemoteFileAttention.kt:34:52 Overload resolution ambiguity between candidates:
fun ByteArray.toIndexed(): Join<Int, Function1<Int, Byte>>
fun <T> Any.toIndexed(): Join<Int, Function1<Int, T>>
fun ByteArray.toIndexed(): Join<Int, Function1<Int, Byte>>
e: file:///Users/jim/work/v2superbikeshed/Trikeshed/src/commonMain/kotlin/borg/trikeshed/ljson/RemoteFileAttention.kt:39:41 Overload resolution ambiguity between candidates:
fun ByteArray.toIndexed(): Join<Int, Function1<Int, Byte>>
fun <T> Any.toIndexed(): Join<Int, Function1<Int, T>>
fun ByteArray.toIndexed(): Join<Int, Function1<Int, Byte>>
e: file:///Users/jim/work/v2superbikeshed/Trikeshed/src/commonMain/kotlin/borg/trikeshed/ljson/RemoteFileAttention.kt:41:16 Unresolved reference 'flow'.
e: file:///Users/jim/work/v2superbikeshed/Trikeshed/src/commonMain/kotlin/borg/trikeshed/ljson/RemoteFileAttention.kt:47:36 None of the following candidates is applicable:
fun Array<out Double>.min(): Double
fun Array<out Float>.min(): Float
fun <T : Comparable<T>> Array<out T>.min(): T
fun ByteArray.min(): Byte
fun ShortArray.min(): Short
fun IntArray.min(): Int
fun LongArray.min(): Long
fun FloatArray.min(): Float
fun DoubleArray.min(): Double
fun CharArray.min(): Char
fun Iterable<Double>.min(): Double
fun Iterable<Float>.min(): Float
fun <T : Comparable<T>> Iterable<T>.min(): T
fun UIntArray.min(): UInt
fun ULongArray.min(): ULong
fun UByteArray.min(): UByte
fun UShortArray.min(): UShort
fun Sequence<Double>.min(): Double
fun Sequence<Float>.min(): Float
fun <T : Comparable<T>> Sequence<T>.min(): T
fun CharSequence.min(): Char
e: file:///Users/jim/work/v2superbikeshed/Trikeshed/src/commonMain/kotlin/borg/trikeshed/ljson/RemoteFileAttention.kt:48:40 Suspension functions can only be called within coroutine body.
e: file:///Users/jim/work/v2superbikeshed/Trikeshed/src/commonMain/kotlin/borg/trikeshed/ljson/RemoteFileAttention.kt:59:73 Overload resolution ambiguity between candidates:
fun ByteArray.toIndexed(): Join<Int, Function1<Int, Byte>>
fun <T> Any.toIndexed(): Join<Int, Function1<Int, T>>
fun ByteArray.toIndexed(): Join<Int, Function1<Int, Byte>>
e: file:///Users/jim/work/v2superbikeshed/Trikeshed/src/commonMain/kotlin/borg/trikeshed/ljson/RemoteFileAttention.kt:67:21 Unresolved reference 'emit'.
e: file:///Users/jim/work/v2superbikeshed/Trikeshed/src/commonMain/kotlin/borg/trikeshed/ljson/RemoteFileAttention.kt:84:66 Overload resolution ambiguity between candidates:
fun ByteArray.toIndexed(): Join<Int, Function1<Int, Byte>>
fun <T> Any.toIndexed(): Join<Int, Function1<Int, T>>
fun ByteArray.toIndexed(): Join<Int, Function1<Int, Byte>>
e: file:///Users/jim/work/v2superbikeshed/Trikeshed/src/commonMain/kotlin/borg/trikeshed/ljson/RemoteFileAttention.kt:89:16 Unresolved reference 'Zlib'.
e: file:///Users/jim/work/v2superbikeshed/Trikeshed/src/commonMain/kotlin/borg/trikeshed/ljson/RemoteFileAttention.kt:89:47 Overload resolution ambiguity between candidates:
fun ByteArray.toIndexed(): Join<Int, Function1<Int, Byte>>
fun <T> Any.toIndexed(): Join<Int, Function1<Int, T>>
fun ByteArray.toIndexed(): Join<Int, Function1<Int, Byte>>
e: file:///Users/jim/work/v2superbikeshed/Trikeshed/src/commonMain/kotlin/borg/trikeshed/ljson/RemoteFileAttention.kt:105:26 Unresolved reference 'size'.
e: file:///Users/jim/work/v2superbikeshed/Trikeshed/src/commonMain/kotlin/borg/trikeshed/ljson/RemoteFileAttention.kt:106:17 Unresolved reference. None of the following candidates is applicable because of a receiver type mismatch:
fun MatchGroupCollection.get(name: String): MatchGroup?
e: file:///Users/jim/work/v2superbikeshed/Trikeshed/src/commonMain/kotlin/borg/trikeshed/ljson/RemoteFileAttention.kt:106:17 Operator '==' cannot be applied to 'MatchGroup?' and 'Byte'.
e: file:///Users/jim/work/v2superbikeshed/Trikeshed/src/commonMain/kotlin/borg/trikeshed/ljson/RemoteFileAttention.kt:106:47 Unresolved reference. None of the following candidates is applicable because of a receiver type mismatch:
fun MatchGroupCollection.get(name: String): MatchGroup?
e: file:///Users/jim/work/v2superbikeshed/Trikeshed/src/commonMain/kotlin/borg/trikeshed/ljson/RemoteFileAttention.kt:106:47 Operator '==' cannot be applied to 'MatchGroup?' and 'Byte'.
e: file:///Users/jim/work/v2superbikeshed/Trikeshed/src/commonMain/kotlin/borg/trikeshed/ljson/RemoteFileAttention.kt:106:81 Unresolved reference. None of the following candidates is applicable because of a receiver type mismatch:
fun MatchGroupCollection.get(name: String): MatchGroup?
e: file:///Users/jim/work/v2superbikeshed/Trikeshed/src/commonMain/kotlin/borg/trikeshed/ljson/RemoteFileAttention.kt:106:81 Operator '==' cannot be applied to 'MatchGroup?' and 'Byte'.
e: file:///Users/jim/work/v2superbikeshed/Trikeshed/src/commonMain/kotlin/borg/trikeshed/ljson/RemoteFileAttention.kt:106:115 Unresolved reference. None of the following candidates is applicable because of a receiver type mismatch:
fun MatchGroupCollection.get(name: String): MatchGroup?
e: file:///Users/jim/work/v2superbikeshed/Trikeshed/src/commonMain/kotlin/borg/trikeshed/ljson/RemoteFileAttention.kt:106:115 Operator '==' cannot be applied to 'MatchGroup?' and 'Byte'.
e: file:///Users/jim/work/v2superbikeshed/Trikeshed/src/commonMain/kotlin/borg/trikeshed/ljson/RemoteFileAttention.kt:128:39 Unresolved reference 'size'.
e: file:///Users/jim/work/v2superbikeshed/Trikeshed/src/commonMain/kotlin/borg/trikeshed/ljson/RemoteFileAttention.kt:129:66 None of the following candidates is applicable:
fun <T> Array<out T>.drop(n: Int): List<T>
fun ByteArray.drop(n: Int): List<Byte>
fun ShortArray.drop(n: Int): List<Short>
fun IntArray.drop(n: Int): List<Int>
fun LongArray.drop(n: Int): List<Long>
fun FloatArray.drop(n: Int): List<Float>
fun DoubleArray.drop(n: Int): List<Double>
fun BooleanArray.drop(n: Int): List<Boolean>
fun CharArray.drop(n: Int): List<Char>
fun <T> Iterable<T>.drop(n: Int): List<T>
fun UIntArray.drop(n: Int): List<UInt>
fun ULongArray.drop(n: Int): List<ULong>
fun UByteArray.drop(n: Int): List<UByte>
fun UShortArray.drop(n: Int): List<UShort>
fun <T> Sequence<T>.drop(n: Int): Sequence<T>
fun CharSequence.drop(n: Int): CharSequence
fun String.drop(n: Int): String
e: file:///Users/jim/work/v2superbikeshed/Trikeshed/src/commonMain/kotlin/borg/trikeshed/ljson/RemoteFileAttention.kt:143:32 Argument type mismatch: actual type is 'MatchGroup?', but 'Byte' was expected.
e: file:///Users/jim/work/v2superbikeshed/Trikeshed/src/commonMain/kotlin/borg/trikeshed/ljson/RemoteFileAttention.kt:143:32 Unresolved reference. None of the following candidates is applicable because of a receiver type mismatch:
fun MatchGroupCollection.get(name: String): MatchGroup?
e: file:///Users/jim/work/v2superbikeshed/Trikeshed/src/commonMain/kotlin/borg/trikeshed/ljson/RemoteFileAttention.kt:171:18 Unresolved reference. None of the following candidates is applicable because of a receiver type mismatch:
fun MatchGroupCollection.get(name: String): MatchGroup?
e: file:///Users/jim/work/v2superbikeshed/Trikeshed/src/commonMain/kotlin/borg/trikeshed/ljson/RemoteFileAttention.kt:171:35 Cannot access 'fun Iterable<RegexOption>.toInt(): Int': it is private in file.
e: file:///Users/jim/work/v2superbikeshed/Trikeshed/src/commonMain/kotlin/borg/trikeshed/ljson/RemoteFileAttention.kt:171:63 Unresolved reference. None of the following candidates is applicable because of a receiver type mismatch:
fun MatchGroupCollection.get(name: String): MatchGroup?
e: file:///Users/jim/work/v2superbikeshed/Trikeshed/src/commonMain/kotlin/borg/trikeshed/ljson/RemoteFileAttention.kt:171:76 Cannot access 'fun Iterable<RegexOption>.toInt(): Int': it is private in file.
e: file:///Users/jim/work/v2superbikeshed/Trikeshed/src/commonMain/kotlin/borg/trikeshed/ljson/RemoteFileAttention.kt:175:18 Unresolved reference. None of the following candidates is applicable because of a receiver type mismatch:
fun MatchGroupCollection.get(name: String): MatchGroup?
e: file:///Users/jim/work/v2superbikeshed/Trikeshed/src/commonMain/kotlin/borg/trikeshed/ljson/RemoteFileAttention.kt:175:35 Cannot access 'fun Iterable<RegexOption>.toInt(): Int': it is private in file.
e: file:///Users/jim/work/v2superbikeshed/Trikeshed/src/commonMain/kotlin/borg/trikeshed/ljson/RemoteFileAttention.kt:176:19 Unresolved reference. None of the following candidates is applicable because of a receiver type mismatch:
fun MatchGroupCollection.get(name: String): MatchGroup?
e: file:///Users/jim/work/v2superbikeshed/Trikeshed/src/commonMain/kotlin/borg/trikeshed/ljson/RemoteFileAttention.kt:176:36 Cannot access 'fun Iterable<RegexOption>.toInt(): Int': it is private in file.
e: file:///Users/jim/work/v2superbikeshed/Trikeshed/src/commonMain/kotlin/borg/trikeshed/ljson/RemoteFileAttention.kt:177:19 Unresolved reference. None of the following candidates is applicable because of a receiver type mismatch:
fun MatchGroupCollection.get(name: String): MatchGroup?
e: file:///Users/jim/work/v2superbikeshed/Trikeshed/src/commonMain/kotlin/borg/trikeshed/ljson/RemoteFileAttention.kt:177:36 Cannot access 'fun Iterable<RegexOption>.toInt(): Int': it is private in file.
e: file:///Users/jim/work/v2superbikeshed/Trikeshed/src/commonMain/kotlin/borg/trikeshed/ljson/RemoteFileAttention.kt:178:18 Unresolved reference. None of the following candidates is applicable because of a receiver type mismatch:
fun MatchGroupCollection.get(name: String): MatchGroup?
e: file:///Users/jim/work/v2superbikeshed/Trikeshed/src/commonMain/kotlin/borg/trikeshed/ljson/RemoteFileAttention.kt:178:31 Cannot access 'fun Iterable<RegexOption>.toInt(): Int': it is private in file.
e: file:///Users/jim/work/v2superbikeshed/Trikeshed/src/commonMain/kotlin/borg/trikeshed/ljson/SpanshGalaxyMapReader.kt:364:25 None of the following candidates is applicable:
fun <T> Join<Int, Function1<Int, Join<Any?, TypeMemento>>>.get(column: Column<T>): T?
fun <T : Any> JsReference<T>.get(): T
e: file:///Users/jim/work/v2superbikeshed/Trikeshed/src/commonMain/kotlin/borg/trikeshed/ljson/ZstdFileAttention.kt:3:27 Conflicting import: imported name 'Indexed' is ambiguous.
e: file:///Users/jim/work/v2superbikeshed/Trikeshed/src/commonMain/kotlin/borg/trikeshed/ljson/ZstdFileAttention.kt:4:27 Conflicting import: imported name 'Indexed' is ambiguous.
e: file:///Users/jim/work/v2superbikeshed/Trikeshed/src/commonMain/kotlin/borg/trikeshed/ljson/ZstdFileAttention.kt:44:45 Overload resolution ambiguity between candidates:
fun ByteArray.toIndexed(): Join<Int, Function1<Int, Byte>>
fun <T> Any.toIndexed(): Join<Int, Function1<Int, T>>
fun ByteArray.toIndexed(): Join<Int, Function1<Int, Byte>>
e: file:///Users/jim/work/v2superbikeshed/Trikeshed/src/commonMain/kotlin/borg/trikeshed/ljson/ZstdFileAttention.kt:82:36 Unresolved reference 'play'.
e: file:///Users/jim/work/v2superbikeshed/Trikeshed/src/commonMain/kotlin/borg/trikeshed/ljson/ZstdFileAttention.kt:82:50 Cannot infer type for this parameter. Specify it explicitly.
e: file:///Users/jim/work/v2superbikeshed/Trikeshed/src/commonMain/kotlin/borg/trikeshed/ljson/ZstdFileAttention.kt:83:20 Unresolved reference 'uncompressedOffset'.
e: file:///Users/jim/work/v2superbikeshed/Trikeshed/src/commonMain/kotlin/borg/trikeshed/ljson/ZstdFileAttention.kt:83:62 Unresolved reference 'uncompressedOffset'.
e: file:///Users/jim/work/v2superbikeshed/Trikeshed/src/commonMain/kotlin/borg/trikeshed/ljson/ZstdFileAttention.kt:83:89 Unresolved reference 'uncompressedSize'.
e: file:///Users/jim/work/v2superbikeshed/Trikeshed/src/commonMain/kotlin/borg/trikeshed/ljson/ZstdFileAttention.kt:83:106 'operator' modifier is required on 'FirNamedFunctionSymbol kotlin/compareTo' in 'compareTo'.
e: file:///Users/jim/work/v2superbikeshed/Trikeshed/src/commonMain/kotlin/borg/trikeshed/ljson/ZstdFileAttention.kt:87:67 Unresolved reference 'compressedOffset'.
e: file:///Users/jim/work/v2superbikeshed/Trikeshed/src/commonMain/kotlin/borg/trikeshed/ljson/ZstdFileAttention.kt:87:91 Unresolved reference 'compressedOffset'.
e: file:///Users/jim/work/v2superbikeshed/Trikeshed/src/commonMain/kotlin/borg/trikeshed/ljson/ZstdFileAttention.kt:87:116 Unresolved reference 'compressedSize'.
e: file:///Users/jim/work/v2superbikeshed/Trikeshed/src/commonMain/kotlin/borg/trikeshed/ljson/ZstdFileAttention.kt:88:67 Overload resolution ambiguity between candidates:
fun ByteArray.toIndexed(): Join<Int, Function1<Int, Byte>>
fun <T> Any.toIndexed(): Join<Int, Function1<Int, T>>
fun ByteArray.toIndexed(): Join<Int, Function1<Int, Byte>>
e: file:///Users/jim/work/v2superbikeshed/Trikeshed/src/commonMain/kotlin/borg/trikeshed/ljson/ZstdFileAttention.kt:91:63 Unresolved reference 'uncompressedOffset'.
e: file:///Users/jim/work/v2superbikeshed/Trikeshed/src/commonMain/kotlin/borg/trikeshed/ljson/ZstdFileAttention.kt:92:43 Unresolved reference 'uncompressedSize'.
e: file:///Users/jim/work/v2superbikeshed/Trikeshed/src/commonMain/kotlin/borg/trikeshed/ljson/ZstdFileAttention.kt:92:79 Unresolved reference 'uncompressedOffset'.
e: file:///Users/jim/work/v2superbikeshed/Trikeshed/src/commonMain/kotlin/borg/trikeshed/ljson/ZstdFileAttention.kt:95:29 'operator' modifier is required on 'FirNamedFunctionSymbol kotlin/compareTo' in 'compareTo'.
e: file:///Users/jim/work/v2superbikeshed/Trikeshed/src/commonMain/kotlin/borg/trikeshed/ljson/ZstdFileAttention.kt:96:39 None of the following candidates is applicable:
fun <T> Array<out T>.drop(n: Int): List<T>
fun ByteArray.drop(n: Int): List<Byte>
fun ShortArray.drop(n: Int): List<Short>
fun IntArray.drop(n: Int): List<Int>
fun LongArray.drop(n: Int): List<Long>
fun FloatArray.drop(n: Int): List<Float>
fun DoubleArray.drop(n: Int): List<Double>
fun BooleanArray.drop(n: Int): List<Boolean>
fun CharArray.drop(n: Int): List<Char>
fun <T> Iterable<T>.drop(n: Int): List<T>
fun UIntArray.drop(n: Int): List<UInt>
fun ULongArray.drop(n: Int): List<ULong>
fun UByteArray.drop(n: Int): List<UByte>
fun UShortArray.drop(n: Int): List<UShort>
fun <T> Sequence<T>.drop(n: Int): Sequence<T>
fun CharSequence.drop(n: Int): CharSequence
fun String.drop(n: Int): String
e: file:///Users/jim/work/v2superbikeshed/Trikeshed/src/commonMain/kotlin/borg/trikeshed/net/C10KServer.kt:172:66 Unresolved reference 'System'.
e: file:///Users/jim/work/v2superbikeshed/Trikeshed/src/commonMain/kotlin/borg/trikeshed/net/C10KServer.kt:204:59 Unresolved reference 'System'.
e: file:///Users/jim/work/v2superbikeshed/Trikeshed/src/commonMain/kotlin/borg/trikeshed/net/C10KServer.kt:267:16 None of the following candidates is applicable:
val CoroutineScope.isActive: Boolean
val CoroutineContext.isActive: Boolean
e: file:///Users/jim/work/v2superbikeshed/Trikeshed/src/commonMain/kotlin/borg/trikeshed/net/C10KServer.kt:279:16 None of the following candidates is applicable:
val CoroutineScope.isActive: Boolean
val CoroutineContext.isActive: Boolean
e: file:///Users/jim/work/v2superbikeshed/Trikeshed/src/commonMain/kotlin/borg/trikeshed/net/C10KServer.kt:292:77 Unresolved reference 'System'.
e: file:///Users/jim/work/v2superbikeshed/Trikeshed/src/commonMain/kotlin/borg/trikeshed/net/C10KServer.kt:303:16 None of the following candidates is applicable:
val CoroutineScope.isActive: Boolean
val CoroutineContext.isActive: Boolean
e: file:///Users/jim/work/v2superbikeshed/Trikeshed/src/commonMain/kotlin/borg/trikeshed/net/C10KServer.kt:391:30 Unresolved reference 'System'.
e: file:///Users/jim/work/v2superbikeshed/Trikeshed/src/commonMain/kotlin/borg/trikeshed/net/C10KServer.kt:391:69 Unresolved reference. None of the following candidates is applicable because of a receiver type mismatch:
fun String.compareTo(other: String, ignoreCase: Boolean = ...): Int
e: file:///Users/jim/work/v2superbikeshed/Trikeshed/src/commonMain/kotlin/borg/trikeshed/net/http/Http.kt:144:69 None of the following candidates is applicable:
fun ByteArray.toIdx(): Join<Int, Function1<Int, Byte>>
fun IntArray.toIdx(): Join<Int, Function1<Int, Int>>
e: file:///Users/jim/work/v2superbikeshed/Trikeshed/src/commonMain/kotlin/borg/trikeshed/net/http/Http.kt:146:9 Conflicting overloads:
suspend fun HttpRequest.send(): HttpResponse
e: file:///Users/jim/work/v2superbikeshed/Trikeshed/src/commonMain/kotlin/borg/trikeshed/net/http/Http2Protocol.kt:105:33 None of the following candidates is applicable:
fun <T> Join<Int, Function1<Int, Join<Any?, TypeMemento>>>.get(column: Column<T>): T?
fun <T : Any> JsReference<T>.get(): T
e: file:///Users/jim/work/v2superbikeshed/Trikeshed/src/commonMain/kotlin/borg/trikeshed/net/http/Http2Protocol.kt:343:39 Cannot infer type for this parameter. Specify it explicitly.
e: file:///Users/jim/work/v2superbikeshed/Trikeshed/src/commonMain/kotlin/borg/trikeshed/net/http/Http2Protocol.kt:343:53 None of the following candidates is applicable:
fun <T> Join<Int, Function1<Int, Join<Any?, TypeMemento>>>.get(column: Column<T>): T?
fun <T : Any> JsReference<T>.get(): T
e: file:///Users/jim/work/v2superbikeshed/Trikeshed/src/commonMain/kotlin/borg/trikeshed/net/http/Http2Protocol.kt:396:29 None of the following candidates is applicable:
fun <T> Join<Int, Function1<Int, Join<Any?, TypeMemento>>>.get(column: Column<T>): T?
fun <T : Any> JsReference<T>.get(): T
e: file:///Users/jim/work/v2superbikeshed/Trikeshed/src/commonMain/kotlin/borg/trikeshed/net/http/Http2Protocol.kt:454:26 None of the following candidates is applicable:
fun <T> Join<Int, Function1<Int, Join<Any?, TypeMemento>>>.get(column: Column<T>): T?
fun <T : Any> JsReference<T>.get(): T
e: file:///Users/jim/work/v2superbikeshed/Trikeshed/src/commonMain/kotlin/borg/trikeshed/net/http/Http2Protocol.kt:455:31 Unresolved reference 'a'.
e: file:///Users/jim/work/v2superbikeshed/Trikeshed/src/commonMain/kotlin/borg/trikeshed/net/http/Http2Protocol.kt:456:32 Unresolved reference 'b'.
e: file:///Users/jim/work/v2superbikeshed/Trikeshed/src/commonMain/kotlin/borg/trikeshed/net/http/Http2Protocol.kt:532:24 None of the following candidates is applicable:
fun <T> Join<Int, Function1<Int, Join<Any?, TypeMemento>>>.get(column: Column<T>): T?
fun <T : Any> JsReference<T>.get(): T
e: file:///Users/jim/work/v2superbikeshed/Trikeshed/src/commonMain/kotlin/borg/trikeshed/net/http/Http2Protocol.kt:536:31 Unresolved reference 'and'.
e: file:///Users/jim/work/v2superbikeshed/Trikeshed/src/commonMain/kotlin/borg/trikeshed/net/http/Http2Protocol.kt:550:31 Unresolved reference 'and'.
e: file:///Users/jim/work/v2superbikeshed/Trikeshed/src/commonMain/kotlin/borg/trikeshed/net/http/Http2Protocol.kt:559:40 None of the following candidates is applicable:
fun <T> Join<Int, Function1<Int, Join<Any?, TypeMemento>>>.get(column: Column<T>): T?
fun <T : Any> JsReference<T>.get(): T
e: file:///Users/jim/work/v2superbikeshed/Trikeshed/src/commonMain/kotlin/borg/trikeshed/net/http/Http2Protocol.kt:571:41 None of the following candidates is applicable:
fun <T> Join<Int, Function1<Int, Join<Any?, TypeMemento>>>.get(column: Column<T>): T?
fun <T : Any> JsReference<T>.get(): T
e: file:///Users/jim/work/v2superbikeshed/Trikeshed/src/commonMain/kotlin/borg/trikeshed/net/http/Http2Protocol.kt:590:25 None of the following candidates is applicable:
fun <T> Join<Int, Function1<Int, Join<Any?, TypeMemento>>>.get(column: Column<T>): T?
fun <T : Any> JsReference<T>.get(): T
e: file:///Users/jim/work/v2superbikeshed/Trikeshed/src/commonMain/kotlin/borg/trikeshed/net/http/Http2Protocol.kt:590:50 Unresolved reference 'and'.
e: file:///Users/jim/work/v2superbikeshed/Trikeshed/src/commonMain/kotlin/borg/trikeshed/net/http/Http2Protocol.kt:593:30 Cannot infer type for this parameter. Specify it explicitly.
e: file:///Users/jim/work/v2superbikeshed/Trikeshed/src/commonMain/kotlin/borg/trikeshed/net/http/Http2Protocol.kt:601:24 None of the following candidates is applicable:
fun <T> Join<Int, Function1<Int, Join<Any?, TypeMemento>>>.get(column: Column<T>): T?
fun <T : Any> JsReference<T>.get(): T
e: file:///Users/jim/work/v2superbikeshed/Trikeshed/src/commonMain/kotlin/borg/trikeshed/net/http/Http2Protocol.kt:601:44 Unresolved reference 'and'.
e: file:///Users/jim/work/v2superbikeshed/Trikeshed/src/commonMain/kotlin/borg/trikeshed/net/http/Http2Protocol.kt:602:19 None of the following candidates is applicable:
fun <K, V> MutableMap<in K, in V>.plusAssign(pair: Pair<K, V>): Unit
fun <K, V> MutableMap<in K, in V>.plusAssign(pairs: Iterable<Pair<K, V>>): Unit
fun <K, V> MutableMap<in K, in V>.plusAssign(pairs: Array<out Pair<K, V>>): Unit
fun <K, V> MutableMap<in K, in V>.plusAssign(pairs: Sequence<Pair<K, V>>): Unit
fun <K, V> MutableMap<in K, in V>.plusAssign(map: Map<K, V>): Unit
fun <T> MutableCollection<in T>.plusAssign(element: T): Unit
fun <T> MutableCollection<in T>.plusAssign(elements: Iterable<T>): Unit
fun <T> MutableCollection<in T>.plusAssign(elements: Array<T>): Unit
fun <T> MutableCollection<in T>.plusAssign(elements: Sequence<T>): Unit
e: file:///Users/jim/work/v2superbikeshed/Trikeshed/src/commonMain/kotlin/borg/trikeshed/net/http/Http3Protocol.kt:103:25 None of the following candidates is applicable:
fun <T> Join<Int, Function1<Int, Join<Any?, TypeMemento>>>.get(column: Column<T>): T?
fun <T : Any> JsReference<T>.get(): T
e: file:///Users/jim/work/v2superbikeshed/Trikeshed/src/commonMain/kotlin/borg/trikeshed/net/http/Http3Protocol.kt:126:49 Cannot infer type for this parameter. Specify it explicitly.
e: file:///Users/jim/work/v2superbikeshed/Trikeshed/src/commonMain/kotlin/borg/trikeshed/net/http/Http3Protocol.kt:126:63 None of the following candidates is applicable:
fun <T> Join<Int, Function1<Int, Join<Any?, TypeMemento>>>.get(column: Column<T>): T?
fun <T : Any> JsReference<T>.get(): T
e: file:///Users/jim/work/v2superbikeshed/Trikeshed/src/commonMain/kotlin/borg/trikeshed/net/http/Http3Protocol.kt:206:25 None of the following candidates is applicable:
fun <T> Join<Int, Function1<Int, Join<Any?, TypeMemento>>>.get(column: Column<T>): T?
fun <T : Any> JsReference<T>.get(): T
e: file:///Users/jim/work/v2superbikeshed/Trikeshed/src/commonMain/kotlin/borg/trikeshed/net/http/Http3Protocol.kt:324:39 None of the following candidates is applicable:
fun <T> Join<Int, Function1<Int, Join<Any?, TypeMemento>>>.get(column: Column<T>): T?
fun <T : Any> JsReference<T>.get(): T
e: file:///Users/jim/work/v2superbikeshed/Trikeshed/src/commonMain/kotlin/borg/trikeshed/net/http/Http3Protocol.kt:349:26 None of the following candidates is applicable:
fun <T> Join<Int, Function1<Int, Join<Any?, TypeMemento>>>.get(column: Column<T>): T?
fun <T : Any> JsReference<T>.get(): T
e: file:///Users/jim/work/v2superbikeshed/Trikeshed/src/commonMain/kotlin/borg/trikeshed/net/http/Http3Protocol.kt:350:26 Unresolved reference 'a'.
e: file:///Users/jim/work/v2superbikeshed/Trikeshed/src/commonMain/kotlin/borg/trikeshed/net/http/Http3Protocol.kt:351:65 Unresolved reference 'b'.
e: file:///Users/jim/work/v2superbikeshed/Trikeshed/src/commonMain/kotlin/borg/trikeshed/net/http/Http3Protocol.kt:352:58 Unresolved reference 'b'.
e: file:///Users/jim/work/v2superbikeshed/Trikeshed/src/commonMain/kotlin/borg/trikeshed/net/http/Http3Protocol.kt:561:26 None of the following candidates is applicable:
fun <T> Join<Int, Function1<Int, Join<Any?, TypeMemento>>>.get(column: Column<T>): T?
fun <T : Any> JsReference<T>.get(): T
e: file:///Users/jim/work/v2superbikeshed/Trikeshed/src/commonMain/kotlin/borg/trikeshed/net/http/Http3Protocol.kt:562:31 Unresolved reference 'a'.
e: file:///Users/jim/work/v2superbikeshed/Trikeshed/src/commonMain/kotlin/borg/trikeshed/net/http/Http3Protocol.kt:563:32 Unresolved reference 'b'.
e: file:///Users/jim/work/v2superbikeshed/Trikeshed/src/commonMain/kotlin/borg/trikeshed/net/http/Http3Protocol.kt:634:24 None of the following candidates is applicable:
fun <T> Join<Int, Function1<Int, Join<Any?, TypeMemento>>>.get(column: Column<T>): T?
fun <T : Any> JsReference<T>.get(): T
e: file:///Users/jim/work/v2superbikeshed/Trikeshed/src/commonMain/kotlin/borg/trikeshed/net/http/Http3Protocol.kt:638:31 Unresolved reference 'and'.
e: file:///Users/jim/work/v2superbikeshed/Trikeshed/src/commonMain/kotlin/borg/trikeshed/net/http/Http3Protocol.kt:639:46 Unresolved reference 'and'.
e: file:///Users/jim/work/v2superbikeshed/Trikeshed/src/commonMain/kotlin/borg/trikeshed/net/http/Http3Protocol.kt:652:31 Unresolved reference 'and'.
e: file:///Users/jim/work/v2superbikeshed/Trikeshed/src/commonMain/kotlin/borg/trikeshed/net/http/Http3Protocol.kt:653:50 Unresolved reference 'and'.
e: file:///Users/jim/work/v2superbikeshed/Trikeshed/src/commonMain/kotlin/borg/trikeshed/net/http/Http3Protocol.kt:668:31 Unresolved reference 'and'.
e: file:///Users/jim/work/v2superbikeshed/Trikeshed/src/commonMain/kotlin/borg/trikeshed/net/http/Http3Protocol.kt:697:25 None of the following candidates is applicable:
fun <T> Join<Int, Function1<Int, Join<Any?, TypeMemento>>>.get(column: Column<T>): T?
fun <T : Any> JsReference<T>.get(): T
e: file:///Users/jim/work/v2superbikeshed/Trikeshed/src/commonMain/kotlin/borg/trikeshed/net/http/Http3Protocol.kt:700:42 Unresolved reference 'and'.
e: file:///Users/jim/work/v2superbikeshed/Trikeshed/src/commonMain/kotlin/borg/trikeshed/net/http/Http3Protocol.kt:713:30 None of the following candidates is applicable:
fun <T> Join<Int, Function1<Int, Join<Any?, TypeMemento>>>.get(column: Column<T>): T?
fun <T : Any> JsReference<T>.get(): T
e: file:///Users/jim/work/v2superbikeshed/Trikeshed/src/commonMain/kotlin/borg/trikeshed/net/http/Http3Protocol.kt:901:21 None of the following candidates is applicable:
fun <T> Join<Int, Function1<Int, Join<Any?, TypeMemento>>>.get(column: Column<T>): T?
fun <T : Any> JsReference<T>.get(): T
e: file:///Users/jim/work/v2superbikeshed/Trikeshed/src/commonMain/kotlin/borg/trikeshed/net/http/Http3Protocol.kt:901:42 Unresolved reference 'and'.
e: file:///Users/jim/work/v2superbikeshed/Trikeshed/src/commonMain/kotlin/borg/trikeshed/net/http/Http3Protocol.kt:905:14 Argument type mismatch: actual type is 'Pair<A (of fun <A, B> A.to), B (of fun <A, B> A.to)>', but 'K (of fun <K> WHEN_CALL)' was expected.
e: file:///Users/jim/work/v2superbikeshed/Trikeshed/src/commonMain/kotlin/borg/trikeshed/net/http/Http3Protocol.kt:905:34 Unresolved reference 'and'.
e: file:///Users/jim/work/v2superbikeshed/Trikeshed/src/commonMain/kotlin/borg/trikeshed/net/http/Http3Protocol.kt:905:44 Cannot infer type for this parameter. Specify it explicitly.
e: file:///Users/jim/work/v2superbikeshed/Trikeshed/src/commonMain/kotlin/borg/trikeshed/net/http/Http3Protocol.kt:908:46 Unresolved reference 'and'.
e: file:///Users/jim/work/v2superbikeshed/Trikeshed/src/commonMain/kotlin/borg/trikeshed/net/http/Http3Protocol.kt:909:25 None of the following candidates is applicable:
fun <T> Join<Int, Function1<Int, Join<Any?, TypeMemento>>>.get(column: Column<T>): T?
fun <T : Any> JsReference<T>.get(): T
e: file:///Users/jim/work/v2superbikeshed/Trikeshed/src/commonMain/kotlin/borg/trikeshed/net/http/Http3Protocol.kt:909:51 Unresolved reference 'and'.
e: file:///Users/jim/work/v2superbikeshed/Trikeshed/src/commonMain/kotlin/borg/trikeshed/net/http/Http3Protocol.kt:910:13 Argument type mismatch: actual type is 'Pair<A (of fun <A, B> A.to), B (of fun <A, B> A.to)>', but 'K (of fun <K> WHEN_CALL)' was expected.
e: file:///Users/jim/work/v2superbikeshed/Trikeshed/src/commonMain/kotlin/borg/trikeshed/net/http/Http3Protocol.kt:910:19 Cannot infer type for this parameter. Specify it explicitly.
e: file:///Users/jim/work/v2superbikeshed/Trikeshed/src/commonMain/kotlin/borg/trikeshed/net/http/Http3Protocol.kt:914:46 Unresolved reference 'and'.
e: file:///Users/jim/work/v2superbikeshed/Trikeshed/src/commonMain/kotlin/borg/trikeshed/net/http/Http3Protocol.kt:915:26 None of the following candidates is applicable:
fun <T> Join<Int, Function1<Int, Join<Any?, TypeMemento>>>.get(column: Column<T>): T?
fun <T : Any> JsReference<T>.get(): T
e: file:///Users/jim/work/v2superbikeshed/Trikeshed/src/commonMain/kotlin/borg/trikeshed/net/http/Http3Protocol.kt:915:52 Unresolved reference 'and'.
e: file:///Users/jim/work/v2superbikeshed/Trikeshed/src/commonMain/kotlin/borg/trikeshed/net/http/Http3Protocol.kt:916:26 None of the following candidates is applicable:
fun <T> Join<Int, Function1<Int, Join<Any?, TypeMemento>>>.get(column: Column<T>): T?
fun <T : Any> JsReference<T>.get(): T
e: file:///Users/jim/work/v2superbikeshed/Trikeshed/src/commonMain/kotlin/borg/trikeshed/net/http/Http3Protocol.kt:916:52 Unresolved reference 'and'.
e: file:///Users/jim/work/v2superbikeshed/Trikeshed/src/commonMain/kotlin/borg/trikeshed/net/http/Http3Protocol.kt:917:25 None of the following candidates is applicable:
fun <T> Join<Int, Function1<Int, Join<Any?, TypeMemento>>>.get(column: Column<T>): T?
fun <T : Any> JsReference<T>.get(): T
e: file:///Users/jim/work/v2superbikeshed/Trikeshed/src/commonMain/kotlin/borg/trikeshed/net/http/Http3Protocol.kt:917:51 Unresolved reference 'and'.
e: file:///Users/jim/work/v2superbikeshed/Trikeshed/src/commonMain/kotlin/borg/trikeshed/net/http/Http3Protocol.kt:918:13 Argument type mismatch: actual type is 'Pair<A (of fun <A, B> A.to), B (of fun <A, B> A.to)>', but 'K (of fun <K> WHEN_CALL)' was expected.
e: file:///Users/jim/work/v2superbikeshed/Trikeshed/src/commonMain/kotlin/borg/trikeshed/net/http/Http3Protocol.kt:918:19 Cannot infer type for this parameter. Specify it explicitly.
e: file:///Users/jim/work/v2superbikeshed/Trikeshed/src/commonMain/kotlin/borg/trikeshed/net/http/Http3Protocol.kt:922:45 Unresolved reference 'and'.
e: file:///Users/jim/work/v2superbikeshed/Trikeshed/src/commonMain/kotlin/borg/trikeshed/net/http/Http3Protocol.kt:924:36 None of the following candidates is applicable:
fun <T> Join<Int, Function1<Int, Join<Any?, TypeMemento>>>.get(column: Column<T>): T?
fun <T : Any> JsReference<T>.get(): T
e: file:///Users/jim/work/v2superbikeshed/Trikeshed/src/commonMain/kotlin/borg/trikeshed/net/http/Http3Protocol.kt:924:62 Unresolved reference 'and'.
e: file:///Users/jim/work/v2superbikeshed/Trikeshed/src/commonMain/kotlin/borg/trikeshed/net/http/Http3Protocol.kt:926:13 Argument type mismatch: actual type is 'Pair<A (of fun <A, B> A.to), B (of fun <A, B> A.to)>', but 'K (of fun <K> WHEN_CALL)' was expected.
e: file:///Users/jim/work/v2superbikeshed/Trikeshed/src/commonMain/kotlin/borg/trikeshed/net/http/Http3Protocol.kt:926:19 Cannot infer type for this parameter. Specify it explicitly.
e: file:///Users/jim/work/v2superbikeshed/Trikeshed/src/commonMain/kotlin/borg/trikeshed/net/http/Http3Protocol.kt:928:17 Argument type mismatch: actual type is 'Pair<Long?, Int>', but 'K (of fun <K> WHEN_CALL)' was expected.
e: file:///Users/jim/work/v2superbikeshed/Trikeshed/src/commonMain/kotlin/borg/trikeshed/net/http/HttpClient.kt:140:13 Argument type mismatch: actual type is 'Pair<String, String>', but 'K (of fun <K> WHEN_CALL)' was expected.
e: file:///Users/jim/work/v2superbikeshed/Trikeshed/src/commonMain/kotlin/borg/trikeshed/net/http/HttpClient.kt:142:13 Argument type mismatch: actual type is 'Pair<A (of fun <A, B> A.to), B (of fun <A, B> A.to)>', but 'K (of fun <K> WHEN_CALL)' was expected.
e: file:///Users/jim/work/v2superbikeshed/Trikeshed/src/commonMain/kotlin/borg/trikeshed/net/http/HttpClient.kt:142:54 Cannot infer type for this parameter. Specify it explicitly.
e: file:///Users/jim/work/v2superbikeshed/Trikeshed/src/commonMain/kotlin/borg/trikeshed/net/http/HttpClient.kt:142:54 Unresolved reference. None of the following candidates is applicable because of a receiver type mismatch:
fun <A, B> A.to(that: B): Pair<A, B>
e: file:///Users/jim/work/v2superbikeshed/Trikeshed/src/commonMain/kotlin/borg/trikeshed/net/http/HttpClient.kt:147:62 Unresolved reference 'coroutineContext'.
e: file:///Users/jim/work/v2superbikeshed/Trikeshed/src/commonMain/kotlin/borg/trikeshed/net/http/HttpClient.kt:151:9 Unresolved reference 'requestQueue'.
e: file:///Users/jim/work/v2superbikeshed/Trikeshed/src/commonMain/kotlin/borg/trikeshed/net/http/HttpClient.kt:154:18 Cannot infer type for this parameter. Specify it explicitly.
e: file:///Users/jim/work/v2superbikeshed/Trikeshed/src/commonMain/kotlin/borg/trikeshed/net/http/HttpClient.kt:155:16 Unresolved reference 'write'.
e: file:///Users/jim/work/v2superbikeshed/Trikeshed/src/commonMain/kotlin/borg/trikeshed/net/http/HttpClient.kt:156:23 Unresolved reference 'write'.
e: file:///Users/jim/work/v2superbikeshed/Trikeshed/src/commonMain/kotlin/borg/trikeshed/net/http/HttpClient.kt:157:9 Unresolved reference 'lastActivity'.
e: file:///Users/jim/work/v2superbikeshed/Trikeshed/src/commonMain/kotlin/borg/trikeshed/net/http/HttpClient.kt:157:24 Unresolved reference 'System'.
e: file:///Users/jim/work/v2superbikeshed/Trikeshed/src/commonMain/kotlin/borg/trikeshed/net/http/HttpClient.kt:167:18 Unresolved reference 'write'.
e: file:///Users/jim/work/v2superbikeshed/Trikeshed/src/commonMain/kotlin/borg/trikeshed/net/http/HttpClient.kt:170:33 Unresolved reference 'read'.
e: file:///Users/jim/work/v2superbikeshed/Trikeshed/src/commonMain/kotlin/borg/trikeshed/net/http/HttpClient.kt:173:13 Unresolved reference 'lastActivity'.
e: file:///Users/jim/work/v2superbikeshed/Trikeshed/src/commonMain/kotlin/borg/trikeshed/net/http/HttpClient.kt:173:28 Unresolved reference 'System'.
e: file:///Users/jim/work/v2superbikeshed/Trikeshed/src/commonMain/kotlin/borg/trikeshed/net/http/HttpClient.kt:187:38 Unresolved reference 'System'.
e: file:///Users/jim/work/v2superbikeshed/Trikeshed/src/commonMain/kotlin/borg/trikeshed/net/http/HttpClient.kt:198:26 Unresolved reference 'KQueueContext'.
e: file:///Users/jim/work/v2superbikeshed/Trikeshed/src/commonMain/kotlin/borg/trikeshed/net/http/HttpClient.kt:212:23 Unresolved reference 'getChannel'.
e: file:///Users/jim/work/v2superbikeshed/Trikeshed/src/commonMain/kotlin/borg/trikeshed/net/http/HttpClient.kt:214:9 Argument type mismatch: actual type is 'R? (of fun <T, R> T.let)', but 'K? (of fun <K> ELVIS_CALL)' was expected.
e: file:///Users/jim/work/v2superbikeshed/Trikeshed/src/commonMain/kotlin/borg/trikeshed/net/http/HttpClient.kt:214:18 Cannot infer type for this parameter. Specify it explicitly.
e: file:///Users/jim/work/v2superbikeshed/Trikeshed/src/commonMain/kotlin/borg/trikeshed/net/http/HttpClient.kt:214:22 Cannot infer type for this parameter. Specify it explicitly.
e: file:///Users/jim/work/v2superbikeshed/Trikeshed/src/commonMain/kotlin/borg/trikeshed/net/http/HttpClient.kt:215:16 Unresolved reference 'write'.
e: file:///Users/jim/work/v2superbikeshed/Trikeshed/src/commonMain/kotlin/borg/trikeshed/net/http/HttpClient.kt:217:24 Unresolved reference 'System'.
e: file:///Users/jim/work/v2superbikeshed/Trikeshed/src/commonMain/kotlin/borg/trikeshed/net/http/HttpClient.kt:225:23 Unresolved reference 'getChannel'.
e: file:///Users/jim/work/v2superbikeshed/Trikeshed/src/commonMain/kotlin/borg/trikeshed/net/http/HttpClient.kt:233:28 Unresolved reference 'System'.
e: file:///Users/jim/work/v2superbikeshed/Trikeshed/src/commonMain/kotlin/borg/trikeshed/net/http/HttpClient.kt:238:20 Unresolved reference 'System'.
e: file:///Users/jim/work/v2superbikeshed/Trikeshed/src/commonMain/kotlin/borg/trikeshed/net/http/HttpClient.kt:239:40 Unresolved reference. None of the following candidates is applicable because of a receiver type mismatch:
fun String.compareTo(other: String, ignoreCase: Boolean = ...): Int
e: file:///Users/jim/work/v2superbikeshed/Trikeshed/src/commonMain/kotlin/borg/trikeshed/net/http/HttpClient.kt:244:18 Suspend function 'expect suspend fun close(): Unit' can only be called from a coroutine or another suspend function.
e: file:///Users/jim/work/v2superbikeshed/Trikeshed/src/commonMain/kotlin/borg/trikeshed/net/http/HttpClient.kt:258:16 None of the following candidates is applicable:
val CoroutineScope.isActive: Boolean
val CoroutineContext.isActive: Boolean
e: file:///Users/jim/work/v2superbikeshed/Trikeshed/src/commonMain/kotlin/borg/trikeshed/net/http/HttpClient.kt:260:37 Unresolved reference 'read'.
e: file:///Users/jim/work/v2superbikeshed/Trikeshed/src/commonMain/kotlin/borg/trikeshed/net/http/HttpClient.kt:304:13 Argument type mismatch: actual type is 'Pair<A (of fun <A, B> A.to), B (of fun <A, B> A.to)>', but 'K (of fun <K> WHEN_CALL)' was expected.
e: file:///Users/jim/work/v2superbikeshed/Trikeshed/src/commonMain/kotlin/borg/trikeshed/net/http/HttpClient.kt:304:43 Cannot infer type for this parameter. Specify it explicitly.
e: file:///Users/jim/work/v2superbikeshed/Trikeshed/src/commonMain/kotlin/borg/trikeshed/net/http/HttpClient.kt:304:43 Unresolved reference. None of the following candidates is applicable because of a receiver type mismatch:
fun <A, B> A.to(that: B): Pair<A, B>
e: file:///Users/jim/work/v2superbikeshed/Trikeshed/src/commonMain/kotlin/borg/trikeshed/net/http/HttpClient.kt:306:13 Argument type mismatch: actual type is 'Pair<String, Int>', but 'K (of fun <K> WHEN_CALL)' was expected.
e: file:///Users/jim/work/v2superbikeshed/Trikeshed/src/commonMain/kotlin/borg/trikeshed/net/http/HttpClient.kt:353:46 Unresolved reference 'createDefault'.
e: file:///Users/jim/work/v2superbikeshed/Trikeshed/src/commonMain/kotlin/borg/trikeshed/net/http/HttpClient.kt:363:23 Unresolved reference 'Companion'.
e: file:///Users/jim/work/v2superbikeshed/Trikeshed/src/commonMain/kotlin/borg/trikeshed/net/http/HttpClient.kt:369:30 Unresolved reference. None of the following candidates is applicable because of a receiver type mismatch:
fun Join<Int, Function1<Int, Byte>>.toByteArray(): ByteArray
e: file:///Users/jim/work/v2superbikeshed/Trikeshed/src/commonMain/kotlin/borg/trikeshed/net/http/HttpQuicIntegration.kt:331:26 None of the following candidates is applicable:
fun <T> Join<Int, Function1<Int, Join<Any?, TypeMemento>>>.get(column: Column<T>): T?
fun <T : Any> JsReference<T>.get(): T
e: file:///Users/jim/work/v2superbikeshed/Trikeshed/src/commonMain/kotlin/borg/trikeshed/net/http/HttpQuicIntegration.kt:332:24 Unresolved reference 'a'.
e: file:///Users/jim/work/v2superbikeshed/Trikeshed/src/commonMain/kotlin/borg/trikeshed/net/http/HttpQuicIntegration.kt:333:24 Unresolved reference 'b'.
e: file:///Users/jim/work/v2superbikeshed/Trikeshed/src/commonMain/kotlin/borg/trikeshed/net/http/HttpQuicIntegration.kt:345:26 None of the following candidates is applicable:
fun <T> Join<Int, Function1<Int, Join<Any?, TypeMemento>>>.get(column: Column<T>): T?
fun <T : Any> JsReference<T>.get(): T
e: file:///Users/jim/work/v2superbikeshed/Trikeshed/src/commonMain/kotlin/borg/trikeshed/net/http/HttpQuicIntegration.kt:346:24 Unresolved reference 'a'.
e: file:///Users/jim/work/v2superbikeshed/Trikeshed/src/commonMain/kotlin/borg/trikeshed/net/http/HttpQuicIntegration.kt:347:24 Unresolved reference 'b'.
e: file:///Users/jim/work/v2superbikeshed/Trikeshed/src/commonMain/kotlin/borg/trikeshed/net/http/HttpQuicServer.kt:107:30 Argument type mismatch: actual type is 'HttpStatusCode', but 'HttpStatusCode' was expected.
e: file:///Users/jim/work/v2superbikeshed/Trikeshed/src/commonMain/kotlin/borg/trikeshed/net/http/HttpQuicServer.kt:108:31 Cannot infer type for this parameter. Specify it explicitly.
e: file:///Users/jim/work/v2superbikeshed/Trikeshed/src/commonMain/kotlin/borg/trikeshed/net/http/HttpQuicServer.kt:108:31 Not enough information to infer type argument for 'T'.
e: file:///Users/jim/work/v2superbikeshed/Trikeshed/src/commonMain/kotlin/borg/trikeshed/net/http/HttpQuicServer.kt:108:31 Unresolved reference. None of the following candidates is applicable because of a receiver type mismatch:
fun <T> Join<Shape, Function1<Shape, T>>.invoke(index: Int): T
e: file:///Users/jim/work/v2superbikeshed/Trikeshed/src/commonMain/kotlin/borg/trikeshed/net/http/HttpQuicServer.kt:108:31 Argument type mismatch: actual type is 'T (of fun <T> Join<Shape, Function1<Shape, T>>.invoke)', but 'Join<Int, Function1<Int, Join<HttpHeaderName, HttpHeaderValue>>>' was expected.
e: file:///Users/jim/work/v2superbikeshed/Trikeshed/src/commonMain/kotlin/borg/trikeshed/net/http/HttpQuicServer.kt:109:28 Argument type mismatch: actual type is 'ByteArray', but 'ByteArray' was expected.
e: file:///Users/jim/work/v2superbikeshed/Trikeshed/src/commonMain/kotlin/borg/trikeshed/net/http/HttpQuicServer.kt:130:30 None of the following candidates is applicable:
fun <T> Join<Int, Function1<Int, Join<Any?, TypeMemento>>>.get(column: Column<T>): T?
fun <T : Any> JsReference<T>.get(): T
e: file:///Users/jim/work/v2superbikeshed/Trikeshed/src/commonMain/kotlin/borg/trikeshed/net/http/HttpQuicServer.kt:136:31 None of the following candidates is applicable:
fun <T> Join<Int, Function1<Int, Join<Any?, TypeMemento>>>.get(column: Column<T>): T?
fun <T : Any> JsReference<T>.get(): T
e: file:///Users/jim/work/v2superbikeshed/Trikeshed/src/commonMain/kotlin/borg/trikeshed/net/http/HttpQuicServer.kt:145:24 None of the following candidates is applicable:
fun ByteArray.toIdx(): Join<Int, Function1<Int, Byte>>
fun IntArray.toIdx(): Join<Int, Function1<Int, Int>>
e: file:///Users/jim/work/v2superbikeshed/Trikeshed/src/commonMain/kotlin/borg/trikeshed/net/http/HttpQuicServer.kt:154:71 Cannot infer type for this parameter. Specify it explicitly.
e: file:///Users/jim/work/v2superbikeshed/Trikeshed/src/commonMain/kotlin/borg/trikeshed/net/http/HttpQuicServer.kt:154:71 Not enough information to infer type argument for 'T'.
e: file:///Users/jim/work/v2superbikeshed/Trikeshed/src/commonMain/kotlin/borg/trikeshed/net/http/HttpQuicServer.kt:154:71 Unresolved reference. None of the following candidates is applicable because of a receiver type mismatch:
fun <T> Join<Shape, Function1<Shape, T>>.invoke(index: Int): T
e: file:///Users/jim/work/v2superbikeshed/Trikeshed/src/commonMain/kotlin/borg/trikeshed/net/http/HttpQuicServer.kt:232:26 None of the following candidates is applicable:
fun ByteArray.toIdx(): Join<Int, Function1<Int, Byte>>
fun IntArray.toIdx(): Join<Int, Function1<Int, Int>>
e: file:///Users/jim/work/v2superbikeshed/Trikeshed/src/commonMain/kotlin/borg/trikeshed/net/http/HttpQuicServer.kt:244:26 None of the following candidates is applicable:
fun ByteArray.toIdx(): Join<Int, Function1<Int, Byte>>
fun IntArray.toIdx(): Join<Int, Function1<Int, Int>>
e: file:///Users/jim/work/v2superbikeshed/Trikeshed/src/commonMain/kotlin/borg/trikeshed/net/http/HttpQuicServer.kt:262:12 None of the following candidates is applicable:
fun <T> Join<Int, Function1<Int, Join<Any?, TypeMemento>>>.get(column: Column<T>): T?
fun <T : Any> JsReference<T>.get(): T
e: file:///Users/jim/work/v2superbikeshed/Trikeshed/src/commonMain/kotlin/borg/trikeshed/net/http/HttpQuicServer.kt:280:19 None of the following candidates is applicable:
fun <T> Join<Int, Function1<Int, Join<Any?, TypeMemento>>>.get(column: Column<T>): T?
fun <T : Any> JsReference<T>.get(): T
e: file:///Users/jim/work/v2superbikeshed/Trikeshed/src/commonMain/kotlin/borg/trikeshed/net/http/HttpSerializer.kt:29:33 Unresolved reference 'size'.
e: file:///Users/jim/work/v2superbikeshed/Trikeshed/src/commonMain/kotlin/borg/trikeshed/net/http/HttpSerializer.kt:30:26 Unresolved reference. None of the following candidates is applicable because of a receiver type mismatch:
fun MatchGroupCollection.get(name: String): MatchGroup?
e: file:///Users/jim/work/v2superbikeshed/Trikeshed/src/commonMain/kotlin/borg/trikeshed/net/http/HttpSerializer.kt:31:23 Unresolved reference 'a'.
e: file:///Users/jim/work/v2superbikeshed/Trikeshed/src/commonMain/kotlin/borg/trikeshed/net/http/HttpSerializer.kt:31:36 Unresolved reference 'b'.
e: file:///Users/jim/work/v2superbikeshed/Trikeshed/src/commonMain/kotlin/borg/trikeshed/net/http/HttpServer.kt:20:11 Redeclaration:
typealias HttpHandler = suspend (HttpRequest) -> HttpResponse
e: file:///Users/jim/work/v2superbikeshed/Trikeshed/src/commonMain/kotlin/borg/trikeshed/net/http/HttpServer.kt:25:12 Redeclaration:
data class HttpServerConfig : Any
e: file:///Users/jim/work/v2superbikeshed/Trikeshed/src/commonMain/kotlin/borg/trikeshed/net/http/HttpServer.kt:86:25 Unresolved reference 'PlatformIO'.
e: file:///Users/jim/work/v2superbikeshed/Trikeshed/src/commonMain/kotlin/borg/trikeshed/net/http/HttpServer.kt:88:40 Cannot access 'val value: Int': it is private in 'kotlin/Int'.
e: file:///Users/jim/work/v2superbikeshed/Trikeshed/src/commonMain/kotlin/borg/trikeshed/net/http/HttpServer.kt:89:65 Unresolved reference 'value'.
e: file:///Users/jim/work/v2superbikeshed/Trikeshed/src/commonMain/kotlin/borg/trikeshed/net/http/HttpServer.kt:89:86 Cannot access 'val value: Int': it is private in 'kotlin/Int'.
e: file:///Users/jim/work/v2superbikeshed/Trikeshed/src/commonMain/kotlin/borg/trikeshed/net/http/HttpServer.kt:91:17 Unresolved reference 'register'.
e: file:///Users/jim/work/v2superbikeshed/Trikeshed/src/commonMain/kotlin/borg/trikeshed/net/http/HttpServer.kt:92:47 Suspension functions can only be called within coroutine body.
e: file:///Users/jim/work/v2superbikeshed/Trikeshed/src/commonMain/kotlin/borg/trikeshed/net/http/HttpServer.kt:94:31 Unresolved reference 'configureBlocking'.
e: file:///Users/jim/work/v2superbikeshed/Trikeshed/src/commonMain/kotlin/borg/trikeshed/net/http/HttpServer.kt:98:71 Unresolved reference 'remoteAddress'.
e: file:///Users/jim/work/v2superbikeshed/Trikeshed/src/commonMain/kotlin/borg/trikeshed/net/http/HttpServer.kt:105:70 Cannot access 'val value: Int': it is private in 'kotlin/Int'.
e: file:///Users/jim/work/v2superbikeshed/Trikeshed/src/commonMain/kotlin/borg/trikeshed/net/http/HttpServer.kt:106:17 Cannot infer type for this parameter. Specify it explicitly.
e: file:///Users/jim/work/v2superbikeshed/Trikeshed/src/commonMain/kotlin/borg/trikeshed/net/http/HttpServer.kt:106:20 No value passed for parameter 'block'.
e: file:///Users/jim/work/v2superbikeshed/Trikeshed/src/commonMain/kotlin/borg/trikeshed/net/http/HttpServer.kt:112:21 Unresolved reference 'stop'.
e: file:///Users/jim/work/v2superbikeshed/Trikeshed/src/commonMain/kotlin/borg/trikeshed/net/http/HttpServer.kt:128:37 Unresolved reference 'read'.
e: file:///Users/jim/work/v2superbikeshed/Trikeshed/src/commonMain/kotlin/borg/trikeshed/net/http/HttpServer.kt:138:62 Argument type mismatch: actual type is 'Join<Int, Function1<Int, Char>>', but 'String' was expected.
e: file:///Users/jim/work/v2superbikeshed/Trikeshed/src/commonMain/kotlin/borg/trikeshed/net/http/HttpServer.kt:158:21 Unresolved reference 'write'.
e: file:///Users/jim/work/v2superbikeshed/Trikeshed/src/commonMain/kotlin/borg/trikeshed/net/http/HttpServer.kt:168:44 Overload resolution ambiguity between candidates:
fun <X, C, V : Join<Int, Function1<Int, X>>> V.α(crossinline xform: (X) -> C): Join<Int, Function1<Int, C>>
fun <X, C, V : Join<Int, Function1<Int, X>>> V.α(crossinline xform: (X) -> C): Join<Int, Function1<Int, C>>
e: file:///Users/jim/work/v2superbikeshed/Trikeshed/src/commonMain/kotlin/borg/trikeshed/net/http/HttpServer.kt:168:63 Unresolved reference 'it'.
e: file:///Users/jim/work/v2superbikeshed/Trikeshed/src/commonMain/kotlin/borg/trikeshed/net/http/HttpServer.kt:168:93 Unresolved reference 'it'.
e: file:///Users/jim/work/v2superbikeshed/Trikeshed/src/commonMain/kotlin/borg/trikeshed/net/http/HttpServer.kt:169:28 Argument type mismatch: actual type is 'String', but 'HttpMethod' was expected.
e: file:///Users/jim/work/v2superbikeshed/Trikeshed/src/commonMain/kotlin/borg/trikeshed/net/http/HttpServer.kt:169:86 Unresolved reference 'value'.
e: file:///Users/jim/work/v2superbikeshed/Trikeshed/src/commonMain/kotlin/borg/trikeshed/net/http/HttpServer.kt:169:103 Argument type mismatch: actual type is 'String', but 'ByteArray' was expected.
e: file:///Users/jim/work/v2superbikeshed/Trikeshed/src/commonMain/kotlin/borg/trikeshed/net/http/HttpServer.kt:169:124 Argument type mismatch: actual type is 'String', but 'HttpVersion' was expected.
e: file:///Users/jim/work/v2superbikeshed/Trikeshed/src/commonMain/kotlin/borg/trikeshed/net/http/HttpServer.kt:175:17 Unresolved reference 'write'.
e: file:///Users/jim/work/v2superbikeshed/Trikeshed/src/commonMain/kotlin/borg/trikeshed/net/http/HttpServer.kt:195:47 Unresolved reference 'path'.
e: file:///Users/jim/work/v2superbikeshed/Trikeshed/src/commonMain/kotlin/borg/trikeshed/net/http/HttpServer.kt:206:91 Unresolved reference 'path'.
e: file:///Users/jim/work/v2superbikeshed/Trikeshed/src/commonMain/kotlin/borg/trikeshed/net/http/HttpServer.kt:262:34 Unresolved reference 'Series2'.
e: file:///Users/jim/work/v2superbikeshed/Trikeshed/src/commonMain/kotlin/borg/trikeshed/net/http/HttpServer.kt:262:42 Unresolved reference 'HttpFieldName'.
e: file:///Users/jim/work/v2superbikeshed/Trikeshed/src/commonMain/kotlin/borg/trikeshed/net/http/HttpServer.kt:262:57 Unresolved reference 'HttpFieldValue'.
e: file:///Users/jim/work/v2superbikeshed/Trikeshed/src/commonMain/kotlin/borg/trikeshed/net/http/HttpServer.kt:263:40 Cannot infer type for this parameter. Specify it explicitly.
e: file:///Users/jim/work/v2superbikeshed/Trikeshed/src/commonMain/kotlin/borg/trikeshed/net/http/HttpServer.kt:263:40 Not enough information to infer type argument for 'T'.
e: file:///Users/jim/work/v2superbikeshed/Trikeshed/src/commonMain/kotlin/borg/trikeshed/net/http/HttpServer.kt:263:47 Cannot infer type for this parameter. Specify it explicitly.
e: file:///Users/jim/work/v2superbikeshed/Trikeshed/src/commonMain/kotlin/borg/trikeshed/net/http/HttpServer.kt:263:47 Not enough information to infer type argument for 'T'.
e: file:///Users/jim/work/v2superbikeshed/Trikeshed/src/commonMain/kotlin/borg/trikeshed/net/http/HttpServer.kt:263:52 Cannot infer type for this parameter. Specify it explicitly.
e: file:///Users/jim/work/v2superbikeshed/Trikeshed/src/commonMain/kotlin/borg/trikeshed/net/http/HttpServer.kt:264:16 Unresolved reference 'a'.
e: file:///Users/jim/work/v2superbikeshed/Trikeshed/src/commonMain/kotlin/borg/trikeshed/net/http/HttpServer.kt:265:12 Unresolved reference 'b'.
e: file:///Users/jim/work/v2superbikeshed/Trikeshed/src/commonMain/kotlin/borg/trikeshed/net/http/HttpServer.kt:276:18 Unresolved reference 'Series2'.
e: file:///Users/jim/work/v2superbikeshed/Trikeshed/src/commonMain/kotlin/borg/trikeshed/net/http/HttpServer.kt:276:26 Unresolved reference 'HttpFieldName'.
e: file:///Users/jim/work/v2superbikeshed/Trikeshed/src/commonMain/kotlin/borg/trikeshed/net/http/HttpServer.kt:276:41 Unresolved reference 'HttpFieldValue'.
e: file:///Users/jim/work/v2superbikeshed/Trikeshed/src/commonMain/kotlin/borg/trikeshed/net/http/HttpServer.kt:278:45 Cannot infer type for this parameter. Specify it explicitly.
e: file:///Users/jim/work/v2superbikeshed/Trikeshed/src/commonMain/kotlin/borg/trikeshed/net/http/HttpServer.kt:278:45 Not enough information to infer type argument for 'X'.
e: file:///Users/jim/work/v2superbikeshed/Trikeshed/src/commonMain/kotlin/borg/trikeshed/net/http/HttpServer.kt:278:49 Cannot infer type for this parameter. Specify it explicitly.
e: file:///Users/jim/work/v2superbikeshed/Trikeshed/src/commonMain/kotlin/borg/trikeshed/net/http/HttpServer.kt:279:17 Unresolved reference 'HttpFieldName'.
e: file:///Users/jim/work/v2superbikeshed/Trikeshed/src/commonMain/kotlin/borg/trikeshed/net/http/HttpServer.kt:279:36 Unresolved reference 'a'.
e: file:///Users/jim/work/v2superbikeshed/Trikeshed/src/commonMain/kotlin/borg/trikeshed/net/http/HttpServer.kt:279:47 Unresolved reference 'HttpFieldValue'.
e: file:///Users/jim/work/v2superbikeshed/Trikeshed/src/commonMain/kotlin/borg/trikeshed/net/http/HttpServer.kt:279:67 Unresolved reference 'b'.
e: file:///Users/jim/work/v2superbikeshed/Trikeshed/src/commonMain/kotlin/borg/trikeshed/net/http/HttpServer.kt:323:38 Unresolved reference 'parseChunkedBody'.
e: file:///Users/jim/work/v2superbikeshed/Trikeshed/src/commonMain/kotlin/borg/trikeshed/net/http/HttpServer.kt:326:28 Cannot infer type for this parameter. Specify it explicitly.
e: file:///Users/jim/work/v2superbikeshed/Trikeshed/src/commonMain/kotlin/borg/trikeshed/net/http/HttpServer.kt:326:35 Cannot infer type for this parameter. Specify it explicitly.
e: file:///Users/jim/work/v2superbikeshed/Trikeshed/src/commonMain/kotlin/borg/trikeshed/net/http/HttpServer.kt:326:35 Not enough information to infer type argument for 'T'.
e: file:///Users/jim/work/v2superbikeshed/Trikeshed/src/commonMain/kotlin/borg/trikeshed/net/http/HttpServer.kt:326:45 Cannot infer type for this parameter. Specify it explicitly.
e: file:///Users/jim/work/v2superbikeshed/Trikeshed/src/commonMain/kotlin/borg/trikeshed/net/http/HttpServer.kt:327:34 Unresolved reference 'data'.
e: file:///Users/jim/work/v2superbikeshed/Trikeshed/src/commonMain/kotlin/borg/trikeshed/net/http/HttpServer.kt:342:37 Unresolved reference 'DealService'.
e: file:///Users/jim/work/v2superbikeshed/Trikeshed/src/commonMain/kotlin/borg/trikeshed/net/http/HttpServer.kt:357:56 Unresolved reference 'RequestFactoryService'.
e: file:///Users/jim/work/v2superbikeshed/Trikeshed/src/commonMain/kotlin/borg/trikeshed/net/http/HttpServer.kt:359:65 Unresolved reference 'it'.
e: file:///Users/jim/work/v2superbikeshed/Trikeshed/src/commonMain/kotlin/borg/trikeshed/net/http/HttpServer.kt:360:56 Unresolved reference 'process'.
e: file:///Users/jim/work/v2superbikeshed/Trikeshed/src/commonMain/kotlin/borg/trikeshed/net/http/HttpServer.kt:361:50 Cannot infer type for this parameter. Specify it explicitly.
e: file:///Users/jim/work/v2superbikeshed/Trikeshed/src/commonMain/kotlin/borg/trikeshed/net/http/HttpServer.kt:361:55 Cannot infer type for this parameter. Specify it explicitly.
e: file:///Users/jim/work/v2superbikeshed/Trikeshed/src/commonMain/kotlin/borg/trikeshed/net/http/HttpServer.kt:361:55 Not enough information to infer type argument for 'T'.
e: file:///Users/jim/work/v2superbikeshed/Trikeshed/src/commonMain/kotlin/borg/trikeshed/net/http/HttpServer.kt:378:19 Unresolved reference 'coroutineContext'.
e: file:///Users/jim/work/v2superbikeshed/Trikeshed/src/commonMain/kotlin/borg/trikeshed/net/http/HttpServer.kt:378:19 Cannot infer type for this parameter. Specify it explicitly.
e: file:///Users/jim/work/v2superbikeshed/Trikeshed/src/commonMain/kotlin/borg/trikeshed/net/http/HttpServer.kt:381:24 No value passed for parameter 'status'.
e: file:///Users/jim/work/v2superbikeshed/Trikeshed/src/commonMain/kotlin/borg/trikeshed/net/http/HttpTypes.kt:6:27 Unresolved reference 'Series2'.
e: file:///Users/jim/work/v2superbikeshed/Trikeshed/src/commonMain/kotlin/borg/trikeshed/net/http/HttpTypes.kt:11:24 Redeclaration:
class HttpHeaderName : Any
e: file:///Users/jim/work/v2superbikeshed/Trikeshed/src/commonMain/kotlin/borg/trikeshed/net/http/HttpTypes.kt:12:24 Redeclaration:
class HttpHeaderValue : Any
e: file:///Users/jim/work/v2superbikeshed/Trikeshed/src/commonMain/kotlin/borg/trikeshed/net/http/HttpTypes.kt:13:24 Redeclaration:
class HttpRequestPath : Any
e: file:///Users/jim/work/v2superbikeshed/Trikeshed/src/commonMain/kotlin/borg/trikeshed/net/http/HttpTypes.kt:14:24 Redeclaration:
class HttpStatusCode : Any
e: file:///Users/jim/work/v2superbikeshed/Trikeshed/src/commonMain/kotlin/borg/trikeshed/net/http/HttpTypes.kt:15:24 Redeclaration:
class HttpReasonPhrase : Any
e: file:///Users/jim/work/v2superbikeshed/Trikeshed/src/commonMain/kotlin/borg/trikeshed/net/http/HttpTypes.kt:16:24 Redeclaration:
class HttpVersion : Any
e: file:///Users/jim/work/v2superbikeshed/Trikeshed/src/commonMain/kotlin/borg/trikeshed/net/http/HttpTypes.kt:19:12 Redeclaration:
enum class HttpMethod : Enum<HttpMethod>
e: file:///Users/jim/work/v2superbikeshed/Trikeshed/src/commonMain/kotlin/borg/trikeshed/net/http/HttpTypes.kt:24:12 Redeclaration:
data class HttpRequest : Any
e: file:///Users/jim/work/v2superbikeshed/Trikeshed/src/commonMain/kotlin/borg/trikeshed/net/http/HttpTypes.kt:34:26 Unresolved reference 'size'.
e: file:///Users/jim/work/v2superbikeshed/Trikeshed/src/commonMain/kotlin/borg/trikeshed/net/http/HttpTypes.kt:35:26 Unresolved reference. None of the following candidates is applicable because of a receiver type mismatch:
fun MatchGroupCollection.get(name: String): MatchGroup?
e: file:///Users/jim/work/v2superbikeshed/Trikeshed/src/commonMain/kotlin/borg/trikeshed/net/http/HttpTypes.kt:36:41 Unresolved reference 'a'.
e: file:///Users/jim/work/v2superbikeshed/Trikeshed/src/commonMain/kotlin/borg/trikeshed/net/http/HttpTypes.kt:36:60 Unresolved reference 'b'.
e: file:///Users/jim/work/v2superbikeshed/Trikeshed/src/commonMain/kotlin/borg/trikeshed/net/http/HttpTypes.kt:62:26 Unresolved reference 'Series2'.
e: file:///Users/jim/work/v2superbikeshed/Trikeshed/src/commonMain/kotlin/borg/trikeshed/net/http/HttpTypes.kt:81:12 Redeclaration:
data class HttpResponse : Any
e: file:///Users/jim/work/v2superbikeshed/Trikeshed/src/commonMain/kotlin/borg/trikeshed/net/http/HttpTypes.kt:93:26 Unresolved reference 'size'.
e: file:///Users/jim/work/v2superbikeshed/Trikeshed/src/commonMain/kotlin/borg/trikeshed/net/http/HttpTypes.kt:94:26 Unresolved reference. None of the following candidates is applicable because of a receiver type mismatch:
fun MatchGroupCollection.get(name: String): MatchGroup?
e: file:///Users/jim/work/v2superbikeshed/Trikeshed/src/commonMain/kotlin/borg/trikeshed/net/http/HttpTypes.kt:95:41 Unresolved reference 'a'.
e: file:///Users/jim/work/v2superbikeshed/Trikeshed/src/commonMain/kotlin/borg/trikeshed/net/http/HttpTypes.kt:95:60 Unresolved reference 'b'.
e: file:///Users/jim/work/v2superbikeshed/Trikeshed/src/commonMain/kotlin/borg/trikeshed/net/http/HttpTypes.kt:141:9 Conflicting overloads:
suspend fun HttpRequest.send(): HttpResponse
e: file:///Users/jim/work/v2superbikeshed/Trikeshed/src/commonMain/kotlin/borg/trikeshed/net/http/HttpTypes.kt:144:8 Redeclaration:
object HttpUtils : Any
e: file:///Users/jim/work/v2superbikeshed/Trikeshed/src/commonMain/kotlin/borg/trikeshed/net/http/HttpTypes.kt:155:33 Unresolved reference 'size'.
e: file:///Users/jim/work/v2superbikeshed/Trikeshed/src/commonMain/kotlin/borg/trikeshed/net/http/HttpTypes.kt:156:24 Unresolved reference. None of the following candidates is applicable because of a receiver type mismatch:
fun MatchGroupCollection.get(name: String): MatchGroup?
e: file:///Users/jim/work/v2superbikeshed/Trikeshed/src/commonMain/kotlin/borg/trikeshed/net/http/HttpTypes.kt:157:21 Unresolved reference 'a'.
e: file:///Users/jim/work/v2superbikeshed/Trikeshed/src/commonMain/kotlin/borg/trikeshed/net/http/HttpTypes.kt:157:38 Unresolved reference 'b'.
e: file:///Users/jim/work/v2superbikeshed/Trikeshed/src/commonMain/kotlin/borg/trikeshed/net/quic/QuicClient.kt:19:39 Unresolved reference 'sessionCache'.
e: file:///Users/jim/work/v2superbikeshed/Trikeshed/src/commonMain/kotlin/borg/trikeshed/net/quic/QuicClient.kt:38:22 Unresolved reference 'isAlive'.
e: file:///Users/jim/work/v2superbikeshed/Trikeshed/src/commonMain/kotlin/borg/trikeshed/net/quic/QuicClient.kt:44:13 No parameter with name 'isClient' found.
e: file:///Users/jim/work/v2superbikeshed/Trikeshed/src/commonMain/kotlin/borg/trikeshed/net/quic/QuicClient.kt:46:13 No parameter with name 'ioContext' found.
e: file:///Users/jim/work/v2superbikeshed/Trikeshed/src/commonMain/kotlin/borg/trikeshed/net/quic/QuicClient.kt:46:13 No value passed for parameter 'sessionCache'.
e: file:///Users/jim/work/v2superbikeshed/Trikeshed/src/commonMain/kotlin/borg/trikeshed/net/quic/QuicClient.kt:46:13 No value passed for parameter 'coroutineScope'.
e: file:///Users/jim/work/v2superbikeshed/Trikeshed/src/commonMain/kotlin/borg/trikeshed/net/quic/QuicClient.kt:50:42 Cannot infer type for this parameter. Specify it explicitly.
e: file:///Users/jim/work/v2superbikeshed/Trikeshed/src/commonMain/kotlin/borg/trikeshed/net/quic/QuicClient.kt:50:46 Argument type mismatch: actual type is 'String', but 'Column<T (of fun <T> Join<Int, Function1<Int, Join<Any?, TypeMemento>>>.get)>' was expected.
e: file:///Users/jim/work/v2superbikeshed/Trikeshed/src/commonMain/kotlin/borg/trikeshed/net/quic/QuicClient.kt:50:52 Too many arguments for 'fun <T> Join<Int, Function1<Int, Join<Any?, TypeMemento>>>.get(column: Column<T>): T?'.
e: file:///Users/jim/work/v2superbikeshed/Trikeshed/src/commonMain/kotlin/borg/trikeshed/net/quic/QuicClient.kt:53:28 Unresolved reference 'connect0RTT'.
e: file:///Users/jim/work/v2superbikeshed/Trikeshed/src/commonMain/kotlin/borg/trikeshed/net/quic/QuicClient.kt:62:40 Too many arguments for 'suspend fun connect(serverAddress: String, port: Int): Boolean'.
e: file:///Users/jim/work/v2superbikeshed/Trikeshed/src/commonMain/kotlin/borg/trikeshed/net/quic/QuicClient.kt:65:20 Unresolved reference 'getSession'.
e: file:///Users/jim/work/v2superbikeshed/Trikeshed/src/commonMain/kotlin/borg/trikeshed/net/quic/QuicClient.kt:65:34 Cannot infer type for this parameter. Specify it explicitly.
e: file:///Users/jim/work/v2superbikeshed/Trikeshed/src/commonMain/kotlin/borg/trikeshed/net/quic/QuicClient.kt:65:40 Cannot infer type for this parameter. Specify it explicitly.
e: file:///Users/jim/work/v2superbikeshed/Trikeshed/src/commonMain/kotlin/borg/trikeshed/net/quic/QuicClient.kt:66:26 Unresolved reference 'put'.
e: file:///Users/jim/work/v2superbikeshed/Trikeshed/src/commonMain/kotlin/borg/trikeshed/net/quic/QuicClient.kt:77:27 Unresolved reference 'openBidirectionalStream'.
e: file:///Users/jim/work/v2superbikeshed/Trikeshed/src/commonMain/kotlin/borg/trikeshed/net/quic/QuicClient.kt:84:27 Unresolved reference 'openUnidirectionalStream'.
e: file:///Users/jim/work/v2superbikeshed/Trikeshed/src/commonMain/kotlin/borg/trikeshed/net/quic/QuicClient.kt:95:16 Unresolved reference 'send'.
e: file:///Users/jim/work/v2superbikeshed/Trikeshed/src/commonMain/kotlin/borg/trikeshed/net/quic/QuicClient.kt:113:68 Unresolved reference. None of the following candidates is applicable because of a receiver type mismatch:
fun Join<Int, Function1<Int, Byte>>.toByteArray(): ByteArray
e: file:///Users/jim/work/v2superbikeshed/Trikeshed/src/commonMain/kotlin/borg/trikeshed/net/quic/QuicClient.kt:114:24 Unresolved reference 'send'.
e: file:///Users/jim/work/v2superbikeshed/Trikeshed/src/commonMain/kotlin/borg/trikeshed/net/quic/QuicClient.kt:115:24 Unresolved reference 'send'.
e: file:///Users/jim/work/v2superbikeshed/Trikeshed/src/commonMain/kotlin/borg/trikeshed/net/quic/QuicClient.kt:128:23 Unresolved reference 'receive'.
e: file:///Users/jim/work/v2superbikeshed/Trikeshed/src/commonMain/kotlin/borg/trikeshed/net/quic/QuicClient.kt:139:31 Unresolved reference 'isAlive'.
e: file:///Users/jim/work/v2superbikeshed/Trikeshed/src/commonMain/kotlin/borg/trikeshed/net/quic/QuicClient.kt:140:41 Unresolved reference 'acceptStream'.
e: file:///Users/jim/work/v2superbikeshed/Trikeshed/src/commonMain/kotlin/borg/trikeshed/net/quic/QuicClient.kt:165:27 Unresolved reference 'migrateConnection'.
e: file:///Users/jim/work/v2superbikeshed/Trikeshed/src/commonMain/kotlin/borg/trikeshed/net/quic/QuicClient.kt:173:30 Unresolved reference 'getRTT'.
e: file:///Users/jim/work/v2superbikeshed/Trikeshed/src/commonMain/kotlin/borg/trikeshed/net/quic/QuicClient.kt:174:43 Unresolved reference 'getCongestionWindow'.
e: file:///Users/jim/work/v2superbikeshed/Trikeshed/src/commonMain/kotlin/borg/trikeshed/net/quic/QuicClient.kt:175:40 Unresolved reference 'getBytesInFlight'.
e: file:///Users/jim/work/v2superbikeshed/Trikeshed/src/commonMain/kotlin/borg/trikeshed/net/quic/QuicClient.kt:176:38 Unresolved reference 'getPacketsLost'.
e: file:///Users/jim/work/v2superbikeshed/Trikeshed/src/commonMain/kotlin/borg/trikeshed/net/quic/QuicClient.kt:177:40 Unresolved reference 'getActiveStreamCount'.
e: file:///Users/jim/work/v2superbikeshed/Trikeshed/src/commonMain/kotlin/borg/trikeshed/net/quic/QuicClient.kt:186:24 Too many arguments for 'suspend fun close(): Unit'.
e: file:///Users/jim/work/v2superbikeshed/Trikeshed/src/commonMain/kotlin/borg/trikeshed/net/quic/QuicClient.kt:186:35 Too many arguments for 'suspend fun close(): Unit'.
e: file:///Users/jim/work/v2superbikeshed/Trikeshed/src/commonMain/kotlin/borg/trikeshed/net/quic/QuicClient.kt:205:16 Unresolved reference 'send'.
e: file:///Users/jim/work/v2superbikeshed/Trikeshed/src/commonMain/kotlin/borg/trikeshed/net/quic/QuicClient.kt:207:15 Cannot infer type for this parameter. Specify it explicitly.
e: file:///Users/jim/work/v2superbikeshed/Trikeshed/src/commonMain/kotlin/borg/trikeshed/net/quic/QuicClient.kt:207:28 Unresolved reference 'send'.
e: file:///Users/jim/work/v2superbikeshed/Trikeshed/src/commonMain/kotlin/borg/trikeshed/net/quic/QuicClient.kt:235:14 Unresolved reference. None of the following candidates is applicable because of a receiver type mismatch:
fun Join<Int, Function1<Int, Byte>>.toByteArray(): ByteArray
e: file:///Users/jim/work/v2superbikeshed/Trikeshed/src/commonMain/kotlin/borg/trikeshed/net/quic/QuicClient.kt:267:48 Unresolved reference 'default'.
e: file:///Users/jim/work/v2superbikeshed/Trikeshed/src/commonMain/kotlin/borg/trikeshed/net/quic/QuicClient.kt:303:20 Unresolved reference 'isFinished'.
e: file:///Users/jim/work/v2superbikeshed/Trikeshed/src/commonMain/kotlin/borg/trikeshed/net/quic/QuicClient.kt:347:20 Unresolved reference 'isFinished'.
e: file:///Users/jim/work/v2superbikeshed/Trikeshed/src/commonMain/kotlin/borg/trikeshed/net/quic/QuicProtocol.kt:6:30 Unresolved reference 'json'.
e: file:///Users/jim/work/v2superbikeshed/Trikeshed/src/commonMain/kotlin/borg/trikeshed/net/quic/QuicStream.kt:55:49 None of the following candidates is applicable:
fun <T> Join<Int, Function1<Int, Join<Any?, TypeMemento>>>.get(column: Column<T>): T?
fun <T : Any> JsReference<T>.get(): T
e: file:///Users/jim/work/v2superbikeshed/Trikeshed/src/commonMain/kotlin/borg/trikeshed/net/quic/SecureQuicEngine.kt:12:31 Unresolved reference 'CryptoEngine'.
e: file:///Users/jim/work/v2superbikeshed/Trikeshed/src/commonMain/kotlin/borg/trikeshed/net/quic/SecureQuicEngine.kt:17:54 No value passed for parameter 'localConnectionId'.
e: file:///Users/jim/work/v2superbikeshed/Trikeshed/src/commonMain/kotlin/borg/trikeshed/net/quic/SecureQuicEngine.kt:17:54 No value passed for parameter 'remoteConnectionId'.
e: file:///Users/jim/work/v2superbikeshed/Trikeshed/src/commonMain/kotlin/borg/trikeshed/net/quic/SecureQuicEngine.kt:88:26 Unresolved reference 'encrypt'.
e: file:///Users/jim/work/v2superbikeshed/Trikeshed/src/commonMain/kotlin/borg/trikeshed/net/quic/SecureQuicEngine.kt:88:50 Unresolved reference 'EncryptionMode'.
e: file:///Users/jim/work/v2superbikeshed/Trikeshed/src/commonMain/kotlin/borg/trikeshed/net/quic/SecureQuicEngine.kt:112:56 Argument type mismatch: actual type is 'ConnectionId', but 'Join<Int, Function1<Int, Byte>>' was expected.
e: file:///Users/jim/work/v2superbikeshed/Trikeshed/src/commonMain/kotlin/borg/trikeshed/net/quic/SecureQuicEngine.kt:113:51 Argument type mismatch: actual type is 'ConnectionId', but 'Join<Int, Function1<Int, Byte>>' was expected.
e: file:///Users/jim/work/v2superbikeshed/Trikeshed/src/commonMain/kotlin/borg/trikeshed/net/quic/SecureQuicEngine.kt:153:34 Unresolved reference 'decrypt'.
e: file:///Users/jim/work/v2superbikeshed/Trikeshed/src/commonMain/kotlin/borg/trikeshed/net/quic/SecureQuicEngine.kt:153:63 Unresolved reference 'EncryptionMode'.
e: file:///Users/jim/work/v2superbikeshed/Trikeshed/src/commonMain/kotlin/borg/trikeshed/net/quic/SecureQuicEngine.kt:243:52 Argument type mismatch: actual type is 'ConnectionId', but 'Join<Int, Function1<Int, Byte>>' was expected.
e: file:///Users/jim/work/v2superbikeshed/Trikeshed/src/commonMain/kotlin/borg/trikeshed/net/quic/SecureQuicEngine.kt:244:47 Argument type mismatch: actual type is 'ConnectionId', but 'Join<Int, Function1<Int, Byte>>' was expected.
e: file:///Users/jim/work/v2superbikeshed/Trikeshed/src/commonMain/kotlin/borg/trikeshed/net/socks/Socks5Client.kt:46:39 No value passed for parameter 'offset'.
e: file:///Users/jim/work/v2superbikeshed/Trikeshed/src/commonMain/kotlin/borg/trikeshed/net/socks/Socks5Client.kt:46:39 No value passed for parameter 'length'.
e: file:///Users/jim/work/v2superbikeshed/Trikeshed/src/commonMain/kotlin/borg/trikeshed/net/socks/Socks5Client.kt:173:23 Suspend function 'expect suspend fun close(): Unit' can only be called from a coroutine or another suspend function.
e: file:///Users/jim/work/v2superbikeshed/Trikeshed/src/commonMain/kotlin/borg/trikeshed/net/socks/Socks5Client.kt:199:34 Unresolved reference. None of the following candidates is applicable because of a receiver type mismatch:
fun Join<Int, Function1<Int, Byte>>.toByteArray(): ByteArray
e: file:///Users/jim/work/v2superbikeshed/Trikeshed/src/commonMain/kotlin/borg/trikeshed/net/socks/Socks5Client.kt:200:34 Unresolved reference. None of the following candidates is applicable because of a receiver type mismatch:
fun Join<Int, Function1<Int, Byte>>.toByteArray(): ByteArray
e: file:///Users/jim/work/v2superbikeshed/Trikeshed/src/commonMain/kotlin/borg/trikeshed/net/socks/Socks5Client.kt:209:9 Unresolved reference 'System'.
e: file:///Users/jim/work/v2superbikeshed/Trikeshed/src/commonMain/kotlin/borg/trikeshed/net/socks/Socks5Client.kt:211:9 Unresolved reference 'System'.
e: file:///Users/jim/work/v2superbikeshed/Trikeshed/src/commonMain/kotlin/borg/trikeshed/net/socks/Socks5Client.kt:217:39 No value passed for parameter 'offset'.
e: file:///Users/jim/work/v2superbikeshed/Trikeshed/src/commonMain/kotlin/borg/trikeshed/net/socks/Socks5Client.kt:217:39 No value passed for parameter 'length'.
e: file:///Users/jim/work/v2superbikeshed/Trikeshed/src/commonMain/kotlin/borg/trikeshed/net/socks/Socks5Client.kt:244:30 Unresolved reference. None of the following candidates is applicable because of a receiver type mismatch:
fun Join<Int, Function1<Int, Byte>>.toByteArray(): ByteArray
e: file:///Users/jim/work/v2superbikeshed/Trikeshed/src/commonMain/kotlin/borg/trikeshed/net/socks/Socks5Client.kt:252:9 Unresolved reference 'System'.
e: file:///Users/jim/work/v2superbikeshed/Trikeshed/src/commonMain/kotlin/borg/trikeshed/net/socks/Socks5Client.kt:261:39 No value passed for parameter 'offset'.
e: file:///Users/jim/work/v2superbikeshed/Trikeshed/src/commonMain/kotlin/borg/trikeshed/net/socks/Socks5Client.kt:261:39 No value passed for parameter 'length'.
e: file:///Users/jim/work/v2superbikeshed/Trikeshed/src/commonMain/kotlin/borg/trikeshed/net/socks/Socks5Client.kt:277:36 No value passed for parameter 'offset'.
e: file:///Users/jim/work/v2superbikeshed/Trikeshed/src/commonMain/kotlin/borg/trikeshed/net/socks/Socks5Client.kt:277:36 No value passed for parameter 'length'.
e: file:///Users/jim/work/v2superbikeshed/Trikeshed/src/commonMain/kotlin/borg/trikeshed/net/socks/Socks5Client.kt:279:36 No value passed for parameter 'offset'.
e: file:///Users/jim/work/v2superbikeshed/Trikeshed/src/commonMain/kotlin/borg/trikeshed/net/socks/Socks5Client.kt:279:36 No value passed for parameter 'length'.
e: file:///Users/jim/work/v2superbikeshed/Trikeshed/src/commonMain/kotlin/borg/trikeshed/net/socks/Socks5Client.kt:286:36 No value passed for parameter 'offset'.
e: file:///Users/jim/work/v2superbikeshed/Trikeshed/src/commonMain/kotlin/borg/trikeshed/net/socks/Socks5Client.kt:286:36 No value passed for parameter 'length'.
e: file:///Users/jim/work/v2superbikeshed/Trikeshed/src/commonMain/kotlin/borg/trikeshed/net/socks/Socks5Client.kt:289:36 No value passed for parameter 'offset'.
e: file:///Users/jim/work/v2superbikeshed/Trikeshed/src/commonMain/kotlin/borg/trikeshed/net/socks/Socks5Client.kt:289:36 No value passed for parameter 'length'.
e: file:///Users/jim/work/v2superbikeshed/Trikeshed/src/commonMain/kotlin/borg/trikeshed/net/socks/Socks5Client.kt:291:36 No value passed for parameter 'offset'.
e: file:///Users/jim/work/v2superbikeshed/Trikeshed/src/commonMain/kotlin/borg/trikeshed/net/socks/Socks5Client.kt:291:36 No value passed for parameter 'length'.
e: file:///Users/jim/work/v2superbikeshed/Trikeshed/src/commonMain/kotlin/borg/trikeshed/net/socks/Socks5Client.kt:293:17 Cannot access 'constructor(leftIfInSum: String?, length: Int, _chars: WasmCharArray): String': it is internal in 'kotlin/String'.
e: file:///Users/jim/work/v2superbikeshed/Trikeshed/src/commonMain/kotlin/borg/trikeshed/net/socks/Socks5Client.kt:298:36 No value passed for parameter 'offset'.
e: file:///Users/jim/work/v2superbikeshed/Trikeshed/src/commonMain/kotlin/borg/trikeshed/net/socks/Socks5Client.kt:298:36 No value passed for parameter 'length'.
e: file:///Users/jim/work/v2superbikeshed/Trikeshed/src/commonMain/kotlin/borg/trikeshed/net/socks/Socks5Client.kt:300:36 No value passed for parameter 'offset'.
e: file:///Users/jim/work/v2superbikeshed/Trikeshed/src/commonMain/kotlin/borg/trikeshed/net/socks/Socks5Client.kt:300:36 No value passed for parameter 'length'.
e: file:///Users/jim/work/v2superbikeshed/Trikeshed/src/commonMain/kotlin/borg/trikeshed/net/socks/Socks5Client.kt:347:56 No value passed for parameter 'offset'.
e: file:///Users/jim/work/v2superbikeshed/Trikeshed/src/commonMain/kotlin/borg/trikeshed/net/socks/Socks5Client.kt:347:56 No value passed for parameter 'length'.
e: file:///Users/jim/work/v2superbikeshed/Trikeshed/src/commonMain/kotlin/borg/trikeshed/net/socks/Socks5Client.kt:348:27 Suspend function 'expect suspend fun close(): Unit' can only be called from a coroutine or another suspend function.
e: file:///Users/jim/work/v2superbikeshed/Trikeshed/src/commonMain/kotlin/borg/trikeshed/net/socks/Socks5Client.kt:362:33 No value passed for parameter 'offset'.
e: file:///Users/jim/work/v2superbikeshed/Trikeshed/src/commonMain/kotlin/borg/trikeshed/net/socks/Socks5Client.kt:362:33 No value passed for parameter 'length'.
e: file:///Users/jim/work/v2superbikeshed/Trikeshed/src/commonMain/kotlin/borg/trikeshed/net/socks/Socks5Client.kt:367:27 Suspend function 'expect suspend fun close(): Unit' can only be called from a coroutine or another suspend function.
e: file:///Users/jim/work/v2superbikeshed/Trikeshed/src/commonMain/kotlin/borg/trikeshed/net/socks/Socks5Client.kt:394:20 Suspend function 'expect suspend fun close(): Unit' can only be called from a coroutine or another suspend function.
e: file:///Users/jim/work/v2superbikeshed/Trikeshed/src/commonMain/kotlin/borg/trikeshed/net/socks/Socks5Client.kt:400:30 Unresolved reference. None of the following candidates is applicable because of a receiver type mismatch:
fun Join<Int, Function1<Int, Byte>>.toByteArray(): ByteArray
e: file:///Users/jim/work/v2superbikeshed/Trikeshed/src/commonMain/kotlin/borg/trikeshed/net/socks/Socks5Client.kt:408:9 Unresolved reference 'System'.
e: file:///Users/jim/work/v2superbikeshed/Trikeshed/src/commonMain/kotlin/borg/trikeshed/net/socks/Socks5Server.kt:15:33 Unresolved reference 'Socks5Protocol'.
e: file:///Users/jim/work/v2superbikeshed/Trikeshed/src/commonMain/kotlin/borg/trikeshed/net/socks/Socks5Server.kt:198:16 None of the following candidates is applicable:
val CoroutineScope.isActive: Boolean
val CoroutineContext.isActive: Boolean
val FlowCollector<*>.isActive: Boolean
e: file:///Users/jim/work/v2superbikeshed/Trikeshed/src/commonMain/kotlin/borg/trikeshed/net/socks/Socks5Server.kt:202:65 Unresolved reference 'fd'.
e: file:///Users/jim/work/v2superbikeshed/Trikeshed/src/commonMain/kotlin/borg/trikeshed/net/socks/Socks5Server.kt:241:21 None of the following candidates is applicable:
val CoroutineScope.isActive: Boolean
val CoroutineContext.isActive: Boolean
val FlowCollector<*>.isActive: Boolean
e: file:///Users/jim/work/v2superbikeshed/Trikeshed/src/commonMain/kotlin/borg/trikeshed/net/socks/Socks5Server.kt:294:24 Unresolved reference 'VERSION'.
e: file:///Users/jim/work/v2superbikeshed/Trikeshed/src/commonMain/kotlin/borg/trikeshed/net/socks/Socks5Server.kt:296:42 Unresolved reference 'Methods'.
e: file:///Users/jim/work/v2superbikeshed/Trikeshed/src/commonMain/kotlin/borg/trikeshed/net/socks/Socks5Server.kt:297:13 'return' is prohibited here.
e: file:///Users/jim/work/v2superbikeshed/Trikeshed/src/commonMain/kotlin/borg/trikeshed/net/socks/Socks5Server.kt:301:65 Too many arguments for 'suspend fun read(buffer: ByteArray): Int'.
e: file:///Users/jim/work/v2superbikeshed/Trikeshed/src/commonMain/kotlin/borg/trikeshed/net/socks/Socks5Server.kt:301:68 Too many arguments for 'suspend fun read(buffer: ByteArray): Int'.
e: file:///Users/jim/work/v2superbikeshed/Trikeshed/src/commonMain/kotlin/borg/trikeshed/net/socks/Socks5Server.kt:304:13 'return' is prohibited here.
e: file:///Users/jim/work/v2superbikeshed/Trikeshed/src/commonMain/kotlin/borg/trikeshed/net/socks/Socks5Server.kt:310:34 Unresolved reference 'Methods'.
e: file:///Users/jim/work/v2superbikeshed/Trikeshed/src/commonMain/kotlin/borg/trikeshed/net/socks/Socks5Server.kt:318:42 Unresolved reference 'Methods'.
e: file:///Users/jim/work/v2superbikeshed/Trikeshed/src/commonMain/kotlin/borg/trikeshed/net/socks/Socks5Server.kt:319:13 'return' is prohibited here.
e: file:///Users/jim/work/v2superbikeshed/Trikeshed/src/commonMain/kotlin/borg/trikeshed/net/socks/Socks5Server.kt:323:38 Unresolved reference 'Methods'.
e: file:///Users/jim/work/v2superbikeshed/Trikeshed/src/commonMain/kotlin/borg/trikeshed/net/socks/Socks5Server.kt:325:9 'return' is prohibited here.
e: file:///Users/jim/work/v2superbikeshed/Trikeshed/src/commonMain/kotlin/borg/trikeshed/net/socks/Socks5Server.kt:332:36 Unresolved reference 'VERSION'.
e: file:///Users/jim/work/v2superbikeshed/Trikeshed/src/commonMain/kotlin/borg/trikeshed/net/socks/Socks5Server.kt:343:58 Too many arguments for 'suspend fun read(buffer: ByteArray): Int'.
e: file:///Users/jim/work/v2superbikeshed/Trikeshed/src/commonMain/kotlin/borg/trikeshed/net/socks/Socks5Server.kt:343:61 Too many arguments for 'suspend fun read(buffer: ByteArray): Int'.
e: file:///Users/jim/work/v2superbikeshed/Trikeshed/src/commonMain/kotlin/borg/trikeshed/net/socks/Socks5Server.kt:346:35 Unresolved reference 'ReplyCodes'.
e: file:///Users/jim/work/v2superbikeshed/Trikeshed/src/commonMain/kotlin/borg/trikeshed/net/socks/Socks5Server.kt:355:24 Unresolved reference 'VERSION'.
e: file:///Users/jim/work/v2superbikeshed/Trikeshed/src/commonMain/kotlin/borg/trikeshed/net/socks/Socks5Server.kt:357:35 Unresolved reference 'ReplyCodes'.
e: file:///Users/jim/work/v2superbikeshed/Trikeshed/src/commonMain/kotlin/borg/trikeshed/net/socks/Socks5Server.kt:365:35 Unresolved reference 'ReplyCodes'.
e: file:///Users/jim/work/v2superbikeshed/Trikeshed/src/commonMain/kotlin/borg/trikeshed/net/socks/Socks5Server.kt:371:13 Unresolved reference 'Commands'.
e: file:///Users/jim/work/v2superbikeshed/Trikeshed/src/commonMain/kotlin/borg/trikeshed/net/socks/Socks5Server.kt:372:13 Unresolved reference 'Commands'.
e: file:///Users/jim/work/v2superbikeshed/Trikeshed/src/commonMain/kotlin/borg/trikeshed/net/socks/Socks5Server.kt:373:13 Unresolved reference 'Commands'.
e: file:///Users/jim/work/v2superbikeshed/Trikeshed/src/commonMain/kotlin/borg/trikeshed/net/socks/Socks5Server.kt:376:39 Unresolved reference 'ReplyCodes'.
e: file:///Users/jim/work/v2superbikeshed/Trikeshed/src/commonMain/kotlin/borg/trikeshed/net/socks/Socks5Server.kt:393:33 Unresolved reference 'createClientChannel'.
e: file:///Users/jim/work/v2superbikeshed/Trikeshed/src/commonMain/kotlin/borg/trikeshed/net/socks/Socks5Server.kt:400:35 Unresolved reference 'ReplyCodes'.
e: file:///Users/jim/work/v2superbikeshed/Trikeshed/src/commonMain/kotlin/borg/trikeshed/net/socks/Socks5Server.kt:408:21 Unresolved reference 'ReplyCodes'.
e: file:///Users/jim/work/v2superbikeshed/Trikeshed/src/commonMain/kotlin/borg/trikeshed/net/socks/Socks5Server.kt:410:21 Unresolved reference 'ReplyCodes'.
e: file:///Users/jim/work/v2superbikeshed/Trikeshed/src/commonMain/kotlin/borg/trikeshed/net/socks/Socks5Server.kt:411:25 Unresolved reference 'ReplyCodes'.
e: file:///Users/jim/work/v2superbikeshed/Trikeshed/src/commonMain/kotlin/borg/trikeshed/net/socks/Socks5Server.kt:429:31 Unresolved reference 'createServerChannel'.
e: file:///Users/jim/work/v2superbikeshed/Trikeshed/src/commonMain/kotlin/borg/trikeshed/net/socks/Socks5Server.kt:437:35 Unresolved reference 'ReplyCodes'.
e: file:///Users/jim/work/v2superbikeshed/Trikeshed/src/commonMain/kotlin/borg/trikeshed/net/socks/Socks5Server.kt:450:43 Unresolved reference 'ReplyCodes'.
e: file:///Users/jim/work/v2superbikeshed/Trikeshed/src/commonMain/kotlin/borg/trikeshed/net/socks/Socks5Server.kt:457:43 Unresolved reference 'ReplyCodes'.
e: file:///Users/jim/work/v2superbikeshed/Trikeshed/src/commonMain/kotlin/borg/trikeshed/net/socks/Socks5Server.kt:463:35 Unresolved reference 'ReplyCodes'.
e: file:///Users/jim/work/v2superbikeshed/Trikeshed/src/commonMain/kotlin/borg/trikeshed/net/socks/Socks5Server.kt:479:30 Unresolved reference 'createUdpChannel'.
e: file:///Users/jim/work/v2superbikeshed/Trikeshed/src/commonMain/kotlin/borg/trikeshed/net/socks/Socks5Server.kt:487:35 Unresolved reference 'ReplyCodes'.
e: file:///Users/jim/work/v2superbikeshed/Trikeshed/src/commonMain/kotlin/borg/trikeshed/net/socks/Socks5Server.kt:496:35 Unresolved reference 'ReplyCodes'.
e: file:///Users/jim/work/v2superbikeshed/Trikeshed/src/commonMain/kotlin/borg/trikeshed/net/socks/Socks5Server.kt:550:20 None of the following candidates is applicable:
val CoroutineScope.isActive: Boolean
val CoroutineContext.isActive: Boolean
val FlowCollector<*>.isActive: Boolean
e: file:///Users/jim/work/v2superbikeshed/Trikeshed/src/commonMain/kotlin/borg/trikeshed/net/socks/Socks5Server.kt:600:22 Unresolved reference 'VERSION'.
e: file:///Users/jim/work/v2superbikeshed/Trikeshed/src/commonMain/kotlin/borg/trikeshed/net/socks/Socks5Server.kt:608:30 Unresolved reference 'AddressTypes'.
e: file:///Users/jim/work/v2superbikeshed/Trikeshed/src/commonMain/kotlin/borg/trikeshed/net/socks/Socks5Server.kt:614:30 Unresolved reference 'AddressTypes'.
e: file:///Users/jim/work/v2superbikeshed/Trikeshed/src/commonMain/kotlin/borg/trikeshed/net/socks/Socks5Server.kt:621:30 Unresolved reference 'AddressTypes'.
e: file:///Users/jim/work/v2superbikeshed/Trikeshed/src/commonMain/kotlin/borg/trikeshed/net/socks/Socks5Server.kt:622:42 Unresolved reference. None of the following candidates is applicable because of a receiver type mismatch:
fun Join<Int, Function1<Int, Byte>>.toByteArray(): ByteArray
e: file:///Users/jim/work/v2superbikeshed/Trikeshed/src/commonMain/kotlin/borg/trikeshed/net/socks/Socks5Server.kt:646:13 Unresolved reference 'AddressTypes'.
e: file:///Users/jim/work/v2superbikeshed/Trikeshed/src/commonMain/kotlin/borg/trikeshed/net/socks/Socks5Server.kt:655:13 Unresolved reference 'AddressTypes'.
e: file:///Users/jim/work/v2superbikeshed/Trikeshed/src/commonMain/kotlin/borg/trikeshed/net/socks/Socks5Server.kt:660:28 Cannot access 'constructor(leftIfInSum: String?, length: Int, _chars: WasmCharArray): String': it is internal in 'kotlin/String'.
e: file:///Users/jim/work/v2superbikeshed/Trikeshed/src/commonMain/kotlin/borg/trikeshed/net/socks/Socks5Server.kt:664:13 Unresolved reference 'AddressTypes'.
e: file:///Users/jim/work/v2superbikeshed/Trikeshed/src/commonMain/kotlin/borg/trikeshed/net/socks/Socks5Server.kt:685:13 Argument type mismatch: actual type is 'Pair<A (of fun <A, B> A.to), B (of fun <A, B> A.to)>', but 'K (of fun <K> WHEN_CALL)' was expected.
e: file:///Users/jim/work/v2superbikeshed/Trikeshed/src/commonMain/kotlin/borg/trikeshed/net/socks/Socks5Server.kt:685:42 Cannot infer type for this parameter. Specify it explicitly.
e: file:///Users/jim/work/v2superbikeshed/Trikeshed/src/commonMain/kotlin/borg/trikeshed/net/socks/Socks5Server.kt:685:42 Unresolved reference. None of the following candidates is applicable because of a receiver type mismatch:
fun <A, B> A.to(that: B): Pair<A, B>
e: file:///Users/jim/work/v2superbikeshed/Trikeshed/src/commonMain/kotlin/borg/trikeshed/net/socks/Socks5Server.kt:687:13 Argument type mismatch: actual type is 'Pair<String, Int>', but 'K (of fun <K> WHEN_CALL)' was expected.
e: file:///Users/jim/work/v2superbikeshed/Trikeshed/src/commonMain/kotlin/borg/trikeshed/net/socks/Socks5Server.kt:725:26 Unresolved reference 'System'.
e: file:///Users/jim/work/v2superbikeshed/Trikeshed/src/commonMain/kotlin/borg/trikeshed/net/socks/Socks5Server.kt:725:57 Unresolved reference 'Math'.
e: file:///Users/jim/work/v2superbikeshed/Trikeshed/src/commonMain/kotlin/borg/trikeshed/net/socks/Socks5Server.kt:725:80 Cannot access 'fun Iterable<RegexOption>.toInt(): Int': it is private in file.
e: file:///Users/jim/work/v2superbikeshed/Trikeshed/src/commonMain/kotlin/borg/trikeshed/net/socks/Socks5Server.kt:734:23 Unresolved reference 'submitBatch'.
e: file:///Users/jim/work/v2superbikeshed/Trikeshed/src/commonMain/kotlin/borg/trikeshed/net/socks/Socks5Server.kt:737:37 Unresolved reference 'waitCompletions'.
e: file:///Users/jim/work/v2superbikeshed/Trikeshed/src/commonMain/kotlin/borg/trikeshed/net/socks/Socks5Server.kt:769:43 Unresolved reference 'fd'.
e: file:///Users/jim/work/v2superbikeshed/Trikeshed/src/commonMain/kotlin/borg/trikeshed/net/socks/Socks5Server.kt:778:54 Smart cast to 'AsyncChannel' is impossible, because 'targetChannel' is a mutable property that could be mutated concurrently.
e: file:///Users/jim/work/v2superbikeshed/Trikeshed/src/commonMain/kotlin/borg/trikeshed/net/socks/Socks5Server.kt:791:67 Unresolved reference 'fd'.
e: file:///Users/jim/work/v2superbikeshed/Trikeshed/src/commonMain/kotlin/borg/trikeshed/net/socks/Socks5Server.kt:792:36 Unresolved reference 'context'.
e: file:///Users/jim/work/v2superbikeshed/Trikeshed/src/commonMain/kotlin/borg/trikeshed/net/socks/Socks5Server.kt:796:46 Unresolved reference 'fd'.
e: file:///Users/jim/work/v2superbikeshed/Trikeshed/src/commonMain/kotlin/borg/trikeshed/net/socks/Socks5Server.kt:796:68 Too many arguments for 'constructor(fd: Int, buffer: ByteArray, offset: Long): SqeOp.Write'.
e: file:///Users/jim/work/v2superbikeshed/Trikeshed/src/commonMain/kotlin/borg/trikeshed/net/socks/Socks5Server.kt:797:20 Unresolved reference 'context'.
e: file:///Users/jim/work/v2superbikeshed/Trikeshed/src/commonMain/kotlin/borg/trikeshed/net/socks/Socks5Server.kt:807:17 Conflicting declarations:
val fd: Int
e: file:///Users/jim/work/v2superbikeshed/Trikeshed/src/commonMain/kotlin/borg/trikeshed/net/socks/Socks5Server.kt:812:24 Overload resolution ambiguity between candidates:
val fd: Int
val fd: Int
e: file:///Users/jim/work/v2superbikeshed/Trikeshed/src/commonMain/kotlin/borg/trikeshed/net/socks/Socks5Server.kt:814:24 Unresolved reference 'submitAndWait'.
e: file:///Users/jim/work/v2superbikeshed/Trikeshed/src/commonMain/kotlin/borg/trikeshed/net/socks/Socks5Server.kt:819:25 Overload resolution ambiguity between candidates:
val fd: Int
val fd: Int
e: file:///Users/jim/work/v2superbikeshed/Trikeshed/src/commonMain/kotlin/borg/trikeshed/net/socks/Socks5Server.kt:821:24 Unresolved reference 'submitAndWait'.
e: file:///Users/jim/work/v2superbikeshed/Trikeshed/src/commonMain/kotlin/borg/trikeshed/net/socks/Socks5Server.kt:824:55 Unresolved reference 'getLocalAddress'.
e: file:///Users/jim/work/v2superbikeshed/Trikeshed/src/commonMain/kotlin/borg/trikeshed/net/socks/Socks5Server.kt:824:71 Overload resolution ambiguity between candidates:
val fd: Int
val fd: Int
e: file:///Users/jim/work/v2superbikeshed/Trikeshed/src/commonMain/kotlin/borg/trikeshed/net/socks/Socks5Server.kt:825:56 Unresolved reference 'getRemoteAddress'.
e: file:///Users/jim/work/v2superbikeshed/Trikeshed/src/commonMain/kotlin/borg/trikeshed/net/socks/Socks5Server.kt:825:73 Overload resolution ambiguity between candidates:
val fd: Int
val fd: Int
e: file:///Users/jim/work/v2superbikeshed/Trikeshed/src/commonMain/kotlin/borg/trikeshed/net/socks/Socks5Server.kt:826:50 Unresolved reference 'isOpen'.
e: file:///Users/jim/work/v2superbikeshed/Trikeshed/src/commonMain/kotlin/borg/trikeshed/net/socks/Socks5Server.kt:826:57 Overload resolution ambiguity between candidates:
val fd: Int
val fd: Int
e: file:///Users/jim/work/v2superbikeshed/Trikeshed/src/commonMain/kotlin/borg/trikeshed/net/socks/Socks5Server.kt:828:36 Unresolved reference 'close'.
e: file:///Users/jim/work/v2superbikeshed/Trikeshed/src/commonMain/kotlin/borg/trikeshed/net/socks/Socks5Server.kt:828:42 Overload resolution ambiguity between candidates:
val fd: Int
val fd: Int
e: file:///Users/jim/work/v2superbikeshed/Trikeshed/src/commonMain/kotlin/borg/trikeshed/net/socks/Socks5Server.kt:830:9 Conflicting declarations:
val fd: Int
e: file:///Users/jim/work/v2superbikeshed/Trikeshed/src/commonMain/kotlin/borg/trikeshed/net/socks/Socks5Server.kt:830:25 Overload resolution ambiguity between candidates:
val fd: Int
val fd: Int
e: file:///Users/jim/work/v2superbikeshed/Trikeshed/src/commonMain/kotlin/borg/trikeshed/net/socks/Socks5Server.kt:837:5 This type is final, so it cannot be extended.
e: file:///Users/jim/work/v2superbikeshed/Trikeshed/src/commonMain/kotlin/borg/trikeshed/net/socks/Socks5Server.kt:837:26 Unresolved reference 'createServerSocket'.
e: file:///Users/jim/work/v2superbikeshed/Trikeshed/src/commonMain/kotlin/borg/trikeshed/net/socks/Socks5Server.kt:840:22 Cannot access 'val context: IOContext.UringContext': it is private in 'borg/trikeshed/net/socks/UringChannel'.
e: file:///Users/jim/work/v2superbikeshed/Trikeshed/src/commonMain/kotlin/borg/trikeshed/net/socks/Socks5Server.kt:840:30 Unresolved reference 'submitAndWait'.
e: file:///Users/jim/work/v2superbikeshed/Trikeshed/src/commonMain/kotlin/borg/trikeshed/net/socks/Socks5Server.kt:841:42 Cannot access 'val context: IOContext.UringContext': it is private in 'borg/trikeshed/net/socks/UringChannel'.
e: file:///Users/jim/work/v2superbikeshed/Trikeshed/src/commonMain/kotlin/borg/trikeshed/net/socks/Socks5Server.kt:849:5 This type is final, so it cannot be extended.
e: file:///Users/jim/work/v2superbikeshed/Trikeshed/src/commonMain/kotlin/borg/trikeshed/net/socks/Socks5Server.kt:849:26 Unresolved reference 'createSocket'.
e: file:///Users/jim/work/v2superbikeshed/Trikeshed/src/commonMain/kotlin/borg/trikeshed/net/socks/Socks5Server.kt:852:9 Unresolved reference 'runBlocking'.
e: file:///Users/jim/work/v2superbikeshed/Trikeshed/src/commonMain/kotlin/borg/trikeshed/net/socks/Socks5Server.kt:854:21 Unresolved reference 'submitAndWait'.
e: file:///Users/jim/work/v2superbikeshed/Trikeshed/src/commonMain/kotlin/borg/trikeshed/net/socks/Socks5Server.kt:861:5 This type is final, so it cannot be extended.
e: file:///Users/jim/work/v2superbikeshed/Trikeshed/src/commonMain/kotlin/borg/trikeshed/net/socks/Socks5Server.kt:861:26 Unresolved reference 'createUdpSocket'.
e: file:///Users/jim/work/v2superbikeshed/Trikeshed/src/commonMain/kotlin/borg/trikeshed/net/socks/Socks5ServerExtensions.kt:19:25 Argument type mismatch: actual type is 'ByteArray', but 'ByteArray' was expected.
e: file:///Users/jim/work/v2superbikeshed/Trikeshed/src/commonMain/kotlin/borg/trikeshed/net/socks/Socks5ServerExtensions.kt:19:25 No value passed for parameter 'offset'.
e: file:///Users/jim/work/v2superbikeshed/Trikeshed/src/commonMain/kotlin/borg/trikeshed/net/socks/Socks5ServerExtensions.kt:19:25 No value passed for parameter 'length'.
e: file:///Users/jim/work/v2superbikeshed/Trikeshed/src/commonMain/kotlin/borg/trikeshed/net/socks/Socks5ServerExtensions.kt:21:13 Unresolved reference 'System'.
e: file:///Users/jim/work/v2superbikeshed/Trikeshed/src/commonMain/kotlin/borg/trikeshed/net/socks/Socks5ServerExtensions.kt:71:52 Argument type mismatch: actual type is 'IOContext', but 'IOContext.UringContext' was expected.
e: file:///Users/jim/work/v2superbikeshed/Trikeshed/src/commonMain/kotlin/borg/trikeshed/net/socks/Socks5ServerExtensions.kt:80:55 Unresolved reference 'IO'.
e: file:///Users/jim/work/v2superbikeshed/Trikeshed/src/commonMain/kotlin/borg/trikeshed/net/socks/Socks5ServerExtensions.kt:109:9 None of the following candidates is applicable:
fun Join<Int, Function1<Int, RowVec>>.select(vararg indices: Int): Join<Int, Function1<Int, RowVec>>
fun Join<Int, Function1<Int, RowVec>>.select(vararg names: String): Join<Int, Function1<Int, RowVec>>
e: file:///Users/jim/work/v2superbikeshed/Trikeshed/src/commonMain/kotlin/borg/trikeshed/net/socks/Socks5ServerExtensions.kt:110:28 Cannot infer type for this parameter. Specify it explicitly.
e: file:///Users/jim/work/v2superbikeshed/Trikeshed/src/commonMain/kotlin/borg/trikeshed/net/socks/Socks5ServerExtensions.kt:110:35 Passing value as a vararg is allowed only inside a parenthesized argument list.
e: file:///Users/jim/work/v2superbikeshed/Trikeshed/src/commonMain/kotlin/borg/trikeshed/net/socks/Socks5ServerExtensions.kt:111:28 Cannot infer type for this parameter. Specify it explicitly.
e: file:///Users/jim/work/v2superbikeshed/Trikeshed/src/commonMain/kotlin/borg/trikeshed/net/socks/Socks5ServerExtensions.kt:111:35 Passing value as a vararg is allowed only inside a parenthesized argument list.
e: file:///Users/jim/work/v2superbikeshed/Trikeshed/src/commonMain/kotlin/borg/trikeshed/net/ssh/SSHParser.kt:7:27 Unresolved reference 'toUInt'.
e: file:///Users/jim/work/v2superbikeshed/Trikeshed/src/commonMain/kotlin/borg/trikeshed/net/ssh/SSHParser.kt:8:39 Unresolved reference 'UnaryOperator'.
e: file:///Users/jim/work/v2superbikeshed/Trikeshed/src/commonMain/kotlin/borg/trikeshed/net/ssh/SSHParser.kt:14:22 Unresolved reference. None of the following candidates is applicable because of a receiver type mismatch:
fun MatchGroupCollection.get(name: String): MatchGroup?
e: file:///Users/jim/work/v2superbikeshed/Trikeshed/src/commonMain/kotlin/borg/trikeshed/net/ssh/SSHParser.kt:14:28 None of the following candidates is applicable:
fun Byte.toUInt(): UInt
fun Short.toUInt(): UInt
fun Int.toUInt(): UInt
fun Long.toUInt(): UInt
fun Float.toUInt(): UInt
fun Double.toUInt(): UInt
fun String.toUInt(): UInt
fun String.toUInt(radix: Int): UInt
e: file:///Users/jim/work/v2superbikeshed/Trikeshed/src/commonMain/kotlin/borg/trikeshed/net/ssh/SSHParser.kt:14:37 Unresolved reference 'shl'.
e: file:///Users/jim/work/v2superbikeshed/Trikeshed/src/commonMain/kotlin/borg/trikeshed/net/ssh/SSHParser.kt:15:19 Unresolved reference. None of the following candidates is applicable because of a receiver type mismatch:
fun MatchGroupCollection.get(name: String): MatchGroup?
e: file:///Users/jim/work/v2superbikeshed/Trikeshed/src/commonMain/kotlin/borg/trikeshed/net/ssh/SSHParser.kt:15:25 None of the following candidates is applicable:
fun Byte.toUInt(): UInt
fun Short.toUInt(): UInt
fun Int.toUInt(): UInt
fun Long.toUInt(): UInt
fun Float.toUInt(): UInt
fun Double.toUInt(): UInt
fun String.toUInt(): UInt
fun String.toUInt(radix: Int): UInt
e: file:///Users/jim/work/v2superbikeshed/Trikeshed/src/commonMain/kotlin/borg/trikeshed/net/ssh/SSHParser.kt:15:34 Unresolved reference 'shl'.
e: file:///Users/jim/work/v2superbikeshed/Trikeshed/src/commonMain/kotlin/borg/trikeshed/net/ssh/SSHParser.kt:16:19 Unresolved reference. None of the following candidates is applicable because of a receiver type mismatch:
fun MatchGroupCollection.get(name: String): MatchGroup?
e: file:///Users/jim/work/v2superbikeshed/Trikeshed/src/commonMain/kotlin/borg/trikeshed/net/ssh/SSHParser.kt:16:25 None of the following candidates is applicable:
fun Byte.toUInt(): UInt
fun Short.toUInt(): UInt
fun Int.toUInt(): UInt
fun Long.toUInt(): UInt
fun Float.toUInt(): UInt
fun Double.toUInt(): UInt
fun String.toUInt(): UInt
fun String.toUInt(radix: Int): UInt
e: file:///Users/jim/work/v2superbikeshed/Trikeshed/src/commonMain/kotlin/borg/trikeshed/net/ssh/SSHParser.kt:16:34 Unresolved reference 'shl'.
e: file:///Users/jim/work/v2superbikeshed/Trikeshed/src/commonMain/kotlin/borg/trikeshed/net/ssh/SSHParser.kt:17:18 Unresolved reference. None of the following candidates is applicable because of a receiver type mismatch:
fun MatchGroupCollection.get(name: String): MatchGroup?
e: file:///Users/jim/work/v2superbikeshed/Trikeshed/src/commonMain/kotlin/borg/trikeshed/net/ssh/SSHParser.kt:17:24 None of the following candidates is applicable:
fun Byte.toUInt(): UInt
fun Short.toUInt(): UInt
fun Int.toUInt(): UInt
fun Long.toUInt(): UInt
fun Float.toUInt(): UInt
fun Double.toUInt(): UInt
fun String.toUInt(): UInt
fun String.toUInt(radix: Int): UInt
e: file:///Users/jim/work/v2superbikeshed/Trikeshed/src/commonMain/kotlin/borg/trikeshed/net/ssh/SSHParser.kt:24:12 Return type mismatch: expected 'Byte?', actual 'MatchGroup?'.
e: file:///Users/jim/work/v2superbikeshed/Trikeshed/src/commonMain/kotlin/borg/trikeshed/net/ssh/SSHParser.kt:24:17 Unresolved reference. None of the following candidates is applicable because of a receiver type mismatch:
fun MatchGroupCollection.get(name: String): MatchGroup?
e: file:///Users/jim/work/v2superbikeshed/Trikeshed/src/commonMain/kotlin/borg/trikeshed/net/ssh/SSHParser.kt:30:22 None of the following candidates is applicable:
fun <T> Array<out T>.slice(indices: IntRange): List<T>
fun ByteArray.slice(indices: IntRange): List<Byte>
fun ShortArray.slice(indices: IntRange): List<Short>
fun IntArray.slice(indices: IntRange): List<Int>
fun LongArray.slice(indices: IntRange): List<Long>
fun FloatArray.slice(indices: IntRange): List<Float>
fun DoubleArray.slice(indices: IntRange): List<Double>
fun BooleanArray.slice(indices: IntRange): List<Boolean>
fun CharArray.slice(indices: IntRange): List<Char>
fun <T> Array<out T>.slice(indices: Iterable<Int>): List<T>
fun ByteArray.slice(indices: Iterable<Int>): List<Byte>
fun ShortArray.slice(indices: Iterable<Int>): List<Short>
fun IntArray.slice(indices: Iterable<Int>): List<Int>
fun LongArray.slice(indices: Iterable<Int>): List<Long>
fun FloatArray.slice(indices: Iterable<Int>): List<Float>
fun DoubleArray.slice(indices: Iterable<Int>): List<Double>
fun BooleanArray.slice(indices: Iterable<Int>): List<Boolean>
fun CharArray.slice(indices: Iterable<Int>): List<Char>
fun <T> List<T>.slice(indices: IntRange): List<T>
fun <T> List<T>.slice(indices: Iterable<Int>): List<T>
fun UIntArray.slice(indices: IntRange): List<UInt>
fun ULongArray.slice(indices: IntRange): List<ULong>
fun UByteArray.slice(indices: IntRange): List<UByte>
fun UShortArray.slice(indices: IntRange): List<UShort>
fun UIntArray.slice(indices: Iterable<Int>): List<UInt>
fun ULongArray.slice(indices: Iterable<Int>): List<ULong>
fun UByteArray.slice(indices: Iterable<Int>): List<UByte>
fun UShortArray.slice(indices: Iterable<Int>): List<UShort>
fun CharSequence.slice(indices: IntRange): CharSequence
fun String.slice(indices: IntRange): String
fun CharSequence.slice(indices: Iterable<Int>): CharSequence
fun String.slice(indices: Iterable<Int>): String
e: file:///Users/jim/work/v2superbikeshed/Trikeshed/src/commonMain/kotlin/borg/trikeshed/net/ssh/SSHParser.kt:36:24 Unresolved reference 'UnaryOperator'.
e: file:///Users/jim/work/v2superbikeshed/Trikeshed/src/commonMain/kotlin/borg/trikeshed/net/ssh/SSHParser.kt:37:5 'invoke' overrides nothing.
e: file:///Users/jim/work/v2superbikeshed/Trikeshed/src/commonMain/kotlin/borg/trikeshed/net/ssh/SSHParser.kt:50:26 Unresolved reference 'UnaryOperator'.
e: file:///Users/jim/work/v2superbikeshed/Trikeshed/src/commonMain/kotlin/borg/trikeshed/net/ssh/SSHParser.kt:51:5 'invoke' overrides nothing.
e: file:///Users/jim/work/v2superbikeshed/Trikeshed/src/commonMain/kotlin/borg/trikeshed/net/ssh/SSHParser.kt:78:41 None of the following candidates is applicable:
fun <T> Array<out T>.slice(indices: IntRange): List<T>
fun ByteArray.slice(indices: IntRange): List<Byte>
fun ShortArray.slice(indices: IntRange): List<Short>
fun IntArray.slice(indices: IntRange): List<Int>
fun LongArray.slice(indices: IntRange): List<Long>
fun FloatArray.slice(indices: IntRange): List<Float>
fun DoubleArray.slice(indices: IntRange): List<Double>
fun BooleanArray.slice(indices: IntRange): List<Boolean>
fun CharArray.slice(indices: IntRange): List<Char>
fun <T> Array<out T>.slice(indices: Iterable<Int>): List<T>
fun ByteArray.slice(indices: Iterable<Int>): List<Byte>
fun ShortArray.slice(indices: Iterable<Int>): List<Short>
fun IntArray.slice(indices: Iterable<Int>): List<Int>
fun LongArray.slice(indices: Iterable<Int>): List<Long>
fun FloatArray.slice(indices: Iterable<Int>): List<Float>
fun DoubleArray.slice(indices: Iterable<Int>): List<Double>
fun BooleanArray.slice(indices: Iterable<Int>): List<Boolean>
fun CharArray.slice(indices: Iterable<Int>): List<Char>
fun <T> List<T>.slice(indices: IntRange): List<T>
fun <T> List<T>.slice(indices: Iterable<Int>): List<T>
fun UIntArray.slice(indices: IntRange): List<UInt>
fun ULongArray.slice(indices: IntRange): List<ULong>
fun UByteArray.slice(indices: IntRange): List<UByte>
fun UShortArray.slice(indices: IntRange): List<UShort>
fun UIntArray.slice(indices: Iterable<Int>): List<UInt>
fun ULongArray.slice(indices: Iterable<Int>): List<ULong>
fun UByteArray.slice(indices: Iterable<Int>): List<UByte>
fun UShortArray.slice(indices: Iterable<Int>): List<UShort>
fun CharSequence.slice(indices: IntRange): CharSequence
fun String.slice(indices: IntRange): String
fun CharSequence.slice(indices: Iterable<Int>): CharSequence
fun String.slice(indices: Iterable<Int>): String
e: file:///Users/jim/work/v2superbikeshed/Trikeshed/src/commonMain/kotlin/borg/trikeshed/net/ssh/SSHParser.kt:79:41 None of the following candidates is applicable:
fun <T> Array<out T>.slice(indices: IntRange): List<T>
fun ByteArray.slice(indices: IntRange): List<Byte>
fun ShortArray.slice(indices: IntRange): List<Short>
fun IntArray.slice(indices: IntRange): List<Int>
fun LongArray.slice(indices: IntRange): List<Long>
fun FloatArray.slice(indices: IntRange): List<Float>
fun DoubleArray.slice(indices: IntRange): List<Double>
fun BooleanArray.slice(indices: IntRange): List<Boolean>
fun CharArray.slice(indices: IntRange): List<Char>
fun <T> Array<out T>.slice(indices: Iterable<Int>): List<T>
fun ByteArray.slice(indices: Iterable<Int>): List<Byte>
fun ShortArray.slice(indices: Iterable<Int>): List<Short>
fun IntArray.slice(indices: Iterable<Int>): List<Int>
fun LongArray.slice(indices: Iterable<Int>): List<Long>
fun FloatArray.slice(indices: Iterable<Int>): List<Float>
fun DoubleArray.slice(indices: Iterable<Int>): List<Double>
fun BooleanArray.slice(indices: Iterable<Int>): List<Boolean>
fun CharArray.slice(indices: Iterable<Int>): List<Char>
fun <T> List<T>.slice(indices: IntRange): List<T>
fun <T> List<T>.slice(indices: Iterable<Int>): List<T>
fun UIntArray.slice(indices: IntRange): List<UInt>
fun ULongArray.slice(indices: IntRange): List<ULong>
fun UByteArray.slice(indices: IntRange): List<UByte>
fun UShortArray.slice(indices: IntRange): List<UShort>
fun UIntArray.slice(indices: Iterable<Int>): List<UInt>
fun ULongArray.slice(indices: Iterable<Int>): List<ULong>
fun UByteArray.slice(indices: Iterable<Int>): List<UByte>
fun UShortArray.slice(indices: Iterable<Int>): List<UShort>
fun CharSequence.slice(indices: IntRange): CharSequence
fun String.slice(indices: IntRange): String
fun CharSequence.slice(indices: Iterable<Int>): CharSequence
fun String.slice(indices: Iterable<Int>): String
e: file:///Users/jim/work/v2superbikeshed/Trikeshed/src/commonMain/kotlin/borg/trikeshed/net/ssh/SSHParser.kt:83:21 Unresolved reference 'j'.
e: file:///Users/jim/work/v2superbikeshed/Trikeshed/src/commonMain/kotlin/borg/trikeshed/net/ssh/SSHParser.kt:111:36 Unresolved reference 'readSSHNameList'.
e: file:///Users/jim/work/v2superbikeshed/Trikeshed/src/commonMain/kotlin/borg/trikeshed/net/ssh/SSHParser.kt:111:69 Unresolved reference 'asString'.
e: file:///Users/jim/work/v2superbikeshed/Trikeshed/src/commonMain/kotlin/borg/trikeshed/net/ssh/SSHParser.kt:111:93 Unresolved reference 'toIdx'.
e: file:///Users/jim/work/v2superbikeshed/Trikeshed/src/commonMain/kotlin/borg/trikeshed/net/ssh/SSHParser.kt:112:46 Unresolved reference 'readSSHNameList'.
e: file:///Users/jim/work/v2superbikeshed/Trikeshed/src/commonMain/kotlin/borg/trikeshed/net/ssh/SSHParser.kt:112:79 Unresolved reference 'asString'.
e: file:///Users/jim/work/v2superbikeshed/Trikeshed/src/commonMain/kotlin/borg/trikeshed/net/ssh/SSHParser.kt:112:103 Unresolved reference 'toIdx'.
e: file:///Users/jim/work/v2superbikeshed/Trikeshed/src/commonMain/kotlin/borg/trikeshed/net/ssh/SSHParser.kt:113:57 Unresolved reference 'readSSHNameList'.
e: file:///Users/jim/work/v2superbikeshed/Trikeshed/src/commonMain/kotlin/borg/trikeshed/net/ssh/SSHParser.kt:113:90 Unresolved reference 'asString'.
e: file:///Users/jim/work/v2superbikeshed/Trikeshed/src/commonMain/kotlin/borg/trikeshed/net/ssh/SSHParser.kt:113:114 Unresolved reference 'toIdx'.
e: file:///Users/jim/work/v2superbikeshed/Trikeshed/src/commonMain/kotlin/borg/trikeshed/net/ssh/SSHParser.kt:114:57 Unresolved reference 'readSSHNameList'.
e: file:///Users/jim/work/v2superbikeshed/Trikeshed/src/commonMain/kotlin/borg/trikeshed/net/ssh/SSHParser.kt:114:90 Unresolved reference 'asString'.
e: file:///Users/jim/work/v2superbikeshed/Trikeshed/src/commonMain/kotlin/borg/trikeshed/net/ssh/SSHParser.kt:114:114 Unresolved reference 'toIdx'.
e: file:///Users/jim/work/v2superbikeshed/Trikeshed/src/commonMain/kotlin/borg/trikeshed/net/ssh/SSHParser.kt:115:50 Unresolved reference 'readSSHNameList'.
e: file:///Users/jim/work/v2superbikeshed/Trikeshed/src/commonMain/kotlin/borg/trikeshed/net/ssh/SSHParser.kt:115:83 Unresolved reference 'asString'.
e: file:///Users/jim/work/v2superbikeshed/Trikeshed/src/commonMain/kotlin/borg/trikeshed/net/ssh/SSHParser.kt:115:107 Unresolved reference 'toIdx'.
e: file:///Users/jim/work/v2superbikeshed/Trikeshed/src/commonMain/kotlin/borg/trikeshed/net/ssh/SSHParser.kt:116:50 Unresolved reference 'readSSHNameList'.
e: file:///Users/jim/work/v2superbikeshed/Trikeshed/src/commonMain/kotlin/borg/trikeshed/net/ssh/SSHParser.kt:116:83 Unresolved reference 'asString'.
e: file:///Users/jim/work/v2superbikeshed/Trikeshed/src/commonMain/kotlin/borg/trikeshed/net/ssh/SSHParser.kt:116:107 Unresolved reference 'toIdx'.
e: file:///Users/jim/work/v2superbikeshed/Trikeshed/src/commonMain/kotlin/borg/trikeshed/net/ssh/SSHParser.kt:117:58 Unresolved reference 'readSSHNameList'.
e: file:///Users/jim/work/v2superbikeshed/Trikeshed/src/commonMain/kotlin/borg/trikeshed/net/ssh/SSHParser.kt:117:91 Unresolved reference 'asString'.
e: file:///Users/jim/work/v2superbikeshed/Trikeshed/src/commonMain/kotlin/borg/trikeshed/net/ssh/SSHParser.kt:117:115 Unresolved reference 'toIdx'.
e: file:///Users/jim/work/v2superbikeshed/Trikeshed/src/commonMain/kotlin/borg/trikeshed/net/ssh/SSHParser.kt:118:58 Unresolved reference 'readSSHNameList'.
e: file:///Users/jim/work/v2superbikeshed/Trikeshed/src/commonMain/kotlin/borg/trikeshed/net/ssh/SSHParser.kt:118:91 Unresolved reference 'asString'.
e: file:///Users/jim/work/v2superbikeshed/Trikeshed/src/commonMain/kotlin/borg/trikeshed/net/ssh/SSHParser.kt:118:115 Unresolved reference 'toIdx'.
e: file:///Users/jim/work/v2superbikeshed/Trikeshed/src/commonMain/kotlin/borg/trikeshed/net/ssh/SSHParser.kt:119:46 Unresolved reference 'readSSHNameList'.
e: file:///Users/jim/work/v2superbikeshed/Trikeshed/src/commonMain/kotlin/borg/trikeshed/net/ssh/SSHParser.kt:119:79 Unresolved reference 'asString'.
e: file:///Users/jim/work/v2superbikeshed/Trikeshed/src/commonMain/kotlin/borg/trikeshed/net/ssh/SSHParser.kt:119:103 Unresolved reference 'toIdx'.
e: file:///Users/jim/work/v2superbikeshed/Trikeshed/src/commonMain/kotlin/borg/trikeshed/net/ssh/SSHParser.kt:120:46 Unresolved reference 'readSSHNameList'.
e: file:///Users/jim/work/v2superbikeshed/Trikeshed/src/commonMain/kotlin/borg/trikeshed/net/ssh/SSHParser.kt:120:79 Unresolved reference 'asString'.
e: file:///Users/jim/work/v2superbikeshed/Trikeshed/src/commonMain/kotlin/borg/trikeshed/net/ssh/SSHParser.kt:120:103 Unresolved reference 'toIdx'.
e: file:///Users/jim/work/v2superbikeshed/Trikeshed/src/commonMain/kotlin/borg/trikeshed/net/ssh/SSHParser.kt:159:30 Unresolved reference 'readSSHString'.
e: file:///Users/jim/work/v2superbikeshed/Trikeshed/src/commonMain/kotlin/borg/trikeshed/net/ssh/SSHParser.kt:162:41 Unresolved reference 'readSSHString'.
e: file:///Users/jim/work/v2superbikeshed/Trikeshed/src/commonMain/kotlin/borg/trikeshed/net/ssh/SSHParser.kt:165:32 Unresolved reference 'readSSHString'.
e: file:///Users/jim/work/v2superbikeshed/Trikeshed/src/commonMain/kotlin/borg/trikeshed/net/ssh/SSHProtocol.kt:149:20 None of the following candidates is applicable:
object State : Any
typealias State = Int
e: file:///Users/jim/work/v2superbikeshed/Trikeshed/src/commonMain/kotlin/borg/trikeshed/net/ssh/SSHProtocol.kt:152:9 Unresolved reference 'CoroutineContext'.
e: file:///Users/jim/work/v2superbikeshed/Trikeshed/src/commonMain/kotlin/borg/trikeshed/net/ssh/SSHProtocol.kt:153:9 'key' overrides nothing.
e: file:///Users/jim/work/v2superbikeshed/Trikeshed/src/commonMain/kotlin/borg/trikeshed/net/ssh/SSHProtocol.kt:153:27 Unresolved reference 'CoroutineContext'.
e: file:///Users/jim/work/v2superbikeshed/Trikeshed/src/commonMain/kotlin/borg/trikeshed/net/ssh/SSHProtocol.kt:155:32 Unresolved reference 'CoroutineContext'.
e: file:///Users/jim/work/v2superbikeshed/Trikeshed/src/commonMain/kotlin/borg/trikeshed/net/ssh/SSHProtocol.kt:184:24 None of the following candidates is applicable:
fun <T> Join<Int, Function1<Int, Join<Any?, TypeMemento>>>.get(column: Column<T>): T?
fun <T : Any> JsReference<T>.get(): T
e: file:///Users/jim/work/v2superbikeshed/Trikeshed/src/commonMain/kotlin/borg/trikeshed/net/ssh/SSHProtocol.kt:189:24 None of the following candidates is applicable:
fun <T> Join<Int, Function1<Int, Join<Any?, TypeMemento>>>.get(column: Column<T>): T?
fun <T : Any> JsReference<T>.get(): T
e: file:///Users/jim/work/v2superbikeshed/Trikeshed/src/commonMain/kotlin/borg/trikeshed/net/ssh/SSHProtocol.kt:194:24 None of the following candidates is applicable:
fun <T> Join<Int, Function1<Int, Join<Any?, TypeMemento>>>.get(column: Column<T>): T?
fun <T : Any> JsReference<T>.get(): T
e: file:///Users/jim/work/v2superbikeshed/Trikeshed/src/commonMain/kotlin/borg/trikeshed/net/ssh/SSHProtocol.kt:257:43 None of the following candidates is applicable:
fun <T> Join<Int, Function1<Int, Join<Any?, TypeMemento>>>.get(column: Column<T>): T?
fun <T : Any> JsReference<T>.get(): T
e: file:///Users/jim/work/v2superbikeshed/Trikeshed/src/commonMain/kotlin/borg/trikeshed/net/ssh/SSHProtocol.kt:300:34 Suspend function 'suspend fun parse(buffer: ByteIndexedBuffer): KexInit?' can only be called from a coroutine or another suspend function.
e: file:///Users/jim/work/v2superbikeshed/Trikeshed/src/commonMain/kotlin/borg/trikeshed/net/ssh/SSHProtocol.kt:348:2 Syntax error: imports are only allowed in the beginning of file.
e: file:///Users/jim/work/v2superbikeshed/Trikeshed/src/commonMain/kotlin/borg/trikeshed/net/ssh/SSHProtocol.kt:445:44 'fun plus(other: CoroutineDispatcher): CoroutineDispatcher' is deprecated. Operator '+' on two CoroutineDispatcher objects is meaningless. CoroutineDispatcher is a coroutine context element and `+` is a set-sum operator for coroutine contexts. The dispatcher to the right of `+` just replaces the dispatcher to the left.
e: file:///Users/jim/work/v2superbikeshed/Trikeshed/src/commonMain/kotlin/borg/trikeshed/net/ssh/SSHProtocol.kt:445:46 Argument type mismatch: actual type is 'SSHProtocol.SshSessionContext', but 'CoroutineDispatcher' was expected.
e: file:///Users/jim/work/v2superbikeshed/Trikeshed/src/commonMain/kotlin/borg/trikeshed/net/ssh/SSHProtocol.kt:463:26 Unresolved reference 'coroutineContext'.
e: file:///Users/jim/work/v2superbikeshed/Trikeshed/src/commonMain/kotlin/borg/trikeshed/net/ssh/SSHProtocol.kt:467:24 Unresolved reference 'remaining'.
e: file:///Users/jim/work/v2superbikeshed/Trikeshed/src/commonMain/kotlin/borg/trikeshed/net/ssh/SSHProtocol.kt:469:35 Unresolved reference 'array'.
e: file:///Users/jim/work/v2superbikeshed/Trikeshed/src/commonMain/kotlin/borg/trikeshed/net/ssh/SSHProtocol.kt:469:43 Cannot infer type for this parameter. Specify it explicitly.
e: file:///Users/jim/work/v2superbikeshed/Trikeshed/src/commonMain/kotlin/borg/trikeshed/net/ssh/SSHProtocol.kt:469:48 Cannot infer type for this parameter. Specify it explicitly.
e: file:///Users/jim/work/v2superbikeshed/Trikeshed/src/commonMain/kotlin/borg/trikeshed/net/ssh/SSHProtocol.kt:469:73 Unresolved reference 'array'.
e: file:///Users/jim/work/v2superbikeshed/Trikeshed/src/commonMain/kotlin/borg/trikeshed/net/ssh/SSHProtocol.kt:473:9 Unresolved reference 'coroutineContext'.
e: file:///Users/jim/work/v2superbikeshed/Trikeshed/src/commonMain/kotlin/borg/trikeshed/net/ssh/SSHProtocol.kt:473:9 Cannot infer type for this parameter. Specify it explicitly.
e: file:///Users/jim/work/v2superbikeshed/Trikeshed/src/commonMain/kotlin/borg/trikeshed/net/ssh/SSHProtocol.kt:473:62 Cannot infer type for this parameter. Specify it explicitly.
e: file:///Users/jim/work/v2superbikeshed/Trikeshed/src/commonMain/kotlin/borg/trikeshed/net/ssh/SSHProtocol.kt:473:62 Not enough information to infer type argument for 'T'.
e: file:///Users/jim/work/v2superbikeshed/Trikeshed/src/commonMain/kotlin/borg/trikeshed/net/ssh/SSHProtocol.kt:473:62 Not enough information to infer type argument for 'R'.
e: file:///Users/jim/work/v2superbikeshed/Trikeshed/src/commonMain/kotlin/borg/trikeshed/net/ssh/SSHProtocol.kt:473:68 Cannot infer type for this parameter. Specify it explicitly.
e: file:///Users/jim/work/v2superbikeshed/Trikeshed/src/commonMain/kotlin/borg/trikeshed/net/ssh/SSHProtocol.kt:474:17 Unresolved reference 'sequenceNumberIn'.
e: file:///Users/jim/work/v2superbikeshed/Trikeshed/src/commonMain/kotlin/borg/trikeshed/net/ssh/SSHProtocol.kt:474:55 Unresolved reference 'sequenceNumberIn'.
e: file:///Users/jim/work/v2superbikeshed/Trikeshed/src/commonMain/kotlin/borg/trikeshed/net/ssh/SSHProtocol.kt:483:72 Unresolved reference 'coroutineContext'.
e: file:///Users/jim/work/v2superbikeshed/Trikeshed/src/commonMain/kotlin/borg/trikeshed/net/ssh/SSHProtocol.kt:484:30 Cannot infer type for this parameter. Specify it explicitly.
e: file:///Users/jim/work/v2superbikeshed/Trikeshed/src/commonMain/kotlin/borg/trikeshed/net/ssh/SSHProtocol.kt:484:30 Not enough information to infer type argument for 'E'.
e: file:///Users/jim/work/v2superbikeshed/Trikeshed/src/commonMain/kotlin/borg/trikeshed/net/ssh/SSHProtocol.kt:484:30 Not enough information to infer type argument for 'K'.
e: file:///Users/jim/work/v2superbikeshed/Trikeshed/src/commonMain/kotlin/borg/trikeshed/net/ssh/SSHProtocol.kt:484:47 Argument type mismatch: actual type is 'SSHProtocol.SshSessionContext.Key', but 'CoroutineContext.Key<E (of fun <E : CoroutineContext.Element> get)>' was expected.
e: file:///Users/jim/work/v2superbikeshed/Trikeshed/src/commonMain/kotlin/borg/trikeshed/net/ssh/SSHProtocol.kt:485:27 None of the following candidates is applicable:
fun <T> Join<Int, Function1<Int, Join<Any?, TypeMemento>>>.get(column: Column<T>): T?
fun <T : Any> JsReference<T>.get(): T
e: file:///Users/jim/work/v2superbikeshed/Trikeshed/src/commonMain/kotlin/borg/trikeshed/net/ssh/SSHProtocol.kt:490:65 'return' is prohibited here.
e: file:///Users/jim/work/v2superbikeshed/Trikeshed/src/commonMain/kotlin/borg/trikeshed/net/ssh/SSHProtocol.kt:507:21 'return' is prohibited here.
e: file:///Users/jim/work/v2superbikeshed/Trikeshed/src/commonMain/kotlin/borg/trikeshed/net/ssh/SSHProtocol.kt:523:32 Unresolved reference 'state'.
e: file:///Users/jim/work/v2superbikeshed/Trikeshed/src/commonMain/kotlin/borg/trikeshed/net/ssh/SSHProtocol.kt:527:32 Unresolved reference 'state'.
e: file:///Users/jim/work/v2superbikeshed/Trikeshed/src/commonMain/kotlin/borg/trikeshed/net/ssh/SSHProtocol.kt:535:57 Argument type mismatch: actual type is 'Join<Int, Function1<Int, Byte>>', but 'ByteIndexedBuffer' was expected.
e: file:///Users/jim/work/v2superbikeshed/Trikeshed/src/commonMain/kotlin/borg/trikeshed/net/ssh/SSHProtocol.kt:535:76 'return' is prohibited here.
e: file:///Users/jim/work/v2superbikeshed/Trikeshed/src/commonMain/kotlin/borg/trikeshed/net/ssh/SSHProtocol.kt:541:32 Unresolved reference 'state'.
e: file:///Users/jim/work/v2superbikeshed/Trikeshed/src/commonMain/kotlin/borg/trikeshed/net/ssh/SSHProtocol.kt:583:22 Unresolved reference 'coroutineContext'.
e: file:///Users/jim/work/v2superbikeshed/Trikeshed/src/commonMain/kotlin/borg/trikeshed/net/ssh/SSHProtocol.kt:585:33 Unresolved reference 'toBytes'.
e: file:///Users/jim/work/v2superbikeshed/Trikeshed/src/commonMain/kotlin/borg/trikeshed/net/ssh/SSHProtocol.kt:589:20 Unresolved reference 'internalSendChannel'.
e: file:///Users/jim/work/v2superbikeshed/Trikeshed/src/commonMain/kotlin/borg/trikeshed/net/ssh/SSHProtocol.kt:589:53 Unresolved reference 'toBytes'.
e: file:///Users/jim/work/v2superbikeshed/Trikeshed/src/commonMain/kotlin/borg/trikeshed/net/ssh/SSHProtocol.kt:600:21 Unresolved reference 'coroutineContext'.
e: file:///Users/jim/work/v2superbikeshed/Trikeshed/src/commonMain/kotlin/borg/trikeshed/net/ssh/SSHProtocol.kt:601:30 Cannot infer type for this parameter. Specify it explicitly.
e: file:///Users/jim/work/v2superbikeshed/Trikeshed/src/commonMain/kotlin/borg/trikeshed/net/ssh/SSHProtocol.kt:601:30 Not enough information to infer type argument for 'E'.
e: file:///Users/jim/work/v2superbikeshed/Trikeshed/src/commonMain/kotlin/borg/trikeshed/net/ssh/SSHProtocol.kt:601:30 Not enough information to infer type argument for 'K'.
e: file:///Users/jim/work/v2superbikeshed/Trikeshed/src/commonMain/kotlin/borg/trikeshed/net/ssh/SSHProtocol.kt:601:47 Argument type mismatch: actual type is 'SSHProtocol.SshSessionContext.Key', but 'CoroutineContext.Key<E (of fun <E : CoroutineContext.Element> get)>' was expected.
e: file:///Users/jim/work/v2superbikeshed/Trikeshed/src/commonMain/kotlin/borg/trikeshed/net/ssh/SSHProtocol.kt:603:38 Unresolved reference 'nextChannelId'.
e: file:///Users/jim/work/v2superbikeshed/Trikeshed/src/commonMain/kotlin/borg/trikeshed/net/ssh/SSHProtocol.kt:604:24 Unresolved reference 'nextChannelId'.
e: file:///Users/jim/work/v2superbikeshed/Trikeshed/src/commonMain/kotlin/borg/trikeshed/net/ssh/SSHProtocol.kt:604:55 Unresolved reference 'nextChannelId'.
e: file:///Users/jim/work/v2superbikeshed/Trikeshed/src/commonMain/kotlin/borg/trikeshed/net/ssh/SSHProtocol.kt:616:24 Unresolved reference 'channels'.
e: file:///Users/jim/work/v2superbikeshed/Trikeshed/src/commonMain/kotlin/borg/trikeshed/net/ssh/SSHProtocol.kt:628:76 Unresolved reference 'coroutineContext'.
e: file:///Users/jim/work/v2superbikeshed/Trikeshed/src/commonMain/kotlin/borg/trikeshed/net/ssh/SSHProtocol.kt:666:93 Unresolved reference 'coroutineContext'.
e: file:///Users/jim/work/v2superbikeshed/Trikeshed/src/commonMain/kotlin/borg/trikeshed/net/ssh/SSHProtocol.kt:667:30 Cannot infer type for this parameter. Specify it explicitly.
e: file:///Users/jim/work/v2superbikeshed/Trikeshed/src/commonMain/kotlin/borg/trikeshed/net/ssh/SSHProtocol.kt:667:30 Not enough information to infer type argument for 'E'.
e: file:///Users/jim/work/v2superbikeshed/Trikeshed/src/commonMain/kotlin/borg/trikeshed/net/ssh/SSHProtocol.kt:667:30 Not enough information to infer type argument for 'K'.
e: file:///Users/jim/work/v2superbikeshed/Trikeshed/src/commonMain/kotlin/borg/trikeshed/net/ssh/SSHProtocol.kt:667:47 Argument type mismatch: actual type is 'SSHProtocol.SshSessionContext.Key', but 'CoroutineContext.Key<E (of fun <E : CoroutineContext.Element> get)>' was expected.
e: file:///Users/jim/work/v2superbikeshed/Trikeshed/src/commonMain/kotlin/borg/trikeshed/net/ssh/SSHProtocol.kt:668:38 Unresolved reference 'channels'.
e: file:///Users/jim/work/v2superbikeshed/Trikeshed/src/commonMain/kotlin/borg/trikeshed/net/ssh/SSHProtocol.kt:670:22 Unresolved reference 'canSend'.
e: file:///Users/jim/work/v2superbikeshed/Trikeshed/src/commonMain/kotlin/borg/trikeshed/net/ssh/SSHProtocol.kt:677:25 Unresolved reference 'remoteWindow'.
e: file:///Users/jim/work/v2superbikeshed/Trikeshed/src/commonMain/kotlin/borg/trikeshed/net/ssh/SSHProtocol.kt:678:25 Unresolved reference 'remoteMaxPacketSize'.
e: file:///Users/jim/work/v2superbikeshed/Trikeshed/src/commonMain/kotlin/borg/trikeshed/net/ssh/SSHProtocol.kt:683:35 Cannot infer type for this parameter. Specify it explicitly.
e: file:///Users/jim/work/v2superbikeshed/Trikeshed/src/commonMain/kotlin/borg/trikeshed/net/ssh/SSHProtocol.kt:683:49 None of the following candidates is applicable:
fun <T> Join<Int, Function1<Int, Join<Any?, TypeMemento>>>.get(column: Column<T>): T?
fun <T : Any> JsReference<T>.get(): T
e: file:///Users/jim/work/v2superbikeshed/Trikeshed/src/commonMain/kotlin/borg/trikeshed/net/ssh/SSHProtocol.kt:684:43 Unresolved reference 'remoteId'.
e: file:///Users/jim/work/v2superbikeshed/Trikeshed/src/commonMain/kotlin/borg/trikeshed/net/ssh/SSHProtocol.kt:687:21 Unresolved reference 'adjustRemoteWindow'.
e: file:///Users/jim/work/v2superbikeshed/Trikeshed/src/commonMain/kotlin/borg/trikeshed/net/ssh/SSHProtocol.kt:696:107 Unresolved reference 'coroutineContext'.
e: file:///Users/jim/work/v2superbikeshed/Trikeshed/src/commonMain/kotlin/borg/trikeshed/net/ssh/SSHProtocol.kt:716:25 None of the following candidates is applicable:
fun <T> Join<Int, Function1<Int, Join<Any?, TypeMemento>>>.get(column: Column<T>): T?
fun <T : Any> JsReference<T>.get(): T
e: file:///Users/jim/work/v2superbikeshed/Trikeshed/src/commonMain/kotlin/borg/trikeshed/net/ssh/SSHProtocol.kt:725:88 Unresolved reference 'coroutineContext'.
e: file:///Users/jim/work/v2superbikeshed/Trikeshed/src/commonMain/kotlin/borg/trikeshed/net/ssh/SSHProtocol.kt:737:21 Unresolved reference 'coroutineContext'.
e: file:///Users/jim/work/v2superbikeshed/Trikeshed/src/commonMain/kotlin/borg/trikeshed/net/ssh/SSHProtocol.kt:774:125 Unresolved reference 'coroutineContext'.
e: file:///Users/jim/work/v2superbikeshed/Trikeshed/src/commonMain/kotlin/borg/trikeshed/net/ssh/SSHProtocol.kt:799:25 None of the following candidates is applicable:
fun <T> Join<Int, Function1<Int, Join<Any?, TypeMemento>>>.get(column: Column<T>): T?
fun <T : Any> JsReference<T>.get(): T
e: file:///Users/jim/work/v2superbikeshed/Trikeshed/src/commonMain/kotlin/borg/trikeshed/net/ssh/SSHProtocol.kt:814:21 Unresolved reference 'coroutineContext'.
e: file:///Users/jim/work/v2superbikeshed/Trikeshed/src/commonMain/kotlin/borg/trikeshed/net/ssh/SSHProtocol.kt:815:30 Cannot infer type for this parameter. Specify it explicitly.
e: file:///Users/jim/work/v2superbikeshed/Trikeshed/src/commonMain/kotlin/borg/trikeshed/net/ssh/SSHProtocol.kt:815:30 Not enough information to infer type argument for 'E'.
e: file:///Users/jim/work/v2superbikeshed/Trikeshed/src/commonMain/kotlin/borg/trikeshed/net/ssh/SSHProtocol.kt:815:30 Not enough information to infer type argument for 'K'.
e: file:///Users/jim/work/v2superbikeshed/Trikeshed/src/commonMain/kotlin/borg/trikeshed/net/ssh/SSHProtocol.kt:815:47 Argument type mismatch: actual type is 'SSHProtocol.SshSessionContext.Key', but 'CoroutineContext.Key<E (of fun <E : CoroutineContext.Element> get)>' was expected.
e: file:///Users/jim/work/v2superbikeshed/Trikeshed/src/commonMain/kotlin/borg/trikeshed/net/ssh/SSHProtocol.kt:820:39 Function invocation 'first(...)' expected.
e: file:///Users/jim/work/v2superbikeshed/Trikeshed/src/commonMain/kotlin/borg/trikeshed/net/ssh/SSHProtocol.kt:821:40 Unresolved reference 'second'.
e: file:///Users/jim/work/v2superbikeshed/Trikeshed/src/commonMain/kotlin/borg/trikeshed/net/ssh/SSHProtocol.kt:824:24 Unresolved reference 'ephemeralPrivateKey'.
e: file:///Users/jim/work/v2superbikeshed/Trikeshed/src/commonMain/kotlin/borg/trikeshed/net/ssh/SSHProtocol.kt:825:24 Unresolved reference 'negotiatedKexAlgorithm'.
e: file:///Users/jim/work/v2superbikeshed/Trikeshed/src/commonMain/kotlin/borg/trikeshed/net/ssh/SSHProtocol.kt:830:40 Cannot infer type for this parameter. Specify it explicitly.
e: file:///Users/jim/work/v2superbikeshed/Trikeshed/src/commonMain/kotlin/borg/trikeshed/net/ssh/SSHProtocol.kt:830:40 Not enough information to infer type argument for 'T'.
e: file:///Users/jim/work/v2superbikeshed/Trikeshed/src/commonMain/kotlin/borg/trikeshed/net/ssh/SSHProtocol.kt:834:24 Unresolved reference 'state'.
e: file:///Users/jim/work/v2superbikeshed/Trikeshed/src/commonMain/kotlin/borg/trikeshed/net/ssh/SSHProtocol.kt:837:81 Unresolved reference 'coroutineContext'.
e: file:///Users/jim/work/v2superbikeshed/Trikeshed/src/commonMain/kotlin/borg/trikeshed/net/ssh/SSHProtocol.kt:838:30 Cannot infer type for this parameter. Specify it explicitly.
e: file:///Users/jim/work/v2superbikeshed/Trikeshed/src/commonMain/kotlin/borg/trikeshed/net/ssh/SSHProtocol.kt:838:30 Not enough information to infer type argument for 'E'.
e: file:///Users/jim/work/v2superbikeshed/Trikeshed/src/commonMain/kotlin/borg/trikeshed/net/ssh/SSHProtocol.kt:838:30 Not enough information to infer type argument for 'K'.
e: file:///Users/jim/work/v2superbikeshed/Trikeshed/src/commonMain/kotlin/borg/trikeshed/net/ssh/SSHProtocol.kt:838:47 Argument type mismatch: actual type is 'SSHProtocol.SshSessionContext.Key', but 'CoroutineContext.Key<E (of fun <E : CoroutineContext.Element> get)>' was expected.
e: file:///Users/jim/work/v2superbikeshed/Trikeshed/src/commonMain/kotlin/borg/trikeshed/net/ssh/SSHProtocol.kt:841:43 Unresolved reference 'negotiatedKexAlgorithm'.
e: file:///Users/jim/work/v2superbikeshed/Trikeshed/src/commonMain/kotlin/borg/trikeshed/net/ssh/SSHProtocol.kt:843:67 Unresolved reference 'ephemeralPrivateKey'.
e: file:///Users/jim/work/v2superbikeshed/Trikeshed/src/commonMain/kotlin/borg/trikeshed/net/ssh/SSHProtocol.kt:848:24 Unresolved reference 'encryptionKey'.
e: file:///Users/jim/work/v2superbikeshed/Trikeshed/src/commonMain/kotlin/borg/trikeshed/net/ssh/SSHProtocol.kt:849:24 Unresolved reference 'decryptionKey'.
e: file:///Users/jim/work/v2superbikeshed/Trikeshed/src/commonMain/kotlin/borg/trikeshed/net/ssh/SSHProtocol.kt:850:24 Unresolved reference 'integrityKeyOut'.
e: file:///Users/jim/work/v2superbikeshed/Trikeshed/src/commonMain/kotlin/borg/trikeshed/net/ssh/SSHProtocol.kt:851:24 Unresolved reference 'integrityKeyIn'.
e: file:///Users/jim/work/v2superbikeshed/Trikeshed/src/commonMain/kotlin/borg/trikeshed/net/ssh/SSHProtocol.kt:858:24 Unresolved reference 'state'.
e: file:///Users/jim/work/v2superbikeshed/Trikeshed/src/commonMain/kotlin/borg/trikeshed/net/ssh/SSHProtocol.kt:869:21 Unresolved reference 'coroutineContext'.
e: file:///Users/jim/work/v2superbikeshed/Trikeshed/src/commonMain/kotlin/borg/trikeshed/net/ssh/SSHProtocol.kt:909:127 Unresolved reference 'coroutineContext'.
e: file:///Users/jim/work/v2superbikeshed/Trikeshed/src/commonMain/kotlin/borg/trikeshed/net/ssh/SSHProtocol.kt:910:30 Cannot infer type for this parameter. Specify it explicitly.
e: file:///Users/jim/work/v2superbikeshed/Trikeshed/src/commonMain/kotlin/borg/trikeshed/net/ssh/SSHProtocol.kt:910:30 Not enough information to infer type argument for 'E'.
e: file:///Users/jim/work/v2superbikeshed/Trikeshed/src/commonMain/kotlin/borg/trikeshed/net/ssh/SSHProtocol.kt:910:30 Not enough information to infer type argument for 'K'.
e: file:///Users/jim/work/v2superbikeshed/Trikeshed/src/commonMain/kotlin/borg/trikeshed/net/ssh/SSHProtocol.kt:910:47 Argument type mismatch: actual type is 'SSHProtocol.SshSessionContext.Key', but 'CoroutineContext.Key<E (of fun <E : CoroutineContext.Element> get)>' was expected.
e: file:///Users/jim/work/v2superbikeshed/Trikeshed/src/commonMain/kotlin/borg/trikeshed/net/ssh/SSHProtocol.kt:940:24 Unresolved reference 'state'.
e: file:///Users/jim/work/v2superbikeshed/Trikeshed/src/commonMain/kotlin/borg/trikeshed/net/ssh/SSHProtocol.kt:944:89 Unresolved reference 'coroutineContext'.
e: file:///Users/jim/work/v2superbikeshed/Trikeshed/src/commonMain/kotlin/borg/trikeshed/net/ssh/SSHProtocol.kt:945:30 Cannot infer type for this parameter. Specify it explicitly.
e: file:///Users/jim/work/v2superbikeshed/Trikeshed/src/commonMain/kotlin/borg/trikeshed/net/ssh/SSHProtocol.kt:945:30 Not enough information to infer type argument for 'E'.
e: file:///Users/jim/work/v2superbikeshed/Trikeshed/src/commonMain/kotlin/borg/trikeshed/net/ssh/SSHProtocol.kt:945:30 Not enough information to infer type argument for 'K'.
e: file:///Users/jim/work/v2superbikeshed/Trikeshed/src/commonMain/kotlin/borg/trikeshed/net/ssh/SSHProtocol.kt:945:47 Argument type mismatch: actual type is 'SSHProtocol.SshSessionContext.Key', but 'CoroutineContext.Key<E (of fun <E : CoroutineContext.Element> get)>' was expected.
e: file:///Users/jim/work/v2superbikeshed/Trikeshed/src/commonMain/kotlin/borg/trikeshed/net/ssh/SSHProtocol.kt:992:69 Unresolved reference 'coroutineContext'.
e: file:///Users/jim/work/v2superbikeshed/Trikeshed/src/commonMain/kotlin/borg/trikeshed/net/ssh/SSHProtocol.kt:1002:36 Unresolved reference 'internalReceiveChannel'.
e: file:///Users/jim/work/v2superbikeshed/Trikeshed/src/commonMain/kotlin/borg/trikeshed/net/ssh/SSHProtocol.kt:1055:23 Cannot access 'suspend fun sendChannelRequest(channelId: UInt, requestType: String, data: Join<Int, Function1<Int, Byte>>): Unit': it is private in 'borg/trikeshed/net/ssh/SSHConnection'.
e: file:///Users/jim/work/v2superbikeshed/Trikeshed/src/commonMain/kotlin/borg/trikeshed/net/ssh/SSHProtocol.kt:1075:46 Syntax error: Unexpected tokens (use ';' to separate expressions on the same line).
e: file:///Users/jim/work/v2superbikeshed/Trikeshed/src/commonMain/kotlin/borg/trikeshed/net/ssh/SSHProtocol.kt:1083:37 Cannot access 'var sessionContext: SSHProtocol.SshSessionContext': it is private in 'borg/trikeshed/net/ssh/SSHConnection'.
e: file:///Users/jim/work/v2superbikeshed/Trikeshed/src/commonMain/kotlin/borg/trikeshed/net/ssh/SSHProtocol.kt:1084:34 Unresolved reference 'internalReceiveChannel'.
e: file:///Users/jim/work/v2superbikeshed/Trikeshed/src/commonMain/kotlin/borg/trikeshed/net/ssh/SSHProtocol.kt:1087:43 Cannot infer type for this parameter. Specify it explicitly.
e: file:///Users/jim/work/v2superbikeshed/Trikeshed/src/commonMain/kotlin/borg/trikeshed/net/ssh/SSHProtocol.kt:1087:48 Cannot infer type for this parameter. Specify it explicitly.
e: file:///Users/jim/work/v2superbikeshed/Trikeshed/src/commonMain/kotlin/borg/trikeshed/net/ssh/SSHProtocol.kt:1140:28 None of the following candidates is applicable:
fun <T> Join<Int, Function1<Int, Join<Any?, TypeMemento>>>.get(column: Column<T>): T?
fun <T : Any> JsReference<T>.get(): T
e: file:///Users/jim/work/v2superbikeshed/Trikeshed/src/commonMain/kotlin/borg/trikeshed/net/ssh/SSHProtocol.kt:1141:27 None of the following candidates is applicable:
fun <T> Join<Int, Function1<Int, Join<Any?, TypeMemento>>>.get(column: Column<T>): T?
fun <T : Any> JsReference<T>.get(): T
e: file:///Users/jim/work/v2superbikeshed/Trikeshed/src/commonMain/kotlin/borg/trikeshed/net/ssh/SSHProtocol.kt:1141:48 Unresolved reference 'shl'.
e: file:///Users/jim/work/v2superbikeshed/Trikeshed/src/commonMain/kotlin/borg/trikeshed/net/ssh/SSHProtocol.kt:1142:18 None of the following candidates is applicable:
fun <T> Join<Int, Function1<Int, Join<Any?, TypeMemento>>>.get(column: Column<T>): T?
fun <T : Any> JsReference<T>.get(): T
e: file:///Users/jim/work/v2superbikeshed/Trikeshed/src/commonMain/kotlin/borg/trikeshed/net/ssh/SSHProtocol.kt:1142:39 Unresolved reference 'shl'.
e: file:///Users/jim/work/v2superbikeshed/Trikeshed/src/commonMain/kotlin/borg/trikeshed/net/ssh/SSHProtocol.kt:1143:18 None of the following candidates is applicable:
fun <T> Join<Int, Function1<Int, Join<Any?, TypeMemento>>>.get(column: Column<T>): T?
fun <T : Any> JsReference<T>.get(): T
e: file:///Users/jim/work/v2superbikeshed/Trikeshed/src/commonMain/kotlin/borg/trikeshed/net/ssh/SSHProtocol.kt:1143:39 Unresolved reference 'shl'.
e: file:///Users/jim/work/v2superbikeshed/Trikeshed/src/commonMain/kotlin/borg/trikeshed/net/ssh/SSHProtocol.kt:1144:17 None of the following candidates is applicable:
fun <T> Join<Int, Function1<Int, Join<Any?, TypeMemento>>>.get(column: Column<T>): T?
fun <T : Any> JsReference<T>.get(): T
e: file:///Users/jim/work/v2superbikeshed/Trikeshed/src/commonMain/kotlin/borg/trikeshed/net/ssh/SSHProtocol.kt:1153:37 None of the following candidates is applicable:
fun <T> Join<Int, Function1<Int, Join<Any?, TypeMemento>>>.get(column: Column<T>): T?
fun <T : Any> JsReference<T>.get(): T
e: file:///Users/jim/work/v2superbikeshed/Trikeshed/src/commonMain/kotlin/borg/trikeshed/net/ssh/SSHProtocol.kt:1153:58 Unresolved reference 'shl'.
e: file:///Users/jim/work/v2superbikeshed/Trikeshed/src/commonMain/kotlin/borg/trikeshed/net/ssh/SSHProtocol.kt:1154:26 None of the following candidates is applicable:
fun <T> Join<Int, Function1<Int, Join<Any?, TypeMemento>>>.get(column: Column<T>): T?
fun <T : Any> JsReference<T>.get(): T
e: file:///Users/jim/work/v2superbikeshed/Trikeshed/src/commonMain/kotlin/borg/trikeshed/net/ssh/SSHProtocol.kt:1154:47 Unresolved reference 'shl'.
e: file:///Users/jim/work/v2superbikeshed/Trikeshed/src/commonMain/kotlin/borg/trikeshed/net/ssh/SSHProtocol.kt:1155:26 None of the following candidates is applicable:
fun <T> Join<Int, Function1<Int, Join<Any?, TypeMemento>>>.get(column: Column<T>): T?
fun <T : Any> JsReference<T>.get(): T
e: file:///Users/jim/work/v2superbikeshed/Trikeshed/src/commonMain/kotlin/borg/trikeshed/net/ssh/SSHProtocol.kt:1155:47 Unresolved reference 'shl'.
e: file:///Users/jim/work/v2superbikeshed/Trikeshed/src/commonMain/kotlin/borg/trikeshed/net/ssh/SSHProtocol.kt:1156:25 None of the following candidates is applicable:
fun <T> Join<Int, Function1<Int, Join<Any?, TypeMemento>>>.get(column: Column<T>): T?
fun <T : Any> JsReference<T>.get(): T
e: file:///Users/jim/work/v2superbikeshed/Trikeshed/src/commonMain/kotlin/borg/trikeshed/net/ssh/SSHProtocol.kt:1157:45 Argument type mismatch: actual type is 'Int', but 'IntRange' was expected.
e: file:///Users/jim/work/v2superbikeshed/Trikeshed/src/commonMain/kotlin/borg/trikeshed/net/ssh/SSHProtocol.kt:1157:48 Too many arguments for 'fun <T> Join<Int, Function1<Int, T>>.slice(range: IntRange): Join<Int, Function1<Int, T>>'.
e: file:///Users/jim/work/v2superbikeshed/Trikeshed/src/commonMain/kotlin/borg/trikeshed/net/ssh/SSHProtocol.kt:1157:83 Unresolved reference. None of the following candidates is applicable because of a receiver type mismatch:
fun Join<Int, Function1<Int, Byte>>.asString(): String
e: file:///Users/jim/work/v2superbikeshed/Trikeshed/src/commonMain/kotlin/borg/trikeshed/net/ssh/SSHProtocol.kt:1162:35 None of the following candidates is applicable:
fun <T> Join<Int, Function1<Int, Join<Any?, TypeMemento>>>.get(column: Column<T>): T?
fun <T : Any> JsReference<T>.get(): T
e: file:///Users/jim/work/v2superbikeshed/Trikeshed/src/commonMain/kotlin/borg/trikeshed/net/ssh/SSHProtocol.kt:1162:56 Unresolved reference 'shl'.
e: file:///Users/jim/work/v2superbikeshed/Trikeshed/src/commonMain/kotlin/borg/trikeshed/net/ssh/SSHProtocol.kt:1163:26 None of the following candidates is applicable:
fun <T> Join<Int, Function1<Int, Join<Any?, TypeMemento>>>.get(column: Column<T>): T?
fun <T : Any> JsReference<T>.get(): T
e: file:///Users/jim/work/v2superbikeshed/Trikeshed/src/commonMain/kotlin/borg/trikeshed/net/ssh/SSHProtocol.kt:1163:47 Unresolved reference 'shl'.
e: file:///Users/jim/work/v2superbikeshed/Trikeshed/src/commonMain/kotlin/borg/trikeshed/net/ssh/SSHProtocol.kt:1164:26 None of the following candidates is applicable:
fun <T> Join<Int, Function1<Int, Join<Any?, TypeMemento>>>.get(column: Column<T>): T?
fun <T : Any> JsReference<T>.get(): T
e: file:///Users/jim/work/v2superbikeshed/Trikeshed/src/commonMain/kotlin/borg/trikeshed/net/ssh/SSHProtocol.kt:1164:47 Unresolved reference 'shl'.
e: file:///Users/jim/work/v2superbikeshed/Trikeshed/src/commonMain/kotlin/borg/trikeshed/net/ssh/SSHProtocol.kt:1165:25 None of the following candidates is applicable:
fun <T> Join<Int, Function1<Int, Join<Any?, TypeMemento>>>.get(column: Column<T>): T?
fun <T : Any> JsReference<T>.get(): T
e: file:///Users/jim/work/v2superbikeshed/Trikeshed/src/commonMain/kotlin/borg/trikeshed/net/ssh/SSHProtocol.kt:1166:43 None of the following candidates is applicable:
fun <T> Join<Int, Function1<Int, Join<Any?, TypeMemento>>>.get(column: Column<T>): T?
fun <T : Any> JsReference<T>.get(): T
e: file:///Users/jim/work/v2superbikeshed/Trikeshed/src/commonMain/kotlin/borg/trikeshed/net/ssh/SSHProtocol.kt:1166:64 Unresolved reference 'shl'.
e: file:///Users/jim/work/v2superbikeshed/Trikeshed/src/commonMain/kotlin/borg/trikeshed/net/ssh/SSHProtocol.kt:1167:26 None of the following candidates is applicable:
fun <T> Join<Int, Function1<Int, Join<Any?, TypeMemento>>>.get(column: Column<T>): T?
fun <T : Any> JsReference<T>.get(): T
e: file:///Users/jim/work/v2superbikeshed/Trikeshed/src/commonMain/kotlin/borg/trikeshed/net/ssh/SSHProtocol.kt:1167:48 Unresolved reference 'shl'.
e: file:///Users/jim/work/v2superbikeshed/Trikeshed/src/commonMain/kotlin/borg/trikeshed/net/ssh/SSHProtocol.kt:1168:26 None of the following candidates is applicable:
fun <T> Join<Int, Function1<Int, Join<Any?, TypeMemento>>>.get(column: Column<T>): T?
fun <T : Any> JsReference<T>.get(): T
e: file:///Users/jim/work/v2superbikeshed/Trikeshed/src/commonMain/kotlin/borg/trikeshed/net/ssh/SSHProtocol.kt:1168:48 Unresolved reference 'shl'.
e: file:///Users/jim/work/v2superbikeshed/Trikeshed/src/commonMain/kotlin/borg/trikeshed/net/ssh/SSHProtocol.kt:1169:25 None of the following candidates is applicable:
fun <T> Join<Int, Function1<Int, Join<Any?, TypeMemento>>>.get(column: Column<T>): T?
fun <T : Any> JsReference<T>.get(): T
e: file:///Users/jim/work/v2superbikeshed/Trikeshed/src/commonMain/kotlin/borg/trikeshed/net/ssh/SSHProtocol.kt:1170:51 Argument type mismatch: actual type is 'Int', but 'IntRange' was expected.
e: file:///Users/jim/work/v2superbikeshed/Trikeshed/src/commonMain/kotlin/borg/trikeshed/net/ssh/SSHProtocol.kt:1170:55 Too many arguments for 'fun <T> Join<Int, Function1<Int, T>>.slice(range: IntRange): Join<Int, Function1<Int, T>>'.
e: file:///Users/jim/work/v2superbikeshed/Trikeshed/src/commonMain/kotlin/borg/trikeshed/net/ssh/SSHProtocol.kt:1170:96 Unresolved reference. None of the following candidates is applicable because of a receiver type mismatch:
fun Join<Int, Function1<Int, Byte>>.asString(): String
e: file:///Users/jim/work/v2superbikeshed/Trikeshed/src/commonMain/kotlin/borg/trikeshed/net/ssh/SSHProtocol.kt:1180:2 Syntax error: imports are only allowed in the beginning of file.
e: file:///Users/jim/work/v2superbikeshed/Trikeshed/src/commonMain/kotlin/borg/trikeshed/net/ssh/SSHProtocol.kt:1186:26 Unresolved reference 'PlatformFileIOImpl'.
e: file:///Users/jim/work/v2superbikeshed/Trikeshed/src/commonMain/kotlin/borg/trikeshed/net/ssh/SSHProtocol.kt:1191:42 Unresolved reference 'PlatformFileIOImpl'.
e: file:///Users/jim/work/v2superbikeshed/Trikeshed/src/commonMain/kotlin/borg/trikeshed/net/ssh/SSHProtocol.kt:1202:29 Unresolved reference 'internalReceiveChannel'.
e: file:///Users/jim/work/v2superbikeshed/Trikeshed/src/commonMain/kotlin/borg/trikeshed/net/ssh/SSHProtocol.kt:1218:28 Unresolved reference 'internalReceiveChannel'.
e: file:///Users/jim/work/v2superbikeshed/Trikeshed/src/commonMain/kotlin/borg/trikeshed/net/ssh/SSHProtocol.kt:1225:81 None of the following candidates is applicable:
fun <T> Join<Int, Function1<Int, Join<Any?, TypeMemento>>>.get(column: Column<T>): T?
fun <T : Any> JsReference<T>.get(): T
e: file:///Users/jim/work/v2superbikeshed/Trikeshed/src/commonMain/kotlin/borg/trikeshed/net/ssh/SSHProtocol.kt:1228:28 Unresolved reference 'internalReceiveChannel'.
e: file:///Users/jim/work/v2superbikeshed/Trikeshed/src/commonMain/kotlin/borg/trikeshed/net/ssh/SSHProtocol.kt:1239:32 Unresolved reference 'internalReceiveChannel'.
e: file:///Users/jim/work/v2superbikeshed/Trikeshed/src/commonMain/kotlin/borg/trikeshed/net/ssh/SSHProtocol.kt:1257:61 Cannot infer type for this parameter. Specify it explicitly.
e: file:///Users/jim/work/v2superbikeshed/Trikeshed/src/commonMain/kotlin/borg/trikeshed/net/ssh/SSHProtocol.kt:1257:61 Unresolved reference. None of the following candidates is applicable because of a receiver type mismatch:
val <T> Join<Int, Function1<Int, T>>.size: Int
e: file:///Users/jim/work/v2superbikeshed/Trikeshed/src/commonMain/kotlin/borg/trikeshed/net/ssh/SSHProtocol.kt:1260:38 Unresolved reference 'internalReceiveChannel'.
e: file:///Users/jim/work/v2superbikeshed/Trikeshed/src/commonMain/kotlin/borg/trikeshed/net/ssh/SSHProtocol.kt:1274:61 Cannot infer type for this parameter. Specify it explicitly.
e: file:///Users/jim/work/v2superbikeshed/Trikeshed/src/commonMain/kotlin/borg/trikeshed/net/ssh/SSHProtocol.kt:1274:61 Unresolved reference. None of the following candidates is applicable because of a receiver type mismatch:
val <T> Join<Int, Function1<Int, T>>.size: Int
e: file:///Users/jim/work/v2superbikeshed/Trikeshed/src/commonMain/kotlin/borg/trikeshed/net/ssh/SSHProtocol.kt:1277:41 Unresolved reference 'internalReceiveChannel'.
e: file:///Users/jim/work/v2superbikeshed/Trikeshed/src/commonMain/kotlin/borg/trikeshed/net/ssh/SSHProtocol.kt:1278:53 Cannot infer type for this parameter. Specify it explicitly.
e: file:///Users/jim/work/v2superbikeshed/Trikeshed/src/commonMain/kotlin/borg/trikeshed/net/ssh/SSHProtocol.kt:1278:58 Cannot infer type for this parameter. Specify it explicitly.
e: file:///Users/jim/work/v2superbikeshed/Trikeshed/src/commonMain/kotlin/borg/trikeshed/net/ssh/SSHProtocol.kt:1287:61 Cannot infer type for this parameter. Specify it explicitly.
e: file:///Users/jim/work/v2superbikeshed/Trikeshed/src/commonMain/kotlin/borg/trikeshed/net/ssh/SSHProtocol.kt:1287:61 Unresolved reference. None of the following candidates is applicable because of a receiver type mismatch:
val <T> Join<Int, Function1<Int, T>>.size: Int
e: file:///Users/jim/work/v2superbikeshed/Trikeshed/src/commonMain/kotlin/borg/trikeshed/net/ssh/SSHProtocol.kt:1290:41 Unresolved reference 'internalReceiveChannel'.
e: file:///Users/jim/work/v2superbikeshed/Trikeshed/src/commonMain/kotlin/borg/trikeshed/net/ssh/SSHProtocol.kt:1298:61 Cannot infer type for this parameter. Specify it explicitly.
e: file:///Users/jim/work/v2superbikeshed/Trikeshed/src/commonMain/kotlin/borg/trikeshed/net/ssh/SSHProtocol.kt:1298:61 Unresolved reference. None of the following candidates is applicable because of a receiver type mismatch:
val <T> Join<Int, Function1<Int, T>>.size: Int
e: file:///Users/jim/work/v2superbikeshed/Trikeshed/src/commonMain/kotlin/borg/trikeshed/net/ssh/SSHProtocol.kt:1303:1 Syntax error: Expecting a top level declaration.
e: file:///Users/jim/work/v2superbikeshed/Trikeshed/src/commonMain/kotlin/borg/trikeshed/net/tls/TLS13Protocol.kt:195:25 None of the following candidates is applicable:
fun <T> Join<Int, Function1<Int, Join<Any?, TypeMemento>>>.get(column: Column<T>): T?
fun <T : Any> JsReference<T>.get(): T
e: file:///Users/jim/work/v2superbikeshed/Trikeshed/src/commonMain/kotlin/borg/trikeshed/net/tls/TLS13Protocol.kt:205:35 None of the following candidates is applicable:
fun <T> Join<Int, Function1<Int, Join<Any?, TypeMemento>>>.get(column: Column<T>): T?
fun <T : Any> JsReference<T>.get(): T
e: file:///Users/jim/work/v2superbikeshed/Trikeshed/src/commonMain/kotlin/borg/trikeshed/net/tls/TLS13Protocol.kt:207:19 None of the following candidates is applicable:
fun <T> Join<Int, Function1<Int, Join<Any?, TypeMemento>>>.get(column: Column<T>): T?
fun <T : Any> JsReference<T>.get(): T
e: file:///Users/jim/work/v2superbikeshed/Trikeshed/src/commonMain/kotlin/borg/trikeshed/net/tls/TLS13Protocol.kt:207:44 Unresolved reference 'and'.
e: file:///Users/jim/work/v2superbikeshed/Trikeshed/src/commonMain/kotlin/borg/trikeshed/net/tls/TLS13Protocol.kt:208:19 None of the following candidates is applicable:
fun <T> Join<Int, Function1<Int, Join<Any?, TypeMemento>>>.get(column: Column<T>): T?
fun <T : Any> JsReference<T>.get(): T
e: file:///Users/jim/work/v2superbikeshed/Trikeshed/src/commonMain/kotlin/borg/trikeshed/net/tls/TLS13Protocol.kt:208:44 Unresolved reference 'and'.
e: file:///Users/jim/work/v2superbikeshed/Trikeshed/src/commonMain/kotlin/borg/trikeshed/net/tls/TLS13Protocol.kt:210:27 None of the following candidates is applicable:
fun <T> Join<Int, Function1<Int, Join<Any?, TypeMemento>>>.get(column: Column<T>): T?
fun <T : Any> JsReference<T>.get(): T
e: file:///Users/jim/work/v2superbikeshed/Trikeshed/src/commonMain/kotlin/borg/trikeshed/net/tls/TLS13Protocol.kt:210:52 Unresolved reference 'and'.
e: file:///Users/jim/work/v2superbikeshed/Trikeshed/src/commonMain/kotlin/borg/trikeshed/net/tls/TLS13Protocol.kt:211:26 None of the following candidates is applicable:
fun <T> Join<Int, Function1<Int, Join<Any?, TypeMemento>>>.get(column: Column<T>): T?
fun <T : Any> JsReference<T>.get(): T
e: file:///Users/jim/work/v2superbikeshed/Trikeshed/src/commonMain/kotlin/borg/trikeshed/net/tls/TLS13Protocol.kt:211:51 Unresolved reference 'and'.
e: file:///Users/jim/work/v2superbikeshed/Trikeshed/src/commonMain/kotlin/borg/trikeshed/net/tls/TLS13Protocol.kt:213:37 'operator' modifier is required on 'FirNamedFunctionSymbol kotlin/compareTo' in 'compareTo'.
e: file:///Users/jim/work/v2superbikeshed/Trikeshed/src/commonMain/kotlin/borg/trikeshed/net/tls/TLS13Protocol.kt:215:35 Cannot infer type for this parameter. Specify it explicitly.
e: file:///Users/jim/work/v2superbikeshed/Trikeshed/src/commonMain/kotlin/borg/trikeshed/net/tls/TLS13Protocol.kt:215:49 None of the following candidates is applicable:
fun <T> Join<Int, Function1<Int, Join<Any?, TypeMemento>>>.get(column: Column<T>): T?
fun <T : Any> JsReference<T>.get(): T
e: file:///Users/jim/work/v2superbikeshed/Trikeshed/src/commonMain/kotlin/borg/trikeshed/net/tls/TLS13Protocol.kt:242:25 None of the following candidates is applicable:
fun <T> Join<Int, Function1<Int, Join<Any?, TypeMemento>>>.get(column: Column<T>): T?
fun <T : Any> JsReference<T>.get(): T
e: file:///Users/jim/work/v2superbikeshed/Trikeshed/src/commonMain/kotlin/borg/trikeshed/net/tls/TLS13Protocol.kt:252:45 None of the following candidates is applicable:
fun <T> Join<Int, Function1<Int, Join<Any?, TypeMemento>>>.get(column: Column<T>): T?
fun <T : Any> JsReference<T>.get(): T
e: file:///Users/jim/work/v2superbikeshed/Trikeshed/src/commonMain/kotlin/borg/trikeshed/net/tls/TLS13Protocol.kt:253:28 None of the following candidates is applicable:
fun <T> Join<Int, Function1<Int, Join<Any?, TypeMemento>>>.get(column: Column<T>): T?
fun <T : Any> JsReference<T>.get(): T
e: file:///Users/jim/work/v2superbikeshed/Trikeshed/src/commonMain/kotlin/borg/trikeshed/net/tls/TLS13Protocol.kt:253:53 Unresolved reference 'and'.
e: file:///Users/jim/work/v2superbikeshed/Trikeshed/src/commonMain/kotlin/borg/trikeshed/net/tls/TLS13Protocol.kt:254:27 None of the following candidates is applicable:
fun <T> Join<Int, Function1<Int, Join<Any?, TypeMemento>>>.get(column: Column<T>): T?
fun <T : Any> JsReference<T>.get(): T
e: file:///Users/jim/work/v2superbikeshed/Trikeshed/src/commonMain/kotlin/borg/trikeshed/net/tls/TLS13Protocol.kt:254:52 Unresolved reference 'and'.
e: file:///Users/jim/work/v2superbikeshed/Trikeshed/src/commonMain/kotlin/borg/trikeshed/net/tls/TLS13Protocol.kt:255:26 None of the following candidates is applicable:
fun <T> Join<Int, Function1<Int, Join<Any?, TypeMemento>>>.get(column: Column<T>): T?
fun <T : Any> JsReference<T>.get(): T
e: file:///Users/jim/work/v2superbikeshed/Trikeshed/src/commonMain/kotlin/borg/trikeshed/net/tls/TLS13Protocol.kt:255:51 Unresolved reference 'and'.
e: file:///Users/jim/work/v2superbikeshed/Trikeshed/src/commonMain/kotlin/borg/trikeshed/net/tls/TLS13Protocol.kt:257:37 'operator' modifier is required on 'FirNamedFunctionSymbol kotlin/compareTo' in 'compareTo'.
e: file:///Users/jim/work/v2superbikeshed/Trikeshed/src/commonMain/kotlin/borg/trikeshed/net/tls/TLS13Protocol.kt:259:31 Cannot infer type for this parameter. Specify it explicitly.
e: file:///Users/jim/work/v2superbikeshed/Trikeshed/src/commonMain/kotlin/borg/trikeshed/net/tls/TLS13Protocol.kt:259:45 None of the following candidates is applicable:
fun <T> Join<Int, Function1<Int, Join<Any?, TypeMemento>>>.get(column: Column<T>): T?
fun <T : Any> JsReference<T>.get(): T
e: file:///Users/jim/work/v2superbikeshed/Trikeshed/src/commonMain/kotlin/borg/trikeshed/net/tls/TLS13Protocol.kt:286:25 None of the following candidates is applicable:
fun <T> Join<Int, Function1<Int, Join<Any?, TypeMemento>>>.get(column: Column<T>): T?
fun <T : Any> JsReference<T>.get(): T
e: file:///Users/jim/work/v2superbikeshed/Trikeshed/src/commonMain/kotlin/borg/trikeshed/net/tls/TLS13Protocol.kt:313:40 None of the following candidates is applicable:
fun <T> Join<Int, Function1<Int, Join<Any?, TypeMemento>>>.get(column: Column<T>): T?
fun <T : Any> JsReference<T>.get(): T
e: file:///Users/jim/work/v2superbikeshed/Trikeshed/src/commonMain/kotlin/borg/trikeshed/net/tls/TLS13Protocol.kt:319:22 None of the following candidates is applicable:
fun <T> Join<Int, Function1<Int, Join<Any?, TypeMemento>>>.get(column: Column<T>): T?
fun <T : Any> JsReference<T>.get(): T
e: file:///Users/jim/work/v2superbikeshed/Trikeshed/src/commonMain/kotlin/borg/trikeshed/net/tls/TLS13Protocol.kt:327:25 None of the following candidates is applicable:
fun <T> Join<Int, Function1<Int, Join<Any?, TypeMemento>>>.get(column: Column<T>): T?
fun <T : Any> JsReference<T>.get(): T
e: file:///Users/jim/work/v2superbikeshed/Trikeshed/src/commonMain/kotlin/borg/trikeshed/net/tls/TLS13Protocol.kt:328:29 Unresolved reference 'value'.
e: file:///Users/jim/work/v2superbikeshed/Trikeshed/src/commonMain/kotlin/borg/trikeshed/net/tls/TLS13Protocol.kt:329:28 Unresolved reference 'value'.
e: file:///Users/jim/work/v2superbikeshed/Trikeshed/src/commonMain/kotlin/borg/trikeshed/net/tls/TLS13Protocol.kt:335:22 None of the following candidates is applicable:
fun <T> Join<Int, Function1<Int, Join<Any?, TypeMemento>>>.get(column: Column<T>): T?
fun <T : Any> JsReference<T>.get(): T
e: file:///Users/jim/work/v2superbikeshed/Trikeshed/src/commonMain/kotlin/borg/trikeshed/net/tls/TLS13Protocol.kt:341:27 None of the following candidates is applicable:
fun <T> Join<Int, Function1<Int, Join<Any?, TypeMemento>>>.get(column: Column<T>): T?
fun <T : Any> JsReference<T>.get(): T
e: file:///Users/jim/work/v2superbikeshed/Trikeshed/src/commonMain/kotlin/borg/trikeshed/net/tls/TLS13Protocol.kt:341:41 Unresolved reference 'encode'.
e: file:///Users/jim/work/v2superbikeshed/Trikeshed/src/commonMain/kotlin/borg/trikeshed/net/tls/TLS13Protocol.kt:375:40 None of the following candidates is applicable:
fun <T> Join<Int, Function1<Int, Join<Any?, TypeMemento>>>.get(column: Column<T>): T?
fun <T : Any> JsReference<T>.get(): T
e: file:///Users/jim/work/v2superbikeshed/Trikeshed/src/commonMain/kotlin/borg/trikeshed/net/tls/TLS13Protocol.kt:381:22 None of the following candidates is applicable:
fun <T> Join<Int, Function1<Int, Join<Any?, TypeMemento>>>.get(column: Column<T>): T?
fun <T : Any> JsReference<T>.get(): T
e: file:///Users/jim/work/v2superbikeshed/Trikeshed/src/commonMain/kotlin/borg/trikeshed/net/tls/TLS13Protocol.kt:394:27 None of the following candidates is applicable:
fun <T> Join<Int, Function1<Int, Join<Any?, TypeMemento>>>.get(column: Column<T>): T?
fun <T : Any> JsReference<T>.get(): T
e: file:///Users/jim/work/v2superbikeshed/Trikeshed/src/commonMain/kotlin/borg/trikeshed/net/tls/TLS13Protocol.kt:394:41 Unresolved reference 'encode'.
e: file:///Users/jim/work/v2superbikeshed/Trikeshed/src/commonMain/kotlin/borg/trikeshed/net/tls/TLS13Protocol.kt:532:30 None of the following candidates is applicable:
fun <T> Join<Int, Function1<Int, Join<Any?, TypeMemento>>>.get(column: Column<T>): T?
fun <T : Any> JsReference<T>.get(): T
e: file:///Users/jim/work/v2superbikeshed/Trikeshed/src/commonMain/kotlin/borg/trikeshed/net/tls/TLS13Protocol.kt:618:31 Cannot infer type for this parameter. Specify it explicitly.
e: file:///Users/jim/work/v2superbikeshed/Trikeshed/src/commonMain/kotlin/borg/trikeshed/net/tls/TLS13Protocol.kt:618:45 None of the following candidates is applicable:
fun <T> Join<Int, Function1<Int, Join<Any?, TypeMemento>>>.get(column: Column<T>): T?
fun <T : Any> JsReference<T>.get(): T
e: file:///Users/jim/work/v2superbikeshed/Trikeshed/src/commonMain/kotlin/borg/trikeshed/net/tls/TLS13Protocol.kt:660:48 Cannot infer type for this parameter. Specify it explicitly.
e: file:///Users/jim/work/v2superbikeshed/Trikeshed/src/commonMain/kotlin/borg/trikeshed/net/tls/TLS13Protocol.kt:660:48 Not enough information to infer type argument for 'T'.
e: file:///Users/jim/work/v2superbikeshed/Trikeshed/src/commonMain/kotlin/borg/trikeshed/net/tls/TLS13Protocol.kt:660:53 Cannot infer type for this parameter. Specify it explicitly.
e: file:///Users/jim/work/v2superbikeshed/Trikeshed/src/commonMain/kotlin/borg/trikeshed/net/tls/TLS13Protocol.kt:660:53 Not enough information to infer type argument for 'T'.
e: file:///Users/jim/work/v2superbikeshed/Trikeshed/src/commonMain/kotlin/borg/trikeshed/net/tls/TLS13Protocol.kt:660:73 Cannot infer type for this parameter. Specify it explicitly.
e: file:///Users/jim/work/v2superbikeshed/Trikeshed/src/commonMain/kotlin/borg/trikeshed/net/tls/TLS13Protocol.kt:660:73 Not enough information to infer type argument for 'T'.
e: file:///Users/jim/work/v2superbikeshed/Trikeshed/src/commonMain/kotlin/borg/trikeshed/net/tls/TLS13Protocol.kt:660:79 Cannot infer type for this parameter. Specify it explicitly.
e: file:///Users/jim/work/v2superbikeshed/Trikeshed/src/commonMain/kotlin/borg/trikeshed/net/tls/TLS13Protocol.kt:660:79 Function 'component1()' is ambiguous for this expression: 
fun <T> Array<out T>.component1(): T
fun ByteArray.component1(): Byte
fun ShortArray.component1(): Short
fun IntArray.component1(): Int
fun LongArray.component1(): Long
fun FloatArray.component1(): Float
fun DoubleArray.component1(): Double
fun BooleanArray.component1(): Boolean
fun CharArray.component1(): Char
fun <T> List<T>.component1(): T
fun UIntArray.component1(): UInt
fun ULongArray.component1(): ULong
fun UByteArray.component1(): UByte
fun UShortArray.component1(): UShort
fun <K, V> Map.Entry<K, V>.component1(): K.
e: file:///Users/jim/work/v2superbikeshed/Trikeshed/src/commonMain/kotlin/borg/trikeshed/net/tls/TLS13Protocol.kt:660:79 Function 'component2()' is ambiguous for this expression: 
fun <T> Array<out T>.component2(): T
fun ByteArray.component2(): Byte
fun ShortArray.component2(): Short
fun IntArray.component2(): Int
fun LongArray.component2(): Long
fun FloatArray.component2(): Float
fun DoubleArray.component2(): Double
fun BooleanArray.component2(): Boolean
fun CharArray.component2(): Char
fun <T> List<T>.component2(): T
fun UIntArray.component2(): UInt
fun ULongArray.component2(): ULong
fun UByteArray.component2(): UByte
fun UShortArray.component2(): UShort
fun <K, V> Map.Entry<K, V>.component2(): V.
e: file:///Users/jim/work/v2superbikeshed/Trikeshed/src/commonMain/kotlin/borg/trikeshed/net/tls/TLS13Protocol.kt:670:31 None of the following candidates is applicable:
fun <T> Join<Int, Function1<Int, Join<Any?, TypeMemento>>>.get(column: Column<T>): T?
fun <T : Any> JsReference<T>.get(): T
e: file:///Users/jim/work/v2superbikeshed/Trikeshed/src/commonMain/kotlin/borg/trikeshed/net/tls/TLS13Protocol.kt:670:52 Unresolved reference 'and'.
e: file:///Users/jim/work/v2superbikeshed/Trikeshed/src/commonMain/kotlin/borg/trikeshed/net/tls/TLS13Protocol.kt:675:15 None of the following candidates is applicable:
fun <T> Join<Int, Function1<Int, Join<Any?, TypeMemento>>>.get(column: Column<T>): T?
fun <T : Any> JsReference<T>.get(): T
e: file:///Users/jim/work/v2superbikeshed/Trikeshed/src/commonMain/kotlin/borg/trikeshed/net/tls/TLS13Protocol.kt:675:36 Unresolved reference 'and'.
e: file:///Users/jim/work/v2superbikeshed/Trikeshed/src/commonMain/kotlin/borg/trikeshed/net/tls/TLS13Protocol.kt:676:14 None of the following candidates is applicable:
fun <T> Join<Int, Function1<Int, Join<Any?, TypeMemento>>>.get(column: Column<T>): T?
fun <T : Any> JsReference<T>.get(): T
e: file:///Users/jim/work/v2superbikeshed/Trikeshed/src/commonMain/kotlin/borg/trikeshed/net/tls/TLS13Protocol.kt:676:39 Unresolved reference 'and'.
e: file:///Users/jim/work/v2superbikeshed/Trikeshed/src/commonMain/kotlin/borg/trikeshed/net/tls/TLS13Protocol.kt:684:34 None of the following candidates is applicable:
fun <T> Join<Int, Function1<Int, Join<Any?, TypeMemento>>>.get(column: Column<T>): T?
fun <T : Any> JsReference<T>.get(): T
e: file:///Users/jim/work/v2superbikeshed/Trikeshed/src/commonMain/kotlin/borg/trikeshed/net/tls/TLS13Protocol.kt:684:55 Unresolved reference 'and'.
e: file:///Users/jim/work/v2superbikeshed/Trikeshed/src/commonMain/kotlin/borg/trikeshed/net/tls/TLS13Protocol.kt:685:31 None of the following candidates is applicable:
fun <T> Join<Int, Function1<Int, Join<Any?, TypeMemento>>>.get(column: Column<T>): T?
fun <T : Any> JsReference<T>.get(): T
e: file:///Users/jim/work/v2superbikeshed/Trikeshed/src/commonMain/kotlin/borg/trikeshed/net/tls/TLS13Protocol.kt:685:56 Unresolved reference 'and'.
e: file:///Users/jim/work/v2superbikeshed/Trikeshed/src/commonMain/kotlin/borg/trikeshed/net/tls/TLS13Protocol.kt:692:20 None of the following candidates is applicable:
fun <T> Join<Int, Function1<Int, Join<Any?, TypeMemento>>>.get(column: Column<T>): T?
fun <T : Any> JsReference<T>.get(): T
e: file:///Users/jim/work/v2superbikeshed/Trikeshed/src/commonMain/kotlin/borg/trikeshed/net/tls/TLS13Protocol.kt:692:41 Unresolved reference 'and'.
e: file:///Users/jim/work/v2superbikeshed/Trikeshed/src/commonMain/kotlin/borg/trikeshed/net/tls/TLS13Protocol.kt:693:18 None of the following candidates is applicable:
fun <T> Join<Int, Function1<Int, Join<Any?, TypeMemento>>>.get(column: Column<T>): T?
fun <T : Any> JsReference<T>.get(): T
e: file:///Users/jim/work/v2superbikeshed/Trikeshed/src/commonMain/kotlin/borg/trikeshed/net/tls/TLS13Protocol.kt:693:43 Unresolved reference 'and'.
e: file:///Users/jim/work/v2superbikeshed/Trikeshed/src/commonMain/kotlin/borg/trikeshed/net/tls/TLS13Protocol.kt:697:31 None of the following candidates is applicable:
fun <T> Join<Int, Function1<Int, Join<Any?, TypeMemento>>>.get(column: Column<T>): T?
fun <T : Any> JsReference<T>.get(): T
e: file:///Users/jim/work/v2superbikeshed/Trikeshed/src/commonMain/kotlin/borg/trikeshed/net/tls/TLS13Protocol.kt:697:52 Unresolved reference 'and'.
e: file:///Users/jim/work/v2superbikeshed/Trikeshed/src/commonMain/kotlin/borg/trikeshed/net/tls/TLS13Protocol.kt:698:28 None of the following candidates is applicable:
fun <T> Join<Int, Function1<Int, Join<Any?, TypeMemento>>>.get(column: Column<T>): T?
fun <T : Any> JsReference<T>.get(): T
e: file:///Users/jim/work/v2superbikeshed/Trikeshed/src/commonMain/kotlin/borg/trikeshed/net/tls/TLS13Protocol.kt:698:53 Unresolved reference 'and'.
e: file:///Users/jim/work/v2superbikeshed/Trikeshed/src/commonMain/kotlin/borg/trikeshed/net/tls/TLS13Protocol.kt:705:28 None of the following candidates is applicable:
fun <T> Join<Int, Function1<Int, Join<Any?, TypeMemento>>>.get(column: Column<T>): T?
fun <T : Any> JsReference<T>.get(): T
e: file:///Users/jim/work/v2superbikeshed/Trikeshed/src/commonMain/kotlin/borg/trikeshed/net/tls/TLS13Protocol.kt:705:49 Unresolved reference 'and'.
e: file:///Users/jim/work/v2superbikeshed/Trikeshed/src/commonMain/kotlin/borg/trikeshed/net/tls/TLS13Protocol.kt:706:26 None of the following candidates is applicable:
fun <T> Join<Int, Function1<Int, Join<Any?, TypeMemento>>>.get(column: Column<T>): T?
fun <T : Any> JsReference<T>.get(): T
e: file:///Users/jim/work/v2superbikeshed/Trikeshed/src/commonMain/kotlin/borg/trikeshed/net/tls/TLS13Protocol.kt:706:51 Unresolved reference 'and'.
e: file:///Users/jim/work/v2superbikeshed/Trikeshed/src/commonMain/kotlin/borg/trikeshed/net/tls/TLS13Protocol.kt:710:47 None of the following candidates is applicable:
fun <T> Join<Int, Function1<Int, Join<Any?, TypeMemento>>>.get(column: Column<T>): T?
fun <T : Any> JsReference<T>.get(): T
e: file:///Users/jim/work/v2superbikeshed/Trikeshed/src/commonMain/kotlin/borg/trikeshed/net/tls/TLS13Protocol.kt:710:68 Unresolved reference 'and'.
e: file:///Users/jim/work/v2superbikeshed/Trikeshed/src/commonMain/kotlin/borg/trikeshed/net/tls/TLS13Protocol.kt:711:44 None of the following candidates is applicable:
fun <T> Join<Int, Function1<Int, Join<Any?, TypeMemento>>>.get(column: Column<T>): T?
fun <T : Any> JsReference<T>.get(): T
e: file:///Users/jim/work/v2superbikeshed/Trikeshed/src/commonMain/kotlin/borg/trikeshed/net/tls/TLS13Protocol.kt:711:69 Unresolved reference 'and'.
e: file:///Users/jim/work/v2superbikeshed/Trikeshed/src/commonMain/kotlin/borg/trikeshed/net/tls/TLS13Protocol.kt:714:61 Cannot infer type for this parameter. Specify it explicitly.
e: file:///Users/jim/work/v2superbikeshed/Trikeshed/src/commonMain/kotlin/borg/trikeshed/net/tls/TLS13Protocol.kt:714:75 None of the following candidates is applicable:
fun <T> Join<Int, Function1<Int, Join<Any?, TypeMemento>>>.get(column: Column<T>): T?
fun <T : Any> JsReference<T>.get(): T
e: file:///Users/jim/work/v2superbikeshed/Trikeshed/src/commonMain/kotlin/borg/trikeshed/net/tls/TLS13Protocol.kt:836:32 None of the following candidates is applicable:
fun <T> Join<Int, Function1<Int, Join<Any?, TypeMemento>>>.get(column: Column<T>): T?
fun <T : Any> JsReference<T>.get(): T
e: file:///Users/jim/work/v2superbikeshed/Trikeshed/src/commonMain/kotlin/borg/trikeshed/net/tls/TLS13Protocol.kt:909:22 None of the following candidates is applicable:
fun <T> Join<Int, Function1<Int, Join<Any?, TypeMemento>>>.get(column: Column<T>): T?
fun <T : Any> JsReference<T>.get(): T
e: file:///Users/jim/work/v2superbikeshed/Trikeshed/src/commonMain/kotlin/borg/trikeshed/net/tls/TLS13Protocol.kt:916:22 None of the following candidates is applicable:
fun <T> Join<Int, Function1<Int, Join<Any?, TypeMemento>>>.get(column: Column<T>): T?
fun <T : Any> JsReference<T>.get(): T
e: file:///Users/jim/work/v2superbikeshed/Trikeshed/src/commonMain/kotlin/borg/trikeshed/net/tls/TLS13Protocol.kt:922:27 None of the following candidates is applicable:
fun <T> Join<Int, Function1<Int, Join<Any?, TypeMemento>>>.get(column: Column<T>): T?
fun <T : Any> JsReference<T>.get(): T
e: file:///Users/jim/work/v2superbikeshed/Trikeshed/src/commonMain/kotlin/borg/trikeshed/net/tls/TLS13Protocol.kt:922:41 Unresolved reference 'encode'.
e: file:///Users/jim/work/v2superbikeshed/Trikeshed/src/commonMain/kotlin/borg/trikeshed/nio/spi/SimpleNioDemo.kt:12:24 Unresolved reference 'JvmNioProvider'.
e: file:///Users/jim/work/v2superbikeshed/Trikeshed/src/commonMain/kotlin/borg/trikeshed/parse/BashBracePacker.kt:24:39 None of the following candidates is applicable:
fun <T> Join<Int, Function1<Int, Join<Any?, TypeMemento>>>.get(column: Column<T>): T?
fun <T : Any> JsReference<T>.get(): T
e: file:///Users/jim/work/v2superbikeshed/Trikeshed/src/commonMain/kotlin/borg/trikeshed/parse/Parser.kt:26:33 None of the following candidates is applicable:
fun <T> Join<Int, Function1<Int, Join<Any?, TypeMemento>>>.get(column: Column<T>): T?
fun <T : Any> JsReference<T>.get(): T
e: file:///Users/jim/work/v2superbikeshed/Trikeshed/src/commonMain/kotlin/borg/trikeshed/parse/Parser.kt:27:31 Unresolved reference 'type'.
e: file:///Users/jim/work/v2superbikeshed/Trikeshed/src/commonMain/kotlin/borg/trikeshed/parse/Parser.kt:28:74 None of the following candidates is applicable:
fun <T> Join<Int, Function1<Int, Join<Any?, TypeMemento>>>.get(column: Column<T>): T?
fun <T : Any> JsReference<T>.get(): T
e: file:///Users/jim/work/v2superbikeshed/Trikeshed/src/commonMain/kotlin/borg/trikeshed/parse/Parser.kt:73:33 None of the following candidates is applicable:
fun ByteArray.toIdx(): Join<Int, Function1<Int, Byte>>
fun IntArray.toIdx(): Join<Int, Function1<Int, Int>>
e: file:///Users/jim/work/v2superbikeshed/Trikeshed/src/commonMain/kotlin/borg/trikeshed/parse/Parser.kt:94:29 None of the following candidates is applicable:
fun <T> Join<Int, Function1<Int, Join<Any?, TypeMemento>>>.get(column: Column<T>): T?
fun <T : Any> JsReference<T>.get(): T
e: file:///Users/jim/work/v2superbikeshed/Trikeshed/src/commonMain/kotlin/borg/trikeshed/parse/Parser.kt:95:27 Unresolved reference 'type'.
e: file:///Users/jim/work/v2superbikeshed/Trikeshed/src/commonMain/kotlin/borg/trikeshed/parse/Parser.kt:96:39 Unresolved reference 'literal'.
e: file:///Users/jim/work/v2superbikeshed/Trikeshed/src/commonMain/kotlin/borg/trikeshed/parse/Parser.kt:96:78 None of the following candidates is applicable:
fun <T> Join<Int, Function1<Int, Join<Any?, TypeMemento>>>.get(column: Column<T>): T?
fun <T : Any> JsReference<T>.get(): T
e: file:///Users/jim/work/v2superbikeshed/Trikeshed/src/commonMain/kotlin/borg/trikeshed/parse/Parser.kt:123:69 None of the following candidates is applicable:
fun ByteArray.toIdx(): Join<Int, Function1<Int, Byte>>
fun IntArray.toIdx(): Join<Int, Function1<Int, Int>>
e: file:///Users/jim/work/v2superbikeshed/Trikeshed/src/commonMain/kotlin/borg/trikeshed/parse/Parser.kt:130:69 None of the following candidates is applicable:
fun ByteArray.toIdx(): Join<Int, Function1<Int, Byte>>
fun IntArray.toIdx(): Join<Int, Function1<Int, Int>>
e: file:///Users/jim/work/v2superbikeshed/Trikeshed/src/commonMain/kotlin/borg/trikeshed/parse/Parser.kt:151:66 None of the following candidates is applicable:
fun ByteArray.toIdx(): Join<Int, Function1<Int, Byte>>
fun IntArray.toIdx(): Join<Int, Function1<Int, Int>>
e: file:///Users/jim/work/v2superbikeshed/Trikeshed/src/commonMain/kotlin/borg/trikeshed/parse/Parser.kt:171:30 Overload resolution ambiguity between candidates:
fun <X, C, V : Join<Int, Function1<Int, X>>> V.α(crossinline xform: (X) -> C): Join<Int, Function1<Int, C>>
fun <X, C, V : Join<Int, Function1<Int, X>>> V.α(crossinline xform: (X) -> C): Join<Int, Function1<Int, C>>
e: file:///Users/jim/work/v2superbikeshed/Trikeshed/src/commonMain/kotlin/borg/trikeshed/parse/Parser.kt:171:40 Unresolved reference 'it'.
e: file:///Users/jim/work/v2superbikeshed/Trikeshed/src/commonMain/kotlin/borg/trikeshed/parse/Parser.kt:184:55 None of the following candidates is applicable:
fun ByteArray.toIdx(): Join<Int, Function1<Int, Byte>>
fun IntArray.toIdx(): Join<Int, Function1<Int, Int>>
e: file:///Users/jim/work/v2superbikeshed/Trikeshed/src/commonMain/kotlin/borg/trikeshed/parse/bbcursive/Allocator.kt:5:27 Unresolved reference 'lim'.
e: file:///Users/jim/work/v2superbikeshed/Trikeshed/src/commonMain/kotlin/borg/trikeshed/parse/bbcursive/Allocator.kt:6:27 Unresolved reference 'pos'.
e: file:///Users/jim/work/v2superbikeshed/Trikeshed/src/commonMain/kotlin/borg/trikeshed/parse/bbcursive/Allocator.kt:8:27 Unresolved reference 'duplicate'.
e: file:///Users/jim/work/v2superbikeshed/Trikeshed/src/commonMain/kotlin/borg/trikeshed/parse/bbcursive/Allocator.kt:9:27 Unresolved reference 'put'.
e: file:///Users/jim/work/v2superbikeshed/Trikeshed/src/commonMain/kotlin/borg/trikeshed/parse/bbcursive/Allocator.kt:10:27 Unresolved reference 'rew'.
e: file:///Users/jim/work/v2superbikeshed/Trikeshed/src/commonMain/kotlin/borg/trikeshed/parse/bbcursive/Allocator.kt:23:35 Unresolved reference 'Runtime'.
e: file:///Users/jim/work/v2superbikeshed/Trikeshed/src/commonMain/kotlin/borg/trikeshed/parse/bbcursive/Allocator.kt:26:71 Overload resolution ambiguity between candidates:
fun ByteArray.toIndexed(): Join<Int, Function1<Int, Byte>>
fun <T> Any.toIndexed(): Join<Int, Function1<Int, T>>
fun ByteArray.toIndexed(): Join<Int, Function1<Int, Byte>>
e: file:///Users/jim/work/v2superbikeshed/Trikeshed/src/commonMain/kotlin/borg/trikeshed/parse/bbcursive/Allocator.kt:26:84 Unresolved reference 'ro'.
e: file:///Users/jim/work/v2superbikeshed/Trikeshed/src/commonMain/kotlin/borg/trikeshed/parse/bbcursive/Allocator.kt:43:60 Overload resolution ambiguity between candidates:
fun ByteArray.toIndexed(): Join<Int, Function1<Int, Byte>>
fun <T> Any.toIndexed(): Join<Int, Function1<Int, T>>
fun ByteArray.toIndexed(): Join<Int, Function1<Int, Byte>>
e: file:///Users/jim/work/v2superbikeshed/Trikeshed/src/commonMain/kotlin/borg/trikeshed/parse/bbcursive/Allocator.kt:43:73 Unresolved reference 'lim'.
e: file:///Users/jim/work/v2superbikeshed/Trikeshed/src/commonMain/kotlin/borg/trikeshed/parse/bbcursive/Allocator.kt:46:17 Unresolved reference 'System'.
e: file:///Users/jim/work/v2superbikeshed/Trikeshed/src/commonMain/kotlin/borg/trikeshed/parse/bbcursive/Allocator.kt:50:24 Unresolved reference 'Math'.
e: file:///Users/jim/work/v2superbikeshed/Trikeshed/src/commonMain/kotlin/borg/trikeshed/parse/bbcursive/Allocator.kt:51:17 Unresolved reference 'System'.
e: file:///Users/jim/work/v2superbikeshed/Trikeshed/src/commonMain/kotlin/borg/trikeshed/parse/bbcursive/Allocator.kt:53:24 Unresolved reference 'Math'.
e: file:///Users/jim/work/v2superbikeshed/Trikeshed/src/commonMain/kotlin/borg/trikeshed/parse/bbcursive/Allocator.kt:54:17 Unresolved reference 'System'.
e: file:///Users/jim/work/v2superbikeshed/Trikeshed/src/commonMain/kotlin/borg/trikeshed/parse/bbcursive/Allocator.kt:69:60 Overload resolution ambiguity between candidates:
fun ByteArray.toIndexed(): Join<Int, Function1<Int, Byte>>
fun <T> Any.toIndexed(): Join<Int, Function1<Int, T>>
fun ByteArray.toIndexed(): Join<Int, Function1<Int, Byte>>
e: file:///Users/jim/work/v2superbikeshed/Trikeshed/src/commonMain/kotlin/borg/trikeshed/parse/bbcursive/Allocator.kt:69:73 Unresolved reference 'lim'.
e: file:///Users/jim/work/v2superbikeshed/Trikeshed/src/commonMain/kotlin/borg/trikeshed/parse/bbcursive/Allocator.kt:72:17 Unresolved reference 'System'.
e: file:///Users/jim/work/v2superbikeshed/Trikeshed/src/commonMain/kotlin/borg/trikeshed/parse/bbcursive/Allocator.kt:76:24 Unresolved reference 'Math'.
e: file:///Users/jim/work/v2superbikeshed/Trikeshed/src/commonMain/kotlin/borg/trikeshed/parse/bbcursive/Allocator.kt:77:17 Unresolved reference 'System'.
e: file:///Users/jim/work/v2superbikeshed/Trikeshed/src/commonMain/kotlin/borg/trikeshed/parse/bbcursive/Allocator.kt:79:24 Unresolved reference 'Math'.
e: file:///Users/jim/work/v2superbikeshed/Trikeshed/src/commonMain/kotlin/borg/trikeshed/parse/bbcursive/Allocator.kt:80:17 Unresolved reference 'System'.
e: file:///Users/jim/work/v2superbikeshed/Trikeshed/src/commonMain/kotlin/borg/trikeshed/parse/bbcursive/Allocator.kt:92:38 No value passed for parameter 'range'.
e: file:///Users/jim/work/v2superbikeshed/Trikeshed/src/commonMain/kotlin/borg/trikeshed/parse/bbcursive/Allocator.kt:92:41 Unresolved reference 'lim'.
e: file:///Users/jim/work/v2superbikeshed/Trikeshed/src/commonMain/kotlin/borg/trikeshed/parse/bbcursive/Cursive.kt:6:27 Unresolved reference 'pos'.
e: file:///Users/jim/work/v2superbikeshed/Trikeshed/src/commonMain/kotlin/borg/trikeshed/parse/bbcursive/Cursive.kt:7:27 Unresolved reference 'rem'.
e: file:///Users/jim/work/v2superbikeshed/Trikeshed/src/commonMain/kotlin/borg/trikeshed/parse/bbcursive/Cursive.kt:8:27 Unresolved reference 'rew'.
e: file:///Users/jim/work/v2superbikeshed/Trikeshed/src/commonMain/kotlin/borg/trikeshed/parse/bbcursive/Cursive.kt:15:1 Functional interface must have exactly one abstract function.
e: file:///Users/jim/work/v2superbikeshed/Trikeshed/src/commonMain/kotlin/borg/trikeshed/parse/bbcursive/Cursive.kt:15:25 Unresolved reference 'UnaryOperator'.
e: file:///Users/jim/work/v2superbikeshed/Trikeshed/src/commonMain/kotlin/borg/trikeshed/parse/bbcursive/Cursive.kt:18:13 'invoke' overrides nothing.
e: file:///Users/jim/work/v2superbikeshed/Trikeshed/src/commonMain/kotlin/borg/trikeshed/parse/bbcursive/Cursive.kt:18:88 Unresolved reference 'duplicate'.
e: file:///Users/jim/work/v2superbikeshed/Trikeshed/src/commonMain/kotlin/borg/trikeshed/parse/bbcursive/Cursive.kt:21:13 'invoke' overrides nothing.
e: file:///Users/jim/work/v2superbikeshed/Trikeshed/src/commonMain/kotlin/borg/trikeshed/parse/bbcursive/Cursive.kt:24:13 'invoke' overrides nothing.
e: file:///Users/jim/work/v2superbikeshed/Trikeshed/src/commonMain/kotlin/borg/trikeshed/parse/bbcursive/Cursive.kt:24:88 None of the following candidates is applicable:
fun <T> Array<out T>.slice(indices: IntRange): List<T>
fun ByteArray.slice(indices: IntRange): List<Byte>
fun ShortArray.slice(indices: IntRange): List<Short>
fun IntArray.slice(indices: IntRange): List<Int>
fun LongArray.slice(indices: IntRange): List<Long>
fun FloatArray.slice(indices: IntRange): List<Float>
fun DoubleArray.slice(indices: IntRange): List<Double>
fun BooleanArray.slice(indices: IntRange): List<Boolean>
fun CharArray.slice(indices: IntRange): List<Char>
fun <T> Array<out T>.slice(indices: Iterable<Int>): List<T>
fun ByteArray.slice(indices: Iterable<Int>): List<Byte>
fun ShortArray.slice(indices: Iterable<Int>): List<Short>
fun IntArray.slice(indices: Iterable<Int>): List<Int>
fun LongArray.slice(indices: Iterable<Int>): List<Long>
fun FloatArray.slice(indices: Iterable<Int>): List<Float>
fun DoubleArray.slice(indices: Iterable<Int>): List<Double>
fun BooleanArray.slice(indices: Iterable<Int>): List<Boolean>
fun CharArray.slice(indices: Iterable<Int>): List<Char>
fun <T> List<T>.slice(indices: IntRange): List<T>
fun <T> List<T>.slice(indices: Iterable<Int>): List<T>
fun UIntArray.slice(indices: IntRange): List<UInt>
fun ULongArray.slice(indices: IntRange): List<ULong>
fun UByteArray.slice(indices: IntRange): List<UByte>
fun UShortArray.slice(indices: IntRange): List<UShort>
fun UIntArray.slice(indices: Iterable<Int>): List<UInt>
fun ULongArray.slice(indices: Iterable<Int>): List<ULong>
fun UByteArray.slice(indices: Iterable<Int>): List<UByte>
fun UShortArray.slice(indices: Iterable<Int>): List<UShort>
fun CharSequence.slice(indices: IntRange): CharSequence
fun String.slice(indices: IntRange): String
fun CharSequence.slice(indices: Iterable<Int>): CharSequence
fun String.slice(indices: Iterable<Int>): String
e: file:///Users/jim/work/v2superbikeshed/Trikeshed/src/commonMain/kotlin/borg/trikeshed/parse/bbcursive/Cursive.kt:27:13 'invoke' overrides nothing.
e: file:///Users/jim/work/v2superbikeshed/Trikeshed/src/commonMain/kotlin/borg/trikeshed/parse/bbcursive/Cursive.kt:30:13 'invoke' overrides nothing.
e: file:///Users/jim/work/v2superbikeshed/Trikeshed/src/commonMain/kotlin/borg/trikeshed/parse/bbcursive/Cursive.kt:30:88 Cannot infer type for this parameter. Specify it explicitly.
e: file:///Users/jim/work/v2superbikeshed/Trikeshed/src/commonMain/kotlin/borg/trikeshed/parse/bbcursive/Cursive.kt:30:91 No value passed for parameter 'value'.
e: file:///Users/jim/work/v2superbikeshed/Trikeshed/src/commonMain/kotlin/borg/trikeshed/parse/bbcursive/Cursive.kt:36:13 'invoke' overrides nothing.
e: file:///Users/jim/work/v2superbikeshed/Trikeshed/src/commonMain/kotlin/borg/trikeshed/parse/bbcursive/Cursive.kt:36:88 Cannot infer type for this parameter. Specify it explicitly.
e: file:///Users/jim/work/v2superbikeshed/Trikeshed/src/commonMain/kotlin/borg/trikeshed/parse/bbcursive/Cursive.kt:36:91 No value passed for parameter 'value'.
e: file:///Users/jim/work/v2superbikeshed/Trikeshed/src/commonMain/kotlin/borg/trikeshed/parse/bbcursive/Cursive.kt:42:13 'invoke' overrides nothing.
e: file:///Users/jim/work/v2superbikeshed/Trikeshed/src/commonMain/kotlin/borg/trikeshed/parse/bbcursive/Cursive.kt:43:17 Unresolved reference 'System'.
e: file:///Users/jim/work/v2superbikeshed/Trikeshed/src/commonMain/kotlin/borg/trikeshed/parse/bbcursive/Cursive.kt:48:13 'invoke' overrides nothing.
e: file:///Users/jim/work/v2superbikeshed/Trikeshed/src/commonMain/kotlin/borg/trikeshed/parse/bbcursive/Cursive.kt:48:88 Unresolved reference 'ro'.
e: file:///Users/jim/work/v2superbikeshed/Trikeshed/src/commonMain/kotlin/borg/trikeshed/parse/bbcursive/Cursive.kt:57:13 'invoke' overrides nothing.
e: file:///Users/jim/work/v2superbikeshed/Trikeshed/src/commonMain/kotlin/borg/trikeshed/parse/bbcursive/Cursive.kt:59:54 None of the following candidates is applicable:
fun <T> Join<Int, Function1<Int, Join<Any?, TypeMemento>>>.get(column: Column<T>): T?
fun <T : Any> JsReference<T>.get(): T
e: file:///Users/jim/work/v2superbikeshed/Trikeshed/src/commonMain/kotlin/borg/trikeshed/parse/bbcursive/Cursive.kt:59:68 Unresolved reference 'toChar'.
e: file:///Users/jim/work/v2superbikeshed/Trikeshed/src/commonMain/kotlin/borg/trikeshed/parse/bbcursive/Cursive.kt:64:28 Suspend function 'suspend fun bb(b: ByteIndexedBuffer, vararg ops: ERROR CLASS: Symbol not found for UnaryOperator): ByteIndexedBuffer?' can only be called from a coroutine or another suspend function.
e: file:///Users/jim/work/v2superbikeshed/Trikeshed/src/commonMain/kotlin/borg/trikeshed/parse/bbcursive/Cursive.kt:68:13 'invoke' overrides nothing.
e: file:///Users/jim/work/v2superbikeshed/Trikeshed/src/commonMain/kotlin/borg/trikeshed/parse/bbcursive/Cursive.kt:71:13 'invoke' overrides nothing.
e: file:///Users/jim/work/v2superbikeshed/Trikeshed/src/commonMain/kotlin/borg/trikeshed/parse/bbcursive/Cursive.kt:72:55 None of the following candidates is applicable:
fun <T> Join<Int, Function1<Int, Join<Any?, TypeMemento>>>.get(column: Column<T>): T?
fun <T : Any> JsReference<T>.get(): T
e: file:///Users/jim/work/v2superbikeshed/Trikeshed/src/commonMain/kotlin/borg/trikeshed/parse/bbcursive/Cursive.kt:72:69 Unresolved reference 'toChar'.
e: file:///Users/jim/work/v2superbikeshed/Trikeshed/src/commonMain/kotlin/borg/trikeshed/parse/bbcursive/Cursive.kt:81:13 'invoke' overrides nothing.
e: file:///Users/jim/work/v2superbikeshed/Trikeshed/src/commonMain/kotlin/borg/trikeshed/parse/bbcursive/Cursive.kt:82:62 None of the following candidates is applicable:
fun <T> Join<Int, Function1<Int, Join<Any?, TypeMemento>>>.get(column: Column<T>): T?
fun <T : Any> JsReference<T>.get(): T
e: file:///Users/jim/work/v2superbikeshed/Trikeshed/src/commonMain/kotlin/borg/trikeshed/parse/bbcursive/Cursive.kt:82:76 Unresolved reference 'toChar'.
e: file:///Users/jim/work/v2superbikeshed/Trikeshed/src/commonMain/kotlin/borg/trikeshed/parse/bbcursive/Cursive.kt:91:13 'invoke' overrides nothing.
e: file:///Users/jim/work/v2superbikeshed/Trikeshed/src/commonMain/kotlin/borg/trikeshed/parse/bbcursive/Cursive.kt:92:62 None of the following candidates is applicable:
fun <T> Join<Int, Function1<Int, Join<Any?, TypeMemento>>>.get(column: Column<T>): T?
fun <T : Any> JsReference<T>.get(): T
e: file:///Users/jim/work/v2superbikeshed/Trikeshed/src/commonMain/kotlin/borg/trikeshed/parse/bbcursive/Cursive.kt:92:76 Unresolved reference 'toChar'.
e: file:///Users/jim/work/v2superbikeshed/Trikeshed/src/commonMain/kotlin/borg/trikeshed/parse/bbcursive/Cursive.kt:97:13 'invoke' overrides nothing.
e: file:///Users/jim/work/v2superbikeshed/Trikeshed/src/commonMain/kotlin/borg/trikeshed/parse/bbcursive/Cursive.kt:103:13 'invoke' overrides nothing.
e: file:///Users/jim/work/v2superbikeshed/Trikeshed/src/commonMain/kotlin/borg/trikeshed/parse/bbcursive/Cursive.kt:109:13 'invoke' overrides nothing.
e: file:///Users/jim/work/v2superbikeshed/Trikeshed/src/commonMain/kotlin/borg/trikeshed/parse/bbcursive/Cursive.kt:116:13 'invoke' overrides nothing.
e: file:///Users/jim/work/v2superbikeshed/Trikeshed/src/commonMain/kotlin/borg/trikeshed/parse/bbcursive/Cursive.kt:119:13 'invoke' overrides nothing.
e: file:///Users/jim/work/v2superbikeshed/Trikeshed/src/commonMain/kotlin/borg/trikeshed/parse/bbcursive/Cursive.kt:120:47 Unresolved reference 'Character'.
e: file:///Users/jim/work/v2superbikeshed/Trikeshed/src/commonMain/kotlin/borg/trikeshed/parse/bbcursive/Cursive.kt:120:72 None of the following candidates is applicable:
fun <T> Join<Int, Function1<Int, Join<Any?, TypeMemento>>>.get(column: Column<T>): T?
fun <T : Any> JsReference<T>.get(): T
e: file:///Users/jim/work/v2superbikeshed/Trikeshed/src/commonMain/kotlin/borg/trikeshed/parse/bbcursive/Cursive.kt:120:86 Unresolved reference 'toChar'.
e: file:///Users/jim/work/v2superbikeshed/Trikeshed/src/commonMain/kotlin/borg/trikeshed/parse/bbcursive/Cursive.kt:129:13 'invoke' overrides nothing.
e: file:///Users/jim/work/v2superbikeshed/Trikeshed/src/commonMain/kotlin/borg/trikeshed/parse/bbcursive/Cursive.kt:129:88 Unresolved reference 'compact'.
e: file:///Users/jim/work/v2superbikeshed/Trikeshed/src/commonMain/kotlin/borg/trikeshed/parse/bbcursive/Cursive.kt:132:13 'invoke' overrides nothing.
e: file:///Users/jim/work/v2superbikeshed/Trikeshed/src/commonMain/kotlin/borg/trikeshed/parse/bbcursive/Cursive.kt:132:88 Cannot infer type for this parameter. Specify it explicitly.
e: file:///Users/jim/work/v2superbikeshed/Trikeshed/src/commonMain/kotlin/borg/trikeshed/parse/bbcursive/Cursive.kt:132:91 No value passed for parameter 'value'.
e: file:///Users/jim/work/v2superbikeshed/Trikeshed/src/commonMain/kotlin/borg/trikeshed/parse/bbcursive/Cursive.kt:135:13 'invoke' overrides nothing.
e: file:///Users/jim/work/v2superbikeshed/Trikeshed/src/commonMain/kotlin/borg/trikeshed/parse/bbcursive/Cursive.kt:135:88 Cannot infer type for this parameter. Specify it explicitly.
e: file:///Users/jim/work/v2superbikeshed/Trikeshed/src/commonMain/kotlin/borg/trikeshed/parse/bbcursive/Cursive.kt:135:91 No value passed for parameter 'value'.
e: file:///Users/jim/work/v2superbikeshed/Trikeshed/src/commonMain/kotlin/borg/trikeshed/parse/bbcursive/Cursive.kt:138:13 'invoke' overrides nothing.
e: file:///Users/jim/work/v2superbikeshed/Trikeshed/src/commonMain/kotlin/borg/trikeshed/parse/bbcursive/Cursive.kt:141:13 'invoke' overrides nothing.
e: file:///Users/jim/work/v2superbikeshed/Trikeshed/src/commonMain/kotlin/borg/trikeshed/parse/bbcursive/Cursive.kt:144:13 'invoke' overrides nothing.
e: file:///Users/jim/work/v2superbikeshed/Trikeshed/src/commonMain/kotlin/borg/trikeshed/parse/bbcursive/Cursive.kt:144:88 Unresolved reference 'ro'.
e: file:///Users/jim/work/v2superbikeshed/Trikeshed/src/commonMain/kotlin/borg/trikeshed/parse/bbcursive/Cursive.kt:150:13 'invoke' overrides nothing.
e: file:///Users/jim/work/v2superbikeshed/Trikeshed/src/commonMain/kotlin/borg/trikeshed/parse/bbcursive/Cursive.kt:152:28 Unresolved reference 'put'.
e: file:///Users/jim/work/v2superbikeshed/Trikeshed/src/commonMain/kotlin/borg/trikeshed/parse/bbcursive/Cursive.kt:161:13 'invoke' overrides nothing.
e: file:///Users/jim/work/v2superbikeshed/Trikeshed/src/commonMain/kotlin/borg/trikeshed/parse/bbcursive/Cursive.kt:165:28 Unresolved reference 'put'.
e: file:///Users/jim/work/v2superbikeshed/Trikeshed/src/commonMain/kotlin/borg/trikeshed/parse/bbcursive/lib/Int.kt:3:8 Unresolved reference 'java'.
e: file:///Users/jim/work/v2superbikeshed/Trikeshed/src/commonMain/kotlin/borg/trikeshed/parse/bbcursive/lib/Int.kt:9:21 Unresolved reference 'ByteBuffer'.
e: file:///Users/jim/work/v2superbikeshed/Trikeshed/src/commonMain/kotlin/borg/trikeshed/parse/bbcursive/lib/Int.kt:14:15 Unresolved reference 'hasRemaining'.
e: file:///Users/jim/work/v2superbikeshed/Trikeshed/src/commonMain/kotlin/borg/trikeshed/parse/bbcursive/lib/Int.kt:15:23 Cannot infer type for this parameter. Specify it explicitly.
e: file:///Users/jim/work/v2superbikeshed/Trikeshed/src/commonMain/kotlin/borg/trikeshed/parse/bbcursive/lib/Int.kt:15:23 Not enough information to infer type argument for 'T'.
e: file:///Users/jim/work/v2superbikeshed/Trikeshed/src/commonMain/kotlin/borg/trikeshed/parse/bbcursive/lib/Int.kt:28:22 Unresolved reference 'hasRemaining'.
e: file:///Users/jim/work/v2superbikeshed/Trikeshed/src/commonMain/kotlin/borg/trikeshed/parse/bbcursive/lib/Int.kt:29:23 Cannot infer type for this parameter. Specify it explicitly.
e: file:///Users/jim/work/v2superbikeshed/Trikeshed/src/commonMain/kotlin/borg/trikeshed/parse/bbcursive/lib/Int.kt:29:23 Not enough information to infer type argument for 'T'.
e: file:///Users/jim/work/v2superbikeshed/Trikeshed/src/commonMain/kotlin/borg/trikeshed/parse/bbcursive/lib/Int.kt:45:19 Assignment type mismatch: actual type is 'kotlin.Int', but 'borg.trikeshed.parse.bbcursive.lib.Int?' was expected.
e: file:///Users/jim/work/v2superbikeshed/Trikeshed/src/commonMain/kotlin/borg/trikeshed/parse/bbcursive/lib/Int.kt:92:19 Assignment type mismatch: actual type is 'kotlin.Int', but 'borg.trikeshed.parse.bbcursive.lib.Int?' was expected.
e: file:///Users/jim/work/v2superbikeshed/Trikeshed/src/commonMain/kotlin/borg/trikeshed/parse/bbcursive/lib/abort.kt:3:23 Unresolved reference 'std'.
e: file:///Users/jim/work/v2superbikeshed/Trikeshed/src/commonMain/kotlin/borg/trikeshed/parse/bbcursive/lib/abort.kt:5:8 Unresolved reference 'java'.
e: file:///Users/jim/work/v2superbikeshed/Trikeshed/src/commonMain/kotlin/borg/trikeshed/parse/bbcursive/lib/abort.kt:6:8 Unresolved reference 'java'.
e: file:///Users/jim/work/v2superbikeshed/Trikeshed/src/commonMain/kotlin/borg/trikeshed/parse/bbcursive/lib/abort.kt:12:39 Unresolved reference 'UnaryOperator'.
e: file:///Users/jim/work/v2superbikeshed/Trikeshed/src/commonMain/kotlin/borg/trikeshed/parse/bbcursive/lib/abort.kt:12:53 Unresolved reference 'ByteBuffer'.
e: file:///Users/jim/work/v2superbikeshed/Trikeshed/src/commonMain/kotlin/borg/trikeshed/parse/bbcursive/lib/abort.kt:13:16 Unresolved reference 'UnaryOperator'.
e: file:///Users/jim/work/v2superbikeshed/Trikeshed/src/commonMain/kotlin/borg/trikeshed/parse/bbcursive/lib/abort.kt:13:30 Unresolved reference 'ByteBuffer'.
e: file:///Users/jim/work/v2superbikeshed/Trikeshed/src/commonMain/kotlin/borg/trikeshed/parse/bbcursive/lib/abort.kt:13:44 Cannot infer type for this parameter. Specify it explicitly.
e: file:///Users/jim/work/v2superbikeshed/Trikeshed/src/commonMain/kotlin/borg/trikeshed/parse/bbcursive/lib/abort.kt:13:71 Unresolved reference 'std'.
e: file:///Users/jim/work/v2superbikeshed/Trikeshed/src/commonMain/kotlin/borg/trikeshed/parse/bbcursive/lib/advance.kt:3:8 Unresolved reference 'java'.
e: file:///Users/jim/work/v2superbikeshed/Trikeshed/src/commonMain/kotlin/borg/trikeshed/parse/bbcursive/lib/advance.kt:4:8 Unresolved reference 'java'.
e: file:///Users/jim/work/v2superbikeshed/Trikeshed/src/commonMain/kotlin/borg/trikeshed/parse/bbcursive/lib/advance.kt:16:48 Unresolved reference 'UnaryOperator'.
e: file:///Users/jim/work/v2superbikeshed/Trikeshed/src/commonMain/kotlin/borg/trikeshed/parse/bbcursive/lib/advance.kt:16:62 Unresolved reference 'ByteBuffer'.
e: file:///Users/jim/work/v2superbikeshed/Trikeshed/src/commonMain/kotlin/borg/trikeshed/parse/bbcursive/lib/advance.kt:18:25 Unresolved reference 'UnaryOperator'.
e: file:///Users/jim/work/v2superbikeshed/Trikeshed/src/commonMain/kotlin/borg/trikeshed/parse/bbcursive/lib/advance.kt:18:39 Unresolved reference 'ByteBuffer'.
e: file:///Users/jim/work/v2superbikeshed/Trikeshed/src/commonMain/kotlin/borg/trikeshed/parse/bbcursive/lib/advance.kt:22:13 'toString' overrides nothing.
e: file:///Users/jim/work/v2superbikeshed/Trikeshed/src/commonMain/kotlin/borg/trikeshed/parse/bbcursive/lib/advance.kt:28:38 'fun String(chars: CharArray): String' is deprecated. Use CharArray.concatToString() instead.
e: file:///Users/jim/work/v2superbikeshed/Trikeshed/src/commonMain/kotlin/borg/trikeshed/parse/bbcursive/lib/advance.kt:28:51 None of the following candidates is applicable:
fun Array<out Byte>.toByteArray(): ByteArray
fun Collection<Byte>.toByteArray(): ByteArray
fun UByteArray.toByteArray(): ByteArray
e: file:///Users/jim/work/v2superbikeshed/Trikeshed/src/commonMain/kotlin/borg/trikeshed/parse/bbcursive/lib/advance.kt:31:13 'apply' overrides nothing.
e: file:///Users/jim/work/v2superbikeshed/Trikeshed/src/commonMain/kotlin/borg/trikeshed/parse/bbcursive/lib/advance.kt:31:40 Unresolved reference 'ByteBuffer'.
e: file:///Users/jim/work/v2superbikeshed/Trikeshed/src/commonMain/kotlin/borg/trikeshed/parse/bbcursive/lib/advance.kt:31:53 Unresolved reference 'ByteBuffer'.
e: file:///Users/jim/work/v2superbikeshed/Trikeshed/src/commonMain/kotlin/borg/trikeshed/parse/bbcursive/lib/advance.kt:33:31 Unresolved reference 'hasRemaining'.
e: file:///Users/jim/work/v2superbikeshed/Trikeshed/src/commonMain/kotlin/borg/trikeshed/parse/bbcursive/lib/allOf_.kt:3:23 Unresolved reference 'std'.
e: file:///Users/jim/work/v2superbikeshed/Trikeshed/src/commonMain/kotlin/borg/trikeshed/parse/bbcursive/lib/allOf_.kt:5:8 Unresolved reference 'java'.
e: file:///Users/jim/work/v2superbikeshed/Trikeshed/src/commonMain/kotlin/borg/trikeshed/parse/bbcursive/lib/allOf_.kt:6:8 Unresolved reference 'java'.
e: file:///Users/jim/work/v2superbikeshed/Trikeshed/src/commonMain/kotlin/borg/trikeshed/parse/bbcursive/lib/allOf_.kt:7:8 Unresolved reference 'java'.
e: file:///Users/jim/work/v2superbikeshed/Trikeshed/src/commonMain/kotlin/borg/trikeshed/parse/bbcursive/lib/allOf_.kt:20:29 Unresolved reference 'UnaryOperator'.
e: file:///Users/jim/work/v2superbikeshed/Trikeshed/src/commonMain/kotlin/borg/trikeshed/parse/bbcursive/lib/allOf_.kt:20:43 Unresolved reference 'ByteBuffer'.
e: file:///Users/jim/work/v2superbikeshed/Trikeshed/src/commonMain/kotlin/borg/trikeshed/parse/bbcursive/lib/allOf_.kt:20:57 Unresolved reference 'UnaryOperator'.
e: file:///Users/jim/work/v2superbikeshed/Trikeshed/src/commonMain/kotlin/borg/trikeshed/parse/bbcursive/lib/allOf_.kt:20:71 Unresolved reference 'ByteBuffer'.
e: file:///Users/jim/work/v2superbikeshed/Trikeshed/src/commonMain/kotlin/borg/trikeshed/parse/bbcursive/lib/allOf_.kt:21:25 Unresolved reference 'UnaryOperator'.
e: file:///Users/jim/work/v2superbikeshed/Trikeshed/src/commonMain/kotlin/borg/trikeshed/parse/bbcursive/lib/allOf_.kt:21:39 Unresolved reference 'ByteBuffer'.
e: file:///Users/jim/work/v2superbikeshed/Trikeshed/src/commonMain/kotlin/borg/trikeshed/parse/bbcursive/lib/allOf_.kt:22:13 'toString' overrides nothing.
e: file:///Users/jim/work/v2superbikeshed/Trikeshed/src/commonMain/kotlin/borg/trikeshed/parse/bbcursive/lib/allOf_.kt:23:32 Unresolved reference 'Arrays'.
e: file:///Users/jim/work/v2superbikeshed/Trikeshed/src/commonMain/kotlin/borg/trikeshed/parse/bbcursive/lib/allOf_.kt:26:13 'apply' overrides nothing.
e: file:///Users/jim/work/v2superbikeshed/Trikeshed/src/commonMain/kotlin/borg/trikeshed/parse/bbcursive/lib/allOf_.kt:26:40 Unresolved reference 'ByteBuffer'.
e: file:///Users/jim/work/v2superbikeshed/Trikeshed/src/commonMain/kotlin/borg/trikeshed/parse/bbcursive/lib/allOf_.kt:26:53 Unresolved reference 'ByteBuffer'.
e: file:///Users/jim/work/v2superbikeshed/Trikeshed/src/commonMain/kotlin/borg/trikeshed/parse/bbcursive/lib/allOf_.kt:27:24 Unresolved reference 'std'.
e: file:///Users/jim/work/v2superbikeshed/Trikeshed/src/commonMain/kotlin/borg/trikeshed/parse/bbcursive/lib/anyOf_.kt:7:39 Unresolved reference 'ParseResult'.
e: file:///Users/jim/work/v2superbikeshed/Trikeshed/src/commonMain/kotlin/borg/trikeshed/parse/bbcursive/lib/anyOf_.kt:8:39 Unresolved reference 'SessionContext'.
e: file:///Users/jim/work/v2superbikeshed/Trikeshed/src/commonMain/kotlin/borg/trikeshed/parse/bbcursive/lib/anyOf_.kt:9:39 Unresolved reference 'Traits'.
e: file:///Users/jim/work/v2superbikeshed/Trikeshed/src/commonMain/kotlin/borg/trikeshed/parse/bbcursive/lib/anyOf_.kt:10:39 Unresolved reference 'UnaryOperator'.
e: file:///Users/jim/work/v2superbikeshed/Trikeshed/src/commonMain/kotlin/borg/trikeshed/parse/bbcursive/lib/anyOf_.kt:14:15 Unresolved reference 'streams'.
e: file:///Users/jim/work/v2superbikeshed/Trikeshed/src/commonMain/kotlin/borg/trikeshed/parse/bbcursive/lib/anyOf_.kt:21:26 Unresolved reference 'Traits'.
e: file:///Users/jim/work/v2superbikeshed/Trikeshed/src/commonMain/kotlin/borg/trikeshed/parse/bbcursive/lib/anyOf_.kt:21:36 Cannot infer type for this parameter. Specify it explicitly.
e: file:///Users/jim/work/v2superbikeshed/Trikeshed/src/commonMain/kotlin/borg/trikeshed/parse/bbcursive/lib/anyOf_.kt:23:41 Unresolved reference 'UnaryOperator'.
e: file:///Users/jim/work/v2superbikeshed/Trikeshed/src/commonMain/kotlin/borg/trikeshed/parse/bbcursive/lib/anyOf_.kt:23:76 Unresolved reference 'UnaryOperator'.
e: file:///Users/jim/work/v2superbikeshed/Trikeshed/src/commonMain/kotlin/borg/trikeshed/parse/bbcursive/lib/anyOf_.kt:26:29 Unresolved reference 'UnaryOperator'.
e: file:///Users/jim/work/v2superbikeshed/Trikeshed/src/commonMain/kotlin/borg/trikeshed/parse/bbcursive/lib/anyOf_.kt:28:17 'invoke' overrides nothing.
e: file:///Users/jim/work/v2superbikeshed/Trikeshed/src/commonMain/kotlin/borg/trikeshed/parse/bbcursive/lib/anyOf_.kt:29:59 Unresolved reference 'SessionContext'.
e: file:///Users/jim/work/v2superbikeshed/Trikeshed/src/commonMain/kotlin/borg/trikeshed/parse/bbcursive/lib/anyOf_.kt:33:40 Unresolved reference 'flags'.
e: file:///Users/jim/work/v2superbikeshed/Trikeshed/src/commonMain/kotlin/borg/trikeshed/parse/bbcursive/lib/anyOf_.kt:33:55 Unresolved reference 'Traits'.
e: file:///Users/jim/work/v2superbikeshed/Trikeshed/src/commonMain/kotlin/borg/trikeshed/parse/bbcursive/lib/anyOf_.kt:34:56 Cannot infer type for this parameter. Specify it explicitly.
e: file:///Users/jim/work/v2superbikeshed/Trikeshed/src/commonMain/kotlin/borg/trikeshed/parse/bbcursive/lib/anyOf_.kt:34:56 Unresolved reference. None of the following candidates is applicable because of a receiver type mismatch:
fun <T, R> DeepRecursiveFunction<T, R>.invoke(value: T): R
e: file:///Users/jim/work/v2superbikeshed/Trikeshed/src/commonMain/kotlin/borg/trikeshed/parse/bbcursive/lib/anyOf_.kt:51:29 Class '<anonymous>' is not abstract and does not implement abstract base class member:
fun goTo(addressType: addressType): addressType
e: file:///Users/jim/work/v2superbikeshed/Trikeshed/src/commonMain/kotlin/borg/trikeshed/parse/bbcursive/lib/anyOf_.kt:51:48 Unresolved reference 'Traits'.
e: file:///Users/jim/work/v2superbikeshed/Trikeshed/src/commonMain/kotlin/borg/trikeshed/parse/bbcursive/lib/anyOf_.kt:51:63 Unresolved reference 'UnaryOperator'.
e: file:///Users/jim/work/v2superbikeshed/Trikeshed/src/commonMain/kotlin/borg/trikeshed/parse/bbcursive/lib/anyOf_.kt:54:52 Return type of 'at' is not a subtype of the return type of the overridden member 'fun at(): _edge<ERROR CLASS: Symbol not found for UnaryOperator, Int>' defined in 'borg/trikeshed/parse/bbcursive/lib/<anonymous>'.
e: file:///Users/jim/work/v2superbikeshed/Trikeshed/src/commonMain/kotlin/borg/trikeshed/parse/bbcursive/lib/anyOf_.kt:54:58 Return type mismatch: expected 'Int', actual 'Array<ByteIndexedBuffer?>'.
e: file:///Users/jim/work/v2superbikeshed/Trikeshed/src/commonMain/kotlin/borg/trikeshed/parse/bbcursive/lib/anyOf_.kt:54:59 Syntax error: Expecting member declaration.
e: file:///Users/jim/work/v2superbikeshed/Trikeshed/src/commonMain/kotlin/borg/trikeshed/parse/bbcursive/lib/anyOf_.kt:54:60 Syntax error: Expecting member declaration.
e: file:///Users/jim/work/v2superbikeshed/Trikeshed/src/commonMain/kotlin/borg/trikeshed/parse/bbcursive/lib/anyOf_.kt:54:61 Syntax error: Expecting member declaration.
e: file:///Users/jim/work/v2superbikeshed/Trikeshed/src/commonMain/kotlin/borg/trikeshed/parse/bbcursive/lib/anyOf_.kt:56:33 'goTo' overrides nothing. Potential signatures for overriding:
fun goTo(addressType: _edge<ERROR CLASS: Symbol not found for UnaryOperator, Int>): _edge<ERROR CLASS: Symbol not found for UnaryOperator, Int>
e: file:///Users/jim/work/v2superbikeshed/Trikeshed/src/commonMain/kotlin/borg/trikeshed/parse/bbcursive/lib/anyOf_.kt:60:42 Function 'r' without a body must be abstract.
e: file:///Users/jim/work/v2superbikeshed/Trikeshed/src/commonMain/kotlin/borg/trikeshed/parse/bbcursive/lib/anyOf_.kt:60:47 Syntax error: Expecting '('.
e: file:///Users/jim/work/v2superbikeshed/Trikeshed/src/commonMain/kotlin/borg/trikeshed/parse/bbcursive/lib/anyOf_.kt:60:47 Syntax error: Expecting member declaration.
e: file:///Users/jim/work/v2superbikeshed/Trikeshed/src/commonMain/kotlin/borg/trikeshed/parse/bbcursive/lib/anyOf_.kt:60:48 Syntax error: Expecting member declaration.
e: file:///Users/jim/work/v2superbikeshed/Trikeshed/src/commonMain/kotlin/borg/trikeshed/parse/bbcursive/lib/anyOf_.kt:60:49 Syntax error: Expecting member declaration.
e: file:///Users/jim/work/v2superbikeshed/Trikeshed/src/commonMain/kotlin/borg/trikeshed/parse/bbcursive/lib/anyOf_.kt:60:50 Syntax error: Expecting member declaration.
e: file:///Users/jim/work/v2superbikeshed/Trikeshed/src/commonMain/kotlin/borg/trikeshed/parse/bbcursive/lib/anyOf_.kt:60:52 Syntax error: Expecting member declaration.
e: file:///Users/jim/work/v2superbikeshed/Trikeshed/src/commonMain/kotlin/borg/trikeshed/parse/bbcursive/lib/anyOf_.kt:60:56 Syntax error: Expecting member declaration.
e: file:///Users/jim/work/v2superbikeshed/Trikeshed/src/commonMain/kotlin/borg/trikeshed/parse/bbcursive/lib/anyOf_.kt:60:56 Function declaration must have a name.
e: file:///Users/jim/work/v2superbikeshed/Trikeshed/src/commonMain/kotlin/borg/trikeshed/parse/bbcursive/lib/anyOf_.kt:61:44 Return type mismatch: expected 'Unit', actual 'Int'.
e: file:///Users/jim/work/v2superbikeshed/Trikeshed/src/commonMain/kotlin/borg/trikeshed/parse/bbcursive/lib/anyOf_.kt:64:33 'core' overrides nothing.
e: file:///Users/jim/work/v2superbikeshed/Trikeshed/src/commonMain/kotlin/borg/trikeshed/parse/bbcursive/lib/anyOf_.kt:64:71 Unresolved reference 'Traits'.
e: file:///Users/jim/work/v2superbikeshed/Trikeshed/src/commonMain/kotlin/borg/trikeshed/parse/bbcursive/lib/anyOf_.kt:64:86 Unresolved reference 'UnaryOperator'.
e: file:///Users/jim/work/v2superbikeshed/Trikeshed/src/commonMain/kotlin/borg/trikeshed/parse/bbcursive/lib/anyOf_.kt:64:134 Unresolved reference 'UnaryOperator'.
e: file:///Users/jim/work/v2superbikeshed/Trikeshed/src/commonMain/kotlin/borg/trikeshed/parse/bbcursive/lib/anyOf_.kt:65:59 Unresolved reference 'UnaryOperator'.
e: file:///Users/jim/work/v2superbikeshed/Trikeshed/src/commonMain/kotlin/borg/trikeshed/parse/bbcursive/lib/anyOf_.kt:66:66 Return type mismatch: expected 'Int', actual 'Array<ByteIndexedBuffer?>'.
e: file:///Users/jim/work/v2superbikeshed/Trikeshed/src/commonMain/kotlin/borg/trikeshed/parse/bbcursive/lib/anyOf_.kt:66:67 Syntax error: Expecting member declaration.
e: file:///Users/jim/work/v2superbikeshed/Trikeshed/src/commonMain/kotlin/borg/trikeshed/parse/bbcursive/lib/anyOf_.kt:66:68 Syntax error: Expecting member declaration.
e: file:///Users/jim/work/v2superbikeshed/Trikeshed/src/commonMain/kotlin/borg/trikeshed/parse/bbcursive/lib/anyOf_.kt:66:69 Syntax error: Expecting member declaration.
e: file:///Users/jim/work/v2superbikeshed/Trikeshed/src/commonMain/kotlin/borg/trikeshed/parse/bbcursive/lib/anyOf_.kt:72:50 Function 'r' without a body must be abstract.
e: file:///Users/jim/work/v2superbikeshed/Trikeshed/src/commonMain/kotlin/borg/trikeshed/parse/bbcursive/lib/anyOf_.kt:72:55 Syntax error: Expecting '('.
e: file:///Users/jim/work/v2superbikeshed/Trikeshed/src/commonMain/kotlin/borg/trikeshed/parse/bbcursive/lib/anyOf_.kt:72:55 Syntax error: Expecting member declaration.
e: file:///Users/jim/work/v2superbikeshed/Trikeshed/src/commonMain/kotlin/borg/trikeshed/parse/bbcursive/lib/anyOf_.kt:72:56 Syntax error: Expecting member declaration.
e: file:///Users/jim/work/v2superbikeshed/Trikeshed/src/commonMain/kotlin/borg/trikeshed/parse/bbcursive/lib/anyOf_.kt:72:57 Syntax error: Expecting member declaration.
e: file:///Users/jim/work/v2superbikeshed/Trikeshed/src/commonMain/kotlin/borg/trikeshed/parse/bbcursive/lib/anyOf_.kt:72:58 Syntax error: Expecting member declaration.
e: file:///Users/jim/work/v2superbikeshed/Trikeshed/src/commonMain/kotlin/borg/trikeshed/parse/bbcursive/lib/anyOf_.kt:72:60 Syntax error: Expecting member declaration.
e: file:///Users/jim/work/v2superbikeshed/Trikeshed/src/commonMain/kotlin/borg/trikeshed/parse/bbcursive/lib/anyOf_.kt:72:64 Syntax error: Expecting member declaration.
e: file:///Users/jim/work/v2superbikeshed/Trikeshed/src/commonMain/kotlin/borg/trikeshed/parse/bbcursive/lib/anyOf_.kt:72:66 Syntax error: Expecting member declaration.
e: file:///Users/jim/work/v2superbikeshed/Trikeshed/src/commonMain/kotlin/borg/trikeshed/parse/bbcursive/lib/anyOf_.kt:72:73 Syntax error: Expecting member declaration.
e: file:///Users/jim/work/v2superbikeshed/Trikeshed/src/commonMain/kotlin/borg/trikeshed/parse/bbcursive/lib/anyOf_.kt:72:74 Syntax error: Expecting member declaration.
e: file:///Users/jim/work/v2superbikeshed/Trikeshed/src/commonMain/kotlin/borg/trikeshed/parse/bbcursive/lib/anyOf_.kt:72:75 Syntax error: Expecting member declaration.
e: file:///Users/jim/work/v2superbikeshed/Trikeshed/src/commonMain/kotlin/borg/trikeshed/parse/bbcursive/lib/anyOf_.kt:74:41 'core' overrides nothing.
e: file:///Users/jim/work/v2superbikeshed/Trikeshed/src/commonMain/kotlin/borg/trikeshed/parse/bbcursive/lib/anyOf_.kt:74:75 Unresolved reference 'UnaryOperator'.
e: file:///Users/jim/work/v2superbikeshed/Trikeshed/src/commonMain/kotlin/borg/trikeshed/parse/bbcursive/lib/anyOf_.kt:74:116 Unresolved reference 'UnaryOperator'.
e: file:///Users/jim/work/v2superbikeshed/Trikeshed/src/commonMain/kotlin/borg/trikeshed/parse/bbcursive/lib/anyOf_.kt:80:41 Overload resolution ambiguity between candidates:
fun core(vararg e: _edge<Set<ERROR CLASS: Symbol not found for Traits>, _edge<ERROR CLASS: Symbol not found for UnaryOperator, Int>>): _edge<ERROR CLASS: Symbol not found for UnaryOperator, Int>
fun core(vararg e: _edge<Set<ERROR CLASS: Symbol not found for Traits>, _edge<ERROR CLASS: Symbol not found for UnaryOperator, Int>>): Set<ERROR CLASS: Symbol not found for Traits>?
e: file:///Users/jim/work/v2superbikeshed/Trikeshed/src/commonMain/kotlin/borg/trikeshed/parse/bbcursive/lib/anyOf_.kt:80:49 Unresolved reference 'core'.
e: file:///Users/jim/work/v2superbikeshed/Trikeshed/src/commonMain/kotlin/borg/trikeshed/parse/bbcursive/lib/anyOf_.kt:81:50 Overload resolution ambiguity between candidates:
fun core(vararg e: _edge<Set<ERROR CLASS: Symbol not found for Traits>, _edge<ERROR CLASS: Symbol not found for UnaryOperator, Int>>): _edge<ERROR CLASS: Symbol not found for UnaryOperator, Int>
fun core(vararg e: _edge<Set<ERROR CLASS: Symbol not found for Traits>, _edge<ERROR CLASS: Symbol not found for UnaryOperator, Int>>): Set<ERROR CLASS: Symbol not found for Traits>?
e: file:///Users/jim/work/v2superbikeshed/Trikeshed/src/commonMain/kotlin/borg/trikeshed/parse/bbcursive/lib/anyOf_.kt:81:58 Unresolved reference 'at'.
e: file:///Users/jim/work/v2superbikeshed/Trikeshed/src/commonMain/kotlin/borg/trikeshed/parse/bbcursive/lib/anyOf_.kt:82:69 Unresolved reference 'duplicate'.
e: file:///Users/jim/work/v2superbikeshed/Trikeshed/src/commonMain/kotlin/borg/trikeshed/parse/bbcursive/lib/anyOf_.kt:83:43 Cannot infer type for this parameter. Specify it explicitly.
e: file:///Users/jim/work/v2superbikeshed/Trikeshed/src/commonMain/kotlin/borg/trikeshed/parse/bbcursive/lib/anyOf_.kt:86:50 Unresolved reference 'pos'.
e: file:///Users/jim/work/v2superbikeshed/Trikeshed/src/commonMain/kotlin/borg/trikeshed/parse/bbcursive/lib/anyOf_.kt:87:60 Unresolved reference 'flags'.
e: file:///Users/jim/work/v2superbikeshed/Trikeshed/src/commonMain/kotlin/borg/trikeshed/parse/bbcursive/lib/anyOf_.kt:95:44 Unresolved reference 'outbox'.
e: file:///Users/jim/work/v2superbikeshed/Trikeshed/src/commonMain/kotlin/borg/trikeshed/parse/bbcursive/lib/anyOf_.kt:96:33 Unresolved reference 'ParseResult'.
e: file:///Users/jim/work/v2superbikeshed/Trikeshed/src/commonMain/kotlin/borg/trikeshed/parse/bbcursive/lib/anyOf_.kt:98:51 Overload resolution ambiguity between candidates:
fun core(vararg e: _edge<Set<ERROR CLASS: Symbol not found for Traits>, _edge<ERROR CLASS: Symbol not found for UnaryOperator, Int>>): _edge<ERROR CLASS: Symbol not found for UnaryOperator, Int>
fun core(vararg e: _edge<Set<ERROR CLASS: Symbol not found for Traits>, _edge<ERROR CLASS: Symbol not found for UnaryOperator, Int>>): Set<ERROR CLASS: Symbol not found for Traits>?
e: file:///Users/jim/work/v2superbikeshed/Trikeshed/src/commonMain/kotlin/borg/trikeshed/parse/bbcursive/lib/anyOf_.kt:98:59 Unresolved reference 'core'.
e: file:///Users/jim/work/v2superbikeshed/Trikeshed/src/commonMain/kotlin/borg/trikeshed/parse/bbcursive/lib/anyOf_.kt:110:17 'toString' overrides nothing.
e: file:///Users/jim/work/v2superbikeshed/Trikeshed/src/commonMain/kotlin/borg/trikeshed/parse/bbcursive/lib/anyOf_.kt:117:37 Unresolved reference 'UnaryOperator'.
e: file:///Users/jim/work/v2superbikeshed/Trikeshed/src/commonMain/kotlin/borg/trikeshed/parse/bbcursive/lib/anyOf_.kt:118:26 Unresolved reference 'chars'.
e: file:///Users/jim/work/v2superbikeshed/Trikeshed/src/commonMain/kotlin/borg/trikeshed/parse/bbcursive/lib/anyOf_.kt:118:34 Cannot infer type for this parameter. Specify it explicitly.
e: file:///Users/jim/work/v2superbikeshed/Trikeshed/src/commonMain/kotlin/borg/trikeshed/parse/bbcursive/lib/anyOf_.kt:119:29 Unresolved reference 'UnaryOperator'.
e: file:///Users/jim/work/v2superbikeshed/Trikeshed/src/commonMain/kotlin/borg/trikeshed/parse/bbcursive/lib/anyOf_.kt:120:17 'invoke' overrides nothing.
e: file:///Users/jim/work/v2superbikeshed/Trikeshed/src/commonMain/kotlin/borg/trikeshed/parse/bbcursive/lib/anyOf_.kt:123:36 Unresolved reference. None of the following candidates is applicable because of a receiver type mismatch:
fun MatchGroupCollection.get(name: String): MatchGroup?
e: file:///Users/jim/work/v2superbikeshed/Trikeshed/src/commonMain/kotlin/borg/trikeshed/parse/bbcursive/lib/anyOf_.kt:124:55 Cannot access 'fun Iterable<RegexOption>.toInt(): Int': it is private in file.
e: file:///Users/jim/work/v2superbikeshed/Trikeshed/src/commonMain/kotlin/borg/trikeshed/parse/bbcursive/lib/anyOf_.kt:130:17 'toString' overrides nothing.
e: file:///Users/jim/work/v2superbikeshed/Trikeshed/src/commonMain/kotlin/borg/trikeshed/parse/bbcursive/lib/anyOf_.kt:132:26 Cannot infer type for this parameter. Specify it explicitly.
e: file:///Users/jim/work/v2superbikeshed/Trikeshed/src/commonMain/kotlin/borg/trikeshed/parse/bbcursive/lib/anyOf_.kt:132:26 Not enough information to infer type argument for 'T'.
e: file:///Users/jim/work/v2superbikeshed/Trikeshed/src/commonMain/kotlin/borg/trikeshed/parse/bbcursive/lib/anyOf_.kt:132:36 Cannot infer type for this parameter. Specify it explicitly.
e: file:///Users/jim/work/v2superbikeshed/Trikeshed/src/commonMain/kotlin/borg/trikeshed/parse/bbcursive/lib/anyOf_.kt:132:54 Unresolved reference 'and'.
e: file:///Users/jim/work/v2superbikeshed/Trikeshed/src/commonMain/kotlin/borg/trikeshed/parse/bbcursive/lib/anyOf_.kt:133:35 Unresolved reference 'Arrays'.
e: file:///Users/jim/work/v2superbikeshed/Trikeshed/src/commonMain/kotlin/borg/trikeshed/parse/bbcursive/lib/backtrack_.kt:3:23 Unresolved reference 'ann'.
e: file:///Users/jim/work/v2superbikeshed/Trikeshed/src/commonMain/kotlin/borg/trikeshed/parse/bbcursive/lib/backtrack_.kt:4:23 Unresolved reference 'std'.
e: file:///Users/jim/work/v2superbikeshed/Trikeshed/src/commonMain/kotlin/borg/trikeshed/parse/bbcursive/lib/backtrack_.kt:6:8 Unresolved reference 'java'.
e: file:///Users/jim/work/v2superbikeshed/Trikeshed/src/commonMain/kotlin/borg/trikeshed/parse/bbcursive/lib/backtrack_.kt:7:8 Unresolved reference 'java'.
e: file:///Users/jim/work/v2superbikeshed/Trikeshed/src/commonMain/kotlin/borg/trikeshed/parse/bbcursive/lib/backtrack_.kt:8:8 Unresolved reference 'java'.
e: file:///Users/jim/work/v2superbikeshed/Trikeshed/src/commonMain/kotlin/borg/trikeshed/parse/bbcursive/lib/backtrack_.kt:10:8 Unresolved reference 'bbcursive'.
e: file:///Users/jim/work/v2superbikeshed/Trikeshed/src/commonMain/kotlin/borg/trikeshed/parse/bbcursive/lib/backtrack_.kt:12:2 Unresolved reference 'Backtracking'.
e: file:///Users/jim/work/v2superbikeshed/Trikeshed/src/commonMain/kotlin/borg/trikeshed/parse/bbcursive/lib/backtrack_.kt:15:6 Unresolved reference 'Backtracking'.
e: file:///Users/jim/work/v2superbikeshed/Trikeshed/src/commonMain/kotlin/borg/trikeshed/parse/bbcursive/lib/backtrack_.kt:16:35 Unresolved reference 'UnaryOperator'.
e: file:///Users/jim/work/v2superbikeshed/Trikeshed/src/commonMain/kotlin/borg/trikeshed/parse/bbcursive/lib/backtrack_.kt:16:49 Unresolved reference 'ByteBuffer'.
e: file:///Users/jim/work/v2superbikeshed/Trikeshed/src/commonMain/kotlin/borg/trikeshed/parse/bbcursive/lib/backtrack_.kt:16:63 Unresolved reference 'UnaryOperator'.
e: file:///Users/jim/work/v2superbikeshed/Trikeshed/src/commonMain/kotlin/borg/trikeshed/parse/bbcursive/lib/backtrack_.kt:16:77 Unresolved reference 'ByteBuffer'.
e: file:///Users/jim/work/v2superbikeshed/Trikeshed/src/commonMain/kotlin/borg/trikeshed/parse/bbcursive/lib/backtrack_.kt:20:6 Unresolved reference 'Backtracking'.
e: file:///Users/jim/work/v2superbikeshed/Trikeshed/src/commonMain/kotlin/borg/trikeshed/parse/bbcursive/lib/backtrack_.kt:21:60 Unresolved reference 'UnaryOperator'.
e: file:///Users/jim/work/v2superbikeshed/Trikeshed/src/commonMain/kotlin/borg/trikeshed/parse/bbcursive/lib/backtrack_.kt:21:74 Unresolved reference 'ByteBuffer'.
e: file:///Users/jim/work/v2superbikeshed/Trikeshed/src/commonMain/kotlin/borg/trikeshed/parse/bbcursive/lib/backtrack_.kt:21:90 Unresolved reference 'UnaryOperator'.
e: file:///Users/jim/work/v2superbikeshed/Trikeshed/src/commonMain/kotlin/borg/trikeshed/parse/bbcursive/lib/backtrack_.kt:21:104 Unresolved reference 'ByteBuffer'.
e: file:///Users/jim/work/v2superbikeshed/Trikeshed/src/commonMain/kotlin/borg/trikeshed/parse/bbcursive/lib/backtrack_.kt:23:9 'toString' overrides nothing.
e: file:///Users/jim/work/v2superbikeshed/Trikeshed/src/commonMain/kotlin/borg/trikeshed/parse/bbcursive/lib/backtrack_.kt:24:36 Unresolved reference 'Arrays'.
e: file:///Users/jim/work/v2superbikeshed/Trikeshed/src/commonMain/kotlin/borg/trikeshed/parse/bbcursive/lib/backtrack_.kt:28:9 'apply' overrides nothing.
e: file:///Users/jim/work/v2superbikeshed/Trikeshed/src/commonMain/kotlin/borg/trikeshed/parse/bbcursive/lib/backtrack_.kt:28:36 Unresolved reference 'ByteBuffer'.
e: file:///Users/jim/work/v2superbikeshed/Trikeshed/src/commonMain/kotlin/borg/trikeshed/parse/bbcursive/lib/backtrack_.kt:28:49 Unresolved reference 'ByteBuffer'.
e: file:///Users/jim/work/v2superbikeshed/Trikeshed/src/commonMain/kotlin/borg/trikeshed/parse/bbcursive/lib/backtrack_.kt:29:13 Unresolved reference 'std'.
e: file:///Users/jim/work/v2superbikeshed/Trikeshed/src/commonMain/kotlin/borg/trikeshed/parse/bbcursive/lib/backtrack_.kt:29:23 Cannot infer type for this parameter. Specify it explicitly.
e: file:///Users/jim/work/v2superbikeshed/Trikeshed/src/commonMain/kotlin/borg/trikeshed/parse/bbcursive/lib/backtrack_.kt:29:29 Unresolved reference 'add'.
e: file:///Users/jim/work/v2superbikeshed/Trikeshed/src/commonMain/kotlin/borg/trikeshed/parse/bbcursive/lib/backtrack_.kt:29:33 Unresolved reference 'std'.
e: file:///Users/jim/work/v2superbikeshed/Trikeshed/src/commonMain/kotlin/borg/trikeshed/parse/bbcursive/lib/backtrack_.kt:31:20 Unresolved reference 'bb'.
e: file:///Users/jim/work/v2superbikeshed/Trikeshed/src/commonMain/kotlin/borg/trikeshed/parse/bbcursive/lib/chlit_.kt:4:39 Unresolved reference 'UnaryOperator'.
e: file:///Users/jim/work/v2superbikeshed/Trikeshed/src/commonMain/kotlin/borg/trikeshed/parse/bbcursive/lib/chlit_.kt:10:25 Unresolved reference 'UnaryOperator'.
e: file:///Users/jim/work/v2superbikeshed/Trikeshed/src/commonMain/kotlin/borg/trikeshed/parse/bbcursive/lib/chlit_.kt:14:33 Unresolved reference 'UnaryOperator'.
e: file:///Users/jim/work/v2superbikeshed/Trikeshed/src/commonMain/kotlin/borg/trikeshed/parse/bbcursive/lib/chlit_.kt:19:66 Unresolved reference 'UnaryOperator'.
e: file:///Users/jim/work/v2superbikeshed/Trikeshed/src/commonMain/kotlin/borg/trikeshed/parse/bbcursive/lib/chlit_.kt:21:9 'toString' overrides nothing.
e: file:///Users/jim/work/v2superbikeshed/Trikeshed/src/commonMain/kotlin/borg/trikeshed/parse/bbcursive/lib/chlit_.kt:26:9 'invoke' overrides nothing.
e: file:///Users/jim/work/v2superbikeshed/Trikeshed/src/commonMain/kotlin/borg/trikeshed/parse/bbcursive/lib/chlit_.kt:30:25 Unresolved reference. None of the following candidates is applicable because of a receiver type mismatch:
fun MatchGroupCollection.get(name: String): MatchGroup?
e: file:///Users/jim/work/v2superbikeshed/Trikeshed/src/commonMain/kotlin/borg/trikeshed/parse/bbcursive/lib/chlit_.kt:31:51 Cannot access 'fun Iterable<RegexOption>.toInt(): Int': it is private in file.
e: file:///Users/jim/work/v2superbikeshed/Trikeshed/src/commonMain/kotlin/borg/trikeshed/parse/bbcursive/lib/confix_.kt:3:8 Unresolved reference 'java'.
e: file:///Users/jim/work/v2superbikeshed/Trikeshed/src/commonMain/kotlin/borg/trikeshed/parse/bbcursive/lib/confix_.kt:4:8 Unresolved reference 'java'.
e: file:///Users/jim/work/v2superbikeshed/Trikeshed/src/commonMain/kotlin/borg/trikeshed/parse/bbcursive/lib/confix_.kt:5:8 Unresolved reference 'java'.
e: file:///Users/jim/work/v2superbikeshed/Trikeshed/src/commonMain/kotlin/borg/trikeshed/parse/bbcursive/lib/confix_.kt:7:8 Unresolved reference 'bbcursive'.
e: file:///Users/jim/work/v2superbikeshed/Trikeshed/src/commonMain/kotlin/borg/trikeshed/parse/bbcursive/lib/confix_.kt:8:8 Unresolved reference 'bbcursive'.
e: file:///Users/jim/work/v2superbikeshed/Trikeshed/src/commonMain/kotlin/borg/trikeshed/parse/bbcursive/lib/confix_.kt:14:26 Unresolved reference 'UnaryOperator'.
e: file:///Users/jim/work/v2superbikeshed/Trikeshed/src/commonMain/kotlin/borg/trikeshed/parse/bbcursive/lib/confix_.kt:14:40 Unresolved reference 'ByteBuffer'.
e: file:///Users/jim/work/v2superbikeshed/Trikeshed/src/commonMain/kotlin/borg/trikeshed/parse/bbcursive/lib/confix_.kt:14:74 Unresolved reference 'UnaryOperator'.
e: file:///Users/jim/work/v2superbikeshed/Trikeshed/src/commonMain/kotlin/borg/trikeshed/parse/bbcursive/lib/confix_.kt:14:88 Unresolved reference 'ByteBuffer'.
e: file:///Users/jim/work/v2superbikeshed/Trikeshed/src/commonMain/kotlin/borg/trikeshed/parse/bbcursive/lib/confix_.kt:15:25 Unresolved reference 'UnaryOperator'.
e: file:///Users/jim/work/v2superbikeshed/Trikeshed/src/commonMain/kotlin/borg/trikeshed/parse/bbcursive/lib/confix_.kt:15:39 Unresolved reference 'ByteBuffer'.
e: file:///Users/jim/work/v2superbikeshed/Trikeshed/src/commonMain/kotlin/borg/trikeshed/parse/bbcursive/lib/confix_.kt:16:13 'toString' overrides nothing.
e: file:///Users/jim/work/v2superbikeshed/Trikeshed/src/commonMain/kotlin/borg/trikeshed/parse/bbcursive/lib/confix_.kt:17:36 Unresolved reference 'Arrays'.
e: file:///Users/jim/work/v2superbikeshed/Trikeshed/src/commonMain/kotlin/borg/trikeshed/parse/bbcursive/lib/confix_.kt:20:13 'apply' overrides nothing.
e: file:///Users/jim/work/v2superbikeshed/Trikeshed/src/commonMain/kotlin/borg/trikeshed/parse/bbcursive/lib/confix_.kt:20:40 Unresolved reference 'ByteBuffer'.
e: file:///Users/jim/work/v2superbikeshed/Trikeshed/src/commonMain/kotlin/borg/trikeshed/parse/bbcursive/lib/confix_.kt:20:53 Unresolved reference 'ByteBuffer'.
e: file:///Users/jim/work/v2superbikeshed/Trikeshed/src/commonMain/kotlin/borg/trikeshed/parse/bbcursive/lib/confix_.kt:24:24 Unresolved reference 'bb'.
e: file:///Users/jim/work/v2superbikeshed/Trikeshed/src/commonMain/kotlin/borg/trikeshed/parse/bbcursive/lib/confix_.kt:29:24 Unresolved reference 'UnaryOperator'.
e: file:///Users/jim/work/v2superbikeshed/Trikeshed/src/commonMain/kotlin/borg/trikeshed/parse/bbcursive/lib/confix_.kt:29:38 Unresolved reference 'ByteBuffer'.
e: file:///Users/jim/work/v2superbikeshed/Trikeshed/src/commonMain/kotlin/borg/trikeshed/parse/bbcursive/lib/confix_.kt:29:58 Unresolved reference 'UnaryOperator'.
e: file:///Users/jim/work/v2superbikeshed/Trikeshed/src/commonMain/kotlin/borg/trikeshed/parse/bbcursive/lib/confix_.kt:29:72 Unresolved reference 'ByteBuffer'.
e: file:///Users/jim/work/v2superbikeshed/Trikeshed/src/commonMain/kotlin/borg/trikeshed/parse/bbcursive/lib/confix_.kt:29:95 Unresolved reference 'UnaryOperator'.
e: file:///Users/jim/work/v2superbikeshed/Trikeshed/src/commonMain/kotlin/borg/trikeshed/parse/bbcursive/lib/confix_.kt:29:109 Unresolved reference 'ByteBuffer'.
e: file:///Users/jim/work/v2superbikeshed/Trikeshed/src/commonMain/kotlin/borg/trikeshed/parse/bbcursive/lib/confix_.kt:29:123 Unresolved reference 'UnaryOperator'.
e: file:///Users/jim/work/v2superbikeshed/Trikeshed/src/commonMain/kotlin/borg/trikeshed/parse/bbcursive/lib/confix_.kt:29:137 Unresolved reference 'ByteBuffer'.
e: file:///Users/jim/work/v2superbikeshed/Trikeshed/src/commonMain/kotlin/borg/trikeshed/parse/bbcursive/lib/confix_.kt:31:25 Unresolved reference 'UnaryOperator'.
e: file:///Users/jim/work/v2superbikeshed/Trikeshed/src/commonMain/kotlin/borg/trikeshed/parse/bbcursive/lib/confix_.kt:31:39 Unresolved reference 'ByteBuffer'.
e: file:///Users/jim/work/v2superbikeshed/Trikeshed/src/commonMain/kotlin/borg/trikeshed/parse/bbcursive/lib/confix_.kt:33:13 'toString' overrides nothing.
e: file:///Users/jim/work/v2superbikeshed/Trikeshed/src/commonMain/kotlin/borg/trikeshed/parse/bbcursive/lib/confix_.kt:34:35 Unresolved reference 'Arrays'.
e: file:///Users/jim/work/v2superbikeshed/Trikeshed/src/commonMain/kotlin/borg/trikeshed/parse/bbcursive/lib/confix_.kt:34:55 Cannot infer type for this parameter. Specify it explicitly.
e: file:///Users/jim/work/v2superbikeshed/Trikeshed/src/commonMain/kotlin/borg/trikeshed/parse/bbcursive/lib/confix_.kt:37:13 'apply' overrides nothing.
e: file:///Users/jim/work/v2superbikeshed/Trikeshed/src/commonMain/kotlin/borg/trikeshed/parse/bbcursive/lib/confix_.kt:37:40 Unresolved reference 'ByteBuffer'.
e: file:///Users/jim/work/v2superbikeshed/Trikeshed/src/commonMain/kotlin/borg/trikeshed/parse/bbcursive/lib/confix_.kt:37:53 Unresolved reference 'ByteBuffer'.
e: file:///Users/jim/work/v2superbikeshed/Trikeshed/src/commonMain/kotlin/borg/trikeshed/parse/bbcursive/lib/confix_.kt:38:24 Unresolved reference 'bb'.
e: file:///Users/jim/work/v2superbikeshed/Trikeshed/src/commonMain/kotlin/borg/trikeshed/parse/bbcursive/lib/confix_.kt:38:35 Unresolved reference 'allOf'.
e: file:///Users/jim/work/v2superbikeshed/Trikeshed/src/commonMain/kotlin/borg/trikeshed/parse/bbcursive/lib/infix_.kt:3:23 Unresolved reference 'ann'.
e: file:///Users/jim/work/v2superbikeshed/Trikeshed/src/commonMain/kotlin/borg/trikeshed/parse/bbcursive/lib/infix_.kt:4:23 Unresolved reference 'std'.
e: file:///Users/jim/work/v2superbikeshed/Trikeshed/src/commonMain/kotlin/borg/trikeshed/parse/bbcursive/lib/infix_.kt:6:8 Unresolved reference 'java'.
e: file:///Users/jim/work/v2superbikeshed/Trikeshed/src/commonMain/kotlin/borg/trikeshed/parse/bbcursive/lib/infix_.kt:7:8 Unresolved reference 'java'.
e: file:///Users/jim/work/v2superbikeshed/Trikeshed/src/commonMain/kotlin/borg/trikeshed/parse/bbcursive/lib/infix_.kt:8:8 Unresolved reference 'java'.
e: file:///Users/jim/work/v2superbikeshed/Trikeshed/src/commonMain/kotlin/borg/trikeshed/parse/bbcursive/lib/infix_.kt:10:2 Unresolved reference 'Infix'.
e: file:///Users/jim/work/v2superbikeshed/Trikeshed/src/commonMain/kotlin/borg/trikeshed/parse/bbcursive/lib/infix_.kt:13:6 Unresolved reference 'Infix'.
e: file:///Users/jim/work/v2superbikeshed/Trikeshed/src/commonMain/kotlin/borg/trikeshed/parse/bbcursive/lib/infix_.kt:14:29 Unresolved reference 'UnaryOperator'.
e: file:///Users/jim/work/v2superbikeshed/Trikeshed/src/commonMain/kotlin/borg/trikeshed/parse/bbcursive/lib/infix_.kt:14:43 Unresolved reference 'ByteBuffer'.
e: file:///Users/jim/work/v2superbikeshed/Trikeshed/src/commonMain/kotlin/borg/trikeshed/parse/bbcursive/lib/infix_.kt:14:57 Unresolved reference 'UnaryOperator'.
e: file:///Users/jim/work/v2superbikeshed/Trikeshed/src/commonMain/kotlin/borg/trikeshed/parse/bbcursive/lib/infix_.kt:14:71 Unresolved reference 'ByteBuffer'.
e: file:///Users/jim/work/v2superbikeshed/Trikeshed/src/commonMain/kotlin/borg/trikeshed/parse/bbcursive/lib/infix_.kt:19:6 Unresolved reference 'Infix'.
e: file:///Users/jim/work/v2superbikeshed/Trikeshed/src/commonMain/kotlin/borg/trikeshed/parse/bbcursive/lib/infix_.kt:20:64 Unresolved reference 'UnaryOperator'.
e: file:///Users/jim/work/v2superbikeshed/Trikeshed/src/commonMain/kotlin/borg/trikeshed/parse/bbcursive/lib/infix_.kt:20:78 Unresolved reference 'ByteBuffer'.
e: file:///Users/jim/work/v2superbikeshed/Trikeshed/src/commonMain/kotlin/borg/trikeshed/parse/bbcursive/lib/infix_.kt:20:94 Unresolved reference 'UnaryOperator'.
e: file:///Users/jim/work/v2superbikeshed/Trikeshed/src/commonMain/kotlin/borg/trikeshed/parse/bbcursive/lib/infix_.kt:20:108 Unresolved reference 'ByteBuffer'.
e: file:///Users/jim/work/v2superbikeshed/Trikeshed/src/commonMain/kotlin/borg/trikeshed/parse/bbcursive/lib/infix_.kt:22:9 'toString' overrides nothing.
e: file:///Users/jim/work/v2superbikeshed/Trikeshed/src/commonMain/kotlin/borg/trikeshed/parse/bbcursive/lib/infix_.kt:23:30 Unresolved reference 'Arrays'.
e: file:///Users/jim/work/v2superbikeshed/Trikeshed/src/commonMain/kotlin/borg/trikeshed/parse/bbcursive/lib/infix_.kt:26:9 'apply' overrides nothing.
e: file:///Users/jim/work/v2superbikeshed/Trikeshed/src/commonMain/kotlin/borg/trikeshed/parse/bbcursive/lib/infix_.kt:26:36 Unresolved reference 'ByteBuffer'.
e: file:///Users/jim/work/v2superbikeshed/Trikeshed/src/commonMain/kotlin/borg/trikeshed/parse/bbcursive/lib/infix_.kt:26:49 Unresolved reference 'ByteBuffer'.
e: file:///Users/jim/work/v2superbikeshed/Trikeshed/src/commonMain/kotlin/borg/trikeshed/parse/bbcursive/lib/infix_.kt:28:20 Unresolved reference 'std'.
e: file:///Users/jim/work/v2superbikeshed/Trikeshed/src/commonMain/kotlin/borg/trikeshed/parse/bbcursive/lib/lim.kt:4:39 Unresolved reference 'UnaryOperator'.
e: file:///Users/jim/work/v2superbikeshed/Trikeshed/src/commonMain/kotlin/borg/trikeshed/parse/bbcursive/lib/lim.kt:9:40 Unresolved reference 'UnaryOperator'.
e: file:///Users/jim/work/v2superbikeshed/Trikeshed/src/commonMain/kotlin/borg/trikeshed/parse/bbcursive/lib/lim.kt:17:29 Unresolved reference 'UnaryOperator'.
e: file:///Users/jim/work/v2superbikeshed/Trikeshed/src/commonMain/kotlin/borg/trikeshed/parse/bbcursive/lib/lim.kt:22:5 'invoke' overrides nothing.
e: file:///Users/jim/work/v2superbikeshed/Trikeshed/src/commonMain/kotlin/borg/trikeshed/parse/bbcursive/lib/lim.kt:23:22 Argument type mismatch: actual type is 'borg.trikeshed.parse.bbcursive.lib.Int', but 'kotlin.Int' was expected.
e: file:///Users/jim/work/v2superbikeshed/Trikeshed/src/commonMain/kotlin/borg/trikeshed/parse/bbcursive/lib/log.kt:21:9 Cannot infer type for this parameter. Specify it explicitly.
e: file:///Users/jim/work/v2superbikeshed/Trikeshed/src/commonMain/kotlin/borg/trikeshed/parse/bbcursive/lib/log.kt:21:16 Argument type mismatch: actual type is 'log', but 'Boolean' was expected.
e: file:///Users/jim/work/v2superbikeshed/Trikeshed/src/commonMain/kotlin/borg/trikeshed/parse/bbcursive/lib/log.kt:21:19 Syntax error: Expecting ')'.
e: file:///Users/jim/work/v2superbikeshed/Trikeshed/src/commonMain/kotlin/borg/trikeshed/parse/bbcursive/lib/log.kt:21:21 Argument type mismatch: actual type is 'Any', but 'T (of fun <T, R> DeepRecursiveFunction<T, R>.invoke)' was expected.
e: file:///Users/jim/work/v2superbikeshed/Trikeshed/src/commonMain/kotlin/borg/trikeshed/parse/bbcursive/lib/log.kt:21:25 Too many arguments for 'fun <T, R> DeepRecursiveFunction<T, R>.invoke(value: T): R'.
e: file:///Users/jim/work/v2superbikeshed/Trikeshed/src/commonMain/kotlin/borg/trikeshed/parse/bbcursive/lib/log.kt:21:39 Syntax error: Unexpected tokens (use ';' to separate expressions on the same line).
e: file:///Users/jim/work/v2superbikeshed/Trikeshed/src/commonMain/kotlin/borg/trikeshed/parse/bbcursive/lib/log.kt:31:5 Function 'log' without a body must be abstract.
e: file:///Users/jim/work/v2superbikeshed/Trikeshed/src/commonMain/kotlin/borg/trikeshed/parse/bbcursive/lib/log.kt:31:12 Syntax error: Expecting '('.
e: file:///Users/jim/work/v2superbikeshed/Trikeshed/src/commonMain/kotlin/borg/trikeshed/parse/bbcursive/lib/log.kt:31:12 Syntax error: Expecting member declaration.
e: file:///Users/jim/work/v2superbikeshed/Trikeshed/src/commonMain/kotlin/borg/trikeshed/parse/bbcursive/lib/log.kt:31:13 Syntax error: Expecting member declaration.
e: file:///Users/jim/work/v2superbikeshed/Trikeshed/src/commonMain/kotlin/borg/trikeshed/parse/bbcursive/lib/log.kt:31:14 Syntax error: Expecting member declaration.
e: file:///Users/jim/work/v2superbikeshed/Trikeshed/src/commonMain/kotlin/borg/trikeshed/parse/bbcursive/lib/log.kt:31:16 Syntax error: Expecting member declaration.
e: file:///Users/jim/work/v2superbikeshed/Trikeshed/src/commonMain/kotlin/borg/trikeshed/parse/bbcursive/lib/log.kt:31:18 Syntax error: Expecting member declaration.
e: file:///Users/jim/work/v2superbikeshed/Trikeshed/src/commonMain/kotlin/borg/trikeshed/parse/bbcursive/lib/log.kt:31:21 Syntax error: Expecting member declaration.
e: file:///Users/jim/work/v2superbikeshed/Trikeshed/src/commonMain/kotlin/borg/trikeshed/parse/bbcursive/lib/log.kt:31:30 Syntax error: Expecting member declaration.
e: file:///Users/jim/work/v2superbikeshed/Trikeshed/src/commonMain/kotlin/borg/trikeshed/parse/bbcursive/lib/log.kt:31:42 Syntax error: Expecting member declaration.
e: file:///Users/jim/work/v2superbikeshed/Trikeshed/src/commonMain/kotlin/borg/trikeshed/parse/bbcursive/lib/log.kt:31:44 Syntax error: Expecting member declaration.
e: file:///Users/jim/work/v2superbikeshed/Trikeshed/src/commonMain/kotlin/borg/trikeshed/parse/bbcursive/lib/log.kt:31:50 Syntax error: Expecting member declaration.
e: file:///Users/jim/work/v2superbikeshed/Trikeshed/src/commonMain/kotlin/borg/trikeshed/parse/bbcursive/lib/log.kt:31:51 Syntax error: Expecting member declaration.
e: file:///Users/jim/work/v2superbikeshed/Trikeshed/src/commonMain/kotlin/borg/trikeshed/parse/bbcursive/lib/log.kt:31:53 Syntax error: Expecting member declaration.
e: file:///Users/jim/work/v2superbikeshed/Trikeshed/src/commonMain/kotlin/borg/trikeshed/parse/bbcursive/lib/log.kt:31:61 Syntax error: Expecting member declaration.
e: file:///Users/jim/work/v2superbikeshed/Trikeshed/src/commonMain/kotlin/borg/trikeshed/parse/bbcursive/lib/log.kt:31:61 Function declaration must have a name.
e: file:///Users/jim/work/v2superbikeshed/Trikeshed/src/commonMain/kotlin/borg/trikeshed/parse/bbcursive/lib/log.kt:32:29 Unresolved reference 'prefixSuffix'.
e: file:///Users/jim/work/v2superbikeshed/Trikeshed/src/commonMain/kotlin/borg/trikeshed/parse/bbcursive/lib/log.kt:33:17 Unresolved reference 'prefixSuffix'.
e: file:///Users/jim/work/v2superbikeshed/Trikeshed/src/commonMain/kotlin/borg/trikeshed/parse/bbcursive/lib/log.kt:34:13 Unresolved reference 'System'.
e: file:///Users/jim/work/v2superbikeshed/Trikeshed/src/commonMain/kotlin/borg/trikeshed/parse/bbcursive/lib/log.kt:34:30 Unresolved reference 'prefixSuffix'.
e: file:///Users/jim/work/v2superbikeshed/Trikeshed/src/commonMain/kotlin/borg/trikeshed/parse/bbcursive/lib/log.kt:35:13 Unresolved reference 'ob'.
e: file:///Users/jim/work/v2superbikeshed/Trikeshed/src/commonMain/kotlin/borg/trikeshed/parse/bbcursive/lib/log.kt:36:17 Unresolved reference 'ob'.
e: file:///Users/jim/work/v2superbikeshed/Trikeshed/src/commonMain/kotlin/borg/trikeshed/parse/bbcursive/lib/log.kt:37:37 Unresolved reference 'ob'.
e: file:///Users/jim/work/v2superbikeshed/Trikeshed/src/commonMain/kotlin/borg/trikeshed/parse/bbcursive/lib/log.kt:38:21 Suspend function 'suspend fun bb(b: ByteIndexedBuffer, vararg ops: ERROR CLASS: Symbol not found for UnaryOperator): ByteIndexedBuffer?' can only be called from a coroutine or another suspend function.
e: file:///Users/jim/work/v2superbikeshed/Trikeshed/src/commonMain/kotlin/borg/trikeshed/parse/bbcursive/lib/log.kt:40:21 Suspend function 'suspend fun bb(b: ByteIndexedBuffer, vararg ops: ERROR CLASS: Symbol not found for UnaryOperator): ByteIndexedBuffer?' can only be called from a coroutine or another suspend function.
e: file:///Users/jim/work/v2superbikeshed/Trikeshed/src/commonMain/kotlin/borg/trikeshed/parse/bbcursive/lib/log.kt:40:24 Unresolved reference 'ob'.
e: file:///Users/jim/work/v2superbikeshed/Trikeshed/src/commonMain/kotlin/borg/trikeshed/parse/bbcursive/lib/log.kt:40:58 Unresolved reference. None of the following candidates is applicable because of a receiver type mismatch:
fun Join<Int, Function1<Int, Byte>>.toByteIndexedBuffer(pos: Int = ..., limit: Int = ...): ByteIndexedBuffer
e: file:///Users/jim/work/v2superbikeshed/Trikeshed/src/commonMain/kotlin/borg/trikeshed/parse/bbcursive/lib/log.kt:43:17 Suspend function 'suspend fun bb(b: ByteIndexedBuffer, vararg ops: ERROR CLASS: Symbol not found for UnaryOperator): ByteIndexedBuffer?' can only be called from a coroutine or another suspend function.
e: file:///Users/jim/work/v2superbikeshed/Trikeshed/src/commonMain/kotlin/borg/trikeshed/parse/bbcursive/lib/log.kt:43:20 Unresolved reference 'ob'.
e: file:///Users/jim/work/v2superbikeshed/Trikeshed/src/commonMain/kotlin/borg/trikeshed/parse/bbcursive/lib/log.kt:46:13 Unresolved reference 'System'.
e: file:///Users/jim/work/v2superbikeshed/Trikeshed/src/commonMain/kotlin/borg/trikeshed/parse/bbcursive/lib/log.kt:46:32 Unresolved reference 'prefixSuffix'.
e: file:///Users/jim/work/v2superbikeshed/Trikeshed/src/commonMain/kotlin/borg/trikeshed/parse/bbcursive/lib/log.kt:48:16 Return type mismatch: expected 'Unit', actual 'Boolean'.
e: file:///Users/jim/work/v2superbikeshed/Trikeshed/src/commonMain/kotlin/borg/trikeshed/parse/bbcursive/lib/opt_.kt:3:8 Unresolved reference 'java'.
e: file:///Users/jim/work/v2superbikeshed/Trikeshed/src/commonMain/kotlin/borg/trikeshed/parse/bbcursive/lib/opt_.kt:4:8 Unresolved reference 'java'.
e: file:///Users/jim/work/v2superbikeshed/Trikeshed/src/commonMain/kotlin/borg/trikeshed/parse/bbcursive/lib/opt_.kt:5:8 Unresolved reference 'java'.
e: file:///Users/jim/work/v2superbikeshed/Trikeshed/src/commonMain/kotlin/borg/trikeshed/parse/bbcursive/lib/opt_.kt:7:8 Unresolved reference 'bbcursive'.
e: file:///Users/jim/work/v2superbikeshed/Trikeshed/src/commonMain/kotlin/borg/trikeshed/parse/bbcursive/lib/opt_.kt:14:36 Unresolved reference 'UnaryOperator'.
e: file:///Users/jim/work/v2superbikeshed/Trikeshed/src/commonMain/kotlin/borg/trikeshed/parse/bbcursive/lib/opt_.kt:14:50 Unresolved reference 'ByteBuffer'.
e: file:///Users/jim/work/v2superbikeshed/Trikeshed/src/commonMain/kotlin/borg/trikeshed/parse/bbcursive/lib/opt_.kt:14:64 Unresolved reference 'UnaryOperator'.
e: file:///Users/jim/work/v2superbikeshed/Trikeshed/src/commonMain/kotlin/borg/trikeshed/parse/bbcursive/lib/opt_.kt:14:78 Unresolved reference 'ByteBuffer'.
e: file:///Users/jim/work/v2superbikeshed/Trikeshed/src/commonMain/kotlin/borg/trikeshed/parse/bbcursive/lib/opt_.kt:18:72 Unresolved reference 'UnaryOperator'.
e: file:///Users/jim/work/v2superbikeshed/Trikeshed/src/commonMain/kotlin/borg/trikeshed/parse/bbcursive/lib/opt_.kt:18:86 Unresolved reference 'ByteBuffer'.
e: file:///Users/jim/work/v2superbikeshed/Trikeshed/src/commonMain/kotlin/borg/trikeshed/parse/bbcursive/lib/opt_.kt:18:102 Unresolved reference 'UnaryOperator'.
e: file:///Users/jim/work/v2superbikeshed/Trikeshed/src/commonMain/kotlin/borg/trikeshed/parse/bbcursive/lib/opt_.kt:18:116 Unresolved reference 'ByteBuffer'.
e: file:///Users/jim/work/v2superbikeshed/Trikeshed/src/commonMain/kotlin/borg/trikeshed/parse/bbcursive/lib/opt_.kt:20:9 'toString' overrides nothing.
e: file:///Users/jim/work/v2superbikeshed/Trikeshed/src/commonMain/kotlin/borg/trikeshed/parse/bbcursive/lib/opt_.kt:21:29 Unresolved reference 'Arrays'.
e: file:///Users/jim/work/v2superbikeshed/Trikeshed/src/commonMain/kotlin/borg/trikeshed/parse/bbcursive/lib/opt_.kt:24:9 'apply' overrides nothing.
e: file:///Users/jim/work/v2superbikeshed/Trikeshed/src/commonMain/kotlin/borg/trikeshed/parse/bbcursive/lib/opt_.kt:24:36 Unresolved reference 'ByteBuffer'.
e: file:///Users/jim/work/v2superbikeshed/Trikeshed/src/commonMain/kotlin/borg/trikeshed/parse/bbcursive/lib/opt_.kt:24:49 Unresolved reference 'ByteBuffer'.
e: file:///Users/jim/work/v2superbikeshed/Trikeshed/src/commonMain/kotlin/borg/trikeshed/parse/bbcursive/lib/opt_.kt:25:35 Unresolved reference 'position'.
e: file:///Users/jim/work/v2superbikeshed/Trikeshed/src/commonMain/kotlin/borg/trikeshed/parse/bbcursive/lib/opt_.kt:26:21 Unresolved reference 'bb'.
e: file:///Users/jim/work/v2superbikeshed/Trikeshed/src/commonMain/kotlin/borg/trikeshed/parse/bbcursive/lib/opt_.kt:28:24 Unresolved reference 'position'.
e: file:///Users/jim/work/v2superbikeshed/Trikeshed/src/commonMain/kotlin/borg/trikeshed/parse/bbcursive/lib/pos.kt:4:39 Unresolved reference 'UnaryOperator'.
e: file:///Users/jim/work/v2superbikeshed/Trikeshed/src/commonMain/kotlin/borg/trikeshed/parse/bbcursive/lib/pos.kt:9:40 Unresolved reference 'UnaryOperator'.
e: file:///Users/jim/work/v2superbikeshed/Trikeshed/src/commonMain/kotlin/borg/trikeshed/parse/bbcursive/lib/pos.kt:18:33 Unresolved reference 'UnaryOperator'.
e: file:///Users/jim/work/v2superbikeshed/Trikeshed/src/commonMain/kotlin/borg/trikeshed/parse/bbcursive/lib/pos.kt:19:20 'operator' modifier is required on 'FirNamedFunctionSymbol borg/trikeshed/parse/bbcursive/lib/pos.invoke' in 'invoke'.
e: file:///Users/jim/work/v2superbikeshed/Trikeshed/src/commonMain/kotlin/borg/trikeshed/parse/bbcursive/lib/pos.kt:19:29 This type is final, so it cannot be extended.
e: file:///Users/jim/work/v2superbikeshed/Trikeshed/src/commonMain/kotlin/borg/trikeshed/parse/bbcursive/lib/pos.kt:19:42 Syntax error: Expecting a class body.
e: file:///Users/jim/work/v2superbikeshed/Trikeshed/src/commonMain/kotlin/borg/trikeshed/parse/bbcursive/lib/pos.kt:19:45 Argument type mismatch: actual type is 'Function0<Unit>', but 'ByteIndexedBuffer' was expected.
e: file:///Users/jim/work/v2superbikeshed/Trikeshed/src/commonMain/kotlin/borg/trikeshed/parse/bbcursive/lib/pos.kt:20:17 Modifier 'override' is not applicable to 'local function'.
e: file:///Users/jim/work/v2superbikeshed/Trikeshed/src/commonMain/kotlin/borg/trikeshed/parse/bbcursive/lib/pos.kt:27:5 'invoke' overrides nothing.
e: file:///Users/jim/work/v2superbikeshed/Trikeshed/src/commonMain/kotlin/borg/trikeshed/parse/bbcursive/lib/pos.kt:28:44 Argument type mismatch: actual type is 'borg.trikeshed.parse.bbcursive.lib.Int', but 'kotlin.Int' was expected.
e: file:///Users/jim/work/v2superbikeshed/Trikeshed/src/commonMain/kotlin/borg/trikeshed/parse/bbcursive/lib/push.kt:3:8 Unresolved reference 'java'.
e: file:///Users/jim/work/v2superbikeshed/Trikeshed/src/commonMain/kotlin/borg/trikeshed/parse/bbcursive/lib/push.kt:15:19 Unresolved reference 'ByteBuffer'.
e: file:///Users/jim/work/v2superbikeshed/Trikeshed/src/commonMain/kotlin/borg/trikeshed/parse/bbcursive/lib/push.kt:15:37 Unresolved reference 'ByteBuffer'.
e: file:///Users/jim/work/v2superbikeshed/Trikeshed/src/commonMain/kotlin/borg/trikeshed/parse/bbcursive/lib/push.kt:15:50 Unresolved reference 'ByteBuffer'.
e: file:///Users/jim/work/v2superbikeshed/Trikeshed/src/commonMain/kotlin/borg/trikeshed/parse/bbcursive/lib/push.kt:16:24 Unresolved reference 'remaining'.
e: file:///Users/jim/work/v2superbikeshed/Trikeshed/src/commonMain/kotlin/borg/trikeshed/parse/bbcursive/lib/push.kt:17:25 Unresolved reference 'remaining'.
e: file:///Users/jim/work/v2superbikeshed/Trikeshed/src/commonMain/kotlin/borg/trikeshed/parse/bbcursive/lib/push.kt:19:25 Unresolved reference 'put'.
e: file:///Users/jim/work/v2superbikeshed/Trikeshed/src/commonMain/kotlin/borg/trikeshed/parse/bbcursive/lib/push.kt:21:14 Unresolved reference 'put'.
e: file:///Users/jim/work/v2superbikeshed/Trikeshed/src/commonMain/kotlin/borg/trikeshed/parse/bbcursive/lib/push.kt:21:30 Unresolved reference 'limit'.
e: file:///Users/jim/work/v2superbikeshed/Trikeshed/src/commonMain/kotlin/borg/trikeshed/parse/bbcursive/lib/push.kt:21:45 Unresolved reference 'ByteBuffer'.
e: file:///Users/jim/work/v2superbikeshed/Trikeshed/src/commonMain/kotlin/borg/trikeshed/parse/bbcursive/lib/push.kt:22:13 Unresolved reference 'position'.
e: file:///Users/jim/work/v2superbikeshed/Trikeshed/src/commonMain/kotlin/borg/trikeshed/parse/bbcursive/lib/push.kt:22:26 Unresolved reference 'position'.
e: file:///Users/jim/work/v2superbikeshed/Trikeshed/src/commonMain/kotlin/borg/trikeshed/parse/bbcursive/lib/repeat_.kt:3:8 Unresolved reference 'org'.
e: file:///Users/jim/work/v2superbikeshed/Trikeshed/src/commonMain/kotlin/borg/trikeshed/parse/bbcursive/lib/repeat_.kt:5:8 Unresolved reference 'java'.
e: file:///Users/jim/work/v2superbikeshed/Trikeshed/src/commonMain/kotlin/borg/trikeshed/parse/bbcursive/lib/repeat_.kt:6:8 Unresolved reference 'java'.
e: file:///Users/jim/work/v2superbikeshed/Trikeshed/src/commonMain/kotlin/borg/trikeshed/parse/bbcursive/lib/repeat_.kt:7:8 Unresolved reference 'java'.
e: file:///Users/jim/work/v2superbikeshed/Trikeshed/src/commonMain/kotlin/borg/trikeshed/parse/bbcursive/lib/repeat_.kt:9:8 Unresolved reference 'bbcursive'.
e: file:///Users/jim/work/v2superbikeshed/Trikeshed/src/commonMain/kotlin/borg/trikeshed/parse/bbcursive/lib/repeat_.kt:16:6 Unresolved reference 'NotNull'.
e: file:///Users/jim/work/v2superbikeshed/Trikeshed/src/commonMain/kotlin/borg/trikeshed/parse/bbcursive/lib/repeat_.kt:17:27 Unresolved reference 'UnaryOperator'.
e: file:///Users/jim/work/v2superbikeshed/Trikeshed/src/commonMain/kotlin/borg/trikeshed/parse/bbcursive/lib/repeat_.kt:17:41 Unresolved reference 'ByteBuffer'.
e: file:///Users/jim/work/v2superbikeshed/Trikeshed/src/commonMain/kotlin/borg/trikeshed/parse/bbcursive/lib/repeat_.kt:17:55 Unresolved reference 'UnaryOperator'.
e: file:///Users/jim/work/v2superbikeshed/Trikeshed/src/commonMain/kotlin/borg/trikeshed/parse/bbcursive/lib/repeat_.kt:17:69 Unresolved reference 'ByteBuffer'.
e: file:///Users/jim/work/v2superbikeshed/Trikeshed/src/commonMain/kotlin/borg/trikeshed/parse/bbcursive/lib/repeat_.kt:18:25 Unresolved reference 'UnaryOperator'.
e: file:///Users/jim/work/v2superbikeshed/Trikeshed/src/commonMain/kotlin/borg/trikeshed/parse/bbcursive/lib/repeat_.kt:18:39 Unresolved reference 'ByteBuffer'.
e: file:///Users/jim/work/v2superbikeshed/Trikeshed/src/commonMain/kotlin/borg/trikeshed/parse/bbcursive/lib/repeat_.kt:21:13 'toString' overrides nothing.
e: file:///Users/jim/work/v2superbikeshed/Trikeshed/src/commonMain/kotlin/borg/trikeshed/parse/bbcursive/lib/repeat_.kt:22:33 Unresolved reference 'Arrays'.
e: file:///Users/jim/work/v2superbikeshed/Trikeshed/src/commonMain/kotlin/borg/trikeshed/parse/bbcursive/lib/repeat_.kt:25:13 'apply' overrides nothing.
e: file:///Users/jim/work/v2superbikeshed/Trikeshed/src/commonMain/kotlin/borg/trikeshed/parse/bbcursive/lib/repeat_.kt:25:44 Unresolved reference 'ByteBuffer'.
e: file:///Users/jim/work/v2superbikeshed/Trikeshed/src/commonMain/kotlin/borg/trikeshed/parse/bbcursive/lib/repeat_.kt:25:57 Unresolved reference 'ByteBuffer'.
e: file:///Users/jim/work/v2superbikeshed/Trikeshed/src/commonMain/kotlin/borg/trikeshed/parse/bbcursive/lib/repeat_.kt:26:39 Unresolved reference 'position'.
e: file:///Users/jim/work/v2superbikeshed/Trikeshed/src/commonMain/kotlin/borg/trikeshed/parse/bbcursive/lib/repeat_.kt:28:29 Unresolved reference 'ByteBuffer'.
e: file:///Users/jim/work/v2superbikeshed/Trikeshed/src/commonMain/kotlin/borg/trikeshed/parse/bbcursive/lib/repeat_.kt:29:27 Unresolved reference 'ByteBuffer'.
e: file:///Users/jim/work/v2superbikeshed/Trikeshed/src/commonMain/kotlin/borg/trikeshed/parse/bbcursive/lib/repeat_.kt:30:49 Unresolved reference 'hasRemaining'.
e: file:///Users/jim/work/v2superbikeshed/Trikeshed/src/commonMain/kotlin/borg/trikeshed/parse/bbcursive/lib/repeat_.kt:33:25 Unresolved reference 'bb'.
e: file:///Users/jim/work/v2superbikeshed/Trikeshed/src/commonMain/kotlin/borg/trikeshed/parse/bbcursive/lib/repeat_.kt:35:39 Unresolved reference 'position'.
e: file:///Users/jim/work/v2superbikeshed/Trikeshed/src/commonMain/kotlin/borg/trikeshed/parse/bbcursive/lib/repeat_.kt:40:57 Unresolved reference 'hasRemaining'.
e: file:///Users/jim/work/v2superbikeshed/Trikeshed/src/commonMain/kotlin/borg/trikeshed/parse/bbcursive/lib/repeat_.kt:41:26 Unresolved reference 'position'.
e: file:///Users/jim/work/v2superbikeshed/Trikeshed/src/commonMain/kotlin/borg/trikeshed/parse/bbcursive/lib/skipper_.kt:3:23 Unresolved reference 'ann'.
e: file:///Users/jim/work/v2superbikeshed/Trikeshed/src/commonMain/kotlin/borg/trikeshed/parse/bbcursive/lib/skipper_.kt:4:23 Unresolved reference 'std'.
e: file:///Users/jim/work/v2superbikeshed/Trikeshed/src/commonMain/kotlin/borg/trikeshed/parse/bbcursive/lib/skipper_.kt:6:8 Unresolved reference 'java'.
e: file:///Users/jim/work/v2superbikeshed/Trikeshed/src/commonMain/kotlin/borg/trikeshed/parse/bbcursive/lib/skipper_.kt:7:8 Unresolved reference 'java'.
e: file:///Users/jim/work/v2superbikeshed/Trikeshed/src/commonMain/kotlin/borg/trikeshed/parse/bbcursive/lib/skipper_.kt:8:8 Unresolved reference 'java'.
e: file:///Users/jim/work/v2superbikeshed/Trikeshed/src/commonMain/kotlin/borg/trikeshed/parse/bbcursive/lib/skipper_.kt:10:8 Unresolved reference 'bbcursive'.
e: file:///Users/jim/work/v2superbikeshed/Trikeshed/src/commonMain/kotlin/borg/trikeshed/parse/bbcursive/lib/skipper_.kt:12:2 Unresolved reference 'Skipper'.
e: file:///Users/jim/work/v2superbikeshed/Trikeshed/src/commonMain/kotlin/borg/trikeshed/parse/bbcursive/lib/skipper_.kt:15:6 Unresolved reference 'Skipper'.
e: file:///Users/jim/work/v2superbikeshed/Trikeshed/src/commonMain/kotlin/borg/trikeshed/parse/bbcursive/lib/skipper_.kt:16:31 Unresolved reference 'UnaryOperator'.
e: file:///Users/jim/work/v2superbikeshed/Trikeshed/src/commonMain/kotlin/borg/trikeshed/parse/bbcursive/lib/skipper_.kt:16:45 Unresolved reference 'ByteBuffer'.
e: file:///Users/jim/work/v2superbikeshed/Trikeshed/src/commonMain/kotlin/borg/trikeshed/parse/bbcursive/lib/skipper_.kt:16:59 Unresolved reference 'UnaryOperator'.
e: file:///Users/jim/work/v2superbikeshed/Trikeshed/src/commonMain/kotlin/borg/trikeshed/parse/bbcursive/lib/skipper_.kt:16:73 Unresolved reference 'ByteBuffer'.
e: file:///Users/jim/work/v2superbikeshed/Trikeshed/src/commonMain/kotlin/borg/trikeshed/parse/bbcursive/lib/skipper_.kt:21:6 Unresolved reference 'Skipper'.
e: file:///Users/jim/work/v2superbikeshed/Trikeshed/src/commonMain/kotlin/borg/trikeshed/parse/bbcursive/lib/skipper_.kt:22:64 Unresolved reference 'UnaryOperator'.
e: file:///Users/jim/work/v2superbikeshed/Trikeshed/src/commonMain/kotlin/borg/trikeshed/parse/bbcursive/lib/skipper_.kt:22:78 Unresolved reference 'ByteBuffer'.
e: file:///Users/jim/work/v2superbikeshed/Trikeshed/src/commonMain/kotlin/borg/trikeshed/parse/bbcursive/lib/skipper_.kt:22:94 Unresolved reference 'UnaryOperator'.
e: file:///Users/jim/work/v2superbikeshed/Trikeshed/src/commonMain/kotlin/borg/trikeshed/parse/bbcursive/lib/skipper_.kt:22:108 Unresolved reference 'ByteBuffer'.
e: file:///Users/jim/work/v2superbikeshed/Trikeshed/src/commonMain/kotlin/borg/trikeshed/parse/bbcursive/lib/skipper_.kt:24:9 'toString' overrides nothing.
e: file:///Users/jim/work/v2superbikeshed/Trikeshed/src/commonMain/kotlin/borg/trikeshed/parse/bbcursive/lib/skipper_.kt:25:32 Unresolved reference 'Arrays'.
e: file:///Users/jim/work/v2superbikeshed/Trikeshed/src/commonMain/kotlin/borg/trikeshed/parse/bbcursive/lib/skipper_.kt:29:9 'apply' overrides nothing.
e: file:///Users/jim/work/v2superbikeshed/Trikeshed/src/commonMain/kotlin/borg/trikeshed/parse/bbcursive/lib/skipper_.kt:29:36 Unresolved reference 'ByteBuffer'.
e: file:///Users/jim/work/v2superbikeshed/Trikeshed/src/commonMain/kotlin/borg/trikeshed/parse/bbcursive/lib/skipper_.kt:29:49 Unresolved reference 'ByteBuffer'.
e: file:///Users/jim/work/v2superbikeshed/Trikeshed/src/commonMain/kotlin/borg/trikeshed/parse/bbcursive/lib/skipper_.kt:30:13 Unresolved reference 'std'.
e: file:///Users/jim/work/v2superbikeshed/Trikeshed/src/commonMain/kotlin/borg/trikeshed/parse/bbcursive/lib/skipper_.kt:30:23 Cannot infer type for this parameter. Specify it explicitly.
e: file:///Users/jim/work/v2superbikeshed/Trikeshed/src/commonMain/kotlin/borg/trikeshed/parse/bbcursive/lib/skipper_.kt:30:29 Unresolved reference 'add'.
e: file:///Users/jim/work/v2superbikeshed/Trikeshed/src/commonMain/kotlin/borg/trikeshed/parse/bbcursive/lib/skipper_.kt:30:33 Unresolved reference 'std'.
e: file:///Users/jim/work/v2superbikeshed/Trikeshed/src/commonMain/kotlin/borg/trikeshed/parse/bbcursive/lib/skipper_.kt:32:20 Unresolved reference 'bb'.
e: file:///Users/jim/work/v2superbikeshed/Trikeshed/src/commonMain/kotlin/borg/trikeshed/parse/bbcursive/lib/strlit.kt:6:39 Unresolved reference 'UnaryOperator'.
e: file:///Users/jim/work/v2superbikeshed/Trikeshed/src/commonMain/kotlin/borg/trikeshed/parse/bbcursive/lib/strlit.kt:7:8 Unresolved reference 'java'.
e: file:///Users/jim/work/v2superbikeshed/Trikeshed/src/commonMain/kotlin/borg/trikeshed/parse/bbcursive/lib/strlit.kt:14:34 Unresolved reference 'UnaryOperator'.
e: file:///Users/jim/work/v2superbikeshed/Trikeshed/src/commonMain/kotlin/borg/trikeshed/parse/bbcursive/lib/strlit.kt:18:74 Unresolved reference 'UnaryOperator'.
e: file:///Users/jim/work/v2superbikeshed/Trikeshed/src/commonMain/kotlin/borg/trikeshed/parse/bbcursive/lib/strlit.kt:20:9 'toString' overrides nothing.
e: file:///Users/jim/work/v2superbikeshed/Trikeshed/src/commonMain/kotlin/borg/trikeshed/parse/bbcursive/lib/strlit.kt:21:20 Unresolved reference 'MessageFormat'.
e: file:///Users/jim/work/v2superbikeshed/Trikeshed/src/commonMain/kotlin/borg/trikeshed/parse/bbcursive/lib/strlit.kt:24:9 'invoke' overrides nothing.
e: file:///Users/jim/work/v2superbikeshed/Trikeshed/src/commonMain/kotlin/borg/trikeshed/parse/bbcursive/lib/strlit.kt:25:59 Unresolved reference. None of the following candidates is applicable because of a receiver type mismatch:
fun Join<Int, Function1<Int, Byte>>.toByteIndexedBuffer(pos: Int = ..., limit: Int = ...): ByteIndexedBuffer
e: file:///Users/jim/work/v2superbikeshed/Trikeshed/src/commonMain/kotlin/borg/trikeshed/parse/bbcursive/lib/u8tf.kt:3:8 Unresolved reference 'java'.
e: file:///Users/jim/work/v2superbikeshed/Trikeshed/src/commonMain/kotlin/borg/trikeshed/parse/bbcursive/lib/u8tf.kt:4:8 Unresolved reference 'java'.
e: file:///Users/jim/work/v2superbikeshed/Trikeshed/src/commonMain/kotlin/borg/trikeshed/parse/bbcursive/lib/u8tf.kt:15:31 Unresolved reference 'ByteBuffer'.
e: file:///Users/jim/work/v2superbikeshed/Trikeshed/src/commonMain/kotlin/borg/trikeshed/parse/bbcursive/lib/u8tf.kt:16:16 Unresolved reference 'StandardCharsets'.
e: file:///Users/jim/work/v2superbikeshed/Trikeshed/src/commonMain/kotlin/borg/trikeshed/parse/bbcursive/lib/u8tf.kt:25:21 Unresolved reference 'ByteBuffer'.
e: file:///Users/jim/work/v2superbikeshed/Trikeshed/src/commonMain/kotlin/borg/trikeshed/parse/bbcursive/lib/u8tf.kt:26:16 Unresolved reference 'StandardCharsets'.
e: file:///Users/jim/work/v2superbikeshed/Trikeshed/src/commonMain/kotlin/borg/trikeshed/parse/bbcursive/lib/value_.kt:3:23 Unresolved reference 'ann'.
e: file:///Users/jim/work/v2superbikeshed/Trikeshed/src/commonMain/kotlin/borg/trikeshed/parse/bbcursive/lib/value_.kt:4:23 Unresolved reference 'ann'.
e: file:///Users/jim/work/v2superbikeshed/Trikeshed/src/commonMain/kotlin/borg/trikeshed/parse/bbcursive/lib/value_.kt:6:39 Unresolved reference 'UnaryOperator'.
e: file:///Users/jim/work/v2superbikeshed/Trikeshed/src/commonMain/kotlin/borg/trikeshed/parse/bbcursive/lib/value_.kt:8:50 Cannot import 'infix'. Functions and properties can only be imported from packages or objects.
e: file:///Users/jim/work/v2superbikeshed/Trikeshed/src/commonMain/kotlin/borg/trikeshed/parse/bbcursive/lib/value_.kt:15:2 Unresolved reference 'Infix'.
e: file:///Users/jim/work/v2superbikeshed/Trikeshed/src/commonMain/kotlin/borg/trikeshed/parse/bbcursive/lib/value_.kt:16:2 Unresolved reference 'ForwardOnly'.
e: file:///Users/jim/work/v2superbikeshed/Trikeshed/src/commonMain/kotlin/borg/trikeshed/parse/bbcursive/lib/value_.kt:17:38 Unresolved reference 'UnaryOperator'.
e: file:///Users/jim/work/v2superbikeshed/Trikeshed/src/commonMain/kotlin/borg/trikeshed/parse/bbcursive/lib/value_.kt:27:5 'invoke' overrides nothing.
e: file:///Users/jim/work/v2superbikeshed/Trikeshed/src/commonMain/kotlin/borg/trikeshed/parse/bbcursive/lib/value_.kt:28:16 Unresolved reference 'infix'.
e: file:///Users/jim/work/v2superbikeshed/Trikeshed/src/commonMain/kotlin/borg/trikeshed/parse/bbcursive/std.kt:7:27 Unresolved reference 'pos'.
e: file:///Users/jim/work/v2superbikeshed/Trikeshed/src/commonMain/kotlin/borg/trikeshed/parse/bbcursive/std.kt:8:27 Unresolved reference 'rem'.
e: file:///Users/jim/work/v2superbikeshed/Trikeshed/src/commonMain/kotlin/borg/trikeshed/parse/bbcursive/std.kt:9:27 Unresolved reference 'rew'.
e: file:///Users/jim/work/v2superbikeshed/Trikeshed/src/commonMain/kotlin/borg/trikeshed/parse/bbcursive/std.kt:10:27 Unresolved reference 'lim'.
e: file:///Users/jim/work/v2superbikeshed/Trikeshed/src/commonMain/kotlin/borg/trikeshed/parse/bbcursive/std.kt:11:27 Unresolved reference 'mk'.
e: file:///Users/jim/work/v2superbikeshed/Trikeshed/src/commonMain/kotlin/borg/trikeshed/parse/bbcursive/std.kt:12:27 Unresolved reference 'clr'.
e: file:///Users/jim/work/v2superbikeshed/Trikeshed/src/commonMain/kotlin/borg/trikeshed/parse/bbcursive/std.kt:13:27 Unresolved reference 'rtrim'.
e: file:///Users/jim/work/v2superbikeshed/Trikeshed/src/commonMain/kotlin/borg/trikeshed/parse/bbcursive/std.kt:14:27 Unresolved reference 'dec'.
e: file:///Users/jim/work/v2superbikeshed/Trikeshed/src/commonMain/kotlin/borg/trikeshed/parse/bbcursive/std.kt:15:27 Unresolved reference 'inc'.
e: file:///Users/jim/work/v2superbikeshed/Trikeshed/src/commonMain/kotlin/borg/trikeshed/parse/bbcursive/std.kt:17:27 Unresolved reference 'duplicate'.
e: file:///Users/jim/work/v2superbikeshed/Trikeshed/src/commonMain/kotlin/borg/trikeshed/parse/bbcursive/std.kt:18:27 Unresolved reference 'flip'.
e: file:///Users/jim/work/v2superbikeshed/Trikeshed/src/commonMain/kotlin/borg/trikeshed/parse/bbcursive/std.kt:19:27 Unresolved reference 'ro'.
e: file:///Users/jim/work/v2superbikeshed/Trikeshed/src/commonMain/kotlin/borg/trikeshed/parse/bbcursive/std.kt:20:27 Unresolved reference 'hasRemaining'.
e: file:///Users/jim/work/v2superbikeshed/Trikeshed/src/commonMain/kotlin/borg/trikeshed/parse/bbcursive/std.kt:21:27 Unresolved reference 'put'.
e: file:///Users/jim/work/v2superbikeshed/Trikeshed/src/commonMain/kotlin/borg/trikeshed/parse/bbcursive/std.kt:22:27 Unresolved reference 'a'.
e: file:///Users/jim/work/v2superbikeshed/Trikeshed/src/commonMain/kotlin/borg/trikeshed/parse/bbcursive/std.kt:23:27 Unresolved reference 'b'.
e: file:///Users/jim/work/v2superbikeshed/Trikeshed/src/commonMain/kotlin/borg/trikeshed/parse/bbcursive/std.kt:25:27 Unresolved reference 'encodeToByteArray'.
e: file:///Users/jim/work/v2superbikeshed/Trikeshed/src/commonMain/kotlin/borg/trikeshed/parse/bbcursive/std.kt:27:27 Unresolved reference 'decodeToChars'.
e: file:///Users/jim/work/v2superbikeshed/Trikeshed/src/commonMain/kotlin/borg/trikeshed/parse/bbcursive/std.kt:34:39 Unresolved reference 'SessionContext'.
e: file:///Users/jim/work/v2superbikeshed/Trikeshed/src/commonMain/kotlin/borg/trikeshed/parse/bbcursive/std.kt:41:23 Unresolved reference 'full'.
e: file:///Users/jim/work/v2superbikeshed/Trikeshed/src/commonMain/kotlin/borg/trikeshed/parse/bbcursive/std.kt:42:23 Unresolved reference 'full'.
e: file:///Users/jim/work/v2superbikeshed/Trikeshed/src/commonMain/kotlin/borg/trikeshed/parse/bbcursive/std.kt:70:54 Unresolved reference 'UnaryOperator'.
e: file:///Users/jim/work/v2superbikeshed/Trikeshed/src/commonMain/kotlin/borg/trikeshed/parse/bbcursive/std.kt:72:37 Unresolved reference 'Traits'.
e: file:///Users/jim/work/v2superbikeshed/Trikeshed/src/commonMain/kotlin/borg/trikeshed/parse/bbcursive/std.kt:73:17 Unresolved reference 'UnaryOperator'.
e: file:///Users/jim/work/v2superbikeshed/Trikeshed/src/commonMain/kotlin/borg/trikeshed/parse/bbcursive/std.kt:75:47 Unresolved reference 'Key'.
e: file:///Users/jim/work/v2superbikeshed/Trikeshed/src/commonMain/kotlin/borg/trikeshed/parse/bbcursive/std.kt:80:34 Unresolved reference 'System'.
e: file:///Users/jim/work/v2superbikeshed/Trikeshed/src/commonMain/kotlin/borg/trikeshed/parse/bbcursive/std.kt:83:32 Unresolved reference 'flags'.
e: file:///Users/jim/work/v2superbikeshed/Trikeshed/src/commonMain/kotlin/borg/trikeshed/parse/bbcursive/std.kt:83:47 Unresolved reference 'Traits'.
e: file:///Users/jim/work/v2superbikeshed/Trikeshed/src/commonMain/kotlin/borg/trikeshed/parse/bbcursive/std.kt:90:22 Argument type mismatch: actual type is 'ByteIndexedBuffer', but 'K (of fun <K> WHEN_CALL)' was expected.
e: file:///Users/jim/work/v2superbikeshed/Trikeshed/src/commonMain/kotlin/borg/trikeshed/parse/bbcursive/std.kt:91:22 Argument type mismatch: actual type is 'R (of fun <T, R> DeepRecursiveFunction<T, R>.invoke)', but 'K (of fun <K> WHEN_CALL)' was expected.
e: file:///Users/jim/work/v2superbikeshed/Trikeshed/src/commonMain/kotlin/borg/trikeshed/parse/bbcursive/std.kt:91:25 Cannot infer type for this parameter. Specify it explicitly.
e: file:///Users/jim/work/v2superbikeshed/Trikeshed/src/commonMain/kotlin/borg/trikeshed/parse/bbcursive/std.kt:91:25 Unresolved reference. None of the following candidates is applicable because of a receiver type mismatch:
fun <T, R> DeepRecursiveFunction<T, R>.invoke(value: T): R
e: file:///Users/jim/work/v2superbikeshed/Trikeshed/src/commonMain/kotlin/borg/trikeshed/parse/bbcursive/std.kt:92:25 Argument type mismatch: actual type is 'ByteIndexedBuffer?', but 'K (of fun <K> WHEN_CALL)' was expected.
e: file:///Users/jim/work/v2superbikeshed/Trikeshed/src/commonMain/kotlin/borg/trikeshed/parse/bbcursive/std.kt:95:45 Unresolved reference 'flags'.
e: file:///Users/jim/work/v2superbikeshed/Trikeshed/src/commonMain/kotlin/borg/trikeshed/parse/bbcursive/std.kt:95:60 Unresolved reference 'Traits'.
e: file:///Users/jim/work/v2superbikeshed/Trikeshed/src/commonMain/kotlin/borg/trikeshed/parse/bbcursive/std.kt:97:21 Unresolved reference 'System'.
e: file:///Users/jim/work/v2superbikeshed/Trikeshed/src/commonMain/kotlin/borg/trikeshed/parse/bbcursive/std.kt:100:32 Unresolved reference 'outbox'.
e: file:///Users/jim/work/v2superbikeshed/Trikeshed/src/commonMain/kotlin/borg/trikeshed/parse/bbcursive/std.kt:100:39 Unresolved reference 'ParseResult'.
e: file:///Users/jim/work/v2superbikeshed/Trikeshed/src/commonMain/kotlin/borg/trikeshed/parse/bbcursive/std.kt:100:95 Unresolved reference 'flags'.
e: file:///Users/jim/work/v2superbikeshed/Trikeshed/src/commonMain/kotlin/borg/trikeshed/parse/bbcursive/std.kt:103:22 Cannot infer type for this parameter. Specify it explicitly.
e: file:///Users/jim/work/v2superbikeshed/Trikeshed/src/commonMain/kotlin/borg/trikeshed/parse/bbcursive/std.kt:103:22 Not enough information to infer type argument for 'R'.
e: file:///Users/jim/work/v2superbikeshed/Trikeshed/src/commonMain/kotlin/borg/trikeshed/parse/bbcursive/std.kt:103:43 Unresolved reference 'flags'.
e: file:///Users/jim/work/v2superbikeshed/Trikeshed/src/commonMain/kotlin/borg/trikeshed/parse/bbcursive/std.kt:103:49 Cannot infer type for this parameter. Specify it explicitly.
e: file:///Users/jim/work/v2superbikeshed/Trikeshed/src/commonMain/kotlin/borg/trikeshed/parse/bbcursive/std.kt:103:55 Cannot infer type for this parameter. Specify it explicitly.
e: file:///Users/jim/work/v2superbikeshed/Trikeshed/src/commonMain/kotlin/borg/trikeshed/parse/bbcursive/std.kt:107:35 Unresolved reference 'UnaryOperator'.
e: file:///Users/jim/work/v2superbikeshed/Trikeshed/src/commonMain/kotlin/borg/trikeshed/parse/bbcursive/std.kt:107:82 Unresolved reference 'Traits'.
e: file:///Users/jim/work/v2superbikeshed/Trikeshed/src/commonMain/kotlin/borg/trikeshed/parse/bbcursive/std.kt:108:30 Suspend property 'val coroutineContext: CoroutineContext' can only be accessed from a coroutine or suspend function.
e: file:///Users/jim/work/v2superbikeshed/Trikeshed/src/commonMain/kotlin/borg/trikeshed/parse/bbcursive/std.kt:108:47 Unresolved reference 'Key'.
e: file:///Users/jim/work/v2superbikeshed/Trikeshed/src/commonMain/kotlin/borg/trikeshed/parse/bbcursive/std.kt:111:32 Unresolved reference 'flags'.
e: file:///Users/jim/work/v2superbikeshed/Trikeshed/src/commonMain/kotlin/borg/trikeshed/parse/bbcursive/std.kt:115:20 Unresolved reference 'hasAnnotation'.
e: file:///Users/jim/work/v2superbikeshed/Trikeshed/src/commonMain/kotlin/borg/trikeshed/parse/bbcursive/std.kt:117:19 Unresolved reference 'Traits'.
e: file:///Users/jim/work/v2superbikeshed/Trikeshed/src/commonMain/kotlin/borg/trikeshed/parse/bbcursive/std.kt:118:16 Not enough information to infer type argument for 'K'.
e: file:///Users/jim/work/v2superbikeshed/Trikeshed/src/commonMain/kotlin/borg/trikeshed/parse/bbcursive/std.kt:118:27 Unresolved reference 'hasAnnotation'.
e: file:///Users/jim/work/v2superbikeshed/Trikeshed/src/commonMain/kotlin/borg/trikeshed/parse/bbcursive/std.kt:120:15 Cannot infer type for this parameter. Specify it explicitly.
e: file:///Users/jim/work/v2superbikeshed/Trikeshed/src/commonMain/kotlin/borg/trikeshed/parse/bbcursive/std.kt:120:15 'fun <T> MutableList<T>.remove(index: Int): T' is deprecated. Use removeAt(index) instead.
e: file:///Users/jim/work/v2superbikeshed/Trikeshed/src/commonMain/kotlin/borg/trikeshed/parse/bbcursive/std.kt:120:15 Not enough information to infer type argument for 'T'.
e: file:///Users/jim/work/v2superbikeshed/Trikeshed/src/commonMain/kotlin/borg/trikeshed/parse/bbcursive/std.kt:120:22 Unresolved reference 'Traits'.
e: file:///Users/jim/work/v2superbikeshed/Trikeshed/src/commonMain/kotlin/borg/trikeshed/parse/bbcursive/std.kt:122:20 Unresolved reference 'hasAnnotation'.
e: file:///Users/jim/work/v2superbikeshed/Trikeshed/src/commonMain/kotlin/borg/trikeshed/parse/bbcursive/std.kt:124:19 Unresolved reference 'Traits'.
e: file:///Users/jim/work/v2superbikeshed/Trikeshed/src/commonMain/kotlin/borg/trikeshed/parse/bbcursive/std.kt:125:16 Not enough information to infer type argument for 'K'.
e: file:///Users/jim/work/v2superbikeshed/Trikeshed/src/commonMain/kotlin/borg/trikeshed/parse/bbcursive/std.kt:125:27 Unresolved reference 'hasAnnotation'.
e: file:///Users/jim/work/v2superbikeshed/Trikeshed/src/commonMain/kotlin/borg/trikeshed/parse/bbcursive/std.kt:127:15 Cannot infer type for this parameter. Specify it explicitly.
e: file:///Users/jim/work/v2superbikeshed/Trikeshed/src/commonMain/kotlin/borg/trikeshed/parse/bbcursive/std.kt:127:15 'fun <T> MutableList<T>.remove(index: Int): T' is deprecated. Use removeAt(index) instead.
e: file:///Users/jim/work/v2superbikeshed/Trikeshed/src/commonMain/kotlin/borg/trikeshed/parse/bbcursive/std.kt:127:15 Not enough information to infer type argument for 'T'.
e: file:///Users/jim/work/v2superbikeshed/Trikeshed/src/commonMain/kotlin/borg/trikeshed/parse/bbcursive/std.kt:127:22 Unresolved reference 'Traits'.
e: file:///Users/jim/work/v2superbikeshed/Trikeshed/src/commonMain/kotlin/borg/trikeshed/parse/bbcursive/std.kt:129:28 Cannot infer type for this parameter. Specify it explicitly.
e: file:///Users/jim/work/v2superbikeshed/Trikeshed/src/commonMain/kotlin/borg/trikeshed/parse/bbcursive/std.kt:132:58 Unresolved reference 'UnaryOperator'.
e: file:///Users/jim/work/v2superbikeshed/Trikeshed/src/commonMain/kotlin/borg/trikeshed/parse/bbcursive/std.kt:136:21 Cannot infer type for this parameter. Specify it explicitly.
e: file:///Users/jim/work/v2superbikeshed/Trikeshed/src/commonMain/kotlin/borg/trikeshed/parse/bbcursive/std.kt:136:21 Unresolved reference. None of the following candidates is applicable because of a receiver type mismatch:
fun <T, R> DeepRecursiveFunction<T, R>.invoke(value: T): R
e: file:///Users/jim/work/v2superbikeshed/Trikeshed/src/commonMain/kotlin/borg/trikeshed/parse/bbcursive/std.kt:163:58 Unresolved reference 'UnaryOperator'.
e: file:///Users/jim/work/v2superbikeshed/Trikeshed/src/commonMain/kotlin/borg/trikeshed/parse/bbcursive/std.kt:164:18 Suspend function 'suspend fun bb(b: ByteIndexedBuffer, vararg ops: ERROR CLASS: Symbol not found for UnaryOperator): ByteIndexedBuffer?' can only be called from a coroutine or another suspend function.
e: file:///Users/jim/work/v2superbikeshed/Trikeshed/src/commonMain/kotlin/borg/trikeshed/parse/bbcursive/std.kt:165:34 Unresolved reference. None of the following candidates is applicable because of a receiver type mismatch:
fun Join<Int, Function1<Int, Byte>>.asString(): String
e: file:///Users/jim/work/v2superbikeshed/Trikeshed/src/commonMain/kotlin/borg/trikeshed/parse/bbcursive/std.kt:168:53 Unresolved reference 'UnaryOperator'.
e: file:///Users/jim/work/v2superbikeshed/Trikeshed/src/commonMain/kotlin/borg/trikeshed/parse/bbcursive/std.kt:172:52 Unresolved reference 'UnaryOperator'.
e: file:///Users/jim/work/v2superbikeshed/Trikeshed/src/commonMain/kotlin/borg/trikeshed/parse/bbcursive/std.kt:173:61 Unresolved reference. None of the following candidates is applicable because of a receiver type mismatch:
fun Join<Int, Function1<Int, Byte>>.toByteIndexedBuffer(pos: Int = ..., limit: Int = ...): ByteIndexedBuffer
e: file:///Users/jim/work/v2superbikeshed/Trikeshed/src/commonMain/kotlin/borg/trikeshed/parse/bbcursive/std.kt:180:58 Unresolved reference 'UnaryOperator'.
e: file:///Users/jim/work/v2superbikeshed/Trikeshed/src/commonMain/kotlin/borg/trikeshed/parse/bbcursive/std.kt:181:16 Suspend function 'suspend fun bb(b: ByteIndexedBuffer, vararg ops: ERROR CLASS: Symbol not found for UnaryOperator): ByteIndexedBuffer?' can only be called from a coroutine or another suspend function.
e: file:///Users/jim/work/v2superbikeshed/Trikeshed/src/commonMain/kotlin/borg/trikeshed/parse/bbcursive/std.kt:181:54 Unresolved reference. None of the following candidates is applicable because of a receiver type mismatch:
fun Join<Int, Function1<Int, Byte>>.toByteIndexedBuffer(pos: Int = ..., limit: Int = ...): ByteIndexedBuffer
e: file:///Users/jim/work/v2superbikeshed/Trikeshed/src/commonMain/kotlin/borg/trikeshed/parse/bbcursive/std.kt:188:66 Overload resolution ambiguity between candidates:
fun ByteArray.toIndexed(): Join<Int, Function1<Int, Byte>>
fun <T> Any.toIndexed(): Join<Int, Function1<Int, T>>
fun ByteArray.toIndexed(): Join<Int, Function1<Int, Byte>>
e: file:///Users/jim/work/v2superbikeshed/Trikeshed/src/commonMain/kotlin/borg/trikeshed/parse/bbcursive/std.kt:189:13 Cannot infer type for this parameter. Specify it explicitly.
e: file:///Users/jim/work/v2superbikeshed/Trikeshed/src/commonMain/kotlin/borg/trikeshed/parse/bbcursive/std.kt:189:16 No value passed for parameter 'value'.
e: file:///Users/jim/work/v2superbikeshed/Trikeshed/src/commonMain/kotlin/borg/trikeshed/parse/bbcursive/std.kt:189:19 Unresolved reference 'duplicate'.
e: file:///Users/jim/work/v2superbikeshed/Trikeshed/src/commonMain/kotlin/borg/trikeshed/parse/bbcursive/std.kt:189:31 Cannot infer type for this parameter. Specify it explicitly.
e: file:///Users/jim/work/v2superbikeshed/Trikeshed/src/commonMain/kotlin/borg/trikeshed/parse/bbcursive/std.kt:189:37 Cannot infer type for this parameter. Specify it explicitly.
e: file:///Users/jim/work/v2superbikeshed/Trikeshed/src/commonMain/kotlin/borg/trikeshed/parse/bbcursive/std.kt:190:23 Unresolved reference 'hasRemaining'.
e: file:///Users/jim/work/v2superbikeshed/Trikeshed/src/commonMain/kotlin/borg/trikeshed/parse/bbcursive/std.kt:190:47 Unresolved reference 'put'.
e: file:///Users/jim/work/v2superbikeshed/Trikeshed/src/commonMain/kotlin/borg/trikeshed/parse/bbcursive/std.kt:190:55 Cannot infer type for this parameter. Specify it explicitly.
e: file:///Users/jim/work/v2superbikeshed/Trikeshed/src/commonMain/kotlin/borg/trikeshed/parse/bbcursive/std.kt:192:26 Unresolved reference 'rew'.
e: file:///Users/jim/work/v2superbikeshed/Trikeshed/src/commonMain/kotlin/borg/trikeshed/parse/bbcursive/std.kt:202:28 Argument type mismatch: actual type is 'Unit', but 'K (of fun <K> WHEN_CALL)' was expected.
e: file:///Users/jim/work/v2superbikeshed/Trikeshed/src/commonMain/kotlin/borg/trikeshed/parse/bbcursive/std.kt:210:57 Overload resolution ambiguity between candidates:
fun ByteArray.toIndexed(): Join<Int, Function1<Int, Byte>>
fun <T> Any.toIndexed(): Join<Int, Function1<Int, T>>
fun ByteArray.toIndexed(): Join<Int, Function1<Int, Byte>>
e: file:///Users/jim/work/v2superbikeshed/Trikeshed/src/commonMain/kotlin/borg/trikeshed/parse/bbcursive/std.kt:212:35 Cannot infer type for this parameter. Specify it explicitly.
e: file:///Users/jim/work/v2superbikeshed/Trikeshed/src/commonMain/kotlin/borg/trikeshed/parse/bbcursive/std.kt:212:38 No value passed for parameter 'value'.
e: file:///Users/jim/work/v2superbikeshed/Trikeshed/src/commonMain/kotlin/borg/trikeshed/parse/bbcursive/std.kt:212:41 Unresolved reference 'duplicate'.
e: file:///Users/jim/work/v2superbikeshed/Trikeshed/src/commonMain/kotlin/borg/trikeshed/parse/bbcursive/std.kt:212:53 Cannot infer type for this parameter. Specify it explicitly.
e: file:///Users/jim/work/v2superbikeshed/Trikeshed/src/commonMain/kotlin/borg/trikeshed/parse/bbcursive/std.kt:212:59 Cannot infer type for this parameter. Specify it explicitly.
e: file:///Users/jim/work/v2superbikeshed/Trikeshed/src/commonMain/kotlin/borg/trikeshed/parse/bbcursive/std.kt:213:31 Unresolved reference 'hasRemaining'.
e: file:///Users/jim/work/v2superbikeshed/Trikeshed/src/commonMain/kotlin/borg/trikeshed/parse/bbcursive/std.kt:213:52 Unresolved reference 'put'.
e: file:///Users/jim/work/v2superbikeshed/Trikeshed/src/commonMain/kotlin/borg/trikeshed/parse/bbcursive/std.kt:213:60 Cannot infer type for this parameter. Specify it explicitly.
e: file:///Users/jim/work/v2superbikeshed/Trikeshed/src/commonMain/kotlin/borg/trikeshed/parse/bbcursive/std.kt:216:13 Argument type mismatch: actual type is 'R (of fun <T, R> DeepRecursiveFunction<T, R>.invoke)', but 'K (of fun <K> WHEN_CALL)' was expected.
e: file:///Users/jim/work/v2superbikeshed/Trikeshed/src/commonMain/kotlin/borg/trikeshed/parse/bbcursive/std.kt:216:20 Cannot infer type for this parameter. Specify it explicitly.
e: file:///Users/jim/work/v2superbikeshed/Trikeshed/src/commonMain/kotlin/borg/trikeshed/parse/bbcursive/std.kt:216:23 No value passed for parameter 'value'.
e: file:///Users/jim/work/v2superbikeshed/Trikeshed/src/commonMain/kotlin/borg/trikeshed/parse/bbcursive/std.kt:243:34 None of the following candidates is applicable:
fun <T> Join<Int, Function1<Int, Join<Any?, TypeMemento>>>.get(column: Column<T>): T?
fun <T : Any> JsReference<T>.get(): T
e: file:///Users/jim/work/v2superbikeshed/Trikeshed/src/commonMain/kotlin/borg/trikeshed/parse/bbcursive/std.kt:244:35 Unresolved reference 'toChar'.
e: file:///Users/jim/work/v2superbikeshed/Trikeshed/src/commonMain/kotlin/borg/trikeshed/parse/bbcursive/std.kt:247:39 None of the following candidates is applicable:
fun <T> Join<Int, Function1<Int, Join<Any?, TypeMemento>>>.get(column: Column<T>): T?
fun <T : Any> JsReference<T>.get(): T
e: file:///Users/jim/work/v2superbikeshed/Trikeshed/src/commonMain/kotlin/borg/trikeshed/parse/bbcursive/std.kt:248:40 Unresolved reference 'toChar'.
e: file:///Users/jim/work/v2superbikeshed/Trikeshed/src/commonMain/kotlin/borg/trikeshed/parse/bbcursive/std.kt:263:19 Cannot infer type for this parameter. Specify it explicitly.
e: file:///Users/jim/work/v2superbikeshed/Trikeshed/src/commonMain/kotlin/borg/trikeshed/parse/bbcursive/std.kt:263:22 No value passed for parameter 'value'.
e: file:///Users/jim/work/v2superbikeshed/Trikeshed/src/commonMain/kotlin/borg/trikeshed/parse/bbcursive/std.kt:271:42 Unresolved reference 'Character'.
e: file:///Users/jim/work/v2superbikeshed/Trikeshed/src/commonMain/kotlin/borg/trikeshed/parse/bbcursive/std.kt:276:21 Cannot access 'fun assert(value: Boolean, lazyMessage: () -> Any): Unit': it is internal in file.
e: file:///Users/jim/work/v2superbikeshed/Trikeshed/src/commonMain/kotlin/borg/trikeshed/parse/bbcursive/std.kt:280:21 Cannot access 'fun assert(value: Boolean, lazyMessage: () -> Any): Unit': it is internal in file.
e: file:///Users/jim/work/v2superbikeshed/Trikeshed/src/commonMain/kotlin/borg/trikeshed/parse/bbcursive/std.kt:284:21 Cannot access 'fun assert(value: Boolean, lazyMessage: () -> Any): Unit': it is internal in file.
e: file:///Users/jim/work/v2superbikeshed/Trikeshed/src/commonMain/kotlin/borg/trikeshed/parse/bbcursive/std.kt:288:26 Unresolved reference 'Character'.
e: file:///Users/jim/work/v2superbikeshed/Trikeshed/src/commonMain/kotlin/borg/trikeshed/parse/bbcursive/std.kt:288:75 Cannot infer type for this parameter. Specify it explicitly.
e: file:///Users/jim/work/v2superbikeshed/Trikeshed/src/commonMain/kotlin/borg/trikeshed/parse/bbcursive/std.kt:288:78 No value passed for parameter 'value'.
e: file:///Users/jim/work/v2superbikeshed/Trikeshed/src/commonMain/kotlin/borg/trikeshed/parse/bbcursive/vtables/CString.kt:3:23 Unresolved reference 'std'.
e: file:///Users/jim/work/v2superbikeshed/Trikeshed/src/commonMain/kotlin/borg/trikeshed/parse/bbcursive/vtables/CString.kt:5:8 Unresolved reference 'java'.
e: file:///Users/jim/work/v2superbikeshed/Trikeshed/src/commonMain/kotlin/borg/trikeshed/parse/bbcursive/vtables/CString.kt:6:8 Unresolved reference 'java'.
e: file:///Users/jim/work/v2superbikeshed/Trikeshed/src/commonMain/kotlin/borg/trikeshed/parse/bbcursive/vtables/CString.kt:8:8 Unresolved reference 'bbcursive'.
e: file:///Users/jim/work/v2superbikeshed/Trikeshed/src/commonMain/kotlin/borg/trikeshed/parse/bbcursive/vtables/CString.kt:9:8 Unresolved reference 'bbcursive'.
e: file:///Users/jim/work/v2superbikeshed/Trikeshed/src/commonMain/kotlin/borg/trikeshed/parse/bbcursive/vtables/CString.kt:10:8 Unresolved reference 'bbcursive'.
e: file:///Users/jim/work/v2superbikeshed/Trikeshed/src/commonMain/kotlin/borg/trikeshed/parse/bbcursive/vtables/CString.kt:17:27 Classifier 'inner class _mutator : Any' does not have a companion object, so it cannot be used as an expression.
e: file:///Users/jim/work/v2superbikeshed/Trikeshed/src/commonMain/kotlin/borg/trikeshed/parse/bbcursive/vtables/CString.kt:17:35 Syntax error: Property getter or setter expected.
e: file:///Users/jim/work/v2superbikeshed/Trikeshed/src/commonMain/kotlin/borg/trikeshed/parse/bbcursive/vtables/CString.kt:18:27 Classifier 'inner class _reifier : Any' does not have a companion object, so it cannot be used as an expression.
e: file:///Users/jim/work/v2superbikeshed/Trikeshed/src/commonMain/kotlin/borg/trikeshed/parse/bbcursive/vtables/CString.kt:18:35 Syntax error: Property getter or setter expected.
e: file:///Users/jim/work/v2superbikeshed/Trikeshed/src/commonMain/kotlin/borg/trikeshed/parse/bbcursive/vtables/CString.kt:19:31 No type arguments expected for inner class _mutator : Any.
e: file:///Users/jim/work/v2superbikeshed/Trikeshed/src/commonMain/kotlin/borg/trikeshed/parse/bbcursive/vtables/CString.kt:22:31 No type arguments expected for inner class _reifier : Any.
e: file:///Users/jim/work/v2superbikeshed/Trikeshed/src/commonMain/kotlin/borg/trikeshed/parse/bbcursive/vtables/CString.kt:24:33 Syntax error: Expecting member declaration.
e: file:///Users/jim/work/v2superbikeshed/Trikeshed/src/commonMain/kotlin/borg/trikeshed/parse/bbcursive/vtables/CString.kt:24:35 Syntax error: Expecting member declaration.
e: file:///Users/jim/work/v2superbikeshed/Trikeshed/src/commonMain/kotlin/borg/trikeshed/parse/bbcursive/vtables/CString.kt:24:37 Syntax error: Expecting member declaration.
e: file:///Users/jim/work/v2superbikeshed/Trikeshed/src/commonMain/kotlin/borg/trikeshed/parse/bbcursive/vtables/CString.kt:24:45 Syntax error: Expecting member declaration.
e: file:///Users/jim/work/v2superbikeshed/Trikeshed/src/commonMain/kotlin/borg/trikeshed/parse/bbcursive/vtables/CString.kt:24:46 Syntax error: Expecting member declaration.
e: file:///Users/jim/work/v2superbikeshed/Trikeshed/src/commonMain/kotlin/borg/trikeshed/parse/bbcursive/vtables/CString.kt:24:52 Syntax error: Expecting member declaration.
e: file:///Users/jim/work/v2superbikeshed/Trikeshed/src/commonMain/kotlin/borg/trikeshed/parse/bbcursive/vtables/CString.kt:24:53 Syntax error: Expecting member declaration.
e: file:///Users/jim/work/v2superbikeshed/Trikeshed/src/commonMain/kotlin/borg/trikeshed/parse/bbcursive/vtables/CString.kt:24:54 Syntax error: Expecting member declaration.
e: file:///Users/jim/work/v2superbikeshed/Trikeshed/src/commonMain/kotlin/borg/trikeshed/parse/bbcursive/vtables/CString.kt:24:56 Syntax error: Expecting member declaration.
e: file:///Users/jim/work/v2superbikeshed/Trikeshed/src/commonMain/kotlin/borg/trikeshed/parse/bbcursive/vtables/CString.kt:24:56 Function declaration must have a name.
e: file:///Users/jim/work/v2superbikeshed/Trikeshed/src/commonMain/kotlin/borg/trikeshed/parse/bbcursive/vtables/CString.kt:25:9 Modifier 'override' is not applicable to 'local function'.
e: file:///Users/jim/work/v2superbikeshed/Trikeshed/src/commonMain/kotlin/borg/trikeshed/parse/bbcursive/vtables/CString.kt:27:27 Unresolved reference 'getContext'.
e: file:///Users/jim/work/v2superbikeshed/Trikeshed/src/commonMain/kotlin/borg/trikeshed/parse/bbcursive/vtables/CString.kt:29:13 Unresolved reference 'bb'.
e: file:///Users/jim/work/v2superbikeshed/Trikeshed/src/commonMain/kotlin/borg/trikeshed/parse/bbcursive/vtables/CString.kt:29:16 Unresolved reference 'std'.
e: file:///Users/jim/work/v2superbikeshed/Trikeshed/src/commonMain/kotlin/borg/trikeshed/parse/bbcursive/vtables/CString.kt:29:24 Unresolved reference 'bb'.
e: file:///Users/jim/work/v2superbikeshed/Trikeshed/src/commonMain/kotlin/borg/trikeshed/parse/bbcursive/vtables/CString.kt:29:38 Unresolved reference 'mark'.
e: file:///Users/jim/work/v2superbikeshed/Trikeshed/src/commonMain/kotlin/borg/trikeshed/parse/bbcursive/vtables/CString.kt:29:45 Unresolved reference 'StandardCharsets'.
e: file:///Users/jim/work/v2superbikeshed/Trikeshed/src/commonMain/kotlin/borg/trikeshed/parse/bbcursive/vtables/CString.kt:29:80 Unresolved reference 'duplicate'.
e: file:///Users/jim/work/v2superbikeshed/Trikeshed/src/commonMain/kotlin/borg/trikeshed/parse/bbcursive/vtables/CString.kt:29:91 Unresolved reference 'reset'.
e: file:///Users/jim/work/v2superbikeshed/Trikeshed/src/commonMain/kotlin/borg/trikeshed/parse/bbcursive/vtables/CString.kt:29:98 Function invocation 'slice(...)' expected.
e: file:///Users/jim/work/v2superbikeshed/Trikeshed/src/commonMain/kotlin/borg/trikeshed/parse/bbcursive/vtables/CString.kt:29:105 Unresolved reference 'debug'.
e: file:///Users/jim/work/v2superbikeshed/Trikeshed/src/commonMain/kotlin/borg/trikeshed/parse/bbcursive/vtables/CString.kt:30:20 Unresolved reference 'getContext'.
e: file:///Users/jim/work/v2superbikeshed/Trikeshed/src/commonMain/kotlin/borg/trikeshed/parse/bbcursive/vtables/CString.kt:33:33 Syntax error: Expecting member declaration.
e: file:///Users/jim/work/v2superbikeshed/Trikeshed/src/commonMain/kotlin/borg/trikeshed/parse/bbcursive/vtables/CString.kt:33:35 Syntax error: Expecting member declaration.
e: file:///Users/jim/work/v2superbikeshed/Trikeshed/src/commonMain/kotlin/borg/trikeshed/parse/bbcursive/vtables/CString.kt:33:37 Syntax error: Expecting member declaration.
e: file:///Users/jim/work/v2superbikeshed/Trikeshed/src/commonMain/kotlin/borg/trikeshed/parse/bbcursive/vtables/CString.kt:33:45 Syntax error: Expecting member declaration.
e: file:///Users/jim/work/v2superbikeshed/Trikeshed/src/commonMain/kotlin/borg/trikeshed/parse/bbcursive/vtables/CString.kt:33:46 Syntax error: Expecting member declaration.
e: file:///Users/jim/work/v2superbikeshed/Trikeshed/src/commonMain/kotlin/borg/trikeshed/parse/bbcursive/vtables/CString.kt:33:52 Syntax error: Expecting member declaration.
e: file:///Users/jim/work/v2superbikeshed/Trikeshed/src/commonMain/kotlin/borg/trikeshed/parse/bbcursive/vtables/CString.kt:33:54 Syntax error: Expecting member declaration.
e: file:///Users/jim/work/v2superbikeshed/Trikeshed/src/commonMain/kotlin/borg/trikeshed/parse/bbcursive/vtables/CString.kt:33:54 Function declaration must have a name.
e: file:///Users/jim/work/v2superbikeshed/Trikeshed/src/commonMain/kotlin/borg/trikeshed/parse/bbcursive/vtables/CString.kt:34:9 Modifier 'override' is not applicable to 'local function'.
e: file:///Users/jim/work/v2superbikeshed/Trikeshed/src/commonMain/kotlin/borg/trikeshed/parse/bbcursive/vtables/CString.kt:35:21 Unresolved reference 'bb'.
e: file:///Users/jim/work/v2superbikeshed/Trikeshed/src/commonMain/kotlin/borg/trikeshed/parse/bbcursive/vtables/CString.kt:35:39 Unresolved reference 'mark'.
e: file:///Users/jim/work/v2superbikeshed/Trikeshed/src/commonMain/kotlin/borg/trikeshed/parse/bbcursive/vtables/CString.kt:35:45 Function invocation 'slice(...)' expected.
e: file:///Users/jim/work/v2superbikeshed/Trikeshed/src/commonMain/kotlin/borg/trikeshed/parse/bbcursive/vtables/CString.kt:36:42 Cannot infer type for this parameter. Specify it explicitly.
e: file:///Users/jim/work/v2superbikeshed/Trikeshed/src/commonMain/kotlin/borg/trikeshed/parse/bbcursive/vtables/CString.kt:36:48 'operator' modifier is required on 'FirNamedFunctionSymbol kotlin/compareTo' in 'compareTo'.
e: file:///Users/jim/work/v2superbikeshed/Trikeshed/src/commonMain/kotlin/borg/trikeshed/parse/bbcursive/vtables/CString.kt:37:20 Unresolved reference 'str'.
e: file:///Users/jim/work/v2superbikeshed/Trikeshed/src/commonMain/kotlin/borg/trikeshed/parse/bbcursive/vtables/_edge.kt:46:16 Return type mismatch: expected 'addressType (of class _edge<coreType, addressType>)', actual 'Any?'.
e: file:///Users/jim/work/v2superbikeshed/Trikeshed/src/commonMain/kotlin/borg/trikeshed/parse/bbcursive/vtables/_edge.kt:46:96 Function invocation 'r()' expected.
e: file:///Users/jim/work/v2superbikeshed/Trikeshed/src/commonMain/kotlin/borg/trikeshed/parse/bbcursive/vtables/_edge.kt:46:97 Syntax error: Unexpected tokens (use ';' to separate expressions on the same line).
e: file:///Users/jim/work/v2superbikeshed/Trikeshed/src/commonMain/kotlin/borg/trikeshed/parse/bbcursive/vtables/_edge.kt:52:29 Syntax error: Expecting '('.
e: file:///Users/jim/work/v2superbikeshed/Trikeshed/src/commonMain/kotlin/borg/trikeshed/parse/bbcursive/vtables/_edge.kt:52:29 Syntax error: Expecting member declaration.
e: file:///Users/jim/work/v2superbikeshed/Trikeshed/src/commonMain/kotlin/borg/trikeshed/parse/bbcursive/vtables/_edge.kt:52:30 Syntax error: Expecting member declaration.
e: file:///Users/jim/work/v2superbikeshed/Trikeshed/src/commonMain/kotlin/borg/trikeshed/parse/bbcursive/vtables/_edge.kt:52:31 Syntax error: Expecting member declaration.
e: file:///Users/jim/work/v2superbikeshed/Trikeshed/src/commonMain/kotlin/borg/trikeshed/parse/bbcursive/vtables/_edge.kt:52:32 Syntax error: Expecting member declaration.
e: file:///Users/jim/work/v2superbikeshed/Trikeshed/src/commonMain/kotlin/borg/trikeshed/parse/bbcursive/vtables/_edge.kt:52:34 Syntax error: Expecting member declaration.
e: file:///Users/jim/work/v2superbikeshed/Trikeshed/src/commonMain/kotlin/borg/trikeshed/parse/bbcursive/vtables/_mutator.kt:3:8 Unresolved reference 'java'.
e: file:///Users/jim/work/v2superbikeshed/Trikeshed/src/commonMain/kotlin/borg/trikeshed/parse/bbcursive/vtables/_mutator.kt:4:8 Unresolved reference 'java'.
e: file:///Users/jim/work/v2superbikeshed/Trikeshed/src/commonMain/kotlin/borg/trikeshed/parse/bbcursive/vtables/_mutator.kt:22:44 One type argument expected for interface Function<out R> : Any.
e: file:///Users/jim/work/v2superbikeshed/Trikeshed/src/commonMain/kotlin/borg/trikeshed/parse/bbcursive/vtables/_mutator.kt:25:9 'public' function exposes its 'protected (in _mutator)' return type 'ByteBufferContext'.
e: file:///Users/jim/work/v2superbikeshed/Trikeshed/src/commonMain/kotlin/borg/trikeshed/parse/bbcursive/vtables/_mutator.kt:41:18 Function 'r' without a body must be abstract.
e: file:///Users/jim/work/v2superbikeshed/Trikeshed/src/commonMain/kotlin/borg/trikeshed/parse/bbcursive/vtables/_mutator.kt:41:23 Syntax error: Expecting '('.
e: file:///Users/jim/work/v2superbikeshed/Trikeshed/src/commonMain/kotlin/borg/trikeshed/parse/bbcursive/vtables/_mutator.kt:41:23 Syntax error: Expecting member declaration.
e: file:///Users/jim/work/v2superbikeshed/Trikeshed/src/commonMain/kotlin/borg/trikeshed/parse/bbcursive/vtables/_mutator.kt:41:24 Syntax error: Expecting member declaration.
e: file:///Users/jim/work/v2superbikeshed/Trikeshed/src/commonMain/kotlin/borg/trikeshed/parse/bbcursive/vtables/_mutator.kt:41:25 Syntax error: Expecting member declaration.
e: file:///Users/jim/work/v2superbikeshed/Trikeshed/src/commonMain/kotlin/borg/trikeshed/parse/bbcursive/vtables/_mutator.kt:41:26 Syntax error: Expecting member declaration.
e: file:///Users/jim/work/v2superbikeshed/Trikeshed/src/commonMain/kotlin/borg/trikeshed/parse/bbcursive/vtables/_mutator.kt:41:28 Syntax error: Expecting member declaration.
e: file:///Users/jim/work/v2superbikeshed/Trikeshed/src/commonMain/kotlin/borg/trikeshed/parse/bbcursive/vtables/_mutator.kt:41:33 Syntax error: Expecting member declaration.
e: file:///Users/jim/work/v2superbikeshed/Trikeshed/src/commonMain/kotlin/borg/trikeshed/parse/bbcursive/vtables/_mutator.kt:41:33 Function declaration must have a name.
e: file:///Users/jim/work/v2superbikeshed/Trikeshed/src/commonMain/kotlin/borg/trikeshed/parse/bbcursive/vtables/_mutator.kt:42:20 Function invocation 'r()' expected.
e: file:///Users/jim/work/v2superbikeshed/Trikeshed/src/commonMain/kotlin/borg/trikeshed/parse/bbcursive/vtables/_mutator.kt:42:21 Syntax error: Unexpected tokens (use ';' to separate expressions on the same line).
e: file:///Users/jim/work/v2superbikeshed/Trikeshed/src/commonMain/kotlin/borg/trikeshed/parse/bbcursive/vtables/_mutator.kt:50:28 Return type of 'at' is not a subtype of the return type of the overridden member 'fun at(): _mutator.ByteBufferContext<endPojo>' defined in 'borg/trikeshed/parse/bbcursive/vtables/_mutator.StringifiedContext'.
e: file:///Users/jim/work/v2superbikeshed/Trikeshed/src/commonMain/kotlin/borg/trikeshed/parse/bbcursive/vtables/_mutator.kt:54:66 Return type of 'goTo' is not a subtype of the return type of the overridden member 'fun goTo(addressType: _mutator.ByteBufferContext<endPojo>): _mutator.ByteBufferContext<endPojo>' defined in 'borg/trikeshed/parse/bbcursive/vtables/_mutator.StringifiedContext'.
e: file:///Users/jim/work/v2superbikeshed/Trikeshed/src/commonMain/kotlin/borg/trikeshed/parse/bbcursive/vtables/_mutator.kt:58:18 Function 'r' without a body must be abstract.
e: file:///Users/jim/work/v2superbikeshed/Trikeshed/src/commonMain/kotlin/borg/trikeshed/parse/bbcursive/vtables/_mutator.kt:58:23 Syntax error: Expecting '('.
e: file:///Users/jim/work/v2superbikeshed/Trikeshed/src/commonMain/kotlin/borg/trikeshed/parse/bbcursive/vtables/_mutator.kt:58:23 Syntax error: Expecting member declaration.
e: file:///Users/jim/work/v2superbikeshed/Trikeshed/src/commonMain/kotlin/borg/trikeshed/parse/bbcursive/vtables/_mutator.kt:58:24 Syntax error: Expecting member declaration.
e: file:///Users/jim/work/v2superbikeshed/Trikeshed/src/commonMain/kotlin/borg/trikeshed/parse/bbcursive/vtables/_mutator.kt:58:25 Syntax error: Expecting member declaration.
e: file:///Users/jim/work/v2superbikeshed/Trikeshed/src/commonMain/kotlin/borg/trikeshed/parse/bbcursive/vtables/_mutator.kt:58:26 Syntax error: Expecting member declaration.
e: file:///Users/jim/work/v2superbikeshed/Trikeshed/src/commonMain/kotlin/borg/trikeshed/parse/bbcursive/vtables/_mutator.kt:58:28 Syntax error: Expecting member declaration.
e: file:///Users/jim/work/v2superbikeshed/Trikeshed/src/commonMain/kotlin/borg/trikeshed/parse/bbcursive/vtables/_mutator.kt:58:45 Syntax error: Expecting member declaration.
e: file:///Users/jim/work/v2superbikeshed/Trikeshed/src/commonMain/kotlin/borg/trikeshed/parse/bbcursive/vtables/_mutator.kt:58:47 Syntax error: Expecting member declaration.
e: file:///Users/jim/work/v2superbikeshed/Trikeshed/src/commonMain/kotlin/borg/trikeshed/parse/bbcursive/vtables/_mutator.kt:58:47 Function declaration must have a name.
e: file:///Users/jim/work/v2superbikeshed/Trikeshed/src/commonMain/kotlin/borg/trikeshed/parse/bbcursive/vtables/_mutator.kt:59:20 Null cannot be a value of a non-null type 'Unit'.
e: file:///Users/jim/work/v2superbikeshed/Trikeshed/src/commonMain/kotlin/borg/trikeshed/parse/bbcursive/vtables/_ptr.kt:12:16 Function invocation 'r()' expected.
e: file:///Users/jim/work/v2superbikeshed/Trikeshed/src/commonMain/kotlin/borg/trikeshed/parse/bbcursive/vtables/_ptr.kt:12:16 Return type mismatch: expected 'Int', actual 'Unit'.
e: file:///Users/jim/work/v2superbikeshed/Trikeshed/src/commonMain/kotlin/borg/trikeshed/parse/bbcursive/vtables/_ptr.kt:12:17 Syntax error: Unexpected tokens (use ';' to separate expressions on the same line).
e: file:///Users/jim/work/v2superbikeshed/Trikeshed/src/commonMain/kotlin/borg/trikeshed/parse/bbcursive/vtables/_ptr.kt:23:14 Function 'r' without a body must be abstract.
e: file:///Users/jim/work/v2superbikeshed/Trikeshed/src/commonMain/kotlin/borg/trikeshed/parse/bbcursive/vtables/_ptr.kt:23:19 Syntax error: Expecting '('.
e: file:///Users/jim/work/v2superbikeshed/Trikeshed/src/commonMain/kotlin/borg/trikeshed/parse/bbcursive/vtables/_ptr.kt:23:19 Syntax error: Expecting member declaration.
e: file:///Users/jim/work/v2superbikeshed/Trikeshed/src/commonMain/kotlin/borg/trikeshed/parse/bbcursive/vtables/_ptr.kt:23:20 Syntax error: Expecting member declaration.
e: file:///Users/jim/work/v2superbikeshed/Trikeshed/src/commonMain/kotlin/borg/trikeshed/parse/bbcursive/vtables/_ptr.kt:23:21 Syntax error: Expecting member declaration.
e: file:///Users/jim/work/v2superbikeshed/Trikeshed/src/commonMain/kotlin/borg/trikeshed/parse/bbcursive/vtables/_ptr.kt:23:22 Syntax error: Expecting member declaration.
e: file:///Users/jim/work/v2superbikeshed/Trikeshed/src/commonMain/kotlin/borg/trikeshed/parse/bbcursive/vtables/_ptr.kt:23:24 Syntax error: Expecting member declaration.
e: file:///Users/jim/work/v2superbikeshed/Trikeshed/src/commonMain/kotlin/borg/trikeshed/parse/bbcursive/vtables/_ptr.kt:23:28 Syntax error: Expecting member declaration.
e: file:///Users/jim/work/v2superbikeshed/Trikeshed/src/commonMain/kotlin/borg/trikeshed/parse/bbcursive/vtables/_ptr.kt:23:28 Function declaration must have a name.
e: file:///Users/jim/work/v2superbikeshed/Trikeshed/src/commonMain/kotlin/borg/trikeshed/parse/bbcursive/vtables/_ptr.kt:24:16 Return type mismatch: expected 'Unit', actual 'Int'.
e: file:///Users/jim/work/v2superbikeshed/Trikeshed/src/commonMain/kotlin/borg/trikeshed/parse/bbcursive/vtables/_reifier.kt:3:8 Unresolved reference 'java'.
e: file:///Users/jim/work/v2superbikeshed/Trikeshed/src/commonMain/kotlin/borg/trikeshed/parse/bbcursive/vtables/_reifier.kt:14:39 One type argument expected for interface Function<out R> : Any.
e: file:///Users/jim/work/v2superbikeshed/Trikeshed/src/commonMain/kotlin/borg/trikeshed/parse/bbcursive/vtables/_reifier.kt:21:5 'apply' overrides nothing.
e: file:///Users/jim/work/v2superbikeshed/Trikeshed/src/commonMain/kotlin/borg/trikeshed/parse/grpc/GrpcHttp2Bridge.kt:5:27 Unresolved reference 'runBlocking'.
e: file:///Users/jim/work/v2superbikeshed/Trikeshed/src/commonMain/kotlin/borg/trikeshed/parse/grpc/GrpcHttp2Bridge.kt:233:44 Cannot access 'fun <T> emptyIndexed(): Join<Int, Function1<Int, T>>': it is private in file.
e: file:///Users/jim/work/v2superbikeshed/Trikeshed/src/commonMain/kotlin/borg/trikeshed/parse/grpc/GrpcParser.kt:47:50 Cannot access 'fun <T> emptyIndexed(): Join<Int, Function1<Int, T>>': it is private in file.
e: file:///Users/jim/work/v2superbikeshed/Trikeshed/src/commonMain/kotlin/borg/trikeshed/parse/grpc/GrpcScanner.kt:151:16 Overload resolution ambiguity between candidates:
fun <X, C, V : Join<Int, Function1<Int, X>>> V.α(crossinline xform: (X) -> C): Join<Int, Function1<Int, C>>
fun <X, C, V : Join<Int, Function1<Int, X>>> V.α(crossinline xform: (X) -> C): Join<Int, Function1<Int, C>>
e: file:///Users/jim/work/v2superbikeshed/Trikeshed/src/commonMain/kotlin/borg/trikeshed/parse/grpc/GrpcScanner.kt:151:20 Cannot infer type for this parameter. Specify it explicitly.
e: file:///Users/jim/work/v2superbikeshed/Trikeshed/src/commonMain/kotlin/borg/trikeshed/parse/grpc/GrpcScanner.kt:152:40 Function 'component1()' is ambiguous for this expression: 
fun <T> Array<out T>.component1(): T
fun ByteArray.component1(): Byte
fun ShortArray.component1(): Short
fun IntArray.component1(): Int
fun LongArray.component1(): Long
fun FloatArray.component1(): Float
fun DoubleArray.component1(): Double
fun BooleanArray.component1(): Boolean
fun CharArray.component1(): Char
fun <T> List<T>.component1(): T
fun UIntArray.component1(): UInt
fun ULongArray.component1(): ULong
fun UByteArray.component1(): UByte
fun UShortArray.component1(): UShort
fun <K, V> Map.Entry<K, V>.component1(): K.
e: file:///Users/jim/work/v2superbikeshed/Trikeshed/src/commonMain/kotlin/borg/trikeshed/parse/grpc/GrpcScanner.kt:152:40 Function 'component2()' is ambiguous for this expression: 
fun <T> Array<out T>.component2(): T
fun ByteArray.component2(): Byte
fun ShortArray.component2(): Short
fun IntArray.component2(): Int
fun LongArray.component2(): Long
fun FloatArray.component2(): Float
fun DoubleArray.component2(): Double
fun BooleanArray.component2(): Boolean
fun CharArray.component2(): Char
fun <T> List<T>.component2(): T
fun UIntArray.component2(): UInt
fun ULongArray.component2(): ULong
fun UByteArray.component2(): UByte
fun UShortArray.component2(): UShort
fun <K, V> Map.Entry<K, V>.component2(): V.
e: file:///Users/jim/work/v2superbikeshed/Trikeshed/src/commonMain/kotlin/borg/trikeshed/parse/grpc/GrpcScanner.kt:153:43 Function 'component1()' is ambiguous for this expression: 
fun <T> Array<out T>.component1(): T
fun ByteArray.component1(): Byte
fun ShortArray.component1(): Short
fun IntArray.component1(): Int
fun LongArray.component1(): Long
fun FloatArray.component1(): Float
fun DoubleArray.component1(): Double
fun BooleanArray.component1(): Boolean
fun CharArray.component1(): Char
fun <T> List<T>.component1(): T
fun UIntArray.component1(): UInt
fun ULongArray.component1(): ULong
fun UByteArray.component1(): UByte
fun UShortArray.component1(): UShort
fun <K, V> Map.Entry<K, V>.component1(): K.
e: file:///Users/jim/work/v2superbikeshed/Trikeshed/src/commonMain/kotlin/borg/trikeshed/parse/grpc/GrpcScanner.kt:153:43 Function 'component2()' is ambiguous for this expression: 
fun <T> Array<out T>.component2(): T
fun ByteArray.component2(): Byte
fun ShortArray.component2(): Short
fun IntArray.component2(): Int
fun LongArray.component2(): Long
fun FloatArray.component2(): Float
fun DoubleArray.component2(): Double
fun BooleanArray.component2(): Boolean
fun CharArray.component2(): Char
fun <T> List<T>.component2(): T
fun UIntArray.component2(): UInt
fun ULongArray.component2(): ULong
fun UByteArray.component2(): UByte
fun UShortArray.component2(): UShort
fun <K, V> Map.Entry<K, V>.component2(): V.
e: file:///Users/jim/work/v2superbikeshed/Trikeshed/src/commonMain/kotlin/borg/trikeshed/parse/grpc/GrpcScanner.kt:154:35 Function 'component1()' is ambiguous for this expression: 
fun <T> Array<out T>.component1(): T
fun ByteArray.component1(): Byte
fun ShortArray.component1(): Short
fun IntArray.component1(): Int
fun LongArray.component1(): Long
fun FloatArray.component1(): Float
fun DoubleArray.component1(): Double
fun BooleanArray.component1(): Boolean
fun CharArray.component1(): Char
fun <T> List<T>.component1(): T
fun UIntArray.component1(): UInt
fun ULongArray.component1(): ULong
fun UByteArray.component1(): UByte
fun UShortArray.component1(): UShort
fun <K, V> Map.Entry<K, V>.component1(): K.
e: file:///Users/jim/work/v2superbikeshed/Trikeshed/src/commonMain/kotlin/borg/trikeshed/parse/grpc/GrpcScanner.kt:154:35 Function 'component2()' is ambiguous for this expression: 
fun <T> Array<out T>.component2(): T
fun ByteArray.component2(): Byte
fun ShortArray.component2(): Short
fun IntArray.component2(): Int
fun LongArray.component2(): Long
fun FloatArray.component2(): Float
fun DoubleArray.component2(): Double
fun BooleanArray.component2(): Boolean
fun CharArray.component2(): Char
fun <T> List<T>.component2(): T
fun UIntArray.component2(): UInt
fun ULongArray.component2(): ULong
fun UByteArray.component2(): UByte
fun UShortArray.component2(): UShort
fun <K, V> Map.Entry<K, V>.component2(): V.
e: file:///Users/jim/work/v2superbikeshed/Trikeshed/src/commonMain/kotlin/borg/trikeshed/parse/grpc/GrpcScanner.kt:167:34 Cannot infer type for this parameter. Specify it explicitly.
e: file:///Users/jim/work/v2superbikeshed/Trikeshed/src/commonMain/kotlin/borg/trikeshed/parse/grpc/GrpcScanner.kt:167:34 Not enough information to infer type argument for 'T'.
e: file:///Users/jim/work/v2superbikeshed/Trikeshed/src/commonMain/kotlin/borg/trikeshed/parse/grpc/GrpcScanner.kt:168:22 Cannot infer type for this parameter. Specify it explicitly.
e: file:///Users/jim/work/v2superbikeshed/Trikeshed/src/commonMain/kotlin/borg/trikeshed/parse/grpc/GrpcScanner.kt:168:22 Unresolved reference. None of the following candidates is applicable because of a receiver type mismatch:
fun <A, B> A.j(b: B): Join<A, B>
e: file:///Users/jim/work/v2superbikeshed/Trikeshed/src/commonMain/kotlin/borg/trikeshed/parse/grpc/GrpcScanner.kt:168:36 Cannot infer type for this parameter. Specify it explicitly.
e: file:///Users/jim/work/v2superbikeshed/Trikeshed/src/commonMain/kotlin/borg/trikeshed/parse/grpc/GrpcScanner.kt:264:53 None of the following candidates is applicable:
fun <T> Array<T>.toIdx(): Join<Int, Function1<Int, T>>
fun <T> List<T>.toIdx(): Join<Int, Function1<Int, T>>
e: file:///Users/jim/work/v2superbikeshed/Trikeshed/src/commonMain/kotlin/borg/trikeshed/parse/grpc/GrpcTransform.kt:193:55 Cannot access 'fun <T> emptyIndexed(): Join<Int, Function1<Int, T>>': it is private in file.
e: file:///Users/jim/work/v2superbikeshed/Trikeshed/src/commonMain/kotlin/borg/trikeshed/parse/grpc/GrpcTransform.kt:200:53 Cannot access 'fun <T> emptyIndexed(): Join<Int, Function1<Int, T>>': it is private in file.
e: file:///Users/jim/work/v2superbikeshed/Trikeshed/src/commonMain/kotlin/borg/trikeshed/parse/grpc/GrpcTransform.kt:258:34 Argument type mismatch: actual type is 'Join<Int, Function1<Int, Byte>>', but 'String?' was expected.
e: file:///Users/jim/work/v2superbikeshed/Trikeshed/src/commonMain/kotlin/borg/trikeshed/parse/grpc/GrpcTransform.kt:258:34 No value passed for parameter 'width'.
e: file:///Users/jim/work/v2superbikeshed/Trikeshed/src/commonMain/kotlin/borg/trikeshed/parse/grpc/GrpcTransform.kt:258:34 No value passed for parameter 'nullable'.
e: file:///Users/jim/work/v2superbikeshed/Trikeshed/src/commonMain/kotlin/borg/trikeshed/parse/grpc/GrpcTransform.kt:258:34 No value passed for parameter 'encoding'.
e: file:///Users/jim/work/v2superbikeshed/Trikeshed/src/commonMain/kotlin/borg/trikeshed/parse/grpc/GrpcTransform.kt:258:34 No value passed for parameter 'format'.
e: file:///Users/jim/work/v2superbikeshed/Trikeshed/src/commonMain/kotlin/borg/trikeshed/parse/grpc/GrpcTransform.kt:265:31 Unresolved reference 'data'.
e: file:///Users/jim/work/v2superbikeshed/Trikeshed/src/commonMain/kotlin/borg/trikeshed/parse/grpc/GrpcTransform.kt:364:42 Unresolved reference 'id'.
e: file:///Users/jim/work/v2superbikeshed/Trikeshed/src/commonMain/kotlin/borg/trikeshed/parse/grpc/GrpcTransform.kt:364:68 Unresolved reference 'data'.
e: file:///Users/jim/work/v2superbikeshed/Trikeshed/src/commonMain/kotlin/borg/trikeshed/parse/json/JsPath.kt:30:16 Return type mismatch: expected 'Join<Int, Function1<Int, JsPathElement>>', actual 'Join<Int, Function1<Int, CapturedType(out Either<String, Int>)>>'.
e: file:///Users/jim/work/v2superbikeshed/Trikeshed/src/commonMain/kotlin/borg/trikeshed/parse/json/JsPath.kt:64:37 None of the following candidates is applicable:
fun <T> Join<Int, Function1<Int, Join<Any?, TypeMemento>>>.get(column: Column<T>): T?
fun <T : Any> JsReference<T>.get(): T
e: file:///Users/jim/work/v2superbikeshed/Trikeshed/src/commonMain/kotlin/borg/trikeshed/parse/json/JsPath.kt:65:55 None of the following candidates is applicable:
fun <T> Join<Int, Function1<Int, Join<Any?, TypeMemento>>>.get(column: Column<T>): T?
fun <T : Any> JsReference<T>.get(): T
e: file:///Users/jim/work/v2superbikeshed/Trikeshed/src/commonMain/kotlin/borg/trikeshed/parse/json/JsPath.kt:66:59 None of the following candidates is applicable:
fun <T> Join<Int, Function1<Int, Join<Any?, TypeMemento>>>.get(column: Column<T>): T?
fun <T : Any> JsReference<T>.get(): T
e: file:///Users/jim/work/v2superbikeshed/Trikeshed/src/commonMain/kotlin/borg/trikeshed/parse/json/Json.kt:23:13 Overload resolution ambiguity between candidates:
fun createBitmapAsIndexed(data: UByteArray): Join<Int, Function1<Int, UByte>>
fun createBitmapAsIndexed(input: UByteArray): Join<Int, Function1<Int, UByte>>
e: file:///Users/jim/work/v2superbikeshed/Trikeshed/src/commonMain/kotlin/borg/trikeshed/parse/json/Json.kt:117:1 Conflicting overloads:
fun createBitmapAsIndexed(input: UByteArray): Join<Int, Function1<Int, UByte>>
e: file:///Users/jim/work/v2superbikeshed/Trikeshed/src/commonMain/kotlin/borg/trikeshed/parse/json/Json.kt:145:13 Redeclaration:
typealias JsPath = Join<Int, Function1<Int, JsPathElement>>
e: file:///Users/jim/work/v2superbikeshed/Trikeshed/src/commonMain/kotlin/borg/trikeshed/parse/json/JsonTensorFactory.kt:18:1 Conflicting overloads:
fun createBitmapAsIndexed(data: UByteArray): Join<Int, Function1<Int, UByte>>
e: file:///Users/jim/work/v2superbikeshed/Trikeshed/src/commonMain/kotlin/borg/trikeshed/parse/json/JsonTensorFactory.kt:45:16 Overload resolution ambiguity between candidates:
fun createBitmapAsIndexed(data: UByteArray): Join<Int, Function1<Int, UByte>>
fun createBitmapAsIndexed(input: UByteArray): Join<Int, Function1<Int, UByte>>
e: file:///Users/jim/work/v2superbikeshed/Trikeshed/src/commonMain/kotlin/borg/trikeshed/parse/json/JsonTensorFactory.kt:70:36 Cannot infer type for this parameter. Specify it explicitly.
e: file:///Users/jim/work/v2superbikeshed/Trikeshed/src/commonMain/kotlin/borg/trikeshed/parse/json/JsonTensorFactory.kt:70:36 Not enough information to infer type argument for 'T'.
e: file:///Users/jim/work/v2superbikeshed/Trikeshed/src/commonMain/kotlin/borg/trikeshed/parse/json/JsonTensorFactory.kt:77:27 Unresolved reference. None of the following candidates is applicable because of a receiver type mismatch:
fun MatchGroupCollection.get(name: String): MatchGroup?
e: file:///Users/jim/work/v2superbikeshed/Trikeshed/src/commonMain/kotlin/borg/trikeshed/parse/json/JsonTensorFactory.kt:78:33 Cannot infer type for this parameter. Specify it explicitly.
e: file:///Users/jim/work/v2superbikeshed/Trikeshed/src/commonMain/kotlin/borg/trikeshed/parse/json/JsonTensorFactory.kt:78:33 Unresolved reference. None of the following candidates is applicable because of a receiver type mismatch:
val <T> Join<Int, Function1<Int, T>>.play: IterableIndexed<T>
e: file:///Users/jim/work/v2superbikeshed/Trikeshed/src/commonMain/kotlin/borg/trikeshed/parse/json/JsonTensorFactory.kt:78:38 Cannot infer type for this parameter. Specify it explicitly.
e: file:///Users/jim/work/v2superbikeshed/Trikeshed/src/commonMain/kotlin/borg/trikeshed/parse/json/JsonTensorFactory.kt:78:38 Not enough information to infer type argument for 'T'.
e: file:///Users/jim/work/v2superbikeshed/Trikeshed/src/commonMain/kotlin/borg/trikeshed/parse/json/JsonTensorFactory.kt:91:32 Cannot infer type for this parameter. Specify it explicitly.
e: file:///Users/jim/work/v2superbikeshed/Trikeshed/src/commonMain/kotlin/borg/trikeshed/parse/json/JsonTensorFactory.kt:91:32 Not enough information to infer type argument for 'T'.
e: file:///Users/jim/work/v2superbikeshed/Trikeshed/src/commonMain/kotlin/borg/trikeshed/parse/json/JsonTensorFactory.kt:99:15 Cannot infer type for this parameter. Specify it explicitly.
e: file:///Users/jim/work/v2superbikeshed/Trikeshed/src/commonMain/kotlin/borg/trikeshed/parse/json/JsonTensorFactory.kt:99:15 Not enough information to infer type argument for 'T'.
e: file:///Users/jim/work/v2superbikeshed/Trikeshed/src/commonMain/kotlin/borg/trikeshed/parse/json/JsonTensorFactory.kt:99:20 Cannot infer type for this parameter. Specify it explicitly.
e: file:///Users/jim/work/v2superbikeshed/Trikeshed/src/commonMain/kotlin/borg/trikeshed/parse/json/JsonTensorFactory.kt:99:20 Not enough information to infer type argument for 'T'.
e: file:///Users/jim/work/v2superbikeshed/Trikeshed/src/commonMain/kotlin/borg/trikeshed/parse/json/JsonTensorFactory.kt:99:40 Cannot infer type for this parameter. Specify it explicitly.
e: file:///Users/jim/work/v2superbikeshed/Trikeshed/src/commonMain/kotlin/borg/trikeshed/parse/json/JsonTensorFactory.kt:133:39 Cannot infer type for this parameter. Specify it explicitly.
e: file:///Users/jim/work/v2superbikeshed/Trikeshed/src/commonMain/kotlin/borg/trikeshed/parse/json/JsonTensorFactory.kt:133:39 Not enough information to infer type argument for 'T'.
e: file:///Users/jim/work/v2superbikeshed/Trikeshed/src/commonMain/kotlin/borg/trikeshed/parse/json/JsonTensorFactory.kt:134:19 Unresolved reference 'size'.
e: file:///Users/jim/work/v2superbikeshed/Trikeshed/src/commonMain/kotlin/borg/trikeshed/parse/json/JsonTensorFactory.kt:136:22 Unresolved reference. None of the following candidates is applicable because of a receiver type mismatch:
fun MatchGroupCollection.get(name: String): MatchGroup?
e: file:///Users/jim/work/v2superbikeshed/Trikeshed/src/commonMain/kotlin/borg/trikeshed/parse/json/JsonTensorFactory.kt:137:13 Incompatible types 'MatchGroup?' and 'Char'.
e: file:///Users/jim/work/v2superbikeshed/Trikeshed/src/commonMain/kotlin/borg/trikeshed/parse/json/JsonTensorFactory.kt:137:18 Incompatible types 'MatchGroup?' and 'Char'.
e: file:///Users/jim/work/v2superbikeshed/Trikeshed/src/commonMain/kotlin/borg/trikeshed/parse/json/JsonTensorFactory.kt:142:29 Unresolved reference. None of the following candidates is applicable because of a receiver type mismatch:
fun MatchGroupCollection.get(name: String): MatchGroup?
e: file:///Users/jim/work/v2superbikeshed/Trikeshed/src/commonMain/kotlin/borg/trikeshed/parse/json/JsonTensorFactory.kt:142:29 Operator '==' cannot be applied to 'MatchGroup?' and 'Char'.
e: file:///Users/jim/work/v2superbikeshed/Trikeshed/src/commonMain/kotlin/borg/trikeshed/parse/json/JsonTensorFactory.kt:144:31 Unresolved reference 'size'.
e: file:///Users/jim/work/v2superbikeshed/Trikeshed/src/commonMain/kotlin/borg/trikeshed/parse/json/JsonTensorFactory.kt:156:35 Unresolved reference. None of the following candidates is applicable because of a receiver type mismatch:
fun MatchGroupCollection.get(name: String): MatchGroup?
e: file:///Users/jim/work/v2superbikeshed/Trikeshed/src/commonMain/kotlin/borg/trikeshed/parse/json/JsonTensorFactory.kt:157:43 Cannot infer type for this parameter. Specify it explicitly.
e: file:///Users/jim/work/v2superbikeshed/Trikeshed/src/commonMain/kotlin/borg/trikeshed/parse/json/JsonTensorFactory.kt:157:43 Unresolved reference. None of the following candidates is applicable because of a receiver type mismatch:
val <T> Join<Int, Function1<Int, T>>.play: IterableIndexed<T>
e: file:///Users/jim/work/v2superbikeshed/Trikeshed/src/commonMain/kotlin/borg/trikeshed/parse/json/JsonTensorFactory.kt:157:48 Cannot infer type for this parameter. Specify it explicitly.
e: file:///Users/jim/work/v2superbikeshed/Trikeshed/src/commonMain/kotlin/borg/trikeshed/parse/json/JsonTensorFactory.kt:157:48 Not enough information to infer type argument for 'T'.
e: file:///Users/jim/work/v2superbikeshed/Trikeshed/src/commonMain/kotlin/borg/trikeshed/parse/json/JsonTensorFactory.kt:174:13 Incompatible types 'MatchGroup?' and 'Char'.
e: file:///Users/jim/work/v2superbikeshed/Trikeshed/src/commonMain/kotlin/borg/trikeshed/parse/json/JsonTensorFactory.kt:176:37 Cannot infer type for this parameter. Specify it explicitly.
e: file:///Users/jim/work/v2superbikeshed/Trikeshed/src/commonMain/kotlin/borg/trikeshed/parse/json/JsonTensorFactory.kt:176:37 Not enough information to infer type argument for 'T'.
e: file:///Users/jim/work/v2superbikeshed/Trikeshed/src/commonMain/kotlin/borg/trikeshed/parse/json/JsonTensorFactory.kt:176:50 None of the following candidates is applicable:
fun <T> Array<out T>.takeWhile(predicate: (T) -> Boolean): List<T>
fun ByteArray.takeWhile(predicate: (Byte) -> Boolean): List<Byte>
fun ShortArray.takeWhile(predicate: (Short) -> Boolean): List<Short>
fun IntArray.takeWhile(predicate: (Int) -> Boolean): List<Int>
fun LongArray.takeWhile(predicate: (Long) -> Boolean): List<Long>
fun FloatArray.takeWhile(predicate: (Float) -> Boolean): List<Float>
fun DoubleArray.takeWhile(predicate: (Double) -> Boolean): List<Double>
fun BooleanArray.takeWhile(predicate: (Boolean) -> Boolean): List<Boolean>
fun CharArray.takeWhile(predicate: (Char) -> Boolean): List<Char>
fun <T> Iterable<T>.takeWhile(predicate: (T) -> Boolean): List<T>
fun UIntArray.takeWhile(predicate: (UInt) -> Boolean): List<UInt>
fun ULongArray.takeWhile(predicate: (ULong) -> Boolean): List<ULong>
fun UByteArray.takeWhile(predicate: (UByte) -> Boolean): List<UByte>
fun UShortArray.takeWhile(predicate: (UShort) -> Boolean): List<UShort>
fun <T> Sequence<T>.takeWhile(predicate: (T) -> Boolean): Sequence<T>
fun CharSequence.takeWhile(predicate: (Char) -> Boolean): CharSequence
fun String.takeWhile(predicate: (Char) -> Boolean): String
e: file:///Users/jim/work/v2superbikeshed/Trikeshed/src/commonMain/kotlin/borg/trikeshed/parse/json/JsonTensorFactory.kt:176:62 Unresolved reference 'it'.
e: file:///Users/jim/work/v2superbikeshed/Trikeshed/src/commonMain/kotlin/borg/trikeshed/parse/json/JsonTensorFactory.kt:179:13 Incompatible types 'MatchGroup?' and 'Char'.
e: file:///Users/jim/work/v2superbikeshed/Trikeshed/src/commonMain/kotlin/borg/trikeshed/parse/json/JsonTensorFactory.kt:180:13 Incompatible types 'MatchGroup?' and 'Char'.
e: file:///Users/jim/work/v2superbikeshed/Trikeshed/src/commonMain/kotlin/borg/trikeshed/parse/json/JsonTensorFactory.kt:181:13 Incompatible types 'MatchGroup?' and 'Char'.
e: file:///Users/jim/work/v2superbikeshed/Trikeshed/src/commonMain/kotlin/borg/trikeshed/parse/json/JsonTensorFactory.kt:184:37 Cannot infer type for this parameter. Specify it explicitly.
e: file:///Users/jim/work/v2superbikeshed/Trikeshed/src/commonMain/kotlin/borg/trikeshed/parse/json/JsonTensorFactory.kt:184:37 Not enough information to infer type argument for 'T'.
e: file:///Users/jim/work/v2superbikeshed/Trikeshed/src/commonMain/kotlin/borg/trikeshed/parse/json/JsonTensorFactory.kt:184:42 Cannot infer type for this parameter. Specify it explicitly.
e: file:///Users/jim/work/v2superbikeshed/Trikeshed/src/commonMain/kotlin/borg/trikeshed/parse/json/JsonTensorFactory.kt:184:42 Not enough information to infer type argument for 'T'.
e: file:///Users/jim/work/v2superbikeshed/Trikeshed/src/commonMain/kotlin/borg/trikeshed/parse/json/JsonTensorFactory.kt:194:18 Unresolved reference 'size'.
e: file:///Users/jim/work/v2superbikeshed/Trikeshed/src/commonMain/kotlin/borg/trikeshed/parse/json/JsonTensorFactory.kt:201:9 'when' expression must be exhaustive. Add the 'is Left<*>', 'is Right<*>' branches or an 'else' branch.
e: file:///Users/jim/work/v2superbikeshed/Trikeshed/src/commonMain/kotlin/borg/trikeshed/parse/json/JsonTensorFactory.kt:202:16 Unresolved reference 'Either'.
e: file:///Users/jim/work/v2superbikeshed/Trikeshed/src/commonMain/kotlin/borg/trikeshed/parse/json/JsonTensorFactory.kt:203:36 Unresolved reference 'value'.
e: file:///Users/jim/work/v2superbikeshed/Trikeshed/src/commonMain/kotlin/borg/trikeshed/parse/json/JsonTensorFactory.kt:216:16 Unresolved reference 'Either'.
e: file:///Users/jim/work/v2superbikeshed/Trikeshed/src/commonMain/kotlin/borg/trikeshed/parse/json/JsonTensorFactory.kt:217:38 Unresolved reference 'value'.
e: file:///Users/jim/work/v2superbikeshed/Trikeshed/src/commonMain/kotlin/borg/trikeshed/parse/json/JsonTensorFactory.kt:221:38 Unresolved reference 'size'.
e: file:///Users/jim/work/v2superbikeshed/Trikeshed/src/commonMain/kotlin/borg/trikeshed/parse/json/JsonTensorFactory.kt:222:35 Unresolved reference. None of the following candidates is applicable because of a receiver type mismatch:
fun MatchGroupCollection.get(name: String): MatchGroup?
e: file:///Users/jim/work/v2superbikeshed/Trikeshed/src/commonMain/kotlin/borg/trikeshed/parse/json/JsonTensorFactory.kt:223:52 Cannot infer type for this parameter. Specify it explicitly.
e: file:///Users/jim/work/v2superbikeshed/Trikeshed/src/commonMain/kotlin/borg/trikeshed/parse/json/JsonTensorFactory.kt:223:52 Unresolved reference. None of the following candidates is applicable because of a receiver type mismatch:
val <T> Join<Int, Function1<Int, T>>.play: IterableIndexed<T>
e: file:///Users/jim/work/v2superbikeshed/Trikeshed/src/commonMain/kotlin/borg/trikeshed/parse/json/JsonTensorFactory.kt:223:57 Cannot infer type for this parameter. Specify it explicitly.
e: file:///Users/jim/work/v2superbikeshed/Trikeshed/src/commonMain/kotlin/borg/trikeshed/parse/json/JsonTensorFactory.kt:223:57 Not enough information to infer type argument for 'T'.
e: file:///Users/jim/work/v2superbikeshed/Trikeshed/src/commonMain/kotlin/borg/trikeshed/parse/json/JsonTensorFactory.kt:229:5 Missing return statement.
e: file:///Users/jim/work/v2superbikeshed/Trikeshed/src/commonMain/kotlin/borg/trikeshed/parse/json/JsonTensorFactory.kt:277:41 Cannot infer type for this parameter. Specify it explicitly.
e: file:///Users/jim/work/v2superbikeshed/Trikeshed/src/commonMain/kotlin/borg/trikeshed/parse/json/JsonTensorFactory.kt:277:41 Not enough information to infer type argument for 'T'.
e: file:///Users/jim/work/v2superbikeshed/Trikeshed/src/commonMain/kotlin/borg/trikeshed/parse/json/JsonTensorFactory.kt:277:53 Unresolved reference 'α'.
e: file:///Users/jim/work/v2superbikeshed/Trikeshed/src/commonMain/kotlin/borg/trikeshed/parse/json/JsonTensorFactory.kt:277:57 Cannot infer type for this parameter. Specify it explicitly.
e: file:///Users/jim/work/v2superbikeshed/Trikeshed/src/commonMain/kotlin/borg/trikeshed/parse/json/JsonTensorFactory.kt:277:57 Function 'component1()' is ambiguous for this expression: 
fun <T> Array<out T>.component1(): T
fun ByteArray.component1(): Byte
fun ShortArray.component1(): Short
fun IntArray.component1(): Int
fun LongArray.component1(): Long
fun FloatArray.component1(): Float
fun DoubleArray.component1(): Double
fun BooleanArray.component1(): Boolean
fun CharArray.component1(): Char
fun <T> List<T>.component1(): T
fun UIntArray.component1(): UInt
fun ULongArray.component1(): ULong
fun UByteArray.component1(): UByte
fun UShortArray.component1(): UShort
fun <K, V> Map.Entry<K, V>.component1(): K.
e: file:///Users/jim/work/v2superbikeshed/Trikeshed/src/commonMain/kotlin/borg/trikeshed/parse/json/JsonTensorFactory.kt:277:57 Function 'component2()' is ambiguous for this expression: 
fun <T> Array<out T>.component2(): T
fun ByteArray.component2(): Byte
fun ShortArray.component2(): Short
fun IntArray.component2(): Int
fun LongArray.component2(): Long
fun FloatArray.component2(): Float
fun DoubleArray.component2(): Double
fun BooleanArray.component2(): Boolean
fun CharArray.component2(): Char
fun <T> List<T>.component2(): T
fun UIntArray.component2(): UInt
fun ULongArray.component2(): ULong
fun UByteArray.component2(): UByte
fun UShortArray.component2(): UShort
fun <K, V> Map.Entry<K, V>.component2(): V.
e: file:///Users/jim/work/v2superbikeshed/Trikeshed/src/commonMain/kotlin/borg/trikeshed/parse/json/JsonTensorFactory.kt:278:27 Unresolved reference. None of the following candidates is applicable because of a receiver type mismatch:
fun MatchGroupCollection.get(name: String): MatchGroup?
e: file:///Users/jim/work/v2superbikeshed/Trikeshed/src/commonMain/kotlin/borg/trikeshed/parse/json/JsonTensorFactory.kt:294:33 Return type mismatch: expected 'T (of fun <T> Join<Int, Function1<Int, T>>.first)', actual 'MatchGroup?'.
e: file:///Users/jim/work/v2superbikeshed/Trikeshed/src/commonMain/kotlin/borg/trikeshed/parse/json/JsonTensorFactory.kt:294:33 Unresolved reference. None of the following candidates is applicable because of a receiver type mismatch:
fun MatchGroupCollection.get(name: String): MatchGroup?
e: file:///Users/jim/work/v2superbikeshed/Trikeshed/src/commonMain/kotlin/borg/trikeshed/parse/json/JsonTensorFactory.kt:295:48 Unresolved reference 'size'.
e: file:///Users/jim/work/v2superbikeshed/Trikeshed/src/commonMain/kotlin/borg/trikeshed/parse/json/JsonTensorFactory.kt:295:58 Cannot infer type for this parameter. Specify it explicitly.
e: file:///Users/jim/work/v2superbikeshed/Trikeshed/src/commonMain/kotlin/borg/trikeshed/parse/json/JsonTensorFactory.kt:295:58 Unresolved reference. None of the following candidates is applicable because of a receiver type mismatch:
fun <A, B> A.j(b: B): Join<A, B>
e: file:///Users/jim/work/v2superbikeshed/Trikeshed/src/commonMain/kotlin/borg/trikeshed/parse/json/JsonTensorFactory.kt:295:62 Cannot infer type for this parameter. Specify it explicitly.
e: file:///Users/jim/work/v2superbikeshed/Trikeshed/src/commonMain/kotlin/borg/trikeshed/parse/json/JsonTensorFactory.kt:295:67 Unresolved reference. None of the following candidates is applicable because of a receiver type mismatch:
fun MatchGroupCollection.get(name: String): MatchGroup?
e: file:///Users/jim/work/v2superbikeshed/Trikeshed/src/commonMain/kotlin/borg/trikeshed/parse/json/TrikeShedJsonScanner.kt:114:20 None of the following candidates is applicable:
fun <T> Join<Int, Function1<Int, Join<Any?, TypeMemento>>>.get(column: Column<T>): T?
fun <T : Any> JsReference<T>.get(): T
e: file:///Users/jim/work/v2superbikeshed/Trikeshed/src/commonMain/kotlin/borg/trikeshed/parse/json/TrikeShedJsonScanner.kt:137:36 None of the following candidates is applicable:
fun <T> Join<Int, Function1<Int, Join<Any?, TypeMemento>>>.get(column: Column<T>): T?
fun <T : Any> JsReference<T>.get(): T
e: file:///Users/jim/work/v2superbikeshed/Trikeshed/src/commonMain/kotlin/borg/trikeshed/parse/json/TrikeShedJsonScanner.kt:151:24 None of the following candidates is applicable:
fun <T> Join<Int, Function1<Int, Join<Any?, TypeMemento>>>.get(column: Column<T>): T?
fun <T : Any> JsReference<T>.get(): T
e: file:///Users/jim/work/v2superbikeshed/Trikeshed/src/commonMain/kotlin/borg/trikeshed/parse/json/TrikeShedJsonScanner.kt:173:33 None of the following candidates is applicable:
fun <T> Join<Int, Function1<Int, Join<Any?, TypeMemento>>>.get(column: Column<T>): T?
fun <T : Any> JsReference<T>.get(): T
e: file:///Users/jim/work/v2superbikeshed/Trikeshed/src/commonMain/kotlin/borg/trikeshed/parse/json/TrikeShedJsonScanner.kt:176:36 None of the following candidates is applicable:
fun <T> Join<Int, Function1<Int, Join<Any?, TypeMemento>>>.get(column: Column<T>): T?
fun <T : Any> JsReference<T>.get(): T
e: file:///Users/jim/work/v2superbikeshed/Trikeshed/src/commonMain/kotlin/borg/trikeshed/parse/json/TrikeShedJsonScanner.kt:179:33 None of the following candidates is applicable:
fun <T> Join<Int, Function1<Int, Join<Any?, TypeMemento>>>.get(column: Column<T>): T?
fun <T : Any> JsReference<T>.get(): T
e: file:///Users/jim/work/v2superbikeshed/Trikeshed/src/commonMain/kotlin/borg/trikeshed/parse/json/TrikeShedJsonScanner.kt:181:40 None of the following candidates is applicable:
fun <T> Join<Int, Function1<Int, Join<Any?, TypeMemento>>>.get(column: Column<T>): T?
fun <T : Any> JsReference<T>.get(): T
e: file:///Users/jim/work/v2superbikeshed/Trikeshed/src/commonMain/kotlin/borg/trikeshed/parse/json/TrikeShedJsonScanner.kt:185:34 None of the following candidates is applicable:
fun <T> Join<Int, Function1<Int, Join<Any?, TypeMemento>>>.get(column: Column<T>): T?
fun <T : Any> JsReference<T>.get(): T
e: file:///Users/jim/work/v2superbikeshed/Trikeshed/src/commonMain/kotlin/borg/trikeshed/parse/json/TrikeShedJsonScanner.kt:185:55 None of the following candidates is applicable:
fun <T> Join<Int, Function1<Int, Join<Any?, TypeMemento>>>.get(column: Column<T>): T?
fun <T : Any> JsReference<T>.get(): T
e: file:///Users/jim/work/v2superbikeshed/Trikeshed/src/commonMain/kotlin/borg/trikeshed/parse/json/TrikeShedJsonScanner.kt:187:38 None of the following candidates is applicable:
fun <T> Join<Int, Function1<Int, Join<Any?, TypeMemento>>>.get(column: Column<T>): T?
fun <T : Any> JsReference<T>.get(): T
e: file:///Users/jim/work/v2superbikeshed/Trikeshed/src/commonMain/kotlin/borg/trikeshed/parse/json/TrikeShedJsonScanner.kt:187:59 None of the following candidates is applicable:
fun <T> Join<Int, Function1<Int, Join<Any?, TypeMemento>>>.get(column: Column<T>): T?
fun <T : Any> JsReference<T>.get(): T
e: file:///Users/jim/work/v2superbikeshed/Trikeshed/src/commonMain/kotlin/borg/trikeshed/parse/json/TrikeShedJsonScanner.kt:188:40 None of the following candidates is applicable:
fun <T> Join<Int, Function1<Int, Join<Any?, TypeMemento>>>.get(column: Column<T>): T?
fun <T : Any> JsReference<T>.get(): T
e: file:///Users/jim/work/v2superbikeshed/Trikeshed/src/commonMain/kotlin/borg/trikeshed/parse/json/TrikeShedJsonScanner.kt:205:56 None of the following candidates is applicable:
fun <T> Join<Int, Function1<Int, Join<Any?, TypeMemento>>>.get(column: Column<T>): T?
fun <T : Any> JsReference<T>.get(): T
e: file:///Users/jim/work/v2superbikeshed/Trikeshed/src/commonMain/kotlin/borg/trikeshed/parse/json/TrikeShedJsonScanner.kt:216:23 Overload resolution ambiguity between candidates:
fun <X, C, V : Join<Int, Function1<Int, X>>> V.α(crossinline xform: (X) -> C): Join<Int, Function1<Int, C>>
fun <X, C, V : Join<Int, Function1<Int, X>>> V.α(crossinline xform: (X) -> C): Join<Int, Function1<Int, C>>
e: file:///Users/jim/work/v2superbikeshed/Trikeshed/src/commonMain/kotlin/borg/trikeshed/parse/json/TrikeShedJsonScanner.kt:216:27 Cannot infer type for this parameter. Specify it explicitly.
e: file:///Users/jim/work/v2superbikeshed/Trikeshed/src/commonMain/kotlin/borg/trikeshed/parse/json/TrikeShedJsonScanner.kt:217:34 Function 'component1()' is ambiguous for this expression: 
fun <T> Array<out T>.component1(): T
fun ByteArray.component1(): Byte
fun ShortArray.component1(): Short
fun IntArray.component1(): Int
fun LongArray.component1(): Long
fun FloatArray.component1(): Float
fun DoubleArray.component1(): Double
fun BooleanArray.component1(): Boolean
fun CharArray.component1(): Char
fun <T> List<T>.component1(): T
fun UIntArray.component1(): UInt
fun ULongArray.component1(): ULong
fun UByteArray.component1(): UByte
fun UShortArray.component1(): UShort
fun <K, V> Map.Entry<K, V>.component1(): K.
e: file:///Users/jim/work/v2superbikeshed/Trikeshed/src/commonMain/kotlin/borg/trikeshed/parse/json/TrikeShedJsonScanner.kt:217:34 Function 'component2()' is ambiguous for this expression: 
fun <T> Array<out T>.component2(): T
fun ByteArray.component2(): Byte
fun ShortArray.component2(): Short
fun IntArray.component2(): Int
fun LongArray.component2(): Long
fun FloatArray.component2(): Float
fun DoubleArray.component2(): Double
fun BooleanArray.component2(): Boolean
fun CharArray.component2(): Char
fun <T> List<T>.component2(): T
fun UIntArray.component2(): UInt
fun ULongArray.component2(): ULong
fun UByteArray.component2(): UByte
fun UShortArray.component2(): UShort
fun <K, V> Map.Entry<K, V>.component2(): V.
e: file:///Users/jim/work/v2superbikeshed/Trikeshed/src/commonMain/kotlin/borg/trikeshed/parse/json/TrikeShedJsonScanner.kt:227:18 Cannot infer type for this parameter. Specify it explicitly.
e: file:///Users/jim/work/v2superbikeshed/Trikeshed/src/commonMain/kotlin/borg/trikeshed/parse/json/TrikeShedJsonScanner.kt:227:27 Unresolved reference 'a'.
e: file:///Users/jim/work/v2superbikeshed/Trikeshed/src/commonMain/kotlin/borg/trikeshed/parse/json/TrikeShedJsonScanner.kt:236:32 Overload resolution ambiguity between candidates:
fun <X, C, V : Join<Int, Function1<Int, X>>> V.α(crossinline xform: (X) -> C): Join<Int, Function1<Int, C>>
fun <X, C, V : Join<Int, Function1<Int, X>>> V.α(crossinline xform: (X) -> C): Join<Int, Function1<Int, C>>
e: file:///Users/jim/work/v2superbikeshed/Trikeshed/src/commonMain/kotlin/borg/trikeshed/parse/json/TrikeShedJsonScanner.kt:236:36 Cannot infer type for this parameter. Specify it explicitly.
e: file:///Users/jim/work/v2superbikeshed/Trikeshed/src/commonMain/kotlin/borg/trikeshed/parse/json/TrikeShedJsonScanner.kt:236:36 Function 'component1()' is ambiguous for this expression: 
fun <T> Array<out T>.component1(): T
fun ByteArray.component1(): Byte
fun ShortArray.component1(): Short
fun IntArray.component1(): Int
fun LongArray.component1(): Long
fun FloatArray.component1(): Float
fun DoubleArray.component1(): Double
fun BooleanArray.component1(): Boolean
fun CharArray.component1(): Char
fun <T> List<T>.component1(): T
fun UIntArray.component1(): UInt
fun ULongArray.component1(): ULong
fun UByteArray.component1(): UByte
fun UShortArray.component1(): UShort
fun <K, V> Map.Entry<K, V>.component1(): K.
e: file:///Users/jim/work/v2superbikeshed/Trikeshed/src/commonMain/kotlin/borg/trikeshed/parse/json/TrikeShedJsonScanner.kt:236:36 Function 'component2()' is ambiguous for this expression: 
fun <T> Array<out T>.component2(): T
fun ByteArray.component2(): Byte
fun ShortArray.component2(): Short
fun IntArray.component2(): Int
fun LongArray.component2(): Long
fun FloatArray.component2(): Float
fun DoubleArray.component2(): Double
fun BooleanArray.component2(): Boolean
fun CharArray.component2(): Char
fun <T> List<T>.component2(): T
fun UIntArray.component2(): UInt
fun ULongArray.component2(): ULong
fun UByteArray.component2(): UByte
fun UShortArray.component2(): UShort
fun <K, V> Map.Entry<K, V>.component2(): V.
e: file:///Users/jim/work/v2superbikeshed/Trikeshed/src/commonMain/kotlin/borg/trikeshed/parse/json/TrikeShedJsonScanner.kt:237:13 Not enough information to infer type argument for 'K'.
e: file:///Users/jim/work/v2superbikeshed/Trikeshed/src/commonMain/kotlin/borg/trikeshed/parse/json/TrikeShedJsonScanner.kt:241:34 Cannot infer type for this parameter. Specify it explicitly.
e: file:///Users/jim/work/v2superbikeshed/Trikeshed/src/commonMain/kotlin/borg/trikeshed/parse/json/TrikeShedJsonScanner.kt:241:34 Not enough information to infer type argument for 'B'.
e: file:///Users/jim/work/v2superbikeshed/Trikeshed/src/commonMain/kotlin/borg/trikeshed/parse/json/TrikeShedJsonScanner.kt:245:27 Cannot infer type for this parameter. Specify it explicitly.
e: file:///Users/jim/work/v2superbikeshed/Trikeshed/src/commonMain/kotlin/borg/trikeshed/parse/json/TrikeShedJsonScanner.kt:245:27 Not enough information to infer type argument for 'B'.
e: file:///Users/jim/work/v2superbikeshed/Trikeshed/src/commonMain/kotlin/borg/trikeshed/parse/json/TrikeShedJsonScanner.kt:247:31 Cannot infer type for this parameter. Specify it explicitly.
e: file:///Users/jim/work/v2superbikeshed/Trikeshed/src/commonMain/kotlin/borg/trikeshed/parse/json/TrikeShedJsonScanner.kt:247:31 Not enough information to infer type argument for 'B'.
e: file:///Users/jim/work/v2superbikeshed/Trikeshed/src/commonMain/kotlin/borg/trikeshed/parse/json/TrikeShedJsonScanner.kt:256:23 Overload resolution ambiguity between candidates:
fun <X, C, V : Join<Int, Function1<Int, X>>> V.α(crossinline xform: (X) -> C): Join<Int, Function1<Int, C>>
fun <X, C, V : Join<Int, Function1<Int, X>>> V.α(crossinline xform: (X) -> C): Join<Int, Function1<Int, C>>
e: file:///Users/jim/work/v2superbikeshed/Trikeshed/src/commonMain/kotlin/borg/trikeshed/parse/json/TrikeShedJsonScanner.kt:256:27 Cannot infer type for this parameter. Specify it explicitly.
e: file:///Users/jim/work/v2superbikeshed/Trikeshed/src/commonMain/kotlin/borg/trikeshed/parse/json/TrikeShedJsonScanner.kt:257:34 Function 'component1()' is ambiguous for this expression: 
fun <T> Array<out T>.component1(): T
fun ByteArray.component1(): Byte
fun ShortArray.component1(): Short
fun IntArray.component1(): Int
fun LongArray.component1(): Long
fun FloatArray.component1(): Float
fun DoubleArray.component1(): Double
fun BooleanArray.component1(): Boolean
fun CharArray.component1(): Char
fun <T> List<T>.component1(): T
fun UIntArray.component1(): UInt
fun ULongArray.component1(): ULong
fun UByteArray.component1(): UByte
fun UShortArray.component1(): UShort
fun <K, V> Map.Entry<K, V>.component1(): K.
e: file:///Users/jim/work/v2superbikeshed/Trikeshed/src/commonMain/kotlin/borg/trikeshed/parse/json/TrikeShedJsonScanner.kt:257:34 Function 'component2()' is ambiguous for this expression: 
fun <T> Array<out T>.component2(): T
fun ByteArray.component2(): Byte
fun ShortArray.component2(): Short
fun IntArray.component2(): Int
fun LongArray.component2(): Long
fun FloatArray.component2(): Float
fun DoubleArray.component2(): Double
fun BooleanArray.component2(): Boolean
fun CharArray.component2(): Char
fun <T> List<T>.component2(): T
fun UIntArray.component2(): UInt
fun ULongArray.component2(): ULong
fun UByteArray.component2(): UByte
fun UShortArray.component2(): UShort
fun <K, V> Map.Entry<K, V>.component2(): V.
e: file:///Users/jim/work/v2superbikeshed/Trikeshed/src/commonMain/kotlin/borg/trikeshed/parse/json/TrikeShedJsonScanner.kt:267:35 Unresolved reference 'a'.
e: file:///Users/jim/work/v2superbikeshed/Trikeshed/src/commonMain/kotlin/borg/trikeshed/parse/json/TrikeShedJsonScanner.kt:268:35 Cannot infer type for this parameter. Specify it explicitly.
e: file:///Users/jim/work/v2superbikeshed/Trikeshed/src/commonMain/kotlin/borg/trikeshed/parse/json/TrikeShedJsonScanner.kt:268:44 Unresolved reference 'b'.
e: file:///Users/jim/work/v2superbikeshed/Trikeshed/src/commonMain/kotlin/borg/trikeshed/parse/json/TrikeShedJsonScanner.kt:269:23 Cannot infer type for this parameter. Specify it explicitly.
e: file:///Users/jim/work/v2superbikeshed/Trikeshed/src/commonMain/kotlin/borg/trikeshed/parse/json/TrikeShedJsonScanner.kt:269:26 Argument type mismatch: actual type is 'Join<A (of fun <A, B> A.j), B (of fun <A, B> A.j)>', but 'B (of fun <A, B> A.j)' was expected.
e: file:///Users/jim/work/v2superbikeshed/Trikeshed/src/commonMain/kotlin/borg/trikeshed/parse/json/TrikeShedJsonScanner.kt:269:35 Cannot infer type for this parameter. Specify it explicitly.
e: file:///Users/jim/work/v2superbikeshed/Trikeshed/src/commonMain/kotlin/borg/trikeshed/parse/markdown/MarkdownCodeBlock.kt:142:24 None of the following candidates is applicable:
fun <T> Join<Int, Function1<Int, Join<Any?, TypeMemento>>>.get(column: Column<T>): T?
fun <T : Any> JsReference<T>.get(): T
e: file:///Users/jim/work/v2superbikeshed/Trikeshed/src/commonMain/kotlin/borg/trikeshed/parse/markdown/MarkdownCodeBlock.kt:156:35 Cannot infer type for this parameter. Specify it explicitly.
e: file:///Users/jim/work/v2superbikeshed/Trikeshed/src/commonMain/kotlin/borg/trikeshed/parse/markdown/MarkdownCodeBlock.kt:156:35 Not enough information to infer type argument for 'B'.
e: file:///Users/jim/work/v2superbikeshed/Trikeshed/src/commonMain/kotlin/borg/trikeshed/parse/markdown/MarkdownCodeBlock.kt:156:39 Cannot infer type for this parameter. Specify it explicitly.
e: file:///Users/jim/work/v2superbikeshed/Trikeshed/src/commonMain/kotlin/borg/trikeshed/parse/markdown/MarkdownCodeBlock.kt:156:44 None of the following candidates is applicable:
fun <T> Join<Int, Function1<Int, Join<Any?, TypeMemento>>>.get(column: Column<T>): T?
fun <T : Any> JsReference<T>.get(): T
e: file:///Users/jim/work/v2superbikeshed/Trikeshed/src/commonMain/kotlin/borg/trikeshed/parse/markdown/MarkdownCodeBlock.kt:158:25 Cannot infer type for this parameter. Specify it explicitly.
e: file:///Users/jim/work/v2superbikeshed/Trikeshed/src/commonMain/kotlin/borg/trikeshed/parse/markdown/MarkdownCodeBlock.kt:158:25 Not enough information to infer type argument for 'T'.
e: file:///Users/jim/work/v2superbikeshed/Trikeshed/src/commonMain/kotlin/borg/trikeshed/parse/markdown/MarkdownCodeBlock.kt:158:25 Type arguments are not allowed on implicit invoke call.
e: file:///Users/jim/work/v2superbikeshed/Trikeshed/src/commonMain/kotlin/borg/trikeshed/parse/markdown/MarkdownCodeBlock.kt:158:25 Unresolved reference. None of the following candidates is applicable because of a receiver type mismatch:
fun <T> Join<Shape, Function1<Shape, T>>.invoke(index: Int): T
e: file:///Users/jim/work/v2superbikeshed/Trikeshed/src/commonMain/kotlin/borg/trikeshed/parse/markdown/MarkdownCodeBlock.kt:161:54 Cannot infer type for this parameter. Specify it explicitly.
e: file:///Users/jim/work/v2superbikeshed/Trikeshed/src/commonMain/kotlin/borg/trikeshed/parse/markdown/MarkdownCodeBlock.kt:161:54 Unresolved reference. None of the following candidates is applicable because of a receiver type mismatch:
val <T> Join<Int, Function1<Int, T>>.play: IterableIndexed<T>
e: file:///Users/jim/work/v2superbikeshed/Trikeshed/src/commonMain/kotlin/borg/trikeshed/parse/markdown/MarkdownCodeBlock.kt:161:59 Cannot infer type for this parameter. Specify it explicitly.
e: file:///Users/jim/work/v2superbikeshed/Trikeshed/src/commonMain/kotlin/borg/trikeshed/parse/markdown/MarkdownCodeBlock.kt:161:59 Not enough information to infer type argument for 'T'.
e: file:///Users/jim/work/v2superbikeshed/Trikeshed/src/commonMain/kotlin/borg/trikeshed/reactor/ProtocolChannelContextService.kt:23:74 Unresolved reference 'CoroutineContext'.
e: file:///Users/jim/work/v2superbikeshed/Trikeshed/src/commonMain/kotlin/borg/trikeshed/reactor/ProtocolChannelContextService.kt:24:9 Class '<anonymous>' is not abstract and does not implement abstract members:
actual fun isOpen(): Boolean
actual fun close(): Unit
actual fun configureBlocking(block: Boolean): SelectableChannel
actual fun isBlocking(): Boolean
e: file:///Users/jim/work/v2superbikeshed/Trikeshed/src/commonMain/kotlin/borg/trikeshed/reactor/ProtocolChannelContextService.kt:30:41 Unresolved reference 'IO'.
e: file:///Users/jim/work/v2superbikeshed/Trikeshed/src/commonMain/kotlin/borg/trikeshed/reactor/ProtocolChannelContextService.kt:35:59 Unresolved reference 'CoroutineContext'.
e: file:///Users/jim/work/v2superbikeshed/Trikeshed/src/commonMain/kotlin/borg/trikeshed/reactor/ProtocolChannelContextService.kt:38:30 Cannot infer type for this parameter. Specify it explicitly.
e: file:///Users/jim/work/v2superbikeshed/Trikeshed/src/commonMain/kotlin/borg/trikeshed/reactor/ProtocolChannelContextService.kt:39:29 Cannot infer type for this parameter. Specify it explicitly.
e: file:///Users/jim/work/v2superbikeshed/Trikeshed/src/commonMain/kotlin/borg/trikeshed/reactor/ProtocolChannelContextService.kt:40:29 Cannot infer type for this parameter. Specify it explicitly.
e: file:///Users/jim/work/v2superbikeshed/Trikeshed/src/commonMain/kotlin/borg/trikeshed/reactor/ProtocolChannelContextService.kt:41:28 Cannot infer type for this parameter. Specify it explicitly.
e: file:///Users/jim/work/v2superbikeshed/Trikeshed/src/commonMain/kotlin/borg/trikeshed/reactor/ProtocolChannelContextService.kt:42:27 Cannot infer type for this parameter. Specify it explicitly.
e: file:///Users/jim/work/v2superbikeshed/Trikeshed/src/commonMain/kotlin/borg/trikeshed/reactor/ProtocolChannelContextService.kt:48:43 Unresolved reference 'IO'.
e: file:///Users/jim/work/v2superbikeshed/Trikeshed/src/commonMain/kotlin/borg/trikeshed/reactor/ProtocolChannelContextService.kt:60:43 Unresolved reference 'IO'.
e: file:///Users/jim/work/v2superbikeshed/Trikeshed/src/commonMain/kotlin/borg/trikeshed/reactor/ProtocolChannelContextService.kt:71:58 Unresolved reference 'CoroutineContext'.
e: file:///Users/jim/work/v2superbikeshed/Trikeshed/src/commonMain/kotlin/borg/trikeshed/reactor/ProtocolChannelContextService.kt:71:76 Unresolved reference 'CoroutineContext'.
e: file:///Users/jim/work/v2superbikeshed/Trikeshed/src/commonMain/kotlin/borg/trikeshed/reactor/ProtocolChannelContextService.kt:71:101 Unresolved reference 'CoroutineContext'.
e: file:///Users/jim/work/v2superbikeshed/Trikeshed/src/commonMain/kotlin/borg/trikeshed/reactor/ProtocolChannelContextService.kt:72:22 Unresolved reference 'IO'.
e: file:///Users/jim/work/v2superbikeshed/Trikeshed/src/commonMain/kotlin/borg/trikeshed/reactor/ProtocolChannelContextService.kt:72:25 Cannot infer type for this parameter. Specify it explicitly.
e: file:///Users/jim/work/v2superbikeshed/Trikeshed/src/commonMain/kotlin/borg/trikeshed/reactor/ProtocolChannelContextService.kt:72:48 Cannot infer type for this parameter. Specify it explicitly.
e: file:///Users/jim/work/v2superbikeshed/Trikeshed/src/commonMain/kotlin/borg/trikeshed/reactor/ProtocolChannelContextService.kt:72:48 Not enough information to infer type argument for 'A'.
e: file:///Users/jim/work/v2superbikeshed/Trikeshed/src/commonMain/kotlin/borg/trikeshed/reactor/ProtocolChannelContextService.kt:73:13 Unresolved reference 'CoroutineContext'.
e: file:///Users/jim/work/v2superbikeshed/Trikeshed/src/commonMain/kotlin/borg/trikeshed/reactor/ProtocolChannelContextService.kt:81:59 Unresolved reference 'CoroutineContext'.
e: file:///Users/jim/work/v2superbikeshed/Trikeshed/src/commonMain/kotlin/borg/trikeshed/reactor/ProtocolChannelContextService.kt:88:50 Unresolved reference 'CoroutineContext'.
e: file:///Users/jim/work/v2superbikeshed/Trikeshed/src/commonMain/kotlin/borg/trikeshed/reactor/ProtocolChannelContextService.kt:109:31 Unresolved reference 'CoroutineContext'.
e: file:///Users/jim/work/v2superbikeshed/Trikeshed/src/commonMain/kotlin/borg/trikeshed/reactor/ProtocolChannelContextService.kt:109:61 Unresolved reference 'CoroutineContext'.
e: file:///Users/jim/work/v2superbikeshed/Trikeshed/src/commonMain/kotlin/borg/trikeshed/reactor/ProtocolChannelContextService.kt:109:80 Unresolved reference 'CoroutineContext'.
e: file:///Users/jim/work/v2superbikeshed/Trikeshed/src/commonMain/kotlin/borg/trikeshed/reactor/ProtocolChannelContextService.kt:110:42 Argument type mismatch: actual type is 'Join<A (of fun <A, B> A.j), B (of fun <A, B> A.j)>', but 'Join<ERROR CLASS: Symbol not found for CoroutineContext, ERROR CLASS: Symbol not found for CoroutineContext>' was expected.
e: file:///Users/jim/work/v2superbikeshed/Trikeshed/src/commonMain/kotlin/borg/trikeshed/reactor/ProtocolChannelContextService.kt:110:47 Cannot infer type for this parameter. Specify it explicitly.
e: file:///Users/jim/work/v2superbikeshed/Trikeshed/src/commonMain/kotlin/borg/trikeshed/reactor/ProtocolChannelContextService.kt:110:47 Unresolved reference. None of the following candidates is applicable because of a receiver type mismatch:
fun <A, B> A.j(b: B): Join<A, B>
e: file:///Users/jim/work/v2superbikeshed/Trikeshed/src/commonMain/kotlin/borg/trikeshed/reactor/ProtocolChannelContextService.kt:120:8 Unresolved reference 'CoroutineContext'.
e: file:///Users/jim/work/v2superbikeshed/Trikeshed/src/commonMain/kotlin/borg/trikeshed/reactor/ProtocolChannelContextService.kt:121:39 Unresolved reference 'IO'.
e: file:///Users/jim/work/v2superbikeshed/Trikeshed/src/commonMain/kotlin/borg/trikeshed/reactor/ProtocolChannelContextService.kt:139:60 Unresolved reference 'CoroutineContext'.
e: file:///Users/jim/work/v2superbikeshed/Trikeshed/src/commonMain/kotlin/borg/trikeshed/reactor/ProtocolChannelContextService.kt:140:28 Unresolved reference 'IO'.
e: file:///Users/jim/work/v2superbikeshed/Trikeshed/src/commonMain/kotlin/borg/trikeshed/reactor/ProtocolChannelContextService.kt:143:58 Unresolved reference 'CoroutineContext'.
e: file:///Users/jim/work/v2superbikeshed/Trikeshed/src/commonMain/kotlin/borg/trikeshed/reactor/ProtocolChannelContextService.kt:144:28 Unresolved reference 'IO'.
e: file:///Users/jim/work/v2superbikeshed/Trikeshed/src/commonMain/kotlin/borg/trikeshed/reactor/ProtocolChannelContextService.kt:147:58 Unresolved reference 'CoroutineContext'.
e: file:///Users/jim/work/v2superbikeshed/Trikeshed/src/commonMain/kotlin/borg/trikeshed/reactor/ProtocolChannelContextService.kt:148:28 Unresolved reference 'IO'.
e: file:///Users/jim/work/v2superbikeshed/Trikeshed/src/commonMain/kotlin/borg/trikeshed/reactor/ProtocolChannelContextService.kt:151:56 Unresolved reference 'CoroutineContext'.
e: file:///Users/jim/work/v2superbikeshed/Trikeshed/src/commonMain/kotlin/borg/trikeshed/reactor/ProtocolChannelContextService.kt:152:28 Unresolved reference 'IO'.
e: file:///Users/jim/work/v2superbikeshed/Trikeshed/src/commonMain/kotlin/borg/trikeshed/reactor/ProtocolChannelContextService.kt:159:41 Unresolved reference 'CoroutineContext'.
e: file:///Users/jim/work/v2superbikeshed/Trikeshed/src/commonMain/kotlin/borg/trikeshed/reactor/ProtocolChannelContextService.kt:160:26 Unresolved reference 'CoroutineContext'.
e: file:///Users/jim/work/v2superbikeshed/Trikeshed/src/commonMain/kotlin/borg/trikeshed/reactor/ProtocolChannelContextService.kt:161:25 Unresolved reference 'CoroutineContext'.
e: file:///Users/jim/work/v2superbikeshed/Trikeshed/src/commonMain/kotlin/borg/trikeshed/reactor/ProtocolChannelContextService.kt:162:25 Unresolved reference 'CoroutineContext'.
e: file:///Users/jim/work/v2superbikeshed/Trikeshed/src/commonMain/kotlin/borg/trikeshed/reactor/ProtocolChannelContextService.kt:163:24 Unresolved reference 'CoroutineContext'.
e: file:///Users/jim/work/v2superbikeshed/Trikeshed/src/commonMain/kotlin/borg/trikeshed/reactor/ProtocolChannelContextService.kt:164:28 Unresolved reference 'CoroutineContext'.
e: file:///Users/jim/work/v2superbikeshed/Trikeshed/src/commonMain/kotlin/borg/trikeshed/reactor/ProtocolChannelContextService.kt:171:31 Unresolved reference 'CoroutineContext'.
e: file:///Users/jim/work/v2superbikeshed/Trikeshed/src/commonMain/kotlin/borg/trikeshed/reactor/ProtocolChannelContextService.kt:175:30 Unresolved reference 'CoroutineContext'.
e: file:///Users/jim/work/v2superbikeshed/Trikeshed/src/commonMain/kotlin/borg/trikeshed/reactor/ProtocolChannelContextService.kt:179:30 Unresolved reference 'CoroutineContext'.
e: file:///Users/jim/work/v2superbikeshed/Trikeshed/src/commonMain/kotlin/borg/trikeshed/reactor/ProtocolChannelContextService.kt:183:29 Unresolved reference 'CoroutineContext'.
e: file:///Users/jim/work/v2superbikeshed/Trikeshed/src/commonMain/kotlin/borg/trikeshed/reactor/ProtocolIngressEgressRouter.kt:24:64 Unresolved reference 'CoroutineContext'.
e: file:///Users/jim/work/v2superbikeshed/Trikeshed/src/commonMain/kotlin/borg/trikeshed/reactor/ProtocolIngressEgressRouter.kt:25:34 No value passed for parameter 'a'.
e: file:///Users/jim/work/v2superbikeshed/Trikeshed/src/commonMain/kotlin/borg/trikeshed/reactor/ProtocolIngressEgressRouter.kt:25:34 No value passed for parameter 'b'.
e: file:///Users/jim/work/v2superbikeshed/Trikeshed/src/commonMain/kotlin/borg/trikeshed/reactor/ProtocolIngressEgressRouter.kt:27:43 Cannot infer type for this parameter. Specify it explicitly.
e: file:///Users/jim/work/v2superbikeshed/Trikeshed/src/commonMain/kotlin/borg/trikeshed/reactor/ProtocolIngressEgressRouter.kt:34:46 Cannot infer type for this parameter. Specify it explicitly.
e: file:///Users/jim/work/v2superbikeshed/Trikeshed/src/commonMain/kotlin/borg/trikeshed/reactor/ProtocolIngressEgressRouter.kt:37:44 Cannot infer type for this parameter. Specify it explicitly.
e: file:///Users/jim/work/v2superbikeshed/Trikeshed/src/commonMain/kotlin/borg/trikeshed/reactor/ProtocolIngressEgressRouter.kt:44:62 Unresolved reference 'CoroutineContext'.
e: file:///Users/jim/work/v2superbikeshed/Trikeshed/src/commonMain/kotlin/borg/trikeshed/reactor/ProtocolIngressEgressRouter.kt:45:33 No value passed for parameter 'a'.
e: file:///Users/jim/work/v2superbikeshed/Trikeshed/src/commonMain/kotlin/borg/trikeshed/reactor/ProtocolIngressEgressRouter.kt:45:33 No value passed for parameter 'b'.
e: file:///Users/jim/work/v2superbikeshed/Trikeshed/src/commonMain/kotlin/borg/trikeshed/reactor/ProtocolIngressEgressRouter.kt:47:42 Cannot infer type for this parameter. Specify it explicitly.
e: file:///Users/jim/work/v2superbikeshed/Trikeshed/src/commonMain/kotlin/borg/trikeshed/reactor/ProtocolIngressEgressRouter.kt:54:45 Cannot infer type for this parameter. Specify it explicitly.
e: file:///Users/jim/work/v2superbikeshed/Trikeshed/src/commonMain/kotlin/borg/trikeshed/reactor/ProtocolIngressEgressRouter.kt:57:43 Cannot infer type for this parameter. Specify it explicitly.
e: file:///Users/jim/work/v2superbikeshed/Trikeshed/src/commonMain/kotlin/borg/trikeshed/reactor/ProtocolIngressEgressRouter.kt:64:90 Unresolved reference 'CoroutineContext'.
e: file:///Users/jim/work/v2superbikeshed/Trikeshed/src/commonMain/kotlin/borg/trikeshed/reactor/ProtocolIngressEgressRouter.kt:65:9 Type mismatch: inferred type is 'Join<IngressRoute.DEFAULT, EgressRoute.DEFAULT>', but 'Join<IngressRoute, EgressRoute>' was expected.
e: file:///Users/jim/work/v2superbikeshed/Trikeshed/src/commonMain/kotlin/borg/trikeshed/reactor/ProtocolIngressEgressRouter.kt:65:43 Unresolved reference 'IO'.
e: file:///Users/jim/work/v2superbikeshed/Trikeshed/src/commonMain/kotlin/borg/trikeshed/reactor/ProtocolIngressEgressRouter.kt:65:54 No value passed for parameter 'a'.
e: file:///Users/jim/work/v2superbikeshed/Trikeshed/src/commonMain/kotlin/borg/trikeshed/reactor/ProtocolIngressEgressRouter.kt:65:54 No value passed for parameter 'b'.
e: file:///Users/jim/work/v2superbikeshed/Trikeshed/src/commonMain/kotlin/borg/trikeshed/reactor/ProtocolIngressEgressRouter.kt:65:92 Unresolved reference 'IO'.
e: file:///Users/jim/work/v2superbikeshed/Trikeshed/src/commonMain/kotlin/borg/trikeshed/reactor/ProtocolIngressEgressRouter.kt:65:103 No value passed for parameter 'a'.
e: file:///Users/jim/work/v2superbikeshed/Trikeshed/src/commonMain/kotlin/borg/trikeshed/reactor/ProtocolIngressEgressRouter.kt:65:103 No value passed for parameter 'b'.
e: file:///Users/jim/work/v2superbikeshed/Trikeshed/src/commonMain/kotlin/borg/trikeshed/reactor/ProtocolIngressEgressRouter.kt:68:21 Unresolved reference 'CoroutineContext'.
e: file:///Users/jim/work/v2superbikeshed/Trikeshed/src/commonMain/kotlin/borg/trikeshed/reactor/ProtocolIngressEgressRouter.kt:77:35 Unresolved reference 'IO'.
e: file:///Users/jim/work/v2superbikeshed/Trikeshed/src/commonMain/kotlin/borg/trikeshed/reactor/ProtocolIngressEgressRouter.kt:83:49 Unresolved reference 'CoroutineContext'.
e: file:///Users/jim/work/v2superbikeshed/Trikeshed/src/commonMain/kotlin/borg/trikeshed/reactor/ProtocolIngressEgressRouter.kt:84:21 Unresolved reference 'IO'.
e: file:///Users/jim/work/v2superbikeshed/Trikeshed/src/commonMain/kotlin/borg/trikeshed/reactor/ProtocolIngressEgressRouter.kt:84:24 Cannot infer type for this parameter. Specify it explicitly.
e: file:///Users/jim/work/v2superbikeshed/Trikeshed/src/commonMain/kotlin/borg/trikeshed/reactor/ProtocolIngressEgressRouter.kt:84:28 Cannot infer type for this parameter. Specify it explicitly.
e: file:///Users/jim/work/v2superbikeshed/Trikeshed/src/commonMain/kotlin/borg/trikeshed/reactor/ProtocolIngressEgressRouter.kt:106:52 Unresolved reference 'CoroutineContext'.
e: file:///Users/jim/work/v2superbikeshed/Trikeshed/src/commonMain/kotlin/borg/trikeshed/reactor/ProtocolIngressEgressRouter.kt:113:50 Unresolved reference 'CoroutineContext'.
e: file:///Users/jim/work/v2superbikeshed/Trikeshed/src/commonMain/kotlin/borg/trikeshed/reactor/ProtocolIngressEgressRouter.kt:120:85 Unresolved reference 'CoroutineContext'.
e: file:///Users/jim/work/v2superbikeshed/Trikeshed/src/commonMain/kotlin/borg/trikeshed/reactor/ProtocolIngressEgressRouter.kt:127:31 Unresolved reference 'CoroutineContext'.
e: file:///Users/jim/work/v2superbikeshed/Trikeshed/src/commonMain/kotlin/borg/trikeshed/reactor/ProtocolIngressEgressRouter.kt:137:18 Unresolved reference 'CoroutineContext'.
e: file:///Users/jim/work/v2superbikeshed/Trikeshed/src/commonMain/kotlin/borg/trikeshed/reactor/ProtocolIngressEgressRouter.kt:145:46 Unresolved reference 'ingressChannel'.
e: file:///Users/jim/work/v2superbikeshed/Trikeshed/src/commonMain/kotlin/borg/trikeshed/reactor/ProtocolIngressEgressRouter.kt:147:44 Unresolved reference 'receive'.
e: file:///Users/jim/work/v2superbikeshed/Trikeshed/src/commonMain/kotlin/borg/trikeshed/reactor/ProtocolIngressEgressRouter.kt:171:18 Unresolved reference 'CoroutineContext'.
e: file:///Users/jim/work/v2superbikeshed/Trikeshed/src/commonMain/kotlin/borg/trikeshed/reactor/ProtocolIngressEgressRouter.kt:179:45 Unresolved reference 'egressChannel'.
e: file:///Users/jim/work/v2superbikeshed/Trikeshed/src/commonMain/kotlin/borg/trikeshed/reactor/ProtocolIngressEgressRouter.kt:181:39 Unresolved reference 'send'.
e: file:///Users/jim/work/v2superbikeshed/Trikeshed/src/commonMain/kotlin/borg/trikeshed/reactor/ProtocolIngressEgressRouter.kt:216:40 Unresolved reference 'CoroutineContext'.
e: file:///Users/jim/work/v2superbikeshed/Trikeshed/src/commonMain/kotlin/borg/trikeshed/reactor/ProtocolIngressEgressRouter.kt:217:26 'context' hides member of supertype 'IngressRoute' and needs an 'override' modifier.
e: file:///Users/jim/work/v2superbikeshed/Trikeshed/src/commonMain/kotlin/borg/trikeshed/reactor/ProtocolIngressEgressRouter.kt:217:35 Unresolved reference 'CoroutineContext'.
e: file:///Users/jim/work/v2superbikeshed/Trikeshed/src/commonMain/kotlin/borg/trikeshed/reactor/ProtocolIngressEgressRouter.kt:218:28 'context' hides member of supertype 'IngressRoute' and needs an 'override' modifier.
e: file:///Users/jim/work/v2superbikeshed/Trikeshed/src/commonMain/kotlin/borg/trikeshed/reactor/ProtocolIngressEgressRouter.kt:218:37 Unresolved reference 'CoroutineContext'.
e: file:///Users/jim/work/v2superbikeshed/Trikeshed/src/commonMain/kotlin/borg/trikeshed/reactor/ProtocolIngressEgressRouter.kt:219:26 'context' hides member of supertype 'IngressRoute' and needs an 'override' modifier.
e: file:///Users/jim/work/v2superbikeshed/Trikeshed/src/commonMain/kotlin/borg/trikeshed/reactor/ProtocolIngressEgressRouter.kt:219:35 Unresolved reference 'CoroutineContext'.
e: file:///Users/jim/work/v2superbikeshed/Trikeshed/src/commonMain/kotlin/borg/trikeshed/reactor/ProtocolIngressEgressRouter.kt:220:28 'context' hides member of supertype 'IngressRoute' and needs an 'override' modifier.
e: file:///Users/jim/work/v2superbikeshed/Trikeshed/src/commonMain/kotlin/borg/trikeshed/reactor/ProtocolIngressEgressRouter.kt:220:37 Unresolved reference 'CoroutineContext'.
e: file:///Users/jim/work/v2superbikeshed/Trikeshed/src/commonMain/kotlin/borg/trikeshed/reactor/ProtocolIngressEgressRouter.kt:223:39 Unresolved reference 'CoroutineContext'.
e: file:///Users/jim/work/v2superbikeshed/Trikeshed/src/commonMain/kotlin/borg/trikeshed/reactor/ProtocolIngressEgressRouter.kt:224:26 'context' hides member of supertype 'EgressRoute' and needs an 'override' modifier.
e: file:///Users/jim/work/v2superbikeshed/Trikeshed/src/commonMain/kotlin/borg/trikeshed/reactor/ProtocolIngressEgressRouter.kt:224:35 Unresolved reference 'CoroutineContext'.
e: file:///Users/jim/work/v2superbikeshed/Trikeshed/src/commonMain/kotlin/borg/trikeshed/reactor/ProtocolIngressEgressRouter.kt:225:28 'context' hides member of supertype 'EgressRoute' and needs an 'override' modifier.
e: file:///Users/jim/work/v2superbikeshed/Trikeshed/src/commonMain/kotlin/borg/trikeshed/reactor/ProtocolIngressEgressRouter.kt:225:37 Unresolved reference 'CoroutineContext'.
e: file:///Users/jim/work/v2superbikeshed/Trikeshed/src/commonMain/kotlin/borg/trikeshed/reactor/ProtocolIngressEgressRouter.kt:226:26 'context' hides member of supertype 'EgressRoute' and needs an 'override' modifier.
e: file:///Users/jim/work/v2superbikeshed/Trikeshed/src/commonMain/kotlin/borg/trikeshed/reactor/ProtocolIngressEgressRouter.kt:226:35 Unresolved reference 'CoroutineContext'.
e: file:///Users/jim/work/v2superbikeshed/Trikeshed/src/commonMain/kotlin/borg/trikeshed/reactor/ProtocolIngressEgressRouter.kt:227:28 'context' hides member of supertype 'EgressRoute' and needs an 'override' modifier.
e: file:///Users/jim/work/v2superbikeshed/Trikeshed/src/commonMain/kotlin/borg/trikeshed/reactor/ProtocolIngressEgressRouter.kt:227:37 Unresolved reference 'CoroutineContext'.
e: file:///Users/jim/work/v2superbikeshed/Trikeshed/src/commonMain/kotlin/borg/trikeshed/reactor/Reactor.kt:162:27 Syntax error: Unexpected tokens (use ';' to separate expressions on the same line).
e: file:///Users/jim/work/v2superbikeshed/Trikeshed/src/commonMain/kotlin/borg/trikeshed/reactor/Reactor.kt:243:16 None of the following candidates is applicable:
fun <T> Join<Int, Function1<Int, Join<Any?, TypeMemento>>>.get(column: Column<T>): T?
fun <T : Any> JsReference<T>.get(): T
e: file:///Users/jim/work/v2superbikeshed/Trikeshed/src/commonMain/kotlin/borg/trikeshed/reactor/Reactor.kt:408:76 Unresolved reference 'CoroutineContext'.
e: file:///Users/jim/work/v2superbikeshed/Trikeshed/src/commonMain/kotlin/borg/trikeshed/reactor/Reactor.kt:409:5 Class '<anonymous>' is not abstract and does not implement abstract members:
actual fun isOpen(): Boolean
actual fun close(): Unit
actual fun configureBlocking(block: Boolean): SelectableChannel
actual fun isBlocking(): Boolean
e: file:///Users/jim/work/v2superbikeshed/Trikeshed/src/commonMain/kotlin/borg/trikeshed/reactor/Reactor.kt:424:31 Unresolved reference 'IO'.
e: file:///Users/jim/work/v2superbikeshed/Trikeshed/src/commonMain/kotlin/borg/trikeshed/reactor/Reactor.kt:430:72 Unresolved reference 'CoroutineContext'.
e: file:///Users/jim/work/v2superbikeshed/Trikeshed/src/commonMain/kotlin/borg/trikeshed/reactor/Reactor.kt:433:38 Cannot infer type for this parameter. Specify it explicitly.
e: file:///Users/jim/work/v2superbikeshed/Trikeshed/src/commonMain/kotlin/borg/trikeshed/reactor/Reactor.kt:441:41 Cannot infer type for this parameter. Specify it explicitly.
e: file:///Users/jim/work/v2superbikeshed/Trikeshed/src/commonMain/kotlin/borg/trikeshed/reactor/Reactor.kt:444:39 Cannot infer type for this parameter. Specify it explicitly.
e: file:///Users/jim/work/v2superbikeshed/Trikeshed/src/commonMain/kotlin/borg/trikeshed/reactor/Reactor.kt:447:41 Cannot infer type for this parameter. Specify it explicitly.
e: file:///Users/jim/work/v2superbikeshed/Trikeshed/src/commonMain/kotlin/borg/trikeshed/reactor/Reactor.kt:450:44 Cannot infer type for this parameter. Specify it explicitly.
e: file:///Users/jim/work/v2superbikeshed/Trikeshed/src/commonMain/kotlin/borg/trikeshed/reactor/Reactor.kt:453:41 Cannot infer type for this parameter. Specify it explicitly.
e: file:///Users/jim/work/v2superbikeshed/Trikeshed/src/commonMain/kotlin/borg/trikeshed/reactor/Reactor.kt:456:41 Cannot infer type for this parameter. Specify it explicitly.
e: file:///Users/jim/work/v2superbikeshed/Trikeshed/src/commonMain/kotlin/borg/trikeshed/reactor/Reactor.kt:459:42 Cannot infer type for this parameter. Specify it explicitly.
e: file:///Users/jim/work/v2superbikeshed/Trikeshed/src/commonMain/kotlin/borg/trikeshed/reactor/Reactor.kt:462:43 Cannot infer type for this parameter. Specify it explicitly.
e: file:///Users/jim/work/v2superbikeshed/Trikeshed/src/commonMain/kotlin/borg/trikeshed/reactor/Reactor.kt:465:41 Cannot infer type for this parameter. Specify it explicitly.
e: file:///Users/jim/work/v2superbikeshed/Trikeshed/src/commonMain/kotlin/borg/trikeshed/reactor/Reactor.kt:472:54 Unresolved reference 'CoroutineContext'.
e: file:///Users/jim/work/v2superbikeshed/Trikeshed/src/commonMain/kotlin/borg/trikeshed/reactor/Reactor.kt:472:72 Unresolved reference 'CoroutineContext'.
e: file:///Users/jim/work/v2superbikeshed/Trikeshed/src/commonMain/kotlin/borg/trikeshed/reactor/Reactor.kt:472:97 Unresolved reference 'CoroutineContext'.
e: file:///Users/jim/work/v2superbikeshed/Trikeshed/src/commonMain/kotlin/borg/trikeshed/reactor/Reactor.kt:473:18 Unresolved reference 'IO'.
e: file:///Users/jim/work/v2superbikeshed/Trikeshed/src/commonMain/kotlin/borg/trikeshed/reactor/Reactor.kt:473:21 Cannot infer type for this parameter. Specify it explicitly.
e: file:///Users/jim/work/v2superbikeshed/Trikeshed/src/commonMain/kotlin/borg/trikeshed/reactor/Reactor.kt:473:44 Cannot infer type for this parameter. Specify it explicitly.
e: file:///Users/jim/work/v2superbikeshed/Trikeshed/src/commonMain/kotlin/borg/trikeshed/reactor/Reactor.kt:473:44 Not enough information to infer type argument for 'A'.
e: file:///Users/jim/work/v2superbikeshed/Trikeshed/src/commonMain/kotlin/borg/trikeshed/reactor/Reactor.kt:474:9 Unresolved reference 'CoroutineContext'.
e: file:///Users/jim/work/v2superbikeshed/Trikeshed/src/commonMain/kotlin/borg/trikeshed/reactor/Reactor.kt:478:63 Unresolved reference 'CoroutineContext'.
e: file:///Users/jim/work/v2superbikeshed/Trikeshed/src/commonMain/kotlin/borg/trikeshed/reactor/Reactor.kt:478:113 Unresolved reference 'SocksIngressChannel'.
e: file:///Users/jim/work/v2superbikeshed/Trikeshed/src/commonMain/kotlin/borg/trikeshed/reactor/Reactor.kt:481:24 Unresolved reference 'borg.trikeshed.reactor.socks.SocksIngressChannel'.
e: file:///Users/jim/work/v2superbikeshed/Trikeshed/src/commonMain/kotlin/borg/trikeshed/reactor/Reactor.kt:481:26 Cannot infer type for this parameter. Specify it explicitly.
e: file:///Users/jim/work/v2superbikeshed/Trikeshed/src/commonMain/kotlin/borg/trikeshed/reactor/Reactor.kt:482:23 Unresolved reference 'borg.trikeshed.reactor.socks.SocksIngressChannel'.
e: file:///Users/jim/work/v2superbikeshed/Trikeshed/src/commonMain/kotlin/borg/trikeshed/reactor/Reactor.kt:482:25 Cannot infer type for this parameter. Specify it explicitly.
e: file:///Users/jim/work/v2superbikeshed/Trikeshed/src/commonMain/kotlin/borg/trikeshed/reactor/Reactor.kt:483:23 Unresolved reference 'borg.trikeshed.reactor.socks.SocksIngressChannel'.
e: file:///Users/jim/work/v2superbikeshed/Trikeshed/src/commonMain/kotlin/borg/trikeshed/reactor/Reactor.kt:483:25 Cannot infer type for this parameter. Specify it explicitly.
e: file:///Users/jim/work/v2superbikeshed/Trikeshed/src/commonMain/kotlin/borg/trikeshed/reactor/Reactor.kt:484:21 Unresolved reference 'borg.trikeshed.reactor.socks.SocksIngressChannel'.
e: file:///Users/jim/work/v2superbikeshed/Trikeshed/src/commonMain/kotlin/borg/trikeshed/reactor/Reactor.kt:484:23 Cannot infer type for this parameter. Specify it explicitly.
e: file:///Users/jim/work/v2superbikeshed/Trikeshed/src/commonMain/kotlin/borg/trikeshed/reactor/Reactor.kt:489:62 Unresolved reference 'CoroutineContext'.
e: file:///Users/jim/work/v2superbikeshed/Trikeshed/src/commonMain/kotlin/borg/trikeshed/reactor/Reactor.kt:489:112 Unresolved reference 'SocksEgressChannel'.
e: file:///Users/jim/work/v2superbikeshed/Trikeshed/src/commonMain/kotlin/borg/trikeshed/reactor/Reactor.kt:492:24 Unresolved reference 'borg.trikeshed.reactor.socks.SocksEgressChannel'.
e: file:///Users/jim/work/v2superbikeshed/Trikeshed/src/commonMain/kotlin/borg/trikeshed/reactor/Reactor.kt:492:26 Cannot infer type for this parameter. Specify it explicitly.
e: file:///Users/jim/work/v2superbikeshed/Trikeshed/src/commonMain/kotlin/borg/trikeshed/reactor/Reactor.kt:493:23 Unresolved reference 'borg.trikeshed.reactor.socks.SocksEgressChannel'.
e: file:///Users/jim/work/v2superbikeshed/Trikeshed/src/commonMain/kotlin/borg/trikeshed/reactor/Reactor.kt:493:25 Cannot infer type for this parameter. Specify it explicitly.
e: file:///Users/jim/work/v2superbikeshed/Trikeshed/src/commonMain/kotlin/borg/trikeshed/reactor/Reactor.kt:494:23 Unresolved reference 'borg.trikeshed.reactor.socks.SocksEgressChannel'.
e: file:///Users/jim/work/v2superbikeshed/Trikeshed/src/commonMain/kotlin/borg/trikeshed/reactor/Reactor.kt:494:25 Cannot infer type for this parameter. Specify it explicitly.
e: file:///Users/jim/work/v2superbikeshed/Trikeshed/src/commonMain/kotlin/borg/trikeshed/reactor/Reactor.kt:495:21 Unresolved reference 'borg.trikeshed.reactor.socks.SocksEgressChannel'.
e: file:///Users/jim/work/v2superbikeshed/Trikeshed/src/commonMain/kotlin/borg/trikeshed/reactor/Reactor.kt:495:23 Cannot infer type for this parameter. Specify it explicitly.
e: file:///Users/jim/work/v2superbikeshed/Trikeshed/src/commonMain/kotlin/borg/trikeshed/reactor/Reactor.kt:501:63 Unresolved reference 'CoroutineContext'.
e: file:///Users/jim/work/v2superbikeshed/Trikeshed/src/commonMain/kotlin/borg/trikeshed/reactor/Reactor.kt:505:82 Unresolved reference 'CoroutineContext'.
e: file:///Users/jim/work/v2superbikeshed/Trikeshed/src/commonMain/kotlin/borg/trikeshed/reactor/Reactor.kt:509:35 Unresolved reference 'CoroutineContext'.
e: file:///Users/jim/work/v2superbikeshed/Trikeshed/src/commonMain/kotlin/borg/trikeshed/reactor/Reactor.kt:509:65 Unresolved reference 'CoroutineContext'.
e: file:///Users/jim/work/v2superbikeshed/Trikeshed/src/commonMain/kotlin/borg/trikeshed/reactor/Reactor.kt:509:84 Unresolved reference 'CoroutineContext'.
e: file:///Users/jim/work/v2superbikeshed/Trikeshed/src/commonMain/kotlin/borg/trikeshed/reactor/Reactor.kt:510:38 Argument type mismatch: actual type is 'Join<A (of fun <A, B> A.j), B (of fun <A, B> A.j)>', but 'Join<ERROR CLASS: Symbol not found for CoroutineContext, ERROR CLASS: Symbol not found for CoroutineContext>' was expected.
e: file:///Users/jim/work/v2superbikeshed/Trikeshed/src/commonMain/kotlin/borg/trikeshed/reactor/Reactor.kt:510:43 Cannot infer type for this parameter. Specify it explicitly.
e: file:///Users/jim/work/v2superbikeshed/Trikeshed/src/commonMain/kotlin/borg/trikeshed/reactor/Reactor.kt:510:43 Unresolved reference. None of the following candidates is applicable because of a receiver type mismatch:
fun <A, B> A.j(b: B): Join<A, B>
e: file:///Users/jim/work/v2superbikeshed/Trikeshed/src/commonMain/kotlin/borg/trikeshed/reactor/Reactor.kt:513:61 Unresolved reference 'CoroutineContext'.
e: file:///Users/jim/work/v2superbikeshed/Trikeshed/src/commonMain/kotlin/borg/trikeshed/reactor/Reactor.kt:513:109 Unresolved reference 'SocksIngressChannel'.
e: file:///Users/jim/work/v2superbikeshed/Trikeshed/src/commonMain/kotlin/borg/trikeshed/reactor/Reactor.kt:517:60 Unresolved reference 'CoroutineContext'.
e: file:///Users/jim/work/v2superbikeshed/Trikeshed/src/commonMain/kotlin/borg/trikeshed/reactor/Reactor.kt:517:108 Unresolved reference 'SocksEgressChannel'.
e: file:///Users/jim/work/v2superbikeshed/Trikeshed/src/commonMain/kotlin/borg/trikeshed/reactor/Reactor.kt:523:68 Unresolved reference 'CoroutineContext'.
e: file:///Users/jim/work/v2superbikeshed/Trikeshed/src/commonMain/kotlin/borg/trikeshed/reactor/Reactor.kt:524:21 Anonymous object cannot extend a sealed class.
e: file:///Users/jim/work/v2superbikeshed/Trikeshed/src/commonMain/kotlin/borg/trikeshed/reactor/Reactor.kt:524:21 This type has a constructor, so it must be initialized here.
e: file:///Users/jim/work/v2superbikeshed/Trikeshed/src/commonMain/kotlin/borg/trikeshed/reactor/Reactor.kt:525:9 'execute' overrides nothing.
e: file:///Users/jim/work/v2superbikeshed/Trikeshed/src/commonMain/kotlin/borg/trikeshed/reactor/Reactor.kt:535:67 Unresolved reference 'CoroutineContext'.
e: file:///Users/jim/work/v2superbikeshed/Trikeshed/src/commonMain/kotlin/borg/trikeshed/reactor/Reactor.kt:536:21 Anonymous object cannot extend a sealed class.
e: file:///Users/jim/work/v2superbikeshed/Trikeshed/src/commonMain/kotlin/borg/trikeshed/reactor/Reactor.kt:536:21 This type has a constructor, so it must be initialized here.
e: file:///Users/jim/work/v2superbikeshed/Trikeshed/src/commonMain/kotlin/borg/trikeshed/reactor/Reactor.kt:537:9 'execute' overrides nothing.
e: file:///Users/jim/work/v2superbikeshed/Trikeshed/src/commonMain/kotlin/borg/trikeshed/reactor/Reactor.kt:546:67 Unresolved reference 'CoroutineContext'.
e: file:///Users/jim/work/v2superbikeshed/Trikeshed/src/commonMain/kotlin/borg/trikeshed/reactor/Reactor.kt:547:21 Anonymous object cannot extend a sealed class.
e: file:///Users/jim/work/v2superbikeshed/Trikeshed/src/commonMain/kotlin/borg/trikeshed/reactor/Reactor.kt:547:21 This type has a constructor, so it must be initialized here.
e: file:///Users/jim/work/v2superbikeshed/Trikeshed/src/commonMain/kotlin/borg/trikeshed/reactor/Reactor.kt:548:9 'execute' overrides nothing.
e: file:///Users/jim/work/v2superbikeshed/Trikeshed/src/commonMain/kotlin/borg/trikeshed/reactor/Reactor.kt:554:63 Unresolved reference 'CoroutineContext'.
e: file:///Users/jim/work/v2superbikeshed/Trikeshed/src/commonMain/kotlin/borg/trikeshed/reactor/Reactor.kt:555:21 Anonymous object cannot extend a sealed class.
e: file:///Users/jim/work/v2superbikeshed/Trikeshed/src/commonMain/kotlin/borg/trikeshed/reactor/Reactor.kt:555:21 This type has a constructor, so it must be initialized here.
e: file:///Users/jim/work/v2superbikeshed/Trikeshed/src/commonMain/kotlin/borg/trikeshed/reactor/Reactor.kt:556:9 'execute' overrides nothing.
e: file:///Users/jim/work/v2superbikeshed/Trikeshed/src/commonMain/kotlin/borg/trikeshed/reactor/Reactor.kt:562:61 Unresolved reference 'CoroutineContext'.
e: file:///Users/jim/work/v2superbikeshed/Trikeshed/src/commonMain/kotlin/borg/trikeshed/reactor/Reactor.kt:563:21 Anonymous object cannot extend a sealed class.
e: file:///Users/jim/work/v2superbikeshed/Trikeshed/src/commonMain/kotlin/borg/trikeshed/reactor/Reactor.kt:563:21 This type has a constructor, so it must be initialized here.
e: file:///Users/jim/work/v2superbikeshed/Trikeshed/src/commonMain/kotlin/borg/trikeshed/reactor/Reactor.kt:564:9 'execute' overrides nothing.
e: file:///Users/jim/work/v2superbikeshed/Trikeshed/src/commonMain/kotlin/borg/trikeshed/reactor/Reactor.kt:570:63 Unresolved reference 'CoroutineContext'.
e: file:///Users/jim/work/v2superbikeshed/Trikeshed/src/commonMain/kotlin/borg/trikeshed/reactor/Reactor.kt:571:21 Anonymous object cannot extend a sealed class.
e: file:///Users/jim/work/v2superbikeshed/Trikeshed/src/commonMain/kotlin/borg/trikeshed/reactor/Reactor.kt:571:21 This type has a constructor, so it must be initialized here.
e: file:///Users/jim/work/v2superbikeshed/Trikeshed/src/commonMain/kotlin/borg/trikeshed/reactor/Reactor.kt:572:9 'execute' overrides nothing.
e: file:///Users/jim/work/v2superbikeshed/Trikeshed/src/commonMain/kotlin/borg/trikeshed/reactor/Reactor.kt:578:66 Unresolved reference 'CoroutineContext'.
e: file:///Users/jim/work/v2superbikeshed/Trikeshed/src/commonMain/kotlin/borg/trikeshed/reactor/Reactor.kt:579:21 Anonymous object cannot extend a sealed class.
e: file:///Users/jim/work/v2superbikeshed/Trikeshed/src/commonMain/kotlin/borg/trikeshed/reactor/Reactor.kt:579:21 This type has a constructor, so it must be initialized here.
e: file:///Users/jim/work/v2superbikeshed/Trikeshed/src/commonMain/kotlin/borg/trikeshed/reactor/Reactor.kt:580:9 'execute' overrides nothing.
e: file:///Users/jim/work/v2superbikeshed/Trikeshed/src/commonMain/kotlin/borg/trikeshed/reactor/Reactor.kt:586:63 Unresolved reference 'CoroutineContext'.
e: file:///Users/jim/work/v2superbikeshed/Trikeshed/src/commonMain/kotlin/borg/trikeshed/reactor/Reactor.kt:587:21 Anonymous object cannot extend a sealed class.
e: file:///Users/jim/work/v2superbikeshed/Trikeshed/src/commonMain/kotlin/borg/trikeshed/reactor/Reactor.kt:587:21 This type has a constructor, so it must be initialized here.
e: file:///Users/jim/work/v2superbikeshed/Trikeshed/src/commonMain/kotlin/borg/trikeshed/reactor/Reactor.kt:588:9 'execute' overrides nothing.
e: file:///Users/jim/work/v2superbikeshed/Trikeshed/src/commonMain/kotlin/borg/trikeshed/reactor/Reactor.kt:594:63 Unresolved reference 'CoroutineContext'.
e: file:///Users/jim/work/v2superbikeshed/Trikeshed/src/commonMain/kotlin/borg/trikeshed/reactor/Reactor.kt:595:21 Anonymous object cannot extend a sealed class.
e: file:///Users/jim/work/v2superbikeshed/Trikeshed/src/commonMain/kotlin/borg/trikeshed/reactor/Reactor.kt:595:21 This type has a constructor, so it must be initialized here.
e: file:///Users/jim/work/v2superbikeshed/Trikeshed/src/commonMain/kotlin/borg/trikeshed/reactor/Reactor.kt:596:9 'execute' overrides nothing.
e: file:///Users/jim/work/v2superbikeshed/Trikeshed/src/commonMain/kotlin/borg/trikeshed/reactor/Reactor.kt:602:64 Unresolved reference 'CoroutineContext'.
e: file:///Users/jim/work/v2superbikeshed/Trikeshed/src/commonMain/kotlin/borg/trikeshed/reactor/Reactor.kt:603:21 Anonymous object cannot extend a sealed class.
e: file:///Users/jim/work/v2superbikeshed/Trikeshed/src/commonMain/kotlin/borg/trikeshed/reactor/Reactor.kt:603:21 This type has a constructor, so it must be initialized here.
e: file:///Users/jim/work/v2superbikeshed/Trikeshed/src/commonMain/kotlin/borg/trikeshed/reactor/Reactor.kt:604:9 'execute' overrides nothing.
e: file:///Users/jim/work/v2superbikeshed/Trikeshed/src/commonMain/kotlin/borg/trikeshed/reactor/Reactor.kt:610:65 Unresolved reference 'CoroutineContext'.
e: file:///Users/jim/work/v2superbikeshed/Trikeshed/src/commonMain/kotlin/borg/trikeshed/reactor/Reactor.kt:611:21 Anonymous object cannot extend a sealed class.
e: file:///Users/jim/work/v2superbikeshed/Trikeshed/src/commonMain/kotlin/borg/trikeshed/reactor/Reactor.kt:611:21 This type has a constructor, so it must be initialized here.
e: file:///Users/jim/work/v2superbikeshed/Trikeshed/src/commonMain/kotlin/borg/trikeshed/reactor/Reactor.kt:612:9 'execute' overrides nothing.
e: file:///Users/jim/work/v2superbikeshed/Trikeshed/src/commonMain/kotlin/borg/trikeshed/reactor/Reactor.kt:618:63 Unresolved reference 'CoroutineContext'.
e: file:///Users/jim/work/v2superbikeshed/Trikeshed/src/commonMain/kotlin/borg/trikeshed/reactor/Reactor.kt:619:21 Anonymous object cannot extend a sealed class.
e: file:///Users/jim/work/v2superbikeshed/Trikeshed/src/commonMain/kotlin/borg/trikeshed/reactor/Reactor.kt:619:21 This type has a constructor, so it must be initialized here.
e: file:///Users/jim/work/v2superbikeshed/Trikeshed/src/commonMain/kotlin/borg/trikeshed/reactor/Reactor.kt:620:9 'execute' overrides nothing.
e: file:///Users/jim/work/v2superbikeshed/Trikeshed/src/commonMain/kotlin/borg/trikeshed/reactor/SelectableChannel.kt:30:11 Redeclaration:
actual interface ServerChannel : SelectableChannel
e: file:///Users/jim/work/v2superbikeshed/Trikeshed/src/commonMain/kotlin/borg/trikeshed/reactor/SelectableChannel.kt:35:11 Redeclaration:
actual class ClientChannel : Any
actual interface ClientChannel : SelectableChannel
e: file:///Users/jim/work/v2superbikeshed/Trikeshed/src/commonMain/kotlin/borg/trikeshed/reactor/http/Http2ProxyReactor.kt:12:12 No type arguments expected for class Reactor : Any.
e: file:///Users/jim/work/v2superbikeshed/Trikeshed/src/commonMain/kotlin/borg/trikeshed/reactor/http/HttpChannel.kt:11:1 Class 'HttpChannel' is not abstract and does not implement abstract members:
actual fun configureBlocking(block: Boolean): SelectableChannel
actual fun isBlocking(): Boolean
e: file:///Users/jim/work/v2superbikeshed/Trikeshed/src/commonMain/kotlin/borg/trikeshed/reactor/http/HttpChannel.kt:16:39 Unresolved reference 'CoroutineContext'.
e: file:///Users/jim/work/v2superbikeshed/Trikeshed/src/commonMain/kotlin/borg/trikeshed/reactor/http/HttpChannel.kt:17:35 Unresolved reference 'IO'.
e: file:///Users/jim/work/v2superbikeshed/Trikeshed/src/commonMain/kotlin/borg/trikeshed/reactor/http/HttpChannel.kt:36:5 'register' overrides nothing.
e: file:///Users/jim/work/v2superbikeshed/Trikeshed/src/commonMain/kotlin/borg/trikeshed/reactor/http/HttpStateMachine.kt:4:36 Unresolved reference 'formatRfc1123'.
e: file:///Users/jim/work/v2superbikeshed/Trikeshed/src/commonMain/kotlin/borg/trikeshed/reactor/http/HttpStateMachine.kt:19:23 Function invocation 'OP_READ(...)' expected.
e: file:///Users/jim/work/v2superbikeshed/Trikeshed/src/commonMain/kotlin/borg/trikeshed/reactor/http/HttpStateMachine.kt:19:23 Return type mismatch: expected 'Join<Int, UnaryAsyncReaction>?', actual 'Join<Operation, Function0<Join<Int, UnaryAsyncReaction>?>>'.
e: file:///Users/jim/work/v2superbikeshed/Trikeshed/src/commonMain/kotlin/borg/trikeshed/reactor/http/HttpStateMachine.kt:30:62 None of the following candidates is applicable:
fun Array<out Byte>.toByteArray(): ByteArray
fun Collection<Byte>.toByteArray(): ByteArray
fun UByteArray.toByteArray(): ByteArray
e: file:///Users/jim/work/v2superbikeshed/Trikeshed/src/commonMain/kotlin/borg/trikeshed/reactor/http/HttpStateMachine.kt:31:16 Function invocation 'OP_WRITE(...)' expected.
e: file:///Users/jim/work/v2superbikeshed/Trikeshed/src/commonMain/kotlin/borg/trikeshed/reactor/http/HttpStateMachine.kt:31:16 Return type mismatch: expected 'Join<Int, UnaryAsyncReaction>?', actual 'Join<Operation, Function1<Int, Join<Int, UnaryAsyncReaction>?>>'.
e: file:///Users/jim/work/v2superbikeshed/Trikeshed/src/commonMain/kotlin/borg/trikeshed/reactor/http/HttpStateMachine.kt:32:20 Unresolved reference 'write'.
e: file:///Users/jim/work/v2superbikeshed/Trikeshed/src/commonMain/kotlin/borg/trikeshed/reactor/http/HttpStateMachine.kt:45:23 Unresolved reference 'formatRfc1123'.
e: file:///Users/jim/work/v2superbikeshed/Trikeshed/src/commonMain/kotlin/borg/trikeshed/reactor/ipc/IpcChannel.kt:11:1 Class 'IpcChannel' is not abstract and does not implement abstract members:
actual fun configureBlocking(block: Boolean): SelectableChannel
actual fun isBlocking(): Boolean
e: file:///Users/jim/work/v2superbikeshed/Trikeshed/src/commonMain/kotlin/borg/trikeshed/reactor/ipc/IpcChannel.kt:16:38 Unresolved reference 'CoroutineContext'.
e: file:///Users/jim/work/v2superbikeshed/Trikeshed/src/commonMain/kotlin/borg/trikeshed/reactor/ipc/IpcChannel.kt:17:35 Unresolved reference 'IO'.
e: file:///Users/jim/work/v2superbikeshed/Trikeshed/src/commonMain/kotlin/borg/trikeshed/reactor/ipc/IpcChannel.kt:36:5 'register' overrides nothing.
e: file:///Users/jim/work/v2superbikeshed/Trikeshed/src/commonMain/kotlin/borg/trikeshed/reactor/ipc/IpcRouter.kt:10:12 No type arguments expected for class Reactor : Any.
e: file:///Users/jim/work/v2superbikeshed/Trikeshed/src/commonMain/kotlin/borg/trikeshed/reactor/quic/QuicChannel.kt:11:1 Class 'QuicChannel' is not abstract and does not implement abstract members:
actual fun configureBlocking(block: Boolean): SelectableChannel
actual fun isBlocking(): Boolean
e: file:///Users/jim/work/v2superbikeshed/Trikeshed/src/commonMain/kotlin/borg/trikeshed/reactor/quic/QuicChannel.kt:16:39 Unresolved reference 'CoroutineContext'.
e: file:///Users/jim/work/v2superbikeshed/Trikeshed/src/commonMain/kotlin/borg/trikeshed/reactor/quic/QuicChannel.kt:17:35 Unresolved reference 'IO'.
e: file:///Users/jim/work/v2superbikeshed/Trikeshed/src/commonMain/kotlin/borg/trikeshed/reactor/quic/QuicChannel.kt:36:5 'register' overrides nothing.
e: file:///Users/jim/work/v2superbikeshed/Trikeshed/src/commonMain/kotlin/borg/trikeshed/reactor/quic/QuicDsl.kt:3:27 Unresolved reference 'runBlocking'.
e: file:///Users/jim/work/v2superbikeshed/Trikeshed/src/commonMain/kotlin/borg/trikeshed/reactor/quic/QuicDsl.kt:30:5 Unresolved reference 'runBlocking'.
e: file:///Users/jim/work/v2superbikeshed/Trikeshed/src/commonMain/kotlin/borg/trikeshed/reactor/quic/QuicDsl.kt:31:9 Interface 'interface QuicServer : Any' does not have constructors.
e: file:///Users/jim/work/v2superbikeshed/Trikeshed/src/commonMain/kotlin/borg/trikeshed/reactor/quic/QuicDsl.kt:31:28 Unresolved reference 'start'.
e: file:///Users/jim/work/v2superbikeshed/Trikeshed/src/commonMain/kotlin/borg/trikeshed/reactor/quic/QuicServer.kt:4:27 Unresolved reference 's_'.
e: file:///Users/jim/work/v2superbikeshed/Trikeshed/src/commonMain/kotlin/borg/trikeshed/reactor/quic/QuicServer.kt:9:8 Unresolved reference 'java'.
e: file:///Users/jim/work/v2superbikeshed/Trikeshed/src/commonMain/kotlin/borg/trikeshed/reactor/quic/QuicServer.kt:10:8 Unresolved reference 'java'.
e: file:///Users/jim/work/v2superbikeshed/Trikeshed/src/commonMain/kotlin/borg/trikeshed/reactor/quic/QuicServer.kt:11:8 Unresolved reference 'java'.
e: file:///Users/jim/work/v2superbikeshed/Trikeshed/src/commonMain/kotlin/borg/trikeshed/reactor/quic/QuicServer.kt:22:11 Redeclaration:
class QuicServer : Any
e: file:///Users/jim/work/v2superbikeshed/Trikeshed/src/commonMain/kotlin/borg/trikeshed/reactor/quic/QuicServer.kt:28:7 Redeclaration:
interface QuicServer : Any
e: file:///Users/jim/work/v2superbikeshed/Trikeshed/src/commonMain/kotlin/borg/trikeshed/reactor/quic/QuicServer.kt:31:23 Unresolved reference 'DatagramChannel'.
e: file:///Users/jim/work/v2superbikeshed/Trikeshed/src/commonMain/kotlin/borg/trikeshed/reactor/quic/QuicServer.kt:33:22 Unresolved reference 'InetSocketAddress'.
e: file:///Users/jim/work/v2superbikeshed/Trikeshed/src/commonMain/kotlin/borg/trikeshed/reactor/quic/QuicServer.kt:33:40 Unresolved reference 'config'.
e: file:///Users/jim/work/v2superbikeshed/Trikeshed/src/commonMain/kotlin/borg/trikeshed/reactor/quic/QuicServer.kt:33:53 Unresolved reference 'config'.
e: file:///Users/jim/work/v2superbikeshed/Trikeshed/src/commonMain/kotlin/borg/trikeshed/reactor/quic/QuicServer.kt:35:48 Unresolved reference 'config'.
e: file:///Users/jim/work/v2superbikeshed/Trikeshed/src/commonMain/kotlin/borg/trikeshed/reactor/quic/QuicServer.kt:37:40 Unresolved reference 'InetSocketAddress'.
e: file:///Users/jim/work/v2superbikeshed/Trikeshed/src/commonMain/kotlin/borg/trikeshed/reactor/quic/QuicServer.kt:40:37 Unresolved reference 'allocate'.
e: file:///Users/jim/work/v2superbikeshed/Trikeshed/src/commonMain/kotlin/borg/trikeshed/reactor/quic/QuicServer.kt:40:46 Unresolved reference 'config'.
e: file:///Users/jim/work/v2superbikeshed/Trikeshed/src/commonMain/kotlin/borg/trikeshed/reactor/quic/QuicServer.kt:41:61 Unresolved reference 'InetSocketAddress'.
e: file:///Users/jim/work/v2superbikeshed/Trikeshed/src/commonMain/kotlin/borg/trikeshed/reactor/quic/QuicServer.kt:46:60 Unresolved reference 'config'.
e: file:///Users/jim/work/v2superbikeshed/Trikeshed/src/commonMain/kotlin/borg/trikeshed/reactor/quic/QuicServer.kt:56:32 Unresolved reference 'InetSocketAddress'.
e: file:///Users/jim/work/v2superbikeshed/Trikeshed/src/commonMain/kotlin/borg/trikeshed/reactor/quic/QuicServer.kt:57:26 Unresolved reference 'DatagramChannel'.
e: file:///Users/jim/work/v2superbikeshed/Trikeshed/src/commonMain/kotlin/borg/trikeshed/reactor/quic/QuicServer.kt:76:17 Unresolved reference 'send'.
e: file:///Users/jim/work/v2superbikeshed/Trikeshed/src/commonMain/kotlin/borg/trikeshed/reactor/quic/QuicServer.kt:92:31 Unresolved reference 'allocate'.
e: file:///Users/jim/work/v2superbikeshed/Trikeshed/src/commonMain/kotlin/borg/trikeshed/reactor/quic/QuicServer.kt:107:35 Unresolved reference 's_'.
e: file:///Users/jim/work/v2superbikeshed/Trikeshed/src/commonMain/kotlin/borg/trikeshed/reactor/quic/QuicServer.kt:113:46 Unresolved reference 'wrap'.
e: file:///Users/jim/work/v2superbikeshed/Trikeshed/src/commonMain/kotlin/borg/trikeshed/reactor/socks/Socks5Demo.kt:33:9 Unresolved reference 'Socks5Evolution'.
e: file:///Users/jim/work/v2superbikeshed/Trikeshed/src/commonMain/kotlin/borg/trikeshed/reactor/socks/Socks5Demo.kt:44:54 Overload resolution ambiguity between candidates:
fun ByteArray.toIndexed(): Join<Int, Function1<Int, Byte>>
fun <T> Any.toIndexed(): Join<Int, Function1<Int, T>>
fun ByteArray.toIndexed(): Join<Int, Function1<Int, Byte>>
e: file:///Users/jim/work/v2superbikeshed/Trikeshed/src/commonMain/kotlin/borg/trikeshed/reactor/socks/Socks5Demo.kt:46:23 Unresolved reference 'Socks5Evolution'.
e: file:///Users/jim/work/v2superbikeshed/Trikeshed/src/commonMain/kotlin/borg/trikeshed/reactor/socks/Socks5Demo.kt:49:44 Unresolved reference 'format'.
e: file:///Users/jim/work/v2superbikeshed/Trikeshed/src/commonMain/kotlin/borg/trikeshed/reactor/socks/Socks5Demo.kt:49:59 Unresolved reference 'version'.
e: file:///Users/jim/work/v2superbikeshed/Trikeshed/src/commonMain/kotlin/borg/trikeshed/reactor/socks/Socks5Demo.kt:49:75 Unresolved reference 'and'.
e: file:///Users/jim/work/v2superbikeshed/Trikeshed/src/commonMain/kotlin/borg/trikeshed/reactor/socks/Socks5Demo.kt:50:46 Unresolved reference 'methods'.
e: file:///Users/jim/work/v2superbikeshed/Trikeshed/src/commonMain/kotlin/borg/trikeshed/reactor/socks/Socks5Demo.kt:51:49 Unresolved reference 'scanCount'.
e: file:///Users/jim/work/v2superbikeshed/Trikeshed/src/commonMain/kotlin/borg/trikeshed/reactor/socks/Socks5Demo.kt:53:28 Unresolved reference 'Socks5Evolution'.
e: file:///Users/jim/work/v2superbikeshed/Trikeshed/src/commonMain/kotlin/borg/trikeshed/reactor/socks/Socks5Demo.kt:53:68 Unresolved reference 'Socks5Evolution'.
e: file:///Users/jim/work/v2superbikeshed/Trikeshed/src/commonMain/kotlin/borg/trikeshed/reactor/socks/Socks5Demo.kt:70:52 Overload resolution ambiguity between candidates:
fun ByteArray.toIndexed(): Join<Int, Function1<Int, Byte>>
fun <T> Any.toIndexed(): Join<Int, Function1<Int, T>>
fun ByteArray.toIndexed(): Join<Int, Function1<Int, Byte>>
e: file:///Users/jim/work/v2superbikeshed/Trikeshed/src/commonMain/kotlin/borg/trikeshed/reactor/socks/Socks5Demo.kt:72:23 Unresolved reference 'Socks5Evolution'.
e: file:///Users/jim/work/v2superbikeshed/Trikeshed/src/commonMain/kotlin/borg/trikeshed/reactor/socks/Socks5Demo.kt:75:44 Unresolved reference 'format'.
e: file:///Users/jim/work/v2superbikeshed/Trikeshed/src/commonMain/kotlin/borg/trikeshed/reactor/socks/Socks5Demo.kt:75:59 Unresolved reference 'version'.
e: file:///Users/jim/work/v2superbikeshed/Trikeshed/src/commonMain/kotlin/borg/trikeshed/reactor/socks/Socks5Demo.kt:75:75 Unresolved reference 'and'.
e: file:///Users/jim/work/v2superbikeshed/Trikeshed/src/commonMain/kotlin/borg/trikeshed/reactor/socks/Socks5Demo.kt:76:69 Unresolved reference 'command'.
e: file:///Users/jim/work/v2superbikeshed/Trikeshed/src/commonMain/kotlin/borg/trikeshed/reactor/socks/Socks5Demo.kt:76:81 Unresolved reference 'format'.
e: file:///Users/jim/work/v2superbikeshed/Trikeshed/src/commonMain/kotlin/borg/trikeshed/reactor/socks/Socks5Demo.kt:76:96 Unresolved reference 'command'.
e: file:///Users/jim/work/v2superbikeshed/Trikeshed/src/commonMain/kotlin/borg/trikeshed/reactor/socks/Socks5Demo.kt:76:112 Unresolved reference 'and'.
e: file:///Users/jim/work/v2superbikeshed/Trikeshed/src/commonMain/kotlin/borg/trikeshed/reactor/socks/Socks5Demo.kt:77:78 Unresolved reference 'addressType'.
e: file:///Users/jim/work/v2superbikeshed/Trikeshed/src/commonMain/kotlin/borg/trikeshed/reactor/socks/Socks5Demo.kt:77:94 Unresolved reference 'format'.
e: file:///Users/jim/work/v2superbikeshed/Trikeshed/src/commonMain/kotlin/borg/trikeshed/reactor/socks/Socks5Demo.kt:77:109 Unresolved reference 'addressType'.
e: file:///Users/jim/work/v2superbikeshed/Trikeshed/src/commonMain/kotlin/borg/trikeshed/reactor/socks/Socks5Demo.kt:77:129 Unresolved reference 'and'.
e: file:///Users/jim/work/v2superbikeshed/Trikeshed/src/commonMain/kotlin/borg/trikeshed/reactor/socks/Socks5Demo.kt:78:50 Unresolved reference 'destinationAddress'.
e: file:///Users/jim/work/v2superbikeshed/Trikeshed/src/commonMain/kotlin/borg/trikeshed/reactor/socks/Socks5Demo.kt:78:94 Unresolved reference 'destinationPort'.
e: file:///Users/jim/work/v2superbikeshed/Trikeshed/src/commonMain/kotlin/borg/trikeshed/reactor/socks/Socks5Demo.kt:79:49 Unresolved reference 'scanCount'.
e: file:///Users/jim/work/v2superbikeshed/Trikeshed/src/commonMain/kotlin/borg/trikeshed/reactor/socks/Socks5Demo.kt:81:28 Unresolved reference 'Socks5Evolution'.
e: file:///Users/jim/work/v2superbikeshed/Trikeshed/src/commonMain/kotlin/borg/trikeshed/reactor/socks/Socks5Demo.kt:82:25 Unresolved reference 'Socks5Evolution'.
e: file:///Users/jim/work/v2superbikeshed/Trikeshed/src/commonMain/kotlin/borg/trikeshed/reactor/socks/Socks5Demo.kt:83:39 Unresolved reference 'addressType'.
e: file:///Users/jim/work/v2superbikeshed/Trikeshed/src/commonMain/kotlin/borg/trikeshed/reactor/socks/Socks5Demo.kt:84:40 Unresolved reference 'destinationAddress'.
e: file:///Users/jim/work/v2superbikeshed/Trikeshed/src/commonMain/kotlin/borg/trikeshed/reactor/socks/Socks5Demo.kt:85:37 Unresolved reference 'destinationPort'.
e: file:///Users/jim/work/v2superbikeshed/Trikeshed/src/commonMain/kotlin/borg/trikeshed/reactor/socks/Socks5Demo.kt:103:63 Overload resolution ambiguity between candidates:
fun ByteArray.toIndexed(): Join<Int, Function1<Int, Byte>>
fun <T> Any.toIndexed(): Join<Int, Function1<Int, T>>
fun ByteArray.toIndexed(): Join<Int, Function1<Int, Byte>>
e: file:///Users/jim/work/v2superbikeshed/Trikeshed/src/commonMain/kotlin/borg/trikeshed/reactor/socks/Socks5Demo.kt:105:32 Unresolved reference 'Socks5Evolution'.
e: file:///Users/jim/work/v2superbikeshed/Trikeshed/src/commonMain/kotlin/borg/trikeshed/reactor/socks/Socks5Demo.kt:107:44 Unresolved reference 'scanCount'.
e: file:///Users/jim/work/v2superbikeshed/Trikeshed/src/commonMain/kotlin/borg/trikeshed/reactor/socks/Socks5Demo.kt:108:65 Unresolved reference 'scanCount'.
e: file:///Users/jim/work/v2superbikeshed/Trikeshed/src/commonMain/kotlin/borg/trikeshed/reactor/socks/Socks5Demo.kt:110:37 Unresolved reference 'Socks5Evolution'.
e: file:///Users/jim/work/v2superbikeshed/Trikeshed/src/commonMain/kotlin/borg/trikeshed/reactor/socks/Socks5Demo.kt:110:77 Unresolved reference 'Socks5Evolution'.
e: file:///Users/jim/work/v2superbikeshed/Trikeshed/src/commonMain/kotlin/borg/trikeshed/reactor/socks/Socks5Demo.kt:121:59 Overload resolution ambiguity between candidates:
fun ByteArray.toIndexed(): Join<Int, Function1<Int, Byte>>
fun <T> Any.toIndexed(): Join<Int, Function1<Int, T>>
fun ByteArray.toIndexed(): Join<Int, Function1<Int, Byte>>
e: file:///Users/jim/work/v2superbikeshed/Trikeshed/src/commonMain/kotlin/borg/trikeshed/reactor/socks/Socks5Demo.kt:123:28 Unresolved reference 'Socks5Evolution'.
e: file:///Users/jim/work/v2superbikeshed/Trikeshed/src/commonMain/kotlin/borg/trikeshed/reactor/socks/Socks5Demo.kt:125:40 Unresolved reference 'scanCount'.
e: file:///Users/jim/work/v2superbikeshed/Trikeshed/src/commonMain/kotlin/borg/trikeshed/reactor/socks/Socks5Demo.kt:126:57 Unresolved reference 'scanCount'.
e: file:///Users/jim/work/v2superbikeshed/Trikeshed/src/commonMain/kotlin/borg/trikeshed/reactor/socks/Socks5Demo.kt:128:33 Unresolved reference 'Socks5Evolution'.
e: file:///Users/jim/work/v2superbikeshed/Trikeshed/src/commonMain/kotlin/borg/trikeshed/reactor/socks/Socks5Demo.kt:129:25 Unresolved reference 'Socks5Evolution'.
e: file:///Users/jim/work/v2superbikeshed/Trikeshed/src/commonMain/kotlin/borg/trikeshed/reactor/socks/Socks5Demo.kt:130:44 Unresolved reference 'addressType'.
e: file:///Users/jim/work/v2superbikeshed/Trikeshed/src/commonMain/kotlin/borg/trikeshed/reactor/socks/Socks5Demo.kt:131:45 Unresolved reference 'destinationAddress'.
e: file:///Users/jim/work/v2superbikeshed/Trikeshed/src/commonMain/kotlin/borg/trikeshed/reactor/socks/Socks5Demo.kt:132:42 Unresolved reference 'destinationPort'.
e: file:///Users/jim/work/v2superbikeshed/Trikeshed/src/commonMain/kotlin/borg/trikeshed/reactor/socks/Socks5Demo.kt:176:67 Unresolved reference 'format'.
e: file:///Users/jim/work/v2superbikeshed/Trikeshed/src/commonMain/kotlin/borg/trikeshed/reactor/socks/Socks5Demo.kt:178:45 Overload resolution ambiguity between candidates:
fun ByteArray.toIndexed(): Join<Int, Function1<Int, Byte>>
fun <T> Any.toIndexed(): Join<Int, Function1<Int, T>>
fun ByteArray.toIndexed(): Join<Int, Function1<Int, Byte>>
e: file:///Users/jim/work/v2superbikeshed/Trikeshed/src/commonMain/kotlin/borg/trikeshed/reactor/socks/Socks5Demo.kt:179:23 Unresolved reference 'Socks5Evolution'.
e: file:///Users/jim/work/v2superbikeshed/Trikeshed/src/commonMain/kotlin/borg/trikeshed/reactor/socks/Socks5Demo.kt:182:41 Unresolved reference 'addressType'.
e: file:///Users/jim/work/v2superbikeshed/Trikeshed/src/commonMain/kotlin/borg/trikeshed/reactor/socks/Socks5Demo.kt:183:17 Unresolved reference 'Socks5Evolution'.
e: file:///Users/jim/work/v2superbikeshed/Trikeshed/src/commonMain/kotlin/borg/trikeshed/reactor/socks/Socks5Demo.kt:183:54 Unresolved reference 'destinationAddress'.
e: file:///Users/jim/work/v2superbikeshed/Trikeshed/src/commonMain/kotlin/borg/trikeshed/reactor/socks/Socks5Demo.kt:184:17 Unresolved reference 'Socks5Evolution'.
e: file:///Users/jim/work/v2superbikeshed/Trikeshed/src/commonMain/kotlin/borg/trikeshed/reactor/socks/Socks5Demo.kt:184:56 Unresolved reference 'destinationAddress'.
e: file:///Users/jim/work/v2superbikeshed/Trikeshed/src/commonMain/kotlin/borg/trikeshed/reactor/socks/Socks5Demo.kt:185:17 Unresolved reference 'Socks5Evolution'.
e: file:///Users/jim/work/v2superbikeshed/Trikeshed/src/commonMain/kotlin/borg/trikeshed/reactor/socks/Socks5Demo.kt:185:54 Unresolved reference 'destinationAddress'.
e: file:///Users/jim/work/v2superbikeshed/Trikeshed/src/commonMain/kotlin/borg/trikeshed/reactor/socks/Socks5Demo.kt:188:54 Unresolved reference 'destinationPort'.
e: file:///Users/jim/work/v2superbikeshed/Trikeshed/src/commonMain/kotlin/borg/trikeshed/reactor/socks/Socks5Demo.kt:188:82 Unresolved reference 'scanCount'.
e: file:///Users/jim/work/v2superbikeshed/Trikeshed/src/commonMain/kotlin/borg/trikeshed/reactor/socks/Socks5Demo.kt:196:13 Unresolved reference 'Socks5Evolution'.
e: file:///Users/jim/work/v2superbikeshed/Trikeshed/src/commonMain/kotlin/borg/trikeshed/reactor/socks/Socks5Demo.kt:197:13 Unresolved reference 'Socks5Evolution'.
e: file:///Users/jim/work/v2superbikeshed/Trikeshed/src/commonMain/kotlin/borg/trikeshed/reactor/socks/Socks5Demo.kt:198:13 Unresolved reference 'Socks5Evolution'.
e: file:///Users/jim/work/v2superbikeshed/Trikeshed/src/commonMain/kotlin/borg/trikeshed/reactor/socks/Socks5Demo.kt:205:13 Unresolved reference 'Socks5Evolution'.
e: file:///Users/jim/work/v2superbikeshed/Trikeshed/src/commonMain/kotlin/borg/trikeshed/reactor/socks/Socks5Demo.kt:206:13 Unresolved reference 'Socks5Evolution'.
e: file:///Users/jim/work/v2superbikeshed/Trikeshed/src/commonMain/kotlin/borg/trikeshed/reactor/socks/Socks5Demo.kt:207:13 Unresolved reference 'Socks5Evolution'.
e: file:///Users/jim/work/v2superbikeshed/Trikeshed/src/commonMain/kotlin/borg/trikeshed/reactor/socks/Socks5Demo.kt:218:20 Unresolved reference 'Socks5Evolution'.
e: file:///Users/jim/work/v2superbikeshed/Trikeshed/src/commonMain/kotlin/borg/trikeshed/reactor/socks/Socks5Demo.kt:218:49 Unresolved reference 'Socks5Evolution'.
e: file:///Users/jim/work/v2superbikeshed/Trikeshed/src/commonMain/kotlin/borg/trikeshed/reactor/socks/Socks5Demo.kt:219:36 Unresolved reference 'Socks5Evolution'.
e: file:///Users/jim/work/v2superbikeshed/Trikeshed/src/commonMain/kotlin/borg/trikeshed/reactor/socks/Socks5Demo.kt:220:22 Unresolved reference 'Socks5Evolution'.
e: file:///Users/jim/work/v2superbikeshed/Trikeshed/src/commonMain/kotlin/borg/trikeshed/reactor/socks/Socks5Recursive.kt:221:25 Cannot infer type for this parameter. Specify it explicitly.
e: file:///Users/jim/work/v2superbikeshed/Trikeshed/src/commonMain/kotlin/borg/trikeshed/reactor/socks/Socks5Recursive.kt:221:25 Not enough information to infer type argument for 'B'.
e: file:///Users/jim/work/v2superbikeshed/Trikeshed/src/commonMain/kotlin/borg/trikeshed/reactor/socks/Socks5Recursive.kt:221:29 Cannot infer type for this parameter. Specify it explicitly.
e: file:///Users/jim/work/v2superbikeshed/Trikeshed/src/commonMain/kotlin/borg/trikeshed/reactor/socks/Socks5Recursive.kt:223:16 Cannot infer type for this parameter. Specify it explicitly.
e: file:///Users/jim/work/v2superbikeshed/Trikeshed/src/commonMain/kotlin/borg/trikeshed/reactor/socks/Socks5Recursive.kt:223:16 Not enough information to infer type argument for 'A'.
e: file:///Users/jim/work/v2superbikeshed/Trikeshed/src/commonMain/kotlin/borg/trikeshed/reactor/socks/Socks5Recursive.kt:266:28 None of the following candidates is applicable:
fun <T> Join<Int, Function1<Int, Join<Any?, TypeMemento>>>.get(column: Column<T>): T?
fun <T : Any> JsReference<T>.get(): T
e: file:///Users/jim/work/v2superbikeshed/Trikeshed/src/commonMain/kotlin/borg/trikeshed/reactor/socks/Socks5Recursive.kt:267:36 Unresolved reference 'scanCount'.
e: file:///Users/jim/work/v2superbikeshed/Trikeshed/src/commonMain/kotlin/borg/trikeshed/reactor/socks/Socks5Recursive.kt:341:56 Unresolved reference 'format'.
e: file:///Users/jim/work/v2superbikeshed/Trikeshed/src/commonMain/kotlin/borg/trikeshed/reactor/socks/Socks5Recursive.kt:369:54 Overload resolution ambiguity between candidates:
fun ByteArray.toIndexed(): Join<Int, Function1<Int, Byte>>
fun <T> Any.toIndexed(): Join<Int, Function1<Int, T>>
fun ByteArray.toIndexed(): Join<Int, Function1<Int, Byte>>
e: file:///Users/jim/work/v2superbikeshed/Trikeshed/src/commonMain/kotlin/borg/trikeshed/reactor/socks/Socks5Recursive.kt:388:63 Overload resolution ambiguity between candidates:
fun ByteArray.toIndexed(): Join<Int, Function1<Int, Byte>>
fun <T> Any.toIndexed(): Join<Int, Function1<Int, T>>
fun ByteArray.toIndexed(): Join<Int, Function1<Int, Byte>>
e: file:///Users/jim/work/v2superbikeshed/Trikeshed/src/commonMain/kotlin/borg/trikeshed/reactor/socks/Socks5Recursive.kt:393:59 Overload resolution ambiguity between candidates:
fun ByteArray.toIndexed(): Join<Int, Function1<Int, Byte>>
fun <T> Any.toIndexed(): Join<Int, Function1<Int, T>>
fun ByteArray.toIndexed(): Join<Int, Function1<Int, Byte>>
e: file:///Users/jim/work/v2superbikeshed/Trikeshed/src/commonMain/kotlin/borg/trikeshed/reactor/socks/Socks5Recursive.kt:405:76 Overload resolution ambiguity between candidates:
fun ByteArray.toIndexed(): Join<Int, Function1<Int, Byte>>
fun <T> Any.toIndexed(): Join<Int, Function1<Int, T>>
fun ByteArray.toIndexed(): Join<Int, Function1<Int, Byte>>
e: file:///Users/jim/work/v2superbikeshed/Trikeshed/src/commonMain/kotlin/borg/trikeshed/reactor/socks/Socks5Simple.kt:33:35 Cannot infer type for this parameter. Specify it explicitly.
e: file:///Users/jim/work/v2superbikeshed/Trikeshed/src/commonMain/kotlin/borg/trikeshed/reactor/socks/Socks5Simple.kt:33:35 Not enough information to infer type argument for 'B'.
e: file:///Users/jim/work/v2superbikeshed/Trikeshed/src/commonMain/kotlin/borg/trikeshed/reactor/socks/Socks5Simple.kt:33:39 Cannot infer type for this parameter. Specify it explicitly.
e: file:///Users/jim/work/v2superbikeshed/Trikeshed/src/commonMain/kotlin/borg/trikeshed/reactor/socks/Socks5Simple.kt:55:33 Cannot infer type for this parameter. Specify it explicitly.
e: file:///Users/jim/work/v2superbikeshed/Trikeshed/src/commonMain/kotlin/borg/trikeshed/reactor/socks/Socks5Simple.kt:55:33 Not enough information to infer type argument for 'B'.
e: file:///Users/jim/work/v2superbikeshed/Trikeshed/src/commonMain/kotlin/borg/trikeshed/reactor/socks/Socks5Simple.kt:55:37 Cannot infer type for this parameter. Specify it explicitly.
e: file:///Users/jim/work/v2superbikeshed/Trikeshed/src/commonMain/kotlin/borg/trikeshed/reactor/socks/Socks5Simple.kt:99:49 None of the following candidates is applicable:
fun <T> Join<Int, Function1<Int, Join<Any?, TypeMemento>>>.get(column: Column<T>): T?
fun <T : Any> JsReference<T>.get(): T
e: file:///Users/jim/work/v2superbikeshed/Trikeshed/src/commonMain/kotlin/borg/trikeshed/reactor/socks/Socks5Simple.kt:126:56 Unresolved reference 'format'.
e: file:///Users/jim/work/v2superbikeshed/Trikeshed/src/commonMain/kotlin/borg/trikeshed/reactor/socks/Socks5Simple.kt:172:54 Overload resolution ambiguity between candidates:
fun ByteArray.toIndexed(): Join<Int, Function1<Int, Byte>>
fun <T> Any.toIndexed(): Join<Int, Function1<Int, T>>
fun ByteArray.toIndexed(): Join<Int, Function1<Int, Byte>>
e: file:///Users/jim/work/v2superbikeshed/Trikeshed/src/commonMain/kotlin/borg/trikeshed/reactor/socks/Socks5Simple.kt:177:44 Unresolved reference 'format'.
e: file:///Users/jim/work/v2superbikeshed/Trikeshed/src/commonMain/kotlin/borg/trikeshed/reactor/socks/Socks5Simple.kt:195:52 Overload resolution ambiguity between candidates:
fun ByteArray.toIndexed(): Join<Int, Function1<Int, Byte>>
fun <T> Any.toIndexed(): Join<Int, Function1<Int, T>>
fun ByteArray.toIndexed(): Join<Int, Function1<Int, Byte>>
e: file:///Users/jim/work/v2superbikeshed/Trikeshed/src/commonMain/kotlin/borg/trikeshed/reactor/socks/Socks5Simple.kt:200:44 Unresolved reference 'format'.
e: file:///Users/jim/work/v2superbikeshed/Trikeshed/src/commonMain/kotlin/borg/trikeshed/reactor/socks/Socks5Simple.kt:201:54 Unresolved reference 'format'.
e: file:///Users/jim/work/v2superbikeshed/Trikeshed/src/commonMain/kotlin/borg/trikeshed/reactor/socks/Socks5Simple.kt:202:56 Unresolved reference 'format'.
e: file:///Users/jim/work/v2superbikeshed/Trikeshed/src/commonMain/kotlin/borg/trikeshed/reactor/socks/Socks5Simple.kt:223:63 Overload resolution ambiguity between candidates:
fun ByteArray.toIndexed(): Join<Int, Function1<Int, Byte>>
fun <T> Any.toIndexed(): Join<Int, Function1<Int, T>>
fun ByteArray.toIndexed(): Join<Int, Function1<Int, Byte>>
e: file:///Users/jim/work/v2superbikeshed/Trikeshed/src/commonMain/kotlin/borg/trikeshed/reactor/socks/Socks5Simple.kt:237:59 Overload resolution ambiguity between candidates:
fun ByteArray.toIndexed(): Join<Int, Function1<Int, Byte>>
fun <T> Any.toIndexed(): Join<Int, Function1<Int, T>>
fun ByteArray.toIndexed(): Join<Int, Function1<Int, Byte>>
e: file:///Users/jim/work/v2superbikeshed/Trikeshed/src/commonMain/kotlin/borg/trikeshed/reactor/socks/Socks5Simple.kt:256:21 Not enough information to infer type argument for 'K'.
e: file:///Users/jim/work/v2superbikeshed/Trikeshed/src/commonMain/kotlin/borg/trikeshed/reactor/socks/Socks5Simple.kt:257:41 Cannot infer type for this parameter. Specify it explicitly.
e: file:///Users/jim/work/v2superbikeshed/Trikeshed/src/commonMain/kotlin/borg/trikeshed/reactor/socks/Socks5Simple.kt:257:41 Not enough information to infer type argument for 'B'.
e: file:///Users/jim/work/v2superbikeshed/Trikeshed/src/commonMain/kotlin/borg/trikeshed/reactor/socks/Socks5Simple.kt:257:45 Cannot infer type for this parameter. Specify it explicitly.
e: file:///Users/jim/work/v2superbikeshed/Trikeshed/src/commonMain/kotlin/borg/trikeshed/reactor/socks/Socks5Simple.kt:261:33 Cannot infer type for this parameter. Specify it explicitly.
e: file:///Users/jim/work/v2superbikeshed/Trikeshed/src/commonMain/kotlin/borg/trikeshed/reactor/socks/Socks5Simple.kt:261:33 Not enough information to infer type argument for 'A'.
e: file:///Users/jim/work/v2superbikeshed/Trikeshed/src/commonMain/kotlin/borg/trikeshed/reactor/socks/Socks5Simple.kt:264:17 Unresolved reference 'ATYP_DOMAINNAME'.
e: file:///Users/jim/work/v2superbikeshed/Trikeshed/src/commonMain/kotlin/borg/trikeshed/reactor/socks/Socks5Simple.kt:267:25 Not enough information to infer type argument for 'K'.
e: file:///Users/jim/work/v2superbikeshed/Trikeshed/src/commonMain/kotlin/borg/trikeshed/reactor/socks/Socks5Simple.kt:268:55 Cannot infer type for this parameter. Specify it explicitly.
e: file:///Users/jim/work/v2superbikeshed/Trikeshed/src/commonMain/kotlin/borg/trikeshed/reactor/socks/Socks5Simple.kt:268:55 Not enough information to infer type argument for 'B'.
e: file:///Users/jim/work/v2superbikeshed/Trikeshed/src/commonMain/kotlin/borg/trikeshed/reactor/socks/Socks5Simple.kt:268:59 Cannot infer type for this parameter. Specify it explicitly.
e: file:///Users/jim/work/v2superbikeshed/Trikeshed/src/commonMain/kotlin/borg/trikeshed/reactor/socks/Socks5Simple.kt:272:36 Cannot infer type for this parameter. Specify it explicitly.
e: file:///Users/jim/work/v2superbikeshed/Trikeshed/src/commonMain/kotlin/borg/trikeshed/reactor/socks/Socks5Simple.kt:272:36 Not enough information to infer type argument for 'A'.
e: file:///Users/jim/work/v2superbikeshed/Trikeshed/src/commonMain/kotlin/borg/trikeshed/reactor/socks/Socks5Simple.kt:276:17 Unresolved reference 'ATYP_IPV6'.
e: file:///Users/jim/work/v2superbikeshed/Trikeshed/src/commonMain/kotlin/borg/trikeshed/reactor/socks/Socks5Simple.kt:277:21 Not enough information to infer type argument for 'K'.
e: file:///Users/jim/work/v2superbikeshed/Trikeshed/src/commonMain/kotlin/borg/trikeshed/reactor/socks/Socks5Simple.kt:278:42 Cannot infer type for this parameter. Specify it explicitly.
e: file:///Users/jim/work/v2superbikeshed/Trikeshed/src/commonMain/kotlin/borg/trikeshed/reactor/socks/Socks5Simple.kt:278:42 Not enough information to infer type argument for 'B'.
e: file:///Users/jim/work/v2superbikeshed/Trikeshed/src/commonMain/kotlin/borg/trikeshed/reactor/socks/Socks5Simple.kt:278:46 Cannot infer type for this parameter. Specify it explicitly.
e: file:///Users/jim/work/v2superbikeshed/Trikeshed/src/commonMain/kotlin/borg/trikeshed/reactor/socks/Socks5Simple.kt:282:33 Cannot infer type for this parameter. Specify it explicitly.
e: file:///Users/jim/work/v2superbikeshed/Trikeshed/src/commonMain/kotlin/borg/trikeshed/reactor/socks/Socks5Simple.kt:282:33 Not enough information to infer type argument for 'A'.
e: file:///Users/jim/work/v2superbikeshed/Trikeshed/src/commonMain/kotlin/borg/trikeshed/reactor/socks/Socks5Simple.kt:312:57 None of the following candidates is applicable:
fun <T> Join<Int, Function1<Int, Join<Any?, TypeMemento>>>.get(column: Column<T>): T?
fun <T : Any> JsReference<T>.get(): T
e: file:///Users/jim/work/v2superbikeshed/Trikeshed/src/commonMain/kotlin/borg/trikeshed/reactor/socks/SocksChannel.kt:11:1 Class 'SocksChannel' is not abstract and does not implement abstract members:
actual fun configureBlocking(block: Boolean): SelectableChannel
actual fun isBlocking(): Boolean
e: file:///Users/jim/work/v2superbikeshed/Trikeshed/src/commonMain/kotlin/borg/trikeshed/reactor/socks/SocksChannel.kt:16:40 Unresolved reference 'CoroutineContext'.
e: file:///Users/jim/work/v2superbikeshed/Trikeshed/src/commonMain/kotlin/borg/trikeshed/reactor/socks/SocksChannel.kt:17:28 Unresolved reference 'IO'.
e: file:///Users/jim/work/v2superbikeshed/Trikeshed/src/commonMain/kotlin/borg/trikeshed/reactor/socks/SocksChannel.kt:28:5 'register' overrides nothing.
e: file:///Users/jim/work/v2superbikeshed/Trikeshed/src/commonMain/kotlin/borg/trikeshed/reactor/socks/SocksChannel.kt:52:68 No value passed for parameter 'a'.
e: file:///Users/jim/work/v2superbikeshed/Trikeshed/src/commonMain/kotlin/borg/trikeshed/reactor/socks/SocksChannel.kt:52:68 No value passed for parameter 'b'.
e: file:///Users/jim/work/v2superbikeshed/Trikeshed/src/commonMain/kotlin/borg/trikeshed/reactor/socks/SocksFactory.kt:442:23 None of the following candidates is applicable:
fun <T> Join<Int, Function1<Int, Join<Any?, TypeMemento>>>.get(column: Column<T>): T?
fun <T : Any> JsReference<T>.get(): T
e: file:///Users/jim/work/v2superbikeshed/Trikeshed/src/commonMain/kotlin/borg/trikeshed/reactor/socks/SocksFactory.kt:443:23 None of the following candidates is applicable:
fun <T> Join<Int, Function1<Int, Join<Any?, TypeMemento>>>.get(column: Column<T>): T?
fun <T : Any> JsReference<T>.get(): T
e: file:///Users/jim/work/v2superbikeshed/Trikeshed/src/commonMain/kotlin/borg/trikeshed/reactor/socks/SocksFactory.kt:444:24 None of the following candidates is applicable:
fun <T> Join<Int, Function1<Int, Join<Any?, TypeMemento>>>.get(column: Column<T>): T?
fun <T : Any> JsReference<T>.get(): T
e: file:///Users/jim/work/v2superbikeshed/Trikeshed/src/commonMain/kotlin/borg/trikeshed/reactor/socks/SocksFactory.kt:445:27 None of the following candidates is applicable:
fun <T> Join<Int, Function1<Int, Join<Any?, TypeMemento>>>.get(column: Column<T>): T?
fun <T : Any> JsReference<T>.get(): T
e: file:///Users/jim/work/v2superbikeshed/Trikeshed/src/commonMain/kotlin/borg/trikeshed/reactor/socks/SocksFactory.kt:484:21 None of the following candidates is applicable:
fun <T> Join<Int, Function1<Int, Join<Any?, TypeMemento>>>.get(column: Column<T>): T?
fun <T : Any> JsReference<T>.get(): T
e: file:///Users/jim/work/v2superbikeshed/Trikeshed/src/commonMain/kotlin/borg/trikeshed/reactor/socks/SocksFactory.kt:484:34 Unresolved reference 'and'.
e: file:///Users/jim/work/v2superbikeshed/Trikeshed/src/commonMain/kotlin/borg/trikeshed/reactor/socks/SocksFactory.kt:484:46 None of the following candidates is applicable:
fun <T> Join<Int, Function1<Int, Join<Any?, TypeMemento>>>.get(column: Column<T>): T?
fun <T : Any> JsReference<T>.get(): T
e: file:///Users/jim/work/v2superbikeshed/Trikeshed/src/commonMain/kotlin/borg/trikeshed/reactor/socks/SocksFactory.kt:484:63 Unresolved reference 'and'.
e: file:///Users/jim/work/v2superbikeshed/Trikeshed/src/commonMain/kotlin/borg/trikeshed/reactor/socks/SocksFactory.kt:484:75 None of the following candidates is applicable:
fun <T> Join<Int, Function1<Int, Join<Any?, TypeMemento>>>.get(column: Column<T>): T?
fun <T : Any> JsReference<T>.get(): T
e: file:///Users/jim/work/v2superbikeshed/Trikeshed/src/commonMain/kotlin/borg/trikeshed/reactor/socks/SocksFactory.kt:484:92 Unresolved reference 'and'.
e: file:///Users/jim/work/v2superbikeshed/Trikeshed/src/commonMain/kotlin/borg/trikeshed/reactor/socks/SocksFactory.kt:484:104 None of the following candidates is applicable:
fun <T> Join<Int, Function1<Int, Join<Any?, TypeMemento>>>.get(column: Column<T>): T?
fun <T : Any> JsReference<T>.get(): T
e: file:///Users/jim/work/v2superbikeshed/Trikeshed/src/commonMain/kotlin/borg/trikeshed/reactor/socks/SocksFactory.kt:484:121 Unresolved reference 'and'.
e: file:///Users/jim/work/v2superbikeshed/Trikeshed/src/commonMain/kotlin/borg/trikeshed/reactor/socks/SocksFactory.kt:485:22 None of the following candidates is applicable:
fun <T> Join<Int, Function1<Int, Join<Any?, TypeMemento>>>.get(column: Column<T>): T?
fun <T : Any> JsReference<T>.get(): T
e: file:///Users/jim/work/v2superbikeshed/Trikeshed/src/commonMain/kotlin/borg/trikeshed/reactor/socks/SocksFactory.kt:485:47 Unresolved reference 'and'.
e: file:///Users/jim/work/v2superbikeshed/Trikeshed/src/commonMain/kotlin/borg/trikeshed/reactor/socks/SocksFactory.kt:485:68 None of the following candidates is applicable:
fun <T> Join<Int, Function1<Int, Join<Any?, TypeMemento>>>.get(column: Column<T>): T?
fun <T : Any> JsReference<T>.get(): T
e: file:///Users/jim/work/v2superbikeshed/Trikeshed/src/commonMain/kotlin/borg/trikeshed/reactor/socks/SocksFactory.kt:485:93 Unresolved reference 'and'.
e: file:///Users/jim/work/v2superbikeshed/Trikeshed/src/commonMain/kotlin/borg/trikeshed/reactor/socks/SocksFactory.kt:490:28 None of the following candidates is applicable:
fun <T> Join<Int, Function1<Int, Join<Any?, TypeMemento>>>.get(column: Column<T>): T?
fun <T : Any> JsReference<T>.get(): T
e: file:///Users/jim/work/v2superbikeshed/Trikeshed/src/commonMain/kotlin/borg/trikeshed/reactor/socks/SocksFactory.kt:490:49 Unresolved reference 'and'.
e: file:///Users/jim/work/v2superbikeshed/Trikeshed/src/commonMain/kotlin/borg/trikeshed/reactor/socks/SocksFactory.kt:491:22 Cannot access 'constructor(leftIfInSum: String?, length: Int, _chars: WasmCharArray): String': it is internal in 'kotlin/String'.
e: file:///Users/jim/work/v2superbikeshed/Trikeshed/src/commonMain/kotlin/borg/trikeshed/reactor/socks/SocksFactory.kt:491:60 None of the following candidates is applicable:
fun <T> Join<Int, Function1<Int, Join<Any?, TypeMemento>>>.get(column: Column<T>): T?
fun <T : Any> JsReference<T>.get(): T
e: file:///Users/jim/work/v2superbikeshed/Trikeshed/src/commonMain/kotlin/borg/trikeshed/reactor/socks/SocksFactory.kt:492:22 None of the following candidates is applicable:
fun <T> Join<Int, Function1<Int, Join<Any?, TypeMemento>>>.get(column: Column<T>): T?
fun <T : Any> JsReference<T>.get(): T
e: file:///Users/jim/work/v2superbikeshed/Trikeshed/src/commonMain/kotlin/borg/trikeshed/reactor/socks/SocksFactory.kt:492:62 Unresolved reference 'and'.
e: file:///Users/jim/work/v2superbikeshed/Trikeshed/src/commonMain/kotlin/borg/trikeshed/reactor/socks/SocksFactory.kt:492:83 None of the following candidates is applicable:
fun <T> Join<Int, Function1<Int, Join<Any?, TypeMemento>>>.get(column: Column<T>): T?
fun <T : Any> JsReference<T>.get(): T
e: file:///Users/jim/work/v2superbikeshed/Trikeshed/src/commonMain/kotlin/borg/trikeshed/reactor/socks/SocksFactory.kt:492:123 Unresolved reference 'and'.
e: file:///Users/jim/work/v2superbikeshed/Trikeshed/src/commonMain/kotlin/borg/trikeshed/reactor/socks/SocksFactory.kt:499:22 None of the following candidates is applicable:
fun <T> Join<Int, Function1<Int, Join<Any?, TypeMemento>>>.get(column: Column<T>): T?
fun <T : Any> JsReference<T>.get(): T
e: file:///Users/jim/work/v2superbikeshed/Trikeshed/src/commonMain/kotlin/borg/trikeshed/reactor/socks/SocksFactory.kt:499:48 Unresolved reference 'and'.
e: file:///Users/jim/work/v2superbikeshed/Trikeshed/src/commonMain/kotlin/borg/trikeshed/reactor/socks/SocksFactory.kt:499:69 None of the following candidates is applicable:
fun <T> Join<Int, Function1<Int, Join<Any?, TypeMemento>>>.get(column: Column<T>): T?
fun <T : Any> JsReference<T>.get(): T
e: file:///Users/jim/work/v2superbikeshed/Trikeshed/src/commonMain/kotlin/borg/trikeshed/reactor/socks/SocksFactory.kt:499:95 Unresolved reference 'and'.
e: file:///Users/jim/work/v2superbikeshed/Trikeshed/src/commonMain/kotlin/borg/trikeshed/reactor/socks/SocksTransformEngine.kt:57:35 None of the following candidates is applicable:
fun <T> Join<Int, Function1<Int, Join<Any?, TypeMemento>>>.get(column: Column<T>): T?
fun <T : Any> JsReference<T>.get(): T
e: file:///Users/jim/work/v2superbikeshed/Trikeshed/src/commonMain/kotlin/borg/trikeshed/reactor/socks/SocksTransformEngine.kt:58:65 None of the following candidates is applicable:
fun <T> Join<Int, Function1<Int, Join<Any?, TypeMemento>>>.get(column: Column<T>): T?
fun <T : Any> JsReference<T>.get(): T
e: file:///Users/jim/work/v2superbikeshed/Trikeshed/src/commonMain/kotlin/borg/trikeshed/reactor/socks/SocksTransformEngine.kt:64:39 None of the following candidates is applicable:
fun <T> Join<Int, Function1<Int, Join<Any?, TypeMemento>>>.get(column: Column<T>): T?
fun <T : Any> JsReference<T>.get(): T
e: file:///Users/jim/work/v2superbikeshed/Trikeshed/src/commonMain/kotlin/borg/trikeshed/reactor/socks/SocksTransformEngine.kt:64:64 Unresolved reference 'and'.
e: file:///Users/jim/work/v2superbikeshed/Trikeshed/src/commonMain/kotlin/borg/trikeshed/reactor/socks/SocksTransformEngine.kt:65:49 Argument type mismatch: actual type is 'Join<Join<Shape, Function1<Shape, Int>>, B (of fun <A, B> A.j)>', but 'Join<Int, Function1<Int, Byte>>' was expected.
e: file:///Users/jim/work/v2superbikeshed/Trikeshed/src/commonMain/kotlin/borg/trikeshed/reactor/socks/SocksTransformEngine.kt:65:67 Cannot infer type for this parameter. Specify it explicitly.
e: file:///Users/jim/work/v2superbikeshed/Trikeshed/src/commonMain/kotlin/borg/trikeshed/reactor/socks/SocksTransformEngine.kt:65:81 None of the following candidates is applicable:
fun <T> Join<Int, Function1<Int, Join<Any?, TypeMemento>>>.get(column: Column<T>): T?
fun <T : Any> JsReference<T>.get(): T
e: file:///Users/jim/work/v2superbikeshed/Trikeshed/src/commonMain/kotlin/borg/trikeshed/reactor/socks/SocksTransformEngine.kt:66:30 None of the following candidates is applicable:
fun <K, V> MutableMap<in K, in V>.plusAssign(pair: Pair<K, V>): Unit
fun <K, V> MutableMap<in K, in V>.plusAssign(pairs: Iterable<Pair<K, V>>): Unit
fun <K, V> MutableMap<in K, in V>.plusAssign(pairs: Array<out Pair<K, V>>): Unit
fun <K, V> MutableMap<in K, in V>.plusAssign(pairs: Sequence<Pair<K, V>>): Unit
fun <K, V> MutableMap<in K, in V>.plusAssign(map: Map<K, V>): Unit
fun <T> MutableCollection<in T>.plusAssign(element: T): Unit
fun <T> MutableCollection<in T>.plusAssign(elements: Iterable<T>): Unit
fun <T> MutableCollection<in T>.plusAssign(elements: Array<T>): Unit
fun <T> MutableCollection<in T>.plusAssign(elements: Sequence<T>): Unit
e: file:///Users/jim/work/v2superbikeshed/Trikeshed/src/commonMain/kotlin/borg/trikeshed/reactor/socks/SocksTransformEngine.kt:72:72 None of the following candidates is applicable:
fun <T> Join<Int, Function1<Int, Join<Any?, TypeMemento>>>.get(column: Column<T>): T?
fun <T : Any> JsReference<T>.get(): T
e: file:///Users/jim/work/v2superbikeshed/Trikeshed/src/commonMain/kotlin/borg/trikeshed/reactor/socks/SocksTransformEngine.kt:79:73 None of the following candidates is applicable:
fun <T> Join<Int, Function1<Int, Join<Any?, TypeMemento>>>.get(column: Column<T>): T?
fun <T : Any> JsReference<T>.get(): T
e: file:///Users/jim/work/v2superbikeshed/Trikeshed/src/commonMain/kotlin/borg/trikeshed/reactor/socks/SocksTransformEngine.kt:88:77 None of the following candidates is applicable:
fun <T> Join<Int, Function1<Int, Join<Any?, TypeMemento>>>.get(column: Column<T>): T?
fun <T : Any> JsReference<T>.get(): T
e: file:///Users/jim/work/v2superbikeshed/Trikeshed/src/commonMain/kotlin/borg/trikeshed/reactor/socks/SocksTransformEngine.kt:92:68 None of the following candidates is applicable:
fun <T> Join<Int, Function1<Int, Join<Any?, TypeMemento>>>.get(column: Column<T>): T?
fun <T : Any> JsReference<T>.get(): T
e: file:///Users/jim/work/v2superbikeshed/Trikeshed/src/commonMain/kotlin/borg/trikeshed/reactor/socks/SocksTransformEngine.kt:111:16 None of the following candidates is applicable:
fun <T> Join<Int, Function1<Int, Join<Any?, TypeMemento>>>.get(column: Column<T>): T?
fun <T : Any> JsReference<T>.get(): T
e: file:///Users/jim/work/v2superbikeshed/Trikeshed/src/commonMain/kotlin/borg/trikeshed/reactor/socks/SocksTransformEngine.kt:112:16 None of the following candidates is applicable:
fun <T> Join<Int, Function1<Int, Join<Any?, TypeMemento>>>.get(column: Column<T>): T?
fun <T : Any> JsReference<T>.get(): T
e: file:///Users/jim/work/v2superbikeshed/Trikeshed/src/commonMain/kotlin/borg/trikeshed/reactor/socks/SocksTransformEngine.kt:120:16 None of the following candidates is applicable:
fun <T> Join<Int, Function1<Int, Join<Any?, TypeMemento>>>.get(column: Column<T>): T?
fun <T : Any> JsReference<T>.get(): T
e: file:///Users/jim/work/v2superbikeshed/Trikeshed/src/commonMain/kotlin/borg/trikeshed/reactor/socks/SocksTransformEngine.kt:121:16 None of the following candidates is applicable:
fun <T> Join<Int, Function1<Int, Join<Any?, TypeMemento>>>.get(column: Column<T>): T?
fun <T : Any> JsReference<T>.get(): T
e: file:///Users/jim/work/v2superbikeshed/Trikeshed/src/commonMain/kotlin/borg/trikeshed/reactor/socks/SocksTransformEngine.kt:130:27 None of the following candidates is applicable:
fun <T> Join<Int, Function1<Int, Join<Any?, TypeMemento>>>.get(column: Column<T>): T?
fun <T : Any> JsReference<T>.get(): T
e: file:///Users/jim/work/v2superbikeshed/Trikeshed/src/commonMain/kotlin/borg/trikeshed/reactor/socks/SocksTransformEngine.kt:131:16 Return type mismatch: expected 'Int', actual 'Any'.
e: file:///Users/jim/work/v2superbikeshed/Trikeshed/src/commonMain/kotlin/borg/trikeshed/reactor/socks/SocksTransformEngine.kt:135:36 None of the following candidates is applicable:
fun <T> Join<Int, Function1<Int, Join<Any?, TypeMemento>>>.get(column: Column<T>): T?
fun <T : Any> JsReference<T>.get(): T
e: file:///Users/jim/work/v2superbikeshed/Trikeshed/src/commonMain/kotlin/borg/trikeshed/reactor/socks/SocksTransformEngine.kt:135:65 Unresolved reference 'and'.
e: file:///Users/jim/work/v2superbikeshed/Trikeshed/src/commonMain/kotlin/borg/trikeshed/reactor/socks/SocksTransformEngine.kt:149:27 None of the following candidates is applicable:
fun <T> Join<Int, Function1<Int, Join<Any?, TypeMemento>>>.get(column: Column<T>): T?
fun <T : Any> JsReference<T>.get(): T
e: file:///Users/jim/work/v2superbikeshed/Trikeshed/src/commonMain/kotlin/borg/trikeshed/reactor/socks/SocksTransformEngine.kt:150:16 Return type mismatch: expected 'Int', actual 'Any'.
e: file:///Users/jim/work/v2superbikeshed/Trikeshed/src/commonMain/kotlin/borg/trikeshed/reactor/socks/SocksTransformEngine.kt:154:36 None of the following candidates is applicable:
fun <T> Join<Int, Function1<Int, Join<Any?, TypeMemento>>>.get(column: Column<T>): T?
fun <T : Any> JsReference<T>.get(): T
e: file:///Users/jim/work/v2superbikeshed/Trikeshed/src/commonMain/kotlin/borg/trikeshed/reactor/socks/SocksTransformEngine.kt:154:65 Unresolved reference 'and'.
e: file:///Users/jim/work/v2superbikeshed/Trikeshed/src/commonMain/kotlin/borg/trikeshed/reactor/socks/SocksTransformEngine.kt:168:17 None of the following candidates is applicable:
fun <T> Join<Int, Function1<Int, Join<Any?, TypeMemento>>>.get(column: Column<T>): T?
fun <T : Any> JsReference<T>.get(): T
e: file:///Users/jim/work/v2superbikeshed/Trikeshed/src/commonMain/kotlin/borg/trikeshed/reactor/socks/SocksTransformEngine.kt:170:41 None of the following candidates is applicable:
fun <T> Join<Int, Function1<Int, Join<Any?, TypeMemento>>>.get(column: Column<T>): T?
fun <T : Any> JsReference<T>.get(): T
e: file:///Users/jim/work/v2superbikeshed/Trikeshed/src/commonMain/kotlin/borg/trikeshed/reactor/socks/SocksTransformEngine.kt:190:23 None of the following candidates is applicable:
fun <T> Join<Int, Function1<Int, Join<Any?, TypeMemento>>>.get(column: Column<T>): T?
fun <T : Any> JsReference<T>.get(): T
e: file:///Users/jim/work/v2superbikeshed/Trikeshed/src/commonMain/kotlin/borg/trikeshed/reactor/socks/SocksTransformEngine.kt:191:27 None of the following candidates is applicable:
fun <T> Join<Int, Function1<Int, Join<Any?, TypeMemento>>>.get(column: Column<T>): T?
fun <T : Any> JsReference<T>.get(): T
e: file:///Users/jim/work/v2superbikeshed/Trikeshed/src/commonMain/kotlin/borg/trikeshed/reactor/socks/SocksTransformEngine.kt:191:53 Unresolved reference 'and'.
e: file:///Users/jim/work/v2superbikeshed/Trikeshed/src/commonMain/kotlin/borg/trikeshed/reactor/socks/SocksTransformEngine.kt:195:35 Cannot infer type for this parameter. Specify it explicitly.
e: file:///Users/jim/work/v2superbikeshed/Trikeshed/src/commonMain/kotlin/borg/trikeshed/reactor/socks/SocksTransformEngine.kt:195:39 Cannot infer type for this parameter. Specify it explicitly.
e: file:///Users/jim/work/v2superbikeshed/Trikeshed/src/commonMain/kotlin/borg/trikeshed/reactor/socks/SocksTransformEngine.kt:195:44 None of the following candidates is applicable:
fun <T> Join<Int, Function1<Int, Join<Any?, TypeMemento>>>.get(column: Column<T>): T?
fun <T : Any> JsReference<T>.get(): T
e: file:///Users/jim/work/v2superbikeshed/Trikeshed/src/commonMain/kotlin/borg/trikeshed/reactor/socks/SocksTransformEngine.kt:206:23 None of the following candidates is applicable:
fun <T> Join<Int, Function1<Int, Join<Any?, TypeMemento>>>.get(column: Column<T>): T?
fun <T : Any> JsReference<T>.get(): T
e: file:///Users/jim/work/v2superbikeshed/Trikeshed/src/commonMain/kotlin/borg/trikeshed/reactor/socks/SocksTransformEngine.kt:207:23 None of the following candidates is applicable:
fun <T> Join<Int, Function1<Int, Join<Any?, TypeMemento>>>.get(column: Column<T>): T?
fun <T : Any> JsReference<T>.get(): T
e: file:///Users/jim/work/v2superbikeshed/Trikeshed/src/commonMain/kotlin/borg/trikeshed/reactor/socks/SocksTransformEngine.kt:208:24 None of the following candidates is applicable:
fun <T> Join<Int, Function1<Int, Join<Any?, TypeMemento>>>.get(column: Column<T>): T?
fun <T : Any> JsReference<T>.get(): T
e: file:///Users/jim/work/v2superbikeshed/Trikeshed/src/commonMain/kotlin/borg/trikeshed/reactor/socks/SocksTransformEngine.kt:209:27 None of the following candidates is applicable:
fun <T> Join<Int, Function1<Int, Join<Any?, TypeMemento>>>.get(column: Column<T>): T?
fun <T : Any> JsReference<T>.get(): T
e: file:///Users/jim/work/v2superbikeshed/Trikeshed/src/commonMain/kotlin/borg/trikeshed/reactor/socks/SocksTransformEngine.kt:227:23 None of the following candidates is applicable:
fun <T> Join<Int, Function1<Int, Join<Any?, TypeMemento>>>.get(column: Column<T>): T?
fun <T : Any> JsReference<T>.get(): T
e: file:///Users/jim/work/v2superbikeshed/Trikeshed/src/commonMain/kotlin/borg/trikeshed/reactor/socks/SocksTransformEngine.kt:228:25 None of the following candidates is applicable:
fun <T> Join<Int, Function1<Int, Join<Any?, TypeMemento>>>.get(column: Column<T>): T?
fun <T : Any> JsReference<T>.get(): T
e: file:///Users/jim/work/v2superbikeshed/Trikeshed/src/commonMain/kotlin/borg/trikeshed/reactor/socks/SocksTransformEngine.kt:229:24 None of the following candidates is applicable:
fun <T> Join<Int, Function1<Int, Join<Any?, TypeMemento>>>.get(column: Column<T>): T?
fun <T : Any> JsReference<T>.get(): T
e: file:///Users/jim/work/v2superbikeshed/Trikeshed/src/commonMain/kotlin/borg/trikeshed/reactor/socks/SocksTransformEngine.kt:230:27 None of the following candidates is applicable:
fun <T> Join<Int, Function1<Int, Join<Any?, TypeMemento>>>.get(column: Column<T>): T?
fun <T : Any> JsReference<T>.get(): T
e: file:///Users/jim/work/v2superbikeshed/Trikeshed/src/commonMain/kotlin/borg/trikeshed/reactor/socks/SocksTransformEngine.kt:239:73 Argument type mismatch: actual type is 'SocksTargetHost', but 'SocksBindAddress' was expected.
e: file:///Users/jim/work/v2superbikeshed/Trikeshed/src/commonMain/kotlin/borg/trikeshed/reactor/socks/SocksTransformEngine.kt:239:86 Argument type mismatch: actual type is 'SocksTargetPort', but 'SocksBindPort' was expected.
e: file:///Users/jim/work/v2superbikeshed/Trikeshed/src/commonMain/kotlin/borg/trikeshed/reactor/socks/SocksTransformEngine.kt:243:21 None of the following candidates is applicable:
fun <T> Join<Int, Function1<Int, Join<Any?, TypeMemento>>>.get(column: Column<T>): T?
fun <T : Any> JsReference<T>.get(): T
e: file:///Users/jim/work/v2superbikeshed/Trikeshed/src/commonMain/kotlin/borg/trikeshed/reactor/socks/SocksTransformEngine.kt:243:35 Unresolved reference 'and'.
e: file:///Users/jim/work/v2superbikeshed/Trikeshed/src/commonMain/kotlin/borg/trikeshed/reactor/socks/SocksTransformEngine.kt:243:47 None of the following candidates is applicable:
fun <T> Join<Int, Function1<Int, Join<Any?, TypeMemento>>>.get(column: Column<T>): T?
fun <T : Any> JsReference<T>.get(): T
e: file:///Users/jim/work/v2superbikeshed/Trikeshed/src/commonMain/kotlin/borg/trikeshed/reactor/socks/SocksTransformEngine.kt:243:65 Unresolved reference 'and'.
e: file:///Users/jim/work/v2superbikeshed/Trikeshed/src/commonMain/kotlin/borg/trikeshed/reactor/socks/SocksTransformEngine.kt:243:77 None of the following candidates is applicable:
fun <T> Join<Int, Function1<Int, Join<Any?, TypeMemento>>>.get(column: Column<T>): T?
fun <T : Any> JsReference<T>.get(): T
e: file:///Users/jim/work/v2superbikeshed/Trikeshed/src/commonMain/kotlin/borg/trikeshed/reactor/socks/SocksTransformEngine.kt:243:95 Unresolved reference 'and'.
e: file:///Users/jim/work/v2superbikeshed/Trikeshed/src/commonMain/kotlin/borg/trikeshed/reactor/socks/SocksTransformEngine.kt:243:107 None of the following candidates is applicable:
fun <T> Join<Int, Function1<Int, Join<Any?, TypeMemento>>>.get(column: Column<T>): T?
fun <T : Any> JsReference<T>.get(): T
e: file:///Users/jim/work/v2superbikeshed/Trikeshed/src/commonMain/kotlin/borg/trikeshed/reactor/socks/SocksTransformEngine.kt:243:125 Unresolved reference 'and'.
e: file:///Users/jim/work/v2superbikeshed/Trikeshed/src/commonMain/kotlin/borg/trikeshed/reactor/socks/SocksTransformEngine.kt:244:22 None of the following candidates is applicable:
fun <T> Join<Int, Function1<Int, Join<Any?, TypeMemento>>>.get(column: Column<T>): T?
fun <T : Any> JsReference<T>.get(): T
e: file:///Users/jim/work/v2superbikeshed/Trikeshed/src/commonMain/kotlin/borg/trikeshed/reactor/socks/SocksTransformEngine.kt:244:48 Unresolved reference 'and'.
e: file:///Users/jim/work/v2superbikeshed/Trikeshed/src/commonMain/kotlin/borg/trikeshed/reactor/socks/SocksTransformEngine.kt:244:69 None of the following candidates is applicable:
fun <T> Join<Int, Function1<Int, Join<Any?, TypeMemento>>>.get(column: Column<T>): T?
fun <T : Any> JsReference<T>.get(): T
e: file:///Users/jim/work/v2superbikeshed/Trikeshed/src/commonMain/kotlin/borg/trikeshed/reactor/socks/SocksTransformEngine.kt:244:95 Unresolved reference 'and'.
e: file:///Users/jim/work/v2superbikeshed/Trikeshed/src/commonMain/kotlin/borg/trikeshed/reactor/socks/SocksTransformEngine.kt:249:28 None of the following candidates is applicable:
fun <T> Join<Int, Function1<Int, Join<Any?, TypeMemento>>>.get(column: Column<T>): T?
fun <T : Any> JsReference<T>.get(): T
e: file:///Users/jim/work/v2superbikeshed/Trikeshed/src/commonMain/kotlin/borg/trikeshed/reactor/socks/SocksTransformEngine.kt:249:50 Unresolved reference 'and'.
e: file:///Users/jim/work/v2superbikeshed/Trikeshed/src/commonMain/kotlin/borg/trikeshed/reactor/socks/SocksTransformEngine.kt:250:22 Cannot access 'constructor(leftIfInSum: String?, length: Int, _chars: WasmCharArray): String': it is internal in 'kotlin/String'.
e: file:///Users/jim/work/v2superbikeshed/Trikeshed/src/commonMain/kotlin/borg/trikeshed/reactor/socks/SocksTransformEngine.kt:250:60 None of the following candidates is applicable:
fun <T> Join<Int, Function1<Int, Join<Any?, TypeMemento>>>.get(column: Column<T>): T?
fun <T : Any> JsReference<T>.get(): T
e: file:///Users/jim/work/v2superbikeshed/Trikeshed/src/commonMain/kotlin/borg/trikeshed/reactor/socks/SocksTransformEngine.kt:251:22 None of the following candidates is applicable:
fun <T> Join<Int, Function1<Int, Join<Any?, TypeMemento>>>.get(column: Column<T>): T?
fun <T : Any> JsReference<T>.get(): T
e: file:///Users/jim/work/v2superbikeshed/Trikeshed/src/commonMain/kotlin/borg/trikeshed/reactor/socks/SocksTransformEngine.kt:251:63 Unresolved reference 'and'.
e: file:///Users/jim/work/v2superbikeshed/Trikeshed/src/commonMain/kotlin/borg/trikeshed/reactor/socks/SocksTransformEngine.kt:251:84 None of the following candidates is applicable:
fun <T> Join<Int, Function1<Int, Join<Any?, TypeMemento>>>.get(column: Column<T>): T?
fun <T : Any> JsReference<T>.get(): T
e: file:///Users/jim/work/v2superbikeshed/Trikeshed/src/commonMain/kotlin/borg/trikeshed/reactor/socks/SocksTransformEngine.kt:251:125 Unresolved reference 'and'.
e: file:///Users/jim/work/v2superbikeshed/Trikeshed/src/commonMain/kotlin/borg/trikeshed/reactor/socks/SocksTransformEngine.kt:258:22 None of the following candidates is applicable:
fun <T> Join<Int, Function1<Int, Join<Any?, TypeMemento>>>.get(column: Column<T>): T?
fun <T : Any> JsReference<T>.get(): T
e: file:///Users/jim/work/v2superbikeshed/Trikeshed/src/commonMain/kotlin/borg/trikeshed/reactor/socks/SocksTransformEngine.kt:258:49 Unresolved reference 'and'.
e: file:///Users/jim/work/v2superbikeshed/Trikeshed/src/commonMain/kotlin/borg/trikeshed/reactor/socks/SocksTransformEngine.kt:258:70 None of the following candidates is applicable:
fun <T> Join<Int, Function1<Int, Join<Any?, TypeMemento>>>.get(column: Column<T>): T?
fun <T : Any> JsReference<T>.get(): T
e: file:///Users/jim/work/v2superbikeshed/Trikeshed/src/commonMain/kotlin/borg/trikeshed/reactor/socks/SocksTransformEngine.kt:258:97 Unresolved reference 'and'.
e: file:///Users/jim/work/v2superbikeshed/Trikeshed/src/commonMain/kotlin/borg/trikeshed/reactor/socks/SocksTransformEngine.kt:291:28 None of the following candidates is applicable:
fun <T> Join<Int, Function1<Int, Join<Any?, TypeMemento>>>.get(column: Column<T>): T?
fun <T : Any> JsReference<T>.get(): T
e: file:///Users/jim/work/v2superbikeshed/Trikeshed/src/commonMain/kotlin/borg/trikeshed/reactor/socks/SocksTransformEngine.kt:294:26 Unresolved reference 'bytes'.
e: file:///Users/jim/work/v2superbikeshed/Trikeshed/src/commonMain/kotlin/borg/trikeshed/reactor/socks/SocksTransformEngine.kt:294:50 Unresolved reference 'bytes'.
e: file:///Users/jim/work/v2superbikeshed/Trikeshed/src/commonMain/kotlin/borg/trikeshed/reactor/socks/SocksTransformEngine.kt:296:34 Unresolved reference 'bytes'.
e: file:///Users/jim/work/v2superbikeshed/Trikeshed/src/commonMain/kotlin/borg/trikeshed/reactor/socks/SocksTransformEngine.kt:296:58 Unresolved reference 'bytes'.
e: file:///Users/jim/work/v2superbikeshed/Trikeshed/src/commonMain/kotlin/borg/trikeshed/reactor/socks/SocksTransformEngine.kt:300:34 Unresolved reference 'bytes'.
e: file:///Users/jim/work/v2superbikeshed/Trikeshed/src/commonMain/kotlin/borg/trikeshed/reactor/socks/SocksTransformEngine.kt:300:58 Unresolved reference 'bytes'.
e: file:///Users/jim/work/v2superbikeshed/Trikeshed/src/commonMain/kotlin/borg/trikeshed/reactor/socks/SocksTransformEngine.kt:346:34 None of the following candidates is applicable:
fun <T> Join<Int, Function1<Int, Join<Any?, TypeMemento>>>.get(column: Column<T>): T?
fun <T : Any> JsReference<T>.get(): T
e: file:///Users/jim/work/v2superbikeshed/Trikeshed/src/commonMain/kotlin/borg/trikeshed/reactor/socks/SocksTransformEngine.kt:352:34 None of the following candidates is applicable:
fun <T> Join<Int, Function1<Int, Join<Any?, TypeMemento>>>.get(column: Column<T>): T?
fun <T : Any> JsReference<T>.get(): T
e: file:///Users/jim/work/v2superbikeshed/Trikeshed/src/commonMain/kotlin/borg/trikeshed/reactor/socks/SocksTransformEngine.kt:353:66 None of the following candidates is applicable:
fun <T> Join<Int, Function1<Int, Join<Any?, TypeMemento>>>.get(column: Column<T>): T?
fun <T : Any> JsReference<T>.get(): T
e: file:///Users/jim/work/v2superbikeshed/Trikeshed/src/commonMain/kotlin/borg/trikeshed/reactor/socks/SocksTransformEngine.kt:354:30 None of the following candidates is applicable:
fun <K, V> MutableMap<in K, in V>.plusAssign(pair: Pair<K, V>): Unit
fun <K, V> MutableMap<in K, in V>.plusAssign(pairs: Iterable<Pair<K, V>>): Unit
fun <K, V> MutableMap<in K, in V>.plusAssign(pairs: Array<out Pair<K, V>>): Unit
fun <K, V> MutableMap<in K, in V>.plusAssign(pairs: Sequence<Pair<K, V>>): Unit
fun <K, V> MutableMap<in K, in V>.plusAssign(map: Map<K, V>): Unit
fun <T> MutableCollection<in T>.plusAssign(element: T): Unit
fun <T> MutableCollection<in T>.plusAssign(elements: Iterable<T>): Unit
fun <T> MutableCollection<in T>.plusAssign(elements: Array<T>): Unit
fun <T> MutableCollection<in T>.plusAssign(elements: Sequence<T>): Unit
e: file:///Users/jim/work/v2superbikeshed/Trikeshed/src/commonMain/kotlin/borg/trikeshed/reactor/socks/SocksTransformEngine.kt:354:39 None of the following candidates is applicable:
fun <T> Join<Int, Function1<Int, Join<Any?, TypeMemento>>>.get(column: Column<T>): T?
fun <T : Any> JsReference<T>.get(): T
e: file:///Users/jim/work/v2superbikeshed/Trikeshed/src/commonMain/kotlin/borg/trikeshed/reactor/socks/SocksTransformEngine.kt:356:59 None of the following candidates is applicable:
fun <T> Join<Int, Function1<Int, Join<Any?, TypeMemento>>>.get(column: Column<T>): T?
fun <T : Any> JsReference<T>.get(): T
e: file:///Users/jim/work/v2superbikeshed/Trikeshed/src/commonMain/kotlin/borg/trikeshed/reactor/socks/SocksTransformEngine.kt:356:84 Unresolved reference 'and'.
e: file:///Users/jim/work/v2superbikeshed/Trikeshed/src/commonMain/kotlin/borg/trikeshed/reactor/socks/SocksTransformEngine.kt:405:17 None of the following candidates is applicable:
fun <T> Join<Int, Function1<Int, Join<Any?, TypeMemento>>>.get(column: Column<T>): T?
fun <T : Any> JsReference<T>.get(): T
e: file:///Users/jim/work/v2superbikeshed/Trikeshed/src/commonMain/kotlin/borg/trikeshed/reactor/socks/SocksTransformEngine.kt:410:34 None of the following candidates is applicable:
fun <T> Join<Int, Function1<Int, Join<Any?, TypeMemento>>>.get(column: Column<T>): T?
fun <T : Any> JsReference<T>.get(): T
e: file:///Users/jim/work/v2superbikeshed/Trikeshed/src/commonMain/kotlin/borg/trikeshed/reactor/socks/SocksTransformEngine.kt:411:30 None of the following candidates is applicable:
fun <K, V> MutableMap<in K, in V>.plusAssign(pair: Pair<K, V>): Unit
fun <K, V> MutableMap<in K, in V>.plusAssign(pairs: Iterable<Pair<K, V>>): Unit
fun <K, V> MutableMap<in K, in V>.plusAssign(pairs: Array<out Pair<K, V>>): Unit
fun <K, V> MutableMap<in K, in V>.plusAssign(pairs: Sequence<Pair<K, V>>): Unit
fun <K, V> MutableMap<in K, in V>.plusAssign(map: Map<K, V>): Unit
fun <T> MutableCollection<in T>.plusAssign(element: T): Unit
fun <T> MutableCollection<in T>.plusAssign(elements: Iterable<T>): Unit
fun <T> MutableCollection<in T>.plusAssign(elements: Array<T>): Unit
fun <T> MutableCollection<in T>.plusAssign(elements: Sequence<T>): Unit
e: file:///Users/jim/work/v2superbikeshed/Trikeshed/src/commonMain/kotlin/borg/trikeshed/reactor/socks/SocksTransformEngine.kt:411:39 None of the following candidates is applicable:
fun <T> Join<Int, Function1<Int, Join<Any?, TypeMemento>>>.get(column: Column<T>): T?
fun <T : Any> JsReference<T>.get(): T
e: file:///Users/jim/work/v2superbikeshed/Trikeshed/src/commonMain/kotlin/borg/trikeshed/reactor/socks/SocksTransformEngine.kt:413:59 None of the following candidates is applicable:
fun <T> Join<Int, Function1<Int, Join<Any?, TypeMemento>>>.get(column: Column<T>): T?
fun <T : Any> JsReference<T>.get(): T
e: file:///Users/jim/work/v2superbikeshed/Trikeshed/src/commonMain/kotlin/borg/trikeshed/reactor/socks/SocksTransformEngine.kt:413:84 Unresolved reference 'and'.
e: file:///Users/jim/work/v2superbikeshed/Trikeshed/src/commonMain/kotlin/borg/trikeshed/reactor/socks/SocksTransformEngine.kt:440:17 None of the following candidates is applicable:
fun <T> Join<Int, Function1<Int, Join<Any?, TypeMemento>>>.get(column: Column<T>): T?
fun <T : Any> JsReference<T>.get(): T
e: file:///Users/jim/work/v2superbikeshed/Trikeshed/src/commonMain/kotlin/borg/trikeshed/reactor/socks/SocksTransformEngine.kt:443:34 None of the following candidates is applicable:
fun <T> Join<Int, Function1<Int, Join<Any?, TypeMemento>>>.get(column: Column<T>): T?
fun <T : Any> JsReference<T>.get(): T
e: file:///Users/jim/work/v2superbikeshed/Trikeshed/src/commonMain/kotlin/borg/trikeshed/reactor/socks/SocksTransformEngine.kt:444:30 None of the following candidates is applicable:
fun <K, V> MutableMap<in K, in V>.plusAssign(pair: Pair<K, V>): Unit
fun <K, V> MutableMap<in K, in V>.plusAssign(pairs: Iterable<Pair<K, V>>): Unit
fun <K, V> MutableMap<in K, in V>.plusAssign(pairs: Array<out Pair<K, V>>): Unit
fun <K, V> MutableMap<in K, in V>.plusAssign(pairs: Sequence<Pair<K, V>>): Unit
fun <K, V> MutableMap<in K, in V>.plusAssign(map: Map<K, V>): Unit
fun <T> MutableCollection<in T>.plusAssign(element: T): Unit
fun <T> MutableCollection<in T>.plusAssign(elements: Iterable<T>): Unit
fun <T> MutableCollection<in T>.plusAssign(elements: Array<T>): Unit
fun <T> MutableCollection<in T>.plusAssign(elements: Sequence<T>): Unit
e: file:///Users/jim/work/v2superbikeshed/Trikeshed/src/commonMain/kotlin/borg/trikeshed/reactor/socks/SocksTransformEngine.kt:444:39 None of the following candidates is applicable:
fun <T> Join<Int, Function1<Int, Join<Any?, TypeMemento>>>.get(column: Column<T>): T?
fun <T : Any> JsReference<T>.get(): T
e: file:///Users/jim/work/v2superbikeshed/Trikeshed/src/commonMain/kotlin/borg/trikeshed/reactor/socks/SocksTransformEngine.kt:446:59 None of the following candidates is applicable:
fun <T> Join<Int, Function1<Int, Join<Any?, TypeMemento>>>.get(column: Column<T>): T?
fun <T : Any> JsReference<T>.get(): T
e: file:///Users/jim/work/v2superbikeshed/Trikeshed/src/commonMain/kotlin/borg/trikeshed/reactor/socks/SocksTransformEngine.kt:446:84 Unresolved reference 'and'.
e: file:///Users/jim/work/v2superbikeshed/Trikeshed/src/commonMain/kotlin/borg/trikeshed/services/CouchRequestFactoryService.kt:13:1 Class 'CouchRequestFactoryService' is not abstract and does not implement abstract member:
suspend fun invokeService(serviceName: String, data: Join<Int, Function1<Int, Byte>>): Join<Int, Function1<Int, Byte>>
e: file:///Users/jim/work/v2superbikeshed/Trikeshed/src/commonMain/kotlin/borg/trikeshed/services/CouchRequestFactoryService.kt:69:5 'invokeService' overrides nothing. Potential signatures for overriding:
suspend fun invokeService(serviceName: String, data: Join<Int, Function1<Int, Byte>>): Join<Int, Function1<Int, Byte>>
e: file:///Users/jim/work/v2superbikeshed/Trikeshed/src/commonMain/kotlin/borg/trikeshed/services/RequestFactoryBroker.kt:148:33 Cannot infer type for this parameter. Specify it explicitly.
e: file:///Users/jim/work/v2superbikeshed/Trikeshed/src/commonMain/kotlin/borg/trikeshed/services/RequestFactoryBroker.kt:148:33 Unresolved reference. None of the following candidates is applicable because of a receiver type mismatch:
val <T> Join<Int, Function1<Int, T>>.play: IterableIndexed<T>
e: file:///Users/jim/work/v2superbikeshed/Trikeshed/src/commonMain/kotlin/borg/trikeshed/services/RequestFactoryBroker.kt:148:52 Overload resolution ambiguity between candidates:
fun ByteArray.toIndexed(): Join<Int, Function1<Int, Byte>>
fun <T> Any.toIndexed(): Join<Int, Function1<Int, T>>
fun ByteArray.toIndexed(): Join<Int, Function1<Int, Byte>>
e: file:///Users/jim/work/v2superbikeshed/Trikeshed/src/commonMain/kotlin/borg/trikeshed/services/RequestFactoryBroker.kt:153:37 Unresolved reference 'parse'.
e: file:///Users/jim/work/v2superbikeshed/Trikeshed/src/commonMain/kotlin/borg/trikeshed/services/RequestFactoryBroker.kt:190:36 Unresolved reference 'parse'.
e: file:///Users/jim/work/v2superbikeshed/Trikeshed/src/commonMain/kotlin/borg/trikeshed/services/RequestFactoryBroker.kt:204:29 Unresolved reference 'stringify'.
e: file:///Users/jim/work/v2superbikeshed/Trikeshed/src/commonMain/kotlin/borg/trikeshed/services/RequestFactoryBroker.kt:204:65 Overload resolution ambiguity between candidates:
fun ByteArray.toIndexed(): Join<Int, Function1<Int, Byte>>
fun <T> Any.toIndexed(): Join<Int, Function1<Int, T>>
fun ByteArray.toIndexed(): Join<Int, Function1<Int, Byte>>
e: file:///Users/jim/work/v2superbikeshed/Trikeshed/src/commonMain/kotlin/borg/trikeshed/services/RequestFactoryBroker.kt:218:45 Suspend function 'suspend fun invokeService(serviceName: String, data: ByteArray): ByteArray' can only be called from a coroutine or another suspend function.
e: file:///Users/jim/work/v2superbikeshed/Trikeshed/src/commonMain/kotlin/borg/trikeshed/services/RequestFactoryBroker.kt:219:21 Argument type mismatch: actual type is 'Any', but 'String' was expected.
e: file:///Users/jim/work/v2superbikeshed/Trikeshed/src/commonMain/kotlin/borg/trikeshed/services/RequestFactoryBroker.kt:220:21 Argument type mismatch: actual type is 'String', but 'ByteArray' was expected.
e: file:///Users/jim/work/v2superbikeshed/Trikeshed/src/commonMain/kotlin/borg/trikeshed/services/RequestFactoryBroker.kt:221:21 Too many arguments for 'suspend fun invokeService(serviceName: String, data: ByteArray): ByteArray'.
e: file:///Users/jim/work/v2superbikeshed/Trikeshed/src/commonMain/kotlin/borg/trikeshed/services/RequestFactoryService.kt:36:11 Redeclaration:
interface DealService : Any
e: file:///Users/jim/work/v2superbikeshed/Trikeshed/src/commonMain/kotlin/borg/trikeshed/services/RequestFactoryService.kt:37:67 Type argument is not within its bounds: must be subtype of 'CoroutineContext.Element'.
e: file:///Users/jim/work/v2superbikeshed/Trikeshed/src/commonMain/kotlin/borg/trikeshed/services/RequestFactoryService.kt:62:74 Cannot infer type for this parameter. Specify it explicitly.
e: file:///Users/jim/work/v2superbikeshed/Trikeshed/src/commonMain/kotlin/borg/trikeshed/services/RequestFactoryService.kt:62:74 Not enough information to infer type argument for 'T'.
e: file:///Users/jim/work/v2superbikeshed/Trikeshed/src/commonMain/kotlin/borg/trikeshed/services/RequestFactoryService.kt:62:74 Unresolved reference. None of the following candidates is applicable because of a receiver type mismatch:
fun <T> Join<Shape, Function1<Shape, T>>.invoke(index: Int): T
e: file:///Users/jim/work/v2superbikeshed/Trikeshed/src/commonMain/kotlin/borg/trikeshed/services/RequestFactoryService.kt:65:99 Cannot infer type for this parameter. Specify it explicitly.
e: file:///Users/jim/work/v2superbikeshed/Trikeshed/src/commonMain/kotlin/borg/trikeshed/services/RequestFactoryService.kt:65:99 Not enough information to infer type argument for 'T'.
e: file:///Users/jim/work/v2superbikeshed/Trikeshed/src/commonMain/kotlin/borg/trikeshed/services/RequestFactoryService.kt:65:99 Unresolved reference. None of the following candidates is applicable because of a receiver type mismatch:
fun <T> Join<Shape, Function1<Shape, T>>.invoke(index: Int): T
e: file:///Users/jim/work/v2superbikeshed/Trikeshed/src/commonMain/kotlin/borg/trikeshed/services/RequestFactoryServiceImpl.kt:52:50 None of the following candidates is applicable:
fun <T> Join<Int, Function1<Int, Join<Any?, TypeMemento>>>.get(column: Column<T>): T?
fun <T : Any> JsReference<T>.get(): T
e: file:///Users/jim/work/v2superbikeshed/Trikeshed/src/commonMain/kotlin/borg/trikeshed/services/RequestFactoryServiceImpl.kt:65:41 Cannot infer type for this parameter. Specify it explicitly.
e: file:///Users/jim/work/v2superbikeshed/Trikeshed/src/commonMain/kotlin/borg/trikeshed/services/RequestFactoryServiceImpl.kt:65:41 Not enough information to infer type argument for 'T'.
e: file:///Users/jim/work/v2superbikeshed/Trikeshed/src/commonMain/kotlin/borg/trikeshed/services/RequestFactoryServiceImpl.kt:65:41 Unresolved reference. None of the following candidates is applicable because of a receiver type mismatch:
fun <T> Join<Shape, Function1<Shape, T>>.invoke(index: Int): T
e: file:///Users/jim/work/v2superbikeshed/Trikeshed/src/commonMain/kotlin/borg/trikeshed/services/RequestFactoryServiceImpl.kt:93:39 Unresolved reference 'process'.
e: file:///Users/jim/work/v2superbikeshed/Trikeshed/src/commonMain/kotlin/borg/trikeshed/services/RequestFactoryServiceImpl.kt:122:10 Class 'ReactorDealService' is not abstract and does not implement abstract members:
suspend fun findDeal(id: String): DealProxy?
suspend fun findDealsByProduct(query: String): Join<Int, Function1<Int, DealProxy>>
suspend fun persistDeal(deal: DealProxy): CouchTxProxy
suspend fun getVendors(): Join<Int, Function1<Int, VendorProxy>>
e: file:///Users/jim/work/v2superbikeshed/Trikeshed/src/commonMain/kotlin/borg/trikeshed/services/RequestFactoryServiceImpl.kt:126:5 'key' overrides nothing.
e: file:///Users/jim/work/v2superbikeshed/Trikeshed/src/commonMain/kotlin/borg/trikeshed/services/RequestFactoryServiceImpl.kt:127:29 Unresolved reference 'Key'.
e: file:///Users/jim/work/v2superbikeshed/Trikeshed/src/commonMain/kotlin/borg/trikeshed/services/RequestFactoryServiceImpl.kt:129:5 'process' overrides nothing.
e: file:///Users/jim/work/v2superbikeshed/Trikeshed/src/commonMain/kotlin/borg/trikeshed/services/RequestFactoryServiceImpl.kt:147:5 'getDealInfo' overrides nothing.
e: file:///Users/jim/work/v2superbikeshed/Trikeshed/src/commonMain/kotlin/borg/trikeshed/services/RequestFactoryServiceImpl.kt:151:5 'createDeal' overrides nothing.
e: file:///Users/jim/work/v2superbikeshed/Trikeshed/src/commonMain/kotlin/borg/trikeshed/strace/StraceExample.kt:14:22 Interface 'interface StraceAttention : Any' does not have constructors.
e: file:///Users/jim/work/v2superbikeshed/Trikeshed/src/commonMain/kotlin/borg/trikeshed/strace/StraceExample.kt:17:16 Unresolved reference 'monitorWithAttention'.
e: file:///Users/jim/work/v2superbikeshed/Trikeshed/src/commonMain/kotlin/borg/trikeshed/strace/StraceExample.kt:26:21 Cannot infer type for this parameter. Specify it explicitly.
e: file:///Users/jim/work/v2superbikeshed/Trikeshed/src/commonMain/kotlin/borg/trikeshed/strace/StraceExample.kt:28:30 Unresolved reference 'summary'.
e: file:///Users/jim/work/v2superbikeshed/Trikeshed/src/commonMain/kotlin/borg/trikeshed/strace/StraceExample.kt:31:22 Unresolved reference 'attentionWeights'.
e: file:///Users/jim/work/v2superbikeshed/Trikeshed/src/commonMain/kotlin/borg/trikeshed/strace/StraceExample.kt:31:39 Cannot infer type for this parameter. Specify it explicitly.
e: file:///Users/jim/work/v2superbikeshed/Trikeshed/src/commonMain/kotlin/borg/trikeshed/strace/StraceExample.kt:31:47 Cannot infer type for this parameter. Specify it explicitly.
e: file:///Users/jim/work/v2superbikeshed/Trikeshed/src/commonMain/kotlin/borg/trikeshed/strace/StraceExample.kt:31:47 'fun <T> Flow<T>.forEach(action: suspend (@ParameterName(...) T) -> Unit): Unit' is deprecated. Flow analogue of 'forEach' is 'collect'.
e: file:///Users/jim/work/v2superbikeshed/Trikeshed/src/commonMain/kotlin/borg/trikeshed/strace/StraceExample.kt:31:47 Not enough information to infer type argument for 'T'.
e: file:///Users/jim/work/v2superbikeshed/Trikeshed/src/commonMain/kotlin/borg/trikeshed/strace/StraceExample.kt:31:57 Cannot infer type for this parameter. Specify it explicitly.
e: file:///Users/jim/work/v2superbikeshed/Trikeshed/src/commonMain/kotlin/borg/trikeshed/strace/StraceExample.kt:32:37 Unresolved reference 'syscall'.
e: file:///Users/jim/work/v2superbikeshed/Trikeshed/src/commonMain/kotlin/borg/trikeshed/strace/StraceExample.kt:32:56 Unresolved reference 'weight'.
e: file:///Users/jim/work/v2superbikeshed/Trikeshed/src/commonMain/kotlin/borg/trikeshed/strace/StraceExample.kt:32:74 Unresolved reference 'reason'.
e: file:///Users/jim/work/v2superbikeshed/Trikeshed/src/commonMain/kotlin/borg/trikeshed/strace/StraceExample.kt:36:22 Unresolved reference 'dataPatterns'.
e: file:///Users/jim/work/v2superbikeshed/Trikeshed/src/commonMain/kotlin/borg/trikeshed/strace/StraceExample.kt:36:45 Cannot infer type for this parameter. Specify it explicitly.
e: file:///Users/jim/work/v2superbikeshed/Trikeshed/src/commonMain/kotlin/borg/trikeshed/strace/StraceExample.kt:37:38 Unresolved reference 'pattern'.
e: file:///Users/jim/work/v2superbikeshed/Trikeshed/src/commonMain/kotlin/borg/trikeshed/strace/StraceExample.kt:37:58 Unresolved reference 'dataSize'.
e: file:///Users/jim/work/v2superbikeshed/Trikeshed/src/commonMain/kotlin/borg/trikeshed/strace/StraceExample.kt:37:97 Unresolved reference 'confidence'.
e: file:///Users/jim/work/v2superbikeshed/Trikeshed/src/commonMain/kotlin/borg/trikeshed/strace/StraceExample.kt:41:30 Unresolved reference 'llmPrompt'.
e: file:///Users/jim/work/v2superbikeshed/Trikeshed/src/commonMain/kotlin/borg/trikeshed/strace/StraceExample.kt:49:22 Interface 'interface StraceAttention : Any' does not have constructors.
e: file:///Users/jim/work/v2superbikeshed/Trikeshed/src/commonMain/kotlin/borg/trikeshed/strace/StraceExample.kt:52:16 Unresolved reference 'execWithStrace'.
e: file:///Users/jim/work/v2superbikeshed/Trikeshed/src/commonMain/kotlin/borg/trikeshed/strace/StraceExample.kt:60:21 Cannot infer type for this parameter. Specify it explicitly.
e: file:///Users/jim/work/v2superbikeshed/Trikeshed/src/commonMain/kotlin/borg/trikeshed/strace/StraceExample.kt:61:62 Unresolved reference 'syscall'.
e: file:///Users/jim/work/v2superbikeshed/Trikeshed/src/commonMain/kotlin/borg/trikeshed/strace/StraceExample.kt:64:31 Unresolved reference 'timestamp'.
e: file:///Users/jim/work/v2superbikeshed/Trikeshed/src/commonMain/kotlin/borg/trikeshed/strace/StraceExample.kt:64:51 Unresolved reference 'pid'.
e: file:///Users/jim/work/v2superbikeshed/Trikeshed/src/commonMain/kotlin/borg/trikeshed/strace/StraceExample.kt:64:64 Unresolved reference 'syscall'.
e: file:///Users/jim/work/v2superbikeshed/Trikeshed/src/commonMain/kotlin/borg/trikeshed/strace/StraceExample.kt:64:83 Unresolved reference 'result'.
e: file:///Users/jim/work/v2superbikeshed/Trikeshed/src/commonMain/kotlin/borg/trikeshed/strace/StraceExample.kt:68:23 Unresolved reference 'error'.
e: file:///Users/jim/work/v2superbikeshed/Trikeshed/src/commonMain/kotlin/borg/trikeshed/strace/StraceExample.kt:69:57 Unresolved reference 'result'.
e: file:///Users/jim/work/v2superbikeshed/Trikeshed/src/commonMain/kotlin/borg/trikeshed/strace/StraceExample.kt:80:22 Interface 'interface StraceAttention : Any' does not have constructors.
e: file:///Users/jim/work/v2superbikeshed/Trikeshed/src/commonMain/kotlin/borg/trikeshed/strace/StraceExample.kt:83:16 Unresolved reference 'execWithStrace'.
e: file:///Users/jim/work/v2superbikeshed/Trikeshed/src/commonMain/kotlin/borg/trikeshed/strace/StraceExample.kt:91:11 Cannot infer type for this parameter. Specify it explicitly.
e: file:///Users/jim/work/v2superbikeshed/Trikeshed/src/commonMain/kotlin/borg/trikeshed/strace/StraceExample.kt:92:20 Cannot infer type for this parameter. Specify it explicitly.
e: file:///Users/jim/work/v2superbikeshed/Trikeshed/src/commonMain/kotlin/borg/trikeshed/strace/StraceExample.kt:93:32 Cannot infer type for this parameter. Specify it explicitly.
e: file:///Users/jim/work/v2superbikeshed/Trikeshed/src/commonMain/kotlin/borg/trikeshed/strace/StraceExample.kt:93:32 Not enough information to infer type argument for 'T'.
e: file:///Users/jim/work/v2superbikeshed/Trikeshed/src/commonMain/kotlin/borg/trikeshed/strace/StraceExample.kt:96:37 Cannot infer type for this parameter. Specify it explicitly.
e: file:///Users/jim/work/v2superbikeshed/Trikeshed/src/commonMain/kotlin/borg/trikeshed/strace/StraceExample.kt:96:37 Not enough information to infer type argument for 'T'.
e: file:///Users/jim/work/v2superbikeshed/Trikeshed/src/commonMain/kotlin/borg/trikeshed/strace/StraceExample.kt:96:37 Not enough information to infer type argument for 'K'.
e: file:///Users/jim/work/v2superbikeshed/Trikeshed/src/commonMain/kotlin/borg/trikeshed/strace/StraceExample.kt:96:45 Cannot infer type for this parameter. Specify it explicitly.
e: file:///Users/jim/work/v2superbikeshed/Trikeshed/src/commonMain/kotlin/borg/trikeshed/strace/StraceExample.kt:96:50 Unresolved reference 'syscall'.
e: file:///Users/jim/work/v2superbikeshed/Trikeshed/src/commonMain/kotlin/borg/trikeshed/strace/StraceExample.kt:96:60 Cannot infer type for this parameter. Specify it explicitly.
e: file:///Users/jim/work/v2superbikeshed/Trikeshed/src/commonMain/kotlin/borg/trikeshed/strace/StraceExample.kt:96:60 Not enough information to infer type argument for 'K'.
e: file:///Users/jim/work/v2superbikeshed/Trikeshed/src/commonMain/kotlin/borg/trikeshed/strace/StraceExample.kt:96:60 Not enough information to infer type argument for 'V'.
e: file:///Users/jim/work/v2superbikeshed/Trikeshed/src/commonMain/kotlin/borg/trikeshed/strace/StraceExample.kt:96:81 Unresolved reference 'size'.
e: file:///Users/jim/work/v2superbikeshed/Trikeshed/src/commonMain/kotlin/borg/trikeshed/strace/StraceExample.kt:97:59 Cannot infer type for this parameter. Specify it explicitly.
e: file:///Users/jim/work/v2superbikeshed/Trikeshed/src/commonMain/kotlin/borg/trikeshed/strace/StraceExample.kt:97:59 Not enough information to infer type argument for 'T'.
e: file:///Users/jim/work/v2superbikeshed/Trikeshed/src/commonMain/kotlin/borg/trikeshed/strace/StraceExample.kt:97:63 Cannot infer type for this parameter. Specify it explicitly.
e: file:///Users/jim/work/v2superbikeshed/Trikeshed/src/commonMain/kotlin/borg/trikeshed/strace/StraceExample.kt:97:68 Unresolved reference 'syscall'.
e: file:///Users/jim/work/v2superbikeshed/Trikeshed/src/commonMain/kotlin/borg/trikeshed/strace/StraceExample.kt:102:58 Cannot infer type for this parameter. Specify it explicitly.
e: file:///Users/jim/work/v2superbikeshed/Trikeshed/src/commonMain/kotlin/borg/trikeshed/strace/StraceExample.kt:102:58 Not enough information to infer type argument for 'T'.
e: file:///Users/jim/work/v2superbikeshed/Trikeshed/src/commonMain/kotlin/borg/trikeshed/strace/StraceExample.kt:102:58 Not enough information to infer type argument for 'R'.
e: file:///Users/jim/work/v2superbikeshed/Trikeshed/src/commonMain/kotlin/borg/trikeshed/strace/StraceExample.kt:102:77 Cannot infer type for this parameter. Specify it explicitly.
e: file:///Users/jim/work/v2superbikeshed/Trikeshed/src/commonMain/kotlin/borg/trikeshed/strace/StraceExample.kt:102:82 Unresolved reference 'value'.
e: file:///Users/jim/work/v2superbikeshed/Trikeshed/src/commonMain/kotlin/borg/trikeshed/strace/StraceExample.kt:102:90 Cannot infer type for this parameter. Specify it explicitly.
e: file:///Users/jim/work/v2superbikeshed/Trikeshed/src/commonMain/kotlin/borg/trikeshed/strace/StraceExample.kt:102:90 Not enough information to infer type argument for 'T'.
e: file:///Users/jim/work/v2superbikeshed/Trikeshed/src/commonMain/kotlin/borg/trikeshed/strace/StraceExample.kt:111:22 Interface 'interface StraceAttention : Any' does not have constructors.
e: file:///Users/jim/work/v2superbikeshed/Trikeshed/src/commonMain/kotlin/borg/trikeshed/strace/StraceExample.kt:115:16 Unresolved reference 'execWithStrace'.
e: file:///Users/jim/work/v2superbikeshed/Trikeshed/src/commonMain/kotlin/borg/trikeshed/strace/StraceExample.kt:119:21 Cannot infer type for this parameter. Specify it explicitly.
e: file:///Users/jim/work/v2superbikeshed/Trikeshed/src/commonMain/kotlin/borg/trikeshed/strace/StraceExample.kt:125:16 Unresolved reference 'analyzeAttention'.
e: file:///Users/jim/work/v2superbikeshed/Trikeshed/src/commonMain/kotlin/borg/trikeshed/strace/StraceExample.kt:125:77 Cannot infer type for this parameter. Specify it explicitly.
e: file:///Users/jim/work/v2superbikeshed/Trikeshed/src/commonMain/kotlin/borg/trikeshed/strace/StraceExample.kt:130:29 Unresolved reference 'generateLLMPrompt'.
e: file:///Users/jim/work/v2superbikeshed/Trikeshed/src/commonMain/kotlin/borg/trikeshed/strace/StraceExample.kt:140:22 Interface 'interface StraceAttention : Any' does not have constructors.
e: file:///Users/jim/work/v2superbikeshed/Trikeshed/src/commonMain/kotlin/borg/trikeshed/strace/StraceExample.kt:142:16 Unresolved reference 'execWithStrace'.
e: file:///Users/jim/work/v2superbikeshed/Trikeshed/src/commonMain/kotlin/borg/trikeshed/strace/StraceExample.kt:150:21 Cannot infer type for this parameter. Specify it explicitly.
e: file:///Users/jim/work/v2superbikeshed/Trikeshed/src/commonMain/kotlin/borg/trikeshed/strace/StraceExample.kt:151:62 Unresolved reference 'syscall'.
e: file:///Users/jim/work/v2superbikeshed/Trikeshed/src/commonMain/kotlin/borg/trikeshed/strace/StraceExample.kt:154:53 Unresolved reference 'syscall'.
e: file:///Users/jim/work/v2superbikeshed/Trikeshed/src/commonMain/kotlin/borg/trikeshed/strace/StraceExample.kt:155:41 Unresolved reference 'pid'.
e: file:///Users/jim/work/v2superbikeshed/Trikeshed/src/commonMain/kotlin/borg/trikeshed/strace/StraceExample.kt:156:42 Unresolved reference 'args'.
e: file:///Users/jim/work/v2superbikeshed/Trikeshed/src/commonMain/kotlin/borg/trikeshed/strace/StraceExample.kt:157:44 Unresolved reference 'result'.
e: file:///Users/jim/work/v2superbikeshed/Trikeshed/src/commonMain/kotlin/borg/trikeshed/strace/StraceExample.kt:168:22 Interface 'interface StraceAttention : Any' does not have constructors.
e: file:///Users/jim/work/v2superbikeshed/Trikeshed/src/commonMain/kotlin/borg/trikeshed/strace/StraceExample.kt:170:16 Unresolved reference 'execWithStrace'.
e: file:///Users/jim/work/v2superbikeshed/Trikeshed/src/commonMain/kotlin/borg/trikeshed/strace/StraceExample.kt:177:21 Cannot infer type for this parameter. Specify it explicitly.
e: file:///Users/jim/work/v2superbikeshed/Trikeshed/src/commonMain/kotlin/borg/trikeshed/strace/StraceExample.kt:179:23 Unresolved reference 'syscall'.
e: file:///Users/jim/work/v2superbikeshed/Trikeshed/src/commonMain/kotlin/borg/trikeshed/strace/StraceExample.kt:180:38 Unresolved reference 'duration'.
e: file:///Users/jim/work/v2superbikeshed/Trikeshed/src/commonMain/kotlin/borg/trikeshed/strace/StraceExample.kt:181:38 Unresolved reference 'args'.
e: file:///Users/jim/work/v2superbikeshed/Trikeshed/src/commonMain/kotlin/borg/trikeshed/strace/StraceExample.kt:184:51 Unresolved reference 'syscall'.
e: file:///Users/jim/work/v2superbikeshed/Trikeshed/src/commonMain/kotlin/borg/trikeshed/torrent/TorrentKettle.kt:3:27 Conflicting import: imported name 'Indexed' is ambiguous.
e: file:///Users/jim/work/v2superbikeshed/Trikeshed/src/commonMain/kotlin/borg/trikeshed/torrent/TorrentKettle.kt:4:27 Conflicting import: imported name 'Indexed' is ambiguous.
e: file:///Users/jim/work/v2superbikeshed/Trikeshed/src/commonMain/kotlin/borg/trikeshed/torrent/TorrentKettle.kt:140:53 Type mismatch: inferred type is 'IntRange', but 'Int' was expected.
e: file:///Users/jim/work/v2superbikeshed/Trikeshed/src/commonMain/kotlin/borg/trikeshed/torrent/TorrentKettle.kt:169:41 Initializer type mismatch: expected 'CoroutineContext', actual 'CoroutineScope'.
e: file:///Users/jim/work/v2superbikeshed/Trikeshed/src/commonMain/kotlin/borg/trikeshed/torrent/TorrentKettle.kt:170:50 Unresolved reference 'IO'.
e: file:///Users/jim/work/v2superbikeshed/Trikeshed/src/commonMain/kotlin/borg/trikeshed/torrent/TorrentKettle.kt:171:48 Unresolved reference 'IO'.
e: file:///Users/jim/work/v2superbikeshed/Trikeshed/src/commonMain/kotlin/borg/trikeshed/torrent/TorrentKettle.kt:172:51 Unresolved reference 'IO'.
e: file:///Users/jim/work/v2superbikeshed/Trikeshed/src/commonMain/kotlin/borg/trikeshed/torrent/TorrentKettle.kt:173:53 Unresolved reference 'IO'.
e: file:///Users/jim/work/v2superbikeshed/Trikeshed/src/commonMain/kotlin/borg/trikeshed/torrent/TorrentKettle.kt:224:25 Unresolved reference. None of the following candidates is applicable because of a receiver type mismatch:
fun MatchGroupCollection.get(name: String): MatchGroup?
e: file:///Users/jim/work/v2superbikeshed/Trikeshed/src/commonMain/kotlin/borg/trikeshed/torrent/TorrentKettle.kt:225:30 Type inference failed. The value of the type parameter 'K' must be mentioned in input types (argument types, receiver type, or expected type). Try to specify it explicitly.
e: file:///Users/jim/work/v2superbikeshed/Trikeshed/src/commonMain/kotlin/borg/trikeshed/torrent/TorrentKettle.kt:228:41 Argument type mismatch: actual type is 'MatchGroup?', but 'Int' was expected.
e: file:///Users/jim/work/v2superbikeshed/Trikeshed/src/commonMain/kotlin/borg/trikeshed/torrent/TorrentKettle.kt:263:38 Type mismatch: inferred type is 'IntRange', but 'Int' was expected.
e: file:///Users/jim/work/v2superbikeshed/Trikeshed/src/commonMain/kotlin/borg/trikeshed/torrent/TorrentKettle.kt:264:13 Suspension functions can only be called within coroutine body.
e: file:///Users/jim/work/v2superbikeshed/Trikeshed/src/commonMain/kotlin/borg/trikeshed/torrent/TorrentKettle.kt:272:13 Unresolved reference. None of the following candidates is applicable because of a receiver type mismatch:
fun MatchGroupCollection.get(name: String): MatchGroup?
e: file:///Users/jim/work/v2superbikeshed/Trikeshed/src/commonMain/kotlin/borg/trikeshed/torrent/TorrentKettle.kt:272:30 Unresolved reference 'data'.
e: file:///Users/jim/work/v2superbikeshed/Trikeshed/src/commonMain/kotlin/borg/trikeshed/torrent/TorrentKettle.kt:278:32 Argument type mismatch: actual type is 'MatchGroup?', but 'Byte' was expected.
e: file:///Users/jim/work/v2superbikeshed/Trikeshed/src/commonMain/kotlin/borg/trikeshed/torrent/TorrentKettle.kt:278:32 Unresolved reference. None of the following candidates is applicable because of a receiver type mismatch:
fun MatchGroupCollection.get(name: String): MatchGroup?
e: file:///Users/jim/work/v2superbikeshed/Trikeshed/src/commonMain/kotlin/borg/trikeshed/torrent/TorrentKettle.kt:296:29 Argument type mismatch: actual type is 'Join<ByteArray, Function0<Byte>>', but 'Join<Int, Function1<Int, Byte>>' was expected.
e: file:///Users/jim/work/v2superbikeshed/Trikeshed/src/commonMain/kotlin/borg/trikeshed/torrent/TorrentKettle.kt:296:54 Unresolved reference 'it'.
e: file:///Users/jim/work/v2superbikeshed/Trikeshed/src/commonMain/kotlin/borg/trikeshed/torrent/TorrentKettle.kt:305:24 Argument type mismatch: actual type is 'Join<IntArray, B (of fun <A, B> A.j)>', but 'Join<Int, Function1<Int, Int>>' was expected.
e: file:///Users/jim/work/v2superbikeshed/Trikeshed/src/commonMain/kotlin/borg/trikeshed/torrent/TorrentKettle.kt:305:64 Cannot infer type for this parameter. Specify it explicitly.
e: file:///Users/jim/work/v2superbikeshed/Trikeshed/src/commonMain/kotlin/borg/trikeshed/torrent/TorrentKettle.kt:305:68 Unresolved reference 'it'.
e: file:///Users/jim/work/v2superbikeshed/Trikeshed/src/commonMain/kotlin/borg/trikeshed/torrent/TorrentKettle.kt:350:16 Unresolved reference 'System'.
e: file:///Users/jim/work/v2superbikeshed/Trikeshed/src/commonMain/kotlin/borg/trikeshed/torrent/TorrentKettle.kt:354:16 Unresolved reference 'System'.
e: file:///Users/jim/work/v2superbikeshed/Trikeshed/src/commonMain/kotlin/borg/trikeshed/trie/OuroborosPatriciaTrie.kt:94:40 None of the following candidates is applicable:
fun <T> Join<Int, Function1<Int, Join<Any?, TypeMemento>>>.get(column: Column<T>): T?
fun <T : Any> JsReference<T>.get(): T
e: file:///Users/jim/work/v2superbikeshed/Trikeshed/src/commonMain/kotlin/borg/trikeshed/trie/OuroborosPatriciaTrie.kt:94:85 None of the following candidates is applicable:
fun <T> Join<Int, Function1<Int, Join<Any?, TypeMemento>>>.get(column: Column<T>): T?
fun <T : Any> JsReference<T>.get(): T
e: file:///Users/jim/work/v2superbikeshed/Trikeshed/src/commonMain/kotlin/borg/trikeshed/trie/OuroborosPatriciaTrie.kt:100:59 None of the following candidates is applicable:
fun <T> Join<Int, Function1<Int, Join<Any?, TypeMemento>>>.get(column: Column<T>): T?
fun <T : Any> JsReference<T>.get(): T
e: file:///Users/jim/work/v2superbikeshed/Trikeshed/src/commonMain/kotlin/borg/trikeshed/wireproto/TrikeShedWireProto.kt:141:31 None of the following candidates is applicable:
fun <T> Join<Int, Function1<Int, Join<Any?, TypeMemento>>>.get(column: Column<T>): T?
fun <T : Any> JsReference<T>.get(): T
e: file:///Users/jim/work/v2superbikeshed/Trikeshed/src/commonMain/kotlin/borg/trikeshed/wireproto/TrikeShedWireProto.kt:413:9 None of the following candidates is applicable:
fun <T> Join<Int, Function1<Int, Join<Any?, TypeMemento>>>.get(column: Column<T>): T?
fun <T : Any> JsReference<T>.get(): T
e: file:///Users/jim/work/v2superbikeshed/Trikeshed/src/commonMain/kotlin/borg/trikeshed/wireproto/TrikeShedWireProto.kt:447:54 Argument type mismatch: actual type is 'Join<Int, Function1<Int, Byte>>', but 'K (of fun <K> WHEN_CALL)' was expected.
e: file:///Users/jim/work/v2superbikeshed/Trikeshed/src/commonMain/kotlin/borg/trikeshed/wireproto/TrikeShedWireProto.kt:448:16 Cannot check for instance of erased type 'Join<Int, Function1<Int, *>>'.
e: file:///Users/jim/work/v2superbikeshed/Trikeshed/src/commonMain/kotlin/borg/trikeshed/wireproto/TrikeShedWireProto.kt:448:30 Argument type mismatch: actual type is 'Join<Int, Function1<Int, Byte>>', but 'K (of fun <K> WHEN_CALL)' was expected.
e: file:///Users/jim/work/v2superbikeshed/Trikeshed/src/commonMain/kotlin/borg/trikeshed/wireproto/TrikeShedWireProto.kt:449:21 Cannot infer type for this parameter. Specify it explicitly.
e: file:///Users/jim/work/v2superbikeshed/Trikeshed/src/commonMain/kotlin/borg/trikeshed/wireproto/TrikeShedWireProto.kt:449:21 Not enough information to infer type argument for 'T'.
e: file:///Users/jim/work/v2superbikeshed/Trikeshed/src/commonMain/kotlin/borg/trikeshed/wireproto/TrikeShedWireProto.kt:449:21 Unresolved reference. None of the following candidates is applicable because of a receiver type mismatch:
fun <T> Join<Shape, Function1<Shape, T>>.invoke(index: Int): T
e: file:///Users/jim/work/v2superbikeshed/Trikeshed/src/commonMain/kotlin/borg/trikeshed/wireproto/TrikeShedWireProto.kt:449:21 Argument type mismatch: actual type is 'T (of fun <T> Join<Shape, Function1<Shape, T>>.invoke)', but 'K (of fun <K> WHEN_CALL)' was expected.
e: file:///Users/jim/work/v2superbikeshed/Trikeshed/src/commonMain/kotlin/borg/trikeshed/wireproto/TrikeShedWireProto.kt:454:50 None of the following candidates is applicable:
fun <T> Join<Int, Function1<Int, Join<Any?, TypeMemento>>>.get(column: Column<T>): T?
fun <T : Any> JsReference<T>.get(): T
e: file:///Users/jim/work/v2superbikeshed/Trikeshed/src/commonMain/kotlin/borg/trikeshed/wireproto/WireProto.kt:32:16 Cannot infer type for this parameter. Specify it explicitly.
e: file:///Users/jim/work/v2superbikeshed/Trikeshed/src/commonMain/kotlin/borg/trikeshed/wireproto/WireProto.kt:32:16 Not enough information to infer type argument for 'T'.
e: file:///Users/jim/work/v2superbikeshed/Trikeshed/src/commonMain/kotlin/borg/trikeshed/wireproto/WireProto.kt:32:16 Unresolved reference. None of the following candidates is applicable because of a receiver type mismatch:
fun <T> Join<Shape, Function1<Shape, T>>.invoke(index: Int): T
e: file:///Users/jim/work/v2superbikeshed/Trikeshed/src/wasmJsMain/kotlin/borg/trikeshed/nio/ByteBufferFactory.wasmJs.kt:5:9 Unresolved reference 'WasmByteBuffer'.
e: file:///Users/jim/work/v2superbikeshed/Trikeshed/src/wasmJsMain/kotlin/borg/trikeshed/nio/ByteBufferFactory.wasmJs.kt:9:9 Unresolved reference 'WasmByteBuffer'.
e: file:///Users/jim/work/v2superbikeshed/Trikeshed/src/wasmJsMain/kotlin/borg/trikeshed/nio/ByteBufferFactory.wasmJs.kt:12:22 Unresolved reference 'WasmByteBuffer'.
e: file:///Users/jim/work/v2superbikeshed/Trikeshed/src/wasmJsMain/kotlin/borg/trikeshed/nio/PlatformNio.wasmJs.kt:11:14 'actual class PlatformByteBuffer : Any' has no corresponding members for expected class members:

    expect fun put(src: ByteArray, offset: Int, length: Int): PlatformByteBuffer

    The following declarations are incompatible because number of value parameters is different:
        actual fun put(byte: Byte): PlatformByteBuffer
        actual fun put(src: ByteArray): PlatformByteBuffer

    expect fun putLong(value: Long): PlatformByteBuffer

    expect fun clear(): PlatformByteBuffer

    expect fun rewind(): PlatformByteBuffer

    expect fun limit(newLimit: Int): PlatformByteBuffer

    The following declaration is incompatible because number of value parameters is different:
        actual fun limit(): Int

    expect fun capacity(): Int

    expect fun hasRemaining(): Boolean

e: file:///Users/jim/work/v2superbikeshed/Trikeshed/src/wasmJsMain/kotlin/borg/trikeshed/nio/PlatformNio.wasmJs.kt:29:9 Unresolved reference 'System'.
e: file:///Users/jim/work/v2superbikeshed/Trikeshed/src/wasmJsMain/kotlin/borg/trikeshed/nio/PlatformNio.wasmJs.kt:41:9 Unresolved reference 'System'.
e: file:///Users/jim/work/v2superbikeshed/Trikeshed/src/wasmJsMain/kotlin/borg/trikeshed/nio/PlatformNio.wasmJs.kt:74:14 'actual class PlatformInetSocketAddress : Any' has no corresponding members for expected class members:

    expect constructor(address: PlatformInetAddress, port: Int): PlatformInetSocketAddress

    The following declaration is incompatible because parameter types are different:
        actual constructor(host: String, port: Int): PlatformInetSocketAddress

e: file:///Users/jim/work/v2superbikeshed/Trikeshed/src/wasmJsMain/kotlin/borg/trikeshed/nio/PlatformNio.wasmJs.kt:90:14 'actual class PlatformDatagramPacket : Any' has no corresponding members for expected class members:

    expect val socketAddress: PlatformInetSocketAddress?

    expect val port: Int

    expect constructor(data: ByteArray, length: Int): PlatformDatagramPacket

    The following declarations are incompatible because number of value parameters is different:
        actual constructor(data: ByteArray, length: Int, address: PlatformInetSocketAddress): PlatformDatagramPacket
        actual constructor(data: ByteArray, offset: Int, length: Int, address: PlatformInetSocketAddress): PlatformDatagramPacket

    expect constructor(data: ByteArray, length: Int, address: PlatformSocketAddress): PlatformDatagramPacket

    The following declaration is incompatible because parameter types are different:
        actual constructor(data: ByteArray, length: Int, address: PlatformInetSocketAddress): PlatformDatagramPacket
    The following declaration is incompatible because number of value parameters is different:
        actual constructor(data: ByteArray, offset: Int, length: Int, address: PlatformInetSocketAddress): PlatformDatagramPacket

e: file:///Users/jim/work/v2superbikeshed/Trikeshed/src/wasmJsMain/kotlin/borg/trikeshed/nio/PlatformNio.wasmJs.kt:106:16 'actual val length: Int' has no corresponding expected declaration
The following declaration is incompatible because property kinds are different (val vs var):
    expect var length: Int

e: file:///Users/jim/work/v2superbikeshed/Trikeshed/src/wasmJsMain/kotlin/borg/trikeshed/nio/PlatformNio.wasmJs.kt:108:16 'actual val address: PlatformInetSocketAddress' has no corresponding expected declaration
The following declaration is incompatible because return type is different:
    expect val address: PlatformSocketAddress?

e: file:///Users/jim/work/v2superbikeshed/Trikeshed/src/wasmJsMain/kotlin/borg/trikeshed/nio/PlatformNio.wasmJs.kt:112:14 'actual class PlatformDatagramSocket : Any' has no corresponding members for expected class members:

    expect val remoteSocketAddress: PlatformSocketAddress?

    expect val inetAddress: PlatformInetAddress?

    expect val port: Int

e: file:///Users/jim/work/v2superbikeshed/Trikeshed/src/wasmJsMain/kotlin/borg/trikeshed/nio/PlatformNio.wasmJs.kt:130:14 'actual class PlatformChannel : Any' has no corresponding members for expected class members:

    expect fun read(buffer: PlatformByteBuffer): Int

    expect fun write(buffer: PlatformByteBuffer): Int

    expect val isOpen: Boolean

    The following declaration is incompatible because callable kinds are different (function vs property):
        actual fun isOpen(): Boolean

e: file:///Users/jim/work/v2superbikeshed/Trikeshed/src/wasmJsMain/kotlin/borg/trikeshed/parse/json/JsonBitmapSimd.wasmJs.kt:24:17 Incompatible types 'UByte' and 'UInt'.
e: file:///Users/jim/work/v2superbikeshed/Trikeshed/src/wasmJsMain/kotlin/borg/trikeshed/parse/json/JsonBitmapSimd.wasmJs.kt:24:24 Incompatible types 'UByte' and 'UInt'.
e: file:///Users/jim/work/v2superbikeshed/Trikeshed/src/wasmJsMain/kotlin/borg/trikeshed/parse/json/JsonBitmapSimd.wasmJs.kt:25:17 Incompatible types 'UByte' and 'UInt'.
e: file:///Users/jim/work/v2superbikeshed/Trikeshed/src/wasmJsMain/kotlin/borg/trikeshed/parse/json/JsonBitmapSimd.wasmJs.kt:25:24 Incompatible types 'UByte' and 'UInt'.
e: file:///Users/jim/work/v2superbikeshed/Trikeshed/src/wasmJsMain/kotlin/borg/trikeshed/parse/json/JsonBitmapSimd.wasmJs.kt:26:17 Incompatible types 'UByte' and 'UInt'.
e: file:///Users/jim/work/v2superbikeshed/Trikeshed/src/wasmJsMain/kotlin/borg/trikeshed/parse/json/JsonBitmapSimd.wasmJs.kt:30:17 Incompatible types 'UByte' and 'UInt'.
e: file:///Users/jim/work/v2superbikeshed/Trikeshed/src/wasmJsMain/kotlin/borg/trikeshed/parse/json/JsonBitmapSimd.wasmJs.kt:31:17 Incompatible types 'UByte' and 'UInt'.
e: file:///Users/jim/work/v2superbikeshed/Trikeshed/src/wasmJsMain/kotlin/borg/trikeshed/parse/json/JsonImpl.wasmJs.kt:3:15 'actual object JsonImpl : Any' has no corresponding expected declaration
e: file:///Users/jim/work/v2superbikeshed/Trikeshed/src/wasmJsMain/kotlin/borg/trikeshed/parse/json/JsonImpl.wasmJs.kt:4:16 'actual fun parse(input: String): Any?' has no corresponding expected declaration
e: file:///Users/jim/work/v2superbikeshed/Trikeshed/src/wasmJsMain/kotlin/borg/trikeshed/parse/json/JsonImpl.wasmJs.kt:6:13 Calls to 'js(code)' must be a single expression inside a top-level function body or a property initializer in Kotlin/Wasm.
e: file:///Users/jim/work/v2superbikeshed/Trikeshed/src/wasmJsMain/kotlin/borg/trikeshed/parse/json/JsonImpl.wasmJs.kt:12:16 'actual fun stringify(obj: Any?, pretty: Boolean): String' has no corresponding expected declaration
e: file:///Users/jim/work/v2superbikeshed/Trikeshed/src/wasmJsMain/kotlin/borg/trikeshed/parse/json/JsonImpl.wasmJs.kt:15:17 Calls to 'js(code)' must be a single expression inside a top-level function body or a property initializer in Kotlin/Wasm.
e: file:///Users/jim/work/v2superbikeshed/Trikeshed/src/wasmJsMain/kotlin/borg/trikeshed/parse/json/JsonImpl.wasmJs.kt:17:17 Calls to 'js(code)' must be a single expression inside a top-level function body or a property initializer in Kotlin/Wasm.
e: file:///Users/jim/work/v2superbikeshed/Trikeshed/src/wasmJsMain/kotlin/borg/trikeshed/reactor/ClientChannel.wasmJs.kt:9:14 Redeclaration:
actual interface ClientChannel : SelectableChannel
e: file:///Users/jim/work/v2superbikeshed/Trikeshed/src/wasmJsMain/kotlin/borg/trikeshed/reactor/PlatformIO.wasmJs.kt:8:12 'actual val IO: CoroutineDispatcher' has no corresponding expected declaration
e: file:///Users/jim/work/v2superbikeshed/Trikeshed/src/wasmJsMain/kotlin/borg/trikeshed/reactor/PlatformIO.wasmJs.kt:11:15 'actual object System : Any' has no corresponding expected declaration
e: file:///Users/jim/work/v2superbikeshed/Trikeshed/src/wasmJsMain/kotlin/borg/trikeshed/reactor/PlatformIO.wasmJs.kt:12:16 'actual fun currentTimeMillis(): Long' has no corresponding expected declaration
e: file:///Users/jim/work/v2superbikeshed/Trikeshed/src/wasmJsMain/kotlin/borg/trikeshed/reactor/PlatformIO.wasmJs.kt:12:54 Unresolved reference 'Date'.
e: file:///Users/jim/work/v2superbikeshed/Trikeshed/src/wasmJsMain/kotlin/borg/trikeshed/reactor/PlatformIO.wasmJs.kt:13:16 'actual fun nanoTime(): Long' has no corresponding expected declaration
e: file:///Users/jim/work/v2superbikeshed/Trikeshed/src/wasmJsMain/kotlin/borg/trikeshed/reactor/PlatformIO.wasmJs.kt:13:45 Unresolved reference 'Date'.
e: file:///Users/jim/work/v2superbikeshed/Trikeshed/src/wasmJsMain/kotlin/borg/trikeshed/reactor/PlatformIO.wasmJs.kt:13:65 Unresolved reference 'times' for operator '*'.
e: file:///Users/jim/work/v2superbikeshed/Trikeshed/src/wasmJsMain/kotlin/borg/trikeshed/reactor/PlatformIO.wasmJs.kt:16:14 'actual class PlatformIO : Any' has no corresponding expected declaration
e: file:///Users/jim/work/v2superbikeshed/Trikeshed/src/wasmJsMain/kotlin/borg/trikeshed/reactor/PlatformIO.wasmJs.kt:17:16 'actual fun createSelector(): SelectorInterface' has no corresponding expected declaration
e: file:///Users/jim/work/v2superbikeshed/Trikeshed/src/wasmJsMain/kotlin/borg/trikeshed/reactor/PlatformIO.wasmJs.kt:19:16 'actual fun createServerChannel(): ServerChannel' has no corresponding expected declaration
e: file:///Users/jim/work/v2superbikeshed/Trikeshed/src/wasmJsMain/kotlin/borg/trikeshed/reactor/PlatformIO.wasmJs.kt:21:16 'actual fun createClientChannel(): ClientChannel' has no corresponding expected declaration
e: file:///Users/jim/work/v2superbikeshed/Trikeshed/src/wasmJsMain/kotlin/borg/trikeshed/reactor/PlatformIO.wasmJs.kt:23:16 'actual fun createBufferPool(bufferSize: Int): BufferPool' has no corresponding expected declaration
e: file:///Users/jim/work/v2superbikeshed/Trikeshed/src/wasmJsMain/kotlin/borg/trikeshed/reactor/PlatformIO.wasmJs.kt:25:22 'actual companion object Companion : Any' has no corresponding expected declaration
e: file:///Users/jim/work/v2superbikeshed/Trikeshed/src/wasmJsMain/kotlin/borg/trikeshed/reactor/PlatformIO.wasmJs.kt:26:20 'actual fun create(): PlatformIO' has no corresponding expected declaration
e: file:///Users/jim/work/v2superbikeshed/Trikeshed/src/wasmJsMain/kotlin/borg/trikeshed/reactor/PlatformIO.wasmJs.kt:47:27 This type is final, so it cannot be extended.
e: file:///Users/jim/work/v2superbikeshed/Trikeshed/src/wasmJsMain/kotlin/borg/trikeshed/reactor/PlatformIO.wasmJs.kt:47:27 This type has a constructor, so it must be initialized here.
e: file:///Users/jim/work/v2superbikeshed/Trikeshed/src/wasmJsMain/kotlin/borg/trikeshed/reactor/PlatformIO.wasmJs.kt:50:5 'isOpen' overrides nothing.
e: file:///Users/jim/work/v2superbikeshed/Trikeshed/src/wasmJsMain/kotlin/borg/trikeshed/reactor/PlatformIO.wasmJs.kt:51:5 'close' in 'ClientChannel' is final and cannot be overridden.
e: file:///Users/jim/work/v2superbikeshed/Trikeshed/src/wasmJsMain/kotlin/borg/trikeshed/reactor/PlatformIO.wasmJs.kt:52:5 'configureBlocking' overrides nothing.
e: file:///Users/jim/work/v2superbikeshed/Trikeshed/src/wasmJsMain/kotlin/borg/trikeshed/reactor/PlatformIO.wasmJs.kt:52:73 Return type mismatch: expected 'SelectableChannel', actual 'WasmClientChannel'.
e: file:///Users/jim/work/v2superbikeshed/Trikeshed/src/wasmJsMain/kotlin/borg/trikeshed/reactor/PlatformIO.wasmJs.kt:53:5 'isBlocking' overrides nothing.
e: file:///Users/jim/work/v2superbikeshed/Trikeshed/src/wasmJsMain/kotlin/borg/trikeshed/reactor/PlatformIO.wasmJs.kt:55:5 'connect' overrides nothing.
e: file:///Users/jim/work/v2superbikeshed/Trikeshed/src/wasmJsMain/kotlin/borg/trikeshed/reactor/PlatformIO.wasmJs.kt:59:5 'read' overrides nothing.
e: file:///Users/jim/work/v2superbikeshed/Trikeshed/src/wasmJsMain/kotlin/borg/trikeshed/reactor/PlatformIO.wasmJs.kt:63:5 'write' overrides nothing.
e: file:///Users/jim/work/v2superbikeshed/Trikeshed/src/wasmJsMain/kotlin/borg/trikeshed/reactor/PlatformIO.wasmJs.kt:68:1 Class 'WasmBufferPool' is not abstract and does not implement abstract members:
suspend fun acquire(): PlatformByteBuffer
suspend fun release(buffer: PlatformByteBuffer): Unit
suspend fun accept(): ClientChannel?
e: file:///Users/jim/work/v2superbikeshed/Trikeshed/src/wasmJsMain/kotlin/borg/trikeshed/reactor/PlatformIO.wasmJs.kt:69:5 'acquire' overrides nothing. Potential signatures for overriding:
suspend fun acquire(): PlatformByteBuffer
e: file:///Users/jim/work/v2superbikeshed/Trikeshed/src/wasmJsMain/kotlin/borg/trikeshed/reactor/PlatformIO.wasmJs.kt:69:14 Conflicting overloads:
fun acquire(): ByteBuffer
suspend fun acquire(): PlatformByteBuffer
e: file:///Users/jim/work/v2superbikeshed/Trikeshed/src/wasmJsMain/kotlin/borg/trikeshed/reactor/PlatformIO.wasmJs.kt:70:16 Return type mismatch: expected 'borg.trikeshed.reactor.ByteBuffer', actual 'borg.trikeshed.nio.ByteBuffer'.
e: file:///Users/jim/work/v2superbikeshed/Trikeshed/src/wasmJsMain/kotlin/borg/trikeshed/reactor/PlatformIO.wasmJs.kt:73:5 'release' overrides nothing. Potential signatures for overriding:
suspend fun release(buffer: PlatformByteBuffer): Unit
e: file:///Users/jim/work/v2superbikeshed/Trikeshed/src/wasmJsMain/kotlin/borg/trikeshed/reactor/PlatformIO.wasmJs.kt:78:18 'actual interface ServerChannel : SelectableChannel' has no corresponding expected declaration
e: file:///Users/jim/work/v2superbikeshed/Trikeshed/src/wasmJsMain/kotlin/borg/trikeshed/reactor/PlatformIO.wasmJs.kt:79:16 'actual fun bind(port: Int): Unit' has no corresponding expected declaration
e: file:///Users/jim/work/v2superbikeshed/Trikeshed/src/wasmJsMain/kotlin/borg/trikeshed/reactor/PlatformIO.wasmJs.kt:80:16 'actual fun accept(): ClientChannel?' has no corresponding expected declaration
e: file:///Users/jim/work/v2superbikeshed/Trikeshed/src/wasmJsMain/kotlin/borg/trikeshed/reactor/PlatformIO.wasmJs.kt:83:18 'actual interface ClientChannel : SelectableChannel' has no corresponding expected declaration
The following declaration is incompatible because class kinds are different (class, interface, object, enum, annotation):
    expect class ClientChannel : Any

e: file:///Users/jim/work/v2superbikeshed/Trikeshed/src/wasmJsMain/kotlin/borg/trikeshed/reactor/PlatformIO.wasmJs.kt:83:18 Redeclaration:
actual class ClientChannel : Any
e: file:///Users/jim/work/v2superbikeshed/Trikeshed/src/wasmJsMain/kotlin/borg/trikeshed/reactor/PlatformIO.wasmJs.kt:84:16 'actual fun connect(host: String, port: Int): Unit' has no corresponding expected declaration
e: file:///Users/jim/work/v2superbikeshed/Trikeshed/src/wasmJsMain/kotlin/borg/trikeshed/reactor/PlatformIO.wasmJs.kt:85:16 'actual fun read(buffer: ByteBuffer): Int' has no corresponding expected declaration
e: file:///Users/jim/work/v2superbikeshed/Trikeshed/src/wasmJsMain/kotlin/borg/trikeshed/reactor/PlatformIO.wasmJs.kt:86:16 'actual fun write(buffer: ByteBuffer): Int' has no corresponding expected declaration
e: file:///Users/jim/work/v2superbikeshed/Trikeshed/src/wasmJsMain/kotlin/borg/trikeshed/reactor/PlatformTypes.wasmJs.kt:3:14 'actual class Selector : Any' has no corresponding expected declaration
e: file:///Users/jim/work/v2superbikeshed/Trikeshed/src/wasmJsMain/kotlin/borg/trikeshed/reactor/PlatformTypes.wasmJs.kt:4:16 'actual fun select(): Int' has no corresponding expected declaration
e: file:///Users/jim/work/v2superbikeshed/Trikeshed/src/wasmJsMain/kotlin/borg/trikeshed/reactor/PlatformTypes.wasmJs.kt:6:16 'actual fun selectedKeys(): MutableSet<SelectionKey>' has no corresponding expected declaration
e: file:///Users/jim/work/v2superbikeshed/Trikeshed/src/wasmJsMain/kotlin/borg/trikeshed/reactor/PlatformTypes.wasmJs.kt:8:16 'actual fun close(): Unit' has no corresponding expected declaration
e: file:///Users/jim/work/v2superbikeshed/Trikeshed/src/wasmJsMain/kotlin/borg/trikeshed/reactor/SelectableChannel.wasmJs.kt:4:18 'actual interface SelectableChannel : Any' has no corresponding members for expected class members:

    expect val isOpen: Boolean

    The following declaration is incompatible because callable kinds are different (function vs property):
        actual fun isOpen(): Boolean

    expect val isBlocking: Boolean

    The following declaration is incompatible because callable kinds are different (function vs property):
        actual fun isBlocking(): Boolean

e: file:///Users/jim/work/v2superbikeshed/Trikeshed/src/wasmJsMain/kotlin/borg/trikeshed/reactor/SelectableChannel.wasmJs.kt:5:16 'actual fun isOpen(): Boolean' has no corresponding expected declaration
The following declaration is incompatible because callable kinds are different (function vs property):
    expect val isOpen: Boolean

e: file:///Users/jim/work/v2superbikeshed/Trikeshed/src/wasmJsMain/kotlin/borg/trikeshed/reactor/SelectableChannel.wasmJs.kt:6:16 'actual fun close(): Unit' has no corresponding expected declaration
The following declaration is incompatible because modifiers are different (suspend):
    expect suspend fun close(): Unit

e: file:///Users/jim/work/v2superbikeshed/Trikeshed/src/wasmJsMain/kotlin/borg/trikeshed/reactor/SelectableChannel.wasmJs.kt:8:16 'actual fun isBlocking(): Boolean' has no corresponding expected declaration
The following declaration is incompatible because callable kinds are different (function vs property):
    expect val isBlocking: Boolean

e: file:///Users/jim/work/v2superbikeshed/Trikeshed/src/wasmJsMain/kotlin/borg/trikeshed/reactor/SelectableChannel.wasmJs.kt:11:14 Redeclaration:
actual class SelectionKey : Any
e: file:///Users/jim/work/v2superbikeshed/Trikeshed/src/wasmJsMain/kotlin/borg/trikeshed/reactor/SelectableChannel.wasmJs.kt:30:25 'actual fun isOpen(): Boolean' has no corresponding expected declaration
e: file:///Users/jim/work/v2superbikeshed/Trikeshed/src/wasmJsMain/kotlin/borg/trikeshed/reactor/SelectableChannel.wasmJs.kt:31:25 'actual fun close(): Unit' has no corresponding expected declaration
e: file:///Users/jim/work/v2superbikeshed/Trikeshed/src/wasmJsMain/kotlin/borg/trikeshed/reactor/SelectableChannel.wasmJs.kt:32:25 'actual fun configureBlocking(block: Boolean): SelectableChannel' has no corresponding expected declaration
e: file:///Users/jim/work/v2superbikeshed/Trikeshed/src/wasmJsMain/kotlin/borg/trikeshed/reactor/SelectableChannel.wasmJs.kt:33:25 'actual fun isBlocking(): Boolean' has no corresponding expected declaration
e: file:///Users/jim/work/v2superbikeshed/Trikeshed/src/wasmJsMain/kotlin/borg/trikeshed/reactor/SelectableChannel.wasmJs.kt:36:31 This type is final, so it cannot be extended.
e: file:///Users/jim/work/v2superbikeshed/Trikeshed/src/wasmJsMain/kotlin/borg/trikeshed/reactor/SelectableChannel.wasmJs.kt:36:31 This type has a constructor, so it must be initialized here.
e: file:///Users/jim/work/v2superbikeshed/Trikeshed/src/wasmJsMain/kotlin/borg/trikeshed/reactor/SelectableChannel.wasmJs.kt:37:12 'select' in 'SelectorInterface' is final and cannot be overridden.
e: file:///Users/jim/work/v2superbikeshed/Trikeshed/src/wasmJsMain/kotlin/borg/trikeshed/reactor/SelectableChannel.wasmJs.kt:37:25 'actual fun select(): Int' has no corresponding expected declaration
e: file:///Users/jim/work/v2superbikeshed/Trikeshed/src/wasmJsMain/kotlin/borg/trikeshed/reactor/SelectableChannel.wasmJs.kt:38:12 'wakeup' in 'SelectorInterface' is final and cannot be overridden.
e: file:///Users/jim/work/v2superbikeshed/Trikeshed/src/wasmJsMain/kotlin/borg/trikeshed/reactor/SelectableChannel.wasmJs.kt:38:25 'actual fun wakeup(): Unit' has no corresponding expected declaration
e: file:///Users/jim/work/v2superbikeshed/Trikeshed/src/wasmJsMain/kotlin/borg/trikeshed/reactor/SelectableChannel.wasmJs.kt:39:12 'register' in 'SelectorInterface' is final and cannot be overridden.
e: file:///Users/jim/work/v2superbikeshed/Trikeshed/src/wasmJsMain/kotlin/borg/trikeshed/reactor/SelectableChannel.wasmJs.kt:39:25 'actual fun register(channel: SelectableChannel, ops: Int, attachment: Any?): SelectionKey' has no corresponding expected declaration
e: file:///Users/jim/work/v2superbikeshed/Trikeshed/src/wasmJsMain/kotlin/borg/trikeshed/reactor/SelectableChannel.wasmJs.kt:40:12 'selectedKeys' in 'SelectorInterface' is final and cannot be overridden.
e: file:///Users/jim/work/v2superbikeshed/Trikeshed/src/wasmJsMain/kotlin/borg/trikeshed/reactor/SelectableChannel.wasmJs.kt:40:25 'actual fun selectedKeys(): Set<SelectionKey>' has no corresponding expected declaration
e: file:///Users/jim/work/v2superbikeshed/Trikeshed/src/wasmJsMain/kotlin/borg/trikeshed/reactor/SelectableChannel.wasmJs.kt:41:12 'close' in 'SelectorInterface' is final and cannot be overridden.
e: file:///Users/jim/work/v2superbikeshed/Trikeshed/src/wasmJsMain/kotlin/borg/trikeshed/reactor/SelectableChannel.wasmJs.kt:41:25 'actual fun close(): Unit' has no corresponding expected declaration
e: file:///Users/jim/work/v2superbikeshed/Trikeshed/src/wasmJsMain/kotlin/borg/trikeshed/reactor/SelectableChannel.wasmJs.kt:49:16 'actual fun close(): Unit' has no corresponding expected declaration
The following declaration is incompatible because modifiers are different (suspend):
    expect suspend fun close(): Unit

e: file:///Users/jim/work/v2superbikeshed/Trikeshed/src/wasmJsMain/kotlin/borg/trikeshed/reactor/SelectionKey.wasmJs.kt:7:14 Redeclaration:
actual class SelectionKey : Any
e: file:///Users/jim/work/v2superbikeshed/Trikeshed/src/wasmJsMain/kotlin/borg/trikeshed/reflection/PlatformServiceInvoker.wasmJs.kt:59:77 Unresolved reference 'size'.

> Task :Trikeshed:compileKotlinWasmJs FAILED

> Task :Trikeshed:compileCommonMainKotlinMetadata FAILED
e: file:///Users/jim/work/v2superbikeshed/Trikeshed/src/commonMain/kotlin/borg/trikeshed/Main.kt:7:27 Unresolved reference 'runBlocking'.
e: file:///Users/jim/work/v2superbikeshed/Trikeshed/src/commonMain/kotlin/borg/trikeshed/Main.kt:125:1 Conflicting overloads:
fun main(): Unit
e: file:///Users/jim/work/v2superbikeshed/Trikeshed/src/commonMain/kotlin/borg/trikeshed/Main.kt:125:14 Unresolved reference 'runBlocking'.
e: file:///Users/jim/work/v2superbikeshed/Trikeshed/src/commonMain/kotlin/borg/trikeshed/Main.kt:126:22 Suspend function 'suspend fun run(): Unit' can only be called from a coroutine or another suspend function.
e: file:///Users/jim/work/v2superbikeshed/Trikeshed/src/commonMain/kotlin/borg/trikeshed/MainRouter.kt:245:33 Unresolved reference 'runBlocking'.
e: file:///Users/jim/work/v2superbikeshed/Trikeshed/src/commonMain/kotlin/borg/trikeshed/MainRouter.kt:246:16 Suspend function 'suspend fun trikeshed(args: Array<String>, block: TrikeShedDsl.() -> Unit): Unit' can only be called from a coroutine or another suspend function.
e: file:///Users/jim/work/v2superbikeshed/Trikeshed/src/commonMain/kotlin/borg/trikeshed/MainRouter.kt:281:28 Unresolved reference. None of the following candidates is applicable because of a receiver type mismatch:
fun Join<Int, Function1<Int, Byte>>.toByteArray(): ByteArray
e: file:///Users/jim/work/v2superbikeshed/Trikeshed/src/commonMain/kotlin/borg/trikeshed/MainRouter.kt:294:28 Unresolved reference. None of the following candidates is applicable because of a receiver type mismatch:
fun Join<Int, Function1<Int, Byte>>.toByteArray(): ByteArray
e: file:///Users/jim/work/v2superbikeshed/Trikeshed/src/commonMain/kotlin/borg/trikeshed/SimpleMain.kt:4:1 Conflicting overloads:
fun main(): <ERROR TYPE REF: Unresolved name: runBlocking>
e: file:///Users/jim/work/v2superbikeshed/Trikeshed/src/commonMain/kotlin/borg/trikeshed/attention/InlineDoubleDispatch.kt:16:2 Unresolved reference 'JvmInline'.
e: file:///Users/jim/work/v2superbikeshed/Trikeshed/src/commonMain/kotlin/borg/trikeshed/attention/InlineDoubleDispatch.kt:17:2 Unresolved reference 'JvmInline'.
e: file:///Users/jim/work/v2superbikeshed/Trikeshed/src/commonMain/kotlin/borg/trikeshed/attention/InlineDoubleDispatch.kt:18:2 Unresolved reference 'JvmInline'.
e: file:///Users/jim/work/v2superbikeshed/Trikeshed/src/commonMain/kotlin/borg/trikeshed/attention/InlineDoubleDispatch.kt:21:2 Unresolved reference 'JvmInline'.
e: file:///Users/jim/work/v2superbikeshed/Trikeshed/src/commonMain/kotlin/borg/trikeshed/attention/InlineDoubleDispatch.kt:22:2 Unresolved reference 'JvmInline'.
e: file:///Users/jim/work/v2superbikeshed/Trikeshed/src/commonMain/kotlin/borg/trikeshed/attention/InlineDoubleDispatch.kt:23:2 Unresolved reference 'JvmInline'.
e: file:///Users/jim/work/v2superbikeshed/Trikeshed/src/commonMain/kotlin/borg/trikeshed/autovec/CryptoAutovec.kt:717:27 Argument type mismatch: actual type is 'Int', but 'Int' was expected.
e: file:///Users/jim/work/v2superbikeshed/Trikeshed/src/commonMain/kotlin/borg/trikeshed/autovec/CryptoAutovec.kt:717:32 Argument type mismatch: actual type is 'T? (of fun <T> Join<Int, Function1<Int, Join<Any?, TypeMemento>>>.get)', but 'Byte' was expected.
e: file:///Users/jim/work/v2superbikeshed/Trikeshed/src/commonMain/kotlin/borg/trikeshed/autovec/CryptoAutovec.kt:717:32 Cannot infer type for this parameter. Specify it explicitly.
e: file:///Users/jim/work/v2superbikeshed/Trikeshed/src/commonMain/kotlin/borg/trikeshed/autovec/CryptoAutovec.kt:717:32 Unresolved reference. None of the following candidates is applicable because of a receiver type mismatch:
fun <T> Join<Int, Function1<Int, Join<Any?, TypeMemento>>>.get(column: Column<T>): T?
e: file:///Users/jim/work/v2superbikeshed/Trikeshed/src/commonMain/kotlin/borg/trikeshed/ccek/CCEK.kt:115:5 Unresolved reference 'coroutineContext'.
e: file:///Users/jim/work/v2superbikeshed/Trikeshed/src/commonMain/kotlin/borg/trikeshed/ccek/CCEK.kt:121:5 Unresolved reference 'coroutineContext'.
e: file:///Users/jim/work/v2superbikeshed/Trikeshed/src/commonMain/kotlin/borg/trikeshed/ccek/CCEK.kt:127:5 Unresolved reference 'coroutineContext'.
e: file:///Users/jim/work/v2superbikeshed/Trikeshed/src/commonMain/kotlin/borg/trikeshed/ccek/CCEK.kt:277:47 No parameter with name 'phase' found.
e: file:///Users/jim/work/v2superbikeshed/Trikeshed/src/commonMain/kotlin/borg/trikeshed/ccek/CCEK.kt:280:54 No parameter with name 'phase' found.
e: file:///Users/jim/work/v2superbikeshed/Trikeshed/src/commonMain/kotlin/borg/trikeshed/ccek/CCEK.kt:285:50 No parameter with name 'phase' found.
e: file:///Users/jim/work/v2superbikeshed/Trikeshed/src/commonMain/kotlin/borg/trikeshed/ccek/CCEK.kt:289:45 No parameter with name 'phase' found.
e: file:///Users/jim/work/v2superbikeshed/Trikeshed/src/commonMain/kotlin/borg/trikeshed/ccek/CCEK.kt:296:19 Unresolved reference 'constraints'.
e: file:///Users/jim/work/v2superbikeshed/Trikeshed/src/commonMain/kotlin/borg/trikeshed/ccek/CCEK.kt:296:41 Cannot infer type for this parameter. Specify it explicitly.
e: file:///Users/jim/work/v2superbikeshed/Trikeshed/src/commonMain/kotlin/borg/trikeshed/ccek/CCEK.kt:304:43 None of the following candidates is applicable:
fun <T, R : Comparable<R>> Array<out T>.sortedByDescending(crossinline selector: (T) -> R?): List<T>
fun <R : Comparable<R>> ByteArray.sortedByDescending(crossinline selector: (Byte) -> R?): List<Byte>
fun <R : Comparable<R>> ShortArray.sortedByDescending(crossinline selector: (Short) -> R?): List<Short>
fun <R : Comparable<R>> IntArray.sortedByDescending(crossinline selector: (Int) -> R?): List<Int>
fun <R : Comparable<R>> LongArray.sortedByDescending(crossinline selector: (Long) -> R?): List<Long>
fun <R : Comparable<R>> FloatArray.sortedByDescending(crossinline selector: (Float) -> R?): List<Float>
fun <R : Comparable<R>> DoubleArray.sortedByDescending(crossinline selector: (Double) -> R?): List<Double>
fun <R : Comparable<R>> BooleanArray.sortedByDescending(crossinline selector: (Boolean) -> R?): List<Boolean>
fun <R : Comparable<R>> CharArray.sortedByDescending(crossinline selector: (Char) -> R?): List<Char>
fun <T, R : Comparable<R>> Iterable<T>.sortedByDescending(crossinline selector: (T) -> R?): List<T>
fun <T, R : Comparable<R>> Sequence<T>.sortedByDescending(crossinline selector: (T) -> R?): Sequence<T>
e: file:///Users/jim/work/v2superbikeshed/Trikeshed/src/commonMain/kotlin/borg/trikeshed/ccek/CCEK.kt:304:64 Unresolved reference 'it'.
e: file:///Users/jim/work/v2superbikeshed/Trikeshed/src/commonMain/kotlin/borg/trikeshed/ccek/CCEK.kt:308:57 Unresolved reference 'condition'.
e: file:///Users/jim/work/v2superbikeshed/Trikeshed/src/commonMain/kotlin/borg/trikeshed/ccek/CCEK.kt:309:69 Unresolved reference 'action'.
e: file:///Users/jim/work/v2superbikeshed/Trikeshed/src/commonMain/kotlin/borg/trikeshed/ccek/CCEK.kt:321:65 Argument type mismatch: actual type is 'String?', but 'String' was expected.
e: file:///Users/jim/work/v2superbikeshed/Trikeshed/src/commonMain/kotlin/borg/trikeshed/ccek/CCEK.kt:499:31 No value passed for parameter 'executionId'.
e: file:///Users/jim/work/v2superbikeshed/Trikeshed/src/commonMain/kotlin/borg/trikeshed/ccek/CCEK.kt:514:44 Unresolved reference 'executeValidation'.
e: file:///Users/jim/work/v2superbikeshed/Trikeshed/src/commonMain/kotlin/borg/trikeshed/ccek/CCEK.kt:515:48 Unresolved reference 'executeTransformation'.
e: file:///Users/jim/work/v2superbikeshed/Trikeshed/src/commonMain/kotlin/borg/trikeshed/ccek/CCEK.kt:525:51 Unresolved reference 'serializeToJson'.
e: file:///Users/jim/work/v2superbikeshed/Trikeshed/src/commonMain/kotlin/borg/trikeshed/ccek/CCEK.kt:526:55 Unresolved reference 'serializeToProtobuf'.
e: file:///Users/jim/work/v2superbikeshed/Trikeshed/src/commonMain/kotlin/borg/trikeshed/ccek/CCEK.kt:527:53 Unresolved reference 'serializeCustom'.
e: file:///Users/jim/work/v2superbikeshed/Trikeshed/src/commonMain/kotlin/borg/trikeshed/ccek/CCEKChunkedDecodingChordSheet.kt:21:13 Argument type mismatch: actual type is 'ChunkParsingStrategy', but 'Function0<ChunkParsingStrategy>' was expected.
e: file:///Users/jim/work/v2superbikeshed/Trikeshed/src/commonMain/kotlin/borg/trikeshed/ccek/CCEKChunkedDecodingChordSheet.kt:35:13 Argument type mismatch: actual type is 'ChunkDecompressionStrategy', but 'Function0<ChunkDecompressionStrategy>' was expected.
e: file:///Users/jim/work/v2superbikeshed/Trikeshed/src/commonMain/kotlin/borg/trikeshed/ccek/CCEKChunkedDecodingChordSheet.kt:46:13 Argument type mismatch: actual type is 'ChunkValidationStrategy', but 'Function0<ChunkValidationStrategy>' was expected.
e: file:///Users/jim/work/v2superbikeshed/Trikeshed/src/commonMain/kotlin/borg/trikeshed/ccek/CCEKChunkedDecodingChordSheet.kt:60:13 Argument type mismatch: actual type is 'ChunkReassemblyStrategy', but 'Function0<ChunkReassemblyStrategy>' was expected.
e: file:///Users/jim/work/v2superbikeshed/Trikeshed/src/commonMain/kotlin/borg/trikeshed/ccek/CCEKChunkedDecodingChordSheet.kt:74:13 Argument type mismatch: actual type is 'ChunkErrorRecoveryStrategy', but 'Function0<ChunkErrorRecoveryStrategy>' was expected.
e: file:///Users/jim/work/v2superbikeshed/Trikeshed/src/commonMain/kotlin/borg/trikeshed/ccek/CCEKChunkedDecodingChordSheet.kt:91:18 Unresolved reference 'CoroutineContext'.
e: file:///Users/jim/work/v2superbikeshed/Trikeshed/src/commonMain/kotlin/borg/trikeshed/ccek/CCEKChunkedDecodingChordSheet.kt:91:49 Unresolved reference 'IO'.
e: file:///Users/jim/work/v2superbikeshed/Trikeshed/src/commonMain/kotlin/borg/trikeshed/ccek/CCEKChunkedDecodingChordSheet.kt:114:18 Unresolved reference 'CoroutineContext'.
e: file:///Users/jim/work/v2superbikeshed/Trikeshed/src/commonMain/kotlin/borg/trikeshed/ccek/CCEKChunkedDecodingChordSheet.kt:114:49 Unresolved reference 'IO'.
e: file:///Users/jim/work/v2superbikeshed/Trikeshed/src/commonMain/kotlin/borg/trikeshed/ccek/CCEKChunkedDecodingChordSheet.kt:131:11 Unresolved reference 'flowOn'.
e: file:///Users/jim/work/v2superbikeshed/Trikeshed/src/commonMain/kotlin/borg/trikeshed/ccek/CCEKChunkedDecodingChordSheet.kt:139:18 Unresolved reference 'CoroutineContext'.
e: file:///Users/jim/work/v2superbikeshed/Trikeshed/src/commonMain/kotlin/borg/trikeshed/ccek/CCEKChunkedDecodingChordSheet.kt:139:49 Unresolved reference 'IO'.
e: file:///Users/jim/work/v2superbikeshed/Trikeshed/src/commonMain/kotlin/borg/trikeshed/ccek/CCEKChunkedDecodingChordSheet.kt:160:18 Unresolved reference 'CoroutineContext'.
e: file:///Users/jim/work/v2superbikeshed/Trikeshed/src/commonMain/kotlin/borg/trikeshed/ccek/CCEKChunkedDecodingChordSheet.kt:160:49 Unresolved reference 'IO'.
e: file:///Users/jim/work/v2superbikeshed/Trikeshed/src/commonMain/kotlin/borg/trikeshed/ccek/CCEKChunkedDecodingChordSheet.kt:181:18 Unresolved reference 'CoroutineContext'.
e: file:///Users/jim/work/v2superbikeshed/Trikeshed/src/commonMain/kotlin/borg/trikeshed/ccek/CCEKChunkedDecodingChordSheet.kt:181:49 Unresolved reference 'IO'.
e: file:///Users/jim/work/v2superbikeshed/Trikeshed/src/commonMain/kotlin/borg/trikeshed/ccek/CCEKChunkedDecodingChordSheet.kt:202:18 Unresolved reference 'CoroutineContext'.
e: file:///Users/jim/work/v2superbikeshed/Trikeshed/src/commonMain/kotlin/borg/trikeshed/ccek/CCEKChunkedDecodingChordSheet.kt:202:49 Unresolved reference 'IO'.
e: file:///Users/jim/work/v2superbikeshed/Trikeshed/src/commonMain/kotlin/borg/trikeshed/ccek/CCEKChunkedDecodingChordSheet.kt:210:37 None of the following candidates is applicable:
fun <T> Iterable<T>.forEach(action: (T) -> Unit): Unit
fun <K, V> Map<out K, V>.forEach(action: (Map.Entry<K, V>) -> Unit): Unit
e: file:///Users/jim/work/v2superbikeshed/Trikeshed/src/commonMain/kotlin/borg/trikeshed/ccek/CCEKChunkedDecodingChordSheet.kt:210:47 Cannot infer type for this parameter. Specify it explicitly.
e: file:///Users/jim/work/v2superbikeshed/Trikeshed/src/commonMain/kotlin/borg/trikeshed/ccek/CCEKChunkedDecodingChordSheet.kt:211:33 Suspension functions can only be called within coroutine body.
e: file:///Users/jim/work/v2superbikeshed/Trikeshed/src/commonMain/kotlin/borg/trikeshed/ccek/CCEKChunkedDecodingChordSheet.kt:219:11 Unresolved reference 'flowOn'.
e: file:///Users/jim/work/v2superbikeshed/Trikeshed/src/commonMain/kotlin/borg/trikeshed/ccek/CCEKChunkedDecodingChordSheet.kt:236:47 Cannot infer type for this parameter. Specify it explicitly.
e: file:///Users/jim/work/v2superbikeshed/Trikeshed/src/commonMain/kotlin/borg/trikeshed/ccek/CCEKChunkedDecodingChordSheet.kt:236:47 Not enough information to infer type argument for 'B'.
e: file:///Users/jim/work/v2superbikeshed/Trikeshed/src/commonMain/kotlin/borg/trikeshed/ccek/CCEKChunkedDecodingChordSheet.kt:236:51 Cannot infer type for this parameter. Specify it explicitly.
e: file:///Users/jim/work/v2superbikeshed/Trikeshed/src/commonMain/kotlin/borg/trikeshed/ccek/CCEKChunkedDecodingChordSheet.kt:239:40 Suspension functions can only be called within coroutine body.
e: file:///Users/jim/work/v2superbikeshed/Trikeshed/src/commonMain/kotlin/borg/trikeshed/ccek/CCEKChunkedDecodingChordSheet.kt:244:58 Cannot infer type for this parameter. Specify it explicitly.
e: file:///Users/jim/work/v2superbikeshed/Trikeshed/src/commonMain/kotlin/borg/trikeshed/ccek/CCEKChunkedDecodingChordSheet.kt:244:58 Not enough information to infer type argument for 'B'.
e: file:///Users/jim/work/v2superbikeshed/Trikeshed/src/commonMain/kotlin/borg/trikeshed/ccek/CCEKChunkedDecodingChordSheet.kt:244:62 Cannot infer type for this parameter. Specify it explicitly.
e: file:///Users/jim/work/v2superbikeshed/Trikeshed/src/commonMain/kotlin/borg/trikeshed/ccek/CCEKChunkedDecodingChordSheet.kt:245:48 Expression 'b' of type 'ERROR CLASS: Cannot infer argument for type parameter B' cannot be invoked as a function. Function 'invoke()' is not found.
e: file:///Users/jim/work/v2superbikeshed/Trikeshed/src/commonMain/kotlin/borg/trikeshed/ccek/CCEKChunkedDecodingChordSheet.kt:250:54 Cannot infer type for this parameter. Specify it explicitly.
e: file:///Users/jim/work/v2superbikeshed/Trikeshed/src/commonMain/kotlin/borg/trikeshed/ccek/CCEKChunkedDecodingChordSheet.kt:250:54 Not enough information to infer type argument for 'T'.
e: file:///Users/jim/work/v2superbikeshed/Trikeshed/src/commonMain/kotlin/borg/trikeshed/ccek/CCEKChunkedDecodingChordSheet.kt:250:61 Cannot infer type for this parameter. Specify it explicitly.
e: file:///Users/jim/work/v2superbikeshed/Trikeshed/src/commonMain/kotlin/borg/trikeshed/ccek/CCEKChunkedDecodingChordSheet.kt:252:91 Cannot infer type for this parameter. Specify it explicitly.
e: file:///Users/jim/work/v2superbikeshed/Trikeshed/src/commonMain/kotlin/borg/trikeshed/ccek/CCEKChunkedDecodingChordSheet.kt:252:91 Not enough information to infer type argument for 'T'.
e: file:///Users/jim/work/v2superbikeshed/Trikeshed/src/commonMain/kotlin/borg/trikeshed/ccek/CCEKChunkedDecodingChordSheet.kt:299:45 Argument type mismatch: actual type is 'Int', but 'IntRange' was expected.
e: file:///Users/jim/work/v2superbikeshed/Trikeshed/src/commonMain/kotlin/borg/trikeshed/ccek/CCEKChunkedDecodingChordSheet.kt:299:53 Too many arguments for 'fun <T> Join<Int, Function1<Int, T>>.slice(range: IntRange): Join<Int, Function1<Int, T>>'.
e: file:///Users/jim/work/v2superbikeshed/Trikeshed/src/commonMain/kotlin/borg/trikeshed/ccek/CCEKChunkedDecodingChordSheet.kt:299:71 Unresolved reference 'Charsets'.
e: file:///Users/jim/work/v2superbikeshed/Trikeshed/src/commonMain/kotlin/borg/trikeshed/ccek/CCEKChunkedDecodingChordSheet.kt:299:71 Too many arguments for 'expect fun toString(): String'.
e: file:///Users/jim/work/v2superbikeshed/Trikeshed/src/commonMain/kotlin/borg/trikeshed/ccek/CCEKChunkedDecodingChordSheet.kt:312:47 Argument type mismatch: actual type is 'Int', but 'IntRange' was expected.
e: file:///Users/jim/work/v2superbikeshed/Trikeshed/src/commonMain/kotlin/borg/trikeshed/ccek/CCEKChunkedDecodingChordSheet.kt:312:58 Too many arguments for 'fun <T> Join<Int, Function1<Int, T>>.slice(range: IntRange): Join<Int, Function1<Int, T>>'.
e: file:///Users/jim/work/v2superbikeshed/Trikeshed/src/commonMain/kotlin/borg/trikeshed/ccek/CCEKChunkedDecodingChordSheet.kt:343:63 Unresolved reference 'ZSTD'.
e: file:///Users/jim/work/v2superbikeshed/Trikeshed/src/commonMain/kotlin/borg/trikeshed/ccek/CCEKChunkedDecodingChordSheet.kt:344:62 Unresolved reference 'LZ4'.
e: file:///Users/jim/work/v2superbikeshed/Trikeshed/src/commonMain/kotlin/borg/trikeshed/ccek/CCEKChunkedDecodingChordSheet.kt:359:32 None of the following candidates is applicable:
fun <T> Array<out T>.sumOf(selector: (T) -> Double): Double
fun ByteArray.sumOf(selector: (Byte) -> Double): Double
fun ShortArray.sumOf(selector: (Short) -> Double): Double
fun IntArray.sumOf(selector: (Int) -> Double): Double
fun LongArray.sumOf(selector: (Long) -> Double): Double
fun FloatArray.sumOf(selector: (Float) -> Double): Double
fun DoubleArray.sumOf(selector: (Double) -> Double): Double
fun BooleanArray.sumOf(selector: (Boolean) -> Double): Double
fun CharArray.sumOf(selector: (Char) -> Double): Double
fun <T> Array<out T>.sumOf(selector: (T) -> Int): Int
fun ByteArray.sumOf(selector: (Byte) -> Int): Int
fun ShortArray.sumOf(selector: (Short) -> Int): Int
fun IntArray.sumOf(selector: (Int) -> Int): Int
fun LongArray.sumOf(selector: (Long) -> Int): Int
fun FloatArray.sumOf(selector: (Float) -> Int): Int
fun DoubleArray.sumOf(selector: (Double) -> Int): Int
fun BooleanArray.sumOf(selector: (Boolean) -> Int): Int
fun CharArray.sumOf(selector: (Char) -> Int): Int
fun <T> Array<out T>.sumOf(selector: (T) -> Long): Long
fun ByteArray.sumOf(selector: (Byte) -> Long): Long
fun ShortArray.sumOf(selector: (Short) -> Long): Long
fun IntArray.sumOf(selector: (Int) -> Long): Long
fun LongArray.sumOf(selector: (Long) -> Long): Long
fun FloatArray.sumOf(selector: (Float) -> Long): Long
fun DoubleArray.sumOf(selector: (Double) -> Long): Long
fun BooleanArray.sumOf(selector: (Boolean) -> Long): Long
fun CharArray.sumOf(selector: (Char) -> Long): Long
fun <T> Array<out T>.sumOf(selector: (T) -> UInt): UInt
fun ByteArray.sumOf(selector: (Byte) -> UInt): UInt
fun ShortArray.sumOf(selector: (Short) -> UInt): UInt
fun IntArray.sumOf(selector: (Int) -> UInt): UInt
fun LongArray.sumOf(selector: (Long) -> UInt): UInt
fun FloatArray.sumOf(selector: (Float) -> UInt): UInt
fun DoubleArray.sumOf(selector: (Double) -> UInt): UInt
fun BooleanArray.sumOf(selector: (Boolean) -> UInt): UInt
fun CharArray.sumOf(selector: (Char) -> UInt): UInt
fun <T> Array<out T>.sumOf(selector: (T) -> ULong): ULong
fun ByteArray.sumOf(selector: (Byte) -> ULong): ULong
fun ShortArray.sumOf(selector: (Short) -> ULong): ULong
fun IntArray.sumOf(selector: (Int) -> ULong): ULong
fun LongArray.sumOf(selector: (Long) -> ULong): ULong
fun FloatArray.sumOf(selector: (Float) -> ULong): ULong
fun DoubleArray.sumOf(selector: (Double) -> ULong): ULong
fun BooleanArray.sumOf(selector: (Boolean) -> ULong): ULong
fun CharArray.sumOf(selector: (Char) -> ULong): ULong
fun <T> Iterable<T>.sumOf(selector: (T) -> Double): Double
fun <T> Iterable<T>.sumOf(selector: (T) -> Int): Int
fun <T> Iterable<T>.sumOf(selector: (T) -> Long): Long
fun <T> Iterable<T>.sumOf(selector: (T) -> UInt): UInt
fun <T> Iterable<T>.sumOf(selector: (T) -> ULong): ULong
fun UIntArray.sumOf(selector: (UInt) -> Double): Double
fun ULongArray.sumOf(selector: (ULong) -> Double): Double
fun UByteArray.sumOf(selector: (UByte) -> Double): Double
fun UShortArray.sumOf(selector: (UShort) -> Double): Double
fun UIntArray.sumOf(selector: (UInt) -> Int): Int
fun ULongArray.sumOf(selector: (ULong) -> Int): Int
fun UByteArray.sumOf(selector: (UByte) -> Int): Int
fun UShortArray.sumOf(selector: (UShort) -> Int): Int
fun UIntArray.sumOf(selector: (UInt) -> Long): Long
fun ULongArray.sumOf(selector: (ULong) -> Long): Long
fun UByteArray.sumOf(selector: (UByte) -> Long): Long
fun UShortArray.sumOf(selector: (UShort) -> Long): Long
fun UIntArray.sumOf(selector: (UInt) -> UInt): UInt
fun ULongArray.sumOf(selector: (ULong) -> UInt): UInt
fun UByteArray.sumOf(selector: (UByte) -> UInt): UInt
fun UShortArray.sumOf(selector: (UShort) -> UInt): UInt
fun UIntArray.sumOf(selector: (UInt) -> ULong): ULong
fun ULongArray.sumOf(selector: (ULong) -> ULong): ULong
fun UByteArray.sumOf(selector: (UByte) -> ULong): ULong
fun UShortArray.sumOf(selector: (UShort) -> ULong): ULong
fun <T> Sequence<T>.sumOf(selector: (T) -> Double): Double
fun <T> Sequence<T>.sumOf(selector: (T) -> Int): Int
fun <T> Sequence<T>.sumOf(selector: (T) -> Long): Long
fun <T> Sequence<T>.sumOf(selector: (T) -> UInt): UInt
fun <T> Sequence<T>.sumOf(selector: (T) -> ULong): ULong
fun CharSequence.sumOf(selector: (Char) -> Double): Double
fun CharSequence.sumOf(selector: (Char) -> Int): Int
fun CharSequence.sumOf(selector: (Char) -> Long): Long
fun CharSequence.sumOf(selector: (Char) -> UInt): UInt
fun CharSequence.sumOf(selector: (Char) -> ULong): ULong
e: file:///Users/jim/work/v2superbikeshed/Trikeshed/src/commonMain/kotlin/borg/trikeshed/ccek/CCEKChunkedDecodingChordSheet.kt:359:40 Unresolved reference 'it'.
e: file:///Users/jim/work/v2superbikeshed/Trikeshed/src/commonMain/kotlin/borg/trikeshed/ccek/CCEKChunkedDecodingChordSheet.kt:359:48 Cannot infer type for this parameter. Specify it explicitly.
e: file:///Users/jim/work/v2superbikeshed/Trikeshed/src/commonMain/kotlin/borg/trikeshed/ccek/CCEKChunkedDecodingChordSheet.kt:367:26 Cannot infer type for this parameter. Specify it explicitly.
e: file:///Users/jim/work/v2superbikeshed/Trikeshed/src/commonMain/kotlin/borg/trikeshed/ccek/CCEKChunkedDecodingChordSheet.kt:367:26 Unresolved reference. None of the following candidates is applicable because of a receiver type mismatch:
fun <A, B> A.j(b: B): Join<A, B>
e: file:///Users/jim/work/v2superbikeshed/Trikeshed/src/commonMain/kotlin/borg/trikeshed/ccek/CCEKChunkedDecodingChordSheet.kt:367:30 Cannot infer type for this parameter. Specify it explicitly.
e: file:///Users/jim/work/v2superbikeshed/Trikeshed/src/commonMain/kotlin/borg/trikeshed/ccek/CCEKChunkedDecodingChordSheet.kt:372:63 No value passed for parameter 'a'.
e: file:///Users/jim/work/v2superbikeshed/Trikeshed/src/commonMain/kotlin/borg/trikeshed/ccek/CCEKChunkedDecodingChordSheet.kt:372:63 No value passed for parameter 'b'.
e: file:///Users/jim/work/v2superbikeshed/Trikeshed/src/commonMain/kotlin/borg/trikeshed/ccek/CCEKChunkedDecodingChordSheet.kt:377:17 Cannot infer type for this parameter. Specify it explicitly.
e: file:///Users/jim/work/v2superbikeshed/Trikeshed/src/commonMain/kotlin/borg/trikeshed/ccek/CCEKChunkedDecodingChordSheet.kt:377:17 Unresolved reference. None of the following candidates is applicable because of a receiver type mismatch:
fun <T> Join<Int, Function1<Int, Join<Any?, TypeMemento>>>.get(column: Column<T>): T?
e: file:///Users/jim/work/v2superbikeshed/Trikeshed/src/commonMain/kotlin/borg/trikeshed/ccek/CCEKChunkedDecodingChordSheet.kt:377:50 Cannot infer type for this parameter. Specify it explicitly.
e: file:///Users/jim/work/v2superbikeshed/Trikeshed/src/commonMain/kotlin/borg/trikeshed/ccek/CCEKChunkedDecodingChordSheet.kt:377:50 Unresolved reference. None of the following candidates is applicable because of a receiver type mismatch:
fun <T> Join<Int, Function1<Int, Join<Any?, TypeMemento>>>.get(column: Column<T>): T?
e: file:///Users/jim/work/v2superbikeshed/Trikeshed/src/commonMain/kotlin/borg/trikeshed/ccek/CCEKChunkedDecodingChordSheet.kt:406:57 No value passed for parameter 'a'.
e: file:///Users/jim/work/v2superbikeshed/Trikeshed/src/commonMain/kotlin/borg/trikeshed/ccek/CCEKChunkedDecodingChordSheet.kt:406:57 No value passed for parameter 'b'.
e: file:///Users/jim/work/v2superbikeshed/Trikeshed/src/commonMain/kotlin/borg/trikeshed/ccek/CCEKChunkedDecodingChordSheet.kt:411:23 No value passed for parameter 'a'.
e: file:///Users/jim/work/v2superbikeshed/Trikeshed/src/commonMain/kotlin/borg/trikeshed/ccek/CCEKChunkedDecodingChordSheet.kt:411:23 No value passed for parameter 'b'.
e: file:///Users/jim/work/v2superbikeshed/Trikeshed/src/commonMain/kotlin/borg/trikeshed/ccek/CCEKChunkedEncodingChordSheet.kt:21:13 Argument type mismatch: actual type is 'Int#1', but 'Function0<kotlin.Int>' was expected.
e: file:///Users/jim/work/v2superbikeshed/Trikeshed/src/commonMain/kotlin/borg/trikeshed/ccek/CCEKChunkedEncodingChordSheet.kt:35:13 Argument type mismatch: actual type is 'ChunkEncodingStrategy', but 'Function0<ChunkEncodingStrategy>' was expected.
e: file:///Users/jim/work/v2superbikeshed/Trikeshed/src/commonMain/kotlin/borg/trikeshed/ccek/CCEKChunkedEncodingChordSheet.kt:49:13 Argument type mismatch: actual type is 'ChunkCompressionStrategy', but 'Function0<ChunkCompressionStrategy>' was expected.
e: file:///Users/jim/work/v2superbikeshed/Trikeshed/src/commonMain/kotlin/borg/trikeshed/ccek/CCEKChunkedEncodingChordSheet.kt:63:13 Argument type mismatch: actual type is 'ChunkBoundaryStrategy', but 'Function0<ChunkBoundaryStrategy>' was expected.
e: file:///Users/jim/work/v2superbikeshed/Trikeshed/src/commonMain/kotlin/borg/trikeshed/ccek/CCEKChunkedEncodingChordSheet.kt:77:13 Argument type mismatch: actual type is 'ChunkHeaderGenerator', but 'Function0<ChunkHeaderGenerator>' was expected.
e: file:///Users/jim/work/v2superbikeshed/Trikeshed/src/commonMain/kotlin/borg/trikeshed/ccek/CCEKChunkedEncodingChordSheet.kt:89:13 Argument type mismatch: actual type is 'ChunkTrailerGenerator', but 'Function0<ChunkTrailerGenerator>' was expected.
e: file:///Users/jim/work/v2superbikeshed/Trikeshed/src/commonMain/kotlin/borg/trikeshed/ccek/CCEKChunkedEncodingChordSheet.kt:108:18 Unresolved reference 'CoroutineContext'.
e: file:///Users/jim/work/v2superbikeshed/Trikeshed/src/commonMain/kotlin/borg/trikeshed/ccek/CCEKChunkedEncodingChordSheet.kt:108:49 Unresolved reference 'IO'.
e: file:///Users/jim/work/v2superbikeshed/Trikeshed/src/commonMain/kotlin/borg/trikeshed/ccek/CCEKChunkedEncodingChordSheet.kt:135:18 Unresolved reference 'CoroutineContext'.
e: file:///Users/jim/work/v2superbikeshed/Trikeshed/src/commonMain/kotlin/borg/trikeshed/ccek/CCEKChunkedEncodingChordSheet.kt:135:49 Unresolved reference 'IO'.
e: file:///Users/jim/work/v2superbikeshed/Trikeshed/src/commonMain/kotlin/borg/trikeshed/ccek/CCEKChunkedEncodingChordSheet.kt:148:18 Unresolved reference 'CoroutineContext'.
e: file:///Users/jim/work/v2superbikeshed/Trikeshed/src/commonMain/kotlin/borg/trikeshed/ccek/CCEKChunkedEncodingChordSheet.kt:148:49 Unresolved reference 'IO'.
e: file:///Users/jim/work/v2superbikeshed/Trikeshed/src/commonMain/kotlin/borg/trikeshed/ccek/CCEKChunkedEncodingChordSheet.kt:161:18 Unresolved reference 'CoroutineContext'.
e: file:///Users/jim/work/v2superbikeshed/Trikeshed/src/commonMain/kotlin/borg/trikeshed/ccek/CCEKChunkedEncodingChordSheet.kt:161:49 Unresolved reference 'IO'.
e: file:///Users/jim/work/v2superbikeshed/Trikeshed/src/commonMain/kotlin/borg/trikeshed/ccek/CCEKChunkedEncodingChordSheet.kt:174:18 Unresolved reference 'CoroutineContext'.
e: file:///Users/jim/work/v2superbikeshed/Trikeshed/src/commonMain/kotlin/borg/trikeshed/ccek/CCEKChunkedEncodingChordSheet.kt:174:49 Unresolved reference 'IO'.
e: file:///Users/jim/work/v2superbikeshed/Trikeshed/src/commonMain/kotlin/borg/trikeshed/ccek/CCEKChunkedEncodingChordSheet.kt:198:40 Argument type mismatch: actual type is 'Int', but 'IntRange' was expected.
e: file:///Users/jim/work/v2superbikeshed/Trikeshed/src/commonMain/kotlin/borg/trikeshed/ccek/CCEKChunkedEncodingChordSheet.kt:198:48 Too many arguments for 'fun <T> Join<Int, Function1<Int, T>>.slice(range: IntRange): Join<Int, Function1<Int, T>>'.
e: file:///Users/jim/work/v2superbikeshed/Trikeshed/src/commonMain/kotlin/borg/trikeshed/ccek/CCEKChunkedEncodingChordSheet.kt:202:65 Unresolved reference 'ZSTD'.
e: file:///Users/jim/work/v2superbikeshed/Trikeshed/src/commonMain/kotlin/borg/trikeshed/ccek/CCEKChunkedEncodingChordSheet.kt:203:64 Unresolved reference 'LZ4'.
e: file:///Users/jim/work/v2superbikeshed/Trikeshed/src/commonMain/kotlin/borg/trikeshed/ccek/CCEKChunkedEncodingChordSheet.kt:208:42 Unresolved reference 'generateHeader'.
e: file:///Users/jim/work/v2superbikeshed/Trikeshed/src/commonMain/kotlin/borg/trikeshed/ccek/CCEKChunkedEncodingChordSheet.kt:214:45 Unresolved reference 'determineBoundary'.
e: file:///Users/jim/work/v2superbikeshed/Trikeshed/src/commonMain/kotlin/borg/trikeshed/ccek/CCEKChunkedEncodingChordSheet.kt:222:40 Unresolved reference 'generateTrailer'.
e: file:///Users/jim/work/v2superbikeshed/Trikeshed/src/commonMain/kotlin/borg/trikeshed/ccek/CCEKChunkedEncodingChordSheet.kt:248:12 Redeclaration:
object ChunkBoundaryStrategy : Any
e: file:///Users/jim/work/v2superbikeshed/Trikeshed/src/commonMain/kotlin/borg/trikeshed/ccek/CCEKChunkedEncodingChordSheet.kt:252:12 Redeclaration:
object ChunkHeaderGenerator : Any
e: file:///Users/jim/work/v2superbikeshed/Trikeshed/src/commonMain/kotlin/borg/trikeshed/ccek/CCEKChunkedEncodingChordSheet.kt:256:12 Redeclaration:
object ChunkTrailerGenerator : Any
e: file:///Users/jim/work/v2superbikeshed/Trikeshed/src/commonMain/kotlin/borg/trikeshed/ccek/CCEKChunkedEncodingChordSheet.kt:312:23 No value passed for parameter 'a'.
e: file:///Users/jim/work/v2superbikeshed/Trikeshed/src/commonMain/kotlin/borg/trikeshed/ccek/CCEKChunkedEncodingChordSheet.kt:312:23 No value passed for parameter 'b'.
e: file:///Users/jim/work/v2superbikeshed/Trikeshed/src/commonMain/kotlin/borg/trikeshed/ccek/CCEKChunkedEncodingChordSheet.kt:330:23 No value passed for parameter 'a'.
e: file:///Users/jim/work/v2superbikeshed/Trikeshed/src/commonMain/kotlin/borg/trikeshed/ccek/CCEKChunkedEncodingChordSheet.kt:330:23 No value passed for parameter 'b'.
e: file:///Users/jim/work/v2superbikeshed/Trikeshed/src/commonMain/kotlin/borg/trikeshed/ccek/CCEKChunkedEncodingChordSheet.kt:355:19 No value passed for parameter 'a'.
e: file:///Users/jim/work/v2superbikeshed/Trikeshed/src/commonMain/kotlin/borg/trikeshed/ccek/CCEKChunkedEncodingChordSheet.kt:355:19 No value passed for parameter 'b'.
e: file:///Users/jim/work/v2superbikeshed/Trikeshed/src/commonMain/kotlin/borg/trikeshed/ccek/CCEKChunkedEncodingChordSheet.kt:360:8 Redeclaration:
enum class ChunkHeaderGenerator : Enum<ChunkHeaderGenerator>
e: file:///Users/jim/work/v2superbikeshed/Trikeshed/src/commonMain/kotlin/borg/trikeshed/ccek/CCEKChunkedEncodingChordSheet.kt:361:9 Unresolved reference 'COMPRESSED_JSON'.
e: file:///Users/jim/work/v2superbikeshed/Trikeshed/src/commonMain/kotlin/borg/trikeshed/ccek/CCEKChunkedEncodingChordSheet.kt:370:9 Unresolved reference 'COMPRESSED_BINARY'.
e: file:///Users/jim/work/v2superbikeshed/Trikeshed/src/commonMain/kotlin/borg/trikeshed/ccek/CCEKChunkedEncodingChordSheet.kt:379:9 Unresolved reference 'STREAMING_JSON'.
e: file:///Users/jim/work/v2superbikeshed/Trikeshed/src/commonMain/kotlin/borg/trikeshed/ccek/CCEKChunkedEncodingChordSheet.kt:388:9 Unresolved reference 'RAW_BINARY'.
e: file:///Users/jim/work/v2superbikeshed/Trikeshed/src/commonMain/kotlin/borg/trikeshed/ccek/CCEKChunkedEncodingChordSheet.kt:397:9 Unresolved reference 'DEFAULT'.
e: file:///Users/jim/work/v2superbikeshed/Trikeshed/src/commonMain/kotlin/borg/trikeshed/ccek/CCEKChunkedEncodingChordSheet.kt:409:8 Redeclaration:
enum class ChunkTrailerGenerator : Enum<ChunkTrailerGenerator>
e: file:///Users/jim/work/v2superbikeshed/Trikeshed/src/commonMain/kotlin/borg/trikeshed/ccek/CCEKChunkedEncodingChordSheet.kt:410:9 Unresolved reference 'JSON_DOCUMENT'.
e: file:///Users/jim/work/v2superbikeshed/Trikeshed/src/commonMain/kotlin/borg/trikeshed/ccek/CCEKChunkedEncodingChordSheet.kt:419:9 Unresolved reference 'BINARY_ATTACHMENT'.
e: file:///Users/jim/work/v2superbikeshed/Trikeshed/src/commonMain/kotlin/borg/trikeshed/ccek/CCEKChunkedEncodingChordSheet.kt:428:9 Unresolved reference 'JSON_DESIGN'.
e: file:///Users/jim/work/v2superbikeshed/Trikeshed/src/commonMain/kotlin/borg/trikeshed/ccek/CCEKChunkedEncodingChordSheet.kt:437:9 Unresolved reference 'JSON_REVISION'.
e: file:///Users/jim/work/v2superbikeshed/Trikeshed/src/commonMain/kotlin/borg/trikeshed/ccek/CCEKChunkedEncodingChordSheet.kt:446:9 Unresolved reference 'JSON_REPLICATION'.
e: file:///Users/jim/work/v2superbikeshed/Trikeshed/src/commonMain/kotlin/borg/trikeshed/ccek/CCEKChunkedEncodingChordSheet.kt:455:9 Unresolved reference 'JSON_CHANGES'.
e: file:///Users/jim/work/v2superbikeshed/Trikeshed/src/commonMain/kotlin/borg/trikeshed/ccek/CCEKChunkedEncodingChordSheet.kt:464:9 Unresolved reference 'DEFAULT'.
e: file:///Users/jim/work/v2superbikeshed/Trikeshed/src/commonMain/kotlin/borg/trikeshed/ccek/CCEKChunkedEncodingChordSheet.kt:476:8 Redeclaration:
enum class ChunkBoundaryStrategy : Enum<ChunkBoundaryStrategy>
e: file:///Users/jim/work/v2superbikeshed/Trikeshed/src/commonMain/kotlin/borg/trikeshed/ccek/CCEKChunkedEncodingChordSheet.kt:477:9 Unresolved reference 'JSON_OBJECT'.
e: file:///Users/jim/work/v2superbikeshed/Trikeshed/src/commonMain/kotlin/borg/trikeshed/ccek/CCEKChunkedEncodingChordSheet.kt:485:9 Unresolved reference 'FIXED_SIZE'.
e: file:///Users/jim/work/v2superbikeshed/Trikeshed/src/commonMain/kotlin/borg/trikeshed/ccek/CCEKChunkedEncodingChordSheet.kt:493:9 Unresolved reference 'JSON_LINE'.
e: file:///Users/jim/work/v2superbikeshed/Trikeshed/src/commonMain/kotlin/borg/trikeshed/ccek/CCEKProtocolChoreographer.kt:26:13 Argument type mismatch: actual type is 'ChoreographyStrategy', but 'Function0<ChoreographyStrategy>' was expected.
e: file:///Users/jim/work/v2superbikeshed/Trikeshed/src/commonMain/kotlin/borg/trikeshed/ccek/CCEKProtocolChoreographer.kt:38:9 Cannot infer type for this parameter. Specify it explicitly.
e: file:///Users/jim/work/v2superbikeshed/Trikeshed/src/commonMain/kotlin/borg/trikeshed/ccek/CCEKProtocolChoreographer.kt:38:9 Type mismatch: inferred type is 'Join<String, ERROR CLASS: Cannot infer argument for type parameter B>', but 'Join<Int, Function1<Int, String>>' was expected.
e: file:///Users/jim/work/v2superbikeshed/Trikeshed/src/commonMain/kotlin/borg/trikeshed/ccek/CCEKProtocolChoreographer.kt:38:17 No value passed for parameter 'b'.
e: file:///Users/jim/work/v2superbikeshed/Trikeshed/src/commonMain/kotlin/borg/trikeshed/ccek/CCEKProtocolChoreographer.kt:38:25 Cannot infer type for this parameter. Specify it explicitly.
e: file:///Users/jim/work/v2superbikeshed/Trikeshed/src/commonMain/kotlin/borg/trikeshed/ccek/CCEKProtocolChoreographer.kt:41:27 None of the following candidates is applicable:
fun <T> Array<out T>.contains(element: T): Boolean
fun ByteArray.contains(element: Byte): Boolean
fun ShortArray.contains(element: Short): Boolean
fun IntArray.contains(element: Int): Boolean
fun LongArray.contains(element: Long): Boolean
fun BooleanArray.contains(element: Boolean): Boolean
fun CharArray.contains(element: Char): Boolean
fun <T> Iterable<T>.contains(element: T): Boolean
fun <K, V> Map<out K, V>.contains(key: K): Boolean
fun IntRange.contains(element: Int?): Boolean
fun LongRange.contains(element: Long?): Boolean
fun CharRange.contains(element: Char?): Boolean
fun ClosedRange<Int>.contains(value: Byte): Boolean
fun ClosedRange<Long>.contains(value: Byte): Boolean
fun ClosedRange<Short>.contains(value: Byte): Boolean
fun OpenEndRange<Int>.contains(value: Byte): Boolean
fun OpenEndRange<Long>.contains(value: Byte): Boolean
fun OpenEndRange<Short>.contains(value: Byte): Boolean
fun IntRange.contains(value: Byte): Boolean
fun LongRange.contains(value: Byte): Boolean
fun ClosedRange<Float>.contains(value: Double): Boolean
fun ClosedRange<Double>.contains(value: Float): Boolean
fun OpenEndRange<Double>.contains(value: Float): Boolean
fun ClosedRange<Long>.contains(value: Int): Boolean
fun ClosedRange<Byte>.contains(value: Int): Boolean
fun ClosedRange<Short>.contains(value: Int): Boolean
fun OpenEndRange<Long>.contains(value: Int): Boolean
fun OpenEndRange<Byte>.contains(value: Int): Boolean
fun OpenEndRange<Short>.contains(value: Int): Boolean
fun LongRange.contains(value: Int): Boolean
fun ClosedRange<Int>.contains(value: Long): Boolean
fun ClosedRange<Byte>.contains(value: Long): Boolean
fun ClosedRange<Short>.contains(value: Long): Boolean
fun OpenEndRange<Int>.contains(value: Long): Boolean
fun OpenEndRange<Byte>.contains(value: Long): Boolean
fun OpenEndRange<Short>.contains(value: Long): Boolean
fun IntRange.contains(value: Long): Boolean
fun ClosedRange<Int>.contains(value: Short): Boolean
fun ClosedRange<Long>.contains(value: Short): Boolean
fun ClosedRange<Byte>.contains(value: Short): Boolean
fun OpenEndRange<Int>.contains(value: Short): Boolean
fun OpenEndRange<Long>.contains(value: Short): Boolean
fun OpenEndRange<Byte>.contains(value: Short): Boolean
fun IntRange.contains(value: Short): Boolean
fun LongRange.contains(value: Short): Boolean
fun UIntRange.contains(element: UInt?): Boolean
fun ULongRange.contains(element: ULong?): Boolean
fun UIntRange.contains(value: UByte): Boolean
fun ULongRange.contains(value: UByte): Boolean
fun ULongRange.contains(value: UInt): Boolean
fun UIntRange.contains(value: ULong): Boolean
fun UIntRange.contains(value: UShort): Boolean
fun ULongRange.contains(value: UShort): Boolean
fun <T : Any, R : ClosedRange<T>, Iterable<T>> R.contains(element: T?): Boolean
fun <T : Any, R : OpenEndRange<T>, Iterable<T>> R.contains(element: T?): Boolean
fun <T> Sequence<T>.contains(element: T): Boolean
fun CharSequence.contains(other: CharSequence, ignoreCase: Boolean = ...): Boolean
fun CharSequence.contains(char: Char, ignoreCase: Boolean = ...): Boolean
fun CharSequence.contains(regex: Regex): Boolean
e: file:///Users/jim/work/v2superbikeshed/Trikeshed/src/commonMain/kotlin/borg/trikeshed/ccek/CCEKProtocolChoreographer.kt:41:57 None of the following candidates is applicable:
fun <T> Array<out T>.contains(element: T): Boolean
fun ByteArray.contains(element: Byte): Boolean
fun ShortArray.contains(element: Short): Boolean
fun IntArray.contains(element: Int): Boolean
fun LongArray.contains(element: Long): Boolean
fun BooleanArray.contains(element: Boolean): Boolean
fun CharArray.contains(element: Char): Boolean
fun <T> Iterable<T>.contains(element: T): Boolean
fun <K, V> Map<out K, V>.contains(key: K): Boolean
fun IntRange.contains(element: Int?): Boolean
fun LongRange.contains(element: Long?): Boolean
fun CharRange.contains(element: Char?): Boolean
fun ClosedRange<Int>.contains(value: Byte): Boolean
fun ClosedRange<Long>.contains(value: Byte): Boolean
fun ClosedRange<Short>.contains(value: Byte): Boolean
fun OpenEndRange<Int>.contains(value: Byte): Boolean
fun OpenEndRange<Long>.contains(value: Byte): Boolean
fun OpenEndRange<Short>.contains(value: Byte): Boolean
fun IntRange.contains(value: Byte): Boolean
fun LongRange.contains(value: Byte): Boolean
fun ClosedRange<Float>.contains(value: Double): Boolean
fun ClosedRange<Double>.contains(value: Float): Boolean
fun OpenEndRange<Double>.contains(value: Float): Boolean
fun ClosedRange<Long>.contains(value: Int): Boolean
fun ClosedRange<Byte>.contains(value: Int): Boolean
fun ClosedRange<Short>.contains(value: Int): Boolean
fun OpenEndRange<Long>.contains(value: Int): Boolean
fun OpenEndRange<Byte>.contains(value: Int): Boolean
fun OpenEndRange<Short>.contains(value: Int): Boolean
fun LongRange.contains(value: Int): Boolean
fun ClosedRange<Int>.contains(value: Long): Boolean
fun ClosedRange<Byte>.contains(value: Long): Boolean
fun ClosedRange<Short>.contains(value: Long): Boolean
fun OpenEndRange<Int>.contains(value: Long): Boolean
fun OpenEndRange<Byte>.contains(value: Long): Boolean
fun OpenEndRange<Short>.contains(value: Long): Boolean
fun IntRange.contains(value: Long): Boolean
fun ClosedRange<Int>.contains(value: Short): Boolean
fun ClosedRange<Long>.contains(value: Short): Boolean
fun ClosedRange<Byte>.contains(value: Short): Boolean
fun OpenEndRange<Int>.contains(value: Short): Boolean
fun OpenEndRange<Long>.contains(value: Short): Boolean
fun OpenEndRange<Byte>.contains(value: Short): Boolean
fun IntRange.contains(value: Short): Boolean
fun LongRange.contains(value: Short): Boolean
fun UIntRange.contains(element: UInt?): Boolean
fun ULongRange.contains(element: ULong?): Boolean
fun UIntRange.contains(value: UByte): Boolean
fun ULongRange.contains(value: UByte): Boolean
fun ULongRange.contains(value: UInt): Boolean
fun UIntRange.contains(value: ULong): Boolean
fun UIntRange.contains(value: UShort): Boolean
fun ULongRange.contains(value: UShort): Boolean
fun <T : Any, R : ClosedRange<T>, Iterable<T>> R.contains(element: T?): Boolean
fun <T : Any, R : OpenEndRange<T>, Iterable<T>> R.contains(element: T?): Boolean
fun <T> Sequence<T>.contains(element: T): Boolean
fun CharSequence.contains(other: CharSequence, ignoreCase: Boolean = ...): Boolean
fun CharSequence.contains(char: Char, ignoreCase: Boolean = ...): Boolean
fun CharSequence.contains(regex: Regex): Boolean
e: file:///Users/jim/work/v2superbikeshed/Trikeshed/src/commonMain/kotlin/borg/trikeshed/ccek/CCEKProtocolChoreographer.kt:42:27 None of the following candidates is applicable:
fun <T> Array<out T>.contains(element: T): Boolean
fun ByteArray.contains(element: Byte): Boolean
fun ShortArray.contains(element: Short): Boolean
fun IntArray.contains(element: Int): Boolean
fun LongArray.contains(element: Long): Boolean
fun BooleanArray.contains(element: Boolean): Boolean
fun CharArray.contains(element: Char): Boolean
fun <T> Iterable<T>.contains(element: T): Boolean
fun <K, V> Map<out K, V>.contains(key: K): Boolean
fun IntRange.contains(element: Int?): Boolean
fun LongRange.contains(element: Long?): Boolean
fun CharRange.contains(element: Char?): Boolean
fun ClosedRange<Int>.contains(value: Byte): Boolean
fun ClosedRange<Long>.contains(value: Byte): Boolean
fun ClosedRange<Short>.contains(value: Byte): Boolean
fun OpenEndRange<Int>.contains(value: Byte): Boolean
fun OpenEndRange<Long>.contains(value: Byte): Boolean
fun OpenEndRange<Short>.contains(value: Byte): Boolean
fun IntRange.contains(value: Byte): Boolean
fun LongRange.contains(value: Byte): Boolean
fun ClosedRange<Float>.contains(value: Double): Boolean
fun ClosedRange<Double>.contains(value: Float): Boolean
fun OpenEndRange<Double>.contains(value: Float): Boolean
fun ClosedRange<Long>.contains(value: Int): Boolean
fun ClosedRange<Byte>.contains(value: Int): Boolean
fun ClosedRange<Short>.contains(value: Int): Boolean
fun OpenEndRange<Long>.contains(value: Int): Boolean
fun OpenEndRange<Byte>.contains(value: Int): Boolean
fun OpenEndRange<Short>.contains(value: Int): Boolean
fun LongRange.contains(value: Int): Boolean
fun ClosedRange<Int>.contains(value: Long): Boolean
fun ClosedRange<Byte>.contains(value: Long): Boolean
fun ClosedRange<Short>.contains(value: Long): Boolean
fun OpenEndRange<Int>.contains(value: Long): Boolean
fun OpenEndRange<Byte>.contains(value: Long): Boolean
fun OpenEndRange<Short>.contains(value: Long): Boolean
fun IntRange.contains(value: Long): Boolean
fun ClosedRange<Int>.contains(value: Short): Boolean
fun ClosedRange<Long>.contains(value: Short): Boolean
fun ClosedRange<Byte>.contains(value: Short): Boolean
fun OpenEndRange<Int>.contains(value: Short): Boolean
fun OpenEndRange<Long>.contains(value: Short): Boolean
fun OpenEndRange<Byte>.contains(value: Short): Boolean
fun IntRange.contains(value: Short): Boolean
fun LongRange.contains(value: Short): Boolean
fun UIntRange.contains(element: UInt?): Boolean
fun ULongRange.contains(element: ULong?): Boolean
fun UIntRange.contains(value: UByte): Boolean
fun ULongRange.contains(value: UByte): Boolean
fun ULongRange.contains(value: UInt): Boolean
fun UIntRange.contains(value: ULong): Boolean
fun UIntRange.contains(value: UShort): Boolean
fun ULongRange.contains(value: UShort): Boolean
fun <T : Any, R : ClosedRange<T>, Iterable<T>> R.contains(element: T?): Boolean
fun <T : Any, R : OpenEndRange<T>, Iterable<T>> R.contains(element: T?): Boolean
fun <T> Sequence<T>.contains(element: T): Boolean
fun CharSequence.contains(other: CharSequence, ignoreCase: Boolean = ...): Boolean
fun CharSequence.contains(char: Char, ignoreCase: Boolean = ...): Boolean
fun CharSequence.contains(regex: Regex): Boolean
e: file:///Users/jim/work/v2superbikeshed/Trikeshed/src/commonMain/kotlin/borg/trikeshed/ccek/CCEKProtocolChoreographer.kt:42:57 None of the following candidates is applicable:
fun <T> Array<out T>.contains(element: T): Boolean
fun ByteArray.contains(element: Byte): Boolean
fun ShortArray.contains(element: Short): Boolean
fun IntArray.contains(element: Int): Boolean
fun LongArray.contains(element: Long): Boolean
fun BooleanArray.contains(element: Boolean): Boolean
fun CharArray.contains(element: Char): Boolean
fun <T> Iterable<T>.contains(element: T): Boolean
fun <K, V> Map<out K, V>.contains(key: K): Boolean
fun IntRange.contains(element: Int?): Boolean
fun LongRange.contains(element: Long?): Boolean
fun CharRange.contains(element: Char?): Boolean
fun ClosedRange<Int>.contains(value: Byte): Boolean
fun ClosedRange<Long>.contains(value: Byte): Boolean
fun ClosedRange<Short>.contains(value: Byte): Boolean
fun OpenEndRange<Int>.contains(value: Byte): Boolean
fun OpenEndRange<Long>.contains(value: Byte): Boolean
fun OpenEndRange<Short>.contains(value: Byte): Boolean
fun IntRange.contains(value: Byte): Boolean
fun LongRange.contains(value: Byte): Boolean
fun ClosedRange<Float>.contains(value: Double): Boolean
fun ClosedRange<Double>.contains(value: Float): Boolean
fun OpenEndRange<Double>.contains(value: Float): Boolean
fun ClosedRange<Long>.contains(value: Int): Boolean
fun ClosedRange<Byte>.contains(value: Int): Boolean
fun ClosedRange<Short>.contains(value: Int): Boolean
fun OpenEndRange<Long>.contains(value: Int): Boolean
fun OpenEndRange<Byte>.contains(value: Int): Boolean
fun OpenEndRange<Short>.contains(value: Int): Boolean
fun LongRange.contains(value: Int): Boolean
fun ClosedRange<Int>.contains(value: Long): Boolean
fun ClosedRange<Byte>.contains(value: Long): Boolean
fun ClosedRange<Short>.contains(value: Long): Boolean
fun OpenEndRange<Int>.contains(value: Long): Boolean
fun OpenEndRange<Byte>.contains(value: Long): Boolean
fun OpenEndRange<Short>.contains(value: Long): Boolean
fun IntRange.contains(value: Long): Boolean
fun ClosedRange<Int>.contains(value: Short): Boolean
fun ClosedRange<Long>.contains(value: Short): Boolean
fun ClosedRange<Byte>.contains(value: Short): Boolean
fun OpenEndRange<Int>.contains(value: Short): Boolean
fun OpenEndRange<Long>.contains(value: Short): Boolean
fun OpenEndRange<Byte>.contains(value: Short): Boolean
fun IntRange.contains(value: Short): Boolean
fun LongRange.contains(value: Short): Boolean
fun UIntRange.contains(element: UInt?): Boolean
fun ULongRange.contains(element: ULong?): Boolean
fun UIntRange.contains(value: UByte): Boolean
fun ULongRange.contains(value: UByte): Boolean
fun ULongRange.contains(value: UInt): Boolean
fun UIntRange.contains(value: ULong): Boolean
fun UIntRange.contains(value: UShort): Boolean
fun ULongRange.contains(value: UShort): Boolean
fun <T : Any, R : ClosedRange<T>, Iterable<T>> R.contains(element: T?): Boolean
fun <T : Any, R : OpenEndRange<T>, Iterable<T>> R.contains(element: T?): Boolean
fun <T> Sequence<T>.contains(element: T): Boolean
fun CharSequence.contains(other: CharSequence, ignoreCase: Boolean = ...): Boolean
fun CharSequence.contains(char: Char, ignoreCase: Boolean = ...): Boolean
fun CharSequence.contains(regex: Regex): Boolean
e: file:///Users/jim/work/v2superbikeshed/Trikeshed/src/commonMain/kotlin/borg/trikeshed/ccek/CCEKProtocolChoreographer.kt:43:27 None of the following candidates is applicable:
fun <T> Array<out T>.contains(element: T): Boolean
fun ByteArray.contains(element: Byte): Boolean
fun ShortArray.contains(element: Short): Boolean
fun IntArray.contains(element: Int): Boolean
fun LongArray.contains(element: Long): Boolean
fun BooleanArray.contains(element: Boolean): Boolean
fun CharArray.contains(element: Char): Boolean
fun <T> Iterable<T>.contains(element: T): Boolean
fun <K, V> Map<out K, V>.contains(key: K): Boolean
fun IntRange.contains(element: Int?): Boolean
fun LongRange.contains(element: Long?): Boolean
fun CharRange.contains(element: Char?): Boolean
fun ClosedRange<Int>.contains(value: Byte): Boolean
fun ClosedRange<Long>.contains(value: Byte): Boolean
fun ClosedRange<Short>.contains(value: Byte): Boolean
fun OpenEndRange<Int>.contains(value: Byte): Boolean
fun OpenEndRange<Long>.contains(value: Byte): Boolean
fun OpenEndRange<Short>.contains(value: Byte): Boolean
fun IntRange.contains(value: Byte): Boolean
fun LongRange.contains(value: Byte): Boolean
fun ClosedRange<Float>.contains(value: Double): Boolean
fun ClosedRange<Double>.contains(value: Float): Boolean
fun OpenEndRange<Double>.contains(value: Float): Boolean
fun ClosedRange<Long>.contains(value: Int): Boolean
fun ClosedRange<Byte>.contains(value: Int): Boolean
fun ClosedRange<Short>.contains(value: Int): Boolean
fun OpenEndRange<Long>.contains(value: Int): Boolean
fun OpenEndRange<Byte>.contains(value: Int): Boolean
fun OpenEndRange<Short>.contains(value: Int): Boolean
fun LongRange.contains(value: Int): Boolean
fun ClosedRange<Int>.contains(value: Long): Boolean
fun ClosedRange<Byte>.contains(value: Long): Boolean
fun ClosedRange<Short>.contains(value: Long): Boolean
fun OpenEndRange<Int>.contains(value: Long): Boolean
fun OpenEndRange<Byte>.contains(value: Long): Boolean
fun OpenEndRange<Short>.contains(value: Long): Boolean
fun IntRange.contains(value: Long): Boolean
fun ClosedRange<Int>.contains(value: Short): Boolean
fun ClosedRange<Long>.contains(value: Short): Boolean
fun ClosedRange<Byte>.contains(value: Short): Boolean
fun OpenEndRange<Int>.contains(value: Short): Boolean
fun OpenEndRange<Long>.contains(value: Short): Boolean
fun OpenEndRange<Byte>.contains(value: Short): Boolean
fun IntRange.contains(value: Short): Boolean
fun LongRange.contains(value: Short): Boolean
fun UIntRange.contains(element: UInt?): Boolean
fun ULongRange.contains(element: ULong?): Boolean
fun UIntRange.contains(value: UByte): Boolean
fun ULongRange.contains(value: UByte): Boolean
fun ULongRange.contains(value: UInt): Boolean
fun UIntRange.contains(value: ULong): Boolean
fun UIntRange.contains(value: UShort): Boolean
fun ULongRange.contains(value: UShort): Boolean
fun <T : Any, R : ClosedRange<T>, Iterable<T>> R.contains(element: T?): Boolean
fun <T : Any, R : OpenEndRange<T>, Iterable<T>> R.contains(element: T?): Boolean
fun <T> Sequence<T>.contains(element: T): Boolean
fun CharSequence.contains(other: CharSequence, ignoreCase: Boolean = ...): Boolean
fun CharSequence.contains(char: Char, ignoreCase: Boolean = ...): Boolean
fun CharSequence.contains(regex: Regex): Boolean
e: file:///Users/jim/work/v2superbikeshed/Trikeshed/src/commonMain/kotlin/borg/trikeshed/ccek/CCEKProtocolChoreographer.kt:43:60 None of the following candidates is applicable:
fun <T> Array<out T>.contains(element: T): Boolean
fun ByteArray.contains(element: Byte): Boolean
fun ShortArray.contains(element: Short): Boolean
fun IntArray.contains(element: Int): Boolean
fun LongArray.contains(element: Long): Boolean
fun BooleanArray.contains(element: Boolean): Boolean
fun CharArray.contains(element: Char): Boolean
fun <T> Iterable<T>.contains(element: T): Boolean
fun <K, V> Map<out K, V>.contains(key: K): Boolean
fun IntRange.contains(element: Int?): Boolean
fun LongRange.contains(element: Long?): Boolean
fun CharRange.contains(element: Char?): Boolean
fun ClosedRange<Int>.contains(value: Byte): Boolean
fun ClosedRange<Long>.contains(value: Byte): Boolean
fun ClosedRange<Short>.contains(value: Byte): Boolean
fun OpenEndRange<Int>.contains(value: Byte): Boolean
fun OpenEndRange<Long>.contains(value: Byte): Boolean
fun OpenEndRange<Short>.contains(value: Byte): Boolean
fun IntRange.contains(value: Byte): Boolean
fun LongRange.contains(value: Byte): Boolean
fun ClosedRange<Float>.contains(value: Double): Boolean
fun ClosedRange<Double>.contains(value: Float): Boolean
fun OpenEndRange<Double>.contains(value: Float): Boolean
fun ClosedRange<Long>.contains(value: Int): Boolean
fun ClosedRange<Byte>.contains(value: Int): Boolean
fun ClosedRange<Short>.contains(value: Int): Boolean
fun OpenEndRange<Long>.contains(value: Int): Boolean
fun OpenEndRange<Byte>.contains(value: Int): Boolean
fun OpenEndRange<Short>.contains(value: Int): Boolean
fun LongRange.contains(value: Int): Boolean
fun ClosedRange<Int>.contains(value: Long): Boolean
fun ClosedRange<Byte>.contains(value: Long): Boolean
fun ClosedRange<Short>.contains(value: Long): Boolean
fun OpenEndRange<Int>.contains(value: Long): Boolean
fun OpenEndRange<Byte>.contains(value: Long): Boolean
fun OpenEndRange<Short>.contains(value: Long): Boolean
fun IntRange.contains(value: Long): Boolean
fun ClosedRange<Int>.contains(value: Short): Boolean
fun ClosedRange<Long>.contains(value: Short): Boolean
fun ClosedRange<Byte>.contains(value: Short): Boolean
fun OpenEndRange<Int>.contains(value: Short): Boolean
fun OpenEndRange<Long>.contains(value: Short): Boolean
fun OpenEndRange<Byte>.contains(value: Short): Boolean
fun IntRange.contains(value: Short): Boolean
fun LongRange.contains(value: Short): Boolean
fun UIntRange.contains(element: UInt?): Boolean
fun ULongRange.contains(element: ULong?): Boolean
fun UIntRange.contains(value: UByte): Boolean
fun ULongRange.contains(value: UByte): Boolean
fun ULongRange.contains(value: UInt): Boolean
fun UIntRange.contains(value: ULong): Boolean
fun UIntRange.contains(value: UShort): Boolean
fun ULongRange.contains(value: UShort): Boolean
fun <T : Any, R : ClosedRange<T>, Iterable<T>> R.contains(element: T?): Boolean
fun <T : Any, R : OpenEndRange<T>, Iterable<T>> R.contains(element: T?): Boolean
fun <T> Sequence<T>.contains(element: T): Boolean
fun CharSequence.contains(other: CharSequence, ignoreCase: Boolean = ...): Boolean
fun CharSequence.contains(char: Char, ignoreCase: Boolean = ...): Boolean
fun CharSequence.contains(regex: Regex): Boolean
e: file:///Users/jim/work/v2superbikeshed/Trikeshed/src/commonMain/kotlin/borg/trikeshed/ccek/CCEKProtocolChoreographer.kt:52:13 Argument type mismatch: actual type is 'ContextOrchestration', but 'Function0<ContextOrchestration>' was expected.
e: file:///Users/jim/work/v2superbikeshed/Trikeshed/src/commonMain/kotlin/borg/trikeshed/ccek/CCEKProtocolChoreographer.kt:71:18 Unresolved reference 'CoroutineContext'.
e: file:///Users/jim/work/v2superbikeshed/Trikeshed/src/commonMain/kotlin/borg/trikeshed/ccek/CCEKProtocolChoreographer.kt:71:49 Unresolved reference 'IO'.
e: file:///Users/jim/work/v2superbikeshed/Trikeshed/src/commonMain/kotlin/borg/trikeshed/ccek/CCEKProtocolChoreographer.kt:95:54 No value passed for parameter 'b'.
e: file:///Users/jim/work/v2superbikeshed/Trikeshed/src/commonMain/kotlin/borg/trikeshed/ccek/CCEKProtocolChoreographer.kt:97:35 Cannot infer type for this parameter. Specify it explicitly.
e: file:///Users/jim/work/v2superbikeshed/Trikeshed/src/commonMain/kotlin/borg/trikeshed/ccek/CCEKProtocolChoreographer.kt:97:35 Not enough information to infer type argument for 'B'.
e: file:///Users/jim/work/v2superbikeshed/Trikeshed/src/commonMain/kotlin/borg/trikeshed/ccek/CCEKProtocolChoreographer.kt:97:39 Cannot infer type for this parameter. Specify it explicitly.
e: file:///Users/jim/work/v2superbikeshed/Trikeshed/src/commonMain/kotlin/borg/trikeshed/ccek/CCEKProtocolChoreographer.kt:99:35 'operator' modifier is required on 'FirNamedFunctionSymbol kotlin/compareTo' in 'compareTo'.
e: file:///Users/jim/work/v2superbikeshed/Trikeshed/src/commonMain/kotlin/borg/trikeshed/ccek/CCEKProtocolChoreographer.kt:100:26 Suspension functions can only be called within coroutine body.
e: file:///Users/jim/work/v2superbikeshed/Trikeshed/src/commonMain/kotlin/borg/trikeshed/ccek/CCEKProtocolChoreographer.kt:116:57 No value passed for parameter 'b'.
e: file:///Users/jim/work/v2superbikeshed/Trikeshed/src/commonMain/kotlin/borg/trikeshed/ccek/CCEKProtocolChoreographer.kt:118:39 Cannot infer type for this parameter. Specify it explicitly.
e: file:///Users/jim/work/v2superbikeshed/Trikeshed/src/commonMain/kotlin/borg/trikeshed/ccek/CCEKProtocolChoreographer.kt:118:39 Not enough information to infer type argument for 'B'.
e: file:///Users/jim/work/v2superbikeshed/Trikeshed/src/commonMain/kotlin/borg/trikeshed/ccek/CCEKProtocolChoreographer.kt:118:43 Cannot infer type for this parameter. Specify it explicitly.
e: file:///Users/jim/work/v2superbikeshed/Trikeshed/src/commonMain/kotlin/borg/trikeshed/ccek/CCEKProtocolChoreographer.kt:120:35 'operator' modifier is required on 'FirNamedFunctionSymbol kotlin/compareTo' in 'compareTo'.
e: file:///Users/jim/work/v2superbikeshed/Trikeshed/src/commonMain/kotlin/borg/trikeshed/ccek/CCEKProtocolChoreographer.kt:121:26 Suspension functions can only be called within coroutine body.
e: file:///Users/jim/work/v2superbikeshed/Trikeshed/src/commonMain/kotlin/borg/trikeshed/ccek/CCEKProtocolChoreographer.kt:137:58 No value passed for parameter 'b'.
e: file:///Users/jim/work/v2superbikeshed/Trikeshed/src/commonMain/kotlin/borg/trikeshed/ccek/CCEKProtocolChoreographer.kt:139:36 Cannot infer type for this parameter. Specify it explicitly.
e: file:///Users/jim/work/v2superbikeshed/Trikeshed/src/commonMain/kotlin/borg/trikeshed/ccek/CCEKProtocolChoreographer.kt:139:36 Not enough information to infer type argument for 'B'.
e: file:///Users/jim/work/v2superbikeshed/Trikeshed/src/commonMain/kotlin/borg/trikeshed/ccek/CCEKProtocolChoreographer.kt:139:40 Cannot infer type for this parameter. Specify it explicitly.
e: file:///Users/jim/work/v2superbikeshed/Trikeshed/src/commonMain/kotlin/borg/trikeshed/ccek/CCEKProtocolChoreographer.kt:141:37 'operator' modifier is required on 'FirNamedFunctionSymbol kotlin/compareTo' in 'compareTo'.
e: file:///Users/jim/work/v2superbikeshed/Trikeshed/src/commonMain/kotlin/borg/trikeshed/ccek/CCEKProtocolChoreographer.kt:142:26 Suspension functions can only be called within coroutine body.
e: file:///Users/jim/work/v2superbikeshed/Trikeshed/src/commonMain/kotlin/borg/trikeshed/ccek/CCEKProtocolChoreographer.kt:165:31 Argument type mismatch: actual type is 'Join<CCEKResult, CCEKResult>', but 'Join<Int, Function1<Int, CCEKResult>>' was expected.
e: file:///Users/jim/work/v2superbikeshed/Trikeshed/src/commonMain/kotlin/borg/trikeshed/ccek/CCEKProtocolChoreographer.kt:176:31 Argument type mismatch: actual type is 'Join<CCEKResult, CCEKResult>', but 'Join<Int, Function1<Int, CCEKResult>>' was expected.
e: file:///Users/jim/work/v2superbikeshed/Trikeshed/src/commonMain/kotlin/borg/trikeshed/ccek/CCEKProtocolChoreographer.kt:187:31 Argument type mismatch: actual type is 'Join<CCEKResult, CCEKResult>', but 'Join<Int, Function1<Int, CCEKResult>>' was expected.
e: file:///Users/jim/work/v2superbikeshed/Trikeshed/src/commonMain/kotlin/borg/trikeshed/ccek/CCEKProtocolChoreographer.kt:202:35 Cannot infer type for this parameter. Specify it explicitly.
e: file:///Users/jim/work/v2superbikeshed/Trikeshed/src/commonMain/kotlin/borg/trikeshed/ccek/CCEKProtocolChoreographer.kt:202:35 Not enough information to infer type argument for 'B'.
e: file:///Users/jim/work/v2superbikeshed/Trikeshed/src/commonMain/kotlin/borg/trikeshed/ccek/CCEKProtocolChoreographer.kt:202:39 Cannot infer type for this parameter. Specify it explicitly.
e: file:///Users/jim/work/v2superbikeshed/Trikeshed/src/commonMain/kotlin/borg/trikeshed/ccek/CCEKProtocolChoreographer.kt:205:40 Suspension functions can only be called within coroutine body.
e: file:///Users/jim/work/v2superbikeshed/Trikeshed/src/commonMain/kotlin/borg/trikeshed/ccek/CCEKProtocolChoreographer.kt:206:43 Suspension functions can only be called within coroutine body.
e: file:///Users/jim/work/v2superbikeshed/Trikeshed/src/commonMain/kotlin/borg/trikeshed/ccek/CCEKProtocolChoreographer.kt:207:40 Suspension functions can only be called within coroutine body.
e: file:///Users/jim/work/v2superbikeshed/Trikeshed/src/commonMain/kotlin/borg/trikeshed/ccek/CCEKProtocolChoreographer.kt:224:23 Cannot infer type for this parameter. Specify it explicitly.
e: file:///Users/jim/work/v2superbikeshed/Trikeshed/src/commonMain/kotlin/borg/trikeshed/ccek/CCEKProtocolChoreographer.kt:225:25 Cannot infer type for this parameter. Specify it explicitly.
e: file:///Users/jim/work/v2superbikeshed/Trikeshed/src/commonMain/kotlin/borg/trikeshed/ccek/CCEKProtocolChoreographer.kt:225:27 Argument type mismatch: actual type is 'List<T (of fun <T> Collection<Deferred<T>>.awaitAll)>', but 'B (of fun <A, B> A.j)' was expected.
e: file:///Users/jim/work/v2superbikeshed/Trikeshed/src/commonMain/kotlin/borg/trikeshed/ccek/CCEKProtocolChoreographer.kt:225:27 Argument type mismatch: actual type is 'Collection<Deferred<T (of fun <T> Collection<Deferred<T>>.awaitAll)>>', but 'Function1<ERROR CLASS: No type for parameter, Deferred<CCEKResult>>' was expected.
e: file:///Users/jim/work/v2superbikeshed/Trikeshed/src/commonMain/kotlin/borg/trikeshed/ccek/CCEKProtocolChoreographer.kt:225:29 An explicit type is required on a value parameter.
e: file:///Users/jim/work/v2superbikeshed/Trikeshed/src/commonMain/kotlin/borg/trikeshed/ccek/CCEKProtocolChoreographer.kt:235:15 Cannot infer type for this parameter. Specify it explicitly.
e: file:///Users/jim/work/v2superbikeshed/Trikeshed/src/commonMain/kotlin/borg/trikeshed/ccek/CCEKProtocolChoreographer.kt:235:15 Unresolved reference. None of the following candidates is applicable because of a receiver type mismatch:
suspend fun <T> Collection<Deferred<T>>.awaitAll(): List<T>
e: file:///Users/jim/work/v2superbikeshed/Trikeshed/src/commonMain/kotlin/borg/trikeshed/ccek/CCEKProtocolChoreographer.kt:239:31 Cannot infer type for this parameter. Specify it explicitly.
e: file:///Users/jim/work/v2superbikeshed/Trikeshed/src/commonMain/kotlin/borg/trikeshed/ccek/CCEKProtocolChoreographer.kt:239:31 Not enough information to infer type argument for 'T'.
e: file:///Users/jim/work/v2superbikeshed/Trikeshed/src/commonMain/kotlin/borg/trikeshed/ccek/CCEKProtocolChoreographer.kt:239:45 Argument type mismatch: actual type is 'V? (of fun <K, V> Map<out K, V>.get)', but 'CCEKResult' was expected.
e: file:///Users/jim/work/v2superbikeshed/Trikeshed/src/commonMain/kotlin/borg/trikeshed/ccek/CCEKProtocolChoreographer.kt:239:45 Cannot infer type for this parameter. Specify it explicitly.
e: file:///Users/jim/work/v2superbikeshed/Trikeshed/src/commonMain/kotlin/borg/trikeshed/ccek/CCEKProtocolChoreographer.kt:282:38 Cannot infer type for this parameter. Specify it explicitly.
e: file:///Users/jim/work/v2superbikeshed/Trikeshed/src/commonMain/kotlin/borg/trikeshed/ccek/CCEKProtocolChoreographer.kt:282:38 Not enough information to infer type argument for 'B'.
e: file:///Users/jim/work/v2superbikeshed/Trikeshed/src/commonMain/kotlin/borg/trikeshed/ccek/CCEKProtocolChoreographer.kt:282:42 Cannot infer type for this parameter. Specify it explicitly.
e: file:///Users/jim/work/v2superbikeshed/Trikeshed/src/commonMain/kotlin/borg/trikeshed/ccek/CCEKProtocolChoreographer.kt:311:35 Cannot infer type for this parameter. Specify it explicitly.
e: file:///Users/jim/work/v2superbikeshed/Trikeshed/src/commonMain/kotlin/borg/trikeshed/ccek/CCEKProtocolChoreographer.kt:311:35 Not enough information to infer type argument for 'B'.
e: file:///Users/jim/work/v2superbikeshed/Trikeshed/src/commonMain/kotlin/borg/trikeshed/ccek/CCEKProtocolChoreographer.kt:311:39 Cannot infer type for this parameter. Specify it explicitly.
e: file:///Users/jim/work/v2superbikeshed/Trikeshed/src/commonMain/kotlin/borg/trikeshed/ccek/CCEKProtocolChoreographer.kt:314:40 Suspension functions can only be called within coroutine body.
e: file:///Users/jim/work/v2superbikeshed/Trikeshed/src/commonMain/kotlin/borg/trikeshed/ccek/CCEKProtocolChoreographer.kt:315:43 Suspension functions can only be called within coroutine body.
e: file:///Users/jim/work/v2superbikeshed/Trikeshed/src/commonMain/kotlin/borg/trikeshed/ccek/CCEKProtocolChoreographer.kt:316:40 Suspension functions can only be called within coroutine body.
e: file:///Users/jim/work/v2superbikeshed/Trikeshed/src/commonMain/kotlin/borg/trikeshed/ccek/CCEKProtocolIntegrationService.kt:25:9 Cannot infer type for this parameter. Specify it explicitly.
e: file:///Users/jim/work/v2superbikeshed/Trikeshed/src/commonMain/kotlin/borg/trikeshed/ccek/CCEKProtocolIntegrationService.kt:25:9 Type mismatch: inferred type is 'Join<String, ERROR CLASS: Cannot infer argument for type parameter B>', but 'Join<Int, Function1<Int, String>>' was expected.
e: file:///Users/jim/work/v2superbikeshed/Trikeshed/src/commonMain/kotlin/borg/trikeshed/ccek/CCEKProtocolIntegrationService.kt:25:17 No value passed for parameter 'b'.
e: file:///Users/jim/work/v2superbikeshed/Trikeshed/src/commonMain/kotlin/borg/trikeshed/ccek/CCEKProtocolIntegrationService.kt:25:25 Cannot infer type for this parameter. Specify it explicitly.
e: file:///Users/jim/work/v2superbikeshed/Trikeshed/src/commonMain/kotlin/borg/trikeshed/ccek/CCEKProtocolIntegrationService.kt:27:27 None of the following candidates is applicable:
fun <T> Array<out T>.contains(element: T): Boolean
fun ByteArray.contains(element: Byte): Boolean
fun ShortArray.contains(element: Short): Boolean
fun IntArray.contains(element: Int): Boolean
fun LongArray.contains(element: Long): Boolean
fun BooleanArray.contains(element: Boolean): Boolean
fun CharArray.contains(element: Char): Boolean
fun <T> Iterable<T>.contains(element: T): Boolean
fun <K, V> Map<out K, V>.contains(key: K): Boolean
fun IntRange.contains(element: Int?): Boolean
fun LongRange.contains(element: Long?): Boolean
fun CharRange.contains(element: Char?): Boolean
fun ClosedRange<Int>.contains(value: Byte): Boolean
fun ClosedRange<Long>.contains(value: Byte): Boolean
fun ClosedRange<Short>.contains(value: Byte): Boolean
fun OpenEndRange<Int>.contains(value: Byte): Boolean
fun OpenEndRange<Long>.contains(value: Byte): Boolean
fun OpenEndRange<Short>.contains(value: Byte): Boolean
fun IntRange.contains(value: Byte): Boolean
fun LongRange.contains(value: Byte): Boolean
fun ClosedRange<Float>.contains(value: Double): Boolean
fun ClosedRange<Double>.contains(value: Float): Boolean
fun OpenEndRange<Double>.contains(value: Float): Boolean
fun ClosedRange<Long>.contains(value: Int): Boolean
fun ClosedRange<Byte>.contains(value: Int): Boolean
fun ClosedRange<Short>.contains(value: Int): Boolean
fun OpenEndRange<Long>.contains(value: Int): Boolean
fun OpenEndRange<Byte>.contains(value: Int): Boolean
fun OpenEndRange<Short>.contains(value: Int): Boolean
fun LongRange.contains(value: Int): Boolean
fun ClosedRange<Int>.contains(value: Long): Boolean
fun ClosedRange<Byte>.contains(value: Long): Boolean
fun ClosedRange<Short>.contains(value: Long): Boolean
fun OpenEndRange<Int>.contains(value: Long): Boolean
fun OpenEndRange<Byte>.contains(value: Long): Boolean
fun OpenEndRange<Short>.contains(value: Long): Boolean
fun IntRange.contains(value: Long): Boolean
fun ClosedRange<Int>.contains(value: Short): Boolean
fun ClosedRange<Long>.contains(value: Short): Boolean
fun ClosedRange<Byte>.contains(value: Short): Boolean
fun OpenEndRange<Int>.contains(value: Short): Boolean
fun OpenEndRange<Long>.contains(value: Short): Boolean
fun OpenEndRange<Byte>.contains(value: Short): Boolean
fun IntRange.contains(value: Short): Boolean
fun LongRange.contains(value: Short): Boolean
fun UIntRange.contains(element: UInt?): Boolean
fun ULongRange.contains(element: ULong?): Boolean
fun UIntRange.contains(value: UByte): Boolean
fun ULongRange.contains(value: UByte): Boolean
fun ULongRange.contains(value: UInt): Boolean
fun UIntRange.contains(value: ULong): Boolean
fun UIntRange.contains(value: UShort): Boolean
fun ULongRange.contains(value: UShort): Boolean
fun <T : Any, R : ClosedRange<T>, Iterable<T>> R.contains(element: T?): Boolean
fun <T : Any, R : OpenEndRange<T>, Iterable<T>> R.contains(element: T?): Boolean
fun <T> Sequence<T>.contains(element: T): Boolean
fun CharSequence.contains(other: CharSequence, ignoreCase: Boolean = ...): Boolean
fun CharSequence.contains(char: Char, ignoreCase: Boolean = ...): Boolean
fun CharSequence.contains(regex: Regex): Boolean
e: file:///Users/jim/work/v2superbikeshed/Trikeshed/src/commonMain/kotlin/borg/trikeshed/ccek/CCEKProtocolIntegrationService.kt:27:57 None of the following candidates is applicable:
fun <T> Array<out T>.contains(element: T): Boolean
fun ByteArray.contains(element: Byte): Boolean
fun ShortArray.contains(element: Short): Boolean
fun IntArray.contains(element: Int): Boolean
fun LongArray.contains(element: Long): Boolean
fun BooleanArray.contains(element: Boolean): Boolean
fun CharArray.contains(element: Char): Boolean
fun <T> Iterable<T>.contains(element: T): Boolean
fun <K, V> Map<out K, V>.contains(key: K): Boolean
fun IntRange.contains(element: Int?): Boolean
fun LongRange.contains(element: Long?): Boolean
fun CharRange.contains(element: Char?): Boolean
fun ClosedRange<Int>.contains(value: Byte): Boolean
fun ClosedRange<Long>.contains(value: Byte): Boolean
fun ClosedRange<Short>.contains(value: Byte): Boolean
fun OpenEndRange<Int>.contains(value: Byte): Boolean
fun OpenEndRange<Long>.contains(value: Byte): Boolean
fun OpenEndRange<Short>.contains(value: Byte): Boolean
fun IntRange.contains(value: Byte): Boolean
fun LongRange.contains(value: Byte): Boolean
fun ClosedRange<Float>.contains(value: Double): Boolean
fun ClosedRange<Double>.contains(value: Float): Boolean
fun OpenEndRange<Double>.contains(value: Float): Boolean
fun ClosedRange<Long>.contains(value: Int): Boolean
fun ClosedRange<Byte>.contains(value: Int): Boolean
fun ClosedRange<Short>.contains(value: Int): Boolean
fun OpenEndRange<Long>.contains(value: Int): Boolean
fun OpenEndRange<Byte>.contains(value: Int): Boolean
fun OpenEndRange<Short>.contains(value: Int): Boolean
fun LongRange.contains(value: Int): Boolean
fun ClosedRange<Int>.contains(value: Long): Boolean
fun ClosedRange<Byte>.contains(value: Long): Boolean
fun ClosedRange<Short>.contains(value: Long): Boolean
fun OpenEndRange<Int>.contains(value: Long): Boolean
fun OpenEndRange<Byte>.contains(value: Long): Boolean
fun OpenEndRange<Short>.contains(value: Long): Boolean
fun IntRange.contains(value: Long): Boolean
fun ClosedRange<Int>.contains(value: Short): Boolean
fun ClosedRange<Long>.contains(value: Short): Boolean
fun ClosedRange<Byte>.contains(value: Short): Boolean
fun OpenEndRange<Int>.contains(value: Short): Boolean
fun OpenEndRange<Long>.contains(value: Short): Boolean
fun OpenEndRange<Byte>.contains(value: Short): Boolean
fun IntRange.contains(value: Short): Boolean
fun LongRange.contains(value: Short): Boolean
fun UIntRange.contains(element: UInt?): Boolean
fun ULongRange.contains(element: ULong?): Boolean
fun UIntRange.contains(value: UByte): Boolean
fun ULongRange.contains(value: UByte): Boolean
fun ULongRange.contains(value: UInt): Boolean
fun UIntRange.contains(value: ULong): Boolean
fun UIntRange.contains(value: UShort): Boolean
fun ULongRange.contains(value: UShort): Boolean
fun <T : Any, R : ClosedRange<T>, Iterable<T>> R.contains(element: T?): Boolean
fun <T : Any, R : OpenEndRange<T>, Iterable<T>> R.contains(element: T?): Boolean
fun <T> Sequence<T>.contains(element: T): Boolean
fun CharSequence.contains(other: CharSequence, ignoreCase: Boolean = ...): Boolean
fun CharSequence.contains(char: Char, ignoreCase: Boolean = ...): Boolean
fun CharSequence.contains(regex: Regex): Boolean
e: file:///Users/jim/work/v2superbikeshed/Trikeshed/src/commonMain/kotlin/borg/trikeshed/ccek/CCEKProtocolIntegrationService.kt:28:27 None of the following candidates is applicable:
fun <T> Array<out T>.contains(element: T): Boolean
fun ByteArray.contains(element: Byte): Boolean
fun ShortArray.contains(element: Short): Boolean
fun IntArray.contains(element: Int): Boolean
fun LongArray.contains(element: Long): Boolean
fun BooleanArray.contains(element: Boolean): Boolean
fun CharArray.contains(element: Char): Boolean
fun <T> Iterable<T>.contains(element: T): Boolean
fun <K, V> Map<out K, V>.contains(key: K): Boolean
fun IntRange.contains(element: Int?): Boolean
fun LongRange.contains(element: Long?): Boolean
fun CharRange.contains(element: Char?): Boolean
fun ClosedRange<Int>.contains(value: Byte): Boolean
fun ClosedRange<Long>.contains(value: Byte): Boolean
fun ClosedRange<Short>.contains(value: Byte): Boolean
fun OpenEndRange<Int>.contains(value: Byte): Boolean
fun OpenEndRange<Long>.contains(value: Byte): Boolean
fun OpenEndRange<Short>.contains(value: Byte): Boolean
fun IntRange.contains(value: Byte): Boolean
fun LongRange.contains(value: Byte): Boolean
fun ClosedRange<Float>.contains(value: Double): Boolean
fun ClosedRange<Double>.contains(value: Float): Boolean
fun OpenEndRange<Double>.contains(value: Float): Boolean
fun ClosedRange<Long>.contains(value: Int): Boolean
fun ClosedRange<Byte>.contains(value: Int): Boolean
fun ClosedRange<Short>.contains(value: Int): Boolean
fun OpenEndRange<Long>.contains(value: Int): Boolean
fun OpenEndRange<Byte>.contains(value: Int): Boolean
fun OpenEndRange<Short>.contains(value: Int): Boolean
fun LongRange.contains(value: Int): Boolean
fun ClosedRange<Int>.contains(value: Long): Boolean
fun ClosedRange<Byte>.contains(value: Long): Boolean
fun ClosedRange<Short>.contains(value: Long): Boolean
fun OpenEndRange<Int>.contains(value: Long): Boolean
fun OpenEndRange<Byte>.contains(value: Long): Boolean
fun OpenEndRange<Short>.contains(value: Long): Boolean
fun IntRange.contains(value: Long): Boolean
fun ClosedRange<Int>.contains(value: Short): Boolean
fun ClosedRange<Long>.contains(value: Short): Boolean
fun ClosedRange<Byte>.contains(value: Short): Boolean
fun OpenEndRange<Int>.contains(value: Short): Boolean
fun OpenEndRange<Long>.contains(value: Short): Boolean
fun OpenEndRange<Byte>.contains(value: Short): Boolean
fun IntRange.contains(value: Short): Boolean
fun LongRange.contains(value: Short): Boolean
fun UIntRange.contains(element: UInt?): Boolean
fun ULongRange.contains(element: ULong?): Boolean
fun UIntRange.contains(value: UByte): Boolean
fun ULongRange.contains(value: UByte): Boolean
fun ULongRange.contains(value: UInt): Boolean
fun UIntRange.contains(value: ULong): Boolean
fun UIntRange.contains(value: UShort): Boolean
fun ULongRange.contains(value: UShort): Boolean
fun <T : Any, R : ClosedRange<T>, Iterable<T>> R.contains(element: T?): Boolean
fun <T : Any, R : OpenEndRange<T>, Iterable<T>> R.contains(element: T?): Boolean
fun <T> Sequence<T>.contains(element: T): Boolean
fun CharSequence.contains(other: CharSequence, ignoreCase: Boolean = ...): Boolean
fun CharSequence.contains(char: Char, ignoreCase: Boolean = ...): Boolean
fun CharSequence.contains(regex: Regex): Boolean
e: file:///Users/jim/work/v2superbikeshed/Trikeshed/src/commonMain/kotlin/borg/trikeshed/ccek/CCEKProtocolIntegrationService.kt:28:57 None of the following candidates is applicable:
fun <T> Array<out T>.contains(element: T): Boolean
fun ByteArray.contains(element: Byte): Boolean
fun ShortArray.contains(element: Short): Boolean
fun IntArray.contains(element: Int): Boolean
fun LongArray.contains(element: Long): Boolean
fun BooleanArray.contains(element: Boolean): Boolean
fun CharArray.contains(element: Char): Boolean
fun <T> Iterable<T>.contains(element: T): Boolean
fun <K, V> Map<out K, V>.contains(key: K): Boolean
fun IntRange.contains(element: Int?): Boolean
fun LongRange.contains(element: Long?): Boolean
fun CharRange.contains(element: Char?): Boolean
fun ClosedRange<Int>.contains(value: Byte): Boolean
fun ClosedRange<Long>.contains(value: Byte): Boolean
fun ClosedRange<Short>.contains(value: Byte): Boolean
fun OpenEndRange<Int>.contains(value: Byte): Boolean
fun OpenEndRange<Long>.contains(value: Byte): Boolean
fun OpenEndRange<Short>.contains(value: Byte): Boolean
fun IntRange.contains(value: Byte): Boolean
fun LongRange.contains(value: Byte): Boolean
fun ClosedRange<Float>.contains(value: Double): Boolean
fun ClosedRange<Double>.contains(value: Float): Boolean
fun OpenEndRange<Double>.contains(value: Float): Boolean
fun ClosedRange<Long>.contains(value: Int): Boolean
fun ClosedRange<Byte>.contains(value: Int): Boolean
fun ClosedRange<Short>.contains(value: Int): Boolean
fun OpenEndRange<Long>.contains(value: Int): Boolean
fun OpenEndRange<Byte>.contains(value: Int): Boolean
fun OpenEndRange<Short>.contains(value: Int): Boolean
fun LongRange.contains(value: Int): Boolean
fun ClosedRange<Int>.contains(value: Long): Boolean
fun ClosedRange<Byte>.contains(value: Long): Boolean
fun ClosedRange<Short>.contains(value: Long): Boolean
fun OpenEndRange<Int>.contains(value: Long): Boolean
fun OpenEndRange<Byte>.contains(value: Long): Boolean
fun OpenEndRange<Short>.contains(value: Long): Boolean
fun IntRange.contains(value: Long): Boolean
fun ClosedRange<Int>.contains(value: Short): Boolean
fun ClosedRange<Long>.contains(value: Short): Boolean
fun ClosedRange<Byte>.contains(value: Short): Boolean
fun OpenEndRange<Int>.contains(value: Short): Boolean
fun OpenEndRange<Long>.contains(value: Short): Boolean
fun OpenEndRange<Byte>.contains(value: Short): Boolean
fun IntRange.contains(value: Short): Boolean
fun LongRange.contains(value: Short): Boolean
fun UIntRange.contains(element: UInt?): Boolean
fun ULongRange.contains(element: ULong?): Boolean
fun UIntRange.contains(value: UByte): Boolean
fun ULongRange.contains(value: UByte): Boolean
fun ULongRange.contains(value: UInt): Boolean
fun UIntRange.contains(value: ULong): Boolean
fun UIntRange.contains(value: UShort): Boolean
fun ULongRange.contains(value: UShort): Boolean
fun <T : Any, R : ClosedRange<T>, Iterable<T>> R.contains(element: T?): Boolean
fun <T : Any, R : OpenEndRange<T>, Iterable<T>> R.contains(element: T?): Boolean
fun <T> Sequence<T>.contains(element: T): Boolean
fun CharSequence.contains(other: CharSequence, ignoreCase: Boolean = ...): Boolean
fun CharSequence.contains(char: Char, ignoreCase: Boolean = ...): Boolean
fun CharSequence.contains(regex: Regex): Boolean
e: file:///Users/jim/work/v2superbikeshed/Trikeshed/src/commonMain/kotlin/borg/trikeshed/ccek/CCEKProtocolIntegrationService.kt:29:27 None of the following candidates is applicable:
fun <T> Array<out T>.contains(element: T): Boolean
fun ByteArray.contains(element: Byte): Boolean
fun ShortArray.contains(element: Short): Boolean
fun IntArray.contains(element: Int): Boolean
fun LongArray.contains(element: Long): Boolean
fun BooleanArray.contains(element: Boolean): Boolean
fun CharArray.contains(element: Char): Boolean
fun <T> Iterable<T>.contains(element: T): Boolean
fun <K, V> Map<out K, V>.contains(key: K): Boolean
fun IntRange.contains(element: Int?): Boolean
fun LongRange.contains(element: Long?): Boolean
fun CharRange.contains(element: Char?): Boolean
fun ClosedRange<Int>.contains(value: Byte): Boolean
fun ClosedRange<Long>.contains(value: Byte): Boolean
fun ClosedRange<Short>.contains(value: Byte): Boolean
fun OpenEndRange<Int>.contains(value: Byte): Boolean
fun OpenEndRange<Long>.contains(value: Byte): Boolean
fun OpenEndRange<Short>.contains(value: Byte): Boolean
fun IntRange.contains(value: Byte): Boolean
fun LongRange.contains(value: Byte): Boolean
fun ClosedRange<Float>.contains(value: Double): Boolean
fun ClosedRange<Double>.contains(value: Float): Boolean
fun OpenEndRange<Double>.contains(value: Float): Boolean
fun ClosedRange<Long>.contains(value: Int): Boolean
fun ClosedRange<Byte>.contains(value: Int): Boolean
fun ClosedRange<Short>.contains(value: Int): Boolean
fun OpenEndRange<Long>.contains(value: Int): Boolean
fun OpenEndRange<Byte>.contains(value: Int): Boolean
fun OpenEndRange<Short>.contains(value: Int): Boolean
fun LongRange.contains(value: Int): Boolean
fun ClosedRange<Int>.contains(value: Long): Boolean
fun ClosedRange<Byte>.contains(value: Long): Boolean
fun ClosedRange<Short>.contains(value: Long): Boolean
fun OpenEndRange<Int>.contains(value: Long): Boolean
fun OpenEndRange<Byte>.contains(value: Long): Boolean
fun OpenEndRange<Short>.contains(value: Long): Boolean
fun IntRange.contains(value: Long): Boolean
fun ClosedRange<Int>.contains(value: Short): Boolean
fun ClosedRange<Long>.contains(value: Short): Boolean
fun ClosedRange<Byte>.contains(value: Short): Boolean
fun OpenEndRange<Int>.contains(value: Short): Boolean
fun OpenEndRange<Long>.contains(value: Short): Boolean
fun OpenEndRange<Byte>.contains(value: Short): Boolean
fun IntRange.contains(value: Short): Boolean
fun LongRange.contains(value: Short): Boolean
fun UIntRange.contains(element: UInt?): Boolean
fun ULongRange.contains(element: ULong?): Boolean
fun UIntRange.contains(value: UByte): Boolean
fun ULongRange.contains(value: UByte): Boolean
fun ULongRange.contains(value: UInt): Boolean
fun UIntRange.contains(value: ULong): Boolean
fun UIntRange.contains(value: UShort): Boolean
fun ULongRange.contains(value: UShort): Boolean
fun <T : Any, R : ClosedRange<T>, Iterable<T>> R.contains(element: T?): Boolean
fun <T : Any, R : OpenEndRange<T>, Iterable<T>> R.contains(element: T?): Boolean
fun <T> Sequence<T>.contains(element: T): Boolean
fun CharSequence.contains(other: CharSequence, ignoreCase: Boolean = ...): Boolean
fun CharSequence.contains(char: Char, ignoreCase: Boolean = ...): Boolean
fun CharSequence.contains(regex: Regex): Boolean
e: file:///Users/jim/work/v2superbikeshed/Trikeshed/src/commonMain/kotlin/borg/trikeshed/ccek/CCEKProtocolIntegrationService.kt:29:60 None of the following candidates is applicable:
fun <T> Array<out T>.contains(element: T): Boolean
fun ByteArray.contains(element: Byte): Boolean
fun ShortArray.contains(element: Short): Boolean
fun IntArray.contains(element: Int): Boolean
fun LongArray.contains(element: Long): Boolean
fun BooleanArray.contains(element: Boolean): Boolean
fun CharArray.contains(element: Char): Boolean
fun <T> Iterable<T>.contains(element: T): Boolean
fun <K, V> Map<out K, V>.contains(key: K): Boolean
fun IntRange.contains(element: Int?): Boolean
fun LongRange.contains(element: Long?): Boolean
fun CharRange.contains(element: Char?): Boolean
fun ClosedRange<Int>.contains(value: Byte): Boolean
fun ClosedRange<Long>.contains(value: Byte): Boolean
fun ClosedRange<Short>.contains(value: Byte): Boolean
fun OpenEndRange<Int>.contains(value: Byte): Boolean
fun OpenEndRange<Long>.contains(value: Byte): Boolean
fun OpenEndRange<Short>.contains(value: Byte): Boolean
fun IntRange.contains(value: Byte): Boolean
fun LongRange.contains(value: Byte): Boolean
fun ClosedRange<Float>.contains(value: Double): Boolean
fun ClosedRange<Double>.contains(value: Float): Boolean
fun OpenEndRange<Double>.contains(value: Float): Boolean
fun ClosedRange<Long>.contains(value: Int): Boolean
fun ClosedRange<Byte>.contains(value: Int): Boolean
fun ClosedRange<Short>.contains(value: Int): Boolean
fun OpenEndRange<Long>.contains(value: Int): Boolean
fun OpenEndRange<Byte>.contains(value: Int): Boolean
fun OpenEndRange<Short>.contains(value: Int): Boolean
fun LongRange.contains(value: Int): Boolean
fun ClosedRange<Int>.contains(value: Long): Boolean
fun ClosedRange<Byte>.contains(value: Long): Boolean
fun ClosedRange<Short>.contains(value: Long): Boolean
fun OpenEndRange<Int>.contains(value: Long): Boolean
fun OpenEndRange<Byte>.contains(value: Long): Boolean
fun OpenEndRange<Short>.contains(value: Long): Boolean
fun IntRange.contains(value: Long): Boolean
fun ClosedRange<Int>.contains(value: Short): Boolean
fun ClosedRange<Long>.contains(value: Short): Boolean
fun ClosedRange<Byte>.contains(value: Short): Boolean
fun OpenEndRange<Int>.contains(value: Short): Boolean
fun OpenEndRange<Long>.contains(value: Short): Boolean
fun OpenEndRange<Byte>.contains(value: Short): Boolean
fun IntRange.contains(value: Short): Boolean
fun LongRange.contains(value: Short): Boolean
fun UIntRange.contains(element: UInt?): Boolean
fun ULongRange.contains(element: ULong?): Boolean
fun UIntRange.contains(value: UByte): Boolean
fun ULongRange.contains(value: UByte): Boolean
fun ULongRange.contains(value: UInt): Boolean
fun UIntRange.contains(value: ULong): Boolean
fun UIntRange.contains(value: UShort): Boolean
fun ULongRange.contains(value: UShort): Boolean
fun <T : Any, R : ClosedRange<T>, Iterable<T>> R.contains(element: T?): Boolean
fun <T : Any, R : OpenEndRange<T>, Iterable<T>> R.contains(element: T?): Boolean
fun <T> Sequence<T>.contains(element: T): Boolean
fun CharSequence.contains(other: CharSequence, ignoreCase: Boolean = ...): Boolean
fun CharSequence.contains(char: Char, ignoreCase: Boolean = ...): Boolean
fun CharSequence.contains(regex: Regex): Boolean
e: file:///Users/jim/work/v2superbikeshed/Trikeshed/src/commonMain/kotlin/borg/trikeshed/ccek/CCEKProtocolIntegrationService.kt:30:27 None of the following candidates is applicable:
fun <T> Array<out T>.contains(element: T): Boolean
fun ByteArray.contains(element: Byte): Boolean
fun ShortArray.contains(element: Short): Boolean
fun IntArray.contains(element: Int): Boolean
fun LongArray.contains(element: Long): Boolean
fun BooleanArray.contains(element: Boolean): Boolean
fun CharArray.contains(element: Char): Boolean
fun <T> Iterable<T>.contains(element: T): Boolean
fun <K, V> Map<out K, V>.contains(key: K): Boolean
fun IntRange.contains(element: Int?): Boolean
fun LongRange.contains(element: Long?): Boolean
fun CharRange.contains(element: Char?): Boolean
fun ClosedRange<Int>.contains(value: Byte): Boolean
fun ClosedRange<Long>.contains(value: Byte): Boolean
fun ClosedRange<Short>.contains(value: Byte): Boolean
fun OpenEndRange<Int>.contains(value: Byte): Boolean
fun OpenEndRange<Long>.contains(value: Byte): Boolean
fun OpenEndRange<Short>.contains(value: Byte): Boolean
fun IntRange.contains(value: Byte): Boolean
fun LongRange.contains(value: Byte): Boolean
fun ClosedRange<Float>.contains(value: Double): Boolean
fun ClosedRange<Double>.contains(value: Float): Boolean
fun OpenEndRange<Double>.contains(value: Float): Boolean
fun ClosedRange<Long>.contains(value: Int): Boolean
fun ClosedRange<Byte>.contains(value: Int): Boolean
fun ClosedRange<Short>.contains(value: Int): Boolean
fun OpenEndRange<Long>.contains(value: Int): Boolean
fun OpenEndRange<Byte>.contains(value: Int): Boolean
fun OpenEndRange<Short>.contains(value: Int): Boolean
fun LongRange.contains(value: Int): Boolean
fun ClosedRange<Int>.contains(value: Long): Boolean
fun ClosedRange<Byte>.contains(value: Long): Boolean
fun ClosedRange<Short>.contains(value: Long): Boolean
fun OpenEndRange<Int>.contains(value: Long): Boolean
fun OpenEndRange<Byte>.contains(value: Long): Boolean
fun OpenEndRange<Short>.contains(value: Long): Boolean
fun IntRange.contains(value: Long): Boolean
fun ClosedRange<Int>.contains(value: Short): Boolean
fun ClosedRange<Long>.contains(value: Short): Boolean
fun ClosedRange<Byte>.contains(value: Short): Boolean
fun OpenEndRange<Int>.contains(value: Short): Boolean
fun OpenEndRange<Long>.contains(value: Short): Boolean
fun OpenEndRange<Byte>.contains(value: Short): Boolean
fun IntRange.contains(value: Short): Boolean
fun LongRange.contains(value: Short): Boolean
fun UIntRange.contains(element: UInt?): Boolean
fun ULongRange.contains(element: ULong?): Boolean
fun UIntRange.contains(value: UByte): Boolean
fun ULongRange.contains(value: UByte): Boolean
fun ULongRange.contains(value: UInt): Boolean
fun UIntRange.contains(value: ULong): Boolean
fun UIntRange.contains(value: UShort): Boolean
fun ULongRange.contains(value: UShort): Boolean
fun <T : Any, R : ClosedRange<T>, Iterable<T>> R.contains(element: T?): Boolean
fun <T : Any, R : OpenEndRange<T>, Iterable<T>> R.contains(element: T?): Boolean
fun <T> Sequence<T>.contains(element: T): Boolean
fun CharSequence.contains(other: CharSequence, ignoreCase: Boolean = ...): Boolean
fun CharSequence.contains(char: Char, ignoreCase: Boolean = ...): Boolean
fun CharSequence.contains(regex: Regex): Boolean
e: file:///Users/jim/work/v2superbikeshed/Trikeshed/src/commonMain/kotlin/borg/trikeshed/ccek/CCEKProtocolIntegrationService.kt:31:27 None of the following candidates is applicable:
fun <T> Array<out T>.contains(element: T): Boolean
fun ByteArray.contains(element: Byte): Boolean
fun ShortArray.contains(element: Short): Boolean
fun IntArray.contains(element: Int): Boolean
fun LongArray.contains(element: Long): Boolean
fun BooleanArray.contains(element: Boolean): Boolean
fun CharArray.contains(element: Char): Boolean
fun <T> Iterable<T>.contains(element: T): Boolean
fun <K, V> Map<out K, V>.contains(key: K): Boolean
fun IntRange.contains(element: Int?): Boolean
fun LongRange.contains(element: Long?): Boolean
fun CharRange.contains(element: Char?): Boolean
fun ClosedRange<Int>.contains(value: Byte): Boolean
fun ClosedRange<Long>.contains(value: Byte): Boolean
fun ClosedRange<Short>.contains(value: Byte): Boolean
fun OpenEndRange<Int>.contains(value: Byte): Boolean
fun OpenEndRange<Long>.contains(value: Byte): Boolean
fun OpenEndRange<Short>.contains(value: Byte): Boolean
fun IntRange.contains(value: Byte): Boolean
fun LongRange.contains(value: Byte): Boolean
fun ClosedRange<Float>.contains(value: Double): Boolean
fun ClosedRange<Double>.contains(value: Float): Boolean
fun OpenEndRange<Double>.contains(value: Float): Boolean
fun ClosedRange<Long>.contains(value: Int): Boolean
fun ClosedRange<Byte>.contains(value: Int): Boolean
fun ClosedRange<Short>.contains(value: Int): Boolean
fun OpenEndRange<Long>.contains(value: Int): Boolean
fun OpenEndRange<Byte>.contains(value: Int): Boolean
fun OpenEndRange<Short>.contains(value: Int): Boolean
fun LongRange.contains(value: Int): Boolean
fun ClosedRange<Int>.contains(value: Long): Boolean
fun ClosedRange<Byte>.contains(value: Long): Boolean
fun ClosedRange<Short>.contains(value: Long): Boolean
fun OpenEndRange<Int>.contains(value: Long): Boolean
fun OpenEndRange<Byte>.contains(value: Long): Boolean
fun OpenEndRange<Short>.contains(value: Long): Boolean
fun IntRange.contains(value: Long): Boolean
fun ClosedRange<Int>.contains(value: Short): Boolean
fun ClosedRange<Long>.contains(value: Short): Boolean
fun ClosedRange<Byte>.contains(value: Short): Boolean
fun OpenEndRange<Int>.contains(value: Short): Boolean
fun OpenEndRange<Long>.contains(value: Short): Boolean
fun OpenEndRange<Byte>.contains(value: Short): Boolean
fun IntRange.contains(value: Short): Boolean
fun LongRange.contains(value: Short): Boolean
fun UIntRange.contains(element: UInt?): Boolean
fun ULongRange.contains(element: ULong?): Boolean
fun UIntRange.contains(value: UByte): Boolean
fun ULongRange.contains(value: UByte): Boolean
fun ULongRange.contains(value: UInt): Boolean
fun UIntRange.contains(value: ULong): Boolean
fun UIntRange.contains(value: UShort): Boolean
fun ULongRange.contains(value: UShort): Boolean
fun <T : Any, R : ClosedRange<T>, Iterable<T>> R.contains(element: T?): Boolean
fun <T : Any, R : OpenEndRange<T>, Iterable<T>> R.contains(element: T?): Boolean
fun <T> Sequence<T>.contains(element: T): Boolean
fun CharSequence.contains(other: CharSequence, ignoreCase: Boolean = ...): Boolean
fun CharSequence.contains(char: Char, ignoreCase: Boolean = ...): Boolean
fun CharSequence.contains(regex: Regex): Boolean
e: file:///Users/jim/work/v2superbikeshed/Trikeshed/src/commonMain/kotlin/borg/trikeshed/ccek/CCEKProtocolIntegrationService.kt:32:27 None of the following candidates is applicable:
fun <T> Array<out T>.contains(element: T): Boolean
fun ByteArray.contains(element: Byte): Boolean
fun ShortArray.contains(element: Short): Boolean
fun IntArray.contains(element: Int): Boolean
fun LongArray.contains(element: Long): Boolean
fun BooleanArray.contains(element: Boolean): Boolean
fun CharArray.contains(element: Char): Boolean
fun <T> Iterable<T>.contains(element: T): Boolean
fun <K, V> Map<out K, V>.contains(key: K): Boolean
fun IntRange.contains(element: Int?): Boolean
fun LongRange.contains(element: Long?): Boolean
fun CharRange.contains(element: Char?): Boolean
fun ClosedRange<Int>.contains(value: Byte): Boolean
fun ClosedRange<Long>.contains(value: Byte): Boolean
fun ClosedRange<Short>.contains(value: Byte): Boolean
fun OpenEndRange<Int>.contains(value: Byte): Boolean
fun OpenEndRange<Long>.contains(value: Byte): Boolean
fun OpenEndRange<Short>.contains(value: Byte): Boolean
fun IntRange.contains(value: Byte): Boolean
fun LongRange.contains(value: Byte): Boolean
fun ClosedRange<Float>.contains(value: Double): Boolean
fun ClosedRange<Double>.contains(value: Float): Boolean
fun OpenEndRange<Double>.contains(value: Float): Boolean
fun ClosedRange<Long>.contains(value: Int): Boolean
fun ClosedRange<Byte>.contains(value: Int): Boolean
fun ClosedRange<Short>.contains(value: Int): Boolean
fun OpenEndRange<Long>.contains(value: Int): Boolean
fun OpenEndRange<Byte>.contains(value: Int): Boolean
fun OpenEndRange<Short>.contains(value: Int): Boolean
fun LongRange.contains(value: Int): Boolean
fun ClosedRange<Int>.contains(value: Long): Boolean
fun ClosedRange<Byte>.contains(value: Long): Boolean
fun ClosedRange<Short>.contains(value: Long): Boolean
fun OpenEndRange<Int>.contains(value: Long): Boolean
fun OpenEndRange<Byte>.contains(value: Long): Boolean
fun OpenEndRange<Short>.contains(value: Long): Boolean
fun IntRange.contains(value: Long): Boolean
fun ClosedRange<Int>.contains(value: Short): Boolean
fun ClosedRange<Long>.contains(value: Short): Boolean
fun ClosedRange<Byte>.contains(value: Short): Boolean
fun OpenEndRange<Int>.contains(value: Short): Boolean
fun OpenEndRange<Long>.contains(value: Short): Boolean
fun OpenEndRange<Byte>.contains(value: Short): Boolean
fun IntRange.contains(value: Short): Boolean
fun LongRange.contains(value: Short): Boolean
fun UIntRange.contains(element: UInt?): Boolean
fun ULongRange.contains(element: ULong?): Boolean
fun UIntRange.contains(value: UByte): Boolean
fun ULongRange.contains(value: UByte): Boolean
fun ULongRange.contains(value: UInt): Boolean
fun UIntRange.contains(value: ULong): Boolean
fun UIntRange.contains(value: UShort): Boolean
fun ULongRange.contains(value: UShort): Boolean
fun <T : Any, R : ClosedRange<T>, Iterable<T>> R.contains(element: T?): Boolean
fun <T : Any, R : OpenEndRange<T>, Iterable<T>> R.contains(element: T?): Boolean
fun <T> Sequence<T>.contains(element: T): Boolean
fun CharSequence.contains(other: CharSequence, ignoreCase: Boolean = ...): Boolean
fun CharSequence.contains(char: Char, ignoreCase: Boolean = ...): Boolean
fun CharSequence.contains(regex: Regex): Boolean
e: file:///Users/jim/work/v2superbikeshed/Trikeshed/src/commonMain/kotlin/borg/trikeshed/ccek/CCEKProtocolIntegrationService.kt:40:13 Argument type mismatch: actual type is 'CCEKContext', but 'Function0<CCEKContext>' was expected.
e: file:///Users/jim/work/v2superbikeshed/Trikeshed/src/commonMain/kotlin/borg/trikeshed/ccek/CCEKProtocolIntegrationService.kt:59:18 Unresolved reference 'CoroutineContext'.
e: file:///Users/jim/work/v2superbikeshed/Trikeshed/src/commonMain/kotlin/borg/trikeshed/ccek/CCEKProtocolIntegrationService.kt:59:49 Unresolved reference 'IO'.
e: file:///Users/jim/work/v2superbikeshed/Trikeshed/src/commonMain/kotlin/borg/trikeshed/ccek/CCEKProtocolIntegrationService.kt:115:18 Unresolved reference 'CoroutineContext'.
e: file:///Users/jim/work/v2superbikeshed/Trikeshed/src/commonMain/kotlin/borg/trikeshed/ccek/CCEKProtocolIntegrationService.kt:115:49 Unresolved reference 'IO'.
e: file:///Users/jim/work/v2superbikeshed/Trikeshed/src/commonMain/kotlin/borg/trikeshed/ccek/CCEKProtocolIntegrationService.kt:121:31 Suspension functions can only be called within coroutine body.
e: file:///Users/jim/work/v2superbikeshed/Trikeshed/src/commonMain/kotlin/borg/trikeshed/ccek/CCEKProtocolIntegrationService.kt:122:34 Suspension functions can only be called within coroutine body.
e: file:///Users/jim/work/v2superbikeshed/Trikeshed/src/commonMain/kotlin/borg/trikeshed/ccek/CCEKProtocolIntegrationService.kt:123:31 Suspension functions can only be called within coroutine body.
e: file:///Users/jim/work/v2superbikeshed/Trikeshed/src/commonMain/kotlin/borg/trikeshed/ccek/CCEKProtocolIntegrationService.kt:135:23 Cannot infer type for this parameter. Specify it explicitly.
e: file:///Users/jim/work/v2superbikeshed/Trikeshed/src/commonMain/kotlin/borg/trikeshed/ccek/CCEKProtocolIntegrationService.kt:135:23 Argument type mismatch: actual type is 'Join<CCEKResult, B (of fun <A, B> invoke)>', but 'Join<Int, Function1<Int, CCEKResult>>' was expected.
e: file:///Users/jim/work/v2superbikeshed/Trikeshed/src/commonMain/kotlin/borg/trikeshed/ccek/CCEKProtocolIntegrationService.kt:135:31 No value passed for parameter 'b'.
e: file:///Users/jim/work/v2superbikeshed/Trikeshed/src/commonMain/kotlin/borg/trikeshed/ccek/CCEKProtocolIntegrationService.kt:144:23 Cannot infer type for this parameter. Specify it explicitly.
e: file:///Users/jim/work/v2superbikeshed/Trikeshed/src/commonMain/kotlin/borg/trikeshed/ccek/CCEKProtocolIntegrationService.kt:144:23 Argument type mismatch: actual type is 'Join<CCEKResult, B (of fun <A, B> invoke)>', but 'Join<Int, Function1<Int, CCEKResult>>' was expected.
e: file:///Users/jim/work/v2superbikeshed/Trikeshed/src/commonMain/kotlin/borg/trikeshed/ccek/CCEKProtocolIntegrationService.kt:144:31 No value passed for parameter 'b'.
e: file:///Users/jim/work/v2superbikeshed/Trikeshed/src/commonMain/kotlin/borg/trikeshed/ccek/CCEKProtocolIntegrationService.kt:153:23 Cannot infer type for this parameter. Specify it explicitly.
e: file:///Users/jim/work/v2superbikeshed/Trikeshed/src/commonMain/kotlin/borg/trikeshed/ccek/CCEKProtocolIntegrationService.kt:153:23 Argument type mismatch: actual type is 'Join<CCEKResult, B (of fun <A, B> invoke)>', but 'Join<Int, Function1<Int, CCEKResult>>' was expected.
e: file:///Users/jim/work/v2superbikeshed/Trikeshed/src/commonMain/kotlin/borg/trikeshed/ccek/CCEKProtocolIntegrationService.kt:153:31 No value passed for parameter 'b'.
e: file:///Users/jim/work/v2superbikeshed/Trikeshed/src/commonMain/kotlin/borg/trikeshed/ccek/CCEKProtocolIntegrationService.kt:164:23 Argument type mismatch: actual type is 'Join<CCEKResult, CCEKResult>', but 'Join<Int, Function1<Int, CCEKResult>>' was expected.
e: file:///Users/jim/work/v2superbikeshed/Trikeshed/src/commonMain/kotlin/borg/trikeshed/ccek/CCEKProtocolIntegrationService.kt:175:23 Argument type mismatch: actual type is 'Join<CCEKResult, CCEKResult>', but 'Join<Int, Function1<Int, CCEKResult>>' was expected.
e: file:///Users/jim/work/v2superbikeshed/Trikeshed/src/commonMain/kotlin/borg/trikeshed/ccek/CCEKProtocolIntegrationService.kt:186:23 Argument type mismatch: actual type is 'Join<CCEKResult, CCEKResult>', but 'Join<Int, Function1<Int, CCEKResult>>' was expected.
e: file:///Users/jim/work/v2superbikeshed/Trikeshed/src/commonMain/kotlin/borg/trikeshed/ccek/CCEKProtocolIntegrationService.kt:193:60 Cannot infer type for this parameter. Specify it explicitly.
e: file:///Users/jim/work/v2superbikeshed/Trikeshed/src/commonMain/kotlin/borg/trikeshed/ccek/CCEKProtocolIntegrationService.kt:193:60 Argument type mismatch: actual type is 'Join<String, B (of fun <A, B> invoke)>', but 'Join<Int, Function1<Int, String>>' was expected.
e: file:///Users/jim/work/v2superbikeshed/Trikeshed/src/commonMain/kotlin/borg/trikeshed/ccek/CCEKProtocolIntegrationService.kt:193:68 No value passed for parameter 'b'.
e: file:///Users/jim/work/v2superbikeshed/Trikeshed/src/commonMain/kotlin/borg/trikeshed/ccek/CCEKProtocolIntegrationService.kt:238:12 Redeclaration:
enum class CCEKContext : Enum<CCEKContext>
e: file:///Users/jim/work/v2superbikeshed/Trikeshed/src/commonMain/kotlin/borg/trikeshed/ccek/CCEKProtocolOrchestrator.kt:8:27 Unresolved reference 'PackingStrategies'.
e: file:///Users/jim/work/v2superbikeshed/Trikeshed/src/commonMain/kotlin/borg/trikeshed/ccek/CCEKProtocolOrchestrator.kt:23:13 Argument type mismatch: actual type is 'ProtocolTarget', but 'Function0<ProtocolTarget>' was expected.
e: file:///Users/jim/work/v2superbikeshed/Trikeshed/src/commonMain/kotlin/borg/trikeshed/ccek/CCEKProtocolOrchestrator.kt:32:76 Unresolved reference 'PackingStrategies'.
e: file:///Users/jim/work/v2superbikeshed/Trikeshed/src/commonMain/kotlin/borg/trikeshed/ccek/CCEKProtocolOrchestrator.kt:35:42 Unresolved reference 'PackingStrategies'.
e: file:///Users/jim/work/v2superbikeshed/Trikeshed/src/commonMain/kotlin/borg/trikeshed/ccek/CCEKProtocolOrchestrator.kt:36:45 Unresolved reference 'PackingStrategies'.
e: file:///Users/jim/work/v2superbikeshed/Trikeshed/src/commonMain/kotlin/borg/trikeshed/ccek/CCEKProtocolOrchestrator.kt:37:42 Unresolved reference 'PackingStrategies'.
e: file:///Users/jim/work/v2superbikeshed/Trikeshed/src/commonMain/kotlin/borg/trikeshed/ccek/CCEKProtocolOrchestrator.kt:38:45 Unresolved reference 'PackingStrategies'.
e: file:///Users/jim/work/v2superbikeshed/Trikeshed/src/commonMain/kotlin/borg/trikeshed/ccek/CCEKProtocolOrchestrator.kt:45:13 Argument type mismatch: actual type is 'EncodingStrategy', but 'Function0<EncodingStrategy>' was expected.
e: file:///Users/jim/work/v2superbikeshed/Trikeshed/src/commonMain/kotlin/borg/trikeshed/ccek/CCEKProtocolOrchestrator.kt:56:13 Argument type mismatch: actual type is 'CCEKContext', but 'Function0<CCEKContext>' was expected.
e: file:///Users/jim/work/v2superbikeshed/Trikeshed/src/commonMain/kotlin/borg/trikeshed/ccek/CCEKProtocolOrchestrator.kt:69:13 Argument type mismatch: actual type is 'QuicFrameHandler', but 'Function0<QuicFrameHandler>' was expected.
e: file:///Users/jim/work/v2superbikeshed/Trikeshed/src/commonMain/kotlin/borg/trikeshed/ccek/CCEKProtocolOrchestrator.kt:82:13 Argument type mismatch: actual type is 'QuicCompressionContext', but 'Function0<QuicCompressionContext>' was expected.
e: file:///Users/jim/work/v2superbikeshed/Trikeshed/src/commonMain/kotlin/borg/trikeshed/ccek/CCEKProtocolOrchestrator.kt:94:13 Argument type mismatch: actual type is 'CouchDBDocumentHandler', but 'Function0<CouchDBDocumentHandler>' was expected.
e: file:///Users/jim/work/v2superbikeshed/Trikeshed/src/commonMain/kotlin/borg/trikeshed/ccek/CCEKProtocolOrchestrator.kt:106:13 Argument type mismatch: actual type is 'CouchDBCompressionContext', but 'Function0<CouchDBCompressionContext>' was expected.
e: file:///Users/jim/work/v2superbikeshed/Trikeshed/src/commonMain/kotlin/borg/trikeshed/ccek/CCEKProtocolOrchestrator.kt:120:13 Argument type mismatch: actual type is 'IPFSBlockHandler', but 'Function0<IPFSBlockHandler>' was expected.
e: file:///Users/jim/work/v2superbikeshed/Trikeshed/src/commonMain/kotlin/borg/trikeshed/ccek/CCEKProtocolOrchestrator.kt:132:13 Argument type mismatch: actual type is 'IPFSCompressionContext', but 'Function0<IPFSCompressionContext>' was expected.
e: file:///Users/jim/work/v2superbikeshed/Trikeshed/src/commonMain/kotlin/borg/trikeshed/ccek/CCEKProtocolOrchestrator.kt:157:13 Suspension functions can only be called within coroutine body.
e: file:///Users/jim/work/v2superbikeshed/Trikeshed/src/commonMain/kotlin/borg/trikeshed/ccek/CCEKProtocolOrchestrator.kt:227:22 Unresolved reference 'PackingStrategies'.
e: file:///Users/jim/work/v2superbikeshed/Trikeshed/src/commonMain/kotlin/borg/trikeshed/ccek/CCEKProtocolOrchestrator.kt:244:73 Unresolved reference 'PackingStrategies'.
e: file:///Users/jim/work/v2superbikeshed/Trikeshed/src/commonMain/kotlin/borg/trikeshed/ccek/CCEKProtocolOrchestrator.kt:245:16 'when' expression must be exhaustive. Add an 'else' branch.
e: file:///Users/jim/work/v2superbikeshed/Trikeshed/src/commonMain/kotlin/borg/trikeshed/ccek/CCEKProtocolOrchestrator.kt:246:13 Unresolved reference 'PackingStrategies'.
e: file:///Users/jim/work/v2superbikeshed/Trikeshed/src/commonMain/kotlin/borg/trikeshed/ccek/CCEKProtocolOrchestrator.kt:246:53 Unresolved reference 'LZ4'.
e: file:///Users/jim/work/v2superbikeshed/Trikeshed/src/commonMain/kotlin/borg/trikeshed/ccek/CCEKProtocolOrchestrator.kt:247:13 Unresolved reference 'PackingStrategies'.
e: file:///Users/jim/work/v2superbikeshed/Trikeshed/src/commonMain/kotlin/borg/trikeshed/ccek/CCEKProtocolOrchestrator.kt:247:54 Unresolved reference 'ZSTD'.
e: file:///Users/jim/work/v2superbikeshed/Trikeshed/src/commonMain/kotlin/borg/trikeshed/ccek/CCEKProtocolOrchestrator.kt:248:13 Unresolved reference 'PackingStrategies'.
e: file:///Users/jim/work/v2superbikeshed/Trikeshed/src/commonMain/kotlin/borg/trikeshed/ccek/CCEKProtocolOrchestrator.kt:248:56 Unresolved reference 'BROTLI'.
e: file:///Users/jim/work/v2superbikeshed/Trikeshed/src/commonMain/kotlin/borg/trikeshed/ccek/CCEKProtocolOrchestrator.kt:249:13 Unresolved reference 'PackingStrategies'.
e: file:///Users/jim/work/v2superbikeshed/Trikeshed/src/commonMain/kotlin/borg/trikeshed/ccek/CCEKProtocolOrchestrator.kt:355:12 Redeclaration:
enum class CCEKContext : Enum<CCEKContext>
e: file:///Users/jim/work/v2superbikeshed/Trikeshed/src/commonMain/kotlin/borg/trikeshed/common/FileSystem.kt:3:12 readLinesSeq: expect and corresponding actual are declared in the same module.
e: file:///Users/jim/work/v2superbikeshed/Trikeshed/src/commonMain/kotlin/borg/trikeshed/common/FileSystem.kt:4:12 readLines: expect and corresponding actual are declared in the same module.
e: file:///Users/jim/work/v2superbikeshed/Trikeshed/src/commonMain/kotlin/borg/trikeshed/common/ReadLines.kt:3:5 readLinesSeq: expect and corresponding actual are declared in the same module.
e: file:///Users/jim/work/v2superbikeshed/Trikeshed/src/commonMain/kotlin/borg/trikeshed/common/ReadLines.kt:7:5 readLines: expect and corresponding actual are declared in the same module.
e: file:///Users/jim/work/v2superbikeshed/Trikeshed/src/commonMain/kotlin/borg/trikeshed/common/collections/BinarySearch.kt:19:25 Cannot infer type for this parameter. Specify it explicitly.
e: file:///Users/jim/work/v2superbikeshed/Trikeshed/src/commonMain/kotlin/borg/trikeshed/common/collections/BinarySearch.kt:19:25 Unresolved reference. None of the following candidates is applicable because of a receiver type mismatch:
fun <T> Join<Int, Function1<Int, Join<Any?, TypeMemento>>>.get(column: Column<T>): T?
e: file:///Users/jim/work/v2superbikeshed/Trikeshed/src/commonMain/kotlin/borg/trikeshed/common/collections/BinarySearch.kt:19:25 Argument type mismatch: actual type is 'T#1? (of fun <T> Join<Int, Function1<Int, Join<Any?, TypeMemento>>>.get)', but 'T#2 (of fun <T : Comparable<T>> Join<Int, Function1<Int, T>>.binarySearch)' was expected.
e: file:///Users/jim/work/v2superbikeshed/Trikeshed/src/commonMain/kotlin/borg/trikeshed/common/collections/BinarySearch.kt:19:35 Argument type mismatch: actual type is 'T (of fun <T : Comparable<T>> Join<Int, Function1<Int, T>>.binarySearch)', but 'T (of fun <T : Comparable<T>> Join<Int, Function1<Int, T>>.binarySearch)' was expected.
e: file:///Users/jim/work/v2superbikeshed/Trikeshed/src/commonMain/kotlin/borg/trikeshed/common/collections/BinarySearch.kt:34:22 Cannot infer type for this parameter. Specify it explicitly.
e: file:///Users/jim/work/v2superbikeshed/Trikeshed/src/commonMain/kotlin/borg/trikeshed/common/collections/BinarySearch.kt:34:22 Unresolved reference. None of the following candidates is applicable because of a receiver type mismatch:
fun <T> Join<Int, Function1<Int, Join<Any?, TypeMemento>>>.get(column: Column<T>): T?
e: file:///Users/jim/work/v2superbikeshed/Trikeshed/src/commonMain/kotlin/borg/trikeshed/common/collections/BinarySearch.kt:37:20 'operator' modifier is required on 'FirNamedFunctionSymbol kotlin/compareTo' in 'compareTo'.
e: file:///Users/jim/work/v2superbikeshed/Trikeshed/src/commonMain/kotlin/borg/trikeshed/common/collections/BinarySearch.kt:38:20 'operator' modifier is required on 'FirNamedFunctionSymbol kotlin/compareTo' in 'compareTo'.
e: file:///Users/jim/work/v2superbikeshed/Trikeshed/src/commonMain/kotlin/borg/trikeshed/common/collections/BinarySearch.kt:52:22 Cannot infer type for this parameter. Specify it explicitly.
e: file:///Users/jim/work/v2superbikeshed/Trikeshed/src/commonMain/kotlin/borg/trikeshed/common/collections/BinarySearch.kt:52:22 Unresolved reference. None of the following candidates is applicable because of a receiver type mismatch:
fun <T> Join<Int, Function1<Int, Join<Any?, TypeMemento>>>.get(column: Column<T>): T?
e: file:///Users/jim/work/v2superbikeshed/Trikeshed/src/commonMain/kotlin/borg/trikeshed/common/collections/BinarySearch.kt:55:20 'operator' modifier is required on 'FirNamedFunctionSymbol kotlin/compareTo' in 'compareTo'.
e: file:///Users/jim/work/v2superbikeshed/Trikeshed/src/commonMain/kotlin/borg/trikeshed/common/collections/BinarySearch.kt:56:20 'operator' modifier is required on 'FirNamedFunctionSymbol kotlin/compareTo' in 'compareTo'.
e: file:///Users/jim/work/v2superbikeshed/Trikeshed/src/commonMain/kotlin/borg/trikeshed/common/collections/BinarySearch.kt:69:22 Cannot infer type for this parameter. Specify it explicitly.
e: file:///Users/jim/work/v2superbikeshed/Trikeshed/src/commonMain/kotlin/borg/trikeshed/common/collections/BinarySearch.kt:69:22 Unresolved reference. None of the following candidates is applicable because of a receiver type mismatch:
fun <T> Join<Int, Function1<Int, Join<Any?, TypeMemento>>>.get(column: Column<T>): T?
e: file:///Users/jim/work/v2superbikeshed/Trikeshed/src/commonMain/kotlin/borg/trikeshed/common/collections/BinarySearch.kt:72:20 'operator' modifier is required on 'FirNamedFunctionSymbol kotlin/compareTo' in 'compareTo'.
e: file:///Users/jim/work/v2superbikeshed/Trikeshed/src/commonMain/kotlin/borg/trikeshed/common/collections/BinarySearch.kt:73:20 'operator' modifier is required on 'FirNamedFunctionSymbol kotlin/compareTo' in 'compareTo'.
e: file:///Users/jim/work/v2superbikeshed/Trikeshed/src/commonMain/kotlin/borg/trikeshed/common/collections/BinarySearch.kt:87:22 Cannot infer type for this parameter. Specify it explicitly.
e: file:///Users/jim/work/v2superbikeshed/Trikeshed/src/commonMain/kotlin/borg/trikeshed/common/collections/BinarySearch.kt:87:22 Unresolved reference. None of the following candidates is applicable because of a receiver type mismatch:
fun <T> Join<Int, Function1<Int, Join<Any?, TypeMemento>>>.get(column: Column<T>): T?
e: file:///Users/jim/work/v2superbikeshed/Trikeshed/src/commonMain/kotlin/borg/trikeshed/common/collections/BinarySearch.kt:90:20 'operator' modifier is required on 'FirNamedFunctionSymbol kotlin/compareTo' in 'compareTo'.
e: file:///Users/jim/work/v2superbikeshed/Trikeshed/src/commonMain/kotlin/borg/trikeshed/common/collections/BinarySearch.kt:91:20 'operator' modifier is required on 'FirNamedFunctionSymbol kotlin/compareTo' in 'compareTo'.
e: file:///Users/jim/work/v2superbikeshed/Trikeshed/src/commonMain/kotlin/borg/trikeshed/common/collections/BinarySearch.kt:105:22 Cannot infer type for this parameter. Specify it explicitly.
e: file:///Users/jim/work/v2superbikeshed/Trikeshed/src/commonMain/kotlin/borg/trikeshed/common/collections/BinarySearch.kt:105:22 Unresolved reference. None of the following candidates is applicable because of a receiver type mismatch:
fun <T> Join<Int, Function1<Int, Join<Any?, TypeMemento>>>.get(column: Column<T>): T?
e: file:///Users/jim/work/v2superbikeshed/Trikeshed/src/commonMain/kotlin/borg/trikeshed/common/collections/BinarySearch.kt:108:20 'operator' modifier is required on 'FirNamedFunctionSymbol kotlin/compareTo' in 'compareTo'.
e: file:///Users/jim/work/v2superbikeshed/Trikeshed/src/commonMain/kotlin/borg/trikeshed/common/collections/BinarySearch.kt:109:20 'operator' modifier is required on 'FirNamedFunctionSymbol kotlin/compareTo' in 'compareTo'.
e: file:///Users/jim/work/v2superbikeshed/Trikeshed/src/commonMain/kotlin/borg/trikeshed/common/collections/BinarySearch.kt:123:22 Cannot infer type for this parameter. Specify it explicitly.
e: file:///Users/jim/work/v2superbikeshed/Trikeshed/src/commonMain/kotlin/borg/trikeshed/common/collections/BinarySearch.kt:123:22 Unresolved reference. None of the following candidates is applicable because of a receiver type mismatch:
fun <T> Join<Int, Function1<Int, Join<Any?, TypeMemento>>>.get(column: Column<T>): T?
e: file:///Users/jim/work/v2superbikeshed/Trikeshed/src/commonMain/kotlin/borg/trikeshed/common/collections/BinarySearch.kt:126:20 'operator' modifier is required on 'FirNamedFunctionSymbol kotlin/compareTo' in 'compareTo'.
e: file:///Users/jim/work/v2superbikeshed/Trikeshed/src/commonMain/kotlin/borg/trikeshed/common/collections/BinarySearch.kt:127:20 'operator' modifier is required on 'FirNamedFunctionSymbol kotlin/compareTo' in 'compareTo'.
e: file:///Users/jim/work/v2superbikeshed/Trikeshed/src/commonMain/kotlin/borg/trikeshed/common/collections/BinarySearch.kt:141:22 Cannot infer type for this parameter. Specify it explicitly.
e: file:///Users/jim/work/v2superbikeshed/Trikeshed/src/commonMain/kotlin/borg/trikeshed/common/collections/BinarySearch.kt:141:22 Unresolved reference. None of the following candidates is applicable because of a receiver type mismatch:
fun <T> Join<Int, Function1<Int, Join<Any?, TypeMemento>>>.get(column: Column<T>): T?
e: file:///Users/jim/work/v2superbikeshed/Trikeshed/src/commonMain/kotlin/borg/trikeshed/common/collections/BinarySearch.kt:144:20 'operator' modifier is required on 'FirNamedFunctionSymbol kotlin/compareTo' in 'compareTo'.
e: file:///Users/jim/work/v2superbikeshed/Trikeshed/src/commonMain/kotlin/borg/trikeshed/common/collections/BinarySearch.kt:145:20 'operator' modifier is required on 'FirNamedFunctionSymbol kotlin/compareTo' in 'compareTo'.
e: file:///Users/jim/work/v2superbikeshed/Trikeshed/src/commonMain/kotlin/borg/trikeshed/common/collections/BinarySearch.kt:160:22 Cannot infer type for this parameter. Specify it explicitly.
e: file:///Users/jim/work/v2superbikeshed/Trikeshed/src/commonMain/kotlin/borg/trikeshed/common/collections/BinarySearch.kt:160:22 Unresolved reference. None of the following candidates is applicable because of a receiver type mismatch:
fun <T> Join<Int, Function1<Int, Join<Any?, TypeMemento>>>.get(column: Column<T>): T?
e: file:///Users/jim/work/v2superbikeshed/Trikeshed/src/commonMain/kotlin/borg/trikeshed/common/collections/BinarySearch.kt:163:20 'operator' modifier is required on 'FirNamedFunctionSymbol kotlin/compareTo' in 'compareTo'.
e: file:///Users/jim/work/v2superbikeshed/Trikeshed/src/commonMain/kotlin/borg/trikeshed/common/collections/BinarySearch.kt:164:20 'operator' modifier is required on 'FirNamedFunctionSymbol kotlin/compareTo' in 'compareTo'.
e: file:///Users/jim/work/v2superbikeshed/Trikeshed/src/commonMain/kotlin/borg/trikeshed/common/collections/BinarySearch.kt:178:22 Cannot infer type for this parameter. Specify it explicitly.
e: file:///Users/jim/work/v2superbikeshed/Trikeshed/src/commonMain/kotlin/borg/trikeshed/common/collections/BinarySearch.kt:178:22 Unresolved reference. None of the following candidates is applicable because of a receiver type mismatch:
fun <T> Join<Int, Function1<Int, Join<Any?, TypeMemento>>>.get(column: Column<T>): T?
e: file:///Users/jim/work/v2superbikeshed/Trikeshed/src/commonMain/kotlin/borg/trikeshed/common/collections/BinarySearch.kt:181:20 'operator' modifier is required on 'FirNamedFunctionSymbol kotlin/compareTo' in 'compareTo'.
e: file:///Users/jim/work/v2superbikeshed/Trikeshed/src/commonMain/kotlin/borg/trikeshed/common/collections/BinarySearch.kt:182:20 'operator' modifier is required on 'FirNamedFunctionSymbol kotlin/compareTo' in 'compareTo'.
e: file:///Users/jim/work/v2superbikeshed/Trikeshed/src/commonMain/kotlin/borg/trikeshed/common/collections/BinarySearch.kt:196:22 Cannot infer type for this parameter. Specify it explicitly.
e: file:///Users/jim/work/v2superbikeshed/Trikeshed/src/commonMain/kotlin/borg/trikeshed/common/collections/BinarySearch.kt:196:22 Unresolved reference. None of the following candidates is applicable because of a receiver type mismatch:
fun <T> Join<Int, Function1<Int, Join<Any?, TypeMemento>>>.get(column: Column<T>): T?
e: file:///Users/jim/work/v2superbikeshed/Trikeshed/src/commonMain/kotlin/borg/trikeshed/common/collections/BinarySearch.kt:198:20 'operator' modifier is required on 'FirNamedFunctionSymbol kotlin/compareTo' in 'compareTo'.
e: file:///Users/jim/work/v2superbikeshed/Trikeshed/src/commonMain/kotlin/borg/trikeshed/common/collections/BinarySearch.kt:199:20 'operator' modifier is required on 'FirNamedFunctionSymbol kotlin/compareTo' in 'compareTo'.
e: file:///Users/jim/work/v2superbikeshed/Trikeshed/src/commonMain/kotlin/borg/trikeshed/common/collections/BinarySearch.kt:216:22 Cannot infer type for this parameter. Specify it explicitly.
e: file:///Users/jim/work/v2superbikeshed/Trikeshed/src/commonMain/kotlin/borg/trikeshed/common/collections/BinarySearch.kt:216:22 Unresolved reference. None of the following candidates is applicable because of a receiver type mismatch:
fun <T> Join<Int, Function1<Int, Join<Any?, TypeMemento>>>.get(column: Column<T>): T?
e: file:///Users/jim/work/v2superbikeshed/Trikeshed/src/commonMain/kotlin/borg/trikeshed/common/collections/BinarySearch.kt:219:20 'operator' modifier is required on 'FirNamedFunctionSymbol kotlin/compareTo' in 'compareTo'.
e: file:///Users/jim/work/v2superbikeshed/Trikeshed/src/commonMain/kotlin/borg/trikeshed/common/collections/BinarySearch.kt:220:20 'operator' modifier is required on 'FirNamedFunctionSymbol kotlin/compareTo' in 'compareTo'.
e: file:///Users/jim/work/v2superbikeshed/Trikeshed/src/commonMain/kotlin/borg/trikeshed/compression/BitStream.kt:3:27 Conflicting import: imported name 'Indexed' is ambiguous.
e: file:///Users/jim/work/v2superbikeshed/Trikeshed/src/commonMain/kotlin/borg/trikeshed/compression/BitStream.kt:4:27 Conflicting import: imported name 'Indexed' is ambiguous.
e: file:///Users/jim/work/v2superbikeshed/Trikeshed/src/commonMain/kotlin/borg/trikeshed/compression/BitStream.kt:44:34 Unresolved reference 'size'.
e: file:///Users/jim/work/v2superbikeshed/Trikeshed/src/commonMain/kotlin/borg/trikeshed/compression/BitStream.kt:54:40 Unresolved reference 'size'.
e: file:///Users/jim/work/v2superbikeshed/Trikeshed/src/commonMain/kotlin/borg/trikeshed/compression/BitStream.kt:58:31 Unresolved reference. None of the following candidates is applicable because of a receiver type mismatch:
expect fun MatchGroupCollection.get(name: String): MatchGroup?
e: file:///Users/jim/work/v2superbikeshed/Trikeshed/src/commonMain/kotlin/borg/trikeshed/compression/BitStream.kt:58:52 None of the following candidates is applicable:
expect fun String.toInt(): Int
expect fun String.toInt(radix: Int): Int
e: file:///Users/jim/work/v2superbikeshed/Trikeshed/src/commonMain/kotlin/borg/trikeshed/compression/BitStream.kt:58:60 Unresolved reference 'and'.
e: file:///Users/jim/work/v2superbikeshed/Trikeshed/src/commonMain/kotlin/borg/trikeshed/compression/BitStream.kt:95:33 Unresolved reference 'size'.
e: file:///Users/jim/work/v2superbikeshed/Trikeshed/src/commonMain/kotlin/borg/trikeshed/compression/BitStream.kt:95:63 Unresolved reference 'size'.
e: file:///Users/jim/work/v2superbikeshed/Trikeshed/src/commonMain/kotlin/borg/trikeshed/compression/BitStream.kt:114:34 Unresolved reference 'size'.
e: file:///Users/jim/work/v2superbikeshed/Trikeshed/src/commonMain/kotlin/borg/trikeshed/compression/BitStream.kt:118:16 Unresolved reference. None of the following candidates is applicable because of a receiver type mismatch:
expect fun MatchGroupCollection.get(name: String): MatchGroup?
e: file:///Users/jim/work/v2superbikeshed/Trikeshed/src/commonMain/kotlin/borg/trikeshed/compression/BitStream.kt:118:37 None of the following candidates is applicable:
expect fun String.toInt(): Int
expect fun String.toInt(radix: Int): Int
e: file:///Users/jim/work/v2superbikeshed/Trikeshed/src/commonMain/kotlin/borg/trikeshed/compression/BitStream.kt:118:45 Unresolved reference 'and'.
e: file:///Users/jim/work/v2superbikeshed/Trikeshed/src/commonMain/kotlin/borg/trikeshed/compression/BitStream.kt:135:36 Unresolved reference 'size'.
e: file:///Users/jim/work/v2superbikeshed/Trikeshed/src/commonMain/kotlin/borg/trikeshed/compression/BitStream.kt:135:70 Unresolved reference 'size'.
e: file:///Users/jim/work/v2superbikeshed/Trikeshed/src/commonMain/kotlin/borg/trikeshed/compression/BitStream.kt:141:28 Unresolved reference 'size'.
e: file:///Users/jim/work/v2superbikeshed/Trikeshed/src/commonMain/kotlin/borg/trikeshed/compression/Huffman.kt:3:27 Conflicting import: imported name 'Indexed' is ambiguous.
e: file:///Users/jim/work/v2superbikeshed/Trikeshed/src/commonMain/kotlin/borg/trikeshed/compression/Huffman.kt:4:27 Conflicting import: imported name 'Indexed' is ambiguous.
e: file:///Users/jim/work/v2superbikeshed/Trikeshed/src/commonMain/kotlin/borg/trikeshed/compression/Huffman.kt:28:29 Unresolved reference 'size'.
e: file:///Users/jim/work/v2superbikeshed/Trikeshed/src/commonMain/kotlin/borg/trikeshed/compression/Huffman.kt:29:96 Unresolved reference 'size'.
e: file:///Users/jim/work/v2superbikeshed/Trikeshed/src/commonMain/kotlin/borg/trikeshed/compression/Huffman.kt:49:16 Unresolved reference. None of the following candidates is applicable because of a receiver type mismatch:
expect fun MatchGroupCollection.get(name: String): MatchGroup?
e: file:///Users/jim/work/v2superbikeshed/Trikeshed/src/commonMain/kotlin/borg/trikeshed/compression/Huffman.kt:86:12 Return type mismatch: expected 'Int', actual 'String'.
e: file:///Users/jim/work/v2superbikeshed/Trikeshed/src/commonMain/kotlin/borg/trikeshed/couchdb/CouchClient.kt:7:16 Unresolved reference 'serialization'.
e: file:///Users/jim/work/v2superbikeshed/Trikeshed/src/commonMain/kotlin/borg/trikeshed/couchdb/CouchClient.kt:8:16 Unresolved reference 'serialization'.
e: file:///Users/jim/work/v2superbikeshed/Trikeshed/src/commonMain/kotlin/borg/trikeshed/couchdb/CouchClient.kt:9:16 Unresolved reference 'serialization'.
e: file:///Users/jim/work/v2superbikeshed/Trikeshed/src/commonMain/kotlin/borg/trikeshed/couchdb/CouchClient.kt:10:16 Unresolved reference 'serialization'.
e: file:///Users/jim/work/v2superbikeshed/Trikeshed/src/commonMain/kotlin/borg/trikeshed/couchdb/CouchClient.kt:11:16 Unresolved reference 'serialization'.
e: file:///Users/jim/work/v2superbikeshed/Trikeshed/src/commonMain/kotlin/borg/trikeshed/couchdb/CouchClient.kt:12:16 Unresolved reference 'serialization'.
e: file:///Users/jim/work/v2superbikeshed/Trikeshed/src/commonMain/kotlin/borg/trikeshed/couchdb/CouchClient.kt:13:16 Unresolved reference 'serialization'.
e: file:///Users/jim/work/v2superbikeshed/Trikeshed/src/commonMain/kotlin/borg/trikeshed/couchdb/CouchClient.kt:14:16 Unresolved reference 'serialization'.
e: file:///Users/jim/work/v2superbikeshed/Trikeshed/src/commonMain/kotlin/borg/trikeshed/couchdb/CouchClient.kt:15:16 Unresolved reference 'serialization'.
e: file:///Users/jim/work/v2superbikeshed/Trikeshed/src/commonMain/kotlin/borg/trikeshed/couchdb/CouchClient.kt:16:16 Unresolved reference 'serialization'.
e: file:///Users/jim/work/v2superbikeshed/Trikeshed/src/commonMain/kotlin/borg/trikeshed/couchdb/CouchClient.kt:17:16 Unresolved reference 'serialization'.
e: file:///Users/jim/work/v2superbikeshed/Trikeshed/src/commonMain/kotlin/borg/trikeshed/couchdb/CouchClient.kt:18:16 Unresolved reference 'serialization'.
e: file:///Users/jim/work/v2superbikeshed/Trikeshed/src/commonMain/kotlin/borg/trikeshed/couchdb/CouchClient.kt:24:7 Redeclaration:
interface CouchClient : Any
e: file:///Users/jim/work/v2superbikeshed/Trikeshed/src/commonMain/kotlin/borg/trikeshed/couchdb/CouchClient.kt:29:24 Unresolved reference 'Json'.
e: file:///Users/jim/work/v2superbikeshed/Trikeshed/src/commonMain/kotlin/borg/trikeshed/couchdb/CouchClient.kt:29:31 Unresolved reference 'ignoreUnknownKeys'.
e: file:///Users/jim/work/v2superbikeshed/Trikeshed/src/commonMain/kotlin/borg/trikeshed/couchdb/CouchClient.kt:308:53 Unresolved reference 'serializer'.
e: file:///Users/jim/work/v2superbikeshed/Trikeshed/src/commonMain/kotlin/borg/trikeshed/couchdb/CouchClient.kt:315:53 Unresolved reference 'serializer'.
e: file:///Users/jim/work/v2superbikeshed/Trikeshed/src/commonMain/kotlin/borg/trikeshed/couchdb/CouchClient.kt:320:37 Unresolved reference 'jsonPrimitive'.
e: file:///Users/jim/work/v2superbikeshed/Trikeshed/src/commonMain/kotlin/borg/trikeshed/couchdb/CouchClient.kt:321:39 Unresolved reference 'jsonPrimitive'.
e: file:///Users/jim/work/v2superbikeshed/Trikeshed/src/commonMain/kotlin/borg/trikeshed/couchdb/CouchClient.kt:322:31 Cannot infer type for this parameter. Specify it explicitly.
e: file:///Users/jim/work/v2superbikeshed/Trikeshed/src/commonMain/kotlin/borg/trikeshed/couchdb/CouchClient.kt:322:42 Cannot infer type for this parameter. Specify it explicitly.
e: file:///Users/jim/work/v2superbikeshed/Trikeshed/src/commonMain/kotlin/borg/trikeshed/couchdb/CouchClient.kt:323:14 Cannot infer type for this parameter. Specify it explicitly.
e: file:///Users/jim/work/v2superbikeshed/Trikeshed/src/commonMain/kotlin/borg/trikeshed/couchdb/CouchClient.kt:323:14 Not enough information to infer type argument for 'K'.
e: file:///Users/jim/work/v2superbikeshed/Trikeshed/src/commonMain/kotlin/borg/trikeshed/couchdb/CouchClient.kt:323:27 Not enough information to infer type argument for 'K'.
e: file:///Users/jim/work/v2superbikeshed/Trikeshed/src/commonMain/kotlin/borg/trikeshed/couchdb/CouchClient.kt:323:30 Not enough information to infer type argument for 'K'.
e: file:///Users/jim/work/v2superbikeshed/Trikeshed/src/commonMain/kotlin/borg/trikeshed/couchdb/CouchClient.kt:323:40 The type of a receiver hasn't been inferred yet. Specify type argument for generic parameter 'V' of 'component2' explicitly.
e: file:///Users/jim/work/v2superbikeshed/Trikeshed/src/commonMain/kotlin/borg/trikeshed/couchdb/CouchClient.kt:328:38 Unresolved reference 'ListSerializer'.
e: file:///Users/jim/work/v2superbikeshed/Trikeshed/src/commonMain/kotlin/borg/trikeshed/couchdb/CouchClient.kt:328:69 Unresolved reference 'serializer'.
e: file:///Users/jim/work/v2superbikeshed/Trikeshed/src/commonMain/kotlin/borg/trikeshed/couchdb/CouchClient.kt:333:46 Unresolved reference 'jsonArray'.
e: file:///Users/jim/work/v2superbikeshed/Trikeshed/src/commonMain/kotlin/borg/trikeshed/couchdb/CouchClient.kt:334:16 Return type mismatch: expected 'List<CouchChange>', actual 'Join<Int, Function1<Int, ERROR CLASS: Cannot infer argument for type parameter R>>'.
e: file:///Users/jim/work/v2superbikeshed/Trikeshed/src/commonMain/kotlin/borg/trikeshed/couchdb/CouchClient.kt:334:24 Cannot infer type for this parameter. Specify it explicitly.
e: file:///Users/jim/work/v2superbikeshed/Trikeshed/src/commonMain/kotlin/borg/trikeshed/couchdb/CouchClient.kt:334:30 Cannot infer type for this parameter. Specify it explicitly.
e: file:///Users/jim/work/v2superbikeshed/Trikeshed/src/commonMain/kotlin/borg/trikeshed/couchdb/CouchClient.kt:335:52 Unresolved reference 'serializer'.
e: file:///Users/jim/work/v2superbikeshed/Trikeshed/src/commonMain/kotlin/borg/trikeshed/couchdb/CouchClient.kt:340:61 Unresolved reference 'serializer'.
e: file:///Users/jim/work/v2superbikeshed/Trikeshed/src/commonMain/kotlin/borg/trikeshed/couchdb/CouchClient.kt:344:54 Unresolved reference 'serializer'.
e: file:///Users/jim/work/v2superbikeshed/Trikeshed/src/commonMain/kotlin/borg/trikeshed/couchdb/CouchClient.kt:348:52 Unresolved reference 'serializer'.
e: file:///Users/jim/work/v2superbikeshed/Trikeshed/src/commonMain/kotlin/borg/trikeshed/couchdb/CouchClient.kt:375:2 Cannot access 'expect interface Serializable : Any': it is internal in file.
e: file:///Users/jim/work/v2superbikeshed/Trikeshed/src/commonMain/kotlin/borg/trikeshed/couchdb/CouchClient.kt:375:2 Illegal annotation class 'Serializable'.
e: file:///Users/jim/work/v2superbikeshed/Trikeshed/src/commonMain/kotlin/borg/trikeshed/couchdb/CouchClient.kt:380:2 Cannot access 'expect interface Serializable : Any': it is internal in file.
e: file:///Users/jim/work/v2superbikeshed/Trikeshed/src/commonMain/kotlin/borg/trikeshed/couchdb/CouchClient.kt:380:2 Illegal annotation class 'Serializable'.
e: file:///Users/jim/work/v2superbikeshed/Trikeshed/src/commonMain/kotlin/borg/trikeshed/couchdb/CouchClient.kt:389:2 Cannot access 'expect interface Serializable : Any': it is internal in file.
e: file:///Users/jim/work/v2superbikeshed/Trikeshed/src/commonMain/kotlin/borg/trikeshed/couchdb/CouchClient.kt:389:2 Illegal annotation class 'Serializable'.
e: file:///Users/jim/work/v2superbikeshed/Trikeshed/src/commonMain/kotlin/borg/trikeshed/couchdb/CouchClient.kt:398:2 Cannot access 'expect interface Serializable : Any': it is internal in file.
e: file:///Users/jim/work/v2superbikeshed/Trikeshed/src/commonMain/kotlin/borg/trikeshed/couchdb/CouchClient.kt:398:2 Illegal annotation class 'Serializable'.
e: file:///Users/jim/work/v2superbikeshed/Trikeshed/src/commonMain/kotlin/borg/trikeshed/couchdb/CouchClient.kt:403:2 Cannot access 'expect interface Serializable : Any': it is internal in file.
e: file:///Users/jim/work/v2superbikeshed/Trikeshed/src/commonMain/kotlin/borg/trikeshed/couchdb/CouchClient.kt:403:2 Illegal annotation class 'Serializable'.
e: file:///Users/jim/work/v2superbikeshed/Trikeshed/src/commonMain/kotlin/borg/trikeshed/couchdb/CouchClient.kt:411:2 Cannot access 'expect interface Serializable : Any': it is internal in file.
e: file:///Users/jim/work/v2superbikeshed/Trikeshed/src/commonMain/kotlin/borg/trikeshed/couchdb/CouchClient.kt:411:2 Illegal annotation class 'Serializable'.
e: file:///Users/jim/work/v2superbikeshed/Trikeshed/src/commonMain/kotlin/borg/trikeshed/couchdb/CouchClient.kt:417:2 Cannot access 'expect interface Serializable : Any': it is internal in file.
e: file:///Users/jim/work/v2superbikeshed/Trikeshed/src/commonMain/kotlin/borg/trikeshed/couchdb/CouchClient.kt:417:2 Illegal annotation class 'Serializable'.
e: file:///Users/jim/work/v2superbikeshed/Trikeshed/src/commonMain/kotlin/borg/trikeshed/couchdb/CouchClient.kt:419:6 Unresolved reference 'Contextual'.
e: file:///Users/jim/work/v2superbikeshed/Trikeshed/src/commonMain/kotlin/borg/trikeshed/couchdb/CouchClient.kt:420:6 Unresolved reference 'Contextual'.
e: file:///Users/jim/work/v2superbikeshed/Trikeshed/src/commonMain/kotlin/borg/trikeshed/couchdb/CouchClient.kt:430:2 Cannot access 'expect interface Serializable : Any': it is internal in file.
e: file:///Users/jim/work/v2superbikeshed/Trikeshed/src/commonMain/kotlin/borg/trikeshed/couchdb/CouchClient.kt:430:2 Illegal annotation class 'Serializable'.
e: file:///Users/jim/work/v2superbikeshed/Trikeshed/src/commonMain/kotlin/borg/trikeshed/couchdb/CouchClient.kt:437:2 Cannot access 'expect interface Serializable : Any': it is internal in file.
e: file:///Users/jim/work/v2superbikeshed/Trikeshed/src/commonMain/kotlin/borg/trikeshed/couchdb/CouchClient.kt:437:2 Illegal annotation class 'Serializable'.
e: file:///Users/jim/work/v2superbikeshed/Trikeshed/src/commonMain/kotlin/borg/trikeshed/couchdb/CouchClient.kt:453:2 Cannot access 'expect interface Serializable : Any': it is internal in file.
e: file:///Users/jim/work/v2superbikeshed/Trikeshed/src/commonMain/kotlin/borg/trikeshed/couchdb/CouchClient.kt:453:2 Illegal annotation class 'Serializable'.
e: file:///Users/jim/work/v2superbikeshed/Trikeshed/src/commonMain/kotlin/borg/trikeshed/couchdb/CouchClient.kt:460:2 Cannot access 'expect interface Serializable : Any': it is internal in file.
e: file:///Users/jim/work/v2superbikeshed/Trikeshed/src/commonMain/kotlin/borg/trikeshed/couchdb/CouchClient.kt:460:2 Illegal annotation class 'Serializable'.
e: file:///Users/jim/work/v2superbikeshed/Trikeshed/src/commonMain/kotlin/borg/trikeshed/couchdb/CouchClient.kt:461:12 Redeclaration:
data class CouchDatabaseInfo : Any
e: file:///Users/jim/work/v2superbikeshed/Trikeshed/src/commonMain/kotlin/borg/trikeshed/couchdb/CouchClient.kt:475:2 Cannot access 'expect interface Serializable : Any': it is internal in file.
e: file:///Users/jim/work/v2superbikeshed/Trikeshed/src/commonMain/kotlin/borg/trikeshed/couchdb/CouchClient.kt:475:2 Illegal annotation class 'Serializable'.
e: file:///Users/jim/work/v2superbikeshed/Trikeshed/src/commonMain/kotlin/borg/trikeshed/couchdb/CouchClient.kt:482:2 Cannot access 'expect interface Serializable : Any': it is internal in file.
e: file:///Users/jim/work/v2superbikeshed/Trikeshed/src/commonMain/kotlin/borg/trikeshed/couchdb/CouchClient.kt:482:2 Illegal annotation class 'Serializable'.
e: file:///Users/jim/work/v2superbikeshed/Trikeshed/src/commonMain/kotlin/borg/trikeshed/couchdb/CouchClient.kt:487:6 Cannot access 'expect interface Serializable : Any': it is internal in file.
e: file:///Users/jim/work/v2superbikeshed/Trikeshed/src/commonMain/kotlin/borg/trikeshed/couchdb/CouchClient.kt:487:6 Illegal annotation class 'Serializable'.
e: file:///Users/jim/work/v2superbikeshed/Trikeshed/src/commonMain/kotlin/borg/trikeshed/couchdb/CouchClient.kt:509:24 Overload resolution ambiguity between candidates:
suspend fun HttpRequest.send(): HttpResponse
suspend fun HttpRequest.send(): HttpResponse
e: file:///Users/jim/work/v2superbikeshed/Trikeshed/src/commonMain/kotlin/borg/trikeshed/couchdb/CouchClient.kt:524:24 Overload resolution ambiguity between candidates:
suspend fun HttpRequest.send(): HttpResponse
suspend fun HttpRequest.send(): HttpResponse
e: file:///Users/jim/work/v2superbikeshed/Trikeshed/src/commonMain/kotlin/borg/trikeshed/couchdb/CouchClient.kt:539:24 Overload resolution ambiguity between candidates:
suspend fun HttpRequest.send(): HttpResponse
suspend fun HttpRequest.send(): HttpResponse
e: file:///Users/jim/work/v2superbikeshed/Trikeshed/src/commonMain/kotlin/borg/trikeshed/couchdb/CouchClient.kt:551:24 Overload resolution ambiguity between candidates:
suspend fun HttpRequest.send(): HttpResponse
suspend fun HttpRequest.send(): HttpResponse
e: file:///Users/jim/work/v2superbikeshed/Trikeshed/src/commonMain/kotlin/borg/trikeshed/couchdb/CouchClient.kt:565:22 Unresolved reference 'buildJsonObject'.
e: file:///Users/jim/work/v2superbikeshed/Trikeshed/src/commonMain/kotlin/borg/trikeshed/couchdb/CouchClient.kt:566:31 Unresolved reference 'put'.
e: file:///Users/jim/work/v2superbikeshed/Trikeshed/src/commonMain/kotlin/borg/trikeshed/couchdb/CouchClient.kt:567:32 Unresolved reference 'put'.
e: file:///Users/jim/work/v2superbikeshed/Trikeshed/src/commonMain/kotlin/borg/trikeshed/couchdb/CouchClient.kt:568:23 Unresolved reference 'put'.
e: file:///Users/jim/work/v2superbikeshed/Trikeshed/src/commonMain/kotlin/borg/trikeshed/couchdb/CouchClient.kt:568:53 Argument type mismatch: actual type is 'Boolean', but 'String' was expected.
e: file:///Users/jim/work/v2superbikeshed/Trikeshed/src/commonMain/kotlin/borg/trikeshed/couchdb/CouchClient.kt:569:40 Unresolved reference 'put'.
e: file:///Users/jim/work/v2superbikeshed/Trikeshed/src/commonMain/kotlin/borg/trikeshed/couchdb/CouchClient.kt:571:12 Unresolved reference 'Json'.
e: file:///Users/jim/work/v2superbikeshed/Trikeshed/src/commonMain/kotlin/borg/trikeshed/couchdb/CouchClient.kt:571:32 Unresolved reference 'JsonElement'.
e: file:///Users/jim/work/v2superbikeshed/Trikeshed/src/commonMain/kotlin/borg/trikeshed/couchdb/CouchClient.kt:575:22 Unresolved reference 'buildJsonObject'.
e: file:///Users/jim/work/v2superbikeshed/Trikeshed/src/commonMain/kotlin/borg/trikeshed/couchdb/CouchClient.kt:576:9 Unresolved reference 'put'.
e: file:///Users/jim/work/v2superbikeshed/Trikeshed/src/commonMain/kotlin/borg/trikeshed/couchdb/CouchClient.kt:577:9 Unresolved reference 'put'.
e: file:///Users/jim/work/v2superbikeshed/Trikeshed/src/commonMain/kotlin/borg/trikeshed/couchdb/CouchClient.kt:578:40 Unresolved reference 'put'.
e: file:///Users/jim/work/v2superbikeshed/Trikeshed/src/commonMain/kotlin/borg/trikeshed/couchdb/CouchClient.kt:580:12 Unresolved reference 'Json'.
e: file:///Users/jim/work/v2superbikeshed/Trikeshed/src/commonMain/kotlin/borg/trikeshed/couchdb/CouchClient.kt:580:32 Unresolved reference 'JsonElement'.
e: file:///Users/jim/work/v2superbikeshed/Trikeshed/src/commonMain/kotlin/borg/trikeshed/couchdb/CouchClient.kt:584:12 Unresolved reference 'Json'.
e: file:///Users/jim/work/v2superbikeshed/Trikeshed/src/commonMain/kotlin/borg/trikeshed/couchdb/CouchClient.kt:584:49 Unresolved reference 'serializer'.
e: file:///Users/jim/work/v2superbikeshed/Trikeshed/src/commonMain/kotlin/borg/trikeshed/couchdb/CouchClient.kt:588:12 Unresolved reference 'Json'.
e: file:///Users/jim/work/v2superbikeshed/Trikeshed/src/commonMain/kotlin/borg/trikeshed/couchdb/CouchClient.kt:588:56 Unresolved reference 'serializer'.
e: file:///Users/jim/work/v2superbikeshed/Trikeshed/src/commonMain/kotlin/borg/trikeshed/couchdb/CouchClient.kt:592:12 Unresolved reference 'Json'.
e: file:///Users/jim/work/v2superbikeshed/Trikeshed/src/commonMain/kotlin/borg/trikeshed/couchdb/CouchClient.kt:592:46 Unresolved reference 'serializer'.
e: file:///Users/jim/work/v2superbikeshed/Trikeshed/src/commonMain/kotlin/borg/trikeshed/couchdb/CouchClient.kt:595:2 Cannot access 'expect interface Serializable : Any': it is internal in file.
e: file:///Users/jim/work/v2superbikeshed/Trikeshed/src/commonMain/kotlin/borg/trikeshed/couchdb/CouchClient.kt:595:2 Illegal annotation class 'Serializable'.
e: file:///Users/jim/work/v2superbikeshed/Trikeshed/src/commonMain/kotlin/borg/trikeshed/couchdb/CouchClient.kt:596:12 Redeclaration:
data class CouchDocument : Any
e: file:///Users/jim/work/v2superbikeshed/Trikeshed/src/commonMain/kotlin/borg/trikeshed/couchdb/CouchProtocol.kt:4:16 Unresolved reference 'serialization'.
e: file:///Users/jim/work/v2superbikeshed/Trikeshed/src/commonMain/kotlin/borg/trikeshed/couchdb/CouchProtocol.kt:5:16 Unresolved reference 'serialization'.
e: file:///Users/jim/work/v2superbikeshed/Trikeshed/src/commonMain/kotlin/borg/trikeshed/couchdb/CouchProtocol.kt:14:2 Cannot access 'expect interface Serializable : Any': it is internal in file.
e: file:///Users/jim/work/v2superbikeshed/Trikeshed/src/commonMain/kotlin/borg/trikeshed/couchdb/CouchProtocol.kt:14:2 Illegal annotation class 'Serializable'.
e: file:///Users/jim/work/v2superbikeshed/Trikeshed/src/commonMain/kotlin/borg/trikeshed/couchdb/CouchProtocol.kt:24:2 Cannot access 'expect interface Serializable : Any': it is internal in file.
e: file:///Users/jim/work/v2superbikeshed/Trikeshed/src/commonMain/kotlin/borg/trikeshed/couchdb/CouchProtocol.kt:24:2 Illegal annotation class 'Serializable'.
e: file:///Users/jim/work/v2superbikeshed/Trikeshed/src/commonMain/kotlin/borg/trikeshed/couchdb/CouchProtocol.kt:25:12 Redeclaration:
data class CouchDocument : Any
e: file:///Users/jim/work/v2superbikeshed/Trikeshed/src/commonMain/kotlin/borg/trikeshed/couchdb/CouchProtocol.kt:26:6 Unresolved reference 'SerialName'.
e: file:///Users/jim/work/v2superbikeshed/Trikeshed/src/commonMain/kotlin/borg/trikeshed/couchdb/CouchProtocol.kt:27:6 Unresolved reference 'SerialName'.
e: file:///Users/jim/work/v2superbikeshed/Trikeshed/src/commonMain/kotlin/borg/trikeshed/couchdb/CouchProtocol.kt:28:6 Unresolved reference 'SerialName'.
e: file:///Users/jim/work/v2superbikeshed/Trikeshed/src/commonMain/kotlin/borg/trikeshed/couchdb/CouchProtocol.kt:29:6 Unresolved reference 'SerialName'.
e: file:///Users/jim/work/v2superbikeshed/Trikeshed/src/commonMain/kotlin/borg/trikeshed/couchdb/CouchProtocol.kt:30:39 Cannot infer type for this parameter. Specify it explicitly.
e: file:///Users/jim/work/v2superbikeshed/Trikeshed/src/commonMain/kotlin/borg/trikeshed/couchdb/CouchProtocol.kt:30:39 Argument type mismatch: actual type is 'Map<K (of fun <K, V> emptyMap), V (of fun <K, V> emptyMap)>', but 'String' was expected.
e: file:///Users/jim/work/v2superbikeshed/Trikeshed/src/commonMain/kotlin/borg/trikeshed/couchdb/CouchProtocol.kt:32:32 Unresolved reference 'buildJsonObject'.
e: file:///Users/jim/work/v2superbikeshed/Trikeshed/src/commonMain/kotlin/borg/trikeshed/couchdb/CouchProtocol.kt:33:9 Unresolved reference 'id'.
e: file:///Users/jim/work/v2superbikeshed/Trikeshed/src/commonMain/kotlin/borg/trikeshed/couchdb/CouchProtocol.kt:33:13 Cannot infer type for this parameter. Specify it explicitly.
e: file:///Users/jim/work/v2superbikeshed/Trikeshed/src/commonMain/kotlin/borg/trikeshed/couchdb/CouchProtocol.kt:33:17 Cannot infer type for this parameter. Specify it explicitly.
e: file:///Users/jim/work/v2superbikeshed/Trikeshed/src/commonMain/kotlin/borg/trikeshed/couchdb/CouchProtocol.kt:33:19 Unresolved reference 'put'.
e: file:///Users/jim/work/v2superbikeshed/Trikeshed/src/commonMain/kotlin/borg/trikeshed/couchdb/CouchProtocol.kt:34:9 Unresolved reference 'rev'.
e: file:///Users/jim/work/v2superbikeshed/Trikeshed/src/commonMain/kotlin/borg/trikeshed/couchdb/CouchProtocol.kt:34:14 Cannot infer type for this parameter. Specify it explicitly.
e: file:///Users/jim/work/v2superbikeshed/Trikeshed/src/commonMain/kotlin/borg/trikeshed/couchdb/CouchProtocol.kt:34:18 Cannot infer type for this parameter. Specify it explicitly.
e: file:///Users/jim/work/v2superbikeshed/Trikeshed/src/commonMain/kotlin/borg/trikeshed/couchdb/CouchProtocol.kt:34:20 Unresolved reference 'put'.
e: file:///Users/jim/work/v2superbikeshed/Trikeshed/src/commonMain/kotlin/borg/trikeshed/couchdb/CouchProtocol.kt:35:9 Unresolved reference 'deleted'.
e: file:///Users/jim/work/v2superbikeshed/Trikeshed/src/commonMain/kotlin/borg/trikeshed/couchdb/CouchProtocol.kt:35:18 Cannot infer type for this parameter. Specify it explicitly.
e: file:///Users/jim/work/v2superbikeshed/Trikeshed/src/commonMain/kotlin/borg/trikeshed/couchdb/CouchProtocol.kt:35:22 Cannot infer type for this parameter. Specify it explicitly.
e: file:///Users/jim/work/v2superbikeshed/Trikeshed/src/commonMain/kotlin/borg/trikeshed/couchdb/CouchProtocol.kt:35:24 Unresolved reference 'put'.
e: file:///Users/jim/work/v2superbikeshed/Trikeshed/src/commonMain/kotlin/borg/trikeshed/couchdb/CouchProtocol.kt:36:9 Unresolved reference 'attachments'.
e: file:///Users/jim/work/v2superbikeshed/Trikeshed/src/commonMain/kotlin/borg/trikeshed/couchdb/CouchProtocol.kt:36:22 Cannot infer type for this parameter. Specify it explicitly.
e: file:///Users/jim/work/v2superbikeshed/Trikeshed/src/commonMain/kotlin/borg/trikeshed/couchdb/CouchProtocol.kt:36:26 Cannot infer type for this parameter. Specify it explicitly.
e: file:///Users/jim/work/v2superbikeshed/Trikeshed/src/commonMain/kotlin/borg/trikeshed/couchdb/CouchProtocol.kt:36:28 Unresolved reference 'put'.
e: file:///Users/jim/work/v2superbikeshed/Trikeshed/src/commonMain/kotlin/borg/trikeshed/couchdb/CouchProtocol.kt:37:40 Unresolved reference 'put'.
e: file:///Users/jim/work/v2superbikeshed/Trikeshed/src/commonMain/kotlin/borg/trikeshed/couchdb/CouchProtocol.kt:42:2 Cannot access 'expect interface Serializable : Any': it is internal in file.
e: file:///Users/jim/work/v2superbikeshed/Trikeshed/src/commonMain/kotlin/borg/trikeshed/couchdb/CouchProtocol.kt:42:2 Illegal annotation class 'Serializable'.
e: file:///Users/jim/work/v2superbikeshed/Trikeshed/src/commonMain/kotlin/borg/trikeshed/couchdb/CouchProtocol.kt:43:12 Redeclaration:
data class CouchDatabaseInfo : Any
e: file:///Users/jim/work/v2superbikeshed/Trikeshed/src/commonMain/kotlin/borg/trikeshed/couchdb/CouchProtocol.kt:44:6 Unresolved reference 'SerialName'.
e: file:///Users/jim/work/v2superbikeshed/Trikeshed/src/commonMain/kotlin/borg/trikeshed/couchdb/CouchProtocol.kt:45:6 Unresolved reference 'SerialName'.
e: file:///Users/jim/work/v2superbikeshed/Trikeshed/src/commonMain/kotlin/borg/trikeshed/couchdb/CouchProtocol.kt:46:6 Unresolved reference 'SerialName'.
e: file:///Users/jim/work/v2superbikeshed/Trikeshed/src/commonMain/kotlin/borg/trikeshed/couchdb/CouchProtocol.kt:47:6 Unresolved reference 'SerialName'.
e: file:///Users/jim/work/v2superbikeshed/Trikeshed/src/commonMain/kotlin/borg/trikeshed/couchdb/CouchProtocol.kt:48:6 Unresolved reference 'SerialName'.
e: file:///Users/jim/work/v2superbikeshed/Trikeshed/src/commonMain/kotlin/borg/trikeshed/couchdb/CouchProtocol.kt:49:6 Unresolved reference 'SerialName'.
e: file:///Users/jim/work/v2superbikeshed/Trikeshed/src/commonMain/kotlin/borg/trikeshed/couchdb/CouchProtocol.kt:50:6 Unresolved reference 'SerialName'.
e: file:///Users/jim/work/v2superbikeshed/Trikeshed/src/commonMain/kotlin/borg/trikeshed/couchdb/CouchProtocol.kt:51:6 Unresolved reference 'SerialName'.
e: file:///Users/jim/work/v2superbikeshed/Trikeshed/src/commonMain/kotlin/borg/trikeshed/couchdb/CouchProtocol.kt:52:6 Unresolved reference 'SerialName'.
e: file:///Users/jim/work/v2superbikeshed/Trikeshed/src/commonMain/kotlin/borg/trikeshed/couchdb/CouchProtocol.kt:53:6 Unresolved reference 'SerialName'.
e: file:///Users/jim/work/v2superbikeshed/Trikeshed/src/commonMain/kotlin/borg/trikeshed/couchdb/CouchProtocol.kt:54:6 Unresolved reference 'SerialName'.
e: file:///Users/jim/work/v2superbikeshed/Trikeshed/src/commonMain/kotlin/borg/trikeshed/couchdb/CouchProtocol.kt:58:2 Cannot access 'expect interface Serializable : Any': it is internal in file.
e: file:///Users/jim/work/v2superbikeshed/Trikeshed/src/commonMain/kotlin/borg/trikeshed/couchdb/CouchProtocol.kt:58:2 Illegal annotation class 'Serializable'.
e: file:///Users/jim/work/v2superbikeshed/Trikeshed/src/commonMain/kotlin/borg/trikeshed/couchdb/CouchProtocol.kt:60:14 Unresolved reference 'JsonElement'.
e: file:///Users/jim/work/v2superbikeshed/Trikeshed/src/commonMain/kotlin/borg/trikeshed/couchdb/CouchProtocol.kt:61:19 Unresolved reference 'JsonElement'.
e: file:///Users/jim/work/v2superbikeshed/Trikeshed/src/commonMain/kotlin/borg/trikeshed/couchdb/CouchProtocol.kt:62:17 Unresolved reference 'JsonElement'.
e: file:///Users/jim/work/v2superbikeshed/Trikeshed/src/commonMain/kotlin/borg/trikeshed/couchdb/CouchProtocol.kt:74:14 Cannot infer type for this parameter. Specify it explicitly.
e: file:///Users/jim/work/v2superbikeshed/Trikeshed/src/commonMain/kotlin/borg/trikeshed/couchdb/CouchProtocol.kt:74:14 Unresolved reference. None of the following candidates is applicable because of a receiver type mismatch:
fun <T, R> T.let(block: (T) -> R): R
    [R|Contract description]
     <
        CallsInPlace(block, EXACTLY_ONCE)
    >
e: file:///Users/jim/work/v2superbikeshed/Trikeshed/src/commonMain/kotlin/borg/trikeshed/couchdb/CouchProtocol.kt:74:18 Cannot infer type for this parameter. Specify it explicitly.
e: file:///Users/jim/work/v2superbikeshed/Trikeshed/src/commonMain/kotlin/borg/trikeshed/couchdb/CouchProtocol.kt:74:38 Unresolved reference 'Json'.
e: file:///Users/jim/work/v2superbikeshed/Trikeshed/src/commonMain/kotlin/borg/trikeshed/couchdb/CouchProtocol.kt:75:19 Cannot infer type for this parameter. Specify it explicitly.
e: file:///Users/jim/work/v2superbikeshed/Trikeshed/src/commonMain/kotlin/borg/trikeshed/couchdb/CouchProtocol.kt:75:19 Unresolved reference. None of the following candidates is applicable because of a receiver type mismatch:
fun <T, R> T.let(block: (T) -> R): R
    [R|Contract description]
     <
        CallsInPlace(block, EXACTLY_ONCE)
    >
e: file:///Users/jim/work/v2superbikeshed/Trikeshed/src/commonMain/kotlin/borg/trikeshed/couchdb/CouchProtocol.kt:75:23 Cannot infer type for this parameter. Specify it explicitly.
e: file:///Users/jim/work/v2superbikeshed/Trikeshed/src/commonMain/kotlin/borg/trikeshed/couchdb/CouchProtocol.kt:75:48 Unresolved reference 'Json'.
e: file:///Users/jim/work/v2superbikeshed/Trikeshed/src/commonMain/kotlin/borg/trikeshed/couchdb/CouchProtocol.kt:76:17 Cannot infer type for this parameter. Specify it explicitly.
e: file:///Users/jim/work/v2superbikeshed/Trikeshed/src/commonMain/kotlin/borg/trikeshed/couchdb/CouchProtocol.kt:76:17 Unresolved reference. None of the following candidates is applicable because of a receiver type mismatch:
fun <T, R> T.let(block: (T) -> R): R
    [R|Contract description]
     <
        CallsInPlace(block, EXACTLY_ONCE)
    >
e: file:///Users/jim/work/v2superbikeshed/Trikeshed/src/commonMain/kotlin/borg/trikeshed/couchdb/CouchProtocol.kt:76:21 Cannot infer type for this parameter. Specify it explicitly.
e: file:///Users/jim/work/v2superbikeshed/Trikeshed/src/commonMain/kotlin/borg/trikeshed/couchdb/CouchProtocol.kt:76:44 Unresolved reference 'Json'.
e: file:///Users/jim/work/v2superbikeshed/Trikeshed/src/commonMain/kotlin/borg/trikeshed/couchdb/CouchProtocol.kt:90:2 Cannot access 'expect interface Serializable : Any': it is internal in file.
e: file:///Users/jim/work/v2superbikeshed/Trikeshed/src/commonMain/kotlin/borg/trikeshed/couchdb/CouchProtocol.kt:90:2 Illegal annotation class 'Serializable'.
e: file:///Users/jim/work/v2superbikeshed/Trikeshed/src/commonMain/kotlin/borg/trikeshed/couchdb/CouchProtocol.kt:97:2 Cannot access 'expect interface Serializable : Any': it is internal in file.
e: file:///Users/jim/work/v2superbikeshed/Trikeshed/src/commonMain/kotlin/borg/trikeshed/couchdb/CouchProtocol.kt:97:2 Illegal annotation class 'Serializable'.
e: file:///Users/jim/work/v2superbikeshed/Trikeshed/src/commonMain/kotlin/borg/trikeshed/couchdb/CouchProtocol.kt:106:2 Cannot access 'expect interface Serializable : Any': it is internal in file.
e: file:///Users/jim/work/v2superbikeshed/Trikeshed/src/commonMain/kotlin/borg/trikeshed/couchdb/CouchProtocol.kt:106:2 Illegal annotation class 'Serializable'.
e: file:///Users/jim/work/v2superbikeshed/Trikeshed/src/commonMain/kotlin/borg/trikeshed/couchdb/CouchProtocol.kt:112:32 Unresolved reference 'buildJsonObject'.
e: file:///Users/jim/work/v2superbikeshed/Trikeshed/src/commonMain/kotlin/borg/trikeshed/couchdb/CouchProtocol.kt:113:9 Unresolved reference 'putJsonArray'.
e: file:///Users/jim/work/v2superbikeshed/Trikeshed/src/commonMain/kotlin/borg/trikeshed/couchdb/CouchProtocol.kt:115:17 Unresolved reference 'add'.
e: file:///Users/jim/work/v2superbikeshed/Trikeshed/src/commonMain/kotlin/borg/trikeshed/couchdb/CouchProtocol.kt:118:9 Unresolved reference 'put'.
e: file:///Users/jim/work/v2superbikeshed/Trikeshed/src/commonMain/kotlin/borg/trikeshed/couchdb/CouchProtocol.kt:119:9 Unresolved reference 'put'.
e: file:///Users/jim/work/v2superbikeshed/Trikeshed/src/commonMain/kotlin/borg/trikeshed/couchdb/CouchProtocol.kt:124:2 Cannot access 'expect interface Serializable : Any': it is internal in file.
e: file:///Users/jim/work/v2superbikeshed/Trikeshed/src/commonMain/kotlin/borg/trikeshed/couchdb/CouchProtocol.kt:124:2 Illegal annotation class 'Serializable'.
e: file:///Users/jim/work/v2superbikeshed/Trikeshed/src/commonMain/kotlin/borg/trikeshed/couchdb/CouchProtocol.kt:149:2 Cannot access 'expect interface Serializable : Any': it is internal in file.
e: file:///Users/jim/work/v2superbikeshed/Trikeshed/src/commonMain/kotlin/borg/trikeshed/couchdb/CouchProtocol.kt:149:2 Illegal annotation class 'Serializable'.
e: file:///Users/jim/work/v2superbikeshed/Trikeshed/src/commonMain/kotlin/borg/trikeshed/couchdb/CouchProtocol.kt:156:2 Cannot access 'expect interface Serializable : Any': it is internal in file.
e: file:///Users/jim/work/v2superbikeshed/Trikeshed/src/commonMain/kotlin/borg/trikeshed/couchdb/CouchProtocol.kt:156:2 Illegal annotation class 'Serializable'.
e: file:///Users/jim/work/v2superbikeshed/Trikeshed/src/commonMain/kotlin/borg/trikeshed/couchdb/CouchProtocol.kt:165:2 Cannot access 'expect interface Serializable : Any': it is internal in file.
e: file:///Users/jim/work/v2superbikeshed/Trikeshed/src/commonMain/kotlin/borg/trikeshed/couchdb/CouchProtocol.kt:165:2 Illegal annotation class 'Serializable'.
e: file:///Users/jim/work/v2superbikeshed/Trikeshed/src/commonMain/kotlin/borg/trikeshed/couchdb/CouchProtocol.kt:171:2 Cannot access 'expect interface Serializable : Any': it is internal in file.
e: file:///Users/jim/work/v2superbikeshed/Trikeshed/src/commonMain/kotlin/borg/trikeshed/couchdb/CouchProtocol.kt:171:2 Illegal annotation class 'Serializable'.
e: file:///Users/jim/work/v2superbikeshed/Trikeshed/src/commonMain/kotlin/borg/trikeshed/couchdb/CouchProtocol.kt:181:32 Unresolved reference 'buildJsonObject'.
e: file:///Users/jim/work/v2superbikeshed/Trikeshed/src/commonMain/kotlin/borg/trikeshed/couchdb/CouchProtocol.kt:182:9 Unresolved reference 'put'.
e: file:///Users/jim/work/v2superbikeshed/Trikeshed/src/commonMain/kotlin/borg/trikeshed/couchdb/CouchProtocol.kt:183:9 Unresolved reference 'put'.
e: file:///Users/jim/work/v2superbikeshed/Trikeshed/src/commonMain/kotlin/borg/trikeshed/couchdb/CouchProtocol.kt:184:9 Unresolved reference 'put'.
e: file:///Users/jim/work/v2superbikeshed/Trikeshed/src/commonMain/kotlin/borg/trikeshed/couchdb/CouchProtocol.kt:185:9 Unresolved reference 'put'.
e: file:///Users/jim/work/v2superbikeshed/Trikeshed/src/commonMain/kotlin/borg/trikeshed/couchdb/CouchProtocol.kt:186:17 Cannot infer type for this parameter. Specify it explicitly.
e: file:///Users/jim/work/v2superbikeshed/Trikeshed/src/commonMain/kotlin/borg/trikeshed/couchdb/CouchProtocol.kt:186:23 Unresolved reference 'put'.
e: file:///Users/jim/work/v2superbikeshed/Trikeshed/src/commonMain/kotlin/borg/trikeshed/couchdb/CouchProtocol.kt:187:23 Cannot infer type for this parameter. Specify it explicitly.
e: file:///Users/jim/work/v2superbikeshed/Trikeshed/src/commonMain/kotlin/borg/trikeshed/couchdb/CouchProtocol.kt:187:29 Unresolved reference 'put'.
e: file:///Users/jim/work/v2superbikeshed/Trikeshed/src/commonMain/kotlin/borg/trikeshed/couchdb/CouchProtocol.kt:188:18 Cannot infer type for this parameter. Specify it explicitly.
e: file:///Users/jim/work/v2superbikeshed/Trikeshed/src/commonMain/kotlin/borg/trikeshed/couchdb/CouchProtocol.kt:189:13 Unresolved reference 'putJsonArray'.
e: file:///Users/jim/work/v2superbikeshed/Trikeshed/src/commonMain/kotlin/borg/trikeshed/couchdb/CouchProtocol.kt:191:21 Unresolved reference 'add'.
e: file:///Users/jim/work/v2superbikeshed/Trikeshed/src/commonMain/kotlin/borg/trikeshed/couchdb/CouchProtocol.kt:198:2 Cannot access 'expect interface Serializable : Any': it is internal in file.
e: file:///Users/jim/work/v2superbikeshed/Trikeshed/src/commonMain/kotlin/borg/trikeshed/couchdb/CouchProtocol.kt:198:2 Illegal annotation class 'Serializable'.
e: file:///Users/jim/work/v2superbikeshed/Trikeshed/src/commonMain/kotlin/borg/trikeshed/couchdb/CouchProtocol.kt:206:2 Cannot access 'expect interface Serializable : Any': it is internal in file.
e: file:///Users/jim/work/v2superbikeshed/Trikeshed/src/commonMain/kotlin/borg/trikeshed/couchdb/CouchProtocol.kt:206:2 Illegal annotation class 'Serializable'.
e: file:///Users/jim/work/v2superbikeshed/Trikeshed/src/commonMain/kotlin/borg/trikeshed/couchdb/CouchProtocol.kt:222:2 Cannot access 'expect interface Serializable : Any': it is internal in file.
e: file:///Users/jim/work/v2superbikeshed/Trikeshed/src/commonMain/kotlin/borg/trikeshed/couchdb/CouchProtocol.kt:222:2 Illegal annotation class 'Serializable'.
e: file:///Users/jim/work/v2superbikeshed/Trikeshed/src/commonMain/kotlin/borg/trikeshed/couchdb/CouchProtocol.kt:224:6 Unresolved reference 'SerialName'.
e: file:///Users/jim/work/v2superbikeshed/Trikeshed/src/commonMain/kotlin/borg/trikeshed/couchdb/CouchProtocol.kt:225:6 Unresolved reference 'SerialName'.
e: file:///Users/jim/work/v2superbikeshed/Trikeshed/src/commonMain/kotlin/borg/trikeshed/couchdb/CouchProtocol.kt:233:42 Unresolved reference 'emptyIndex'.
e: file:///Users/jim/work/v2superbikeshed/Trikeshed/src/commonMain/kotlin/borg/trikeshed/couchdb/CouchProtocol.kt:237:2 Cannot access 'expect interface Serializable : Any': it is internal in file.
e: file:///Users/jim/work/v2superbikeshed/Trikeshed/src/commonMain/kotlin/borg/trikeshed/couchdb/CouchProtocol.kt:237:2 Illegal annotation class 'Serializable'.
e: file:///Users/jim/work/v2superbikeshed/Trikeshed/src/commonMain/kotlin/borg/trikeshed/couchdb/CouchProtocol.kt:243:2 Cannot access 'expect interface Serializable : Any': it is internal in file.
e: file:///Users/jim/work/v2superbikeshed/Trikeshed/src/commonMain/kotlin/borg/trikeshed/couchdb/CouchProtocol.kt:243:2 Illegal annotation class 'Serializable'.
e: file:///Users/jim/work/v2superbikeshed/Trikeshed/src/commonMain/kotlin/borg/trikeshed/couchdb/CouchProtocol.kt:252:11 Redeclaration:
class CouchClient : Any
e: file:///Users/jim/work/v2superbikeshed/Trikeshed/src/commonMain/kotlin/borg/trikeshed/couchdb/CouchProtocol.kt:271:21 Unresolved reference 'JsonElement'.
e: file:///Users/jim/work/v2superbikeshed/Trikeshed/src/commonMain/kotlin/borg/trikeshed/couchdb/CouchProtocol.kt:271:34 Unresolved reference 'JsonElement'.
e: file:///Users/jim/work/v2superbikeshed/Trikeshed/src/commonMain/kotlin/borg/trikeshed/crypto/CommonCrypto.kt:237:40 Argument type mismatch: actual type is 'T? (of fun <T> Join<Int, Function1<Int, Join<Any?, TypeMemento>>>.get)', but 'K (of fun <K> WHEN_CALL)' was expected.
e: file:///Users/jim/work/v2superbikeshed/Trikeshed/src/commonMain/kotlin/borg/trikeshed/crypto/CommonCrypto.kt:237:40 Argument type mismatch: actual type is 'Join<Int, Function1<Int, Join<Any?, TypeMemento>>>', but 'Join<Int, Function1<Int, Byte>>' was expected.
e: file:///Users/jim/work/v2superbikeshed/Trikeshed/src/commonMain/kotlin/borg/trikeshed/crypto/CommonCrypto.kt:237:40 Cannot infer type for this parameter. Specify it explicitly.
e: file:///Users/jim/work/v2superbikeshed/Trikeshed/src/commonMain/kotlin/borg/trikeshed/crypto/CommonCrypto.kt:237:40 Unresolved reference. None of the following candidates is applicable because of a receiver type mismatch:
fun <T> Join<Int, Function1<Int, Join<Any?, TypeMemento>>>.get(column: Column<T>): T?
e: file:///Users/jim/work/v2superbikeshed/Trikeshed/src/commonMain/kotlin/borg/trikeshed/crypto/CommonCrypto.kt:238:22 Argument type mismatch: actual type is 'T? (of fun <T> Join<Int, Function1<Int, Join<Any?, TypeMemento>>>.get)', but 'K (of fun <K> WHEN_CALL)' was expected.
e: file:///Users/jim/work/v2superbikeshed/Trikeshed/src/commonMain/kotlin/borg/trikeshed/crypto/CommonCrypto.kt:238:22 Argument type mismatch: actual type is 'Join<Int, Function1<Int, Join<Any?, TypeMemento>>>', but 'Join<Int, Function1<Int, Byte>>' was expected.
e: file:///Users/jim/work/v2superbikeshed/Trikeshed/src/commonMain/kotlin/borg/trikeshed/crypto/CommonCrypto.kt:238:22 Cannot infer type for this parameter. Specify it explicitly.
e: file:///Users/jim/work/v2superbikeshed/Trikeshed/src/commonMain/kotlin/borg/trikeshed/crypto/CommonCrypto.kt:238:22 Unresolved reference. None of the following candidates is applicable because of a receiver type mismatch:
fun <T> Join<Int, Function1<Int, Join<Any?, TypeMemento>>>.get(column: Column<T>): T?
e: file:///Users/jim/work/v2superbikeshed/Trikeshed/src/commonMain/kotlin/borg/trikeshed/crypto/CommonCrypto.kt:393:26 Argument type mismatch: actual type is 'T? (of fun <T> Join<Int, Function1<Int, Join<Any?, TypeMemento>>>.get)', but 'Byte' was expected.
e: file:///Users/jim/work/v2superbikeshed/Trikeshed/src/commonMain/kotlin/borg/trikeshed/crypto/CommonCrypto.kt:393:26 Cannot infer type for this parameter. Specify it explicitly.
e: file:///Users/jim/work/v2superbikeshed/Trikeshed/src/commonMain/kotlin/borg/trikeshed/crypto/CommonCrypto.kt:393:26 Unresolved reference. None of the following candidates is applicable because of a receiver type mismatch:
fun <T> Join<Int, Function1<Int, Join<Any?, TypeMemento>>>.get(column: Column<T>): T?
e: file:///Users/jim/work/v2superbikeshed/Trikeshed/src/commonMain/kotlin/borg/trikeshed/cursor/ColumnMeta.kt:12:13 Redeclaration:
data class ColumnMeta : Any
e: file:///Users/jim/work/v2superbikeshed/Trikeshed/src/commonMain/kotlin/borg/trikeshed/cursor/ColumnMeta.kt:30:12 Redeclaration:
class ColumnMeta : Any
e: file:///Users/jim/work/v2superbikeshed/Trikeshed/src/commonMain/kotlin/borg/trikeshed/cursor/Cursor.kt:69:12 Return type mismatch: expected 'Join<Int, Function1<Int, Join<Any?, Function0<ColumnMeta>>>>', actual 'Join<Int, Function1<Int, RowVec>>'.
e: file:///Users/jim/work/v2superbikeshed/Trikeshed/src/commonMain/kotlin/borg/trikeshed/cursor/Cursor.kt:73:53 Overload resolution ambiguity between candidates:
fun <X, C, V : Join<Int, Function1<Int, X>>> V.α(crossinline xform: (X) -> C): Join<Int, Function1<Int, C>>
fun <X, C, V : Join<Int, Function1<Int, X>>> V.α(crossinline xform: (X) -> C): Join<Int, Function1<Int, C>>
e: file:///Users/jim/work/v2superbikeshed/Trikeshed/src/commonMain/kotlin/borg/trikeshed/cursor/Cursor.kt:73:57 Cannot infer type for this parameter. Specify it explicitly.
e: file:///Users/jim/work/v2superbikeshed/Trikeshed/src/commonMain/kotlin/borg/trikeshed/cursor/Cursor.kt:73:68 Cannot infer type for this parameter. Specify it explicitly.
e: file:///Users/jim/work/v2superbikeshed/Trikeshed/src/commonMain/kotlin/borg/trikeshed/cursor/Cursor.kt:73:68 Not enough information to infer type argument for 'X'.
e: file:///Users/jim/work/v2superbikeshed/Trikeshed/src/commonMain/kotlin/borg/trikeshed/cursor/Cursor.kt:73:68 Not enough information to infer type argument for 'C'.
e: file:///Users/jim/work/v2superbikeshed/Trikeshed/src/commonMain/kotlin/borg/trikeshed/cursor/Cursor.kt:73:70 Cannot infer type for this parameter. Specify it explicitly.
e: file:///Users/jim/work/v2superbikeshed/Trikeshed/src/commonMain/kotlin/borg/trikeshed/cursor/Cursor.kt:73:75 Unresolved reference 'a'.
e: file:///Users/jim/work/v2superbikeshed/Trikeshed/src/commonMain/kotlin/borg/trikeshed/cursor/Cursor.kt:89:29 Argument type mismatch: actual type is 'Join<Int, Function1<Int, RowVec>>', but 'Join<Int, Function1<Int, Join<Any?, Function0<ColumnMeta>>>>' was expected.
e: file:///Users/jim/work/v2superbikeshed/Trikeshed/src/commonMain/kotlin/borg/trikeshed/cursor/Cursor.kt:103:17 Overload resolution ambiguity between candidates:
fun <X, C, V : Join<Int, Function1<Int, X>>> V.α(crossinline xform: (X) -> C): Join<Int, Function1<Int, C>>
fun <X, C, V : Join<Int, Function1<Int, X>>> V.α(crossinline xform: (X) -> C): Join<Int, Function1<Int, C>>
e: file:///Users/jim/work/v2superbikeshed/Trikeshed/src/commonMain/kotlin/borg/trikeshed/cursor/Cursor.kt:103:21 Cannot infer type for this parameter. Specify it explicitly.
e: file:///Users/jim/work/v2superbikeshed/Trikeshed/src/commonMain/kotlin/borg/trikeshed/cursor/Cursor.kt:104:25 Cannot infer type for this parameter. Specify it explicitly.
e: file:///Users/jim/work/v2superbikeshed/Trikeshed/src/commonMain/kotlin/borg/trikeshed/cursor/Cursor.kt:104:25 Not enough information to infer type argument for 'B'.
e: file:///Users/jim/work/v2superbikeshed/Trikeshed/src/commonMain/kotlin/borg/trikeshed/cursor/Cursor.kt:104:29 Cannot infer type for this parameter. Specify it explicitly.
e: file:///Users/jim/work/v2superbikeshed/Trikeshed/src/commonMain/kotlin/borg/trikeshed/cursor/Cursor.kt:106:36 Cannot infer type for this parameter. Specify it explicitly.
e: file:///Users/jim/work/v2superbikeshed/Trikeshed/src/commonMain/kotlin/borg/trikeshed/cursor/Cursor.kt:106:36 Not enough information to infer type argument for 'T'.
e: file:///Users/jim/work/v2superbikeshed/Trikeshed/src/commonMain/kotlin/borg/trikeshed/cursor/Cursor.kt:128:21 None of the following candidates is applicable:
fun Join<Int, Function1<Int, RowVec>>.get(rowRange: IntRange): Join<Int, Function1<Int, RowVec>>
fun Join<Int, Function1<Int, RowVec>>.get(vararg colIndices: Int): Join<Int, Function1<Int, RowVec>>
e: file:///Users/jim/work/v2superbikeshed/Trikeshed/src/commonMain/kotlin/borg/trikeshed/cursor/Cursor.kt:129:35 Cannot infer type for this parameter. Specify it explicitly.
e: file:///Users/jim/work/v2superbikeshed/Trikeshed/src/commonMain/kotlin/borg/trikeshed/cursor/Cursor.kt:129:35 Not enough information to infer type argument for 'B'.
e: file:///Users/jim/work/v2superbikeshed/Trikeshed/src/commonMain/kotlin/borg/trikeshed/cursor/Cursor.kt:129:39 Cannot infer type for this parameter. Specify it explicitly.
e: file:///Users/jim/work/v2superbikeshed/Trikeshed/src/commonMain/kotlin/borg/trikeshed/cursor/Cursor.kt:129:44 None of the following candidates is applicable:
fun Join<Int, Function1<Int, RowVec>>.get(rowRange: IntRange): Join<Int, Function1<Int, RowVec>>
fun Join<Int, Function1<Int, RowVec>>.get(vararg colIndices: Int): Join<Int, Function1<Int, RowVec>>
fun Join<Cursor, Indexed<ColumnMeta>>.get(vararg columnNames: String): Join<Cursor, Indexed<ColumnMeta>>
e: file:///Users/jim/work/v2superbikeshed/Trikeshed/src/commonMain/kotlin/borg/trikeshed/cursor/Cursor.kt:131:22 Cannot infer type for this parameter. Specify it explicitly.
e: file:///Users/jim/work/v2superbikeshed/Trikeshed/src/commonMain/kotlin/borg/trikeshed/cursor/Cursor.kt:131:22 Unresolved reference. None of the following candidates is applicable because of a receiver type mismatch:
fun <A, B> A.j(b: B): Join<A, B>
e: file:///Users/jim/work/v2superbikeshed/Trikeshed/src/commonMain/kotlin/borg/trikeshed/cursor/Cursor.kt:156:28 Prohibited vararg parameter type 'ColumnExclusion'.
e: file:///Users/jim/work/v2superbikeshed/Trikeshed/src/commonMain/kotlin/borg/trikeshed/cursor/Cursor.kt:165:21 None of the following candidates is applicable:
fun Join<Int, Function1<Int, RowVec>>.get(rowRange: IntRange): Join<Int, Function1<Int, RowVec>>
fun Join<Int, Function1<Int, RowVec>>.get(vararg colIndices: Int): Join<Int, Function1<Int, RowVec>>
e: file:///Users/jim/work/v2superbikeshed/Trikeshed/src/commonMain/kotlin/borg/trikeshed/cursor/Cursor.kt:166:40 Cannot infer type for this parameter. Specify it explicitly.
e: file:///Users/jim/work/v2superbikeshed/Trikeshed/src/commonMain/kotlin/borg/trikeshed/cursor/Cursor.kt:166:40 Not enough information to infer type argument for 'B'.
e: file:///Users/jim/work/v2superbikeshed/Trikeshed/src/commonMain/kotlin/borg/trikeshed/cursor/Cursor.kt:166:44 Cannot infer type for this parameter. Specify it explicitly.
e: file:///Users/jim/work/v2superbikeshed/Trikeshed/src/commonMain/kotlin/borg/trikeshed/cursor/Cursor.kt:166:49 None of the following candidates is applicable:
fun Join<Int, Function1<Int, RowVec>>.get(rowRange: IntRange): Join<Int, Function1<Int, RowVec>>
fun Join<Int, Function1<Int, RowVec>>.get(vararg colIndices: Int): Join<Int, Function1<Int, RowVec>>
fun Join<Cursor, Indexed<ColumnMeta>>.get(vararg columnNames: String): Join<Cursor, Indexed<ColumnMeta>>
e: file:///Users/jim/work/v2superbikeshed/Trikeshed/src/commonMain/kotlin/borg/trikeshed/cursor/Cursor.kt:168:22 Cannot infer type for this parameter. Specify it explicitly.
e: file:///Users/jim/work/v2superbikeshed/Trikeshed/src/commonMain/kotlin/borg/trikeshed/cursor/Cursor.kt:168:22 Unresolved reference. None of the following candidates is applicable because of a receiver type mismatch:
fun <A, B> A.j(b: B): Join<A, B>
e: file:///Users/jim/work/v2superbikeshed/Trikeshed/src/commonMain/kotlin/borg/trikeshed/cursor/Cursor.kt:178:1 Conflicting overloads:
fun Join<Int, Function1<Int, RowVec>>.head(last: Int = ...): Unit
e: file:///Users/jim/work/v2superbikeshed/Trikeshed/src/commonMain/kotlin/borg/trikeshed/cursor/Cursor.kt:195:1 Conflicting overloads:
fun Join<Int, Function1<Int, RowVec>>.head(count: Int = ...): Unit
e: file:///Users/jim/work/v2superbikeshed/Trikeshed/src/commonMain/kotlin/borg/trikeshed/cursor/Cursor.kt:195:40 Unresolved reference. None of the following candidates is applicable because of a receiver type mismatch:
fun Join<Cursor, Indexed<ColumnMeta>>.show(range: IntRange = ...): Unit
e: file:///Users/jim/work/v2superbikeshed/Trikeshed/src/commonMain/kotlin/borg/trikeshed/cursor/Cursor.kt:199:5 Overload resolution ambiguity between candidates:
fun Join<Int, Function1<Int, RowVec>>.head(count: Int = ...): Unit
fun Join<Int, Function1<Int, RowVec>>.head(last: Int = ...): Unit
e: file:///Users/jim/work/v2superbikeshed/Trikeshed/src/commonMain/kotlin/borg/trikeshed/cursor/Cursor.kt:200:23 Unresolved reference. None of the following candidates is applicable because of a receiver type mismatch:
fun Join<Cursor, Indexed<ColumnMeta>>.showValues(range: IntRange): Unit
e: file:///Users/jim/work/v2superbikeshed/Trikeshed/src/commonMain/kotlin/borg/trikeshed/cursor/Cursor.kt:236:27 Unresolved reference 'IoByte'.
e: file:///Users/jim/work/v2superbikeshed/Trikeshed/src/commonMain/kotlin/borg/trikeshed/cursor/Cursor.kt:236:45 Unresolved reference 'IoShort'.
e: file:///Users/jim/work/v2superbikeshed/Trikeshed/src/commonMain/kotlin/borg/trikeshed/cursor/Cursor.kt:236:64 Unresolved reference 'IoInt'.
e: file:///Users/jim/work/v2superbikeshed/Trikeshed/src/commonMain/kotlin/borg/trikeshed/cursor/Cursor.kt:237:27 Unresolved reference 'IoFloat'.
e: file:///Users/jim/work/v2superbikeshed/Trikeshed/src/commonMain/kotlin/borg/trikeshed/cursor/Cursor.kt:237:46 Unresolved reference 'IoDouble'.
e: file:///Users/jim/work/v2superbikeshed/Trikeshed/src/commonMain/kotlin/borg/trikeshed/cursor/Cursor.kt:237:66 Unresolved reference 'IoLong'.
e: file:///Users/jim/work/v2superbikeshed/Trikeshed/src/commonMain/kotlin/borg/trikeshed/cursor/Cursor.kt:247:25 None of the following candidates is applicable:
fun Join<Int, Function1<Int, RowVec>>.get(rowRange: IntRange): Join<Int, Function1<Int, RowVec>>
fun Join<Int, Function1<Int, RowVec>>.get(vararg colIndices: Int): Join<Int, Function1<Int, RowVec>>
fun Join<Cursor, Indexed<ColumnMeta>>.get(vararg columnNames: String): Join<Cursor, Indexed<ColumnMeta>>
e: file:///Users/jim/work/v2superbikeshed/Trikeshed/src/commonMain/kotlin/borg/trikeshed/cursor/Cursor.kt:247:33 Unresolved reference 'type'.
e: file:///Users/jim/work/v2superbikeshed/Trikeshed/src/commonMain/kotlin/borg/trikeshed/cursor/Cursor.kt:261:103 Unresolved reference 'KClass'.
e: file:///Users/jim/work/v2superbikeshed/Trikeshed/src/commonMain/kotlin/borg/trikeshed/cursor/Cursor.kt:262:8 Unresolved reference 'KClass'.
e: file:///Users/jim/work/v2superbikeshed/Trikeshed/src/commonMain/kotlin/borg/trikeshed/cursor/Cursor.kt:263:32 Overload resolution ambiguity between candidates:
fun <X, C, V : Join<Int, Function1<Int, X>>> V.α(crossinline xform: (X) -> C): Join<Int, Function1<Int, C>>
fun <X, C, V : Join<Int, Function1<Int, X>>> V.α(crossinline xform: (X) -> C): Join<Int, Function1<Int, C>>
e: file:///Users/jim/work/v2superbikeshed/Trikeshed/src/commonMain/kotlin/borg/trikeshed/cursor/Cursor.kt:263:36 Unresolved reference 'it'.
e: file:///Users/jim/work/v2superbikeshed/Trikeshed/src/commonMain/kotlin/borg/trikeshed/cursor/Cursor.kt:263:57 Cannot infer type for this parameter. Specify it explicitly.
e: file:///Users/jim/work/v2superbikeshed/Trikeshed/src/commonMain/kotlin/borg/trikeshed/cursor/Cursor.kt:263:57 Not enough information to infer type argument for 'X'.
e: file:///Users/jim/work/v2superbikeshed/Trikeshed/src/commonMain/kotlin/borg/trikeshed/cursor/Cursor.kt:263:57 Not enough information to infer type argument for 'C'.
e: file:///Users/jim/work/v2superbikeshed/Trikeshed/src/commonMain/kotlin/borg/trikeshed/cursor/Cursor.kt:263:59 Cannot infer type for this parameter. Specify it explicitly.
e: file:///Users/jim/work/v2superbikeshed/Trikeshed/src/commonMain/kotlin/borg/trikeshed/cursor/Cursor.kt:263:79 Unresolved reference 'it'.
e: file:///Users/jim/work/v2superbikeshed/Trikeshed/src/commonMain/kotlin/borg/trikeshed/cursor/Cursor.kt:263:82 Cannot infer type for this parameter. Specify it explicitly.
e: file:///Users/jim/work/v2superbikeshed/Trikeshed/src/commonMain/kotlin/borg/trikeshed/cursor/Cursor.kt:263:84 Cannot infer type for this parameter. Specify it explicitly.
e: file:///Users/jim/work/v2superbikeshed/Trikeshed/src/commonMain/kotlin/borg/trikeshed/dht/gossip/GossipService.kt:138:30 Cannot infer type for this parameter. Specify it explicitly.
e: file:///Users/jim/work/v2superbikeshed/Trikeshed/src/commonMain/kotlin/borg/trikeshed/dht/gossip/GossipService.kt:138:30 Unresolved reference. None of the following candidates is applicable because of a receiver type mismatch:
fun <T> Join<Int, Function1<Int, Join<Any?, TypeMemento>>>.get(column: Column<T>): T?
e: file:///Users/jim/work/v2superbikeshed/Trikeshed/src/commonMain/kotlin/borg/trikeshed/dht/gossip/GossipService.kt:149:30 Cannot infer type for this parameter. Specify it explicitly.
e: file:///Users/jim/work/v2superbikeshed/Trikeshed/src/commonMain/kotlin/borg/trikeshed/dht/gossip/GossipService.kt:149:30 Unresolved reference. None of the following candidates is applicable because of a receiver type mismatch:
fun <T> Join<Int, Function1<Int, Join<Any?, TypeMemento>>>.get(column: Column<T>): T?
e: file:///Users/jim/work/v2superbikeshed/Trikeshed/src/commonMain/kotlin/borg/trikeshed/dht/integration/DHTQuicIntegration.kt:44:27 Unresolved reference 'ReactorNetwork'.
e: file:///Users/jim/work/v2superbikeshed/Trikeshed/src/commonMain/kotlin/borg/trikeshed/dht/integration/DHTQuicIntegration.kt:45:45 No type arguments expected for class Reactor : Any.
e: file:///Users/jim/work/v2superbikeshed/Trikeshed/src/commonMain/kotlin/borg/trikeshed/dht/integration/DHTQuicIntegration.kt:56:70 Argument type mismatch: actual type is 'Join<Int, Function1<Int, Join<Any?, TypeMemento>>>', but 'Join<Int, Function1<Int, Byte>>' was expected.
e: file:///Users/jim/work/v2superbikeshed/Trikeshed/src/commonMain/kotlin/borg/trikeshed/dht/integration/DHTQuicIntegration.kt:56:70 Cannot infer type for this parameter. Specify it explicitly.
e: file:///Users/jim/work/v2superbikeshed/Trikeshed/src/commonMain/kotlin/borg/trikeshed/dht/integration/DHTQuicIntegration.kt:56:70 Unresolved reference. None of the following candidates is applicable because of a receiver type mismatch:
fun <T> Join<Int, Function1<Int, Join<Any?, TypeMemento>>>.get(column: Column<T>): T?
e: file:///Users/jim/work/v2superbikeshed/Trikeshed/src/commonMain/kotlin/borg/trikeshed/dht/integration/DHTQuicIntegration.kt:84:33 No type arguments expected for constructor(dispatcher: CoroutineDispatcher = ..., numSelectorThreads: Int = ...): Reactor.
e: file:///Users/jim/work/v2superbikeshed/Trikeshed/src/commonMain/kotlin/borg/trikeshed/dht/integration/DHTQuicIntegration.kt:84:49 Argument type mismatch: actual type is 'String', but 'CoroutineDispatcher' was expected.
e: file:///Users/jim/work/v2superbikeshed/Trikeshed/src/commonMain/kotlin/borg/trikeshed/dht/integration/DHTQuicIntegration.kt:85:24 Unresolved reference 'on'.
e: file:///Users/jim/work/v2superbikeshed/Trikeshed/src/commonMain/kotlin/borg/trikeshed/dht/integration/DHTQuicIntegration.kt:85:48 Cannot infer type for this parameter. Specify it explicitly.
e: file:///Users/jim/work/v2superbikeshed/Trikeshed/src/commonMain/kotlin/borg/trikeshed/dht/integration/DHTQuicIntegration.kt:86:17 Suspension functions can only be called within coroutine body.
e: file:///Users/jim/work/v2superbikeshed/Trikeshed/src/commonMain/kotlin/borg/trikeshed/dht/integration/DHTQuicIntegration.kt:86:38 Unresolved reference 'data'.
e: file:///Users/jim/work/v2superbikeshed/Trikeshed/src/commonMain/kotlin/borg/trikeshed/dht/integration/DHTQuicIntegration.kt:108:24 Cannot infer type for this parameter. Specify it explicitly.
e: file:///Users/jim/work/v2superbikeshed/Trikeshed/src/commonMain/kotlin/borg/trikeshed/dht/integration/DHTQuicIntegration.kt:108:24 Unresolved reference. None of the following candidates is applicable because of a receiver type mismatch:
fun <T> Join<Int, Function1<Int, Join<Any?, TypeMemento>>>.get(column: Column<T>): T?
e: file:///Users/jim/work/v2superbikeshed/Trikeshed/src/commonMain/kotlin/borg/trikeshed/dht/integration/DHTQuicIntegration.kt:109:22 Unresolved reference 'nodeId'.
e: file:///Users/jim/work/v2superbikeshed/Trikeshed/src/commonMain/kotlin/borg/trikeshed/dht/integration/DHTQuicIntegration.kt:111:35 Unresolved reference 'nodeId'.
e: file:///Users/jim/work/v2superbikeshed/Trikeshed/src/commonMain/kotlin/borg/trikeshed/dht/integration/DHTQuicIntegration.kt:162:24 Unresolved reference 'emit'.
e: file:///Users/jim/work/v2superbikeshed/Trikeshed/src/commonMain/kotlin/borg/trikeshed/dht/integration/DHTQuicIntegration.kt:239:24 Cannot infer type for this parameter. Specify it explicitly.
e: file:///Users/jim/work/v2superbikeshed/Trikeshed/src/commonMain/kotlin/borg/trikeshed/dht/integration/DHTQuicIntegration.kt:239:24 Unresolved reference. None of the following candidates is applicable because of a receiver type mismatch:
fun <T> Join<Int, Function1<Int, Join<Any?, TypeMemento>>>.get(column: Column<T>): T?
e: file:///Users/jim/work/v2superbikeshed/Trikeshed/src/commonMain/kotlin/borg/trikeshed/dht/integration/DHTQuicIntegration.kt:250:38 Unresolved reference 'nodeId'.
e: file:///Users/jim/work/v2superbikeshed/Trikeshed/src/commonMain/kotlin/borg/trikeshed/dht/integration/DHTQuicIntegration.kt:268:24 Cannot infer type for this parameter. Specify it explicitly.
e: file:///Users/jim/work/v2superbikeshed/Trikeshed/src/commonMain/kotlin/borg/trikeshed/dht/integration/DHTQuicIntegration.kt:268:24 Unresolved reference. None of the following candidates is applicable because of a receiver type mismatch:
fun <T> Join<Int, Function1<Int, Join<Any?, TypeMemento>>>.get(column: Column<T>): T?
e: file:///Users/jim/work/v2superbikeshed/Trikeshed/src/commonMain/kotlin/borg/trikeshed/dht/integration/DHTQuicIntegration.kt:278:34 Unresolved reference 'nodeId'.
e: file:///Users/jim/work/v2superbikeshed/Trikeshed/src/commonMain/kotlin/borg/trikeshed/dht/integration/DHTQuicIntegration.kt:344:24 Cannot infer type for this parameter. Specify it explicitly.
e: file:///Users/jim/work/v2superbikeshed/Trikeshed/src/commonMain/kotlin/borg/trikeshed/dht/integration/DHTQuicIntegration.kt:344:24 Unresolved reference. None of the following candidates is applicable because of a receiver type mismatch:
fun <T> Join<Int, Function1<Int, Join<Any?, TypeMemento>>>.get(column: Column<T>): T?
e: file:///Users/jim/work/v2superbikeshed/Trikeshed/src/commonMain/kotlin/borg/trikeshed/dht/integration/DHTQuicIntegration.kt:471:67 Argument type mismatch: actual type is 'Byte?', but 'Byte' was expected.
e: file:///Users/jim/work/v2superbikeshed/Trikeshed/src/commonMain/kotlin/borg/trikeshed/dht/integration/DHTQuicIntegration.kt:471:67 Unresolved reference. None of the following candidates is applicable because of a receiver type mismatch:
fun <T> Join<Int, Function1<Int, Join<Any?, TypeMemento>>>.get(column: Column<T>): T?
e: file:///Users/jim/work/v2superbikeshed/Trikeshed/src/commonMain/kotlin/borg/trikeshed/dht/kademlia/codec/KademliaCodec.kt:55:70 Argument type mismatch: actual type is 'Byte?', but 'Byte' was expected.
e: file:///Users/jim/work/v2superbikeshed/Trikeshed/src/commonMain/kotlin/borg/trikeshed/dht/kademlia/codec/KademliaCodec.kt:55:70 Unresolved reference. None of the following candidates is applicable because of a receiver type mismatch:
fun <T> Join<Int, Function1<Int, Join<Any?, TypeMemento>>>.get(column: Column<T>): T?
e: file:///Users/jim/work/v2superbikeshed/Trikeshed/src/commonMain/kotlin/borg/trikeshed/dht/kademlia/codec/KademliaCodec.kt:56:76 Argument type mismatch: actual type is 'Byte?', but 'Byte' was expected.
e: file:///Users/jim/work/v2superbikeshed/Trikeshed/src/commonMain/kotlin/borg/trikeshed/dht/kademlia/codec/KademliaCodec.kt:56:76 Unresolved reference. None of the following candidates is applicable because of a receiver type mismatch:
fun <T> Join<Int, Function1<Int, Join<Any?, TypeMemento>>>.get(column: Column<T>): T?
e: file:///Users/jim/work/v2superbikeshed/Trikeshed/src/commonMain/kotlin/borg/trikeshed/dht/kademlia/codec/KademliaCodec.kt:61:84 Argument type mismatch: actual type is 'Byte?', but 'Byte' was expected.
e: file:///Users/jim/work/v2superbikeshed/Trikeshed/src/commonMain/kotlin/borg/trikeshed/dht/kademlia/codec/KademliaCodec.kt:61:84 Unresolved reference. None of the following candidates is applicable because of a receiver type mismatch:
fun <T> Join<Int, Function1<Int, Join<Any?, TypeMemento>>>.get(column: Column<T>): T?
e: file:///Users/jim/work/v2superbikeshed/Trikeshed/src/commonMain/kotlin/borg/trikeshed/dht/kademlia/codec/KademliaCodec.kt:65:102 Argument type mismatch: actual type is 'Byte?', but 'Byte' was expected.
e: file:///Users/jim/work/v2superbikeshed/Trikeshed/src/commonMain/kotlin/borg/trikeshed/dht/kademlia/codec/KademliaCodec.kt:65:102 Unresolved reference. None of the following candidates is applicable because of a receiver type mismatch:
fun <T> Join<Int, Function1<Int, Join<Any?, TypeMemento>>>.get(column: Column<T>): T?
e: file:///Users/jim/work/v2superbikeshed/Trikeshed/src/commonMain/kotlin/borg/trikeshed/dht/kademlia/codec/KademliaCodec.kt:66:96 Argument type mismatch: actual type is 'Byte?', but 'Byte' was expected.
e: file:///Users/jim/work/v2superbikeshed/Trikeshed/src/commonMain/kotlin/borg/trikeshed/dht/kademlia/codec/KademliaCodec.kt:66:96 Unresolved reference. None of the following candidates is applicable because of a receiver type mismatch:
fun <T> Join<Int, Function1<Int, Join<Any?, TypeMemento>>>.get(column: Column<T>): T?
e: file:///Users/jim/work/v2superbikeshed/Trikeshed/src/commonMain/kotlin/borg/trikeshed/dht/kademlia/codec/KademliaCodec.kt:71:84 Argument type mismatch: actual type is 'Byte?', but 'Byte' was expected.
e: file:///Users/jim/work/v2superbikeshed/Trikeshed/src/commonMain/kotlin/borg/trikeshed/dht/kademlia/codec/KademliaCodec.kt:71:84 Unresolved reference. None of the following candidates is applicable because of a receiver type mismatch:
fun <T> Join<Int, Function1<Int, Join<Any?, TypeMemento>>>.get(column: Column<T>): T?
e: file:///Users/jim/work/v2superbikeshed/Trikeshed/src/commonMain/kotlin/borg/trikeshed/dht/kademlia/codec/KademliaCodec.kt:76:102 Argument type mismatch: actual type is 'Byte?', but 'Byte' was expected.
e: file:///Users/jim/work/v2superbikeshed/Trikeshed/src/commonMain/kotlin/borg/trikeshed/dht/kademlia/codec/KademliaCodec.kt:76:102 Unresolved reference. None of the following candidates is applicable because of a receiver type mismatch:
fun <T> Join<Int, Function1<Int, Join<Any?, TypeMemento>>>.get(column: Column<T>): T?
e: file:///Users/jim/work/v2superbikeshed/Trikeshed/src/commonMain/kotlin/borg/trikeshed/dht/kademlia/codec/KademliaCodec.kt:77:84 Argument type mismatch: actual type is 'Byte?', but 'Byte' was expected.
e: file:///Users/jim/work/v2superbikeshed/Trikeshed/src/commonMain/kotlin/borg/trikeshed/dht/kademlia/codec/KademliaCodec.kt:77:84 Unresolved reference. None of the following candidates is applicable because of a receiver type mismatch:
fun <T> Join<Int, Function1<Int, Join<Any?, TypeMemento>>>.get(column: Column<T>): T?
e: file:///Users/jim/work/v2superbikeshed/Trikeshed/src/commonMain/kotlin/borg/trikeshed/dht/kademlia/codec/KademliaCodec.kt:80:76 Argument type mismatch: actual type is 'Byte?', but 'Byte' was expected.
e: file:///Users/jim/work/v2superbikeshed/Trikeshed/src/commonMain/kotlin/borg/trikeshed/dht/kademlia/codec/KademliaCodec.kt:80:76 Unresolved reference. None of the following candidates is applicable because of a receiver type mismatch:
fun <T> Join<Int, Function1<Int, Join<Any?, TypeMemento>>>.get(column: Column<T>): T?
e: file:///Users/jim/work/v2superbikeshed/Trikeshed/src/commonMain/kotlin/borg/trikeshed/dht/kademlia/codec/KademliaCodec.kt:84:79 Argument type mismatch: actual type is 'Byte?', but 'Byte' was expected.
e: file:///Users/jim/work/v2superbikeshed/Trikeshed/src/commonMain/kotlin/borg/trikeshed/dht/kademlia/codec/KademliaCodec.kt:84:79 Unresolved reference. None of the following candidates is applicable because of a receiver type mismatch:
fun <T> Join<Int, Function1<Int, Join<Any?, TypeMemento>>>.get(column: Column<T>): T?
e: file:///Users/jim/work/v2superbikeshed/Trikeshed/src/commonMain/kotlin/borg/trikeshed/dht/kademlia/codec/KademliaCodec.kt:91:63 Argument type mismatch: actual type is 'Byte?', but 'Byte' was expected.
e: file:///Users/jim/work/v2superbikeshed/Trikeshed/src/commonMain/kotlin/borg/trikeshed/dht/kademlia/codec/KademliaCodec.kt:91:63 Unresolved reference. None of the following candidates is applicable because of a receiver type mismatch:
fun <T> Join<Int, Function1<Int, Join<Any?, TypeMemento>>>.get(column: Column<T>): T?
e: file:///Users/jim/work/v2superbikeshed/Trikeshed/src/commonMain/kotlin/borg/trikeshed/dht/kademlia/codec/KademliaCodec.kt:92:67 Argument type mismatch: actual type is 'Byte?', but 'Byte' was expected.
e: file:///Users/jim/work/v2superbikeshed/Trikeshed/src/commonMain/kotlin/borg/trikeshed/dht/kademlia/codec/KademliaCodec.kt:92:67 Unresolved reference. None of the following candidates is applicable because of a receiver type mismatch:
fun <T> Join<Int, Function1<Int, Join<Any?, TypeMemento>>>.get(column: Column<T>): T?
e: file:///Users/jim/work/v2superbikeshed/Trikeshed/src/commonMain/kotlin/borg/trikeshed/dht/kademlia/codec/KademliaCodec.kt:97:102 Argument type mismatch: actual type is 'Byte?', but 'Byte' was expected.
e: file:///Users/jim/work/v2superbikeshed/Trikeshed/src/commonMain/kotlin/borg/trikeshed/dht/kademlia/codec/KademliaCodec.kt:97:102 Unresolved reference. None of the following candidates is applicable because of a receiver type mismatch:
fun <T> Join<Int, Function1<Int, Join<Any?, TypeMemento>>>.get(column: Column<T>): T?
e: file:///Users/jim/work/v2superbikeshed/Trikeshed/src/commonMain/kotlin/borg/trikeshed/dht/kademlia/codec/KademliaCodec.kt:98:63 Argument type mismatch: actual type is 'Byte?', but 'Byte' was expected.
e: file:///Users/jim/work/v2superbikeshed/Trikeshed/src/commonMain/kotlin/borg/trikeshed/dht/kademlia/codec/KademliaCodec.kt:98:63 Unresolved reference. None of the following candidates is applicable because of a receiver type mismatch:
fun <T> Join<Int, Function1<Int, Join<Any?, TypeMemento>>>.get(column: Column<T>): T?
e: file:///Users/jim/work/v2superbikeshed/Trikeshed/src/commonMain/kotlin/borg/trikeshed/dht/kademlia/codec/KademliaCodec.kt:103:63 Argument type mismatch: actual type is 'Byte?', but 'Byte' was expected.
e: file:///Users/jim/work/v2superbikeshed/Trikeshed/src/commonMain/kotlin/borg/trikeshed/dht/kademlia/codec/KademliaCodec.kt:103:63 Unresolved reference. None of the following candidates is applicable because of a receiver type mismatch:
fun <T> Join<Int, Function1<Int, Join<Any?, TypeMemento>>>.get(column: Column<T>): T?
e: file:///Users/jim/work/v2superbikeshed/Trikeshed/src/commonMain/kotlin/borg/trikeshed/dht/kademlia/codec/KademliaCodec.kt:107:102 Argument type mismatch: actual type is 'Byte?', but 'Byte' was expected.
e: file:///Users/jim/work/v2superbikeshed/Trikeshed/src/commonMain/kotlin/borg/trikeshed/dht/kademlia/codec/KademliaCodec.kt:107:102 Unresolved reference. None of the following candidates is applicable because of a receiver type mismatch:
fun <T> Join<Int, Function1<Int, Join<Any?, TypeMemento>>>.get(column: Column<T>): T?
e: file:///Users/jim/work/v2superbikeshed/Trikeshed/src/commonMain/kotlin/borg/trikeshed/dht/kademlia/codec/KademliaCodec.kt:108:63 Argument type mismatch: actual type is 'Byte?', but 'Byte' was expected.
e: file:///Users/jim/work/v2superbikeshed/Trikeshed/src/commonMain/kotlin/borg/trikeshed/dht/kademlia/codec/KademliaCodec.kt:108:63 Unresolved reference. None of the following candidates is applicable because of a receiver type mismatch:
fun <T> Join<Int, Function1<Int, Join<Any?, TypeMemento>>>.get(column: Column<T>): T?
e: file:///Users/jim/work/v2superbikeshed/Trikeshed/src/commonMain/kotlin/borg/trikeshed/dht/kademlia/codec/KademliaCodec.kt:109:67 Argument type mismatch: actual type is 'Byte?', but 'Byte' was expected.
e: file:///Users/jim/work/v2superbikeshed/Trikeshed/src/commonMain/kotlin/borg/trikeshed/dht/kademlia/codec/KademliaCodec.kt:109:67 Unresolved reference. None of the following candidates is applicable because of a receiver type mismatch:
fun <T> Join<Int, Function1<Int, Join<Any?, TypeMemento>>>.get(column: Column<T>): T?
e: file:///Users/jim/work/v2superbikeshed/Trikeshed/src/commonMain/kotlin/borg/trikeshed/dht/kademlia/codec/KademliaCodec.kt:112:76 Argument type mismatch: actual type is 'Byte?', but 'Byte' was expected.
e: file:///Users/jim/work/v2superbikeshed/Trikeshed/src/commonMain/kotlin/borg/trikeshed/dht/kademlia/codec/KademliaCodec.kt:112:76 Unresolved reference. None of the following candidates is applicable because of a receiver type mismatch:
fun <T> Join<Int, Function1<Int, Join<Any?, TypeMemento>>>.get(column: Column<T>): T?
e: file:///Users/jim/work/v2superbikeshed/Trikeshed/src/commonMain/kotlin/borg/trikeshed/dht/kademlia/codec/KademliaCodec.kt:116:79 Argument type mismatch: actual type is 'Byte?', but 'Byte' was expected.
e: file:///Users/jim/work/v2superbikeshed/Trikeshed/src/commonMain/kotlin/borg/trikeshed/dht/kademlia/codec/KademliaCodec.kt:116:79 Unresolved reference. None of the following candidates is applicable because of a receiver type mismatch:
fun <T> Join<Int, Function1<Int, Join<Any?, TypeMemento>>>.get(column: Column<T>): T?
e: file:///Users/jim/work/v2superbikeshed/Trikeshed/src/commonMain/kotlin/borg/trikeshed/dht/kademlia/codec/KademliaCodec.kt:123:88 Argument type mismatch: actual type is 'Byte?', but 'Byte' was expected.
e: file:///Users/jim/work/v2superbikeshed/Trikeshed/src/commonMain/kotlin/borg/trikeshed/dht/kademlia/codec/KademliaCodec.kt:123:88 Unresolved reference. None of the following candidates is applicable because of a receiver type mismatch:
fun <T> Join<Int, Function1<Int, Join<Any?, TypeMemento>>>.get(column: Column<T>): T?
e: file:///Users/jim/work/v2superbikeshed/Trikeshed/src/commonMain/kotlin/borg/trikeshed/dht/kademlia/codec/KademliaCodec.kt:124:75 Argument type mismatch: actual type is 'Byte?', but 'Byte' was expected.
e: file:///Users/jim/work/v2superbikeshed/Trikeshed/src/commonMain/kotlin/borg/trikeshed/dht/kademlia/codec/KademliaCodec.kt:124:75 Unresolved reference. None of the following candidates is applicable because of a receiver type mismatch:
fun <T> Join<Int, Function1<Int, Join<Any?, TypeMemento>>>.get(column: Column<T>): T?
e: file:///Users/jim/work/v2superbikeshed/Trikeshed/src/commonMain/kotlin/borg/trikeshed/dht/kademlia/codec/KademliaCodec.kt:125:94 Argument type mismatch: actual type is 'Byte?', but 'Byte' was expected.
e: file:///Users/jim/work/v2superbikeshed/Trikeshed/src/commonMain/kotlin/borg/trikeshed/dht/kademlia/codec/KademliaCodec.kt:125:94 Unresolved reference. None of the following candidates is applicable because of a receiver type mismatch:
fun <T> Join<Int, Function1<Int, Join<Any?, TypeMemento>>>.get(column: Column<T>): T?
e: file:///Users/jim/work/v2superbikeshed/Trikeshed/src/commonMain/kotlin/borg/trikeshed/dht/kademlia/codec/KademliaCodec.kt:128:102 Argument type mismatch: actual type is 'Byte?', but 'Byte' was expected.
e: file:///Users/jim/work/v2superbikeshed/Trikeshed/src/commonMain/kotlin/borg/trikeshed/dht/kademlia/codec/KademliaCodec.kt:128:102 Unresolved reference. None of the following candidates is applicable because of a receiver type mismatch:
fun <T> Join<Int, Function1<Int, Join<Any?, TypeMemento>>>.get(column: Column<T>): T?
e: file:///Users/jim/work/v2superbikeshed/Trikeshed/src/commonMain/kotlin/borg/trikeshed/dht/kademlia/codec/KademliaCodec.kt:133:76 Argument type mismatch: actual type is 'Byte?', but 'Byte' was expected.
e: file:///Users/jim/work/v2superbikeshed/Trikeshed/src/commonMain/kotlin/borg/trikeshed/dht/kademlia/codec/KademliaCodec.kt:133:76 Unresolved reference. None of the following candidates is applicable because of a receiver type mismatch:
fun <T> Join<Int, Function1<Int, Join<Any?, TypeMemento>>>.get(column: Column<T>): T?
e: file:///Users/jim/work/v2superbikeshed/Trikeshed/src/commonMain/kotlin/borg/trikeshed/dht/kademlia/codec/KademliaCodec.kt:137:79 Argument type mismatch: actual type is 'Byte?', but 'Byte' was expected.
e: file:///Users/jim/work/v2superbikeshed/Trikeshed/src/commonMain/kotlin/borg/trikeshed/dht/kademlia/codec/KademliaCodec.kt:137:79 Unresolved reference. None of the following candidates is applicable because of a receiver type mismatch:
fun <T> Join<Int, Function1<Int, Join<Any?, TypeMemento>>>.get(column: Column<T>): T?
e: file:///Users/jim/work/v2superbikeshed/Trikeshed/src/commonMain/kotlin/borg/trikeshed/dht/kademlia/codec/KademliaCodec.kt:245:31 Cannot infer type for this parameter. Specify it explicitly.
e: file:///Users/jim/work/v2superbikeshed/Trikeshed/src/commonMain/kotlin/borg/trikeshed/dht/kademlia/codec/KademliaCodec.kt:245:31 Unresolved reference. None of the following candidates is applicable because of a receiver type mismatch:
fun <T> Join<Int, Function1<Int, Join<Any?, TypeMemento>>>.get(column: Column<T>): T?
e: file:///Users/jim/work/v2superbikeshed/Trikeshed/src/commonMain/kotlin/borg/trikeshed/dht/kademlia/codec/KademliaCodec.kt:247:64 Argument type mismatch: actual type is 'Byte?', but 'Byte' was expected.
e: file:///Users/jim/work/v2superbikeshed/Trikeshed/src/commonMain/kotlin/borg/trikeshed/dht/kademlia/codec/KademliaCodec.kt:247:64 Unresolved reference. None of the following candidates is applicable because of a receiver type mismatch:
fun <T> Join<Int, Function1<Int, Join<Any?, TypeMemento>>>.get(column: Column<T>): T?
e: file:///Users/jim/work/v2superbikeshed/Trikeshed/src/commonMain/kotlin/borg/trikeshed/dht/kademlia/codec/KademliaCodec.kt:252:26 Cannot infer type for this parameter. Specify it explicitly.
e: file:///Users/jim/work/v2superbikeshed/Trikeshed/src/commonMain/kotlin/borg/trikeshed/dht/kademlia/codec/KademliaCodec.kt:252:26 Unresolved reference. None of the following candidates is applicable because of a receiver type mismatch:
fun <T> Join<Int, Function1<Int, Join<Any?, TypeMemento>>>.get(column: Column<T>): T?
e: file:///Users/jim/work/v2superbikeshed/Trikeshed/src/commonMain/kotlin/borg/trikeshed/dht/kademlia/codec/KademliaCodec.kt:270:25 Cannot infer type for this parameter. Specify it explicitly.
e: file:///Users/jim/work/v2superbikeshed/Trikeshed/src/commonMain/kotlin/borg/trikeshed/dht/kademlia/codec/KademliaCodec.kt:270:25 Unresolved reference. None of the following candidates is applicable because of a receiver type mismatch:
fun <T> Join<Int, Function1<Int, Join<Any?, TypeMemento>>>.get(column: Column<T>): T?
e: file:///Users/jim/work/v2superbikeshed/Trikeshed/src/commonMain/kotlin/borg/trikeshed/dht/kademlia/codec/KademliaCodec.kt:272:52 Argument type mismatch: actual type is 'Byte?', but 'Byte' was expected.
e: file:///Users/jim/work/v2superbikeshed/Trikeshed/src/commonMain/kotlin/borg/trikeshed/dht/kademlia/codec/KademliaCodec.kt:272:52 Unresolved reference. None of the following candidates is applicable because of a receiver type mismatch:
fun <T> Join<Int, Function1<Int, Join<Any?, TypeMemento>>>.get(column: Column<T>): T?
e: file:///Users/jim/work/v2superbikeshed/Trikeshed/src/commonMain/kotlin/borg/trikeshed/dht/kademlia/codec/KademliaCodec.kt:277:23 Cannot infer type for this parameter. Specify it explicitly.
e: file:///Users/jim/work/v2superbikeshed/Trikeshed/src/commonMain/kotlin/borg/trikeshed/dht/kademlia/codec/KademliaCodec.kt:277:23 Unresolved reference. None of the following candidates is applicable because of a receiver type mismatch:
fun <T> Join<Int, Function1<Int, Join<Any?, TypeMemento>>>.get(column: Column<T>): T?
e: file:///Users/jim/work/v2superbikeshed/Trikeshed/src/commonMain/kotlin/borg/trikeshed/dht/kademlia/codec/KademliaCodec.kt:295:57 Argument type mismatch: actual type is 'Byte?', but 'Byte' was expected.
e: file:///Users/jim/work/v2superbikeshed/Trikeshed/src/commonMain/kotlin/borg/trikeshed/dht/kademlia/codec/KademliaCodec.kt:295:57 Unresolved reference. None of the following candidates is applicable because of a receiver type mismatch:
fun <T> Join<Int, Function1<Int, Join<Any?, TypeMemento>>>.get(column: Column<T>): T?
e: file:///Users/jim/work/v2superbikeshed/Trikeshed/src/commonMain/kotlin/borg/trikeshed/dht/kademlia/codec/KademliaCodec.kt:302:55 Argument type mismatch: actual type is 'Byte?', but 'Byte' was expected.
e: file:///Users/jim/work/v2superbikeshed/Trikeshed/src/commonMain/kotlin/borg/trikeshed/dht/kademlia/codec/KademliaCodec.kt:302:55 Unresolved reference. None of the following candidates is applicable because of a receiver type mismatch:
fun <T> Join<Int, Function1<Int, Join<Any?, TypeMemento>>>.get(column: Column<T>): T?
e: file:///Users/jim/work/v2superbikeshed/Trikeshed/src/commonMain/kotlin/borg/trikeshed/dht/kademlia/codec/KademliaCodec.kt:307:30 Cannot infer type for this parameter. Specify it explicitly.
e: file:///Users/jim/work/v2superbikeshed/Trikeshed/src/commonMain/kotlin/borg/trikeshed/dht/kademlia/codec/KademliaCodec.kt:307:30 Unresolved reference. None of the following candidates is applicable because of a receiver type mismatch:
fun <T> Join<Int, Function1<Int, Join<Any?, TypeMemento>>>.get(column: Column<T>): T?
e: file:///Users/jim/work/v2superbikeshed/Trikeshed/src/commonMain/kotlin/borg/trikeshed/dht/kademlia/codec/KademliaCodec.kt:336:42 Cannot infer type for this parameter. Specify it explicitly.
e: file:///Users/jim/work/v2superbikeshed/Trikeshed/src/commonMain/kotlin/borg/trikeshed/dht/kademlia/codec/KademliaCodec.kt:336:42 Unresolved reference. None of the following candidates is applicable because of a receiver type mismatch:
fun <T> Join<Int, Function1<Int, Join<Any?, TypeMemento>>>.get(column: Column<T>): T?
e: file:///Users/jim/work/v2superbikeshed/Trikeshed/src/commonMain/kotlin/borg/trikeshed/dht/kademlia/codec/KademliaCodec.kt:344:41 Cannot infer type for this parameter. Specify it explicitly.
e: file:///Users/jim/work/v2superbikeshed/Trikeshed/src/commonMain/kotlin/borg/trikeshed/dht/kademlia/codec/KademliaCodec.kt:344:41 Unresolved reference. None of the following candidates is applicable because of a receiver type mismatch:
fun <T> Join<Int, Function1<Int, Join<Any?, TypeMemento>>>.get(column: Column<T>): T?
e: file:///Users/jim/work/v2superbikeshed/Trikeshed/src/commonMain/kotlin/borg/trikeshed/dht/kademlia/id/NUID.kt:26:47 Argument type mismatch: actual type is 'T? (of fun <T> Join<Int, Function1<Int, Join<Any?, TypeMemento>>>.get)', but 'K (of fun <K> WHEN_CALL)' was expected.
e: file:///Users/jim/work/v2superbikeshed/Trikeshed/src/commonMain/kotlin/borg/trikeshed/dht/kademlia/id/NUID.kt:26:47 Cannot infer type for this parameter. Specify it explicitly.
e: file:///Users/jim/work/v2superbikeshed/Trikeshed/src/commonMain/kotlin/borg/trikeshed/dht/kademlia/id/NUID.kt:26:47 Unresolved reference. None of the following candidates is applicable because of a receiver type mismatch:
fun <T> Join<Int, Function1<Int, Join<Any?, TypeMemento>>>.get(column: Column<T>): T?
e: file:///Users/jim/work/v2superbikeshed/Trikeshed/src/commonMain/kotlin/borg/trikeshed/dht/kademlia/id/NUID.kt:26:66 Argument type mismatch: actual type is 'Byte', but 'K (of fun <K> WHEN_CALL)' was expected.
e: file:///Users/jim/work/v2superbikeshed/Trikeshed/src/commonMain/kotlin/borg/trikeshed/dht/kademlia/id/NUID.kt:27:49 Argument type mismatch: actual type is 'T? (of fun <T> Join<Int, Function1<Int, Join<Any?, TypeMemento>>>.get)', but 'K (of fun <K> WHEN_CALL)' was expected.
e: file:///Users/jim/work/v2superbikeshed/Trikeshed/src/commonMain/kotlin/borg/trikeshed/dht/kademlia/id/NUID.kt:27:49 Cannot infer type for this parameter. Specify it explicitly.
e: file:///Users/jim/work/v2superbikeshed/Trikeshed/src/commonMain/kotlin/borg/trikeshed/dht/kademlia/id/NUID.kt:27:49 Unresolved reference. None of the following candidates is applicable because of a receiver type mismatch:
fun <T> Join<Int, Function1<Int, Join<Any?, TypeMemento>>>.get(column: Column<T>): T?
e: file:///Users/jim/work/v2superbikeshed/Trikeshed/src/commonMain/kotlin/borg/trikeshed/dht/kademlia/id/NUID.kt:27:69 Argument type mismatch: actual type is 'Byte', but 'K (of fun <K> WHEN_CALL)' was expected.
e: file:///Users/jim/work/v2superbikeshed/Trikeshed/src/commonMain/kotlin/borg/trikeshed/dht/kademlia/id/NUID.kt:41:28 Cannot infer type for this parameter. Specify it explicitly.
e: file:///Users/jim/work/v2superbikeshed/Trikeshed/src/commonMain/kotlin/borg/trikeshed/dht/kademlia/id/NUID.kt:41:28 Unresolved reference. None of the following candidates is applicable because of a receiver type mismatch:
fun <T> Join<Int, Function1<Int, Join<Any?, TypeMemento>>>.get(column: Column<T>): T?
e: file:///Users/jim/work/v2superbikeshed/Trikeshed/src/commonMain/kotlin/borg/trikeshed/dht/kademlia/id/NUID.kt:42:29 Cannot infer type for this parameter. Specify it explicitly.
e: file:///Users/jim/work/v2superbikeshed/Trikeshed/src/commonMain/kotlin/borg/trikeshed/dht/kademlia/id/NUID.kt:42:29 Unresolved reference. None of the following candidates is applicable because of a receiver type mismatch:
fun <T> Join<Int, Function1<Int, Join<Any?, TypeMemento>>>.get(column: Column<T>): T?
e: file:///Users/jim/work/v2superbikeshed/Trikeshed/src/commonMain/kotlin/borg/trikeshed/dht/kademlia/id/NUID.kt:80:49 Argument type mismatch: actual type is 'Byte?', but 'Byte' was expected.
e: file:///Users/jim/work/v2superbikeshed/Trikeshed/src/commonMain/kotlin/borg/trikeshed/dht/kademlia/id/NUID.kt:80:49 Unresolved reference. None of the following candidates is applicable because of a receiver type mismatch:
fun <T> Join<Int, Function1<Int, Join<Any?, TypeMemento>>>.get(column: Column<T>): T?
e: file:///Users/jim/work/v2superbikeshed/Trikeshed/src/commonMain/kotlin/borg/trikeshed/dht/kademlia/id/NUID.kt:114:59 Argument type mismatch: actual type is 'Byte?', but 'Byte' was expected.
e: file:///Users/jim/work/v2superbikeshed/Trikeshed/src/commonMain/kotlin/borg/trikeshed/dht/kademlia/id/NUID.kt:114:59 Unresolved reference. None of the following candidates is applicable because of a receiver type mismatch:
fun <T> Join<Int, Function1<Int, Join<Any?, TypeMemento>>>.get(column: Column<T>): T?
e: file:///Users/jim/work/v2superbikeshed/Trikeshed/src/commonMain/kotlin/borg/trikeshed/dht/kademlia/routing/AdaptiveKademliaRouting.kt:210:16 Return type mismatch: expected 'List<WeightedNode>', actual 'Join<Int, Function1<Int, ERROR CLASS: Cannot infer argument for type parameter T>>'.
e: file:///Users/jim/work/v2superbikeshed/Trikeshed/src/commonMain/kotlin/borg/trikeshed/dht/kademlia/routing/AdaptiveKademliaRouting.kt:211:14 None of the following candidates is applicable:
fun <T, R : Comparable<R>> Array<out T>.sortedBy(crossinline selector: (T) -> R?): List<T>
fun <R : Comparable<R>> ByteArray.sortedBy(crossinline selector: (Byte) -> R?): List<Byte>
fun <R : Comparable<R>> ShortArray.sortedBy(crossinline selector: (Short) -> R?): List<Short>
fun <R : Comparable<R>> IntArray.sortedBy(crossinline selector: (Int) -> R?): List<Int>
fun <R : Comparable<R>> LongArray.sortedBy(crossinline selector: (Long) -> R?): List<Long>
fun <R : Comparable<R>> FloatArray.sortedBy(crossinline selector: (Float) -> R?): List<Float>
fun <R : Comparable<R>> DoubleArray.sortedBy(crossinline selector: (Double) -> R?): List<Double>
fun <R : Comparable<R>> BooleanArray.sortedBy(crossinline selector: (Boolean) -> R?): List<Boolean>
fun <R : Comparable<R>> CharArray.sortedBy(crossinline selector: (Char) -> R?): List<Char>
fun <T, R : Comparable<R>> Iterable<T>.sortedBy(crossinline selector: (T) -> R?): List<T>
fun <T, R : Comparable<R>> Sequence<T>.sortedBy(crossinline selector: (T) -> R?): Sequence<T>
e: file:///Users/jim/work/v2superbikeshed/Trikeshed/src/commonMain/kotlin/borg/trikeshed/dht/kademlia/routing/AdaptiveKademliaRouting.kt:211:25 Unresolved reference 'it'.
e: file:///Users/jim/work/v2superbikeshed/Trikeshed/src/commonMain/kotlin/borg/trikeshed/dht/kademlia/routing/AdaptiveKademliaRouting.kt:212:14 Cannot infer type for this parameter. Specify it explicitly.
e: file:///Users/jim/work/v2superbikeshed/Trikeshed/src/commonMain/kotlin/borg/trikeshed/dht/kademlia/routing/AdaptiveKademliaRouting.kt:212:14 Not enough information to infer type argument for 'T'.
e: file:///Users/jim/work/v2superbikeshed/Trikeshed/src/commonMain/kotlin/borg/trikeshed/dht/kademlia/subnet/ConcentricSubnet.kt:194:34 Argument type mismatch: actual type is 'T? (of fun <T> Join<Int, Function1<Int, Join<Any?, TypeMemento>>>.get)', but 'String' was expected.
e: file:///Users/jim/work/v2superbikeshed/Trikeshed/src/commonMain/kotlin/borg/trikeshed/dht/kademlia/subnet/ConcentricSubnet.kt:194:34 Cannot infer type for this parameter. Specify it explicitly.
e: file:///Users/jim/work/v2superbikeshed/Trikeshed/src/commonMain/kotlin/borg/trikeshed/dht/kademlia/subnet/ConcentricSubnet.kt:194:34 Unresolved reference. None of the following candidates is applicable because of a receiver type mismatch:
fun <T> Join<Int, Function1<Int, Join<Any?, TypeMemento>>>.get(column: Column<T>): T?
e: file:///Users/jim/work/v2superbikeshed/Trikeshed/src/commonMain/kotlin/borg/trikeshed/dht/kademlia/subnet/ConcentricSubnet.kt:216:44 Argument type mismatch: actual type is 'Join<Int, Function1<Int, Join<Any?, TypeMemento>>>', but 'Join<Int, Function1<Int, NUID>>' was expected.
e: file:///Users/jim/work/v2superbikeshed/Trikeshed/src/commonMain/kotlin/borg/trikeshed/dht/kademlia/subnet/ConcentricSubnet.kt:216:44 Cannot infer type for this parameter. Specify it explicitly.
e: file:///Users/jim/work/v2superbikeshed/Trikeshed/src/commonMain/kotlin/borg/trikeshed/dht/kademlia/subnet/ConcentricSubnet.kt:216:44 Unresolved reference. None of the following candidates is applicable because of a receiver type mismatch:
fun <T> Join<Int, Function1<Int, Join<Any?, TypeMemento>>>.get(column: Column<T>): T?
e: file:///Users/jim/work/v2superbikeshed/Trikeshed/src/commonMain/kotlin/borg/trikeshed/dht/kademlia/subnet/ConcentricSubnet.kt:230:32 Cannot infer type for this parameter. Specify it explicitly.
e: file:///Users/jim/work/v2superbikeshed/Trikeshed/src/commonMain/kotlin/borg/trikeshed/dht/kademlia/subnet/ConcentricSubnet.kt:230:32 Unresolved reference. None of the following candidates is applicable because of a receiver type mismatch:
fun <T> Join<Int, Function1<Int, Join<Any?, TypeMemento>>>.get(column: Column<T>): T?
e: file:///Users/jim/work/v2superbikeshed/Trikeshed/src/commonMain/kotlin/borg/trikeshed/dht/kademlia/subnet/ConcentricSubnet.kt:247:28 Argument type mismatch: actual type is 'SubnetPath.Type', but 'SubnetPath.Type' was expected.
e: file:///Users/jim/work/v2superbikeshed/Trikeshed/src/commonMain/kotlin/borg/trikeshed/dht/kademlia/subnet/ConcentricSubnet.kt:248:28 Cannot infer type for this parameter. Specify it explicitly.
e: file:///Users/jim/work/v2superbikeshed/Trikeshed/src/commonMain/kotlin/borg/trikeshed/dht/kademlia/subnet/ConcentricSubnet.kt:248:28 Argument type mismatch: actual type is 'List<T (of fun <T> listOf)>', but 'List<NUID>' was expected.
e: file:///Users/jim/work/v2superbikeshed/Trikeshed/src/commonMain/kotlin/borg/trikeshed/dht/kademlia/subnet/ConcentricSubnet.kt:248:35 Argument type mismatch: actual type is 'NUID', but 'T (of fun <T> listOf)' was expected.
e: file:///Users/jim/work/v2superbikeshed/Trikeshed/src/commonMain/kotlin/borg/trikeshed/dht/kademlia/subnet/ConcentricSubnet.kt:248:48 Argument type mismatch: actual type is 'T#1? (of fun <T> Join<Int, Function1<Int, Join<Any?, TypeMemento>>>.get)', but 'T#2 (of fun <T> listOf)' was expected.
e: file:///Users/jim/work/v2superbikeshed/Trikeshed/src/commonMain/kotlin/borg/trikeshed/dht/kademlia/subnet/ConcentricSubnet.kt:248:48 Cannot infer type for this parameter. Specify it explicitly.
e: file:///Users/jim/work/v2superbikeshed/Trikeshed/src/commonMain/kotlin/borg/trikeshed/dht/kademlia/subnet/ConcentricSubnet.kt:248:48 Unresolved reference. None of the following candidates is applicable because of a receiver type mismatch:
fun <T> Join<Int, Function1<Int, Join<Any?, TypeMemento>>>.get(column: Column<T>): T?
e: file:///Users/jim/work/v2superbikeshed/Trikeshed/src/commonMain/kotlin/borg/trikeshed/dht/kademlia/subnet/ConcentricSubnet.kt:249:31 Argument type mismatch: actual type is 'List<String>', but 'List<String>' was expected.
e: file:///Users/jim/work/v2superbikeshed/Trikeshed/src/commonMain/kotlin/borg/trikeshed/distributed/DistributedStorage.kt:8:23 Unresolved reference 'jetsam'.
e: file:///Users/jim/work/v2superbikeshed/Trikeshed/src/commonMain/kotlin/borg/trikeshed/distributed/DistributedStorage.kt:10:16 Unresolved reference 'serialization'.
e: file:///Users/jim/work/v2superbikeshed/Trikeshed/src/commonMain/kotlin/borg/trikeshed/distributed/DistributedStorage.kt:125:61 Unresolved reference 'Transport'.
e: file:///Users/jim/work/v2superbikeshed/Trikeshed/src/commonMain/kotlin/borg/trikeshed/distributed/DistributedStorage.kt:128:9 Unresolved reference 'JetsamGossipManager'.
e: file:///Users/jim/work/v2superbikeshed/Trikeshed/src/commonMain/kotlin/borg/trikeshed/distributed/DistributedStorage.kt:153:48 Unresolved reference 'encode'.
e: file:///Users/jim/work/v2superbikeshed/Trikeshed/src/commonMain/kotlin/borg/trikeshed/distributed/DistributedStorage.kt:159:21 No parameter with name 'id' found.
e: file:///Users/jim/work/v2superbikeshed/Trikeshed/src/commonMain/kotlin/borg/trikeshed/distributed/DistributedStorage.kt:160:28 Unresolved reference 'buildJsonObject'.
e: file:///Users/jim/work/v2superbikeshed/Trikeshed/src/commonMain/kotlin/borg/trikeshed/distributed/DistributedStorage.kt:161:25 Unresolved reference 'put'.
e: file:///Users/jim/work/v2superbikeshed/Trikeshed/src/commonMain/kotlin/borg/trikeshed/distributed/DistributedStorage.kt:162:25 Unresolved reference 'put'.
e: file:///Users/jim/work/v2superbikeshed/Trikeshed/src/commonMain/kotlin/borg/trikeshed/distributed/DistributedStorage.kt:166:44 Argument type mismatch: actual type is 'String', but 'Join<Int, Function1<Int, Byte>>' was expected.
e: file:///Users/jim/work/v2superbikeshed/Trikeshed/src/commonMain/kotlin/borg/trikeshed/distributed/DistributedStorage.kt:166:53 Unresolved reference 'rev'.
e: file:///Users/jim/work/v2superbikeshed/Trikeshed/src/commonMain/kotlin/borg/trikeshed/distributed/DistributedStorage.kt:177:25 No parameter with name 'id' found.
e: file:///Users/jim/work/v2superbikeshed/Trikeshed/src/commonMain/kotlin/borg/trikeshed/distributed/DistributedStorage.kt:178:32 Unresolved reference 'buildJsonObject'.
e: file:///Users/jim/work/v2superbikeshed/Trikeshed/src/commonMain/kotlin/borg/trikeshed/distributed/DistributedStorage.kt:179:29 Unresolved reference 'put'.
e: file:///Users/jim/work/v2superbikeshed/Trikeshed/src/commonMain/kotlin/borg/trikeshed/distributed/DistributedStorage.kt:180:29 Unresolved reference 'put'.
e: file:///Users/jim/work/v2superbikeshed/Trikeshed/src/commonMain/kotlin/borg/trikeshed/distributed/DistributedStorage.kt:187:49 Unresolved reference 'rev'.
e: file:///Users/jim/work/v2superbikeshed/Trikeshed/src/commonMain/kotlin/borg/trikeshed/distributed/DistributedStorage.kt:190:17 Unresolved reference 'JetsamGossipManager'.
e: file:///Users/jim/work/v2superbikeshed/Trikeshed/src/commonMain/kotlin/borg/trikeshed/distributed/DistributedStorage.kt:190:51 Unresolved reference 'buildJsonObject'.
e: file:///Users/jim/work/v2superbikeshed/Trikeshed/src/commonMain/kotlin/borg/trikeshed/distributed/DistributedStorage.kt:191:21 Unresolved reference 'put'.
e: file:///Users/jim/work/v2superbikeshed/Trikeshed/src/commonMain/kotlin/borg/trikeshed/distributed/DistributedStorage.kt:191:41 Unresolved reference 'encode'.
e: file:///Users/jim/work/v2superbikeshed/Trikeshed/src/commonMain/kotlin/borg/trikeshed/distributed/DistributedStorage.kt:192:21 Unresolved reference 'put'.
e: file:///Users/jim/work/v2superbikeshed/Trikeshed/src/commonMain/kotlin/borg/trikeshed/distributed/DistributedStorage.kt:195:44 Argument type mismatch: actual type is 'String', but 'Join<Int, Function1<Int, Byte>>' was expected.
e: file:///Users/jim/work/v2superbikeshed/Trikeshed/src/commonMain/kotlin/borg/trikeshed/distributed/DistributedStorage.kt:195:60 Unresolved reference 'encode'.
e: file:///Users/jim/work/v2superbikeshed/Trikeshed/src/commonMain/kotlin/borg/trikeshed/distributed/DistributedStorage.kt:211:37 Argument type mismatch: actual type is 'String', but 'CID' was expected.
e: file:///Users/jim/work/v2superbikeshed/Trikeshed/src/commonMain/kotlin/borg/trikeshed/distributed/DistributedStorage.kt:223:49 Unresolved reference 'data'.
e: file:///Users/jim/work/v2superbikeshed/Trikeshed/src/commonMain/kotlin/borg/trikeshed/distributed/DistributedStorage.kt:223:63 Unresolved reference 'jsonPrimitive'.
e: file:///Users/jim/work/v2superbikeshed/Trikeshed/src/commonMain/kotlin/borg/trikeshed/distributed/DistributedStorage.kt:235:49 Argument type mismatch: actual type is 'String', but 'CID' was expected.
e: file:///Users/jim/work/v2superbikeshed/Trikeshed/src/commonMain/kotlin/borg/trikeshed/distributed/DistributedStorage.kt:244:58 Unresolved reference 'data'.
e: file:///Users/jim/work/v2superbikeshed/Trikeshed/src/commonMain/kotlin/borg/trikeshed/distributed/DistributedStorage.kt:244:72 Unresolved reference 'jsonPrimitive'.
e: file:///Users/jim/work/v2superbikeshed/Trikeshed/src/commonMain/kotlin/borg/trikeshed/distributed/DistributedStorage.kt:295:103 Argument type mismatch: actual type is 'ViewQueryParams', but 'CouchViewParams' was expected.
e: file:///Users/jim/work/v2superbikeshed/Trikeshed/src/commonMain/kotlin/borg/trikeshed/distributed/DistributedStorage.kt:391:35 Unresolved reference 'it'.
e: file:///Users/jim/work/v2superbikeshed/Trikeshed/src/commonMain/kotlin/borg/trikeshed/distributed/DistributedStorage.kt:392:18 Unresolved reference. None of the following candidates is applicable because of a receiver type mismatch:
expect fun String.encodeToByteArray(): ByteArray
e: file:///Users/jim/work/v2superbikeshed/Trikeshed/src/commonMain/kotlin/borg/trikeshed/distributed/DistributedStorage.kt:392:38 Cannot infer type for this parameter. Specify it explicitly.
e: file:///Users/jim/work/v2superbikeshed/Trikeshed/src/commonMain/kotlin/borg/trikeshed/distributed/DistributedStorage.kt:392:38 Not enough information to infer type argument for 'R'.
e: file:///Users/jim/work/v2superbikeshed/Trikeshed/src/commonMain/kotlin/borg/trikeshed/distributed/DistributedStorage.kt:392:52 Cannot infer type for this parameter. Specify it explicitly.
e: file:///Users/jim/work/v2superbikeshed/Trikeshed/src/commonMain/kotlin/borg/trikeshed/distributed/DistributedStorage.kt:392:52 Not enough information to infer type argument for 'B'.
e: file:///Users/jim/work/v2superbikeshed/Trikeshed/src/commonMain/kotlin/borg/trikeshed/distributed/DistributedStorage.kt:392:56 Cannot infer type for this parameter. Specify it explicitly.
e: file:///Users/jim/work/v2superbikeshed/Trikeshed/src/commonMain/kotlin/borg/trikeshed/functional/CouchDBFunctional.kt:165:18 Cannot infer type for this parameter. Specify it explicitly.
e: file:///Users/jim/work/v2superbikeshed/Trikeshed/src/commonMain/kotlin/borg/trikeshed/functional/CouchDBFunctional.kt:165:18 Unresolved reference. None of the following candidates is applicable because of a receiver type mismatch:
fun <T> Join<Int, Function1<Int, Join<Any?, TypeMemento>>>.get(column: Column<T>): T?
e: file:///Users/jim/work/v2superbikeshed/Trikeshed/src/commonMain/kotlin/borg/trikeshed/functional/CouchDBFunctional.kt:165:26 Unresolved reference 'id'.
e: file:///Users/jim/work/v2superbikeshed/Trikeshed/src/commonMain/kotlin/borg/trikeshed/io/AsyncIOEngine.kt:40:9 Function 'create' without a body must be abstract.
e: file:///Users/jim/work/v2superbikeshed/Trikeshed/src/commonMain/kotlin/borg/trikeshed/io/AsyncIOEngine.kt:60:13 Unresolved reference 'javaClass'.
e: file:///Users/jim/work/v2superbikeshed/Trikeshed/src/commonMain/kotlin/borg/trikeshed/io/AsyncIOEngine.kt:60:33 Unresolved reference 'javaClass'.
e: file:///Users/jim/work/v2superbikeshed/Trikeshed/src/commonMain/kotlin/borg/trikeshed/io/AsyncIOEngine.kt:98:11 Redeclaration:
class IOHandle : Any
interface IOHandle : Any
e: file:///Users/jim/work/v2superbikeshed/Trikeshed/src/commonMain/kotlin/borg/trikeshed/io/CCekEngine.kt:4:16 Unresolved reference 'serialization'.
e: file:///Users/jim/work/v2superbikeshed/Trikeshed/src/commonMain/kotlin/borg/trikeshed/io/CCekEngine.kt:29:71 Cannot access 'expect interface Serializable : Any': it is internal in file.
e: file:///Users/jim/work/v2superbikeshed/Trikeshed/src/commonMain/kotlin/borg/trikeshed/io/CCekEngine.kt:39:58 Unresolved reference 'Class'.
e: file:///Users/jim/work/v2superbikeshed/Trikeshed/src/commonMain/kotlin/borg/trikeshed/io/CCekEngine.kt:39:82 Cannot access 'expect interface Serializable : Any': it is internal in file.
e: file:///Users/jim/work/v2superbikeshed/Trikeshed/src/commonMain/kotlin/borg/trikeshed/io/CCekEngine.kt:74:2 Cannot access 'expect interface Serializable : Any': it is internal in file.
e: file:///Users/jim/work/v2superbikeshed/Trikeshed/src/commonMain/kotlin/borg/trikeshed/io/CCekEngine.kt:74:2 Illegal annotation class 'Serializable'.
e: file:///Users/jim/work/v2superbikeshed/Trikeshed/src/commonMain/kotlin/borg/trikeshed/io/CCekEngine.kt:83:27 Unresolved reference 'System'.
e: file:///Users/jim/work/v2superbikeshed/Trikeshed/src/commonMain/kotlin/borg/trikeshed/io/CCekEngine.kt:88:13 Unresolved reference 'javaClass'.
e: file:///Users/jim/work/v2superbikeshed/Trikeshed/src/commonMain/kotlin/borg/trikeshed/io/CCekEngine.kt:88:33 Unresolved reference 'javaClass'.
e: file:///Users/jim/work/v2superbikeshed/Trikeshed/src/commonMain/kotlin/borg/trikeshed/io/CCekEngine.kt:133:2 Cannot access 'expect interface Serializable : Any': it is internal in file.
e: file:///Users/jim/work/v2superbikeshed/Trikeshed/src/commonMain/kotlin/borg/trikeshed/io/CCekEngine.kt:133:2 Illegal annotation class 'Serializable'.
e: file:///Users/jim/work/v2superbikeshed/Trikeshed/src/commonMain/kotlin/borg/trikeshed/io/CCekEngine.kt:156:2 Cannot access 'expect interface Serializable : Any': it is internal in file.
e: file:///Users/jim/work/v2superbikeshed/Trikeshed/src/commonMain/kotlin/borg/trikeshed/io/CCekEngine.kt:156:2 Illegal annotation class 'Serializable'.
e: file:///Users/jim/work/v2superbikeshed/Trikeshed/src/commonMain/kotlin/borg/trikeshed/io/CoroutineRouter.kt:313:13 Unresolved reference 'runBlocking'.
e: file:///Users/jim/work/v2superbikeshed/Trikeshed/src/commonMain/kotlin/borg/trikeshed/io/CoroutineRouter.kt:314:23 Cannot infer type for this parameter. Specify it explicitly.
e: file:///Users/jim/work/v2superbikeshed/Trikeshed/src/commonMain/kotlin/borg/trikeshed/io/CoroutineRouter.kt:314:27 Cannot infer type for this parameter. Specify it explicitly.
e: file:///Users/jim/work/v2superbikeshed/Trikeshed/src/commonMain/kotlin/borg/trikeshed/io/CoroutineRouter.kt:314:44 Cannot infer type for this parameter. Specify it explicitly.
e: file:///Users/jim/work/v2superbikeshed/Trikeshed/src/commonMain/kotlin/borg/trikeshed/io/CoroutineRouter.kt:314:44 Unresolved reference. None of the following candidates is applicable because of a receiver type mismatch:
fun <T> CoroutineScope.async(context: CoroutineContext = ..., start: CoroutineStart = ..., block: suspend CoroutineScope.() -> T): Deferred<T>
e: file:///Users/jim/work/v2superbikeshed/Trikeshed/src/commonMain/kotlin/borg/trikeshed/io/CoroutineRouter.kt:314:44 Argument type mismatch: actual type is 'CoroutineScope', but 'CoroutineRouter' was expected.
e: file:///Users/jim/work/v2superbikeshed/Trikeshed/src/commonMain/kotlin/borg/trikeshed/io/CoroutineRouter.kt:314:73 Cannot infer type for this parameter. Specify it explicitly.
e: file:///Users/jim/work/v2superbikeshed/Trikeshed/src/commonMain/kotlin/borg/trikeshed/io/CoroutineRouter.kt:314:73 Suspension functions can only be called within coroutine body.
e: file:///Users/jim/work/v2superbikeshed/Trikeshed/src/commonMain/kotlin/borg/trikeshed/io/CoroutineRouter.kt:372:25 Unresolved reference 'System'.
e: file:///Users/jim/work/v2superbikeshed/Trikeshed/src/commonMain/kotlin/borg/trikeshed/io/CoroutineRouter.kt:375:43 Unresolved reference 'System'.
e: file:///Users/jim/work/v2superbikeshed/Trikeshed/src/commonMain/kotlin/borg/trikeshed/io/CoroutineRouter.kt:378:39 Unresolved reference 'System'.
e: file:///Users/jim/work/v2superbikeshed/Trikeshed/src/commonMain/kotlin/borg/trikeshed/io/CoroutineRouter.kt:426:29 Unresolved reference 'IO'.
e: file:///Users/jim/work/v2superbikeshed/Trikeshed/src/commonMain/kotlin/borg/trikeshed/io/CoroutineRouter.kt:449:29 Unresolved reference 'System'.
e: file:///Users/jim/work/v2superbikeshed/Trikeshed/src/commonMain/kotlin/borg/trikeshed/io/CoroutineRouter.kt:454:23 Unresolved reference 'System'.
e: file:///Users/jim/work/v2superbikeshed/Trikeshed/src/commonMain/kotlin/borg/trikeshed/io/CoroutineRouter.kt:456:73 Unresolved reference 'times' for operator '*'.
e: file:///Users/jim/work/v2superbikeshed/Trikeshed/src/commonMain/kotlin/borg/trikeshed/io/CoroutineRouter.kt:461:17 Unresolved reference 'Thread'.
e: file:///Users/jim/work/v2superbikeshed/Trikeshed/src/commonMain/kotlin/borg/trikeshed/io/FileBuffer.kt:7:11 FileBuffer: expect and corresponding actual are declared in the same module.
e: file:///Users/jim/work/v2superbikeshed/Trikeshed/src/commonMain/kotlin/borg/trikeshed/io/FileBuffer.kt:7:24 One type argument expected for typealias LongIndexed<T> = Join<Long, Function1<Long, T>>.
e: file:///Users/jim/work/v2superbikeshed/Trikeshed/src/commonMain/kotlin/borg/trikeshed/io/FileBuffer.kt:11:9 'open' hides member of supertype 'Usable' and needs an 'override' modifier.
e: file:///Users/jim/work/v2superbikeshed/Trikeshed/src/commonMain/kotlin/borg/trikeshed/io/FileBuffer.kt:12:9 'close' hides member of supertype 'Usable' and needs an 'override' modifier.
e: file:///Users/jim/work/v2superbikeshed/Trikeshed/src/commonMain/kotlin/borg/trikeshed/io/FileBuffer.kt:15:14 FileBuffer: expect and corresponding actual are declared in the same module.
e: file:///Users/jim/work/v2superbikeshed/Trikeshed/src/commonMain/kotlin/borg/trikeshed/io/IOContext.kt:3:27 Conflicting import: imported name 'Indexed' is ambiguous.
e: file:///Users/jim/work/v2superbikeshed/Trikeshed/src/commonMain/kotlin/borg/trikeshed/io/IOContext.kt:4:38 Conflicting import: imported name 'Indexed' is ambiguous.
e: file:///Users/jim/work/v2superbikeshed/Trikeshed/src/commonMain/kotlin/borg/trikeshed/io/IOContext.kt:103:13 Initializer type mismatch: expected 'CoroutineContext', actual 'CoroutineScope'.
e: file:///Users/jim/work/v2superbikeshed/Trikeshed/src/commonMain/kotlin/borg/trikeshed/io/IOContext.kt:103:25 Unresolved reference 'IO'.
e: file:///Users/jim/work/v2superbikeshed/Trikeshed/src/commonMain/kotlin/borg/trikeshed/io/IOContext.kt:130:13 Initializer type mismatch: expected 'CoroutineContext', actual 'CoroutineScope'.
e: file:///Users/jim/work/v2superbikeshed/Trikeshed/src/commonMain/kotlin/borg/trikeshed/io/IOContext.kt:130:25 Unresolved reference 'IO'.
e: file:///Users/jim/work/v2superbikeshed/Trikeshed/src/commonMain/kotlin/borg/trikeshed/io/IOContext.kt:152:13 Initializer type mismatch: expected 'CoroutineContext', actual 'CoroutineScope'.
e: file:///Users/jim/work/v2superbikeshed/Trikeshed/src/commonMain/kotlin/borg/trikeshed/io/IOContext.kt:152:25 Unresolved reference 'IO'.
e: file:///Users/jim/work/v2superbikeshed/Trikeshed/src/commonMain/kotlin/borg/trikeshed/io/IOContext.kt:177:13 Initializer type mismatch: expected 'CoroutineContext', actual 'CoroutineScope'.
e: file:///Users/jim/work/v2superbikeshed/Trikeshed/src/commonMain/kotlin/borg/trikeshed/io/IOContext.kt:177:25 Unresolved reference 'IO'.
e: file:///Users/jim/work/v2superbikeshed/Trikeshed/src/commonMain/kotlin/borg/trikeshed/io/IOContext.kt:241:47 Initializer type mismatch: expected 'Set<IOCapability>', actual 'Set<MatchGroup?>'.
e: file:///Users/jim/work/v2superbikeshed/Trikeshed/src/commonMain/kotlin/borg/trikeshed/io/IOContext.kt:241:47 Type mismatch: inferred type is 'MatchGroup?', but 'IOCapability' was expected.
e: file:///Users/jim/work/v2superbikeshed/Trikeshed/src/commonMain/kotlin/borg/trikeshed/io/IOContext.kt:242:13 Unresolved reference. None of the following candidates is applicable because of a receiver type mismatch:
expect fun MatchGroupCollection.get(name: String): MatchGroup?
e: file:///Users/jim/work/v2superbikeshed/Trikeshed/src/commonMain/kotlin/borg/trikeshed/io/IOContext.kt:246:31 Type inference failed. The value of the type parameter 'T' must be mentioned in input types (argument types, receiver type, or expected type). Try to specify it explicitly.
e: file:///Users/jim/work/v2superbikeshed/Trikeshed/src/commonMain/kotlin/borg/trikeshed/io/IOContext.kt:246:40 Unresolved reference. None of the following candidates is applicable because of a receiver type mismatch:
expect fun MatchGroupCollection.get(name: String): MatchGroup?
e: file:///Users/jim/work/v2superbikeshed/Trikeshed/src/commonMain/kotlin/borg/trikeshed/io/IOContext.kt:257:46 Initializer type mismatch: expected 'Set<IOCapability>', actual 'Set<MatchGroup?>'.
e: file:///Users/jim/work/v2superbikeshed/Trikeshed/src/commonMain/kotlin/borg/trikeshed/io/IOContext.kt:257:46 Type mismatch: inferred type is 'MatchGroup?', but 'IOCapability' was expected.
e: file:///Users/jim/work/v2superbikeshed/Trikeshed/src/commonMain/kotlin/borg/trikeshed/io/IOContext.kt:258:13 Unresolved reference. None of the following candidates is applicable because of a receiver type mismatch:
expect fun MatchGroupCollection.get(name: String): MatchGroup?
e: file:///Users/jim/work/v2superbikeshed/Trikeshed/src/commonMain/kotlin/borg/trikeshed/io/IOContext.kt:265:35 Unresolved reference 'System'.
e: file:///Users/jim/work/v2superbikeshed/Trikeshed/src/commonMain/kotlin/borg/trikeshed/io/IOContext.kt:271:36 Unresolved reference 'System'.
e: file:///Users/jim/work/v2superbikeshed/Trikeshed/src/commonMain/kotlin/borg/trikeshed/io/IOContext.kt:276:35 Unresolved reference 'System'.
e: file:///Users/jim/work/v2superbikeshed/Trikeshed/src/commonMain/kotlin/borg/trikeshed/io/IOContext.kt:281:33 Unresolved reference 'System'.
e: file:///Users/jim/work/v2superbikeshed/Trikeshed/src/commonMain/kotlin/borg/trikeshed/io/IOContext.kt:318:9 Unresolved reference 'System'.
e: file:///Users/jim/work/v2superbikeshed/Trikeshed/src/commonMain/kotlin/borg/trikeshed/io/IOContext.kt:321:9 Unresolved reference 'System'.
e: file:///Users/jim/work/v2superbikeshed/Trikeshed/src/commonMain/kotlin/borg/trikeshed/io/IODSL.kt:21:75 Cannot infer type for this parameter. Specify it explicitly.
e: file:///Users/jim/work/v2superbikeshed/Trikeshed/src/commonMain/kotlin/borg/trikeshed/io/IODSL.kt:21:84 Argument type mismatch: actual type is 'IODaemonOperation.IODaemonOperationType', but 'T (of fun <T, R> DeepRecursiveFunction<T, R>.invoke)' was expected.
e: file:///Users/jim/work/v2superbikeshed/Trikeshed/src/commonMain/kotlin/borg/trikeshed/io/IODSL.kt:21:90 Too many arguments for 'fun <T, R> DeepRecursiveFunction<T, R>.invoke(value: T): R'.
e: file:///Users/jim/work/v2superbikeshed/Trikeshed/src/commonMain/kotlin/borg/trikeshed/io/IODSL.kt:141:7 Redeclaration:
typealias IOHandle = Int
interface IOHandle : Any
e: file:///Users/jim/work/v2superbikeshed/Trikeshed/src/commonMain/kotlin/borg/trikeshed/io/IODSL.kt:152:20 Unresolved reference 'operationId'.
e: file:///Users/jim/work/v2superbikeshed/Trikeshed/src/commonMain/kotlin/borg/trikeshed/io/IODSL.kt:153:20 Unresolved reference 'type'.
e: file:///Users/jim/work/v2superbikeshed/Trikeshed/src/commonMain/kotlin/borg/trikeshed/io/IODSL.kt:159:16 Unresolved reference 'daemon'.
e: file:///Users/jim/work/v2superbikeshed/Trikeshed/src/commonMain/kotlin/borg/trikeshed/io/IODaemon.kt:80:13 Unresolved reference 'javaClass'.
e: file:///Users/jim/work/v2superbikeshed/Trikeshed/src/commonMain/kotlin/borg/trikeshed/io/IODaemon.kt:80:33 Unresolved reference 'javaClass'.
e: file:///Users/jim/work/v2superbikeshed/Trikeshed/src/commonMain/kotlin/borg/trikeshed/io/IODaemon.kt:115:27 Unresolved reference 'System'.
e: file:///Users/jim/work/v2superbikeshed/Trikeshed/src/commonMain/kotlin/borg/trikeshed/io/IOHandle.kt:9:11 Redeclaration:
typealias IOHandle = Int
class IOHandle : Any
e: file:///Users/jim/work/v2superbikeshed/Trikeshed/src/commonMain/kotlin/borg/trikeshed/io/MappedPointer.kt:3:11 MappedPointer: expect and corresponding actual are declared in the same module.
e: file:///Users/jim/work/v2superbikeshed/Trikeshed/src/commonMain/kotlin/borg/trikeshed/io/PosixFile.kt:5:11 PosixFile: expect and corresponding actual are declared in the same module.
e: file:///Users/jim/work/v2superbikeshed/Trikeshed/src/commonMain/kotlin/borg/trikeshed/io/PosixFile.kt:8:9 'open' hides member of supertype 'Usable' and needs an 'override' modifier.
e: file:///Users/jim/work/v2superbikeshed/Trikeshed/src/commonMain/kotlin/borg/trikeshed/io/PosixFile.kt:9:9 'close' hides member of supertype 'Usable' and needs an 'override' modifier.
e: file:///Users/jim/work/v2superbikeshed/Trikeshed/src/commonMain/kotlin/borg/trikeshed/io/PosixFile.kt:14:8 Class 'PosixFile' is not abstract and does not implement abstract members:
val path: String?
fun open(): Unit
fun close(): Unit
e: file:///Users/jim/work/v2superbikeshed/Trikeshed/src/commonMain/kotlin/borg/trikeshed/io/PosixFile.kt:14:14 PosixFile: expect and corresponding actual are declared in the same module.
e: file:///Users/jim/work/v2superbikeshed/Trikeshed/src/commonMain/kotlin/borg/trikeshed/io/PosixFile.kt:26:14 MappedPointer: expect and corresponding actual are declared in the same module.
e: file:///Users/jim/work/v2superbikeshed/Trikeshed/src/commonMain/kotlin/borg/trikeshed/ipc/examples/IPCExample.kt:103:73 Argument type mismatch: actual type is 'Byte?', but 'Byte' was expected.
e: file:///Users/jim/work/v2superbikeshed/Trikeshed/src/commonMain/kotlin/borg/trikeshed/ipc/examples/IPCExample.kt:103:73 Unresolved reference. None of the following candidates is applicable because of a receiver type mismatch:
fun <T> Join<Int, Function1<Int, Join<Any?, TypeMemento>>>.get(column: Column<T>): T?
e: file:///Users/jim/work/v2superbikeshed/Trikeshed/src/commonMain/kotlin/borg/trikeshed/ipfs/IpfsClient.kt:66:50 Unresolved reference 'it'.
e: file:///Users/jim/work/v2superbikeshed/Trikeshed/src/commonMain/kotlin/borg/trikeshed/ipfs/IpfsClient.kt:67:32 Argument type mismatch: actual type is 'Join<Int, Function0<Byte>>', but 'Join<Int, Function1<Int, Byte>>' was expected.
e: file:///Users/jim/work/v2superbikeshed/Trikeshed/src/commonMain/kotlin/borg/trikeshed/ipfs/IpfsClient.kt:73:33 Cannot infer type for this parameter. Specify it explicitly.
e: file:///Users/jim/work/v2superbikeshed/Trikeshed/src/commonMain/kotlin/borg/trikeshed/ipfs/IpfsClient.kt:73:33 Not enough information to infer type argument for 'B'.
e: file:///Users/jim/work/v2superbikeshed/Trikeshed/src/commonMain/kotlin/borg/trikeshed/ipfs/IpfsClient.kt:73:37 Cannot infer type for this parameter. Specify it explicitly.
e: file:///Users/jim/work/v2superbikeshed/Trikeshed/src/commonMain/kotlin/borg/trikeshed/ipfs/IpfsClient.kt:276:12 Redeclaration:
data class MerkleNode : Any
e: file:///Users/jim/work/v2superbikeshed/Trikeshed/src/commonMain/kotlin/borg/trikeshed/ipfs/IpfsClient.kt:313:12 Redeclaration:
data class PeerId : Any
e: file:///Users/jim/work/v2superbikeshed/Trikeshed/src/commonMain/kotlin/borg/trikeshed/ipfs/IpfsClient.kt:315:7 Redeclaration:
interface IpfsStorage : Any
e: file:///Users/jim/work/v2superbikeshed/Trikeshed/src/commonMain/kotlin/borg/trikeshed/ipfs/IpfsClient.kt:348:12 Redeclaration:
data class CID : Any
e: file:///Users/jim/work/v2superbikeshed/Trikeshed/src/commonMain/kotlin/borg/trikeshed/ipfs/IpfsClient.kt:361:12 Redeclaration:
data class Multihash : Any
e: file:///Users/jim/work/v2superbikeshed/Trikeshed/src/commonMain/kotlin/borg/trikeshed/ipfs/IpfsClient.kt:370:12 Redeclaration:
data class IpfsBlock : Any
e: file:///Users/jim/work/v2superbikeshed/Trikeshed/src/commonMain/kotlin/borg/trikeshed/ipfs/IpfsClient.kt:376:12 Redeclaration:
data class IpfsLink : Any
e: file:///Users/jim/work/v2superbikeshed/Trikeshed/src/commonMain/kotlin/borg/trikeshed/ipfs/IpfsCore.kt:4:16 Unresolved reference 'serialization'.
e: file:///Users/jim/work/v2superbikeshed/Trikeshed/src/commonMain/kotlin/borg/trikeshed/ipfs/IpfsCore.kt:5:16 Unresolved reference 'serialization'.
e: file:///Users/jim/work/v2superbikeshed/Trikeshed/src/commonMain/kotlin/borg/trikeshed/ipfs/IpfsCore.kt:15:2 Cannot access 'expect interface Serializable : Any': it is internal in file.
e: file:///Users/jim/work/v2superbikeshed/Trikeshed/src/commonMain/kotlin/borg/trikeshed/ipfs/IpfsCore.kt:15:2 Illegal annotation class 'Serializable'.
e: file:///Users/jim/work/v2superbikeshed/Trikeshed/src/commonMain/kotlin/borg/trikeshed/ipfs/IpfsCore.kt:16:12 Redeclaration:
data class Multihash : Any
e: file:///Users/jim/work/v2superbikeshed/Trikeshed/src/commonMain/kotlin/borg/trikeshed/ipfs/IpfsCore.kt:50:47 Unresolved reference 'it'.
e: file:///Users/jim/work/v2superbikeshed/Trikeshed/src/commonMain/kotlin/borg/trikeshed/ipfs/IpfsCore.kt:51:36 Argument type mismatch: actual type is 'Join<Int, Function0<Byte>>', but 'Join<Int, Function1<Int, Byte>>' was expected.
e: file:///Users/jim/work/v2superbikeshed/Trikeshed/src/commonMain/kotlin/borg/trikeshed/ipfs/IpfsCore.kt:57:2 Cannot access 'expect interface Serializable : Any': it is internal in file.
e: file:///Users/jim/work/v2superbikeshed/Trikeshed/src/commonMain/kotlin/borg/trikeshed/ipfs/IpfsCore.kt:57:2 Illegal annotation class 'Serializable'.
e: file:///Users/jim/work/v2superbikeshed/Trikeshed/src/commonMain/kotlin/borg/trikeshed/ipfs/IpfsCore.kt:58:12 Redeclaration:
data class CID : Any
e: file:///Users/jim/work/v2superbikeshed/Trikeshed/src/commonMain/kotlin/borg/trikeshed/ipfs/IpfsCore.kt:73:28 Unresolved reference 'encode'.
e: file:///Users/jim/work/v2superbikeshed/Trikeshed/src/commonMain/kotlin/borg/trikeshed/ipfs/IpfsCore.kt:74:18 Unresolved reference 'encodeCIDv1'.
e: file:///Users/jim/work/v2superbikeshed/Trikeshed/src/commonMain/kotlin/borg/trikeshed/ipfs/IpfsCore.kt:82:35 Unresolved reference 'encode'.
e: file:///Users/jim/work/v2superbikeshed/Trikeshed/src/commonMain/kotlin/borg/trikeshed/ipfs/IpfsCore.kt:85:21 Cannot infer type for this parameter. Specify it explicitly.
e: file:///Users/jim/work/v2superbikeshed/Trikeshed/src/commonMain/kotlin/borg/trikeshed/ipfs/IpfsCore.kt:85:21 Unresolved reference. None of the following candidates is applicable because of a receiver type mismatch:
fun <A, B> A.j(b: B): Join<A, B>
e: file:///Users/jim/work/v2superbikeshed/Trikeshed/src/commonMain/kotlin/borg/trikeshed/ipfs/IpfsCore.kt:85:25 Cannot infer type for this parameter. Specify it explicitly.
e: file:///Users/jim/work/v2superbikeshed/Trikeshed/src/commonMain/kotlin/borg/trikeshed/ipfs/IpfsCore.kt:88:19 'operator' modifier is required on 'FirNamedFunctionSymbol kotlin/compareTo' in 'compareTo'.
e: file:///Users/jim/work/v2superbikeshed/Trikeshed/src/commonMain/kotlin/borg/trikeshed/ipfs/IpfsCore.kt:88:54 Argument type mismatch: actual type is 'Join<Shape, Function1<Shape, Int>>', but 'Int' was expected.
e: file:///Users/jim/work/v2superbikeshed/Trikeshed/src/commonMain/kotlin/borg/trikeshed/ipfs/IpfsCore.kt:96:2 Cannot access 'expect interface Serializable : Any': it is internal in file.
e: file:///Users/jim/work/v2superbikeshed/Trikeshed/src/commonMain/kotlin/borg/trikeshed/ipfs/IpfsCore.kt:96:2 Illegal annotation class 'Serializable'.
e: file:///Users/jim/work/v2superbikeshed/Trikeshed/src/commonMain/kotlin/borg/trikeshed/ipfs/IpfsCore.kt:97:12 Redeclaration:
data class IpfsBlock : Any
e: file:///Users/jim/work/v2superbikeshed/Trikeshed/src/commonMain/kotlin/borg/trikeshed/ipfs/IpfsCore.kt:100:36 Unresolved reference 'emptyIndex'.
e: file:///Users/jim/work/v2superbikeshed/Trikeshed/src/commonMain/kotlin/borg/trikeshed/ipfs/IpfsCore.kt:104:2 Cannot access 'expect interface Serializable : Any': it is internal in file.
e: file:///Users/jim/work/v2superbikeshed/Trikeshed/src/commonMain/kotlin/borg/trikeshed/ipfs/IpfsCore.kt:104:2 Illegal annotation class 'Serializable'.
e: file:///Users/jim/work/v2superbikeshed/Trikeshed/src/commonMain/kotlin/borg/trikeshed/ipfs/IpfsCore.kt:105:12 Redeclaration:
data class IpfsLink : Any
e: file:///Users/jim/work/v2superbikeshed/Trikeshed/src/commonMain/kotlin/borg/trikeshed/ipfs/IpfsCore.kt:112:2 Cannot access 'expect interface Serializable : Any': it is internal in file.
e: file:///Users/jim/work/v2superbikeshed/Trikeshed/src/commonMain/kotlin/borg/trikeshed/ipfs/IpfsCore.kt:112:2 Illegal annotation class 'Serializable'.
e: file:///Users/jim/work/v2superbikeshed/Trikeshed/src/commonMain/kotlin/borg/trikeshed/ipfs/IpfsCore.kt:113:12 Redeclaration:
data class MerkleNode : Any
e: file:///Users/jim/work/v2superbikeshed/Trikeshed/src/commonMain/kotlin/borg/trikeshed/ipfs/IpfsCore.kt:119:20 Unresolved reference 'buildJsonObject'.
e: file:///Users/jim/work/v2superbikeshed/Trikeshed/src/commonMain/kotlin/borg/trikeshed/ipfs/IpfsCore.kt:120:13 Unresolved reference 'put'.
e: file:///Users/jim/work/v2superbikeshed/Trikeshed/src/commonMain/kotlin/borg/trikeshed/ipfs/IpfsCore.kt:121:13 Unresolved reference 'putJsonArray'.
e: file:///Users/jim/work/v2superbikeshed/Trikeshed/src/commonMain/kotlin/borg/trikeshed/ipfs/IpfsCore.kt:124:21 Unresolved reference 'add'.
e: file:///Users/jim/work/v2superbikeshed/Trikeshed/src/commonMain/kotlin/borg/trikeshed/ipfs/IpfsCore.kt:124:25 Unresolved reference 'buildJsonObject'.
e: file:///Users/jim/work/v2superbikeshed/Trikeshed/src/commonMain/kotlin/borg/trikeshed/ipfs/IpfsCore.kt:125:25 Unresolved reference 'put'.
e: file:///Users/jim/work/v2superbikeshed/Trikeshed/src/commonMain/kotlin/borg/trikeshed/ipfs/IpfsCore.kt:125:42 Unresolved reference 'a'.
e: file:///Users/jim/work/v2superbikeshed/Trikeshed/src/commonMain/kotlin/borg/trikeshed/ipfs/IpfsCore.kt:126:25 Unresolved reference 'put'.
e: file:///Users/jim/work/v2superbikeshed/Trikeshed/src/commonMain/kotlin/borg/trikeshed/ipfs/IpfsCore.kt:126:41 Unresolved reference 'b'.
e: file:///Users/jim/work/v2superbikeshed/Trikeshed/src/commonMain/kotlin/borg/trikeshed/ipfs/IpfsCore.kt:138:2 Cannot access 'expect interface Serializable : Any': it is internal in file.
e: file:///Users/jim/work/v2superbikeshed/Trikeshed/src/commonMain/kotlin/borg/trikeshed/ipfs/IpfsCore.kt:138:2 Illegal annotation class 'Serializable'.
e: file:///Users/jim/work/v2superbikeshed/Trikeshed/src/commonMain/kotlin/borg/trikeshed/ipfs/IpfsCore.kt:139:12 Redeclaration:
data class PeerId : Any
e: file:///Users/jim/work/v2superbikeshed/Trikeshed/src/commonMain/kotlin/borg/trikeshed/ipfs/IpfsCore.kt:153:2 Cannot access 'expect interface Serializable : Any': it is internal in file.
e: file:///Users/jim/work/v2superbikeshed/Trikeshed/src/commonMain/kotlin/borg/trikeshed/ipfs/IpfsCore.kt:153:2 Illegal annotation class 'Serializable'.
e: file:///Users/jim/work/v2superbikeshed/Trikeshed/src/commonMain/kotlin/borg/trikeshed/ipfs/IpfsCore.kt:230:11 Redeclaration:
class IpfsStorage : Any
e: file:///Users/jim/work/v2superbikeshed/Trikeshed/src/commonMain/kotlin/borg/trikeshed/ipfs/IpfsCore.kt:239:29 This type is final, so it cannot be extended.
e: file:///Users/jim/work/v2superbikeshed/Trikeshed/src/commonMain/kotlin/borg/trikeshed/ipfs/IpfsCore.kt:239:29 This type has a constructor, so it must be initialized here.
e: file:///Users/jim/work/v2superbikeshed/Trikeshed/src/commonMain/kotlin/borg/trikeshed/ipfs/IpfsCore.kt:240:17 'blocks' hides member of supertype 'IpfsStorage' and needs an 'override' modifier.
e: file:///Users/jim/work/v2superbikeshed/Trikeshed/src/commonMain/kotlin/borg/trikeshed/ipfs/IpfsCore.kt:242:5 'put' overrides nothing.
e: file:///Users/jim/work/v2superbikeshed/Trikeshed/src/commonMain/kotlin/borg/trikeshed/ipfs/IpfsCore.kt:243:26 Unresolved reference 'encode'.
e: file:///Users/jim/work/v2superbikeshed/Trikeshed/src/commonMain/kotlin/borg/trikeshed/ipfs/IpfsCore.kt:247:5 'get' overrides nothing.
e: file:///Users/jim/work/v2superbikeshed/Trikeshed/src/commonMain/kotlin/borg/trikeshed/ipfs/IpfsCore.kt:248:27 Unresolved reference 'encode'.
e: file:///Users/jim/work/v2superbikeshed/Trikeshed/src/commonMain/kotlin/borg/trikeshed/ipfs/IpfsCore.kt:251:5 'has' overrides nothing.
e: file:///Users/jim/work/v2superbikeshed/Trikeshed/src/commonMain/kotlin/borg/trikeshed/ipfs/IpfsCore.kt:252:39 Unresolved reference 'encode'.
e: file:///Users/jim/work/v2superbikeshed/Trikeshed/src/commonMain/kotlin/borg/trikeshed/ipfs/IpfsCore.kt:255:5 'delete' overrides nothing.
e: file:///Users/jim/work/v2superbikeshed/Trikeshed/src/commonMain/kotlin/borg/trikeshed/ipfs/IpfsCore.kt:256:34 Unresolved reference 'encode'.
e: file:///Users/jim/work/v2superbikeshed/Trikeshed/src/commonMain/kotlin/borg/trikeshed/ipfs/IpfsCore.kt:259:5 'list' overrides nothing.
e: file:///Users/jim/work/v2superbikeshed/Trikeshed/src/commonMain/kotlin/borg/trikeshed/isam/IsamDataFile.kt:13:9 'open' hides member of supertype 'Usable' and needs an 'override' modifier.
e: file:///Users/jim/work/v2superbikeshed/Trikeshed/src/commonMain/kotlin/borg/trikeshed/isam/IsamDataFile.kt:14:9 'close' hides member of supertype 'Usable' and needs an 'override' modifier.
e: file:///Users/jim/work/v2superbikeshed/Trikeshed/src/commonMain/kotlin/borg/trikeshed/isam/IsamDataFile.kt:17:9 Function 'write' without a body must be abstract.
e: file:///Users/jim/work/v2superbikeshed/Trikeshed/src/commonMain/kotlin/borg/trikeshed/isam/IsamDataFile.kt:19:9 Function 'append' without a body must be abstract.
e: file:///Users/jim/work/v2superbikeshed/Trikeshed/src/commonMain/kotlin/borg/trikeshed/isam/RecordMeta.kt:4:30 Unresolved reference 'TypeMemento'.
e: file:///Users/jim/work/v2superbikeshed/Trikeshed/src/commonMain/kotlin/borg/trikeshed/isam/RecordMeta.kt:18:17 No value passed for parameter 'memento'.
e: file:///Users/jim/work/v2superbikeshed/Trikeshed/src/commonMain/kotlin/borg/trikeshed/isam/RecordMeta.kt:19:5 'name' in 'ColumnMeta' is final and cannot be overridden.
e: file:///Users/jim/work/v2superbikeshed/Trikeshed/src/commonMain/kotlin/borg/trikeshed/isam/RecordMeta.kt:21:5 'type' in 'ColumnMeta' is final and cannot be overridden.
e: file:///Users/jim/work/v2superbikeshed/Trikeshed/src/commonMain/kotlin/borg/trikeshed/isam/RecordMeta.kt:21:24 Type of 'type' is not a subtype of overridden property 'val type: String' defined in 'borg/trikeshed/cursor/ColumnMeta'.
e: file:///Users/jim/work/v2superbikeshed/Trikeshed/src/commonMain/kotlin/borg/trikeshed/isam/RecordMeta.kt:27:45 Unresolved reference 'createDecoder'.
e: file:///Users/jim/work/v2superbikeshed/Trikeshed/src/commonMain/kotlin/borg/trikeshed/isam/RecordMeta.kt:29:45 Unresolved reference 'createEncoder'.
e: file:///Users/jim/work/v2superbikeshed/Trikeshed/src/commonMain/kotlin/borg/trikeshed/isam/RecordMeta.kt:32:5 This type is final, so it cannot be extended.
e: file:///Users/jim/work/v2superbikeshed/Trikeshed/src/commonMain/kotlin/borg/trikeshed/isam/RecordMeta.kt:32:5 This type has a constructor, so it must be initialized here.
e: file:///Users/jim/work/v2superbikeshed/Trikeshed/src/commonMain/kotlin/borg/trikeshed/lib/AlphaConversion.kt:26:14 Conflicting overloads:
fun <X, C, V : Join<Int, Function1<Int, X>>> V.α(crossinline xform: (X) -> C): Join<Int, Function1<Int, C>>
e: file:///Users/jim/work/v2superbikeshed/Trikeshed/src/commonMain/kotlin/borg/trikeshed/lib/AlphaConversion.kt:31:10 Overload resolution ambiguity between candidates:
fun <X, C, V : Join<Int, Function1<Int, X>>> V.α(crossinline xform: (X) -> C): Join<Int, Function1<Int, C>>
fun <X, C, V : Join<Int, Function1<Int, X>>> V.α(crossinline xform: (X) -> C): Join<Int, Function1<Int, C>>
e: file:///Users/jim/work/v2superbikeshed/Trikeshed/src/commonMain/kotlin/borg/trikeshed/lib/AlphaConversion.kt:35:10 Overload resolution ambiguity between candidates:
fun <X, C, V : Join<Int, Function1<Int, X>>> V.α(crossinline xform: (X) -> C): Join<Int, Function1<Int, C>>
fun <X, C, V : Join<Int, Function1<Int, X>>> V.α(crossinline xform: (X) -> C): Join<Int, Function1<Int, C>>
e: file:///Users/jim/work/v2superbikeshed/Trikeshed/src/commonMain/kotlin/borg/trikeshed/lib/AlphaConversion.kt:105:1 Conflicting overloads:
fun ByteArray.toIndexed(): Join<Int, Function1<Int, Byte>>
e: file:///Users/jim/work/v2superbikeshed/Trikeshed/src/commonMain/kotlin/borg/trikeshed/lib/AlphaConversion.kt:118:10 Overload resolution ambiguity between candidates:
fun <X, C, V : Join<Int, Function1<Int, X>>> V.α(crossinline xform: (X) -> C): Join<Int, Function1<Int, C>>
fun <X, C, V : Join<Int, Function1<Int, X>>> V.α(crossinline xform: (X) -> C): Join<Int, Function1<Int, C>>
e: file:///Users/jim/work/v2superbikeshed/Trikeshed/src/commonMain/kotlin/borg/trikeshed/lib/AlphaConversion.kt:249:12 Return type mismatch: expected 'Join<Join<Int, Function1<Int, T (of fun <T> Join<Int, Function1<Int, T>>.partition)>>, Join<Int, Function1<Int, T (of fun <T> Join<Int, Function1<Int, T>>.partition)>>>', actual 'Join<Join<Int, KFunction1<Int, T (of fun <T> Join<Int, Function1<Int, T>>.partition)>>, Join<Int, KFunction1<Int, T (of fun <T> Join<Int, Function1<Int, T>>.partition)>>>'.
e: file:///Users/jim/work/v2superbikeshed/Trikeshed/src/commonMain/kotlin/borg/trikeshed/lib/ByteIndexed.kt:33:37 Cannot infer type for this parameter. Specify it explicitly.
e: file:///Users/jim/work/v2superbikeshed/Trikeshed/src/commonMain/kotlin/borg/trikeshed/lib/ByteIndexed.kt:33:37 Not enough information to infer type argument for 'T'.
e: file:///Users/jim/work/v2superbikeshed/Trikeshed/src/commonMain/kotlin/borg/trikeshed/lib/ByteIndexed.kt:33:49 Unresolved reference. None of the following candidates is applicable because of a receiver type mismatch:
expect fun String.encodeToByteArray(): ByteArray
e: file:///Users/jim/work/v2superbikeshed/Trikeshed/src/commonMain/kotlin/borg/trikeshed/lib/ByteIndexed.kt:33:69 Overload resolution ambiguity between candidates:
fun ByteArray.toIndexed(): Join<Int, Function1<Int, Byte>>
fun <T> Any.toIndexed(): Join<Int, Function1<Int, T>>
fun ByteArray.toIndexed(): Join<Int, Function1<Int, Byte>>
e: file:///Users/jim/work/v2superbikeshed/Trikeshed/src/commonMain/kotlin/borg/trikeshed/lib/ByteIndexed.kt:93:23 Cannot infer type for this parameter. Specify it explicitly.
e: file:///Users/jim/work/v2superbikeshed/Trikeshed/src/commonMain/kotlin/borg/trikeshed/lib/ByteIndexed.kt:93:23 Unresolved reference. None of the following candidates is applicable because of a receiver type mismatch:
fun <T> Join<Int, Function1<Int, Join<Any?, TypeMemento>>>.get(column: Column<T>): T?
e: file:///Users/jim/work/v2superbikeshed/Trikeshed/src/commonMain/kotlin/borg/trikeshed/lib/ByteIndexed.kt:143:65 Unresolved reference 'decodeToChars'.
e: file:///Users/jim/work/v2superbikeshed/Trikeshed/src/commonMain/kotlin/borg/trikeshed/lib/ByteIndexed.kt:155:39 Cannot infer type for this parameter. Specify it explicitly.
e: file:///Users/jim/work/v2superbikeshed/Trikeshed/src/commonMain/kotlin/borg/trikeshed/lib/ByteIndexed.kt:155:39 Unresolved reference. None of the following candidates is applicable because of a receiver type mismatch:
fun <T> Join<Int, Function1<Int, Join<Any?, TypeMemento>>>.get(column: Column<T>): T?
e: file:///Users/jim/work/v2superbikeshed/Trikeshed/src/commonMain/kotlin/borg/trikeshed/lib/ByteIndexed.kt:156:39 Cannot infer type for this parameter. Specify it explicitly.
e: file:///Users/jim/work/v2superbikeshed/Trikeshed/src/commonMain/kotlin/borg/trikeshed/lib/ByteIndexed.kt:156:39 Unresolved reference. None of the following candidates is applicable because of a receiver type mismatch:
fun <T> Join<Int, Function1<Int, Join<Any?, TypeMemento>>>.get(column: Column<T>): T?
e: file:///Users/jim/work/v2superbikeshed/Trikeshed/src/commonMain/kotlin/borg/trikeshed/lib/ByteIndexed.kt:206:24 Unresolved reference. None of the following candidates is applicable because of a receiver type mismatch:
fun <T> Join<Int, Function1<Int, Join<Any?, TypeMemento>>>.get(column: Column<T>): T?
e: file:///Users/jim/work/v2superbikeshed/Trikeshed/src/commonMain/kotlin/borg/trikeshed/lib/ByteIndexed.kt:226:49 Inapplicable candidate(s): val get: Byte
e: file:///Users/jim/work/v2superbikeshed/Trikeshed/src/commonMain/kotlin/borg/trikeshed/lib/ByteIndexed.kt:309:95 Overload resolution ambiguity between candidates:
fun <X, C, V : Join<Int, Function1<Int, X>>> V.α(crossinline xform: (X) -> C): Join<Int, Function1<Int, C>>
fun <X, C, V : Join<Int, Function1<Int, X>>> V.α(crossinline xform: (X) -> C): Join<Int, Function1<Int, C>>
e: file:///Users/jim/work/v2superbikeshed/Trikeshed/src/commonMain/kotlin/borg/trikeshed/lib/ByteIndexed.kt:310:9 Unresolved reference 'it'.
e: file:///Users/jim/work/v2superbikeshed/Trikeshed/src/commonMain/kotlin/borg/trikeshed/lib/ByteIndexed.kt:318:17 Cannot infer type for this parameter. Specify it explicitly.
e: file:///Users/jim/work/v2superbikeshed/Trikeshed/src/commonMain/kotlin/borg/trikeshed/lib/ByteIndexed.kt:318:17 Unresolved reference. None of the following candidates is applicable because of a receiver type mismatch:
fun <T> Join<Int, Function1<Int, Join<Any?, TypeMemento>>>.get(column: Column<T>): T?
e: file:///Users/jim/work/v2superbikeshed/Trikeshed/src/commonMain/kotlin/borg/trikeshed/lib/ByteIndexed.kt:325:26 Cannot infer type for this parameter. Specify it explicitly.
e: file:///Users/jim/work/v2superbikeshed/Trikeshed/src/commonMain/kotlin/borg/trikeshed/lib/ByteIndexed.kt:325:26 Unresolved reference. None of the following candidates is applicable because of a receiver type mismatch:
fun <T> Join<Int, Function1<Int, Join<Any?, TypeMemento>>>.get(column: Column<T>): T?
e: file:///Users/jim/work/v2superbikeshed/Trikeshed/src/commonMain/kotlin/borg/trikeshed/lib/ByteIndexed.kt:331:26 Cannot infer type for this parameter. Specify it explicitly.
e: file:///Users/jim/work/v2superbikeshed/Trikeshed/src/commonMain/kotlin/borg/trikeshed/lib/ByteIndexed.kt:331:26 Unresolved reference. None of the following candidates is applicable because of a receiver type mismatch:
fun <T> Join<Int, Function1<Int, Join<Any?, TypeMemento>>>.get(column: Column<T>): T?
e: file:///Users/jim/work/v2superbikeshed/Trikeshed/src/commonMain/kotlin/borg/trikeshed/lib/ByteIndexed.kt:332:26 Cannot infer type for this parameter. Specify it explicitly.
e: file:///Users/jim/work/v2superbikeshed/Trikeshed/src/commonMain/kotlin/borg/trikeshed/lib/ByteIndexed.kt:332:26 Unresolved reference. None of the following candidates is applicable because of a receiver type mismatch:
fun <T> Join<Int, Function1<Int, Join<Any?, TypeMemento>>>.get(column: Column<T>): T?
e: file:///Users/jim/work/v2superbikeshed/Trikeshed/src/commonMain/kotlin/borg/trikeshed/lib/ByteIndexed.kt:340:50 Unresolved reference. None of the following candidates is applicable because of a receiver type mismatch:
fun ByteIndexedBuffer.decodeToString(): String
e: file:///Users/jim/work/v2superbikeshed/Trikeshed/src/commonMain/kotlin/borg/trikeshed/lib/ByteIndexed.kt:355:14 Cannot infer type for this parameter. Specify it explicitly.
e: file:///Users/jim/work/v2superbikeshed/Trikeshed/src/commonMain/kotlin/borg/trikeshed/lib/ByteIndexed.kt:355:14 Unresolved reference. None of the following candidates is applicable because of a receiver type mismatch:
fun <T> Join<Int, Function1<Int, Join<Any?, TypeMemento>>>.get(column: Column<T>): T?
e: file:///Users/jim/work/v2superbikeshed/Trikeshed/src/commonMain/kotlin/borg/trikeshed/lib/ByteIndexed.kt:357:24 Cannot infer type for this parameter. Specify it explicitly.
e: file:///Users/jim/work/v2superbikeshed/Trikeshed/src/commonMain/kotlin/borg/trikeshed/lib/ByteIndexed.kt:357:24 Unresolved reference. None of the following candidates is applicable because of a receiver type mismatch:
fun <T> Join<Int, Function1<Int, Join<Any?, TypeMemento>>>.get(column: Column<T>): T?
e: file:///Users/jim/work/v2superbikeshed/Trikeshed/src/commonMain/kotlin/borg/trikeshed/lib/ByteIndexed.kt:367:55 Unresolved reference. None of the following candidates is applicable because of a receiver type mismatch:
fun Join<Int, Function1<Int, Byte>>.asString(): String
e: file:///Users/jim/work/v2superbikeshed/Trikeshed/src/commonMain/kotlin/borg/trikeshed/lib/ByteIndexed.kt:370:38 None of the following candidates is applicable:
fun <X, C, V : Join<Int, Function1<Int, X>>> V.α(crossinline xform: (X) -> C): Join<Int, Function1<Int, C>>
fun <X, C> Array<X>.α(crossinline xform: (X) -> C): Join<Int, Function1<Int, C>>
fun <X, C, Subject : Iterable<X>> Subject.α(xform: (X) -> C): Iterable<C>
fun <X, C, V : Join<Int, Function1<Int, X>>> V.α(crossinline xform: (X) -> C): Join<Int, Function1<Int, C>>
e: file:///Users/jim/work/v2superbikeshed/Trikeshed/src/commonMain/kotlin/borg/trikeshed/lib/ByteIndexed.kt:370:42 Unresolved reference 'it'.
e: file:///Users/jim/work/v2superbikeshed/Trikeshed/src/commonMain/kotlin/borg/trikeshed/lib/ByteIndexed.kt:371:17 Unresolved reference 'a'.
e: file:///Users/jim/work/v2superbikeshed/Trikeshed/src/commonMain/kotlin/borg/trikeshed/lib/ByteIndexed.kt:371:32 Cannot infer type for this parameter. Specify it explicitly.
e: file:///Users/jim/work/v2superbikeshed/Trikeshed/src/commonMain/kotlin/borg/trikeshed/lib/ByteIndexed.kt:371:32 Not enough information to infer type argument for 'T'.
e: file:///Users/jim/work/v2superbikeshed/Trikeshed/src/commonMain/kotlin/borg/trikeshed/lib/ByteIndexed.kt:371:42 Unresolved reference '▶'.
e: file:///Users/jim/work/v2superbikeshed/Trikeshed/src/commonMain/kotlin/borg/trikeshed/lib/ByteIndexed.kt:371:46 Cannot infer type for this parameter. Specify it explicitly.
e: file:///Users/jim/work/v2superbikeshed/Trikeshed/src/commonMain/kotlin/borg/trikeshed/lib/ByteIndexed.kt:371:50 Cannot infer type for this parameter. Specify it explicitly.
e: file:///Users/jim/work/v2superbikeshed/Trikeshed/src/commonMain/kotlin/borg/trikeshed/lib/ByteIndexed.kt:371:55 Function invocation 'first()' expected.
e: file:///Users/jim/work/v2superbikeshed/Trikeshed/src/commonMain/kotlin/borg/trikeshed/lib/ByteIndexed.kt:371:67 Unresolved reference 'second'.
e: file:///Users/jim/work/v2superbikeshed/Trikeshed/src/commonMain/kotlin/borg/trikeshed/lib/ByteIndexed.kt:375:38 None of the following candidates is applicable:
fun <X, C, V : Join<Int, Function1<Int, X>>> V.α(crossinline xform: (X) -> C): Join<Int, Function1<Int, C>>
fun <X, C> Array<X>.α(crossinline xform: (X) -> C): Join<Int, Function1<Int, C>>
fun <X, C, Subject : Iterable<X>> Subject.α(xform: (X) -> C): Iterable<C>
fun <X, C, V : Join<Int, Function1<Int, X>>> V.α(crossinline xform: (X) -> C): Join<Int, Function1<Int, C>>
e: file:///Users/jim/work/v2superbikeshed/Trikeshed/src/commonMain/kotlin/borg/trikeshed/lib/ByteIndexed.kt:375:42 Unresolved reference 'it'.
e: file:///Users/jim/work/v2superbikeshed/Trikeshed/src/commonMain/kotlin/borg/trikeshed/lib/ByteIndexed.kt:376:17 Unresolved reference 'a'.
e: file:///Users/jim/work/v2superbikeshed/Trikeshed/src/commonMain/kotlin/borg/trikeshed/lib/ByteIndexed.kt:376:32 Cannot infer type for this parameter. Specify it explicitly.
e: file:///Users/jim/work/v2superbikeshed/Trikeshed/src/commonMain/kotlin/borg/trikeshed/lib/ByteIndexed.kt:376:32 Not enough information to infer type argument for 'T'.
e: file:///Users/jim/work/v2superbikeshed/Trikeshed/src/commonMain/kotlin/borg/trikeshed/lib/ByteIndexed.kt:376:53 Unresolved reference '▶'.
e: file:///Users/jim/work/v2superbikeshed/Trikeshed/src/commonMain/kotlin/borg/trikeshed/lib/ByteIndexed.kt:376:57 Cannot infer type for this parameter. Specify it explicitly.
e: file:///Users/jim/work/v2superbikeshed/Trikeshed/src/commonMain/kotlin/borg/trikeshed/lib/ByteIndexed.kt:376:61 Cannot infer type for this parameter. Specify it explicitly.
e: file:///Users/jim/work/v2superbikeshed/Trikeshed/src/commonMain/kotlin/borg/trikeshed/lib/ByteIndexed.kt:376:66 Function invocation 'first()' expected.
e: file:///Users/jim/work/v2superbikeshed/Trikeshed/src/commonMain/kotlin/borg/trikeshed/lib/ByteIndexed.kt:376:78 Unresolved reference 'second'.
e: file:///Users/jim/work/v2superbikeshed/Trikeshed/src/commonMain/kotlin/borg/trikeshed/lib/ByteIndexed.kt:390:30 Cannot infer type for this parameter. Specify it explicitly.
e: file:///Users/jim/work/v2superbikeshed/Trikeshed/src/commonMain/kotlin/borg/trikeshed/lib/ByteIndexed.kt:390:30 Unresolved reference. None of the following candidates is applicable because of a receiver type mismatch:
fun <T> Join<Int, Function1<Int, Join<Any?, TypeMemento>>>.get(column: Column<T>): T?
e: file:///Users/jim/work/v2superbikeshed/Trikeshed/src/commonMain/kotlin/borg/trikeshed/lib/ByteIndexed.kt:398:17 None of the following candidates is applicable:
fun <X, C, V : Join<Int, Function1<Int, X>>> V.α(crossinline xform: (X) -> C): Join<Int, Function1<Int, C>>
fun <X, C> Array<X>.α(crossinline xform: (X) -> C): Join<Int, Function1<Int, C>>
fun <X, C, Subject : Iterable<X>> Subject.α(xform: (X) -> C): Iterable<C>
fun <X, C, V : Join<Int, Function1<Int, X>>> V.α(crossinline xform: (X) -> C): Join<Int, Function1<Int, C>>
e: file:///Users/jim/work/v2superbikeshed/Trikeshed/src/commonMain/kotlin/borg/trikeshed/lib/ByteIndexed.kt:398:21 Cannot infer type for this parameter. Specify it explicitly.
e: file:///Users/jim/work/v2superbikeshed/Trikeshed/src/commonMain/kotlin/borg/trikeshed/lib/ByteIndexed.kt:400:43 Unresolved reference 'dec'.
e: file:///Users/jim/work/v2superbikeshed/Trikeshed/src/commonMain/kotlin/borg/trikeshed/lib/ByteIndexed.kt:408:9 Cannot infer type for this parameter. Specify it explicitly.
e: file:///Users/jim/work/v2superbikeshed/Trikeshed/src/commonMain/kotlin/borg/trikeshed/lib/ByteIndexed.kt:408:9 Unresolved reference. None of the following candidates is applicable because of a receiver type mismatch:
fun <T> Join<Int, Function1<Int, Join<Any?, TypeMemento>>>.get(column: Column<T>): T?
e: file:///Users/jim/work/v2superbikeshed/Trikeshed/src/commonMain/kotlin/borg/trikeshed/lib/CharIndexed.kt:88:23 Cannot infer type for this parameter. Specify it explicitly.
e: file:///Users/jim/work/v2superbikeshed/Trikeshed/src/commonMain/kotlin/borg/trikeshed/lib/CharIndexed.kt:88:23 Unresolved reference. None of the following candidates is applicable because of a receiver type mismatch:
fun <T> Join<Int, Function1<Int, Join<Any?, TypeMemento>>>.get(column: Column<T>): T?
e: file:///Users/jim/work/v2superbikeshed/Trikeshed/src/commonMain/kotlin/borg/trikeshed/lib/CharIndexed.kt:139:51 Argument type mismatch: actual type is 'Char?', but 'Char' was expected.
e: file:///Users/jim/work/v2superbikeshed/Trikeshed/src/commonMain/kotlin/borg/trikeshed/lib/CharIndexed.kt:139:51 Unresolved reference. None of the following candidates is applicable because of a receiver type mismatch:
fun <T> Join<Int, Function1<Int, Join<Any?, TypeMemento>>>.get(column: Column<T>): T?
e: file:///Users/jim/work/v2superbikeshed/Trikeshed/src/commonMain/kotlin/borg/trikeshed/lib/CharIndexed.kt:168:30 Cannot infer type for this parameter. Specify it explicitly.
e: file:///Users/jim/work/v2superbikeshed/Trikeshed/src/commonMain/kotlin/borg/trikeshed/lib/CharIndexed.kt:168:30 Unresolved reference. None of the following candidates is applicable because of a receiver type mismatch:
fun <T> Join<Int, Function1<Int, Join<Any?, TypeMemento>>>.get(column: Column<T>): T?
e: file:///Users/jim/work/v2superbikeshed/Trikeshed/src/commonMain/kotlin/borg/trikeshed/lib/CharIndexed.kt:168:30 Argument type mismatch: actual type is 'T? (of fun <T> Join<Int, Function1<Int, Join<Any?, TypeMemento>>>.get)', but 'Char' was expected.
e: file:///Users/jim/work/v2superbikeshed/Trikeshed/src/commonMain/kotlin/borg/trikeshed/lib/CharIndexed.kt:170:30 Cannot infer type for this parameter. Specify it explicitly.
e: file:///Users/jim/work/v2superbikeshed/Trikeshed/src/commonMain/kotlin/borg/trikeshed/lib/CharIndexed.kt:170:30 Unresolved reference. None of the following candidates is applicable because of a receiver type mismatch:
fun <T> Join<Int, Function1<Int, Join<Any?, TypeMemento>>>.get(column: Column<T>): T?
e: file:///Users/jim/work/v2superbikeshed/Trikeshed/src/commonMain/kotlin/borg/trikeshed/lib/CharIndexed.kt:170:30 Argument type mismatch: actual type is 'T? (of fun <T> Join<Int, Function1<Int, Join<Any?, TypeMemento>>>.get)', but 'Char' was expected.
e: file:///Users/jim/work/v2superbikeshed/Trikeshed/src/commonMain/kotlin/borg/trikeshed/lib/CharIndexed.kt:239:24 Unresolved reference. None of the following candidates is applicable because of a receiver type mismatch:
fun <T> Join<Int, Function1<Int, Join<Any?, TypeMemento>>>.get(column: Column<T>): T?
e: file:///Users/jim/work/v2superbikeshed/Trikeshed/src/commonMain/kotlin/borg/trikeshed/lib/CharIndexed.kt:274:33 Inapplicable candidate(s): val get: Char
e: file:///Users/jim/work/v2superbikeshed/Trikeshed/src/commonMain/kotlin/borg/trikeshed/lib/CharIndexed.kt:335:56 Unresolved reference 'CharIndexed'.
e: file:///Users/jim/work/v2superbikeshed/Trikeshed/src/commonMain/kotlin/borg/trikeshed/lib/CharIndexed.kt:338:38 Cannot infer type for this parameter. Specify it explicitly.
e: file:///Users/jim/work/v2superbikeshed/Trikeshed/src/commonMain/kotlin/borg/trikeshed/lib/CharIndexed.kt:338:38 Not enough information to infer type argument for 'B'.
e: file:///Users/jim/work/v2superbikeshed/Trikeshed/src/commonMain/kotlin/borg/trikeshed/lib/CharIndexed.kt:338:42 Cannot infer type for this parameter. Specify it explicitly.
e: file:///Users/jim/work/v2superbikeshed/Trikeshed/src/commonMain/kotlin/borg/trikeshed/lib/CharIndexed.kt:345:24 Unresolved reference 'CharIndexed'.
e: file:///Users/jim/work/v2superbikeshed/Trikeshed/src/commonMain/kotlin/borg/trikeshed/lib/CharIndexed.kt:352:23 Unresolved reference 'CharIndexed'.
e: file:///Users/jim/work/v2superbikeshed/Trikeshed/src/commonMain/kotlin/borg/trikeshed/lib/CharIndexed.kt:359:30 Unresolved reference 'CharIndexed'.
e: file:///Users/jim/work/v2superbikeshed/Trikeshed/src/commonMain/kotlin/borg/trikeshed/lib/CharIndexed.kt:360:26 Unresolved reference 'a'.
e: file:///Users/jim/work/v2superbikeshed/Trikeshed/src/commonMain/kotlin/borg/trikeshed/lib/CharIndexed.kt:382:28 Unresolved reference 'CharIndexed'.
e: file:///Users/jim/work/v2superbikeshed/Trikeshed/src/commonMain/kotlin/borg/trikeshed/lib/CharIndexed.kt:383:20 Unresolved reference 'a'.
e: file:///Users/jim/work/v2superbikeshed/Trikeshed/src/commonMain/kotlin/borg/trikeshed/lib/CharIndexed.kt:384:34 Unresolved reference 'a'.
e: file:///Users/jim/work/v2superbikeshed/Trikeshed/src/commonMain/kotlin/borg/trikeshed/lib/CharIndexed.kt:393:26 Unresolved reference 'CharIndexed'.
e: file:///Users/jim/work/v2superbikeshed/Trikeshed/src/commonMain/kotlin/borg/trikeshed/lib/CharIndexed.kt:394:20 Unresolved reference 'a'.
e: file:///Users/jim/work/v2superbikeshed/Trikeshed/src/commonMain/kotlin/borg/trikeshed/lib/CharIndexed.kt:395:40 Unresolved reference 'a'.
e: file:///Users/jim/work/v2superbikeshed/Trikeshed/src/commonMain/kotlin/borg/trikeshed/lib/CharIndexed.kt:396:34 Unresolved reference 'a'.
e: file:///Users/jim/work/v2superbikeshed/Trikeshed/src/commonMain/kotlin/borg/trikeshed/lib/CharIndexed.kt:397:19 Argument type mismatch: actual type is 'Join<Shape, Function1<Shape, Int>>', but 'Int' was expected.
e: file:///Users/jim/work/v2superbikeshed/Trikeshed/src/commonMain/kotlin/borg/trikeshed/lib/CharIndexed.kt:406:52 Unresolved reference 'CharIndexed'.
e: file:///Users/jim/work/v2superbikeshed/Trikeshed/src/commonMain/kotlin/borg/trikeshed/lib/CharIndexed.kt:409:38 Cannot infer type for this parameter. Specify it explicitly.
e: file:///Users/jim/work/v2superbikeshed/Trikeshed/src/commonMain/kotlin/borg/trikeshed/lib/CharIndexed.kt:409:38 Not enough information to infer type argument for 'B'.
e: file:///Users/jim/work/v2superbikeshed/Trikeshed/src/commonMain/kotlin/borg/trikeshed/lib/CharIndexed.kt:409:42 Cannot infer type for this parameter. Specify it explicitly.
e: file:///Users/jim/work/v2superbikeshed/Trikeshed/src/commonMain/kotlin/borg/trikeshed/lib/CharIndexed.kt:416:22 Unresolved reference 'CharIndexed'.
e: file:///Users/jim/work/v2superbikeshed/Trikeshed/src/commonMain/kotlin/borg/trikeshed/lib/CharIndexed.kt:427:34 Cannot infer type for this parameter. Specify it explicitly.
e: file:///Users/jim/work/v2superbikeshed/Trikeshed/src/commonMain/kotlin/borg/trikeshed/lib/CharIndexed.kt:427:34 Not enough information to infer type argument for 'B'.
e: file:///Users/jim/work/v2superbikeshed/Trikeshed/src/commonMain/kotlin/borg/trikeshed/lib/CharIndexed.kt:427:38 Cannot infer type for this parameter. Specify it explicitly.
e: file:///Users/jim/work/v2superbikeshed/Trikeshed/src/commonMain/kotlin/borg/trikeshed/lib/CharIndexed.kt:434:45 Unresolved reference 'CharIndexed'.
e: file:///Users/jim/work/v2superbikeshed/Trikeshed/src/commonMain/kotlin/borg/trikeshed/lib/CharIndexed.kt:443:39 Unresolved reference 'CharIndexed'.
e: file:///Users/jim/work/v2superbikeshed/Trikeshed/src/commonMain/kotlin/borg/trikeshed/lib/CharIndexed.kt:446:41 Cannot infer type for this parameter. Specify it explicitly.
e: file:///Users/jim/work/v2superbikeshed/Trikeshed/src/commonMain/kotlin/borg/trikeshed/lib/CharIndexed.kt:446:41 Not enough information to infer type argument for 'B'.
e: file:///Users/jim/work/v2superbikeshed/Trikeshed/src/commonMain/kotlin/borg/trikeshed/lib/CharIndexed.kt:446:45 Cannot infer type for this parameter. Specify it explicitly.
e: file:///Users/jim/work/v2superbikeshed/Trikeshed/src/commonMain/kotlin/borg/trikeshed/lib/CharIndexed.kt:523:30 Cannot infer type for this parameter. Specify it explicitly.
e: file:///Users/jim/work/v2superbikeshed/Trikeshed/src/commonMain/kotlin/borg/trikeshed/lib/CharIndexed.kt:523:30 Unresolved reference. None of the following candidates is applicable because of a receiver type mismatch:
fun <T> Join<Int, Function1<Int, Join<Any?, TypeMemento>>>.get(column: Column<T>): T?
e: file:///Users/jim/work/v2superbikeshed/Trikeshed/src/commonMain/kotlin/borg/trikeshed/lib/CharIndexed.kt:531:17 None of the following candidates is applicable:
fun <X, C, V : Join<Int, Function1<Int, X>>> V.α(crossinline xform: (X) -> C): Join<Int, Function1<Int, C>>
fun <X, C> Array<X>.α(crossinline xform: (X) -> C): Join<Int, Function1<Int, C>>
fun <X, C, Subject : Iterable<X>> Subject.α(xform: (X) -> C): Iterable<C>
fun <X, C, V : Join<Int, Function1<Int, X>>> V.α(crossinline xform: (X) -> C): Join<Int, Function1<Int, C>>
e: file:///Users/jim/work/v2superbikeshed/Trikeshed/src/commonMain/kotlin/borg/trikeshed/lib/CharIndexed.kt:531:21 Cannot infer type for this parameter. Specify it explicitly.
e: file:///Users/jim/work/v2superbikeshed/Trikeshed/src/commonMain/kotlin/borg/trikeshed/lib/CharIndexed.kt:533:43 Unresolved reference 'dec'.
e: file:///Users/jim/work/v2superbikeshed/Trikeshed/src/commonMain/kotlin/borg/trikeshed/lib/CharIndexed.kt:541:9 Cannot infer type for this parameter. Specify it explicitly.
e: file:///Users/jim/work/v2superbikeshed/Trikeshed/src/commonMain/kotlin/borg/trikeshed/lib/CharIndexed.kt:541:9 Unresolved reference. None of the following candidates is applicable because of a receiver type mismatch:
fun <T> Join<Int, Function1<Int, Join<Any?, TypeMemento>>>.get(column: Column<T>): T?
e: file:///Users/jim/work/v2superbikeshed/Trikeshed/src/commonMain/kotlin/borg/trikeshed/lib/CharIndexed.kt:549:53 Unresolved reference. None of the following candidates is applicable because of a receiver type mismatch:
expect fun CharArray.concatToString(): String
e: file:///Users/jim/work/v2superbikeshed/Trikeshed/src/commonMain/kotlin/borg/trikeshed/lib/CharIndexed.kt:550:82 Cannot infer type for this parameter. Specify it explicitly.
e: file:///Users/jim/work/v2superbikeshed/Trikeshed/src/commonMain/kotlin/borg/trikeshed/lib/CharIndexed.kt:550:82 Unresolved reference. None of the following candidates is applicable because of a receiver type mismatch:
fun <T> Join<Int, Function1<Int, Join<Any?, TypeMemento>>>.get(column: Column<T>): T?
e: file:///Users/jim/work/v2superbikeshed/Trikeshed/src/commonMain/kotlin/borg/trikeshed/lib/ColumnarExtensions.kt:18:11 Redeclaration:
typealias RowVec = Join<Int, Function1<Int, Join<Any?, Function0<ColumnMeta>>>>
e: file:///Users/jim/work/v2superbikeshed/Trikeshed/src/commonMain/kotlin/borg/trikeshed/lib/ColumnarExtensions.kt:106:41 Return type mismatch: expected 'Join<A (of fun <A, T> T.lift), Function1<A (of fun <A, T> T.lift), T (of fun <A, T> T.lift)>>', actual 'Join<Int, ERROR CLASS: Cannot infer argument for type parameter B>'.
e: file:///Users/jim/work/v2superbikeshed/Trikeshed/src/commonMain/kotlin/borg/trikeshed/lib/ColumnarExtensions.kt:106:43 Cannot infer type for this parameter. Specify it explicitly.
e: file:///Users/jim/work/v2superbikeshed/Trikeshed/src/commonMain/kotlin/borg/trikeshed/lib/ColumnarExtensions.kt:106:43 Not enough information to infer type argument for 'B'.
e: file:///Users/jim/work/v2superbikeshed/Trikeshed/src/commonMain/kotlin/borg/trikeshed/lib/ColumnarExtensions.kt:106:47 Cannot infer type for this parameter. Specify it explicitly.
e: file:///Users/jim/work/v2superbikeshed/Trikeshed/src/commonMain/kotlin/borg/trikeshed/lib/ColumnarExtensions.kt:162:35 None of the following candidates is applicable:
fun <T, R> Array<out T>.mapIndexed(transform: (@ParameterName(...) Int, T) -> R): List<R>
fun <R> ByteArray.mapIndexed(transform: (@ParameterName(...) Int, Byte) -> R): List<R>
fun <R> ShortArray.mapIndexed(transform: (@ParameterName(...) Int, Short) -> R): List<R>
fun <R> IntArray.mapIndexed(transform: (@ParameterName(...) Int, Int) -> R): List<R>
fun <R> LongArray.mapIndexed(transform: (@ParameterName(...) Int, Long) -> R): List<R>
fun <R> FloatArray.mapIndexed(transform: (@ParameterName(...) Int, Float) -> R): List<R>
fun <R> DoubleArray.mapIndexed(transform: (@ParameterName(...) Int, Double) -> R): List<R>
fun <R> BooleanArray.mapIndexed(transform: (@ParameterName(...) Int, Boolean) -> R): List<R>
fun <R> CharArray.mapIndexed(transform: (@ParameterName(...) Int, Char) -> R): List<R>
fun <T, R> Iterable<T>.mapIndexed(transform: (@ParameterName(...) Int, T) -> R): List<R>
fun <R> UIntArray.mapIndexed(transform: (@ParameterName(...) Int, UInt) -> R): List<R>
fun <R> ULongArray.mapIndexed(transform: (@ParameterName(...) Int, ULong) -> R): List<R>
fun <R> UByteArray.mapIndexed(transform: (@ParameterName(...) Int, UByte) -> R): List<R>
fun <R> UShortArray.mapIndexed(transform: (@ParameterName(...) Int, UShort) -> R): List<R>
fun <T, R> Sequence<T>.mapIndexed(transform: (@ParameterName(...) Int, T) -> R): Sequence<R>
fun <R> CharSequence.mapIndexed(transform: (@ParameterName(...) Int, Char) -> R): List<R>
e: file:///Users/jim/work/v2superbikeshed/Trikeshed/src/commonMain/kotlin/borg/trikeshed/lib/ColumnarExtensions.kt:162:48 Cannot infer type for this parameter. Specify it explicitly.
e: file:///Users/jim/work/v2superbikeshed/Trikeshed/src/commonMain/kotlin/borg/trikeshed/lib/ColumnarExtensions.kt:162:51 Cannot infer type for this parameter. Specify it explicitly.
e: file:///Users/jim/work/v2superbikeshed/Trikeshed/src/commonMain/kotlin/borg/trikeshed/lib/ColumnarExtensions.kt:162:64 Cannot infer type for this parameter. Specify it explicitly.
e: file:///Users/jim/work/v2superbikeshed/Trikeshed/src/commonMain/kotlin/borg/trikeshed/lib/ColumnarExtensions.kt:162:64 Unresolved reference. None of the following candidates is applicable because of a receiver type mismatch:
fun <A, B> A.to(that: B): Pair<A, B>
e: file:///Users/jim/work/v2superbikeshed/Trikeshed/src/commonMain/kotlin/borg/trikeshed/lib/ColumnarExtensions.kt:163:56 Unresolved reference. None of the following candidates is applicable because of a receiver type mismatch:
fun Join<Int, Function1<Int, Int>>.toIntArray(): IntArray
e: file:///Users/jim/work/v2superbikeshed/Trikeshed/src/commonMain/kotlin/borg/trikeshed/lib/ColumnarExtensions.kt:183:16 Cannot inline 'transform: (Join<Int, Function1<Int, Join<Any?, TypeMemento>>>) -> Join<Int, Function1<Int, Join<Any?, TypeMemento>>>' here: it might contain non-local returns. Add 'crossinline' modifier to parameter declaration 'transform: (Join<Int, Function1<Int, Join<Any?, TypeMemento>>>) -> Join<Int, Function1<Int, Join<Any?, TypeMemento>>>'.
e: file:///Users/jim/work/v2superbikeshed/Trikeshed/src/commonMain/kotlin/borg/trikeshed/lib/ColumnarExtensions.kt:390:33 Unresolved reference 'b1'.
e: file:///Users/jim/work/v2superbikeshed/Trikeshed/src/commonMain/kotlin/borg/trikeshed/lib/ColumnarExtensions.kt:391:36 Unresolved reference 'b2'.
e: file:///Users/jim/work/v2superbikeshed/Trikeshed/src/commonMain/kotlin/borg/trikeshed/lib/ColumnarExtensions.kt:406:29 Unresolved reference 'b1'.
e: file:///Users/jim/work/v2superbikeshed/Trikeshed/src/commonMain/kotlin/borg/trikeshed/lib/ColumnarExtensions.kt:407:32 Unresolved reference 'b2'.
e: file:///Users/jim/work/v2superbikeshed/Trikeshed/src/commonMain/kotlin/borg/trikeshed/lib/ColumnarExtensions.kt:441:60 Cannot infer type for this parameter. Specify it explicitly.
e: file:///Users/jim/work/v2superbikeshed/Trikeshed/src/commonMain/kotlin/borg/trikeshed/lib/ColumnarExtensions.kt:441:60 Not enough information to infer type argument for 'B'.
e: file:///Users/jim/work/v2superbikeshed/Trikeshed/src/commonMain/kotlin/borg/trikeshed/lib/ColumnarExtensions.kt:441:64 Cannot infer type for this parameter. Specify it explicitly.
e: file:///Users/jim/work/v2superbikeshed/Trikeshed/src/commonMain/kotlin/borg/trikeshed/lib/ColumnarExtensions.kt:442:29 'operator' modifier is required on 'FirNamedFunctionSymbol kotlin/compareTo' in 'compareTo'.
e: file:///Users/jim/work/v2superbikeshed/Trikeshed/src/commonMain/kotlin/borg/trikeshed/lib/ColumnarExtensions.kt:442:73 Argument type mismatch: actual type is 'Join<Shape, Function1<Shape, Int>>', but 'Int' was expected.
e: file:///Users/jim/work/v2superbikeshed/Trikeshed/src/commonMain/kotlin/borg/trikeshed/lib/CoreTypes.kt:44:11 Redeclaration:
typealias RowVec = Join<Int, Function1<Int, Join<Any?, TypeMemento>>>
e: file:///Users/jim/work/v2superbikeshed/Trikeshed/src/commonMain/kotlin/borg/trikeshed/lib/CoreTypes.kt:114:64 None of the following candidates is applicable:
fun <K, V> mapOf(vararg pairs: Pair<K, V>): Map<K, V>
expect fun <K, V> mapOf(pair: Pair<K, V>): Map<K, V>
e: file:///Users/jim/work/v2superbikeshed/Trikeshed/src/commonMain/kotlin/borg/trikeshed/lib/CoreTypes.kt:119:14 Conflicting overloads:
fun <X, C, V : Join<Int, Function1<Int, X>>> V.α(crossinline xform: (X) -> C): Join<Int, Function1<Int, C>>
e: file:///Users/jim/work/v2superbikeshed/Trikeshed/src/commonMain/kotlin/borg/trikeshed/lib/CoreTypes.kt:144:61 None of the following candidates is applicable:
fun <T> Join<Int, Function1<Int, T>>.any(predicate: (T) -> Boolean): Boolean
fun <T> Array<out T>.any(): Boolean
fun ByteArray.any(): Boolean
fun ShortArray.any(): Boolean
fun IntArray.any(): Boolean
fun LongArray.any(): Boolean
fun FloatArray.any(): Boolean
fun DoubleArray.any(): Boolean
fun BooleanArray.any(): Boolean
fun CharArray.any(): Boolean
fun <T> Array<out T>.any(predicate: (T) -> Boolean): Boolean
fun ByteArray.any(predicate: (Byte) -> Boolean): Boolean
fun ShortArray.any(predicate: (Short) -> Boolean): Boolean
fun IntArray.any(predicate: (Int) -> Boolean): Boolean
fun LongArray.any(predicate: (Long) -> Boolean): Boolean
fun FloatArray.any(predicate: (Float) -> Boolean): Boolean
fun DoubleArray.any(predicate: (Double) -> Boolean): Boolean
fun BooleanArray.any(predicate: (Boolean) -> Boolean): Boolean
fun CharArray.any(predicate: (Char) -> Boolean): Boolean
fun <T> Iterable<T>.any(): Boolean
fun <T> Iterable<T>.any(predicate: (T) -> Boolean): Boolean
fun <K, V> Map<out K, V>.any(): Boolean
fun <K, V> Map<out K, V>.any(predicate: (Map.Entry<K, V>) -> Boolean): Boolean
fun UIntArray.any(): Boolean
fun ULongArray.any(): Boolean
fun UByteArray.any(): Boolean
fun UShortArray.any(): Boolean
fun UIntArray.any(predicate: (UInt) -> Boolean): Boolean
fun ULongArray.any(predicate: (ULong) -> Boolean): Boolean
fun UByteArray.any(predicate: (UByte) -> Boolean): Boolean
fun UShortArray.any(predicate: (UShort) -> Boolean): Boolean
fun <T> Sequence<T>.any(): Boolean
fun <T> Sequence<T>.any(predicate: (T) -> Boolean): Boolean
fun CharSequence.any(): Boolean
fun CharSequence.any(predicate: (Char) -> Boolean): Boolean
e: file:///Users/jim/work/v2superbikeshed/Trikeshed/src/commonMain/kotlin/borg/trikeshed/lib/CoreTypes.kt:144:67 Unresolved reference 'it'.
e: file:///Users/jim/work/v2superbikeshed/Trikeshed/src/commonMain/kotlin/borg/trikeshed/lib/CoreTypes.kt:190:1 Conflicting overloads:
fun ByteArray.toIndexed(): Join<Int, Function1<Int, Byte>>
e: file:///Users/jim/work/v2superbikeshed/Trikeshed/src/commonMain/kotlin/borg/trikeshed/lib/CoreTypes.kt:192:13 Annotation argument must be a compile-time constant.
e: file:///Users/jim/work/v2superbikeshed/Trikeshed/src/commonMain/kotlin/borg/trikeshed/lib/CoreTypes.kt:192:75 Unresolved reference 'it'.
e: file:///Users/jim/work/v2superbikeshed/Trikeshed/src/commonMain/kotlin/borg/trikeshed/lib/CoreTypes.kt:193:6 Type parameter of a property must be used in its receiver type.
e: file:///Users/jim/work/v2superbikeshed/Trikeshed/src/commonMain/kotlin/borg/trikeshed/lib/CoreTypes.kt:196:45 Overload resolution ambiguity between candidates:
fun ByteArray.toIndexed(): Join<Int, Function1<Int, Byte>>
fun <T> Any.toIndexed(): Join<Int, Function1<Int, T>>
fun ByteArray.toIndexed(): Join<Int, Function1<Int, Byte>>
e: file:///Users/jim/work/v2superbikeshed/Trikeshed/src/commonMain/kotlin/borg/trikeshed/lib/PackingStrategies.kt:310:17 Unresolved reference 'isArray'.
e: file:///Users/jim/work/v2superbikeshed/Trikeshed/src/commonMain/kotlin/borg/trikeshed/lib/PackingStrategies.kt:316:17 Unresolved reference 'isArray'.
e: file:///Users/jim/work/v2superbikeshed/Trikeshed/src/commonMain/kotlin/borg/trikeshed/lib/PackingStrategies.kt:332:17 Unresolved reference 'isArray'.
e: file:///Users/jim/work/v2superbikeshed/Trikeshed/src/commonMain/kotlin/borg/trikeshed/lib/PackingStrategies.kt:637:9 'when' expression must be exhaustive. Add the 'ADAPTIVE' branch or an 'else' branch.
e: file:///Users/jim/work/v2superbikeshed/Trikeshed/src/commonMain/kotlin/borg/trikeshed/lib/PackingStrategies.kt:637:9 Argument type mismatch: actual type is 'Unit', but 'Function2<Any?, Any?, Boolean>' was expected.
e: file:///Users/jim/work/v2superbikeshed/Trikeshed/src/commonMain/kotlin/borg/trikeshed/lib/PackingStrategies.kt:637:9 Not enough information to infer type argument for 'K'.
e: file:///Users/jim/work/v2superbikeshed/Trikeshed/src/commonMain/kotlin/borg/trikeshed/lib/PackingStrategies.kt:638:42 Cannot infer type for this parameter. Specify it explicitly.
e: file:///Users/jim/work/v2superbikeshed/Trikeshed/src/commonMain/kotlin/borg/trikeshed/lib/PackingStrategies.kt:638:45 Cannot infer type for this parameter. Specify it explicitly.
e: file:///Users/jim/work/v2superbikeshed/Trikeshed/src/commonMain/kotlin/borg/trikeshed/lib/PackingStrategies.kt:638:50 Cannot infer type for this parameter. Specify it explicitly.
e: file:///Users/jim/work/v2superbikeshed/Trikeshed/src/commonMain/kotlin/borg/trikeshed/lib/PackingStrategies.kt:639:43 Cannot infer type for this parameter. Specify it explicitly.
e: file:///Users/jim/work/v2superbikeshed/Trikeshed/src/commonMain/kotlin/borg/trikeshed/lib/PackingStrategies.kt:639:46 Cannot infer type for this parameter. Specify it explicitly.
e: file:///Users/jim/work/v2superbikeshed/Trikeshed/src/commonMain/kotlin/borg/trikeshed/lib/PackingStrategies.kt:639:51 Cannot infer type for this parameter. Specify it explicitly.
e: file:///Users/jim/work/v2superbikeshed/Trikeshed/src/commonMain/kotlin/borg/trikeshed/lib/PackingStrategies.kt:639:76 Cannot infer type for this parameter. Specify it explicitly.
e: file:///Users/jim/work/v2superbikeshed/Trikeshed/src/commonMain/kotlin/borg/trikeshed/lib/PackingStrategies.kt:640:45 Cannot infer type for this parameter. Specify it explicitly.
e: file:///Users/jim/work/v2superbikeshed/Trikeshed/src/commonMain/kotlin/borg/trikeshed/lib/PackingStrategies.kt:640:48 Cannot infer type for this parameter. Specify it explicitly.
e: file:///Users/jim/work/v2superbikeshed/Trikeshed/src/commonMain/kotlin/borg/trikeshed/lib/PackingStrategies.kt:640:53 Cannot infer type for this parameter. Specify it explicitly.
e: file:///Users/jim/work/v2superbikeshed/Trikeshed/src/commonMain/kotlin/borg/trikeshed/lib/PackingStrategies.kt:640:77 Cannot infer type for this parameter. Specify it explicitly.
e: file:///Users/jim/work/v2superbikeshed/Trikeshed/src/commonMain/kotlin/borg/trikeshed/lib/PackingStrategies.kt:641:29 Unresolved reference 'EXPERIMENTAL'.
e: file:///Users/jim/work/v2superbikeshed/Trikeshed/src/commonMain/kotlin/borg/trikeshed/lib/PackingStrategies.kt:641:47 Cannot infer type for this parameter. Specify it explicitly.
e: file:///Users/jim/work/v2superbikeshed/Trikeshed/src/commonMain/kotlin/borg/trikeshed/lib/PackingStrategies.kt:641:50 Cannot infer type for this parameter. Specify it explicitly.
e: file:///Users/jim/work/v2superbikeshed/Trikeshed/src/commonMain/kotlin/borg/trikeshed/lib/PackingStrategies.kt:647:5 Type mismatch: inferred type is 'Join<Int, Int>', but 'Join<Any?, Any?>' was expected.
e: file:///Users/jim/work/v2superbikeshed/Trikeshed/src/commonMain/kotlin/borg/trikeshed/lib/PackingStrategies.kt:667:5 Type mismatch: inferred type is 'Join<Int, Int>', but 'Join<Any?, Any?>' was expected.
e: file:///Users/jim/work/v2superbikeshed/Trikeshed/src/commonMain/kotlin/borg/trikeshed/lib/PackingStrategies.kt:681:5 Type mismatch: inferred type is 'Join<Int, Int>', but 'Join<Any?, Any?>' was expected.
e: file:///Users/jim/work/v2superbikeshed/Trikeshed/src/commonMain/kotlin/borg/trikeshed/lib/PackingStrategies.kt:684:19 Unresolved reference 'a'.
e: file:///Users/jim/work/v2superbikeshed/Trikeshed/src/commonMain/kotlin/borg/trikeshed/lib/PackingStrategies.kt:686:18 Cannot check for instance of erased type 'Join<Int, Function1<Int, *>>'.
e: file:///Users/jim/work/v2superbikeshed/Trikeshed/src/commonMain/kotlin/borg/trikeshed/lib/PackingStrategies.kt:695:5 Type mismatch: inferred type is 'Join<Int, Int>', but 'Join<Any?, Any?>' was expected.
e: file:///Users/jim/work/v2superbikeshed/Trikeshed/src/commonMain/kotlin/borg/trikeshed/lib/PackingStrategies.kt:698:19 Unresolved reference 'a'.
e: file:///Users/jim/work/v2superbikeshed/Trikeshed/src/commonMain/kotlin/borg/trikeshed/lib/PackingStrategies.kt:700:18 Cannot check for instance of erased type 'Join<Int, Function1<Int, *>>'.
e: file:///Users/jim/work/v2superbikeshed/Trikeshed/src/commonMain/kotlin/borg/trikeshed/lib/PackingStrategies.kt:709:5 Type mismatch: inferred type is 'Join<Int, Int>', but 'Join<Any?, Any?>' was expected.
e: file:///Users/jim/work/v2superbikeshed/Trikeshed/src/commonMain/kotlin/borg/trikeshed/lib/PackingStrategies.kt:712:19 Unresolved reference 'a'.
e: file:///Users/jim/work/v2superbikeshed/Trikeshed/src/commonMain/kotlin/borg/trikeshed/lib/PackingStrategies.kt:712:38 Unresolved reference 'a'.
e: file:///Users/jim/work/v2superbikeshed/Trikeshed/src/commonMain/kotlin/borg/trikeshed/lib/PackingStrategies.kt:712:44 Unresolved reference 'a'.
e: file:///Users/jim/work/v2superbikeshed/Trikeshed/src/commonMain/kotlin/borg/trikeshed/lib/PackingStrategies.kt:714:18 Cannot check for instance of erased type 'Join<Int, Function1<Int, *>>'.
e: file:///Users/jim/work/v2superbikeshed/Trikeshed/src/commonMain/kotlin/borg/trikeshed/lib/PackingStrategies.kt:716:77 Unresolved reference 'a'.
e: file:///Users/jim/work/v2superbikeshed/Trikeshed/src/commonMain/kotlin/borg/trikeshed/lib/PackingStrategies.kt:726:5 Type mismatch: inferred type is 'Join<Int, Int>', but 'Join<Any?, Any?>' was expected.
e: file:///Users/jim/work/v2superbikeshed/Trikeshed/src/commonMain/kotlin/borg/trikeshed/lib/PackingStrategies.kt:729:19 Unresolved reference 'a'.
e: file:///Users/jim/work/v2superbikeshed/Trikeshed/src/commonMain/kotlin/borg/trikeshed/lib/PackingStrategies.kt:729:39 Unresolved reference 'a'.
e: file:///Users/jim/work/v2superbikeshed/Trikeshed/src/commonMain/kotlin/borg/trikeshed/lib/PackingStrategies.kt:731:18 Cannot check for instance of erased type 'Join<Int, Function1<Int, *>>'.
e: file:///Users/jim/work/v2superbikeshed/Trikeshed/src/commonMain/kotlin/borg/trikeshed/lib/PackingStrategies.kt:732:67 Unresolved reference 'a'.
e: file:///Users/jim/work/v2superbikeshed/Trikeshed/src/commonMain/kotlin/borg/trikeshed/lib/PackingStrategies.kt:739:92 2 type arguments expected for interface PackedResult<A, B> : Join<A, B>.
e: file:///Users/jim/work/v2superbikeshed/Trikeshed/src/commonMain/kotlin/borg/trikeshed/lib/PackingStrategies.kt:741:9 'when' expression must be exhaustive. Add the 'ADAPTIVE' branch or an 'else' branch.
e: file:///Users/jim/work/v2superbikeshed/Trikeshed/src/commonMain/kotlin/borg/trikeshed/lib/PackingStrategies.kt:741:9 Argument type mismatch: actual type is 'Unit', but 'Function2<Any?, Any?, Either<Any, ERROR CLASS: Wrong number of type arguments>>' was expected.
e: file:///Users/jim/work/v2superbikeshed/Trikeshed/src/commonMain/kotlin/borg/trikeshed/lib/PackingStrategies.kt:741:9 Not enough information to infer type argument for 'K'.
e: file:///Users/jim/work/v2superbikeshed/Trikeshed/src/commonMain/kotlin/borg/trikeshed/lib/PackingStrategies.kt:742:42 Cannot infer type for this parameter. Specify it explicitly.
e: file:///Users/jim/work/v2superbikeshed/Trikeshed/src/commonMain/kotlin/borg/trikeshed/lib/PackingStrategies.kt:742:45 Cannot infer type for this parameter. Specify it explicitly.
e: file:///Users/jim/work/v2superbikeshed/Trikeshed/src/commonMain/kotlin/borg/trikeshed/lib/PackingStrategies.kt:743:21 Cannot infer type for this parameter. Specify it explicitly.
e: file:///Users/jim/work/v2superbikeshed/Trikeshed/src/commonMain/kotlin/borg/trikeshed/lib/PackingStrategies.kt:743:72 Unresolved reference 'packDiagonal'.
e: file:///Users/jim/work/v2superbikeshed/Trikeshed/src/commonMain/kotlin/borg/trikeshed/lib/PackingStrategies.kt:746:43 Cannot infer type for this parameter. Specify it explicitly.
e: file:///Users/jim/work/v2superbikeshed/Trikeshed/src/commonMain/kotlin/borg/trikeshed/lib/PackingStrategies.kt:746:46 Cannot infer type for this parameter. Specify it explicitly.
e: file:///Users/jim/work/v2superbikeshed/Trikeshed/src/commonMain/kotlin/borg/trikeshed/lib/PackingStrategies.kt:748:21 Cannot infer type for this parameter. Specify it explicitly.
e: file:///Users/jim/work/v2superbikeshed/Trikeshed/src/commonMain/kotlin/borg/trikeshed/lib/PackingStrategies.kt:748:46 Unresolved reference 'packPrefixed'.
e: file:///Users/jim/work/v2superbikeshed/Trikeshed/src/commonMain/kotlin/borg/trikeshed/lib/PackingStrategies.kt:748:46 Argument type mismatch: actual type is 'R (of fun <T, R> T.let)', but 'K (of fun <K> WHEN_CALL)' was expected.
e: file:///Users/jim/work/v2superbikeshed/Trikeshed/src/commonMain/kotlin/borg/trikeshed/lib/PackingStrategies.kt:748:65 Cannot infer type for this parameter. Specify it explicitly.
e: file:///Users/jim/work/v2superbikeshed/Trikeshed/src/commonMain/kotlin/borg/trikeshed/lib/PackingStrategies.kt:748:69 Cannot infer type for this parameter. Specify it explicitly.
e: file:///Users/jim/work/v2superbikeshed/Trikeshed/src/commonMain/kotlin/borg/trikeshed/lib/PackingStrategies.kt:748:102 Function invocation 'first()' expected.
e: file:///Users/jim/work/v2superbikeshed/Trikeshed/src/commonMain/kotlin/borg/trikeshed/lib/PackingStrategies.kt:748:112 Unresolved reference 'second'.
e: file:///Users/jim/work/v2superbikeshed/Trikeshed/src/commonMain/kotlin/borg/trikeshed/lib/PackingStrategies.kt:749:21 Cannot infer type for this parameter. Specify it explicitly.
e: file:///Users/jim/work/v2superbikeshed/Trikeshed/src/commonMain/kotlin/borg/trikeshed/lib/PackingStrategies.kt:749:49 Unresolved reference 'packRangeOffset'.
e: file:///Users/jim/work/v2superbikeshed/Trikeshed/src/commonMain/kotlin/borg/trikeshed/lib/PackingStrategies.kt:749:49 Argument type mismatch: actual type is 'R (of fun <T, R> T.let)', but 'K (of fun <K> WHEN_CALL)' was expected.
e: file:///Users/jim/work/v2superbikeshed/Trikeshed/src/commonMain/kotlin/borg/trikeshed/lib/PackingStrategies.kt:749:71 Cannot infer type for this parameter. Specify it explicitly.
e: file:///Users/jim/work/v2superbikeshed/Trikeshed/src/commonMain/kotlin/borg/trikeshed/lib/PackingStrategies.kt:749:75 Cannot infer type for this parameter. Specify it explicitly.
e: file:///Users/jim/work/v2superbikeshed/Trikeshed/src/commonMain/kotlin/borg/trikeshed/lib/PackingStrategies.kt:749:111 Function invocation 'first()' expected.
e: file:///Users/jim/work/v2superbikeshed/Trikeshed/src/commonMain/kotlin/borg/trikeshed/lib/PackingStrategies.kt:749:121 Unresolved reference 'second'.
e: file:///Users/jim/work/v2superbikeshed/Trikeshed/src/commonMain/kotlin/borg/trikeshed/lib/PackingStrategies.kt:750:21 Cannot infer type for this parameter. Specify it explicitly.
e: file:///Users/jim/work/v2superbikeshed/Trikeshed/src/commonMain/kotlin/borg/trikeshed/lib/PackingStrategies.kt:750:55 Unresolved reference 'packRelativeIncrement'.
e: file:///Users/jim/work/v2superbikeshed/Trikeshed/src/commonMain/kotlin/borg/trikeshed/lib/PackingStrategies.kt:750:55 Argument type mismatch: actual type is 'R (of fun <T, R> T.let)', but 'K (of fun <K> WHEN_CALL)' was expected.
e: file:///Users/jim/work/v2superbikeshed/Trikeshed/src/commonMain/kotlin/borg/trikeshed/lib/PackingStrategies.kt:750:83 Cannot infer type for this parameter. Specify it explicitly.
e: file:///Users/jim/work/v2superbikeshed/Trikeshed/src/commonMain/kotlin/borg/trikeshed/lib/PackingStrategies.kt:750:87 Cannot infer type for this parameter. Specify it explicitly.
e: file:///Users/jim/work/v2superbikeshed/Trikeshed/src/commonMain/kotlin/borg/trikeshed/lib/PackingStrategies.kt:750:129 Function invocation 'first()' expected.
e: file:///Users/jim/work/v2superbikeshed/Trikeshed/src/commonMain/kotlin/borg/trikeshed/lib/PackingStrategies.kt:750:139 Unresolved reference 'second'.
e: file:///Users/jim/work/v2superbikeshed/Trikeshed/src/commonMain/kotlin/borg/trikeshed/lib/PackingStrategies.kt:751:29 Argument type mismatch: actual type is 'Either<String, Nothing>', but 'K (of fun <K> WHEN_CALL)' was expected.
e: file:///Users/jim/work/v2superbikeshed/Trikeshed/src/commonMain/kotlin/borg/trikeshed/lib/PackingStrategies.kt:754:45 Cannot infer type for this parameter. Specify it explicitly.
e: file:///Users/jim/work/v2superbikeshed/Trikeshed/src/commonMain/kotlin/borg/trikeshed/lib/PackingStrategies.kt:754:48 Cannot infer type for this parameter. Specify it explicitly.
e: file:///Users/jim/work/v2superbikeshed/Trikeshed/src/commonMain/kotlin/borg/trikeshed/lib/PackingStrategies.kt:756:21 Cannot infer type for this parameter. Specify it explicitly.
e: file:///Users/jim/work/v2superbikeshed/Trikeshed/src/commonMain/kotlin/borg/trikeshed/lib/PackingStrategies.kt:756:45 Unresolved reference 'packPalette'.
e: file:///Users/jim/work/v2superbikeshed/Trikeshed/src/commonMain/kotlin/borg/trikeshed/lib/PackingStrategies.kt:756:45 Argument type mismatch: actual type is 'R (of fun <T, R> T.let)', but 'K (of fun <K> WHEN_CALL)' was expected.
e: file:///Users/jim/work/v2superbikeshed/Trikeshed/src/commonMain/kotlin/borg/trikeshed/lib/PackingStrategies.kt:756:63 Cannot infer type for this parameter. Specify it explicitly.
e: file:///Users/jim/work/v2superbikeshed/Trikeshed/src/commonMain/kotlin/borg/trikeshed/lib/PackingStrategies.kt:756:67 Cannot infer type for this parameter. Specify it explicitly.
e: file:///Users/jim/work/v2superbikeshed/Trikeshed/src/commonMain/kotlin/borg/trikeshed/lib/PackingStrategies.kt:756:99 Function invocation 'first()' expected.
e: file:///Users/jim/work/v2superbikeshed/Trikeshed/src/commonMain/kotlin/borg/trikeshed/lib/PackingStrategies.kt:756:109 Unresolved reference 'second'.
e: file:///Users/jim/work/v2superbikeshed/Trikeshed/src/commonMain/kotlin/borg/trikeshed/lib/PackingStrategies.kt:757:21 Cannot infer type for this parameter. Specify it explicitly.
e: file:///Users/jim/work/v2superbikeshed/Trikeshed/src/commonMain/kotlin/borg/trikeshed/lib/PackingStrategies.kt:757:50 Unresolved reference 'packMultiCluster'.
e: file:///Users/jim/work/v2superbikeshed/Trikeshed/src/commonMain/kotlin/borg/trikeshed/lib/PackingStrategies.kt:757:50 Argument type mismatch: actual type is 'R (of fun <T, R> T.let)', but 'K (of fun <K> WHEN_CALL)' was expected.
e: file:///Users/jim/work/v2superbikeshed/Trikeshed/src/commonMain/kotlin/borg/trikeshed/lib/PackingStrategies.kt:757:73 Cannot infer type for this parameter. Specify it explicitly.
e: file:///Users/jim/work/v2superbikeshed/Trikeshed/src/commonMain/kotlin/borg/trikeshed/lib/PackingStrategies.kt:757:77 Cannot infer type for this parameter. Specify it explicitly.
e: file:///Users/jim/work/v2superbikeshed/Trikeshed/src/commonMain/kotlin/borg/trikeshed/lib/PackingStrategies.kt:757:114 Function invocation 'first()' expected.
e: file:///Users/jim/work/v2superbikeshed/Trikeshed/src/commonMain/kotlin/borg/trikeshed/lib/PackingStrategies.kt:757:124 Unresolved reference 'second'.
e: file:///Users/jim/work/v2superbikeshed/Trikeshed/src/commonMain/kotlin/borg/trikeshed/lib/PackingStrategies.kt:758:29 Argument type mismatch: actual type is 'Either<String, Nothing>', but 'K (of fun <K> WHEN_CALL)' was expected.
e: file:///Users/jim/work/v2superbikeshed/Trikeshed/src/commonMain/kotlin/borg/trikeshed/lib/PackingStrategies.kt:761:29 Unresolved reference 'EXPERIMENTAL'.
e: file:///Users/jim/work/v2superbikeshed/Trikeshed/src/commonMain/kotlin/borg/trikeshed/lib/PackingStrategies.kt:761:47 Cannot infer type for this parameter. Specify it explicitly.
e: file:///Users/jim/work/v2superbikeshed/Trikeshed/src/commonMain/kotlin/borg/trikeshed/lib/PackingStrategies.kt:761:50 Cannot infer type for this parameter. Specify it explicitly.
e: file:///Users/jim/work/v2superbikeshed/Trikeshed/src/commonMain/kotlin/borg/trikeshed/lib/PackingStrategies.kt:764:21 Cannot infer type for this parameter. Specify it explicitly.
e: file:///Users/jim/work/v2superbikeshed/Trikeshed/src/commonMain/kotlin/borg/trikeshed/lib/PackingStrategies.kt:764:46 Argument type mismatch: actual type is 'Either<Nothing, DiagonalPacked>', but 'K (of fun <K> WHEN_CALL)' was expected.
e: file:///Users/jim/work/v2superbikeshed/Trikeshed/src/commonMain/kotlin/borg/trikeshed/lib/PackingStrategies.kt:764:74 Unresolved reference 'packDiagonal'.
e: file:///Users/jim/work/v2superbikeshed/Trikeshed/src/commonMain/kotlin/borg/trikeshed/lib/PackingStrategies.kt:765:21 Cannot infer type for this parameter. Specify it explicitly.
e: file:///Users/jim/work/v2superbikeshed/Trikeshed/src/commonMain/kotlin/borg/trikeshed/lib/PackingStrategies.kt:765:46 Unresolved reference 'packPrefixed'.
e: file:///Users/jim/work/v2superbikeshed/Trikeshed/src/commonMain/kotlin/borg/trikeshed/lib/PackingStrategies.kt:765:46 Argument type mismatch: actual type is 'R (of fun <T, R> T.let)', but 'K (of fun <K> WHEN_CALL)' was expected.
e: file:///Users/jim/work/v2superbikeshed/Trikeshed/src/commonMain/kotlin/borg/trikeshed/lib/PackingStrategies.kt:765:65 Cannot infer type for this parameter. Specify it explicitly.
e: file:///Users/jim/work/v2superbikeshed/Trikeshed/src/commonMain/kotlin/borg/trikeshed/lib/PackingStrategies.kt:765:69 Cannot infer type for this parameter. Specify it explicitly.
e: file:///Users/jim/work/v2superbikeshed/Trikeshed/src/commonMain/kotlin/borg/trikeshed/lib/PackingStrategies.kt:765:102 Function invocation 'first()' expected.
e: file:///Users/jim/work/v2superbikeshed/Trikeshed/src/commonMain/kotlin/borg/trikeshed/lib/PackingStrategies.kt:765:112 Unresolved reference 'second'.
e: file:///Users/jim/work/v2superbikeshed/Trikeshed/src/commonMain/kotlin/borg/trikeshed/lib/PackingStrategies.kt:766:21 Cannot infer type for this parameter. Specify it explicitly.
e: file:///Users/jim/work/v2superbikeshed/Trikeshed/src/commonMain/kotlin/borg/trikeshed/lib/PackingStrategies.kt:766:49 Unresolved reference 'packRangeOffset'.
e: file:///Users/jim/work/v2superbikeshed/Trikeshed/src/commonMain/kotlin/borg/trikeshed/lib/PackingStrategies.kt:766:49 Argument type mismatch: actual type is 'R (of fun <T, R> T.let)', but 'K (of fun <K> WHEN_CALL)' was expected.
e: file:///Users/jim/work/v2superbikeshed/Trikeshed/src/commonMain/kotlin/borg/trikeshed/lib/PackingStrategies.kt:766:71 Cannot infer type for this parameter. Specify it explicitly.
e: file:///Users/jim/work/v2superbikeshed/Trikeshed/src/commonMain/kotlin/borg/trikeshed/lib/PackingStrategies.kt:766:75 Cannot infer type for this parameter. Specify it explicitly.
e: file:///Users/jim/work/v2superbikeshed/Trikeshed/src/commonMain/kotlin/borg/trikeshed/lib/PackingStrategies.kt:766:111 Function invocation 'first()' expected.
e: file:///Users/jim/work/v2superbikeshed/Trikeshed/src/commonMain/kotlin/borg/trikeshed/lib/PackingStrategies.kt:766:121 Unresolved reference 'second'.
e: file:///Users/jim/work/v2superbikeshed/Trikeshed/src/commonMain/kotlin/borg/trikeshed/lib/PackingStrategies.kt:767:21 Cannot infer type for this parameter. Specify it explicitly.
e: file:///Users/jim/work/v2superbikeshed/Trikeshed/src/commonMain/kotlin/borg/trikeshed/lib/PackingStrategies.kt:767:55 Unresolved reference 'packRelativeIncrement'.
e: file:///Users/jim/work/v2superbikeshed/Trikeshed/src/commonMain/kotlin/borg/trikeshed/lib/PackingStrategies.kt:767:55 Argument type mismatch: actual type is 'R (of fun <T, R> T.let)', but 'K (of fun <K> WHEN_CALL)' was expected.
e: file:///Users/jim/work/v2superbikeshed/Trikeshed/src/commonMain/kotlin/borg/trikeshed/lib/PackingStrategies.kt:767:83 Cannot infer type for this parameter. Specify it explicitly.
e: file:///Users/jim/work/v2superbikeshed/Trikeshed/src/commonMain/kotlin/borg/trikeshed/lib/PackingStrategies.kt:767:87 Cannot infer type for this parameter. Specify it explicitly.
e: file:///Users/jim/work/v2superbikeshed/Trikeshed/src/commonMain/kotlin/borg/trikeshed/lib/PackingStrategies.kt:767:129 Function invocation 'first()' expected.
e: file:///Users/jim/work/v2superbikeshed/Trikeshed/src/commonMain/kotlin/borg/trikeshed/lib/PackingStrategies.kt:767:139 Unresolved reference 'second'.
e: file:///Users/jim/work/v2superbikeshed/Trikeshed/src/commonMain/kotlin/borg/trikeshed/lib/PackingStrategies.kt:768:21 Cannot infer type for this parameter. Specify it explicitly.
e: file:///Users/jim/work/v2superbikeshed/Trikeshed/src/commonMain/kotlin/borg/trikeshed/lib/PackingStrategies.kt:768:45 Unresolved reference 'packPalette'.
e: file:///Users/jim/work/v2superbikeshed/Trikeshed/src/commonMain/kotlin/borg/trikeshed/lib/PackingStrategies.kt:768:45 Argument type mismatch: actual type is 'R (of fun <T, R> T.let)', but 'K (of fun <K> WHEN_CALL)' was expected.
e: file:///Users/jim/work/v2superbikeshed/Trikeshed/src/commonMain/kotlin/borg/trikeshed/lib/PackingStrategies.kt:768:63 Cannot infer type for this parameter. Specify it explicitly.
e: file:///Users/jim/work/v2superbikeshed/Trikeshed/src/commonMain/kotlin/borg/trikeshed/lib/PackingStrategies.kt:768:67 Cannot infer type for this parameter. Specify it explicitly.
e: file:///Users/jim/work/v2superbikeshed/Trikeshed/src/commonMain/kotlin/borg/trikeshed/lib/PackingStrategies.kt:768:99 Function invocation 'first()' expected.
e: file:///Users/jim/work/v2superbikeshed/Trikeshed/src/commonMain/kotlin/borg/trikeshed/lib/PackingStrategies.kt:768:109 Unresolved reference 'second'.
e: file:///Users/jim/work/v2superbikeshed/Trikeshed/src/commonMain/kotlin/borg/trikeshed/lib/PackingStrategies.kt:769:21 Cannot infer type for this parameter. Specify it explicitly.
e: file:///Users/jim/work/v2superbikeshed/Trikeshed/src/commonMain/kotlin/borg/trikeshed/lib/PackingStrategies.kt:769:50 Unresolved reference 'packMultiCluster'.
e: file:///Users/jim/work/v2superbikeshed/Trikeshed/src/commonMain/kotlin/borg/trikeshed/lib/PackingStrategies.kt:769:50 Argument type mismatch: actual type is 'R (of fun <T, R> T.let)', but 'K (of fun <K> WHEN_CALL)' was expected.
e: file:///Users/jim/work/v2superbikeshed/Trikeshed/src/commonMain/kotlin/borg/trikeshed/lib/PackingStrategies.kt:769:73 Cannot infer type for this parameter. Specify it explicitly.
e: file:///Users/jim/work/v2superbikeshed/Trikeshed/src/commonMain/kotlin/borg/trikeshed/lib/PackingStrategies.kt:769:77 Cannot infer type for this parameter. Specify it explicitly.
e: file:///Users/jim/work/v2superbikeshed/Trikeshed/src/commonMain/kotlin/borg/trikeshed/lib/PackingStrategies.kt:769:114 Function invocation 'first()' expected.
e: file:///Users/jim/work/v2superbikeshed/Trikeshed/src/commonMain/kotlin/borg/trikeshed/lib/PackingStrategies.kt:769:124 Unresolved reference 'second'.
e: file:///Users/jim/work/v2superbikeshed/Trikeshed/src/commonMain/kotlin/borg/trikeshed/lib/PackingStrategies.kt:770:29 Argument type mismatch: actual type is 'Either<String, Nothing>', but 'K (of fun <K> WHEN_CALL)' was expected.
e: file:///Users/jim/work/v2superbikeshed/Trikeshed/src/commonMain/kotlin/borg/trikeshed/lib/SafeStringExample.kt:17:37 Unresolved reference 'CharIndexed'.
e: file:///Users/jim/work/v2superbikeshed/Trikeshed/src/commonMain/kotlin/borg/trikeshed/lib/SafeStringExample.kt:21:46 Argument type mismatch: actual type is 'Boolean', but 'Int' was expected.
e: file:///Users/jim/work/v2superbikeshed/Trikeshed/src/commonMain/kotlin/borg/trikeshed/lib/SafeStringExample.kt:25:44 Argument type mismatch: actual type is 'Boolean', but 'Int' was expected.
e: file:///Users/jim/work/v2superbikeshed/Trikeshed/src/commonMain/kotlin/borg/trikeshed/lib/SafeStringExample.kt:29:47 Argument type mismatch: actual type is 'Boolean', but 'Int' was expected.
e: file:///Users/jim/work/v2superbikeshed/Trikeshed/src/commonMain/kotlin/borg/trikeshed/lib/SafeStringExample.kt:37:29 Unresolved reference 'CharIndexed'.
e: file:///Users/jim/work/v2superbikeshed/Trikeshed/src/commonMain/kotlin/borg/trikeshed/lib/SafeStringExample.kt:37:51 Unresolved reference 'CharIndexed'.
e: file:///Users/jim/work/v2superbikeshed/Trikeshed/src/commonMain/kotlin/borg/trikeshed/lib/SafeStringExample.kt:47:29 Unresolved reference 'CharIndexed'.
e: file:///Users/jim/work/v2superbikeshed/Trikeshed/src/commonMain/kotlin/borg/trikeshed/lib/SafeStringExample.kt:51:31 Cannot infer type for this parameter. Specify it explicitly.
e: file:///Users/jim/work/v2superbikeshed/Trikeshed/src/commonMain/kotlin/borg/trikeshed/lib/SafeStringExample.kt:51:31 Not enough information to infer type argument for 'T'.
e: file:///Users/jim/work/v2superbikeshed/Trikeshed/src/commonMain/kotlin/borg/trikeshed/lib/SafeStringExample.kt:58:30 Unresolved reference 'CharIndexed'.
e: file:///Users/jim/work/v2superbikeshed/Trikeshed/src/commonMain/kotlin/borg/trikeshed/lib/SafeStringExample.kt:58:44 Unresolved reference 'CharIndexed'.
e: file:///Users/jim/work/v2superbikeshed/Trikeshed/src/commonMain/kotlin/borg/trikeshed/lib/SafeStringExample.kt:70:17 Unresolved reference 'CharIndexed'.
e: file:///Users/jim/work/v2superbikeshed/Trikeshed/src/commonMain/kotlin/borg/trikeshed/lib/SafeStringExample.kt:71:15 Unresolved reference 'CharIndexed'.
e: file:///Users/jim/work/v2superbikeshed/Trikeshed/src/commonMain/kotlin/borg/trikeshed/lib/SafeStringExample.kt:72:18 Unresolved reference 'CharIndexed'.
e: file:///Users/jim/work/v2superbikeshed/Trikeshed/src/commonMain/kotlin/borg/trikeshed/lib/SafeStringExample.kt:78:37 Cannot infer type for this parameter. Specify it explicitly.
e: file:///Users/jim/work/v2superbikeshed/Trikeshed/src/commonMain/kotlin/borg/trikeshed/lib/SafeStringExample.kt:78:37 Not enough information to infer type argument for 'T'.
e: file:///Users/jim/work/v2superbikeshed/Trikeshed/src/commonMain/kotlin/borg/trikeshed/lib/SafeStringExample.kt:78:47 Cannot infer type for this parameter. Specify it explicitly.
e: file:///Users/jim/work/v2superbikeshed/Trikeshed/src/commonMain/kotlin/borg/trikeshed/lib/SafeStringExample.kt:78:47 Not enough information to infer type argument for 'T'.
e: file:///Users/jim/work/v2superbikeshed/Trikeshed/src/commonMain/kotlin/borg/trikeshed/lib/SafeStringExample.kt:79:22 Cannot infer type for this parameter. Specify it explicitly.
e: file:///Users/jim/work/v2superbikeshed/Trikeshed/src/commonMain/kotlin/borg/trikeshed/lib/SafeStringExample.kt:79:22 Not enough information to infer type argument for 'T'.
e: file:///Users/jim/work/v2superbikeshed/Trikeshed/src/commonMain/kotlin/borg/trikeshed/lib/SafeStringExample.kt:79:32 Cannot infer type for this parameter. Specify it explicitly.
e: file:///Users/jim/work/v2superbikeshed/Trikeshed/src/commonMain/kotlin/borg/trikeshed/lib/SafeStringExample.kt:79:32 Not enough information to infer type argument for 'T'.
e: file:///Users/jim/work/v2superbikeshed/Trikeshed/src/commonMain/kotlin/borg/trikeshed/lib/SafeStringExample.kt:80:28 Cannot infer type for this parameter. Specify it explicitly.
e: file:///Users/jim/work/v2superbikeshed/Trikeshed/src/commonMain/kotlin/borg/trikeshed/lib/SafeStringExample.kt:80:28 Not enough information to infer type argument for 'T'.
e: file:///Users/jim/work/v2superbikeshed/Trikeshed/src/commonMain/kotlin/borg/trikeshed/lib/SafeStringExample.kt:80:38 Cannot infer type for this parameter. Specify it explicitly.
e: file:///Users/jim/work/v2superbikeshed/Trikeshed/src/commonMain/kotlin/borg/trikeshed/lib/SafeStringExample.kt:80:38 Not enough information to infer type argument for 'T'.
e: file:///Users/jim/work/v2superbikeshed/Trikeshed/src/commonMain/kotlin/borg/trikeshed/lib/SafeStringExample.kt:87:5 Unresolved reference 'CharIndexed'.
e: file:///Users/jim/work/v2superbikeshed/Trikeshed/src/commonMain/kotlin/borg/trikeshed/lib/SafeStringExample.kt:87:50 Unresolved reference 'CharIndexed'.
e: file:///Users/jim/work/v2superbikeshed/Trikeshed/src/commonMain/kotlin/borg/trikeshed/lib/SafeStringExample.kt:88:39 Unresolved reference 'a'.
e: file:///Users/jim/work/v2superbikeshed/Trikeshed/src/commonMain/kotlin/borg/trikeshed/lib/SafeStringExample.kt:89:43 Unresolved reference 'a'.
e: file:///Users/jim/work/v2superbikeshed/Trikeshed/src/commonMain/kotlin/borg/trikeshed/lib/SafeStringExample.kt:90:34 Cannot infer type for this parameter. Specify it explicitly.
e: file:///Users/jim/work/v2superbikeshed/Trikeshed/src/commonMain/kotlin/borg/trikeshed/lib/SafeStringExample.kt:90:34 Not enough information to infer type argument for 'B'.
e: file:///Users/jim/work/v2superbikeshed/Trikeshed/src/commonMain/kotlin/borg/trikeshed/lib/SafeStringExample.kt:90:38 Cannot infer type for this parameter. Specify it explicitly.
e: file:///Users/jim/work/v2superbikeshed/Trikeshed/src/commonMain/kotlin/borg/trikeshed/lib/SafeStringExample.kt:90:43 Unresolved reference 'b'.
e: file:///Users/jim/work/v2superbikeshed/Trikeshed/src/commonMain/kotlin/borg/trikeshed/lib/SafeStringExample.kt:93:5 Unresolved reference 'CharIndexed'.
e: file:///Users/jim/work/v2superbikeshed/Trikeshed/src/commonMain/kotlin/borg/trikeshed/lib/SafeStringExample.kt:94:23 Unresolved reference 'a'.
e: file:///Users/jim/work/v2superbikeshed/Trikeshed/src/commonMain/kotlin/borg/trikeshed/lib/SafeStringExample.kt:95:13 Unresolved reference 'b'.
e: file:///Users/jim/work/v2superbikeshed/Trikeshed/src/commonMain/kotlin/borg/trikeshed/lib/SafeStringExample.kt:97:12 Unresolved reference 'a'.
e: file:///Users/jim/work/v2superbikeshed/Trikeshed/src/commonMain/kotlin/borg/trikeshed/lib/SafeStringExample.kt:100:5 Unresolved reference 'CharIndexed'.
e: file:///Users/jim/work/v2superbikeshed/Trikeshed/src/commonMain/kotlin/borg/trikeshed/lib/SafeStringExample.kt:100:36 Unresolved reference 'CharIndexed'.
e: file:///Users/jim/work/v2superbikeshed/Trikeshed/src/commonMain/kotlin/borg/trikeshed/lib/SafeStringExample.kt:101:16 Unresolved reference 'a'.
e: file:///Users/jim/work/v2superbikeshed/Trikeshed/src/commonMain/kotlin/borg/trikeshed/lib/SafeStringExample.kt:101:20 Unresolved reference 'a'.
e: file:///Users/jim/work/v2superbikeshed/Trikeshed/src/commonMain/kotlin/borg/trikeshed/lib/SafeStringExample.kt:102:30 Unresolved reference 'a'.
e: file:///Users/jim/work/v2superbikeshed/Trikeshed/src/commonMain/kotlin/borg/trikeshed/lib/SafeStringExample.kt:103:13 Unresolved reference 'b'.
e: file:///Users/jim/work/v2superbikeshed/Trikeshed/src/commonMain/kotlin/borg/trikeshed/lib/SafeStringExample.kt:108:5 Unresolved reference 'CharIndexed'.
e: file:///Users/jim/work/v2superbikeshed/Trikeshed/src/commonMain/kotlin/borg/trikeshed/lib/SafeStringExample.kt:108:53 Unresolved reference 'CharIndexed'.
e: file:///Users/jim/work/v2superbikeshed/Trikeshed/src/commonMain/kotlin/borg/trikeshed/lib/SafeStringExample.kt:112:23 Unresolved reference 'a'.
e: file:///Users/jim/work/v2superbikeshed/Trikeshed/src/commonMain/kotlin/borg/trikeshed/lib/SafeStringExample.kt:113:13 Unresolved reference 'b'.
e: file:///Users/jim/work/v2superbikeshed/Trikeshed/src/commonMain/kotlin/borg/trikeshed/lib/SafeStringExample.kt:117:35 Unresolved reference 'CharIndexed'.
e: file:///Users/jim/work/v2superbikeshed/Trikeshed/src/commonMain/kotlin/borg/trikeshed/lib/SafeStringExample.kt:119:62 Unresolved reference 'a'.
e: file:///Users/jim/work/v2superbikeshed/Trikeshed/src/commonMain/kotlin/borg/trikeshed/lib/SafeStringExample.kt:120:37 Cannot infer type for this parameter. Specify it explicitly.
e: file:///Users/jim/work/v2superbikeshed/Trikeshed/src/commonMain/kotlin/borg/trikeshed/lib/SafeStringExample.kt:120:37 Not enough information to infer type argument for 'B'.
e: file:///Users/jim/work/v2superbikeshed/Trikeshed/src/commonMain/kotlin/borg/trikeshed/lib/SafeStringExample.kt:120:41 Cannot infer type for this parameter. Specify it explicitly.
e: file:///Users/jim/work/v2superbikeshed/Trikeshed/src/commonMain/kotlin/borg/trikeshed/lib/SafeStringExample.kt:120:46 Unresolved reference 'b'.
e: file:///Users/jim/work/v2superbikeshed/Trikeshed/src/commonMain/kotlin/borg/trikeshed/lib/SafeStringExample.kt:124:5 Unresolved reference 'CharIndexed'.
e: file:///Users/jim/work/v2superbikeshed/Trikeshed/src/commonMain/kotlin/borg/trikeshed/lib/SafeStringExample.kt:124:30 Unresolved reference 'CharIndexed'.
e: file:///Users/jim/work/v2superbikeshed/Trikeshed/src/commonMain/kotlin/borg/trikeshed/lib/SafeStringExample.kt:127:19 Unresolved reference 'a'.
e: file:///Users/jim/work/v2superbikeshed/Trikeshed/src/commonMain/kotlin/borg/trikeshed/lib/SafeStringExample.kt:130:31 Unresolved reference 'b'.
e: file:///Users/jim/work/v2superbikeshed/Trikeshed/src/commonMain/kotlin/borg/trikeshed/lib/SafeStringExample.kt:133:31 Unresolved reference 'b'.
e: file:///Users/jim/work/v2superbikeshed/Trikeshed/src/commonMain/kotlin/borg/trikeshed/lib/SafeStringExample.kt:133:61 Unresolved reference 'a'.
e: file:///Users/jim/work/v2superbikeshed/Trikeshed/src/commonMain/kotlin/borg/trikeshed/lib/SafeStringExample.kt:135:30 Cannot infer type for this parameter. Specify it explicitly.
e: file:///Users/jim/work/v2superbikeshed/Trikeshed/src/commonMain/kotlin/borg/trikeshed/lib/SafeStringExample.kt:135:30 Not enough information to infer type argument for 'B'.
e: file:///Users/jim/work/v2superbikeshed/Trikeshed/src/commonMain/kotlin/borg/trikeshed/lib/SafeStringExample.kt:135:34 Cannot infer type for this parameter. Specify it explicitly.
e: file:///Users/jim/work/v2superbikeshed/Trikeshed/src/commonMain/kotlin/borg/trikeshed/lib/SafeStringExample.kt:135:39 Unresolved reference 'b'.
e: file:///Users/jim/work/v2superbikeshed/Trikeshed/src/commonMain/kotlin/borg/trikeshed/lib/Tensor.kt:8:50 Return type mismatch: expected 'IntArray', actual 'Shape'.
e: file:///Users/jim/work/v2superbikeshed/Trikeshed/src/commonMain/kotlin/borg/trikeshed/lib/Tensor.kt:9:60 Return type mismatch: expected 'Function1<IntArray, T (of val <T> Join<Shape, Function1<Shape, T>>.accessor)>', actual 'Function1<Shape, T (of val <T> Join<Shape, Function1<Shape, T>>.accessor)>'.
e: file:///Users/jim/work/v2superbikeshed/Trikeshed/src/commonMain/kotlin/borg/trikeshed/lib/TensorConstruction.kt:11:12 Return type mismatch: expected 'Join<Shape, Function1<Shape, T (of fun <T> TensorIndexed)>>', actual 'Join<IntArray, ERROR CLASS: Cannot infer argument for type parameter B>'.
e: file:///Users/jim/work/v2superbikeshed/Trikeshed/src/commonMain/kotlin/borg/trikeshed/lib/TensorConstruction.kt:11:29 Cannot infer type for this parameter. Specify it explicitly.
e: file:///Users/jim/work/v2superbikeshed/Trikeshed/src/commonMain/kotlin/borg/trikeshed/lib/TensorConstruction.kt:11:29 Not enough information to infer type argument for 'B'.
e: file:///Users/jim/work/v2superbikeshed/Trikeshed/src/commonMain/kotlin/borg/trikeshed/lib/TensorConstruction.kt:11:33 Cannot infer type for this parameter. Specify it explicitly.
e: file:///Users/jim/work/v2superbikeshed/Trikeshed/src/commonMain/kotlin/borg/trikeshed/lib/TensorConstruction.kt:11:52 Argument type mismatch: actual type is 'V? (of fun <K, V> Map<out K, V>.get)', but 'Int' was expected.
e: file:///Users/jim/work/v2superbikeshed/Trikeshed/src/commonMain/kotlin/borg/trikeshed/lib/TensorConstruction.kt:11:52 Cannot infer type for this parameter. Specify it explicitly.
e: file:///Users/jim/work/v2superbikeshed/Trikeshed/src/commonMain/kotlin/borg/trikeshed/lib/TensorConstruction.kt:19:12 Return type mismatch: expected 'Join<Shape, Function1<Shape, T (of fun <T> TensorCursor)>>', actual 'Join<IntArray, ERROR CLASS: Cannot infer argument for type parameter B>'.
e: file:///Users/jim/work/v2superbikeshed/Trikeshed/src/commonMain/kotlin/borg/trikeshed/lib/TensorConstruction.kt:19:35 Cannot infer type for this parameter. Specify it explicitly.
e: file:///Users/jim/work/v2superbikeshed/Trikeshed/src/commonMain/kotlin/borg/trikeshed/lib/TensorConstruction.kt:19:35 Not enough information to infer type argument for 'B'.
e: file:///Users/jim/work/v2superbikeshed/Trikeshed/src/commonMain/kotlin/borg/trikeshed/lib/TensorConstruction.kt:19:39 Cannot infer type for this parameter. Specify it explicitly.
e: file:///Users/jim/work/v2superbikeshed/Trikeshed/src/commonMain/kotlin/borg/trikeshed/lib/TensorConstruction.kt:19:58 Argument type mismatch: actual type is 'V? (of fun <K, V> Map<out K, V>.get)', but 'Int' was expected.
e: file:///Users/jim/work/v2superbikeshed/Trikeshed/src/commonMain/kotlin/borg/trikeshed/lib/TensorConstruction.kt:19:58 Cannot infer type for this parameter. Specify it explicitly.
e: file:///Users/jim/work/v2superbikeshed/Trikeshed/src/commonMain/kotlin/borg/trikeshed/lib/TensorConstruction.kt:19:69 Argument type mismatch: actual type is 'V? (of fun <K, V> Map<out K, V>.get)', but 'Int' was expected.
e: file:///Users/jim/work/v2superbikeshed/Trikeshed/src/commonMain/kotlin/borg/trikeshed/lib/TensorConstruction.kt:19:69 Cannot infer type for this parameter. Specify it explicitly.
e: file:///Users/jim/work/v2superbikeshed/Trikeshed/src/commonMain/kotlin/borg/trikeshed/lib/TensorConstruction.kt:49:12 Return type mismatch: expected 'Join<Shape, Function1<Shape, T (of fun <T> fillTensor)>>', actual 'Join<IntArray, ERROR CLASS: Cannot infer argument for type parameter B>'.
e: file:///Users/jim/work/v2superbikeshed/Trikeshed/src/commonMain/kotlin/borg/trikeshed/lib/TensorConstruction.kt:49:18 Cannot infer type for this parameter. Specify it explicitly.
e: file:///Users/jim/work/v2superbikeshed/Trikeshed/src/commonMain/kotlin/borg/trikeshed/lib/TensorConstruction.kt:49:18 Not enough information to infer type argument for 'B'.
e: file:///Users/jim/work/v2superbikeshed/Trikeshed/src/commonMain/kotlin/borg/trikeshed/lib/TensorConstruction.kt:49:22 Cannot infer type for this parameter. Specify it explicitly.
e: file:///Users/jim/work/v2superbikeshed/Trikeshed/src/commonMain/kotlin/borg/trikeshed/lib/TensorConstruction.kt:56:12 Return type mismatch: expected 'Join<Shape, Function1<Shape, T (of fun <T> generateTensor)>>', actual 'Join<IntArray, Function1<IntArray, T (of fun <T> generateTensor)>>'.
e: file:///Users/jim/work/v2superbikeshed/Trikeshed/src/commonMain/kotlin/borg/trikeshed/lib/TensorMath.kt:18:52 Argument type mismatch: actual type is 'IntArray', but 'Int' was expected.
e: file:///Users/jim/work/v2superbikeshed/Trikeshed/src/commonMain/kotlin/borg/trikeshed/lib/TensorMath.kt:18:79 Argument type mismatch: actual type is 'IntArray', but 'Int' was expected.
e: file:///Users/jim/work/v2superbikeshed/Trikeshed/src/commonMain/kotlin/borg/trikeshed/lib/TensorMath.kt:23:52 Argument type mismatch: actual type is 'IntArray', but 'Int' was expected.
e: file:///Users/jim/work/v2superbikeshed/Trikeshed/src/commonMain/kotlin/borg/trikeshed/lib/TensorMath.kt:23:79 Argument type mismatch: actual type is 'IntArray', but 'Int' was expected.
e: file:///Users/jim/work/v2superbikeshed/Trikeshed/src/commonMain/kotlin/borg/trikeshed/lib/TensorMath.kt:28:45 Argument type mismatch: actual type is 'IntArray', but 'Int' was expected.
e: file:///Users/jim/work/v2superbikeshed/Trikeshed/src/commonMain/kotlin/borg/trikeshed/lib/TensorMath.kt:31:45 Argument type mismatch: actual type is 'IntArray', but 'Int' was expected.
e: file:///Users/jim/work/v2superbikeshed/Trikeshed/src/commonMain/kotlin/borg/trikeshed/lib/TensorMath.kt:34:45 Argument type mismatch: actual type is 'IntArray', but 'Int' was expected.
e: file:///Users/jim/work/v2superbikeshed/Trikeshed/src/commonMain/kotlin/borg/trikeshed/lib/TensorMath.kt:37:45 Argument type mismatch: actual type is 'IntArray', but 'Int' was expected.
e: file:///Users/jim/work/v2superbikeshed/Trikeshed/src/commonMain/kotlin/borg/trikeshed/lib/TensorMath.kt:41:46 Argument type mismatch: actual type is 'IntArray', but 'Int' was expected.
e: file:///Users/jim/work/v2superbikeshed/Trikeshed/src/commonMain/kotlin/borg/trikeshed/lib/TensorMath.kt:48:23 Argument type mismatch: actual type is 'IntArray', but 'Int' was expected.
e: file:///Users/jim/work/v2superbikeshed/Trikeshed/src/commonMain/kotlin/borg/trikeshed/lib/TensorMath.kt:60:56 Argument type mismatch: actual type is 'IntArray', but 'Int' was expected.
e: file:///Users/jim/work/v2superbikeshed/Trikeshed/src/commonMain/kotlin/borg/trikeshed/lib/TensorSlicing.kt:16:12 Return type mismatch: expected 'Join<Shape, Function1<Shape, T (of fun <T> Join<Shape, Function1<Shape, T>>.slice)>>', actual 'Join<IntArray, ERROR CLASS: Cannot infer argument for type parameter B>'.
e: file:///Users/jim/work/v2superbikeshed/Trikeshed/src/commonMain/kotlin/borg/trikeshed/lib/TensorSlicing.kt:16:21 Cannot infer type for this parameter. Specify it explicitly.
e: file:///Users/jim/work/v2superbikeshed/Trikeshed/src/commonMain/kotlin/borg/trikeshed/lib/TensorSlicing.kt:16:21 Not enough information to infer type argument for 'B'.
e: file:///Users/jim/work/v2superbikeshed/Trikeshed/src/commonMain/kotlin/borg/trikeshed/lib/TensorSlicing.kt:16:25 Cannot infer type for this parameter. Specify it explicitly.
e: file:///Users/jim/work/v2superbikeshed/Trikeshed/src/commonMain/kotlin/borg/trikeshed/lib/TensorSlicing.kt:23:37 Argument type mismatch: actual type is 'V? (of fun <K, V> Map<out K, V>.get)', but 'Int' was expected.
e: file:///Users/jim/work/v2superbikeshed/Trikeshed/src/commonMain/kotlin/borg/trikeshed/lib/TensorSlicing.kt:23:37 Cannot infer type for this parameter. Specify it explicitly.
e: file:///Users/jim/work/v2superbikeshed/Trikeshed/src/commonMain/kotlin/borg/trikeshed/lib/TensorSlicing.kt:26:14 Argument type mismatch: actual type is 'IntArray', but 'Int' was expected.
e: file:///Users/jim/work/v2superbikeshed/Trikeshed/src/commonMain/kotlin/borg/trikeshed/lib/TensorSlicing.kt:45:12 Return type mismatch: expected 'Join<Shape, Function1<Shape, T (of fun <T> Join<Shape, Function1<Shape, T>>.reshape)>>', actual 'Join<IntArray, ERROR CLASS: Cannot infer argument for type parameter B>'.
e: file:///Users/jim/work/v2superbikeshed/Trikeshed/src/commonMain/kotlin/borg/trikeshed/lib/TensorSlicing.kt:45:21 Cannot infer type for this parameter. Specify it explicitly.
e: file:///Users/jim/work/v2superbikeshed/Trikeshed/src/commonMain/kotlin/borg/trikeshed/lib/TensorSlicing.kt:45:21 Not enough information to infer type argument for 'B'.
e: file:///Users/jim/work/v2superbikeshed/Trikeshed/src/commonMain/kotlin/borg/trikeshed/lib/TensorSlicing.kt:45:25 Cannot infer type for this parameter. Specify it explicitly.
e: file:///Users/jim/work/v2superbikeshed/Trikeshed/src/commonMain/kotlin/borg/trikeshed/lib/TensorSlicing.kt:49:29 Cannot infer type for this parameter. Specify it explicitly.
e: file:///Users/jim/work/v2superbikeshed/Trikeshed/src/commonMain/kotlin/borg/trikeshed/lib/TensorSlicing.kt:49:29 Not enough information to infer type argument for 'T'.
e: file:///Users/jim/work/v2superbikeshed/Trikeshed/src/commonMain/kotlin/borg/trikeshed/lib/TensorSlicing.kt:50:25 None of the following candidates is applicable:
fun <K, V> MutableMap<in K, in V>.plusAssign(pair: Pair<K, V>): Unit
fun <K, V> MutableMap<in K, in V>.plusAssign(pairs: Iterable<Pair<K, V>>): Unit
fun <K, V> MutableMap<in K, in V>.plusAssign(pairs: Array<out Pair<K, V>>): Unit
fun <K, V> MutableMap<in K, in V>.plusAssign(pairs: Sequence<Pair<K, V>>): Unit
fun <K, V> MutableMap<in K, in V>.plusAssign(map: Map<K, V>): Unit
fun <T> MutableCollection<in T>.plusAssign(element: T): Unit
fun <T> MutableCollection<in T>.plusAssign(elements: Iterable<T>): Unit
fun <T> MutableCollection<in T>.plusAssign(elements: Array<T>): Unit
fun <T> MutableCollection<in T>.plusAssign(elements: Sequence<T>): Unit
e: file:///Users/jim/work/v2superbikeshed/Trikeshed/src/commonMain/kotlin/borg/trikeshed/lib/TensorSlicing.kt:50:28 Cannot infer type for this parameter. Specify it explicitly.
e: file:///Users/jim/work/v2superbikeshed/Trikeshed/src/commonMain/kotlin/borg/trikeshed/lib/TensorSlicing.kt:50:28 Not enough information to infer type argument for 'V'.
e: file:///Users/jim/work/v2superbikeshed/Trikeshed/src/commonMain/kotlin/borg/trikeshed/lib/datetime/DateTimeFormatter.kt:12:12 Unresolved reference 'System'.
e: file:///Users/jim/work/v2superbikeshed/Trikeshed/src/commonMain/kotlin/borg/trikeshed/lib/trie/PatriciaTrie.kt:47:32 Cannot infer type for this parameter. Specify it explicitly.
e: file:///Users/jim/work/v2superbikeshed/Trikeshed/src/commonMain/kotlin/borg/trikeshed/lib/trie/PatriciaTrie.kt:47:32 Unresolved reference. None of the following candidates is applicable because of a receiver type mismatch:
fun <T, K : Comparable<K>> List<T>.binarySearchBy(key: K?, fromIndex: Int = ..., toIndex: Int = ..., crossinline selector: (T) -> K?): Int
e: file:///Users/jim/work/v2superbikeshed/Trikeshed/src/commonMain/kotlin/borg/trikeshed/lib/trie/PatriciaTrie.kt:47:56 Cannot infer type for this parameter. Specify it explicitly.
e: file:///Users/jim/work/v2superbikeshed/Trikeshed/src/commonMain/kotlin/borg/trikeshed/lib/trie/PatriciaTrie.kt:47:61 Function invocation 'first()' expected.
e: file:///Users/jim/work/v2superbikeshed/Trikeshed/src/commonMain/kotlin/borg/trikeshed/lib/trie/PatriciaTrie.kt:60:32 Cannot infer type for this parameter. Specify it explicitly.
e: file:///Users/jim/work/v2superbikeshed/Trikeshed/src/commonMain/kotlin/borg/trikeshed/lib/trie/PatriciaTrie.kt:60:32 Unresolved reference. None of the following candidates is applicable because of a receiver type mismatch:
fun <T, K : Comparable<K>> List<T>.binarySearchBy(key: K?, fromIndex: Int = ..., toIndex: Int = ..., crossinline selector: (T) -> K?): Int
e: file:///Users/jim/work/v2superbikeshed/Trikeshed/src/commonMain/kotlin/borg/trikeshed/lib/trie/PatriciaTrie.kt:60:57 Cannot infer type for this parameter. Specify it explicitly.
e: file:///Users/jim/work/v2superbikeshed/Trikeshed/src/commonMain/kotlin/borg/trikeshed/lib/trie/PatriciaTrie.kt:60:62 Function invocation 'first()' expected.
e: file:///Users/jim/work/v2superbikeshed/Trikeshed/src/commonMain/kotlin/borg/trikeshed/lib/trie/PatriciaTrie.kt:63:32 Argument type mismatch: actual type is 'Pair<Any, PatriciaTrie<K (of class ArrayMapPatriciaTrie<K, V>), V (of class ArrayMapPatriciaTrie<K, V>)>>', but 'Pair<Any, ArrayMapPatriciaTrie<K (of class ArrayMapPatriciaTrie<K, V>), V (of class ArrayMapPatriciaTrie<K, V>)>>' was expected.
e: file:///Users/jim/work/v2superbikeshed/Trikeshed/src/commonMain/kotlin/borg/trikeshed/lib/trie/PatriciaTrie.kt:101:28 Cannot infer type for this parameter. Specify it explicitly.
e: file:///Users/jim/work/v2superbikeshed/Trikeshed/src/commonMain/kotlin/borg/trikeshed/lib/trie/PatriciaTrie.kt:101:28 Unresolved reference. None of the following candidates is applicable because of a receiver type mismatch:
fun <T, K : Comparable<K>> List<T>.binarySearchBy(key: K?, fromIndex: Int = ..., toIndex: Int = ..., crossinline selector: (T) -> K?): Int
e: file:///Users/jim/work/v2superbikeshed/Trikeshed/src/commonMain/kotlin/borg/trikeshed/lib/trie/PatriciaTrie.kt:101:52 Cannot infer type for this parameter. Specify it explicitly.
e: file:///Users/jim/work/v2superbikeshed/Trikeshed/src/commonMain/kotlin/borg/trikeshed/lib/trie/PatriciaTrie.kt:101:57 Function invocation 'first()' expected.
e: file:///Users/jim/work/v2superbikeshed/Trikeshed/src/commonMain/kotlin/borg/trikeshed/lib/trie/PatriciaTrie.kt:104:48 None of the following candidates is applicable:
fun <T> Array<out T>.isEmpty(): Boolean
fun ByteArray.isEmpty(): Boolean
fun ShortArray.isEmpty(): Boolean
fun IntArray.isEmpty(): Boolean
fun LongArray.isEmpty(): Boolean
fun FloatArray.isEmpty(): Boolean
fun DoubleArray.isEmpty(): Boolean
fun BooleanArray.isEmpty(): Boolean
fun CharArray.isEmpty(): Boolean
fun CharSequence.isEmpty(): Boolean
e: file:///Users/jim/work/v2superbikeshed/Trikeshed/src/commonMain/kotlin/borg/trikeshed/lib/trie/PatriciaTrie.kt:107:51 Argument type mismatch: actual type is 'Pair<Any, PatriciaTrie<K (of class ArrayMapPatriciaTrie<K, V>), V (of class ArrayMapPatriciaTrie<K, V>)>>', but 'Pair<Any, ArrayMapPatriciaTrie<K (of class ArrayMapPatriciaTrie<K, V>), V (of class ArrayMapPatriciaTrie<K, V>)>>' was expected.
e: file:///Users/jim/work/v2superbikeshed/Trikeshed/src/commonMain/kotlin/borg/trikeshed/lib/utils.kt:3:16 Unresolved reference 'cinterop'.
e: file:///Users/jim/work/v2superbikeshed/Trikeshed/src/commonMain/kotlin/borg/trikeshed/lib/utils.kt:29:22 Unresolved reference 'format'.
e: file:///Users/jim/work/v2superbikeshed/Trikeshed/src/commonMain/kotlin/borg/trikeshed/lib/utils.kt:40:22 Unresolved reference 'format'.
e: file:///Users/jim/work/v2superbikeshed/Trikeshed/src/commonMain/kotlin/borg/trikeshed/lib/utils.kt:43:43 Unresolved reference 'CPointer'.
e: file:///Users/jim/work/v2superbikeshed/Trikeshed/src/commonMain/kotlin/borg/trikeshed/lib/utils.kt:43:56 Unresolved reference 'CPointed'.
e: file:///Users/jim/work/v2superbikeshed/Trikeshed/src/commonMain/kotlin/borg/trikeshed/lib/utils.kt:44:45 Unresolved reference 'CPointer'.
e: file:///Users/jim/work/v2superbikeshed/Trikeshed/src/commonMain/kotlin/borg/trikeshed/lib/utils.kt:44:58 Unresolved reference 'CPointed'.
e: file:///Users/jim/work/v2superbikeshed/Trikeshed/src/commonMain/kotlin/borg/trikeshed/lib/utils.kt:45:28 Unresolved reference 'CPointer'.
e: file:///Users/jim/work/v2superbikeshed/Trikeshed/src/commonMain/kotlin/borg/trikeshed/lib/utils.kt:45:41 Unresolved reference 'CPointed'.
e: file:///Users/jim/work/v2superbikeshed/Trikeshed/src/commonMain/kotlin/borg/trikeshed/lib/utils.kt:46:29 Unresolved reference 'CPointer'.
e: file:///Users/jim/work/v2superbikeshed/Trikeshed/src/commonMain/kotlin/borg/trikeshed/lib/utils.kt:46:42 Unresolved reference 'CPointed'.
e: file:///Users/jim/work/v2superbikeshed/Trikeshed/src/commonMain/kotlin/borg/trikeshed/ljson/KzranGzipReader.kt:255:44 Cannot infer type for this parameter. Specify it explicitly.
e: file:///Users/jim/work/v2superbikeshed/Trikeshed/src/commonMain/kotlin/borg/trikeshed/ljson/KzranGzipReader.kt:255:44 Unresolved reference. None of the following candidates is applicable because of a receiver type mismatch:
fun <T> Join<Int, Function1<Int, Join<Any?, TypeMemento>>>.get(column: Column<T>): T?
e: file:///Users/jim/work/v2superbikeshed/Trikeshed/src/commonMain/kotlin/borg/trikeshed/ljson/KzranGzipReader.kt:266:41 Argument type mismatch: actual type is 'Int', but 'Int' was expected.
e: file:///Users/jim/work/v2superbikeshed/Trikeshed/src/commonMain/kotlin/borg/trikeshed/ljson/KzranGzipReader.kt:266:60 Argument type mismatch: actual type is 'T? (of fun <T> Join<Int, Function1<Int, Join<Any?, TypeMemento>>>.get)', but 'Byte' was expected.
e: file:///Users/jim/work/v2superbikeshed/Trikeshed/src/commonMain/kotlin/borg/trikeshed/ljson/KzranGzipReader.kt:266:60 Cannot infer type for this parameter. Specify it explicitly.
e: file:///Users/jim/work/v2superbikeshed/Trikeshed/src/commonMain/kotlin/borg/trikeshed/ljson/KzranGzipReader.kt:266:60 Unresolved reference. None of the following candidates is applicable because of a receiver type mismatch:
fun <T> Join<Int, Function1<Int, Join<Any?, TypeMemento>>>.get(column: Column<T>): T?
e: file:///Users/jim/work/v2superbikeshed/Trikeshed/src/commonMain/kotlin/borg/trikeshed/ljson/KzranGzipReader.kt:354:2 Syntax error: imports are only allowed in the beginning of file.
e: file:///Users/jim/work/v2superbikeshed/Trikeshed/src/commonMain/kotlin/borg/trikeshed/ljson/KzranGzipReader.kt:357:28 Unresolved reference 'Zlib'.
e: file:///Users/jim/work/v2superbikeshed/Trikeshed/src/commonMain/kotlin/borg/trikeshed/ljson/KzranGzipReader.kt:385:28 Unresolved reference 'Zlib'.
e: file:///Users/jim/work/v2superbikeshed/Trikeshed/src/commonMain/kotlin/borg/trikeshed/ljson/KzranGzipReader.kt:385:50 Overload resolution ambiguity between candidates:
fun ByteArray.toIndexed(): Join<Int, Function1<Int, Byte>>
fun <T> Any.toIndexed(): Join<Int, Function1<Int, T>>
fun ByteArray.toIndexed(): Join<Int, Function1<Int, Byte>>
e: file:///Users/jim/work/v2superbikeshed/Trikeshed/src/commonMain/kotlin/borg/trikeshed/ljson/KzranGzipReader.kt:388:25 Argument type mismatch: actual type is 'V? (of fun <K, V> Map<out K, V>.get)', but 'Byte' was expected.
e: file:///Users/jim/work/v2superbikeshed/Trikeshed/src/commonMain/kotlin/borg/trikeshed/ljson/KzranGzipReader.kt:388:25 Cannot infer type for this parameter. Specify it explicitly.
e: file:///Users/jim/work/v2superbikeshed/Trikeshed/src/commonMain/kotlin/borg/trikeshed/ljson/KzranGzipReader.kt:439:21 Cannot infer type for this parameter. Specify it explicitly.
e: file:///Users/jim/work/v2superbikeshed/Trikeshed/src/commonMain/kotlin/borg/trikeshed/ljson/KzranGzipReader.kt:439:21 Unresolved reference. None of the following candidates is applicable because of a receiver type mismatch:
fun <T> Join<Int, Function1<Int, Join<Any?, TypeMemento>>>.get(column: Column<T>): T?
e: file:///Users/jim/work/v2superbikeshed/Trikeshed/src/commonMain/kotlin/borg/trikeshed/ljson/Lz4FileAttention.kt:3:27 Conflicting import: imported name 'Indexed' is ambiguous.
e: file:///Users/jim/work/v2superbikeshed/Trikeshed/src/commonMain/kotlin/borg/trikeshed/ljson/Lz4FileAttention.kt:4:27 Conflicting import: imported name 'Indexed' is ambiguous.
e: file:///Users/jim/work/v2superbikeshed/Trikeshed/src/commonMain/kotlin/borg/trikeshed/ljson/Lz4FileAttention.kt:43:95 Overload resolution ambiguity between candidates:
fun ByteArray.toIndexed(): Join<Int, Function1<Int, Byte>>
fun <T> Any.toIndexed(): Join<Int, Function1<Int, T>>
fun ByteArray.toIndexed(): Join<Int, Function1<Int, Byte>>
e: file:///Users/jim/work/v2superbikeshed/Trikeshed/src/commonMain/kotlin/borg/trikeshed/ljson/Lz4FileAttention.kt:62:9 Missing return statement.
e: file:///Users/jim/work/v2superbikeshed/Trikeshed/src/commonMain/kotlin/borg/trikeshed/ljson/Lz4FileAttention.kt:64:9 Syntax error: Expecting member declaration.
e: file:///Users/jim/work/v2superbikeshed/Trikeshed/src/commonMain/kotlin/borg/trikeshed/ljson/Lz4FileAttention.kt:64:16 Syntax error: Expecting member declaration.
e: file:///Users/jim/work/v2superbikeshed/Trikeshed/src/commonMain/kotlin/borg/trikeshed/ljson/Lz4FileAttention.kt:64:23 Syntax error: Expecting member declaration.
e: file:///Users/jim/work/v2superbikeshed/Trikeshed/src/commonMain/kotlin/borg/trikeshed/ljson/Lz4FileAttention.kt:64:24 Syntax error: Expecting member declaration.
e: file:///Users/jim/work/v2superbikeshed/Trikeshed/src/commonMain/kotlin/borg/trikeshed/ljson/Lz4FileAttention.kt:64:33 Syntax error: Expecting member declaration.
e: file:///Users/jim/work/v2superbikeshed/Trikeshed/src/commonMain/kotlin/borg/trikeshed/ljson/Lz4FileAttention.kt:64:34 Syntax error: Expecting member declaration.
e: file:///Users/jim/work/v2superbikeshed/Trikeshed/src/commonMain/kotlin/borg/trikeshed/ljson/Lz4FileAttention.kt:76:55 Unresolved reference 'Lz4FrameIndexEntry'.
e: file:///Users/jim/work/v2superbikeshed/Trikeshed/src/commonMain/kotlin/borg/trikeshed/ljson/Lz4FileAttention.kt:80:36 Unresolved reference 'play'.
e: file:///Users/jim/work/v2superbikeshed/Trikeshed/src/commonMain/kotlin/borg/trikeshed/ljson/Lz4FileAttention.kt:80:50 Cannot infer type for this parameter. Specify it explicitly.
e: file:///Users/jim/work/v2superbikeshed/Trikeshed/src/commonMain/kotlin/borg/trikeshed/ljson/Lz4FileAttention.kt:81:20 Unresolved reference 'uncompressedOffset'.
e: file:///Users/jim/work/v2superbikeshed/Trikeshed/src/commonMain/kotlin/borg/trikeshed/ljson/Lz4FileAttention.kt:81:62 Unresolved reference 'uncompressedOffset'.
e: file:///Users/jim/work/v2superbikeshed/Trikeshed/src/commonMain/kotlin/borg/trikeshed/ljson/Lz4FileAttention.kt:81:89 Unresolved reference 'uncompressedSize'.
e: file:///Users/jim/work/v2superbikeshed/Trikeshed/src/commonMain/kotlin/borg/trikeshed/ljson/Lz4FileAttention.kt:81:106 'operator' modifier is required on 'FirNamedFunctionSymbol kotlin/compareTo' in 'compareTo'.
e: file:///Users/jim/work/v2superbikeshed/Trikeshed/src/commonMain/kotlin/borg/trikeshed/ljson/Lz4FileAttention.kt:86:34 Unresolved reference 'httpClient'.
e: file:///Users/jim/work/v2superbikeshed/Trikeshed/src/commonMain/kotlin/borg/trikeshed/ljson/Lz4FileAttention.kt:86:67 Unresolved reference 'compressedOffset'.
e: file:///Users/jim/work/v2superbikeshed/Trikeshed/src/commonMain/kotlin/borg/trikeshed/ljson/Lz4FileAttention.kt:86:91 Unresolved reference 'compressedOffset'.
e: file:///Users/jim/work/v2superbikeshed/Trikeshed/src/commonMain/kotlin/borg/trikeshed/ljson/Lz4FileAttention.kt:86:116 Unresolved reference 'compressedSize'.
e: file:///Users/jim/work/v2superbikeshed/Trikeshed/src/commonMain/kotlin/borg/trikeshed/ljson/Lz4FileAttention.kt:90:63 Unresolved reference 'uncompressedOffset'.
e: file:///Users/jim/work/v2superbikeshed/Trikeshed/src/commonMain/kotlin/borg/trikeshed/ljson/Lz4FileAttention.kt:91:43 Unresolved reference 'uncompressedSize'.
e: file:///Users/jim/work/v2superbikeshed/Trikeshed/src/commonMain/kotlin/borg/trikeshed/ljson/Lz4FileAttention.kt:91:79 Unresolved reference 'uncompressedOffset'.
e: file:///Users/jim/work/v2superbikeshed/Trikeshed/src/commonMain/kotlin/borg/trikeshed/ljson/Lz4FileAttention.kt:95:39 None of the following candidates is applicable:
fun <T> Array<out T>.drop(n: Int): List<T>
fun ByteArray.drop(n: Int): List<Byte>
fun ShortArray.drop(n: Int): List<Short>
fun IntArray.drop(n: Int): List<Int>
fun LongArray.drop(n: Int): List<Long>
fun FloatArray.drop(n: Int): List<Float>
fun DoubleArray.drop(n: Int): List<Double>
fun BooleanArray.drop(n: Int): List<Boolean>
fun CharArray.drop(n: Int): List<Char>
fun <T> Iterable<T>.drop(n: Int): List<T>
fun UIntArray.drop(n: Int): List<UInt>
fun ULongArray.drop(n: Int): List<ULong>
fun UByteArray.drop(n: Int): List<UByte>
fun UShortArray.drop(n: Int): List<UShort>
fun <T> Sequence<T>.drop(n: Int): Sequence<T>
fun CharSequence.drop(n: Int): CharSequence
fun String.drop(n: Int): String
e: file:///Users/jim/work/v2superbikeshed/Trikeshed/src/commonMain/kotlin/borg/trikeshed/ljson/Lz4FileAttention.kt:99:1 Syntax error: Expecting a top level declaration.
e: file:///Users/jim/work/v2superbikeshed/Trikeshed/src/commonMain/kotlin/borg/trikeshed/ljson/PosixLineReader.kt:71:17 Cannot infer type for this parameter. Specify it explicitly.
e: file:///Users/jim/work/v2superbikeshed/Trikeshed/src/commonMain/kotlin/borg/trikeshed/ljson/PosixLineReader.kt:71:17 Unresolved reference. None of the following candidates is applicable because of a receiver type mismatch:
fun <T> Join<Int, Function1<Int, Join<Any?, TypeMemento>>>.get(column: Column<T>): T?
e: file:///Users/jim/work/v2superbikeshed/Trikeshed/src/commonMain/kotlin/borg/trikeshed/ljson/PosixLineReader.kt:76:43 Cannot infer type for this parameter. Specify it explicitly.
e: file:///Users/jim/work/v2superbikeshed/Trikeshed/src/commonMain/kotlin/borg/trikeshed/ljson/PosixLineReader.kt:76:57 Argument type mismatch: actual type is 'Join<Int, Function1<Int, Join<Any?, TypeMemento>>>', but 'Join<Int, Function1<Int, Byte>>' was expected.
e: file:///Users/jim/work/v2superbikeshed/Trikeshed/src/commonMain/kotlin/borg/trikeshed/ljson/PosixLineReader.kt:76:57 Cannot infer type for this parameter. Specify it explicitly.
e: file:///Users/jim/work/v2superbikeshed/Trikeshed/src/commonMain/kotlin/borg/trikeshed/ljson/PosixLineReader.kt:76:57 Unresolved reference. None of the following candidates is applicable because of a receiver type mismatch:
fun <T> Join<Int, Function1<Int, Join<Any?, TypeMemento>>>.get(column: Column<T>): T?
e: file:///Users/jim/work/v2superbikeshed/Trikeshed/src/commonMain/kotlin/borg/trikeshed/ljson/PosixLineReader.kt:87:35 Cannot infer type for this parameter. Specify it explicitly.
e: file:///Users/jim/work/v2superbikeshed/Trikeshed/src/commonMain/kotlin/borg/trikeshed/ljson/PosixLineReader.kt:87:49 Argument type mismatch: actual type is 'Join<Int, Function1<Int, Join<Any?, TypeMemento>>>', but 'Join<Int, Function1<Int, Byte>>' was expected.
e: file:///Users/jim/work/v2superbikeshed/Trikeshed/src/commonMain/kotlin/borg/trikeshed/ljson/PosixLineReader.kt:87:49 Cannot infer type for this parameter. Specify it explicitly.
e: file:///Users/jim/work/v2superbikeshed/Trikeshed/src/commonMain/kotlin/borg/trikeshed/ljson/PosixLineReader.kt:87:49 Unresolved reference. None of the following candidates is applicable because of a receiver type mismatch:
fun <T> Join<Int, Function1<Int, Join<Any?, TypeMemento>>>.get(column: Column<T>): T?
e: file:///Users/jim/work/v2superbikeshed/Trikeshed/src/commonMain/kotlin/borg/trikeshed/ljson/RemoteFileAttention.kt:3:27 Conflicting import: imported name 'Indexed' is ambiguous.
e: file:///Users/jim/work/v2superbikeshed/Trikeshed/src/commonMain/kotlin/borg/trikeshed/ljson/RemoteFileAttention.kt:4:27 Conflicting import: imported name 'Indexed' is ambiguous.
e: file:///Users/jim/work/v2superbikeshed/Trikeshed/src/commonMain/kotlin/borg/trikeshed/ljson/RemoteFileAttention.kt:34:52 Overload resolution ambiguity between candidates:
fun ByteArray.toIndexed(): Join<Int, Function1<Int, Byte>>
fun <T> Any.toIndexed(): Join<Int, Function1<Int, T>>
fun ByteArray.toIndexed(): Join<Int, Function1<Int, Byte>>
e: file:///Users/jim/work/v2superbikeshed/Trikeshed/src/commonMain/kotlin/borg/trikeshed/ljson/RemoteFileAttention.kt:39:41 Overload resolution ambiguity between candidates:
fun ByteArray.toIndexed(): Join<Int, Function1<Int, Byte>>
fun <T> Any.toIndexed(): Join<Int, Function1<Int, T>>
fun ByteArray.toIndexed(): Join<Int, Function1<Int, Byte>>
e: file:///Users/jim/work/v2superbikeshed/Trikeshed/src/commonMain/kotlin/borg/trikeshed/ljson/RemoteFileAttention.kt:41:16 Unresolved reference 'flow'.
e: file:///Users/jim/work/v2superbikeshed/Trikeshed/src/commonMain/kotlin/borg/trikeshed/ljson/RemoteFileAttention.kt:47:36 None of the following candidates is applicable:
fun Array<out Double>.min(): Double
fun Array<out Float>.min(): Float
fun <T : Comparable<T>> Array<out T>.min(): T
fun ByteArray.min(): Byte
fun ShortArray.min(): Short
fun IntArray.min(): Int
fun LongArray.min(): Long
fun FloatArray.min(): Float
fun DoubleArray.min(): Double
fun CharArray.min(): Char
fun Iterable<Double>.min(): Double
fun Iterable<Float>.min(): Float
fun <T : Comparable<T>> Iterable<T>.min(): T
fun UIntArray.min(): UInt
fun ULongArray.min(): ULong
fun UByteArray.min(): UByte
fun UShortArray.min(): UShort
fun Sequence<Double>.min(): Double
fun Sequence<Float>.min(): Float
fun <T : Comparable<T>> Sequence<T>.min(): T
fun CharSequence.min(): Char
e: file:///Users/jim/work/v2superbikeshed/Trikeshed/src/commonMain/kotlin/borg/trikeshed/ljson/RemoteFileAttention.kt:48:40 Suspension functions can only be called within coroutine body.
e: file:///Users/jim/work/v2superbikeshed/Trikeshed/src/commonMain/kotlin/borg/trikeshed/ljson/RemoteFileAttention.kt:59:73 Overload resolution ambiguity between candidates:
fun ByteArray.toIndexed(): Join<Int, Function1<Int, Byte>>
fun <T> Any.toIndexed(): Join<Int, Function1<Int, T>>
fun ByteArray.toIndexed(): Join<Int, Function1<Int, Byte>>
e: file:///Users/jim/work/v2superbikeshed/Trikeshed/src/commonMain/kotlin/borg/trikeshed/ljson/RemoteFileAttention.kt:67:21 Unresolved reference 'emit'.
e: file:///Users/jim/work/v2superbikeshed/Trikeshed/src/commonMain/kotlin/borg/trikeshed/ljson/RemoteFileAttention.kt:84:66 Overload resolution ambiguity between candidates:
fun ByteArray.toIndexed(): Join<Int, Function1<Int, Byte>>
fun <T> Any.toIndexed(): Join<Int, Function1<Int, T>>
fun ByteArray.toIndexed(): Join<Int, Function1<Int, Byte>>
e: file:///Users/jim/work/v2superbikeshed/Trikeshed/src/commonMain/kotlin/borg/trikeshed/ljson/RemoteFileAttention.kt:89:16 Unresolved reference 'Zlib'.
e: file:///Users/jim/work/v2superbikeshed/Trikeshed/src/commonMain/kotlin/borg/trikeshed/ljson/RemoteFileAttention.kt:89:47 Overload resolution ambiguity between candidates:
fun ByteArray.toIndexed(): Join<Int, Function1<Int, Byte>>
fun <T> Any.toIndexed(): Join<Int, Function1<Int, T>>
fun ByteArray.toIndexed(): Join<Int, Function1<Int, Byte>>
e: file:///Users/jim/work/v2superbikeshed/Trikeshed/src/commonMain/kotlin/borg/trikeshed/ljson/RemoteFileAttention.kt:105:26 Unresolved reference 'size'.
e: file:///Users/jim/work/v2superbikeshed/Trikeshed/src/commonMain/kotlin/borg/trikeshed/ljson/RemoteFileAttention.kt:106:17 Unresolved reference. None of the following candidates is applicable because of a receiver type mismatch:
expect fun MatchGroupCollection.get(name: String): MatchGroup?
e: file:///Users/jim/work/v2superbikeshed/Trikeshed/src/commonMain/kotlin/borg/trikeshed/ljson/RemoteFileAttention.kt:106:47 Unresolved reference. None of the following candidates is applicable because of a receiver type mismatch:
expect fun MatchGroupCollection.get(name: String): MatchGroup?
e: file:///Users/jim/work/v2superbikeshed/Trikeshed/src/commonMain/kotlin/borg/trikeshed/ljson/RemoteFileAttention.kt:106:81 Unresolved reference. None of the following candidates is applicable because of a receiver type mismatch:
expect fun MatchGroupCollection.get(name: String): MatchGroup?
e: file:///Users/jim/work/v2superbikeshed/Trikeshed/src/commonMain/kotlin/borg/trikeshed/ljson/RemoteFileAttention.kt:106:115 Unresolved reference. None of the following candidates is applicable because of a receiver type mismatch:
expect fun MatchGroupCollection.get(name: String): MatchGroup?
e: file:///Users/jim/work/v2superbikeshed/Trikeshed/src/commonMain/kotlin/borg/trikeshed/ljson/RemoteFileAttention.kt:128:39 Unresolved reference 'size'.
e: file:///Users/jim/work/v2superbikeshed/Trikeshed/src/commonMain/kotlin/borg/trikeshed/ljson/RemoteFileAttention.kt:129:66 None of the following candidates is applicable:
fun <T> Array<out T>.drop(n: Int): List<T>
fun ByteArray.drop(n: Int): List<Byte>
fun ShortArray.drop(n: Int): List<Short>
fun IntArray.drop(n: Int): List<Int>
fun LongArray.drop(n: Int): List<Long>
fun FloatArray.drop(n: Int): List<Float>
fun DoubleArray.drop(n: Int): List<Double>
fun BooleanArray.drop(n: Int): List<Boolean>
fun CharArray.drop(n: Int): List<Char>
fun <T> Iterable<T>.drop(n: Int): List<T>
fun UIntArray.drop(n: Int): List<UInt>
fun ULongArray.drop(n: Int): List<ULong>
fun UByteArray.drop(n: Int): List<UByte>
fun UShortArray.drop(n: Int): List<UShort>
fun <T> Sequence<T>.drop(n: Int): Sequence<T>
fun CharSequence.drop(n: Int): CharSequence
fun String.drop(n: Int): String
e: file:///Users/jim/work/v2superbikeshed/Trikeshed/src/commonMain/kotlin/borg/trikeshed/ljson/RemoteFileAttention.kt:143:32 Argument type mismatch: actual type is 'MatchGroup?', but 'Byte' was expected.
e: file:///Users/jim/work/v2superbikeshed/Trikeshed/src/commonMain/kotlin/borg/trikeshed/ljson/RemoteFileAttention.kt:143:32 Unresolved reference. None of the following candidates is applicable because of a receiver type mismatch:
expect fun MatchGroupCollection.get(name: String): MatchGroup?
e: file:///Users/jim/work/v2superbikeshed/Trikeshed/src/commonMain/kotlin/borg/trikeshed/ljson/RemoteFileAttention.kt:171:18 Unresolved reference. None of the following candidates is applicable because of a receiver type mismatch:
expect fun MatchGroupCollection.get(name: String): MatchGroup?
e: file:///Users/jim/work/v2superbikeshed/Trikeshed/src/commonMain/kotlin/borg/trikeshed/ljson/RemoteFileAttention.kt:171:35 None of the following candidates is applicable:
expect fun String.toInt(): Int
expect fun String.toInt(radix: Int): Int
e: file:///Users/jim/work/v2superbikeshed/Trikeshed/src/commonMain/kotlin/borg/trikeshed/ljson/RemoteFileAttention.kt:171:43 Unresolved reference 'and'.
e: file:///Users/jim/work/v2superbikeshed/Trikeshed/src/commonMain/kotlin/borg/trikeshed/ljson/RemoteFileAttention.kt:171:63 Unresolved reference. None of the following candidates is applicable because of a receiver type mismatch:
expect fun MatchGroupCollection.get(name: String): MatchGroup?
e: file:///Users/jim/work/v2superbikeshed/Trikeshed/src/commonMain/kotlin/borg/trikeshed/ljson/RemoteFileAttention.kt:171:76 None of the following candidates is applicable:
expect fun String.toInt(): Int
expect fun String.toInt(radix: Int): Int
e: file:///Users/jim/work/v2superbikeshed/Trikeshed/src/commonMain/kotlin/borg/trikeshed/ljson/RemoteFileAttention.kt:171:84 Unresolved reference 'and'.
e: file:///Users/jim/work/v2superbikeshed/Trikeshed/src/commonMain/kotlin/borg/trikeshed/ljson/RemoteFileAttention.kt:175:18 Unresolved reference. None of the following candidates is applicable because of a receiver type mismatch:
expect fun MatchGroupCollection.get(name: String): MatchGroup?
e: file:///Users/jim/work/v2superbikeshed/Trikeshed/src/commonMain/kotlin/borg/trikeshed/ljson/RemoteFileAttention.kt:175:35 None of the following candidates is applicable:
expect fun String.toInt(): Int
expect fun String.toInt(radix: Int): Int
e: file:///Users/jim/work/v2superbikeshed/Trikeshed/src/commonMain/kotlin/borg/trikeshed/ljson/RemoteFileAttention.kt:175:43 Unresolved reference 'and'.
e: file:///Users/jim/work/v2superbikeshed/Trikeshed/src/commonMain/kotlin/borg/trikeshed/ljson/RemoteFileAttention.kt:176:19 Unresolved reference. None of the following candidates is applicable because of a receiver type mismatch:
expect fun MatchGroupCollection.get(name: String): MatchGroup?
e: file:///Users/jim/work/v2superbikeshed/Trikeshed/src/commonMain/kotlin/borg/trikeshed/ljson/RemoteFileAttention.kt:176:36 None of the following candidates is applicable:
expect fun String.toInt(): Int
expect fun String.toInt(radix: Int): Int
e: file:///Users/jim/work/v2superbikeshed/Trikeshed/src/commonMain/kotlin/borg/trikeshed/ljson/RemoteFileAttention.kt:176:44 Unresolved reference 'and'.
e: file:///Users/jim/work/v2superbikeshed/Trikeshed/src/commonMain/kotlin/borg/trikeshed/ljson/RemoteFileAttention.kt:177:19 Unresolved reference. None of the following candidates is applicable because of a receiver type mismatch:
expect fun MatchGroupCollection.get(name: String): MatchGroup?
e: file:///Users/jim/work/v2superbikeshed/Trikeshed/src/commonMain/kotlin/borg/trikeshed/ljson/RemoteFileAttention.kt:177:36 None of the following candidates is applicable:
expect fun String.toInt(): Int
expect fun String.toInt(radix: Int): Int
e: file:///Users/jim/work/v2superbikeshed/Trikeshed/src/commonMain/kotlin/borg/trikeshed/ljson/RemoteFileAttention.kt:177:44 Unresolved reference 'and'.
e: file:///Users/jim/work/v2superbikeshed/Trikeshed/src/commonMain/kotlin/borg/trikeshed/ljson/RemoteFileAttention.kt:178:18 Unresolved reference. None of the following candidates is applicable because of a receiver type mismatch:
expect fun MatchGroupCollection.get(name: String): MatchGroup?
e: file:///Users/jim/work/v2superbikeshed/Trikeshed/src/commonMain/kotlin/borg/trikeshed/ljson/RemoteFileAttention.kt:178:31 None of the following candidates is applicable:
expect fun String.toInt(): Int
expect fun String.toInt(radix: Int): Int
e: file:///Users/jim/work/v2superbikeshed/Trikeshed/src/commonMain/kotlin/borg/trikeshed/ljson/RemoteFileAttention.kt:178:39 Unresolved reference 'and'.
e: file:///Users/jim/work/v2superbikeshed/Trikeshed/src/commonMain/kotlin/borg/trikeshed/ljson/SpanshGalaxyMapReader.kt:364:20 Argument type mismatch: actual type is 'Int', but 'Int' was expected.
e: file:///Users/jim/work/v2superbikeshed/Trikeshed/src/commonMain/kotlin/borg/trikeshed/ljson/SpanshGalaxyMapReader.kt:364:25 Argument type mismatch: actual type is 'T? (of fun <T> Join<Int, Function1<Int, Join<Any?, TypeMemento>>>.get)', but 'Byte' was expected.
e: file:///Users/jim/work/v2superbikeshed/Trikeshed/src/commonMain/kotlin/borg/trikeshed/ljson/SpanshGalaxyMapReader.kt:364:25 Cannot infer type for this parameter. Specify it explicitly.
e: file:///Users/jim/work/v2superbikeshed/Trikeshed/src/commonMain/kotlin/borg/trikeshed/ljson/SpanshGalaxyMapReader.kt:364:25 Unresolved reference. None of the following candidates is applicable because of a receiver type mismatch:
fun <T> Join<Int, Function1<Int, Join<Any?, TypeMemento>>>.get(column: Column<T>): T?
e: file:///Users/jim/work/v2superbikeshed/Trikeshed/src/commonMain/kotlin/borg/trikeshed/ljson/ZstdFileAttention.kt:3:27 Conflicting import: imported name 'Indexed' is ambiguous.
e: file:///Users/jim/work/v2superbikeshed/Trikeshed/src/commonMain/kotlin/borg/trikeshed/ljson/ZstdFileAttention.kt:4:27 Conflicting import: imported name 'Indexed' is ambiguous.
e: file:///Users/jim/work/v2superbikeshed/Trikeshed/src/commonMain/kotlin/borg/trikeshed/ljson/ZstdFileAttention.kt:44:45 Overload resolution ambiguity between candidates:
fun ByteArray.toIndexed(): Join<Int, Function1<Int, Byte>>
fun <T> Any.toIndexed(): Join<Int, Function1<Int, T>>
fun ByteArray.toIndexed(): Join<Int, Function1<Int, Byte>>
e: file:///Users/jim/work/v2superbikeshed/Trikeshed/src/commonMain/kotlin/borg/trikeshed/ljson/ZstdFileAttention.kt:82:36 Unresolved reference 'play'.
e: file:///Users/jim/work/v2superbikeshed/Trikeshed/src/commonMain/kotlin/borg/trikeshed/ljson/ZstdFileAttention.kt:82:50 Cannot infer type for this parameter. Specify it explicitly.
e: file:///Users/jim/work/v2superbikeshed/Trikeshed/src/commonMain/kotlin/borg/trikeshed/ljson/ZstdFileAttention.kt:83:20 Unresolved reference 'uncompressedOffset'.
e: file:///Users/jim/work/v2superbikeshed/Trikeshed/src/commonMain/kotlin/borg/trikeshed/ljson/ZstdFileAttention.kt:83:62 Unresolved reference 'uncompressedOffset'.
e: file:///Users/jim/work/v2superbikeshed/Trikeshed/src/commonMain/kotlin/borg/trikeshed/ljson/ZstdFileAttention.kt:83:89 Unresolved reference 'uncompressedSize'.
e: file:///Users/jim/work/v2superbikeshed/Trikeshed/src/commonMain/kotlin/borg/trikeshed/ljson/ZstdFileAttention.kt:83:106 'operator' modifier is required on 'FirNamedFunctionSymbol kotlin/compareTo' in 'compareTo'.
e: file:///Users/jim/work/v2superbikeshed/Trikeshed/src/commonMain/kotlin/borg/trikeshed/ljson/ZstdFileAttention.kt:87:67 Unresolved reference 'compressedOffset'.
e: file:///Users/jim/work/v2superbikeshed/Trikeshed/src/commonMain/kotlin/borg/trikeshed/ljson/ZstdFileAttention.kt:87:91 Unresolved reference 'compressedOffset'.
e: file:///Users/jim/work/v2superbikeshed/Trikeshed/src/commonMain/kotlin/borg/trikeshed/ljson/ZstdFileAttention.kt:87:116 Unresolved reference 'compressedSize'.
e: file:///Users/jim/work/v2superbikeshed/Trikeshed/src/commonMain/kotlin/borg/trikeshed/ljson/ZstdFileAttention.kt:88:67 Overload resolution ambiguity between candidates:
fun ByteArray.toIndexed(): Join<Int, Function1<Int, Byte>>
fun <T> Any.toIndexed(): Join<Int, Function1<Int, T>>
fun ByteArray.toIndexed(): Join<Int, Function1<Int, Byte>>
e: file:///Users/jim/work/v2superbikeshed/Trikeshed/src/commonMain/kotlin/borg/trikeshed/ljson/ZstdFileAttention.kt:91:63 Unresolved reference 'uncompressedOffset'.
e: file:///Users/jim/work/v2superbikeshed/Trikeshed/src/commonMain/kotlin/borg/trikeshed/ljson/ZstdFileAttention.kt:92:43 Unresolved reference 'uncompressedSize'.
e: file:///Users/jim/work/v2superbikeshed/Trikeshed/src/commonMain/kotlin/borg/trikeshed/ljson/ZstdFileAttention.kt:92:79 Unresolved reference 'uncompressedOffset'.
e: file:///Users/jim/work/v2superbikeshed/Trikeshed/src/commonMain/kotlin/borg/trikeshed/ljson/ZstdFileAttention.kt:96:39 None of the following candidates is applicable:
fun <T> Array<out T>.drop(n: Int): List<T>
fun ByteArray.drop(n: Int): List<Byte>
fun ShortArray.drop(n: Int): List<Short>
fun IntArray.drop(n: Int): List<Int>
fun LongArray.drop(n: Int): List<Long>
fun FloatArray.drop(n: Int): List<Float>
fun DoubleArray.drop(n: Int): List<Double>
fun BooleanArray.drop(n: Int): List<Boolean>
fun CharArray.drop(n: Int): List<Char>
fun <T> Iterable<T>.drop(n: Int): List<T>
fun UIntArray.drop(n: Int): List<UInt>
fun ULongArray.drop(n: Int): List<ULong>
fun UByteArray.drop(n: Int): List<UByte>
fun UShortArray.drop(n: Int): List<UShort>
fun <T> Sequence<T>.drop(n: Int): Sequence<T>
fun CharSequence.drop(n: Int): CharSequence
fun String.drop(n: Int): String
e: file:///Users/jim/work/v2superbikeshed/Trikeshed/src/commonMain/kotlin/borg/trikeshed/net/C10KServer.kt:172:66 Unresolved reference 'System'.
e: file:///Users/jim/work/v2superbikeshed/Trikeshed/src/commonMain/kotlin/borg/trikeshed/net/C10KServer.kt:204:59 Unresolved reference 'System'.
e: file:///Users/jim/work/v2superbikeshed/Trikeshed/src/commonMain/kotlin/borg/trikeshed/net/C10KServer.kt:267:16 None of the following candidates is applicable:
val CoroutineScope.isActive: Boolean
val CoroutineContext.isActive: Boolean
e: file:///Users/jim/work/v2superbikeshed/Trikeshed/src/commonMain/kotlin/borg/trikeshed/net/C10KServer.kt:279:16 None of the following candidates is applicable:
val CoroutineScope.isActive: Boolean
val CoroutineContext.isActive: Boolean
e: file:///Users/jim/work/v2superbikeshed/Trikeshed/src/commonMain/kotlin/borg/trikeshed/net/C10KServer.kt:292:77 Unresolved reference 'System'.
e: file:///Users/jim/work/v2superbikeshed/Trikeshed/src/commonMain/kotlin/borg/trikeshed/net/C10KServer.kt:303:16 None of the following candidates is applicable:
val CoroutineScope.isActive: Boolean
val CoroutineContext.isActive: Boolean
e: file:///Users/jim/work/v2superbikeshed/Trikeshed/src/commonMain/kotlin/borg/trikeshed/net/C10KServer.kt:391:30 Unresolved reference 'System'.
e: file:///Users/jim/work/v2superbikeshed/Trikeshed/src/commonMain/kotlin/borg/trikeshed/net/C10KServer.kt:391:69 Unresolved reference. None of the following candidates is applicable because of a receiver type mismatch:
expect fun String.compareTo(other: String, ignoreCase: Boolean = ...): Int
e: file:///Users/jim/work/v2superbikeshed/Trikeshed/src/commonMain/kotlin/borg/trikeshed/net/http/Http.kt:13:24 Redeclaration:
class HttpHeaderName : Any
e: file:///Users/jim/work/v2superbikeshed/Trikeshed/src/commonMain/kotlin/borg/trikeshed/net/http/Http.kt:14:24 Redeclaration:
class HttpHeaderValue : Any
e: file:///Users/jim/work/v2superbikeshed/Trikeshed/src/commonMain/kotlin/borg/trikeshed/net/http/Http.kt:15:24 Redeclaration:
class HttpRequestPath : Any
e: file:///Users/jim/work/v2superbikeshed/Trikeshed/src/commonMain/kotlin/borg/trikeshed/net/http/Http.kt:16:24 Redeclaration:
class HttpStatusCode : Any
e: file:///Users/jim/work/v2superbikeshed/Trikeshed/src/commonMain/kotlin/borg/trikeshed/net/http/Http.kt:17:24 Redeclaration:
class HttpReasonPhrase : Any
e: file:///Users/jim/work/v2superbikeshed/Trikeshed/src/commonMain/kotlin/borg/trikeshed/net/http/Http.kt:18:24 Redeclaration:
class HttpVersion : Any
e: file:///Users/jim/work/v2superbikeshed/Trikeshed/src/commonMain/kotlin/borg/trikeshed/net/http/Http.kt:21:12 Redeclaration:
enum class HttpMethod : Enum<HttpMethod>
e: file:///Users/jim/work/v2superbikeshed/Trikeshed/src/commonMain/kotlin/borg/trikeshed/net/http/Http.kt:26:12 Redeclaration:
data class HttpRequest : Any
e: file:///Users/jim/work/v2superbikeshed/Trikeshed/src/commonMain/kotlin/borg/trikeshed/net/http/Http.kt:83:12 Redeclaration:
data class HttpResponse : Any
e: file:///Users/jim/work/v2superbikeshed/Trikeshed/src/commonMain/kotlin/borg/trikeshed/net/http/Http.kt:144:69 None of the following candidates is applicable:
fun ByteArray.toIdx(): Join<Int, Function1<Int, Byte>>
fun IntArray.toIdx(): Join<Int, Function1<Int, Int>>
e: file:///Users/jim/work/v2superbikeshed/Trikeshed/src/commonMain/kotlin/borg/trikeshed/net/http/Http.kt:146:9 Conflicting overloads:
suspend fun HttpRequest.send(): HttpResponse
e: file:///Users/jim/work/v2superbikeshed/Trikeshed/src/commonMain/kotlin/borg/trikeshed/net/http/Http.kt:170:8 Redeclaration:
object HttpUtils : Any
e: file:///Users/jim/work/v2superbikeshed/Trikeshed/src/commonMain/kotlin/borg/trikeshed/net/http/Http2Protocol.kt:105:24 Argument type mismatch: actual type is 'Int', but 'Int' was expected.
e: file:///Users/jim/work/v2superbikeshed/Trikeshed/src/commonMain/kotlin/borg/trikeshed/net/http/Http2Protocol.kt:105:33 Argument type mismatch: actual type is 'T? (of fun <T> Join<Int, Function1<Int, Join<Any?, TypeMemento>>>.get)', but 'Byte' was expected.
e: file:///Users/jim/work/v2superbikeshed/Trikeshed/src/commonMain/kotlin/borg/trikeshed/net/http/Http2Protocol.kt:105:33 Cannot infer type for this parameter. Specify it explicitly.
e: file:///Users/jim/work/v2superbikeshed/Trikeshed/src/commonMain/kotlin/borg/trikeshed/net/http/Http2Protocol.kt:105:33 Unresolved reference. None of the following candidates is applicable because of a receiver type mismatch:
fun <T> Join<Int, Function1<Int, Join<Any?, TypeMemento>>>.get(column: Column<T>): T?
e: file:///Users/jim/work/v2superbikeshed/Trikeshed/src/commonMain/kotlin/borg/trikeshed/net/http/Http2Protocol.kt:343:39 Cannot infer type for this parameter. Specify it explicitly.
e: file:///Users/jim/work/v2superbikeshed/Trikeshed/src/commonMain/kotlin/borg/trikeshed/net/http/Http2Protocol.kt:343:53 Argument type mismatch: actual type is 'Join<Int, Function1<Int, Join<Any?, TypeMemento>>>', but 'Join<Int, Function1<Int, Byte>>' was expected.
e: file:///Users/jim/work/v2superbikeshed/Trikeshed/src/commonMain/kotlin/borg/trikeshed/net/http/Http2Protocol.kt:343:53 Cannot infer type for this parameter. Specify it explicitly.
e: file:///Users/jim/work/v2superbikeshed/Trikeshed/src/commonMain/kotlin/borg/trikeshed/net/http/Http2Protocol.kt:343:53 Unresolved reference. None of the following candidates is applicable because of a receiver type mismatch:
fun <T> Join<Int, Function1<Int, Join<Any?, TypeMemento>>>.get(column: Column<T>): T?
e: file:///Users/jim/work/v2superbikeshed/Trikeshed/src/commonMain/kotlin/borg/trikeshed/net/http/Http2Protocol.kt:396:29 Argument type mismatch: actual type is 'T? (of fun <T> Join<Int, Function1<Int, Join<Any?, TypeMemento>>>.get)', but 'Byte' was expected.
e: file:///Users/jim/work/v2superbikeshed/Trikeshed/src/commonMain/kotlin/borg/trikeshed/net/http/Http2Protocol.kt:396:29 Cannot infer type for this parameter. Specify it explicitly.
e: file:///Users/jim/work/v2superbikeshed/Trikeshed/src/commonMain/kotlin/borg/trikeshed/net/http/Http2Protocol.kt:396:29 Unresolved reference. None of the following candidates is applicable because of a receiver type mismatch:
fun <T> Join<Int, Function1<Int, Join<Any?, TypeMemento>>>.get(column: Column<T>): T?
e: file:///Users/jim/work/v2superbikeshed/Trikeshed/src/commonMain/kotlin/borg/trikeshed/net/http/Http2Protocol.kt:454:26 Cannot infer type for this parameter. Specify it explicitly.
e: file:///Users/jim/work/v2superbikeshed/Trikeshed/src/commonMain/kotlin/borg/trikeshed/net/http/Http2Protocol.kt:454:26 Unresolved reference. None of the following candidates is applicable because of a receiver type mismatch:
fun <T> Join<Int, Function1<Int, Join<Any?, TypeMemento>>>.get(column: Column<T>): T?
e: file:///Users/jim/work/v2superbikeshed/Trikeshed/src/commonMain/kotlin/borg/trikeshed/net/http/Http2Protocol.kt:455:31 Unresolved reference 'a'.
e: file:///Users/jim/work/v2superbikeshed/Trikeshed/src/commonMain/kotlin/borg/trikeshed/net/http/Http2Protocol.kt:456:32 Unresolved reference 'b'.
e: file:///Users/jim/work/v2superbikeshed/Trikeshed/src/commonMain/kotlin/borg/trikeshed/net/http/Http2Protocol.kt:532:24 Cannot infer type for this parameter. Specify it explicitly.
e: file:///Users/jim/work/v2superbikeshed/Trikeshed/src/commonMain/kotlin/borg/trikeshed/net/http/Http2Protocol.kt:532:24 Unresolved reference. None of the following candidates is applicable because of a receiver type mismatch:
fun <T> Join<Int, Function1<Int, Join<Any?, TypeMemento>>>.get(column: Column<T>): T?
e: file:///Users/jim/work/v2superbikeshed/Trikeshed/src/commonMain/kotlin/borg/trikeshed/net/http/Http2Protocol.kt:559:35 Argument type mismatch: actual type is 'Int', but 'Int' was expected.
e: file:///Users/jim/work/v2superbikeshed/Trikeshed/src/commonMain/kotlin/borg/trikeshed/net/http/Http2Protocol.kt:559:40 Argument type mismatch: actual type is 'T? (of fun <T> Join<Int, Function1<Int, Join<Any?, TypeMemento>>>.get)', but 'Byte' was expected.
e: file:///Users/jim/work/v2superbikeshed/Trikeshed/src/commonMain/kotlin/borg/trikeshed/net/http/Http2Protocol.kt:559:40 Cannot infer type for this parameter. Specify it explicitly.
e: file:///Users/jim/work/v2superbikeshed/Trikeshed/src/commonMain/kotlin/borg/trikeshed/net/http/Http2Protocol.kt:559:40 Unresolved reference. None of the following candidates is applicable because of a receiver type mismatch:
fun <T> Join<Int, Function1<Int, Join<Any?, TypeMemento>>>.get(column: Column<T>): T?
e: file:///Users/jim/work/v2superbikeshed/Trikeshed/src/commonMain/kotlin/borg/trikeshed/net/http/Http2Protocol.kt:571:36 Argument type mismatch: actual type is 'Int', but 'Int' was expected.
e: file:///Users/jim/work/v2superbikeshed/Trikeshed/src/commonMain/kotlin/borg/trikeshed/net/http/Http2Protocol.kt:571:41 Argument type mismatch: actual type is 'T? (of fun <T> Join<Int, Function1<Int, Join<Any?, TypeMemento>>>.get)', but 'Byte' was expected.
e: file:///Users/jim/work/v2superbikeshed/Trikeshed/src/commonMain/kotlin/borg/trikeshed/net/http/Http2Protocol.kt:571:41 Cannot infer type for this parameter. Specify it explicitly.
e: file:///Users/jim/work/v2superbikeshed/Trikeshed/src/commonMain/kotlin/borg/trikeshed/net/http/Http2Protocol.kt:571:41 Unresolved reference. None of the following candidates is applicable because of a receiver type mismatch:
fun <T> Join<Int, Function1<Int, Join<Any?, TypeMemento>>>.get(column: Column<T>): T?
e: file:///Users/jim/work/v2superbikeshed/Trikeshed/src/commonMain/kotlin/borg/trikeshed/net/http/Http2Protocol.kt:590:25 Cannot infer type for this parameter. Specify it explicitly.
e: file:///Users/jim/work/v2superbikeshed/Trikeshed/src/commonMain/kotlin/borg/trikeshed/net/http/Http2Protocol.kt:590:25 Unresolved reference. None of the following candidates is applicable because of a receiver type mismatch:
fun <T> Join<Int, Function1<Int, Join<Any?, TypeMemento>>>.get(column: Column<T>): T?
e: file:///Users/jim/work/v2superbikeshed/Trikeshed/src/commonMain/kotlin/borg/trikeshed/net/http/Http2Protocol.kt:601:24 Cannot infer type for this parameter. Specify it explicitly.
e: file:///Users/jim/work/v2superbikeshed/Trikeshed/src/commonMain/kotlin/borg/trikeshed/net/http/Http2Protocol.kt:601:24 Unresolved reference. None of the following candidates is applicable because of a receiver type mismatch:
fun <T> Join<Int, Function1<Int, Join<Any?, TypeMemento>>>.get(column: Column<T>): T?
e: file:///Users/jim/work/v2superbikeshed/Trikeshed/src/commonMain/kotlin/borg/trikeshed/net/http/Http3Protocol.kt:103:25 Argument type mismatch: actual type is 'T? (of fun <T> Join<Int, Function1<Int, Join<Any?, TypeMemento>>>.get)', but 'Byte' was expected.
e: file:///Users/jim/work/v2superbikeshed/Trikeshed/src/commonMain/kotlin/borg/trikeshed/net/http/Http3Protocol.kt:103:25 Cannot infer type for this parameter. Specify it explicitly.
e: file:///Users/jim/work/v2superbikeshed/Trikeshed/src/commonMain/kotlin/borg/trikeshed/net/http/Http3Protocol.kt:103:25 Unresolved reference. None of the following candidates is applicable because of a receiver type mismatch:
fun <T> Join<Int, Function1<Int, Join<Any?, TypeMemento>>>.get(column: Column<T>): T?
e: file:///Users/jim/work/v2superbikeshed/Trikeshed/src/commonMain/kotlin/borg/trikeshed/net/http/Http3Protocol.kt:126:49 Cannot infer type for this parameter. Specify it explicitly.
e: file:///Users/jim/work/v2superbikeshed/Trikeshed/src/commonMain/kotlin/borg/trikeshed/net/http/Http3Protocol.kt:126:63 Argument type mismatch: actual type is 'Join<Int, Function1<Int, Join<Any?, TypeMemento>>>', but 'Join<Int, Function1<Int, Byte>>' was expected.
e: file:///Users/jim/work/v2superbikeshed/Trikeshed/src/commonMain/kotlin/borg/trikeshed/net/http/Http3Protocol.kt:126:63 Cannot infer type for this parameter. Specify it explicitly.
e: file:///Users/jim/work/v2superbikeshed/Trikeshed/src/commonMain/kotlin/borg/trikeshed/net/http/Http3Protocol.kt:126:63 Unresolved reference. None of the following candidates is applicable because of a receiver type mismatch:
fun <T> Join<Int, Function1<Int, Join<Any?, TypeMemento>>>.get(column: Column<T>): T?
e: file:///Users/jim/work/v2superbikeshed/Trikeshed/src/commonMain/kotlin/borg/trikeshed/net/http/Http3Protocol.kt:206:25 Argument type mismatch: actual type is 'T? (of fun <T> Join<Int, Function1<Int, Join<Any?, TypeMemento>>>.get)', but 'Join<HttpHeaderName, HttpHeaderValue>' was expected.
e: file:///Users/jim/work/v2superbikeshed/Trikeshed/src/commonMain/kotlin/borg/trikeshed/net/http/Http3Protocol.kt:206:25 Cannot infer type for this parameter. Specify it explicitly.
e: file:///Users/jim/work/v2superbikeshed/Trikeshed/src/commonMain/kotlin/borg/trikeshed/net/http/Http3Protocol.kt:206:25 Unresolved reference. None of the following candidates is applicable because of a receiver type mismatch:
fun <T> Join<Int, Function1<Int, Join<Any?, TypeMemento>>>.get(column: Column<T>): T?
e: file:///Users/jim/work/v2superbikeshed/Trikeshed/src/commonMain/kotlin/borg/trikeshed/net/http/Http3Protocol.kt:324:39 Argument type mismatch: actual type is 'T? (of fun <T> Join<Int, Function1<Int, Join<Any?, TypeMemento>>>.get)', but 'Byte' was expected.
e: file:///Users/jim/work/v2superbikeshed/Trikeshed/src/commonMain/kotlin/borg/trikeshed/net/http/Http3Protocol.kt:324:39 Cannot infer type for this parameter. Specify it explicitly.
e: file:///Users/jim/work/v2superbikeshed/Trikeshed/src/commonMain/kotlin/borg/trikeshed/net/http/Http3Protocol.kt:324:39 Unresolved reference. None of the following candidates is applicable because of a receiver type mismatch:
fun <T> Join<Int, Function1<Int, Join<Any?, TypeMemento>>>.get(column: Column<T>): T?
e: file:///Users/jim/work/v2superbikeshed/Trikeshed/src/commonMain/kotlin/borg/trikeshed/net/http/Http3Protocol.kt:349:26 Cannot infer type for this parameter. Specify it explicitly.
e: file:///Users/jim/work/v2superbikeshed/Trikeshed/src/commonMain/kotlin/borg/trikeshed/net/http/Http3Protocol.kt:349:26 Unresolved reference. None of the following candidates is applicable because of a receiver type mismatch:
fun <T> Join<Int, Function1<Int, Join<Any?, TypeMemento>>>.get(column: Column<T>): T?
e: file:///Users/jim/work/v2superbikeshed/Trikeshed/src/commonMain/kotlin/borg/trikeshed/net/http/Http3Protocol.kt:350:26 Unresolved reference 'a'.
e: file:///Users/jim/work/v2superbikeshed/Trikeshed/src/commonMain/kotlin/borg/trikeshed/net/http/Http3Protocol.kt:351:65 Unresolved reference 'b'.
e: file:///Users/jim/work/v2superbikeshed/Trikeshed/src/commonMain/kotlin/borg/trikeshed/net/http/Http3Protocol.kt:352:58 Unresolved reference 'b'.
e: file:///Users/jim/work/v2superbikeshed/Trikeshed/src/commonMain/kotlin/borg/trikeshed/net/http/Http3Protocol.kt:561:26 Cannot infer type for this parameter. Specify it explicitly.
e: file:///Users/jim/work/v2superbikeshed/Trikeshed/src/commonMain/kotlin/borg/trikeshed/net/http/Http3Protocol.kt:561:26 Unresolved reference. None of the following candidates is applicable because of a receiver type mismatch:
fun <T> Join<Int, Function1<Int, Join<Any?, TypeMemento>>>.get(column: Column<T>): T?
e: file:///Users/jim/work/v2superbikeshed/Trikeshed/src/commonMain/kotlin/borg/trikeshed/net/http/Http3Protocol.kt:562:31 Unresolved reference 'a'.
e: file:///Users/jim/work/v2superbikeshed/Trikeshed/src/commonMain/kotlin/borg/trikeshed/net/http/Http3Protocol.kt:563:32 Unresolved reference 'b'.
e: file:///Users/jim/work/v2superbikeshed/Trikeshed/src/commonMain/kotlin/borg/trikeshed/net/http/Http3Protocol.kt:634:24 Cannot infer type for this parameter. Specify it explicitly.
e: file:///Users/jim/work/v2superbikeshed/Trikeshed/src/commonMain/kotlin/borg/trikeshed/net/http/Http3Protocol.kt:634:24 Unresolved reference. None of the following candidates is applicable because of a receiver type mismatch:
fun <T> Join<Int, Function1<Int, Join<Any?, TypeMemento>>>.get(column: Column<T>): T?
e: file:///Users/jim/work/v2superbikeshed/Trikeshed/src/commonMain/kotlin/borg/trikeshed/net/http/Http3Protocol.kt:697:25 Cannot infer type for this parameter. Specify it explicitly.
e: file:///Users/jim/work/v2superbikeshed/Trikeshed/src/commonMain/kotlin/borg/trikeshed/net/http/Http3Protocol.kt:697:25 Unresolved reference. None of the following candidates is applicable because of a receiver type mismatch:
fun <T> Join<Int, Function1<Int, Join<Any?, TypeMemento>>>.get(column: Column<T>): T?
e: file:///Users/jim/work/v2superbikeshed/Trikeshed/src/commonMain/kotlin/borg/trikeshed/net/http/Http3Protocol.kt:713:25 Argument type mismatch: actual type is 'Int', but 'Int' was expected.
e: file:///Users/jim/work/v2superbikeshed/Trikeshed/src/commonMain/kotlin/borg/trikeshed/net/http/Http3Protocol.kt:713:30 Argument type mismatch: actual type is 'T? (of fun <T> Join<Int, Function1<Int, Join<Any?, TypeMemento>>>.get)', but 'Byte' was expected.
e: file:///Users/jim/work/v2superbikeshed/Trikeshed/src/commonMain/kotlin/borg/trikeshed/net/http/Http3Protocol.kt:713:30 Cannot infer type for this parameter. Specify it explicitly.
e: file:///Users/jim/work/v2superbikeshed/Trikeshed/src/commonMain/kotlin/borg/trikeshed/net/http/Http3Protocol.kt:713:30 Unresolved reference. None of the following candidates is applicable because of a receiver type mismatch:
fun <T> Join<Int, Function1<Int, Join<Any?, TypeMemento>>>.get(column: Column<T>): T?
e: file:///Users/jim/work/v2superbikeshed/Trikeshed/src/commonMain/kotlin/borg/trikeshed/net/http/Http3Protocol.kt:901:21 Cannot infer type for this parameter. Specify it explicitly.
e: file:///Users/jim/work/v2superbikeshed/Trikeshed/src/commonMain/kotlin/borg/trikeshed/net/http/Http3Protocol.kt:901:21 Unresolved reference. None of the following candidates is applicable because of a receiver type mismatch:
fun <T> Join<Int, Function1<Int, Join<Any?, TypeMemento>>>.get(column: Column<T>): T?
e: file:///Users/jim/work/v2superbikeshed/Trikeshed/src/commonMain/kotlin/borg/trikeshed/net/http/Http3Protocol.kt:909:25 Cannot infer type for this parameter. Specify it explicitly.
e: file:///Users/jim/work/v2superbikeshed/Trikeshed/src/commonMain/kotlin/borg/trikeshed/net/http/Http3Protocol.kt:909:25 Unresolved reference. None of the following candidates is applicable because of a receiver type mismatch:
fun <T> Join<Int, Function1<Int, Join<Any?, TypeMemento>>>.get(column: Column<T>): T?
e: file:///Users/jim/work/v2superbikeshed/Trikeshed/src/commonMain/kotlin/borg/trikeshed/net/http/Http3Protocol.kt:915:26 Cannot infer type for this parameter. Specify it explicitly.
e: file:///Users/jim/work/v2superbikeshed/Trikeshed/src/commonMain/kotlin/borg/trikeshed/net/http/Http3Protocol.kt:915:26 Unresolved reference. None of the following candidates is applicable because of a receiver type mismatch:
fun <T> Join<Int, Function1<Int, Join<Any?, TypeMemento>>>.get(column: Column<T>): T?
e: file:///Users/jim/work/v2superbikeshed/Trikeshed/src/commonMain/kotlin/borg/trikeshed/net/http/Http3Protocol.kt:916:26 Cannot infer type for this parameter. Specify it explicitly.
e: file:///Users/jim/work/v2superbikeshed/Trikeshed/src/commonMain/kotlin/borg/trikeshed/net/http/Http3Protocol.kt:916:26 Unresolved reference. None of the following candidates is applicable because of a receiver type mismatch:
fun <T> Join<Int, Function1<Int, Join<Any?, TypeMemento>>>.get(column: Column<T>): T?
e: file:///Users/jim/work/v2superbikeshed/Trikeshed/src/commonMain/kotlin/borg/trikeshed/net/http/Http3Protocol.kt:917:25 Cannot infer type for this parameter. Specify it explicitly.
e: file:///Users/jim/work/v2superbikeshed/Trikeshed/src/commonMain/kotlin/borg/trikeshed/net/http/Http3Protocol.kt:917:25 Unresolved reference. None of the following candidates is applicable because of a receiver type mismatch:
fun <T> Join<Int, Function1<Int, Join<Any?, TypeMemento>>>.get(column: Column<T>): T?
e: file:///Users/jim/work/v2superbikeshed/Trikeshed/src/commonMain/kotlin/borg/trikeshed/net/http/Http3Protocol.kt:924:36 Cannot infer type for this parameter. Specify it explicitly.
e: file:///Users/jim/work/v2superbikeshed/Trikeshed/src/commonMain/kotlin/borg/trikeshed/net/http/Http3Protocol.kt:924:36 Unresolved reference. None of the following candidates is applicable because of a receiver type mismatch:
fun <T> Join<Int, Function1<Int, Join<Any?, TypeMemento>>>.get(column: Column<T>): T?
e: file:///Users/jim/work/v2superbikeshed/Trikeshed/src/commonMain/kotlin/borg/trikeshed/net/http/HttpClient.kt:140:13 Argument type mismatch: actual type is 'Pair<String, String>', but 'K (of fun <K> WHEN_CALL)' was expected.
e: file:///Users/jim/work/v2superbikeshed/Trikeshed/src/commonMain/kotlin/borg/trikeshed/net/http/HttpClient.kt:142:13 Argument type mismatch: actual type is 'Pair<A (of fun <A, B> A.to), B (of fun <A, B> A.to)>', but 'K (of fun <K> WHEN_CALL)' was expected.
e: file:///Users/jim/work/v2superbikeshed/Trikeshed/src/commonMain/kotlin/borg/trikeshed/net/http/HttpClient.kt:142:54 Cannot infer type for this parameter. Specify it explicitly.
e: file:///Users/jim/work/v2superbikeshed/Trikeshed/src/commonMain/kotlin/borg/trikeshed/net/http/HttpClient.kt:142:54 Unresolved reference. None of the following candidates is applicable because of a receiver type mismatch:
fun <A, B> A.to(that: B): Pair<A, B>
e: file:///Users/jim/work/v2superbikeshed/Trikeshed/src/commonMain/kotlin/borg/trikeshed/net/http/HttpClient.kt:147:62 Unresolved reference 'coroutineContext'.
e: file:///Users/jim/work/v2superbikeshed/Trikeshed/src/commonMain/kotlin/borg/trikeshed/net/http/HttpClient.kt:151:9 Unresolved reference 'requestQueue'.
e: file:///Users/jim/work/v2superbikeshed/Trikeshed/src/commonMain/kotlin/borg/trikeshed/net/http/HttpClient.kt:154:18 Cannot infer type for this parameter. Specify it explicitly.
e: file:///Users/jim/work/v2superbikeshed/Trikeshed/src/commonMain/kotlin/borg/trikeshed/net/http/HttpClient.kt:155:16 Unresolved reference 'write'.
e: file:///Users/jim/work/v2superbikeshed/Trikeshed/src/commonMain/kotlin/borg/trikeshed/net/http/HttpClient.kt:156:23 Unresolved reference 'write'.
e: file:///Users/jim/work/v2superbikeshed/Trikeshed/src/commonMain/kotlin/borg/trikeshed/net/http/HttpClient.kt:157:9 Unresolved reference 'lastActivity'.
e: file:///Users/jim/work/v2superbikeshed/Trikeshed/src/commonMain/kotlin/borg/trikeshed/net/http/HttpClient.kt:157:24 Unresolved reference 'System'.
e: file:///Users/jim/work/v2superbikeshed/Trikeshed/src/commonMain/kotlin/borg/trikeshed/net/http/HttpClient.kt:167:18 Unresolved reference 'write'.
e: file:///Users/jim/work/v2superbikeshed/Trikeshed/src/commonMain/kotlin/borg/trikeshed/net/http/HttpClient.kt:170:33 Unresolved reference 'read'.
e: file:///Users/jim/work/v2superbikeshed/Trikeshed/src/commonMain/kotlin/borg/trikeshed/net/http/HttpClient.kt:173:13 Unresolved reference 'lastActivity'.
e: file:///Users/jim/work/v2superbikeshed/Trikeshed/src/commonMain/kotlin/borg/trikeshed/net/http/HttpClient.kt:173:28 Unresolved reference 'System'.
e: file:///Users/jim/work/v2superbikeshed/Trikeshed/src/commonMain/kotlin/borg/trikeshed/net/http/HttpClient.kt:187:38 Unresolved reference 'System'.
e: file:///Users/jim/work/v2superbikeshed/Trikeshed/src/commonMain/kotlin/borg/trikeshed/net/http/HttpClient.kt:198:26 Unresolved reference 'KQueueContext'.
e: file:///Users/jim/work/v2superbikeshed/Trikeshed/src/commonMain/kotlin/borg/trikeshed/net/http/HttpClient.kt:212:23 Unresolved reference 'getChannel'.
e: file:///Users/jim/work/v2superbikeshed/Trikeshed/src/commonMain/kotlin/borg/trikeshed/net/http/HttpClient.kt:214:9 Argument type mismatch: actual type is 'R? (of fun <T, R> T.let)', but 'K? (of fun <K> ELVIS_CALL)' was expected.
e: file:///Users/jim/work/v2superbikeshed/Trikeshed/src/commonMain/kotlin/borg/trikeshed/net/http/HttpClient.kt:214:18 Cannot infer type for this parameter. Specify it explicitly.
e: file:///Users/jim/work/v2superbikeshed/Trikeshed/src/commonMain/kotlin/borg/trikeshed/net/http/HttpClient.kt:214:22 Cannot infer type for this parameter. Specify it explicitly.
e: file:///Users/jim/work/v2superbikeshed/Trikeshed/src/commonMain/kotlin/borg/trikeshed/net/http/HttpClient.kt:215:16 Unresolved reference 'write'.
e: file:///Users/jim/work/v2superbikeshed/Trikeshed/src/commonMain/kotlin/borg/trikeshed/net/http/HttpClient.kt:217:24 Unresolved reference 'System'.
e: file:///Users/jim/work/v2superbikeshed/Trikeshed/src/commonMain/kotlin/borg/trikeshed/net/http/HttpClient.kt:225:23 Unresolved reference 'getChannel'.
e: file:///Users/jim/work/v2superbikeshed/Trikeshed/src/commonMain/kotlin/borg/trikeshed/net/http/HttpClient.kt:233:28 Unresolved reference 'System'.
e: file:///Users/jim/work/v2superbikeshed/Trikeshed/src/commonMain/kotlin/borg/trikeshed/net/http/HttpClient.kt:238:20 Unresolved reference 'System'.
e: file:///Users/jim/work/v2superbikeshed/Trikeshed/src/commonMain/kotlin/borg/trikeshed/net/http/HttpClient.kt:239:40 Unresolved reference. None of the following candidates is applicable because of a receiver type mismatch:
expect fun String.compareTo(other: String, ignoreCase: Boolean = ...): Int
e: file:///Users/jim/work/v2superbikeshed/Trikeshed/src/commonMain/kotlin/borg/trikeshed/net/http/HttpClient.kt:244:18 Suspend function 'expect suspend fun close(): Unit' can only be called from a coroutine or another suspend function.
e: file:///Users/jim/work/v2superbikeshed/Trikeshed/src/commonMain/kotlin/borg/trikeshed/net/http/HttpClient.kt:258:16 None of the following candidates is applicable:
val CoroutineScope.isActive: Boolean
val CoroutineContext.isActive: Boolean
e: file:///Users/jim/work/v2superbikeshed/Trikeshed/src/commonMain/kotlin/borg/trikeshed/net/http/HttpClient.kt:260:37 Unresolved reference 'read'.
e: file:///Users/jim/work/v2superbikeshed/Trikeshed/src/commonMain/kotlin/borg/trikeshed/net/http/HttpClient.kt:304:13 Argument type mismatch: actual type is 'Pair<A (of fun <A, B> A.to), B (of fun <A, B> A.to)>', but 'K (of fun <K> WHEN_CALL)' was expected.
e: file:///Users/jim/work/v2superbikeshed/Trikeshed/src/commonMain/kotlin/borg/trikeshed/net/http/HttpClient.kt:304:43 Cannot infer type for this parameter. Specify it explicitly.
e: file:///Users/jim/work/v2superbikeshed/Trikeshed/src/commonMain/kotlin/borg/trikeshed/net/http/HttpClient.kt:304:43 Unresolved reference. None of the following candidates is applicable because of a receiver type mismatch:
fun <A, B> A.to(that: B): Pair<A, B>
e: file:///Users/jim/work/v2superbikeshed/Trikeshed/src/commonMain/kotlin/borg/trikeshed/net/http/HttpClient.kt:306:13 Argument type mismatch: actual type is 'Pair<String, Int>', but 'K (of fun <K> WHEN_CALL)' was expected.
e: file:///Users/jim/work/v2superbikeshed/Trikeshed/src/commonMain/kotlin/borg/trikeshed/net/http/HttpClient.kt:353:46 Unresolved reference 'createDefault'.
e: file:///Users/jim/work/v2superbikeshed/Trikeshed/src/commonMain/kotlin/borg/trikeshed/net/http/HttpClient.kt:363:23 Unresolved reference 'Companion'.
e: file:///Users/jim/work/v2superbikeshed/Trikeshed/src/commonMain/kotlin/borg/trikeshed/net/http/HttpClient.kt:369:30 Unresolved reference. None of the following candidates is applicable because of a receiver type mismatch:
fun Join<Int, Function1<Int, Byte>>.toByteArray(): ByteArray
e: file:///Users/jim/work/v2superbikeshed/Trikeshed/src/commonMain/kotlin/borg/trikeshed/net/http/HttpQuicIntegration.kt:12:12 Redeclaration:
data class HttpServerConfig : Any
e: file:///Users/jim/work/v2superbikeshed/Trikeshed/src/commonMain/kotlin/borg/trikeshed/net/http/HttpQuicIntegration.kt:331:26 Cannot infer type for this parameter. Specify it explicitly.
e: file:///Users/jim/work/v2superbikeshed/Trikeshed/src/commonMain/kotlin/borg/trikeshed/net/http/HttpQuicIntegration.kt:331:26 Unresolved reference. None of the following candidates is applicable because of a receiver type mismatch:
fun <T> Join<Int, Function1<Int, Join<Any?, TypeMemento>>>.get(column: Column<T>): T?
e: file:///Users/jim/work/v2superbikeshed/Trikeshed/src/commonMain/kotlin/borg/trikeshed/net/http/HttpQuicIntegration.kt:332:24 Unresolved reference 'a'.
e: file:///Users/jim/work/v2superbikeshed/Trikeshed/src/commonMain/kotlin/borg/trikeshed/net/http/HttpQuicIntegration.kt:333:24 Unresolved reference 'b'.
e: file:///Users/jim/work/v2superbikeshed/Trikeshed/src/commonMain/kotlin/borg/trikeshed/net/http/HttpQuicIntegration.kt:345:26 Cannot infer type for this parameter. Specify it explicitly.
e: file:///Users/jim/work/v2superbikeshed/Trikeshed/src/commonMain/kotlin/borg/trikeshed/net/http/HttpQuicIntegration.kt:345:26 Unresolved reference. None of the following candidates is applicable because of a receiver type mismatch:
fun <T> Join<Int, Function1<Int, Join<Any?, TypeMemento>>>.get(column: Column<T>): T?
e: file:///Users/jim/work/v2superbikeshed/Trikeshed/src/commonMain/kotlin/borg/trikeshed/net/http/HttpQuicIntegration.kt:346:24 Unresolved reference 'a'.
e: file:///Users/jim/work/v2superbikeshed/Trikeshed/src/commonMain/kotlin/borg/trikeshed/net/http/HttpQuicIntegration.kt:347:24 Unresolved reference 'b'.
e: file:///Users/jim/work/v2superbikeshed/Trikeshed/src/commonMain/kotlin/borg/trikeshed/net/http/HttpQuicServer.kt:9:11 Redeclaration:
typealias HttpHandler = suspend (HttpRequest) -> HttpResponse
e: file:///Users/jim/work/v2superbikeshed/Trikeshed/src/commonMain/kotlin/borg/trikeshed/net/http/HttpQuicServer.kt:107:30 Argument type mismatch: actual type is 'HttpStatusCode', but 'HttpStatusCode' was expected.
e: file:///Users/jim/work/v2superbikeshed/Trikeshed/src/commonMain/kotlin/borg/trikeshed/net/http/HttpQuicServer.kt:108:31 Cannot infer type for this parameter. Specify it explicitly.
e: file:///Users/jim/work/v2superbikeshed/Trikeshed/src/commonMain/kotlin/borg/trikeshed/net/http/HttpQuicServer.kt:108:31 Not enough information to infer type argument for 'T'.
e: file:///Users/jim/work/v2superbikeshed/Trikeshed/src/commonMain/kotlin/borg/trikeshed/net/http/HttpQuicServer.kt:108:31 Unresolved reference. None of the following candidates is applicable because of a receiver type mismatch:
fun <T> Join<Shape, Function1<Shape, T>>.invoke(index: Int): T
e: file:///Users/jim/work/v2superbikeshed/Trikeshed/src/commonMain/kotlin/borg/trikeshed/net/http/HttpQuicServer.kt:108:31 Argument type mismatch: actual type is 'T (of fun <T> Join<Shape, Function1<Shape, T>>.invoke)', but 'Join<Int, Function1<Int, Join<HttpHeaderName, HttpHeaderValue>>>' was expected.
e: file:///Users/jim/work/v2superbikeshed/Trikeshed/src/commonMain/kotlin/borg/trikeshed/net/http/HttpQuicServer.kt:109:28 Argument type mismatch: actual type is 'ByteArray', but 'ByteArray' was expected.
e: file:///Users/jim/work/v2superbikeshed/Trikeshed/src/commonMain/kotlin/borg/trikeshed/net/http/HttpQuicServer.kt:130:30 Cannot infer type for this parameter. Specify it explicitly.
e: file:///Users/jim/work/v2superbikeshed/Trikeshed/src/commonMain/kotlin/borg/trikeshed/net/http/HttpQuicServer.kt:130:30 Unresolved reference. None of the following candidates is applicable because of a receiver type mismatch:
fun <T> Join<Int, Function1<Int, Join<Any?, TypeMemento>>>.get(column: Column<T>): T?
e: file:///Users/jim/work/v2superbikeshed/Trikeshed/src/commonMain/kotlin/borg/trikeshed/net/http/HttpQuicServer.kt:136:31 Cannot infer type for this parameter. Specify it explicitly.
e: file:///Users/jim/work/v2superbikeshed/Trikeshed/src/commonMain/kotlin/borg/trikeshed/net/http/HttpQuicServer.kt:136:31 Unresolved reference. None of the following candidates is applicable because of a receiver type mismatch:
fun <T> Join<Int, Function1<Int, Join<Any?, TypeMemento>>>.get(column: Column<T>): T?
e: file:///Users/jim/work/v2superbikeshed/Trikeshed/src/commonMain/kotlin/borg/trikeshed/net/http/HttpQuicServer.kt:145:24 None of the following candidates is applicable:
fun ByteArray.toIdx(): Join<Int, Function1<Int, Byte>>
fun IntArray.toIdx(): Join<Int, Function1<Int, Int>>
e: file:///Users/jim/work/v2superbikeshed/Trikeshed/src/commonMain/kotlin/borg/trikeshed/net/http/HttpQuicServer.kt:154:71 Cannot infer type for this parameter. Specify it explicitly.
e: file:///Users/jim/work/v2superbikeshed/Trikeshed/src/commonMain/kotlin/borg/trikeshed/net/http/HttpQuicServer.kt:154:71 Not enough information to infer type argument for 'T'.
e: file:///Users/jim/work/v2superbikeshed/Trikeshed/src/commonMain/kotlin/borg/trikeshed/net/http/HttpQuicServer.kt:154:71 Unresolved reference. None of the following candidates is applicable because of a receiver type mismatch:
fun <T> Join<Shape, Function1<Shape, T>>.invoke(index: Int): T
e: file:///Users/jim/work/v2superbikeshed/Trikeshed/src/commonMain/kotlin/borg/trikeshed/net/http/HttpQuicServer.kt:232:26 None of the following candidates is applicable:
fun ByteArray.toIdx(): Join<Int, Function1<Int, Byte>>
fun IntArray.toIdx(): Join<Int, Function1<Int, Int>>
e: file:///Users/jim/work/v2superbikeshed/Trikeshed/src/commonMain/kotlin/borg/trikeshed/net/http/HttpQuicServer.kt:244:26 None of the following candidates is applicable:
fun ByteArray.toIdx(): Join<Int, Function1<Int, Byte>>
fun IntArray.toIdx(): Join<Int, Function1<Int, Int>>
e: file:///Users/jim/work/v2superbikeshed/Trikeshed/src/commonMain/kotlin/borg/trikeshed/net/http/HttpQuicServer.kt:262:12 Cannot infer type for this parameter. Specify it explicitly.
e: file:///Users/jim/work/v2superbikeshed/Trikeshed/src/commonMain/kotlin/borg/trikeshed/net/http/HttpQuicServer.kt:262:12 Unresolved reference. None of the following candidates is applicable because of a receiver type mismatch:
fun <T> Join<Int, Function1<Int, Join<Any?, TypeMemento>>>.get(column: Column<T>): T?
e: file:///Users/jim/work/v2superbikeshed/Trikeshed/src/commonMain/kotlin/borg/trikeshed/net/http/HttpQuicServer.kt:280:9 Unresolved reference. None of the following candidates is applicable because of a receiver type mismatch:
suspend fun QuicStream.writeByte(byte: Byte): Unit
e: file:///Users/jim/work/v2superbikeshed/Trikeshed/src/commonMain/kotlin/borg/trikeshed/net/http/HttpQuicServer.kt:280:19 Cannot infer type for this parameter. Specify it explicitly.
e: file:///Users/jim/work/v2superbikeshed/Trikeshed/src/commonMain/kotlin/borg/trikeshed/net/http/HttpQuicServer.kt:280:19 Unresolved reference. None of the following candidates is applicable because of a receiver type mismatch:
fun <T> Join<Int, Function1<Int, Join<Any?, TypeMemento>>>.get(column: Column<T>): T?
e: file:///Users/jim/work/v2superbikeshed/Trikeshed/src/commonMain/kotlin/borg/trikeshed/net/http/HttpSerializer.kt:29:33 Unresolved reference 'size'.
e: file:///Users/jim/work/v2superbikeshed/Trikeshed/src/commonMain/kotlin/borg/trikeshed/net/http/HttpSerializer.kt:30:26 Unresolved reference. None of the following candidates is applicable because of a receiver type mismatch:
expect fun MatchGroupCollection.get(name: String): MatchGroup?
e: file:///Users/jim/work/v2superbikeshed/Trikeshed/src/commonMain/kotlin/borg/trikeshed/net/http/HttpSerializer.kt:31:23 Unresolved reference 'a'.
e: file:///Users/jim/work/v2superbikeshed/Trikeshed/src/commonMain/kotlin/borg/trikeshed/net/http/HttpSerializer.kt:31:36 Unresolved reference 'b'.
e: file:///Users/jim/work/v2superbikeshed/Trikeshed/src/commonMain/kotlin/borg/trikeshed/net/http/HttpServer.kt:20:11 Redeclaration:
typealias HttpHandler = suspend (HttpRequest) -> HttpResponse
e: file:///Users/jim/work/v2superbikeshed/Trikeshed/src/commonMain/kotlin/borg/trikeshed/net/http/HttpServer.kt:25:12 Redeclaration:
data class HttpServerConfig : Any
e: file:///Users/jim/work/v2superbikeshed/Trikeshed/src/commonMain/kotlin/borg/trikeshed/net/http/HttpServer.kt:86:25 Unresolved reference 'PlatformIO'.
e: file:///Users/jim/work/v2superbikeshed/Trikeshed/src/commonMain/kotlin/borg/trikeshed/net/http/HttpServer.kt:88:40 Unresolved reference 'value'.
e: file:///Users/jim/work/v2superbikeshed/Trikeshed/src/commonMain/kotlin/borg/trikeshed/net/http/HttpServer.kt:89:65 Unresolved reference 'value'.
e: file:///Users/jim/work/v2superbikeshed/Trikeshed/src/commonMain/kotlin/borg/trikeshed/net/http/HttpServer.kt:89:86 Unresolved reference 'value'.
e: file:///Users/jim/work/v2superbikeshed/Trikeshed/src/commonMain/kotlin/borg/trikeshed/net/http/HttpServer.kt:91:17 Unresolved reference 'register'.
e: file:///Users/jim/work/v2superbikeshed/Trikeshed/src/commonMain/kotlin/borg/trikeshed/net/http/HttpServer.kt:92:47 Suspension functions can only be called within coroutine body.
e: file:///Users/jim/work/v2superbikeshed/Trikeshed/src/commonMain/kotlin/borg/trikeshed/net/http/HttpServer.kt:94:31 Unresolved reference 'configureBlocking'.
e: file:///Users/jim/work/v2superbikeshed/Trikeshed/src/commonMain/kotlin/borg/trikeshed/net/http/HttpServer.kt:98:71 Unresolved reference 'remoteAddress'.
e: file:///Users/jim/work/v2superbikeshed/Trikeshed/src/commonMain/kotlin/borg/trikeshed/net/http/HttpServer.kt:105:70 Unresolved reference 'value'.
e: file:///Users/jim/work/v2superbikeshed/Trikeshed/src/commonMain/kotlin/borg/trikeshed/net/http/HttpServer.kt:106:17 Cannot infer type for this parameter. Specify it explicitly.
e: file:///Users/jim/work/v2superbikeshed/Trikeshed/src/commonMain/kotlin/borg/trikeshed/net/http/HttpServer.kt:106:20 No value passed for parameter 'block'.
e: file:///Users/jim/work/v2superbikeshed/Trikeshed/src/commonMain/kotlin/borg/trikeshed/net/http/HttpServer.kt:112:21 Unresolved reference 'stop'.
e: file:///Users/jim/work/v2superbikeshed/Trikeshed/src/commonMain/kotlin/borg/trikeshed/net/http/HttpServer.kt:128:37 Unresolved reference 'read'.
e: file:///Users/jim/work/v2superbikeshed/Trikeshed/src/commonMain/kotlin/borg/trikeshed/net/http/HttpServer.kt:138:62 Argument type mismatch: actual type is 'Join<Int, Function1<Int, Char>>', but 'String' was expected.
e: file:///Users/jim/work/v2superbikeshed/Trikeshed/src/commonMain/kotlin/borg/trikeshed/net/http/HttpServer.kt:158:21 Unresolved reference 'write'.
e: file:///Users/jim/work/v2superbikeshed/Trikeshed/src/commonMain/kotlin/borg/trikeshed/net/http/HttpServer.kt:168:44 Overload resolution ambiguity between candidates:
fun <X, C, V : Join<Int, Function1<Int, X>>> V.α(crossinline xform: (X) -> C): Join<Int, Function1<Int, C>>
fun <X, C, V : Join<Int, Function1<Int, X>>> V.α(crossinline xform: (X) -> C): Join<Int, Function1<Int, C>>
e: file:///Users/jim/work/v2superbikeshed/Trikeshed/src/commonMain/kotlin/borg/trikeshed/net/http/HttpServer.kt:168:63 Unresolved reference 'it'.
e: file:///Users/jim/work/v2superbikeshed/Trikeshed/src/commonMain/kotlin/borg/trikeshed/net/http/HttpServer.kt:168:93 Unresolved reference 'it'.
e: file:///Users/jim/work/v2superbikeshed/Trikeshed/src/commonMain/kotlin/borg/trikeshed/net/http/HttpServer.kt:169:28 Argument type mismatch: actual type is 'String', but 'HttpMethod' was expected.
e: file:///Users/jim/work/v2superbikeshed/Trikeshed/src/commonMain/kotlin/borg/trikeshed/net/http/HttpServer.kt:169:86 Unresolved reference 'value'.
e: file:///Users/jim/work/v2superbikeshed/Trikeshed/src/commonMain/kotlin/borg/trikeshed/net/http/HttpServer.kt:169:103 Argument type mismatch: actual type is 'String', but 'ByteArray' was expected.
e: file:///Users/jim/work/v2superbikeshed/Trikeshed/src/commonMain/kotlin/borg/trikeshed/net/http/HttpServer.kt:169:124 Argument type mismatch: actual type is 'String', but 'HttpVersion' was expected.
e: file:///Users/jim/work/v2superbikeshed/Trikeshed/src/commonMain/kotlin/borg/trikeshed/net/http/HttpServer.kt:175:17 Unresolved reference 'write'.
e: file:///Users/jim/work/v2superbikeshed/Trikeshed/src/commonMain/kotlin/borg/trikeshed/net/http/HttpServer.kt:195:47 Unresolved reference 'path'.
e: file:///Users/jim/work/v2superbikeshed/Trikeshed/src/commonMain/kotlin/borg/trikeshed/net/http/HttpServer.kt:206:91 Unresolved reference 'path'.
e: file:///Users/jim/work/v2superbikeshed/Trikeshed/src/commonMain/kotlin/borg/trikeshed/net/http/HttpServer.kt:262:34 Unresolved reference 'Series2'.
e: file:///Users/jim/work/v2superbikeshed/Trikeshed/src/commonMain/kotlin/borg/trikeshed/net/http/HttpServer.kt:262:42 Unresolved reference 'HttpFieldName'.
e: file:///Users/jim/work/v2superbikeshed/Trikeshed/src/commonMain/kotlin/borg/trikeshed/net/http/HttpServer.kt:262:57 Unresolved reference 'HttpFieldValue'.
e: file:///Users/jim/work/v2superbikeshed/Trikeshed/src/commonMain/kotlin/borg/trikeshed/net/http/HttpServer.kt:263:40 Cannot infer type for this parameter. Specify it explicitly.
e: file:///Users/jim/work/v2superbikeshed/Trikeshed/src/commonMain/kotlin/borg/trikeshed/net/http/HttpServer.kt:263:40 Not enough information to infer type argument for 'T'.
e: file:///Users/jim/work/v2superbikeshed/Trikeshed/src/commonMain/kotlin/borg/trikeshed/net/http/HttpServer.kt:263:47 Cannot infer type for this parameter. Specify it explicitly.
e: file:///Users/jim/work/v2superbikeshed/Trikeshed/src/commonMain/kotlin/borg/trikeshed/net/http/HttpServer.kt:263:47 Not enough information to infer type argument for 'T'.
e: file:///Users/jim/work/v2superbikeshed/Trikeshed/src/commonMain/kotlin/borg/trikeshed/net/http/HttpServer.kt:263:52 Cannot infer type for this parameter. Specify it explicitly.
e: file:///Users/jim/work/v2superbikeshed/Trikeshed/src/commonMain/kotlin/borg/trikeshed/net/http/HttpServer.kt:264:16 Unresolved reference 'a'.
e: file:///Users/jim/work/v2superbikeshed/Trikeshed/src/commonMain/kotlin/borg/trikeshed/net/http/HttpServer.kt:265:12 Unresolved reference 'b'.
e: file:///Users/jim/work/v2superbikeshed/Trikeshed/src/commonMain/kotlin/borg/trikeshed/net/http/HttpServer.kt:276:18 Unresolved reference 'Series2'.
e: file:///Users/jim/work/v2superbikeshed/Trikeshed/src/commonMain/kotlin/borg/trikeshed/net/http/HttpServer.kt:276:26 Unresolved reference 'HttpFieldName'.
e: file:///Users/jim/work/v2superbikeshed/Trikeshed/src/commonMain/kotlin/borg/trikeshed/net/http/HttpServer.kt:276:41 Unresolved reference 'HttpFieldValue'.
e: file:///Users/jim/work/v2superbikeshed/Trikeshed/src/commonMain/kotlin/borg/trikeshed/net/http/HttpServer.kt:278:45 Cannot infer type for this parameter. Specify it explicitly.
e: file:///Users/jim/work/v2superbikeshed/Trikeshed/src/commonMain/kotlin/borg/trikeshed/net/http/HttpServer.kt:278:45 Not enough information to infer type argument for 'X'.
e: file:///Users/jim/work/v2superbikeshed/Trikeshed/src/commonMain/kotlin/borg/trikeshed/net/http/HttpServer.kt:278:49 Cannot infer type for this parameter. Specify it explicitly.
e: file:///Users/jim/work/v2superbikeshed/Trikeshed/src/commonMain/kotlin/borg/trikeshed/net/http/HttpServer.kt:279:17 Unresolved reference 'HttpFieldName'.
e: file:///Users/jim/work/v2superbikeshed/Trikeshed/src/commonMain/kotlin/borg/trikeshed/net/http/HttpServer.kt:279:36 Unresolved reference 'a'.
e: file:///Users/jim/work/v2superbikeshed/Trikeshed/src/commonMain/kotlin/borg/trikeshed/net/http/HttpServer.kt:279:47 Unresolved reference 'HttpFieldValue'.
e: file:///Users/jim/work/v2superbikeshed/Trikeshed/src/commonMain/kotlin/borg/trikeshed/net/http/HttpServer.kt:279:67 Unresolved reference 'b'.
e: file:///Users/jim/work/v2superbikeshed/Trikeshed/src/commonMain/kotlin/borg/trikeshed/net/http/HttpServer.kt:323:38 Unresolved reference 'parseChunkedBody'.
e: file:///Users/jim/work/v2superbikeshed/Trikeshed/src/commonMain/kotlin/borg/trikeshed/net/http/HttpServer.kt:326:28 Cannot infer type for this parameter. Specify it explicitly.
e: file:///Users/jim/work/v2superbikeshed/Trikeshed/src/commonMain/kotlin/borg/trikeshed/net/http/HttpServer.kt:326:35 Cannot infer type for this parameter. Specify it explicitly.
e: file:///Users/jim/work/v2superbikeshed/Trikeshed/src/commonMain/kotlin/borg/trikeshed/net/http/HttpServer.kt:326:35 Not enough information to infer type argument for 'T'.
e: file:///Users/jim/work/v2superbikeshed/Trikeshed/src/commonMain/kotlin/borg/trikeshed/net/http/HttpServer.kt:326:45 Cannot infer type for this parameter. Specify it explicitly.
e: file:///Users/jim/work/v2superbikeshed/Trikeshed/src/commonMain/kotlin/borg/trikeshed/net/http/HttpServer.kt:327:34 Unresolved reference 'data'.
e: file:///Users/jim/work/v2superbikeshed/Trikeshed/src/commonMain/kotlin/borg/trikeshed/net/http/HttpServer.kt:342:37 Unresolved reference 'DealService'.
e: file:///Users/jim/work/v2superbikeshed/Trikeshed/src/commonMain/kotlin/borg/trikeshed/net/http/HttpServer.kt:357:56 Unresolved reference 'RequestFactoryService'.
e: file:///Users/jim/work/v2superbikeshed/Trikeshed/src/commonMain/kotlin/borg/trikeshed/net/http/HttpServer.kt:359:65 Unresolved reference 'it'.
e: file:///Users/jim/work/v2superbikeshed/Trikeshed/src/commonMain/kotlin/borg/trikeshed/net/http/HttpServer.kt:360:56 Unresolved reference 'process'.
e: file:///Users/jim/work/v2superbikeshed/Trikeshed/src/commonMain/kotlin/borg/trikeshed/net/http/HttpServer.kt:361:50 Cannot infer type for this parameter. Specify it explicitly.
e: file:///Users/jim/work/v2superbikeshed/Trikeshed/src/commonMain/kotlin/borg/trikeshed/net/http/HttpServer.kt:361:55 Cannot infer type for this parameter. Specify it explicitly.
e: file:///Users/jim/work/v2superbikeshed/Trikeshed/src/commonMain/kotlin/borg/trikeshed/net/http/HttpServer.kt:361:55 Not enough information to infer type argument for 'T'.
e: file:///Users/jim/work/v2superbikeshed/Trikeshed/src/commonMain/kotlin/borg/trikeshed/net/http/HttpServer.kt:378:19 Unresolved reference 'coroutineContext'.
e: file:///Users/jim/work/v2superbikeshed/Trikeshed/src/commonMain/kotlin/borg/trikeshed/net/http/HttpServer.kt:378:19 Cannot infer type for this parameter. Specify it explicitly.
e: file:///Users/jim/work/v2superbikeshed/Trikeshed/src/commonMain/kotlin/borg/trikeshed/net/http/HttpServer.kt:381:24 No value passed for parameter 'status'.
e: file:///Users/jim/work/v2superbikeshed/Trikeshed/src/commonMain/kotlin/borg/trikeshed/net/http/HttpTypes.kt:6:27 Unresolved reference 'Series2'.
e: file:///Users/jim/work/v2superbikeshed/Trikeshed/src/commonMain/kotlin/borg/trikeshed/net/http/HttpTypes.kt:11:24 Redeclaration:
class HttpHeaderName : Any
e: file:///Users/jim/work/v2superbikeshed/Trikeshed/src/commonMain/kotlin/borg/trikeshed/net/http/HttpTypes.kt:12:24 Redeclaration:
class HttpHeaderValue : Any
e: file:///Users/jim/work/v2superbikeshed/Trikeshed/src/commonMain/kotlin/borg/trikeshed/net/http/HttpTypes.kt:13:24 Redeclaration:
class HttpRequestPath : Any
e: file:///Users/jim/work/v2superbikeshed/Trikeshed/src/commonMain/kotlin/borg/trikeshed/net/http/HttpTypes.kt:14:24 Redeclaration:
class HttpStatusCode : Any
e: file:///Users/jim/work/v2superbikeshed/Trikeshed/src/commonMain/kotlin/borg/trikeshed/net/http/HttpTypes.kt:15:24 Redeclaration:
class HttpReasonPhrase : Any
e: file:///Users/jim/work/v2superbikeshed/Trikeshed/src/commonMain/kotlin/borg/trikeshed/net/http/HttpTypes.kt:16:24 Redeclaration:
class HttpVersion : Any
e: file:///Users/jim/work/v2superbikeshed/Trikeshed/src/commonMain/kotlin/borg/trikeshed/net/http/HttpTypes.kt:19:12 Redeclaration:
enum class HttpMethod : Enum<HttpMethod>
e: file:///Users/jim/work/v2superbikeshed/Trikeshed/src/commonMain/kotlin/borg/trikeshed/net/http/HttpTypes.kt:24:12 Redeclaration:
data class HttpRequest : Any
e: file:///Users/jim/work/v2superbikeshed/Trikeshed/src/commonMain/kotlin/borg/trikeshed/net/http/HttpTypes.kt:34:26 Unresolved reference 'size'.
e: file:///Users/jim/work/v2superbikeshed/Trikeshed/src/commonMain/kotlin/borg/trikeshed/net/http/HttpTypes.kt:35:26 Unresolved reference. None of the following candidates is applicable because of a receiver type mismatch:
expect fun MatchGroupCollection.get(name: String): MatchGroup?
e: file:///Users/jim/work/v2superbikeshed/Trikeshed/src/commonMain/kotlin/borg/trikeshed/net/http/HttpTypes.kt:36:41 Unresolved reference 'a'.
e: file:///Users/jim/work/v2superbikeshed/Trikeshed/src/commonMain/kotlin/borg/trikeshed/net/http/HttpTypes.kt:36:60 Unresolved reference 'b'.
e: file:///Users/jim/work/v2superbikeshed/Trikeshed/src/commonMain/kotlin/borg/trikeshed/net/http/HttpTypes.kt:62:26 Unresolved reference 'Series2'.
e: file:///Users/jim/work/v2superbikeshed/Trikeshed/src/commonMain/kotlin/borg/trikeshed/net/http/HttpTypes.kt:81:12 Redeclaration:
data class HttpResponse : Any
e: file:///Users/jim/work/v2superbikeshed/Trikeshed/src/commonMain/kotlin/borg/trikeshed/net/http/HttpTypes.kt:93:26 Unresolved reference 'size'.
e: file:///Users/jim/work/v2superbikeshed/Trikeshed/src/commonMain/kotlin/borg/trikeshed/net/http/HttpTypes.kt:94:26 Unresolved reference. None of the following candidates is applicable because of a receiver type mismatch:
expect fun MatchGroupCollection.get(name: String): MatchGroup?
e: file:///Users/jim/work/v2superbikeshed/Trikeshed/src/commonMain/kotlin/borg/trikeshed/net/http/HttpTypes.kt:95:41 Unresolved reference 'a'.
e: file:///Users/jim/work/v2superbikeshed/Trikeshed/src/commonMain/kotlin/borg/trikeshed/net/http/HttpTypes.kt:95:60 Unresolved reference 'b'.
e: file:///Users/jim/work/v2superbikeshed/Trikeshed/src/commonMain/kotlin/borg/trikeshed/net/http/HttpTypes.kt:141:9 Conflicting overloads:
suspend fun HttpRequest.send(): HttpResponse
e: file:///Users/jim/work/v2superbikeshed/Trikeshed/src/commonMain/kotlin/borg/trikeshed/net/http/HttpTypes.kt:144:8 Redeclaration:
object HttpUtils : Any
e: file:///Users/jim/work/v2superbikeshed/Trikeshed/src/commonMain/kotlin/borg/trikeshed/net/http/HttpTypes.kt:155:33 Unresolved reference 'size'.
e: file:///Users/jim/work/v2superbikeshed/Trikeshed/src/commonMain/kotlin/borg/trikeshed/net/http/HttpTypes.kt:156:24 Unresolved reference. None of the following candidates is applicable because of a receiver type mismatch:
expect fun MatchGroupCollection.get(name: String): MatchGroup?
e: file:///Users/jim/work/v2superbikeshed/Trikeshed/src/commonMain/kotlin/borg/trikeshed/net/http/HttpTypes.kt:157:21 Unresolved reference 'a'.
e: file:///Users/jim/work/v2superbikeshed/Trikeshed/src/commonMain/kotlin/borg/trikeshed/net/http/HttpTypes.kt:157:38 Unresolved reference 'b'.
e: file:///Users/jim/work/v2superbikeshed/Trikeshed/src/commonMain/kotlin/borg/trikeshed/net/quic/QuicClient.kt:19:39 Unresolved reference 'sessionCache'.
e: file:///Users/jim/work/v2superbikeshed/Trikeshed/src/commonMain/kotlin/borg/trikeshed/net/quic/QuicClient.kt:38:22 Unresolved reference 'isAlive'.
e: file:///Users/jim/work/v2superbikeshed/Trikeshed/src/commonMain/kotlin/borg/trikeshed/net/quic/QuicClient.kt:44:13 No parameter with name 'isClient' found.
e: file:///Users/jim/work/v2superbikeshed/Trikeshed/src/commonMain/kotlin/borg/trikeshed/net/quic/QuicClient.kt:46:13 No parameter with name 'ioContext' found.
e: file:///Users/jim/work/v2superbikeshed/Trikeshed/src/commonMain/kotlin/borg/trikeshed/net/quic/QuicClient.kt:46:13 No value passed for parameter 'sessionCache'.
e: file:///Users/jim/work/v2superbikeshed/Trikeshed/src/commonMain/kotlin/borg/trikeshed/net/quic/QuicClient.kt:46:13 No value passed for parameter 'coroutineScope'.
e: file:///Users/jim/work/v2superbikeshed/Trikeshed/src/commonMain/kotlin/borg/trikeshed/net/quic/QuicClient.kt:50:42 Cannot infer type for this parameter. Specify it explicitly.
e: file:///Users/jim/work/v2superbikeshed/Trikeshed/src/commonMain/kotlin/borg/trikeshed/net/quic/QuicClient.kt:50:46 Argument type mismatch: actual type is 'String', but 'Column<T (of fun <T> Join<Int, Function1<Int, Join<Any?, TypeMemento>>>.get)>' was expected.
e: file:///Users/jim/work/v2superbikeshed/Trikeshed/src/commonMain/kotlin/borg/trikeshed/net/quic/QuicClient.kt:50:52 Too many arguments for 'fun <T> Join<Int, Function1<Int, Join<Any?, TypeMemento>>>.get(column: Column<T>): T?'.
e: file:///Users/jim/work/v2superbikeshed/Trikeshed/src/commonMain/kotlin/borg/trikeshed/net/quic/QuicClient.kt:53:28 Unresolved reference 'connect0RTT'.
e: file:///Users/jim/work/v2superbikeshed/Trikeshed/src/commonMain/kotlin/borg/trikeshed/net/quic/QuicClient.kt:62:40 Too many arguments for 'suspend fun connect(serverAddress: String, port: Int): Boolean'.
e: file:///Users/jim/work/v2superbikeshed/Trikeshed/src/commonMain/kotlin/borg/trikeshed/net/quic/QuicClient.kt:65:20 Unresolved reference 'getSession'.
e: file:///Users/jim/work/v2superbikeshed/Trikeshed/src/commonMain/kotlin/borg/trikeshed/net/quic/QuicClient.kt:65:34 Cannot infer type for this parameter. Specify it explicitly.
e: file:///Users/jim/work/v2superbikeshed/Trikeshed/src/commonMain/kotlin/borg/trikeshed/net/quic/QuicClient.kt:65:40 Cannot infer type for this parameter. Specify it explicitly.
e: file:///Users/jim/work/v2superbikeshed/Trikeshed/src/commonMain/kotlin/borg/trikeshed/net/quic/QuicClient.kt:66:26 Unresolved reference 'put'.
e: file:///Users/jim/work/v2superbikeshed/Trikeshed/src/commonMain/kotlin/borg/trikeshed/net/quic/QuicClient.kt:77:27 Unresolved reference 'openBidirectionalStream'.
e: file:///Users/jim/work/v2superbikeshed/Trikeshed/src/commonMain/kotlin/borg/trikeshed/net/quic/QuicClient.kt:84:27 Unresolved reference 'openUnidirectionalStream'.
e: file:///Users/jim/work/v2superbikeshed/Trikeshed/src/commonMain/kotlin/borg/trikeshed/net/quic/QuicClient.kt:95:16 Unresolved reference 'send'.
e: file:///Users/jim/work/v2superbikeshed/Trikeshed/src/commonMain/kotlin/borg/trikeshed/net/quic/QuicClient.kt:113:68 Unresolved reference. None of the following candidates is applicable because of a receiver type mismatch:
fun Join<Int, Function1<Int, Byte>>.toByteArray(): ByteArray
e: file:///Users/jim/work/v2superbikeshed/Trikeshed/src/commonMain/kotlin/borg/trikeshed/net/quic/QuicClient.kt:114:24 Unresolved reference 'send'.
e: file:///Users/jim/work/v2superbikeshed/Trikeshed/src/commonMain/kotlin/borg/trikeshed/net/quic/QuicClient.kt:115:24 Unresolved reference 'send'.
e: file:///Users/jim/work/v2superbikeshed/Trikeshed/src/commonMain/kotlin/borg/trikeshed/net/quic/QuicClient.kt:128:23 Unresolved reference 'receive'.
e: file:///Users/jim/work/v2superbikeshed/Trikeshed/src/commonMain/kotlin/borg/trikeshed/net/quic/QuicClient.kt:139:31 Unresolved reference 'isAlive'.
e: file:///Users/jim/work/v2superbikeshed/Trikeshed/src/commonMain/kotlin/borg/trikeshed/net/quic/QuicClient.kt:140:41 Unresolved reference 'acceptStream'.
e: file:///Users/jim/work/v2superbikeshed/Trikeshed/src/commonMain/kotlin/borg/trikeshed/net/quic/QuicClient.kt:165:27 Unresolved reference 'migrateConnection'.
e: file:///Users/jim/work/v2superbikeshed/Trikeshed/src/commonMain/kotlin/borg/trikeshed/net/quic/QuicClient.kt:173:30 Unresolved reference 'getRTT'.
e: file:///Users/jim/work/v2superbikeshed/Trikeshed/src/commonMain/kotlin/borg/trikeshed/net/quic/QuicClient.kt:174:43 Unresolved reference 'getCongestionWindow'.
e: file:///Users/jim/work/v2superbikeshed/Trikeshed/src/commonMain/kotlin/borg/trikeshed/net/quic/QuicClient.kt:175:40 Unresolved reference 'getBytesInFlight'.
e: file:///Users/jim/work/v2superbikeshed/Trikeshed/src/commonMain/kotlin/borg/trikeshed/net/quic/QuicClient.kt:176:38 Unresolved reference 'getPacketsLost'.
e: file:///Users/jim/work/v2superbikeshed/Trikeshed/src/commonMain/kotlin/borg/trikeshed/net/quic/QuicClient.kt:177:40 Unresolved reference 'getActiveStreamCount'.
e: file:///Users/jim/work/v2superbikeshed/Trikeshed/src/commonMain/kotlin/borg/trikeshed/net/quic/QuicClient.kt:186:24 Too many arguments for 'suspend fun close(): Unit'.
e: file:///Users/jim/work/v2superbikeshed/Trikeshed/src/commonMain/kotlin/borg/trikeshed/net/quic/QuicClient.kt:186:35 Too many arguments for 'suspend fun close(): Unit'.
e: file:///Users/jim/work/v2superbikeshed/Trikeshed/src/commonMain/kotlin/borg/trikeshed/net/quic/QuicClient.kt:205:16 Unresolved reference 'send'.
e: file:///Users/jim/work/v2superbikeshed/Trikeshed/src/commonMain/kotlin/borg/trikeshed/net/quic/QuicClient.kt:207:15 Cannot infer type for this parameter. Specify it explicitly.
e: file:///Users/jim/work/v2superbikeshed/Trikeshed/src/commonMain/kotlin/borg/trikeshed/net/quic/QuicClient.kt:207:28 Unresolved reference 'send'.
e: file:///Users/jim/work/v2superbikeshed/Trikeshed/src/commonMain/kotlin/borg/trikeshed/net/quic/QuicClient.kt:235:14 Unresolved reference. None of the following candidates is applicable because of a receiver type mismatch:
fun Join<Int, Function1<Int, Byte>>.toByteArray(): ByteArray
e: file:///Users/jim/work/v2superbikeshed/Trikeshed/src/commonMain/kotlin/borg/trikeshed/net/quic/QuicClient.kt:267:48 Unresolved reference 'default'.
e: file:///Users/jim/work/v2superbikeshed/Trikeshed/src/commonMain/kotlin/borg/trikeshed/net/quic/QuicClient.kt:303:20 Unresolved reference 'isFinished'.
e: file:///Users/jim/work/v2superbikeshed/Trikeshed/src/commonMain/kotlin/borg/trikeshed/net/quic/QuicClient.kt:347:20 Unresolved reference 'isFinished'.
e: file:///Users/jim/work/v2superbikeshed/Trikeshed/src/commonMain/kotlin/borg/trikeshed/net/quic/QuicProtocol.kt:5:16 Unresolved reference 'serialization'.
e: file:///Users/jim/work/v2superbikeshed/Trikeshed/src/commonMain/kotlin/borg/trikeshed/net/quic/QuicProtocol.kt:6:16 Unresolved reference 'serialization'.
e: file:///Users/jim/work/v2superbikeshed/Trikeshed/src/commonMain/kotlin/borg/trikeshed/net/quic/QuicProtocol.kt:49:2 Cannot access 'expect interface Serializable : Any': it is internal in file.
e: file:///Users/jim/work/v2superbikeshed/Trikeshed/src/commonMain/kotlin/borg/trikeshed/net/quic/QuicProtocol.kt:49:2 Illegal annotation class 'Serializable'.
e: file:///Users/jim/work/v2superbikeshed/Trikeshed/src/commonMain/kotlin/borg/trikeshed/net/quic/QuicProtocol.kt:70:2 Cannot access 'expect interface Serializable : Any': it is internal in file.
e: file:///Users/jim/work/v2superbikeshed/Trikeshed/src/commonMain/kotlin/borg/trikeshed/net/quic/QuicProtocol.kt:70:2 Illegal annotation class 'Serializable'.
e: file:///Users/jim/work/v2superbikeshed/Trikeshed/src/commonMain/kotlin/borg/trikeshed/net/quic/QuicProtocol.kt:81:2 Cannot access 'expect interface Serializable : Any': it is internal in file.
e: file:///Users/jim/work/v2superbikeshed/Trikeshed/src/commonMain/kotlin/borg/trikeshed/net/quic/QuicProtocol.kt:81:2 Illegal annotation class 'Serializable'.
e: file:///Users/jim/work/v2superbikeshed/Trikeshed/src/commonMain/kotlin/borg/trikeshed/net/quic/QuicProtocol.kt:87:2 Cannot access 'expect interface Serializable : Any': it is internal in file.
e: file:///Users/jim/work/v2superbikeshed/Trikeshed/src/commonMain/kotlin/borg/trikeshed/net/quic/QuicProtocol.kt:87:2 Illegal annotation class 'Serializable'.
e: file:///Users/jim/work/v2superbikeshed/Trikeshed/src/commonMain/kotlin/borg/trikeshed/net/quic/QuicProtocol.kt:98:2 Cannot access 'expect interface Serializable : Any': it is internal in file.
e: file:///Users/jim/work/v2superbikeshed/Trikeshed/src/commonMain/kotlin/borg/trikeshed/net/quic/QuicProtocol.kt:98:2 Illegal annotation class 'Serializable'.
e: file:///Users/jim/work/v2superbikeshed/Trikeshed/src/commonMain/kotlin/borg/trikeshed/net/quic/QuicProtocol.kt:108:2 Cannot access 'expect interface Serializable : Any': it is internal in file.
e: file:///Users/jim/work/v2superbikeshed/Trikeshed/src/commonMain/kotlin/borg/trikeshed/net/quic/QuicProtocol.kt:108:2 Illegal annotation class 'Serializable'.
e: file:///Users/jim/work/v2superbikeshed/Trikeshed/src/commonMain/kotlin/borg/trikeshed/net/quic/QuicProtocol.kt:117:2 Cannot access 'expect interface Serializable : Any': it is internal in file.
e: file:///Users/jim/work/v2superbikeshed/Trikeshed/src/commonMain/kotlin/borg/trikeshed/net/quic/QuicProtocol.kt:117:2 Illegal annotation class 'Serializable'.
e: file:///Users/jim/work/v2superbikeshed/Trikeshed/src/commonMain/kotlin/borg/trikeshed/net/quic/QuicProtocol.kt:125:2 Cannot access 'expect interface Serializable : Any': it is internal in file.
e: file:///Users/jim/work/v2superbikeshed/Trikeshed/src/commonMain/kotlin/borg/trikeshed/net/quic/QuicProtocol.kt:125:2 Illegal annotation class 'Serializable'.
e: file:///Users/jim/work/v2superbikeshed/Trikeshed/src/commonMain/kotlin/borg/trikeshed/net/quic/QuicProtocol.kt:145:2 Cannot access 'expect interface Serializable : Any': it is internal in file.
e: file:///Users/jim/work/v2superbikeshed/Trikeshed/src/commonMain/kotlin/borg/trikeshed/net/quic/QuicProtocol.kt:145:2 Illegal annotation class 'Serializable'.
e: file:///Users/jim/work/v2superbikeshed/Trikeshed/src/commonMain/kotlin/borg/trikeshed/net/quic/QuicProtocol.kt:162:2 Cannot access 'expect interface Serializable : Any': it is internal in file.
e: file:///Users/jim/work/v2superbikeshed/Trikeshed/src/commonMain/kotlin/borg/trikeshed/net/quic/QuicProtocol.kt:162:2 Illegal annotation class 'Serializable'.
e: file:///Users/jim/work/v2superbikeshed/Trikeshed/src/commonMain/kotlin/borg/trikeshed/net/quic/QuicStream.kt:55:49 Argument type mismatch: actual type is 'Byte?', but 'Byte' was expected.
e: file:///Users/jim/work/v2superbikeshed/Trikeshed/src/commonMain/kotlin/borg/trikeshed/net/quic/QuicStream.kt:55:49 Unresolved reference. None of the following candidates is applicable because of a receiver type mismatch:
fun <T> Join<Int, Function1<Int, Join<Any?, TypeMemento>>>.get(column: Column<T>): T?
e: file:///Users/jim/work/v2superbikeshed/Trikeshed/src/commonMain/kotlin/borg/trikeshed/net/quic/SecureQuicEngine.kt:12:31 Unresolved reference 'CryptoEngine'.
e: file:///Users/jim/work/v2superbikeshed/Trikeshed/src/commonMain/kotlin/borg/trikeshed/net/quic/SecureQuicEngine.kt:17:54 No value passed for parameter 'localConnectionId'.
e: file:///Users/jim/work/v2superbikeshed/Trikeshed/src/commonMain/kotlin/borg/trikeshed/net/quic/SecureQuicEngine.kt:17:54 No value passed for parameter 'remoteConnectionId'.
e: file:///Users/jim/work/v2superbikeshed/Trikeshed/src/commonMain/kotlin/borg/trikeshed/net/quic/SecureQuicEngine.kt:88:26 Unresolved reference 'encrypt'.
e: file:///Users/jim/work/v2superbikeshed/Trikeshed/src/commonMain/kotlin/borg/trikeshed/net/quic/SecureQuicEngine.kt:88:50 Unresolved reference 'EncryptionMode'.
e: file:///Users/jim/work/v2superbikeshed/Trikeshed/src/commonMain/kotlin/borg/trikeshed/net/quic/SecureQuicEngine.kt:112:56 Argument type mismatch: actual type is 'ConnectionId', but 'Join<Int, Function1<Int, Byte>>' was expected.
e: file:///Users/jim/work/v2superbikeshed/Trikeshed/src/commonMain/kotlin/borg/trikeshed/net/quic/SecureQuicEngine.kt:113:51 Argument type mismatch: actual type is 'ConnectionId', but 'Join<Int, Function1<Int, Byte>>' was expected.
e: file:///Users/jim/work/v2superbikeshed/Trikeshed/src/commonMain/kotlin/borg/trikeshed/net/quic/SecureQuicEngine.kt:153:34 Unresolved reference 'decrypt'.
e: file:///Users/jim/work/v2superbikeshed/Trikeshed/src/commonMain/kotlin/borg/trikeshed/net/quic/SecureQuicEngine.kt:153:63 Unresolved reference 'EncryptionMode'.
e: file:///Users/jim/work/v2superbikeshed/Trikeshed/src/commonMain/kotlin/borg/trikeshed/net/quic/SecureQuicEngine.kt:243:52 Argument type mismatch: actual type is 'ConnectionId', but 'Join<Int, Function1<Int, Byte>>' was expected.
e: file:///Users/jim/work/v2superbikeshed/Trikeshed/src/commonMain/kotlin/borg/trikeshed/net/quic/SecureQuicEngine.kt:244:47 Argument type mismatch: actual type is 'ConnectionId', but 'Join<Int, Function1<Int, Byte>>' was expected.
e: file:///Users/jim/work/v2superbikeshed/Trikeshed/src/commonMain/kotlin/borg/trikeshed/net/socks/Socks5Client.kt:46:39 No value passed for parameter 'offset'.
e: file:///Users/jim/work/v2superbikeshed/Trikeshed/src/commonMain/kotlin/borg/trikeshed/net/socks/Socks5Client.kt:46:39 No value passed for parameter 'length'.
e: file:///Users/jim/work/v2superbikeshed/Trikeshed/src/commonMain/kotlin/borg/trikeshed/net/socks/Socks5Client.kt:173:23 Suspend function 'expect suspend fun close(): Unit' can only be called from a coroutine or another suspend function.
e: file:///Users/jim/work/v2superbikeshed/Trikeshed/src/commonMain/kotlin/borg/trikeshed/net/socks/Socks5Client.kt:199:34 Unresolved reference. None of the following candidates is applicable because of a receiver type mismatch:
fun Join<Int, Function1<Int, Byte>>.toByteArray(): ByteArray
e: file:///Users/jim/work/v2superbikeshed/Trikeshed/src/commonMain/kotlin/borg/trikeshed/net/socks/Socks5Client.kt:200:34 Unresolved reference. None of the following candidates is applicable because of a receiver type mismatch:
fun Join<Int, Function1<Int, Byte>>.toByteArray(): ByteArray
e: file:///Users/jim/work/v2superbikeshed/Trikeshed/src/commonMain/kotlin/borg/trikeshed/net/socks/Socks5Client.kt:209:9 Unresolved reference 'System'.
e: file:///Users/jim/work/v2superbikeshed/Trikeshed/src/commonMain/kotlin/borg/trikeshed/net/socks/Socks5Client.kt:211:9 Unresolved reference 'System'.
e: file:///Users/jim/work/v2superbikeshed/Trikeshed/src/commonMain/kotlin/borg/trikeshed/net/socks/Socks5Client.kt:217:39 No value passed for parameter 'offset'.
e: file:///Users/jim/work/v2superbikeshed/Trikeshed/src/commonMain/kotlin/borg/trikeshed/net/socks/Socks5Client.kt:217:39 No value passed for parameter 'length'.
e: file:///Users/jim/work/v2superbikeshed/Trikeshed/src/commonMain/kotlin/borg/trikeshed/net/socks/Socks5Client.kt:244:30 Unresolved reference. None of the following candidates is applicable because of a receiver type mismatch:
fun Join<Int, Function1<Int, Byte>>.toByteArray(): ByteArray
e: file:///Users/jim/work/v2superbikeshed/Trikeshed/src/commonMain/kotlin/borg/trikeshed/net/socks/Socks5Client.kt:252:9 Unresolved reference 'System'.
e: file:///Users/jim/work/v2superbikeshed/Trikeshed/src/commonMain/kotlin/borg/trikeshed/net/socks/Socks5Client.kt:261:39 No value passed for parameter 'offset'.
e: file:///Users/jim/work/v2superbikeshed/Trikeshed/src/commonMain/kotlin/borg/trikeshed/net/socks/Socks5Client.kt:261:39 No value passed for parameter 'length'.
e: file:///Users/jim/work/v2superbikeshed/Trikeshed/src/commonMain/kotlin/borg/trikeshed/net/socks/Socks5Client.kt:277:36 No value passed for parameter 'offset'.
e: file:///Users/jim/work/v2superbikeshed/Trikeshed/src/commonMain/kotlin/borg/trikeshed/net/socks/Socks5Client.kt:277:36 No value passed for parameter 'length'.
e: file:///Users/jim/work/v2superbikeshed/Trikeshed/src/commonMain/kotlin/borg/trikeshed/net/socks/Socks5Client.kt:279:36 No value passed for parameter 'offset'.
e: file:///Users/jim/work/v2superbikeshed/Trikeshed/src/commonMain/kotlin/borg/trikeshed/net/socks/Socks5Client.kt:279:36 No value passed for parameter 'length'.
e: file:///Users/jim/work/v2superbikeshed/Trikeshed/src/commonMain/kotlin/borg/trikeshed/net/socks/Socks5Client.kt:286:36 No value passed for parameter 'offset'.
e: file:///Users/jim/work/v2superbikeshed/Trikeshed/src/commonMain/kotlin/borg/trikeshed/net/socks/Socks5Client.kt:286:36 No value passed for parameter 'length'.
e: file:///Users/jim/work/v2superbikeshed/Trikeshed/src/commonMain/kotlin/borg/trikeshed/net/socks/Socks5Client.kt:289:36 No value passed for parameter 'offset'.
e: file:///Users/jim/work/v2superbikeshed/Trikeshed/src/commonMain/kotlin/borg/trikeshed/net/socks/Socks5Client.kt:289:36 No value passed for parameter 'length'.
e: file:///Users/jim/work/v2superbikeshed/Trikeshed/src/commonMain/kotlin/borg/trikeshed/net/socks/Socks5Client.kt:291:36 No value passed for parameter 'offset'.
e: file:///Users/jim/work/v2superbikeshed/Trikeshed/src/commonMain/kotlin/borg/trikeshed/net/socks/Socks5Client.kt:291:36 No value passed for parameter 'length'.
e: file:///Users/jim/work/v2superbikeshed/Trikeshed/src/commonMain/kotlin/borg/trikeshed/net/socks/Socks5Client.kt:293:17 'expect fun String(chars: CharArray): String' is deprecated. Use CharArray.concatToString() instead.
e: file:///Users/jim/work/v2superbikeshed/Trikeshed/src/commonMain/kotlin/borg/trikeshed/net/socks/Socks5Client.kt:293:24 Argument type mismatch: actual type is 'ByteArray', but 'CharArray' was expected.
e: file:///Users/jim/work/v2superbikeshed/Trikeshed/src/commonMain/kotlin/borg/trikeshed/net/socks/Socks5Client.kt:298:36 No value passed for parameter 'offset'.
e: file:///Users/jim/work/v2superbikeshed/Trikeshed/src/commonMain/kotlin/borg/trikeshed/net/socks/Socks5Client.kt:298:36 No value passed for parameter 'length'.
e: file:///Users/jim/work/v2superbikeshed/Trikeshed/src/commonMain/kotlin/borg/trikeshed/net/socks/Socks5Client.kt:300:36 No value passed for parameter 'offset'.
e: file:///Users/jim/work/v2superbikeshed/Trikeshed/src/commonMain/kotlin/borg/trikeshed/net/socks/Socks5Client.kt:300:36 No value passed for parameter 'length'.
e: file:///Users/jim/work/v2superbikeshed/Trikeshed/src/commonMain/kotlin/borg/trikeshed/net/socks/Socks5Client.kt:347:56 No value passed for parameter 'offset'.
e: file:///Users/jim/work/v2superbikeshed/Trikeshed/src/commonMain/kotlin/borg/trikeshed/net/socks/Socks5Client.kt:347:56 No value passed for parameter 'length'.
e: file:///Users/jim/work/v2superbikeshed/Trikeshed/src/commonMain/kotlin/borg/trikeshed/net/socks/Socks5Client.kt:348:27 Suspend function 'expect suspend fun close(): Unit' can only be called from a coroutine or another suspend function.
e: file:///Users/jim/work/v2superbikeshed/Trikeshed/src/commonMain/kotlin/borg/trikeshed/net/socks/Socks5Client.kt:362:33 No value passed for parameter 'offset'.
e: file:///Users/jim/work/v2superbikeshed/Trikeshed/src/commonMain/kotlin/borg/trikeshed/net/socks/Socks5Client.kt:362:33 No value passed for parameter 'length'.
e: file:///Users/jim/work/v2superbikeshed/Trikeshed/src/commonMain/kotlin/borg/trikeshed/net/socks/Socks5Client.kt:367:27 Suspend function 'expect suspend fun close(): Unit' can only be called from a coroutine or another suspend function.
e: file:///Users/jim/work/v2superbikeshed/Trikeshed/src/commonMain/kotlin/borg/trikeshed/net/socks/Socks5Client.kt:394:20 Suspend function 'expect suspend fun close(): Unit' can only be called from a coroutine or another suspend function.
e: file:///Users/jim/work/v2superbikeshed/Trikeshed/src/commonMain/kotlin/borg/trikeshed/net/socks/Socks5Client.kt:400:30 Unresolved reference. None of the following candidates is applicable because of a receiver type mismatch:
fun Join<Int, Function1<Int, Byte>>.toByteArray(): ByteArray
e: file:///Users/jim/work/v2superbikeshed/Trikeshed/src/commonMain/kotlin/borg/trikeshed/net/socks/Socks5Client.kt:408:9 Unresolved reference 'System'.
e: file:///Users/jim/work/v2superbikeshed/Trikeshed/src/commonMain/kotlin/borg/trikeshed/net/socks/Socks5Server.kt:15:33 Unresolved reference 'Socks5Protocol'.
e: file:///Users/jim/work/v2superbikeshed/Trikeshed/src/commonMain/kotlin/borg/trikeshed/net/socks/Socks5Server.kt:198:16 None of the following candidates is applicable:
val CoroutineScope.isActive: Boolean
val CoroutineContext.isActive: Boolean
val FlowCollector<*>.isActive: Boolean
e: file:///Users/jim/work/v2superbikeshed/Trikeshed/src/commonMain/kotlin/borg/trikeshed/net/socks/Socks5Server.kt:202:65 Unresolved reference 'fd'.
e: file:///Users/jim/work/v2superbikeshed/Trikeshed/src/commonMain/kotlin/borg/trikeshed/net/socks/Socks5Server.kt:241:21 None of the following candidates is applicable:
val CoroutineScope.isActive: Boolean
val CoroutineContext.isActive: Boolean
val FlowCollector<*>.isActive: Boolean
e: file:///Users/jim/work/v2superbikeshed/Trikeshed/src/commonMain/kotlin/borg/trikeshed/net/socks/Socks5Server.kt:294:24 Unresolved reference 'VERSION'.
e: file:///Users/jim/work/v2superbikeshed/Trikeshed/src/commonMain/kotlin/borg/trikeshed/net/socks/Socks5Server.kt:296:42 Unresolved reference 'Methods'.
e: file:///Users/jim/work/v2superbikeshed/Trikeshed/src/commonMain/kotlin/borg/trikeshed/net/socks/Socks5Server.kt:297:13 'return' is prohibited here.
e: file:///Users/jim/work/v2superbikeshed/Trikeshed/src/commonMain/kotlin/borg/trikeshed/net/socks/Socks5Server.kt:301:65 Too many arguments for 'suspend fun read(buffer: ByteArray): Int'.
e: file:///Users/jim/work/v2superbikeshed/Trikeshed/src/commonMain/kotlin/borg/trikeshed/net/socks/Socks5Server.kt:301:68 Too many arguments for 'suspend fun read(buffer: ByteArray): Int'.
e: file:///Users/jim/work/v2superbikeshed/Trikeshed/src/commonMain/kotlin/borg/trikeshed/net/socks/Socks5Server.kt:304:13 'return' is prohibited here.
e: file:///Users/jim/work/v2superbikeshed/Trikeshed/src/commonMain/kotlin/borg/trikeshed/net/socks/Socks5Server.kt:310:34 Unresolved reference 'Methods'.
e: file:///Users/jim/work/v2superbikeshed/Trikeshed/src/commonMain/kotlin/borg/trikeshed/net/socks/Socks5Server.kt:318:42 Unresolved reference 'Methods'.
e: file:///Users/jim/work/v2superbikeshed/Trikeshed/src/commonMain/kotlin/borg/trikeshed/net/socks/Socks5Server.kt:319:13 'return' is prohibited here.
e: file:///Users/jim/work/v2superbikeshed/Trikeshed/src/commonMain/kotlin/borg/trikeshed/net/socks/Socks5Server.kt:323:38 Unresolved reference 'Methods'.
e: file:///Users/jim/work/v2superbikeshed/Trikeshed/src/commonMain/kotlin/borg/trikeshed/net/socks/Socks5Server.kt:325:9 'return' is prohibited here.
e: file:///Users/jim/work/v2superbikeshed/Trikeshed/src/commonMain/kotlin/borg/trikeshed/net/socks/Socks5Server.kt:332:36 Unresolved reference 'VERSION'.
e: file:///Users/jim/work/v2superbikeshed/Trikeshed/src/commonMain/kotlin/borg/trikeshed/net/socks/Socks5Server.kt:343:58 Too many arguments for 'suspend fun read(buffer: ByteArray): Int'.
e: file:///Users/jim/work/v2superbikeshed/Trikeshed/src/commonMain/kotlin/borg/trikeshed/net/socks/Socks5Server.kt:343:61 Too many arguments for 'suspend fun read(buffer: ByteArray): Int'.
e: file:///Users/jim/work/v2superbikeshed/Trikeshed/src/commonMain/kotlin/borg/trikeshed/net/socks/Socks5Server.kt:346:35 Unresolved reference 'ReplyCodes'.
e: file:///Users/jim/work/v2superbikeshed/Trikeshed/src/commonMain/kotlin/borg/trikeshed/net/socks/Socks5Server.kt:355:24 Unresolved reference 'VERSION'.
e: file:///Users/jim/work/v2superbikeshed/Trikeshed/src/commonMain/kotlin/borg/trikeshed/net/socks/Socks5Server.kt:357:35 Unresolved reference 'ReplyCodes'.
e: file:///Users/jim/work/v2superbikeshed/Trikeshed/src/commonMain/kotlin/borg/trikeshed/net/socks/Socks5Server.kt:365:35 Unresolved reference 'ReplyCodes'.
e: file:///Users/jim/work/v2superbikeshed/Trikeshed/src/commonMain/kotlin/borg/trikeshed/net/socks/Socks5Server.kt:371:13 Unresolved reference 'Commands'.
e: file:///Users/jim/work/v2superbikeshed/Trikeshed/src/commonMain/kotlin/borg/trikeshed/net/socks/Socks5Server.kt:372:13 Unresolved reference 'Commands'.
e: file:///Users/jim/work/v2superbikeshed/Trikeshed/src/commonMain/kotlin/borg/trikeshed/net/socks/Socks5Server.kt:373:13 Unresolved reference 'Commands'.
e: file:///Users/jim/work/v2superbikeshed/Trikeshed/src/commonMain/kotlin/borg/trikeshed/net/socks/Socks5Server.kt:376:39 Unresolved reference 'ReplyCodes'.
e: file:///Users/jim/work/v2superbikeshed/Trikeshed/src/commonMain/kotlin/borg/trikeshed/net/socks/Socks5Server.kt:393:33 Unresolved reference 'createClientChannel'.
e: file:///Users/jim/work/v2superbikeshed/Trikeshed/src/commonMain/kotlin/borg/trikeshed/net/socks/Socks5Server.kt:400:35 Unresolved reference 'ReplyCodes'.
e: file:///Users/jim/work/v2superbikeshed/Trikeshed/src/commonMain/kotlin/borg/trikeshed/net/socks/Socks5Server.kt:408:21 Unresolved reference 'ReplyCodes'.
e: file:///Users/jim/work/v2superbikeshed/Trikeshed/src/commonMain/kotlin/borg/trikeshed/net/socks/Socks5Server.kt:410:21 Unresolved reference 'ReplyCodes'.
e: file:///Users/jim/work/v2superbikeshed/Trikeshed/src/commonMain/kotlin/borg/trikeshed/net/socks/Socks5Server.kt:411:25 Unresolved reference 'ReplyCodes'.
e: file:///Users/jim/work/v2superbikeshed/Trikeshed/src/commonMain/kotlin/borg/trikeshed/net/socks/Socks5Server.kt:429:31 Unresolved reference 'createServerChannel'.
e: file:///Users/jim/work/v2superbikeshed/Trikeshed/src/commonMain/kotlin/borg/trikeshed/net/socks/Socks5Server.kt:437:35 Unresolved reference 'ReplyCodes'.
e: file:///Users/jim/work/v2superbikeshed/Trikeshed/src/commonMain/kotlin/borg/trikeshed/net/socks/Socks5Server.kt:450:43 Unresolved reference 'ReplyCodes'.
e: file:///Users/jim/work/v2superbikeshed/Trikeshed/src/commonMain/kotlin/borg/trikeshed/net/socks/Socks5Server.kt:457:43 Unresolved reference 'ReplyCodes'.
e: file:///Users/jim/work/v2superbikeshed/Trikeshed/src/commonMain/kotlin/borg/trikeshed/net/socks/Socks5Server.kt:463:35 Unresolved reference 'ReplyCodes'.
e: file:///Users/jim/work/v2superbikeshed/Trikeshed/src/commonMain/kotlin/borg/trikeshed/net/socks/Socks5Server.kt:479:30 Unresolved reference 'createUdpChannel'.
e: file:///Users/jim/work/v2superbikeshed/Trikeshed/src/commonMain/kotlin/borg/trikeshed/net/socks/Socks5Server.kt:487:35 Unresolved reference 'ReplyCodes'.
e: file:///Users/jim/work/v2superbikeshed/Trikeshed/src/commonMain/kotlin/borg/trikeshed/net/socks/Socks5Server.kt:496:35 Unresolved reference 'ReplyCodes'.
e: file:///Users/jim/work/v2superbikeshed/Trikeshed/src/commonMain/kotlin/borg/trikeshed/net/socks/Socks5Server.kt:550:20 None of the following candidates is applicable:
val CoroutineScope.isActive: Boolean
val CoroutineContext.isActive: Boolean
val FlowCollector<*>.isActive: Boolean
e: file:///Users/jim/work/v2superbikeshed/Trikeshed/src/commonMain/kotlin/borg/trikeshed/net/socks/Socks5Server.kt:600:22 Unresolved reference 'VERSION'.
e: file:///Users/jim/work/v2superbikeshed/Trikeshed/src/commonMain/kotlin/borg/trikeshed/net/socks/Socks5Server.kt:608:30 Unresolved reference 'AddressTypes'.
e: file:///Users/jim/work/v2superbikeshed/Trikeshed/src/commonMain/kotlin/borg/trikeshed/net/socks/Socks5Server.kt:614:30 Unresolved reference 'AddressTypes'.
e: file:///Users/jim/work/v2superbikeshed/Trikeshed/src/commonMain/kotlin/borg/trikeshed/net/socks/Socks5Server.kt:621:30 Unresolved reference 'AddressTypes'.
e: file:///Users/jim/work/v2superbikeshed/Trikeshed/src/commonMain/kotlin/borg/trikeshed/net/socks/Socks5Server.kt:622:42 Unresolved reference. None of the following candidates is applicable because of a receiver type mismatch:
fun Join<Int, Function1<Int, Byte>>.toByteArray(): ByteArray
e: file:///Users/jim/work/v2superbikeshed/Trikeshed/src/commonMain/kotlin/borg/trikeshed/net/socks/Socks5Server.kt:646:13 Unresolved reference 'AddressTypes'.
e: file:///Users/jim/work/v2superbikeshed/Trikeshed/src/commonMain/kotlin/borg/trikeshed/net/socks/Socks5Server.kt:655:13 Unresolved reference 'AddressTypes'.
e: file:///Users/jim/work/v2superbikeshed/Trikeshed/src/commonMain/kotlin/borg/trikeshed/net/socks/Socks5Server.kt:660:28 'expect fun String(chars: CharArray, offset: Int, length: Int): String' is deprecated. Use CharArray.concatToString(startIndex, endIndex) instead.
e: file:///Users/jim/work/v2superbikeshed/Trikeshed/src/commonMain/kotlin/borg/trikeshed/net/socks/Socks5Server.kt:660:35 Argument type mismatch: actual type is 'ByteArray', but 'CharArray' was expected.
e: file:///Users/jim/work/v2superbikeshed/Trikeshed/src/commonMain/kotlin/borg/trikeshed/net/socks/Socks5Server.kt:664:13 Unresolved reference 'AddressTypes'.
e: file:///Users/jim/work/v2superbikeshed/Trikeshed/src/commonMain/kotlin/borg/trikeshed/net/socks/Socks5Server.kt:685:13 Argument type mismatch: actual type is 'Pair<A (of fun <A, B> A.to), B (of fun <A, B> A.to)>', but 'K (of fun <K> WHEN_CALL)' was expected.
e: file:///Users/jim/work/v2superbikeshed/Trikeshed/src/commonMain/kotlin/borg/trikeshed/net/socks/Socks5Server.kt:685:42 Cannot infer type for this parameter. Specify it explicitly.
e: file:///Users/jim/work/v2superbikeshed/Trikeshed/src/commonMain/kotlin/borg/trikeshed/net/socks/Socks5Server.kt:685:42 Unresolved reference. None of the following candidates is applicable because of a receiver type mismatch:
fun <A, B> A.to(that: B): Pair<A, B>
e: file:///Users/jim/work/v2superbikeshed/Trikeshed/src/commonMain/kotlin/borg/trikeshed/net/socks/Socks5Server.kt:687:13 Argument type mismatch: actual type is 'Pair<String, Int>', but 'K (of fun <K> WHEN_CALL)' was expected.
e: file:///Users/jim/work/v2superbikeshed/Trikeshed/src/commonMain/kotlin/borg/trikeshed/net/socks/Socks5Server.kt:725:26 Unresolved reference 'System'.
e: file:///Users/jim/work/v2superbikeshed/Trikeshed/src/commonMain/kotlin/borg/trikeshed/net/socks/Socks5Server.kt:725:57 Unresolved reference 'Math'.
e: file:///Users/jim/work/v2superbikeshed/Trikeshed/src/commonMain/kotlin/borg/trikeshed/net/socks/Socks5Server.kt:725:80 None of the following candidates is applicable:
expect fun String.toInt(): Int
expect fun String.toInt(radix: Int): Int
e: file:///Users/jim/work/v2superbikeshed/Trikeshed/src/commonMain/kotlin/borg/trikeshed/net/socks/Socks5Server.kt:734:23 Unresolved reference 'submitBatch'.
e: file:///Users/jim/work/v2superbikeshed/Trikeshed/src/commonMain/kotlin/borg/trikeshed/net/socks/Socks5Server.kt:737:37 Unresolved reference 'waitCompletions'.
e: file:///Users/jim/work/v2superbikeshed/Trikeshed/src/commonMain/kotlin/borg/trikeshed/net/socks/Socks5Server.kt:769:43 Unresolved reference 'fd'.
e: file:///Users/jim/work/v2superbikeshed/Trikeshed/src/commonMain/kotlin/borg/trikeshed/net/socks/Socks5Server.kt:778:54 Smart cast to 'AsyncChannel' is impossible, because 'targetChannel' is a mutable property that could be mutated concurrently.
e: file:///Users/jim/work/v2superbikeshed/Trikeshed/src/commonMain/kotlin/borg/trikeshed/net/socks/Socks5Server.kt:791:67 Unresolved reference 'fd'.
e: file:///Users/jim/work/v2superbikeshed/Trikeshed/src/commonMain/kotlin/borg/trikeshed/net/socks/Socks5Server.kt:792:36 Unresolved reference 'context'.
e: file:///Users/jim/work/v2superbikeshed/Trikeshed/src/commonMain/kotlin/borg/trikeshed/net/socks/Socks5Server.kt:796:46 Unresolved reference 'fd'.
e: file:///Users/jim/work/v2superbikeshed/Trikeshed/src/commonMain/kotlin/borg/trikeshed/net/socks/Socks5Server.kt:796:68 Too many arguments for 'constructor(fd: Int, buffer: ByteArray, offset: Long): SqeOp.Write'.
e: file:///Users/jim/work/v2superbikeshed/Trikeshed/src/commonMain/kotlin/borg/trikeshed/net/socks/Socks5Server.kt:797:20 Unresolved reference 'context'.
e: file:///Users/jim/work/v2superbikeshed/Trikeshed/src/commonMain/kotlin/borg/trikeshed/net/socks/Socks5Server.kt:807:17 Conflicting declarations:
val fd: Int
e: file:///Users/jim/work/v2superbikeshed/Trikeshed/src/commonMain/kotlin/borg/trikeshed/net/socks/Socks5Server.kt:812:24 Overload resolution ambiguity between candidates:
val fd: Int
val fd: Int
e: file:///Users/jim/work/v2superbikeshed/Trikeshed/src/commonMain/kotlin/borg/trikeshed/net/socks/Socks5Server.kt:814:24 Unresolved reference 'submitAndWait'.
e: file:///Users/jim/work/v2superbikeshed/Trikeshed/src/commonMain/kotlin/borg/trikeshed/net/socks/Socks5Server.kt:819:25 Overload resolution ambiguity between candidates:
val fd: Int
val fd: Int
e: file:///Users/jim/work/v2superbikeshed/Trikeshed/src/commonMain/kotlin/borg/trikeshed/net/socks/Socks5Server.kt:821:24 Unresolved reference 'submitAndWait'.
e: file:///Users/jim/work/v2superbikeshed/Trikeshed/src/commonMain/kotlin/borg/trikeshed/net/socks/Socks5Server.kt:824:55 Unresolved reference 'getLocalAddress'.
e: file:///Users/jim/work/v2superbikeshed/Trikeshed/src/commonMain/kotlin/borg/trikeshed/net/socks/Socks5Server.kt:824:71 Overload resolution ambiguity between candidates:
val fd: Int
val fd: Int
e: file:///Users/jim/work/v2superbikeshed/Trikeshed/src/commonMain/kotlin/borg/trikeshed/net/socks/Socks5Server.kt:825:56 Unresolved reference 'getRemoteAddress'.
e: file:///Users/jim/work/v2superbikeshed/Trikeshed/src/commonMain/kotlin/borg/trikeshed/net/socks/Socks5Server.kt:825:73 Overload resolution ambiguity between candidates:
val fd: Int
val fd: Int
e: file:///Users/jim/work/v2superbikeshed/Trikeshed/src/commonMain/kotlin/borg/trikeshed/net/socks/Socks5Server.kt:826:50 Unresolved reference 'isOpen'.
e: file:///Users/jim/work/v2superbikeshed/Trikeshed/src/commonMain/kotlin/borg/trikeshed/net/socks/Socks5Server.kt:826:57 Overload resolution ambiguity between candidates:
val fd: Int
val fd: Int
e: file:///Users/jim/work/v2superbikeshed/Trikeshed/src/commonMain/kotlin/borg/trikeshed/net/socks/Socks5Server.kt:828:36 Unresolved reference 'close'.
e: file:///Users/jim/work/v2superbikeshed/Trikeshed/src/commonMain/kotlin/borg/trikeshed/net/socks/Socks5Server.kt:828:42 Overload resolution ambiguity between candidates:
val fd: Int
val fd: Int
e: file:///Users/jim/work/v2superbikeshed/Trikeshed/src/commonMain/kotlin/borg/trikeshed/net/socks/Socks5Server.kt:830:9 Conflicting declarations:
val fd: Int
e: file:///Users/jim/work/v2superbikeshed/Trikeshed/src/commonMain/kotlin/borg/trikeshed/net/socks/Socks5Server.kt:830:25 Overload resolution ambiguity between candidates:
val fd: Int
val fd: Int
e: file:///Users/jim/work/v2superbikeshed/Trikeshed/src/commonMain/kotlin/borg/trikeshed/net/socks/Socks5Server.kt:837:5 This type is final, so it cannot be extended.
e: file:///Users/jim/work/v2superbikeshed/Trikeshed/src/commonMain/kotlin/borg/trikeshed/net/socks/Socks5Server.kt:837:26 Unresolved reference 'createServerSocket'.
e: file:///Users/jim/work/v2superbikeshed/Trikeshed/src/commonMain/kotlin/borg/trikeshed/net/socks/Socks5Server.kt:840:22 Cannot access 'val context: IOContext.UringContext': it is private in 'borg/trikeshed/net/socks/UringChannel'.
e: file:///Users/jim/work/v2superbikeshed/Trikeshed/src/commonMain/kotlin/borg/trikeshed/net/socks/Socks5Server.kt:840:30 Unresolved reference 'submitAndWait'.
e: file:///Users/jim/work/v2superbikeshed/Trikeshed/src/commonMain/kotlin/borg/trikeshed/net/socks/Socks5Server.kt:841:42 Cannot access 'val context: IOContext.UringContext': it is private in 'borg/trikeshed/net/socks/UringChannel'.
e: file:///Users/jim/work/v2superbikeshed/Trikeshed/src/commonMain/kotlin/borg/trikeshed/net/socks/Socks5Server.kt:849:5 This type is final, so it cannot be extended.
e: file:///Users/jim/work/v2superbikeshed/Trikeshed/src/commonMain/kotlin/borg/trikeshed/net/socks/Socks5Server.kt:849:26 Unresolved reference 'createSocket'.
e: file:///Users/jim/work/v2superbikeshed/Trikeshed/src/commonMain/kotlin/borg/trikeshed/net/socks/Socks5Server.kt:852:9 Unresolved reference 'runBlocking'.
e: file:///Users/jim/work/v2superbikeshed/Trikeshed/src/commonMain/kotlin/borg/trikeshed/net/socks/Socks5Server.kt:854:21 Unresolved reference 'submitAndWait'.
e: file:///Users/jim/work/v2superbikeshed/Trikeshed/src/commonMain/kotlin/borg/trikeshed/net/socks/Socks5Server.kt:861:5 This type is final, so it cannot be extended.
e: file:///Users/jim/work/v2superbikeshed/Trikeshed/src/commonMain/kotlin/borg/trikeshed/net/socks/Socks5Server.kt:861:26 Unresolved reference 'createUdpSocket'.
e: file:///Users/jim/work/v2superbikeshed/Trikeshed/src/commonMain/kotlin/borg/trikeshed/net/socks/Socks5ServerExtensions.kt:19:25 Argument type mismatch: actual type is 'ByteArray', but 'ByteArray' was expected.
e: file:///Users/jim/work/v2superbikeshed/Trikeshed/src/commonMain/kotlin/borg/trikeshed/net/socks/Socks5ServerExtensions.kt:19:25 No value passed for parameter 'offset'.
e: file:///Users/jim/work/v2superbikeshed/Trikeshed/src/commonMain/kotlin/borg/trikeshed/net/socks/Socks5ServerExtensions.kt:19:25 No value passed for parameter 'length'.
e: file:///Users/jim/work/v2superbikeshed/Trikeshed/src/commonMain/kotlin/borg/trikeshed/net/socks/Socks5ServerExtensions.kt:21:13 Unresolved reference 'System'.
e: file:///Users/jim/work/v2superbikeshed/Trikeshed/src/commonMain/kotlin/borg/trikeshed/net/socks/Socks5ServerExtensions.kt:71:52 Argument type mismatch: actual type is 'IOContext', but 'IOContext.UringContext' was expected.
e: file:///Users/jim/work/v2superbikeshed/Trikeshed/src/commonMain/kotlin/borg/trikeshed/net/socks/Socks5ServerExtensions.kt:80:55 Unresolved reference 'IO'.
e: file:///Users/jim/work/v2superbikeshed/Trikeshed/src/commonMain/kotlin/borg/trikeshed/net/socks/Socks5ServerExtensions.kt:109:9 None of the following candidates is applicable:
fun Join<Int, Function1<Int, RowVec>>.select(vararg indices: Int): Join<Int, Function1<Int, RowVec>>
fun Join<Int, Function1<Int, RowVec>>.select(vararg names: String): Join<Int, Function1<Int, RowVec>>
e: file:///Users/jim/work/v2superbikeshed/Trikeshed/src/commonMain/kotlin/borg/trikeshed/net/socks/Socks5ServerExtensions.kt:110:28 Cannot infer type for this parameter. Specify it explicitly.
e: file:///Users/jim/work/v2superbikeshed/Trikeshed/src/commonMain/kotlin/borg/trikeshed/net/socks/Socks5ServerExtensions.kt:110:35 Passing value as a vararg is allowed only inside a parenthesized argument list.
e: file:///Users/jim/work/v2superbikeshed/Trikeshed/src/commonMain/kotlin/borg/trikeshed/net/socks/Socks5ServerExtensions.kt:111:28 Cannot infer type for this parameter. Specify it explicitly.
e: file:///Users/jim/work/v2superbikeshed/Trikeshed/src/commonMain/kotlin/borg/trikeshed/net/socks/Socks5ServerExtensions.kt:111:35 Passing value as a vararg is allowed only inside a parenthesized argument list.
e: file:///Users/jim/work/v2superbikeshed/Trikeshed/src/commonMain/kotlin/borg/trikeshed/net/ssh/SSHParser.kt:7:27 Unresolved reference 'toUInt'.
e: file:///Users/jim/work/v2superbikeshed/Trikeshed/src/commonMain/kotlin/borg/trikeshed/net/ssh/SSHParser.kt:8:39 Unresolved reference 'UnaryOperator'.
e: file:///Users/jim/work/v2superbikeshed/Trikeshed/src/commonMain/kotlin/borg/trikeshed/net/ssh/SSHParser.kt:14:22 Unresolved reference. None of the following candidates is applicable because of a receiver type mismatch:
expect fun MatchGroupCollection.get(name: String): MatchGroup?
e: file:///Users/jim/work/v2superbikeshed/Trikeshed/src/commonMain/kotlin/borg/trikeshed/net/ssh/SSHParser.kt:14:28 None of the following candidates is applicable:
fun Byte.toUInt(): UInt
fun Short.toUInt(): UInt
fun Int.toUInt(): UInt
fun Long.toUInt(): UInt
fun Float.toUInt(): UInt
fun Double.toUInt(): UInt
fun String.toUInt(): UInt
fun String.toUInt(radix: Int): UInt
e: file:///Users/jim/work/v2superbikeshed/Trikeshed/src/commonMain/kotlin/borg/trikeshed/net/ssh/SSHParser.kt:14:37 Unresolved reference 'shl'.
e: file:///Users/jim/work/v2superbikeshed/Trikeshed/src/commonMain/kotlin/borg/trikeshed/net/ssh/SSHParser.kt:15:19 Unresolved reference. None of the following candidates is applicable because of a receiver type mismatch:
expect fun MatchGroupCollection.get(name: String): MatchGroup?
e: file:///Users/jim/work/v2superbikeshed/Trikeshed/src/commonMain/kotlin/borg/trikeshed/net/ssh/SSHParser.kt:15:25 None of the following candidates is applicable:
fun Byte.toUInt(): UInt
fun Short.toUInt(): UInt
fun Int.toUInt(): UInt
fun Long.toUInt(): UInt
fun Float.toUInt(): UInt
fun Double.toUInt(): UInt
fun String.toUInt(): UInt
fun String.toUInt(radix: Int): UInt
e: file:///Users/jim/work/v2superbikeshed/Trikeshed/src/commonMain/kotlin/borg/trikeshed/net/ssh/SSHParser.kt:15:34 Unresolved reference 'shl'.
e: file:///Users/jim/work/v2superbikeshed/Trikeshed/src/commonMain/kotlin/borg/trikeshed/net/ssh/SSHParser.kt:16:19 Unresolved reference. None of the following candidates is applicable because of a receiver type mismatch:
expect fun MatchGroupCollection.get(name: String): MatchGroup?
e: file:///Users/jim/work/v2superbikeshed/Trikeshed/src/commonMain/kotlin/borg/trikeshed/net/ssh/SSHParser.kt:16:25 None of the following candidates is applicable:
fun Byte.toUInt(): UInt
fun Short.toUInt(): UInt
fun Int.toUInt(): UInt
fun Long.toUInt(): UInt
fun Float.toUInt(): UInt
fun Double.toUInt(): UInt
fun String.toUInt(): UInt
fun String.toUInt(radix: Int): UInt
e: file:///Users/jim/work/v2superbikeshed/Trikeshed/src/commonMain/kotlin/borg/trikeshed/net/ssh/SSHParser.kt:16:34 Unresolved reference 'shl'.
e: file:///Users/jim/work/v2superbikeshed/Trikeshed/src/commonMain/kotlin/borg/trikeshed/net/ssh/SSHParser.kt:17:18 Unresolved reference. None of the following candidates is applicable because of a receiver type mismatch:
expect fun MatchGroupCollection.get(name: String): MatchGroup?
e: file:///Users/jim/work/v2superbikeshed/Trikeshed/src/commonMain/kotlin/borg/trikeshed/net/ssh/SSHParser.kt:17:24 None of the following candidates is applicable:
fun Byte.toUInt(): UInt
fun Short.toUInt(): UInt
fun Int.toUInt(): UInt
fun Long.toUInt(): UInt
fun Float.toUInt(): UInt
fun Double.toUInt(): UInt
fun String.toUInt(): UInt
fun String.toUInt(radix: Int): UInt
e: file:///Users/jim/work/v2superbikeshed/Trikeshed/src/commonMain/kotlin/borg/trikeshed/net/ssh/SSHParser.kt:24:12 Return type mismatch: expected 'Byte?', actual 'MatchGroup?'.
e: file:///Users/jim/work/v2superbikeshed/Trikeshed/src/commonMain/kotlin/borg/trikeshed/net/ssh/SSHParser.kt:24:17 Unresolved reference. None of the following candidates is applicable because of a receiver type mismatch:
expect fun MatchGroupCollection.get(name: String): MatchGroup?
e: file:///Users/jim/work/v2superbikeshed/Trikeshed/src/commonMain/kotlin/borg/trikeshed/net/ssh/SSHParser.kt:30:22 None of the following candidates is applicable:
fun <T> Array<out T>.slice(indices: IntRange): List<T>
fun ByteArray.slice(indices: IntRange): List<Byte>
fun ShortArray.slice(indices: IntRange): List<Short>
fun IntArray.slice(indices: IntRange): List<Int>
fun LongArray.slice(indices: IntRange): List<Long>
fun FloatArray.slice(indices: IntRange): List<Float>
fun DoubleArray.slice(indices: IntRange): List<Double>
fun BooleanArray.slice(indices: IntRange): List<Boolean>
fun CharArray.slice(indices: IntRange): List<Char>
fun <T> Array<out T>.slice(indices: Iterable<Int>): List<T>
fun ByteArray.slice(indices: Iterable<Int>): List<Byte>
fun ShortArray.slice(indices: Iterable<Int>): List<Short>
fun IntArray.slice(indices: Iterable<Int>): List<Int>
fun LongArray.slice(indices: Iterable<Int>): List<Long>
fun FloatArray.slice(indices: Iterable<Int>): List<Float>
fun DoubleArray.slice(indices: Iterable<Int>): List<Double>
fun BooleanArray.slice(indices: Iterable<Int>): List<Boolean>
fun CharArray.slice(indices: Iterable<Int>): List<Char>
fun <T> List<T>.slice(indices: IntRange): List<T>
fun <T> List<T>.slice(indices: Iterable<Int>): List<T>
fun UIntArray.slice(indices: IntRange): List<UInt>
fun ULongArray.slice(indices: IntRange): List<ULong>
fun UByteArray.slice(indices: IntRange): List<UByte>
fun UShortArray.slice(indices: IntRange): List<UShort>
fun UIntArray.slice(indices: Iterable<Int>): List<UInt>
fun ULongArray.slice(indices: Iterable<Int>): List<ULong>
fun UByteArray.slice(indices: Iterable<Int>): List<UByte>
fun UShortArray.slice(indices: Iterable<Int>): List<UShort>
fun CharSequence.slice(indices: IntRange): CharSequence
fun String.slice(indices: IntRange): String
fun CharSequence.slice(indices: Iterable<Int>): CharSequence
fun String.slice(indices: Iterable<Int>): String
e: file:///Users/jim/work/v2superbikeshed/Trikeshed/src/commonMain/kotlin/borg/trikeshed/net/ssh/SSHParser.kt:36:24 Unresolved reference 'UnaryOperator'.
e: file:///Users/jim/work/v2superbikeshed/Trikeshed/src/commonMain/kotlin/borg/trikeshed/net/ssh/SSHParser.kt:37:5 'invoke' overrides nothing.
e: file:///Users/jim/work/v2superbikeshed/Trikeshed/src/commonMain/kotlin/borg/trikeshed/net/ssh/SSHParser.kt:50:26 Unresolved reference 'UnaryOperator'.
e: file:///Users/jim/work/v2superbikeshed/Trikeshed/src/commonMain/kotlin/borg/trikeshed/net/ssh/SSHParser.kt:51:5 'invoke' overrides nothing.
e: file:///Users/jim/work/v2superbikeshed/Trikeshed/src/commonMain/kotlin/borg/trikeshed/net/ssh/SSHParser.kt:78:41 None of the following candidates is applicable:
fun <T> Array<out T>.slice(indices: IntRange): List<T>
fun ByteArray.slice(indices: IntRange): List<Byte>
fun ShortArray.slice(indices: IntRange): List<Short>
fun IntArray.slice(indices: IntRange): List<Int>
fun LongArray.slice(indices: IntRange): List<Long>
fun FloatArray.slice(indices: IntRange): List<Float>
fun DoubleArray.slice(indices: IntRange): List<Double>
fun BooleanArray.slice(indices: IntRange): List<Boolean>
fun CharArray.slice(indices: IntRange): List<Char>
fun <T> Array<out T>.slice(indices: Iterable<Int>): List<T>
fun ByteArray.slice(indices: Iterable<Int>): List<Byte>
fun ShortArray.slice(indices: Iterable<Int>): List<Short>
fun IntArray.slice(indices: Iterable<Int>): List<Int>
fun LongArray.slice(indices: Iterable<Int>): List<Long>
fun FloatArray.slice(indices: Iterable<Int>): List<Float>
fun DoubleArray.slice(indices: Iterable<Int>): List<Double>
fun BooleanArray.slice(indices: Iterable<Int>): List<Boolean>
fun CharArray.slice(indices: Iterable<Int>): List<Char>
fun <T> List<T>.slice(indices: IntRange): List<T>
fun <T> List<T>.slice(indices: Iterable<Int>): List<T>
fun UIntArray.slice(indices: IntRange): List<UInt>
fun ULongArray.slice(indices: IntRange): List<ULong>
fun UByteArray.slice(indices: IntRange): List<UByte>
fun UShortArray.slice(indices: IntRange): List<UShort>
fun UIntArray.slice(indices: Iterable<Int>): List<UInt>
fun ULongArray.slice(indices: Iterable<Int>): List<ULong>
fun UByteArray.slice(indices: Iterable<Int>): List<UByte>
fun UShortArray.slice(indices: Iterable<Int>): List<UShort>
fun CharSequence.slice(indices: IntRange): CharSequence
fun String.slice(indices: IntRange): String
fun CharSequence.slice(indices: Iterable<Int>): CharSequence
fun String.slice(indices: Iterable<Int>): String
e: file:///Users/jim/work/v2superbikeshed/Trikeshed/src/commonMain/kotlin/borg/trikeshed/net/ssh/SSHParser.kt:79:41 None of the following candidates is applicable:
fun <T> Array<out T>.slice(indices: IntRange): List<T>
fun ByteArray.slice(indices: IntRange): List<Byte>
fun ShortArray.slice(indices: IntRange): List<Short>
fun IntArray.slice(indices: IntRange): List<Int>
fun LongArray.slice(indices: IntRange): List<Long>
fun FloatArray.slice(indices: IntRange): List<Float>
fun DoubleArray.slice(indices: IntRange): List<Double>
fun BooleanArray.slice(indices: IntRange): List<Boolean>
fun CharArray.slice(indices: IntRange): List<Char>
fun <T> Array<out T>.slice(indices: Iterable<Int>): List<T>
fun ByteArray.slice(indices: Iterable<Int>): List<Byte>
fun ShortArray.slice(indices: Iterable<Int>): List<Short>
fun IntArray.slice(indices: Iterable<Int>): List<Int>
fun LongArray.slice(indices: Iterable<Int>): List<Long>
fun FloatArray.slice(indices: Iterable<Int>): List<Float>
fun DoubleArray.slice(indices: Iterable<Int>): List<Double>
fun BooleanArray.slice(indices: Iterable<Int>): List<Boolean>
fun CharArray.slice(indices: Iterable<Int>): List<Char>
fun <T> List<T>.slice(indices: IntRange): List<T>
fun <T> List<T>.slice(indices: Iterable<Int>): List<T>
fun UIntArray.slice(indices: IntRange): List<UInt>
fun ULongArray.slice(indices: IntRange): List<ULong>
fun UByteArray.slice(indices: IntRange): List<UByte>
fun UShortArray.slice(indices: IntRange): List<UShort>
fun UIntArray.slice(indices: Iterable<Int>): List<UInt>
fun ULongArray.slice(indices: Iterable<Int>): List<ULong>
fun UByteArray.slice(indices: Iterable<Int>): List<UByte>
fun UShortArray.slice(indices: Iterable<Int>): List<UShort>
fun CharSequence.slice(indices: IntRange): CharSequence
fun String.slice(indices: IntRange): String
fun CharSequence.slice(indices: Iterable<Int>): CharSequence
fun String.slice(indices: Iterable<Int>): String
e: file:///Users/jim/work/v2superbikeshed/Trikeshed/src/commonMain/kotlin/borg/trikeshed/net/ssh/SSHParser.kt:83:21 Unresolved reference 'j'.
e: file:///Users/jim/work/v2superbikeshed/Trikeshed/src/commonMain/kotlin/borg/trikeshed/net/ssh/SSHParser.kt:111:36 Unresolved reference 'readSSHNameList'.
e: file:///Users/jim/work/v2superbikeshed/Trikeshed/src/commonMain/kotlin/borg/trikeshed/net/ssh/SSHParser.kt:111:69 Unresolved reference 'asString'.
e: file:///Users/jim/work/v2superbikeshed/Trikeshed/src/commonMain/kotlin/borg/trikeshed/net/ssh/SSHParser.kt:111:93 Unresolved reference 'toIdx'.
e: file:///Users/jim/work/v2superbikeshed/Trikeshed/src/commonMain/kotlin/borg/trikeshed/net/ssh/SSHParser.kt:112:46 Unresolved reference 'readSSHNameList'.
e: file:///Users/jim/work/v2superbikeshed/Trikeshed/src/commonMain/kotlin/borg/trikeshed/net/ssh/SSHParser.kt:112:79 Unresolved reference 'asString'.
e: file:///Users/jim/work/v2superbikeshed/Trikeshed/src/commonMain/kotlin/borg/trikeshed/net/ssh/SSHParser.kt:112:103 Unresolved reference 'toIdx'.
e: file:///Users/jim/work/v2superbikeshed/Trikeshed/src/commonMain/kotlin/borg/trikeshed/net/ssh/SSHParser.kt:113:57 Unresolved reference 'readSSHNameList'.
e: file:///Users/jim/work/v2superbikeshed/Trikeshed/src/commonMain/kotlin/borg/trikeshed/net/ssh/SSHParser.kt:113:90 Unresolved reference 'asString'.
e: file:///Users/jim/work/v2superbikeshed/Trikeshed/src/commonMain/kotlin/borg/trikeshed/net/ssh/SSHParser.kt:113:114 Unresolved reference 'toIdx'.
e: file:///Users/jim/work/v2superbikeshed/Trikeshed/src/commonMain/kotlin/borg/trikeshed/net/ssh/SSHParser.kt:114:57 Unresolved reference 'readSSHNameList'.
e: file:///Users/jim/work/v2superbikeshed/Trikeshed/src/commonMain/kotlin/borg/trikeshed/net/ssh/SSHParser.kt:114:90 Unresolved reference 'asString'.
e: file:///Users/jim/work/v2superbikeshed/Trikeshed/src/commonMain/kotlin/borg/trikeshed/net/ssh/SSHParser.kt:114:114 Unresolved reference 'toIdx'.
e: file:///Users/jim/work/v2superbikeshed/Trikeshed/src/commonMain/kotlin/borg/trikeshed/net/ssh/SSHParser.kt:115:50 Unresolved reference 'readSSHNameList'.
e: file:///Users/jim/work/v2superbikeshed/Trikeshed/src/commonMain/kotlin/borg/trikeshed/net/ssh/SSHParser.kt:115:83 Unresolved reference 'asString'.
e: file:///Users/jim/work/v2superbikeshed/Trikeshed/src/commonMain/kotlin/borg/trikeshed/net/ssh/SSHParser.kt:115:107 Unresolved reference 'toIdx'.
e: file:///Users/jim/work/v2superbikeshed/Trikeshed/src/commonMain/kotlin/borg/trikeshed/net/ssh/SSHParser.kt:116:50 Unresolved reference 'readSSHNameList'.
e: file:///Users/jim/work/v2superbikeshed/Trikeshed/src/commonMain/kotlin/borg/trikeshed/net/ssh/SSHParser.kt:116:83 Unresolved reference 'asString'.
e: file:///Users/jim/work/v2superbikeshed/Trikeshed/src/commonMain/kotlin/borg/trikeshed/net/ssh/SSHParser.kt:116:107 Unresolved reference 'toIdx'.
e: file:///Users/jim/work/v2superbikeshed/Trikeshed/src/commonMain/kotlin/borg/trikeshed/net/ssh/SSHParser.kt:117:58 Unresolved reference 'readSSHNameList'.
e: file:///Users/jim/work/v2superbikeshed/Trikeshed/src/commonMain/kotlin/borg/trikeshed/net/ssh/SSHParser.kt:117:91 Unresolved reference 'asString'.
e: file:///Users/jim/work/v2superbikeshed/Trikeshed/src/commonMain/kotlin/borg/trikeshed/net/ssh/SSHParser.kt:117:115 Unresolved reference 'toIdx'.
e: file:///Users/jim/work/v2superbikeshed/Trikeshed/src/commonMain/kotlin/borg/trikeshed/net/ssh/SSHParser.kt:118:58 Unresolved reference 'readSSHNameList'.
e: file:///Users/jim/work/v2superbikeshed/Trikeshed/src/commonMain/kotlin/borg/trikeshed/net/ssh/SSHParser.kt:118:91 Unresolved reference 'asString'.
e: file:///Users/jim/work/v2superbikeshed/Trikeshed/src/commonMain/kotlin/borg/trikeshed/net/ssh/SSHParser.kt:118:115 Unresolved reference 'toIdx'.
e: file:///Users/jim/work/v2superbikeshed/Trikeshed/src/commonMain/kotlin/borg/trikeshed/net/ssh/SSHParser.kt:119:46 Unresolved reference 'readSSHNameList'.
e: file:///Users/jim/work/v2superbikeshed/Trikeshed/src/commonMain/kotlin/borg/trikeshed/net/ssh/SSHParser.kt:119:79 Unresolved reference 'asString'.
e: file:///Users/jim/work/v2superbikeshed/Trikeshed/src/commonMain/kotlin/borg/trikeshed/net/ssh/SSHParser.kt:119:103 Unresolved reference 'toIdx'.
e: file:///Users/jim/work/v2superbikeshed/Trikeshed/src/commonMain/kotlin/borg/trikeshed/net/ssh/SSHParser.kt:120:46 Unresolved reference 'readSSHNameList'.
e: file:///Users/jim/work/v2superbikeshed/Trikeshed/src/commonMain/kotlin/borg/trikeshed/net/ssh/SSHParser.kt:120:79 Unresolved reference 'asString'.
e: file:///Users/jim/work/v2superbikeshed/Trikeshed/src/commonMain/kotlin/borg/trikeshed/net/ssh/SSHParser.kt:120:103 Unresolved reference 'toIdx'.
e: file:///Users/jim/work/v2superbikeshed/Trikeshed/src/commonMain/kotlin/borg/trikeshed/net/ssh/SSHParser.kt:159:30 Unresolved reference 'readSSHString'.
e: file:///Users/jim/work/v2superbikeshed/Trikeshed/src/commonMain/kotlin/borg/trikeshed/net/ssh/SSHParser.kt:162:41 Unresolved reference 'readSSHString'.
e: file:///Users/jim/work/v2superbikeshed/Trikeshed/src/commonMain/kotlin/borg/trikeshed/net/ssh/SSHParser.kt:165:32 Unresolved reference 'readSSHString'.
e: file:///Users/jim/work/v2superbikeshed/Trikeshed/src/commonMain/kotlin/borg/trikeshed/net/ssh/SSHProtocol.kt:149:20 None of the following candidates is applicable:
object State : Any
typealias State = Int
e: file:///Users/jim/work/v2superbikeshed/Trikeshed/src/commonMain/kotlin/borg/trikeshed/net/ssh/SSHProtocol.kt:152:9 Unresolved reference 'CoroutineContext'.
e: file:///Users/jim/work/v2superbikeshed/Trikeshed/src/commonMain/kotlin/borg/trikeshed/net/ssh/SSHProtocol.kt:153:9 'key' overrides nothing.
e: file:///Users/jim/work/v2superbikeshed/Trikeshed/src/commonMain/kotlin/borg/trikeshed/net/ssh/SSHProtocol.kt:153:27 Unresolved reference 'CoroutineContext'.
e: file:///Users/jim/work/v2superbikeshed/Trikeshed/src/commonMain/kotlin/borg/trikeshed/net/ssh/SSHProtocol.kt:155:32 Unresolved reference 'CoroutineContext'.
e: file:///Users/jim/work/v2superbikeshed/Trikeshed/src/commonMain/kotlin/borg/trikeshed/net/ssh/SSHProtocol.kt:184:24 Argument type mismatch: actual type is 'T? (of fun <T> Join<Int, Function1<Int, Join<Any?, TypeMemento>>>.get)', but 'Byte' was expected.
e: file:///Users/jim/work/v2superbikeshed/Trikeshed/src/commonMain/kotlin/borg/trikeshed/net/ssh/SSHProtocol.kt:184:24 Cannot infer type for this parameter. Specify it explicitly.
e: file:///Users/jim/work/v2superbikeshed/Trikeshed/src/commonMain/kotlin/borg/trikeshed/net/ssh/SSHProtocol.kt:184:24 Unresolved reference. None of the following candidates is applicable because of a receiver type mismatch:
fun <T> Join<Int, Function1<Int, Join<Any?, TypeMemento>>>.get(column: Column<T>): T?
e: file:///Users/jim/work/v2superbikeshed/Trikeshed/src/commonMain/kotlin/borg/trikeshed/net/ssh/SSHProtocol.kt:189:24 Argument type mismatch: actual type is 'T? (of fun <T> Join<Int, Function1<Int, Join<Any?, TypeMemento>>>.get)', but 'Byte' was expected.
e: file:///Users/jim/work/v2superbikeshed/Trikeshed/src/commonMain/kotlin/borg/trikeshed/net/ssh/SSHProtocol.kt:189:24 Cannot infer type for this parameter. Specify it explicitly.
e: file:///Users/jim/work/v2superbikeshed/Trikeshed/src/commonMain/kotlin/borg/trikeshed/net/ssh/SSHProtocol.kt:189:24 Unresolved reference. None of the following candidates is applicable because of a receiver type mismatch:
fun <T> Join<Int, Function1<Int, Join<Any?, TypeMemento>>>.get(column: Column<T>): T?
e: file:///Users/jim/work/v2superbikeshed/Trikeshed/src/commonMain/kotlin/borg/trikeshed/net/ssh/SSHProtocol.kt:194:24 Argument type mismatch: actual type is 'T? (of fun <T> Join<Int, Function1<Int, Join<Any?, TypeMemento>>>.get)', but 'Byte' was expected.
e: file:///Users/jim/work/v2superbikeshed/Trikeshed/src/commonMain/kotlin/borg/trikeshed/net/ssh/SSHProtocol.kt:194:24 Cannot infer type for this parameter. Specify it explicitly.
e: file:///Users/jim/work/v2superbikeshed/Trikeshed/src/commonMain/kotlin/borg/trikeshed/net/ssh/SSHProtocol.kt:194:24 Unresolved reference. None of the following candidates is applicable because of a receiver type mismatch:
fun <T> Join<Int, Function1<Int, Join<Any?, TypeMemento>>>.get(column: Column<T>): T?
e: file:///Users/jim/work/v2superbikeshed/Trikeshed/src/commonMain/kotlin/borg/trikeshed/net/ssh/SSHProtocol.kt:257:25 Argument type mismatch: actual type is 'K (of fun <K> WHEN_CALL)', but 'Byte' was expected.
e: file:///Users/jim/work/v2superbikeshed/Trikeshed/src/commonMain/kotlin/borg/trikeshed/net/ssh/SSHProtocol.kt:257:43 Argument type mismatch: actual type is 'T? (of fun <T> Join<Int, Function1<Int, Join<Any?, TypeMemento>>>.get)', but 'K (of fun <K> WHEN_CALL)' was expected.
e: file:///Users/jim/work/v2superbikeshed/Trikeshed/src/commonMain/kotlin/borg/trikeshed/net/ssh/SSHProtocol.kt:257:43 Cannot infer type for this parameter. Specify it explicitly.
e: file:///Users/jim/work/v2superbikeshed/Trikeshed/src/commonMain/kotlin/borg/trikeshed/net/ssh/SSHProtocol.kt:257:43 Unresolved reference. None of the following candidates is applicable because of a receiver type mismatch:
fun <T> Join<Int, Function1<Int, Join<Any?, TypeMemento>>>.get(column: Column<T>): T?
e: file:///Users/jim/work/v2superbikeshed/Trikeshed/src/commonMain/kotlin/borg/trikeshed/net/ssh/SSHProtocol.kt:257:58 Argument type mismatch: actual type is 'Byte', but 'K (of fun <K> WHEN_CALL)' was expected.
e: file:///Users/jim/work/v2superbikeshed/Trikeshed/src/commonMain/kotlin/borg/trikeshed/net/ssh/SSHProtocol.kt:300:34 Suspend function 'suspend fun parse(buffer: ByteIndexedBuffer): KexInit?' can only be called from a coroutine or another suspend function.
e: file:///Users/jim/work/v2superbikeshed/Trikeshed/src/commonMain/kotlin/borg/trikeshed/net/ssh/SSHProtocol.kt:348:2 Syntax error: imports are only allowed in the beginning of file.
e: file:///Users/jim/work/v2superbikeshed/Trikeshed/src/commonMain/kotlin/borg/trikeshed/net/ssh/SSHProtocol.kt:445:44 'fun plus(other: CoroutineDispatcher): CoroutineDispatcher' is deprecated. Operator '+' on two CoroutineDispatcher objects is meaningless. CoroutineDispatcher is a coroutine context element and `+` is a set-sum operator for coroutine contexts. The dispatcher to the right of `+` just replaces the dispatcher to the left.
e: file:///Users/jim/work/v2superbikeshed/Trikeshed/src/commonMain/kotlin/borg/trikeshed/net/ssh/SSHProtocol.kt:445:46 Argument type mismatch: actual type is 'SSHProtocol.SshSessionContext', but 'CoroutineDispatcher' was expected.
e: file:///Users/jim/work/v2superbikeshed/Trikeshed/src/commonMain/kotlin/borg/trikeshed/net/ssh/SSHProtocol.kt:463:26 Unresolved reference 'coroutineContext'.
e: file:///Users/jim/work/v2superbikeshed/Trikeshed/src/commonMain/kotlin/borg/trikeshed/net/ssh/SSHProtocol.kt:467:24 Unresolved reference 'remaining'.
e: file:///Users/jim/work/v2superbikeshed/Trikeshed/src/commonMain/kotlin/borg/trikeshed/net/ssh/SSHProtocol.kt:469:35 Unresolved reference 'array'.
e: file:///Users/jim/work/v2superbikeshed/Trikeshed/src/commonMain/kotlin/borg/trikeshed/net/ssh/SSHProtocol.kt:469:43 Cannot infer type for this parameter. Specify it explicitly.
e: file:///Users/jim/work/v2superbikeshed/Trikeshed/src/commonMain/kotlin/borg/trikeshed/net/ssh/SSHProtocol.kt:469:48 Cannot infer type for this parameter. Specify it explicitly.
e: file:///Users/jim/work/v2superbikeshed/Trikeshed/src/commonMain/kotlin/borg/trikeshed/net/ssh/SSHProtocol.kt:469:48 Not enough information to infer type argument for 'B'.
e: file:///Users/jim/work/v2superbikeshed/Trikeshed/src/commonMain/kotlin/borg/trikeshed/net/ssh/SSHProtocol.kt:469:62 Cannot infer type for this parameter. Specify it explicitly.
e: file:///Users/jim/work/v2superbikeshed/Trikeshed/src/commonMain/kotlin/borg/trikeshed/net/ssh/SSHProtocol.kt:469:62 Not enough information to infer type argument for 'V'.
e: file:///Users/jim/work/v2superbikeshed/Trikeshed/src/commonMain/kotlin/borg/trikeshed/net/ssh/SSHProtocol.kt:469:73 Unresolved reference 'array'.
e: file:///Users/jim/work/v2superbikeshed/Trikeshed/src/commonMain/kotlin/borg/trikeshed/net/ssh/SSHProtocol.kt:473:9 Unresolved reference 'coroutineContext'.
e: file:///Users/jim/work/v2superbikeshed/Trikeshed/src/commonMain/kotlin/borg/trikeshed/net/ssh/SSHProtocol.kt:473:9 Cannot infer type for this parameter. Specify it explicitly.
e: file:///Users/jim/work/v2superbikeshed/Trikeshed/src/commonMain/kotlin/borg/trikeshed/net/ssh/SSHProtocol.kt:473:62 Cannot infer type for this parameter. Specify it explicitly.
e: file:///Users/jim/work/v2superbikeshed/Trikeshed/src/commonMain/kotlin/borg/trikeshed/net/ssh/SSHProtocol.kt:473:62 Not enough information to infer type argument for 'T'.
e: file:///Users/jim/work/v2superbikeshed/Trikeshed/src/commonMain/kotlin/borg/trikeshed/net/ssh/SSHProtocol.kt:473:62 Not enough information to infer type argument for 'R'.
e: file:///Users/jim/work/v2superbikeshed/Trikeshed/src/commonMain/kotlin/borg/trikeshed/net/ssh/SSHProtocol.kt:473:68 Cannot infer type for this parameter. Specify it explicitly.
e: file:///Users/jim/work/v2superbikeshed/Trikeshed/src/commonMain/kotlin/borg/trikeshed/net/ssh/SSHProtocol.kt:474:17 Unresolved reference 'sequenceNumberIn'.
e: file:///Users/jim/work/v2superbikeshed/Trikeshed/src/commonMain/kotlin/borg/trikeshed/net/ssh/SSHProtocol.kt:474:55 Unresolved reference 'sequenceNumberIn'.
e: file:///Users/jim/work/v2superbikeshed/Trikeshed/src/commonMain/kotlin/borg/trikeshed/net/ssh/SSHProtocol.kt:483:72 Unresolved reference 'coroutineContext'.
e: file:///Users/jim/work/v2superbikeshed/Trikeshed/src/commonMain/kotlin/borg/trikeshed/net/ssh/SSHProtocol.kt:484:30 Cannot infer type for this parameter. Specify it explicitly.
e: file:///Users/jim/work/v2superbikeshed/Trikeshed/src/commonMain/kotlin/borg/trikeshed/net/ssh/SSHProtocol.kt:484:30 Not enough information to infer type argument for 'E'.
e: file:///Users/jim/work/v2superbikeshed/Trikeshed/src/commonMain/kotlin/borg/trikeshed/net/ssh/SSHProtocol.kt:484:30 Not enough information to infer type argument for 'K'.
e: file:///Users/jim/work/v2superbikeshed/Trikeshed/src/commonMain/kotlin/borg/trikeshed/net/ssh/SSHProtocol.kt:484:47 Argument type mismatch: actual type is 'SSHProtocol.SshSessionContext.Key', but 'CoroutineContext.Key<E (of fun <E : CoroutineContext.Element> get)>' was expected.
e: file:///Users/jim/work/v2superbikeshed/Trikeshed/src/commonMain/kotlin/borg/trikeshed/net/ssh/SSHProtocol.kt:485:27 Cannot infer type for this parameter. Specify it explicitly.
e: file:///Users/jim/work/v2superbikeshed/Trikeshed/src/commonMain/kotlin/borg/trikeshed/net/ssh/SSHProtocol.kt:485:27 Unresolved reference. None of the following candidates is applicable because of a receiver type mismatch:
fun <T> Join<Int, Function1<Int, Join<Any?, TypeMemento>>>.get(column: Column<T>): T?
e: file:///Users/jim/work/v2superbikeshed/Trikeshed/src/commonMain/kotlin/borg/trikeshed/net/ssh/SSHProtocol.kt:490:65 'return' is prohibited here.
e: file:///Users/jim/work/v2superbikeshed/Trikeshed/src/commonMain/kotlin/borg/trikeshed/net/ssh/SSHProtocol.kt:507:21 'return' is prohibited here.
e: file:///Users/jim/work/v2superbikeshed/Trikeshed/src/commonMain/kotlin/borg/trikeshed/net/ssh/SSHProtocol.kt:523:32 Unresolved reference 'state'.
e: file:///Users/jim/work/v2superbikeshed/Trikeshed/src/commonMain/kotlin/borg/trikeshed/net/ssh/SSHProtocol.kt:527:32 Unresolved reference 'state'.
e: file:///Users/jim/work/v2superbikeshed/Trikeshed/src/commonMain/kotlin/borg/trikeshed/net/ssh/SSHProtocol.kt:535:57 Argument type mismatch: actual type is 'Join<Int, Function1<Int, Byte>>', but 'ByteIndexedBuffer' was expected.
e: file:///Users/jim/work/v2superbikeshed/Trikeshed/src/commonMain/kotlin/borg/trikeshed/net/ssh/SSHProtocol.kt:535:76 'return' is prohibited here.
e: file:///Users/jim/work/v2superbikeshed/Trikeshed/src/commonMain/kotlin/borg/trikeshed/net/ssh/SSHProtocol.kt:541:32 Unresolved reference 'state'.
e: file:///Users/jim/work/v2superbikeshed/Trikeshed/src/commonMain/kotlin/borg/trikeshed/net/ssh/SSHProtocol.kt:583:22 Unresolved reference 'coroutineContext'.
e: file:///Users/jim/work/v2superbikeshed/Trikeshed/src/commonMain/kotlin/borg/trikeshed/net/ssh/SSHProtocol.kt:585:33 Unresolved reference 'toBytes'.
e: file:///Users/jim/work/v2superbikeshed/Trikeshed/src/commonMain/kotlin/borg/trikeshed/net/ssh/SSHProtocol.kt:589:20 Unresolved reference 'internalSendChannel'.
e: file:///Users/jim/work/v2superbikeshed/Trikeshed/src/commonMain/kotlin/borg/trikeshed/net/ssh/SSHProtocol.kt:589:53 Unresolved reference 'toBytes'.
e: file:///Users/jim/work/v2superbikeshed/Trikeshed/src/commonMain/kotlin/borg/trikeshed/net/ssh/SSHProtocol.kt:600:21 Unresolved reference 'coroutineContext'.
e: file:///Users/jim/work/v2superbikeshed/Trikeshed/src/commonMain/kotlin/borg/trikeshed/net/ssh/SSHProtocol.kt:601:30 Cannot infer type for this parameter. Specify it explicitly.
e: file:///Users/jim/work/v2superbikeshed/Trikeshed/src/commonMain/kotlin/borg/trikeshed/net/ssh/SSHProtocol.kt:601:30 Not enough information to infer type argument for 'E'.
e: file:///Users/jim/work/v2superbikeshed/Trikeshed/src/commonMain/kotlin/borg/trikeshed/net/ssh/SSHProtocol.kt:601:30 Not enough information to infer type argument for 'K'.
e: file:///Users/jim/work/v2superbikeshed/Trikeshed/src/commonMain/kotlin/borg/trikeshed/net/ssh/SSHProtocol.kt:601:47 Argument type mismatch: actual type is 'SSHProtocol.SshSessionContext.Key', but 'CoroutineContext.Key<E (of fun <E : CoroutineContext.Element> get)>' was expected.
e: file:///Users/jim/work/v2superbikeshed/Trikeshed/src/commonMain/kotlin/borg/trikeshed/net/ssh/SSHProtocol.kt:603:38 Unresolved reference 'nextChannelId'.
e: file:///Users/jim/work/v2superbikeshed/Trikeshed/src/commonMain/kotlin/borg/trikeshed/net/ssh/SSHProtocol.kt:604:24 Unresolved reference 'nextChannelId'.
e: file:///Users/jim/work/v2superbikeshed/Trikeshed/src/commonMain/kotlin/borg/trikeshed/net/ssh/SSHProtocol.kt:604:55 Unresolved reference 'nextChannelId'.
e: file:///Users/jim/work/v2superbikeshed/Trikeshed/src/commonMain/kotlin/borg/trikeshed/net/ssh/SSHProtocol.kt:616:24 Unresolved reference 'channels'.
e: file:///Users/jim/work/v2superbikeshed/Trikeshed/src/commonMain/kotlin/borg/trikeshed/net/ssh/SSHProtocol.kt:628:76 Unresolved reference 'coroutineContext'.
e: file:///Users/jim/work/v2superbikeshed/Trikeshed/src/commonMain/kotlin/borg/trikeshed/net/ssh/SSHProtocol.kt:666:93 Unresolved reference 'coroutineContext'.
e: file:///Users/jim/work/v2superbikeshed/Trikeshed/src/commonMain/kotlin/borg/trikeshed/net/ssh/SSHProtocol.kt:667:30 Cannot infer type for this parameter. Specify it explicitly.
e: file:///Users/jim/work/v2superbikeshed/Trikeshed/src/commonMain/kotlin/borg/trikeshed/net/ssh/SSHProtocol.kt:667:30 Not enough information to infer type argument for 'E'.
e: file:///Users/jim/work/v2superbikeshed/Trikeshed/src/commonMain/kotlin/borg/trikeshed/net/ssh/SSHProtocol.kt:667:30 Not enough information to infer type argument for 'K'.
e: file:///Users/jim/work/v2superbikeshed/Trikeshed/src/commonMain/kotlin/borg/trikeshed/net/ssh/SSHProtocol.kt:667:47 Argument type mismatch: actual type is 'SSHProtocol.SshSessionContext.Key', but 'CoroutineContext.Key<E (of fun <E : CoroutineContext.Element> get)>' was expected.
e: file:///Users/jim/work/v2superbikeshed/Trikeshed/src/commonMain/kotlin/borg/trikeshed/net/ssh/SSHProtocol.kt:668:38 Unresolved reference 'channels'.
e: file:///Users/jim/work/v2superbikeshed/Trikeshed/src/commonMain/kotlin/borg/trikeshed/net/ssh/SSHProtocol.kt:670:22 Unresolved reference 'canSend'.
e: file:///Users/jim/work/v2superbikeshed/Trikeshed/src/commonMain/kotlin/borg/trikeshed/net/ssh/SSHProtocol.kt:677:25 Unresolved reference 'remoteWindow'.
e: file:///Users/jim/work/v2superbikeshed/Trikeshed/src/commonMain/kotlin/borg/trikeshed/net/ssh/SSHProtocol.kt:678:25 Unresolved reference 'remoteMaxPacketSize'.
e: file:///Users/jim/work/v2superbikeshed/Trikeshed/src/commonMain/kotlin/borg/trikeshed/net/ssh/SSHProtocol.kt:683:35 Cannot infer type for this parameter. Specify it explicitly.
e: file:///Users/jim/work/v2superbikeshed/Trikeshed/src/commonMain/kotlin/borg/trikeshed/net/ssh/SSHProtocol.kt:683:49 Argument type mismatch: actual type is 'Join<Int, Function1<Int, Join<Any?, TypeMemento>>>', but 'Join<Int, Function1<Int, Byte>>' was expected.
e: file:///Users/jim/work/v2superbikeshed/Trikeshed/src/commonMain/kotlin/borg/trikeshed/net/ssh/SSHProtocol.kt:683:49 Cannot infer type for this parameter. Specify it explicitly.
e: file:///Users/jim/work/v2superbikeshed/Trikeshed/src/commonMain/kotlin/borg/trikeshed/net/ssh/SSHProtocol.kt:683:49 Unresolved reference. None of the following candidates is applicable because of a receiver type mismatch:
fun <T> Join<Int, Function1<Int, Join<Any?, TypeMemento>>>.get(column: Column<T>): T?
e: file:///Users/jim/work/v2superbikeshed/Trikeshed/src/commonMain/kotlin/borg/trikeshed/net/ssh/SSHProtocol.kt:684:43 Unresolved reference 'remoteId'.
e: file:///Users/jim/work/v2superbikeshed/Trikeshed/src/commonMain/kotlin/borg/trikeshed/net/ssh/SSHProtocol.kt:687:21 Unresolved reference 'adjustRemoteWindow'.
e: file:///Users/jim/work/v2superbikeshed/Trikeshed/src/commonMain/kotlin/borg/trikeshed/net/ssh/SSHProtocol.kt:696:107 Unresolved reference 'coroutineContext'.
e: file:///Users/jim/work/v2superbikeshed/Trikeshed/src/commonMain/kotlin/borg/trikeshed/net/ssh/SSHProtocol.kt:716:25 Argument type mismatch: actual type is 'T? (of fun <T> Join<Int, Function1<Int, Join<Any?, TypeMemento>>>.get)', but 'Byte' was expected.
e: file:///Users/jim/work/v2superbikeshed/Trikeshed/src/commonMain/kotlin/borg/trikeshed/net/ssh/SSHProtocol.kt:716:25 Cannot infer type for this parameter. Specify it explicitly.
e: file:///Users/jim/work/v2superbikeshed/Trikeshed/src/commonMain/kotlin/borg/trikeshed/net/ssh/SSHProtocol.kt:716:25 Unresolved reference. None of the following candidates is applicable because of a receiver type mismatch:
fun <T> Join<Int, Function1<Int, Join<Any?, TypeMemento>>>.get(column: Column<T>): T?
e: file:///Users/jim/work/v2superbikeshed/Trikeshed/src/commonMain/kotlin/borg/trikeshed/net/ssh/SSHProtocol.kt:725:88 Unresolved reference 'coroutineContext'.
e: file:///Users/jim/work/v2superbikeshed/Trikeshed/src/commonMain/kotlin/borg/trikeshed/net/ssh/SSHProtocol.kt:737:21 Unresolved reference 'coroutineContext'.
e: file:///Users/jim/work/v2superbikeshed/Trikeshed/src/commonMain/kotlin/borg/trikeshed/net/ssh/SSHProtocol.kt:774:125 Unresolved reference 'coroutineContext'.
e: file:///Users/jim/work/v2superbikeshed/Trikeshed/src/commonMain/kotlin/borg/trikeshed/net/ssh/SSHProtocol.kt:799:25 Argument type mismatch: actual type is 'T? (of fun <T> Join<Int, Function1<Int, Join<Any?, TypeMemento>>>.get)', but 'Byte' was expected.
e: file:///Users/jim/work/v2superbikeshed/Trikeshed/src/commonMain/kotlin/borg/trikeshed/net/ssh/SSHProtocol.kt:799:25 Cannot infer type for this parameter. Specify it explicitly.
e: file:///Users/jim/work/v2superbikeshed/Trikeshed/src/commonMain/kotlin/borg/trikeshed/net/ssh/SSHProtocol.kt:799:25 Unresolved reference. None of the following candidates is applicable because of a receiver type mismatch:
fun <T> Join<Int, Function1<Int, Join<Any?, TypeMemento>>>.get(column: Column<T>): T?
e: file:///Users/jim/work/v2superbikeshed/Trikeshed/src/commonMain/kotlin/borg/trikeshed/net/ssh/SSHProtocol.kt:814:21 Unresolved reference 'coroutineContext'.
e: file:///Users/jim/work/v2superbikeshed/Trikeshed/src/commonMain/kotlin/borg/trikeshed/net/ssh/SSHProtocol.kt:815:30 Cannot infer type for this parameter. Specify it explicitly.
e: file:///Users/jim/work/v2superbikeshed/Trikeshed/src/commonMain/kotlin/borg/trikeshed/net/ssh/SSHProtocol.kt:815:30 Not enough information to infer type argument for 'E'.
e: file:///Users/jim/work/v2superbikeshed/Trikeshed/src/commonMain/kotlin/borg/trikeshed/net/ssh/SSHProtocol.kt:815:30 Not enough information to infer type argument for 'K'.
e: file:///Users/jim/work/v2superbikeshed/Trikeshed/src/commonMain/kotlin/borg/trikeshed/net/ssh/SSHProtocol.kt:815:47 Argument type mismatch: actual type is 'SSHProtocol.SshSessionContext.Key', but 'CoroutineContext.Key<E (of fun <E : CoroutineContext.Element> get)>' was expected.
e: file:///Users/jim/work/v2superbikeshed/Trikeshed/src/commonMain/kotlin/borg/trikeshed/net/ssh/SSHProtocol.kt:820:39 Function invocation 'first(...)' expected.
e: file:///Users/jim/work/v2superbikeshed/Trikeshed/src/commonMain/kotlin/borg/trikeshed/net/ssh/SSHProtocol.kt:821:40 Unresolved reference 'second'.
e: file:///Users/jim/work/v2superbikeshed/Trikeshed/src/commonMain/kotlin/borg/trikeshed/net/ssh/SSHProtocol.kt:824:24 Unresolved reference 'ephemeralPrivateKey'.
e: file:///Users/jim/work/v2superbikeshed/Trikeshed/src/commonMain/kotlin/borg/trikeshed/net/ssh/SSHProtocol.kt:825:24 Unresolved reference 'negotiatedKexAlgorithm'.
e: file:///Users/jim/work/v2superbikeshed/Trikeshed/src/commonMain/kotlin/borg/trikeshed/net/ssh/SSHProtocol.kt:830:40 Cannot infer type for this parameter. Specify it explicitly.
e: file:///Users/jim/work/v2superbikeshed/Trikeshed/src/commonMain/kotlin/borg/trikeshed/net/ssh/SSHProtocol.kt:830:40 Not enough information to infer type argument for 'T'.
e: file:///Users/jim/work/v2superbikeshed/Trikeshed/src/commonMain/kotlin/borg/trikeshed/net/ssh/SSHProtocol.kt:834:24 Unresolved reference 'state'.
e: file:///Users/jim/work/v2superbikeshed/Trikeshed/src/commonMain/kotlin/borg/trikeshed/net/ssh/SSHProtocol.kt:837:81 Unresolved reference 'coroutineContext'.
e: file:///Users/jim/work/v2superbikeshed/Trikeshed/src/commonMain/kotlin/borg/trikeshed/net/ssh/SSHProtocol.kt:838:30 Cannot infer type for this parameter. Specify it explicitly.
e: file:///Users/jim/work/v2superbikeshed/Trikeshed/src/commonMain/kotlin/borg/trikeshed/net/ssh/SSHProtocol.kt:838:30 Not enough information to infer type argument for 'E'.
e: file:///Users/jim/work/v2superbikeshed/Trikeshed/src/commonMain/kotlin/borg/trikeshed/net/ssh/SSHProtocol.kt:838:30 Not enough information to infer type argument for 'K'.
e: file:///Users/jim/work/v2superbikeshed/Trikeshed/src/commonMain/kotlin/borg/trikeshed/net/ssh/SSHProtocol.kt:838:47 Argument type mismatch: actual type is 'SSHProtocol.SshSessionContext.Key', but 'CoroutineContext.Key<E (of fun <E : CoroutineContext.Element> get)>' was expected.
e: file:///Users/jim/work/v2superbikeshed/Trikeshed/src/commonMain/kotlin/borg/trikeshed/net/ssh/SSHProtocol.kt:841:43 Unresolved reference 'negotiatedKexAlgorithm'.
e: file:///Users/jim/work/v2superbikeshed/Trikeshed/src/commonMain/kotlin/borg/trikeshed/net/ssh/SSHProtocol.kt:843:67 Unresolved reference 'ephemeralPrivateKey'.
e: file:///Users/jim/work/v2superbikeshed/Trikeshed/src/commonMain/kotlin/borg/trikeshed/net/ssh/SSHProtocol.kt:848:24 Unresolved reference 'encryptionKey'.
e: file:///Users/jim/work/v2superbikeshed/Trikeshed/src/commonMain/kotlin/borg/trikeshed/net/ssh/SSHProtocol.kt:849:24 Unresolved reference 'decryptionKey'.
e: file:///Users/jim/work/v2superbikeshed/Trikeshed/src/commonMain/kotlin/borg/trikeshed/net/ssh/SSHProtocol.kt:850:24 Unresolved reference 'integrityKeyOut'.
e: file:///Users/jim/work/v2superbikeshed/Trikeshed/src/commonMain/kotlin/borg/trikeshed/net/ssh/SSHProtocol.kt:851:24 Unresolved reference 'integrityKeyIn'.
e: file:///Users/jim/work/v2superbikeshed/Trikeshed/src/commonMain/kotlin/borg/trikeshed/net/ssh/SSHProtocol.kt:858:24 Unresolved reference 'state'.
e: file:///Users/jim/work/v2superbikeshed/Trikeshed/src/commonMain/kotlin/borg/trikeshed/net/ssh/SSHProtocol.kt:869:21 Unresolved reference 'coroutineContext'.
e: file:///Users/jim/work/v2superbikeshed/Trikeshed/src/commonMain/kotlin/borg/trikeshed/net/ssh/SSHProtocol.kt:909:127 Unresolved reference 'coroutineContext'.
e: file:///Users/jim/work/v2superbikeshed/Trikeshed/src/commonMain/kotlin/borg/trikeshed/net/ssh/SSHProtocol.kt:910:30 Cannot infer type for this parameter. Specify it explicitly.
e: file:///Users/jim/work/v2superbikeshed/Trikeshed/src/commonMain/kotlin/borg/trikeshed/net/ssh/SSHProtocol.kt:910:30 Not enough information to infer type argument for 'E'.
e: file:///Users/jim/work/v2superbikeshed/Trikeshed/src/commonMain/kotlin/borg/trikeshed/net/ssh/SSHProtocol.kt:910:30 Not enough information to infer type argument for 'K'.
e: file:///Users/jim/work/v2superbikeshed/Trikeshed/src/commonMain/kotlin/borg/trikeshed/net/ssh/SSHProtocol.kt:910:47 Argument type mismatch: actual type is 'SSHProtocol.SshSessionContext.Key', but 'CoroutineContext.Key<E (of fun <E : CoroutineContext.Element> get)>' was expected.
e: file:///Users/jim/work/v2superbikeshed/Trikeshed/src/commonMain/kotlin/borg/trikeshed/net/ssh/SSHProtocol.kt:940:24 Unresolved reference 'state'.
e: file:///Users/jim/work/v2superbikeshed/Trikeshed/src/commonMain/kotlin/borg/trikeshed/net/ssh/SSHProtocol.kt:944:89 Unresolved reference 'coroutineContext'.
e: file:///Users/jim/work/v2superbikeshed/Trikeshed/src/commonMain/kotlin/borg/trikeshed/net/ssh/SSHProtocol.kt:945:30 Cannot infer type for this parameter. Specify it explicitly.
e: file:///Users/jim/work/v2superbikeshed/Trikeshed/src/commonMain/kotlin/borg/trikeshed/net/ssh/SSHProtocol.kt:945:30 Not enough information to infer type argument for 'E'.
e: file:///Users/jim/work/v2superbikeshed/Trikeshed/src/commonMain/kotlin/borg/trikeshed/net/ssh/SSHProtocol.kt:945:30 Not enough information to infer type argument for 'K'.
e: file:///Users/jim/work/v2superbikeshed/Trikeshed/src/commonMain/kotlin/borg/trikeshed/net/ssh/SSHProtocol.kt:945:47 Argument type mismatch: actual type is 'SSHProtocol.SshSessionContext.Key', but 'CoroutineContext.Key<E (of fun <E : CoroutineContext.Element> get)>' was expected.
e: file:///Users/jim/work/v2superbikeshed/Trikeshed/src/commonMain/kotlin/borg/trikeshed/net/ssh/SSHProtocol.kt:992:69 Unresolved reference 'coroutineContext'.
e: file:///Users/jim/work/v2superbikeshed/Trikeshed/src/commonMain/kotlin/borg/trikeshed/net/ssh/SSHProtocol.kt:1002:36 Unresolved reference 'internalReceiveChannel'.
e: file:///Users/jim/work/v2superbikeshed/Trikeshed/src/commonMain/kotlin/borg/trikeshed/net/ssh/SSHProtocol.kt:1055:23 Cannot access 'suspend fun sendChannelRequest(channelId: UInt, requestType: String, data: Join<Int, Function1<Int, Byte>>): Unit': it is private in 'borg/trikeshed/net/ssh/SSHConnection'.
e: file:///Users/jim/work/v2superbikeshed/Trikeshed/src/commonMain/kotlin/borg/trikeshed/net/ssh/SSHProtocol.kt:1075:46 Syntax error: Unexpected tokens (use ';' to separate expressions on the same line).
e: file:///Users/jim/work/v2superbikeshed/Trikeshed/src/commonMain/kotlin/borg/trikeshed/net/ssh/SSHProtocol.kt:1083:37 Cannot access 'var sessionContext: SSHProtocol.SshSessionContext': it is private in 'borg/trikeshed/net/ssh/SSHConnection'.
e: file:///Users/jim/work/v2superbikeshed/Trikeshed/src/commonMain/kotlin/borg/trikeshed/net/ssh/SSHProtocol.kt:1084:34 Unresolved reference 'internalReceiveChannel'.
e: file:///Users/jim/work/v2superbikeshed/Trikeshed/src/commonMain/kotlin/borg/trikeshed/net/ssh/SSHProtocol.kt:1087:43 Cannot infer type for this parameter. Specify it explicitly.
e: file:///Users/jim/work/v2superbikeshed/Trikeshed/src/commonMain/kotlin/borg/trikeshed/net/ssh/SSHProtocol.kt:1087:48 Cannot infer type for this parameter. Specify it explicitly.
e: file:///Users/jim/work/v2superbikeshed/Trikeshed/src/commonMain/kotlin/borg/trikeshed/net/ssh/SSHProtocol.kt:1087:48 Not enough information to infer type argument for 'B'.
e: file:///Users/jim/work/v2superbikeshed/Trikeshed/src/commonMain/kotlin/borg/trikeshed/net/ssh/SSHProtocol.kt:1087:62 Cannot infer type for this parameter. Specify it explicitly.
e: file:///Users/jim/work/v2superbikeshed/Trikeshed/src/commonMain/kotlin/borg/trikeshed/net/ssh/SSHProtocol.kt:1087:62 Not enough information to infer type argument for 'V'.
e: file:///Users/jim/work/v2superbikeshed/Trikeshed/src/commonMain/kotlin/borg/trikeshed/net/ssh/SSHProtocol.kt:1140:28 Cannot infer type for this parameter. Specify it explicitly.
e: file:///Users/jim/work/v2superbikeshed/Trikeshed/src/commonMain/kotlin/borg/trikeshed/net/ssh/SSHProtocol.kt:1140:28 Unresolved reference. None of the following candidates is applicable because of a receiver type mismatch:
fun <T> Join<Int, Function1<Int, Join<Any?, TypeMemento>>>.get(column: Column<T>): T?
e: file:///Users/jim/work/v2superbikeshed/Trikeshed/src/commonMain/kotlin/borg/trikeshed/net/ssh/SSHProtocol.kt:1141:27 Cannot infer type for this parameter. Specify it explicitly.
e: file:///Users/jim/work/v2superbikeshed/Trikeshed/src/commonMain/kotlin/borg/trikeshed/net/ssh/SSHProtocol.kt:1141:27 Unresolved reference. None of the following candidates is applicable because of a receiver type mismatch:
fun <T> Join<Int, Function1<Int, Join<Any?, TypeMemento>>>.get(column: Column<T>): T?
e: file:///Users/jim/work/v2superbikeshed/Trikeshed/src/commonMain/kotlin/borg/trikeshed/net/ssh/SSHProtocol.kt:1141:48 Unresolved reference 'shl'.
e: file:///Users/jim/work/v2superbikeshed/Trikeshed/src/commonMain/kotlin/borg/trikeshed/net/ssh/SSHProtocol.kt:1142:18 Cannot infer type for this parameter. Specify it explicitly.
e: file:///Users/jim/work/v2superbikeshed/Trikeshed/src/commonMain/kotlin/borg/trikeshed/net/ssh/SSHProtocol.kt:1142:18 Unresolved reference. None of the following candidates is applicable because of a receiver type mismatch:
fun <T> Join<Int, Function1<Int, Join<Any?, TypeMemento>>>.get(column: Column<T>): T?
e: file:///Users/jim/work/v2superbikeshed/Trikeshed/src/commonMain/kotlin/borg/trikeshed/net/ssh/SSHProtocol.kt:1142:39 Unresolved reference 'shl'.
e: file:///Users/jim/work/v2superbikeshed/Trikeshed/src/commonMain/kotlin/borg/trikeshed/net/ssh/SSHProtocol.kt:1143:18 Cannot infer type for this parameter. Specify it explicitly.
e: file:///Users/jim/work/v2superbikeshed/Trikeshed/src/commonMain/kotlin/borg/trikeshed/net/ssh/SSHProtocol.kt:1143:18 Unresolved reference. None of the following candidates is applicable because of a receiver type mismatch:
fun <T> Join<Int, Function1<Int, Join<Any?, TypeMemento>>>.get(column: Column<T>): T?
e: file:///Users/jim/work/v2superbikeshed/Trikeshed/src/commonMain/kotlin/borg/trikeshed/net/ssh/SSHProtocol.kt:1143:39 Unresolved reference 'shl'.
e: file:///Users/jim/work/v2superbikeshed/Trikeshed/src/commonMain/kotlin/borg/trikeshed/net/ssh/SSHProtocol.kt:1144:17 Cannot infer type for this parameter. Specify it explicitly.
e: file:///Users/jim/work/v2superbikeshed/Trikeshed/src/commonMain/kotlin/borg/trikeshed/net/ssh/SSHProtocol.kt:1144:17 Unresolved reference. None of the following candidates is applicable because of a receiver type mismatch:
fun <T> Join<Int, Function1<Int, Join<Any?, TypeMemento>>>.get(column: Column<T>): T?
e: file:///Users/jim/work/v2superbikeshed/Trikeshed/src/commonMain/kotlin/borg/trikeshed/net/ssh/SSHProtocol.kt:1153:37 Cannot infer type for this parameter. Specify it explicitly.
e: file:///Users/jim/work/v2superbikeshed/Trikeshed/src/commonMain/kotlin/borg/trikeshed/net/ssh/SSHProtocol.kt:1153:37 Unresolved reference. None of the following candidates is applicable because of a receiver type mismatch:
fun <T> Join<Int, Function1<Int, Join<Any?, TypeMemento>>>.get(column: Column<T>): T?
e: file:///Users/jim/work/v2superbikeshed/Trikeshed/src/commonMain/kotlin/borg/trikeshed/net/ssh/SSHProtocol.kt:1153:58 Unresolved reference 'shl'.
e: file:///Users/jim/work/v2superbikeshed/Trikeshed/src/commonMain/kotlin/borg/trikeshed/net/ssh/SSHProtocol.kt:1154:26 Cannot infer type for this parameter. Specify it explicitly.
e: file:///Users/jim/work/v2superbikeshed/Trikeshed/src/commonMain/kotlin/borg/trikeshed/net/ssh/SSHProtocol.kt:1154:26 Unresolved reference. None of the following candidates is applicable because of a receiver type mismatch:
fun <T> Join<Int, Function1<Int, Join<Any?, TypeMemento>>>.get(column: Column<T>): T?
e: file:///Users/jim/work/v2superbikeshed/Trikeshed/src/commonMain/kotlin/borg/trikeshed/net/ssh/SSHProtocol.kt:1154:47 Unresolved reference 'shl'.
e: file:///Users/jim/work/v2superbikeshed/Trikeshed/src/commonMain/kotlin/borg/trikeshed/net/ssh/SSHProtocol.kt:1155:26 Cannot infer type for this parameter. Specify it explicitly.
e: file:///Users/jim/work/v2superbikeshed/Trikeshed/src/commonMain/kotlin/borg/trikeshed/net/ssh/SSHProtocol.kt:1155:26 Unresolved reference. None of the following candidates is applicable because of a receiver type mismatch:
fun <T> Join<Int, Function1<Int, Join<Any?, TypeMemento>>>.get(column: Column<T>): T?
e: file:///Users/jim/work/v2superbikeshed/Trikeshed/src/commonMain/kotlin/borg/trikeshed/net/ssh/SSHProtocol.kt:1155:47 Unresolved reference 'shl'.
e: file:///Users/jim/work/v2superbikeshed/Trikeshed/src/commonMain/kotlin/borg/trikeshed/net/ssh/SSHProtocol.kt:1156:25 Cannot infer type for this parameter. Specify it explicitly.
e: file:///Users/jim/work/v2superbikeshed/Trikeshed/src/commonMain/kotlin/borg/trikeshed/net/ssh/SSHProtocol.kt:1156:25 Unresolved reference. None of the following candidates is applicable because of a receiver type mismatch:
fun <T> Join<Int, Function1<Int, Join<Any?, TypeMemento>>>.get(column: Column<T>): T?
e: file:///Users/jim/work/v2superbikeshed/Trikeshed/src/commonMain/kotlin/borg/trikeshed/net/ssh/SSHProtocol.kt:1157:45 Argument type mismatch: actual type is 'Int', but 'IntRange' was expected.
e: file:///Users/jim/work/v2superbikeshed/Trikeshed/src/commonMain/kotlin/borg/trikeshed/net/ssh/SSHProtocol.kt:1157:48 Too many arguments for 'fun <T> Join<Int, Function1<Int, T>>.slice(range: IntRange): Join<Int, Function1<Int, T>>'.
e: file:///Users/jim/work/v2superbikeshed/Trikeshed/src/commonMain/kotlin/borg/trikeshed/net/ssh/SSHProtocol.kt:1157:83 Unresolved reference. None of the following candidates is applicable because of a receiver type mismatch:
fun Join<Int, Function1<Int, Byte>>.asString(): String
e: file:///Users/jim/work/v2superbikeshed/Trikeshed/src/commonMain/kotlin/borg/trikeshed/net/ssh/SSHProtocol.kt:1162:35 Cannot infer type for this parameter. Specify it explicitly.
e: file:///Users/jim/work/v2superbikeshed/Trikeshed/src/commonMain/kotlin/borg/trikeshed/net/ssh/SSHProtocol.kt:1162:35 Unresolved reference. None of the following candidates is applicable because of a receiver type mismatch:
fun <T> Join<Int, Function1<Int, Join<Any?, TypeMemento>>>.get(column: Column<T>): T?
e: file:///Users/jim/work/v2superbikeshed/Trikeshed/src/commonMain/kotlin/borg/trikeshed/net/ssh/SSHProtocol.kt:1162:56 Unresolved reference 'shl'.
e: file:///Users/jim/work/v2superbikeshed/Trikeshed/src/commonMain/kotlin/borg/trikeshed/net/ssh/SSHProtocol.kt:1163:26 Cannot infer type for this parameter. Specify it explicitly.
e: file:///Users/jim/work/v2superbikeshed/Trikeshed/src/commonMain/kotlin/borg/trikeshed/net/ssh/SSHProtocol.kt:1163:26 Unresolved reference. None of the following candidates is applicable because of a receiver type mismatch:
fun <T> Join<Int, Function1<Int, Join<Any?, TypeMemento>>>.get(column: Column<T>): T?
e: file:///Users/jim/work/v2superbikeshed/Trikeshed/src/commonMain/kotlin/borg/trikeshed/net/ssh/SSHProtocol.kt:1163:47 Unresolved reference 'shl'.
e: file:///Users/jim/work/v2superbikeshed/Trikeshed/src/commonMain/kotlin/borg/trikeshed/net/ssh/SSHProtocol.kt:1164:26 Cannot infer type for this parameter. Specify it explicitly.
e: file:///Users/jim/work/v2superbikeshed/Trikeshed/src/commonMain/kotlin/borg/trikeshed/net/ssh/SSHProtocol.kt:1164:26 Unresolved reference. None of the following candidates is applicable because of a receiver type mismatch:
fun <T> Join<Int, Function1<Int, Join<Any?, TypeMemento>>>.get(column: Column<T>): T?
e: file:///Users/jim/work/v2superbikeshed/Trikeshed/src/commonMain/kotlin/borg/trikeshed/net/ssh/SSHProtocol.kt:1164:47 Unresolved reference 'shl'.
e: file:///Users/jim/work/v2superbikeshed/Trikeshed/src/commonMain/kotlin/borg/trikeshed/net/ssh/SSHProtocol.kt:1165:25 Cannot infer type for this parameter. Specify it explicitly.
e: file:///Users/jim/work/v2superbikeshed/Trikeshed/src/commonMain/kotlin/borg/trikeshed/net/ssh/SSHProtocol.kt:1165:25 Unresolved reference. None of the following candidates is applicable because of a receiver type mismatch:
fun <T> Join<Int, Function1<Int, Join<Any?, TypeMemento>>>.get(column: Column<T>): T?
e: file:///Users/jim/work/v2superbikeshed/Trikeshed/src/commonMain/kotlin/borg/trikeshed/net/ssh/SSHProtocol.kt:1166:43 Cannot infer type for this parameter. Specify it explicitly.
e: file:///Users/jim/work/v2superbikeshed/Trikeshed/src/commonMain/kotlin/borg/trikeshed/net/ssh/SSHProtocol.kt:1166:43 Unresolved reference. None of the following candidates is applicable because of a receiver type mismatch:
fun <T> Join<Int, Function1<Int, Join<Any?, TypeMemento>>>.get(column: Column<T>): T?
e: file:///Users/jim/work/v2superbikeshed/Trikeshed/src/commonMain/kotlin/borg/trikeshed/net/ssh/SSHProtocol.kt:1166:64 Unresolved reference 'shl'.
e: file:///Users/jim/work/v2superbikeshed/Trikeshed/src/commonMain/kotlin/borg/trikeshed/net/ssh/SSHProtocol.kt:1167:26 Cannot infer type for this parameter. Specify it explicitly.
e: file:///Users/jim/work/v2superbikeshed/Trikeshed/src/commonMain/kotlin/borg/trikeshed/net/ssh/SSHProtocol.kt:1167:26 Unresolved reference. None of the following candidates is applicable because of a receiver type mismatch:
fun <T> Join<Int, Function1<Int, Join<Any?, TypeMemento>>>.get(column: Column<T>): T?
e: file:///Users/jim/work/v2superbikeshed/Trikeshed/src/commonMain/kotlin/borg/trikeshed/net/ssh/SSHProtocol.kt:1167:48 Unresolved reference 'shl'.
e: file:///Users/jim/work/v2superbikeshed/Trikeshed/src/commonMain/kotlin/borg/trikeshed/net/ssh/SSHProtocol.kt:1168:26 Cannot infer type for this parameter. Specify it explicitly.
e: file:///Users/jim/work/v2superbikeshed/Trikeshed/src/commonMain/kotlin/borg/trikeshed/net/ssh/SSHProtocol.kt:1168:26 Unresolved reference. None of the following candidates is applicable because of a receiver type mismatch:
fun <T> Join<Int, Function1<Int, Join<Any?, TypeMemento>>>.get(column: Column<T>): T?
e: file:///Users/jim/work/v2superbikeshed/Trikeshed/src/commonMain/kotlin/borg/trikeshed/net/ssh/SSHProtocol.kt:1168:48 Unresolved reference 'shl'.
e: file:///Users/jim/work/v2superbikeshed/Trikeshed/src/commonMain/kotlin/borg/trikeshed/net/ssh/SSHProtocol.kt:1169:25 Cannot infer type for this parameter. Specify it explicitly.
e: file:///Users/jim/work/v2superbikeshed/Trikeshed/src/commonMain/kotlin/borg/trikeshed/net/ssh/SSHProtocol.kt:1169:25 Unresolved reference. None of the following candidates is applicable because of a receiver type mismatch:
fun <T> Join<Int, Function1<Int, Join<Any?, TypeMemento>>>.get(column: Column<T>): T?
e: file:///Users/jim/work/v2superbikeshed/Trikeshed/src/commonMain/kotlin/borg/trikeshed/net/ssh/SSHProtocol.kt:1170:51 Argument type mismatch: actual type is 'Int', but 'IntRange' was expected.
e: file:///Users/jim/work/v2superbikeshed/Trikeshed/src/commonMain/kotlin/borg/trikeshed/net/ssh/SSHProtocol.kt:1170:55 Too many arguments for 'fun <T> Join<Int, Function1<Int, T>>.slice(range: IntRange): Join<Int, Function1<Int, T>>'.
e: file:///Users/jim/work/v2superbikeshed/Trikeshed/src/commonMain/kotlin/borg/trikeshed/net/ssh/SSHProtocol.kt:1170:96 Unresolved reference. None of the following candidates is applicable because of a receiver type mismatch:
fun Join<Int, Function1<Int, Byte>>.asString(): String
e: file:///Users/jim/work/v2superbikeshed/Trikeshed/src/commonMain/kotlin/borg/trikeshed/net/ssh/SSHProtocol.kt:1180:2 Syntax error: imports are only allowed in the beginning of file.
e: file:///Users/jim/work/v2superbikeshed/Trikeshed/src/commonMain/kotlin/borg/trikeshed/net/ssh/SSHProtocol.kt:1186:26 Unresolved reference 'PlatformFileIOImpl'.
e: file:///Users/jim/work/v2superbikeshed/Trikeshed/src/commonMain/kotlin/borg/trikeshed/net/ssh/SSHProtocol.kt:1191:42 Unresolved reference 'PlatformFileIOImpl'.
e: file:///Users/jim/work/v2superbikeshed/Trikeshed/src/commonMain/kotlin/borg/trikeshed/net/ssh/SSHProtocol.kt:1202:21 Cannot infer type for this parameter. Specify it explicitly.
e: file:///Users/jim/work/v2superbikeshed/Trikeshed/src/commonMain/kotlin/borg/trikeshed/net/ssh/SSHProtocol.kt:1202:29 Unresolved reference 'internalReceiveChannel'.
e: file:///Users/jim/work/v2superbikeshed/Trikeshed/src/commonMain/kotlin/borg/trikeshed/net/ssh/SSHProtocol.kt:1218:20 Cannot infer type for this parameter. Specify it explicitly.
e: file:///Users/jim/work/v2superbikeshed/Trikeshed/src/commonMain/kotlin/borg/trikeshed/net/ssh/SSHProtocol.kt:1218:28 Unresolved reference 'internalReceiveChannel'.
e: file:///Users/jim/work/v2superbikeshed/Trikeshed/src/commonMain/kotlin/borg/trikeshed/net/ssh/SSHProtocol.kt:1225:81 Argument type mismatch: actual type is 'Join<Int, Function1<Int, Join<Any?, TypeMemento>>>', but 'Join<Int, Function1<Int, Byte>>' was expected.
e: file:///Users/jim/work/v2superbikeshed/Trikeshed/src/commonMain/kotlin/borg/trikeshed/net/ssh/SSHProtocol.kt:1225:81 Cannot infer type for this parameter. Specify it explicitly.
e: file:///Users/jim/work/v2superbikeshed/Trikeshed/src/commonMain/kotlin/borg/trikeshed/net/ssh/SSHProtocol.kt:1225:81 Unresolved reference. None of the following candidates is applicable because of a receiver type mismatch:
fun <T> Join<Int, Function1<Int, Join<Any?, TypeMemento>>>.get(column: Column<T>): T?
e: file:///Users/jim/work/v2superbikeshed/Trikeshed/src/commonMain/kotlin/borg/trikeshed/net/ssh/SSHProtocol.kt:1228:20 Cannot infer type for this parameter. Specify it explicitly.
e: file:///Users/jim/work/v2superbikeshed/Trikeshed/src/commonMain/kotlin/borg/trikeshed/net/ssh/SSHProtocol.kt:1228:28 Unresolved reference 'internalReceiveChannel'.
e: file:///Users/jim/work/v2superbikeshed/Trikeshed/src/commonMain/kotlin/borg/trikeshed/net/ssh/SSHProtocol.kt:1239:24 Cannot infer type for this parameter. Specify it explicitly.
e: file:///Users/jim/work/v2superbikeshed/Trikeshed/src/commonMain/kotlin/borg/trikeshed/net/ssh/SSHProtocol.kt:1239:32 Unresolved reference 'internalReceiveChannel'.
e: file:///Users/jim/work/v2superbikeshed/Trikeshed/src/commonMain/kotlin/borg/trikeshed/net/ssh/SSHProtocol.kt:1257:61 Cannot infer type for this parameter. Specify it explicitly.
e: file:///Users/jim/work/v2superbikeshed/Trikeshed/src/commonMain/kotlin/borg/trikeshed/net/ssh/SSHProtocol.kt:1257:61 Unresolved reference. None of the following candidates is applicable because of a receiver type mismatch:
val <T> Join<Int, Function1<Int, T>>.size: Int
e: file:///Users/jim/work/v2superbikeshed/Trikeshed/src/commonMain/kotlin/borg/trikeshed/net/ssh/SSHProtocol.kt:1260:38 Unresolved reference 'internalReceiveChannel'.
e: file:///Users/jim/work/v2superbikeshed/Trikeshed/src/commonMain/kotlin/borg/trikeshed/net/ssh/SSHProtocol.kt:1274:61 Cannot infer type for this parameter. Specify it explicitly.
e: file:///Users/jim/work/v2superbikeshed/Trikeshed/src/commonMain/kotlin/borg/trikeshed/net/ssh/SSHProtocol.kt:1274:61 Unresolved reference. None of the following candidates is applicable because of a receiver type mismatch:
val <T> Join<Int, Function1<Int, T>>.size: Int
e: file:///Users/jim/work/v2superbikeshed/Trikeshed/src/commonMain/kotlin/borg/trikeshed/net/ssh/SSHProtocol.kt:1277:41 Unresolved reference 'internalReceiveChannel'.
e: file:///Users/jim/work/v2superbikeshed/Trikeshed/src/commonMain/kotlin/borg/trikeshed/net/ssh/SSHProtocol.kt:1278:53 Cannot infer type for this parameter. Specify it explicitly.
e: file:///Users/jim/work/v2superbikeshed/Trikeshed/src/commonMain/kotlin/borg/trikeshed/net/ssh/SSHProtocol.kt:1278:58 Cannot infer type for this parameter. Specify it explicitly.
e: file:///Users/jim/work/v2superbikeshed/Trikeshed/src/commonMain/kotlin/borg/trikeshed/net/ssh/SSHProtocol.kt:1278:58 Not enough information to infer type argument for 'B'.
e: file:///Users/jim/work/v2superbikeshed/Trikeshed/src/commonMain/kotlin/borg/trikeshed/net/ssh/SSHProtocol.kt:1278:72 Cannot infer type for this parameter. Specify it explicitly.
e: file:///Users/jim/work/v2superbikeshed/Trikeshed/src/commonMain/kotlin/borg/trikeshed/net/ssh/SSHProtocol.kt:1278:72 Not enough information to infer type argument for 'V'.
e: file:///Users/jim/work/v2superbikeshed/Trikeshed/src/commonMain/kotlin/borg/trikeshed/net/ssh/SSHProtocol.kt:1287:61 Cannot infer type for this parameter. Specify it explicitly.
e: file:///Users/jim/work/v2superbikeshed/Trikeshed/src/commonMain/kotlin/borg/trikeshed/net/ssh/SSHProtocol.kt:1287:61 Unresolved reference. None of the following candidates is applicable because of a receiver type mismatch:
val <T> Join<Int, Function1<Int, T>>.size: Int
e: file:///Users/jim/work/v2superbikeshed/Trikeshed/src/commonMain/kotlin/borg/trikeshed/net/ssh/SSHProtocol.kt:1290:41 Unresolved reference 'internalReceiveChannel'.
e: file:///Users/jim/work/v2superbikeshed/Trikeshed/src/commonMain/kotlin/borg/trikeshed/net/ssh/SSHProtocol.kt:1291:27 Cannot infer type for this parameter. Specify it explicitly.
e: file:///Users/jim/work/v2superbikeshed/Trikeshed/src/commonMain/kotlin/borg/trikeshed/net/ssh/SSHProtocol.kt:1298:61 Cannot infer type for this parameter. Specify it explicitly.
e: file:///Users/jim/work/v2superbikeshed/Trikeshed/src/commonMain/kotlin/borg/trikeshed/net/ssh/SSHProtocol.kt:1298:61 Unresolved reference. None of the following candidates is applicable because of a receiver type mismatch:
val <T> Join<Int, Function1<Int, T>>.size: Int
e: file:///Users/jim/work/v2superbikeshed/Trikeshed/src/commonMain/kotlin/borg/trikeshed/net/ssh/SSHProtocol.kt:1303:1 Syntax error: Expecting a top level declaration.
e: file:///Users/jim/work/v2superbikeshed/Trikeshed/src/commonMain/kotlin/borg/trikeshed/net/tls/TLS13Protocol.kt:195:25 Argument type mismatch: actual type is 'T? (of fun <T> Join<Int, Function1<Int, Join<Any?, TypeMemento>>>.get)', but 'Byte' was expected.
e: file:///Users/jim/work/v2superbikeshed/Trikeshed/src/commonMain/kotlin/borg/trikeshed/net/tls/TLS13Protocol.kt:195:25 Cannot infer type for this parameter. Specify it explicitly.
e: file:///Users/jim/work/v2superbikeshed/Trikeshed/src/commonMain/kotlin/borg/trikeshed/net/tls/TLS13Protocol.kt:195:25 Unresolved reference. None of the following candidates is applicable because of a receiver type mismatch:
fun <T> Join<Int, Function1<Int, Join<Any?, TypeMemento>>>.get(column: Column<T>): T?
e: file:///Users/jim/work/v2superbikeshed/Trikeshed/src/commonMain/kotlin/borg/trikeshed/net/tls/TLS13Protocol.kt:205:35 Argument type mismatch: actual type is 'T? (of fun <T> Join<Int, Function1<Int, Join<Any?, TypeMemento>>>.get)', but 'Byte' was expected.
e: file:///Users/jim/work/v2superbikeshed/Trikeshed/src/commonMain/kotlin/borg/trikeshed/net/tls/TLS13Protocol.kt:205:35 Cannot infer type for this parameter. Specify it explicitly.
e: file:///Users/jim/work/v2superbikeshed/Trikeshed/src/commonMain/kotlin/borg/trikeshed/net/tls/TLS13Protocol.kt:205:35 Unresolved reference. None of the following candidates is applicable because of a receiver type mismatch:
fun <T> Join<Int, Function1<Int, Join<Any?, TypeMemento>>>.get(column: Column<T>): T?
e: file:///Users/jim/work/v2superbikeshed/Trikeshed/src/commonMain/kotlin/borg/trikeshed/net/tls/TLS13Protocol.kt:207:19 Cannot infer type for this parameter. Specify it explicitly.
e: file:///Users/jim/work/v2superbikeshed/Trikeshed/src/commonMain/kotlin/borg/trikeshed/net/tls/TLS13Protocol.kt:207:19 Unresolved reference. None of the following candidates is applicable because of a receiver type mismatch:
fun <T> Join<Int, Function1<Int, Join<Any?, TypeMemento>>>.get(column: Column<T>): T?
e: file:///Users/jim/work/v2superbikeshed/Trikeshed/src/commonMain/kotlin/borg/trikeshed/net/tls/TLS13Protocol.kt:208:19 Cannot infer type for this parameter. Specify it explicitly.
e: file:///Users/jim/work/v2superbikeshed/Trikeshed/src/commonMain/kotlin/borg/trikeshed/net/tls/TLS13Protocol.kt:208:19 Unresolved reference. None of the following candidates is applicable because of a receiver type mismatch:
fun <T> Join<Int, Function1<Int, Join<Any?, TypeMemento>>>.get(column: Column<T>): T?
e: file:///Users/jim/work/v2superbikeshed/Trikeshed/src/commonMain/kotlin/borg/trikeshed/net/tls/TLS13Protocol.kt:210:27 Cannot infer type for this parameter. Specify it explicitly.
e: file:///Users/jim/work/v2superbikeshed/Trikeshed/src/commonMain/kotlin/borg/trikeshed/net/tls/TLS13Protocol.kt:210:27 Unresolved reference. None of the following candidates is applicable because of a receiver type mismatch:
fun <T> Join<Int, Function1<Int, Join<Any?, TypeMemento>>>.get(column: Column<T>): T?
e: file:///Users/jim/work/v2superbikeshed/Trikeshed/src/commonMain/kotlin/borg/trikeshed/net/tls/TLS13Protocol.kt:211:26 Cannot infer type for this parameter. Specify it explicitly.
e: file:///Users/jim/work/v2superbikeshed/Trikeshed/src/commonMain/kotlin/borg/trikeshed/net/tls/TLS13Protocol.kt:211:26 Unresolved reference. None of the following candidates is applicable because of a receiver type mismatch:
fun <T> Join<Int, Function1<Int, Join<Any?, TypeMemento>>>.get(column: Column<T>): T?
e: file:///Users/jim/work/v2superbikeshed/Trikeshed/src/commonMain/kotlin/borg/trikeshed/net/tls/TLS13Protocol.kt:215:35 Cannot infer type for this parameter. Specify it explicitly.
e: file:///Users/jim/work/v2superbikeshed/Trikeshed/src/commonMain/kotlin/borg/trikeshed/net/tls/TLS13Protocol.kt:215:49 Argument type mismatch: actual type is 'Join<Int, Function1<Int, Join<Any?, TypeMemento>>>', but 'Join<Int, Function1<Int, Byte>>' was expected.
e: file:///Users/jim/work/v2superbikeshed/Trikeshed/src/commonMain/kotlin/borg/trikeshed/net/tls/TLS13Protocol.kt:215:49 Cannot infer type for this parameter. Specify it explicitly.
e: file:///Users/jim/work/v2superbikeshed/Trikeshed/src/commonMain/kotlin/borg/trikeshed/net/tls/TLS13Protocol.kt:215:49 Unresolved reference. None of the following candidates is applicable because of a receiver type mismatch:
fun <T> Join<Int, Function1<Int, Join<Any?, TypeMemento>>>.get(column: Column<T>): T?
e: file:///Users/jim/work/v2superbikeshed/Trikeshed/src/commonMain/kotlin/borg/trikeshed/net/tls/TLS13Protocol.kt:242:25 Argument type mismatch: actual type is 'T? (of fun <T> Join<Int, Function1<Int, Join<Any?, TypeMemento>>>.get)', but 'Byte' was expected.
e: file:///Users/jim/work/v2superbikeshed/Trikeshed/src/commonMain/kotlin/borg/trikeshed/net/tls/TLS13Protocol.kt:242:25 Cannot infer type for this parameter. Specify it explicitly.
e: file:///Users/jim/work/v2superbikeshed/Trikeshed/src/commonMain/kotlin/borg/trikeshed/net/tls/TLS13Protocol.kt:242:25 Unresolved reference. None of the following candidates is applicable because of a receiver type mismatch:
fun <T> Join<Int, Function1<Int, Join<Any?, TypeMemento>>>.get(column: Column<T>): T?
e: file:///Users/jim/work/v2superbikeshed/Trikeshed/src/commonMain/kotlin/borg/trikeshed/net/tls/TLS13Protocol.kt:252:45 Argument type mismatch: actual type is 'T? (of fun <T> Join<Int, Function1<Int, Join<Any?, TypeMemento>>>.get)', but 'Byte' was expected.
e: file:///Users/jim/work/v2superbikeshed/Trikeshed/src/commonMain/kotlin/borg/trikeshed/net/tls/TLS13Protocol.kt:252:45 Cannot infer type for this parameter. Specify it explicitly.
e: file:///Users/jim/work/v2superbikeshed/Trikeshed/src/commonMain/kotlin/borg/trikeshed/net/tls/TLS13Protocol.kt:252:45 Unresolved reference. None of the following candidates is applicable because of a receiver type mismatch:
fun <T> Join<Int, Function1<Int, Join<Any?, TypeMemento>>>.get(column: Column<T>): T?
e: file:///Users/jim/work/v2superbikeshed/Trikeshed/src/commonMain/kotlin/borg/trikeshed/net/tls/TLS13Protocol.kt:253:28 Cannot infer type for this parameter. Specify it explicitly.
e: file:///Users/jim/work/v2superbikeshed/Trikeshed/src/commonMain/kotlin/borg/trikeshed/net/tls/TLS13Protocol.kt:253:28 Unresolved reference. None of the following candidates is applicable because of a receiver type mismatch:
fun <T> Join<Int, Function1<Int, Join<Any?, TypeMemento>>>.get(column: Column<T>): T?
e: file:///Users/jim/work/v2superbikeshed/Trikeshed/src/commonMain/kotlin/borg/trikeshed/net/tls/TLS13Protocol.kt:254:27 Cannot infer type for this parameter. Specify it explicitly.
e: file:///Users/jim/work/v2superbikeshed/Trikeshed/src/commonMain/kotlin/borg/trikeshed/net/tls/TLS13Protocol.kt:254:27 Unresolved reference. None of the following candidates is applicable because of a receiver type mismatch:
fun <T> Join<Int, Function1<Int, Join<Any?, TypeMemento>>>.get(column: Column<T>): T?
e: file:///Users/jim/work/v2superbikeshed/Trikeshed/src/commonMain/kotlin/borg/trikeshed/net/tls/TLS13Protocol.kt:255:26 Cannot infer type for this parameter. Specify it explicitly.
e: file:///Users/jim/work/v2superbikeshed/Trikeshed/src/commonMain/kotlin/borg/trikeshed/net/tls/TLS13Protocol.kt:255:26 Unresolved reference. None of the following candidates is applicable because of a receiver type mismatch:
fun <T> Join<Int, Function1<Int, Join<Any?, TypeMemento>>>.get(column: Column<T>): T?
e: file:///Users/jim/work/v2superbikeshed/Trikeshed/src/commonMain/kotlin/borg/trikeshed/net/tls/TLS13Protocol.kt:259:31 Cannot infer type for this parameter. Specify it explicitly.
e: file:///Users/jim/work/v2superbikeshed/Trikeshed/src/commonMain/kotlin/borg/trikeshed/net/tls/TLS13Protocol.kt:259:45 Argument type mismatch: actual type is 'Join<Int, Function1<Int, Join<Any?, TypeMemento>>>', but 'Join<Int, Function1<Int, Byte>>' was expected.
e: file:///Users/jim/work/v2superbikeshed/Trikeshed/src/commonMain/kotlin/borg/trikeshed/net/tls/TLS13Protocol.kt:259:45 Cannot infer type for this parameter. Specify it explicitly.
e: file:///Users/jim/work/v2superbikeshed/Trikeshed/src/commonMain/kotlin/borg/trikeshed/net/tls/TLS13Protocol.kt:259:45 Unresolved reference. None of the following candidates is applicable because of a receiver type mismatch:
fun <T> Join<Int, Function1<Int, Join<Any?, TypeMemento>>>.get(column: Column<T>): T?
e: file:///Users/jim/work/v2superbikeshed/Trikeshed/src/commonMain/kotlin/borg/trikeshed/net/tls/TLS13Protocol.kt:286:25 Argument type mismatch: actual type is 'T? (of fun <T> Join<Int, Function1<Int, Join<Any?, TypeMemento>>>.get)', but 'Byte' was expected.
e: file:///Users/jim/work/v2superbikeshed/Trikeshed/src/commonMain/kotlin/borg/trikeshed/net/tls/TLS13Protocol.kt:286:25 Cannot infer type for this parameter. Specify it explicitly.
e: file:///Users/jim/work/v2superbikeshed/Trikeshed/src/commonMain/kotlin/borg/trikeshed/net/tls/TLS13Protocol.kt:286:25 Unresolved reference. None of the following candidates is applicable because of a receiver type mismatch:
fun <T> Join<Int, Function1<Int, Join<Any?, TypeMemento>>>.get(column: Column<T>): T?
e: file:///Users/jim/work/v2superbikeshed/Trikeshed/src/commonMain/kotlin/borg/trikeshed/net/tls/TLS13Protocol.kt:313:22 Argument type mismatch: actual type is 'K (of fun <K> WHEN_CALL)', but 'Byte' was expected.
e: file:///Users/jim/work/v2superbikeshed/Trikeshed/src/commonMain/kotlin/borg/trikeshed/net/tls/TLS13Protocol.kt:313:40 Argument type mismatch: actual type is 'T? (of fun <T> Join<Int, Function1<Int, Join<Any?, TypeMemento>>>.get)', but 'K (of fun <K> WHEN_CALL)' was expected.
e: file:///Users/jim/work/v2superbikeshed/Trikeshed/src/commonMain/kotlin/borg/trikeshed/net/tls/TLS13Protocol.kt:313:40 Cannot infer type for this parameter. Specify it explicitly.
e: file:///Users/jim/work/v2superbikeshed/Trikeshed/src/commonMain/kotlin/borg/trikeshed/net/tls/TLS13Protocol.kt:313:40 Unresolved reference. None of the following candidates is applicable because of a receiver type mismatch:
fun <T> Join<Int, Function1<Int, Join<Any?, TypeMemento>>>.get(column: Column<T>): T?
e: file:///Users/jim/work/v2superbikeshed/Trikeshed/src/commonMain/kotlin/borg/trikeshed/net/tls/TLS13Protocol.kt:313:55 Argument type mismatch: actual type is 'Byte', but 'K (of fun <K> WHEN_CALL)' was expected.
e: file:///Users/jim/work/v2superbikeshed/Trikeshed/src/commonMain/kotlin/borg/trikeshed/net/tls/TLS13Protocol.kt:319:22 Argument type mismatch: actual type is 'T? (of fun <T> Join<Int, Function1<Int, Join<Any?, TypeMemento>>>.get)', but 'Byte' was expected.
e: file:///Users/jim/work/v2superbikeshed/Trikeshed/src/commonMain/kotlin/borg/trikeshed/net/tls/TLS13Protocol.kt:319:22 Cannot infer type for this parameter. Specify it explicitly.
e: file:///Users/jim/work/v2superbikeshed/Trikeshed/src/commonMain/kotlin/borg/trikeshed/net/tls/TLS13Protocol.kt:319:22 Unresolved reference. None of the following candidates is applicable because of a receiver type mismatch:
fun <T> Join<Int, Function1<Int, Join<Any?, TypeMemento>>>.get(column: Column<T>): T?
e: file:///Users/jim/work/v2superbikeshed/Trikeshed/src/commonMain/kotlin/borg/trikeshed/net/tls/TLS13Protocol.kt:327:25 Cannot infer type for this parameter. Specify it explicitly.
e: file:///Users/jim/work/v2superbikeshed/Trikeshed/src/commonMain/kotlin/borg/trikeshed/net/tls/TLS13Protocol.kt:327:25 Unresolved reference. None of the following candidates is applicable because of a receiver type mismatch:
fun <T> Join<Int, Function1<Int, Join<Any?, TypeMemento>>>.get(column: Column<T>): T?
e: file:///Users/jim/work/v2superbikeshed/Trikeshed/src/commonMain/kotlin/borg/trikeshed/net/tls/TLS13Protocol.kt:328:29 Unresolved reference 'value'.
e: file:///Users/jim/work/v2superbikeshed/Trikeshed/src/commonMain/kotlin/borg/trikeshed/net/tls/TLS13Protocol.kt:329:28 Unresolved reference 'value'.
e: file:///Users/jim/work/v2superbikeshed/Trikeshed/src/commonMain/kotlin/borg/trikeshed/net/tls/TLS13Protocol.kt:335:22 Argument type mismatch: actual type is 'T? (of fun <T> Join<Int, Function1<Int, Join<Any?, TypeMemento>>>.get)', but 'Byte' was expected.
e: file:///Users/jim/work/v2superbikeshed/Trikeshed/src/commonMain/kotlin/borg/trikeshed/net/tls/TLS13Protocol.kt:335:22 Cannot infer type for this parameter. Specify it explicitly.
e: file:///Users/jim/work/v2superbikeshed/Trikeshed/src/commonMain/kotlin/borg/trikeshed/net/tls/TLS13Protocol.kt:335:22 Unresolved reference. None of the following candidates is applicable because of a receiver type mismatch:
fun <T> Join<Int, Function1<Int, Join<Any?, TypeMemento>>>.get(column: Column<T>): T?
e: file:///Users/jim/work/v2superbikeshed/Trikeshed/src/commonMain/kotlin/borg/trikeshed/net/tls/TLS13Protocol.kt:341:27 Cannot infer type for this parameter. Specify it explicitly.
e: file:///Users/jim/work/v2superbikeshed/Trikeshed/src/commonMain/kotlin/borg/trikeshed/net/tls/TLS13Protocol.kt:341:27 Unresolved reference. None of the following candidates is applicable because of a receiver type mismatch:
fun <T> Join<Int, Function1<Int, Join<Any?, TypeMemento>>>.get(column: Column<T>): T?
e: file:///Users/jim/work/v2superbikeshed/Trikeshed/src/commonMain/kotlin/borg/trikeshed/net/tls/TLS13Protocol.kt:341:41 Unresolved reference 'encode'.
e: file:///Users/jim/work/v2superbikeshed/Trikeshed/src/commonMain/kotlin/borg/trikeshed/net/tls/TLS13Protocol.kt:343:39 Argument type mismatch: actual type is 'V? (of fun <K, V> Map<out K, V>.get)', but 'Byte' was expected.
e: file:///Users/jim/work/v2superbikeshed/Trikeshed/src/commonMain/kotlin/borg/trikeshed/net/tls/TLS13Protocol.kt:343:39 Cannot infer type for this parameter. Specify it explicitly.
e: file:///Users/jim/work/v2superbikeshed/Trikeshed/src/commonMain/kotlin/borg/trikeshed/net/tls/TLS13Protocol.kt:375:22 Argument type mismatch: actual type is 'K (of fun <K> WHEN_CALL)', but 'Byte' was expected.
e: file:///Users/jim/work/v2superbikeshed/Trikeshed/src/commonMain/kotlin/borg/trikeshed/net/tls/TLS13Protocol.kt:375:40 Argument type mismatch: actual type is 'T? (of fun <T> Join<Int, Function1<Int, Join<Any?, TypeMemento>>>.get)', but 'K (of fun <K> WHEN_CALL)' was expected.
e: file:///Users/jim/work/v2superbikeshed/Trikeshed/src/commonMain/kotlin/borg/trikeshed/net/tls/TLS13Protocol.kt:375:40 Cannot infer type for this parameter. Specify it explicitly.
e: file:///Users/jim/work/v2superbikeshed/Trikeshed/src/commonMain/kotlin/borg/trikeshed/net/tls/TLS13Protocol.kt:375:40 Unresolved reference. None of the following candidates is applicable because of a receiver type mismatch:
fun <T> Join<Int, Function1<Int, Join<Any?, TypeMemento>>>.get(column: Column<T>): T?
e: file:///Users/jim/work/v2superbikeshed/Trikeshed/src/commonMain/kotlin/borg/trikeshed/net/tls/TLS13Protocol.kt:375:55 Argument type mismatch: actual type is 'Byte', but 'K (of fun <K> WHEN_CALL)' was expected.
e: file:///Users/jim/work/v2superbikeshed/Trikeshed/src/commonMain/kotlin/borg/trikeshed/net/tls/TLS13Protocol.kt:381:22 Argument type mismatch: actual type is 'T? (of fun <T> Join<Int, Function1<Int, Join<Any?, TypeMemento>>>.get)', but 'Byte' was expected.
e: file:///Users/jim/work/v2superbikeshed/Trikeshed/src/commonMain/kotlin/borg/trikeshed/net/tls/TLS13Protocol.kt:381:22 Cannot infer type for this parameter. Specify it explicitly.
e: file:///Users/jim/work/v2superbikeshed/Trikeshed/src/commonMain/kotlin/borg/trikeshed/net/tls/TLS13Protocol.kt:381:22 Unresolved reference. None of the following candidates is applicable because of a receiver type mismatch:
fun <T> Join<Int, Function1<Int, Join<Any?, TypeMemento>>>.get(column: Column<T>): T?
e: file:///Users/jim/work/v2superbikeshed/Trikeshed/src/commonMain/kotlin/borg/trikeshed/net/tls/TLS13Protocol.kt:394:27 Cannot infer type for this parameter. Specify it explicitly.
e: file:///Users/jim/work/v2superbikeshed/Trikeshed/src/commonMain/kotlin/borg/trikeshed/net/tls/TLS13Protocol.kt:394:27 Unresolved reference. None of the following candidates is applicable because of a receiver type mismatch:
fun <T> Join<Int, Function1<Int, Join<Any?, TypeMemento>>>.get(column: Column<T>): T?
e: file:///Users/jim/work/v2superbikeshed/Trikeshed/src/commonMain/kotlin/borg/trikeshed/net/tls/TLS13Protocol.kt:394:41 Unresolved reference 'encode'.
e: file:///Users/jim/work/v2superbikeshed/Trikeshed/src/commonMain/kotlin/borg/trikeshed/net/tls/TLS13Protocol.kt:396:39 Argument type mismatch: actual type is 'V? (of fun <K, V> Map<out K, V>.get)', but 'Byte' was expected.
e: file:///Users/jim/work/v2superbikeshed/Trikeshed/src/commonMain/kotlin/borg/trikeshed/net/tls/TLS13Protocol.kt:396:39 Cannot infer type for this parameter. Specify it explicitly.
e: file:///Users/jim/work/v2superbikeshed/Trikeshed/src/commonMain/kotlin/borg/trikeshed/net/tls/TLS13Protocol.kt:532:30 Argument type mismatch: actual type is 'T? (of fun <T> Join<Int, Function1<Int, Join<Any?, TypeMemento>>>.get)', but 'Byte' was expected.
e: file:///Users/jim/work/v2superbikeshed/Trikeshed/src/commonMain/kotlin/borg/trikeshed/net/tls/TLS13Protocol.kt:532:30 Cannot infer type for this parameter. Specify it explicitly.
e: file:///Users/jim/work/v2superbikeshed/Trikeshed/src/commonMain/kotlin/borg/trikeshed/net/tls/TLS13Protocol.kt:532:30 Unresolved reference. None of the following candidates is applicable because of a receiver type mismatch:
fun <T> Join<Int, Function1<Int, Join<Any?, TypeMemento>>>.get(column: Column<T>): T?
e: file:///Users/jim/work/v2superbikeshed/Trikeshed/src/commonMain/kotlin/borg/trikeshed/net/tls/TLS13Protocol.kt:618:31 Cannot infer type for this parameter. Specify it explicitly.
e: file:///Users/jim/work/v2superbikeshed/Trikeshed/src/commonMain/kotlin/borg/trikeshed/net/tls/TLS13Protocol.kt:618:45 Argument type mismatch: actual type is 'Join<Int, Function1<Int, Join<Any?, TypeMemento>>>', but 'Join<Int, Function1<Int, Byte>>' was expected.
e: file:///Users/jim/work/v2superbikeshed/Trikeshed/src/commonMain/kotlin/borg/trikeshed/net/tls/TLS13Protocol.kt:618:45 Cannot infer type for this parameter. Specify it explicitly.
e: file:///Users/jim/work/v2superbikeshed/Trikeshed/src/commonMain/kotlin/borg/trikeshed/net/tls/TLS13Protocol.kt:618:45 Unresolved reference. None of the following candidates is applicable because of a receiver type mismatch:
fun <T> Join<Int, Function1<Int, Join<Any?, TypeMemento>>>.get(column: Column<T>): T?
e: file:///Users/jim/work/v2superbikeshed/Trikeshed/src/commonMain/kotlin/borg/trikeshed/net/tls/TLS13Protocol.kt:660:48 Cannot infer type for this parameter. Specify it explicitly.
e: file:///Users/jim/work/v2superbikeshed/Trikeshed/src/commonMain/kotlin/borg/trikeshed/net/tls/TLS13Protocol.kt:660:48 Not enough information to infer type argument for 'T'.
e: file:///Users/jim/work/v2superbikeshed/Trikeshed/src/commonMain/kotlin/borg/trikeshed/net/tls/TLS13Protocol.kt:660:53 Cannot infer type for this parameter. Specify it explicitly.
e: file:///Users/jim/work/v2superbikeshed/Trikeshed/src/commonMain/kotlin/borg/trikeshed/net/tls/TLS13Protocol.kt:660:53 Not enough information to infer type argument for 'T'.
e: file:///Users/jim/work/v2superbikeshed/Trikeshed/src/commonMain/kotlin/borg/trikeshed/net/tls/TLS13Protocol.kt:660:73 Cannot infer type for this parameter. Specify it explicitly.
e: file:///Users/jim/work/v2superbikeshed/Trikeshed/src/commonMain/kotlin/borg/trikeshed/net/tls/TLS13Protocol.kt:660:73 Not enough information to infer type argument for 'T'.
e: file:///Users/jim/work/v2superbikeshed/Trikeshed/src/commonMain/kotlin/borg/trikeshed/net/tls/TLS13Protocol.kt:660:79 Cannot infer type for this parameter. Specify it explicitly.
e: file:///Users/jim/work/v2superbikeshed/Trikeshed/src/commonMain/kotlin/borg/trikeshed/net/tls/TLS13Protocol.kt:660:79 Function 'component1()' is ambiguous for this expression: 
fun <T> Array<out T>.component1(): T
fun ByteArray.component1(): Byte
fun ShortArray.component1(): Short
fun IntArray.component1(): Int
fun LongArray.component1(): Long
fun FloatArray.component1(): Float
fun DoubleArray.component1(): Double
fun BooleanArray.component1(): Boolean
fun CharArray.component1(): Char
fun <T> List<T>.component1(): T
fun UIntArray.component1(): UInt
fun ULongArray.component1(): ULong
fun UByteArray.component1(): UByte
fun UShortArray.component1(): UShort
fun <K, V> Map.Entry<K, V>.component1(): K.
e: file:///Users/jim/work/v2superbikeshed/Trikeshed/src/commonMain/kotlin/borg/trikeshed/net/tls/TLS13Protocol.kt:660:79 Function 'component2()' is ambiguous for this expression: 
fun <T> Array<out T>.component2(): T
fun ByteArray.component2(): Byte
fun ShortArray.component2(): Short
fun IntArray.component2(): Int
fun LongArray.component2(): Long
fun FloatArray.component2(): Float
fun DoubleArray.component2(): Double
fun BooleanArray.component2(): Boolean
fun CharArray.component2(): Char
fun <T> List<T>.component2(): T
fun UIntArray.component2(): UInt
fun ULongArray.component2(): ULong
fun UByteArray.component2(): UByte
fun UShortArray.component2(): UShort
fun <K, V> Map.Entry<K, V>.component2(): V.
e: file:///Users/jim/work/v2superbikeshed/Trikeshed/src/commonMain/kotlin/borg/trikeshed/net/tls/TLS13Protocol.kt:670:31 Cannot infer type for this parameter. Specify it explicitly.
e: file:///Users/jim/work/v2superbikeshed/Trikeshed/src/commonMain/kotlin/borg/trikeshed/net/tls/TLS13Protocol.kt:670:31 Unresolved reference. None of the following candidates is applicable because of a receiver type mismatch:
fun <T> Join<Int, Function1<Int, Join<Any?, TypeMemento>>>.get(column: Column<T>): T?
e: file:///Users/jim/work/v2superbikeshed/Trikeshed/src/commonMain/kotlin/borg/trikeshed/net/tls/TLS13Protocol.kt:675:15 Cannot infer type for this parameter. Specify it explicitly.
e: file:///Users/jim/work/v2superbikeshed/Trikeshed/src/commonMain/kotlin/borg/trikeshed/net/tls/TLS13Protocol.kt:675:15 Unresolved reference. None of the following candidates is applicable because of a receiver type mismatch:
fun <T> Join<Int, Function1<Int, Join<Any?, TypeMemento>>>.get(column: Column<T>): T?
e: file:///Users/jim/work/v2superbikeshed/Trikeshed/src/commonMain/kotlin/borg/trikeshed/net/tls/TLS13Protocol.kt:676:14 Cannot infer type for this parameter. Specify it explicitly.
e: file:///Users/jim/work/v2superbikeshed/Trikeshed/src/commonMain/kotlin/borg/trikeshed/net/tls/TLS13Protocol.kt:676:14 Unresolved reference. None of the following candidates is applicable because of a receiver type mismatch:
fun <T> Join<Int, Function1<Int, Join<Any?, TypeMemento>>>.get(column: Column<T>): T?
e: file:///Users/jim/work/v2superbikeshed/Trikeshed/src/commonMain/kotlin/borg/trikeshed/net/tls/TLS13Protocol.kt:684:34 Cannot infer type for this parameter. Specify it explicitly.
e: file:///Users/jim/work/v2superbikeshed/Trikeshed/src/commonMain/kotlin/borg/trikeshed/net/tls/TLS13Protocol.kt:684:34 Unresolved reference. None of the following candidates is applicable because of a receiver type mismatch:
fun <T> Join<Int, Function1<Int, Join<Any?, TypeMemento>>>.get(column: Column<T>): T?
e: file:///Users/jim/work/v2superbikeshed/Trikeshed/src/commonMain/kotlin/borg/trikeshed/net/tls/TLS13Protocol.kt:685:31 Cannot infer type for this parameter. Specify it explicitly.
e: file:///Users/jim/work/v2superbikeshed/Trikeshed/src/commonMain/kotlin/borg/trikeshed/net/tls/TLS13Protocol.kt:685:31 Unresolved reference. None of the following candidates is applicable because of a receiver type mismatch:
fun <T> Join<Int, Function1<Int, Join<Any?, TypeMemento>>>.get(column: Column<T>): T?
e: file:///Users/jim/work/v2superbikeshed/Trikeshed/src/commonMain/kotlin/borg/trikeshed/net/tls/TLS13Protocol.kt:692:20 Cannot infer type for this parameter. Specify it explicitly.
e: file:///Users/jim/work/v2superbikeshed/Trikeshed/src/commonMain/kotlin/borg/trikeshed/net/tls/TLS13Protocol.kt:692:20 Unresolved reference. None of the following candidates is applicable because of a receiver type mismatch:
fun <T> Join<Int, Function1<Int, Join<Any?, TypeMemento>>>.get(column: Column<T>): T?
e: file:///Users/jim/work/v2superbikeshed/Trikeshed/src/commonMain/kotlin/borg/trikeshed/net/tls/TLS13Protocol.kt:693:18 Cannot infer type for this parameter. Specify it explicitly.
e: file:///Users/jim/work/v2superbikeshed/Trikeshed/src/commonMain/kotlin/borg/trikeshed/net/tls/TLS13Protocol.kt:693:18 Unresolved reference. None of the following candidates is applicable because of a receiver type mismatch:
fun <T> Join<Int, Function1<Int, Join<Any?, TypeMemento>>>.get(column: Column<T>): T?
e: file:///Users/jim/work/v2superbikeshed/Trikeshed/src/commonMain/kotlin/borg/trikeshed/net/tls/TLS13Protocol.kt:697:31 Cannot infer type for this parameter. Specify it explicitly.
e: file:///Users/jim/work/v2superbikeshed/Trikeshed/src/commonMain/kotlin/borg/trikeshed/net/tls/TLS13Protocol.kt:697:31 Unresolved reference. None of the following candidates is applicable because of a receiver type mismatch:
fun <T> Join<Int, Function1<Int, Join<Any?, TypeMemento>>>.get(column: Column<T>): T?
e: file:///Users/jim/work/v2superbikeshed/Trikeshed/src/commonMain/kotlin/borg/trikeshed/net/tls/TLS13Protocol.kt:698:28 Cannot infer type for this parameter. Specify it explicitly.
e: file:///Users/jim/work/v2superbikeshed/Trikeshed/src/commonMain/kotlin/borg/trikeshed/net/tls/TLS13Protocol.kt:698:28 Unresolved reference. None of the following candidates is applicable because of a receiver type mismatch:
fun <T> Join<Int, Function1<Int, Join<Any?, TypeMemento>>>.get(column: Column<T>): T?
e: file:///Users/jim/work/v2superbikeshed/Trikeshed/src/commonMain/kotlin/borg/trikeshed/net/tls/TLS13Protocol.kt:705:28 Cannot infer type for this parameter. Specify it explicitly.
e: file:///Users/jim/work/v2superbikeshed/Trikeshed/src/commonMain/kotlin/borg/trikeshed/net/tls/TLS13Protocol.kt:705:28 Unresolved reference. None of the following candidates is applicable because of a receiver type mismatch:
fun <T> Join<Int, Function1<Int, Join<Any?, TypeMemento>>>.get(column: Column<T>): T?
e: file:///Users/jim/work/v2superbikeshed/Trikeshed/src/commonMain/kotlin/borg/trikeshed/net/tls/TLS13Protocol.kt:706:26 Cannot infer type for this parameter. Specify it explicitly.
e: file:///Users/jim/work/v2superbikeshed/Trikeshed/src/commonMain/kotlin/borg/trikeshed/net/tls/TLS13Protocol.kt:706:26 Unresolved reference. None of the following candidates is applicable because of a receiver type mismatch:
fun <T> Join<Int, Function1<Int, Join<Any?, TypeMemento>>>.get(column: Column<T>): T?
e: file:///Users/jim/work/v2superbikeshed/Trikeshed/src/commonMain/kotlin/borg/trikeshed/net/tls/TLS13Protocol.kt:710:47 Cannot infer type for this parameter. Specify it explicitly.
e: file:///Users/jim/work/v2superbikeshed/Trikeshed/src/commonMain/kotlin/borg/trikeshed/net/tls/TLS13Protocol.kt:710:47 Unresolved reference. None of the following candidates is applicable because of a receiver type mismatch:
fun <T> Join<Int, Function1<Int, Join<Any?, TypeMemento>>>.get(column: Column<T>): T?
e: file:///Users/jim/work/v2superbikeshed/Trikeshed/src/commonMain/kotlin/borg/trikeshed/net/tls/TLS13Protocol.kt:711:44 Cannot infer type for this parameter. Specify it explicitly.
e: file:///Users/jim/work/v2superbikeshed/Trikeshed/src/commonMain/kotlin/borg/trikeshed/net/tls/TLS13Protocol.kt:711:44 Unresolved reference. None of the following candidates is applicable because of a receiver type mismatch:
fun <T> Join<Int, Function1<Int, Join<Any?, TypeMemento>>>.get(column: Column<T>): T?
e: file:///Users/jim/work/v2superbikeshed/Trikeshed/src/commonMain/kotlin/borg/trikeshed/net/tls/TLS13Protocol.kt:714:61 Cannot infer type for this parameter. Specify it explicitly.
e: file:///Users/jim/work/v2superbikeshed/Trikeshed/src/commonMain/kotlin/borg/trikeshed/net/tls/TLS13Protocol.kt:714:75 Argument type mismatch: actual type is 'Join<Int, Function1<Int, Join<Any?, TypeMemento>>>', but 'Join<Int, Function1<Int, Byte>>' was expected.
e: file:///Users/jim/work/v2superbikeshed/Trikeshed/src/commonMain/kotlin/borg/trikeshed/net/tls/TLS13Protocol.kt:714:75 Cannot infer type for this parameter. Specify it explicitly.
e: file:///Users/jim/work/v2superbikeshed/Trikeshed/src/commonMain/kotlin/borg/trikeshed/net/tls/TLS13Protocol.kt:714:75 Unresolved reference. None of the following candidates is applicable because of a receiver type mismatch:
fun <T> Join<Int, Function1<Int, Join<Any?, TypeMemento>>>.get(column: Column<T>): T?
e: file:///Users/jim/work/v2superbikeshed/Trikeshed/src/commonMain/kotlin/borg/trikeshed/net/tls/TLS13Protocol.kt:836:32 Argument type mismatch: actual type is 'T? (of fun <T> Join<Int, Function1<Int, Join<Any?, TypeMemento>>>.get)', but 'Byte' was expected.
e: file:///Users/jim/work/v2superbikeshed/Trikeshed/src/commonMain/kotlin/borg/trikeshed/net/tls/TLS13Protocol.kt:836:32 Cannot infer type for this parameter. Specify it explicitly.
e: file:///Users/jim/work/v2superbikeshed/Trikeshed/src/commonMain/kotlin/borg/trikeshed/net/tls/TLS13Protocol.kt:836:32 Unresolved reference. None of the following candidates is applicable because of a receiver type mismatch:
fun <T> Join<Int, Function1<Int, Join<Any?, TypeMemento>>>.get(column: Column<T>): T?
e: file:///Users/jim/work/v2superbikeshed/Trikeshed/src/commonMain/kotlin/borg/trikeshed/net/tls/TLS13Protocol.kt:909:22 Argument type mismatch: actual type is 'T? (of fun <T> Join<Int, Function1<Int, Join<Any?, TypeMemento>>>.get)', but 'Byte' was expected.
e: file:///Users/jim/work/v2superbikeshed/Trikeshed/src/commonMain/kotlin/borg/trikeshed/net/tls/TLS13Protocol.kt:909:22 Cannot infer type for this parameter. Specify it explicitly.
e: file:///Users/jim/work/v2superbikeshed/Trikeshed/src/commonMain/kotlin/borg/trikeshed/net/tls/TLS13Protocol.kt:909:22 Unresolved reference. None of the following candidates is applicable because of a receiver type mismatch:
fun <T> Join<Int, Function1<Int, Join<Any?, TypeMemento>>>.get(column: Column<T>): T?
e: file:///Users/jim/work/v2superbikeshed/Trikeshed/src/commonMain/kotlin/borg/trikeshed/net/tls/TLS13Protocol.kt:916:22 Argument type mismatch: actual type is 'T? (of fun <T> Join<Int, Function1<Int, Join<Any?, TypeMemento>>>.get)', but 'Byte' was expected.
e: file:///Users/jim/work/v2superbikeshed/Trikeshed/src/commonMain/kotlin/borg/trikeshed/net/tls/TLS13Protocol.kt:916:22 Cannot infer type for this parameter. Specify it explicitly.
e: file:///Users/jim/work/v2superbikeshed/Trikeshed/src/commonMain/kotlin/borg/trikeshed/net/tls/TLS13Protocol.kt:916:22 Unresolved reference. None of the following candidates is applicable because of a receiver type mismatch:
fun <T> Join<Int, Function1<Int, Join<Any?, TypeMemento>>>.get(column: Column<T>): T?
e: file:///Users/jim/work/v2superbikeshed/Trikeshed/src/commonMain/kotlin/borg/trikeshed/net/tls/TLS13Protocol.kt:922:27 Cannot infer type for this parameter. Specify it explicitly.
e: file:///Users/jim/work/v2superbikeshed/Trikeshed/src/commonMain/kotlin/borg/trikeshed/net/tls/TLS13Protocol.kt:922:27 Unresolved reference. None of the following candidates is applicable because of a receiver type mismatch:
fun <T> Join<Int, Function1<Int, Join<Any?, TypeMemento>>>.get(column: Column<T>): T?
e: file:///Users/jim/work/v2superbikeshed/Trikeshed/src/commonMain/kotlin/borg/trikeshed/net/tls/TLS13Protocol.kt:922:41 Unresolved reference 'encode'.
e: file:///Users/jim/work/v2superbikeshed/Trikeshed/src/commonMain/kotlin/borg/trikeshed/net/tls/TLS13Protocol.kt:924:39 Argument type mismatch: actual type is 'V? (of fun <K, V> Map<out K, V>.get)', but 'Byte' was expected.
e: file:///Users/jim/work/v2superbikeshed/Trikeshed/src/commonMain/kotlin/borg/trikeshed/net/tls/TLS13Protocol.kt:924:39 Cannot infer type for this parameter. Specify it explicitly.
e: file:///Users/jim/work/v2superbikeshed/Trikeshed/src/commonMain/kotlin/borg/trikeshed/nio/spi/SimpleNioDemo.kt:12:24 Unresolved reference 'JvmNioProvider'.
e: file:///Users/jim/work/v2superbikeshed/Trikeshed/src/commonMain/kotlin/borg/trikeshed/parse/BashBracePacker.kt:24:39 Cannot infer type for this parameter. Specify it explicitly.
e: file:///Users/jim/work/v2superbikeshed/Trikeshed/src/commonMain/kotlin/borg/trikeshed/parse/BashBracePacker.kt:24:39 Unresolved reference. None of the following candidates is applicable because of a receiver type mismatch:
fun <T> Join<Int, Function1<Int, Join<Any?, TypeMemento>>>.get(column: Column<T>): T?
e: file:///Users/jim/work/v2superbikeshed/Trikeshed/src/commonMain/kotlin/borg/trikeshed/parse/Parser.kt:26:33 Cannot infer type for this parameter. Specify it explicitly.
e: file:///Users/jim/work/v2superbikeshed/Trikeshed/src/commonMain/kotlin/borg/trikeshed/parse/Parser.kt:26:33 Unresolved reference. None of the following candidates is applicable because of a receiver type mismatch:
fun <T> Join<Int, Function1<Int, Join<Any?, TypeMemento>>>.get(column: Column<T>): T?
e: file:///Users/jim/work/v2superbikeshed/Trikeshed/src/commonMain/kotlin/borg/trikeshed/parse/Parser.kt:27:31 Unresolved reference 'type'.
e: file:///Users/jim/work/v2superbikeshed/Trikeshed/src/commonMain/kotlin/borg/trikeshed/parse/Parser.kt:28:74 Argument type mismatch: actual type is 'Token?', but 'Token' was expected.
e: file:///Users/jim/work/v2superbikeshed/Trikeshed/src/commonMain/kotlin/borg/trikeshed/parse/Parser.kt:28:74 Unresolved reference. None of the following candidates is applicable because of a receiver type mismatch:
fun <T> Join<Int, Function1<Int, Join<Any?, TypeMemento>>>.get(column: Column<T>): T?
e: file:///Users/jim/work/v2superbikeshed/Trikeshed/src/commonMain/kotlin/borg/trikeshed/parse/Parser.kt:73:33 None of the following candidates is applicable:
fun ByteArray.toIdx(): Join<Int, Function1<Int, Byte>>
fun IntArray.toIdx(): Join<Int, Function1<Int, Int>>
e: file:///Users/jim/work/v2superbikeshed/Trikeshed/src/commonMain/kotlin/borg/trikeshed/parse/Parser.kt:94:29 Cannot infer type for this parameter. Specify it explicitly.
e: file:///Users/jim/work/v2superbikeshed/Trikeshed/src/commonMain/kotlin/borg/trikeshed/parse/Parser.kt:94:29 Unresolved reference. None of the following candidates is applicable because of a receiver type mismatch:
fun <T> Join<Int, Function1<Int, Join<Any?, TypeMemento>>>.get(column: Column<T>): T?
e: file:///Users/jim/work/v2superbikeshed/Trikeshed/src/commonMain/kotlin/borg/trikeshed/parse/Parser.kt:95:27 Unresolved reference 'type'.
e: file:///Users/jim/work/v2superbikeshed/Trikeshed/src/commonMain/kotlin/borg/trikeshed/parse/Parser.kt:96:39 Unresolved reference 'literal'.
e: file:///Users/jim/work/v2superbikeshed/Trikeshed/src/commonMain/kotlin/borg/trikeshed/parse/Parser.kt:96:78 Argument type mismatch: actual type is 'Token?', but 'Token' was expected.
e: file:///Users/jim/work/v2superbikeshed/Trikeshed/src/commonMain/kotlin/borg/trikeshed/parse/Parser.kt:96:78 Unresolved reference. None of the following candidates is applicable because of a receiver type mismatch:
fun <T> Join<Int, Function1<Int, Join<Any?, TypeMemento>>>.get(column: Column<T>): T?
e: file:///Users/jim/work/v2superbikeshed/Trikeshed/src/commonMain/kotlin/borg/trikeshed/parse/Parser.kt:123:69 None of the following candidates is applicable:
fun ByteArray.toIdx(): Join<Int, Function1<Int, Byte>>
fun IntArray.toIdx(): Join<Int, Function1<Int, Int>>
e: file:///Users/jim/work/v2superbikeshed/Trikeshed/src/commonMain/kotlin/borg/trikeshed/parse/Parser.kt:130:69 None of the following candidates is applicable:
fun ByteArray.toIdx(): Join<Int, Function1<Int, Byte>>
fun IntArray.toIdx(): Join<Int, Function1<Int, Int>>
e: file:///Users/jim/work/v2superbikeshed/Trikeshed/src/commonMain/kotlin/borg/trikeshed/parse/Parser.kt:151:66 None of the following candidates is applicable:
fun ByteArray.toIdx(): Join<Int, Function1<Int, Byte>>
fun IntArray.toIdx(): Join<Int, Function1<Int, Int>>
e: file:///Users/jim/work/v2superbikeshed/Trikeshed/src/commonMain/kotlin/borg/trikeshed/parse/Parser.kt:171:30 Overload resolution ambiguity between candidates:
fun <X, C, V : Join<Int, Function1<Int, X>>> V.α(crossinline xform: (X) -> C): Join<Int, Function1<Int, C>>
fun <X, C, V : Join<Int, Function1<Int, X>>> V.α(crossinline xform: (X) -> C): Join<Int, Function1<Int, C>>
e: file:///Users/jim/work/v2superbikeshed/Trikeshed/src/commonMain/kotlin/borg/trikeshed/parse/Parser.kt:171:40 Unresolved reference 'it'.
e: file:///Users/jim/work/v2superbikeshed/Trikeshed/src/commonMain/kotlin/borg/trikeshed/parse/Parser.kt:184:55 None of the following candidates is applicable:
fun ByteArray.toIdx(): Join<Int, Function1<Int, Byte>>
fun IntArray.toIdx(): Join<Int, Function1<Int, Int>>
e: file:///Users/jim/work/v2superbikeshed/Trikeshed/src/commonMain/kotlin/borg/trikeshed/parse/bbcursive/Allocator.kt:5:27 Unresolved reference 'lim'.
e: file:///Users/jim/work/v2superbikeshed/Trikeshed/src/commonMain/kotlin/borg/trikeshed/parse/bbcursive/Allocator.kt:6:27 Unresolved reference 'pos'.
e: file:///Users/jim/work/v2superbikeshed/Trikeshed/src/commonMain/kotlin/borg/trikeshed/parse/bbcursive/Allocator.kt:8:27 Unresolved reference 'duplicate'.
e: file:///Users/jim/work/v2superbikeshed/Trikeshed/src/commonMain/kotlin/borg/trikeshed/parse/bbcursive/Allocator.kt:9:27 Unresolved reference 'put'.
e: file:///Users/jim/work/v2superbikeshed/Trikeshed/src/commonMain/kotlin/borg/trikeshed/parse/bbcursive/Allocator.kt:10:27 Unresolved reference 'rew'.
e: file:///Users/jim/work/v2superbikeshed/Trikeshed/src/commonMain/kotlin/borg/trikeshed/parse/bbcursive/Allocator.kt:23:35 Unresolved reference 'Runtime'.
e: file:///Users/jim/work/v2superbikeshed/Trikeshed/src/commonMain/kotlin/borg/trikeshed/parse/bbcursive/Allocator.kt:26:71 Overload resolution ambiguity between candidates:
fun ByteArray.toIndexed(): Join<Int, Function1<Int, Byte>>
fun <T> Any.toIndexed(): Join<Int, Function1<Int, T>>
fun ByteArray.toIndexed(): Join<Int, Function1<Int, Byte>>
e: file:///Users/jim/work/v2superbikeshed/Trikeshed/src/commonMain/kotlin/borg/trikeshed/parse/bbcursive/Allocator.kt:26:84 Unresolved reference 'ro'.
e: file:///Users/jim/work/v2superbikeshed/Trikeshed/src/commonMain/kotlin/borg/trikeshed/parse/bbcursive/Allocator.kt:43:60 Overload resolution ambiguity between candidates:
fun ByteArray.toIndexed(): Join<Int, Function1<Int, Byte>>
fun <T> Any.toIndexed(): Join<Int, Function1<Int, T>>
fun ByteArray.toIndexed(): Join<Int, Function1<Int, Byte>>
e: file:///Users/jim/work/v2superbikeshed/Trikeshed/src/commonMain/kotlin/borg/trikeshed/parse/bbcursive/Allocator.kt:43:73 Unresolved reference 'lim'.
e: file:///Users/jim/work/v2superbikeshed/Trikeshed/src/commonMain/kotlin/borg/trikeshed/parse/bbcursive/Allocator.kt:46:17 Unresolved reference 'System'.
e: file:///Users/jim/work/v2superbikeshed/Trikeshed/src/commonMain/kotlin/borg/trikeshed/parse/bbcursive/Allocator.kt:50:24 Unresolved reference 'Math'.
e: file:///Users/jim/work/v2superbikeshed/Trikeshed/src/commonMain/kotlin/borg/trikeshed/parse/bbcursive/Allocator.kt:51:17 Unresolved reference 'System'.
e: file:///Users/jim/work/v2superbikeshed/Trikeshed/src/commonMain/kotlin/borg/trikeshed/parse/bbcursive/Allocator.kt:52:25 Unresolved reference 'OutOfMemoryError'.
e: file:///Users/jim/work/v2superbikeshed/Trikeshed/src/commonMain/kotlin/borg/trikeshed/parse/bbcursive/Allocator.kt:53:24 Unresolved reference 'Math'.
e: file:///Users/jim/work/v2superbikeshed/Trikeshed/src/commonMain/kotlin/borg/trikeshed/parse/bbcursive/Allocator.kt:54:17 Unresolved reference 'System'.
e: file:///Users/jim/work/v2superbikeshed/Trikeshed/src/commonMain/kotlin/borg/trikeshed/parse/bbcursive/Allocator.kt:69:60 Overload resolution ambiguity between candidates:
fun ByteArray.toIndexed(): Join<Int, Function1<Int, Byte>>
fun <T> Any.toIndexed(): Join<Int, Function1<Int, T>>
fun ByteArray.toIndexed(): Join<Int, Function1<Int, Byte>>
e: file:///Users/jim/work/v2superbikeshed/Trikeshed/src/commonMain/kotlin/borg/trikeshed/parse/bbcursive/Allocator.kt:69:73 Unresolved reference 'lim'.
e: file:///Users/jim/work/v2superbikeshed/Trikeshed/src/commonMain/kotlin/borg/trikeshed/parse/bbcursive/Allocator.kt:72:17 Unresolved reference 'System'.
e: file:///Users/jim/work/v2superbikeshed/Trikeshed/src/commonMain/kotlin/borg/trikeshed/parse/bbcursive/Allocator.kt:76:24 Unresolved reference 'Math'.
e: file:///Users/jim/work/v2superbikeshed/Trikeshed/src/commonMain/kotlin/borg/trikeshed/parse/bbcursive/Allocator.kt:77:17 Unresolved reference 'System'.
e: file:///Users/jim/work/v2superbikeshed/Trikeshed/src/commonMain/kotlin/borg/trikeshed/parse/bbcursive/Allocator.kt:78:25 Unresolved reference 'OutOfMemoryError'.
e: file:///Users/jim/work/v2superbikeshed/Trikeshed/src/commonMain/kotlin/borg/trikeshed/parse/bbcursive/Allocator.kt:79:24 Unresolved reference 'Math'.
e: file:///Users/jim/work/v2superbikeshed/Trikeshed/src/commonMain/kotlin/borg/trikeshed/parse/bbcursive/Allocator.kt:80:17 Unresolved reference 'System'.
e: file:///Users/jim/work/v2superbikeshed/Trikeshed/src/commonMain/kotlin/borg/trikeshed/parse/bbcursive/Allocator.kt:92:38 No value passed for parameter 'range'.
e: file:///Users/jim/work/v2superbikeshed/Trikeshed/src/commonMain/kotlin/borg/trikeshed/parse/bbcursive/Allocator.kt:92:41 Unresolved reference 'lim'.
e: file:///Users/jim/work/v2superbikeshed/Trikeshed/src/commonMain/kotlin/borg/trikeshed/parse/bbcursive/Cursive.kt:6:27 Unresolved reference 'pos'.
e: file:///Users/jim/work/v2superbikeshed/Trikeshed/src/commonMain/kotlin/borg/trikeshed/parse/bbcursive/Cursive.kt:7:27 Unresolved reference 'rem'.
e: file:///Users/jim/work/v2superbikeshed/Trikeshed/src/commonMain/kotlin/borg/trikeshed/parse/bbcursive/Cursive.kt:8:27 Unresolved reference 'rew'.
e: file:///Users/jim/work/v2superbikeshed/Trikeshed/src/commonMain/kotlin/borg/trikeshed/parse/bbcursive/Cursive.kt:15:1 Functional interface must have exactly one abstract function.
e: file:///Users/jim/work/v2superbikeshed/Trikeshed/src/commonMain/kotlin/borg/trikeshed/parse/bbcursive/Cursive.kt:15:25 Unresolved reference 'UnaryOperator'.
e: file:///Users/jim/work/v2superbikeshed/Trikeshed/src/commonMain/kotlin/borg/trikeshed/parse/bbcursive/Cursive.kt:18:13 'invoke' overrides nothing.
e: file:///Users/jim/work/v2superbikeshed/Trikeshed/src/commonMain/kotlin/borg/trikeshed/parse/bbcursive/Cursive.kt:18:88 Unresolved reference 'duplicate'.
e: file:///Users/jim/work/v2superbikeshed/Trikeshed/src/commonMain/kotlin/borg/trikeshed/parse/bbcursive/Cursive.kt:21:13 'invoke' overrides nothing.
e: file:///Users/jim/work/v2superbikeshed/Trikeshed/src/commonMain/kotlin/borg/trikeshed/parse/bbcursive/Cursive.kt:24:13 'invoke' overrides nothing.
e: file:///Users/jim/work/v2superbikeshed/Trikeshed/src/commonMain/kotlin/borg/trikeshed/parse/bbcursive/Cursive.kt:24:88 None of the following candidates is applicable:
fun <T> Array<out T>.slice(indices: IntRange): List<T>
fun ByteArray.slice(indices: IntRange): List<Byte>
fun ShortArray.slice(indices: IntRange): List<Short>
fun IntArray.slice(indices: IntRange): List<Int>
fun LongArray.slice(indices: IntRange): List<Long>
fun FloatArray.slice(indices: IntRange): List<Float>
fun DoubleArray.slice(indices: IntRange): List<Double>
fun BooleanArray.slice(indices: IntRange): List<Boolean>
fun CharArray.slice(indices: IntRange): List<Char>
fun <T> Array<out T>.slice(indices: Iterable<Int>): List<T>
fun ByteArray.slice(indices: Iterable<Int>): List<Byte>
fun ShortArray.slice(indices: Iterable<Int>): List<Short>
fun IntArray.slice(indices: Iterable<Int>): List<Int>
fun LongArray.slice(indices: Iterable<Int>): List<Long>
fun FloatArray.slice(indices: Iterable<Int>): List<Float>
fun DoubleArray.slice(indices: Iterable<Int>): List<Double>
fun BooleanArray.slice(indices: Iterable<Int>): List<Boolean>
fun CharArray.slice(indices: Iterable<Int>): List<Char>
fun <T> List<T>.slice(indices: IntRange): List<T>
fun <T> List<T>.slice(indices: Iterable<Int>): List<T>
fun UIntArray.slice(indices: IntRange): List<UInt>
fun ULongArray.slice(indices: IntRange): List<ULong>
fun UByteArray.slice(indices: IntRange): List<UByte>
fun UShortArray.slice(indices: IntRange): List<UShort>
fun UIntArray.slice(indices: Iterable<Int>): List<UInt>
fun ULongArray.slice(indices: Iterable<Int>): List<ULong>
fun UByteArray.slice(indices: Iterable<Int>): List<UByte>
fun UShortArray.slice(indices: Iterable<Int>): List<UShort>
fun CharSequence.slice(indices: IntRange): CharSequence
fun String.slice(indices: IntRange): String
fun CharSequence.slice(indices: Iterable<Int>): CharSequence
fun String.slice(indices: Iterable<Int>): String
e: file:///Users/jim/work/v2superbikeshed/Trikeshed/src/commonMain/kotlin/borg/trikeshed/parse/bbcursive/Cursive.kt:27:13 'invoke' overrides nothing.
e: file:///Users/jim/work/v2superbikeshed/Trikeshed/src/commonMain/kotlin/borg/trikeshed/parse/bbcursive/Cursive.kt:30:13 'invoke' overrides nothing.
e: file:///Users/jim/work/v2superbikeshed/Trikeshed/src/commonMain/kotlin/borg/trikeshed/parse/bbcursive/Cursive.kt:30:88 Cannot infer type for this parameter. Specify it explicitly.
e: file:///Users/jim/work/v2superbikeshed/Trikeshed/src/commonMain/kotlin/borg/trikeshed/parse/bbcursive/Cursive.kt:30:91 No value passed for parameter 'value'.
e: file:///Users/jim/work/v2superbikeshed/Trikeshed/src/commonMain/kotlin/borg/trikeshed/parse/bbcursive/Cursive.kt:36:13 'invoke' overrides nothing.
e: file:///Users/jim/work/v2superbikeshed/Trikeshed/src/commonMain/kotlin/borg/trikeshed/parse/bbcursive/Cursive.kt:36:88 Cannot infer type for this parameter. Specify it explicitly.
e: file:///Users/jim/work/v2superbikeshed/Trikeshed/src/commonMain/kotlin/borg/trikeshed/parse/bbcursive/Cursive.kt:36:91 No value passed for parameter 'value'.
e: file:///Users/jim/work/v2superbikeshed/Trikeshed/src/commonMain/kotlin/borg/trikeshed/parse/bbcursive/Cursive.kt:42:13 'invoke' overrides nothing.
e: file:///Users/jim/work/v2superbikeshed/Trikeshed/src/commonMain/kotlin/borg/trikeshed/parse/bbcursive/Cursive.kt:43:17 Unresolved reference 'System'.
e: file:///Users/jim/work/v2superbikeshed/Trikeshed/src/commonMain/kotlin/borg/trikeshed/parse/bbcursive/Cursive.kt:48:13 'invoke' overrides nothing.
e: file:///Users/jim/work/v2superbikeshed/Trikeshed/src/commonMain/kotlin/borg/trikeshed/parse/bbcursive/Cursive.kt:48:88 Unresolved reference 'ro'.
e: file:///Users/jim/work/v2superbikeshed/Trikeshed/src/commonMain/kotlin/borg/trikeshed/parse/bbcursive/Cursive.kt:57:13 'invoke' overrides nothing.
e: file:///Users/jim/work/v2superbikeshed/Trikeshed/src/commonMain/kotlin/borg/trikeshed/parse/bbcursive/Cursive.kt:59:54 Cannot infer type for this parameter. Specify it explicitly.
e: file:///Users/jim/work/v2superbikeshed/Trikeshed/src/commonMain/kotlin/borg/trikeshed/parse/bbcursive/Cursive.kt:59:57 No value passed for parameter 'column'.
e: file:///Users/jim/work/v2superbikeshed/Trikeshed/src/commonMain/kotlin/borg/trikeshed/parse/bbcursive/Cursive.kt:64:28 Suspend function 'suspend fun bb(b: ByteIndexedBuffer, vararg ops: ERROR CLASS: Symbol not found for UnaryOperator): ByteIndexedBuffer?' can only be called from a coroutine or another suspend function.
e: file:///Users/jim/work/v2superbikeshed/Trikeshed/src/commonMain/kotlin/borg/trikeshed/parse/bbcursive/Cursive.kt:68:13 'invoke' overrides nothing.
e: file:///Users/jim/work/v2superbikeshed/Trikeshed/src/commonMain/kotlin/borg/trikeshed/parse/bbcursive/Cursive.kt:71:13 'invoke' overrides nothing.
e: file:///Users/jim/work/v2superbikeshed/Trikeshed/src/commonMain/kotlin/borg/trikeshed/parse/bbcursive/Cursive.kt:72:55 Cannot infer type for this parameter. Specify it explicitly.
e: file:///Users/jim/work/v2superbikeshed/Trikeshed/src/commonMain/kotlin/borg/trikeshed/parse/bbcursive/Cursive.kt:72:58 No value passed for parameter 'column'.
e: file:///Users/jim/work/v2superbikeshed/Trikeshed/src/commonMain/kotlin/borg/trikeshed/parse/bbcursive/Cursive.kt:81:13 'invoke' overrides nothing.
e: file:///Users/jim/work/v2superbikeshed/Trikeshed/src/commonMain/kotlin/borg/trikeshed/parse/bbcursive/Cursive.kt:82:62 Cannot infer type for this parameter. Specify it explicitly.
e: file:///Users/jim/work/v2superbikeshed/Trikeshed/src/commonMain/kotlin/borg/trikeshed/parse/bbcursive/Cursive.kt:82:65 No value passed for parameter 'column'.
e: file:///Users/jim/work/v2superbikeshed/Trikeshed/src/commonMain/kotlin/borg/trikeshed/parse/bbcursive/Cursive.kt:91:13 'invoke' overrides nothing.
e: file:///Users/jim/work/v2superbikeshed/Trikeshed/src/commonMain/kotlin/borg/trikeshed/parse/bbcursive/Cursive.kt:92:62 Cannot infer type for this parameter. Specify it explicitly.
e: file:///Users/jim/work/v2superbikeshed/Trikeshed/src/commonMain/kotlin/borg/trikeshed/parse/bbcursive/Cursive.kt:92:65 No value passed for parameter 'column'.
e: file:///Users/jim/work/v2superbikeshed/Trikeshed/src/commonMain/kotlin/borg/trikeshed/parse/bbcursive/Cursive.kt:97:13 'invoke' overrides nothing.
e: file:///Users/jim/work/v2superbikeshed/Trikeshed/src/commonMain/kotlin/borg/trikeshed/parse/bbcursive/Cursive.kt:103:13 'invoke' overrides nothing.
e: file:///Users/jim/work/v2superbikeshed/Trikeshed/src/commonMain/kotlin/borg/trikeshed/parse/bbcursive/Cursive.kt:109:13 'invoke' overrides nothing.
e: file:///Users/jim/work/v2superbikeshed/Trikeshed/src/commonMain/kotlin/borg/trikeshed/parse/bbcursive/Cursive.kt:116:13 'invoke' overrides nothing.
e: file:///Users/jim/work/v2superbikeshed/Trikeshed/src/commonMain/kotlin/borg/trikeshed/parse/bbcursive/Cursive.kt:119:13 'invoke' overrides nothing.
e: file:///Users/jim/work/v2superbikeshed/Trikeshed/src/commonMain/kotlin/borg/trikeshed/parse/bbcursive/Cursive.kt:120:47 Unresolved reference 'Character'.
e: file:///Users/jim/work/v2superbikeshed/Trikeshed/src/commonMain/kotlin/borg/trikeshed/parse/bbcursive/Cursive.kt:120:72 Cannot infer type for this parameter. Specify it explicitly.
e: file:///Users/jim/work/v2superbikeshed/Trikeshed/src/commonMain/kotlin/borg/trikeshed/parse/bbcursive/Cursive.kt:120:75 No value passed for parameter 'column'.
e: file:///Users/jim/work/v2superbikeshed/Trikeshed/src/commonMain/kotlin/borg/trikeshed/parse/bbcursive/Cursive.kt:129:13 'invoke' overrides nothing.
e: file:///Users/jim/work/v2superbikeshed/Trikeshed/src/commonMain/kotlin/borg/trikeshed/parse/bbcursive/Cursive.kt:129:88 Unresolved reference 'compact'.
e: file:///Users/jim/work/v2superbikeshed/Trikeshed/src/commonMain/kotlin/borg/trikeshed/parse/bbcursive/Cursive.kt:132:13 'invoke' overrides nothing.
e: file:///Users/jim/work/v2superbikeshed/Trikeshed/src/commonMain/kotlin/borg/trikeshed/parse/bbcursive/Cursive.kt:132:88 Cannot infer type for this parameter. Specify it explicitly.
e: file:///Users/jim/work/v2superbikeshed/Trikeshed/src/commonMain/kotlin/borg/trikeshed/parse/bbcursive/Cursive.kt:132:91 No value passed for parameter 'value'.
e: file:///Users/jim/work/v2superbikeshed/Trikeshed/src/commonMain/kotlin/borg/trikeshed/parse/bbcursive/Cursive.kt:135:13 'invoke' overrides nothing.
e: file:///Users/jim/work/v2superbikeshed/Trikeshed/src/commonMain/kotlin/borg/trikeshed/parse/bbcursive/Cursive.kt:135:88 Cannot infer type for this parameter. Specify it explicitly.
e: file:///Users/jim/work/v2superbikeshed/Trikeshed/src/commonMain/kotlin/borg/trikeshed/parse/bbcursive/Cursive.kt:135:91 No value passed for parameter 'value'.
e: file:///Users/jim/work/v2superbikeshed/Trikeshed/src/commonMain/kotlin/borg/trikeshed/parse/bbcursive/Cursive.kt:138:13 'invoke' overrides nothing.
e: file:///Users/jim/work/v2superbikeshed/Trikeshed/src/commonMain/kotlin/borg/trikeshed/parse/bbcursive/Cursive.kt:141:13 'invoke' overrides nothing.
e: file:///Users/jim/work/v2superbikeshed/Trikeshed/src/commonMain/kotlin/borg/trikeshed/parse/bbcursive/Cursive.kt:144:13 'invoke' overrides nothing.
e: file:///Users/jim/work/v2superbikeshed/Trikeshed/src/commonMain/kotlin/borg/trikeshed/parse/bbcursive/Cursive.kt:144:88 Unresolved reference 'ro'.
e: file:///Users/jim/work/v2superbikeshed/Trikeshed/src/commonMain/kotlin/borg/trikeshed/parse/bbcursive/Cursive.kt:150:13 'invoke' overrides nothing.
e: file:///Users/jim/work/v2superbikeshed/Trikeshed/src/commonMain/kotlin/borg/trikeshed/parse/bbcursive/Cursive.kt:152:28 Unresolved reference 'put'.
e: file:///Users/jim/work/v2superbikeshed/Trikeshed/src/commonMain/kotlin/borg/trikeshed/parse/bbcursive/Cursive.kt:161:13 'invoke' overrides nothing.
e: file:///Users/jim/work/v2superbikeshed/Trikeshed/src/commonMain/kotlin/borg/trikeshed/parse/bbcursive/Cursive.kt:165:28 Unresolved reference 'put'.
e: file:///Users/jim/work/v2superbikeshed/Trikeshed/src/commonMain/kotlin/borg/trikeshed/parse/bbcursive/lib/Int.kt:3:8 Unresolved reference 'java'.
e: file:///Users/jim/work/v2superbikeshed/Trikeshed/src/commonMain/kotlin/borg/trikeshed/parse/bbcursive/lib/Int.kt:9:21 Unresolved reference 'ByteBuffer'.
e: file:///Users/jim/work/v2superbikeshed/Trikeshed/src/commonMain/kotlin/borg/trikeshed/parse/bbcursive/lib/Int.kt:14:15 Unresolved reference 'hasRemaining'.
e: file:///Users/jim/work/v2superbikeshed/Trikeshed/src/commonMain/kotlin/borg/trikeshed/parse/bbcursive/lib/Int.kt:15:26 No value passed for parameter 'name'.
e: file:///Users/jim/work/v2superbikeshed/Trikeshed/src/commonMain/kotlin/borg/trikeshed/parse/bbcursive/lib/Int.kt:15:29 None of the following candidates is applicable:
expect fun String.toInt(): Int
expect fun String.toInt(radix: Int): Int
e: file:///Users/jim/work/v2superbikeshed/Trikeshed/src/commonMain/kotlin/borg/trikeshed/parse/bbcursive/lib/Int.kt:28:22 Unresolved reference 'hasRemaining'.
e: file:///Users/jim/work/v2superbikeshed/Trikeshed/src/commonMain/kotlin/borg/trikeshed/parse/bbcursive/lib/Int.kt:29:26 No value passed for parameter 'name'.
e: file:///Users/jim/work/v2superbikeshed/Trikeshed/src/commonMain/kotlin/borg/trikeshed/parse/bbcursive/lib/Int.kt:29:29 None of the following candidates is applicable:
expect fun String.toInt(): Int
expect fun String.toInt(radix: Int): Int
e: file:///Users/jim/work/v2superbikeshed/Trikeshed/src/commonMain/kotlin/borg/trikeshed/parse/bbcursive/lib/Int.kt:45:19 Assignment type mismatch: actual type is 'kotlin.Int', but 'borg.trikeshed.parse.bbcursive.lib.Int?' was expected.
e: file:///Users/jim/work/v2superbikeshed/Trikeshed/src/commonMain/kotlin/borg/trikeshed/parse/bbcursive/lib/Int.kt:92:19 Assignment type mismatch: actual type is 'kotlin.Int', but 'borg.trikeshed.parse.bbcursive.lib.Int?' was expected.
e: file:///Users/jim/work/v2superbikeshed/Trikeshed/src/commonMain/kotlin/borg/trikeshed/parse/bbcursive/lib/abort.kt:3:23 Unresolved reference 'std'.
e: file:///Users/jim/work/v2superbikeshed/Trikeshed/src/commonMain/kotlin/borg/trikeshed/parse/bbcursive/lib/abort.kt:5:8 Unresolved reference 'java'.
e: file:///Users/jim/work/v2superbikeshed/Trikeshed/src/commonMain/kotlin/borg/trikeshed/parse/bbcursive/lib/abort.kt:6:8 Unresolved reference 'java'.
e: file:///Users/jim/work/v2superbikeshed/Trikeshed/src/commonMain/kotlin/borg/trikeshed/parse/bbcursive/lib/abort.kt:12:39 Unresolved reference 'UnaryOperator'.
e: file:///Users/jim/work/v2superbikeshed/Trikeshed/src/commonMain/kotlin/borg/trikeshed/parse/bbcursive/lib/abort.kt:12:53 Unresolved reference 'ByteBuffer'.
e: file:///Users/jim/work/v2superbikeshed/Trikeshed/src/commonMain/kotlin/borg/trikeshed/parse/bbcursive/lib/abort.kt:13:16 Unresolved reference 'UnaryOperator'.
e: file:///Users/jim/work/v2superbikeshed/Trikeshed/src/commonMain/kotlin/borg/trikeshed/parse/bbcursive/lib/abort.kt:13:30 Unresolved reference 'ByteBuffer'.
e: file:///Users/jim/work/v2superbikeshed/Trikeshed/src/commonMain/kotlin/borg/trikeshed/parse/bbcursive/lib/abort.kt:13:44 Cannot infer type for this parameter. Specify it explicitly.
e: file:///Users/jim/work/v2superbikeshed/Trikeshed/src/commonMain/kotlin/borg/trikeshed/parse/bbcursive/lib/abort.kt:13:71 Unresolved reference 'std'.
e: file:///Users/jim/work/v2superbikeshed/Trikeshed/src/commonMain/kotlin/borg/trikeshed/parse/bbcursive/lib/advance.kt:3:8 Unresolved reference 'java'.
e: file:///Users/jim/work/v2superbikeshed/Trikeshed/src/commonMain/kotlin/borg/trikeshed/parse/bbcursive/lib/advance.kt:4:8 Unresolved reference 'java'.
e: file:///Users/jim/work/v2superbikeshed/Trikeshed/src/commonMain/kotlin/borg/trikeshed/parse/bbcursive/lib/advance.kt:16:48 Unresolved reference 'UnaryOperator'.
e: file:///Users/jim/work/v2superbikeshed/Trikeshed/src/commonMain/kotlin/borg/trikeshed/parse/bbcursive/lib/advance.kt:16:62 Unresolved reference 'ByteBuffer'.
e: file:///Users/jim/work/v2superbikeshed/Trikeshed/src/commonMain/kotlin/borg/trikeshed/parse/bbcursive/lib/advance.kt:18:25 Unresolved reference 'UnaryOperator'.
e: file:///Users/jim/work/v2superbikeshed/Trikeshed/src/commonMain/kotlin/borg/trikeshed/parse/bbcursive/lib/advance.kt:18:39 Unresolved reference 'ByteBuffer'.
e: file:///Users/jim/work/v2superbikeshed/Trikeshed/src/commonMain/kotlin/borg/trikeshed/parse/bbcursive/lib/advance.kt:22:13 'toString' overrides nothing.
e: file:///Users/jim/work/v2superbikeshed/Trikeshed/src/commonMain/kotlin/borg/trikeshed/parse/bbcursive/lib/advance.kt:28:38 'expect fun String(chars: CharArray): String' is deprecated. Use CharArray.concatToString() instead.
e: file:///Users/jim/work/v2superbikeshed/Trikeshed/src/commonMain/kotlin/borg/trikeshed/parse/bbcursive/lib/advance.kt:28:51 None of the following candidates is applicable:
fun Array<out Byte>.toByteArray(): ByteArray
fun Collection<Byte>.toByteArray(): ByteArray
fun UByteArray.toByteArray(): ByteArray
e: file:///Users/jim/work/v2superbikeshed/Trikeshed/src/commonMain/kotlin/borg/trikeshed/parse/bbcursive/lib/advance.kt:31:13 'apply' overrides nothing.
e: file:///Users/jim/work/v2superbikeshed/Trikeshed/src/commonMain/kotlin/borg/trikeshed/parse/bbcursive/lib/advance.kt:31:40 Unresolved reference 'ByteBuffer'.
e: file:///Users/jim/work/v2superbikeshed/Trikeshed/src/commonMain/kotlin/borg/trikeshed/parse/bbcursive/lib/advance.kt:31:53 Unresolved reference 'ByteBuffer'.
e: file:///Users/jim/work/v2superbikeshed/Trikeshed/src/commonMain/kotlin/borg/trikeshed/parse/bbcursive/lib/advance.kt:33:31 Unresolved reference 'hasRemaining'.
e: file:///Users/jim/work/v2superbikeshed/Trikeshed/src/commonMain/kotlin/borg/trikeshed/parse/bbcursive/lib/advance.kt:33:95 No value passed for parameter 'name'.
e: file:///Users/jim/work/v2superbikeshed/Trikeshed/src/commonMain/kotlin/borg/trikeshed/parse/bbcursive/lib/allOf_.kt:3:23 Unresolved reference 'std'.
e: file:///Users/jim/work/v2superbikeshed/Trikeshed/src/commonMain/kotlin/borg/trikeshed/parse/bbcursive/lib/allOf_.kt:5:8 Unresolved reference 'java'.
e: file:///Users/jim/work/v2superbikeshed/Trikeshed/src/commonMain/kotlin/borg/trikeshed/parse/bbcursive/lib/allOf_.kt:6:8 Unresolved reference 'java'.
e: file:///Users/jim/work/v2superbikeshed/Trikeshed/src/commonMain/kotlin/borg/trikeshed/parse/bbcursive/lib/allOf_.kt:7:8 Unresolved reference 'java'.
e: file:///Users/jim/work/v2superbikeshed/Trikeshed/src/commonMain/kotlin/borg/trikeshed/parse/bbcursive/lib/allOf_.kt:20:29 Unresolved reference 'UnaryOperator'.
e: file:///Users/jim/work/v2superbikeshed/Trikeshed/src/commonMain/kotlin/borg/trikeshed/parse/bbcursive/lib/allOf_.kt:20:43 Unresolved reference 'ByteBuffer'.
e: file:///Users/jim/work/v2superbikeshed/Trikeshed/src/commonMain/kotlin/borg/trikeshed/parse/bbcursive/lib/allOf_.kt:20:57 Unresolved reference 'UnaryOperator'.
e: file:///Users/jim/work/v2superbikeshed/Trikeshed/src/commonMain/kotlin/borg/trikeshed/parse/bbcursive/lib/allOf_.kt:20:71 Unresolved reference 'ByteBuffer'.
e: file:///Users/jim/work/v2superbikeshed/Trikeshed/src/commonMain/kotlin/borg/trikeshed/parse/bbcursive/lib/allOf_.kt:21:25 Unresolved reference 'UnaryOperator'.
e: file:///Users/jim/work/v2superbikeshed/Trikeshed/src/commonMain/kotlin/borg/trikeshed/parse/bbcursive/lib/allOf_.kt:21:39 Unresolved reference 'ByteBuffer'.
e: file:///Users/jim/work/v2superbikeshed/Trikeshed/src/commonMain/kotlin/borg/trikeshed/parse/bbcursive/lib/allOf_.kt:22:13 'toString' overrides nothing.
e: file:///Users/jim/work/v2superbikeshed/Trikeshed/src/commonMain/kotlin/borg/trikeshed/parse/bbcursive/lib/allOf_.kt:23:32 Unresolved reference 'Arrays'.
e: file:///Users/jim/work/v2superbikeshed/Trikeshed/src/commonMain/kotlin/borg/trikeshed/parse/bbcursive/lib/allOf_.kt:26:13 'apply' overrides nothing.
e: file:///Users/jim/work/v2superbikeshed/Trikeshed/src/commonMain/kotlin/borg/trikeshed/parse/bbcursive/lib/allOf_.kt:26:40 Unresolved reference 'ByteBuffer'.
e: file:///Users/jim/work/v2superbikeshed/Trikeshed/src/commonMain/kotlin/borg/trikeshed/parse/bbcursive/lib/allOf_.kt:26:53 Unresolved reference 'ByteBuffer'.
e: file:///Users/jim/work/v2superbikeshed/Trikeshed/src/commonMain/kotlin/borg/trikeshed/parse/bbcursive/lib/allOf_.kt:27:24 Unresolved reference 'std'.
e: file:///Users/jim/work/v2superbikeshed/Trikeshed/src/commonMain/kotlin/borg/trikeshed/parse/bbcursive/lib/anyOf_.kt:7:39 Unresolved reference 'ParseResult'.
e: file:///Users/jim/work/v2superbikeshed/Trikeshed/src/commonMain/kotlin/borg/trikeshed/parse/bbcursive/lib/anyOf_.kt:8:39 Unresolved reference 'SessionContext'.
e: file:///Users/jim/work/v2superbikeshed/Trikeshed/src/commonMain/kotlin/borg/trikeshed/parse/bbcursive/lib/anyOf_.kt:9:39 Unresolved reference 'Traits'.
e: file:///Users/jim/work/v2superbikeshed/Trikeshed/src/commonMain/kotlin/borg/trikeshed/parse/bbcursive/lib/anyOf_.kt:10:39 Unresolved reference 'UnaryOperator'.
e: file:///Users/jim/work/v2superbikeshed/Trikeshed/src/commonMain/kotlin/borg/trikeshed/parse/bbcursive/lib/anyOf_.kt:14:15 Unresolved reference 'streams'.
e: file:///Users/jim/work/v2superbikeshed/Trikeshed/src/commonMain/kotlin/borg/trikeshed/parse/bbcursive/lib/anyOf_.kt:21:26 Unresolved reference 'Traits'.
e: file:///Users/jim/work/v2superbikeshed/Trikeshed/src/commonMain/kotlin/borg/trikeshed/parse/bbcursive/lib/anyOf_.kt:21:36 Cannot infer type for this parameter. Specify it explicitly.
e: file:///Users/jim/work/v2superbikeshed/Trikeshed/src/commonMain/kotlin/borg/trikeshed/parse/bbcursive/lib/anyOf_.kt:23:41 Unresolved reference 'UnaryOperator'.
e: file:///Users/jim/work/v2superbikeshed/Trikeshed/src/commonMain/kotlin/borg/trikeshed/parse/bbcursive/lib/anyOf_.kt:23:76 Unresolved reference 'UnaryOperator'.
e: file:///Users/jim/work/v2superbikeshed/Trikeshed/src/commonMain/kotlin/borg/trikeshed/parse/bbcursive/lib/anyOf_.kt:26:29 Unresolved reference 'UnaryOperator'.
e: file:///Users/jim/work/v2superbikeshed/Trikeshed/src/commonMain/kotlin/borg/trikeshed/parse/bbcursive/lib/anyOf_.kt:28:17 'invoke' overrides nothing.
e: file:///Users/jim/work/v2superbikeshed/Trikeshed/src/commonMain/kotlin/borg/trikeshed/parse/bbcursive/lib/anyOf_.kt:29:59 Unresolved reference 'SessionContext'.
e: file:///Users/jim/work/v2superbikeshed/Trikeshed/src/commonMain/kotlin/borg/trikeshed/parse/bbcursive/lib/anyOf_.kt:33:40 Unresolved reference 'flags'.
e: file:///Users/jim/work/v2superbikeshed/Trikeshed/src/commonMain/kotlin/borg/trikeshed/parse/bbcursive/lib/anyOf_.kt:33:55 Unresolved reference 'Traits'.
e: file:///Users/jim/work/v2superbikeshed/Trikeshed/src/commonMain/kotlin/borg/trikeshed/parse/bbcursive/lib/anyOf_.kt:34:56 Cannot infer type for this parameter. Specify it explicitly.
e: file:///Users/jim/work/v2superbikeshed/Trikeshed/src/commonMain/kotlin/borg/trikeshed/parse/bbcursive/lib/anyOf_.kt:34:56 Unresolved reference. None of the following candidates is applicable because of a receiver type mismatch:
fun <T, R> DeepRecursiveFunction<T, R>.invoke(value: T): R
e: file:///Users/jim/work/v2superbikeshed/Trikeshed/src/commonMain/kotlin/borg/trikeshed/parse/bbcursive/lib/anyOf_.kt:51:29 Class '<anonymous>' is not abstract and does not implement abstract base class member:
fun goTo(addressType: addressType): addressType
e: file:///Users/jim/work/v2superbikeshed/Trikeshed/src/commonMain/kotlin/borg/trikeshed/parse/bbcursive/lib/anyOf_.kt:51:48 Unresolved reference 'Traits'.
e: file:///Users/jim/work/v2superbikeshed/Trikeshed/src/commonMain/kotlin/borg/trikeshed/parse/bbcursive/lib/anyOf_.kt:51:63 Unresolved reference 'UnaryOperator'.
e: file:///Users/jim/work/v2superbikeshed/Trikeshed/src/commonMain/kotlin/borg/trikeshed/parse/bbcursive/lib/anyOf_.kt:54:52 Return type of 'at' is not a subtype of the return type of the overridden member 'fun at(): _edge<ERROR CLASS: Symbol not found for UnaryOperator, Int>' defined in 'borg/trikeshed/parse/bbcursive/lib/<anonymous>'.
e: file:///Users/jim/work/v2superbikeshed/Trikeshed/src/commonMain/kotlin/borg/trikeshed/parse/bbcursive/lib/anyOf_.kt:54:58 Return type mismatch: expected 'Int', actual 'Array<ByteIndexedBuffer?>'.
e: file:///Users/jim/work/v2superbikeshed/Trikeshed/src/commonMain/kotlin/borg/trikeshed/parse/bbcursive/lib/anyOf_.kt:54:59 Syntax error: Expecting member declaration.
e: file:///Users/jim/work/v2superbikeshed/Trikeshed/src/commonMain/kotlin/borg/trikeshed/parse/bbcursive/lib/anyOf_.kt:54:60 Syntax error: Expecting member declaration.
e: file:///Users/jim/work/v2superbikeshed/Trikeshed/src/commonMain/kotlin/borg/trikeshed/parse/bbcursive/lib/anyOf_.kt:54:61 Syntax error: Expecting member declaration.
e: file:///Users/jim/work/v2superbikeshed/Trikeshed/src/commonMain/kotlin/borg/trikeshed/parse/bbcursive/lib/anyOf_.kt:56:33 'goTo' overrides nothing. Potential signatures for overriding:
fun goTo(addressType: _edge<ERROR CLASS: Symbol not found for UnaryOperator, Int>): _edge<ERROR CLASS: Symbol not found for UnaryOperator, Int>
e: file:///Users/jim/work/v2superbikeshed/Trikeshed/src/commonMain/kotlin/borg/trikeshed/parse/bbcursive/lib/anyOf_.kt:60:42 Function 'r' without a body must be abstract.
e: file:///Users/jim/work/v2superbikeshed/Trikeshed/src/commonMain/kotlin/borg/trikeshed/parse/bbcursive/lib/anyOf_.kt:60:47 Syntax error: Expecting '('.
e: file:///Users/jim/work/v2superbikeshed/Trikeshed/src/commonMain/kotlin/borg/trikeshed/parse/bbcursive/lib/anyOf_.kt:60:47 Syntax error: Expecting member declaration.
e: file:///Users/jim/work/v2superbikeshed/Trikeshed/src/commonMain/kotlin/borg/trikeshed/parse/bbcursive/lib/anyOf_.kt:60:48 Syntax error: Expecting member declaration.
e: file:///Users/jim/work/v2superbikeshed/Trikeshed/src/commonMain/kotlin/borg/trikeshed/parse/bbcursive/lib/anyOf_.kt:60:49 Syntax error: Expecting member declaration.
e: file:///Users/jim/work/v2superbikeshed/Trikeshed/src/commonMain/kotlin/borg/trikeshed/parse/bbcursive/lib/anyOf_.kt:60:50 Syntax error: Expecting member declaration.
e: file:///Users/jim/work/v2superbikeshed/Trikeshed/src/commonMain/kotlin/borg/trikeshed/parse/bbcursive/lib/anyOf_.kt:60:52 Syntax error: Expecting member declaration.
e: file:///Users/jim/work/v2superbikeshed/Trikeshed/src/commonMain/kotlin/borg/trikeshed/parse/bbcursive/lib/anyOf_.kt:60:56 Syntax error: Expecting member declaration.
e: file:///Users/jim/work/v2superbikeshed/Trikeshed/src/commonMain/kotlin/borg/trikeshed/parse/bbcursive/lib/anyOf_.kt:60:56 Function declaration must have a name.
e: file:///Users/jim/work/v2superbikeshed/Trikeshed/src/commonMain/kotlin/borg/trikeshed/parse/bbcursive/lib/anyOf_.kt:61:44 Return type mismatch: expected 'Unit', actual 'Int'.
e: file:///Users/jim/work/v2superbikeshed/Trikeshed/src/commonMain/kotlin/borg/trikeshed/parse/bbcursive/lib/anyOf_.kt:64:33 'core' overrides nothing.
e: file:///Users/jim/work/v2superbikeshed/Trikeshed/src/commonMain/kotlin/borg/trikeshed/parse/bbcursive/lib/anyOf_.kt:64:71 Unresolved reference 'Traits'.
e: file:///Users/jim/work/v2superbikeshed/Trikeshed/src/commonMain/kotlin/borg/trikeshed/parse/bbcursive/lib/anyOf_.kt:64:86 Unresolved reference 'UnaryOperator'.
e: file:///Users/jim/work/v2superbikeshed/Trikeshed/src/commonMain/kotlin/borg/trikeshed/parse/bbcursive/lib/anyOf_.kt:64:134 Unresolved reference 'UnaryOperator'.
e: file:///Users/jim/work/v2superbikeshed/Trikeshed/src/commonMain/kotlin/borg/trikeshed/parse/bbcursive/lib/anyOf_.kt:65:59 Unresolved reference 'UnaryOperator'.
e: file:///Users/jim/work/v2superbikeshed/Trikeshed/src/commonMain/kotlin/borg/trikeshed/parse/bbcursive/lib/anyOf_.kt:66:66 Return type mismatch: expected 'Int', actual 'Array<ByteIndexedBuffer?>'.
e: file:///Users/jim/work/v2superbikeshed/Trikeshed/src/commonMain/kotlin/borg/trikeshed/parse/bbcursive/lib/anyOf_.kt:66:67 Syntax error: Expecting member declaration.
e: file:///Users/jim/work/v2superbikeshed/Trikeshed/src/commonMain/kotlin/borg/trikeshed/parse/bbcursive/lib/anyOf_.kt:66:68 Syntax error: Expecting member declaration.
e: file:///Users/jim/work/v2superbikeshed/Trikeshed/src/commonMain/kotlin/borg/trikeshed/parse/bbcursive/lib/anyOf_.kt:66:69 Syntax error: Expecting member declaration.
e: file:///Users/jim/work/v2superbikeshed/Trikeshed/src/commonMain/kotlin/borg/trikeshed/parse/bbcursive/lib/anyOf_.kt:72:50 Function 'r' without a body must be abstract.
e: file:///Users/jim/work/v2superbikeshed/Trikeshed/src/commonMain/kotlin/borg/trikeshed/parse/bbcursive/lib/anyOf_.kt:72:55 Syntax error: Expecting '('.
e: file:///Users/jim/work/v2superbikeshed/Trikeshed/src/commonMain/kotlin/borg/trikeshed/parse/bbcursive/lib/anyOf_.kt:72:55 Syntax error: Expecting member declaration.
e: file:///Users/jim/work/v2superbikeshed/Trikeshed/src/commonMain/kotlin/borg/trikeshed/parse/bbcursive/lib/anyOf_.kt:72:56 Syntax error: Expecting member declaration.
e: file:///Users/jim/work/v2superbikeshed/Trikeshed/src/commonMain/kotlin/borg/trikeshed/parse/bbcursive/lib/anyOf_.kt:72:57 Syntax error: Expecting member declaration.
e: file:///Users/jim/work/v2superbikeshed/Trikeshed/src/commonMain/kotlin/borg/trikeshed/parse/bbcursive/lib/anyOf_.kt:72:58 Syntax error: Expecting member declaration.
e: file:///Users/jim/work/v2superbikeshed/Trikeshed/src/commonMain/kotlin/borg/trikeshed/parse/bbcursive/lib/anyOf_.kt:72:60 Syntax error: Expecting member declaration.
e: file:///Users/jim/work/v2superbikeshed/Trikeshed/src/commonMain/kotlin/borg/trikeshed/parse/bbcursive/lib/anyOf_.kt:72:64 Syntax error: Expecting member declaration.
e: file:///Users/jim/work/v2superbikeshed/Trikeshed/src/commonMain/kotlin/borg/trikeshed/parse/bbcursive/lib/anyOf_.kt:72:66 Syntax error: Expecting member declaration.
e: file:///Users/jim/work/v2superbikeshed/Trikeshed/src/commonMain/kotlin/borg/trikeshed/parse/bbcursive/lib/anyOf_.kt:72:73 Syntax error: Expecting member declaration.
e: file:///Users/jim/work/v2superbikeshed/Trikeshed/src/commonMain/kotlin/borg/trikeshed/parse/bbcursive/lib/anyOf_.kt:72:74 Syntax error: Expecting member declaration.
e: file:///Users/jim/work/v2superbikeshed/Trikeshed/src/commonMain/kotlin/borg/trikeshed/parse/bbcursive/lib/anyOf_.kt:72:75 Syntax error: Expecting member declaration.
e: file:///Users/jim/work/v2superbikeshed/Trikeshed/src/commonMain/kotlin/borg/trikeshed/parse/bbcursive/lib/anyOf_.kt:74:41 'core' overrides nothing.
e: file:///Users/jim/work/v2superbikeshed/Trikeshed/src/commonMain/kotlin/borg/trikeshed/parse/bbcursive/lib/anyOf_.kt:74:75 Unresolved reference 'UnaryOperator'.
e: file:///Users/jim/work/v2superbikeshed/Trikeshed/src/commonMain/kotlin/borg/trikeshed/parse/bbcursive/lib/anyOf_.kt:74:116 Unresolved reference 'UnaryOperator'.
e: file:///Users/jim/work/v2superbikeshed/Trikeshed/src/commonMain/kotlin/borg/trikeshed/parse/bbcursive/lib/anyOf_.kt:80:41 Overload resolution ambiguity between candidates:
fun core(vararg e: _edge<Set<ERROR CLASS: Symbol not found for Traits>, _edge<ERROR CLASS: Symbol not found for UnaryOperator, Int>>): _edge<ERROR CLASS: Symbol not found for UnaryOperator, Int>
fun core(vararg e: _edge<Set<ERROR CLASS: Symbol not found for Traits>, _edge<ERROR CLASS: Symbol not found for UnaryOperator, Int>>): Set<ERROR CLASS: Symbol not found for Traits>?
e: file:///Users/jim/work/v2superbikeshed/Trikeshed/src/commonMain/kotlin/borg/trikeshed/parse/bbcursive/lib/anyOf_.kt:80:49 Unresolved reference 'core'.
e: file:///Users/jim/work/v2superbikeshed/Trikeshed/src/commonMain/kotlin/borg/trikeshed/parse/bbcursive/lib/anyOf_.kt:81:50 Overload resolution ambiguity between candidates:
fun core(vararg e: _edge<Set<ERROR CLASS: Symbol not found for Traits>, _edge<ERROR CLASS: Symbol not found for UnaryOperator, Int>>): _edge<ERROR CLASS: Symbol not found for UnaryOperator, Int>
fun core(vararg e: _edge<Set<ERROR CLASS: Symbol not found for Traits>, _edge<ERROR CLASS: Symbol not found for UnaryOperator, Int>>): Set<ERROR CLASS: Symbol not found for Traits>?
e: file:///Users/jim/work/v2superbikeshed/Trikeshed/src/commonMain/kotlin/borg/trikeshed/parse/bbcursive/lib/anyOf_.kt:81:58 Unresolved reference 'at'.
e: file:///Users/jim/work/v2superbikeshed/Trikeshed/src/commonMain/kotlin/borg/trikeshed/parse/bbcursive/lib/anyOf_.kt:82:69 Unresolved reference 'duplicate'.
e: file:///Users/jim/work/v2superbikeshed/Trikeshed/src/commonMain/kotlin/borg/trikeshed/parse/bbcursive/lib/anyOf_.kt:83:43 Cannot infer type for this parameter. Specify it explicitly.
e: file:///Users/jim/work/v2superbikeshed/Trikeshed/src/commonMain/kotlin/borg/trikeshed/parse/bbcursive/lib/anyOf_.kt:86:50 Unresolved reference 'pos'.
e: file:///Users/jim/work/v2superbikeshed/Trikeshed/src/commonMain/kotlin/borg/trikeshed/parse/bbcursive/lib/anyOf_.kt:87:60 Unresolved reference 'flags'.
e: file:///Users/jim/work/v2superbikeshed/Trikeshed/src/commonMain/kotlin/borg/trikeshed/parse/bbcursive/lib/anyOf_.kt:95:44 Unresolved reference 'outbox'.
e: file:///Users/jim/work/v2superbikeshed/Trikeshed/src/commonMain/kotlin/borg/trikeshed/parse/bbcursive/lib/anyOf_.kt:96:33 Unresolved reference 'ParseResult'.
e: file:///Users/jim/work/v2superbikeshed/Trikeshed/src/commonMain/kotlin/borg/trikeshed/parse/bbcursive/lib/anyOf_.kt:98:51 Overload resolution ambiguity between candidates:
fun core(vararg e: _edge<Set<ERROR CLASS: Symbol not found for Traits>, _edge<ERROR CLASS: Symbol not found for UnaryOperator, Int>>): _edge<ERROR CLASS: Symbol not found for UnaryOperator, Int>
fun core(vararg e: _edge<Set<ERROR CLASS: Symbol not found for Traits>, _edge<ERROR CLASS: Symbol not found for UnaryOperator, Int>>): Set<ERROR CLASS: Symbol not found for Traits>?
e: file:///Users/jim/work/v2superbikeshed/Trikeshed/src/commonMain/kotlin/borg/trikeshed/parse/bbcursive/lib/anyOf_.kt:98:59 Unresolved reference 'core'.
e: file:///Users/jim/work/v2superbikeshed/Trikeshed/src/commonMain/kotlin/borg/trikeshed/parse/bbcursive/lib/anyOf_.kt:110:17 'toString' overrides nothing.
e: file:///Users/jim/work/v2superbikeshed/Trikeshed/src/commonMain/kotlin/borg/trikeshed/parse/bbcursive/lib/anyOf_.kt:117:37 Unresolved reference 'UnaryOperator'.
e: file:///Users/jim/work/v2superbikeshed/Trikeshed/src/commonMain/kotlin/borg/trikeshed/parse/bbcursive/lib/anyOf_.kt:118:26 Unresolved reference 'chars'.
e: file:///Users/jim/work/v2superbikeshed/Trikeshed/src/commonMain/kotlin/borg/trikeshed/parse/bbcursive/lib/anyOf_.kt:119:29 Unresolved reference 'UnaryOperator'.
e: file:///Users/jim/work/v2superbikeshed/Trikeshed/src/commonMain/kotlin/borg/trikeshed/parse/bbcursive/lib/anyOf_.kt:120:17 'invoke' overrides nothing.
e: file:///Users/jim/work/v2superbikeshed/Trikeshed/src/commonMain/kotlin/borg/trikeshed/parse/bbcursive/lib/anyOf_.kt:123:36 Unresolved reference. None of the following candidates is applicable because of a receiver type mismatch:
expect fun MatchGroupCollection.get(name: String): MatchGroup?
e: file:///Users/jim/work/v2superbikeshed/Trikeshed/src/commonMain/kotlin/borg/trikeshed/parse/bbcursive/lib/anyOf_.kt:124:39 Cannot infer type for this parameter. Specify it explicitly.
e: file:///Users/jim/work/v2superbikeshed/Trikeshed/src/commonMain/kotlin/borg/trikeshed/parse/bbcursive/lib/anyOf_.kt:124:55 None of the following candidates is applicable:
expect fun String.toInt(): Int
expect fun String.toInt(radix: Int): Int
e: file:///Users/jim/work/v2superbikeshed/Trikeshed/src/commonMain/kotlin/borg/trikeshed/parse/bbcursive/lib/anyOf_.kt:130:17 'toString' overrides nothing.
e: file:///Users/jim/work/v2superbikeshed/Trikeshed/src/commonMain/kotlin/borg/trikeshed/parse/bbcursive/lib/anyOf_.kt:132:36 Cannot infer type for this parameter. Specify it explicitly.
e: file:///Users/jim/work/v2superbikeshed/Trikeshed/src/commonMain/kotlin/borg/trikeshed/parse/bbcursive/lib/anyOf_.kt:132:54 Unresolved reference 'and'.
e: file:///Users/jim/work/v2superbikeshed/Trikeshed/src/commonMain/kotlin/borg/trikeshed/parse/bbcursive/lib/anyOf_.kt:133:35 Unresolved reference 'Arrays'.
e: file:///Users/jim/work/v2superbikeshed/Trikeshed/src/commonMain/kotlin/borg/trikeshed/parse/bbcursive/lib/backtrack_.kt:3:23 Unresolved reference 'ann'.
e: file:///Users/jim/work/v2superbikeshed/Trikeshed/src/commonMain/kotlin/borg/trikeshed/parse/bbcursive/lib/backtrack_.kt:4:23 Unresolved reference 'std'.
e: file:///Users/jim/work/v2superbikeshed/Trikeshed/src/commonMain/kotlin/borg/trikeshed/parse/bbcursive/lib/backtrack_.kt:6:8 Unresolved reference 'java'.
e: file:///Users/jim/work/v2superbikeshed/Trikeshed/src/commonMain/kotlin/borg/trikeshed/parse/bbcursive/lib/backtrack_.kt:7:8 Unresolved reference 'java'.
e: file:///Users/jim/work/v2superbikeshed/Trikeshed/src/commonMain/kotlin/borg/trikeshed/parse/bbcursive/lib/backtrack_.kt:8:8 Unresolved reference 'java'.
e: file:///Users/jim/work/v2superbikeshed/Trikeshed/src/commonMain/kotlin/borg/trikeshed/parse/bbcursive/lib/backtrack_.kt:10:8 Unresolved reference 'bbcursive'.
e: file:///Users/jim/work/v2superbikeshed/Trikeshed/src/commonMain/kotlin/borg/trikeshed/parse/bbcursive/lib/backtrack_.kt:12:2 Unresolved reference 'Backtracking'.
e: file:///Users/jim/work/v2superbikeshed/Trikeshed/src/commonMain/kotlin/borg/trikeshed/parse/bbcursive/lib/backtrack_.kt:15:6 Unresolved reference 'Backtracking'.
e: file:///Users/jim/work/v2superbikeshed/Trikeshed/src/commonMain/kotlin/borg/trikeshed/parse/bbcursive/lib/backtrack_.kt:16:35 Unresolved reference 'UnaryOperator'.
e: file:///Users/jim/work/v2superbikeshed/Trikeshed/src/commonMain/kotlin/borg/trikeshed/parse/bbcursive/lib/backtrack_.kt:16:49 Unresolved reference 'ByteBuffer'.
e: file:///Users/jim/work/v2superbikeshed/Trikeshed/src/commonMain/kotlin/borg/trikeshed/parse/bbcursive/lib/backtrack_.kt:16:63 Unresolved reference 'UnaryOperator'.
e: file:///Users/jim/work/v2superbikeshed/Trikeshed/src/commonMain/kotlin/borg/trikeshed/parse/bbcursive/lib/backtrack_.kt:16:77 Unresolved reference 'ByteBuffer'.
e: file:///Users/jim/work/v2superbikeshed/Trikeshed/src/commonMain/kotlin/borg/trikeshed/parse/bbcursive/lib/backtrack_.kt:20:6 Unresolved reference 'Backtracking'.
e: file:///Users/jim/work/v2superbikeshed/Trikeshed/src/commonMain/kotlin/borg/trikeshed/parse/bbcursive/lib/backtrack_.kt:21:60 Unresolved reference 'UnaryOperator'.
e: file:///Users/jim/work/v2superbikeshed/Trikeshed/src/commonMain/kotlin/borg/trikeshed/parse/bbcursive/lib/backtrack_.kt:21:74 Unresolved reference 'ByteBuffer'.
e: file:///Users/jim/work/v2superbikeshed/Trikeshed/src/commonMain/kotlin/borg/trikeshed/parse/bbcursive/lib/backtrack_.kt:21:90 Unresolved reference 'UnaryOperator'.
e: file:///Users/jim/work/v2superbikeshed/Trikeshed/src/commonMain/kotlin/borg/trikeshed/parse/bbcursive/lib/backtrack_.kt:21:104 Unresolved reference 'ByteBuffer'.
e: file:///Users/jim/work/v2superbikeshed/Trikeshed/src/commonMain/kotlin/borg/trikeshed/parse/bbcursive/lib/backtrack_.kt:23:9 'toString' overrides nothing.
e: file:///Users/jim/work/v2superbikeshed/Trikeshed/src/commonMain/kotlin/borg/trikeshed/parse/bbcursive/lib/backtrack_.kt:24:36 Unresolved reference 'Arrays'.
e: file:///Users/jim/work/v2superbikeshed/Trikeshed/src/commonMain/kotlin/borg/trikeshed/parse/bbcursive/lib/backtrack_.kt:28:9 'apply' overrides nothing.
e: file:///Users/jim/work/v2superbikeshed/Trikeshed/src/commonMain/kotlin/borg/trikeshed/parse/bbcursive/lib/backtrack_.kt:28:36 Unresolved reference 'ByteBuffer'.
e: file:///Users/jim/work/v2superbikeshed/Trikeshed/src/commonMain/kotlin/borg/trikeshed/parse/bbcursive/lib/backtrack_.kt:28:49 Unresolved reference 'ByteBuffer'.
e: file:///Users/jim/work/v2superbikeshed/Trikeshed/src/commonMain/kotlin/borg/trikeshed/parse/bbcursive/lib/backtrack_.kt:29:13 Unresolved reference 'std'.
e: file:///Users/jim/work/v2superbikeshed/Trikeshed/src/commonMain/kotlin/borg/trikeshed/parse/bbcursive/lib/backtrack_.kt:29:29 Unresolved reference 'add'.
e: file:///Users/jim/work/v2superbikeshed/Trikeshed/src/commonMain/kotlin/borg/trikeshed/parse/bbcursive/lib/backtrack_.kt:29:33 Unresolved reference 'std'.
e: file:///Users/jim/work/v2superbikeshed/Trikeshed/src/commonMain/kotlin/borg/trikeshed/parse/bbcursive/lib/backtrack_.kt:31:20 Unresolved reference 'bb'.
e: file:///Users/jim/work/v2superbikeshed/Trikeshed/src/commonMain/kotlin/borg/trikeshed/parse/bbcursive/lib/chlit_.kt:4:39 Unresolved reference 'UnaryOperator'.
e: file:///Users/jim/work/v2superbikeshed/Trikeshed/src/commonMain/kotlin/borg/trikeshed/parse/bbcursive/lib/chlit_.kt:10:25 Unresolved reference 'UnaryOperator'.
e: file:///Users/jim/work/v2superbikeshed/Trikeshed/src/commonMain/kotlin/borg/trikeshed/parse/bbcursive/lib/chlit_.kt:14:33 Unresolved reference 'UnaryOperator'.
e: file:///Users/jim/work/v2superbikeshed/Trikeshed/src/commonMain/kotlin/borg/trikeshed/parse/bbcursive/lib/chlit_.kt:19:66 Unresolved reference 'UnaryOperator'.
e: file:///Users/jim/work/v2superbikeshed/Trikeshed/src/commonMain/kotlin/borg/trikeshed/parse/bbcursive/lib/chlit_.kt:21:9 'toString' overrides nothing.
e: file:///Users/jim/work/v2superbikeshed/Trikeshed/src/commonMain/kotlin/borg/trikeshed/parse/bbcursive/lib/chlit_.kt:26:9 'invoke' overrides nothing.
e: file:///Users/jim/work/v2superbikeshed/Trikeshed/src/commonMain/kotlin/borg/trikeshed/parse/bbcursive/lib/chlit_.kt:30:25 Unresolved reference. None of the following candidates is applicable because of a receiver type mismatch:
expect fun MatchGroupCollection.get(name: String): MatchGroup?
e: file:///Users/jim/work/v2superbikeshed/Trikeshed/src/commonMain/kotlin/borg/trikeshed/parse/bbcursive/lib/chlit_.kt:31:51 None of the following candidates is applicable:
expect fun String.toInt(): Int
expect fun String.toInt(radix: Int): Int
e: file:///Users/jim/work/v2superbikeshed/Trikeshed/src/commonMain/kotlin/borg/trikeshed/parse/bbcursive/lib/chlit_.kt:31:59 Unresolved reference 'and'.
e: file:///Users/jim/work/v2superbikeshed/Trikeshed/src/commonMain/kotlin/borg/trikeshed/parse/bbcursive/lib/confix_.kt:3:8 Unresolved reference 'java'.
e: file:///Users/jim/work/v2superbikeshed/Trikeshed/src/commonMain/kotlin/borg/trikeshed/parse/bbcursive/lib/confix_.kt:4:8 Unresolved reference 'java'.
e: file:///Users/jim/work/v2superbikeshed/Trikeshed/src/commonMain/kotlin/borg/trikeshed/parse/bbcursive/lib/confix_.kt:5:8 Unresolved reference 'java'.
e: file:///Users/jim/work/v2superbikeshed/Trikeshed/src/commonMain/kotlin/borg/trikeshed/parse/bbcursive/lib/confix_.kt:7:8 Unresolved reference 'bbcursive'.
e: file:///Users/jim/work/v2superbikeshed/Trikeshed/src/commonMain/kotlin/borg/trikeshed/parse/bbcursive/lib/confix_.kt:8:8 Unresolved reference 'bbcursive'.
e: file:///Users/jim/work/v2superbikeshed/Trikeshed/src/commonMain/kotlin/borg/trikeshed/parse/bbcursive/lib/confix_.kt:14:26 Unresolved reference 'UnaryOperator'.
e: file:///Users/jim/work/v2superbikeshed/Trikeshed/src/commonMain/kotlin/borg/trikeshed/parse/bbcursive/lib/confix_.kt:14:40 Unresolved reference 'ByteBuffer'.
e: file:///Users/jim/work/v2superbikeshed/Trikeshed/src/commonMain/kotlin/borg/trikeshed/parse/bbcursive/lib/confix_.kt:14:74 Unresolved reference 'UnaryOperator'.
e: file:///Users/jim/work/v2superbikeshed/Trikeshed/src/commonMain/kotlin/borg/trikeshed/parse/bbcursive/lib/confix_.kt:14:88 Unresolved reference 'ByteBuffer'.
e: file:///Users/jim/work/v2superbikeshed/Trikeshed/src/commonMain/kotlin/borg/trikeshed/parse/bbcursive/lib/confix_.kt:15:25 Unresolved reference 'UnaryOperator'.
e: file:///Users/jim/work/v2superbikeshed/Trikeshed/src/commonMain/kotlin/borg/trikeshed/parse/bbcursive/lib/confix_.kt:15:39 Unresolved reference 'ByteBuffer'.
e: file:///Users/jim/work/v2superbikeshed/Trikeshed/src/commonMain/kotlin/borg/trikeshed/parse/bbcursive/lib/confix_.kt:16:13 'toString' overrides nothing.
e: file:///Users/jim/work/v2superbikeshed/Trikeshed/src/commonMain/kotlin/borg/trikeshed/parse/bbcursive/lib/confix_.kt:17:36 Unresolved reference 'Arrays'.
e: file:///Users/jim/work/v2superbikeshed/Trikeshed/src/commonMain/kotlin/borg/trikeshed/parse/bbcursive/lib/confix_.kt:20:13 'apply' overrides nothing.
e: file:///Users/jim/work/v2superbikeshed/Trikeshed/src/commonMain/kotlin/borg/trikeshed/parse/bbcursive/lib/confix_.kt:20:40 Unresolved reference 'ByteBuffer'.
e: file:///Users/jim/work/v2superbikeshed/Trikeshed/src/commonMain/kotlin/borg/trikeshed/parse/bbcursive/lib/confix_.kt:20:53 Unresolved reference 'ByteBuffer'.
e: file:///Users/jim/work/v2superbikeshed/Trikeshed/src/commonMain/kotlin/borg/trikeshed/parse/bbcursive/lib/confix_.kt:24:24 Unresolved reference 'bb'.
e: file:///Users/jim/work/v2superbikeshed/Trikeshed/src/commonMain/kotlin/borg/trikeshed/parse/bbcursive/lib/confix_.kt:29:24 Unresolved reference 'UnaryOperator'.
e: file:///Users/jim/work/v2superbikeshed/Trikeshed/src/commonMain/kotlin/borg/trikeshed/parse/bbcursive/lib/confix_.kt:29:38 Unresolved reference 'ByteBuffer'.
e: file:///Users/jim/work/v2superbikeshed/Trikeshed/src/commonMain/kotlin/borg/trikeshed/parse/bbcursive/lib/confix_.kt:29:58 Unresolved reference 'UnaryOperator'.
e: file:///Users/jim/work/v2superbikeshed/Trikeshed/src/commonMain/kotlin/borg/trikeshed/parse/bbcursive/lib/confix_.kt:29:72 Unresolved reference 'ByteBuffer'.
e: file:///Users/jim/work/v2superbikeshed/Trikeshed/src/commonMain/kotlin/borg/trikeshed/parse/bbcursive/lib/confix_.kt:29:95 Unresolved reference 'UnaryOperator'.
e: file:///Users/jim/work/v2superbikeshed/Trikeshed/src/commonMain/kotlin/borg/trikeshed/parse/bbcursive/lib/confix_.kt:29:109 Unresolved reference 'ByteBuffer'.
e: file:///Users/jim/work/v2superbikeshed/Trikeshed/src/commonMain/kotlin/borg/trikeshed/parse/bbcursive/lib/confix_.kt:29:123 Unresolved reference 'UnaryOperator'.
e: file:///Users/jim/work/v2superbikeshed/Trikeshed/src/commonMain/kotlin/borg/trikeshed/parse/bbcursive/lib/confix_.kt:29:137 Unresolved reference 'ByteBuffer'.
e: file:///Users/jim/work/v2superbikeshed/Trikeshed/src/commonMain/kotlin/borg/trikeshed/parse/bbcursive/lib/confix_.kt:31:25 Unresolved reference 'UnaryOperator'.
e: file:///Users/jim/work/v2superbikeshed/Trikeshed/src/commonMain/kotlin/borg/trikeshed/parse/bbcursive/lib/confix_.kt:31:39 Unresolved reference 'ByteBuffer'.
e: file:///Users/jim/work/v2superbikeshed/Trikeshed/src/commonMain/kotlin/borg/trikeshed/parse/bbcursive/lib/confix_.kt:33:13 'toString' overrides nothing.
e: file:///Users/jim/work/v2superbikeshed/Trikeshed/src/commonMain/kotlin/borg/trikeshed/parse/bbcursive/lib/confix_.kt:34:35 Unresolved reference 'Arrays'.
e: file:///Users/jim/work/v2superbikeshed/Trikeshed/src/commonMain/kotlin/borg/trikeshed/parse/bbcursive/lib/confix_.kt:34:55 Cannot infer type for this parameter. Specify it explicitly.
e: file:///Users/jim/work/v2superbikeshed/Trikeshed/src/commonMain/kotlin/borg/trikeshed/parse/bbcursive/lib/confix_.kt:37:13 'apply' overrides nothing.
e: file:///Users/jim/work/v2superbikeshed/Trikeshed/src/commonMain/kotlin/borg/trikeshed/parse/bbcursive/lib/confix_.kt:37:40 Unresolved reference 'ByteBuffer'.
e: file:///Users/jim/work/v2superbikeshed/Trikeshed/src/commonMain/kotlin/borg/trikeshed/parse/bbcursive/lib/confix_.kt:37:53 Unresolved reference 'ByteBuffer'.
e: file:///Users/jim/work/v2superbikeshed/Trikeshed/src/commonMain/kotlin/borg/trikeshed/parse/bbcursive/lib/confix_.kt:38:24 Unresolved reference 'bb'.
e: file:///Users/jim/work/v2superbikeshed/Trikeshed/src/commonMain/kotlin/borg/trikeshed/parse/bbcursive/lib/confix_.kt:38:35 Unresolved reference 'allOf'.
e: file:///Users/jim/work/v2superbikeshed/Trikeshed/src/commonMain/kotlin/borg/trikeshed/parse/bbcursive/lib/infix_.kt:3:23 Unresolved reference 'ann'.
e: file:///Users/jim/work/v2superbikeshed/Trikeshed/src/commonMain/kotlin/borg/trikeshed/parse/bbcursive/lib/infix_.kt:4:23 Unresolved reference 'std'.
e: file:///Users/jim/work/v2superbikeshed/Trikeshed/src/commonMain/kotlin/borg/trikeshed/parse/bbcursive/lib/infix_.kt:6:8 Unresolved reference 'java'.
e: file:///Users/jim/work/v2superbikeshed/Trikeshed/src/commonMain/kotlin/borg/trikeshed/parse/bbcursive/lib/infix_.kt:7:8 Unresolved reference 'java'.
e: file:///Users/jim/work/v2superbikeshed/Trikeshed/src/commonMain/kotlin/borg/trikeshed/parse/bbcursive/lib/infix_.kt:8:8 Unresolved reference 'java'.
e: file:///Users/jim/work/v2superbikeshed/Trikeshed/src/commonMain/kotlin/borg/trikeshed/parse/bbcursive/lib/infix_.kt:10:2 Unresolved reference 'Infix'.
e: file:///Users/jim/work/v2superbikeshed/Trikeshed/src/commonMain/kotlin/borg/trikeshed/parse/bbcursive/lib/infix_.kt:13:6 Unresolved reference 'Infix'.
e: file:///Users/jim/work/v2superbikeshed/Trikeshed/src/commonMain/kotlin/borg/trikeshed/parse/bbcursive/lib/infix_.kt:14:29 Unresolved reference 'UnaryOperator'.
e: file:///Users/jim/work/v2superbikeshed/Trikeshed/src/commonMain/kotlin/borg/trikeshed/parse/bbcursive/lib/infix_.kt:14:43 Unresolved reference 'ByteBuffer'.
e: file:///Users/jim/work/v2superbikeshed/Trikeshed/src/commonMain/kotlin/borg/trikeshed/parse/bbcursive/lib/infix_.kt:14:57 Unresolved reference 'UnaryOperator'.
e: file:///Users/jim/work/v2superbikeshed/Trikeshed/src/commonMain/kotlin/borg/trikeshed/parse/bbcursive/lib/infix_.kt:14:71 Unresolved reference 'ByteBuffer'.
e: file:///Users/jim/work/v2superbikeshed/Trikeshed/src/commonMain/kotlin/borg/trikeshed/parse/bbcursive/lib/infix_.kt:19:6 Unresolved reference 'Infix'.
e: file:///Users/jim/work/v2superbikeshed/Trikeshed/src/commonMain/kotlin/borg/trikeshed/parse/bbcursive/lib/infix_.kt:20:64 Unresolved reference 'UnaryOperator'.
e: file:///Users/jim/work/v2superbikeshed/Trikeshed/src/commonMain/kotlin/borg/trikeshed/parse/bbcursive/lib/infix_.kt:20:78 Unresolved reference 'ByteBuffer'.
e: file:///Users/jim/work/v2superbikeshed/Trikeshed/src/commonMain/kotlin/borg/trikeshed/parse/bbcursive/lib/infix_.kt:20:94 Unresolved reference 'UnaryOperator'.
e: file:///Users/jim/work/v2superbikeshed/Trikeshed/src/commonMain/kotlin/borg/trikeshed/parse/bbcursive/lib/infix_.kt:20:108 Unresolved reference 'ByteBuffer'.
e: file:///Users/jim/work/v2superbikeshed/Trikeshed/src/commonMain/kotlin/borg/trikeshed/parse/bbcursive/lib/infix_.kt:22:9 'toString' overrides nothing.
e: file:///Users/jim/work/v2superbikeshed/Trikeshed/src/commonMain/kotlin/borg/trikeshed/parse/bbcursive/lib/infix_.kt:23:30 Unresolved reference 'Arrays'.
e: file:///Users/jim/work/v2superbikeshed/Trikeshed/src/commonMain/kotlin/borg/trikeshed/parse/bbcursive/lib/infix_.kt:26:9 'apply' overrides nothing.
e: file:///Users/jim/work/v2superbikeshed/Trikeshed/src/commonMain/kotlin/borg/trikeshed/parse/bbcursive/lib/infix_.kt:26:36 Unresolved reference 'ByteBuffer'.
e: file:///Users/jim/work/v2superbikeshed/Trikeshed/src/commonMain/kotlin/borg/trikeshed/parse/bbcursive/lib/infix_.kt:26:49 Unresolved reference 'ByteBuffer'.
e: file:///Users/jim/work/v2superbikeshed/Trikeshed/src/commonMain/kotlin/borg/trikeshed/parse/bbcursive/lib/infix_.kt:28:20 Unresolved reference 'std'.
e: file:///Users/jim/work/v2superbikeshed/Trikeshed/src/commonMain/kotlin/borg/trikeshed/parse/bbcursive/lib/lim.kt:4:39 Unresolved reference 'UnaryOperator'.
e: file:///Users/jim/work/v2superbikeshed/Trikeshed/src/commonMain/kotlin/borg/trikeshed/parse/bbcursive/lib/lim.kt:9:40 Unresolved reference 'UnaryOperator'.
e: file:///Users/jim/work/v2superbikeshed/Trikeshed/src/commonMain/kotlin/borg/trikeshed/parse/bbcursive/lib/lim.kt:17:29 Unresolved reference 'UnaryOperator'.
e: file:///Users/jim/work/v2superbikeshed/Trikeshed/src/commonMain/kotlin/borg/trikeshed/parse/bbcursive/lib/lim.kt:22:5 'invoke' overrides nothing.
e: file:///Users/jim/work/v2superbikeshed/Trikeshed/src/commonMain/kotlin/borg/trikeshed/parse/bbcursive/lib/lim.kt:23:22 Argument type mismatch: actual type is 'borg.trikeshed.parse.bbcursive.lib.Int', but 'kotlin.Int' was expected.
e: file:///Users/jim/work/v2superbikeshed/Trikeshed/src/commonMain/kotlin/borg/trikeshed/parse/bbcursive/lib/log.kt:21:9 Unresolved reference 'assert'.
e: file:///Users/jim/work/v2superbikeshed/Trikeshed/src/commonMain/kotlin/borg/trikeshed/parse/bbcursive/lib/log.kt:21:9 Cannot infer type for this parameter. Specify it explicitly.
e: file:///Users/jim/work/v2superbikeshed/Trikeshed/src/commonMain/kotlin/borg/trikeshed/parse/bbcursive/lib/log.kt:21:19 Syntax error: Expecting ')'.
e: file:///Users/jim/work/v2superbikeshed/Trikeshed/src/commonMain/kotlin/borg/trikeshed/parse/bbcursive/lib/log.kt:21:39 Syntax error: Unexpected tokens (use ';' to separate expressions on the same line).
e: file:///Users/jim/work/v2superbikeshed/Trikeshed/src/commonMain/kotlin/borg/trikeshed/parse/bbcursive/lib/log.kt:31:5 Function 'log' without a body must be abstract.
e: file:///Users/jim/work/v2superbikeshed/Trikeshed/src/commonMain/kotlin/borg/trikeshed/parse/bbcursive/lib/log.kt:31:12 Syntax error: Expecting '('.
e: file:///Users/jim/work/v2superbikeshed/Trikeshed/src/commonMain/kotlin/borg/trikeshed/parse/bbcursive/lib/log.kt:31:12 Syntax error: Expecting member declaration.
e: file:///Users/jim/work/v2superbikeshed/Trikeshed/src/commonMain/kotlin/borg/trikeshed/parse/bbcursive/lib/log.kt:31:13 Syntax error: Expecting member declaration.
e: file:///Users/jim/work/v2superbikeshed/Trikeshed/src/commonMain/kotlin/borg/trikeshed/parse/bbcursive/lib/log.kt:31:14 Syntax error: Expecting member declaration.
e: file:///Users/jim/work/v2superbikeshed/Trikeshed/src/commonMain/kotlin/borg/trikeshed/parse/bbcursive/lib/log.kt:31:16 Syntax error: Expecting member declaration.
e: file:///Users/jim/work/v2superbikeshed/Trikeshed/src/commonMain/kotlin/borg/trikeshed/parse/bbcursive/lib/log.kt:31:18 Syntax error: Expecting member declaration.
e: file:///Users/jim/work/v2superbikeshed/Trikeshed/src/commonMain/kotlin/borg/trikeshed/parse/bbcursive/lib/log.kt:31:21 Syntax error: Expecting member declaration.
e: file:///Users/jim/work/v2superbikeshed/Trikeshed/src/commonMain/kotlin/borg/trikeshed/parse/bbcursive/lib/log.kt:31:30 Syntax error: Expecting member declaration.
e: file:///Users/jim/work/v2superbikeshed/Trikeshed/src/commonMain/kotlin/borg/trikeshed/parse/bbcursive/lib/log.kt:31:42 Syntax error: Expecting member declaration.
e: file:///Users/jim/work/v2superbikeshed/Trikeshed/src/commonMain/kotlin/borg/trikeshed/parse/bbcursive/lib/log.kt:31:44 Syntax error: Expecting member declaration.
e: file:///Users/jim/work/v2superbikeshed/Trikeshed/src/commonMain/kotlin/borg/trikeshed/parse/bbcursive/lib/log.kt:31:50 Syntax error: Expecting member declaration.
e: file:///Users/jim/work/v2superbikeshed/Trikeshed/src/commonMain/kotlin/borg/trikeshed/parse/bbcursive/lib/log.kt:31:51 Syntax error: Expecting member declaration.
e: file:///Users/jim/work/v2superbikeshed/Trikeshed/src/commonMain/kotlin/borg/trikeshed/parse/bbcursive/lib/log.kt:31:53 Syntax error: Expecting member declaration.
e: file:///Users/jim/work/v2superbikeshed/Trikeshed/src/commonMain/kotlin/borg/trikeshed/parse/bbcursive/lib/log.kt:31:61 Syntax error: Expecting member declaration.
e: file:///Users/jim/work/v2superbikeshed/Trikeshed/src/commonMain/kotlin/borg/trikeshed/parse/bbcursive/lib/log.kt:31:61 Function declaration must have a name.
e: file:///Users/jim/work/v2superbikeshed/Trikeshed/src/commonMain/kotlin/borg/trikeshed/parse/bbcursive/lib/log.kt:32:29 Unresolved reference 'prefixSuffix'.
e: file:///Users/jim/work/v2superbikeshed/Trikeshed/src/commonMain/kotlin/borg/trikeshed/parse/bbcursive/lib/log.kt:33:17 Unresolved reference 'prefixSuffix'.
e: file:///Users/jim/work/v2superbikeshed/Trikeshed/src/commonMain/kotlin/borg/trikeshed/parse/bbcursive/lib/log.kt:34:13 Unresolved reference 'System'.
e: file:///Users/jim/work/v2superbikeshed/Trikeshed/src/commonMain/kotlin/borg/trikeshed/parse/bbcursive/lib/log.kt:34:30 Unresolved reference 'prefixSuffix'.
e: file:///Users/jim/work/v2superbikeshed/Trikeshed/src/commonMain/kotlin/borg/trikeshed/parse/bbcursive/lib/log.kt:34:30 Cannot infer type for this parameter. Specify it explicitly.
e: file:///Users/jim/work/v2superbikeshed/Trikeshed/src/commonMain/kotlin/borg/trikeshed/parse/bbcursive/lib/log.kt:35:13 Unresolved reference 'ob'.
e: file:///Users/jim/work/v2superbikeshed/Trikeshed/src/commonMain/kotlin/borg/trikeshed/parse/bbcursive/lib/log.kt:36:17 Unresolved reference 'ob'.
e: file:///Users/jim/work/v2superbikeshed/Trikeshed/src/commonMain/kotlin/borg/trikeshed/parse/bbcursive/lib/log.kt:37:37 Unresolved reference 'ob'.
e: file:///Users/jim/work/v2superbikeshed/Trikeshed/src/commonMain/kotlin/borg/trikeshed/parse/bbcursive/lib/log.kt:38:21 Suspend function 'suspend fun bb(b: ByteIndexedBuffer, vararg ops: ERROR CLASS: Symbol not found for UnaryOperator): ByteIndexedBuffer?' can only be called from a coroutine or another suspend function.
e: file:///Users/jim/work/v2superbikeshed/Trikeshed/src/commonMain/kotlin/borg/trikeshed/parse/bbcursive/lib/log.kt:40:21 Suspend function 'suspend fun bb(b: ByteIndexedBuffer, vararg ops: ERROR CLASS: Symbol not found for UnaryOperator): ByteIndexedBuffer?' can only be called from a coroutine or another suspend function.
e: file:///Users/jim/work/v2superbikeshed/Trikeshed/src/commonMain/kotlin/borg/trikeshed/parse/bbcursive/lib/log.kt:40:24 Unresolved reference 'ob'.
e: file:///Users/jim/work/v2superbikeshed/Trikeshed/src/commonMain/kotlin/borg/trikeshed/parse/bbcursive/lib/log.kt:40:58 Unresolved reference. None of the following candidates is applicable because of a receiver type mismatch:
fun Join<Int, Function1<Int, Byte>>.toByteIndexedBuffer(pos: Int = ..., limit: Int = ...): ByteIndexedBuffer
e: file:///Users/jim/work/v2superbikeshed/Trikeshed/src/commonMain/kotlin/borg/trikeshed/parse/bbcursive/lib/log.kt:43:17 Suspend function 'suspend fun bb(b: ByteIndexedBuffer, vararg ops: ERROR CLASS: Symbol not found for UnaryOperator): ByteIndexedBuffer?' can only be called from a coroutine or another suspend function.
e: file:///Users/jim/work/v2superbikeshed/Trikeshed/src/commonMain/kotlin/borg/trikeshed/parse/bbcursive/lib/log.kt:43:20 Unresolved reference 'ob'.
e: file:///Users/jim/work/v2superbikeshed/Trikeshed/src/commonMain/kotlin/borg/trikeshed/parse/bbcursive/lib/log.kt:46:13 Unresolved reference 'System'.
e: file:///Users/jim/work/v2superbikeshed/Trikeshed/src/commonMain/kotlin/borg/trikeshed/parse/bbcursive/lib/log.kt:46:32 Unresolved reference 'prefixSuffix'.
e: file:///Users/jim/work/v2superbikeshed/Trikeshed/src/commonMain/kotlin/borg/trikeshed/parse/bbcursive/lib/log.kt:46:32 Cannot infer type for this parameter. Specify it explicitly.
e: file:///Users/jim/work/v2superbikeshed/Trikeshed/src/commonMain/kotlin/borg/trikeshed/parse/bbcursive/lib/log.kt:48:16 Return type mismatch: expected 'Unit', actual 'Boolean'.
e: file:///Users/jim/work/v2superbikeshed/Trikeshed/src/commonMain/kotlin/borg/trikeshed/parse/bbcursive/lib/opt_.kt:3:8 Unresolved reference 'java'.
e: file:///Users/jim/work/v2superbikeshed/Trikeshed/src/commonMain/kotlin/borg/trikeshed/parse/bbcursive/lib/opt_.kt:4:8 Unresolved reference 'java'.
e: file:///Users/jim/work/v2superbikeshed/Trikeshed/src/commonMain/kotlin/borg/trikeshed/parse/bbcursive/lib/opt_.kt:5:8 Unresolved reference 'java'.
e: file:///Users/jim/work/v2superbikeshed/Trikeshed/src/commonMain/kotlin/borg/trikeshed/parse/bbcursive/lib/opt_.kt:7:8 Unresolved reference 'bbcursive'.
e: file:///Users/jim/work/v2superbikeshed/Trikeshed/src/commonMain/kotlin/borg/trikeshed/parse/bbcursive/lib/opt_.kt:14:36 Unresolved reference 'UnaryOperator'.
e: file:///Users/jim/work/v2superbikeshed/Trikeshed/src/commonMain/kotlin/borg/trikeshed/parse/bbcursive/lib/opt_.kt:14:50 Unresolved reference 'ByteBuffer'.
e: file:///Users/jim/work/v2superbikeshed/Trikeshed/src/commonMain/kotlin/borg/trikeshed/parse/bbcursive/lib/opt_.kt:14:64 Unresolved reference 'UnaryOperator'.
e: file:///Users/jim/work/v2superbikeshed/Trikeshed/src/commonMain/kotlin/borg/trikeshed/parse/bbcursive/lib/opt_.kt:14:78 Unresolved reference 'ByteBuffer'.
e: file:///Users/jim/work/v2superbikeshed/Trikeshed/src/commonMain/kotlin/borg/trikeshed/parse/bbcursive/lib/opt_.kt:18:72 Unresolved reference 'UnaryOperator'.
e: file:///Users/jim/work/v2superbikeshed/Trikeshed/src/commonMain/kotlin/borg/trikeshed/parse/bbcursive/lib/opt_.kt:18:86 Unresolved reference 'ByteBuffer'.
e: file:///Users/jim/work/v2superbikeshed/Trikeshed/src/commonMain/kotlin/borg/trikeshed/parse/bbcursive/lib/opt_.kt:18:102 Unresolved reference 'UnaryOperator'.
e: file:///Users/jim/work/v2superbikeshed/Trikeshed/src/commonMain/kotlin/borg/trikeshed/parse/bbcursive/lib/opt_.kt:18:116 Unresolved reference 'ByteBuffer'.
e: file:///Users/jim/work/v2superbikeshed/Trikeshed/src/commonMain/kotlin/borg/trikeshed/parse/bbcursive/lib/opt_.kt:20:9 'toString' overrides nothing.
e: file:///Users/jim/work/v2superbikeshed/Trikeshed/src/commonMain/kotlin/borg/trikeshed/parse/bbcursive/lib/opt_.kt:21:29 Unresolved reference 'Arrays'.
e: file:///Users/jim/work/v2superbikeshed/Trikeshed/src/commonMain/kotlin/borg/trikeshed/parse/bbcursive/lib/opt_.kt:24:9 'apply' overrides nothing.
e: file:///Users/jim/work/v2superbikeshed/Trikeshed/src/commonMain/kotlin/borg/trikeshed/parse/bbcursive/lib/opt_.kt:24:36 Unresolved reference 'ByteBuffer'.
e: file:///Users/jim/work/v2superbikeshed/Trikeshed/src/commonMain/kotlin/borg/trikeshed/parse/bbcursive/lib/opt_.kt:24:49 Unresolved reference 'ByteBuffer'.
e: file:///Users/jim/work/v2superbikeshed/Trikeshed/src/commonMain/kotlin/borg/trikeshed/parse/bbcursive/lib/opt_.kt:25:35 Unresolved reference 'position'.
e: file:///Users/jim/work/v2superbikeshed/Trikeshed/src/commonMain/kotlin/borg/trikeshed/parse/bbcursive/lib/opt_.kt:26:21 Unresolved reference 'bb'.
e: file:///Users/jim/work/v2superbikeshed/Trikeshed/src/commonMain/kotlin/borg/trikeshed/parse/bbcursive/lib/opt_.kt:28:24 Unresolved reference 'position'.
e: file:///Users/jim/work/v2superbikeshed/Trikeshed/src/commonMain/kotlin/borg/trikeshed/parse/bbcursive/lib/pos.kt:4:39 Unresolved reference 'UnaryOperator'.
e: file:///Users/jim/work/v2superbikeshed/Trikeshed/src/commonMain/kotlin/borg/trikeshed/parse/bbcursive/lib/pos.kt:9:40 Unresolved reference 'UnaryOperator'.
e: file:///Users/jim/work/v2superbikeshed/Trikeshed/src/commonMain/kotlin/borg/trikeshed/parse/bbcursive/lib/pos.kt:18:33 Unresolved reference 'UnaryOperator'.
e: file:///Users/jim/work/v2superbikeshed/Trikeshed/src/commonMain/kotlin/borg/trikeshed/parse/bbcursive/lib/pos.kt:19:20 'operator' modifier is required on 'FirNamedFunctionSymbol borg/trikeshed/parse/bbcursive/lib/pos.invoke' in 'invoke'.
e: file:///Users/jim/work/v2superbikeshed/Trikeshed/src/commonMain/kotlin/borg/trikeshed/parse/bbcursive/lib/pos.kt:19:29 This type is final, so it cannot be extended.
e: file:///Users/jim/work/v2superbikeshed/Trikeshed/src/commonMain/kotlin/borg/trikeshed/parse/bbcursive/lib/pos.kt:19:42 Syntax error: Expecting a class body.
e: file:///Users/jim/work/v2superbikeshed/Trikeshed/src/commonMain/kotlin/borg/trikeshed/parse/bbcursive/lib/pos.kt:19:45 Argument type mismatch: actual type is 'Function0<Unit>', but 'ByteIndexedBuffer' was expected.
e: file:///Users/jim/work/v2superbikeshed/Trikeshed/src/commonMain/kotlin/borg/trikeshed/parse/bbcursive/lib/pos.kt:20:17 Modifier 'override' is not applicable to 'local function'.
e: file:///Users/jim/work/v2superbikeshed/Trikeshed/src/commonMain/kotlin/borg/trikeshed/parse/bbcursive/lib/pos.kt:27:5 'invoke' overrides nothing.
e: file:///Users/jim/work/v2superbikeshed/Trikeshed/src/commonMain/kotlin/borg/trikeshed/parse/bbcursive/lib/pos.kt:28:44 Argument type mismatch: actual type is 'borg.trikeshed.parse.bbcursive.lib.Int', but 'kotlin.Int' was expected.
e: file:///Users/jim/work/v2superbikeshed/Trikeshed/src/commonMain/kotlin/borg/trikeshed/parse/bbcursive/lib/push.kt:3:8 Unresolved reference 'java'.
e: file:///Users/jim/work/v2superbikeshed/Trikeshed/src/commonMain/kotlin/borg/trikeshed/parse/bbcursive/lib/push.kt:15:19 Unresolved reference 'ByteBuffer'.
e: file:///Users/jim/work/v2superbikeshed/Trikeshed/src/commonMain/kotlin/borg/trikeshed/parse/bbcursive/lib/push.kt:15:37 Unresolved reference 'ByteBuffer'.
e: file:///Users/jim/work/v2superbikeshed/Trikeshed/src/commonMain/kotlin/borg/trikeshed/parse/bbcursive/lib/push.kt:15:50 Unresolved reference 'ByteBuffer'.
e: file:///Users/jim/work/v2superbikeshed/Trikeshed/src/commonMain/kotlin/borg/trikeshed/parse/bbcursive/lib/push.kt:16:24 Unresolved reference 'remaining'.
e: file:///Users/jim/work/v2superbikeshed/Trikeshed/src/commonMain/kotlin/borg/trikeshed/parse/bbcursive/lib/push.kt:17:25 Unresolved reference 'remaining'.
e: file:///Users/jim/work/v2superbikeshed/Trikeshed/src/commonMain/kotlin/borg/trikeshed/parse/bbcursive/lib/push.kt:19:25 Unresolved reference 'put'.
e: file:///Users/jim/work/v2superbikeshed/Trikeshed/src/commonMain/kotlin/borg/trikeshed/parse/bbcursive/lib/push.kt:21:14 Unresolved reference 'put'.
e: file:///Users/jim/work/v2superbikeshed/Trikeshed/src/commonMain/kotlin/borg/trikeshed/parse/bbcursive/lib/push.kt:21:30 Unresolved reference 'limit'.
e: file:///Users/jim/work/v2superbikeshed/Trikeshed/src/commonMain/kotlin/borg/trikeshed/parse/bbcursive/lib/push.kt:21:45 Unresolved reference 'ByteBuffer'.
e: file:///Users/jim/work/v2superbikeshed/Trikeshed/src/commonMain/kotlin/borg/trikeshed/parse/bbcursive/lib/push.kt:22:13 Unresolved reference 'position'.
e: file:///Users/jim/work/v2superbikeshed/Trikeshed/src/commonMain/kotlin/borg/trikeshed/parse/bbcursive/lib/push.kt:22:26 Unresolved reference 'position'.
e: file:///Users/jim/work/v2superbikeshed/Trikeshed/src/commonMain/kotlin/borg/trikeshed/parse/bbcursive/lib/repeat_.kt:3:8 Unresolved reference 'org'.
e: file:///Users/jim/work/v2superbikeshed/Trikeshed/src/commonMain/kotlin/borg/trikeshed/parse/bbcursive/lib/repeat_.kt:5:8 Unresolved reference 'java'.
e: file:///Users/jim/work/v2superbikeshed/Trikeshed/src/commonMain/kotlin/borg/trikeshed/parse/bbcursive/lib/repeat_.kt:6:8 Unresolved reference 'java'.
e: file:///Users/jim/work/v2superbikeshed/Trikeshed/src/commonMain/kotlin/borg/trikeshed/parse/bbcursive/lib/repeat_.kt:7:8 Unresolved reference 'java'.
e: file:///Users/jim/work/v2superbikeshed/Trikeshed/src/commonMain/kotlin/borg/trikeshed/parse/bbcursive/lib/repeat_.kt:9:8 Unresolved reference 'bbcursive'.
e: file:///Users/jim/work/v2superbikeshed/Trikeshed/src/commonMain/kotlin/borg/trikeshed/parse/bbcursive/lib/repeat_.kt:16:6 Unresolved reference 'NotNull'.
e: file:///Users/jim/work/v2superbikeshed/Trikeshed/src/commonMain/kotlin/borg/trikeshed/parse/bbcursive/lib/repeat_.kt:17:27 Unresolved reference 'UnaryOperator'.
e: file:///Users/jim/work/v2superbikeshed/Trikeshed/src/commonMain/kotlin/borg/trikeshed/parse/bbcursive/lib/repeat_.kt:17:41 Unresolved reference 'ByteBuffer'.
e: file:///Users/jim/work/v2superbikeshed/Trikeshed/src/commonMain/kotlin/borg/trikeshed/parse/bbcursive/lib/repeat_.kt:17:55 Unresolved reference 'UnaryOperator'.
e: file:///Users/jim/work/v2superbikeshed/Trikeshed/src/commonMain/kotlin/borg/trikeshed/parse/bbcursive/lib/repeat_.kt:17:69 Unresolved reference 'ByteBuffer'.
e: file:///Users/jim/work/v2superbikeshed/Trikeshed/src/commonMain/kotlin/borg/trikeshed/parse/bbcursive/lib/repeat_.kt:18:25 Unresolved reference 'UnaryOperator'.
e: file:///Users/jim/work/v2superbikeshed/Trikeshed/src/commonMain/kotlin/borg/trikeshed/parse/bbcursive/lib/repeat_.kt:18:39 Unresolved reference 'ByteBuffer'.
e: file:///Users/jim/work/v2superbikeshed/Trikeshed/src/commonMain/kotlin/borg/trikeshed/parse/bbcursive/lib/repeat_.kt:21:13 'toString' overrides nothing.
e: file:///Users/jim/work/v2superbikeshed/Trikeshed/src/commonMain/kotlin/borg/trikeshed/parse/bbcursive/lib/repeat_.kt:22:33 Unresolved reference 'Arrays'.
e: file:///Users/jim/work/v2superbikeshed/Trikeshed/src/commonMain/kotlin/borg/trikeshed/parse/bbcursive/lib/repeat_.kt:25:13 'apply' overrides nothing.
e: file:///Users/jim/work/v2superbikeshed/Trikeshed/src/commonMain/kotlin/borg/trikeshed/parse/bbcursive/lib/repeat_.kt:25:44 Unresolved reference 'ByteBuffer'.
e: file:///Users/jim/work/v2superbikeshed/Trikeshed/src/commonMain/kotlin/borg/trikeshed/parse/bbcursive/lib/repeat_.kt:25:57 Unresolved reference 'ByteBuffer'.
e: file:///Users/jim/work/v2superbikeshed/Trikeshed/src/commonMain/kotlin/borg/trikeshed/parse/bbcursive/lib/repeat_.kt:26:39 Unresolved reference 'position'.
e: file:///Users/jim/work/v2superbikeshed/Trikeshed/src/commonMain/kotlin/borg/trikeshed/parse/bbcursive/lib/repeat_.kt:28:29 Unresolved reference 'ByteBuffer'.
e: file:///Users/jim/work/v2superbikeshed/Trikeshed/src/commonMain/kotlin/borg/trikeshed/parse/bbcursive/lib/repeat_.kt:29:27 Unresolved reference 'ByteBuffer'.
e: file:///Users/jim/work/v2superbikeshed/Trikeshed/src/commonMain/kotlin/borg/trikeshed/parse/bbcursive/lib/repeat_.kt:30:49 Unresolved reference 'hasRemaining'.
e: file:///Users/jim/work/v2superbikeshed/Trikeshed/src/commonMain/kotlin/borg/trikeshed/parse/bbcursive/lib/repeat_.kt:33:25 Unresolved reference 'bb'.
e: file:///Users/jim/work/v2superbikeshed/Trikeshed/src/commonMain/kotlin/borg/trikeshed/parse/bbcursive/lib/repeat_.kt:35:39 Unresolved reference 'position'.
e: file:///Users/jim/work/v2superbikeshed/Trikeshed/src/commonMain/kotlin/borg/trikeshed/parse/bbcursive/lib/repeat_.kt:40:57 Unresolved reference 'hasRemaining'.
e: file:///Users/jim/work/v2superbikeshed/Trikeshed/src/commonMain/kotlin/borg/trikeshed/parse/bbcursive/lib/repeat_.kt:41:26 Unresolved reference 'position'.
e: file:///Users/jim/work/v2superbikeshed/Trikeshed/src/commonMain/kotlin/borg/trikeshed/parse/bbcursive/lib/skipper_.kt:3:23 Unresolved reference 'ann'.
e: file:///Users/jim/work/v2superbikeshed/Trikeshed/src/commonMain/kotlin/borg/trikeshed/parse/bbcursive/lib/skipper_.kt:4:23 Unresolved reference 'std'.
e: file:///Users/jim/work/v2superbikeshed/Trikeshed/src/commonMain/kotlin/borg/trikeshed/parse/bbcursive/lib/skipper_.kt:6:8 Unresolved reference 'java'.
e: file:///Users/jim/work/v2superbikeshed/Trikeshed/src/commonMain/kotlin/borg/trikeshed/parse/bbcursive/lib/skipper_.kt:7:8 Unresolved reference 'java'.
e: file:///Users/jim/work/v2superbikeshed/Trikeshed/src/commonMain/kotlin/borg/trikeshed/parse/bbcursive/lib/skipper_.kt:8:8 Unresolved reference 'java'.
e: file:///Users/jim/work/v2superbikeshed/Trikeshed/src/commonMain/kotlin/borg/trikeshed/parse/bbcursive/lib/skipper_.kt:10:8 Unresolved reference 'bbcursive'.
e: file:///Users/jim/work/v2superbikeshed/Trikeshed/src/commonMain/kotlin/borg/trikeshed/parse/bbcursive/lib/skipper_.kt:12:2 Unresolved reference 'Skipper'.
e: file:///Users/jim/work/v2superbikeshed/Trikeshed/src/commonMain/kotlin/borg/trikeshed/parse/bbcursive/lib/skipper_.kt:15:6 Unresolved reference 'Skipper'.
e: file:///Users/jim/work/v2superbikeshed/Trikeshed/src/commonMain/kotlin/borg/trikeshed/parse/bbcursive/lib/skipper_.kt:16:31 Unresolved reference 'UnaryOperator'.
e: file:///Users/jim/work/v2superbikeshed/Trikeshed/src/commonMain/kotlin/borg/trikeshed/parse/bbcursive/lib/skipper_.kt:16:45 Unresolved reference 'ByteBuffer'.
e: file:///Users/jim/work/v2superbikeshed/Trikeshed/src/commonMain/kotlin/borg/trikeshed/parse/bbcursive/lib/skipper_.kt:16:59 Unresolved reference 'UnaryOperator'.
e: file:///Users/jim/work/v2superbikeshed/Trikeshed/src/commonMain/kotlin/borg/trikeshed/parse/bbcursive/lib/skipper_.kt:16:73 Unresolved reference 'ByteBuffer'.
e: file:///Users/jim/work/v2superbikeshed/Trikeshed/src/commonMain/kotlin/borg/trikeshed/parse/bbcursive/lib/skipper_.kt:21:6 Unresolved reference 'Skipper'.
e: file:///Users/jim/work/v2superbikeshed/Trikeshed/src/commonMain/kotlin/borg/trikeshed/parse/bbcursive/lib/skipper_.kt:22:64 Unresolved reference 'UnaryOperator'.
e: file:///Users/jim/work/v2superbikeshed/Trikeshed/src/commonMain/kotlin/borg/trikeshed/parse/bbcursive/lib/skipper_.kt:22:78 Unresolved reference 'ByteBuffer'.
e: file:///Users/jim/work/v2superbikeshed/Trikeshed/src/commonMain/kotlin/borg/trikeshed/parse/bbcursive/lib/skipper_.kt:22:94 Unresolved reference 'UnaryOperator'.
e: file:///Users/jim/work/v2superbikeshed/Trikeshed/src/commonMain/kotlin/borg/trikeshed/parse/bbcursive/lib/skipper_.kt:22:108 Unresolved reference 'ByteBuffer'.
e: file:///Users/jim/work/v2superbikeshed/Trikeshed/src/commonMain/kotlin/borg/trikeshed/parse/bbcursive/lib/skipper_.kt:24:9 'toString' overrides nothing.
e: file:///Users/jim/work/v2superbikeshed/Trikeshed/src/commonMain/kotlin/borg/trikeshed/parse/bbcursive/lib/skipper_.kt:25:32 Unresolved reference 'Arrays'.
e: file:///Users/jim/work/v2superbikeshed/Trikeshed/src/commonMain/kotlin/borg/trikeshed/parse/bbcursive/lib/skipper_.kt:29:9 'apply' overrides nothing.
e: file:///Users/jim/work/v2superbikeshed/Trikeshed/src/commonMain/kotlin/borg/trikeshed/parse/bbcursive/lib/skipper_.kt:29:36 Unresolved reference 'ByteBuffer'.
e: file:///Users/jim/work/v2superbikeshed/Trikeshed/src/commonMain/kotlin/borg/trikeshed/parse/bbcursive/lib/skipper_.kt:29:49 Unresolved reference 'ByteBuffer'.
e: file:///Users/jim/work/v2superbikeshed/Trikeshed/src/commonMain/kotlin/borg/trikeshed/parse/bbcursive/lib/skipper_.kt:30:13 Unresolved reference 'std'.
e: file:///Users/jim/work/v2superbikeshed/Trikeshed/src/commonMain/kotlin/borg/trikeshed/parse/bbcursive/lib/skipper_.kt:30:29 Unresolved reference 'add'.
e: file:///Users/jim/work/v2superbikeshed/Trikeshed/src/commonMain/kotlin/borg/trikeshed/parse/bbcursive/lib/skipper_.kt:30:33 Unresolved reference 'std'.
e: file:///Users/jim/work/v2superbikeshed/Trikeshed/src/commonMain/kotlin/borg/trikeshed/parse/bbcursive/lib/skipper_.kt:32:20 Unresolved reference 'bb'.
e: file:///Users/jim/work/v2superbikeshed/Trikeshed/src/commonMain/kotlin/borg/trikeshed/parse/bbcursive/lib/strlit.kt:6:39 Unresolved reference 'UnaryOperator'.
e: file:///Users/jim/work/v2superbikeshed/Trikeshed/src/commonMain/kotlin/borg/trikeshed/parse/bbcursive/lib/strlit.kt:7:8 Unresolved reference 'java'.
e: file:///Users/jim/work/v2superbikeshed/Trikeshed/src/commonMain/kotlin/borg/trikeshed/parse/bbcursive/lib/strlit.kt:14:34 Unresolved reference 'UnaryOperator'.
e: file:///Users/jim/work/v2superbikeshed/Trikeshed/src/commonMain/kotlin/borg/trikeshed/parse/bbcursive/lib/strlit.kt:18:74 Unresolved reference 'UnaryOperator'.
e: file:///Users/jim/work/v2superbikeshed/Trikeshed/src/commonMain/kotlin/borg/trikeshed/parse/bbcursive/lib/strlit.kt:20:9 'toString' overrides nothing.
e: file:///Users/jim/work/v2superbikeshed/Trikeshed/src/commonMain/kotlin/borg/trikeshed/parse/bbcursive/lib/strlit.kt:21:20 Unresolved reference 'MessageFormat'.
e: file:///Users/jim/work/v2superbikeshed/Trikeshed/src/commonMain/kotlin/borg/trikeshed/parse/bbcursive/lib/strlit.kt:24:9 'invoke' overrides nothing.
e: file:///Users/jim/work/v2superbikeshed/Trikeshed/src/commonMain/kotlin/borg/trikeshed/parse/bbcursive/lib/strlit.kt:25:59 Unresolved reference. None of the following candidates is applicable because of a receiver type mismatch:
fun Join<Int, Function1<Int, Byte>>.toByteIndexedBuffer(pos: Int = ..., limit: Int = ...): ByteIndexedBuffer
e: file:///Users/jim/work/v2superbikeshed/Trikeshed/src/commonMain/kotlin/borg/trikeshed/parse/bbcursive/lib/u8tf.kt:3:8 Unresolved reference 'java'.
e: file:///Users/jim/work/v2superbikeshed/Trikeshed/src/commonMain/kotlin/borg/trikeshed/parse/bbcursive/lib/u8tf.kt:4:8 Unresolved reference 'java'.
e: file:///Users/jim/work/v2superbikeshed/Trikeshed/src/commonMain/kotlin/borg/trikeshed/parse/bbcursive/lib/u8tf.kt:15:31 Unresolved reference 'ByteBuffer'.
e: file:///Users/jim/work/v2superbikeshed/Trikeshed/src/commonMain/kotlin/borg/trikeshed/parse/bbcursive/lib/u8tf.kt:16:16 Unresolved reference 'StandardCharsets'.
e: file:///Users/jim/work/v2superbikeshed/Trikeshed/src/commonMain/kotlin/borg/trikeshed/parse/bbcursive/lib/u8tf.kt:25:21 Unresolved reference 'ByteBuffer'.
e: file:///Users/jim/work/v2superbikeshed/Trikeshed/src/commonMain/kotlin/borg/trikeshed/parse/bbcursive/lib/u8tf.kt:26:16 Unresolved reference 'StandardCharsets'.
e: file:///Users/jim/work/v2superbikeshed/Trikeshed/src/commonMain/kotlin/borg/trikeshed/parse/bbcursive/lib/value_.kt:3:23 Unresolved reference 'ann'.
e: file:///Users/jim/work/v2superbikeshed/Trikeshed/src/commonMain/kotlin/borg/trikeshed/parse/bbcursive/lib/value_.kt:4:23 Unresolved reference 'ann'.
e: file:///Users/jim/work/v2superbikeshed/Trikeshed/src/commonMain/kotlin/borg/trikeshed/parse/bbcursive/lib/value_.kt:6:39 Unresolved reference 'UnaryOperator'.
e: file:///Users/jim/work/v2superbikeshed/Trikeshed/src/commonMain/kotlin/borg/trikeshed/parse/bbcursive/lib/value_.kt:8:50 Cannot import 'infix'. Functions and properties can only be imported from packages or objects.
e: file:///Users/jim/work/v2superbikeshed/Trikeshed/src/commonMain/kotlin/borg/trikeshed/parse/bbcursive/lib/value_.kt:15:2 Unresolved reference 'Infix'.
e: file:///Users/jim/work/v2superbikeshed/Trikeshed/src/commonMain/kotlin/borg/trikeshed/parse/bbcursive/lib/value_.kt:16:2 Unresolved reference 'ForwardOnly'.
e: file:///Users/jim/work/v2superbikeshed/Trikeshed/src/commonMain/kotlin/borg/trikeshed/parse/bbcursive/lib/value_.kt:17:38 Unresolved reference 'UnaryOperator'.
e: file:///Users/jim/work/v2superbikeshed/Trikeshed/src/commonMain/kotlin/borg/trikeshed/parse/bbcursive/lib/value_.kt:27:5 'invoke' overrides nothing.
e: file:///Users/jim/work/v2superbikeshed/Trikeshed/src/commonMain/kotlin/borg/trikeshed/parse/bbcursive/lib/value_.kt:28:16 Unresolved reference 'infix'.
e: file:///Users/jim/work/v2superbikeshed/Trikeshed/src/commonMain/kotlin/borg/trikeshed/parse/bbcursive/std.kt:7:27 Unresolved reference 'pos'.
e: file:///Users/jim/work/v2superbikeshed/Trikeshed/src/commonMain/kotlin/borg/trikeshed/parse/bbcursive/std.kt:8:27 Unresolved reference 'rem'.
e: file:///Users/jim/work/v2superbikeshed/Trikeshed/src/commonMain/kotlin/borg/trikeshed/parse/bbcursive/std.kt:9:27 Unresolved reference 'rew'.
e: file:///Users/jim/work/v2superbikeshed/Trikeshed/src/commonMain/kotlin/borg/trikeshed/parse/bbcursive/std.kt:10:27 Unresolved reference 'lim'.
e: file:///Users/jim/work/v2superbikeshed/Trikeshed/src/commonMain/kotlin/borg/trikeshed/parse/bbcursive/std.kt:11:27 Unresolved reference 'mk'.
e: file:///Users/jim/work/v2superbikeshed/Trikeshed/src/commonMain/kotlin/borg/trikeshed/parse/bbcursive/std.kt:12:27 Unresolved reference 'clr'.
e: file:///Users/jim/work/v2superbikeshed/Trikeshed/src/commonMain/kotlin/borg/trikeshed/parse/bbcursive/std.kt:13:27 Unresolved reference 'rtrim'.
e: file:///Users/jim/work/v2superbikeshed/Trikeshed/src/commonMain/kotlin/borg/trikeshed/parse/bbcursive/std.kt:14:27 Unresolved reference 'dec'.
e: file:///Users/jim/work/v2superbikeshed/Trikeshed/src/commonMain/kotlin/borg/trikeshed/parse/bbcursive/std.kt:15:27 Unresolved reference 'inc'.
e: file:///Users/jim/work/v2superbikeshed/Trikeshed/src/commonMain/kotlin/borg/trikeshed/parse/bbcursive/std.kt:17:27 Unresolved reference 'duplicate'.
e: file:///Users/jim/work/v2superbikeshed/Trikeshed/src/commonMain/kotlin/borg/trikeshed/parse/bbcursive/std.kt:18:27 Unresolved reference 'flip'.
e: file:///Users/jim/work/v2superbikeshed/Trikeshed/src/commonMain/kotlin/borg/trikeshed/parse/bbcursive/std.kt:19:27 Unresolved reference 'ro'.
e: file:///Users/jim/work/v2superbikeshed/Trikeshed/src/commonMain/kotlin/borg/trikeshed/parse/bbcursive/std.kt:20:27 Unresolved reference 'hasRemaining'.
e: file:///Users/jim/work/v2superbikeshed/Trikeshed/src/commonMain/kotlin/borg/trikeshed/parse/bbcursive/std.kt:21:27 Unresolved reference 'put'.
e: file:///Users/jim/work/v2superbikeshed/Trikeshed/src/commonMain/kotlin/borg/trikeshed/parse/bbcursive/std.kt:22:27 Unresolved reference 'a'.
e: file:///Users/jim/work/v2superbikeshed/Trikeshed/src/commonMain/kotlin/borg/trikeshed/parse/bbcursive/std.kt:23:27 Unresolved reference 'b'.
e: file:///Users/jim/work/v2superbikeshed/Trikeshed/src/commonMain/kotlin/borg/trikeshed/parse/bbcursive/std.kt:25:27 Unresolved reference 'encodeToByteArray'.
e: file:///Users/jim/work/v2superbikeshed/Trikeshed/src/commonMain/kotlin/borg/trikeshed/parse/bbcursive/std.kt:27:27 Unresolved reference 'decodeToChars'.
e: file:///Users/jim/work/v2superbikeshed/Trikeshed/src/commonMain/kotlin/borg/trikeshed/parse/bbcursive/std.kt:34:39 Unresolved reference 'SessionContext'.
e: file:///Users/jim/work/v2superbikeshed/Trikeshed/src/commonMain/kotlin/borg/trikeshed/parse/bbcursive/std.kt:41:23 Unresolved reference 'full'.
e: file:///Users/jim/work/v2superbikeshed/Trikeshed/src/commonMain/kotlin/borg/trikeshed/parse/bbcursive/std.kt:42:23 Unresolved reference 'full'.
e: file:///Users/jim/work/v2superbikeshed/Trikeshed/src/commonMain/kotlin/borg/trikeshed/parse/bbcursive/std.kt:70:54 Unresolved reference 'UnaryOperator'.
e: file:///Users/jim/work/v2superbikeshed/Trikeshed/src/commonMain/kotlin/borg/trikeshed/parse/bbcursive/std.kt:72:37 Unresolved reference 'Traits'.
e: file:///Users/jim/work/v2superbikeshed/Trikeshed/src/commonMain/kotlin/borg/trikeshed/parse/bbcursive/std.kt:73:17 Unresolved reference 'UnaryOperator'.
e: file:///Users/jim/work/v2superbikeshed/Trikeshed/src/commonMain/kotlin/borg/trikeshed/parse/bbcursive/std.kt:75:47 Unresolved reference 'Key'.
e: file:///Users/jim/work/v2superbikeshed/Trikeshed/src/commonMain/kotlin/borg/trikeshed/parse/bbcursive/std.kt:80:34 Unresolved reference 'System'.
e: file:///Users/jim/work/v2superbikeshed/Trikeshed/src/commonMain/kotlin/borg/trikeshed/parse/bbcursive/std.kt:83:32 Unresolved reference 'flags'.
e: file:///Users/jim/work/v2superbikeshed/Trikeshed/src/commonMain/kotlin/borg/trikeshed/parse/bbcursive/std.kt:83:47 Unresolved reference 'Traits'.
e: file:///Users/jim/work/v2superbikeshed/Trikeshed/src/commonMain/kotlin/borg/trikeshed/parse/bbcursive/std.kt:90:22 Argument type mismatch: actual type is 'ByteIndexedBuffer', but 'K (of fun <K> WHEN_CALL)' was expected.
e: file:///Users/jim/work/v2superbikeshed/Trikeshed/src/commonMain/kotlin/borg/trikeshed/parse/bbcursive/std.kt:91:22 Argument type mismatch: actual type is 'R (of fun <T, R> DeepRecursiveFunction<T, R>.invoke)', but 'K (of fun <K> WHEN_CALL)' was expected.
e: file:///Users/jim/work/v2superbikeshed/Trikeshed/src/commonMain/kotlin/borg/trikeshed/parse/bbcursive/std.kt:91:25 Cannot infer type for this parameter. Specify it explicitly.
e: file:///Users/jim/work/v2superbikeshed/Trikeshed/src/commonMain/kotlin/borg/trikeshed/parse/bbcursive/std.kt:91:25 Unresolved reference. None of the following candidates is applicable because of a receiver type mismatch:
fun <T, R> DeepRecursiveFunction<T, R>.invoke(value: T): R
e: file:///Users/jim/work/v2superbikeshed/Trikeshed/src/commonMain/kotlin/borg/trikeshed/parse/bbcursive/std.kt:92:25 Argument type mismatch: actual type is 'ByteIndexedBuffer?', but 'K (of fun <K> WHEN_CALL)' was expected.
e: file:///Users/jim/work/v2superbikeshed/Trikeshed/src/commonMain/kotlin/borg/trikeshed/parse/bbcursive/std.kt:95:45 Unresolved reference 'flags'.
e: file:///Users/jim/work/v2superbikeshed/Trikeshed/src/commonMain/kotlin/borg/trikeshed/parse/bbcursive/std.kt:95:60 Unresolved reference 'Traits'.
e: file:///Users/jim/work/v2superbikeshed/Trikeshed/src/commonMain/kotlin/borg/trikeshed/parse/bbcursive/std.kt:97:21 Unresolved reference 'System'.
e: file:///Users/jim/work/v2superbikeshed/Trikeshed/src/commonMain/kotlin/borg/trikeshed/parse/bbcursive/std.kt:100:32 Unresolved reference 'outbox'.
e: file:///Users/jim/work/v2superbikeshed/Trikeshed/src/commonMain/kotlin/borg/trikeshed/parse/bbcursive/std.kt:100:39 Unresolved reference 'ParseResult'.
e: file:///Users/jim/work/v2superbikeshed/Trikeshed/src/commonMain/kotlin/borg/trikeshed/parse/bbcursive/std.kt:100:95 Unresolved reference 'flags'.
e: file:///Users/jim/work/v2superbikeshed/Trikeshed/src/commonMain/kotlin/borg/trikeshed/parse/bbcursive/std.kt:103:22 Cannot infer type for this parameter. Specify it explicitly.
e: file:///Users/jim/work/v2superbikeshed/Trikeshed/src/commonMain/kotlin/borg/trikeshed/parse/bbcursive/std.kt:103:22 Not enough information to infer type argument for 'R'.
e: file:///Users/jim/work/v2superbikeshed/Trikeshed/src/commonMain/kotlin/borg/trikeshed/parse/bbcursive/std.kt:103:43 Unresolved reference 'flags'.
e: file:///Users/jim/work/v2superbikeshed/Trikeshed/src/commonMain/kotlin/borg/trikeshed/parse/bbcursive/std.kt:103:49 Cannot infer type for this parameter. Specify it explicitly.
e: file:///Users/jim/work/v2superbikeshed/Trikeshed/src/commonMain/kotlin/borg/trikeshed/parse/bbcursive/std.kt:103:55 Cannot infer type for this parameter. Specify it explicitly.
e: file:///Users/jim/work/v2superbikeshed/Trikeshed/src/commonMain/kotlin/borg/trikeshed/parse/bbcursive/std.kt:107:35 Unresolved reference 'UnaryOperator'.
e: file:///Users/jim/work/v2superbikeshed/Trikeshed/src/commonMain/kotlin/borg/trikeshed/parse/bbcursive/std.kt:107:82 Unresolved reference 'Traits'.
e: file:///Users/jim/work/v2superbikeshed/Trikeshed/src/commonMain/kotlin/borg/trikeshed/parse/bbcursive/std.kt:108:30 Suspend property 'val coroutineContext: CoroutineContext' can only be accessed from a coroutine or suspend function.
e: file:///Users/jim/work/v2superbikeshed/Trikeshed/src/commonMain/kotlin/borg/trikeshed/parse/bbcursive/std.kt:108:47 Unresolved reference 'Key'.
e: file:///Users/jim/work/v2superbikeshed/Trikeshed/src/commonMain/kotlin/borg/trikeshed/parse/bbcursive/std.kt:111:32 Unresolved reference 'flags'.
e: file:///Users/jim/work/v2superbikeshed/Trikeshed/src/commonMain/kotlin/borg/trikeshed/parse/bbcursive/std.kt:115:20 Unresolved reference 'hasAnnotation'.
e: file:///Users/jim/work/v2superbikeshed/Trikeshed/src/commonMain/kotlin/borg/trikeshed/parse/bbcursive/std.kt:117:19 Unresolved reference 'Traits'.
e: file:///Users/jim/work/v2superbikeshed/Trikeshed/src/commonMain/kotlin/borg/trikeshed/parse/bbcursive/std.kt:118:16 Not enough information to infer type argument for 'K'.
e: file:///Users/jim/work/v2superbikeshed/Trikeshed/src/commonMain/kotlin/borg/trikeshed/parse/bbcursive/std.kt:118:27 Unresolved reference 'hasAnnotation'.
e: file:///Users/jim/work/v2superbikeshed/Trikeshed/src/commonMain/kotlin/borg/trikeshed/parse/bbcursive/std.kt:120:15 Cannot infer type for this parameter. Specify it explicitly.
e: file:///Users/jim/work/v2superbikeshed/Trikeshed/src/commonMain/kotlin/borg/trikeshed/parse/bbcursive/std.kt:120:15 'fun <T> MutableList<T>.remove(index: Int): T' is deprecated. Use removeAt(index) instead.
e: file:///Users/jim/work/v2superbikeshed/Trikeshed/src/commonMain/kotlin/borg/trikeshed/parse/bbcursive/std.kt:120:15 Not enough information to infer type argument for 'T'.
e: file:///Users/jim/work/v2superbikeshed/Trikeshed/src/commonMain/kotlin/borg/trikeshed/parse/bbcursive/std.kt:120:22 Unresolved reference 'Traits'.
e: file:///Users/jim/work/v2superbikeshed/Trikeshed/src/commonMain/kotlin/borg/trikeshed/parse/bbcursive/std.kt:122:20 Unresolved reference 'hasAnnotation'.
e: file:///Users/jim/work/v2superbikeshed/Trikeshed/src/commonMain/kotlin/borg/trikeshed/parse/bbcursive/std.kt:124:19 Unresolved reference 'Traits'.
e: file:///Users/jim/work/v2superbikeshed/Trikeshed/src/commonMain/kotlin/borg/trikeshed/parse/bbcursive/std.kt:125:16 Not enough information to infer type argument for 'K'.
e: file:///Users/jim/work/v2superbikeshed/Trikeshed/src/commonMain/kotlin/borg/trikeshed/parse/bbcursive/std.kt:125:27 Unresolved reference 'hasAnnotation'.
e: file:///Users/jim/work/v2superbikeshed/Trikeshed/src/commonMain/kotlin/borg/trikeshed/parse/bbcursive/std.kt:127:15 Cannot infer type for this parameter. Specify it explicitly.
e: file:///Users/jim/work/v2superbikeshed/Trikeshed/src/commonMain/kotlin/borg/trikeshed/parse/bbcursive/std.kt:127:15 'fun <T> MutableList<T>.remove(index: Int): T' is deprecated. Use removeAt(index) instead.
e: file:///Users/jim/work/v2superbikeshed/Trikeshed/src/commonMain/kotlin/borg/trikeshed/parse/bbcursive/std.kt:127:15 Not enough information to infer type argument for 'T'.
e: file:///Users/jim/work/v2superbikeshed/Trikeshed/src/commonMain/kotlin/borg/trikeshed/parse/bbcursive/std.kt:127:22 Unresolved reference 'Traits'.
e: file:///Users/jim/work/v2superbikeshed/Trikeshed/src/commonMain/kotlin/borg/trikeshed/parse/bbcursive/std.kt:129:28 Cannot infer type for this parameter. Specify it explicitly.
e: file:///Users/jim/work/v2superbikeshed/Trikeshed/src/commonMain/kotlin/borg/trikeshed/parse/bbcursive/std.kt:132:58 Unresolved reference 'UnaryOperator'.
e: file:///Users/jim/work/v2superbikeshed/Trikeshed/src/commonMain/kotlin/borg/trikeshed/parse/bbcursive/std.kt:136:21 Cannot infer type for this parameter. Specify it explicitly.
e: file:///Users/jim/work/v2superbikeshed/Trikeshed/src/commonMain/kotlin/borg/trikeshed/parse/bbcursive/std.kt:136:21 Unresolved reference. None of the following candidates is applicable because of a receiver type mismatch:
fun <T, R> DeepRecursiveFunction<T, R>.invoke(value: T): R
e: file:///Users/jim/work/v2superbikeshed/Trikeshed/src/commonMain/kotlin/borg/trikeshed/parse/bbcursive/std.kt:163:58 Unresolved reference 'UnaryOperator'.
e: file:///Users/jim/work/v2superbikeshed/Trikeshed/src/commonMain/kotlin/borg/trikeshed/parse/bbcursive/std.kt:164:18 Suspend function 'suspend fun bb(b: ByteIndexedBuffer, vararg ops: ERROR CLASS: Symbol not found for UnaryOperator): ByteIndexedBuffer?' can only be called from a coroutine or another suspend function.
e: file:///Users/jim/work/v2superbikeshed/Trikeshed/src/commonMain/kotlin/borg/trikeshed/parse/bbcursive/std.kt:165:34 Unresolved reference. None of the following candidates is applicable because of a receiver type mismatch:
fun Join<Int, Function1<Int, Byte>>.asString(): String
e: file:///Users/jim/work/v2superbikeshed/Trikeshed/src/commonMain/kotlin/borg/trikeshed/parse/bbcursive/std.kt:168:53 Unresolved reference 'UnaryOperator'.
e: file:///Users/jim/work/v2superbikeshed/Trikeshed/src/commonMain/kotlin/borg/trikeshed/parse/bbcursive/std.kt:172:52 Unresolved reference 'UnaryOperator'.
e: file:///Users/jim/work/v2superbikeshed/Trikeshed/src/commonMain/kotlin/borg/trikeshed/parse/bbcursive/std.kt:173:61 Unresolved reference. None of the following candidates is applicable because of a receiver type mismatch:
fun Join<Int, Function1<Int, Byte>>.toByteIndexedBuffer(pos: Int = ..., limit: Int = ...): ByteIndexedBuffer
e: file:///Users/jim/work/v2superbikeshed/Trikeshed/src/commonMain/kotlin/borg/trikeshed/parse/bbcursive/std.kt:180:58 Unresolved reference 'UnaryOperator'.
e: file:///Users/jim/work/v2superbikeshed/Trikeshed/src/commonMain/kotlin/borg/trikeshed/parse/bbcursive/std.kt:181:16 Suspend function 'suspend fun bb(b: ByteIndexedBuffer, vararg ops: ERROR CLASS: Symbol not found for UnaryOperator): ByteIndexedBuffer?' can only be called from a coroutine or another suspend function.
e: file:///Users/jim/work/v2superbikeshed/Trikeshed/src/commonMain/kotlin/borg/trikeshed/parse/bbcursive/std.kt:181:54 Unresolved reference. None of the following candidates is applicable because of a receiver type mismatch:
fun Join<Int, Function1<Int, Byte>>.toByteIndexedBuffer(pos: Int = ..., limit: Int = ...): ByteIndexedBuffer
e: file:///Users/jim/work/v2superbikeshed/Trikeshed/src/commonMain/kotlin/borg/trikeshed/parse/bbcursive/std.kt:188:66 Overload resolution ambiguity between candidates:
fun ByteArray.toIndexed(): Join<Int, Function1<Int, Byte>>
fun <T> Any.toIndexed(): Join<Int, Function1<Int, T>>
fun ByteArray.toIndexed(): Join<Int, Function1<Int, Byte>>
e: file:///Users/jim/work/v2superbikeshed/Trikeshed/src/commonMain/kotlin/borg/trikeshed/parse/bbcursive/std.kt:189:13 Cannot infer type for this parameter. Specify it explicitly.
e: file:///Users/jim/work/v2superbikeshed/Trikeshed/src/commonMain/kotlin/borg/trikeshed/parse/bbcursive/std.kt:189:16 No value passed for parameter 'value'.
e: file:///Users/jim/work/v2superbikeshed/Trikeshed/src/commonMain/kotlin/borg/trikeshed/parse/bbcursive/std.kt:189:19 Unresolved reference 'duplicate'.
e: file:///Users/jim/work/v2superbikeshed/Trikeshed/src/commonMain/kotlin/borg/trikeshed/parse/bbcursive/std.kt:189:31 Cannot infer type for this parameter. Specify it explicitly.
e: file:///Users/jim/work/v2superbikeshed/Trikeshed/src/commonMain/kotlin/borg/trikeshed/parse/bbcursive/std.kt:189:37 Cannot infer type for this parameter. Specify it explicitly.
e: file:///Users/jim/work/v2superbikeshed/Trikeshed/src/commonMain/kotlin/borg/trikeshed/parse/bbcursive/std.kt:190:23 Unresolved reference 'hasRemaining'.
e: file:///Users/jim/work/v2superbikeshed/Trikeshed/src/commonMain/kotlin/borg/trikeshed/parse/bbcursive/std.kt:190:47 Unresolved reference 'put'.
e: file:///Users/jim/work/v2superbikeshed/Trikeshed/src/commonMain/kotlin/borg/trikeshed/parse/bbcursive/std.kt:190:55 Cannot infer type for this parameter. Specify it explicitly.
e: file:///Users/jim/work/v2superbikeshed/Trikeshed/src/commonMain/kotlin/borg/trikeshed/parse/bbcursive/std.kt:190:58 No value passed for parameter 'column'.
e: file:///Users/jim/work/v2superbikeshed/Trikeshed/src/commonMain/kotlin/borg/trikeshed/parse/bbcursive/std.kt:192:26 Unresolved reference 'rew'.
e: file:///Users/jim/work/v2superbikeshed/Trikeshed/src/commonMain/kotlin/borg/trikeshed/parse/bbcursive/std.kt:202:28 Argument type mismatch: actual type is 'Unit', but 'K (of fun <K> WHEN_CALL)' was expected.
e: file:///Users/jim/work/v2superbikeshed/Trikeshed/src/commonMain/kotlin/borg/trikeshed/parse/bbcursive/std.kt:210:57 Overload resolution ambiguity between candidates:
fun ByteArray.toIndexed(): Join<Int, Function1<Int, Byte>>
fun <T> Any.toIndexed(): Join<Int, Function1<Int, T>>
fun ByteArray.toIndexed(): Join<Int, Function1<Int, Byte>>
e: file:///Users/jim/work/v2superbikeshed/Trikeshed/src/commonMain/kotlin/borg/trikeshed/parse/bbcursive/std.kt:212:35 Cannot infer type for this parameter. Specify it explicitly.
e: file:///Users/jim/work/v2superbikeshed/Trikeshed/src/commonMain/kotlin/borg/trikeshed/parse/bbcursive/std.kt:212:38 No value passed for parameter 'value'.
e: file:///Users/jim/work/v2superbikeshed/Trikeshed/src/commonMain/kotlin/borg/trikeshed/parse/bbcursive/std.kt:212:41 Unresolved reference 'duplicate'.
e: file:///Users/jim/work/v2superbikeshed/Trikeshed/src/commonMain/kotlin/borg/trikeshed/parse/bbcursive/std.kt:212:53 Cannot infer type for this parameter. Specify it explicitly.
e: file:///Users/jim/work/v2superbikeshed/Trikeshed/src/commonMain/kotlin/borg/trikeshed/parse/bbcursive/std.kt:212:59 Cannot infer type for this parameter. Specify it explicitly.
e: file:///Users/jim/work/v2superbikeshed/Trikeshed/src/commonMain/kotlin/borg/trikeshed/parse/bbcursive/std.kt:213:31 Unresolved reference 'hasRemaining'.
e: file:///Users/jim/work/v2superbikeshed/Trikeshed/src/commonMain/kotlin/borg/trikeshed/parse/bbcursive/std.kt:213:52 Unresolved reference 'put'.
e: file:///Users/jim/work/v2superbikeshed/Trikeshed/src/commonMain/kotlin/borg/trikeshed/parse/bbcursive/std.kt:213:60 Cannot infer type for this parameter. Specify it explicitly.
e: file:///Users/jim/work/v2superbikeshed/Trikeshed/src/commonMain/kotlin/borg/trikeshed/parse/bbcursive/std.kt:213:63 No value passed for parameter 'column'.
e: file:///Users/jim/work/v2superbikeshed/Trikeshed/src/commonMain/kotlin/borg/trikeshed/parse/bbcursive/std.kt:216:13 Argument type mismatch: actual type is 'R (of fun <T, R> DeepRecursiveFunction<T, R>.invoke)', but 'K (of fun <K> WHEN_CALL)' was expected.
e: file:///Users/jim/work/v2superbikeshed/Trikeshed/src/commonMain/kotlin/borg/trikeshed/parse/bbcursive/std.kt:216:20 Cannot infer type for this parameter. Specify it explicitly.
e: file:///Users/jim/work/v2superbikeshed/Trikeshed/src/commonMain/kotlin/borg/trikeshed/parse/bbcursive/std.kt:216:23 No value passed for parameter 'value'.
e: file:///Users/jim/work/v2superbikeshed/Trikeshed/src/commonMain/kotlin/borg/trikeshed/parse/bbcursive/std.kt:243:34 Cannot infer type for this parameter. Specify it explicitly.
e: file:///Users/jim/work/v2superbikeshed/Trikeshed/src/commonMain/kotlin/borg/trikeshed/parse/bbcursive/std.kt:243:37 No value passed for parameter 'column'.
e: file:///Users/jim/work/v2superbikeshed/Trikeshed/src/commonMain/kotlin/borg/trikeshed/parse/bbcursive/std.kt:247:39 Cannot infer type for this parameter. Specify it explicitly.
e: file:///Users/jim/work/v2superbikeshed/Trikeshed/src/commonMain/kotlin/borg/trikeshed/parse/bbcursive/std.kt:247:42 No value passed for parameter 'column'.
e: file:///Users/jim/work/v2superbikeshed/Trikeshed/src/commonMain/kotlin/borg/trikeshed/parse/bbcursive/std.kt:263:19 Cannot infer type for this parameter. Specify it explicitly.
e: file:///Users/jim/work/v2superbikeshed/Trikeshed/src/commonMain/kotlin/borg/trikeshed/parse/bbcursive/std.kt:263:22 No value passed for parameter 'value'.
e: file:///Users/jim/work/v2superbikeshed/Trikeshed/src/commonMain/kotlin/borg/trikeshed/parse/bbcursive/std.kt:271:42 Unresolved reference 'Character'.
e: file:///Users/jim/work/v2superbikeshed/Trikeshed/src/commonMain/kotlin/borg/trikeshed/parse/bbcursive/std.kt:276:21 Unresolved reference 'assert'.
e: file:///Users/jim/work/v2superbikeshed/Trikeshed/src/commonMain/kotlin/borg/trikeshed/parse/bbcursive/std.kt:280:21 Unresolved reference 'assert'.
e: file:///Users/jim/work/v2superbikeshed/Trikeshed/src/commonMain/kotlin/borg/trikeshed/parse/bbcursive/std.kt:284:21 Unresolved reference 'assert'.
e: file:///Users/jim/work/v2superbikeshed/Trikeshed/src/commonMain/kotlin/borg/trikeshed/parse/bbcursive/std.kt:288:26 Unresolved reference 'Character'.
e: file:///Users/jim/work/v2superbikeshed/Trikeshed/src/commonMain/kotlin/borg/trikeshed/parse/bbcursive/std.kt:288:75 Cannot infer type for this parameter. Specify it explicitly.
e: file:///Users/jim/work/v2superbikeshed/Trikeshed/src/commonMain/kotlin/borg/trikeshed/parse/bbcursive/std.kt:288:78 No value passed for parameter 'value'.
e: file:///Users/jim/work/v2superbikeshed/Trikeshed/src/commonMain/kotlin/borg/trikeshed/parse/bbcursive/vtables/CString.kt:3:23 Unresolved reference 'std'.
e: file:///Users/jim/work/v2superbikeshed/Trikeshed/src/commonMain/kotlin/borg/trikeshed/parse/bbcursive/vtables/CString.kt:5:8 Unresolved reference 'java'.
e: file:///Users/jim/work/v2superbikeshed/Trikeshed/src/commonMain/kotlin/borg/trikeshed/parse/bbcursive/vtables/CString.kt:6:8 Unresolved reference 'java'.
e: file:///Users/jim/work/v2superbikeshed/Trikeshed/src/commonMain/kotlin/borg/trikeshed/parse/bbcursive/vtables/CString.kt:8:8 Unresolved reference 'bbcursive'.
e: file:///Users/jim/work/v2superbikeshed/Trikeshed/src/commonMain/kotlin/borg/trikeshed/parse/bbcursive/vtables/CString.kt:9:8 Unresolved reference 'bbcursive'.
e: file:///Users/jim/work/v2superbikeshed/Trikeshed/src/commonMain/kotlin/borg/trikeshed/parse/bbcursive/vtables/CString.kt:10:8 Unresolved reference 'bbcursive'.
e: file:///Users/jim/work/v2superbikeshed/Trikeshed/src/commonMain/kotlin/borg/trikeshed/parse/bbcursive/vtables/CString.kt:17:27 Classifier 'inner class _mutator : Any' does not have a companion object, so it cannot be used as an expression.
e: file:///Users/jim/work/v2superbikeshed/Trikeshed/src/commonMain/kotlin/borg/trikeshed/parse/bbcursive/vtables/CString.kt:17:35 Syntax error: Property getter or setter expected.
e: file:///Users/jim/work/v2superbikeshed/Trikeshed/src/commonMain/kotlin/borg/trikeshed/parse/bbcursive/vtables/CString.kt:18:27 Classifier 'inner class _reifier : Any' does not have a companion object, so it cannot be used as an expression.
e: file:///Users/jim/work/v2superbikeshed/Trikeshed/src/commonMain/kotlin/borg/trikeshed/parse/bbcursive/vtables/CString.kt:18:35 Syntax error: Property getter or setter expected.
e: file:///Users/jim/work/v2superbikeshed/Trikeshed/src/commonMain/kotlin/borg/trikeshed/parse/bbcursive/vtables/CString.kt:19:31 No type arguments expected for inner class _mutator : Any.
e: file:///Users/jim/work/v2superbikeshed/Trikeshed/src/commonMain/kotlin/borg/trikeshed/parse/bbcursive/vtables/CString.kt:22:31 No type arguments expected for inner class _reifier : Any.
e: file:///Users/jim/work/v2superbikeshed/Trikeshed/src/commonMain/kotlin/borg/trikeshed/parse/bbcursive/vtables/CString.kt:24:33 Syntax error: Expecting member declaration.
e: file:///Users/jim/work/v2superbikeshed/Trikeshed/src/commonMain/kotlin/borg/trikeshed/parse/bbcursive/vtables/CString.kt:24:35 Syntax error: Expecting member declaration.
e: file:///Users/jim/work/v2superbikeshed/Trikeshed/src/commonMain/kotlin/borg/trikeshed/parse/bbcursive/vtables/CString.kt:24:37 Syntax error: Expecting member declaration.
e: file:///Users/jim/work/v2superbikeshed/Trikeshed/src/commonMain/kotlin/borg/trikeshed/parse/bbcursive/vtables/CString.kt:24:45 Syntax error: Expecting member declaration.
e: file:///Users/jim/work/v2superbikeshed/Trikeshed/src/commonMain/kotlin/borg/trikeshed/parse/bbcursive/vtables/CString.kt:24:46 Syntax error: Expecting member declaration.
e: file:///Users/jim/work/v2superbikeshed/Trikeshed/src/commonMain/kotlin/borg/trikeshed/parse/bbcursive/vtables/CString.kt:24:52 Syntax error: Expecting member declaration.
e: file:///Users/jim/work/v2superbikeshed/Trikeshed/src/commonMain/kotlin/borg/trikeshed/parse/bbcursive/vtables/CString.kt:24:53 Syntax error: Expecting member declaration.
e: file:///Users/jim/work/v2superbikeshed/Trikeshed/src/commonMain/kotlin/borg/trikeshed/parse/bbcursive/vtables/CString.kt:24:54 Syntax error: Expecting member declaration.
e: file:///Users/jim/work/v2superbikeshed/Trikeshed/src/commonMain/kotlin/borg/trikeshed/parse/bbcursive/vtables/CString.kt:24:56 Syntax error: Expecting member declaration.
e: file:///Users/jim/work/v2superbikeshed/Trikeshed/src/commonMain/kotlin/borg/trikeshed/parse/bbcursive/vtables/CString.kt:24:56 Function declaration must have a name.
e: file:///Users/jim/work/v2superbikeshed/Trikeshed/src/commonMain/kotlin/borg/trikeshed/parse/bbcursive/vtables/CString.kt:25:9 Modifier 'override' is not applicable to 'local function'.
e: file:///Users/jim/work/v2superbikeshed/Trikeshed/src/commonMain/kotlin/borg/trikeshed/parse/bbcursive/vtables/CString.kt:27:27 Unresolved reference 'getContext'.
e: file:///Users/jim/work/v2superbikeshed/Trikeshed/src/commonMain/kotlin/borg/trikeshed/parse/bbcursive/vtables/CString.kt:29:13 Unresolved reference 'bb'.
e: file:///Users/jim/work/v2superbikeshed/Trikeshed/src/commonMain/kotlin/borg/trikeshed/parse/bbcursive/vtables/CString.kt:29:16 Unresolved reference 'std'.
e: file:///Users/jim/work/v2superbikeshed/Trikeshed/src/commonMain/kotlin/borg/trikeshed/parse/bbcursive/vtables/CString.kt:29:24 Unresolved reference 'bb'.
e: file:///Users/jim/work/v2superbikeshed/Trikeshed/src/commonMain/kotlin/borg/trikeshed/parse/bbcursive/vtables/CString.kt:29:38 Unresolved reference 'mark'.
e: file:///Users/jim/work/v2superbikeshed/Trikeshed/src/commonMain/kotlin/borg/trikeshed/parse/bbcursive/vtables/CString.kt:29:45 Unresolved reference 'StandardCharsets'.
e: file:///Users/jim/work/v2superbikeshed/Trikeshed/src/commonMain/kotlin/borg/trikeshed/parse/bbcursive/vtables/CString.kt:29:80 Unresolved reference 'duplicate'.
e: file:///Users/jim/work/v2superbikeshed/Trikeshed/src/commonMain/kotlin/borg/trikeshed/parse/bbcursive/vtables/CString.kt:29:91 Unresolved reference 'reset'.
e: file:///Users/jim/work/v2superbikeshed/Trikeshed/src/commonMain/kotlin/borg/trikeshed/parse/bbcursive/vtables/CString.kt:29:98 Function invocation 'slice(...)' expected.
e: file:///Users/jim/work/v2superbikeshed/Trikeshed/src/commonMain/kotlin/borg/trikeshed/parse/bbcursive/vtables/CString.kt:29:105 Unresolved reference 'debug'.
e: file:///Users/jim/work/v2superbikeshed/Trikeshed/src/commonMain/kotlin/borg/trikeshed/parse/bbcursive/vtables/CString.kt:30:20 Unresolved reference 'getContext'.
e: file:///Users/jim/work/v2superbikeshed/Trikeshed/src/commonMain/kotlin/borg/trikeshed/parse/bbcursive/vtables/CString.kt:33:33 Syntax error: Expecting member declaration.
e: file:///Users/jim/work/v2superbikeshed/Trikeshed/src/commonMain/kotlin/borg/trikeshed/parse/bbcursive/vtables/CString.kt:33:35 Syntax error: Expecting member declaration.
e: file:///Users/jim/work/v2superbikeshed/Trikeshed/src/commonMain/kotlin/borg/trikeshed/parse/bbcursive/vtables/CString.kt:33:37 Syntax error: Expecting member declaration.
e: file:///Users/jim/work/v2superbikeshed/Trikeshed/src/commonMain/kotlin/borg/trikeshed/parse/bbcursive/vtables/CString.kt:33:45 Syntax error: Expecting member declaration.
e: file:///Users/jim/work/v2superbikeshed/Trikeshed/src/commonMain/kotlin/borg/trikeshed/parse/bbcursive/vtables/CString.kt:33:46 Syntax error: Expecting member declaration.
e: file:///Users/jim/work/v2superbikeshed/Trikeshed/src/commonMain/kotlin/borg/trikeshed/parse/bbcursive/vtables/CString.kt:33:52 Syntax error: Expecting member declaration.
e: file:///Users/jim/work/v2superbikeshed/Trikeshed/src/commonMain/kotlin/borg/trikeshed/parse/bbcursive/vtables/CString.kt:33:54 Syntax error: Expecting member declaration.
e: file:///Users/jim/work/v2superbikeshed/Trikeshed/src/commonMain/kotlin/borg/trikeshed/parse/bbcursive/vtables/CString.kt:33:54 Function declaration must have a name.
e: file:///Users/jim/work/v2superbikeshed/Trikeshed/src/commonMain/kotlin/borg/trikeshed/parse/bbcursive/vtables/CString.kt:34:9 Modifier 'override' is not applicable to 'local function'.
e: file:///Users/jim/work/v2superbikeshed/Trikeshed/src/commonMain/kotlin/borg/trikeshed/parse/bbcursive/vtables/CString.kt:35:21 Unresolved reference 'bb'.
e: file:///Users/jim/work/v2superbikeshed/Trikeshed/src/commonMain/kotlin/borg/trikeshed/parse/bbcursive/vtables/CString.kt:35:39 Unresolved reference 'mark'.
e: file:///Users/jim/work/v2superbikeshed/Trikeshed/src/commonMain/kotlin/borg/trikeshed/parse/bbcursive/vtables/CString.kt:35:45 Function invocation 'slice(...)' expected.
e: file:///Users/jim/work/v2superbikeshed/Trikeshed/src/commonMain/kotlin/borg/trikeshed/parse/bbcursive/vtables/CString.kt:36:48 Unresolved reference. None of the following candidates is applicable because of a receiver type mismatch:
expect fun String.compareTo(other: String, ignoreCase: Boolean = ...): Int
e: file:///Users/jim/work/v2superbikeshed/Trikeshed/src/commonMain/kotlin/borg/trikeshed/parse/bbcursive/vtables/CString.kt:37:20 Unresolved reference 'str'.
e: file:///Users/jim/work/v2superbikeshed/Trikeshed/src/commonMain/kotlin/borg/trikeshed/parse/bbcursive/vtables/_edge.kt:46:16 Return type mismatch: expected 'addressType (of class _edge<coreType, addressType>)', actual 'Any?'.
e: file:///Users/jim/work/v2superbikeshed/Trikeshed/src/commonMain/kotlin/borg/trikeshed/parse/bbcursive/vtables/_edge.kt:46:96 Function invocation 'r()' expected.
e: file:///Users/jim/work/v2superbikeshed/Trikeshed/src/commonMain/kotlin/borg/trikeshed/parse/bbcursive/vtables/_edge.kt:46:97 Syntax error: Unexpected tokens (use ';' to separate expressions on the same line).
e: file:///Users/jim/work/v2superbikeshed/Trikeshed/src/commonMain/kotlin/borg/trikeshed/parse/bbcursive/vtables/_edge.kt:52:29 Syntax error: Expecting '('.
e: file:///Users/jim/work/v2superbikeshed/Trikeshed/src/commonMain/kotlin/borg/trikeshed/parse/bbcursive/vtables/_edge.kt:52:29 Syntax error: Expecting member declaration.
e: file:///Users/jim/work/v2superbikeshed/Trikeshed/src/commonMain/kotlin/borg/trikeshed/parse/bbcursive/vtables/_edge.kt:52:30 Syntax error: Expecting member declaration.
e: file:///Users/jim/work/v2superbikeshed/Trikeshed/src/commonMain/kotlin/borg/trikeshed/parse/bbcursive/vtables/_edge.kt:52:31 Syntax error: Expecting member declaration.
e: file:///Users/jim/work/v2superbikeshed/Trikeshed/src/commonMain/kotlin/borg/trikeshed/parse/bbcursive/vtables/_edge.kt:52:32 Syntax error: Expecting member declaration.
e: file:///Users/jim/work/v2superbikeshed/Trikeshed/src/commonMain/kotlin/borg/trikeshed/parse/bbcursive/vtables/_edge.kt:52:34 Syntax error: Expecting member declaration.
e: file:///Users/jim/work/v2superbikeshed/Trikeshed/src/commonMain/kotlin/borg/trikeshed/parse/bbcursive/vtables/_mutator.kt:3:8 Unresolved reference 'java'.
e: file:///Users/jim/work/v2superbikeshed/Trikeshed/src/commonMain/kotlin/borg/trikeshed/parse/bbcursive/vtables/_mutator.kt:4:8 Unresolved reference 'java'.
e: file:///Users/jim/work/v2superbikeshed/Trikeshed/src/commonMain/kotlin/borg/trikeshed/parse/bbcursive/vtables/_mutator.kt:22:44 One type argument expected for interface Function<out R> : Any.
e: file:///Users/jim/work/v2superbikeshed/Trikeshed/src/commonMain/kotlin/borg/trikeshed/parse/bbcursive/vtables/_mutator.kt:25:9 'public' function exposes its 'protected (in _mutator)' return type 'ByteBufferContext'.
e: file:///Users/jim/work/v2superbikeshed/Trikeshed/src/commonMain/kotlin/borg/trikeshed/parse/bbcursive/vtables/_mutator.kt:41:18 Function 'r' without a body must be abstract.
e: file:///Users/jim/work/v2superbikeshed/Trikeshed/src/commonMain/kotlin/borg/trikeshed/parse/bbcursive/vtables/_mutator.kt:41:23 Syntax error: Expecting '('.
e: file:///Users/jim/work/v2superbikeshed/Trikeshed/src/commonMain/kotlin/borg/trikeshed/parse/bbcursive/vtables/_mutator.kt:41:23 Syntax error: Expecting member declaration.
e: file:///Users/jim/work/v2superbikeshed/Trikeshed/src/commonMain/kotlin/borg/trikeshed/parse/bbcursive/vtables/_mutator.kt:41:24 Syntax error: Expecting member declaration.
e: file:///Users/jim/work/v2superbikeshed/Trikeshed/src/commonMain/kotlin/borg/trikeshed/parse/bbcursive/vtables/_mutator.kt:41:25 Syntax error: Expecting member declaration.
e: file:///Users/jim/work/v2superbikeshed/Trikeshed/src/commonMain/kotlin/borg/trikeshed/parse/bbcursive/vtables/_mutator.kt:41:26 Syntax error: Expecting member declaration.
e: file:///Users/jim/work/v2superbikeshed/Trikeshed/src/commonMain/kotlin/borg/trikeshed/parse/bbcursive/vtables/_mutator.kt:41:28 Syntax error: Expecting member declaration.
e: file:///Users/jim/work/v2superbikeshed/Trikeshed/src/commonMain/kotlin/borg/trikeshed/parse/bbcursive/vtables/_mutator.kt:41:33 Syntax error: Expecting member declaration.
e: file:///Users/jim/work/v2superbikeshed/Trikeshed/src/commonMain/kotlin/borg/trikeshed/parse/bbcursive/vtables/_mutator.kt:41:33 Function declaration must have a name.
e: file:///Users/jim/work/v2superbikeshed/Trikeshed/src/commonMain/kotlin/borg/trikeshed/parse/bbcursive/vtables/_mutator.kt:42:20 Function invocation 'r()' expected.
e: file:///Users/jim/work/v2superbikeshed/Trikeshed/src/commonMain/kotlin/borg/trikeshed/parse/bbcursive/vtables/_mutator.kt:42:21 Syntax error: Unexpected tokens (use ';' to separate expressions on the same line).
e: file:///Users/jim/work/v2superbikeshed/Trikeshed/src/commonMain/kotlin/borg/trikeshed/parse/bbcursive/vtables/_mutator.kt:50:28 Return type of 'at' is not a subtype of the return type of the overridden member 'fun at(): _mutator.ByteBufferContext<endPojo>' defined in 'borg/trikeshed/parse/bbcursive/vtables/_mutator.StringifiedContext'.
e: file:///Users/jim/work/v2superbikeshed/Trikeshed/src/commonMain/kotlin/borg/trikeshed/parse/bbcursive/vtables/_mutator.kt:54:66 Return type of 'goTo' is not a subtype of the return type of the overridden member 'fun goTo(addressType: _mutator.ByteBufferContext<endPojo>): _mutator.ByteBufferContext<endPojo>' defined in 'borg/trikeshed/parse/bbcursive/vtables/_mutator.StringifiedContext'.
e: file:///Users/jim/work/v2superbikeshed/Trikeshed/src/commonMain/kotlin/borg/trikeshed/parse/bbcursive/vtables/_mutator.kt:58:18 Function 'r' without a body must be abstract.
e: file:///Users/jim/work/v2superbikeshed/Trikeshed/src/commonMain/kotlin/borg/trikeshed/parse/bbcursive/vtables/_mutator.kt:58:23 Syntax error: Expecting '('.
e: file:///Users/jim/work/v2superbikeshed/Trikeshed/src/commonMain/kotlin/borg/trikeshed/parse/bbcursive/vtables/_mutator.kt:58:23 Syntax error: Expecting member declaration.
e: file:///Users/jim/work/v2superbikeshed/Trikeshed/src/commonMain/kotlin/borg/trikeshed/parse/bbcursive/vtables/_mutator.kt:58:24 Syntax error: Expecting member declaration.
e: file:///Users/jim/work/v2superbikeshed/Trikeshed/src/commonMain/kotlin/borg/trikeshed/parse/bbcursive/vtables/_mutator.kt:58:25 Syntax error: Expecting member declaration.
e: file:///Users/jim/work/v2superbikeshed/Trikeshed/src/commonMain/kotlin/borg/trikeshed/parse/bbcursive/vtables/_mutator.kt:58:26 Syntax error: Expecting member declaration.
e: file:///Users/jim/work/v2superbikeshed/Trikeshed/src/commonMain/kotlin/borg/trikeshed/parse/bbcursive/vtables/_mutator.kt:58:28 Syntax error: Expecting member declaration.
e: file:///Users/jim/work/v2superbikeshed/Trikeshed/src/commonMain/kotlin/borg/trikeshed/parse/bbcursive/vtables/_mutator.kt:58:45 Syntax error: Expecting member declaration.
e: file:///Users/jim/work/v2superbikeshed/Trikeshed/src/commonMain/kotlin/borg/trikeshed/parse/bbcursive/vtables/_mutator.kt:58:47 Syntax error: Expecting member declaration.
e: file:///Users/jim/work/v2superbikeshed/Trikeshed/src/commonMain/kotlin/borg/trikeshed/parse/bbcursive/vtables/_mutator.kt:58:47 Function declaration must have a name.
e: file:///Users/jim/work/v2superbikeshed/Trikeshed/src/commonMain/kotlin/borg/trikeshed/parse/bbcursive/vtables/_mutator.kt:59:20 Null cannot be a value of a non-null type 'Unit'.
e: file:///Users/jim/work/v2superbikeshed/Trikeshed/src/commonMain/kotlin/borg/trikeshed/parse/bbcursive/vtables/_ptr.kt:12:16 Function invocation 'r()' expected.
e: file:///Users/jim/work/v2superbikeshed/Trikeshed/src/commonMain/kotlin/borg/trikeshed/parse/bbcursive/vtables/_ptr.kt:12:16 Return type mismatch: expected 'Int', actual 'Unit'.
e: file:///Users/jim/work/v2superbikeshed/Trikeshed/src/commonMain/kotlin/borg/trikeshed/parse/bbcursive/vtables/_ptr.kt:12:17 Syntax error: Unexpected tokens (use ';' to separate expressions on the same line).
e: file:///Users/jim/work/v2superbikeshed/Trikeshed/src/commonMain/kotlin/borg/trikeshed/parse/bbcursive/vtables/_ptr.kt:23:14 Function 'r' without a body must be abstract.
e: file:///Users/jim/work/v2superbikeshed/Trikeshed/src/commonMain/kotlin/borg/trikeshed/parse/bbcursive/vtables/_ptr.kt:23:19 Syntax error: Expecting '('.
e: file:///Users/jim/work/v2superbikeshed/Trikeshed/src/commonMain/kotlin/borg/trikeshed/parse/bbcursive/vtables/_ptr.kt:23:19 Syntax error: Expecting member declaration.
e: file:///Users/jim/work/v2superbikeshed/Trikeshed/src/commonMain/kotlin/borg/trikeshed/parse/bbcursive/vtables/_ptr.kt:23:20 Syntax error: Expecting member declaration.
e: file:///Users/jim/work/v2superbikeshed/Trikeshed/src/commonMain/kotlin/borg/trikeshed/parse/bbcursive/vtables/_ptr.kt:23:21 Syntax error: Expecting member declaration.
e: file:///Users/jim/work/v2superbikeshed/Trikeshed/src/commonMain/kotlin/borg/trikeshed/parse/bbcursive/vtables/_ptr.kt:23:22 Syntax error: Expecting member declaration.
e: file:///Users/jim/work/v2superbikeshed/Trikeshed/src/commonMain/kotlin/borg/trikeshed/parse/bbcursive/vtables/_ptr.kt:23:24 Syntax error: Expecting member declaration.
e: file:///Users/jim/work/v2superbikeshed/Trikeshed/src/commonMain/kotlin/borg/trikeshed/parse/bbcursive/vtables/_ptr.kt:23:28 Syntax error: Expecting member declaration.
e: file:///Users/jim/work/v2superbikeshed/Trikeshed/src/commonMain/kotlin/borg/trikeshed/parse/bbcursive/vtables/_ptr.kt:23:28 Function declaration must have a name.
e: file:///Users/jim/work/v2superbikeshed/Trikeshed/src/commonMain/kotlin/borg/trikeshed/parse/bbcursive/vtables/_ptr.kt:24:16 Return type mismatch: expected 'Unit', actual 'Int'.
e: file:///Users/jim/work/v2superbikeshed/Trikeshed/src/commonMain/kotlin/borg/trikeshed/parse/bbcursive/vtables/_reifier.kt:3:8 Unresolved reference 'java'.
e: file:///Users/jim/work/v2superbikeshed/Trikeshed/src/commonMain/kotlin/borg/trikeshed/parse/bbcursive/vtables/_reifier.kt:14:39 One type argument expected for interface Function<out R> : Any.
e: file:///Users/jim/work/v2superbikeshed/Trikeshed/src/commonMain/kotlin/borg/trikeshed/parse/bbcursive/vtables/_reifier.kt:21:5 'apply' overrides nothing.
e: file:///Users/jim/work/v2superbikeshed/Trikeshed/src/commonMain/kotlin/borg/trikeshed/parse/grpc/GrpcHttp2Bridge.kt:5:27 Unresolved reference 'runBlocking'.
e: file:///Users/jim/work/v2superbikeshed/Trikeshed/src/commonMain/kotlin/borg/trikeshed/parse/grpc/GrpcHttp2Bridge.kt:233:44 Cannot access 'fun <T> emptyIndexed(): Join<Int, Function1<Int, T>>': it is private in file.
e: file:///Users/jim/work/v2superbikeshed/Trikeshed/src/commonMain/kotlin/borg/trikeshed/parse/grpc/GrpcParser.kt:47:50 Cannot access 'fun <T> emptyIndexed(): Join<Int, Function1<Int, T>>': it is private in file.
e: file:///Users/jim/work/v2superbikeshed/Trikeshed/src/commonMain/kotlin/borg/trikeshed/parse/grpc/GrpcScanner.kt:151:16 Overload resolution ambiguity between candidates:
fun <X, C, V : Join<Int, Function1<Int, X>>> V.α(crossinline xform: (X) -> C): Join<Int, Function1<Int, C>>
fun <X, C, V : Join<Int, Function1<Int, X>>> V.α(crossinline xform: (X) -> C): Join<Int, Function1<Int, C>>
e: file:///Users/jim/work/v2superbikeshed/Trikeshed/src/commonMain/kotlin/borg/trikeshed/parse/grpc/GrpcScanner.kt:151:20 Cannot infer type for this parameter. Specify it explicitly.
e: file:///Users/jim/work/v2superbikeshed/Trikeshed/src/commonMain/kotlin/borg/trikeshed/parse/grpc/GrpcScanner.kt:152:40 Function 'component1()' is ambiguous for this expression: 
fun <T> Array<out T>.component1(): T
fun ByteArray.component1(): Byte
fun ShortArray.component1(): Short
fun IntArray.component1(): Int
fun LongArray.component1(): Long
fun FloatArray.component1(): Float
fun DoubleArray.component1(): Double
fun BooleanArray.component1(): Boolean
fun CharArray.component1(): Char
fun <T> List<T>.component1(): T
fun UIntArray.component1(): UInt
fun ULongArray.component1(): ULong
fun UByteArray.component1(): UByte
fun UShortArray.component1(): UShort
fun <K, V> Map.Entry<K, V>.component1(): K.
e: file:///Users/jim/work/v2superbikeshed/Trikeshed/src/commonMain/kotlin/borg/trikeshed/parse/grpc/GrpcScanner.kt:152:40 Function 'component2()' is ambiguous for this expression: 
fun <T> Array<out T>.component2(): T
fun ByteArray.component2(): Byte
fun ShortArray.component2(): Short
fun IntArray.component2(): Int
fun LongArray.component2(): Long
fun FloatArray.component2(): Float
fun DoubleArray.component2(): Double
fun BooleanArray.component2(): Boolean
fun CharArray.component2(): Char
fun <T> List<T>.component2(): T
fun UIntArray.component2(): UInt
fun ULongArray.component2(): ULong
fun UByteArray.component2(): UByte
fun UShortArray.component2(): UShort
fun <K, V> Map.Entry<K, V>.component2(): V.
e: file:///Users/jim/work/v2superbikeshed/Trikeshed/src/commonMain/kotlin/borg/trikeshed/parse/grpc/GrpcScanner.kt:153:43 Function 'component1()' is ambiguous for this expression: 
fun <T> Array<out T>.component1(): T
fun ByteArray.component1(): Byte
fun ShortArray.component1(): Short
fun IntArray.component1(): Int
fun LongArray.component1(): Long
fun FloatArray.component1(): Float
fun DoubleArray.component1(): Double
fun BooleanArray.component1(): Boolean
fun CharArray.component1(): Char
fun <T> List<T>.component1(): T
fun UIntArray.component1(): UInt
fun ULongArray.component1(): ULong
fun UByteArray.component1(): UByte
fun UShortArray.component1(): UShort
fun <K, V> Map.Entry<K, V>.component1(): K.
e: file:///Users/jim/work/v2superbikeshed/Trikeshed/src/commonMain/kotlin/borg/trikeshed/parse/grpc/GrpcScanner.kt:153:43 Function 'component2()' is ambiguous for this expression: 
fun <T> Array<out T>.component2(): T
fun ByteArray.component2(): Byte
fun ShortArray.component2(): Short
fun IntArray.component2(): Int
fun LongArray.component2(): Long
fun FloatArray.component2(): Float
fun DoubleArray.component2(): Double
fun BooleanArray.component2(): Boolean
fun CharArray.component2(): Char
fun <T> List<T>.component2(): T
fun UIntArray.component2(): UInt
fun ULongArray.component2(): ULong
fun UByteArray.component2(): UByte
fun UShortArray.component2(): UShort
fun <K, V> Map.Entry<K, V>.component2(): V.
e: file:///Users/jim/work/v2superbikeshed/Trikeshed/src/commonMain/kotlin/borg/trikeshed/parse/grpc/GrpcScanner.kt:154:35 Function 'component1()' is ambiguous for this expression: 
fun <T> Array<out T>.component1(): T
fun ByteArray.component1(): Byte
fun ShortArray.component1(): Short
fun IntArray.component1(): Int
fun LongArray.component1(): Long
fun FloatArray.component1(): Float
fun DoubleArray.component1(): Double
fun BooleanArray.component1(): Boolean
fun CharArray.component1(): Char
fun <T> List<T>.component1(): T
fun UIntArray.component1(): UInt
fun ULongArray.component1(): ULong
fun UByteArray.component1(): UByte
fun UShortArray.component1(): UShort
fun <K, V> Map.Entry<K, V>.component1(): K.
e: file:///Users/jim/work/v2superbikeshed/Trikeshed/src/commonMain/kotlin/borg/trikeshed/parse/grpc/GrpcScanner.kt:154:35 Function 'component2()' is ambiguous for this expression: 
fun <T> Array<out T>.component2(): T
fun ByteArray.component2(): Byte
fun ShortArray.component2(): Short
fun IntArray.component2(): Int
fun LongArray.component2(): Long
fun FloatArray.component2(): Float
fun DoubleArray.component2(): Double
fun BooleanArray.component2(): Boolean
fun CharArray.component2(): Char
fun <T> List<T>.component2(): T
fun UIntArray.component2(): UInt
fun ULongArray.component2(): ULong
fun UByteArray.component2(): UByte
fun UShortArray.component2(): UShort
fun <K, V> Map.Entry<K, V>.component2(): V.
e: file:///Users/jim/work/v2superbikeshed/Trikeshed/src/commonMain/kotlin/borg/trikeshed/parse/grpc/GrpcScanner.kt:167:34 Cannot infer type for this parameter. Specify it explicitly.
e: file:///Users/jim/work/v2superbikeshed/Trikeshed/src/commonMain/kotlin/borg/trikeshed/parse/grpc/GrpcScanner.kt:167:34 Not enough information to infer type argument for 'T'.
e: file:///Users/jim/work/v2superbikeshed/Trikeshed/src/commonMain/kotlin/borg/trikeshed/parse/grpc/GrpcScanner.kt:168:22 Cannot infer type for this parameter. Specify it explicitly.
e: file:///Users/jim/work/v2superbikeshed/Trikeshed/src/commonMain/kotlin/borg/trikeshed/parse/grpc/GrpcScanner.kt:168:22 Unresolved reference. None of the following candidates is applicable because of a receiver type mismatch:
fun <A, B> A.j(b: B): Join<A, B>
e: file:///Users/jim/work/v2superbikeshed/Trikeshed/src/commonMain/kotlin/borg/trikeshed/parse/grpc/GrpcScanner.kt:168:36 Cannot infer type for this parameter. Specify it explicitly.
e: file:///Users/jim/work/v2superbikeshed/Trikeshed/src/commonMain/kotlin/borg/trikeshed/parse/grpc/GrpcScanner.kt:264:53 None of the following candidates is applicable:
fun <T> Array<T>.toIdx(): Join<Int, Function1<Int, T>>
fun <T> List<T>.toIdx(): Join<Int, Function1<Int, T>>
e: file:///Users/jim/work/v2superbikeshed/Trikeshed/src/commonMain/kotlin/borg/trikeshed/parse/grpc/GrpcTransform.kt:193:55 Cannot access 'fun <T> emptyIndexed(): Join<Int, Function1<Int, T>>': it is private in file.
e: file:///Users/jim/work/v2superbikeshed/Trikeshed/src/commonMain/kotlin/borg/trikeshed/parse/grpc/GrpcTransform.kt:200:53 Cannot access 'fun <T> emptyIndexed(): Join<Int, Function1<Int, T>>': it is private in file.
e: file:///Users/jim/work/v2superbikeshed/Trikeshed/src/commonMain/kotlin/borg/trikeshed/parse/grpc/GrpcTransform.kt:258:34 Argument type mismatch: actual type is 'Join<Int, Function1<Int, Byte>>', but 'String?' was expected.
e: file:///Users/jim/work/v2superbikeshed/Trikeshed/src/commonMain/kotlin/borg/trikeshed/parse/grpc/GrpcTransform.kt:258:34 No value passed for parameter 'width'.
e: file:///Users/jim/work/v2superbikeshed/Trikeshed/src/commonMain/kotlin/borg/trikeshed/parse/grpc/GrpcTransform.kt:258:34 No value passed for parameter 'nullable'.
e: file:///Users/jim/work/v2superbikeshed/Trikeshed/src/commonMain/kotlin/borg/trikeshed/parse/grpc/GrpcTransform.kt:258:34 No value passed for parameter 'encoding'.
e: file:///Users/jim/work/v2superbikeshed/Trikeshed/src/commonMain/kotlin/borg/trikeshed/parse/grpc/GrpcTransform.kt:258:34 No value passed for parameter 'format'.
e: file:///Users/jim/work/v2superbikeshed/Trikeshed/src/commonMain/kotlin/borg/trikeshed/parse/grpc/GrpcTransform.kt:265:31 Unresolved reference 'data'.
e: file:///Users/jim/work/v2superbikeshed/Trikeshed/src/commonMain/kotlin/borg/trikeshed/parse/grpc/GrpcTransform.kt:364:42 Unresolved reference 'id'.
e: file:///Users/jim/work/v2superbikeshed/Trikeshed/src/commonMain/kotlin/borg/trikeshed/parse/grpc/GrpcTransform.kt:364:68 Unresolved reference 'data'.
e: file:///Users/jim/work/v2superbikeshed/Trikeshed/src/commonMain/kotlin/borg/trikeshed/parse/json/JsPath.kt:10:11 Redeclaration:
class JsPath : Any
e: file:///Users/jim/work/v2superbikeshed/Trikeshed/src/commonMain/kotlin/borg/trikeshed/parse/json/JsPath.kt:30:16 Return type mismatch: expected 'Join<Int, Function1<Int, JsPathElement>>', actual 'Join<Int, Function1<Int, CapturedType(out Either<String, Int>)>>'.
e: file:///Users/jim/work/v2superbikeshed/Trikeshed/src/commonMain/kotlin/borg/trikeshed/parse/json/JsPath.kt:64:37 Cannot infer type for this parameter. Specify it explicitly.
e: file:///Users/jim/work/v2superbikeshed/Trikeshed/src/commonMain/kotlin/borg/trikeshed/parse/json/JsPath.kt:64:37 Unresolved reference. None of the following candidates is applicable because of a receiver type mismatch:
fun <T> Join<Int, Function1<Int, Join<Any?, TypeMemento>>>.get(column: Column<T>): T?
e: file:///Users/jim/work/v2superbikeshed/Trikeshed/src/commonMain/kotlin/borg/trikeshed/parse/json/JsPath.kt:65:55 Argument type mismatch: actual type is 'Join<Int, Function1<Int, Join<Any?, TypeMemento>>>', but 'Join<Int, Function1<Int, JsPathElement>>' was expected.
e: file:///Users/jim/work/v2superbikeshed/Trikeshed/src/commonMain/kotlin/borg/trikeshed/parse/json/JsPath.kt:65:55 Cannot infer type for this parameter. Specify it explicitly.
e: file:///Users/jim/work/v2superbikeshed/Trikeshed/src/commonMain/kotlin/borg/trikeshed/parse/json/JsPath.kt:65:55 Unresolved reference. None of the following candidates is applicable because of a receiver type mismatch:
fun <T> Join<Int, Function1<Int, Join<Any?, TypeMemento>>>.get(column: Column<T>): T?
e: file:///Users/jim/work/v2superbikeshed/Trikeshed/src/commonMain/kotlin/borg/trikeshed/parse/json/JsPath.kt:66:59 Argument type mismatch: actual type is 'Join<Int, Function1<Int, Join<Any?, TypeMemento>>>', but 'Join<Int, Function1<Int, JsPathElement>>' was expected.
e: file:///Users/jim/work/v2superbikeshed/Trikeshed/src/commonMain/kotlin/borg/trikeshed/parse/json/JsPath.kt:66:59 Cannot infer type for this parameter. Specify it explicitly.
e: file:///Users/jim/work/v2superbikeshed/Trikeshed/src/commonMain/kotlin/borg/trikeshed/parse/json/JsPath.kt:66:59 Unresolved reference. None of the following candidates is applicable because of a receiver type mismatch:
fun <T> Join<Int, Function1<Int, Join<Any?, TypeMemento>>>.get(column: Column<T>): T?
e: file:///Users/jim/work/v2superbikeshed/Trikeshed/src/commonMain/kotlin/borg/trikeshed/parse/json/Json.kt:23:13 Overload resolution ambiguity between candidates:
fun createBitmapAsIndexed(data: UByteArray): Join<Int, Function1<Int, UByte>>
fun createBitmapAsIndexed(input: UByteArray): Join<Int, Function1<Int, UByte>>
e: file:///Users/jim/work/v2superbikeshed/Trikeshed/src/commonMain/kotlin/borg/trikeshed/parse/json/Json.kt:117:1 Conflicting overloads:
fun createBitmapAsIndexed(input: UByteArray): Join<Int, Function1<Int, UByte>>
e: file:///Users/jim/work/v2superbikeshed/Trikeshed/src/commonMain/kotlin/borg/trikeshed/parse/json/Json.kt:145:13 Redeclaration:
typealias JsPath = Join<Int, Function1<Int, JsPathElement>>
e: file:///Users/jim/work/v2superbikeshed/Trikeshed/src/commonMain/kotlin/borg/trikeshed/parse/json/JsonTensorFactory.kt:18:1 Conflicting overloads:
fun createBitmapAsIndexed(data: UByteArray): Join<Int, Function1<Int, UByte>>
e: file:///Users/jim/work/v2superbikeshed/Trikeshed/src/commonMain/kotlin/borg/trikeshed/parse/json/JsonTensorFactory.kt:45:16 Overload resolution ambiguity between candidates:
fun createBitmapAsIndexed(data: UByteArray): Join<Int, Function1<Int, UByte>>
fun createBitmapAsIndexed(input: UByteArray): Join<Int, Function1<Int, UByte>>
e: file:///Users/jim/work/v2superbikeshed/Trikeshed/src/commonMain/kotlin/borg/trikeshed/parse/json/JsonTensorFactory.kt:70:36 Cannot infer type for this parameter. Specify it explicitly.
e: file:///Users/jim/work/v2superbikeshed/Trikeshed/src/commonMain/kotlin/borg/trikeshed/parse/json/JsonTensorFactory.kt:70:36 Not enough information to infer type argument for 'T'.
e: file:///Users/jim/work/v2superbikeshed/Trikeshed/src/commonMain/kotlin/borg/trikeshed/parse/json/JsonTensorFactory.kt:77:27 Unresolved reference. None of the following candidates is applicable because of a receiver type mismatch:
expect fun MatchGroupCollection.get(name: String): MatchGroup?
e: file:///Users/jim/work/v2superbikeshed/Trikeshed/src/commonMain/kotlin/borg/trikeshed/parse/json/JsonTensorFactory.kt:78:33 Cannot infer type for this parameter. Specify it explicitly.
e: file:///Users/jim/work/v2superbikeshed/Trikeshed/src/commonMain/kotlin/borg/trikeshed/parse/json/JsonTensorFactory.kt:78:33 Unresolved reference. None of the following candidates is applicable because of a receiver type mismatch:
val <T> Join<Int, Function1<Int, T>>.play: IterableIndexed<T>
e: file:///Users/jim/work/v2superbikeshed/Trikeshed/src/commonMain/kotlin/borg/trikeshed/parse/json/JsonTensorFactory.kt:78:38 Cannot infer type for this parameter. Specify it explicitly.
e: file:///Users/jim/work/v2superbikeshed/Trikeshed/src/commonMain/kotlin/borg/trikeshed/parse/json/JsonTensorFactory.kt:78:38 Not enough information to infer type argument for 'T'.
e: file:///Users/jim/work/v2superbikeshed/Trikeshed/src/commonMain/kotlin/borg/trikeshed/parse/json/JsonTensorFactory.kt:91:32 Cannot infer type for this parameter. Specify it explicitly.
e: file:///Users/jim/work/v2superbikeshed/Trikeshed/src/commonMain/kotlin/borg/trikeshed/parse/json/JsonTensorFactory.kt:91:32 Not enough information to infer type argument for 'T'.
e: file:///Users/jim/work/v2superbikeshed/Trikeshed/src/commonMain/kotlin/borg/trikeshed/parse/json/JsonTensorFactory.kt:99:15 Cannot infer type for this parameter. Specify it explicitly.
e: file:///Users/jim/work/v2superbikeshed/Trikeshed/src/commonMain/kotlin/borg/trikeshed/parse/json/JsonTensorFactory.kt:99:15 Not enough information to infer type argument for 'T'.
e: file:///Users/jim/work/v2superbikeshed/Trikeshed/src/commonMain/kotlin/borg/trikeshed/parse/json/JsonTensorFactory.kt:99:20 Cannot infer type for this parameter. Specify it explicitly.
e: file:///Users/jim/work/v2superbikeshed/Trikeshed/src/commonMain/kotlin/borg/trikeshed/parse/json/JsonTensorFactory.kt:99:20 Not enough information to infer type argument for 'T'.
e: file:///Users/jim/work/v2superbikeshed/Trikeshed/src/commonMain/kotlin/borg/trikeshed/parse/json/JsonTensorFactory.kt:99:40 Cannot infer type for this parameter. Specify it explicitly.
e: file:///Users/jim/work/v2superbikeshed/Trikeshed/src/commonMain/kotlin/borg/trikeshed/parse/json/JsonTensorFactory.kt:133:39 Cannot infer type for this parameter. Specify it explicitly.
e: file:///Users/jim/work/v2superbikeshed/Trikeshed/src/commonMain/kotlin/borg/trikeshed/parse/json/JsonTensorFactory.kt:133:39 Not enough information to infer type argument for 'T'.
e: file:///Users/jim/work/v2superbikeshed/Trikeshed/src/commonMain/kotlin/borg/trikeshed/parse/json/JsonTensorFactory.kt:134:19 Unresolved reference 'size'.
e: file:///Users/jim/work/v2superbikeshed/Trikeshed/src/commonMain/kotlin/borg/trikeshed/parse/json/JsonTensorFactory.kt:136:22 Unresolved reference. None of the following candidates is applicable because of a receiver type mismatch:
expect fun MatchGroupCollection.get(name: String): MatchGroup?
e: file:///Users/jim/work/v2superbikeshed/Trikeshed/src/commonMain/kotlin/borg/trikeshed/parse/json/JsonTensorFactory.kt:142:29 Unresolved reference. None of the following candidates is applicable because of a receiver type mismatch:
expect fun MatchGroupCollection.get(name: String): MatchGroup?
e: file:///Users/jim/work/v2superbikeshed/Trikeshed/src/commonMain/kotlin/borg/trikeshed/parse/json/JsonTensorFactory.kt:144:31 Unresolved reference 'size'.
e: file:///Users/jim/work/v2superbikeshed/Trikeshed/src/commonMain/kotlin/borg/trikeshed/parse/json/JsonTensorFactory.kt:156:35 Unresolved reference. None of the following candidates is applicable because of a receiver type mismatch:
expect fun MatchGroupCollection.get(name: String): MatchGroup?
e: file:///Users/jim/work/v2superbikeshed/Trikeshed/src/commonMain/kotlin/borg/trikeshed/parse/json/JsonTensorFactory.kt:157:43 Cannot infer type for this parameter. Specify it explicitly.
e: file:///Users/jim/work/v2superbikeshed/Trikeshed/src/commonMain/kotlin/borg/trikeshed/parse/json/JsonTensorFactory.kt:157:43 Unresolved reference. None of the following candidates is applicable because of a receiver type mismatch:
val <T> Join<Int, Function1<Int, T>>.play: IterableIndexed<T>
e: file:///Users/jim/work/v2superbikeshed/Trikeshed/src/commonMain/kotlin/borg/trikeshed/parse/json/JsonTensorFactory.kt:157:48 Cannot infer type for this parameter. Specify it explicitly.
e: file:///Users/jim/work/v2superbikeshed/Trikeshed/src/commonMain/kotlin/borg/trikeshed/parse/json/JsonTensorFactory.kt:157:48 Not enough information to infer type argument for 'T'.
e: file:///Users/jim/work/v2superbikeshed/Trikeshed/src/commonMain/kotlin/borg/trikeshed/parse/json/JsonTensorFactory.kt:176:37 Cannot infer type for this parameter. Specify it explicitly.
e: file:///Users/jim/work/v2superbikeshed/Trikeshed/src/commonMain/kotlin/borg/trikeshed/parse/json/JsonTensorFactory.kt:176:37 Not enough information to infer type argument for 'T'.
e: file:///Users/jim/work/v2superbikeshed/Trikeshed/src/commonMain/kotlin/borg/trikeshed/parse/json/JsonTensorFactory.kt:176:50 None of the following candidates is applicable:
fun <T> Array<out T>.takeWhile(predicate: (T) -> Boolean): List<T>
fun ByteArray.takeWhile(predicate: (Byte) -> Boolean): List<Byte>
fun ShortArray.takeWhile(predicate: (Short) -> Boolean): List<Short>
fun IntArray.takeWhile(predicate: (Int) -> Boolean): List<Int>
fun LongArray.takeWhile(predicate: (Long) -> Boolean): List<Long>
fun FloatArray.takeWhile(predicate: (Float) -> Boolean): List<Float>
fun DoubleArray.takeWhile(predicate: (Double) -> Boolean): List<Double>
fun BooleanArray.takeWhile(predicate: (Boolean) -> Boolean): List<Boolean>
fun CharArray.takeWhile(predicate: (Char) -> Boolean): List<Char>
fun <T> Iterable<T>.takeWhile(predicate: (T) -> Boolean): List<T>
fun UIntArray.takeWhile(predicate: (UInt) -> Boolean): List<UInt>
fun ULongArray.takeWhile(predicate: (ULong) -> Boolean): List<ULong>
fun UByteArray.takeWhile(predicate: (UByte) -> Boolean): List<UByte>
fun UShortArray.takeWhile(predicate: (UShort) -> Boolean): List<UShort>
fun <T> Sequence<T>.takeWhile(predicate: (T) -> Boolean): Sequence<T>
fun CharSequence.takeWhile(predicate: (Char) -> Boolean): CharSequence
fun String.takeWhile(predicate: (Char) -> Boolean): String
e: file:///Users/jim/work/v2superbikeshed/Trikeshed/src/commonMain/kotlin/borg/trikeshed/parse/json/JsonTensorFactory.kt:176:62 Unresolved reference 'it'.
e: file:///Users/jim/work/v2superbikeshed/Trikeshed/src/commonMain/kotlin/borg/trikeshed/parse/json/JsonTensorFactory.kt:184:37 Cannot infer type for this parameter. Specify it explicitly.
e: file:///Users/jim/work/v2superbikeshed/Trikeshed/src/commonMain/kotlin/borg/trikeshed/parse/json/JsonTensorFactory.kt:184:37 Not enough information to infer type argument for 'T'.
e: file:///Users/jim/work/v2superbikeshed/Trikeshed/src/commonMain/kotlin/borg/trikeshed/parse/json/JsonTensorFactory.kt:184:42 Cannot infer type for this parameter. Specify it explicitly.
e: file:///Users/jim/work/v2superbikeshed/Trikeshed/src/commonMain/kotlin/borg/trikeshed/parse/json/JsonTensorFactory.kt:184:42 Not enough information to infer type argument for 'T'.
e: file:///Users/jim/work/v2superbikeshed/Trikeshed/src/commonMain/kotlin/borg/trikeshed/parse/json/JsonTensorFactory.kt:194:18 Unresolved reference 'size'.
e: file:///Users/jim/work/v2superbikeshed/Trikeshed/src/commonMain/kotlin/borg/trikeshed/parse/json/JsonTensorFactory.kt:201:9 'when' expression must be exhaustive. Add the 'is Left<*>', 'is Right<*>' branches or an 'else' branch.
e: file:///Users/jim/work/v2superbikeshed/Trikeshed/src/commonMain/kotlin/borg/trikeshed/parse/json/JsonTensorFactory.kt:202:16 Unresolved reference 'Either'.
e: file:///Users/jim/work/v2superbikeshed/Trikeshed/src/commonMain/kotlin/borg/trikeshed/parse/json/JsonTensorFactory.kt:203:36 Unresolved reference 'value'.
e: file:///Users/jim/work/v2superbikeshed/Trikeshed/src/commonMain/kotlin/borg/trikeshed/parse/json/JsonTensorFactory.kt:216:16 Unresolved reference 'Either'.
e: file:///Users/jim/work/v2superbikeshed/Trikeshed/src/commonMain/kotlin/borg/trikeshed/parse/json/JsonTensorFactory.kt:217:38 Unresolved reference 'value'.
e: file:///Users/jim/work/v2superbikeshed/Trikeshed/src/commonMain/kotlin/borg/trikeshed/parse/json/JsonTensorFactory.kt:221:38 Unresolved reference 'size'.
e: file:///Users/jim/work/v2superbikeshed/Trikeshed/src/commonMain/kotlin/borg/trikeshed/parse/json/JsonTensorFactory.kt:222:35 Unresolved reference. None of the following candidates is applicable because of a receiver type mismatch:
expect fun MatchGroupCollection.get(name: String): MatchGroup?
e: file:///Users/jim/work/v2superbikeshed/Trikeshed/src/commonMain/kotlin/borg/trikeshed/parse/json/JsonTensorFactory.kt:223:52 Cannot infer type for this parameter. Specify it explicitly.
e: file:///Users/jim/work/v2superbikeshed/Trikeshed/src/commonMain/kotlin/borg/trikeshed/parse/json/JsonTensorFactory.kt:223:52 Unresolved reference. None of the following candidates is applicable because of a receiver type mismatch:
val <T> Join<Int, Function1<Int, T>>.play: IterableIndexed<T>
e: file:///Users/jim/work/v2superbikeshed/Trikeshed/src/commonMain/kotlin/borg/trikeshed/parse/json/JsonTensorFactory.kt:223:57 Cannot infer type for this parameter. Specify it explicitly.
e: file:///Users/jim/work/v2superbikeshed/Trikeshed/src/commonMain/kotlin/borg/trikeshed/parse/json/JsonTensorFactory.kt:223:57 Not enough information to infer type argument for 'T'.
e: file:///Users/jim/work/v2superbikeshed/Trikeshed/src/commonMain/kotlin/borg/trikeshed/parse/json/JsonTensorFactory.kt:229:5 Missing return statement.
e: file:///Users/jim/work/v2superbikeshed/Trikeshed/src/commonMain/kotlin/borg/trikeshed/parse/json/JsonTensorFactory.kt:277:41 Cannot infer type for this parameter. Specify it explicitly.
e: file:///Users/jim/work/v2superbikeshed/Trikeshed/src/commonMain/kotlin/borg/trikeshed/parse/json/JsonTensorFactory.kt:277:41 Not enough information to infer type argument for 'T'.
e: file:///Users/jim/work/v2superbikeshed/Trikeshed/src/commonMain/kotlin/borg/trikeshed/parse/json/JsonTensorFactory.kt:277:53 Unresolved reference 'α'.
e: file:///Users/jim/work/v2superbikeshed/Trikeshed/src/commonMain/kotlin/borg/trikeshed/parse/json/JsonTensorFactory.kt:277:57 Cannot infer type for this parameter. Specify it explicitly.
e: file:///Users/jim/work/v2superbikeshed/Trikeshed/src/commonMain/kotlin/borg/trikeshed/parse/json/JsonTensorFactory.kt:277:57 Function 'component1()' is ambiguous for this expression: 
fun <T> Array<out T>.component1(): T
fun ByteArray.component1(): Byte
fun ShortArray.component1(): Short
fun IntArray.component1(): Int
fun LongArray.component1(): Long
fun FloatArray.component1(): Float
fun DoubleArray.component1(): Double
fun BooleanArray.component1(): Boolean
fun CharArray.component1(): Char
fun <T> List<T>.component1(): T
fun UIntArray.component1(): UInt
fun ULongArray.component1(): ULong
fun UByteArray.component1(): UByte
fun UShortArray.component1(): UShort
fun <K, V> Map.Entry<K, V>.component1(): K.
e: file:///Users/jim/work/v2superbikeshed/Trikeshed/src/commonMain/kotlin/borg/trikeshed/parse/json/JsonTensorFactory.kt:277:57 Function 'component2()' is ambiguous for this expression: 
fun <T> Array<out T>.component2(): T
fun ByteArray.component2(): Byte
fun ShortArray.component2(): Short
fun IntArray.component2(): Int
fun LongArray.component2(): Long
fun FloatArray.component2(): Float
fun DoubleArray.component2(): Double
fun BooleanArray.component2(): Boolean
fun CharArray.component2(): Char
fun <T> List<T>.component2(): T
fun UIntArray.component2(): UInt
fun ULongArray.component2(): ULong
fun UByteArray.component2(): UByte
fun UShortArray.component2(): UShort
fun <K, V> Map.Entry<K, V>.component2(): V.
e: file:///Users/jim/work/v2superbikeshed/Trikeshed/src/commonMain/kotlin/borg/trikeshed/parse/json/JsonTensorFactory.kt:278:27 Unresolved reference. None of the following candidates is applicable because of a receiver type mismatch:
expect fun MatchGroupCollection.get(name: String): MatchGroup?
e: file:///Users/jim/work/v2superbikeshed/Trikeshed/src/commonMain/kotlin/borg/trikeshed/parse/json/JsonTensorFactory.kt:294:33 Return type mismatch: expected 'T (of fun <T> Join<Int, Function1<Int, T>>.first)', actual 'MatchGroup?'.
e: file:///Users/jim/work/v2superbikeshed/Trikeshed/src/commonMain/kotlin/borg/trikeshed/parse/json/JsonTensorFactory.kt:294:33 Unresolved reference. None of the following candidates is applicable because of a receiver type mismatch:
expect fun MatchGroupCollection.get(name: String): MatchGroup?
e: file:///Users/jim/work/v2superbikeshed/Trikeshed/src/commonMain/kotlin/borg/trikeshed/parse/json/JsonTensorFactory.kt:295:48 Unresolved reference 'size'.
e: file:///Users/jim/work/v2superbikeshed/Trikeshed/src/commonMain/kotlin/borg/trikeshed/parse/json/JsonTensorFactory.kt:295:58 Cannot infer type for this parameter. Specify it explicitly.
e: file:///Users/jim/work/v2superbikeshed/Trikeshed/src/commonMain/kotlin/borg/trikeshed/parse/json/JsonTensorFactory.kt:295:58 Unresolved reference. None of the following candidates is applicable because of a receiver type mismatch:
fun <A, B> A.j(b: B): Join<A, B>
e: file:///Users/jim/work/v2superbikeshed/Trikeshed/src/commonMain/kotlin/borg/trikeshed/parse/json/JsonTensorFactory.kt:295:62 Cannot infer type for this parameter. Specify it explicitly.
e: file:///Users/jim/work/v2superbikeshed/Trikeshed/src/commonMain/kotlin/borg/trikeshed/parse/json/JsonTensorFactory.kt:295:67 Unresolved reference. None of the following candidates is applicable because of a receiver type mismatch:
expect fun MatchGroupCollection.get(name: String): MatchGroup?
e: file:///Users/jim/work/v2superbikeshed/Trikeshed/src/commonMain/kotlin/borg/trikeshed/parse/json/TrikeShedJsonScanner.kt:114:20 Cannot infer type for this parameter. Specify it explicitly.
e: file:///Users/jim/work/v2superbikeshed/Trikeshed/src/commonMain/kotlin/borg/trikeshed/parse/json/TrikeShedJsonScanner.kt:114:20 Unresolved reference. None of the following candidates is applicable because of a receiver type mismatch:
fun <T> Join<Int, Function1<Int, Join<Any?, TypeMemento>>>.get(column: Column<T>): T?
e: file:///Users/jim/work/v2superbikeshed/Trikeshed/src/commonMain/kotlin/borg/trikeshed/parse/json/TrikeShedJsonScanner.kt:137:36 Cannot infer type for this parameter. Specify it explicitly.
e: file:///Users/jim/work/v2superbikeshed/Trikeshed/src/commonMain/kotlin/borg/trikeshed/parse/json/TrikeShedJsonScanner.kt:137:36 Unresolved reference. None of the following candidates is applicable because of a receiver type mismatch:
fun <T> Join<Int, Function1<Int, Join<Any?, TypeMemento>>>.get(column: Column<T>): T?
e: file:///Users/jim/work/v2superbikeshed/Trikeshed/src/commonMain/kotlin/borg/trikeshed/parse/json/TrikeShedJsonScanner.kt:151:24 Cannot infer type for this parameter. Specify it explicitly.
e: file:///Users/jim/work/v2superbikeshed/Trikeshed/src/commonMain/kotlin/borg/trikeshed/parse/json/TrikeShedJsonScanner.kt:151:24 Unresolved reference. None of the following candidates is applicable because of a receiver type mismatch:
fun <T> Join<Int, Function1<Int, Join<Any?, TypeMemento>>>.get(column: Column<T>): T?
e: file:///Users/jim/work/v2superbikeshed/Trikeshed/src/commonMain/kotlin/borg/trikeshed/parse/json/TrikeShedJsonScanner.kt:173:33 Cannot infer type for this parameter. Specify it explicitly.
e: file:///Users/jim/work/v2superbikeshed/Trikeshed/src/commonMain/kotlin/borg/trikeshed/parse/json/TrikeShedJsonScanner.kt:173:33 Unresolved reference. None of the following candidates is applicable because of a receiver type mismatch:
fun <T> Join<Int, Function1<Int, Join<Any?, TypeMemento>>>.get(column: Column<T>): T?
e: file:///Users/jim/work/v2superbikeshed/Trikeshed/src/commonMain/kotlin/borg/trikeshed/parse/json/TrikeShedJsonScanner.kt:176:36 Cannot infer type for this parameter. Specify it explicitly.
e: file:///Users/jim/work/v2superbikeshed/Trikeshed/src/commonMain/kotlin/borg/trikeshed/parse/json/TrikeShedJsonScanner.kt:176:36 Unresolved reference. None of the following candidates is applicable because of a receiver type mismatch:
fun <T> Join<Int, Function1<Int, Join<Any?, TypeMemento>>>.get(column: Column<T>): T?
e: file:///Users/jim/work/v2superbikeshed/Trikeshed/src/commonMain/kotlin/borg/trikeshed/parse/json/TrikeShedJsonScanner.kt:179:33 Cannot infer type for this parameter. Specify it explicitly.
e: file:///Users/jim/work/v2superbikeshed/Trikeshed/src/commonMain/kotlin/borg/trikeshed/parse/json/TrikeShedJsonScanner.kt:179:33 Unresolved reference. None of the following candidates is applicable because of a receiver type mismatch:
fun <T> Join<Int, Function1<Int, Join<Any?, TypeMemento>>>.get(column: Column<T>): T?
e: file:///Users/jim/work/v2superbikeshed/Trikeshed/src/commonMain/kotlin/borg/trikeshed/parse/json/TrikeShedJsonScanner.kt:181:40 Cannot infer type for this parameter. Specify it explicitly.
e: file:///Users/jim/work/v2superbikeshed/Trikeshed/src/commonMain/kotlin/borg/trikeshed/parse/json/TrikeShedJsonScanner.kt:181:40 Unresolved reference. None of the following candidates is applicable because of a receiver type mismatch:
fun <T> Join<Int, Function1<Int, Join<Any?, TypeMemento>>>.get(column: Column<T>): T?
e: file:///Users/jim/work/v2superbikeshed/Trikeshed/src/commonMain/kotlin/borg/trikeshed/parse/json/TrikeShedJsonScanner.kt:185:34 Cannot infer type for this parameter. Specify it explicitly.
e: file:///Users/jim/work/v2superbikeshed/Trikeshed/src/commonMain/kotlin/borg/trikeshed/parse/json/TrikeShedJsonScanner.kt:185:34 Unresolved reference. None of the following candidates is applicable because of a receiver type mismatch:
fun <T> Join<Int, Function1<Int, Join<Any?, TypeMemento>>>.get(column: Column<T>): T?
e: file:///Users/jim/work/v2superbikeshed/Trikeshed/src/commonMain/kotlin/borg/trikeshed/parse/json/TrikeShedJsonScanner.kt:185:55 Cannot infer type for this parameter. Specify it explicitly.
e: file:///Users/jim/work/v2superbikeshed/Trikeshed/src/commonMain/kotlin/borg/trikeshed/parse/json/TrikeShedJsonScanner.kt:185:55 Unresolved reference. None of the following candidates is applicable because of a receiver type mismatch:
fun <T> Join<Int, Function1<Int, Join<Any?, TypeMemento>>>.get(column: Column<T>): T?
e: file:///Users/jim/work/v2superbikeshed/Trikeshed/src/commonMain/kotlin/borg/trikeshed/parse/json/TrikeShedJsonScanner.kt:187:38 Cannot infer type for this parameter. Specify it explicitly.
e: file:///Users/jim/work/v2superbikeshed/Trikeshed/src/commonMain/kotlin/borg/trikeshed/parse/json/TrikeShedJsonScanner.kt:187:38 Unresolved reference. None of the following candidates is applicable because of a receiver type mismatch:
fun <T> Join<Int, Function1<Int, Join<Any?, TypeMemento>>>.get(column: Column<T>): T?
e: file:///Users/jim/work/v2superbikeshed/Trikeshed/src/commonMain/kotlin/borg/trikeshed/parse/json/TrikeShedJsonScanner.kt:187:59 Cannot infer type for this parameter. Specify it explicitly.
e: file:///Users/jim/work/v2superbikeshed/Trikeshed/src/commonMain/kotlin/borg/trikeshed/parse/json/TrikeShedJsonScanner.kt:187:59 Unresolved reference. None of the following candidates is applicable because of a receiver type mismatch:
fun <T> Join<Int, Function1<Int, Join<Any?, TypeMemento>>>.get(column: Column<T>): T?
e: file:///Users/jim/work/v2superbikeshed/Trikeshed/src/commonMain/kotlin/borg/trikeshed/parse/json/TrikeShedJsonScanner.kt:188:40 Cannot infer type for this parameter. Specify it explicitly.
e: file:///Users/jim/work/v2superbikeshed/Trikeshed/src/commonMain/kotlin/borg/trikeshed/parse/json/TrikeShedJsonScanner.kt:188:40 Unresolved reference. None of the following candidates is applicable because of a receiver type mismatch:
fun <T> Join<Int, Function1<Int, Join<Any?, TypeMemento>>>.get(column: Column<T>): T?
e: file:///Users/jim/work/v2superbikeshed/Trikeshed/src/commonMain/kotlin/borg/trikeshed/parse/json/TrikeShedJsonScanner.kt:205:56 Cannot infer type for this parameter. Specify it explicitly.
e: file:///Users/jim/work/v2superbikeshed/Trikeshed/src/commonMain/kotlin/borg/trikeshed/parse/json/TrikeShedJsonScanner.kt:205:56 Unresolved reference. None of the following candidates is applicable because of a receiver type mismatch:
fun <T> Join<Int, Function1<Int, Join<Any?, TypeMemento>>>.get(column: Column<T>): T?
e: file:///Users/jim/work/v2superbikeshed/Trikeshed/src/commonMain/kotlin/borg/trikeshed/parse/json/TrikeShedJsonScanner.kt:216:23 Overload resolution ambiguity between candidates:
fun <X, C, V : Join<Int, Function1<Int, X>>> V.α(crossinline xform: (X) -> C): Join<Int, Function1<Int, C>>
fun <X, C, V : Join<Int, Function1<Int, X>>> V.α(crossinline xform: (X) -> C): Join<Int, Function1<Int, C>>
e: file:///Users/jim/work/v2superbikeshed/Trikeshed/src/commonMain/kotlin/borg/trikeshed/parse/json/TrikeShedJsonScanner.kt:216:27 Cannot infer type for this parameter. Specify it explicitly.
e: file:///Users/jim/work/v2superbikeshed/Trikeshed/src/commonMain/kotlin/borg/trikeshed/parse/json/TrikeShedJsonScanner.kt:217:34 Function 'component1()' is ambiguous for this expression: 
fun <T> Array<out T>.component1(): T
fun ByteArray.component1(): Byte
fun ShortArray.component1(): Short
fun IntArray.component1(): Int
fun LongArray.component1(): Long
fun FloatArray.component1(): Float
fun DoubleArray.component1(): Double
fun BooleanArray.component1(): Boolean
fun CharArray.component1(): Char
fun <T> List<T>.component1(): T
fun UIntArray.component1(): UInt
fun ULongArray.component1(): ULong
fun UByteArray.component1(): UByte
fun UShortArray.component1(): UShort
fun <K, V> Map.Entry<K, V>.component1(): K.
e: file:///Users/jim/work/v2superbikeshed/Trikeshed/src/commonMain/kotlin/borg/trikeshed/parse/json/TrikeShedJsonScanner.kt:217:34 Function 'component2()' is ambiguous for this expression: 
fun <T> Array<out T>.component2(): T
fun ByteArray.component2(): Byte
fun ShortArray.component2(): Short
fun IntArray.component2(): Int
fun LongArray.component2(): Long
fun FloatArray.component2(): Float
fun DoubleArray.component2(): Double
fun BooleanArray.component2(): Boolean
fun CharArray.component2(): Char
fun <T> List<T>.component2(): T
fun UIntArray.component2(): UInt
fun ULongArray.component2(): ULong
fun UByteArray.component2(): UByte
fun UShortArray.component2(): UShort
fun <K, V> Map.Entry<K, V>.component2(): V.
e: file:///Users/jim/work/v2superbikeshed/Trikeshed/src/commonMain/kotlin/borg/trikeshed/parse/json/TrikeShedJsonScanner.kt:227:18 Cannot infer type for this parameter. Specify it explicitly.
e: file:///Users/jim/work/v2superbikeshed/Trikeshed/src/commonMain/kotlin/borg/trikeshed/parse/json/TrikeShedJsonScanner.kt:227:27 Unresolved reference 'a'.
e: file:///Users/jim/work/v2superbikeshed/Trikeshed/src/commonMain/kotlin/borg/trikeshed/parse/json/TrikeShedJsonScanner.kt:236:32 Overload resolution ambiguity between candidates:
fun <X, C, V : Join<Int, Function1<Int, X>>> V.α(crossinline xform: (X) -> C): Join<Int, Function1<Int, C>>
fun <X, C, V : Join<Int, Function1<Int, X>>> V.α(crossinline xform: (X) -> C): Join<Int, Function1<Int, C>>
e: file:///Users/jim/work/v2superbikeshed/Trikeshed/src/commonMain/kotlin/borg/trikeshed/parse/json/TrikeShedJsonScanner.kt:236:36 Cannot infer type for this parameter. Specify it explicitly.
e: file:///Users/jim/work/v2superbikeshed/Trikeshed/src/commonMain/kotlin/borg/trikeshed/parse/json/TrikeShedJsonScanner.kt:236:36 Function 'component1()' is ambiguous for this expression: 
fun <T> Array<out T>.component1(): T
fun ByteArray.component1(): Byte
fun ShortArray.component1(): Short
fun IntArray.component1(): Int
fun LongArray.component1(): Long
fun FloatArray.component1(): Float
fun DoubleArray.component1(): Double
fun BooleanArray.component1(): Boolean
fun CharArray.component1(): Char
fun <T> List<T>.component1(): T
fun UIntArray.component1(): UInt
fun ULongArray.component1(): ULong
fun UByteArray.component1(): UByte
fun UShortArray.component1(): UShort
fun <K, V> Map.Entry<K, V>.component1(): K.
e: file:///Users/jim/work/v2superbikeshed/Trikeshed/src/commonMain/kotlin/borg/trikeshed/parse/json/TrikeShedJsonScanner.kt:236:36 Function 'component2()' is ambiguous for this expression: 
fun <T> Array<out T>.component2(): T
fun ByteArray.component2(): Byte
fun ShortArray.component2(): Short
fun IntArray.component2(): Int
fun LongArray.component2(): Long
fun FloatArray.component2(): Float
fun DoubleArray.component2(): Double
fun BooleanArray.component2(): Boolean
fun CharArray.component2(): Char
fun <T> List<T>.component2(): T
fun UIntArray.component2(): UInt
fun ULongArray.component2(): ULong
fun UByteArray.component2(): UByte
fun UShortArray.component2(): UShort
fun <K, V> Map.Entry<K, V>.component2(): V.
e: file:///Users/jim/work/v2superbikeshed/Trikeshed/src/commonMain/kotlin/borg/trikeshed/parse/json/TrikeShedJsonScanner.kt:237:13 Not enough information to infer type argument for 'K'.
e: file:///Users/jim/work/v2superbikeshed/Trikeshed/src/commonMain/kotlin/borg/trikeshed/parse/json/TrikeShedJsonScanner.kt:241:34 Cannot infer type for this parameter. Specify it explicitly.
e: file:///Users/jim/work/v2superbikeshed/Trikeshed/src/commonMain/kotlin/borg/trikeshed/parse/json/TrikeShedJsonScanner.kt:241:34 Not enough information to infer type argument for 'B'.
e: file:///Users/jim/work/v2superbikeshed/Trikeshed/src/commonMain/kotlin/borg/trikeshed/parse/json/TrikeShedJsonScanner.kt:245:27 Cannot infer type for this parameter. Specify it explicitly.
e: file:///Users/jim/work/v2superbikeshed/Trikeshed/src/commonMain/kotlin/borg/trikeshed/parse/json/TrikeShedJsonScanner.kt:245:27 Not enough information to infer type argument for 'B'.
e: file:///Users/jim/work/v2superbikeshed/Trikeshed/src/commonMain/kotlin/borg/trikeshed/parse/json/TrikeShedJsonScanner.kt:247:31 Cannot infer type for this parameter. Specify it explicitly.
e: file:///Users/jim/work/v2superbikeshed/Trikeshed/src/commonMain/kotlin/borg/trikeshed/parse/json/TrikeShedJsonScanner.kt:247:31 Not enough information to infer type argument for 'B'.
e: file:///Users/jim/work/v2superbikeshed/Trikeshed/src/commonMain/kotlin/borg/trikeshed/parse/json/TrikeShedJsonScanner.kt:256:23 Overload resolution ambiguity between candidates:
fun <X, C, V : Join<Int, Function1<Int, X>>> V.α(crossinline xform: (X) -> C): Join<Int, Function1<Int, C>>
fun <X, C, V : Join<Int, Function1<Int, X>>> V.α(crossinline xform: (X) -> C): Join<Int, Function1<Int, C>>
e: file:///Users/jim/work/v2superbikeshed/Trikeshed/src/commonMain/kotlin/borg/trikeshed/parse/json/TrikeShedJsonScanner.kt:256:27 Cannot infer type for this parameter. Specify it explicitly.
e: file:///Users/jim/work/v2superbikeshed/Trikeshed/src/commonMain/kotlin/borg/trikeshed/parse/json/TrikeShedJsonScanner.kt:257:34 Function 'component1()' is ambiguous for this expression: 
fun <T> Array<out T>.component1(): T
fun ByteArray.component1(): Byte
fun ShortArray.component1(): Short
fun IntArray.component1(): Int
fun LongArray.component1(): Long
fun FloatArray.component1(): Float
fun DoubleArray.component1(): Double
fun BooleanArray.component1(): Boolean
fun CharArray.component1(): Char
fun <T> List<T>.component1(): T
fun UIntArray.component1(): UInt
fun ULongArray.component1(): ULong
fun UByteArray.component1(): UByte
fun UShortArray.component1(): UShort
fun <K, V> Map.Entry<K, V>.component1(): K.
e: file:///Users/jim/work/v2superbikeshed/Trikeshed/src/commonMain/kotlin/borg/trikeshed/parse/json/TrikeShedJsonScanner.kt:257:34 Function 'component2()' is ambiguous for this expression: 
fun <T> Array<out T>.component2(): T
fun ByteArray.component2(): Byte
fun ShortArray.component2(): Short
fun IntArray.component2(): Int
fun LongArray.component2(): Long
fun FloatArray.component2(): Float
fun DoubleArray.component2(): Double
fun BooleanArray.component2(): Boolean
fun CharArray.component2(): Char
fun <T> List<T>.component2(): T
fun UIntArray.component2(): UInt
fun ULongArray.component2(): ULong
fun UByteArray.component2(): UByte
fun UShortArray.component2(): UShort
fun <K, V> Map.Entry<K, V>.component2(): V.
e: file:///Users/jim/work/v2superbikeshed/Trikeshed/src/commonMain/kotlin/borg/trikeshed/parse/json/TrikeShedJsonScanner.kt:267:35 Unresolved reference 'a'.
e: file:///Users/jim/work/v2superbikeshed/Trikeshed/src/commonMain/kotlin/borg/trikeshed/parse/json/TrikeShedJsonScanner.kt:268:35 Cannot infer type for this parameter. Specify it explicitly.
e: file:///Users/jim/work/v2superbikeshed/Trikeshed/src/commonMain/kotlin/borg/trikeshed/parse/json/TrikeShedJsonScanner.kt:268:44 Unresolved reference 'b'.
e: file:///Users/jim/work/v2superbikeshed/Trikeshed/src/commonMain/kotlin/borg/trikeshed/parse/json/TrikeShedJsonScanner.kt:269:23 Cannot infer type for this parameter. Specify it explicitly.
e: file:///Users/jim/work/v2superbikeshed/Trikeshed/src/commonMain/kotlin/borg/trikeshed/parse/json/TrikeShedJsonScanner.kt:269:26 Argument type mismatch: actual type is 'Join<A (of fun <A, B> A.j), B (of fun <A, B> A.j)>', but 'B (of fun <A, B> A.j)' was expected.
e: file:///Users/jim/work/v2superbikeshed/Trikeshed/src/commonMain/kotlin/borg/trikeshed/parse/json/TrikeShedJsonScanner.kt:269:35 Cannot infer type for this parameter. Specify it explicitly.
e: file:///Users/jim/work/v2superbikeshed/Trikeshed/src/commonMain/kotlin/borg/trikeshed/parse/markdown/MarkdownCodeBlock.kt:142:24 Cannot infer type for this parameter. Specify it explicitly.
e: file:///Users/jim/work/v2superbikeshed/Trikeshed/src/commonMain/kotlin/borg/trikeshed/parse/markdown/MarkdownCodeBlock.kt:142:24 Unresolved reference. None of the following candidates is applicable because of a receiver type mismatch:
fun <T> Join<Int, Function1<Int, Join<Any?, TypeMemento>>>.get(column: Column<T>): T?
e: file:///Users/jim/work/v2superbikeshed/Trikeshed/src/commonMain/kotlin/borg/trikeshed/parse/markdown/MarkdownCodeBlock.kt:156:35 Cannot infer type for this parameter. Specify it explicitly.
e: file:///Users/jim/work/v2superbikeshed/Trikeshed/src/commonMain/kotlin/borg/trikeshed/parse/markdown/MarkdownCodeBlock.kt:156:35 Not enough information to infer type argument for 'B'.
e: file:///Users/jim/work/v2superbikeshed/Trikeshed/src/commonMain/kotlin/borg/trikeshed/parse/markdown/MarkdownCodeBlock.kt:156:39 Cannot infer type for this parameter. Specify it explicitly.
e: file:///Users/jim/work/v2superbikeshed/Trikeshed/src/commonMain/kotlin/borg/trikeshed/parse/markdown/MarkdownCodeBlock.kt:156:44 Cannot infer type for this parameter. Specify it explicitly.
e: file:///Users/jim/work/v2superbikeshed/Trikeshed/src/commonMain/kotlin/borg/trikeshed/parse/markdown/MarkdownCodeBlock.kt:156:44 Unresolved reference. None of the following candidates is applicable because of a receiver type mismatch:
fun <T> Join<Int, Function1<Int, Join<Any?, TypeMemento>>>.get(column: Column<T>): T?
e: file:///Users/jim/work/v2superbikeshed/Trikeshed/src/commonMain/kotlin/borg/trikeshed/parse/markdown/MarkdownCodeBlock.kt:158:25 Cannot infer type for this parameter. Specify it explicitly.
e: file:///Users/jim/work/v2superbikeshed/Trikeshed/src/commonMain/kotlin/borg/trikeshed/parse/markdown/MarkdownCodeBlock.kt:158:25 Not enough information to infer type argument for 'T'.
e: file:///Users/jim/work/v2superbikeshed/Trikeshed/src/commonMain/kotlin/borg/trikeshed/parse/markdown/MarkdownCodeBlock.kt:158:25 Type arguments are not allowed on implicit invoke call.
e: file:///Users/jim/work/v2superbikeshed/Trikeshed/src/commonMain/kotlin/borg/trikeshed/parse/markdown/MarkdownCodeBlock.kt:158:25 Unresolved reference. None of the following candidates is applicable because of a receiver type mismatch:
fun <T> Join<Shape, Function1<Shape, T>>.invoke(index: Int): T
e: file:///Users/jim/work/v2superbikeshed/Trikeshed/src/commonMain/kotlin/borg/trikeshed/parse/markdown/MarkdownCodeBlock.kt:161:54 Cannot infer type for this parameter. Specify it explicitly.
e: file:///Users/jim/work/v2superbikeshed/Trikeshed/src/commonMain/kotlin/borg/trikeshed/parse/markdown/MarkdownCodeBlock.kt:161:54 Unresolved reference. None of the following candidates is applicable because of a receiver type mismatch:
val <T> Join<Int, Function1<Int, T>>.play: IterableIndexed<T>
e: file:///Users/jim/work/v2superbikeshed/Trikeshed/src/commonMain/kotlin/borg/trikeshed/parse/markdown/MarkdownCodeBlock.kt:161:59 Cannot infer type for this parameter. Specify it explicitly.
e: file:///Users/jim/work/v2superbikeshed/Trikeshed/src/commonMain/kotlin/borg/trikeshed/parse/markdown/MarkdownCodeBlock.kt:161:59 Not enough information to infer type argument for 'T'.
e: file:///Users/jim/work/v2superbikeshed/Trikeshed/src/commonMain/kotlin/borg/trikeshed/reactor/ClientChannel.kt:3:14 ClientChannel: expect and corresponding actual are declared in the same module.
e: file:///Users/jim/work/v2superbikeshed/Trikeshed/src/commonMain/kotlin/borg/trikeshed/reactor/ProtocolChannelContextService.kt:23:74 Unresolved reference 'CoroutineContext'.
e: file:///Users/jim/work/v2superbikeshed/Trikeshed/src/commonMain/kotlin/borg/trikeshed/reactor/ProtocolChannelContextService.kt:24:9 Class '<anonymous>' is not abstract and does not implement abstract members:
expect val isOpen: Boolean
expect suspend fun close(): Unit
expect fun configureBlocking(block: Boolean): SelectableChannel
expect val isBlocking: Boolean
e: file:///Users/jim/work/v2superbikeshed/Trikeshed/src/commonMain/kotlin/borg/trikeshed/reactor/ProtocolChannelContextService.kt:30:41 Unresolved reference 'IO'.
e: file:///Users/jim/work/v2superbikeshed/Trikeshed/src/commonMain/kotlin/borg/trikeshed/reactor/ProtocolChannelContextService.kt:35:59 Unresolved reference 'CoroutineContext'.
e: file:///Users/jim/work/v2superbikeshed/Trikeshed/src/commonMain/kotlin/borg/trikeshed/reactor/ProtocolChannelContextService.kt:38:30 Cannot infer type for this parameter. Specify it explicitly.
e: file:///Users/jim/work/v2superbikeshed/Trikeshed/src/commonMain/kotlin/borg/trikeshed/reactor/ProtocolChannelContextService.kt:39:29 Cannot infer type for this parameter. Specify it explicitly.
e: file:///Users/jim/work/v2superbikeshed/Trikeshed/src/commonMain/kotlin/borg/trikeshed/reactor/ProtocolChannelContextService.kt:40:29 Cannot infer type for this parameter. Specify it explicitly.
e: file:///Users/jim/work/v2superbikeshed/Trikeshed/src/commonMain/kotlin/borg/trikeshed/reactor/ProtocolChannelContextService.kt:41:28 Cannot infer type for this parameter. Specify it explicitly.
e: file:///Users/jim/work/v2superbikeshed/Trikeshed/src/commonMain/kotlin/borg/trikeshed/reactor/ProtocolChannelContextService.kt:42:27 Cannot infer type for this parameter. Specify it explicitly.
e: file:///Users/jim/work/v2superbikeshed/Trikeshed/src/commonMain/kotlin/borg/trikeshed/reactor/ProtocolChannelContextService.kt:48:43 Unresolved reference 'IO'.
e: file:///Users/jim/work/v2superbikeshed/Trikeshed/src/commonMain/kotlin/borg/trikeshed/reactor/ProtocolChannelContextService.kt:60:43 Unresolved reference 'IO'.
e: file:///Users/jim/work/v2superbikeshed/Trikeshed/src/commonMain/kotlin/borg/trikeshed/reactor/ProtocolChannelContextService.kt:71:58 Unresolved reference 'CoroutineContext'.
e: file:///Users/jim/work/v2superbikeshed/Trikeshed/src/commonMain/kotlin/borg/trikeshed/reactor/ProtocolChannelContextService.kt:71:76 Unresolved reference 'CoroutineContext'.
e: file:///Users/jim/work/v2superbikeshed/Trikeshed/src/commonMain/kotlin/borg/trikeshed/reactor/ProtocolChannelContextService.kt:71:101 Unresolved reference 'CoroutineContext'.
e: file:///Users/jim/work/v2superbikeshed/Trikeshed/src/commonMain/kotlin/borg/trikeshed/reactor/ProtocolChannelContextService.kt:72:22 Unresolved reference 'IO'.
e: file:///Users/jim/work/v2superbikeshed/Trikeshed/src/commonMain/kotlin/borg/trikeshed/reactor/ProtocolChannelContextService.kt:72:25 Cannot infer type for this parameter. Specify it explicitly.
e: file:///Users/jim/work/v2superbikeshed/Trikeshed/src/commonMain/kotlin/borg/trikeshed/reactor/ProtocolChannelContextService.kt:72:48 Cannot infer type for this parameter. Specify it explicitly.
e: file:///Users/jim/work/v2superbikeshed/Trikeshed/src/commonMain/kotlin/borg/trikeshed/reactor/ProtocolChannelContextService.kt:72:48 Not enough information to infer type argument for 'A'.
e: file:///Users/jim/work/v2superbikeshed/Trikeshed/src/commonMain/kotlin/borg/trikeshed/reactor/ProtocolChannelContextService.kt:73:13 Unresolved reference 'CoroutineContext'.
e: file:///Users/jim/work/v2superbikeshed/Trikeshed/src/commonMain/kotlin/borg/trikeshed/reactor/ProtocolChannelContextService.kt:81:59 Unresolved reference 'CoroutineContext'.
e: file:///Users/jim/work/v2superbikeshed/Trikeshed/src/commonMain/kotlin/borg/trikeshed/reactor/ProtocolChannelContextService.kt:88:50 Unresolved reference 'CoroutineContext'.
e: file:///Users/jim/work/v2superbikeshed/Trikeshed/src/commonMain/kotlin/borg/trikeshed/reactor/ProtocolChannelContextService.kt:109:31 Unresolved reference 'CoroutineContext'.
e: file:///Users/jim/work/v2superbikeshed/Trikeshed/src/commonMain/kotlin/borg/trikeshed/reactor/ProtocolChannelContextService.kt:109:61 Unresolved reference 'CoroutineContext'.
e: file:///Users/jim/work/v2superbikeshed/Trikeshed/src/commonMain/kotlin/borg/trikeshed/reactor/ProtocolChannelContextService.kt:109:80 Unresolved reference 'CoroutineContext'.
e: file:///Users/jim/work/v2superbikeshed/Trikeshed/src/commonMain/kotlin/borg/trikeshed/reactor/ProtocolChannelContextService.kt:110:42 Argument type mismatch: actual type is 'Join<A (of fun <A, B> A.j), B (of fun <A, B> A.j)>', but 'Join<ERROR CLASS: Symbol not found for CoroutineContext, ERROR CLASS: Symbol not found for CoroutineContext>' was expected.
e: file:///Users/jim/work/v2superbikeshed/Trikeshed/src/commonMain/kotlin/borg/trikeshed/reactor/ProtocolChannelContextService.kt:110:47 Cannot infer type for this parameter. Specify it explicitly.
e: file:///Users/jim/work/v2superbikeshed/Trikeshed/src/commonMain/kotlin/borg/trikeshed/reactor/ProtocolChannelContextService.kt:110:47 Unresolved reference. None of the following candidates is applicable because of a receiver type mismatch:
fun <A, B> A.j(b: B): Join<A, B>
e: file:///Users/jim/work/v2superbikeshed/Trikeshed/src/commonMain/kotlin/borg/trikeshed/reactor/ProtocolChannelContextService.kt:120:8 Unresolved reference 'CoroutineContext'.
e: file:///Users/jim/work/v2superbikeshed/Trikeshed/src/commonMain/kotlin/borg/trikeshed/reactor/ProtocolChannelContextService.kt:121:39 Unresolved reference 'IO'.
e: file:///Users/jim/work/v2superbikeshed/Trikeshed/src/commonMain/kotlin/borg/trikeshed/reactor/ProtocolChannelContextService.kt:139:60 Unresolved reference 'CoroutineContext'.
e: file:///Users/jim/work/v2superbikeshed/Trikeshed/src/commonMain/kotlin/borg/trikeshed/reactor/ProtocolChannelContextService.kt:140:28 Unresolved reference 'IO'.
e: file:///Users/jim/work/v2superbikeshed/Trikeshed/src/commonMain/kotlin/borg/trikeshed/reactor/ProtocolChannelContextService.kt:143:58 Unresolved reference 'CoroutineContext'.
e: file:///Users/jim/work/v2superbikeshed/Trikeshed/src/commonMain/kotlin/borg/trikeshed/reactor/ProtocolChannelContextService.kt:144:28 Unresolved reference 'IO'.
e: file:///Users/jim/work/v2superbikeshed/Trikeshed/src/commonMain/kotlin/borg/trikeshed/reactor/ProtocolChannelContextService.kt:147:58 Unresolved reference 'CoroutineContext'.
e: file:///Users/jim/work/v2superbikeshed/Trikeshed/src/commonMain/kotlin/borg/trikeshed/reactor/ProtocolChannelContextService.kt:148:28 Unresolved reference 'IO'.
e: file:///Users/jim/work/v2superbikeshed/Trikeshed/src/commonMain/kotlin/borg/trikeshed/reactor/ProtocolChannelContextService.kt:151:56 Unresolved reference 'CoroutineContext'.
e: file:///Users/jim/work/v2superbikeshed/Trikeshed/src/commonMain/kotlin/borg/trikeshed/reactor/ProtocolChannelContextService.kt:152:28 Unresolved reference 'IO'.
e: file:///Users/jim/work/v2superbikeshed/Trikeshed/src/commonMain/kotlin/borg/trikeshed/reactor/ProtocolChannelContextService.kt:159:41 Unresolved reference 'CoroutineContext'.
e: file:///Users/jim/work/v2superbikeshed/Trikeshed/src/commonMain/kotlin/borg/trikeshed/reactor/ProtocolChannelContextService.kt:160:26 Unresolved reference 'CoroutineContext'.
e: file:///Users/jim/work/v2superbikeshed/Trikeshed/src/commonMain/kotlin/borg/trikeshed/reactor/ProtocolChannelContextService.kt:161:25 Unresolved reference 'CoroutineContext'.
e: file:///Users/jim/work/v2superbikeshed/Trikeshed/src/commonMain/kotlin/borg/trikeshed/reactor/ProtocolChannelContextService.kt:162:25 Unresolved reference 'CoroutineContext'.
e: file:///Users/jim/work/v2superbikeshed/Trikeshed/src/commonMain/kotlin/borg/trikeshed/reactor/ProtocolChannelContextService.kt:163:24 Unresolved reference 'CoroutineContext'.
e: file:///Users/jim/work/v2superbikeshed/Trikeshed/src/commonMain/kotlin/borg/trikeshed/reactor/ProtocolChannelContextService.kt:164:28 Unresolved reference 'CoroutineContext'.
e: file:///Users/jim/work/v2superbikeshed/Trikeshed/src/commonMain/kotlin/borg/trikeshed/reactor/ProtocolChannelContextService.kt:171:31 Unresolved reference 'CoroutineContext'.
e: file:///Users/jim/work/v2superbikeshed/Trikeshed/src/commonMain/kotlin/borg/trikeshed/reactor/ProtocolChannelContextService.kt:175:30 Unresolved reference 'CoroutineContext'.
e: file:///Users/jim/work/v2superbikeshed/Trikeshed/src/commonMain/kotlin/borg/trikeshed/reactor/ProtocolChannelContextService.kt:179:30 Unresolved reference 'CoroutineContext'.
e: file:///Users/jim/work/v2superbikeshed/Trikeshed/src/commonMain/kotlin/borg/trikeshed/reactor/ProtocolChannelContextService.kt:183:29 Unresolved reference 'CoroutineContext'.
e: file:///Users/jim/work/v2superbikeshed/Trikeshed/src/commonMain/kotlin/borg/trikeshed/reactor/ProtocolIngressEgressRouter.kt:24:64 Unresolved reference 'CoroutineContext'.
e: file:///Users/jim/work/v2superbikeshed/Trikeshed/src/commonMain/kotlin/borg/trikeshed/reactor/ProtocolIngressEgressRouter.kt:25:34 No value passed for parameter 'a'.
e: file:///Users/jim/work/v2superbikeshed/Trikeshed/src/commonMain/kotlin/borg/trikeshed/reactor/ProtocolIngressEgressRouter.kt:25:34 No value passed for parameter 'b'.
e: file:///Users/jim/work/v2superbikeshed/Trikeshed/src/commonMain/kotlin/borg/trikeshed/reactor/ProtocolIngressEgressRouter.kt:27:43 Cannot infer type for this parameter. Specify it explicitly.
e: file:///Users/jim/work/v2superbikeshed/Trikeshed/src/commonMain/kotlin/borg/trikeshed/reactor/ProtocolIngressEgressRouter.kt:34:46 Cannot infer type for this parameter. Specify it explicitly.
e: file:///Users/jim/work/v2superbikeshed/Trikeshed/src/commonMain/kotlin/borg/trikeshed/reactor/ProtocolIngressEgressRouter.kt:37:44 Cannot infer type for this parameter. Specify it explicitly.
e: file:///Users/jim/work/v2superbikeshed/Trikeshed/src/commonMain/kotlin/borg/trikeshed/reactor/ProtocolIngressEgressRouter.kt:44:62 Unresolved reference 'CoroutineContext'.
e: file:///Users/jim/work/v2superbikeshed/Trikeshed/src/commonMain/kotlin/borg/trikeshed/reactor/ProtocolIngressEgressRouter.kt:45:33 No value passed for parameter 'a'.
e: file:///Users/jim/work/v2superbikeshed/Trikeshed/src/commonMain/kotlin/borg/trikeshed/reactor/ProtocolIngressEgressRouter.kt:45:33 No value passed for parameter 'b'.
e: file:///Users/jim/work/v2superbikeshed/Trikeshed/src/commonMain/kotlin/borg/trikeshed/reactor/ProtocolIngressEgressRouter.kt:47:42 Cannot infer type for this parameter. Specify it explicitly.
e: file:///Users/jim/work/v2superbikeshed/Trikeshed/src/commonMain/kotlin/borg/trikeshed/reactor/ProtocolIngressEgressRouter.kt:54:45 Cannot infer type for this parameter. Specify it explicitly.
e: file:///Users/jim/work/v2superbikeshed/Trikeshed/src/commonMain/kotlin/borg/trikeshed/reactor/ProtocolIngressEgressRouter.kt:57:43 Cannot infer type for this parameter. Specify it explicitly.
e: file:///Users/jim/work/v2superbikeshed/Trikeshed/src/commonMain/kotlin/borg/trikeshed/reactor/ProtocolIngressEgressRouter.kt:64:90 Unresolved reference 'CoroutineContext'.
e: file:///Users/jim/work/v2superbikeshed/Trikeshed/src/commonMain/kotlin/borg/trikeshed/reactor/ProtocolIngressEgressRouter.kt:65:9 Type mismatch: inferred type is 'Join<IngressRoute.DEFAULT, EgressRoute.DEFAULT>', but 'Join<IngressRoute, EgressRoute>' was expected.
e: file:///Users/jim/work/v2superbikeshed/Trikeshed/src/commonMain/kotlin/borg/trikeshed/reactor/ProtocolIngressEgressRouter.kt:65:43 Unresolved reference 'IO'.
e: file:///Users/jim/work/v2superbikeshed/Trikeshed/src/commonMain/kotlin/borg/trikeshed/reactor/ProtocolIngressEgressRouter.kt:65:54 No value passed for parameter 'a'.
e: file:///Users/jim/work/v2superbikeshed/Trikeshed/src/commonMain/kotlin/borg/trikeshed/reactor/ProtocolIngressEgressRouter.kt:65:54 No value passed for parameter 'b'.
e: file:///Users/jim/work/v2superbikeshed/Trikeshed/src/commonMain/kotlin/borg/trikeshed/reactor/ProtocolIngressEgressRouter.kt:65:92 Unresolved reference 'IO'.
e: file:///Users/jim/work/v2superbikeshed/Trikeshed/src/commonMain/kotlin/borg/trikeshed/reactor/ProtocolIngressEgressRouter.kt:65:103 No value passed for parameter 'a'.
e: file:///Users/jim/work/v2superbikeshed/Trikeshed/src/commonMain/kotlin/borg/trikeshed/reactor/ProtocolIngressEgressRouter.kt:65:103 No value passed for parameter 'b'.
e: file:///Users/jim/work/v2superbikeshed/Trikeshed/src/commonMain/kotlin/borg/trikeshed/reactor/ProtocolIngressEgressRouter.kt:68:21 Unresolved reference 'CoroutineContext'.
e: file:///Users/jim/work/v2superbikeshed/Trikeshed/src/commonMain/kotlin/borg/trikeshed/reactor/ProtocolIngressEgressRouter.kt:77:35 Unresolved reference 'IO'.
e: file:///Users/jim/work/v2superbikeshed/Trikeshed/src/commonMain/kotlin/borg/trikeshed/reactor/ProtocolIngressEgressRouter.kt:83:49 Unresolved reference 'CoroutineContext'.
e: file:///Users/jim/work/v2superbikeshed/Trikeshed/src/commonMain/kotlin/borg/trikeshed/reactor/ProtocolIngressEgressRouter.kt:84:21 Unresolved reference 'IO'.
e: file:///Users/jim/work/v2superbikeshed/Trikeshed/src/commonMain/kotlin/borg/trikeshed/reactor/ProtocolIngressEgressRouter.kt:84:24 Cannot infer type for this parameter. Specify it explicitly.
e: file:///Users/jim/work/v2superbikeshed/Trikeshed/src/commonMain/kotlin/borg/trikeshed/reactor/ProtocolIngressEgressRouter.kt:84:28 Cannot infer type for this parameter. Specify it explicitly.
e: file:///Users/jim/work/v2superbikeshed/Trikeshed/src/commonMain/kotlin/borg/trikeshed/reactor/ProtocolIngressEgressRouter.kt:106:52 Unresolved reference 'CoroutineContext'.
e: file:///Users/jim/work/v2superbikeshed/Trikeshed/src/commonMain/kotlin/borg/trikeshed/reactor/ProtocolIngressEgressRouter.kt:113:50 Unresolved reference 'CoroutineContext'.
e: file:///Users/jim/work/v2superbikeshed/Trikeshed/src/commonMain/kotlin/borg/trikeshed/reactor/ProtocolIngressEgressRouter.kt:120:85 Unresolved reference 'CoroutineContext'.
e: file:///Users/jim/work/v2superbikeshed/Trikeshed/src/commonMain/kotlin/borg/trikeshed/reactor/ProtocolIngressEgressRouter.kt:127:31 Unresolved reference 'CoroutineContext'.
e: file:///Users/jim/work/v2superbikeshed/Trikeshed/src/commonMain/kotlin/borg/trikeshed/reactor/ProtocolIngressEgressRouter.kt:137:18 Unresolved reference 'CoroutineContext'.
e: file:///Users/jim/work/v2superbikeshed/Trikeshed/src/commonMain/kotlin/borg/trikeshed/reactor/ProtocolIngressEgressRouter.kt:145:46 Unresolved reference 'ingressChannel'.
e: file:///Users/jim/work/v2superbikeshed/Trikeshed/src/commonMain/kotlin/borg/trikeshed/reactor/ProtocolIngressEgressRouter.kt:147:44 Unresolved reference 'receive'.
e: file:///Users/jim/work/v2superbikeshed/Trikeshed/src/commonMain/kotlin/borg/trikeshed/reactor/ProtocolIngressEgressRouter.kt:171:18 Unresolved reference 'CoroutineContext'.
e: file:///Users/jim/work/v2superbikeshed/Trikeshed/src/commonMain/kotlin/borg/trikeshed/reactor/ProtocolIngressEgressRouter.kt:179:45 Unresolved reference 'egressChannel'.
e: file:///Users/jim/work/v2superbikeshed/Trikeshed/src/commonMain/kotlin/borg/trikeshed/reactor/ProtocolIngressEgressRouter.kt:181:39 Unresolved reference 'send'.
e: file:///Users/jim/work/v2superbikeshed/Trikeshed/src/commonMain/kotlin/borg/trikeshed/reactor/ProtocolIngressEgressRouter.kt:216:40 Unresolved reference 'CoroutineContext'.
e: file:///Users/jim/work/v2superbikeshed/Trikeshed/src/commonMain/kotlin/borg/trikeshed/reactor/ProtocolIngressEgressRouter.kt:217:26 'context' hides member of supertype 'IngressRoute' and needs an 'override' modifier.
e: file:///Users/jim/work/v2superbikeshed/Trikeshed/src/commonMain/kotlin/borg/trikeshed/reactor/ProtocolIngressEgressRouter.kt:217:35 Unresolved reference 'CoroutineContext'.
e: file:///Users/jim/work/v2superbikeshed/Trikeshed/src/commonMain/kotlin/borg/trikeshed/reactor/ProtocolIngressEgressRouter.kt:218:28 'context' hides member of supertype 'IngressRoute' and needs an 'override' modifier.
e: file:///Users/jim/work/v2superbikeshed/Trikeshed/src/commonMain/kotlin/borg/trikeshed/reactor/ProtocolIngressEgressRouter.kt:218:37 Unresolved reference 'CoroutineContext'.
e: file:///Users/jim/work/v2superbikeshed/Trikeshed/src/commonMain/kotlin/borg/trikeshed/reactor/ProtocolIngressEgressRouter.kt:219:26 'context' hides member of supertype 'IngressRoute' and needs an 'override' modifier.
e: file:///Users/jim/work/v2superbikeshed/Trikeshed/src/commonMain/kotlin/borg/trikeshed/reactor/ProtocolIngressEgressRouter.kt:219:35 Unresolved reference 'CoroutineContext'.
e: file:///Users/jim/work/v2superbikeshed/Trikeshed/src/commonMain/kotlin/borg/trikeshed/reactor/ProtocolIngressEgressRouter.kt:220:28 'context' hides member of supertype 'IngressRoute' and needs an 'override' modifier.
e: file:///Users/jim/work/v2superbikeshed/Trikeshed/src/commonMain/kotlin/borg/trikeshed/reactor/ProtocolIngressEgressRouter.kt:220:37 Unresolved reference 'CoroutineContext'.
e: file:///Users/jim/work/v2superbikeshed/Trikeshed/src/commonMain/kotlin/borg/trikeshed/reactor/ProtocolIngressEgressRouter.kt:223:39 Unresolved reference 'CoroutineContext'.
e: file:///Users/jim/work/v2superbikeshed/Trikeshed/src/commonMain/kotlin/borg/trikeshed/reactor/ProtocolIngressEgressRouter.kt:224:26 'context' hides member of supertype 'EgressRoute' and needs an 'override' modifier.
e: file:///Users/jim/work/v2superbikeshed/Trikeshed/src/commonMain/kotlin/borg/trikeshed/reactor/ProtocolIngressEgressRouter.kt:224:35 Unresolved reference 'CoroutineContext'.
e: file:///Users/jim/work/v2superbikeshed/Trikeshed/src/commonMain/kotlin/borg/trikeshed/reactor/ProtocolIngressEgressRouter.kt:225:28 'context' hides member of supertype 'EgressRoute' and needs an 'override' modifier.
e: file:///Users/jim/work/v2superbikeshed/Trikeshed/src/commonMain/kotlin/borg/trikeshed/reactor/ProtocolIngressEgressRouter.kt:225:37 Unresolved reference 'CoroutineContext'.
e: file:///Users/jim/work/v2superbikeshed/Trikeshed/src/commonMain/kotlin/borg/trikeshed/reactor/ProtocolIngressEgressRouter.kt:226:26 'context' hides member of supertype 'EgressRoute' and needs an 'override' modifier.
e: file:///Users/jim/work/v2superbikeshed/Trikeshed/src/commonMain/kotlin/borg/trikeshed/reactor/ProtocolIngressEgressRouter.kt:226:35 Unresolved reference 'CoroutineContext'.
e: file:///Users/jim/work/v2superbikeshed/Trikeshed/src/commonMain/kotlin/borg/trikeshed/reactor/ProtocolIngressEgressRouter.kt:227:28 'context' hides member of supertype 'EgressRoute' and needs an 'override' modifier.
e: file:///Users/jim/work/v2superbikeshed/Trikeshed/src/commonMain/kotlin/borg/trikeshed/reactor/ProtocolIngressEgressRouter.kt:227:37 Unresolved reference 'CoroutineContext'.
e: file:///Users/jim/work/v2superbikeshed/Trikeshed/src/commonMain/kotlin/borg/trikeshed/reactor/Reactor.kt:162:27 Syntax error: Unexpected tokens (use ';' to separate expressions on the same line).
e: file:///Users/jim/work/v2superbikeshed/Trikeshed/src/commonMain/kotlin/borg/trikeshed/reactor/Reactor.kt:243:16 Cannot infer type for this parameter. Specify it explicitly.
e: file:///Users/jim/work/v2superbikeshed/Trikeshed/src/commonMain/kotlin/borg/trikeshed/reactor/Reactor.kt:243:16 Unresolved reference. None of the following candidates is applicable because of a receiver type mismatch:
fun <T> Join<Int, Function1<Int, Join<Any?, TypeMemento>>>.get(column: Column<T>): T?
e: file:///Users/jim/work/v2superbikeshed/Trikeshed/src/commonMain/kotlin/borg/trikeshed/reactor/Reactor.kt:408:76 Unresolved reference 'CoroutineContext'.
e: file:///Users/jim/work/v2superbikeshed/Trikeshed/src/commonMain/kotlin/borg/trikeshed/reactor/Reactor.kt:409:5 Class '<anonymous>' is not abstract and does not implement abstract members:
expect val isOpen: Boolean
expect suspend fun close(): Unit
expect fun configureBlocking(block: Boolean): SelectableChannel
expect val isBlocking: Boolean
e: file:///Users/jim/work/v2superbikeshed/Trikeshed/src/commonMain/kotlin/borg/trikeshed/reactor/Reactor.kt:424:31 Unresolved reference 'IO'.
e: file:///Users/jim/work/v2superbikeshed/Trikeshed/src/commonMain/kotlin/borg/trikeshed/reactor/Reactor.kt:430:72 Unresolved reference 'CoroutineContext'.
e: file:///Users/jim/work/v2superbikeshed/Trikeshed/src/commonMain/kotlin/borg/trikeshed/reactor/Reactor.kt:433:38 Cannot infer type for this parameter. Specify it explicitly.
e: file:///Users/jim/work/v2superbikeshed/Trikeshed/src/commonMain/kotlin/borg/trikeshed/reactor/Reactor.kt:441:41 Cannot infer type for this parameter. Specify it explicitly.
e: file:///Users/jim/work/v2superbikeshed/Trikeshed/src/commonMain/kotlin/borg/trikeshed/reactor/Reactor.kt:444:39 Cannot infer type for this parameter. Specify it explicitly.
e: file:///Users/jim/work/v2superbikeshed/Trikeshed/src/commonMain/kotlin/borg/trikeshed/reactor/Reactor.kt:447:41 Cannot infer type for this parameter. Specify it explicitly.
e: file:///Users/jim/work/v2superbikeshed/Trikeshed/src/commonMain/kotlin/borg/trikeshed/reactor/Reactor.kt:450:44 Cannot infer type for this parameter. Specify it explicitly.
e: file:///Users/jim/work/v2superbikeshed/Trikeshed/src/commonMain/kotlin/borg/trikeshed/reactor/Reactor.kt:453:41 Cannot infer type for this parameter. Specify it explicitly.
e: file:///Users/jim/work/v2superbikeshed/Trikeshed/src/commonMain/kotlin/borg/trikeshed/reactor/Reactor.kt:456:41 Cannot infer type for this parameter. Specify it explicitly.
e: file:///Users/jim/work/v2superbikeshed/Trikeshed/src/commonMain/kotlin/borg/trikeshed/reactor/Reactor.kt:459:42 Cannot infer type for this parameter. Specify it explicitly.
e: file:///Users/jim/work/v2superbikeshed/Trikeshed/src/commonMain/kotlin/borg/trikeshed/reactor/Reactor.kt:462:43 Cannot infer type for this parameter. Specify it explicitly.
e: file:///Users/jim/work/v2superbikeshed/Trikeshed/src/commonMain/kotlin/borg/trikeshed/reactor/Reactor.kt:465:41 Cannot infer type for this parameter. Specify it explicitly.
e: file:///Users/jim/work/v2superbikeshed/Trikeshed/src/commonMain/kotlin/borg/trikeshed/reactor/Reactor.kt:472:54 Unresolved reference 'CoroutineContext'.
e: file:///Users/jim/work/v2superbikeshed/Trikeshed/src/commonMain/kotlin/borg/trikeshed/reactor/Reactor.kt:472:72 Unresolved reference 'CoroutineContext'.
e: file:///Users/jim/work/v2superbikeshed/Trikeshed/src/commonMain/kotlin/borg/trikeshed/reactor/Reactor.kt:472:97 Unresolved reference 'CoroutineContext'.
e: file:///Users/jim/work/v2superbikeshed/Trikeshed/src/commonMain/kotlin/borg/trikeshed/reactor/Reactor.kt:473:18 Unresolved reference 'IO'.
e: file:///Users/jim/work/v2superbikeshed/Trikeshed/src/commonMain/kotlin/borg/trikeshed/reactor/Reactor.kt:473:21 Cannot infer type for this parameter. Specify it explicitly.
e: file:///Users/jim/work/v2superbikeshed/Trikeshed/src/commonMain/kotlin/borg/trikeshed/reactor/Reactor.kt:473:44 Cannot infer type for this parameter. Specify it explicitly.
e: file:///Users/jim/work/v2superbikeshed/Trikeshed/src/commonMain/kotlin/borg/trikeshed/reactor/Reactor.kt:473:44 Not enough information to infer type argument for 'A'.
e: file:///Users/jim/work/v2superbikeshed/Trikeshed/src/commonMain/kotlin/borg/trikeshed/reactor/Reactor.kt:474:9 Unresolved reference 'CoroutineContext'.
e: file:///Users/jim/work/v2superbikeshed/Trikeshed/src/commonMain/kotlin/borg/trikeshed/reactor/Reactor.kt:478:63 Unresolved reference 'CoroutineContext'.
e: file:///Users/jim/work/v2superbikeshed/Trikeshed/src/commonMain/kotlin/borg/trikeshed/reactor/Reactor.kt:478:113 Unresolved reference 'SocksIngressChannel'.
e: file:///Users/jim/work/v2superbikeshed/Trikeshed/src/commonMain/kotlin/borg/trikeshed/reactor/Reactor.kt:481:24 Unresolved reference 'borg.trikeshed.reactor.socks.SocksIngressChannel'.
e: file:///Users/jim/work/v2superbikeshed/Trikeshed/src/commonMain/kotlin/borg/trikeshed/reactor/Reactor.kt:481:26 Cannot infer type for this parameter. Specify it explicitly.
e: file:///Users/jim/work/v2superbikeshed/Trikeshed/src/commonMain/kotlin/borg/trikeshed/reactor/Reactor.kt:482:23 Unresolved reference 'borg.trikeshed.reactor.socks.SocksIngressChannel'.
e: file:///Users/jim/work/v2superbikeshed/Trikeshed/src/commonMain/kotlin/borg/trikeshed/reactor/Reactor.kt:482:25 Cannot infer type for this parameter. Specify it explicitly.
e: file:///Users/jim/work/v2superbikeshed/Trikeshed/src/commonMain/kotlin/borg/trikeshed/reactor/Reactor.kt:483:23 Unresolved reference 'borg.trikeshed.reactor.socks.SocksIngressChannel'.
e: file:///Users/jim/work/v2superbikeshed/Trikeshed/src/commonMain/kotlin/borg/trikeshed/reactor/Reactor.kt:483:25 Cannot infer type for this parameter. Specify it explicitly.
e: file:///Users/jim/work/v2superbikeshed/Trikeshed/src/commonMain/kotlin/borg/trikeshed/reactor/Reactor.kt:484:21 Unresolved reference 'borg.trikeshed.reactor.socks.SocksIngressChannel'.
e: file:///Users/jim/work/v2superbikeshed/Trikeshed/src/commonMain/kotlin/borg/trikeshed/reactor/Reactor.kt:484:23 Cannot infer type for this parameter. Specify it explicitly.
e: file:///Users/jim/work/v2superbikeshed/Trikeshed/src/commonMain/kotlin/borg/trikeshed/reactor/Reactor.kt:489:62 Unresolved reference 'CoroutineContext'.
e: file:///Users/jim/work/v2superbikeshed/Trikeshed/src/commonMain/kotlin/borg/trikeshed/reactor/Reactor.kt:489:112 Unresolved reference 'SocksEgressChannel'.
e: file:///Users/jim/work/v2superbikeshed/Trikeshed/src/commonMain/kotlin/borg/trikeshed/reactor/Reactor.kt:492:24 Unresolved reference 'borg.trikeshed.reactor.socks.SocksEgressChannel'.
e: file:///Users/jim/work/v2superbikeshed/Trikeshed/src/commonMain/kotlin/borg/trikeshed/reactor/Reactor.kt:492:26 Cannot infer type for this parameter. Specify it explicitly.
e: file:///Users/jim/work/v2superbikeshed/Trikeshed/src/commonMain/kotlin/borg/trikeshed/reactor/Reactor.kt:493:23 Unresolved reference 'borg.trikeshed.reactor.socks.SocksEgressChannel'.
e: file:///Users/jim/work/v2superbikeshed/Trikeshed/src/commonMain/kotlin/borg/trikeshed/reactor/Reactor.kt:493:25 Cannot infer type for this parameter. Specify it explicitly.
e: file:///Users/jim/work/v2superbikeshed/Trikeshed/src/commonMain/kotlin/borg/trikeshed/reactor/Reactor.kt:494:23 Unresolved reference 'borg.trikeshed.reactor.socks.SocksEgressChannel'.
e: file:///Users/jim/work/v2superbikeshed/Trikeshed/src/commonMain/kotlin/borg/trikeshed/reactor/Reactor.kt:494:25 Cannot infer type for this parameter. Specify it explicitly.
e: file:///Users/jim/work/v2superbikeshed/Trikeshed/src/commonMain/kotlin/borg/trikeshed/reactor/Reactor.kt:495:21 Unresolved reference 'borg.trikeshed.reactor.socks.SocksEgressChannel'.
e: file:///Users/jim/work/v2superbikeshed/Trikeshed/src/commonMain/kotlin/borg/trikeshed/reactor/Reactor.kt:495:23 Cannot infer type for this parameter. Specify it explicitly.
e: file:///Users/jim/work/v2superbikeshed/Trikeshed/src/commonMain/kotlin/borg/trikeshed/reactor/Reactor.kt:501:63 Unresolved reference 'CoroutineContext'.
e: file:///Users/jim/work/v2superbikeshed/Trikeshed/src/commonMain/kotlin/borg/trikeshed/reactor/Reactor.kt:505:82 Unresolved reference 'CoroutineContext'.
e: file:///Users/jim/work/v2superbikeshed/Trikeshed/src/commonMain/kotlin/borg/trikeshed/reactor/Reactor.kt:509:35 Unresolved reference 'CoroutineContext'.
e: file:///Users/jim/work/v2superbikeshed/Trikeshed/src/commonMain/kotlin/borg/trikeshed/reactor/Reactor.kt:509:65 Unresolved reference 'CoroutineContext'.
e: file:///Users/jim/work/v2superbikeshed/Trikeshed/src/commonMain/kotlin/borg/trikeshed/reactor/Reactor.kt:509:84 Unresolved reference 'CoroutineContext'.
e: file:///Users/jim/work/v2superbikeshed/Trikeshed/src/commonMain/kotlin/borg/trikeshed/reactor/Reactor.kt:510:38 Argument type mismatch: actual type is 'Join<A (of fun <A, B> A.j), B (of fun <A, B> A.j)>', but 'Join<ERROR CLASS: Symbol not found for CoroutineContext, ERROR CLASS: Symbol not found for CoroutineContext>' was expected.
e: file:///Users/jim/work/v2superbikeshed/Trikeshed/src/commonMain/kotlin/borg/trikeshed/reactor/Reactor.kt:510:43 Cannot infer type for this parameter. Specify it explicitly.
e: file:///Users/jim/work/v2superbikeshed/Trikeshed/src/commonMain/kotlin/borg/trikeshed/reactor/Reactor.kt:510:43 Unresolved reference. None of the following candidates is applicable because of a receiver type mismatch:
fun <A, B> A.j(b: B): Join<A, B>
e: file:///Users/jim/work/v2superbikeshed/Trikeshed/src/commonMain/kotlin/borg/trikeshed/reactor/Reactor.kt:513:61 Unresolved reference 'CoroutineContext'.
e: file:///Users/jim/work/v2superbikeshed/Trikeshed/src/commonMain/kotlin/borg/trikeshed/reactor/Reactor.kt:513:109 Unresolved reference 'SocksIngressChannel'.
e: file:///Users/jim/work/v2superbikeshed/Trikeshed/src/commonMain/kotlin/borg/trikeshed/reactor/Reactor.kt:517:60 Unresolved reference 'CoroutineContext'.
e: file:///Users/jim/work/v2superbikeshed/Trikeshed/src/commonMain/kotlin/borg/trikeshed/reactor/Reactor.kt:517:108 Unresolved reference 'SocksEgressChannel'.
e: file:///Users/jim/work/v2superbikeshed/Trikeshed/src/commonMain/kotlin/borg/trikeshed/reactor/Reactor.kt:523:68 Unresolved reference 'CoroutineContext'.
e: file:///Users/jim/work/v2superbikeshed/Trikeshed/src/commonMain/kotlin/borg/trikeshed/reactor/Reactor.kt:524:21 Anonymous object cannot extend a sealed class.
e: file:///Users/jim/work/v2superbikeshed/Trikeshed/src/commonMain/kotlin/borg/trikeshed/reactor/Reactor.kt:524:21 This type has a constructor, so it must be initialized here.
e: file:///Users/jim/work/v2superbikeshed/Trikeshed/src/commonMain/kotlin/borg/trikeshed/reactor/Reactor.kt:525:9 'execute' overrides nothing.
e: file:///Users/jim/work/v2superbikeshed/Trikeshed/src/commonMain/kotlin/borg/trikeshed/reactor/Reactor.kt:535:67 Unresolved reference 'CoroutineContext'.
e: file:///Users/jim/work/v2superbikeshed/Trikeshed/src/commonMain/kotlin/borg/trikeshed/reactor/Reactor.kt:536:21 Anonymous object cannot extend a sealed class.
e: file:///Users/jim/work/v2superbikeshed/Trikeshed/src/commonMain/kotlin/borg/trikeshed/reactor/Reactor.kt:536:21 This type has a constructor, so it must be initialized here.
e: file:///Users/jim/work/v2superbikeshed/Trikeshed/src/commonMain/kotlin/borg/trikeshed/reactor/Reactor.kt:537:9 'execute' overrides nothing.
e: file:///Users/jim/work/v2superbikeshed/Trikeshed/src/commonMain/kotlin/borg/trikeshed/reactor/Reactor.kt:546:67 Unresolved reference 'CoroutineContext'.
e: file:///Users/jim/work/v2superbikeshed/Trikeshed/src/commonMain/kotlin/borg/trikeshed/reactor/Reactor.kt:547:21 Anonymous object cannot extend a sealed class.
e: file:///Users/jim/work/v2superbikeshed/Trikeshed/src/commonMain/kotlin/borg/trikeshed/reactor/Reactor.kt:547:21 This type has a constructor, so it must be initialized here.
e: file:///Users/jim/work/v2superbikeshed/Trikeshed/src/commonMain/kotlin/borg/trikeshed/reactor/Reactor.kt:548:9 'execute' overrides nothing.
e: file:///Users/jim/work/v2superbikeshed/Trikeshed/src/commonMain/kotlin/borg/trikeshed/reactor/Reactor.kt:554:63 Unresolved reference 'CoroutineContext'.
e: file:///Users/jim/work/v2superbikeshed/Trikeshed/src/commonMain/kotlin/borg/trikeshed/reactor/Reactor.kt:555:21 Anonymous object cannot extend a sealed class.
e: file:///Users/jim/work/v2superbikeshed/Trikeshed/src/commonMain/kotlin/borg/trikeshed/reactor/Reactor.kt:555:21 This type has a constructor, so it must be initialized here.
e: file:///Users/jim/work/v2superbikeshed/Trikeshed/src/commonMain/kotlin/borg/trikeshed/reactor/Reactor.kt:556:9 'execute' overrides nothing.
e: file:///Users/jim/work/v2superbikeshed/Trikeshed/src/commonMain/kotlin/borg/trikeshed/reactor/Reactor.kt:562:61 Unresolved reference 'CoroutineContext'.
e: file:///Users/jim/work/v2superbikeshed/Trikeshed/src/commonMain/kotlin/borg/trikeshed/reactor/Reactor.kt:563:21 Anonymous object cannot extend a sealed class.
e: file:///Users/jim/work/v2superbikeshed/Trikeshed/src/commonMain/kotlin/borg/trikeshed/reactor/Reactor.kt:563:21 This type has a constructor, so it must be initialized here.
e: file:///Users/jim/work/v2superbikeshed/Trikeshed/src/commonMain/kotlin/borg/trikeshed/reactor/Reactor.kt:564:9 'execute' overrides nothing.
e: file:///Users/jim/work/v2superbikeshed/Trikeshed/src/commonMain/kotlin/borg/trikeshed/reactor/Reactor.kt:570:63 Unresolved reference 'CoroutineContext'.
e: file:///Users/jim/work/v2superbikeshed/Trikeshed/src/commonMain/kotlin/borg/trikeshed/reactor/Reactor.kt:571:21 Anonymous object cannot extend a sealed class.
e: file:///Users/jim/work/v2superbikeshed/Trikeshed/src/commonMain/kotlin/borg/trikeshed/reactor/Reactor.kt:571:21 This type has a constructor, so it must be initialized here.
e: file:///Users/jim/work/v2superbikeshed/Trikeshed/src/commonMain/kotlin/borg/trikeshed/reactor/Reactor.kt:572:9 'execute' overrides nothing.
e: file:///Users/jim/work/v2superbikeshed/Trikeshed/src/commonMain/kotlin/borg/trikeshed/reactor/Reactor.kt:578:66 Unresolved reference 'CoroutineContext'.
e: file:///Users/jim/work/v2superbikeshed/Trikeshed/src/commonMain/kotlin/borg/trikeshed/reactor/Reactor.kt:579:21 Anonymous object cannot extend a sealed class.
e: file:///Users/jim/work/v2superbikeshed/Trikeshed/src/commonMain/kotlin/borg/trikeshed/reactor/Reactor.kt:579:21 This type has a constructor, so it must be initialized here.
e: file:///Users/jim/work/v2superbikeshed/Trikeshed/src/commonMain/kotlin/borg/trikeshed/reactor/Reactor.kt:580:9 'execute' overrides nothing.
e: file:///Users/jim/work/v2superbikeshed/Trikeshed/src/commonMain/kotlin/borg/trikeshed/reactor/Reactor.kt:586:63 Unresolved reference 'CoroutineContext'.
e: file:///Users/jim/work/v2superbikeshed/Trikeshed/src/commonMain/kotlin/borg/trikeshed/reactor/Reactor.kt:587:21 Anonymous object cannot extend a sealed class.
e: file:///Users/jim/work/v2superbikeshed/Trikeshed/src/commonMain/kotlin/borg/trikeshed/reactor/Reactor.kt:587:21 This type has a constructor, so it must be initialized here.
e: file:///Users/jim/work/v2superbikeshed/Trikeshed/src/commonMain/kotlin/borg/trikeshed/reactor/Reactor.kt:588:9 'execute' overrides nothing.
e: file:///Users/jim/work/v2superbikeshed/Trikeshed/src/commonMain/kotlin/borg/trikeshed/reactor/Reactor.kt:594:63 Unresolved reference 'CoroutineContext'.
e: file:///Users/jim/work/v2superbikeshed/Trikeshed/src/commonMain/kotlin/borg/trikeshed/reactor/Reactor.kt:595:21 Anonymous object cannot extend a sealed class.
e: file:///Users/jim/work/v2superbikeshed/Trikeshed/src/commonMain/kotlin/borg/trikeshed/reactor/Reactor.kt:595:21 This type has a constructor, so it must be initialized here.
e: file:///Users/jim/work/v2superbikeshed/Trikeshed/src/commonMain/kotlin/borg/trikeshed/reactor/Reactor.kt:596:9 'execute' overrides nothing.
e: file:///Users/jim/work/v2superbikeshed/Trikeshed/src/commonMain/kotlin/borg/trikeshed/reactor/Reactor.kt:602:64 Unresolved reference 'CoroutineContext'.
e: file:///Users/jim/work/v2superbikeshed/Trikeshed/src/commonMain/kotlin/borg/trikeshed/reactor/Reactor.kt:603:21 Anonymous object cannot extend a sealed class.
e: file:///Users/jim/work/v2superbikeshed/Trikeshed/src/commonMain/kotlin/borg/trikeshed/reactor/Reactor.kt:603:21 This type has a constructor, so it must be initialized here.
e: file:///Users/jim/work/v2superbikeshed/Trikeshed/src/commonMain/kotlin/borg/trikeshed/reactor/Reactor.kt:604:9 'execute' overrides nothing.
e: file:///Users/jim/work/v2superbikeshed/Trikeshed/src/commonMain/kotlin/borg/trikeshed/reactor/Reactor.kt:610:65 Unresolved reference 'CoroutineContext'.
e: file:///Users/jim/work/v2superbikeshed/Trikeshed/src/commonMain/kotlin/borg/trikeshed/reactor/Reactor.kt:611:21 Anonymous object cannot extend a sealed class.
e: file:///Users/jim/work/v2superbikeshed/Trikeshed/src/commonMain/kotlin/borg/trikeshed/reactor/Reactor.kt:611:21 This type has a constructor, so it must be initialized here.
e: file:///Users/jim/work/v2superbikeshed/Trikeshed/src/commonMain/kotlin/borg/trikeshed/reactor/Reactor.kt:612:9 'execute' overrides nothing.
e: file:///Users/jim/work/v2superbikeshed/Trikeshed/src/commonMain/kotlin/borg/trikeshed/reactor/Reactor.kt:618:63 Unresolved reference 'CoroutineContext'.
e: file:///Users/jim/work/v2superbikeshed/Trikeshed/src/commonMain/kotlin/borg/trikeshed/reactor/Reactor.kt:619:21 Anonymous object cannot extend a sealed class.
e: file:///Users/jim/work/v2superbikeshed/Trikeshed/src/commonMain/kotlin/borg/trikeshed/reactor/Reactor.kt:619:21 This type has a constructor, so it must be initialized here.
e: file:///Users/jim/work/v2superbikeshed/Trikeshed/src/commonMain/kotlin/borg/trikeshed/reactor/Reactor.kt:620:9 'execute' overrides nothing.
e: file:///Users/jim/work/v2superbikeshed/Trikeshed/src/commonMain/kotlin/borg/trikeshed/reactor/SelectableChannel.kt:35:11 ClientChannel: expect and corresponding actual are declared in the same module.
e: file:///Users/jim/work/v2superbikeshed/Trikeshed/src/commonMain/kotlin/borg/trikeshed/reactor/SelectableChannel.kt:42:14 Redeclaration:
expect class SelectionKey : Any
e: file:///Users/jim/work/v2superbikeshed/Trikeshed/src/commonMain/kotlin/borg/trikeshed/reactor/SelectionKey.kt:3:14 Redeclaration:
expect class SelectionKey : Any
e: file:///Users/jim/work/v2superbikeshed/Trikeshed/src/commonMain/kotlin/borg/trikeshed/reactor/http/Http2ProxyReactor.kt:12:12 No type arguments expected for class Reactor : Any.
e: file:///Users/jim/work/v2superbikeshed/Trikeshed/src/commonMain/kotlin/borg/trikeshed/reactor/http/HttpChannel.kt:11:1 Class 'HttpChannel' is not abstract and does not implement abstract members:
expect suspend fun close(): Unit
expect val isOpen: Boolean
expect fun configureBlocking(block: Boolean): SelectableChannel
expect val isBlocking: Boolean
e: file:///Users/jim/work/v2superbikeshed/Trikeshed/src/commonMain/kotlin/borg/trikeshed/reactor/http/HttpChannel.kt:16:39 Unresolved reference 'CoroutineContext'.
e: file:///Users/jim/work/v2superbikeshed/Trikeshed/src/commonMain/kotlin/borg/trikeshed/reactor/http/HttpChannel.kt:17:35 Unresolved reference 'IO'.
e: file:///Users/jim/work/v2superbikeshed/Trikeshed/src/commonMain/kotlin/borg/trikeshed/reactor/http/HttpChannel.kt:30:5 'close' overrides nothing. Potential signatures for overriding:
expect suspend fun close(): Unit
e: file:///Users/jim/work/v2superbikeshed/Trikeshed/src/commonMain/kotlin/borg/trikeshed/reactor/http/HttpChannel.kt:30:14 Conflicting overloads:
fun close(): Unit
expect suspend fun close(): Unit
e: file:///Users/jim/work/v2superbikeshed/Trikeshed/src/commonMain/kotlin/borg/trikeshed/reactor/http/HttpChannel.kt:34:5 'isOpen' overrides nothing.
e: file:///Users/jim/work/v2superbikeshed/Trikeshed/src/commonMain/kotlin/borg/trikeshed/reactor/http/HttpChannel.kt:36:5 'register' overrides nothing.
e: file:///Users/jim/work/v2superbikeshed/Trikeshed/src/commonMain/kotlin/borg/trikeshed/reactor/http/HttpStateMachine.kt:4:36 Unresolved reference 'formatRfc1123'.
e: file:///Users/jim/work/v2superbikeshed/Trikeshed/src/commonMain/kotlin/borg/trikeshed/reactor/http/HttpStateMachine.kt:19:23 Function invocation 'OP_READ(...)' expected.
e: file:///Users/jim/work/v2superbikeshed/Trikeshed/src/commonMain/kotlin/borg/trikeshed/reactor/http/HttpStateMachine.kt:19:23 Return type mismatch: expected 'Join<Int, UnaryAsyncReaction>?', actual 'Join<Operation, Function0<Join<Int, UnaryAsyncReaction>?>>'.
e: file:///Users/jim/work/v2superbikeshed/Trikeshed/src/commonMain/kotlin/borg/trikeshed/reactor/http/HttpStateMachine.kt:30:62 None of the following candidates is applicable:
fun Array<out Byte>.toByteArray(): ByteArray
fun Collection<Byte>.toByteArray(): ByteArray
fun UByteArray.toByteArray(): ByteArray
e: file:///Users/jim/work/v2superbikeshed/Trikeshed/src/commonMain/kotlin/borg/trikeshed/reactor/http/HttpStateMachine.kt:31:16 Function invocation 'OP_WRITE(...)' expected.
e: file:///Users/jim/work/v2superbikeshed/Trikeshed/src/commonMain/kotlin/borg/trikeshed/reactor/http/HttpStateMachine.kt:31:16 Return type mismatch: expected 'Join<Int, UnaryAsyncReaction>?', actual 'Join<Operation, Function1<Int, Join<Int, UnaryAsyncReaction>?>>'.
e: file:///Users/jim/work/v2superbikeshed/Trikeshed/src/commonMain/kotlin/borg/trikeshed/reactor/http/HttpStateMachine.kt:32:20 Unresolved reference 'write'.
e: file:///Users/jim/work/v2superbikeshed/Trikeshed/src/commonMain/kotlin/borg/trikeshed/reactor/http/HttpStateMachine.kt:45:23 Unresolved reference 'formatRfc1123'.
e: file:///Users/jim/work/v2superbikeshed/Trikeshed/src/commonMain/kotlin/borg/trikeshed/reactor/ipc/IpcChannel.kt:11:1 Class 'IpcChannel' is not abstract and does not implement abstract members:
expect suspend fun close(): Unit
expect val isOpen: Boolean
expect fun configureBlocking(block: Boolean): SelectableChannel
expect val isBlocking: Boolean
e: file:///Users/jim/work/v2superbikeshed/Trikeshed/src/commonMain/kotlin/borg/trikeshed/reactor/ipc/IpcChannel.kt:16:38 Unresolved reference 'CoroutineContext'.
e: file:///Users/jim/work/v2superbikeshed/Trikeshed/src/commonMain/kotlin/borg/trikeshed/reactor/ipc/IpcChannel.kt:17:35 Unresolved reference 'IO'.
e: file:///Users/jim/work/v2superbikeshed/Trikeshed/src/commonMain/kotlin/borg/trikeshed/reactor/ipc/IpcChannel.kt:30:5 'close' overrides nothing. Potential signatures for overriding:
expect suspend fun close(): Unit
e: file:///Users/jim/work/v2superbikeshed/Trikeshed/src/commonMain/kotlin/borg/trikeshed/reactor/ipc/IpcChannel.kt:30:14 Conflicting overloads:
fun close(): Unit
expect suspend fun close(): Unit
e: file:///Users/jim/work/v2superbikeshed/Trikeshed/src/commonMain/kotlin/borg/trikeshed/reactor/ipc/IpcChannel.kt:34:5 'isOpen' overrides nothing.
e: file:///Users/jim/work/v2superbikeshed/Trikeshed/src/commonMain/kotlin/borg/trikeshed/reactor/ipc/IpcChannel.kt:36:5 'register' overrides nothing.
e: file:///Users/jim/work/v2superbikeshed/Trikeshed/src/commonMain/kotlin/borg/trikeshed/reactor/ipc/IpcRouter.kt:10:12 No type arguments expected for class Reactor : Any.
e: file:///Users/jim/work/v2superbikeshed/Trikeshed/src/commonMain/kotlin/borg/trikeshed/reactor/quic/QuicChannel.kt:11:1 Class 'QuicChannel' is not abstract and does not implement abstract members:
expect suspend fun close(): Unit
expect val isOpen: Boolean
expect fun configureBlocking(block: Boolean): SelectableChannel
expect val isBlocking: Boolean
e: file:///Users/jim/work/v2superbikeshed/Trikeshed/src/commonMain/kotlin/borg/trikeshed/reactor/quic/QuicChannel.kt:16:39 Unresolved reference 'CoroutineContext'.
e: file:///Users/jim/work/v2superbikeshed/Trikeshed/src/commonMain/kotlin/borg/trikeshed/reactor/quic/QuicChannel.kt:17:35 Unresolved reference 'IO'.
e: file:///Users/jim/work/v2superbikeshed/Trikeshed/src/commonMain/kotlin/borg/trikeshed/reactor/quic/QuicChannel.kt:30:5 'close' overrides nothing. Potential signatures for overriding:
expect suspend fun close(): Unit
e: file:///Users/jim/work/v2superbikeshed/Trikeshed/src/commonMain/kotlin/borg/trikeshed/reactor/quic/QuicChannel.kt:30:14 Conflicting overloads:
fun close(): Unit
expect suspend fun close(): Unit
e: file:///Users/jim/work/v2superbikeshed/Trikeshed/src/commonMain/kotlin/borg/trikeshed/reactor/quic/QuicChannel.kt:34:5 'isOpen' overrides nothing.
e: file:///Users/jim/work/v2superbikeshed/Trikeshed/src/commonMain/kotlin/borg/trikeshed/reactor/quic/QuicChannel.kt:36:5 'register' overrides nothing.
e: file:///Users/jim/work/v2superbikeshed/Trikeshed/src/commonMain/kotlin/borg/trikeshed/reactor/quic/QuicDsl.kt:3:27 Unresolved reference 'runBlocking'.
e: file:///Users/jim/work/v2superbikeshed/Trikeshed/src/commonMain/kotlin/borg/trikeshed/reactor/quic/QuicDsl.kt:30:5 Unresolved reference 'runBlocking'.
e: file:///Users/jim/work/v2superbikeshed/Trikeshed/src/commonMain/kotlin/borg/trikeshed/reactor/quic/QuicDsl.kt:31:9 Interface 'interface QuicServer : Any' does not have constructors.
e: file:///Users/jim/work/v2superbikeshed/Trikeshed/src/commonMain/kotlin/borg/trikeshed/reactor/quic/QuicDsl.kt:31:28 Unresolved reference 'start'.
e: file:///Users/jim/work/v2superbikeshed/Trikeshed/src/commonMain/kotlin/borg/trikeshed/reactor/quic/QuicServer.kt:4:27 Unresolved reference 's_'.
e: file:///Users/jim/work/v2superbikeshed/Trikeshed/src/commonMain/kotlin/borg/trikeshed/reactor/quic/QuicServer.kt:9:8 Unresolved reference 'java'.
e: file:///Users/jim/work/v2superbikeshed/Trikeshed/src/commonMain/kotlin/borg/trikeshed/reactor/quic/QuicServer.kt:10:8 Unresolved reference 'java'.
e: file:///Users/jim/work/v2superbikeshed/Trikeshed/src/commonMain/kotlin/borg/trikeshed/reactor/quic/QuicServer.kt:11:8 Unresolved reference 'java'.
e: file:///Users/jim/work/v2superbikeshed/Trikeshed/src/commonMain/kotlin/borg/trikeshed/reactor/quic/QuicServer.kt:22:11 Redeclaration:
class QuicServer : Any
e: file:///Users/jim/work/v2superbikeshed/Trikeshed/src/commonMain/kotlin/borg/trikeshed/reactor/quic/QuicServer.kt:28:7 Redeclaration:
interface QuicServer : Any
e: file:///Users/jim/work/v2superbikeshed/Trikeshed/src/commonMain/kotlin/borg/trikeshed/reactor/quic/QuicServer.kt:31:23 Unresolved reference 'DatagramChannel'.
e: file:///Users/jim/work/v2superbikeshed/Trikeshed/src/commonMain/kotlin/borg/trikeshed/reactor/quic/QuicServer.kt:33:22 Unresolved reference 'InetSocketAddress'.
e: file:///Users/jim/work/v2superbikeshed/Trikeshed/src/commonMain/kotlin/borg/trikeshed/reactor/quic/QuicServer.kt:33:40 Unresolved reference 'config'.
e: file:///Users/jim/work/v2superbikeshed/Trikeshed/src/commonMain/kotlin/borg/trikeshed/reactor/quic/QuicServer.kt:33:53 Unresolved reference 'config'.
e: file:///Users/jim/work/v2superbikeshed/Trikeshed/src/commonMain/kotlin/borg/trikeshed/reactor/quic/QuicServer.kt:35:48 Unresolved reference 'config'.
e: file:///Users/jim/work/v2superbikeshed/Trikeshed/src/commonMain/kotlin/borg/trikeshed/reactor/quic/QuicServer.kt:37:40 Unresolved reference 'InetSocketAddress'.
e: file:///Users/jim/work/v2superbikeshed/Trikeshed/src/commonMain/kotlin/borg/trikeshed/reactor/quic/QuicServer.kt:40:37 Unresolved reference 'allocate'.
e: file:///Users/jim/work/v2superbikeshed/Trikeshed/src/commonMain/kotlin/borg/trikeshed/reactor/quic/QuicServer.kt:40:46 Unresolved reference 'config'.
e: file:///Users/jim/work/v2superbikeshed/Trikeshed/src/commonMain/kotlin/borg/trikeshed/reactor/quic/QuicServer.kt:41:61 Unresolved reference 'InetSocketAddress'.
e: file:///Users/jim/work/v2superbikeshed/Trikeshed/src/commonMain/kotlin/borg/trikeshed/reactor/quic/QuicServer.kt:46:60 Unresolved reference 'config'.
e: file:///Users/jim/work/v2superbikeshed/Trikeshed/src/commonMain/kotlin/borg/trikeshed/reactor/quic/QuicServer.kt:56:32 Unresolved reference 'InetSocketAddress'.
e: file:///Users/jim/work/v2superbikeshed/Trikeshed/src/commonMain/kotlin/borg/trikeshed/reactor/quic/QuicServer.kt:57:26 Unresolved reference 'DatagramChannel'.
e: file:///Users/jim/work/v2superbikeshed/Trikeshed/src/commonMain/kotlin/borg/trikeshed/reactor/quic/QuicServer.kt:76:17 Unresolved reference 'send'.
e: file:///Users/jim/work/v2superbikeshed/Trikeshed/src/commonMain/kotlin/borg/trikeshed/reactor/quic/QuicServer.kt:92:31 Unresolved reference 'allocate'.
e: file:///Users/jim/work/v2superbikeshed/Trikeshed/src/commonMain/kotlin/borg/trikeshed/reactor/quic/QuicServer.kt:107:35 Unresolved reference 's_'.
e: file:///Users/jim/work/v2superbikeshed/Trikeshed/src/commonMain/kotlin/borg/trikeshed/reactor/quic/QuicServer.kt:113:46 Unresolved reference 'wrap'.
e: file:///Users/jim/work/v2superbikeshed/Trikeshed/src/commonMain/kotlin/borg/trikeshed/reactor/socks/Socks5Demo.kt:33:9 Unresolved reference 'Socks5Evolution'.
e: file:///Users/jim/work/v2superbikeshed/Trikeshed/src/commonMain/kotlin/borg/trikeshed/reactor/socks/Socks5Demo.kt:44:54 Overload resolution ambiguity between candidates:
fun ByteArray.toIndexed(): Join<Int, Function1<Int, Byte>>
fun <T> Any.toIndexed(): Join<Int, Function1<Int, T>>
fun ByteArray.toIndexed(): Join<Int, Function1<Int, Byte>>
e: file:///Users/jim/work/v2superbikeshed/Trikeshed/src/commonMain/kotlin/borg/trikeshed/reactor/socks/Socks5Demo.kt:46:23 Unresolved reference 'Socks5Evolution'.
e: file:///Users/jim/work/v2superbikeshed/Trikeshed/src/commonMain/kotlin/borg/trikeshed/reactor/socks/Socks5Demo.kt:49:44 Unresolved reference 'format'.
e: file:///Users/jim/work/v2superbikeshed/Trikeshed/src/commonMain/kotlin/borg/trikeshed/reactor/socks/Socks5Demo.kt:49:59 Unresolved reference 'version'.
e: file:///Users/jim/work/v2superbikeshed/Trikeshed/src/commonMain/kotlin/borg/trikeshed/reactor/socks/Socks5Demo.kt:50:46 Unresolved reference 'methods'.
e: file:///Users/jim/work/v2superbikeshed/Trikeshed/src/commonMain/kotlin/borg/trikeshed/reactor/socks/Socks5Demo.kt:51:49 Unresolved reference 'scanCount'.
e: file:///Users/jim/work/v2superbikeshed/Trikeshed/src/commonMain/kotlin/borg/trikeshed/reactor/socks/Socks5Demo.kt:53:28 Unresolved reference 'Socks5Evolution'.
e: file:///Users/jim/work/v2superbikeshed/Trikeshed/src/commonMain/kotlin/borg/trikeshed/reactor/socks/Socks5Demo.kt:53:68 Unresolved reference 'Socks5Evolution'.
e: file:///Users/jim/work/v2superbikeshed/Trikeshed/src/commonMain/kotlin/borg/trikeshed/reactor/socks/Socks5Demo.kt:70:52 Overload resolution ambiguity between candidates:
fun ByteArray.toIndexed(): Join<Int, Function1<Int, Byte>>
fun <T> Any.toIndexed(): Join<Int, Function1<Int, T>>
fun ByteArray.toIndexed(): Join<Int, Function1<Int, Byte>>
e: file:///Users/jim/work/v2superbikeshed/Trikeshed/src/commonMain/kotlin/borg/trikeshed/reactor/socks/Socks5Demo.kt:72:23 Unresolved reference 'Socks5Evolution'.
e: file:///Users/jim/work/v2superbikeshed/Trikeshed/src/commonMain/kotlin/borg/trikeshed/reactor/socks/Socks5Demo.kt:75:44 Unresolved reference 'format'.
e: file:///Users/jim/work/v2superbikeshed/Trikeshed/src/commonMain/kotlin/borg/trikeshed/reactor/socks/Socks5Demo.kt:75:59 Unresolved reference 'version'.
e: file:///Users/jim/work/v2superbikeshed/Trikeshed/src/commonMain/kotlin/borg/trikeshed/reactor/socks/Socks5Demo.kt:76:69 Unresolved reference 'command'.
e: file:///Users/jim/work/v2superbikeshed/Trikeshed/src/commonMain/kotlin/borg/trikeshed/reactor/socks/Socks5Demo.kt:76:81 Unresolved reference 'format'.
e: file:///Users/jim/work/v2superbikeshed/Trikeshed/src/commonMain/kotlin/borg/trikeshed/reactor/socks/Socks5Demo.kt:76:96 Unresolved reference 'command'.
e: file:///Users/jim/work/v2superbikeshed/Trikeshed/src/commonMain/kotlin/borg/trikeshed/reactor/socks/Socks5Demo.kt:77:78 Unresolved reference 'addressType'.
e: file:///Users/jim/work/v2superbikeshed/Trikeshed/src/commonMain/kotlin/borg/trikeshed/reactor/socks/Socks5Demo.kt:77:94 Unresolved reference 'format'.
e: file:///Users/jim/work/v2superbikeshed/Trikeshed/src/commonMain/kotlin/borg/trikeshed/reactor/socks/Socks5Demo.kt:77:109 Unresolved reference 'addressType'.
e: file:///Users/jim/work/v2superbikeshed/Trikeshed/src/commonMain/kotlin/borg/trikeshed/reactor/socks/Socks5Demo.kt:78:50 Unresolved reference 'destinationAddress'.
e: file:///Users/jim/work/v2superbikeshed/Trikeshed/src/commonMain/kotlin/borg/trikeshed/reactor/socks/Socks5Demo.kt:78:94 Unresolved reference 'destinationPort'.
e: file:///Users/jim/work/v2superbikeshed/Trikeshed/src/commonMain/kotlin/borg/trikeshed/reactor/socks/Socks5Demo.kt:79:49 Unresolved reference 'scanCount'.
e: file:///Users/jim/work/v2superbikeshed/Trikeshed/src/commonMain/kotlin/borg/trikeshed/reactor/socks/Socks5Demo.kt:81:28 Unresolved reference 'Socks5Evolution'.
e: file:///Users/jim/work/v2superbikeshed/Trikeshed/src/commonMain/kotlin/borg/trikeshed/reactor/socks/Socks5Demo.kt:82:25 Unresolved reference 'Socks5Evolution'.
e: file:///Users/jim/work/v2superbikeshed/Trikeshed/src/commonMain/kotlin/borg/trikeshed/reactor/socks/Socks5Demo.kt:83:39 Unresolved reference 'addressType'.
e: file:///Users/jim/work/v2superbikeshed/Trikeshed/src/commonMain/kotlin/borg/trikeshed/reactor/socks/Socks5Demo.kt:84:40 Unresolved reference 'destinationAddress'.
e: file:///Users/jim/work/v2superbikeshed/Trikeshed/src/commonMain/kotlin/borg/trikeshed/reactor/socks/Socks5Demo.kt:85:37 Unresolved reference 'destinationPort'.
e: file:///Users/jim/work/v2superbikeshed/Trikeshed/src/commonMain/kotlin/borg/trikeshed/reactor/socks/Socks5Demo.kt:103:63 Overload resolution ambiguity between candidates:
fun ByteArray.toIndexed(): Join<Int, Function1<Int, Byte>>
fun <T> Any.toIndexed(): Join<Int, Function1<Int, T>>
fun ByteArray.toIndexed(): Join<Int, Function1<Int, Byte>>
e: file:///Users/jim/work/v2superbikeshed/Trikeshed/src/commonMain/kotlin/borg/trikeshed/reactor/socks/Socks5Demo.kt:105:32 Unresolved reference 'Socks5Evolution'.
e: file:///Users/jim/work/v2superbikeshed/Trikeshed/src/commonMain/kotlin/borg/trikeshed/reactor/socks/Socks5Demo.kt:107:44 Unresolved reference 'scanCount'.
e: file:///Users/jim/work/v2superbikeshed/Trikeshed/src/commonMain/kotlin/borg/trikeshed/reactor/socks/Socks5Demo.kt:108:65 Unresolved reference 'scanCount'.
e: file:///Users/jim/work/v2superbikeshed/Trikeshed/src/commonMain/kotlin/borg/trikeshed/reactor/socks/Socks5Demo.kt:110:37 Unresolved reference 'Socks5Evolution'.
e: file:///Users/jim/work/v2superbikeshed/Trikeshed/src/commonMain/kotlin/borg/trikeshed/reactor/socks/Socks5Demo.kt:110:77 Unresolved reference 'Socks5Evolution'.
e: file:///Users/jim/work/v2superbikeshed/Trikeshed/src/commonMain/kotlin/borg/trikeshed/reactor/socks/Socks5Demo.kt:121:59 Overload resolution ambiguity between candidates:
fun ByteArray.toIndexed(): Join<Int, Function1<Int, Byte>>
fun <T> Any.toIndexed(): Join<Int, Function1<Int, T>>
fun ByteArray.toIndexed(): Join<Int, Function1<Int, Byte>>
e: file:///Users/jim/work/v2superbikeshed/Trikeshed/src/commonMain/kotlin/borg/trikeshed/reactor/socks/Socks5Demo.kt:123:28 Unresolved reference 'Socks5Evolution'.
e: file:///Users/jim/work/v2superbikeshed/Trikeshed/src/commonMain/kotlin/borg/trikeshed/reactor/socks/Socks5Demo.kt:125:40 Unresolved reference 'scanCount'.
e: file:///Users/jim/work/v2superbikeshed/Trikeshed/src/commonMain/kotlin/borg/trikeshed/reactor/socks/Socks5Demo.kt:126:57 Unresolved reference 'scanCount'.
e: file:///Users/jim/work/v2superbikeshed/Trikeshed/src/commonMain/kotlin/borg/trikeshed/reactor/socks/Socks5Demo.kt:128:33 Unresolved reference 'Socks5Evolution'.
e: file:///Users/jim/work/v2superbikeshed/Trikeshed/src/commonMain/kotlin/borg/trikeshed/reactor/socks/Socks5Demo.kt:129:25 Unresolved reference 'Socks5Evolution'.
e: file:///Users/jim/work/v2superbikeshed/Trikeshed/src/commonMain/kotlin/borg/trikeshed/reactor/socks/Socks5Demo.kt:130:44 Unresolved reference 'addressType'.
e: file:///Users/jim/work/v2superbikeshed/Trikeshed/src/commonMain/kotlin/borg/trikeshed/reactor/socks/Socks5Demo.kt:131:45 Unresolved reference 'destinationAddress'.
e: file:///Users/jim/work/v2superbikeshed/Trikeshed/src/commonMain/kotlin/borg/trikeshed/reactor/socks/Socks5Demo.kt:132:42 Unresolved reference 'destinationPort'.
e: file:///Users/jim/work/v2superbikeshed/Trikeshed/src/commonMain/kotlin/borg/trikeshed/reactor/socks/Socks5Demo.kt:176:67 Unresolved reference 'format'.
e: file:///Users/jim/work/v2superbikeshed/Trikeshed/src/commonMain/kotlin/borg/trikeshed/reactor/socks/Socks5Demo.kt:178:45 Overload resolution ambiguity between candidates:
fun ByteArray.toIndexed(): Join<Int, Function1<Int, Byte>>
fun <T> Any.toIndexed(): Join<Int, Function1<Int, T>>
fun ByteArray.toIndexed(): Join<Int, Function1<Int, Byte>>
e: file:///Users/jim/work/v2superbikeshed/Trikeshed/src/commonMain/kotlin/borg/trikeshed/reactor/socks/Socks5Demo.kt:179:23 Unresolved reference 'Socks5Evolution'.
e: file:///Users/jim/work/v2superbikeshed/Trikeshed/src/commonMain/kotlin/borg/trikeshed/reactor/socks/Socks5Demo.kt:182:41 Unresolved reference 'addressType'.
e: file:///Users/jim/work/v2superbikeshed/Trikeshed/src/commonMain/kotlin/borg/trikeshed/reactor/socks/Socks5Demo.kt:183:17 Unresolved reference 'Socks5Evolution'.
e: file:///Users/jim/work/v2superbikeshed/Trikeshed/src/commonMain/kotlin/borg/trikeshed/reactor/socks/Socks5Demo.kt:183:54 Unresolved reference 'destinationAddress'.
e: file:///Users/jim/work/v2superbikeshed/Trikeshed/src/commonMain/kotlin/borg/trikeshed/reactor/socks/Socks5Demo.kt:184:17 Unresolved reference 'Socks5Evolution'.
e: file:///Users/jim/work/v2superbikeshed/Trikeshed/src/commonMain/kotlin/borg/trikeshed/reactor/socks/Socks5Demo.kt:184:56 Unresolved reference 'destinationAddress'.
e: file:///Users/jim/work/v2superbikeshed/Trikeshed/src/commonMain/kotlin/borg/trikeshed/reactor/socks/Socks5Demo.kt:185:17 Unresolved reference 'Socks5Evolution'.
e: file:///Users/jim/work/v2superbikeshed/Trikeshed/src/commonMain/kotlin/borg/trikeshed/reactor/socks/Socks5Demo.kt:185:54 Unresolved reference 'destinationAddress'.
e: file:///Users/jim/work/v2superbikeshed/Trikeshed/src/commonMain/kotlin/borg/trikeshed/reactor/socks/Socks5Demo.kt:188:54 Unresolved reference 'destinationPort'.
e: file:///Users/jim/work/v2superbikeshed/Trikeshed/src/commonMain/kotlin/borg/trikeshed/reactor/socks/Socks5Demo.kt:188:82 Unresolved reference 'scanCount'.
e: file:///Users/jim/work/v2superbikeshed/Trikeshed/src/commonMain/kotlin/borg/trikeshed/reactor/socks/Socks5Demo.kt:196:13 Unresolved reference 'Socks5Evolution'.
e: file:///Users/jim/work/v2superbikeshed/Trikeshed/src/commonMain/kotlin/borg/trikeshed/reactor/socks/Socks5Demo.kt:197:13 Unresolved reference 'Socks5Evolution'.
e: file:///Users/jim/work/v2superbikeshed/Trikeshed/src/commonMain/kotlin/borg/trikeshed/reactor/socks/Socks5Demo.kt:198:13 Unresolved reference 'Socks5Evolution'.
e: file:///Users/jim/work/v2superbikeshed/Trikeshed/src/commonMain/kotlin/borg/trikeshed/reactor/socks/Socks5Demo.kt:205:13 Unresolved reference 'Socks5Evolution'.
e: file:///Users/jim/work/v2superbikeshed/Trikeshed/src/commonMain/kotlin/borg/trikeshed/reactor/socks/Socks5Demo.kt:206:13 Unresolved reference 'Socks5Evolution'.
e: file:///Users/jim/work/v2superbikeshed/Trikeshed/src/commonMain/kotlin/borg/trikeshed/reactor/socks/Socks5Demo.kt:207:13 Unresolved reference 'Socks5Evolution'.
e: file:///Users/jim/work/v2superbikeshed/Trikeshed/src/commonMain/kotlin/borg/trikeshed/reactor/socks/Socks5Demo.kt:218:20 Unresolved reference 'Socks5Evolution'.
e: file:///Users/jim/work/v2superbikeshed/Trikeshed/src/commonMain/kotlin/borg/trikeshed/reactor/socks/Socks5Demo.kt:218:49 Unresolved reference 'Socks5Evolution'.
e: file:///Users/jim/work/v2superbikeshed/Trikeshed/src/commonMain/kotlin/borg/trikeshed/reactor/socks/Socks5Demo.kt:219:36 Unresolved reference 'Socks5Evolution'.
e: file:///Users/jim/work/v2superbikeshed/Trikeshed/src/commonMain/kotlin/borg/trikeshed/reactor/socks/Socks5Demo.kt:220:22 Unresolved reference 'Socks5Evolution'.
e: file:///Users/jim/work/v2superbikeshed/Trikeshed/src/commonMain/kotlin/borg/trikeshed/reactor/socks/Socks5Recursive.kt:221:25 Cannot infer type for this parameter. Specify it explicitly.
e: file:///Users/jim/work/v2superbikeshed/Trikeshed/src/commonMain/kotlin/borg/trikeshed/reactor/socks/Socks5Recursive.kt:221:25 Not enough information to infer type argument for 'B'.
e: file:///Users/jim/work/v2superbikeshed/Trikeshed/src/commonMain/kotlin/borg/trikeshed/reactor/socks/Socks5Recursive.kt:221:29 Cannot infer type for this parameter. Specify it explicitly.
e: file:///Users/jim/work/v2superbikeshed/Trikeshed/src/commonMain/kotlin/borg/trikeshed/reactor/socks/Socks5Recursive.kt:223:16 Cannot infer type for this parameter. Specify it explicitly.
e: file:///Users/jim/work/v2superbikeshed/Trikeshed/src/commonMain/kotlin/borg/trikeshed/reactor/socks/Socks5Recursive.kt:223:16 Not enough information to infer type argument for 'A'.
e: file:///Users/jim/work/v2superbikeshed/Trikeshed/src/commonMain/kotlin/borg/trikeshed/reactor/socks/Socks5Recursive.kt:266:28 Cannot infer type for this parameter. Specify it explicitly.
e: file:///Users/jim/work/v2superbikeshed/Trikeshed/src/commonMain/kotlin/borg/trikeshed/reactor/socks/Socks5Recursive.kt:266:28 Unresolved reference. None of the following candidates is applicable because of a receiver type mismatch:
fun <T> Join<Int, Function1<Int, Join<Any?, TypeMemento>>>.get(column: Column<T>): T?
e: file:///Users/jim/work/v2superbikeshed/Trikeshed/src/commonMain/kotlin/borg/trikeshed/reactor/socks/Socks5Recursive.kt:267:36 Unresolved reference 'scanCount'.
e: file:///Users/jim/work/v2superbikeshed/Trikeshed/src/commonMain/kotlin/borg/trikeshed/reactor/socks/Socks5Recursive.kt:341:56 Unresolved reference 'format'.
e: file:///Users/jim/work/v2superbikeshed/Trikeshed/src/commonMain/kotlin/borg/trikeshed/reactor/socks/Socks5Recursive.kt:369:54 Overload resolution ambiguity between candidates:
fun ByteArray.toIndexed(): Join<Int, Function1<Int, Byte>>
fun <T> Any.toIndexed(): Join<Int, Function1<Int, T>>
fun ByteArray.toIndexed(): Join<Int, Function1<Int, Byte>>
e: file:///Users/jim/work/v2superbikeshed/Trikeshed/src/commonMain/kotlin/borg/trikeshed/reactor/socks/Socks5Recursive.kt:388:63 Overload resolution ambiguity between candidates:
fun ByteArray.toIndexed(): Join<Int, Function1<Int, Byte>>
fun <T> Any.toIndexed(): Join<Int, Function1<Int, T>>
fun ByteArray.toIndexed(): Join<Int, Function1<Int, Byte>>
e: file:///Users/jim/work/v2superbikeshed/Trikeshed/src/commonMain/kotlin/borg/trikeshed/reactor/socks/Socks5Recursive.kt:393:59 Overload resolution ambiguity between candidates:
fun ByteArray.toIndexed(): Join<Int, Function1<Int, Byte>>
fun <T> Any.toIndexed(): Join<Int, Function1<Int, T>>
fun ByteArray.toIndexed(): Join<Int, Function1<Int, Byte>>
e: file:///Users/jim/work/v2superbikeshed/Trikeshed/src/commonMain/kotlin/borg/trikeshed/reactor/socks/Socks5Recursive.kt:405:76 Overload resolution ambiguity between candidates:
fun ByteArray.toIndexed(): Join<Int, Function1<Int, Byte>>
fun <T> Any.toIndexed(): Join<Int, Function1<Int, T>>
fun ByteArray.toIndexed(): Join<Int, Function1<Int, Byte>>
e: file:///Users/jim/work/v2superbikeshed/Trikeshed/src/commonMain/kotlin/borg/trikeshed/reactor/socks/Socks5Simple.kt:33:35 Cannot infer type for this parameter. Specify it explicitly.
e: file:///Users/jim/work/v2superbikeshed/Trikeshed/src/commonMain/kotlin/borg/trikeshed/reactor/socks/Socks5Simple.kt:33:35 Not enough information to infer type argument for 'B'.
e: file:///Users/jim/work/v2superbikeshed/Trikeshed/src/commonMain/kotlin/borg/trikeshed/reactor/socks/Socks5Simple.kt:33:39 Cannot infer type for this parameter. Specify it explicitly.
e: file:///Users/jim/work/v2superbikeshed/Trikeshed/src/commonMain/kotlin/borg/trikeshed/reactor/socks/Socks5Simple.kt:55:33 Cannot infer type for this parameter. Specify it explicitly.
e: file:///Users/jim/work/v2superbikeshed/Trikeshed/src/commonMain/kotlin/borg/trikeshed/reactor/socks/Socks5Simple.kt:55:33 Not enough information to infer type argument for 'B'.
e: file:///Users/jim/work/v2superbikeshed/Trikeshed/src/commonMain/kotlin/borg/trikeshed/reactor/socks/Socks5Simple.kt:55:37 Cannot infer type for this parameter. Specify it explicitly.
e: file:///Users/jim/work/v2superbikeshed/Trikeshed/src/commonMain/kotlin/borg/trikeshed/reactor/socks/Socks5Simple.kt:95:27 Argument type mismatch: actual type is 'Byte', but 'K (of fun <K> WHEN_CALL)' was expected.
e: file:///Users/jim/work/v2superbikeshed/Trikeshed/src/commonMain/kotlin/borg/trikeshed/reactor/socks/Socks5Simple.kt:96:27 Argument type mismatch: actual type is 'Byte', but 'K (of fun <K> WHEN_CALL)' was expected.
e: file:///Users/jim/work/v2superbikeshed/Trikeshed/src/commonMain/kotlin/borg/trikeshed/reactor/socks/Socks5Simple.kt:97:27 Argument type mismatch: actual type is 'Int', but 'K (of fun <K> WHEN_CALL)' was expected.
e: file:///Users/jim/work/v2superbikeshed/Trikeshed/src/commonMain/kotlin/borg/trikeshed/reactor/socks/Socks5Simple.kt:98:27 Argument type mismatch: actual type is 'Byte', but 'K (of fun <K> WHEN_CALL)' was expected.
e: file:///Users/jim/work/v2superbikeshed/Trikeshed/src/commonMain/kotlin/borg/trikeshed/reactor/socks/Socks5Simple.kt:99:49 Argument type mismatch: actual type is 'T? (of fun <T> Join<Int, Function1<Int, Join<Any?, TypeMemento>>>.get)', but 'K (of fun <K> WHEN_CALL)' was expected.
e: file:///Users/jim/work/v2superbikeshed/Trikeshed/src/commonMain/kotlin/borg/trikeshed/reactor/socks/Socks5Simple.kt:99:49 Argument type mismatch: actual type is 'Join<Int, Function1<Int, Join<Any?, TypeMemento>>>', but 'Join<Int, Function1<Int, Byte>>' was expected.
e: file:///Users/jim/work/v2superbikeshed/Trikeshed/src/commonMain/kotlin/borg/trikeshed/reactor/socks/Socks5Simple.kt:99:49 Cannot infer type for this parameter. Specify it explicitly.
e: file:///Users/jim/work/v2superbikeshed/Trikeshed/src/commonMain/kotlin/borg/trikeshed/reactor/socks/Socks5Simple.kt:99:49 Unresolved reference. None of the following candidates is applicable because of a receiver type mismatch:
fun <T> Join<Int, Function1<Int, Join<Any?, TypeMemento>>>.get(column: Column<T>): T?
e: file:///Users/jim/work/v2superbikeshed/Trikeshed/src/commonMain/kotlin/borg/trikeshed/reactor/socks/Socks5Simple.kt:102:21 Argument type mismatch: actual type is 'Byte', but 'K (of fun <K> WHEN_CALL)' was expected.
e: file:///Users/jim/work/v2superbikeshed/Trikeshed/src/commonMain/kotlin/borg/trikeshed/reactor/socks/Socks5Simple.kt:126:56 Unresolved reference 'format'.
e: file:///Users/jim/work/v2superbikeshed/Trikeshed/src/commonMain/kotlin/borg/trikeshed/reactor/socks/Socks5Simple.kt:172:54 Overload resolution ambiguity between candidates:
fun ByteArray.toIndexed(): Join<Int, Function1<Int, Byte>>
fun <T> Any.toIndexed(): Join<Int, Function1<Int, T>>
fun ByteArray.toIndexed(): Join<Int, Function1<Int, Byte>>
e: file:///Users/jim/work/v2superbikeshed/Trikeshed/src/commonMain/kotlin/borg/trikeshed/reactor/socks/Socks5Simple.kt:177:44 Unresolved reference 'format'.
e: file:///Users/jim/work/v2superbikeshed/Trikeshed/src/commonMain/kotlin/borg/trikeshed/reactor/socks/Socks5Simple.kt:195:52 Overload resolution ambiguity between candidates:
fun ByteArray.toIndexed(): Join<Int, Function1<Int, Byte>>
fun <T> Any.toIndexed(): Join<Int, Function1<Int, T>>
fun ByteArray.toIndexed(): Join<Int, Function1<Int, Byte>>
e: file:///Users/jim/work/v2superbikeshed/Trikeshed/src/commonMain/kotlin/borg/trikeshed/reactor/socks/Socks5Simple.kt:200:44 Unresolved reference 'format'.
e: file:///Users/jim/work/v2superbikeshed/Trikeshed/src/commonMain/kotlin/borg/trikeshed/reactor/socks/Socks5Simple.kt:201:54 Unresolved reference 'format'.
e: file:///Users/jim/work/v2superbikeshed/Trikeshed/src/commonMain/kotlin/borg/trikeshed/reactor/socks/Socks5Simple.kt:202:56 Unresolved reference 'format'.
e: file:///Users/jim/work/v2superbikeshed/Trikeshed/src/commonMain/kotlin/borg/trikeshed/reactor/socks/Socks5Simple.kt:223:63 Overload resolution ambiguity between candidates:
fun ByteArray.toIndexed(): Join<Int, Function1<Int, Byte>>
fun <T> Any.toIndexed(): Join<Int, Function1<Int, T>>
fun ByteArray.toIndexed(): Join<Int, Function1<Int, Byte>>
e: file:///Users/jim/work/v2superbikeshed/Trikeshed/src/commonMain/kotlin/borg/trikeshed/reactor/socks/Socks5Simple.kt:237:59 Overload resolution ambiguity between candidates:
fun ByteArray.toIndexed(): Join<Int, Function1<Int, Byte>>
fun <T> Any.toIndexed(): Join<Int, Function1<Int, T>>
fun ByteArray.toIndexed(): Join<Int, Function1<Int, Byte>>
e: file:///Users/jim/work/v2superbikeshed/Trikeshed/src/commonMain/kotlin/borg/trikeshed/reactor/socks/Socks5Simple.kt:256:21 Not enough information to infer type argument for 'K'.
e: file:///Users/jim/work/v2superbikeshed/Trikeshed/src/commonMain/kotlin/borg/trikeshed/reactor/socks/Socks5Simple.kt:257:41 Cannot infer type for this parameter. Specify it explicitly.
e: file:///Users/jim/work/v2superbikeshed/Trikeshed/src/commonMain/kotlin/borg/trikeshed/reactor/socks/Socks5Simple.kt:257:41 Not enough information to infer type argument for 'B'.
e: file:///Users/jim/work/v2superbikeshed/Trikeshed/src/commonMain/kotlin/borg/trikeshed/reactor/socks/Socks5Simple.kt:257:45 Cannot infer type for this parameter. Specify it explicitly.
e: file:///Users/jim/work/v2superbikeshed/Trikeshed/src/commonMain/kotlin/borg/trikeshed/reactor/socks/Socks5Simple.kt:261:33 Cannot infer type for this parameter. Specify it explicitly.
e: file:///Users/jim/work/v2superbikeshed/Trikeshed/src/commonMain/kotlin/borg/trikeshed/reactor/socks/Socks5Simple.kt:261:33 Not enough information to infer type argument for 'A'.
e: file:///Users/jim/work/v2superbikeshed/Trikeshed/src/commonMain/kotlin/borg/trikeshed/reactor/socks/Socks5Simple.kt:264:17 Unresolved reference 'ATYP_DOMAINNAME'.
e: file:///Users/jim/work/v2superbikeshed/Trikeshed/src/commonMain/kotlin/borg/trikeshed/reactor/socks/Socks5Simple.kt:267:25 Not enough information to infer type argument for 'K'.
e: file:///Users/jim/work/v2superbikeshed/Trikeshed/src/commonMain/kotlin/borg/trikeshed/reactor/socks/Socks5Simple.kt:268:55 Cannot infer type for this parameter. Specify it explicitly.
e: file:///Users/jim/work/v2superbikeshed/Trikeshed/src/commonMain/kotlin/borg/trikeshed/reactor/socks/Socks5Simple.kt:268:55 Not enough information to infer type argument for 'B'.
e: file:///Users/jim/work/v2superbikeshed/Trikeshed/src/commonMain/kotlin/borg/trikeshed/reactor/socks/Socks5Simple.kt:268:59 Cannot infer type for this parameter. Specify it explicitly.
e: file:///Users/jim/work/v2superbikeshed/Trikeshed/src/commonMain/kotlin/borg/trikeshed/reactor/socks/Socks5Simple.kt:272:36 Cannot infer type for this parameter. Specify it explicitly.
e: file:///Users/jim/work/v2superbikeshed/Trikeshed/src/commonMain/kotlin/borg/trikeshed/reactor/socks/Socks5Simple.kt:272:36 Not enough information to infer type argument for 'A'.
e: file:///Users/jim/work/v2superbikeshed/Trikeshed/src/commonMain/kotlin/borg/trikeshed/reactor/socks/Socks5Simple.kt:276:17 Unresolved reference 'ATYP_IPV6'.
e: file:///Users/jim/work/v2superbikeshed/Trikeshed/src/commonMain/kotlin/borg/trikeshed/reactor/socks/Socks5Simple.kt:277:21 Not enough information to infer type argument for 'K'.
e: file:///Users/jim/work/v2superbikeshed/Trikeshed/src/commonMain/kotlin/borg/trikeshed/reactor/socks/Socks5Simple.kt:278:42 Cannot infer type for this parameter. Specify it explicitly.
e: file:///Users/jim/work/v2superbikeshed/Trikeshed/src/commonMain/kotlin/borg/trikeshed/reactor/socks/Socks5Simple.kt:278:42 Not enough information to infer type argument for 'B'.
e: file:///Users/jim/work/v2superbikeshed/Trikeshed/src/commonMain/kotlin/borg/trikeshed/reactor/socks/Socks5Simple.kt:278:46 Cannot infer type for this parameter. Specify it explicitly.
e: file:///Users/jim/work/v2superbikeshed/Trikeshed/src/commonMain/kotlin/borg/trikeshed/reactor/socks/Socks5Simple.kt:282:33 Cannot infer type for this parameter. Specify it explicitly.
e: file:///Users/jim/work/v2superbikeshed/Trikeshed/src/commonMain/kotlin/borg/trikeshed/reactor/socks/Socks5Simple.kt:282:33 Not enough information to infer type argument for 'A'.
e: file:///Users/jim/work/v2superbikeshed/Trikeshed/src/commonMain/kotlin/borg/trikeshed/reactor/socks/Socks5Simple.kt:308:35 Argument type mismatch: actual type is 'Byte', but 'K (of fun <K> WHEN_CALL)' was expected.
e: file:///Users/jim/work/v2superbikeshed/Trikeshed/src/commonMain/kotlin/borg/trikeshed/reactor/socks/Socks5Simple.kt:309:35 Argument type mismatch: actual type is 'Byte', but 'K (of fun <K> WHEN_CALL)' was expected.
e: file:///Users/jim/work/v2superbikeshed/Trikeshed/src/commonMain/kotlin/borg/trikeshed/reactor/socks/Socks5Simple.kt:310:35 Argument type mismatch: actual type is 'Int', but 'K (of fun <K> WHEN_CALL)' was expected.
e: file:///Users/jim/work/v2superbikeshed/Trikeshed/src/commonMain/kotlin/borg/trikeshed/reactor/socks/Socks5Simple.kt:311:35 Argument type mismatch: actual type is 'Byte', but 'K (of fun <K> WHEN_CALL)' was expected.
e: file:///Users/jim/work/v2superbikeshed/Trikeshed/src/commonMain/kotlin/borg/trikeshed/reactor/socks/Socks5Simple.kt:312:57 Argument type mismatch: actual type is 'T? (of fun <T> Join<Int, Function1<Int, Join<Any?, TypeMemento>>>.get)', but 'K (of fun <K> WHEN_CALL)' was expected.
e: file:///Users/jim/work/v2superbikeshed/Trikeshed/src/commonMain/kotlin/borg/trikeshed/reactor/socks/Socks5Simple.kt:312:57 Argument type mismatch: actual type is 'Join<Int, Function1<Int, Join<Any?, TypeMemento>>>', but 'Join<Int, Function1<Int, Byte>>' was expected.
e: file:///Users/jim/work/v2superbikeshed/Trikeshed/src/commonMain/kotlin/borg/trikeshed/reactor/socks/Socks5Simple.kt:312:57 Cannot infer type for this parameter. Specify it explicitly.
e: file:///Users/jim/work/v2superbikeshed/Trikeshed/src/commonMain/kotlin/borg/trikeshed/reactor/socks/Socks5Simple.kt:312:57 Unresolved reference. None of the following candidates is applicable because of a receiver type mismatch:
fun <T> Join<Int, Function1<Int, Join<Any?, TypeMemento>>>.get(column: Column<T>): T?
e: file:///Users/jim/work/v2superbikeshed/Trikeshed/src/commonMain/kotlin/borg/trikeshed/reactor/socks/Socks5Simple.kt:315:25 Argument type mismatch: actual type is 'Byte', but 'K (of fun <K> WHEN_CALL)' was expected.
e: file:///Users/jim/work/v2superbikeshed/Trikeshed/src/commonMain/kotlin/borg/trikeshed/reactor/socks/SocksChannel.kt:11:1 Class 'SocksChannel' is not abstract and does not implement abstract members:
expect suspend fun close(): Unit
expect val isOpen: Boolean
expect fun configureBlocking(block: Boolean): SelectableChannel
expect val isBlocking: Boolean
e: file:///Users/jim/work/v2superbikeshed/Trikeshed/src/commonMain/kotlin/borg/trikeshed/reactor/socks/SocksChannel.kt:16:40 Unresolved reference 'CoroutineContext'.
e: file:///Users/jim/work/v2superbikeshed/Trikeshed/src/commonMain/kotlin/borg/trikeshed/reactor/socks/SocksChannel.kt:17:28 Unresolved reference 'IO'.
e: file:///Users/jim/work/v2superbikeshed/Trikeshed/src/commonMain/kotlin/borg/trikeshed/reactor/socks/SocksChannel.kt:22:5 'close' overrides nothing. Potential signatures for overriding:
expect suspend fun close(): Unit
e: file:///Users/jim/work/v2superbikeshed/Trikeshed/src/commonMain/kotlin/borg/trikeshed/reactor/socks/SocksChannel.kt:22:14 Conflicting overloads:
fun close(): Unit
expect suspend fun close(): Unit
e: file:///Users/jim/work/v2superbikeshed/Trikeshed/src/commonMain/kotlin/borg/trikeshed/reactor/socks/SocksChannel.kt:26:5 'isOpen' overrides nothing.
e: file:///Users/jim/work/v2superbikeshed/Trikeshed/src/commonMain/kotlin/borg/trikeshed/reactor/socks/SocksChannel.kt:28:5 'register' overrides nothing.
e: file:///Users/jim/work/v2superbikeshed/Trikeshed/src/commonMain/kotlin/borg/trikeshed/reactor/socks/SocksChannel.kt:52:68 No value passed for parameter 'a'.
e: file:///Users/jim/work/v2superbikeshed/Trikeshed/src/commonMain/kotlin/borg/trikeshed/reactor/socks/SocksChannel.kt:52:68 No value passed for parameter 'b'.
e: file:///Users/jim/work/v2superbikeshed/Trikeshed/src/commonMain/kotlin/borg/trikeshed/reactor/socks/SocksFactory.kt:442:23 Cannot infer type for this parameter. Specify it explicitly.
e: file:///Users/jim/work/v2superbikeshed/Trikeshed/src/commonMain/kotlin/borg/trikeshed/reactor/socks/SocksFactory.kt:442:23 Unresolved reference. None of the following candidates is applicable because of a receiver type mismatch:
fun <T> Join<Int, Function1<Int, Join<Any?, TypeMemento>>>.get(column: Column<T>): T?
e: file:///Users/jim/work/v2superbikeshed/Trikeshed/src/commonMain/kotlin/borg/trikeshed/reactor/socks/SocksFactory.kt:443:23 Cannot infer type for this parameter. Specify it explicitly.
e: file:///Users/jim/work/v2superbikeshed/Trikeshed/src/commonMain/kotlin/borg/trikeshed/reactor/socks/SocksFactory.kt:443:23 Unresolved reference. None of the following candidates is applicable because of a receiver type mismatch:
fun <T> Join<Int, Function1<Int, Join<Any?, TypeMemento>>>.get(column: Column<T>): T?
e: file:///Users/jim/work/v2superbikeshed/Trikeshed/src/commonMain/kotlin/borg/trikeshed/reactor/socks/SocksFactory.kt:444:24 Cannot infer type for this parameter. Specify it explicitly.
e: file:///Users/jim/work/v2superbikeshed/Trikeshed/src/commonMain/kotlin/borg/trikeshed/reactor/socks/SocksFactory.kt:444:24 Unresolved reference. None of the following candidates is applicable because of a receiver type mismatch:
fun <T> Join<Int, Function1<Int, Join<Any?, TypeMemento>>>.get(column: Column<T>): T?
e: file:///Users/jim/work/v2superbikeshed/Trikeshed/src/commonMain/kotlin/borg/trikeshed/reactor/socks/SocksFactory.kt:445:27 Cannot infer type for this parameter. Specify it explicitly.
e: file:///Users/jim/work/v2superbikeshed/Trikeshed/src/commonMain/kotlin/borg/trikeshed/reactor/socks/SocksFactory.kt:445:27 Unresolved reference. None of the following candidates is applicable because of a receiver type mismatch:
fun <T> Join<Int, Function1<Int, Join<Any?, TypeMemento>>>.get(column: Column<T>): T?
e: file:///Users/jim/work/v2superbikeshed/Trikeshed/src/commonMain/kotlin/borg/trikeshed/reactor/socks/SocksFactory.kt:484:21 Cannot infer type for this parameter. Specify it explicitly.
e: file:///Users/jim/work/v2superbikeshed/Trikeshed/src/commonMain/kotlin/borg/trikeshed/reactor/socks/SocksFactory.kt:484:21 Unresolved reference. None of the following candidates is applicable because of a receiver type mismatch:
fun <T> Join<Int, Function1<Int, Join<Any?, TypeMemento>>>.get(column: Column<T>): T?
e: file:///Users/jim/work/v2superbikeshed/Trikeshed/src/commonMain/kotlin/borg/trikeshed/reactor/socks/SocksFactory.kt:484:34 Unresolved reference 'and'.
e: file:///Users/jim/work/v2superbikeshed/Trikeshed/src/commonMain/kotlin/borg/trikeshed/reactor/socks/SocksFactory.kt:484:46 Cannot infer type for this parameter. Specify it explicitly.
e: file:///Users/jim/work/v2superbikeshed/Trikeshed/src/commonMain/kotlin/borg/trikeshed/reactor/socks/SocksFactory.kt:484:46 Unresolved reference. None of the following candidates is applicable because of a receiver type mismatch:
fun <T> Join<Int, Function1<Int, Join<Any?, TypeMemento>>>.get(column: Column<T>): T?
e: file:///Users/jim/work/v2superbikeshed/Trikeshed/src/commonMain/kotlin/borg/trikeshed/reactor/socks/SocksFactory.kt:484:63 Unresolved reference 'and'.
e: file:///Users/jim/work/v2superbikeshed/Trikeshed/src/commonMain/kotlin/borg/trikeshed/reactor/socks/SocksFactory.kt:484:75 Cannot infer type for this parameter. Specify it explicitly.
e: file:///Users/jim/work/v2superbikeshed/Trikeshed/src/commonMain/kotlin/borg/trikeshed/reactor/socks/SocksFactory.kt:484:75 Unresolved reference. None of the following candidates is applicable because of a receiver type mismatch:
fun <T> Join<Int, Function1<Int, Join<Any?, TypeMemento>>>.get(column: Column<T>): T?
e: file:///Users/jim/work/v2superbikeshed/Trikeshed/src/commonMain/kotlin/borg/trikeshed/reactor/socks/SocksFactory.kt:484:92 Unresolved reference 'and'.
e: file:///Users/jim/work/v2superbikeshed/Trikeshed/src/commonMain/kotlin/borg/trikeshed/reactor/socks/SocksFactory.kt:484:104 Cannot infer type for this parameter. Specify it explicitly.
e: file:///Users/jim/work/v2superbikeshed/Trikeshed/src/commonMain/kotlin/borg/trikeshed/reactor/socks/SocksFactory.kt:484:104 Unresolved reference. None of the following candidates is applicable because of a receiver type mismatch:
fun <T> Join<Int, Function1<Int, Join<Any?, TypeMemento>>>.get(column: Column<T>): T?
e: file:///Users/jim/work/v2superbikeshed/Trikeshed/src/commonMain/kotlin/borg/trikeshed/reactor/socks/SocksFactory.kt:484:121 Unresolved reference 'and'.
e: file:///Users/jim/work/v2superbikeshed/Trikeshed/src/commonMain/kotlin/borg/trikeshed/reactor/socks/SocksFactory.kt:485:22 Cannot infer type for this parameter. Specify it explicitly.
e: file:///Users/jim/work/v2superbikeshed/Trikeshed/src/commonMain/kotlin/borg/trikeshed/reactor/socks/SocksFactory.kt:485:22 Unresolved reference. None of the following candidates is applicable because of a receiver type mismatch:
fun <T> Join<Int, Function1<Int, Join<Any?, TypeMemento>>>.get(column: Column<T>): T?
e: file:///Users/jim/work/v2superbikeshed/Trikeshed/src/commonMain/kotlin/borg/trikeshed/reactor/socks/SocksFactory.kt:485:68 Cannot infer type for this parameter. Specify it explicitly.
e: file:///Users/jim/work/v2superbikeshed/Trikeshed/src/commonMain/kotlin/borg/trikeshed/reactor/socks/SocksFactory.kt:485:68 Unresolved reference. None of the following candidates is applicable because of a receiver type mismatch:
fun <T> Join<Int, Function1<Int, Join<Any?, TypeMemento>>>.get(column: Column<T>): T?
e: file:///Users/jim/work/v2superbikeshed/Trikeshed/src/commonMain/kotlin/borg/trikeshed/reactor/socks/SocksFactory.kt:486:55 Argument type mismatch: actual type is 'UShort', but 'Int' was expected.
e: file:///Users/jim/work/v2superbikeshed/Trikeshed/src/commonMain/kotlin/borg/trikeshed/reactor/socks/SocksFactory.kt:490:28 Cannot infer type for this parameter. Specify it explicitly.
e: file:///Users/jim/work/v2superbikeshed/Trikeshed/src/commonMain/kotlin/borg/trikeshed/reactor/socks/SocksFactory.kt:490:28 Unresolved reference. None of the following candidates is applicable because of a receiver type mismatch:
fun <T> Join<Int, Function1<Int, Join<Any?, TypeMemento>>>.get(column: Column<T>): T?
e: file:///Users/jim/work/v2superbikeshed/Trikeshed/src/commonMain/kotlin/borg/trikeshed/reactor/socks/SocksFactory.kt:491:22 'expect fun String(chars: CharArray): String' is deprecated. Use CharArray.concatToString() instead.
e: file:///Users/jim/work/v2superbikeshed/Trikeshed/src/commonMain/kotlin/borg/trikeshed/reactor/socks/SocksFactory.kt:491:29 Argument type mismatch: actual type is 'ByteArray', but 'CharArray' was expected.
e: file:///Users/jim/work/v2superbikeshed/Trikeshed/src/commonMain/kotlin/borg/trikeshed/reactor/socks/SocksFactory.kt:491:60 Argument type mismatch: actual type is 'Byte?', but 'Byte' was expected.
e: file:///Users/jim/work/v2superbikeshed/Trikeshed/src/commonMain/kotlin/borg/trikeshed/reactor/socks/SocksFactory.kt:491:60 Unresolved reference. None of the following candidates is applicable because of a receiver type mismatch:
fun <T> Join<Int, Function1<Int, Join<Any?, TypeMemento>>>.get(column: Column<T>): T?
e: file:///Users/jim/work/v2superbikeshed/Trikeshed/src/commonMain/kotlin/borg/trikeshed/reactor/socks/SocksFactory.kt:492:22 Cannot infer type for this parameter. Specify it explicitly.
e: file:///Users/jim/work/v2superbikeshed/Trikeshed/src/commonMain/kotlin/borg/trikeshed/reactor/socks/SocksFactory.kt:492:22 Unresolved reference. None of the following candidates is applicable because of a receiver type mismatch:
fun <T> Join<Int, Function1<Int, Join<Any?, TypeMemento>>>.get(column: Column<T>): T?
e: file:///Users/jim/work/v2superbikeshed/Trikeshed/src/commonMain/kotlin/borg/trikeshed/reactor/socks/SocksFactory.kt:492:83 Cannot infer type for this parameter. Specify it explicitly.
e: file:///Users/jim/work/v2superbikeshed/Trikeshed/src/commonMain/kotlin/borg/trikeshed/reactor/socks/SocksFactory.kt:492:83 Unresolved reference. None of the following candidates is applicable because of a receiver type mismatch:
fun <T> Join<Int, Function1<Int, Join<Any?, TypeMemento>>>.get(column: Column<T>): T?
e: file:///Users/jim/work/v2superbikeshed/Trikeshed/src/commonMain/kotlin/borg/trikeshed/reactor/socks/SocksFactory.kt:493:59 Argument type mismatch: actual type is 'UShort', but 'Int' was expected.
e: file:///Users/jim/work/v2superbikeshed/Trikeshed/src/commonMain/kotlin/borg/trikeshed/reactor/socks/SocksFactory.kt:499:22 Cannot infer type for this parameter. Specify it explicitly.
e: file:///Users/jim/work/v2superbikeshed/Trikeshed/src/commonMain/kotlin/borg/trikeshed/reactor/socks/SocksFactory.kt:499:22 Unresolved reference. None of the following candidates is applicable because of a receiver type mismatch:
fun <T> Join<Int, Function1<Int, Join<Any?, TypeMemento>>>.get(column: Column<T>): T?
e: file:///Users/jim/work/v2superbikeshed/Trikeshed/src/commonMain/kotlin/borg/trikeshed/reactor/socks/SocksFactory.kt:499:69 Cannot infer type for this parameter. Specify it explicitly.
e: file:///Users/jim/work/v2superbikeshed/Trikeshed/src/commonMain/kotlin/borg/trikeshed/reactor/socks/SocksFactory.kt:499:69 Unresolved reference. None of the following candidates is applicable because of a receiver type mismatch:
fun <T> Join<Int, Function1<Int, Join<Any?, TypeMemento>>>.get(column: Column<T>): T?
e: file:///Users/jim/work/v2superbikeshed/Trikeshed/src/commonMain/kotlin/borg/trikeshed/reactor/socks/SocksFactory.kt:500:55 Argument type mismatch: actual type is 'UShort', but 'Int' was expected.
e: file:///Users/jim/work/v2superbikeshed/Trikeshed/src/commonMain/kotlin/borg/trikeshed/reactor/socks/SocksTransformEngine.kt:57:35 Cannot infer type for this parameter. Specify it explicitly.
e: file:///Users/jim/work/v2superbikeshed/Trikeshed/src/commonMain/kotlin/borg/trikeshed/reactor/socks/SocksTransformEngine.kt:57:35 Unresolved reference. None of the following candidates is applicable because of a receiver type mismatch:
fun <T> Join<Int, Function1<Int, Join<Any?, TypeMemento>>>.get(column: Column<T>): T?
e: file:///Users/jim/work/v2superbikeshed/Trikeshed/src/commonMain/kotlin/borg/trikeshed/reactor/socks/SocksTransformEngine.kt:58:65 Argument type mismatch: actual type is 'Join<Int, Function1<Int, Join<Any?, TypeMemento>>>', but 'Join<Int, Function1<Int, Byte>>' was expected.
e: file:///Users/jim/work/v2superbikeshed/Trikeshed/src/commonMain/kotlin/borg/trikeshed/reactor/socks/SocksTransformEngine.kt:58:65 Cannot infer type for this parameter. Specify it explicitly.
e: file:///Users/jim/work/v2superbikeshed/Trikeshed/src/commonMain/kotlin/borg/trikeshed/reactor/socks/SocksTransformEngine.kt:58:65 Unresolved reference. None of the following candidates is applicable because of a receiver type mismatch:
fun <T> Join<Int, Function1<Int, Join<Any?, TypeMemento>>>.get(column: Column<T>): T?
e: file:///Users/jim/work/v2superbikeshed/Trikeshed/src/commonMain/kotlin/borg/trikeshed/reactor/socks/SocksTransformEngine.kt:64:39 Cannot infer type for this parameter. Specify it explicitly.
e: file:///Users/jim/work/v2superbikeshed/Trikeshed/src/commonMain/kotlin/borg/trikeshed/reactor/socks/SocksTransformEngine.kt:64:39 Unresolved reference. None of the following candidates is applicable because of a receiver type mismatch:
fun <T> Join<Int, Function1<Int, Join<Any?, TypeMemento>>>.get(column: Column<T>): T?
e: file:///Users/jim/work/v2superbikeshed/Trikeshed/src/commonMain/kotlin/borg/trikeshed/reactor/socks/SocksTransformEngine.kt:65:81 Argument type mismatch: actual type is 'Join<Int, Function1<Int, Join<Any?, TypeMemento>>>', but 'Join<Int, Function1<Int, Byte>>' was expected.
e: file:///Users/jim/work/v2superbikeshed/Trikeshed/src/commonMain/kotlin/borg/trikeshed/reactor/socks/SocksTransformEngine.kt:65:81 Cannot infer type for this parameter. Specify it explicitly.
e: file:///Users/jim/work/v2superbikeshed/Trikeshed/src/commonMain/kotlin/borg/trikeshed/reactor/socks/SocksTransformEngine.kt:65:81 Unresolved reference. None of the following candidates is applicable because of a receiver type mismatch:
fun <T> Join<Int, Function1<Int, Join<Any?, TypeMemento>>>.get(column: Column<T>): T?
e: file:///Users/jim/work/v2superbikeshed/Trikeshed/src/commonMain/kotlin/borg/trikeshed/reactor/socks/SocksTransformEngine.kt:72:72 Argument type mismatch: actual type is 'Join<Int, Function1<Int, Join<Any?, TypeMemento>>>', but 'Join<Int, Function1<Int, Byte>>' was expected.
e: file:///Users/jim/work/v2superbikeshed/Trikeshed/src/commonMain/kotlin/borg/trikeshed/reactor/socks/SocksTransformEngine.kt:72:72 Cannot infer type for this parameter. Specify it explicitly.
e: file:///Users/jim/work/v2superbikeshed/Trikeshed/src/commonMain/kotlin/borg/trikeshed/reactor/socks/SocksTransformEngine.kt:72:72 Unresolved reference. None of the following candidates is applicable because of a receiver type mismatch:
fun <T> Join<Int, Function1<Int, Join<Any?, TypeMemento>>>.get(column: Column<T>): T?
e: file:///Users/jim/work/v2superbikeshed/Trikeshed/src/commonMain/kotlin/borg/trikeshed/reactor/socks/SocksTransformEngine.kt:79:73 Argument type mismatch: actual type is 'Join<Int, Function1<Int, Join<Any?, TypeMemento>>>', but 'Join<Int, Function1<Int, Byte>>' was expected.
e: file:///Users/jim/work/v2superbikeshed/Trikeshed/src/commonMain/kotlin/borg/trikeshed/reactor/socks/SocksTransformEngine.kt:79:73 Cannot infer type for this parameter. Specify it explicitly.
e: file:///Users/jim/work/v2superbikeshed/Trikeshed/src/commonMain/kotlin/borg/trikeshed/reactor/socks/SocksTransformEngine.kt:79:73 Unresolved reference. None of the following candidates is applicable because of a receiver type mismatch:
fun <T> Join<Int, Function1<Int, Join<Any?, TypeMemento>>>.get(column: Column<T>): T?
e: file:///Users/jim/work/v2superbikeshed/Trikeshed/src/commonMain/kotlin/borg/trikeshed/reactor/socks/SocksTransformEngine.kt:88:77 Argument type mismatch: actual type is 'Join<Int, Function1<Int, Join<Any?, TypeMemento>>>', but 'Join<Int, Function1<Int, Byte>>' was expected.
e: file:///Users/jim/work/v2superbikeshed/Trikeshed/src/commonMain/kotlin/borg/trikeshed/reactor/socks/SocksTransformEngine.kt:88:77 Cannot infer type for this parameter. Specify it explicitly.
e: file:///Users/jim/work/v2superbikeshed/Trikeshed/src/commonMain/kotlin/borg/trikeshed/reactor/socks/SocksTransformEngine.kt:88:77 Unresolved reference. None of the following candidates is applicable because of a receiver type mismatch:
fun <T> Join<Int, Function1<Int, Join<Any?, TypeMemento>>>.get(column: Column<T>): T?
e: file:///Users/jim/work/v2superbikeshed/Trikeshed/src/commonMain/kotlin/borg/trikeshed/reactor/socks/SocksTransformEngine.kt:92:68 Argument type mismatch: actual type is 'Join<Int, Function1<Int, Join<Any?, TypeMemento>>>', but 'Join<Int, Function1<Int, Byte>>' was expected.
e: file:///Users/jim/work/v2superbikeshed/Trikeshed/src/commonMain/kotlin/borg/trikeshed/reactor/socks/SocksTransformEngine.kt:92:68 Cannot infer type for this parameter. Specify it explicitly.
e: file:///Users/jim/work/v2superbikeshed/Trikeshed/src/commonMain/kotlin/borg/trikeshed/reactor/socks/SocksTransformEngine.kt:92:68 Unresolved reference. None of the following candidates is applicable because of a receiver type mismatch:
fun <T> Join<Int, Function1<Int, Join<Any?, TypeMemento>>>.get(column: Column<T>): T?
e: file:///Users/jim/work/v2superbikeshed/Trikeshed/src/commonMain/kotlin/borg/trikeshed/reactor/socks/SocksTransformEngine.kt:111:16 Cannot infer type for this parameter. Specify it explicitly.
e: file:///Users/jim/work/v2superbikeshed/Trikeshed/src/commonMain/kotlin/borg/trikeshed/reactor/socks/SocksTransformEngine.kt:111:16 Unresolved reference. None of the following candidates is applicable because of a receiver type mismatch:
fun <T> Join<Int, Function1<Int, Join<Any?, TypeMemento>>>.get(column: Column<T>): T?
e: file:///Users/jim/work/v2superbikeshed/Trikeshed/src/commonMain/kotlin/borg/trikeshed/reactor/socks/SocksTransformEngine.kt:112:16 Argument type mismatch: actual type is 'T? (of fun <T> Join<Int, Function1<Int, Join<Any?, TypeMemento>>>.get)', but 'Byte' was expected.
e: file:///Users/jim/work/v2superbikeshed/Trikeshed/src/commonMain/kotlin/borg/trikeshed/reactor/socks/SocksTransformEngine.kt:112:16 Cannot infer type for this parameter. Specify it explicitly.
e: file:///Users/jim/work/v2superbikeshed/Trikeshed/src/commonMain/kotlin/borg/trikeshed/reactor/socks/SocksTransformEngine.kt:112:16 Unresolved reference. None of the following candidates is applicable because of a receiver type mismatch:
fun <T> Join<Int, Function1<Int, Join<Any?, TypeMemento>>>.get(column: Column<T>): T?
e: file:///Users/jim/work/v2superbikeshed/Trikeshed/src/commonMain/kotlin/borg/trikeshed/reactor/socks/SocksTransformEngine.kt:120:16 Cannot infer type for this parameter. Specify it explicitly.
e: file:///Users/jim/work/v2superbikeshed/Trikeshed/src/commonMain/kotlin/borg/trikeshed/reactor/socks/SocksTransformEngine.kt:120:16 Unresolved reference. None of the following candidates is applicable because of a receiver type mismatch:
fun <T> Join<Int, Function1<Int, Join<Any?, TypeMemento>>>.get(column: Column<T>): T?
e: file:///Users/jim/work/v2superbikeshed/Trikeshed/src/commonMain/kotlin/borg/trikeshed/reactor/socks/SocksTransformEngine.kt:121:16 Argument type mismatch: actual type is 'T? (of fun <T> Join<Int, Function1<Int, Join<Any?, TypeMemento>>>.get)', but 'Int' was expected.
e: file:///Users/jim/work/v2superbikeshed/Trikeshed/src/commonMain/kotlin/borg/trikeshed/reactor/socks/SocksTransformEngine.kt:121:16 Cannot infer type for this parameter. Specify it explicitly.
e: file:///Users/jim/work/v2superbikeshed/Trikeshed/src/commonMain/kotlin/borg/trikeshed/reactor/socks/SocksTransformEngine.kt:121:16 Unresolved reference. None of the following candidates is applicable because of a receiver type mismatch:
fun <T> Join<Int, Function1<Int, Join<Any?, TypeMemento>>>.get(column: Column<T>): T?
e: file:///Users/jim/work/v2superbikeshed/Trikeshed/src/commonMain/kotlin/borg/trikeshed/reactor/socks/SocksTransformEngine.kt:130:27 Cannot infer type for this parameter. Specify it explicitly.
e: file:///Users/jim/work/v2superbikeshed/Trikeshed/src/commonMain/kotlin/borg/trikeshed/reactor/socks/SocksTransformEngine.kt:130:27 Unresolved reference. None of the following candidates is applicable because of a receiver type mismatch:
fun <T> Join<Int, Function1<Int, Join<Any?, TypeMemento>>>.get(column: Column<T>): T?
e: file:///Users/jim/work/v2superbikeshed/Trikeshed/src/commonMain/kotlin/borg/trikeshed/reactor/socks/SocksTransformEngine.kt:135:36 Cannot infer type for this parameter. Specify it explicitly.
e: file:///Users/jim/work/v2superbikeshed/Trikeshed/src/commonMain/kotlin/borg/trikeshed/reactor/socks/SocksTransformEngine.kt:135:36 Unresolved reference. None of the following candidates is applicable because of a receiver type mismatch:
fun <T> Join<Int, Function1<Int, Join<Any?, TypeMemento>>>.get(column: Column<T>): T?
e: file:///Users/jim/work/v2superbikeshed/Trikeshed/src/commonMain/kotlin/borg/trikeshed/reactor/socks/SocksTransformEngine.kt:149:27 Cannot infer type for this parameter. Specify it explicitly.
e: file:///Users/jim/work/v2superbikeshed/Trikeshed/src/commonMain/kotlin/borg/trikeshed/reactor/socks/SocksTransformEngine.kt:149:27 Unresolved reference. None of the following candidates is applicable because of a receiver type mismatch:
fun <T> Join<Int, Function1<Int, Join<Any?, TypeMemento>>>.get(column: Column<T>): T?
e: file:///Users/jim/work/v2superbikeshed/Trikeshed/src/commonMain/kotlin/borg/trikeshed/reactor/socks/SocksTransformEngine.kt:154:36 Cannot infer type for this parameter. Specify it explicitly.
e: file:///Users/jim/work/v2superbikeshed/Trikeshed/src/commonMain/kotlin/borg/trikeshed/reactor/socks/SocksTransformEngine.kt:154:36 Unresolved reference. None of the following candidates is applicable because of a receiver type mismatch:
fun <T> Join<Int, Function1<Int, Join<Any?, TypeMemento>>>.get(column: Column<T>): T?
e: file:///Users/jim/work/v2superbikeshed/Trikeshed/src/commonMain/kotlin/borg/trikeshed/reactor/socks/SocksTransformEngine.kt:168:17 Cannot infer type for this parameter. Specify it explicitly.
e: file:///Users/jim/work/v2superbikeshed/Trikeshed/src/commonMain/kotlin/borg/trikeshed/reactor/socks/SocksTransformEngine.kt:168:17 Unresolved reference. None of the following candidates is applicable because of a receiver type mismatch:
fun <T> Join<Int, Function1<Int, Join<Any?, TypeMemento>>>.get(column: Column<T>): T?
e: file:///Users/jim/work/v2superbikeshed/Trikeshed/src/commonMain/kotlin/borg/trikeshed/reactor/socks/SocksTransformEngine.kt:170:41 Argument type mismatch: actual type is 'T? (of fun <T> Join<Int, Function1<Int, Join<Any?, TypeMemento>>>.get)', but 'Int' was expected.
e: file:///Users/jim/work/v2superbikeshed/Trikeshed/src/commonMain/kotlin/borg/trikeshed/reactor/socks/SocksTransformEngine.kt:170:41 Cannot infer type for this parameter. Specify it explicitly.
e: file:///Users/jim/work/v2superbikeshed/Trikeshed/src/commonMain/kotlin/borg/trikeshed/reactor/socks/SocksTransformEngine.kt:170:41 Unresolved reference. None of the following candidates is applicable because of a receiver type mismatch:
fun <T> Join<Int, Function1<Int, Join<Any?, TypeMemento>>>.get(column: Column<T>): T?
e: file:///Users/jim/work/v2superbikeshed/Trikeshed/src/commonMain/kotlin/borg/trikeshed/reactor/socks/SocksTransformEngine.kt:190:23 Cannot infer type for this parameter. Specify it explicitly.
e: file:///Users/jim/work/v2superbikeshed/Trikeshed/src/commonMain/kotlin/borg/trikeshed/reactor/socks/SocksTransformEngine.kt:190:23 Unresolved reference. None of the following candidates is applicable because of a receiver type mismatch:
fun <T> Join<Int, Function1<Int, Join<Any?, TypeMemento>>>.get(column: Column<T>): T?
e: file:///Users/jim/work/v2superbikeshed/Trikeshed/src/commonMain/kotlin/borg/trikeshed/reactor/socks/SocksTransformEngine.kt:191:27 Cannot infer type for this parameter. Specify it explicitly.
e: file:///Users/jim/work/v2superbikeshed/Trikeshed/src/commonMain/kotlin/borg/trikeshed/reactor/socks/SocksTransformEngine.kt:191:27 Unresolved reference. None of the following candidates is applicable because of a receiver type mismatch:
fun <T> Join<Int, Function1<Int, Join<Any?, TypeMemento>>>.get(column: Column<T>): T?
e: file:///Users/jim/work/v2superbikeshed/Trikeshed/src/commonMain/kotlin/borg/trikeshed/reactor/socks/SocksTransformEngine.kt:195:35 Cannot infer type for this parameter. Specify it explicitly.
e: file:///Users/jim/work/v2superbikeshed/Trikeshed/src/commonMain/kotlin/borg/trikeshed/reactor/socks/SocksTransformEngine.kt:195:35 Not enough information to infer type argument for 'B'.
e: file:///Users/jim/work/v2superbikeshed/Trikeshed/src/commonMain/kotlin/borg/trikeshed/reactor/socks/SocksTransformEngine.kt:195:39 Cannot infer type for this parameter. Specify it explicitly.
e: file:///Users/jim/work/v2superbikeshed/Trikeshed/src/commonMain/kotlin/borg/trikeshed/reactor/socks/SocksTransformEngine.kt:195:44 Cannot infer type for this parameter. Specify it explicitly.
e: file:///Users/jim/work/v2superbikeshed/Trikeshed/src/commonMain/kotlin/borg/trikeshed/reactor/socks/SocksTransformEngine.kt:195:44 Unresolved reference. None of the following candidates is applicable because of a receiver type mismatch:
fun <T> Join<Int, Function1<Int, Join<Any?, TypeMemento>>>.get(column: Column<T>): T?
e: file:///Users/jim/work/v2superbikeshed/Trikeshed/src/commonMain/kotlin/borg/trikeshed/reactor/socks/SocksTransformEngine.kt:206:23 Cannot infer type for this parameter. Specify it explicitly.
e: file:///Users/jim/work/v2superbikeshed/Trikeshed/src/commonMain/kotlin/borg/trikeshed/reactor/socks/SocksTransformEngine.kt:206:23 Unresolved reference. None of the following candidates is applicable because of a receiver type mismatch:
fun <T> Join<Int, Function1<Int, Join<Any?, TypeMemento>>>.get(column: Column<T>): T?
e: file:///Users/jim/work/v2superbikeshed/Trikeshed/src/commonMain/kotlin/borg/trikeshed/reactor/socks/SocksTransformEngine.kt:207:23 Cannot infer type for this parameter. Specify it explicitly.
e: file:///Users/jim/work/v2superbikeshed/Trikeshed/src/commonMain/kotlin/borg/trikeshed/reactor/socks/SocksTransformEngine.kt:207:23 Unresolved reference. None of the following candidates is applicable because of a receiver type mismatch:
fun <T> Join<Int, Function1<Int, Join<Any?, TypeMemento>>>.get(column: Column<T>): T?
e: file:///Users/jim/work/v2superbikeshed/Trikeshed/src/commonMain/kotlin/borg/trikeshed/reactor/socks/SocksTransformEngine.kt:208:24 Cannot infer type for this parameter. Specify it explicitly.
e: file:///Users/jim/work/v2superbikeshed/Trikeshed/src/commonMain/kotlin/borg/trikeshed/reactor/socks/SocksTransformEngine.kt:208:24 Unresolved reference. None of the following candidates is applicable because of a receiver type mismatch:
fun <T> Join<Int, Function1<Int, Join<Any?, TypeMemento>>>.get(column: Column<T>): T?
e: file:///Users/jim/work/v2superbikeshed/Trikeshed/src/commonMain/kotlin/borg/trikeshed/reactor/socks/SocksTransformEngine.kt:209:27 Cannot infer type for this parameter. Specify it explicitly.
e: file:///Users/jim/work/v2superbikeshed/Trikeshed/src/commonMain/kotlin/borg/trikeshed/reactor/socks/SocksTransformEngine.kt:209:27 Unresolved reference. None of the following candidates is applicable because of a receiver type mismatch:
fun <T> Join<Int, Function1<Int, Join<Any?, TypeMemento>>>.get(column: Column<T>): T?
e: file:///Users/jim/work/v2superbikeshed/Trikeshed/src/commonMain/kotlin/borg/trikeshed/reactor/socks/SocksTransformEngine.kt:227:23 Cannot infer type for this parameter. Specify it explicitly.
e: file:///Users/jim/work/v2superbikeshed/Trikeshed/src/commonMain/kotlin/borg/trikeshed/reactor/socks/SocksTransformEngine.kt:227:23 Unresolved reference. None of the following candidates is applicable because of a receiver type mismatch:
fun <T> Join<Int, Function1<Int, Join<Any?, TypeMemento>>>.get(column: Column<T>): T?
e: file:///Users/jim/work/v2superbikeshed/Trikeshed/src/commonMain/kotlin/borg/trikeshed/reactor/socks/SocksTransformEngine.kt:228:25 Cannot infer type for this parameter. Specify it explicitly.
e: file:///Users/jim/work/v2superbikeshed/Trikeshed/src/commonMain/kotlin/borg/trikeshed/reactor/socks/SocksTransformEngine.kt:228:25 Unresolved reference. None of the following candidates is applicable because of a receiver type mismatch:
fun <T> Join<Int, Function1<Int, Join<Any?, TypeMemento>>>.get(column: Column<T>): T?
e: file:///Users/jim/work/v2superbikeshed/Trikeshed/src/commonMain/kotlin/borg/trikeshed/reactor/socks/SocksTransformEngine.kt:229:24 Cannot infer type for this parameter. Specify it explicitly.
e: file:///Users/jim/work/v2superbikeshed/Trikeshed/src/commonMain/kotlin/borg/trikeshed/reactor/socks/SocksTransformEngine.kt:229:24 Unresolved reference. None of the following candidates is applicable because of a receiver type mismatch:
fun <T> Join<Int, Function1<Int, Join<Any?, TypeMemento>>>.get(column: Column<T>): T?
e: file:///Users/jim/work/v2superbikeshed/Trikeshed/src/commonMain/kotlin/borg/trikeshed/reactor/socks/SocksTransformEngine.kt:230:27 Cannot infer type for this parameter. Specify it explicitly.
e: file:///Users/jim/work/v2superbikeshed/Trikeshed/src/commonMain/kotlin/borg/trikeshed/reactor/socks/SocksTransformEngine.kt:230:27 Unresolved reference. None of the following candidates is applicable because of a receiver type mismatch:
fun <T> Join<Int, Function1<Int, Join<Any?, TypeMemento>>>.get(column: Column<T>): T?
e: file:///Users/jim/work/v2superbikeshed/Trikeshed/src/commonMain/kotlin/borg/trikeshed/reactor/socks/SocksTransformEngine.kt:239:73 Argument type mismatch: actual type is 'SocksTargetHost', but 'SocksBindAddress' was expected.
e: file:///Users/jim/work/v2superbikeshed/Trikeshed/src/commonMain/kotlin/borg/trikeshed/reactor/socks/SocksTransformEngine.kt:239:86 Argument type mismatch: actual type is 'SocksTargetPort', but 'SocksBindPort' was expected.
e: file:///Users/jim/work/v2superbikeshed/Trikeshed/src/commonMain/kotlin/borg/trikeshed/reactor/socks/SocksTransformEngine.kt:243:21 Cannot infer type for this parameter. Specify it explicitly.
e: file:///Users/jim/work/v2superbikeshed/Trikeshed/src/commonMain/kotlin/borg/trikeshed/reactor/socks/SocksTransformEngine.kt:243:21 Unresolved reference. None of the following candidates is applicable because of a receiver type mismatch:
fun <T> Join<Int, Function1<Int, Join<Any?, TypeMemento>>>.get(column: Column<T>): T?
e: file:///Users/jim/work/v2superbikeshed/Trikeshed/src/commonMain/kotlin/borg/trikeshed/reactor/socks/SocksTransformEngine.kt:243:35 Unresolved reference 'and'.
e: file:///Users/jim/work/v2superbikeshed/Trikeshed/src/commonMain/kotlin/borg/trikeshed/reactor/socks/SocksTransformEngine.kt:243:47 Cannot infer type for this parameter. Specify it explicitly.
e: file:///Users/jim/work/v2superbikeshed/Trikeshed/src/commonMain/kotlin/borg/trikeshed/reactor/socks/SocksTransformEngine.kt:243:47 Unresolved reference. None of the following candidates is applicable because of a receiver type mismatch:
fun <T> Join<Int, Function1<Int, Join<Any?, TypeMemento>>>.get(column: Column<T>): T?
e: file:///Users/jim/work/v2superbikeshed/Trikeshed/src/commonMain/kotlin/borg/trikeshed/reactor/socks/SocksTransformEngine.kt:243:65 Unresolved reference 'and'.
e: file:///Users/jim/work/v2superbikeshed/Trikeshed/src/commonMain/kotlin/borg/trikeshed/reactor/socks/SocksTransformEngine.kt:243:77 Cannot infer type for this parameter. Specify it explicitly.
e: file:///Users/jim/work/v2superbikeshed/Trikeshed/src/commonMain/kotlin/borg/trikeshed/reactor/socks/SocksTransformEngine.kt:243:77 Unresolved reference. None of the following candidates is applicable because of a receiver type mismatch:
fun <T> Join<Int, Function1<Int, Join<Any?, TypeMemento>>>.get(column: Column<T>): T?
e: file:///Users/jim/work/v2superbikeshed/Trikeshed/src/commonMain/kotlin/borg/trikeshed/reactor/socks/SocksTransformEngine.kt:243:95 Unresolved reference 'and'.
e: file:///Users/jim/work/v2superbikeshed/Trikeshed/src/commonMain/kotlin/borg/trikeshed/reactor/socks/SocksTransformEngine.kt:243:107 Cannot infer type for this parameter. Specify it explicitly.
e: file:///Users/jim/work/v2superbikeshed/Trikeshed/src/commonMain/kotlin/borg/trikeshed/reactor/socks/SocksTransformEngine.kt:243:107 Unresolved reference. None of the following candidates is applicable because of a receiver type mismatch:
fun <T> Join<Int, Function1<Int, Join<Any?, TypeMemento>>>.get(column: Column<T>): T?
e: file:///Users/jim/work/v2superbikeshed/Trikeshed/src/commonMain/kotlin/borg/trikeshed/reactor/socks/SocksTransformEngine.kt:243:125 Unresolved reference 'and'.
e: file:///Users/jim/work/v2superbikeshed/Trikeshed/src/commonMain/kotlin/borg/trikeshed/reactor/socks/SocksTransformEngine.kt:244:22 Cannot infer type for this parameter. Specify it explicitly.
e: file:///Users/jim/work/v2superbikeshed/Trikeshed/src/commonMain/kotlin/borg/trikeshed/reactor/socks/SocksTransformEngine.kt:244:22 Unresolved reference. None of the following candidates is applicable because of a receiver type mismatch:
fun <T> Join<Int, Function1<Int, Join<Any?, TypeMemento>>>.get(column: Column<T>): T?
e: file:///Users/jim/work/v2superbikeshed/Trikeshed/src/commonMain/kotlin/borg/trikeshed/reactor/socks/SocksTransformEngine.kt:244:69 Cannot infer type for this parameter. Specify it explicitly.
e: file:///Users/jim/work/v2superbikeshed/Trikeshed/src/commonMain/kotlin/borg/trikeshed/reactor/socks/SocksTransformEngine.kt:244:69 Unresolved reference. None of the following candidates is applicable because of a receiver type mismatch:
fun <T> Join<Int, Function1<Int, Join<Any?, TypeMemento>>>.get(column: Column<T>): T?
e: file:///Users/jim/work/v2superbikeshed/Trikeshed/src/commonMain/kotlin/borg/trikeshed/reactor/socks/SocksTransformEngine.kt:245:55 Argument type mismatch: actual type is 'UShort', but 'Int' was expected.
e: file:///Users/jim/work/v2superbikeshed/Trikeshed/src/commonMain/kotlin/borg/trikeshed/reactor/socks/SocksTransformEngine.kt:249:28 Cannot infer type for this parameter. Specify it explicitly.
e: file:///Users/jim/work/v2superbikeshed/Trikeshed/src/commonMain/kotlin/borg/trikeshed/reactor/socks/SocksTransformEngine.kt:249:28 Unresolved reference. None of the following candidates is applicable because of a receiver type mismatch:
fun <T> Join<Int, Function1<Int, Join<Any?, TypeMemento>>>.get(column: Column<T>): T?
e: file:///Users/jim/work/v2superbikeshed/Trikeshed/src/commonMain/kotlin/borg/trikeshed/reactor/socks/SocksTransformEngine.kt:250:22 'expect fun String(chars: CharArray): String' is deprecated. Use CharArray.concatToString() instead.
e: file:///Users/jim/work/v2superbikeshed/Trikeshed/src/commonMain/kotlin/borg/trikeshed/reactor/socks/SocksTransformEngine.kt:250:29 Argument type mismatch: actual type is 'ByteArray', but 'CharArray' was expected.
e: file:///Users/jim/work/v2superbikeshed/Trikeshed/src/commonMain/kotlin/borg/trikeshed/reactor/socks/SocksTransformEngine.kt:250:60 Argument type mismatch: actual type is 'Byte?', but 'Byte' was expected.
e: file:///Users/jim/work/v2superbikeshed/Trikeshed/src/commonMain/kotlin/borg/trikeshed/reactor/socks/SocksTransformEngine.kt:250:60 Unresolved reference. None of the following candidates is applicable because of a receiver type mismatch:
fun <T> Join<Int, Function1<Int, Join<Any?, TypeMemento>>>.get(column: Column<T>): T?
e: file:///Users/jim/work/v2superbikeshed/Trikeshed/src/commonMain/kotlin/borg/trikeshed/reactor/socks/SocksTransformEngine.kt:251:22 Cannot infer type for this parameter. Specify it explicitly.
e: file:///Users/jim/work/v2superbikeshed/Trikeshed/src/commonMain/kotlin/borg/trikeshed/reactor/socks/SocksTransformEngine.kt:251:22 Unresolved reference. None of the following candidates is applicable because of a receiver type mismatch:
fun <T> Join<Int, Function1<Int, Join<Any?, TypeMemento>>>.get(column: Column<T>): T?
e: file:///Users/jim/work/v2superbikeshed/Trikeshed/src/commonMain/kotlin/borg/trikeshed/reactor/socks/SocksTransformEngine.kt:251:84 Cannot infer type for this parameter. Specify it explicitly.
e: file:///Users/jim/work/v2superbikeshed/Trikeshed/src/commonMain/kotlin/borg/trikeshed/reactor/socks/SocksTransformEngine.kt:251:84 Unresolved reference. None of the following candidates is applicable because of a receiver type mismatch:
fun <T> Join<Int, Function1<Int, Join<Any?, TypeMemento>>>.get(column: Column<T>): T?
e: file:///Users/jim/work/v2superbikeshed/Trikeshed/src/commonMain/kotlin/borg/trikeshed/reactor/socks/SocksTransformEngine.kt:252:59 Argument type mismatch: actual type is 'UShort', but 'Int' was expected.
e: file:///Users/jim/work/v2superbikeshed/Trikeshed/src/commonMain/kotlin/borg/trikeshed/reactor/socks/SocksTransformEngine.kt:258:22 Cannot infer type for this parameter. Specify it explicitly.
e: file:///Users/jim/work/v2superbikeshed/Trikeshed/src/commonMain/kotlin/borg/trikeshed/reactor/socks/SocksTransformEngine.kt:258:22 Unresolved reference. None of the following candidates is applicable because of a receiver type mismatch:
fun <T> Join<Int, Function1<Int, Join<Any?, TypeMemento>>>.get(column: Column<T>): T?
e: file:///Users/jim/work/v2superbikeshed/Trikeshed/src/commonMain/kotlin/borg/trikeshed/reactor/socks/SocksTransformEngine.kt:258:70 Cannot infer type for this parameter. Specify it explicitly.
e: file:///Users/jim/work/v2superbikeshed/Trikeshed/src/commonMain/kotlin/borg/trikeshed/reactor/socks/SocksTransformEngine.kt:258:70 Unresolved reference. None of the following candidates is applicable because of a receiver type mismatch:
fun <T> Join<Int, Function1<Int, Join<Any?, TypeMemento>>>.get(column: Column<T>): T?
e: file:///Users/jim/work/v2superbikeshed/Trikeshed/src/commonMain/kotlin/borg/trikeshed/reactor/socks/SocksTransformEngine.kt:259:55 Argument type mismatch: actual type is 'UShort', but 'Int' was expected.
e: file:///Users/jim/work/v2superbikeshed/Trikeshed/src/commonMain/kotlin/borg/trikeshed/reactor/socks/SocksTransformEngine.kt:291:28 Cannot infer type for this parameter. Specify it explicitly.
e: file:///Users/jim/work/v2superbikeshed/Trikeshed/src/commonMain/kotlin/borg/trikeshed/reactor/socks/SocksTransformEngine.kt:291:28 Unresolved reference. None of the following candidates is applicable because of a receiver type mismatch:
fun <T> Join<Int, Function1<Int, Join<Any?, TypeMemento>>>.get(column: Column<T>): T?
e: file:///Users/jim/work/v2superbikeshed/Trikeshed/src/commonMain/kotlin/borg/trikeshed/reactor/socks/SocksTransformEngine.kt:294:26 Unresolved reference 'bytes'.
e: file:///Users/jim/work/v2superbikeshed/Trikeshed/src/commonMain/kotlin/borg/trikeshed/reactor/socks/SocksTransformEngine.kt:294:41 Cannot infer type for this parameter. Specify it explicitly.
e: file:///Users/jim/work/v2superbikeshed/Trikeshed/src/commonMain/kotlin/borg/trikeshed/reactor/socks/SocksTransformEngine.kt:294:50 Unresolved reference 'bytes'.
e: file:///Users/jim/work/v2superbikeshed/Trikeshed/src/commonMain/kotlin/borg/trikeshed/reactor/socks/SocksTransformEngine.kt:296:34 Unresolved reference 'bytes'.
e: file:///Users/jim/work/v2superbikeshed/Trikeshed/src/commonMain/kotlin/borg/trikeshed/reactor/socks/SocksTransformEngine.kt:296:58 Unresolved reference 'bytes'.
e: file:///Users/jim/work/v2superbikeshed/Trikeshed/src/commonMain/kotlin/borg/trikeshed/reactor/socks/SocksTransformEngine.kt:300:34 Unresolved reference 'bytes'.
e: file:///Users/jim/work/v2superbikeshed/Trikeshed/src/commonMain/kotlin/borg/trikeshed/reactor/socks/SocksTransformEngine.kt:300:58 Unresolved reference 'bytes'.
e: file:///Users/jim/work/v2superbikeshed/Trikeshed/src/commonMain/kotlin/borg/trikeshed/reactor/socks/SocksTransformEngine.kt:346:34 Cannot infer type for this parameter. Specify it explicitly.
e: file:///Users/jim/work/v2superbikeshed/Trikeshed/src/commonMain/kotlin/borg/trikeshed/reactor/socks/SocksTransformEngine.kt:346:34 Unresolved reference. None of the following candidates is applicable because of a receiver type mismatch:
fun <T> Join<Int, Function1<Int, Join<Any?, TypeMemento>>>.get(column: Column<T>): T?
e: file:///Users/jim/work/v2superbikeshed/Trikeshed/src/commonMain/kotlin/borg/trikeshed/reactor/socks/SocksTransformEngine.kt:352:34 Argument type mismatch: actual type is 'T? (of fun <T> Join<Int, Function1<Int, Join<Any?, TypeMemento>>>.get)', but 'Byte' was expected.
e: file:///Users/jim/work/v2superbikeshed/Trikeshed/src/commonMain/kotlin/borg/trikeshed/reactor/socks/SocksTransformEngine.kt:352:34 Cannot infer type for this parameter. Specify it explicitly.
e: file:///Users/jim/work/v2superbikeshed/Trikeshed/src/commonMain/kotlin/borg/trikeshed/reactor/socks/SocksTransformEngine.kt:352:34 Unresolved reference. None of the following candidates is applicable because of a receiver type mismatch:
fun <T> Join<Int, Function1<Int, Join<Any?, TypeMemento>>>.get(column: Column<T>): T?
e: file:///Users/jim/work/v2superbikeshed/Trikeshed/src/commonMain/kotlin/borg/trikeshed/reactor/socks/SocksTransformEngine.kt:353:66 Argument type mismatch: actual type is 'T? (of fun <T> Join<Int, Function1<Int, Join<Any?, TypeMemento>>>.get)', but 'Byte' was expected.
e: file:///Users/jim/work/v2superbikeshed/Trikeshed/src/commonMain/kotlin/borg/trikeshed/reactor/socks/SocksTransformEngine.kt:353:66 Cannot infer type for this parameter. Specify it explicitly.
e: file:///Users/jim/work/v2superbikeshed/Trikeshed/src/commonMain/kotlin/borg/trikeshed/reactor/socks/SocksTransformEngine.kt:353:66 Unresolved reference. None of the following candidates is applicable because of a receiver type mismatch:
fun <T> Join<Int, Function1<Int, Join<Any?, TypeMemento>>>.get(column: Column<T>): T?
e: file:///Users/jim/work/v2superbikeshed/Trikeshed/src/commonMain/kotlin/borg/trikeshed/reactor/socks/SocksTransformEngine.kt:353:88 Argument type mismatch: actual type is 'Int', but 'Int' was expected.
e: file:///Users/jim/work/v2superbikeshed/Trikeshed/src/commonMain/kotlin/borg/trikeshed/reactor/socks/SocksTransformEngine.kt:354:39 Cannot infer type for this parameter. Specify it explicitly.
e: file:///Users/jim/work/v2superbikeshed/Trikeshed/src/commonMain/kotlin/borg/trikeshed/reactor/socks/SocksTransformEngine.kt:354:39 Unresolved reference. None of the following candidates is applicable because of a receiver type mismatch:
fun <T> Join<Int, Function1<Int, Join<Any?, TypeMemento>>>.get(column: Column<T>): T?
e: file:///Users/jim/work/v2superbikeshed/Trikeshed/src/commonMain/kotlin/borg/trikeshed/reactor/socks/SocksTransformEngine.kt:356:59 Cannot infer type for this parameter. Specify it explicitly.
e: file:///Users/jim/work/v2superbikeshed/Trikeshed/src/commonMain/kotlin/borg/trikeshed/reactor/socks/SocksTransformEngine.kt:356:59 Unresolved reference. None of the following candidates is applicable because of a receiver type mismatch:
fun <T> Join<Int, Function1<Int, Join<Any?, TypeMemento>>>.get(column: Column<T>): T?
e: file:///Users/jim/work/v2superbikeshed/Trikeshed/src/commonMain/kotlin/borg/trikeshed/reactor/socks/SocksTransformEngine.kt:405:17 Cannot infer type for this parameter. Specify it explicitly.
e: file:///Users/jim/work/v2superbikeshed/Trikeshed/src/commonMain/kotlin/borg/trikeshed/reactor/socks/SocksTransformEngine.kt:405:17 Unresolved reference. None of the following candidates is applicable because of a receiver type mismatch:
fun <T> Join<Int, Function1<Int, Join<Any?, TypeMemento>>>.get(column: Column<T>): T?
e: file:///Users/jim/work/v2superbikeshed/Trikeshed/src/commonMain/kotlin/borg/trikeshed/reactor/socks/SocksTransformEngine.kt:410:34 Argument type mismatch: actual type is 'T? (of fun <T> Join<Int, Function1<Int, Join<Any?, TypeMemento>>>.get)', but 'Byte' was expected.
e: file:///Users/jim/work/v2superbikeshed/Trikeshed/src/commonMain/kotlin/borg/trikeshed/reactor/socks/SocksTransformEngine.kt:410:34 Cannot infer type for this parameter. Specify it explicitly.
e: file:///Users/jim/work/v2superbikeshed/Trikeshed/src/commonMain/kotlin/borg/trikeshed/reactor/socks/SocksTransformEngine.kt:410:34 Unresolved reference. None of the following candidates is applicable because of a receiver type mismatch:
fun <T> Join<Int, Function1<Int, Join<Any?, TypeMemento>>>.get(column: Column<T>): T?
e: file:///Users/jim/work/v2superbikeshed/Trikeshed/src/commonMain/kotlin/borg/trikeshed/reactor/socks/SocksTransformEngine.kt:411:39 Cannot infer type for this parameter. Specify it explicitly.
e: file:///Users/jim/work/v2superbikeshed/Trikeshed/src/commonMain/kotlin/borg/trikeshed/reactor/socks/SocksTransformEngine.kt:411:39 Unresolved reference. None of the following candidates is applicable because of a receiver type mismatch:
fun <T> Join<Int, Function1<Int, Join<Any?, TypeMemento>>>.get(column: Column<T>): T?
e: file:///Users/jim/work/v2superbikeshed/Trikeshed/src/commonMain/kotlin/borg/trikeshed/reactor/socks/SocksTransformEngine.kt:413:59 Cannot infer type for this parameter. Specify it explicitly.
e: file:///Users/jim/work/v2superbikeshed/Trikeshed/src/commonMain/kotlin/borg/trikeshed/reactor/socks/SocksTransformEngine.kt:413:59 Unresolved reference. None of the following candidates is applicable because of a receiver type mismatch:
fun <T> Join<Int, Function1<Int, Join<Any?, TypeMemento>>>.get(column: Column<T>): T?
e: file:///Users/jim/work/v2superbikeshed/Trikeshed/src/commonMain/kotlin/borg/trikeshed/reactor/socks/SocksTransformEngine.kt:440:17 Cannot infer type for this parameter. Specify it explicitly.
e: file:///Users/jim/work/v2superbikeshed/Trikeshed/src/commonMain/kotlin/borg/trikeshed/reactor/socks/SocksTransformEngine.kt:440:17 Unresolved reference. None of the following candidates is applicable because of a receiver type mismatch:
fun <T> Join<Int, Function1<Int, Join<Any?, TypeMemento>>>.get(column: Column<T>): T?
e: file:///Users/jim/work/v2superbikeshed/Trikeshed/src/commonMain/kotlin/borg/trikeshed/reactor/socks/SocksTransformEngine.kt:443:34 Argument type mismatch: actual type is 'T? (of fun <T> Join<Int, Function1<Int, Join<Any?, TypeMemento>>>.get)', but 'Byte' was expected.
e: file:///Users/jim/work/v2superbikeshed/Trikeshed/src/commonMain/kotlin/borg/trikeshed/reactor/socks/SocksTransformEngine.kt:443:34 Cannot infer type for this parameter. Specify it explicitly.
e: file:///Users/jim/work/v2superbikeshed/Trikeshed/src/commonMain/kotlin/borg/trikeshed/reactor/socks/SocksTransformEngine.kt:443:34 Unresolved reference. None of the following candidates is applicable because of a receiver type mismatch:
fun <T> Join<Int, Function1<Int, Join<Any?, TypeMemento>>>.get(column: Column<T>): T?
e: file:///Users/jim/work/v2superbikeshed/Trikeshed/src/commonMain/kotlin/borg/trikeshed/reactor/socks/SocksTransformEngine.kt:444:39 Cannot infer type for this parameter. Specify it explicitly.
e: file:///Users/jim/work/v2superbikeshed/Trikeshed/src/commonMain/kotlin/borg/trikeshed/reactor/socks/SocksTransformEngine.kt:444:39 Unresolved reference. None of the following candidates is applicable because of a receiver type mismatch:
fun <T> Join<Int, Function1<Int, Join<Any?, TypeMemento>>>.get(column: Column<T>): T?
e: file:///Users/jim/work/v2superbikeshed/Trikeshed/src/commonMain/kotlin/borg/trikeshed/reactor/socks/SocksTransformEngine.kt:446:59 Cannot infer type for this parameter. Specify it explicitly.
e: file:///Users/jim/work/v2superbikeshed/Trikeshed/src/commonMain/kotlin/borg/trikeshed/reactor/socks/SocksTransformEngine.kt:446:59 Unresolved reference. None of the following candidates is applicable because of a receiver type mismatch:
fun <T> Join<Int, Function1<Int, Join<Any?, TypeMemento>>>.get(column: Column<T>): T?
e: file:///Users/jim/work/v2superbikeshed/Trikeshed/src/commonMain/kotlin/borg/trikeshed/services/CouchRequestFactoryService.kt:13:1 Class 'CouchRequestFactoryService' is not abstract and does not implement abstract member:
suspend fun invokeService(serviceName: String, data: Join<Int, Function1<Int, Byte>>): Join<Int, Function1<Int, Byte>>
e: file:///Users/jim/work/v2superbikeshed/Trikeshed/src/commonMain/kotlin/borg/trikeshed/services/CouchRequestFactoryService.kt:69:5 'invokeService' overrides nothing. Potential signatures for overriding:
suspend fun invokeService(serviceName: String, data: Join<Int, Function1<Int, Byte>>): Join<Int, Function1<Int, Byte>>
e: file:///Users/jim/work/v2superbikeshed/Trikeshed/src/commonMain/kotlin/borg/trikeshed/services/DealService.kt:8:11 Redeclaration:
interface DealService : CoroutineContext.Element
e: file:///Users/jim/work/v2superbikeshed/Trikeshed/src/commonMain/kotlin/borg/trikeshed/services/RequestFactoryBroker.kt:148:33 Cannot infer type for this parameter. Specify it explicitly.
e: file:///Users/jim/work/v2superbikeshed/Trikeshed/src/commonMain/kotlin/borg/trikeshed/services/RequestFactoryBroker.kt:148:33 Unresolved reference. None of the following candidates is applicable because of a receiver type mismatch:
val <T> Join<Int, Function1<Int, T>>.play: IterableIndexed<T>
e: file:///Users/jim/work/v2superbikeshed/Trikeshed/src/commonMain/kotlin/borg/trikeshed/services/RequestFactoryBroker.kt:148:52 Overload resolution ambiguity between candidates:
fun ByteArray.toIndexed(): Join<Int, Function1<Int, Byte>>
fun <T> Any.toIndexed(): Join<Int, Function1<Int, T>>
fun ByteArray.toIndexed(): Join<Int, Function1<Int, Byte>>
e: file:///Users/jim/work/v2superbikeshed/Trikeshed/src/commonMain/kotlin/borg/trikeshed/services/RequestFactoryBroker.kt:153:37 Unresolved reference 'parse'.
e: file:///Users/jim/work/v2superbikeshed/Trikeshed/src/commonMain/kotlin/borg/trikeshed/services/RequestFactoryBroker.kt:190:36 Unresolved reference 'parse'.
e: file:///Users/jim/work/v2superbikeshed/Trikeshed/src/commonMain/kotlin/borg/trikeshed/services/RequestFactoryBroker.kt:204:29 Unresolved reference 'stringify'.
e: file:///Users/jim/work/v2superbikeshed/Trikeshed/src/commonMain/kotlin/borg/trikeshed/services/RequestFactoryBroker.kt:204:65 Overload resolution ambiguity between candidates:
fun ByteArray.toIndexed(): Join<Int, Function1<Int, Byte>>
fun <T> Any.toIndexed(): Join<Int, Function1<Int, T>>
fun ByteArray.toIndexed(): Join<Int, Function1<Int, Byte>>
e: file:///Users/jim/work/v2superbikeshed/Trikeshed/src/commonMain/kotlin/borg/trikeshed/services/RequestFactoryBroker.kt:218:45 Suspend function 'suspend fun invokeService(serviceName: String, data: ByteArray): ByteArray' can only be called from a coroutine or another suspend function.
e: file:///Users/jim/work/v2superbikeshed/Trikeshed/src/commonMain/kotlin/borg/trikeshed/services/RequestFactoryBroker.kt:219:21 Argument type mismatch: actual type is 'Any', but 'String' was expected.
e: file:///Users/jim/work/v2superbikeshed/Trikeshed/src/commonMain/kotlin/borg/trikeshed/services/RequestFactoryBroker.kt:220:21 Argument type mismatch: actual type is 'String', but 'ByteArray' was expected.
e: file:///Users/jim/work/v2superbikeshed/Trikeshed/src/commonMain/kotlin/borg/trikeshed/services/RequestFactoryBroker.kt:221:21 Too many arguments for 'suspend fun invokeService(serviceName: String, data: ByteArray): ByteArray'.
e: file:///Users/jim/work/v2superbikeshed/Trikeshed/src/commonMain/kotlin/borg/trikeshed/services/RequestFactoryService.kt:36:11 Redeclaration:
interface DealService : Any
e: file:///Users/jim/work/v2superbikeshed/Trikeshed/src/commonMain/kotlin/borg/trikeshed/services/RequestFactoryService.kt:37:67 Type argument is not within its bounds: must be subtype of 'CoroutineContext.Element'.
e: file:///Users/jim/work/v2superbikeshed/Trikeshed/src/commonMain/kotlin/borg/trikeshed/services/RequestFactoryService.kt:62:74 Cannot infer type for this parameter. Specify it explicitly.
e: file:///Users/jim/work/v2superbikeshed/Trikeshed/src/commonMain/kotlin/borg/trikeshed/services/RequestFactoryService.kt:62:74 Not enough information to infer type argument for 'T'.
e: file:///Users/jim/work/v2superbikeshed/Trikeshed/src/commonMain/kotlin/borg/trikeshed/services/RequestFactoryService.kt:62:74 Unresolved reference. None of the following candidates is applicable because of a receiver type mismatch:
fun <T> Join<Shape, Function1<Shape, T>>.invoke(index: Int): T
e: file:///Users/jim/work/v2superbikeshed/Trikeshed/src/commonMain/kotlin/borg/trikeshed/services/RequestFactoryService.kt:65:99 Cannot infer type for this parameter. Specify it explicitly.
e: file:///Users/jim/work/v2superbikeshed/Trikeshed/src/commonMain/kotlin/borg/trikeshed/services/RequestFactoryService.kt:65:99 Not enough information to infer type argument for 'T'.
e: file:///Users/jim/work/v2superbikeshed/Trikeshed/src/commonMain/kotlin/borg/trikeshed/services/RequestFactoryService.kt:65:99 Unresolved reference. None of the following candidates is applicable because of a receiver type mismatch:
fun <T> Join<Shape, Function1<Shape, T>>.invoke(index: Int): T
e: file:///Users/jim/work/v2superbikeshed/Trikeshed/src/commonMain/kotlin/borg/trikeshed/services/RequestFactoryServiceImpl.kt:51:63 Cannot infer type for this parameter. Specify it explicitly.
e: file:///Users/jim/work/v2superbikeshed/Trikeshed/src/commonMain/kotlin/borg/trikeshed/services/RequestFactoryServiceImpl.kt:52:50 Argument type mismatch: actual type is 'T? (of fun <T> Join<Int, Function1<Int, Join<Any?, TypeMemento>>>.get)', but 'K (of fun <K> WHEN_CALL)' was expected.
e: file:///Users/jim/work/v2superbikeshed/Trikeshed/src/commonMain/kotlin/borg/trikeshed/services/RequestFactoryServiceImpl.kt:52:50 Argument type mismatch: actual type is 'Join<Int, Function1<Int, Join<Any?, TypeMemento>>>', but 'Join<Int, Function1<Int, Join<String, CoroutineContext.Element>>>' was expected.
e: file:///Users/jim/work/v2superbikeshed/Trikeshed/src/commonMain/kotlin/borg/trikeshed/services/RequestFactoryServiceImpl.kt:52:50 Cannot infer type for this parameter. Specify it explicitly.
e: file:///Users/jim/work/v2superbikeshed/Trikeshed/src/commonMain/kotlin/borg/trikeshed/services/RequestFactoryServiceImpl.kt:52:50 Unresolved reference. None of the following candidates is applicable because of a receiver type mismatch:
fun <T> Join<Int, Function1<Int, Join<Any?, TypeMemento>>>.get(column: Column<T>): T?
e: file:///Users/jim/work/v2superbikeshed/Trikeshed/src/commonMain/kotlin/borg/trikeshed/services/RequestFactoryServiceImpl.kt:52:77 Argument type mismatch: actual type is 'Join<String, CoroutineContext.Element>', but 'K (of fun <K> WHEN_CALL)' was expected.
e: file:///Users/jim/work/v2superbikeshed/Trikeshed/src/commonMain/kotlin/borg/trikeshed/services/RequestFactoryServiceImpl.kt:65:41 Cannot infer type for this parameter. Specify it explicitly.
e: file:///Users/jim/work/v2superbikeshed/Trikeshed/src/commonMain/kotlin/borg/trikeshed/services/RequestFactoryServiceImpl.kt:65:41 Not enough information to infer type argument for 'T'.
e: file:///Users/jim/work/v2superbikeshed/Trikeshed/src/commonMain/kotlin/borg/trikeshed/services/RequestFactoryServiceImpl.kt:65:41 Unresolved reference. None of the following candidates is applicable because of a receiver type mismatch:
fun <T> Join<Shape, Function1<Shape, T>>.invoke(index: Int): T
e: file:///Users/jim/work/v2superbikeshed/Trikeshed/src/commonMain/kotlin/borg/trikeshed/services/RequestFactoryServiceImpl.kt:93:39 Unresolved reference 'process'.
e: file:///Users/jim/work/v2superbikeshed/Trikeshed/src/commonMain/kotlin/borg/trikeshed/services/RequestFactoryServiceImpl.kt:122:10 Class 'ReactorDealService' is not abstract and does not implement abstract members:
suspend fun findDeal(id: String): DealProxy?
suspend fun findDealsByProduct(query: String): Join<Int, Function1<Int, DealProxy>>
suspend fun persistDeal(deal: DealProxy): CouchTxProxy
suspend fun getVendors(): Join<Int, Function1<Int, VendorProxy>>
e: file:///Users/jim/work/v2superbikeshed/Trikeshed/src/commonMain/kotlin/borg/trikeshed/services/RequestFactoryServiceImpl.kt:126:5 'key' overrides nothing.
e: file:///Users/jim/work/v2superbikeshed/Trikeshed/src/commonMain/kotlin/borg/trikeshed/services/RequestFactoryServiceImpl.kt:127:29 Unresolved reference 'Key'.
e: file:///Users/jim/work/v2superbikeshed/Trikeshed/src/commonMain/kotlin/borg/trikeshed/services/RequestFactoryServiceImpl.kt:129:5 'process' overrides nothing.
e: file:///Users/jim/work/v2superbikeshed/Trikeshed/src/commonMain/kotlin/borg/trikeshed/services/RequestFactoryServiceImpl.kt:147:5 'getDealInfo' overrides nothing.
e: file:///Users/jim/work/v2superbikeshed/Trikeshed/src/commonMain/kotlin/borg/trikeshed/services/RequestFactoryServiceImpl.kt:151:5 'createDeal' overrides nothing.
e: file:///Users/jim/work/v2superbikeshed/Trikeshed/src/commonMain/kotlin/borg/trikeshed/strace/StraceExample.kt:14:22 Interface 'interface StraceAttention : Any' does not have constructors.
e: file:///Users/jim/work/v2superbikeshed/Trikeshed/src/commonMain/kotlin/borg/trikeshed/strace/StraceExample.kt:17:16 Unresolved reference 'monitorWithAttention'.
e: file:///Users/jim/work/v2superbikeshed/Trikeshed/src/commonMain/kotlin/borg/trikeshed/strace/StraceExample.kt:26:21 Cannot infer type for this parameter. Specify it explicitly.
e: file:///Users/jim/work/v2superbikeshed/Trikeshed/src/commonMain/kotlin/borg/trikeshed/strace/StraceExample.kt:28:30 Unresolved reference 'summary'.
e: file:///Users/jim/work/v2superbikeshed/Trikeshed/src/commonMain/kotlin/borg/trikeshed/strace/StraceExample.kt:31:22 Unresolved reference 'attentionWeights'.
e: file:///Users/jim/work/v2superbikeshed/Trikeshed/src/commonMain/kotlin/borg/trikeshed/strace/StraceExample.kt:31:39 Cannot infer type for this parameter. Specify it explicitly.
e: file:///Users/jim/work/v2superbikeshed/Trikeshed/src/commonMain/kotlin/borg/trikeshed/strace/StraceExample.kt:31:47 Cannot infer type for this parameter. Specify it explicitly.
e: file:///Users/jim/work/v2superbikeshed/Trikeshed/src/commonMain/kotlin/borg/trikeshed/strace/StraceExample.kt:31:47 'fun <T> Flow<T>.forEach(action: suspend (@ParameterName(...) T) -> Unit): Unit' is deprecated. Flow analogue of 'forEach' is 'collect'.
e: file:///Users/jim/work/v2superbikeshed/Trikeshed/src/commonMain/kotlin/borg/trikeshed/strace/StraceExample.kt:31:47 Not enough information to infer type argument for 'T'.
e: file:///Users/jim/work/v2superbikeshed/Trikeshed/src/commonMain/kotlin/borg/trikeshed/strace/StraceExample.kt:31:57 Cannot infer type for this parameter. Specify it explicitly.
e: file:///Users/jim/work/v2superbikeshed/Trikeshed/src/commonMain/kotlin/borg/trikeshed/strace/StraceExample.kt:32:37 Unresolved reference 'syscall'.
e: file:///Users/jim/work/v2superbikeshed/Trikeshed/src/commonMain/kotlin/borg/trikeshed/strace/StraceExample.kt:32:56 Unresolved reference 'weight'.
e: file:///Users/jim/work/v2superbikeshed/Trikeshed/src/commonMain/kotlin/borg/trikeshed/strace/StraceExample.kt:32:74 Unresolved reference 'reason'.
e: file:///Users/jim/work/v2superbikeshed/Trikeshed/src/commonMain/kotlin/borg/trikeshed/strace/StraceExample.kt:36:22 Unresolved reference 'dataPatterns'.
e: file:///Users/jim/work/v2superbikeshed/Trikeshed/src/commonMain/kotlin/borg/trikeshed/strace/StraceExample.kt:36:45 Cannot infer type for this parameter. Specify it explicitly.
e: file:///Users/jim/work/v2superbikeshed/Trikeshed/src/commonMain/kotlin/borg/trikeshed/strace/StraceExample.kt:37:38 Unresolved reference 'pattern'.
e: file:///Users/jim/work/v2superbikeshed/Trikeshed/src/commonMain/kotlin/borg/trikeshed/strace/StraceExample.kt:37:58 Unresolved reference 'dataSize'.
e: file:///Users/jim/work/v2superbikeshed/Trikeshed/src/commonMain/kotlin/borg/trikeshed/strace/StraceExample.kt:37:97 Unresolved reference 'confidence'.
e: file:///Users/jim/work/v2superbikeshed/Trikeshed/src/commonMain/kotlin/borg/trikeshed/strace/StraceExample.kt:41:30 Unresolved reference 'llmPrompt'.
e: file:///Users/jim/work/v2superbikeshed/Trikeshed/src/commonMain/kotlin/borg/trikeshed/strace/StraceExample.kt:49:22 Interface 'interface StraceAttention : Any' does not have constructors.
e: file:///Users/jim/work/v2superbikeshed/Trikeshed/src/commonMain/kotlin/borg/trikeshed/strace/StraceExample.kt:52:16 Unresolved reference 'execWithStrace'.
e: file:///Users/jim/work/v2superbikeshed/Trikeshed/src/commonMain/kotlin/borg/trikeshed/strace/StraceExample.kt:60:21 Cannot infer type for this parameter. Specify it explicitly.
e: file:///Users/jim/work/v2superbikeshed/Trikeshed/src/commonMain/kotlin/borg/trikeshed/strace/StraceExample.kt:61:62 Unresolved reference 'syscall'.
e: file:///Users/jim/work/v2superbikeshed/Trikeshed/src/commonMain/kotlin/borg/trikeshed/strace/StraceExample.kt:64:31 Unresolved reference 'timestamp'.
e: file:///Users/jim/work/v2superbikeshed/Trikeshed/src/commonMain/kotlin/borg/trikeshed/strace/StraceExample.kt:64:51 Unresolved reference 'pid'.
e: file:///Users/jim/work/v2superbikeshed/Trikeshed/src/commonMain/kotlin/borg/trikeshed/strace/StraceExample.kt:64:64 Unresolved reference 'syscall'.
e: file:///Users/jim/work/v2superbikeshed/Trikeshed/src/commonMain/kotlin/borg/trikeshed/strace/StraceExample.kt:64:83 Unresolved reference 'result'.
e: file:///Users/jim/work/v2superbikeshed/Trikeshed/src/commonMain/kotlin/borg/trikeshed/strace/StraceExample.kt:68:23 Unresolved reference 'error'.
e: file:///Users/jim/work/v2superbikeshed/Trikeshed/src/commonMain/kotlin/borg/trikeshed/strace/StraceExample.kt:69:57 Unresolved reference 'result'.
e: file:///Users/jim/work/v2superbikeshed/Trikeshed/src/commonMain/kotlin/borg/trikeshed/strace/StraceExample.kt:80:22 Interface 'interface StraceAttention : Any' does not have constructors.
e: file:///Users/jim/work/v2superbikeshed/Trikeshed/src/commonMain/kotlin/borg/trikeshed/strace/StraceExample.kt:83:16 Unresolved reference 'execWithStrace'.
e: file:///Users/jim/work/v2superbikeshed/Trikeshed/src/commonMain/kotlin/borg/trikeshed/strace/StraceExample.kt:91:11 Cannot infer type for this parameter. Specify it explicitly.
e: file:///Users/jim/work/v2superbikeshed/Trikeshed/src/commonMain/kotlin/borg/trikeshed/strace/StraceExample.kt:92:20 Cannot infer type for this parameter. Specify it explicitly.
e: file:///Users/jim/work/v2superbikeshed/Trikeshed/src/commonMain/kotlin/borg/trikeshed/strace/StraceExample.kt:93:32 Cannot infer type for this parameter. Specify it explicitly.
e: file:///Users/jim/work/v2superbikeshed/Trikeshed/src/commonMain/kotlin/borg/trikeshed/strace/StraceExample.kt:93:32 Not enough information to infer type argument for 'T'.
e: file:///Users/jim/work/v2superbikeshed/Trikeshed/src/commonMain/kotlin/borg/trikeshed/strace/StraceExample.kt:96:37 Cannot infer type for this parameter. Specify it explicitly.
e: file:///Users/jim/work/v2superbikeshed/Trikeshed/src/commonMain/kotlin/borg/trikeshed/strace/StraceExample.kt:96:37 Not enough information to infer type argument for 'T'.
e: file:///Users/jim/work/v2superbikeshed/Trikeshed/src/commonMain/kotlin/borg/trikeshed/strace/StraceExample.kt:96:37 Not enough information to infer type argument for 'K'.
e: file:///Users/jim/work/v2superbikeshed/Trikeshed/src/commonMain/kotlin/borg/trikeshed/strace/StraceExample.kt:96:45 Cannot infer type for this parameter. Specify it explicitly.
e: file:///Users/jim/work/v2superbikeshed/Trikeshed/src/commonMain/kotlin/borg/trikeshed/strace/StraceExample.kt:96:50 Unresolved reference 'syscall'.
e: file:///Users/jim/work/v2superbikeshed/Trikeshed/src/commonMain/kotlin/borg/trikeshed/strace/StraceExample.kt:96:60 Cannot infer type for this parameter. Specify it explicitly.
e: file:///Users/jim/work/v2superbikeshed/Trikeshed/src/commonMain/kotlin/borg/trikeshed/strace/StraceExample.kt:96:60 Not enough information to infer type argument for 'K'.
e: file:///Users/jim/work/v2superbikeshed/Trikeshed/src/commonMain/kotlin/borg/trikeshed/strace/StraceExample.kt:96:60 Not enough information to infer type argument for 'V'.
e: file:///Users/jim/work/v2superbikeshed/Trikeshed/src/commonMain/kotlin/borg/trikeshed/strace/StraceExample.kt:96:81 Unresolved reference 'size'.
e: file:///Users/jim/work/v2superbikeshed/Trikeshed/src/commonMain/kotlin/borg/trikeshed/strace/StraceExample.kt:97:59 Cannot infer type for this parameter. Specify it explicitly.
e: file:///Users/jim/work/v2superbikeshed/Trikeshed/src/commonMain/kotlin/borg/trikeshed/strace/StraceExample.kt:97:59 Not enough information to infer type argument for 'T'.
e: file:///Users/jim/work/v2superbikeshed/Trikeshed/src/commonMain/kotlin/borg/trikeshed/strace/StraceExample.kt:97:63 Cannot infer type for this parameter. Specify it explicitly.
e: file:///Users/jim/work/v2superbikeshed/Trikeshed/src/commonMain/kotlin/borg/trikeshed/strace/StraceExample.kt:97:68 Unresolved reference 'syscall'.
e: file:///Users/jim/work/v2superbikeshed/Trikeshed/src/commonMain/kotlin/borg/trikeshed/strace/StraceExample.kt:102:58 Cannot infer type for this parameter. Specify it explicitly.
e: file:///Users/jim/work/v2superbikeshed/Trikeshed/src/commonMain/kotlin/borg/trikeshed/strace/StraceExample.kt:102:58 Not enough information to infer type argument for 'T'.
e: file:///Users/jim/work/v2superbikeshed/Trikeshed/src/commonMain/kotlin/borg/trikeshed/strace/StraceExample.kt:102:58 Not enough information to infer type argument for 'R'.
e: file:///Users/jim/work/v2superbikeshed/Trikeshed/src/commonMain/kotlin/borg/trikeshed/strace/StraceExample.kt:102:77 Cannot infer type for this parameter. Specify it explicitly.
e: file:///Users/jim/work/v2superbikeshed/Trikeshed/src/commonMain/kotlin/borg/trikeshed/strace/StraceExample.kt:102:82 Unresolved reference 'value'.
e: file:///Users/jim/work/v2superbikeshed/Trikeshed/src/commonMain/kotlin/borg/trikeshed/strace/StraceExample.kt:102:90 Cannot infer type for this parameter. Specify it explicitly.
e: file:///Users/jim/work/v2superbikeshed/Trikeshed/src/commonMain/kotlin/borg/trikeshed/strace/StraceExample.kt:102:90 Not enough information to infer type argument for 'T'.
e: file:///Users/jim/work/v2superbikeshed/Trikeshed/src/commonMain/kotlin/borg/trikeshed/strace/StraceExample.kt:111:22 Interface 'interface StraceAttention : Any' does not have constructors.
e: file:///Users/jim/work/v2superbikeshed/Trikeshed/src/commonMain/kotlin/borg/trikeshed/strace/StraceExample.kt:115:16 Unresolved reference 'execWithStrace'.
e: file:///Users/jim/work/v2superbikeshed/Trikeshed/src/commonMain/kotlin/borg/trikeshed/strace/StraceExample.kt:119:21 Cannot infer type for this parameter. Specify it explicitly.
e: file:///Users/jim/work/v2superbikeshed/Trikeshed/src/commonMain/kotlin/borg/trikeshed/strace/StraceExample.kt:125:16 Unresolved reference 'analyzeAttention'.
e: file:///Users/jim/work/v2superbikeshed/Trikeshed/src/commonMain/kotlin/borg/trikeshed/strace/StraceExample.kt:125:77 Cannot infer type for this parameter. Specify it explicitly.
e: file:///Users/jim/work/v2superbikeshed/Trikeshed/src/commonMain/kotlin/borg/trikeshed/strace/StraceExample.kt:130:29 Unresolved reference 'generateLLMPrompt'.
e: file:///Users/jim/work/v2superbikeshed/Trikeshed/src/commonMain/kotlin/borg/trikeshed/strace/StraceExample.kt:140:22 Interface 'interface StraceAttention : Any' does not have constructors.
e: file:///Users/jim/work/v2superbikeshed/Trikeshed/src/commonMain/kotlin/borg/trikeshed/strace/StraceExample.kt:142:16 Unresolved reference 'execWithStrace'.
e: file:///Users/jim/work/v2superbikeshed/Trikeshed/src/commonMain/kotlin/borg/trikeshed/strace/StraceExample.kt:150:21 Cannot infer type for this parameter. Specify it explicitly.
e: file:///Users/jim/work/v2superbikeshed/Trikeshed/src/commonMain/kotlin/borg/trikeshed/strace/StraceExample.kt:151:62 Unresolved reference 'syscall'.
e: file:///Users/jim/work/v2superbikeshed/Trikeshed/src/commonMain/kotlin/borg/trikeshed/strace/StraceExample.kt:154:53 Unresolved reference 'syscall'.
e: file:///Users/jim/work/v2superbikeshed/Trikeshed/src/commonMain/kotlin/borg/trikeshed/strace/StraceExample.kt:155:41 Unresolved reference 'pid'.
e: file:///Users/jim/work/v2superbikeshed/Trikeshed/src/commonMain/kotlin/borg/trikeshed/strace/StraceExample.kt:156:42 Unresolved reference 'args'.
e: file:///Users/jim/work/v2superbikeshed/Trikeshed/src/commonMain/kotlin/borg/trikeshed/strace/StraceExample.kt:157:44 Unresolved reference 'result'.
e: file:///Users/jim/work/v2superbikeshed/Trikeshed/src/commonMain/kotlin/borg/trikeshed/strace/StraceExample.kt:168:22 Interface 'interface StraceAttention : Any' does not have constructors.
e: file:///Users/jim/work/v2superbikeshed/Trikeshed/src/commonMain/kotlin/borg/trikeshed/strace/StraceExample.kt:170:16 Unresolved reference 'execWithStrace'.
e: file:///Users/jim/work/v2superbikeshed/Trikeshed/src/commonMain/kotlin/borg/trikeshed/strace/StraceExample.kt:177:21 Cannot infer type for this parameter. Specify it explicitly.
e: file:///Users/jim/work/v2superbikeshed/Trikeshed/src/commonMain/kotlin/borg/trikeshed/strace/StraceExample.kt:179:23 Unresolved reference 'syscall'.
e: file:///Users/jim/work/v2superbikeshed/Trikeshed/src/commonMain/kotlin/borg/trikeshed/strace/StraceExample.kt:180:38 Unresolved reference 'duration'.
e: file:///Users/jim/work/v2superbikeshed/Trikeshed/src/commonMain/kotlin/borg/trikeshed/strace/StraceExample.kt:181:38 Unresolved reference 'args'.
e: file:///Users/jim/work/v2superbikeshed/Trikeshed/src/commonMain/kotlin/borg/trikeshed/strace/StraceExample.kt:184:51 Unresolved reference 'syscall'.
e: file:///Users/jim/work/v2superbikeshed/Trikeshed/src/commonMain/kotlin/borg/trikeshed/torrent/TorrentKettle.kt:3:27 Conflicting import: imported name 'Indexed' is ambiguous.
e: file:///Users/jim/work/v2superbikeshed/Trikeshed/src/commonMain/kotlin/borg/trikeshed/torrent/TorrentKettle.kt:4:27 Conflicting import: imported name 'Indexed' is ambiguous.
e: file:///Users/jim/work/v2superbikeshed/Trikeshed/src/commonMain/kotlin/borg/trikeshed/torrent/TorrentKettle.kt:140:53 Type mismatch: inferred type is 'IntRange', but 'Int' was expected.
e: file:///Users/jim/work/v2superbikeshed/Trikeshed/src/commonMain/kotlin/borg/trikeshed/torrent/TorrentKettle.kt:169:41 Initializer type mismatch: expected 'CoroutineContext', actual 'CoroutineScope'.
e: file:///Users/jim/work/v2superbikeshed/Trikeshed/src/commonMain/kotlin/borg/trikeshed/torrent/TorrentKettle.kt:170:50 Unresolved reference 'IO'.
e: file:///Users/jim/work/v2superbikeshed/Trikeshed/src/commonMain/kotlin/borg/trikeshed/torrent/TorrentKettle.kt:171:48 Unresolved reference 'IO'.
e: file:///Users/jim/work/v2superbikeshed/Trikeshed/src/commonMain/kotlin/borg/trikeshed/torrent/TorrentKettle.kt:172:51 Unresolved reference 'IO'.
e: file:///Users/jim/work/v2superbikeshed/Trikeshed/src/commonMain/kotlin/borg/trikeshed/torrent/TorrentKettle.kt:173:53 Unresolved reference 'IO'.
e: file:///Users/jim/work/v2superbikeshed/Trikeshed/src/commonMain/kotlin/borg/trikeshed/torrent/TorrentKettle.kt:224:25 Unresolved reference. None of the following candidates is applicable because of a receiver type mismatch:
expect fun MatchGroupCollection.get(name: String): MatchGroup?
e: file:///Users/jim/work/v2superbikeshed/Trikeshed/src/commonMain/kotlin/borg/trikeshed/torrent/TorrentKettle.kt:225:30 Type inference failed. The value of the type parameter 'K' must be mentioned in input types (argument types, receiver type, or expected type). Try to specify it explicitly.
e: file:///Users/jim/work/v2superbikeshed/Trikeshed/src/commonMain/kotlin/borg/trikeshed/torrent/TorrentKettle.kt:228:41 Argument type mismatch: actual type is 'MatchGroup?', but 'Int' was expected.
e: file:///Users/jim/work/v2superbikeshed/Trikeshed/src/commonMain/kotlin/borg/trikeshed/torrent/TorrentKettle.kt:263:38 Type mismatch: inferred type is 'IntRange', but 'Int' was expected.
e: file:///Users/jim/work/v2superbikeshed/Trikeshed/src/commonMain/kotlin/borg/trikeshed/torrent/TorrentKettle.kt:264:13 Suspension functions can only be called within coroutine body.
e: file:///Users/jim/work/v2superbikeshed/Trikeshed/src/commonMain/kotlin/borg/trikeshed/torrent/TorrentKettle.kt:272:13 Unresolved reference. None of the following candidates is applicable because of a receiver type mismatch:
expect fun MatchGroupCollection.get(name: String): MatchGroup?
e: file:///Users/jim/work/v2superbikeshed/Trikeshed/src/commonMain/kotlin/borg/trikeshed/torrent/TorrentKettle.kt:272:13 Argument type mismatch: actual type is 'V? (of fun <K, V> Map<out K, V>.get)', but 'Byte' was expected.
e: file:///Users/jim/work/v2superbikeshed/Trikeshed/src/commonMain/kotlin/borg/trikeshed/torrent/TorrentKettle.kt:272:13 Cannot infer type for this parameter. Specify it explicitly.
e: file:///Users/jim/work/v2superbikeshed/Trikeshed/src/commonMain/kotlin/borg/trikeshed/torrent/TorrentKettle.kt:272:30 Unresolved reference 'data'.
e: file:///Users/jim/work/v2superbikeshed/Trikeshed/src/commonMain/kotlin/borg/trikeshed/torrent/TorrentKettle.kt:278:32 Argument type mismatch: actual type is 'MatchGroup?', but 'Byte' was expected.
e: file:///Users/jim/work/v2superbikeshed/Trikeshed/src/commonMain/kotlin/borg/trikeshed/torrent/TorrentKettle.kt:278:32 Unresolved reference. None of the following candidates is applicable because of a receiver type mismatch:
expect fun MatchGroupCollection.get(name: String): MatchGroup?
e: file:///Users/jim/work/v2superbikeshed/Trikeshed/src/commonMain/kotlin/borg/trikeshed/torrent/TorrentKettle.kt:296:29 Argument type mismatch: actual type is 'Join<ByteArray, Function0<Byte>>', but 'Join<Int, Function1<Int, Byte>>' was expected.
e: file:///Users/jim/work/v2superbikeshed/Trikeshed/src/commonMain/kotlin/borg/trikeshed/torrent/TorrentKettle.kt:296:54 Unresolved reference 'it'.
e: file:///Users/jim/work/v2superbikeshed/Trikeshed/src/commonMain/kotlin/borg/trikeshed/torrent/TorrentKettle.kt:305:24 Argument type mismatch: actual type is 'Join<IntArray, B (of fun <A, B> A.j)>', but 'Join<Int, Function1<Int, Int>>' was expected.
e: file:///Users/jim/work/v2superbikeshed/Trikeshed/src/commonMain/kotlin/borg/trikeshed/torrent/TorrentKettle.kt:305:64 Cannot infer type for this parameter. Specify it explicitly.
e: file:///Users/jim/work/v2superbikeshed/Trikeshed/src/commonMain/kotlin/borg/trikeshed/torrent/TorrentKettle.kt:305:68 Unresolved reference 'it'.
e: file:///Users/jim/work/v2superbikeshed/Trikeshed/src/commonMain/kotlin/borg/trikeshed/torrent/TorrentKettle.kt:350:16 Unresolved reference 'System'.
e: file:///Users/jim/work/v2superbikeshed/Trikeshed/src/commonMain/kotlin/borg/trikeshed/torrent/TorrentKettle.kt:354:16 Unresolved reference 'System'.
e: file:///Users/jim/work/v2superbikeshed/Trikeshed/src/commonMain/kotlin/borg/trikeshed/trie/OuroborosPatriciaTrie.kt:93:28 Cannot infer type for this parameter. Specify it explicitly.
e: file:///Users/jim/work/v2superbikeshed/Trikeshed/src/commonMain/kotlin/borg/trikeshed/trie/OuroborosPatriciaTrie.kt:94:40 Cannot infer type for this parameter. Specify it explicitly.
e: file:///Users/jim/work/v2superbikeshed/Trikeshed/src/commonMain/kotlin/borg/trikeshed/trie/OuroborosPatriciaTrie.kt:94:40 Unresolved reference. None of the following candidates is applicable because of a receiver type mismatch:
fun <T> Join<Int, Function1<Int, Join<Any?, TypeMemento>>>.get(column: Column<T>): T?
e: file:///Users/jim/work/v2superbikeshed/Trikeshed/src/commonMain/kotlin/borg/trikeshed/trie/OuroborosPatriciaTrie.kt:94:85 Argument type mismatch: actual type is 'Join<Int, Function1<Int, Join<Any?, TypeMemento>>>', but 'Join<Int, Function1<Int, CompressedPatriciaNode<V (of fun <V, M> CompressedPatriciaNode<V, M>.insert), M (of fun <V, M> CompressedPatriciaNode<V, M>.insert)>>>' was expected.
e: file:///Users/jim/work/v2superbikeshed/Trikeshed/src/commonMain/kotlin/borg/trikeshed/trie/OuroborosPatriciaTrie.kt:94:85 Argument type mismatch: actual type is 'T? (of fun <T> Join<Int, Function1<Int, Join<Any?, TypeMemento>>>.get)', but 'K (of fun <K> WHEN_CALL)' was expected.
e: file:///Users/jim/work/v2superbikeshed/Trikeshed/src/commonMain/kotlin/borg/trikeshed/trie/OuroborosPatriciaTrie.kt:94:85 Cannot infer type for this parameter. Specify it explicitly.
e: file:///Users/jim/work/v2superbikeshed/Trikeshed/src/commonMain/kotlin/borg/trikeshed/trie/OuroborosPatriciaTrie.kt:94:85 Unresolved reference. None of the following candidates is applicable because of a receiver type mismatch:
fun <T> Join<Int, Function1<Int, Join<Any?, TypeMemento>>>.get(column: Column<T>): T?
e: file:///Users/jim/work/v2superbikeshed/Trikeshed/src/commonMain/kotlin/borg/trikeshed/trie/OuroborosPatriciaTrie.kt:100:25 Cannot infer type for this parameter. Specify it explicitly.
e: file:///Users/jim/work/v2superbikeshed/Trikeshed/src/commonMain/kotlin/borg/trikeshed/trie/OuroborosPatriciaTrie.kt:100:59 Argument type mismatch: actual type is 'Join<Int, Function1<Int, Join<Any?, TypeMemento>>>', but 'Join<Int, Function1<Int, CompressedPatriciaNode<V (of fun <V, M> CompressedPatriciaNode<V, M>.insert), M (of fun <V, M> CompressedPatriciaNode<V, M>.insert)>>>' was expected.
e: file:///Users/jim/work/v2superbikeshed/Trikeshed/src/commonMain/kotlin/borg/trikeshed/trie/OuroborosPatriciaTrie.kt:100:59 Argument type mismatch: actual type is 'T? (of fun <T> Join<Int, Function1<Int, Join<Any?, TypeMemento>>>.get)', but 'K (of fun <K> WHEN_CALL)' was expected.
e: file:///Users/jim/work/v2superbikeshed/Trikeshed/src/commonMain/kotlin/borg/trikeshed/trie/OuroborosPatriciaTrie.kt:100:59 Cannot infer type for this parameter. Specify it explicitly.
e: file:///Users/jim/work/v2superbikeshed/Trikeshed/src/commonMain/kotlin/borg/trikeshed/trie/OuroborosPatriciaTrie.kt:100:59 Unresolved reference. None of the following candidates is applicable because of a receiver type mismatch:
fun <T> Join<Int, Function1<Int, Join<Any?, TypeMemento>>>.get(column: Column<T>): T?
e: file:///Users/jim/work/v2superbikeshed/Trikeshed/src/commonMain/kotlin/borg/trikeshed/trie/OuroborosPatriciaTrie.kt:100:76 Argument type mismatch: actual type is 'CompressedPatriciaNode<V (of fun <V, M> CompressedPatriciaNode<V, M>.insert), M (of fun <V, M> CompressedPatriciaNode<V, M>.insert)>', but 'K (of fun <K> WHEN_CALL)' was expected.
e: file:///Users/jim/work/v2superbikeshed/Trikeshed/src/commonMain/kotlin/borg/trikeshed/wireproto/TrikeShedWireProto.kt:141:31 Cannot infer type for this parameter. Specify it explicitly.
e: file:///Users/jim/work/v2superbikeshed/Trikeshed/src/commonMain/kotlin/borg/trikeshed/wireproto/TrikeShedWireProto.kt:141:31 Unresolved reference. None of the following candidates is applicable because of a receiver type mismatch:
fun <T> Join<Int, Function1<Int, Join<Any?, TypeMemento>>>.get(column: Column<T>): T?
e: file:///Users/jim/work/v2superbikeshed/Trikeshed/src/commonMain/kotlin/borg/trikeshed/wireproto/TrikeShedWireProto.kt:413:9 Cannot infer type for this parameter. Specify it explicitly.
e: file:///Users/jim/work/v2superbikeshed/Trikeshed/src/commonMain/kotlin/borg/trikeshed/wireproto/TrikeShedWireProto.kt:413:9 Unresolved reference. None of the following candidates is applicable because of a receiver type mismatch:
fun <T> Join<Int, Function1<Int, Join<Any?, TypeMemento>>>.get(column: Column<T>): T?
e: file:///Users/jim/work/v2superbikeshed/Trikeshed/src/commonMain/kotlin/borg/trikeshed/wireproto/TrikeShedWireProto.kt:447:54 Argument type mismatch: actual type is 'Join<Int, Function1<Int, Byte>>', but 'K (of fun <K> WHEN_CALL)' was expected.
e: file:///Users/jim/work/v2superbikeshed/Trikeshed/src/commonMain/kotlin/borg/trikeshed/wireproto/TrikeShedWireProto.kt:448:16 Cannot check for instance of erased type 'Join<Int, Function1<Int, *>>'.
e: file:///Users/jim/work/v2superbikeshed/Trikeshed/src/commonMain/kotlin/borg/trikeshed/wireproto/TrikeShedWireProto.kt:448:30 Argument type mismatch: actual type is 'Join<Int, Function1<Int, Byte>>', but 'K (of fun <K> WHEN_CALL)' was expected.
e: file:///Users/jim/work/v2superbikeshed/Trikeshed/src/commonMain/kotlin/borg/trikeshed/wireproto/TrikeShedWireProto.kt:449:21 Cannot infer type for this parameter. Specify it explicitly.
e: file:///Users/jim/work/v2superbikeshed/Trikeshed/src/commonMain/kotlin/borg/trikeshed/wireproto/TrikeShedWireProto.kt:449:21 Not enough information to infer type argument for 'T'.
e: file:///Users/jim/work/v2superbikeshed/Trikeshed/src/commonMain/kotlin/borg/trikeshed/wireproto/TrikeShedWireProto.kt:449:21 Unresolved reference. None of the following candidates is applicable because of a receiver type mismatch:
fun <T> Join<Shape, Function1<Shape, T>>.invoke(index: Int): T
e: file:///Users/jim/work/v2superbikeshed/Trikeshed/src/commonMain/kotlin/borg/trikeshed/wireproto/TrikeShedWireProto.kt:449:21 Argument type mismatch: actual type is 'T (of fun <T> Join<Shape, Function1<Shape, T>>.invoke)', but 'K (of fun <K> WHEN_CALL)' was expected.
e: file:///Users/jim/work/v2superbikeshed/Trikeshed/src/commonMain/kotlin/borg/trikeshed/wireproto/TrikeShedWireProto.kt:454:50 Cannot infer type for this parameter. Specify it explicitly.
e: file:///Users/jim/work/v2superbikeshed/Trikeshed/src/commonMain/kotlin/borg/trikeshed/wireproto/TrikeShedWireProto.kt:454:50 Unresolved reference. None of the following candidates is applicable because of a receiver type mismatch:
fun <T> Join<Int, Function1<Int, Join<Any?, TypeMemento>>>.get(column: Column<T>): T?
e: file:///Users/jim/work/v2superbikeshed/Trikeshed/src/commonMain/kotlin/borg/trikeshed/wireproto/WireProto.kt:32:16 Cannot infer type for this parameter. Specify it explicitly.
e: file:///Users/jim/work/v2superbikeshed/Trikeshed/src/commonMain/kotlin/borg/trikeshed/wireproto/WireProto.kt:32:16 Not enough information to infer type argument for 'T'.
e: file:///Users/jim/work/v2superbikeshed/Trikeshed/src/commonMain/kotlin/borg/trikeshed/wireproto/WireProto.kt:32:16 Unresolved reference. None of the following candidates is applicable because of a receiver type mismatch:
fun <T> Join<Shape, Function1<Shape, T>>.invoke(index: Int): T

> Task :Trikeshed:compileKotlinJvm
e: file:///Users/jim/work/v2superbikeshed/Trikeshed/src/commonMain/kotlin/borg/trikeshed/autovec/CryptoAutovec.kt:717:27 Argument type mismatch: actual type is 'Int', but 'Int' was expected.
e: file:///Users/jim/work/v2superbikeshed/Trikeshed/src/commonMain/kotlin/borg/trikeshed/autovec/CryptoAutovec.kt:717:32 Argument type mismatch: actual type is 'T? (of fun <T> Join<Int, Function1<Int, Join<Any?, TypeMemento>>>.get)', but 'Byte' was expected.
e: file:///Users/jim/work/v2superbikeshed/Trikeshed/src/commonMain/kotlin/borg/trikeshed/autovec/CryptoAutovec.kt:717:32 Cannot infer type for this parameter. Specify it explicitly.
e: file:///Users/jim/work/v2superbikeshed/Trikeshed/src/commonMain/kotlin/borg/trikeshed/autovec/CryptoAutovec.kt:717:32 Unresolved reference. None of the following candidates is applicable because of a receiver type mismatch:
fun <T> Join<Int, Function1<Int, Join<Any?, TypeMemento>>>.get(column: Column<T>): T?
e: file:///Users/jim/work/v2superbikeshed/Trikeshed/src/commonMain/kotlin/borg/trikeshed/ccek/CCEK.kt:115:5 Unresolved reference 'coroutineContext'.
e: file:///Users/jim/work/v2superbikeshed/Trikeshed/src/commonMain/kotlin/borg/trikeshed/ccek/CCEK.kt:121:5 Unresolved reference 'coroutineContext'.
e: file:///Users/jim/work/v2superbikeshed/Trikeshed/src/commonMain/kotlin/borg/trikeshed/ccek/CCEK.kt:127:5 Unresolved reference 'coroutineContext'.
e: file:///Users/jim/work/v2superbikeshed/Trikeshed/src/commonMain/kotlin/borg/trikeshed/ccek/CCEK.kt:277:47 No parameter with name 'phase' found.
e: file:///Users/jim/work/v2superbikeshed/Trikeshed/src/commonMain/kotlin/borg/trikeshed/ccek/CCEK.kt:280:54 No parameter with name 'phase' found.
e: file:///Users/jim/work/v2superbikeshed/Trikeshed/src/commonMain/kotlin/borg/trikeshed/ccek/CCEK.kt:285:50 No parameter with name 'phase' found.
e: file:///Users/jim/work/v2superbikeshed/Trikeshed/src/commonMain/kotlin/borg/trikeshed/ccek/CCEK.kt:289:45 No parameter with name 'phase' found.
e: file:///Users/jim/work/v2superbikeshed/Trikeshed/src/commonMain/kotlin/borg/trikeshed/ccek/CCEK.kt:296:19 Unresolved reference 'constraints'.
e: file:///Users/jim/work/v2superbikeshed/Trikeshed/src/commonMain/kotlin/borg/trikeshed/ccek/CCEK.kt:296:41 Cannot infer type for this parameter. Specify it explicitly.
e: file:///Users/jim/work/v2superbikeshed/Trikeshed/src/commonMain/kotlin/borg/trikeshed/ccek/CCEK.kt:304:43 None of the following candidates is applicable:
fun <T, R : Comparable<R>> Array<out T>.sortedByDescending(crossinline selector: (T) -> R?): List<T>
fun <R : Comparable<R>> ByteArray.sortedByDescending(crossinline selector: (Byte) -> R?): List<Byte>
fun <R : Comparable<R>> ShortArray.sortedByDescending(crossinline selector: (Short) -> R?): List<Short>
fun <R : Comparable<R>> IntArray.sortedByDescending(crossinline selector: (Int) -> R?): List<Int>
fun <R : Comparable<R>> LongArray.sortedByDescending(crossinline selector: (Long) -> R?): List<Long>
fun <R : Comparable<R>> FloatArray.sortedByDescending(crossinline selector: (Float) -> R?): List<Float>
fun <R : Comparable<R>> DoubleArray.sortedByDescending(crossinline selector: (Double) -> R?): List<Double>
fun <R : Comparable<R>> BooleanArray.sortedByDescending(crossinline selector: (Boolean) -> R?): List<Boolean>
fun <R : Comparable<R>> CharArray.sortedByDescending(crossinline selector: (Char) -> R?): List<Char>
fun <T, R : Comparable<R>> Iterable<T>.sortedByDescending(crossinline selector: (T) -> R?): List<T>
fun <T, R : Comparable<R>> Sequence<T>.sortedByDescending(crossinline selector: (T) -> R?): Sequence<T>
e: file:///Users/jim/work/v2superbikeshed/Trikeshed/src/commonMain/kotlin/borg/trikeshed/ccek/CCEK.kt:304:64 Unresolved reference 'it'.
e: file:///Users/jim/work/v2superbikeshed/Trikeshed/src/commonMain/kotlin/borg/trikeshed/ccek/CCEK.kt:307:22 Method 'iterator()' is ambiguous for this expression. Applicable candidates:
fun <T> Enumeration<T>.iterator(): Iterator<T>
fun <T> Iterator<T>.iterator(): Iterator<T>
fun <K, V> Map<out K, V>.iterator(): Iterator<Map.Entry<K, V>>
fun <K, V> MutableMap<K, V>.iterator(): MutableIterator<MutableMap.MutableEntry<K, V>>
fun CharSequence.iterator(): CharIterator
fun BufferedInputStream.iterator(): ByteIterator
e: file:///Users/jim/work/v2superbikeshed/Trikeshed/src/commonMain/kotlin/borg/trikeshed/ccek/CCEK.kt:321:65 Argument type mismatch: actual type is 'String?', but 'String' was expected.
e: file:///Users/jim/work/v2superbikeshed/Trikeshed/src/commonMain/kotlin/borg/trikeshed/ccek/CCEK.kt:499:31 No value passed for parameter 'executionId'.
e: file:///Users/jim/work/v2superbikeshed/Trikeshed/src/commonMain/kotlin/borg/trikeshed/ccek/CCEK.kt:514:44 Unresolved reference 'executeValidation'.
e: file:///Users/jim/work/v2superbikeshed/Trikeshed/src/commonMain/kotlin/borg/trikeshed/ccek/CCEK.kt:515:48 Unresolved reference 'executeTransformation'.
e: file:///Users/jim/work/v2superbikeshed/Trikeshed/src/commonMain/kotlin/borg/trikeshed/ccek/CCEK.kt:525:51 Unresolved reference 'serializeToJson'.
e: file:///Users/jim/work/v2superbikeshed/Trikeshed/src/commonMain/kotlin/borg/trikeshed/ccek/CCEK.kt:526:55 Unresolved reference 'serializeToProtobuf'.
e: file:///Users/jim/work/v2superbikeshed/Trikeshed/src/commonMain/kotlin/borg/trikeshed/ccek/CCEK.kt:527:53 Unresolved reference 'serializeCustom'.
e: file:///Users/jim/work/v2superbikeshed/Trikeshed/src/commonMain/kotlin/borg/trikeshed/ccek/CCEKChunkedDecodingChordSheet.kt:21:13 Argument type mismatch: actual type is 'ChunkParsingStrategy', but 'Function0<ChunkParsingStrategy>' was expected.
e: file:///Users/jim/work/v2superbikeshed/Trikeshed/src/commonMain/kotlin/borg/trikeshed/ccek/CCEKChunkedDecodingChordSheet.kt:35:13 Argument type mismatch: actual type is 'ChunkDecompressionStrategy', but 'Function0<ChunkDecompressionStrategy>' was expected.
e: file:///Users/jim/work/v2superbikeshed/Trikeshed/src/commonMain/kotlin/borg/trikeshed/ccek/CCEKChunkedDecodingChordSheet.kt:46:13 Argument type mismatch: actual type is 'ChunkValidationStrategy', but 'Function0<ChunkValidationStrategy>' was expected.
e: file:///Users/jim/work/v2superbikeshed/Trikeshed/src/commonMain/kotlin/borg/trikeshed/ccek/CCEKChunkedDecodingChordSheet.kt:60:13 Argument type mismatch: actual type is 'ChunkReassemblyStrategy', but 'Function0<ChunkReassemblyStrategy>' was expected.
e: file:///Users/jim/work/v2superbikeshed/Trikeshed/src/commonMain/kotlin/borg/trikeshed/ccek/CCEKChunkedDecodingChordSheet.kt:74:13 Argument type mismatch: actual type is 'ChunkErrorRecoveryStrategy', but 'Function0<ChunkErrorRecoveryStrategy>' was expected.
e: file:///Users/jim/work/v2superbikeshed/Trikeshed/src/commonMain/kotlin/borg/trikeshed/ccek/CCEKChunkedDecodingChordSheet.kt:91:18 Unresolved reference 'CoroutineContext'.
e: file:///Users/jim/work/v2superbikeshed/Trikeshed/src/commonMain/kotlin/borg/trikeshed/ccek/CCEKChunkedDecodingChordSheet.kt:114:18 Unresolved reference 'CoroutineContext'.
e: file:///Users/jim/work/v2superbikeshed/Trikeshed/src/commonMain/kotlin/borg/trikeshed/ccek/CCEKChunkedDecodingChordSheet.kt:131:11 Unresolved reference 'flowOn'.
e: file:///Users/jim/work/v2superbikeshed/Trikeshed/src/commonMain/kotlin/borg/trikeshed/ccek/CCEKChunkedDecodingChordSheet.kt:139:18 Unresolved reference 'CoroutineContext'.
e: file:///Users/jim/work/v2superbikeshed/Trikeshed/src/commonMain/kotlin/borg/trikeshed/ccek/CCEKChunkedDecodingChordSheet.kt:160:18 Unresolved reference 'CoroutineContext'.
e: file:///Users/jim/work/v2superbikeshed/Trikeshed/src/commonMain/kotlin/borg/trikeshed/ccek/CCEKChunkedDecodingChordSheet.kt:181:18 Unresolved reference 'CoroutineContext'.
e: file:///Users/jim/work/v2superbikeshed/Trikeshed/src/commonMain/kotlin/borg/trikeshed/ccek/CCEKChunkedDecodingChordSheet.kt:202:18 Unresolved reference 'CoroutineContext'.
e: file:///Users/jim/work/v2superbikeshed/Trikeshed/src/commonMain/kotlin/borg/trikeshed/ccek/CCEKChunkedDecodingChordSheet.kt:210:37 None of the following candidates is applicable:
fun <T> Iterable<T>.forEach(action: (T) -> Unit): Unit
fun <K, V> Map<out K, V>.forEach(action: (Map.Entry<K, V>) -> Unit): Unit
e: file:///Users/jim/work/v2superbikeshed/Trikeshed/src/commonMain/kotlin/borg/trikeshed/ccek/CCEKChunkedDecodingChordSheet.kt:210:47 Cannot infer type for this parameter. Specify it explicitly.
e: file:///Users/jim/work/v2superbikeshed/Trikeshed/src/commonMain/kotlin/borg/trikeshed/ccek/CCEKChunkedDecodingChordSheet.kt:211:33 Suspension functions can only be called within coroutine body.
e: file:///Users/jim/work/v2superbikeshed/Trikeshed/src/commonMain/kotlin/borg/trikeshed/ccek/CCEKChunkedDecodingChordSheet.kt:219:11 Unresolved reference 'flowOn'.
e: file:///Users/jim/work/v2superbikeshed/Trikeshed/src/commonMain/kotlin/borg/trikeshed/ccek/CCEKChunkedDecodingChordSheet.kt:236:47 Cannot infer type for this parameter. Specify it explicitly.
e: file:///Users/jim/work/v2superbikeshed/Trikeshed/src/commonMain/kotlin/borg/trikeshed/ccek/CCEKChunkedDecodingChordSheet.kt:236:47 Not enough information to infer type argument for 'B'.
e: file:///Users/jim/work/v2superbikeshed/Trikeshed/src/commonMain/kotlin/borg/trikeshed/ccek/CCEKChunkedDecodingChordSheet.kt:236:51 Cannot infer type for this parameter. Specify it explicitly.
e: file:///Users/jim/work/v2superbikeshed/Trikeshed/src/commonMain/kotlin/borg/trikeshed/ccek/CCEKChunkedDecodingChordSheet.kt:239:40 Suspension functions can only be called within coroutine body.
e: file:///Users/jim/work/v2superbikeshed/Trikeshed/src/commonMain/kotlin/borg/trikeshed/ccek/CCEKChunkedDecodingChordSheet.kt:244:58 Cannot infer type for this parameter. Specify it explicitly.
e: file:///Users/jim/work/v2superbikeshed/Trikeshed/src/commonMain/kotlin/borg/trikeshed/ccek/CCEKChunkedDecodingChordSheet.kt:244:58 Not enough information to infer type argument for 'B'.
e: file:///Users/jim/work/v2superbikeshed/Trikeshed/src/commonMain/kotlin/borg/trikeshed/ccek/CCEKChunkedDecodingChordSheet.kt:244:62 Cannot infer type for this parameter. Specify it explicitly.
e: file:///Users/jim/work/v2superbikeshed/Trikeshed/src/commonMain/kotlin/borg/trikeshed/ccek/CCEKChunkedDecodingChordSheet.kt:245:48 Expression 'b' of type 'ERROR CLASS: Cannot infer argument for type parameter B' cannot be invoked as a function. Function 'invoke()' is not found.
e: file:///Users/jim/work/v2superbikeshed/Trikeshed/src/commonMain/kotlin/borg/trikeshed/ccek/CCEKChunkedDecodingChordSheet.kt:250:54 Cannot infer type for this parameter. Specify it explicitly.
e: file:///Users/jim/work/v2superbikeshed/Trikeshed/src/commonMain/kotlin/borg/trikeshed/ccek/CCEKChunkedDecodingChordSheet.kt:250:54 Not enough information to infer type argument for 'T'.
e: file:///Users/jim/work/v2superbikeshed/Trikeshed/src/commonMain/kotlin/borg/trikeshed/ccek/CCEKChunkedDecodingChordSheet.kt:250:61 Cannot infer type for this parameter. Specify it explicitly.
e: file:///Users/jim/work/v2superbikeshed/Trikeshed/src/commonMain/kotlin/borg/trikeshed/ccek/CCEKChunkedDecodingChordSheet.kt:252:91 Cannot infer type for this parameter. Specify it explicitly.
e: file:///Users/jim/work/v2superbikeshed/Trikeshed/src/commonMain/kotlin/borg/trikeshed/ccek/CCEKChunkedDecodingChordSheet.kt:252:91 Not enough information to infer type argument for 'T'.
e: file:///Users/jim/work/v2superbikeshed/Trikeshed/src/commonMain/kotlin/borg/trikeshed/ccek/CCEKChunkedDecodingChordSheet.kt:299:45 Argument type mismatch: actual type is 'Int', but 'IntRange' was expected.
e: file:///Users/jim/work/v2superbikeshed/Trikeshed/src/commonMain/kotlin/borg/trikeshed/ccek/CCEKChunkedDecodingChordSheet.kt:299:53 Too many arguments for 'fun <T> Join<Int, Function1<Int, T>>.slice(range: IntRange): Join<Int, Function1<Int, T>>'.
e: file:///Users/jim/work/v2superbikeshed/Trikeshed/src/commonMain/kotlin/borg/trikeshed/ccek/CCEKChunkedDecodingChordSheet.kt:299:71 Too many arguments for 'fun toString(): String'.
e: file:///Users/jim/work/v2superbikeshed/Trikeshed/src/commonMain/kotlin/borg/trikeshed/ccek/CCEKChunkedDecodingChordSheet.kt:312:47 Argument type mismatch: actual type is 'Int', but 'IntRange' was expected.
e: file:///Users/jim/work/v2superbikeshed/Trikeshed/src/commonMain/kotlin/borg/trikeshed/ccek/CCEKChunkedDecodingChordSheet.kt:312:58 Too many arguments for 'fun <T> Join<Int, Function1<Int, T>>.slice(range: IntRange): Join<Int, Function1<Int, T>>'.
e: file:///Users/jim/work/v2superbikeshed/Trikeshed/src/commonMain/kotlin/borg/trikeshed/ccek/CCEKChunkedDecodingChordSheet.kt:343:63 Unresolved reference 'ZSTD'.
e: file:///Users/jim/work/v2superbikeshed/Trikeshed/src/commonMain/kotlin/borg/trikeshed/ccek/CCEKChunkedDecodingChordSheet.kt:344:62 Unresolved reference 'LZ4'.
e: file:///Users/jim/work/v2superbikeshed/Trikeshed/src/commonMain/kotlin/borg/trikeshed/ccek/CCEKChunkedDecodingChordSheet.kt:359:32 None of the following candidates is applicable:
fun <T> Array<out T>.sumOf(selector: (T) -> BigDecimal): BigDecimal
fun ByteArray.sumOf(selector: (Byte) -> BigDecimal): BigDecimal
fun ShortArray.sumOf(selector: (Short) -> BigDecimal): BigDecimal
fun IntArray.sumOf(selector: (Int) -> BigDecimal): BigDecimal
fun LongArray.sumOf(selector: (Long) -> BigDecimal): BigDecimal
fun FloatArray.sumOf(selector: (Float) -> BigDecimal): BigDecimal
fun DoubleArray.sumOf(selector: (Double) -> BigDecimal): BigDecimal
fun BooleanArray.sumOf(selector: (Boolean) -> BigDecimal): BigDecimal
fun CharArray.sumOf(selector: (Char) -> BigDecimal): BigDecimal
fun <T> Array<out T>.sumOf(selector: (T) -> BigInteger): BigInteger
fun ByteArray.sumOf(selector: (Byte) -> BigInteger): BigInteger
fun ShortArray.sumOf(selector: (Short) -> BigInteger): BigInteger
fun IntArray.sumOf(selector: (Int) -> BigInteger): BigInteger
fun LongArray.sumOf(selector: (Long) -> BigInteger): BigInteger
fun FloatArray.sumOf(selector: (Float) -> BigInteger): BigInteger
fun DoubleArray.sumOf(selector: (Double) -> BigInteger): BigInteger
fun BooleanArray.sumOf(selector: (Boolean) -> BigInteger): BigInteger
fun CharArray.sumOf(selector: (Char) -> BigInteger): BigInteger
fun <T> Array<out T>.sumOf(selector: (T) -> Double): Double
fun ByteArray.sumOf(selector: (Byte) -> Double): Double
fun ShortArray.sumOf(selector: (Short) -> Double): Double
fun IntArray.sumOf(selector: (Int) -> Double): Double
fun LongArray.sumOf(selector: (Long) -> Double): Double
fun FloatArray.sumOf(selector: (Float) -> Double): Double
fun DoubleArray.sumOf(selector: (Double) -> Double): Double
fun BooleanArray.sumOf(selector: (Boolean) -> Double): Double
fun CharArray.sumOf(selector: (Char) -> Double): Double
fun <T> Array<out T>.sumOf(selector: (T) -> Int): Int
fun ByteArray.sumOf(selector: (Byte) -> Int): Int
fun ShortArray.sumOf(selector: (Short) -> Int): Int
fun IntArray.sumOf(selector: (Int) -> Int): Int
fun LongArray.sumOf(selector: (Long) -> Int): Int
fun FloatArray.sumOf(selector: (Float) -> Int): Int
fun DoubleArray.sumOf(selector: (Double) -> Int): Int
fun BooleanArray.sumOf(selector: (Boolean) -> Int): Int
fun CharArray.sumOf(selector: (Char) -> Int): Int
fun <T> Array<out T>.sumOf(selector: (T) -> Long): Long
fun ByteArray.sumOf(selector: (Byte) -> Long): Long
fun ShortArray.sumOf(selector: (Short) -> Long): Long
fun IntArray.sumOf(selector: (Int) -> Long): Long
fun LongArray.sumOf(selector: (Long) -> Long): Long
fun FloatArray.sumOf(selector: (Float) -> Long): Long
fun DoubleArray.sumOf(selector: (Double) -> Long): Long
fun BooleanArray.sumOf(selector: (Boolean) -> Long): Long
fun CharArray.sumOf(selector: (Char) -> Long): Long
fun <T> Array<out T>.sumOf(selector: (T) -> UInt): UInt
fun ByteArray.sumOf(selector: (Byte) -> UInt): UInt
fun ShortArray.sumOf(selector: (Short) -> UInt): UInt
fun IntArray.sumOf(selector: (Int) -> UInt): UInt
fun LongArray.sumOf(selector: (Long) -> UInt): UInt
fun FloatArray.sumOf(selector: (Float) -> UInt): UInt
fun DoubleArray.sumOf(selector: (Double) -> UInt): UInt
fun BooleanArray.sumOf(selector: (Boolean) -> UInt): UInt
fun CharArray.sumOf(selector: (Char) -> UInt): UInt
fun <T> Array<out T>.sumOf(selector: (T) -> ULong): ULong
fun ByteArray.sumOf(selector: (Byte) -> ULong): ULong
fun ShortArray.sumOf(selector: (Short) -> ULong): ULong
fun IntArray.sumOf(selector: (Int) -> ULong): ULong
fun LongArray.sumOf(selector: (Long) -> ULong): ULong
fun FloatArray.sumOf(selector: (Float) -> ULong): ULong
fun DoubleArray.sumOf(selector: (Double) -> ULong): ULong
fun BooleanArray.sumOf(selector: (Boolean) -> ULong): ULong
fun CharArray.sumOf(selector: (Char) -> ULong): ULong
fun <T> Iterable<T>.sumOf(selector: (T) -> BigDecimal): BigDecimal
fun <T> Iterable<T>.sumOf(selector: (T) -> BigInteger): BigInteger
fun <T> Iterable<T>.sumOf(selector: (T) -> Double): Double
fun <T> Iterable<T>.sumOf(selector: (T) -> Int): Int
fun <T> Iterable<T>.sumOf(selector: (T) -> Long): Long
fun <T> Iterable<T>.sumOf(selector: (T) -> UInt): UInt
fun <T> Iterable<T>.sumOf(selector: (T) -> ULong): ULong
fun UIntArray.sumOf(selector: (UInt) -> BigDecimal): BigDecimal
fun ULongArray.sumOf(selector: (ULong) -> BigDecimal): BigDecimal
fun UByteArray.sumOf(selector: (UByte) -> BigDecimal): BigDecimal
fun UShortArray.sumOf(selector: (UShort) -> BigDecimal): BigDecimal
fun UIntArray.sumOf(selector: (UInt) -> BigInteger): BigInteger
fun ULongArray.sumOf(selector: (ULong) -> BigInteger): BigInteger
fun UByteArray.sumOf(selector: (UByte) -> BigInteger): BigInteger
fun UShortArray.sumOf(selector: (UShort) -> BigInteger): BigInteger
fun UIntArray.sumOf(selector: (UInt) -> Double): Double
fun ULongArray.sumOf(selector: (ULong) -> Double): Double
fun UByteArray.sumOf(selector: (UByte) -> Double): Double
fun UShortArray.sumOf(selector: (UShort) -> Double): Double
fun UIntArray.sumOf(selector: (UInt) -> Int): Int
fun ULongArray.sumOf(selector: (ULong) -> Int): Int
fun UByteArray.sumOf(selector: (UByte) -> Int): Int
fun UShortArray.sumOf(selector: (UShort) -> Int): Int
fun UIntArray.sumOf(selector: (UInt) -> Long): Long
fun ULongArray.sumOf(selector: (ULong) -> Long): Long
fun UByteArray.sumOf(selector: (UByte) -> Long): Long
fun UShortArray.sumOf(selector: (UShort) -> Long): Long
fun UIntArray.sumOf(selector: (UInt) -> UInt): UInt
fun ULongArray.sumOf(selector: (ULong) -> UInt): UInt
fun UByteArray.sumOf(selector: (UByte) -> UInt): UInt
fun UShortArray.sumOf(selector: (UShort) -> UInt): UInt
fun UIntArray.sumOf(selector: (UInt) -> ULong): ULong
fun ULongArray.sumOf(selector: (ULong) -> ULong): ULong
fun UByteArray.sumOf(selector: (UByte) -> ULong): ULong
fun UShortArray.sumOf(selector: (UShort) -> ULong): ULong
fun <T> Sequence<T>.sumOf(selector: (T) -> BigDecimal): BigDecimal
fun <T> Sequence<T>.sumOf(selector: (T) -> BigInteger): BigInteger
fun <T> Sequence<T>.sumOf(selector: (T) -> Double): Double
fun <T> Sequence<T>.sumOf(selector: (T) -> Int): Int
fun <T> Sequence<T>.sumOf(selector: (T) -> Long): Long
fun <T> Sequence<T>.sumOf(selector: (T) -> UInt): UInt
fun <T> Sequence<T>.sumOf(selector: (T) -> ULong): ULong
fun CharSequence.sumOf(selector: (Char) -> BigDecimal): BigDecimal
fun CharSequence.sumOf(selector: (Char) -> BigInteger): BigInteger
fun CharSequence.sumOf(selector: (Char) -> Double): Double
fun CharSequence.sumOf(selector: (Char) -> Int): Int
fun CharSequence.sumOf(selector: (Char) -> Long): Long
fun CharSequence.sumOf(selector: (Char) -> UInt): UInt
fun CharSequence.sumOf(selector: (Char) -> ULong): ULong
e: file:///Users/jim/work/v2superbikeshed/Trikeshed/src/commonMain/kotlin/borg/trikeshed/ccek/CCEKChunkedDecodingChordSheet.kt:359:40 Unresolved reference 'it'.
e: file:///Users/jim/work/v2superbikeshed/Trikeshed/src/commonMain/kotlin/borg/trikeshed/ccek/CCEKChunkedDecodingChordSheet.kt:359:48 Cannot infer type for this parameter. Specify it explicitly.
e: file:///Users/jim/work/v2superbikeshed/Trikeshed/src/commonMain/kotlin/borg/trikeshed/ccek/CCEKChunkedDecodingChordSheet.kt:367:26 Cannot infer type for this parameter. Specify it explicitly.
e: file:///Users/jim/work/v2superbikeshed/Trikeshed/src/commonMain/kotlin/borg/trikeshed/ccek/CCEKChunkedDecodingChordSheet.kt:367:26 Unresolved reference. None of the following candidates is applicable because of a receiver type mismatch:
fun <A, B> A.j(b: B): Join<A, B>
e: file:///Users/jim/work/v2superbikeshed/Trikeshed/src/commonMain/kotlin/borg/trikeshed/ccek/CCEKChunkedDecodingChordSheet.kt:367:30 Cannot infer type for this parameter. Specify it explicitly.
e: file:///Users/jim/work/v2superbikeshed/Trikeshed/src/commonMain/kotlin/borg/trikeshed/ccek/CCEKChunkedDecodingChordSheet.kt:372:63 No value passed for parameter 'a'.
e: file:///Users/jim/work/v2superbikeshed/Trikeshed/src/commonMain/kotlin/borg/trikeshed/ccek/CCEKChunkedDecodingChordSheet.kt:372:63 No value passed for parameter 'b'.
e: file:///Users/jim/work/v2superbikeshed/Trikeshed/src/commonMain/kotlin/borg/trikeshed/ccek/CCEKChunkedDecodingChordSheet.kt:377:17 Cannot infer type for this parameter. Specify it explicitly.
e: file:///Users/jim/work/v2superbikeshed/Trikeshed/src/commonMain/kotlin/borg/trikeshed/ccek/CCEKChunkedDecodingChordSheet.kt:377:17 Unresolved reference. None of the following candidates is applicable because of a receiver type mismatch:
fun <T> Join<Int, Function1<Int, Join<Any?, TypeMemento>>>.get(column: Column<T>): T?
e: file:///Users/jim/work/v2superbikeshed/Trikeshed/src/commonMain/kotlin/borg/trikeshed/ccek/CCEKChunkedDecodingChordSheet.kt:377:50 Cannot infer type for this parameter. Specify it explicitly.
e: file:///Users/jim/work/v2superbikeshed/Trikeshed/src/commonMain/kotlin/borg/trikeshed/ccek/CCEKChunkedDecodingChordSheet.kt:377:50 Unresolved reference. None of the following candidates is applicable because of a receiver type mismatch:
fun <T> Join<Int, Function1<Int, Join<Any?, TypeMemento>>>.get(column: Column<T>): T?
e: file:///Users/jim/work/v2superbikeshed/Trikeshed/src/commonMain/kotlin/borg/trikeshed/ccek/CCEKChunkedDecodingChordSheet.kt:406:57 No value passed for parameter 'a'.
e: file:///Users/jim/work/v2superbikeshed/Trikeshed/src/commonMain/kotlin/borg/trikeshed/ccek/CCEKChunkedDecodingChordSheet.kt:406:57 No value passed for parameter 'b'.
e: file:///Users/jim/work/v2superbikeshed/Trikeshed/src/commonMain/kotlin/borg/trikeshed/ccek/CCEKChunkedDecodingChordSheet.kt:411:23 No value passed for parameter 'a'.
e: file:///Users/jim/work/v2superbikeshed/Trikeshed/src/commonMain/kotlin/borg/trikeshed/ccek/CCEKChunkedDecodingChordSheet.kt:411:23 No value passed for parameter 'b'.
e: file:///Users/jim/work/v2superbikeshed/Trikeshed/src/commonMain/kotlin/borg/trikeshed/ccek/CCEKChunkedEncodingChordSheet.kt:21:13 Argument type mismatch: actual type is 'Int#1', but 'Function0<kotlin.Int>' was expected.
e: file:///Users/jim/work/v2superbikeshed/Trikeshed/src/commonMain/kotlin/borg/trikeshed/ccek/CCEKChunkedEncodingChordSheet.kt:35:13 Argument type mismatch: actual type is 'ChunkEncodingStrategy', but 'Function0<ChunkEncodingStrategy>' was expected.
e: file:///Users/jim/work/v2superbikeshed/Trikeshed/src/commonMain/kotlin/borg/trikeshed/ccek/CCEKChunkedEncodingChordSheet.kt:49:13 Argument type mismatch: actual type is 'ChunkCompressionStrategy', but 'Function0<ChunkCompressionStrategy>' was expected.
e: file:///Users/jim/work/v2superbikeshed/Trikeshed/src/commonMain/kotlin/borg/trikeshed/ccek/CCEKChunkedEncodingChordSheet.kt:63:13 Argument type mismatch: actual type is 'ChunkBoundaryStrategy', but 'Function0<ChunkBoundaryStrategy>' was expected.
e: file:///Users/jim/work/v2superbikeshed/Trikeshed/src/commonMain/kotlin/borg/trikeshed/ccek/CCEKChunkedEncodingChordSheet.kt:77:13 Argument type mismatch: actual type is 'ChunkHeaderGenerator', but 'Function0<ChunkHeaderGenerator>' was expected.
e: file:///Users/jim/work/v2superbikeshed/Trikeshed/src/commonMain/kotlin/borg/trikeshed/ccek/CCEKChunkedEncodingChordSheet.kt:89:13 Argument type mismatch: actual type is 'ChunkTrailerGenerator', but 'Function0<ChunkTrailerGenerator>' was expected.
e: file:///Users/jim/work/v2superbikeshed/Trikeshed/src/commonMain/kotlin/borg/trikeshed/ccek/CCEKChunkedEncodingChordSheet.kt:108:18 Unresolved reference 'CoroutineContext'.
e: file:///Users/jim/work/v2superbikeshed/Trikeshed/src/commonMain/kotlin/borg/trikeshed/ccek/CCEKChunkedEncodingChordSheet.kt:135:18 Unresolved reference 'CoroutineContext'.
e: file:///Users/jim/work/v2superbikeshed/Trikeshed/src/commonMain/kotlin/borg/trikeshed/ccek/CCEKChunkedEncodingChordSheet.kt:148:18 Unresolved reference 'CoroutineContext'.
e: file:///Users/jim/work/v2superbikeshed/Trikeshed/src/commonMain/kotlin/borg/trikeshed/ccek/CCEKChunkedEncodingChordSheet.kt:161:18 Unresolved reference 'CoroutineContext'.
e: file:///Users/jim/work/v2superbikeshed/Trikeshed/src/commonMain/kotlin/borg/trikeshed/ccek/CCEKChunkedEncodingChordSheet.kt:174:18 Unresolved reference 'CoroutineContext'.
e: file:///Users/jim/work/v2superbikeshed/Trikeshed/src/commonMain/kotlin/borg/trikeshed/ccek/CCEKChunkedEncodingChordSheet.kt:198:40 Argument type mismatch: actual type is 'Int', but 'IntRange' was expected.
e: file:///Users/jim/work/v2superbikeshed/Trikeshed/src/commonMain/kotlin/borg/trikeshed/ccek/CCEKChunkedEncodingChordSheet.kt:198:48 Too many arguments for 'fun <T> Join<Int, Function1<Int, T>>.slice(range: IntRange): Join<Int, Function1<Int, T>>'.
e: file:///Users/jim/work/v2superbikeshed/Trikeshed/src/commonMain/kotlin/borg/trikeshed/ccek/CCEKChunkedEncodingChordSheet.kt:202:65 Unresolved reference 'ZSTD'.
e: file:///Users/jim/work/v2superbikeshed/Trikeshed/src/commonMain/kotlin/borg/trikeshed/ccek/CCEKChunkedEncodingChordSheet.kt:203:64 Unresolved reference 'LZ4'.
e: file:///Users/jim/work/v2superbikeshed/Trikeshed/src/commonMain/kotlin/borg/trikeshed/ccek/CCEKChunkedEncodingChordSheet.kt:208:42 Unresolved reference 'generateHeader'.
e: file:///Users/jim/work/v2superbikeshed/Trikeshed/src/commonMain/kotlin/borg/trikeshed/ccek/CCEKChunkedEncodingChordSheet.kt:214:45 Unresolved reference 'determineBoundary'.
e: file:///Users/jim/work/v2superbikeshed/Trikeshed/src/commonMain/kotlin/borg/trikeshed/ccek/CCEKChunkedEncodingChordSheet.kt:222:40 Unresolved reference 'generateTrailer'.
e: file:///Users/jim/work/v2superbikeshed/Trikeshed/src/commonMain/kotlin/borg/trikeshed/ccek/CCEKChunkedEncodingChordSheet.kt:248:12 Redeclaration:
object ChunkBoundaryStrategy : Any
e: file:///Users/jim/work/v2superbikeshed/Trikeshed/src/commonMain/kotlin/borg/trikeshed/ccek/CCEKChunkedEncodingChordSheet.kt:252:12 Redeclaration:
object ChunkHeaderGenerator : Any
e: file:///Users/jim/work/v2superbikeshed/Trikeshed/src/commonMain/kotlin/borg/trikeshed/ccek/CCEKChunkedEncodingChordSheet.kt:256:12 Redeclaration:
object ChunkTrailerGenerator : Any
e: file:///Users/jim/work/v2superbikeshed/Trikeshed/src/commonMain/kotlin/borg/trikeshed/ccek/CCEKChunkedEncodingChordSheet.kt:312:23 No value passed for parameter 'a'.
e: file:///Users/jim/work/v2superbikeshed/Trikeshed/src/commonMain/kotlin/borg/trikeshed/ccek/CCEKChunkedEncodingChordSheet.kt:312:23 No value passed for parameter 'b'.
e: file:///Users/jim/work/v2superbikeshed/Trikeshed/src/commonMain/kotlin/borg/trikeshed/ccek/CCEKChunkedEncodingChordSheet.kt:330:23 No value passed for parameter 'a'.
e: file:///Users/jim/work/v2superbikeshed/Trikeshed/src/commonMain/kotlin/borg/trikeshed/ccek/CCEKChunkedEncodingChordSheet.kt:330:23 No value passed for parameter 'b'.
e: file:///Users/jim/work/v2superbikeshed/Trikeshed/src/commonMain/kotlin/borg/trikeshed/ccek/CCEKChunkedEncodingChordSheet.kt:355:19 No value passed for parameter 'a'.
e: file:///Users/jim/work/v2superbikeshed/Trikeshed/src/commonMain/kotlin/borg/trikeshed/ccek/CCEKChunkedEncodingChordSheet.kt:355:19 No value passed for parameter 'b'.
e: file:///Users/jim/work/v2superbikeshed/Trikeshed/src/commonMain/kotlin/borg/trikeshed/ccek/CCEKChunkedEncodingChordSheet.kt:360:8 Redeclaration:
enum class ChunkHeaderGenerator : Enum<ChunkHeaderGenerator>
e: file:///Users/jim/work/v2superbikeshed/Trikeshed/src/commonMain/kotlin/borg/trikeshed/ccek/CCEKChunkedEncodingChordSheet.kt:361:9 Unresolved reference 'COMPRESSED_JSON'.
e: file:///Users/jim/work/v2superbikeshed/Trikeshed/src/commonMain/kotlin/borg/trikeshed/ccek/CCEKChunkedEncodingChordSheet.kt:370:9 Unresolved reference 'COMPRESSED_BINARY'.
e: file:///Users/jim/work/v2superbikeshed/Trikeshed/src/commonMain/kotlin/borg/trikeshed/ccek/CCEKChunkedEncodingChordSheet.kt:379:9 Unresolved reference 'STREAMING_JSON'.
e: file:///Users/jim/work/v2superbikeshed/Trikeshed/src/commonMain/kotlin/borg/trikeshed/ccek/CCEKChunkedEncodingChordSheet.kt:388:9 Unresolved reference 'RAW_BINARY'.
e: file:///Users/jim/work/v2superbikeshed/Trikeshed/src/commonMain/kotlin/borg/trikeshed/ccek/CCEKChunkedEncodingChordSheet.kt:397:9 Unresolved reference 'DEFAULT'.
e: file:///Users/jim/work/v2superbikeshed/Trikeshed/src/commonMain/kotlin/borg/trikeshed/ccek/CCEKChunkedEncodingChordSheet.kt:409:8 Redeclaration:
enum class ChunkTrailerGenerator : Enum<ChunkTrailerGenerator>
e: file:///Users/jim/work/v2superbikeshed/Trikeshed/src/commonMain/kotlin/borg/trikeshed/ccek/CCEKChunkedEncodingChordSheet.kt:410:9 Unresolved reference 'JSON_DOCUMENT'.
e: file:///Users/jim/work/v2superbikeshed/Trikeshed/src/commonMain/kotlin/borg/trikeshed/ccek/CCEKChunkedEncodingChordSheet.kt:419:9 Unresolved reference 'BINARY_ATTACHMENT'.
e: file:///Users/jim/work/v2superbikeshed/Trikeshed/src/commonMain/kotlin/borg/trikeshed/ccek/CCEKChunkedEncodingChordSheet.kt:428:9 Unresolved reference 'JSON_DESIGN'.
e: file:///Users/jim/work/v2superbikeshed/Trikeshed/src/commonMain/kotlin/borg/trikeshed/ccek/CCEKChunkedEncodingChordSheet.kt:437:9 Unresolved reference 'JSON_REVISION'.
e: file:///Users/jim/work/v2superbikeshed/Trikeshed/src/commonMain/kotlin/borg/trikeshed/ccek/CCEKChunkedEncodingChordSheet.kt:446:9 Unresolved reference 'JSON_REPLICATION'.
e: file:///Users/jim/work/v2superbikeshed/Trikeshed/src/commonMain/kotlin/borg/trikeshed/ccek/CCEKChunkedEncodingChordSheet.kt:455:9 Unresolved reference 'JSON_CHANGES'.
e: file:///Users/jim/work/v2superbikeshed/Trikeshed/src/commonMain/kotlin/borg/trikeshed/ccek/CCEKChunkedEncodingChordSheet.kt:464:9 Unresolved reference 'DEFAULT'.
e: file:///Users/jim/work/v2superbikeshed/Trikeshed/src/commonMain/kotlin/borg/trikeshed/ccek/CCEKChunkedEncodingChordSheet.kt:476:8 Redeclaration:
enum class ChunkBoundaryStrategy : Enum<ChunkBoundaryStrategy>
e: file:///Users/jim/work/v2superbikeshed/Trikeshed/src/commonMain/kotlin/borg/trikeshed/ccek/CCEKChunkedEncodingChordSheet.kt:477:9 Unresolved reference 'JSON_OBJECT'.
e: file:///Users/jim/work/v2superbikeshed/Trikeshed/src/commonMain/kotlin/borg/trikeshed/ccek/CCEKChunkedEncodingChordSheet.kt:485:9 Unresolved reference 'FIXED_SIZE'.
e: file:///Users/jim/work/v2superbikeshed/Trikeshed/src/commonMain/kotlin/borg/trikeshed/ccek/CCEKChunkedEncodingChordSheet.kt:493:9 Unresolved reference 'JSON_LINE'.
e: file:///Users/jim/work/v2superbikeshed/Trikeshed/src/commonMain/kotlin/borg/trikeshed/ccek/CCEKProtocolChoreographer.kt:26:13 Argument type mismatch: actual type is 'ChoreographyStrategy', but 'Function0<ChoreographyStrategy>' was expected.
e: file:///Users/jim/work/v2superbikeshed/Trikeshed/src/commonMain/kotlin/borg/trikeshed/ccek/CCEKProtocolChoreographer.kt:38:9 Cannot infer type for this parameter. Specify it explicitly.
e: file:///Users/jim/work/v2superbikeshed/Trikeshed/src/commonMain/kotlin/borg/trikeshed/ccek/CCEKProtocolChoreographer.kt:38:9 Type mismatch: inferred type is 'Join<String, ERROR CLASS: Cannot infer argument for type parameter B>', but 'Join<Int, Function1<Int, String>>' was expected.
e: file:///Users/jim/work/v2superbikeshed/Trikeshed/src/commonMain/kotlin/borg/trikeshed/ccek/CCEKProtocolChoreographer.kt:38:17 No value passed for parameter 'b'.
e: file:///Users/jim/work/v2superbikeshed/Trikeshed/src/commonMain/kotlin/borg/trikeshed/ccek/CCEKProtocolChoreographer.kt:38:25 Cannot infer type for this parameter. Specify it explicitly.
e: file:///Users/jim/work/v2superbikeshed/Trikeshed/src/commonMain/kotlin/borg/trikeshed/ccek/CCEKProtocolChoreographer.kt:41:27 None of the following candidates is applicable:
fun <T> Array<out T>.contains(element: T): Boolean
fun ByteArray.contains(element: Byte): Boolean
fun ShortArray.contains(element: Short): Boolean
fun IntArray.contains(element: Int): Boolean
fun LongArray.contains(element: Long): Boolean
fun BooleanArray.contains(element: Boolean): Boolean
fun CharArray.contains(element: Char): Boolean
fun <T> Iterable<T>.contains(element: T): Boolean
fun <K, V> Map<out K, V>.contains(key: K): Boolean
fun <T : Any, R : ClosedRange<T>, Iterable<T>> R.contains(element: T?): Boolean
fun <T : Any, R : OpenEndRange<T>, Iterable<T>> R.contains(element: T?): Boolean
fun IntRange.contains(element: Int?): Boolean
fun LongRange.contains(element: Long?): Boolean
fun CharRange.contains(element: Char?): Boolean
fun ClosedRange<Int>.contains(value: Byte): Boolean
fun ClosedRange<Long>.contains(value: Byte): Boolean
fun ClosedRange<Short>.contains(value: Byte): Boolean
fun OpenEndRange<Int>.contains(value: Byte): Boolean
fun OpenEndRange<Long>.contains(value: Byte): Boolean
fun OpenEndRange<Short>.contains(value: Byte): Boolean
fun IntRange.contains(value: Byte): Boolean
fun LongRange.contains(value: Byte): Boolean
fun ClosedRange<Float>.contains(value: Double): Boolean
fun ClosedRange<Double>.contains(value: Float): Boolean
fun OpenEndRange<Double>.contains(value: Float): Boolean
fun ClosedRange<Long>.contains(value: Int): Boolean
fun ClosedRange<Byte>.contains(value: Int): Boolean
fun ClosedRange<Short>.contains(value: Int): Boolean
fun OpenEndRange<Long>.contains(value: Int): Boolean
fun OpenEndRange<Byte>.contains(value: Int): Boolean
fun OpenEndRange<Short>.contains(value: Int): Boolean
fun LongRange.contains(value: Int): Boolean
fun ClosedRange<Int>.contains(value: Long): Boolean
fun ClosedRange<Byte>.contains(value: Long): Boolean
fun ClosedRange<Short>.contains(value: Long): Boolean
fun OpenEndRange<Int>.contains(value: Long): Boolean
fun OpenEndRange<Byte>.contains(value: Long): Boolean
fun OpenEndRange<Short>.contains(value: Long): Boolean
fun IntRange.contains(value: Long): Boolean
fun ClosedRange<Int>.contains(value: Short): Boolean
fun ClosedRange<Long>.contains(value: Short): Boolean
fun ClosedRange<Byte>.contains(value: Short): Boolean
fun OpenEndRange<Int>.contains(value: Short): Boolean
fun OpenEndRange<Long>.contains(value: Short): Boolean
fun OpenEndRange<Byte>.contains(value: Short): Boolean
fun IntRange.contains(value: Short): Boolean
fun LongRange.contains(value: Short): Boolean
fun UIntRange.contains(element: UInt?): Boolean
fun ULongRange.contains(element: ULong?): Boolean
fun UIntRange.contains(value: UByte): Boolean
fun ULongRange.contains(value: UByte): Boolean
fun ULongRange.contains(value: UInt): Boolean
fun UIntRange.contains(value: ULong): Boolean
fun UIntRange.contains(value: UShort): Boolean
fun ULongRange.contains(value: UShort): Boolean
fun <T> Sequence<T>.contains(element: T): Boolean
fun CharSequence.contains(other: CharSequence, ignoreCase: Boolean = ...): Boolean
fun CharSequence.contains(char: Char, ignoreCase: Boolean = ...): Boolean
fun CharSequence.contains(regex: Regex): Boolean
e: file:///Users/jim/work/v2superbikeshed/Trikeshed/src/commonMain/kotlin/borg/trikeshed/ccek/CCEKProtocolChoreographer.kt:41:57 None of the following candidates is applicable:
fun <T> Array<out T>.contains(element: T): Boolean
fun ByteArray.contains(element: Byte): Boolean
fun ShortArray.contains(element: Short): Boolean
fun IntArray.contains(element: Int): Boolean
fun LongArray.contains(element: Long): Boolean
fun BooleanArray.contains(element: Boolean): Boolean
fun CharArray.contains(element: Char): Boolean
fun <T> Iterable<T>.contains(element: T): Boolean
fun <K, V> Map<out K, V>.contains(key: K): Boolean
fun <T : Any, R : ClosedRange<T>, Iterable<T>> R.contains(element: T?): Boolean
fun <T : Any, R : OpenEndRange<T>, Iterable<T>> R.contains(element: T?): Boolean
fun IntRange.contains(element: Int?): Boolean
fun LongRange.contains(element: Long?): Boolean
fun CharRange.contains(element: Char?): Boolean
fun ClosedRange<Int>.contains(value: Byte): Boolean
fun ClosedRange<Long>.contains(value: Byte): Boolean
fun ClosedRange<Short>.contains(value: Byte): Boolean
fun OpenEndRange<Int>.contains(value: Byte): Boolean
fun OpenEndRange<Long>.contains(value: Byte): Boolean
fun OpenEndRange<Short>.contains(value: Byte): Boolean
fun IntRange.contains(value: Byte): Boolean
fun LongRange.contains(value: Byte): Boolean
fun ClosedRange<Float>.contains(value: Double): Boolean
fun ClosedRange<Double>.contains(value: Float): Boolean
fun OpenEndRange<Double>.contains(value: Float): Boolean
fun ClosedRange<Long>.contains(value: Int): Boolean
fun ClosedRange<Byte>.contains(value: Int): Boolean
fun ClosedRange<Short>.contains(value: Int): Boolean
fun OpenEndRange<Long>.contains(value: Int): Boolean
fun OpenEndRange<Byte>.contains(value: Int): Boolean
fun OpenEndRange<Short>.contains(value: Int): Boolean
fun LongRange.contains(value: Int): Boolean
fun ClosedRange<Int>.contains(value: Long): Boolean
fun ClosedRange<Byte>.contains(value: Long): Boolean
fun ClosedRange<Short>.contains(value: Long): Boolean
fun OpenEndRange<Int>.contains(value: Long): Boolean
fun OpenEndRange<Byte>.contains(value: Long): Boolean
fun OpenEndRange<Short>.contains(value: Long): Boolean
fun IntRange.contains(value: Long): Boolean
fun ClosedRange<Int>.contains(value: Short): Boolean
fun ClosedRange<Long>.contains(value: Short): Boolean
fun ClosedRange<Byte>.contains(value: Short): Boolean
fun OpenEndRange<Int>.contains(value: Short): Boolean
fun OpenEndRange<Long>.contains(value: Short): Boolean
fun OpenEndRange<Byte>.contains(value: Short): Boolean
fun IntRange.contains(value: Short): Boolean
fun LongRange.contains(value: Short): Boolean
fun UIntRange.contains(element: UInt?): Boolean
fun ULongRange.contains(element: ULong?): Boolean
fun UIntRange.contains(value: UByte): Boolean
fun ULongRange.contains(value: UByte): Boolean
fun ULongRange.contains(value: UInt): Boolean
fun UIntRange.contains(value: ULong): Boolean
fun UIntRange.contains(value: UShort): Boolean
fun ULongRange.contains(value: UShort): Boolean
fun <T> Sequence<T>.contains(element: T): Boolean
fun CharSequence.contains(other: CharSequence, ignoreCase: Boolean = ...): Boolean
fun CharSequence.contains(char: Char, ignoreCase: Boolean = ...): Boolean
fun CharSequence.contains(regex: Regex): Boolean
e: file:///Users/jim/work/v2superbikeshed/Trikeshed/src/commonMain/kotlin/borg/trikeshed/ccek/CCEKProtocolChoreographer.kt:42:27 None of the following candidates is applicable:
fun <T> Array<out T>.contains(element: T): Boolean
fun ByteArray.contains(element: Byte): Boolean
fun ShortArray.contains(element: Short): Boolean
fun IntArray.contains(element: Int): Boolean
fun LongArray.contains(element: Long): Boolean
fun BooleanArray.contains(element: Boolean): Boolean
fun CharArray.contains(element: Char): Boolean
fun <T> Iterable<T>.contains(element: T): Boolean
fun <K, V> Map<out K, V>.contains(key: K): Boolean
fun <T : Any, R : ClosedRange<T>, Iterable<T>> R.contains(element: T?): Boolean
fun <T : Any, R : OpenEndRange<T>, Iterable<T>> R.contains(element: T?): Boolean
fun IntRange.contains(element: Int?): Boolean
fun LongRange.contains(element: Long?): Boolean
fun CharRange.contains(element: Char?): Boolean
fun ClosedRange<Int>.contains(value: Byte): Boolean
fun ClosedRange<Long>.contains(value: Byte): Boolean
fun ClosedRange<Short>.contains(value: Byte): Boolean
fun OpenEndRange<Int>.contains(value: Byte): Boolean
fun OpenEndRange<Long>.contains(value: Byte): Boolean
fun OpenEndRange<Short>.contains(value: Byte): Boolean
fun IntRange.contains(value: Byte): Boolean
fun LongRange.contains(value: Byte): Boolean
fun ClosedRange<Float>.contains(value: Double): Boolean
fun ClosedRange<Double>.contains(value: Float): Boolean
fun OpenEndRange<Double>.contains(value: Float): Boolean
fun ClosedRange<Long>.contains(value: Int): Boolean
fun ClosedRange<Byte>.contains(value: Int): Boolean
fun ClosedRange<Short>.contains(value: Int): Boolean
fun OpenEndRange<Long>.contains(value: Int): Boolean
fun OpenEndRange<Byte>.contains(value: Int): Boolean
fun OpenEndRange<Short>.contains(value: Int): Boolean
fun LongRange.contains(value: Int): Boolean
fun ClosedRange<Int>.contains(value: Long): Boolean
fun ClosedRange<Byte>.contains(value: Long): Boolean
fun ClosedRange<Short>.contains(value: Long): Boolean
fun OpenEndRange<Int>.contains(value: Long): Boolean
fun OpenEndRange<Byte>.contains(value: Long): Boolean
fun OpenEndRange<Short>.contains(value: Long): Boolean
fun IntRange.contains(value: Long): Boolean
fun ClosedRange<Int>.contains(value: Short): Boolean
fun ClosedRange<Long>.contains(value: Short): Boolean
fun ClosedRange<Byte>.contains(value: Short): Boolean
fun OpenEndRange<Int>.contains(value: Short): Boolean
fun OpenEndRange<Long>.contains(value: Short): Boolean
fun OpenEndRange<Byte>.contains(value: Short): Boolean
fun IntRange.contains(value: Short): Boolean
fun LongRange.contains(value: Short): Boolean
fun UIntRange.contains(element: UInt?): Boolean
fun ULongRange.contains(element: ULong?): Boolean
fun UIntRange.contains(value: UByte): Boolean
fun ULongRange.contains(value: UByte): Boolean
fun ULongRange.contains(value: UInt): Boolean
fun UIntRange.contains(value: ULong): Boolean
fun UIntRange.contains(value: UShort): Boolean
fun ULongRange.contains(value: UShort): Boolean
fun <T> Sequence<T>.contains(element: T): Boolean
fun CharSequence.contains(other: CharSequence, ignoreCase: Boolean = ...): Boolean
fun CharSequence.contains(char: Char, ignoreCase: Boolean = ...): Boolean
fun CharSequence.contains(regex: Regex): Boolean
e: file:///Users/jim/work/v2superbikeshed/Trikeshed/src/commonMain/kotlin/borg/trikeshed/ccek/CCEKProtocolChoreographer.kt:42:57 None of the following candidates is applicable:
fun <T> Array<out T>.contains(element: T): Boolean
fun ByteArray.contains(element: Byte): Boolean
fun ShortArray.contains(element: Short): Boolean
fun IntArray.contains(element: Int): Boolean
fun LongArray.contains(element: Long): Boolean
fun BooleanArray.contains(element: Boolean): Boolean
fun CharArray.contains(element: Char): Boolean
fun <T> Iterable<T>.contains(element: T): Boolean
fun <K, V> Map<out K, V>.contains(key: K): Boolean
fun <T : Any, R : ClosedRange<T>, Iterable<T>> R.contains(element: T?): Boolean
fun <T : Any, R : OpenEndRange<T>, Iterable<T>> R.contains(element: T?): Boolean
fun IntRange.contains(element: Int?): Boolean
fun LongRange.contains(element: Long?): Boolean
fun CharRange.contains(element: Char?): Boolean
fun ClosedRange<Int>.contains(value: Byte): Boolean
fun ClosedRange<Long>.contains(value: Byte): Boolean
fun ClosedRange<Short>.contains(value: Byte): Boolean
fun OpenEndRange<Int>.contains(value: Byte): Boolean
fun OpenEndRange<Long>.contains(value: Byte): Boolean
fun OpenEndRange<Short>.contains(value: Byte): Boolean
fun IntRange.contains(value: Byte): Boolean
fun LongRange.contains(value: Byte): Boolean
fun ClosedRange<Float>.contains(value: Double): Boolean
fun ClosedRange<Double>.contains(value: Float): Boolean
fun OpenEndRange<Double>.contains(value: Float): Boolean
fun ClosedRange<Long>.contains(value: Int): Boolean
fun ClosedRange<Byte>.contains(value: Int): Boolean
fun ClosedRange<Short>.contains(value: Int): Boolean
fun OpenEndRange<Long>.contains(value: Int): Boolean
fun OpenEndRange<Byte>.contains(value: Int): Boolean
fun OpenEndRange<Short>.contains(value: Int): Boolean
fun LongRange.contains(value: Int): Boolean
fun ClosedRange<Int>.contains(value: Long): Boolean
fun ClosedRange<Byte>.contains(value: Long): Boolean
fun ClosedRange<Short>.contains(value: Long): Boolean
fun OpenEndRange<Int>.contains(value: Long): Boolean
fun OpenEndRange<Byte>.contains(value: Long): Boolean
fun OpenEndRange<Short>.contains(value: Long): Boolean
fun IntRange.contains(value: Long): Boolean
fun ClosedRange<Int>.contains(value: Short): Boolean
fun ClosedRange<Long>.contains(value: Short): Boolean
fun ClosedRange<Byte>.contains(value: Short): Boolean
fun OpenEndRange<Int>.contains(value: Short): Boolean
fun OpenEndRange<Long>.contains(value: Short): Boolean
fun OpenEndRange<Byte>.contains(value: Short): Boolean
fun IntRange.contains(value: Short): Boolean
fun LongRange.contains(value: Short): Boolean
fun UIntRange.contains(element: UInt?): Boolean
fun ULongRange.contains(element: ULong?): Boolean
fun UIntRange.contains(value: UByte): Boolean
fun ULongRange.contains(value: UByte): Boolean
fun ULongRange.contains(value: UInt): Boolean
fun UIntRange.contains(value: ULong): Boolean
fun UIntRange.contains(value: UShort): Boolean
fun ULongRange.contains(value: UShort): Boolean
fun <T> Sequence<T>.contains(element: T): Boolean
fun CharSequence.contains(other: CharSequence, ignoreCase: Boolean = ...): Boolean
fun CharSequence.contains(char: Char, ignoreCase: Boolean = ...): Boolean
fun CharSequence.contains(regex: Regex): Boolean
e: file:///Users/jim/work/v2superbikeshed/Trikeshed/src/commonMain/kotlin/borg/trikeshed/ccek/CCEKProtocolChoreographer.kt:43:27 None of the following candidates is applicable:
fun <T> Array<out T>.contains(element: T): Boolean
fun ByteArray.contains(element: Byte): Boolean
fun ShortArray.contains(element: Short): Boolean
fun IntArray.contains(element: Int): Boolean
fun LongArray.contains(element: Long): Boolean
fun BooleanArray.contains(element: Boolean): Boolean
fun CharArray.contains(element: Char): Boolean
fun <T> Iterable<T>.contains(element: T): Boolean
fun <K, V> Map<out K, V>.contains(key: K): Boolean
fun <T : Any, R : ClosedRange<T>, Iterable<T>> R.contains(element: T?): Boolean
fun <T : Any, R : OpenEndRange<T>, Iterable<T>> R.contains(element: T?): Boolean
fun IntRange.contains(element: Int?): Boolean
fun LongRange.contains(element: Long?): Boolean
fun CharRange.contains(element: Char?): Boolean
fun ClosedRange<Int>.contains(value: Byte): Boolean
fun ClosedRange<Long>.contains(value: Byte): Boolean
fun ClosedRange<Short>.contains(value: Byte): Boolean
fun OpenEndRange<Int>.contains(value: Byte): Boolean
fun OpenEndRange<Long>.contains(value: Byte): Boolean
fun OpenEndRange<Short>.contains(value: Byte): Boolean
fun IntRange.contains(value: Byte): Boolean
fun LongRange.contains(value: Byte): Boolean
fun ClosedRange<Float>.contains(value: Double): Boolean
fun ClosedRange<Double>.contains(value: Float): Boolean
fun OpenEndRange<Double>.contains(value: Float): Boolean
fun ClosedRange<Long>.contains(value: Int): Boolean
fun ClosedRange<Byte>.contains(value: Int): Boolean
fun ClosedRange<Short>.contains(value: Int): Boolean
fun OpenEndRange<Long>.contains(value: Int): Boolean
fun OpenEndRange<Byte>.contains(value: Int): Boolean
fun OpenEndRange<Short>.contains(value: Int): Boolean
fun LongRange.contains(value: Int): Boolean
fun ClosedRange<Int>.contains(value: Long): Boolean
fun ClosedRange<Byte>.contains(value: Long): Boolean
fun ClosedRange<Short>.contains(value: Long): Boolean
fun OpenEndRange<Int>.contains(value: Long): Boolean
fun OpenEndRange<Byte>.contains(value: Long): Boolean
fun OpenEndRange<Short>.contains(value: Long): Boolean
fun IntRange.contains(value: Long): Boolean
fun ClosedRange<Int>.contains(value: Short): Boolean
fun ClosedRange<Long>.contains(value: Short): Boolean
fun ClosedRange<Byte>.contains(value: Short): Boolean
fun OpenEndRange<Int>.contains(value: Short): Boolean
fun OpenEndRange<Long>.contains(value: Short): Boolean
fun OpenEndRange<Byte>.contains(value: Short): Boolean
fun IntRange.contains(value: Short): Boolean
fun LongRange.contains(value: Short): Boolean
fun UIntRange.contains(element: UInt?): Boolean
fun ULongRange.contains(element: ULong?): Boolean
fun UIntRange.contains(value: UByte): Boolean
fun ULongRange.contains(value: UByte): Boolean
fun ULongRange.contains(value: UInt): Boolean
fun UIntRange.contains(value: ULong): Boolean
fun UIntRange.contains(value: UShort): Boolean
fun ULongRange.contains(value: UShort): Boolean
fun <T> Sequence<T>.contains(element: T): Boolean
fun CharSequence.contains(other: CharSequence, ignoreCase: Boolean = ...): Boolean
fun CharSequence.contains(char: Char, ignoreCase: Boolean = ...): Boolean
fun CharSequence.contains(regex: Regex): Boolean
e: file:///Users/jim/work/v2superbikeshed/Trikeshed/src/commonMain/kotlin/borg/trikeshed/ccek/CCEKProtocolChoreographer.kt:43:60 None of the following candidates is applicable:
fun <T> Array<out T>.contains(element: T): Boolean
fun ByteArray.contains(element: Byte): Boolean
fun ShortArray.contains(element: Short): Boolean
fun IntArray.contains(element: Int): Boolean
fun LongArray.contains(element: Long): Boolean
fun BooleanArray.contains(element: Boolean): Boolean
fun CharArray.contains(element: Char): Boolean
fun <T> Iterable<T>.contains(element: T): Boolean
fun <K, V> Map<out K, V>.contains(key: K): Boolean
fun <T : Any, R : ClosedRange<T>, Iterable<T>> R.contains(element: T?): Boolean
fun <T : Any, R : OpenEndRange<T>, Iterable<T>> R.contains(element: T?): Boolean
fun IntRange.contains(element: Int?): Boolean
fun LongRange.contains(element: Long?): Boolean
fun CharRange.contains(element: Char?): Boolean
fun ClosedRange<Int>.contains(value: Byte): Boolean
fun ClosedRange<Long>.contains(value: Byte): Boolean
fun ClosedRange<Short>.contains(value: Byte): Boolean
fun OpenEndRange<Int>.contains(value: Byte): Boolean
fun OpenEndRange<Long>.contains(value: Byte): Boolean
fun OpenEndRange<Short>.contains(value: Byte): Boolean
fun IntRange.contains(value: Byte): Boolean
fun LongRange.contains(value: Byte): Boolean
fun ClosedRange<Float>.contains(value: Double): Boolean
fun ClosedRange<Double>.contains(value: Float): Boolean
fun OpenEndRange<Double>.contains(value: Float): Boolean
fun ClosedRange<Long>.contains(value: Int): Boolean
fun ClosedRange<Byte>.contains(value: Int): Boolean
fun ClosedRange<Short>.contains(value: Int): Boolean
fun OpenEndRange<Long>.contains(value: Int): Boolean
fun OpenEndRange<Byte>.contains(value: Int): Boolean
fun OpenEndRange<Short>.contains(value: Int): Boolean
fun LongRange.contains(value: Int): Boolean
fun ClosedRange<Int>.contains(value: Long): Boolean
fun ClosedRange<Byte>.contains(value: Long): Boolean
fun ClosedRange<Short>.contains(value: Long): Boolean
fun OpenEndRange<Int>.contains(value: Long): Boolean
fun OpenEndRange<Byte>.contains(value: Long): Boolean
fun OpenEndRange<Short>.contains(value: Long): Boolean
fun IntRange.contains(value: Long): Boolean
fun ClosedRange<Int>.contains(value: Short): Boolean
fun ClosedRange<Long>.contains(value: Short): Boolean
fun ClosedRange<Byte>.contains(value: Short): Boolean
fun OpenEndRange<Int>.contains(value: Short): Boolean
fun OpenEndRange<Long>.contains(value: Short): Boolean
fun OpenEndRange<Byte>.contains(value: Short): Boolean
fun IntRange.contains(value: Short): Boolean
fun LongRange.contains(value: Short): Boolean
fun UIntRange.contains(element: UInt?): Boolean
fun ULongRange.contains(element: ULong?): Boolean
fun UIntRange.contains(value: UByte): Boolean
fun ULongRange.contains(value: UByte): Boolean
fun ULongRange.contains(value: UInt): Boolean
fun UIntRange.contains(value: ULong): Boolean
fun UIntRange.contains(value: UShort): Boolean
fun ULongRange.contains(value: UShort): Boolean
fun <T> Sequence<T>.contains(element: T): Boolean
fun CharSequence.contains(other: CharSequence, ignoreCase: Boolean = ...): Boolean
fun CharSequence.contains(char: Char, ignoreCase: Boolean = ...): Boolean
fun CharSequence.contains(regex: Regex): Boolean
e: file:///Users/jim/work/v2superbikeshed/Trikeshed/src/commonMain/kotlin/borg/trikeshed/ccek/CCEKProtocolChoreographer.kt:52:13 Argument type mismatch: actual type is 'ContextOrchestration', but 'Function0<ContextOrchestration>' was expected.
e: file:///Users/jim/work/v2superbikeshed/Trikeshed/src/commonMain/kotlin/borg/trikeshed/ccek/CCEKProtocolChoreographer.kt:71:18 Unresolved reference 'CoroutineContext'.
e: file:///Users/jim/work/v2superbikeshed/Trikeshed/src/commonMain/kotlin/borg/trikeshed/ccek/CCEKProtocolChoreographer.kt:95:54 No value passed for parameter 'b'.
e: file:///Users/jim/work/v2superbikeshed/Trikeshed/src/commonMain/kotlin/borg/trikeshed/ccek/CCEKProtocolChoreographer.kt:97:35 Cannot infer type for this parameter. Specify it explicitly.
e: file:///Users/jim/work/v2superbikeshed/Trikeshed/src/commonMain/kotlin/borg/trikeshed/ccek/CCEKProtocolChoreographer.kt:97:35 Not enough information to infer type argument for 'B'.
e: file:///Users/jim/work/v2superbikeshed/Trikeshed/src/commonMain/kotlin/borg/trikeshed/ccek/CCEKProtocolChoreographer.kt:97:39 Cannot infer type for this parameter. Specify it explicitly.
e: file:///Users/jim/work/v2superbikeshed/Trikeshed/src/commonMain/kotlin/borg/trikeshed/ccek/CCEKProtocolChoreographer.kt:99:35 'operator' modifier is required on 'FirNamedFunctionSymbol kotlin/compareTo' in 'compareTo'.
e: file:///Users/jim/work/v2superbikeshed/Trikeshed/src/commonMain/kotlin/borg/trikeshed/ccek/CCEKProtocolChoreographer.kt:100:26 Suspension functions can only be called within coroutine body.
e: file:///Users/jim/work/v2superbikeshed/Trikeshed/src/commonMain/kotlin/borg/trikeshed/ccek/CCEKProtocolChoreographer.kt:116:57 No value passed for parameter 'b'.
e: file:///Users/jim/work/v2superbikeshed/Trikeshed/src/commonMain/kotlin/borg/trikeshed/ccek/CCEKProtocolChoreographer.kt:118:39 Cannot infer type for this parameter. Specify it explicitly.
e: file:///Users/jim/work/v2superbikeshed/Trikeshed/src/commonMain/kotlin/borg/trikeshed/ccek/CCEKProtocolChoreographer.kt:118:39 Not enough information to infer type argument for 'B'.
e: file:///Users/jim/work/v2superbikeshed/Trikeshed/src/commonMain/kotlin/borg/trikeshed/ccek/CCEKProtocolChoreographer.kt:118:43 Cannot infer type for this parameter. Specify it explicitly.
e: file:///Users/jim/work/v2superbikeshed/Trikeshed/src/commonMain/kotlin/borg/trikeshed/ccek/CCEKProtocolChoreographer.kt:120:35 'operator' modifier is required on 'FirNamedFunctionSymbol kotlin/compareTo' in 'compareTo'.
e: file:///Users/jim/work/v2superbikeshed/Trikeshed/src/commonMain/kotlin/borg/trikeshed/ccek/CCEKProtocolChoreographer.kt:121:26 Suspension functions can only be called within coroutine body.
e: file:///Users/jim/work/v2superbikeshed/Trikeshed/src/commonMain/kotlin/borg/trikeshed/ccek/CCEKProtocolChoreographer.kt:137:58 No value passed for parameter 'b'.
e: file:///Users/jim/work/v2superbikeshed/Trikeshed/src/commonMain/kotlin/borg/trikeshed/ccek/CCEKProtocolChoreographer.kt:139:36 Cannot infer type for this parameter. Specify it explicitly.
e: file:///Users/jim/work/v2superbikeshed/Trikeshed/src/commonMain/kotlin/borg/trikeshed/ccek/CCEKProtocolChoreographer.kt:139:36 Not enough information to infer type argument for 'B'.
e: file:///Users/jim/work/v2superbikeshed/Trikeshed/src/commonMain/kotlin/borg/trikeshed/ccek/CCEKProtocolChoreographer.kt:139:40 Cannot infer type for this parameter. Specify it explicitly.
e: file:///Users/jim/work/v2superbikeshed/Trikeshed/src/commonMain/kotlin/borg/trikeshed/ccek/CCEKProtocolChoreographer.kt:141:37 'operator' modifier is required on 'FirNamedFunctionSymbol kotlin/compareTo' in 'compareTo'.
e: file:///Users/jim/work/v2superbikeshed/Trikeshed/src/commonMain/kotlin/borg/trikeshed/ccek/CCEKProtocolChoreographer.kt:142:26 Suspension functions can only be called within coroutine body.
e: file:///Users/jim/work/v2superbikeshed/Trikeshed/src/commonMain/kotlin/borg/trikeshed/ccek/CCEKProtocolChoreographer.kt:165:31 Argument type mismatch: actual type is 'Join<CCEKResult, CCEKResult>', but 'Join<Int, Function1<Int, CCEKResult>>' was expected.
e: file:///Users/jim/work/v2superbikeshed/Trikeshed/src/commonMain/kotlin/borg/trikeshed/ccek/CCEKProtocolChoreographer.kt:176:31 Argument type mismatch: actual type is 'Join<CCEKResult, CCEKResult>', but 'Join<Int, Function1<Int, CCEKResult>>' was expected.
e: file:///Users/jim/work/v2superbikeshed/Trikeshed/src/commonMain/kotlin/borg/trikeshed/ccek/CCEKProtocolChoreographer.kt:187:31 Argument type mismatch: actual type is 'Join<CCEKResult, CCEKResult>', but 'Join<Int, Function1<Int, CCEKResult>>' was expected.
e: file:///Users/jim/work/v2superbikeshed/Trikeshed/src/commonMain/kotlin/borg/trikeshed/ccek/CCEKProtocolChoreographer.kt:202:35 Cannot infer type for this parameter. Specify it explicitly.
e: file:///Users/jim/work/v2superbikeshed/Trikeshed/src/commonMain/kotlin/borg/trikeshed/ccek/CCEKProtocolChoreographer.kt:202:35 Not enough information to infer type argument for 'B'.
e: file:///Users/jim/work/v2superbikeshed/Trikeshed/src/commonMain/kotlin/borg/trikeshed/ccek/CCEKProtocolChoreographer.kt:202:39 Cannot infer type for this parameter. Specify it explicitly.
e: file:///Users/jim/work/v2superbikeshed/Trikeshed/src/commonMain/kotlin/borg/trikeshed/ccek/CCEKProtocolChoreographer.kt:205:40 Suspension functions can only be called within coroutine body.
e: file:///Users/jim/work/v2superbikeshed/Trikeshed/src/commonMain/kotlin/borg/trikeshed/ccek/CCEKProtocolChoreographer.kt:206:43 Suspension functions can only be called within coroutine body.
e: file:///Users/jim/work/v2superbikeshed/Trikeshed/src/commonMain/kotlin/borg/trikeshed/ccek/CCEKProtocolChoreographer.kt:207:40 Suspension functions can only be called within coroutine body.
e: file:///Users/jim/work/v2superbikeshed/Trikeshed/src/commonMain/kotlin/borg/trikeshed/ccek/CCEKProtocolChoreographer.kt:224:23 Cannot infer type for this parameter. Specify it explicitly.
e: file:///Users/jim/work/v2superbikeshed/Trikeshed/src/commonMain/kotlin/borg/trikeshed/ccek/CCEKProtocolChoreographer.kt:225:25 Cannot infer type for this parameter. Specify it explicitly.
e: file:///Users/jim/work/v2superbikeshed/Trikeshed/src/commonMain/kotlin/borg/trikeshed/ccek/CCEKProtocolChoreographer.kt:225:27 Argument type mismatch: actual type is 'List<T (of fun <T> Collection<Deferred<T>>.awaitAll)>', but 'B (of fun <A, B> A.j)' was expected.
e: file:///Users/jim/work/v2superbikeshed/Trikeshed/src/commonMain/kotlin/borg/trikeshed/ccek/CCEKProtocolChoreographer.kt:225:27 Argument type mismatch: actual type is 'Collection<Deferred<T (of fun <T> Collection<Deferred<T>>.awaitAll)>>', but 'Function1<ERROR CLASS: No type for parameter, Deferred<CCEKResult>>' was expected.
e: file:///Users/jim/work/v2superbikeshed/Trikeshed/src/commonMain/kotlin/borg/trikeshed/ccek/CCEKProtocolChoreographer.kt:225:29 An explicit type is required on a value parameter.
e: file:///Users/jim/work/v2superbikeshed/Trikeshed/src/commonMain/kotlin/borg/trikeshed/ccek/CCEKProtocolChoreographer.kt:235:15 Cannot infer type for this parameter. Specify it explicitly.
e: file:///Users/jim/work/v2superbikeshed/Trikeshed/src/commonMain/kotlin/borg/trikeshed/ccek/CCEKProtocolChoreographer.kt:235:15 Unresolved reference. None of the following candidates is applicable because of a receiver type mismatch:
suspend fun <T> Collection<Deferred<T>>.awaitAll(): List<T>
e: file:///Users/jim/work/v2superbikeshed/Trikeshed/src/commonMain/kotlin/borg/trikeshed/ccek/CCEKProtocolChoreographer.kt:239:31 Cannot infer type for this parameter. Specify it explicitly.
e: file:///Users/jim/work/v2superbikeshed/Trikeshed/src/commonMain/kotlin/borg/trikeshed/ccek/CCEKProtocolChoreographer.kt:239:31 Not enough information to infer type argument for 'T'.
e: file:///Users/jim/work/v2superbikeshed/Trikeshed/src/commonMain/kotlin/borg/trikeshed/ccek/CCEKProtocolChoreographer.kt:239:45 Argument type mismatch: actual type is 'V? (of fun <K, V> Map<out K, V>.get)', but 'CCEKResult' was expected.
e: file:///Users/jim/work/v2superbikeshed/Trikeshed/src/commonMain/kotlin/borg/trikeshed/ccek/CCEKProtocolChoreographer.kt:239:45 Cannot infer type for this parameter. Specify it explicitly.
e: file:///Users/jim/work/v2superbikeshed/Trikeshed/src/commonMain/kotlin/borg/trikeshed/ccek/CCEKProtocolChoreographer.kt:282:38 Cannot infer type for this parameter. Specify it explicitly.
e: file:///Users/jim/work/v2superbikeshed/Trikeshed/src/commonMain/kotlin/borg/trikeshed/ccek/CCEKProtocolChoreographer.kt:282:38 Not enough information to infer type argument for 'B'.
e: file:///Users/jim/work/v2superbikeshed/Trikeshed/src/commonMain/kotlin/borg/trikeshed/ccek/CCEKProtocolChoreographer.kt:282:42 Cannot infer type for this parameter. Specify it explicitly.
e: file:///Users/jim/work/v2superbikeshed/Trikeshed/src/commonMain/kotlin/borg/trikeshed/ccek/CCEKProtocolChoreographer.kt:311:35 Cannot infer type for this parameter. Specify it explicitly.
e: file:///Users/jim/work/v2superbikeshed/Trikeshed/src/commonMain/kotlin/borg/trikeshed/ccek/CCEKProtocolChoreographer.kt:311:35 Not enough information to infer type argument for 'B'.
e: file:///Users/jim/work/v2superbikeshed/Trikeshed/src/commonMain/kotlin/borg/trikeshed/ccek/CCEKProtocolChoreographer.kt:311:39 Cannot infer type for this parameter. Specify it explicitly.
e: file:///Users/jim/work/v2superbikeshed/Trikeshed/src/commonMain/kotlin/borg/trikeshed/ccek/CCEKProtocolChoreographer.kt:314:40 Suspension functions can only be called within coroutine body.
e: file:///Users/jim/work/v2superbikeshed/Trikeshed/src/commonMain/kotlin/borg/trikeshed/ccek/CCEKProtocolChoreographer.kt:315:43 Suspension functions can only be called within coroutine body.
e: file:///Users/jim/work/v2superbikeshed/Trikeshed/src/commonMain/kotlin/borg/trikeshed/ccek/CCEKProtocolChoreographer.kt:316:40 Suspension functions can only be called within coroutine body.
e: file:///Users/jim/work/v2superbikeshed/Trikeshed/src/commonMain/kotlin/borg/trikeshed/ccek/CCEKProtocolIntegrationService.kt:25:9 Cannot infer type for this parameter. Specify it explicitly.
e: file:///Users/jim/work/v2superbikeshed/Trikeshed/src/commonMain/kotlin/borg/trikeshed/ccek/CCEKProtocolIntegrationService.kt:25:9 Type mismatch: inferred type is 'Join<String, ERROR CLASS: Cannot infer argument for type parameter B>', but 'Join<Int, Function1<Int, String>>' was expected.
e: file:///Users/jim/work/v2superbikeshed/Trikeshed/src/commonMain/kotlin/borg/trikeshed/ccek/CCEKProtocolIntegrationService.kt:25:17 No value passed for parameter 'b'.
e: file:///Users/jim/work/v2superbikeshed/Trikeshed/src/commonMain/kotlin/borg/trikeshed/ccek/CCEKProtocolIntegrationService.kt:25:25 Cannot infer type for this parameter. Specify it explicitly.
e: file:///Users/jim/work/v2superbikeshed/Trikeshed/src/commonMain/kotlin/borg/trikeshed/ccek/CCEKProtocolIntegrationService.kt:27:27 None of the following candidates is applicable:
fun <T> Array<out T>.contains(element: T): Boolean
fun ByteArray.contains(element: Byte): Boolean
fun ShortArray.contains(element: Short): Boolean
fun IntArray.contains(element: Int): Boolean
fun LongArray.contains(element: Long): Boolean
fun BooleanArray.contains(element: Boolean): Boolean
fun CharArray.contains(element: Char): Boolean
fun <T> Iterable<T>.contains(element: T): Boolean
fun <K, V> Map<out K, V>.contains(key: K): Boolean
fun <T : Any, R : ClosedRange<T>, Iterable<T>> R.contains(element: T?): Boolean
fun <T : Any, R : OpenEndRange<T>, Iterable<T>> R.contains(element: T?): Boolean
fun IntRange.contains(element: Int?): Boolean
fun LongRange.contains(element: Long?): Boolean
fun CharRange.contains(element: Char?): Boolean
fun ClosedRange<Int>.contains(value: Byte): Boolean
fun ClosedRange<Long>.contains(value: Byte): Boolean
fun ClosedRange<Short>.contains(value: Byte): Boolean
fun OpenEndRange<Int>.contains(value: Byte): Boolean
fun OpenEndRange<Long>.contains(value: Byte): Boolean
fun OpenEndRange<Short>.contains(value: Byte): Boolean
fun IntRange.contains(value: Byte): Boolean
fun LongRange.contains(value: Byte): Boolean
fun ClosedRange<Float>.contains(value: Double): Boolean
fun ClosedRange<Double>.contains(value: Float): Boolean
fun OpenEndRange<Double>.contains(value: Float): Boolean
fun ClosedRange<Long>.contains(value: Int): Boolean
fun ClosedRange<Byte>.contains(value: Int): Boolean
fun ClosedRange<Short>.contains(value: Int): Boolean
fun OpenEndRange<Long>.contains(value: Int): Boolean
fun OpenEndRange<Byte>.contains(value: Int): Boolean
fun OpenEndRange<Short>.contains(value: Int): Boolean
fun LongRange.contains(value: Int): Boolean
fun ClosedRange<Int>.contains(value: Long): Boolean
fun ClosedRange<Byte>.contains(value: Long): Boolean
fun ClosedRange<Short>.contains(value: Long): Boolean
fun OpenEndRange<Int>.contains(value: Long): Boolean
fun OpenEndRange<Byte>.contains(value: Long): Boolean
fun OpenEndRange<Short>.contains(value: Long): Boolean
fun IntRange.contains(value: Long): Boolean
fun ClosedRange<Int>.contains(value: Short): Boolean
fun ClosedRange<Long>.contains(value: Short): Boolean
fun ClosedRange<Byte>.contains(value: Short): Boolean
fun OpenEndRange<Int>.contains(value: Short): Boolean
fun OpenEndRange<Long>.contains(value: Short): Boolean
fun OpenEndRange<Byte>.contains(value: Short): Boolean
fun IntRange.contains(value: Short): Boolean
fun LongRange.contains(value: Short): Boolean
fun UIntRange.contains(element: UInt?): Boolean
fun ULongRange.contains(element: ULong?): Boolean
fun UIntRange.contains(value: UByte): Boolean
fun ULongRange.contains(value: UByte): Boolean
fun ULongRange.contains(value: UInt): Boolean
fun UIntRange.contains(value: ULong): Boolean
fun UIntRange.contains(value: UShort): Boolean
fun ULongRange.contains(value: UShort): Boolean
fun <T> Sequence<T>.contains(element: T): Boolean
fun CharSequence.contains(other: CharSequence, ignoreCase: Boolean = ...): Boolean
fun CharSequence.contains(char: Char, ignoreCase: Boolean = ...): Boolean
fun CharSequence.contains(regex: Regex): Boolean
e: file:///Users/jim/work/v2superbikeshed/Trikeshed/src/commonMain/kotlin/borg/trikeshed/ccek/CCEKProtocolIntegrationService.kt:27:57 None of the following candidates is applicable:
fun <T> Array<out T>.contains(element: T): Boolean
fun ByteArray.contains(element: Byte): Boolean
fun ShortArray.contains(element: Short): Boolean
fun IntArray.contains(element: Int): Boolean
fun LongArray.contains(element: Long): Boolean
fun BooleanArray.contains(element: Boolean): Boolean
fun CharArray.contains(element: Char): Boolean
fun <T> Iterable<T>.contains(element: T): Boolean
fun <K, V> Map<out K, V>.contains(key: K): Boolean
fun <T : Any, R : ClosedRange<T>, Iterable<T>> R.contains(element: T?): Boolean
fun <T : Any, R : OpenEndRange<T>, Iterable<T>> R.contains(element: T?): Boolean
fun IntRange.contains(element: Int?): Boolean
fun LongRange.contains(element: Long?): Boolean
fun CharRange.contains(element: Char?): Boolean
fun ClosedRange<Int>.contains(value: Byte): Boolean
fun ClosedRange<Long>.contains(value: Byte): Boolean
fun ClosedRange<Short>.contains(value: Byte): Boolean
fun OpenEndRange<Int>.contains(value: Byte): Boolean
fun OpenEndRange<Long>.contains(value: Byte): Boolean
fun OpenEndRange<Short>.contains(value: Byte): Boolean
fun IntRange.contains(value: Byte): Boolean
fun LongRange.contains(value: Byte): Boolean
fun ClosedRange<Float>.contains(value: Double): Boolean
fun ClosedRange<Double>.contains(value: Float): Boolean
fun OpenEndRange<Double>.contains(value: Float): Boolean
fun ClosedRange<Long>.contains(value: Int): Boolean
fun ClosedRange<Byte>.contains(value: Int): Boolean
fun ClosedRange<Short>.contains(value: Int): Boolean
fun OpenEndRange<Long>.contains(value: Int): Boolean
fun OpenEndRange<Byte>.contains(value: Int): Boolean
fun OpenEndRange<Short>.contains(value: Int): Boolean
fun LongRange.contains(value: Int): Boolean
fun ClosedRange<Int>.contains(value: Long): Boolean
fun ClosedRange<Byte>.contains(value: Long): Boolean
fun ClosedRange<Short>.contains(value: Long): Boolean
fun OpenEndRange<Int>.contains(value: Long): Boolean
fun OpenEndRange<Byte>.contains(value: Long): Boolean
fun OpenEndRange<Short>.contains(value: Long): Boolean
fun IntRange.contains(value: Long): Boolean
fun ClosedRange<Int>.contains(value: Short): Boolean
fun ClosedRange<Long>.contains(value: Short): Boolean
fun ClosedRange<Byte>.contains(value: Short): Boolean
fun OpenEndRange<Int>.contains(value: Short): Boolean
fun OpenEndRange<Long>.contains(value: Short): Boolean
fun OpenEndRange<Byte>.contains(value: Short): Boolean
fun IntRange.contains(value: Short): Boolean
fun LongRange.contains(value: Short): Boolean
fun UIntRange.contains(element: UInt?): Boolean
fun ULongRange.contains(element: ULong?): Boolean
fun UIntRange.contains(value: UByte): Boolean
fun ULongRange.contains(value: UByte): Boolean
fun ULongRange.contains(value: UInt): Boolean
fun UIntRange.contains(value: ULong): Boolean
fun UIntRange.contains(value: UShort): Boolean
fun ULongRange.contains(value: UShort): Boolean
fun <T> Sequence<T>.contains(element: T): Boolean
fun CharSequence.contains(other: CharSequence, ignoreCase: Boolean = ...): Boolean
fun CharSequence.contains(char: Char, ignoreCase: Boolean = ...): Boolean
fun CharSequence.contains(regex: Regex): Boolean
e: file:///Users/jim/work/v2superbikeshed/Trikeshed/src/commonMain/kotlin/borg/trikeshed/ccek/CCEKProtocolIntegrationService.kt:28:27 None of the following candidates is applicable:
fun <T> Array<out T>.contains(element: T): Boolean
fun ByteArray.contains(element: Byte): Boolean
fun ShortArray.contains(element: Short): Boolean
fun IntArray.contains(element: Int): Boolean
fun LongArray.contains(element: Long): Boolean
fun BooleanArray.contains(element: Boolean): Boolean
fun CharArray.contains(element: Char): Boolean
fun <T> Iterable<T>.contains(element: T): Boolean
fun <K, V> Map<out K, V>.contains(key: K): Boolean
fun <T : Any, R : ClosedRange<T>, Iterable<T>> R.contains(element: T?): Boolean
fun <T : Any, R : OpenEndRange<T>, Iterable<T>> R.contains(element: T?): Boolean
fun IntRange.contains(element: Int?): Boolean
fun LongRange.contains(element: Long?): Boolean
fun CharRange.contains(element: Char?): Boolean
fun ClosedRange<Int>.contains(value: Byte): Boolean
fun ClosedRange<Long>.contains(value: Byte): Boolean
fun ClosedRange<Short>.contains(value: Byte): Boolean
fun OpenEndRange<Int>.contains(value: Byte): Boolean
fun OpenEndRange<Long>.contains(value: Byte): Boolean
fun OpenEndRange<Short>.contains(value: Byte): Boolean
fun IntRange.contains(value: Byte): Boolean
fun LongRange.contains(value: Byte): Boolean
fun ClosedRange<Float>.contains(value: Double): Boolean
fun ClosedRange<Double>.contains(value: Float): Boolean
fun OpenEndRange<Double>.contains(value: Float): Boolean
fun ClosedRange<Long>.contains(value: Int): Boolean
fun ClosedRange<Byte>.contains(value: Int): Boolean
fun ClosedRange<Short>.contains(value: Int): Boolean
fun OpenEndRange<Long>.contains(value: Int): Boolean
fun OpenEndRange<Byte>.contains(value: Int): Boolean
fun OpenEndRange<Short>.contains(value: Int): Boolean
fun LongRange.contains(value: Int): Boolean
fun ClosedRange<Int>.contains(value: Long): Boolean
fun ClosedRange<Byte>.contains(value: Long): Boolean
fun ClosedRange<Short>.contains(value: Long): Boolean
fun OpenEndRange<Int>.contains(value: Long): Boolean
fun OpenEndRange<Byte>.contains(value: Long): Boolean
fun OpenEndRange<Short>.contains(value: Long): Boolean
fun IntRange.contains(value: Long): Boolean
fun ClosedRange<Int>.contains(value: Short): Boolean
fun ClosedRange<Long>.contains(value: Short): Boolean
fun ClosedRange<Byte>.contains(value: Short): Boolean
fun OpenEndRange<Int>.contains(value: Short): Boolean
fun OpenEndRange<Long>.contains(value: Short): Boolean
fun OpenEndRange<Byte>.contains(value: Short): Boolean
fun IntRange.contains(value: Short): Boolean
fun LongRange.contains(value: Short): Boolean
fun UIntRange.contains(element: UInt?): Boolean
fun ULongRange.contains(element: ULong?): Boolean
fun UIntRange.contains(value: UByte): Boolean
fun ULongRange.contains(value: UByte): Boolean
fun ULongRange.contains(value: UInt): Boolean
fun UIntRange.contains(value: ULong): Boolean
fun UIntRange.contains(value: UShort): Boolean
fun ULongRange.contains(value: UShort): Boolean
fun <T> Sequence<T>.contains(element: T): Boolean
fun CharSequence.contains(other: CharSequence, ignoreCase: Boolean = ...): Boolean
fun CharSequence.contains(char: Char, ignoreCase: Boolean = ...): Boolean
fun CharSequence.contains(regex: Regex): Boolean
e: file:///Users/jim/work/v2superbikeshed/Trikeshed/src/commonMain/kotlin/borg/trikeshed/ccek/CCEKProtocolIntegrationService.kt:28:57 None of the following candidates is applicable:
fun <T> Array<out T>.contains(element: T): Boolean
fun ByteArray.contains(element: Byte): Boolean
fun ShortArray.contains(element: Short): Boolean
fun IntArray.contains(element: Int): Boolean
fun LongArray.contains(element: Long): Boolean
fun BooleanArray.contains(element: Boolean): Boolean
fun CharArray.contains(element: Char): Boolean
fun <T> Iterable<T>.contains(element: T): Boolean
fun <K, V> Map<out K, V>.contains(key: K): Boolean
fun <T : Any, R : ClosedRange<T>, Iterable<T>> R.contains(element: T?): Boolean
fun <T : Any, R : OpenEndRange<T>, Iterable<T>> R.contains(element: T?): Boolean
fun IntRange.contains(element: Int?): Boolean
fun LongRange.contains(element: Long?): Boolean
fun CharRange.contains(element: Char?): Boolean
fun ClosedRange<Int>.contains(value: Byte): Boolean
fun ClosedRange<Long>.contains(value: Byte): Boolean
fun ClosedRange<Short>.contains(value: Byte): Boolean
fun OpenEndRange<Int>.contains(value: Byte): Boolean
fun OpenEndRange<Long>.contains(value: Byte): Boolean
fun OpenEndRange<Short>.contains(value: Byte): Boolean
fun IntRange.contains(value: Byte): Boolean
fun LongRange.contains(value: Byte): Boolean
fun ClosedRange<Float>.contains(value: Double): Boolean
fun ClosedRange<Double>.contains(value: Float): Boolean
fun OpenEndRange<Double>.contains(value: Float): Boolean
fun ClosedRange<Long>.contains(value: Int): Boolean
fun ClosedRange<Byte>.contains(value: Int): Boolean
fun ClosedRange<Short>.contains(value: Int): Boolean
fun OpenEndRange<Long>.contains(value: Int): Boolean
fun OpenEndRange<Byte>.contains(value: Int): Boolean
fun OpenEndRange<Short>.contains(value: Int): Boolean
fun LongRange.contains(value: Int): Boolean
fun ClosedRange<Int>.contains(value: Long): Boolean
fun ClosedRange<Byte>.contains(value: Long): Boolean
fun ClosedRange<Short>.contains(value: Long): Boolean
fun OpenEndRange<Int>.contains(value: Long): Boolean
fun OpenEndRange<Byte>.contains(value: Long): Boolean
fun OpenEndRange<Short>.contains(value: Long): Boolean
fun IntRange.contains(value: Long): Boolean
fun ClosedRange<Int>.contains(value: Short): Boolean
fun ClosedRange<Long>.contains(value: Short): Boolean
fun ClosedRange<Byte>.contains(value: Short): Boolean
fun OpenEndRange<Int>.contains(value: Short): Boolean
fun OpenEndRange<Long>.contains(value: Short): Boolean
fun OpenEndRange<Byte>.contains(value: Short): Boolean
fun IntRange.contains(value: Short): Boolean
fun LongRange.contains(value: Short): Boolean
fun UIntRange.contains(element: UInt?): Boolean
fun ULongRange.contains(element: ULong?): Boolean
fun UIntRange.contains(value: UByte): Boolean
fun ULongRange.contains(value: UByte): Boolean
fun ULongRange.contains(value: UInt): Boolean
fun UIntRange.contains(value: ULong): Boolean
fun UIntRange.contains(value: UShort): Boolean
fun ULongRange.contains(value: UShort): Boolean
fun <T> Sequence<T>.contains(element: T): Boolean
fun CharSequence.contains(other: CharSequence, ignoreCase: Boolean = ...): Boolean
fun CharSequence.contains(char: Char, ignoreCase: Boolean = ...): Boolean
fun CharSequence.contains(regex: Regex): Boolean
e: file:///Users/jim/work/v2superbikeshed/Trikeshed/src/commonMain/kotlin/borg/trikeshed/ccek/CCEKProtocolIntegrationService.kt:29:27 None of the following candidates is applicable:
fun <T> Array<out T>.contains(element: T): Boolean
fun ByteArray.contains(element: Byte): Boolean
fun ShortArray.contains(element: Short): Boolean
fun IntArray.contains(element: Int): Boolean
fun LongArray.contains(element: Long): Boolean
fun BooleanArray.contains(element: Boolean): Boolean
fun CharArray.contains(element: Char): Boolean
fun <T> Iterable<T>.contains(element: T): Boolean
fun <K, V> Map<out K, V>.contains(key: K): Boolean
fun <T : Any, R : ClosedRange<T>, Iterable<T>> R.contains(element: T?): Boolean
fun <T : Any, R : OpenEndRange<T>, Iterable<T>> R.contains(element: T?): Boolean
fun IntRange.contains(element: Int?): Boolean
fun LongRange.contains(element: Long?): Boolean
fun CharRange.contains(element: Char?): Boolean
fun ClosedRange<Int>.contains(value: Byte): Boolean
fun ClosedRange<Long>.contains(value: Byte): Boolean
fun ClosedRange<Short>.contains(value: Byte): Boolean
fun OpenEndRange<Int>.contains(value: Byte): Boolean
fun OpenEndRange<Long>.contains(value: Byte): Boolean
fun OpenEndRange<Short>.contains(value: Byte): Boolean
fun IntRange.contains(value: Byte): Boolean
fun LongRange.contains(value: Byte): Boolean
fun ClosedRange<Float>.contains(value: Double): Boolean
fun ClosedRange<Double>.contains(value: Float): Boolean
fun OpenEndRange<Double>.contains(value: Float): Boolean
fun ClosedRange<Long>.contains(value: Int): Boolean
fun ClosedRange<Byte>.contains(value: Int): Boolean
fun ClosedRange<Short>.contains(value: Int): Boolean
fun OpenEndRange<Long>.contains(value: Int): Boolean
fun OpenEndRange<Byte>.contains(value: Int): Boolean
fun OpenEndRange<Short>.contains(value: Int): Boolean
fun LongRange.contains(value: Int): Boolean
fun ClosedRange<Int>.contains(value: Long): Boolean
fun ClosedRange<Byte>.contains(value: Long): Boolean
fun ClosedRange<Short>.contains(value: Long): Boolean
fun OpenEndRange<Int>.contains(value: Long): Boolean
fun OpenEndRange<Byte>.contains(value: Long): Boolean
fun OpenEndRange<Short>.contains(value: Long): Boolean
fun IntRange.contains(value: Long): Boolean
fun ClosedRange<Int>.contains(value: Short): Boolean
fun ClosedRange<Long>.contains(value: Short): Boolean
fun ClosedRange<Byte>.contains(value: Short): Boolean
fun OpenEndRange<Int>.contains(value: Short): Boolean
fun OpenEndRange<Long>.contains(value: Short): Boolean
fun OpenEndRange<Byte>.contains(value: Short): Boolean
fun IntRange.contains(value: Short): Boolean
fun LongRange.contains(value: Short): Boolean
fun UIntRange.contains(element: UInt?): Boolean
fun ULongRange.contains(element: ULong?): Boolean
fun UIntRange.contains(value: UByte): Boolean
fun ULongRange.contains(value: UByte): Boolean
fun ULongRange.contains(value: UInt): Boolean
fun UIntRange.contains(value: ULong): Boolean
fun UIntRange.contains(value: UShort): Boolean
fun ULongRange.contains(value: UShort): Boolean
fun <T> Sequence<T>.contains(element: T): Boolean
fun CharSequence.contains(other: CharSequence, ignoreCase: Boolean = ...): Boolean
fun CharSequence.contains(char: Char, ignoreCase: Boolean = ...): Boolean
fun CharSequence.contains(regex: Regex): Boolean
e: file:///Users/jim/work/v2superbikeshed/Trikeshed/src/commonMain/kotlin/borg/trikeshed/ccek/CCEKProtocolIntegrationService.kt:29:60 None of the following candidates is applicable:
fun <T> Array<out T>.contains(element: T): Boolean
fun ByteArray.contains(element: Byte): Boolean
fun ShortArray.contains(element: Short): Boolean
fun IntArray.contains(element: Int): Boolean
fun LongArray.contains(element: Long): Boolean
fun BooleanArray.contains(element: Boolean): Boolean
fun CharArray.contains(element: Char): Boolean
fun <T> Iterable<T>.contains(element: T): Boolean
fun <K, V> Map<out K, V>.contains(key: K): Boolean
fun <T : Any, R : ClosedRange<T>, Iterable<T>> R.contains(element: T?): Boolean
fun <T : Any, R : OpenEndRange<T>, Iterable<T>> R.contains(element: T?): Boolean
fun IntRange.contains(element: Int?): Boolean
fun LongRange.contains(element: Long?): Boolean
fun CharRange.contains(element: Char?): Boolean
fun ClosedRange<Int>.contains(value: Byte): Boolean
fun ClosedRange<Long>.contains(value: Byte): Boolean
fun ClosedRange<Short>.contains(value: Byte): Boolean
fun OpenEndRange<Int>.contains(value: Byte): Boolean
fun OpenEndRange<Long>.contains(value: Byte): Boolean
fun OpenEndRange<Short>.contains(value: Byte): Boolean
fun IntRange.contains(value: Byte): Boolean
fun LongRange.contains(value: Byte): Boolean
fun ClosedRange<Float>.contains(value: Double): Boolean
fun ClosedRange<Double>.contains(value: Float): Boolean
fun OpenEndRange<Double>.contains(value: Float): Boolean
fun ClosedRange<Long>.contains(value: Int): Boolean
fun ClosedRange<Byte>.contains(value: Int): Boolean
fun ClosedRange<Short>.contains(value: Int): Boolean
fun OpenEndRange<Long>.contains(value: Int): Boolean
fun OpenEndRange<Byte>.contains(value: Int): Boolean
fun OpenEndRange<Short>.contains(value: Int): Boolean
fun LongRange.contains(value: Int): Boolean
fun ClosedRange<Int>.contains(value: Long): Boolean
fun ClosedRange<Byte>.contains(value: Long): Boolean
fun ClosedRange<Short>.contains(value: Long): Boolean
fun OpenEndRange<Int>.contains(value: Long): Boolean
fun OpenEndRange<Byte>.contains(value: Long): Boolean
fun OpenEndRange<Short>.contains(value: Long): Boolean
fun IntRange.contains(value: Long): Boolean
fun ClosedRange<Int>.contains(value: Short): Boolean
fun ClosedRange<Long>.contains(value: Short): Boolean
fun ClosedRange<Byte>.contains(value: Short): Boolean
fun OpenEndRange<Int>.contains(value: Short): Boolean
fun OpenEndRange<Long>.contains(value: Short): Boolean
fun OpenEndRange<Byte>.contains(value: Short): Boolean
fun IntRange.contains(value: Short): Boolean
fun LongRange.contains(value: Short): Boolean
fun UIntRange.contains(element: UInt?): Boolean
fun ULongRange.contains(element: ULong?): Boolean
fun UIntRange.contains(value: UByte): Boolean
fun ULongRange.contains(value: UByte): Boolean
fun ULongRange.contains(value: UInt): Boolean
fun UIntRange.contains(value: ULong): Boolean
fun UIntRange.contains(value: UShort): Boolean
fun ULongRange.contains(value: UShort): Boolean
fun <T> Sequence<T>.contains(element: T): Boolean
fun CharSequence.contains(other: CharSequence, ignoreCase: Boolean = ...): Boolean
fun CharSequence.contains(char: Char, ignoreCase: Boolean = ...): Boolean
fun CharSequence.contains(regex: Regex): Boolean
e: file:///Users/jim/work/v2superbikeshed/Trikeshed/src/commonMain/kotlin/borg/trikeshed/ccek/CCEKProtocolIntegrationService.kt:30:27 None of the following candidates is applicable:
fun <T> Array<out T>.contains(element: T): Boolean
fun ByteArray.contains(element: Byte): Boolean
fun ShortArray.contains(element: Short): Boolean
fun IntArray.contains(element: Int): Boolean
fun LongArray.contains(element: Long): Boolean
fun BooleanArray.contains(element: Boolean): Boolean
fun CharArray.contains(element: Char): Boolean
fun <T> Iterable<T>.contains(element: T): Boolean
fun <K, V> Map<out K, V>.contains(key: K): Boolean
fun <T : Any, R : ClosedRange<T>, Iterable<T>> R.contains(element: T?): Boolean
fun <T : Any, R : OpenEndRange<T>, Iterable<T>> R.contains(element: T?): Boolean
fun IntRange.contains(element: Int?): Boolean
fun LongRange.contains(element: Long?): Boolean
fun CharRange.contains(element: Char?): Boolean
fun ClosedRange<Int>.contains(value: Byte): Boolean
fun ClosedRange<Long>.contains(value: Byte): Boolean
fun ClosedRange<Short>.contains(value: Byte): Boolean
fun OpenEndRange<Int>.contains(value: Byte): Boolean
fun OpenEndRange<Long>.contains(value: Byte): Boolean
fun OpenEndRange<Short>.contains(value: Byte): Boolean
fun IntRange.contains(value: Byte): Boolean
fun LongRange.contains(value: Byte): Boolean
fun ClosedRange<Float>.contains(value: Double): Boolean
fun ClosedRange<Double>.contains(value: Float): Boolean
fun OpenEndRange<Double>.contains(value: Float): Boolean
fun ClosedRange<Long>.contains(value: Int): Boolean
fun ClosedRange<Byte>.contains(value: Int): Boolean
fun ClosedRange<Short>.contains(value: Int): Boolean
fun OpenEndRange<Long>.contains(value: Int): Boolean
fun OpenEndRange<Byte>.contains(value: Int): Boolean
fun OpenEndRange<Short>.contains(value: Int): Boolean
fun LongRange.contains(value: Int): Boolean
fun ClosedRange<Int>.contains(value: Long): Boolean
fun ClosedRange<Byte>.contains(value: Long): Boolean
fun ClosedRange<Short>.contains(value: Long): Boolean
fun OpenEndRange<Int>.contains(value: Long): Boolean
fun OpenEndRange<Byte>.contains(value: Long): Boolean
fun OpenEndRange<Short>.contains(value: Long): Boolean
fun IntRange.contains(value: Long): Boolean
fun ClosedRange<Int>.contains(value: Short): Boolean
fun ClosedRange<Long>.contains(value: Short): Boolean
fun ClosedRange<Byte>.contains(value: Short): Boolean
fun OpenEndRange<Int>.contains(value: Short): Boolean
fun OpenEndRange<Long>.contains(value: Short): Boolean
fun OpenEndRange<Byte>.contains(value: Short): Boolean
fun IntRange.contains(value: Short): Boolean
fun LongRange.contains(value: Short): Boolean
fun UIntRange.contains(element: UInt?): Boolean
fun ULongRange.contains(element: ULong?): Boolean
fun UIntRange.contains(value: UByte): Boolean
fun ULongRange.contains(value: UByte): Boolean
fun ULongRange.contains(value: UInt): Boolean
fun UIntRange.contains(value: ULong): Boolean
fun UIntRange.contains(value: UShort): Boolean
fun ULongRange.contains(value: UShort): Boolean
fun <T> Sequence<T>.contains(element: T): Boolean
fun CharSequence.contains(other: CharSequence, ignoreCase: Boolean = ...): Boolean
fun CharSequence.contains(char: Char, ignoreCase: Boolean = ...): Boolean
fun CharSequence.contains(regex: Regex): Boolean
e: file:///Users/jim/work/v2superbikeshed/Trikeshed/src/commonMain/kotlin/borg/trikeshed/ccek/CCEKProtocolIntegrationService.kt:31:27 None of the following candidates is applicable:
fun <T> Array<out T>.contains(element: T): Boolean
fun ByteArray.contains(element: Byte): Boolean
fun ShortArray.contains(element: Short): Boolean
fun IntArray.contains(element: Int): Boolean
fun LongArray.contains(element: Long): Boolean
fun BooleanArray.contains(element: Boolean): Boolean
fun CharArray.contains(element: Char): Boolean
fun <T> Iterable<T>.contains(element: T): Boolean
fun <K, V> Map<out K, V>.contains(key: K): Boolean
fun <T : Any, R : ClosedRange<T>, Iterable<T>> R.contains(element: T?): Boolean
fun <T : Any, R : OpenEndRange<T>, Iterable<T>> R.contains(element: T?): Boolean
fun IntRange.contains(element: Int?): Boolean
fun LongRange.contains(element: Long?): Boolean
fun CharRange.contains(element: Char?): Boolean
fun ClosedRange<Int>.contains(value: Byte): Boolean
fun ClosedRange<Long>.contains(value: Byte): Boolean
fun ClosedRange<Short>.contains(value: Byte): Boolean
fun OpenEndRange<Int>.contains(value: Byte): Boolean
fun OpenEndRange<Long>.contains(value: Byte): Boolean
fun OpenEndRange<Short>.contains(value: Byte): Boolean
fun IntRange.contains(value: Byte): Boolean
fun LongRange.contains(value: Byte): Boolean
fun ClosedRange<Float>.contains(value: Double): Boolean
fun ClosedRange<Double>.contains(value: Float): Boolean
fun OpenEndRange<Double>.contains(value: Float): Boolean
fun ClosedRange<Long>.contains(value: Int): Boolean
fun ClosedRange<Byte>.contains(value: Int): Boolean
fun ClosedRange<Short>.contains(value: Int): Boolean
fun OpenEndRange<Long>.contains(value: Int): Boolean
fun OpenEndRange<Byte>.contains(value: Int): Boolean
fun OpenEndRange<Short>.contains(value: Int): Boolean
fun LongRange.contains(value: Int): Boolean
fun ClosedRange<Int>.contains(value: Long): Boolean
fun ClosedRange<Byte>.contains(value: Long): Boolean
fun ClosedRange<Short>.contains(value: Long): Boolean
fun OpenEndRange<Int>.contains(value: Long): Boolean
fun OpenEndRange<Byte>.contains(value: Long): Boolean
fun OpenEndRange<Short>.contains(value: Long): Boolean
fun IntRange.contains(value: Long): Boolean
fun ClosedRange<Int>.contains(value: Short): Boolean
fun ClosedRange<Long>.contains(value: Short): Boolean
fun ClosedRange<Byte>.contains(value: Short): Boolean
fun OpenEndRange<Int>.contains(value: Short): Boolean
fun OpenEndRange<Long>.contains(value: Short): Boolean
fun OpenEndRange<Byte>.contains(value: Short): Boolean
fun IntRange.contains(value: Short): Boolean
fun LongRange.contains(value: Short): Boolean
fun UIntRange.contains(element: UInt?): Boolean
fun ULongRange.contains(element: ULong?): Boolean
fun UIntRange.contains(value: UByte): Boolean
fun ULongRange.contains(value: UByte): Boolean
fun ULongRange.contains(value: UInt): Boolean
fun UIntRange.contains(value: ULong): Boolean
fun UIntRange.contains(value: UShort): Boolean
fun ULongRange.contains(value: UShort): Boolean
fun <T> Sequence<T>.contains(element: T): Boolean
fun CharSequence.contains(other: CharSequence, ignoreCase: Boolean = ...): Boolean
fun CharSequence.contains(char: Char, ignoreCase: Boolean = ...): Boolean
fun CharSequence.contains(regex: Regex): Boolean
e: file:///Users/jim/work/v2superbikeshed/Trikeshed/src/commonMain/kotlin/borg/trikeshed/ccek/CCEKProtocolIntegrationService.kt:32:27 None of the following candidates is applicable:
fun <T> Array<out T>.contains(element: T): Boolean
fun ByteArray.contains(element: Byte): Boolean
fun ShortArray.contains(element: Short): Boolean
fun IntArray.contains(element: Int): Boolean
fun LongArray.contains(element: Long): Boolean
fun BooleanArray.contains(element: Boolean): Boolean
fun CharArray.contains(element: Char): Boolean
fun <T> Iterable<T>.contains(element: T): Boolean
fun <K, V> Map<out K, V>.contains(key: K): Boolean
fun <T : Any, R : ClosedRange<T>, Iterable<T>> R.contains(element: T?): Boolean
fun <T : Any, R : OpenEndRange<T>, Iterable<T>> R.contains(element: T?): Boolean
fun IntRange.contains(element: Int?): Boolean
fun LongRange.contains(element: Long?): Boolean
fun CharRange.contains(element: Char?): Boolean
fun ClosedRange<Int>.contains(value: Byte): Boolean
fun ClosedRange<Long>.contains(value: Byte): Boolean
fun ClosedRange<Short>.contains(value: Byte): Boolean
fun OpenEndRange<Int>.contains(value: Byte): Boolean
fun OpenEndRange<Long>.contains(value: Byte): Boolean
fun OpenEndRange<Short>.contains(value: Byte): Boolean
fun IntRange.contains(value: Byte): Boolean
fun LongRange.contains(value: Byte): Boolean
fun ClosedRange<Float>.contains(value: Double): Boolean
fun ClosedRange<Double>.contains(value: Float): Boolean
fun OpenEndRange<Double>.contains(value: Float): Boolean
fun ClosedRange<Long>.contains(value: Int): Boolean
fun ClosedRange<Byte>.contains(value: Int): Boolean
fun ClosedRange<Short>.contains(value: Int): Boolean
fun OpenEndRange<Long>.contains(value: Int): Boolean
fun OpenEndRange<Byte>.contains(value: Int): Boolean
fun OpenEndRange<Short>.contains(value: Int): Boolean
fun LongRange.contains(value: Int): Boolean
fun ClosedRange<Int>.contains(value: Long): Boolean
fun ClosedRange<Byte>.contains(value: Long): Boolean
fun ClosedRange<Short>.contains(value: Long): Boolean
fun OpenEndRange<Int>.contains(value: Long): Boolean
fun OpenEndRange<Byte>.contains(value: Long): Boolean
fun OpenEndRange<Short>.contains(value: Long): Boolean
fun IntRange.contains(value: Long): Boolean
fun ClosedRange<Int>.contains(value: Short): Boolean
fun ClosedRange<Long>.contains(value: Short): Boolean
fun ClosedRange<Byte>.contains(value: Short): Boolean
fun OpenEndRange<Int>.contains(value: Short): Boolean
fun OpenEndRange<Long>.contains(value: Short): Boolean
fun OpenEndRange<Byte>.contains(value: Short): Boolean
fun IntRange.contains(value: Short): Boolean
fun LongRange.contains(value: Short): Boolean
fun UIntRange.contains(element: UInt?): Boolean
fun ULongRange.contains(element: ULong?): Boolean
fun UIntRange.contains(value: UByte): Boolean
fun ULongRange.contains(value: UByte): Boolean
fun ULongRange.contains(value: UInt): Boolean
fun UIntRange.contains(value: ULong): Boolean
fun UIntRange.contains(value: UShort): Boolean
fun ULongRange.contains(value: UShort): Boolean
fun <T> Sequence<T>.contains(element: T): Boolean
fun CharSequence.contains(other: CharSequence, ignoreCase: Boolean = ...): Boolean
fun CharSequence.contains(char: Char, ignoreCase: Boolean = ...): Boolean
fun CharSequence.contains(regex: Regex): Boolean
e: file:///Users/jim/work/v2superbikeshed/Trikeshed/src/commonMain/kotlin/borg/trikeshed/ccek/CCEKProtocolIntegrationService.kt:40:13 Argument type mismatch: actual type is 'CCEKContext', but 'Function0<CCEKContext>' was expected.
e: file:///Users/jim/work/v2superbikeshed/Trikeshed/src/commonMain/kotlin/borg/trikeshed/ccek/CCEKProtocolIntegrationService.kt:59:18 Unresolved reference 'CoroutineContext'.
e: file:///Users/jim/work/v2superbikeshed/Trikeshed/src/commonMain/kotlin/borg/trikeshed/ccek/CCEKProtocolIntegrationService.kt:115:18 Unresolved reference 'CoroutineContext'.
e: file:///Users/jim/work/v2superbikeshed/Trikeshed/src/commonMain/kotlin/borg/trikeshed/ccek/CCEKProtocolIntegrationService.kt:121:31 Suspension functions can only be called within coroutine body.
e: file:///Users/jim/work/v2superbikeshed/Trikeshed/src/commonMain/kotlin/borg/trikeshed/ccek/CCEKProtocolIntegrationService.kt:122:34 Suspension functions can only be called within coroutine body.
e: file:///Users/jim/work/v2superbikeshed/Trikeshed/src/commonMain/kotlin/borg/trikeshed/ccek/CCEKProtocolIntegrationService.kt:123:31 Suspension functions can only be called within coroutine body.
e: file:///Users/jim/work/v2superbikeshed/Trikeshed/src/commonMain/kotlin/borg/trikeshed/ccek/CCEKProtocolIntegrationService.kt:135:23 Cannot infer type for this parameter. Specify it explicitly.
e: file:///Users/jim/work/v2superbikeshed/Trikeshed/src/commonMain/kotlin/borg/trikeshed/ccek/CCEKProtocolIntegrationService.kt:135:23 Argument type mismatch: actual type is 'Join<CCEKResult, B (of fun <A, B> invoke)>', but 'Join<Int, Function1<Int, CCEKResult>>' was expected.
e: file:///Users/jim/work/v2superbikeshed/Trikeshed/src/commonMain/kotlin/borg/trikeshed/ccek/CCEKProtocolIntegrationService.kt:135:31 No value passed for parameter 'b'.
e: file:///Users/jim/work/v2superbikeshed/Trikeshed/src/commonMain/kotlin/borg/trikeshed/ccek/CCEKProtocolIntegrationService.kt:144:23 Cannot infer type for this parameter. Specify it explicitly.
e: file:///Users/jim/work/v2superbikeshed/Trikeshed/src/commonMain/kotlin/borg/trikeshed/ccek/CCEKProtocolIntegrationService.kt:144:23 Argument type mismatch: actual type is 'Join<CCEKResult, B (of fun <A, B> invoke)>', but 'Join<Int, Function1<Int, CCEKResult>>' was expected.
e: file:///Users/jim/work/v2superbikeshed/Trikeshed/src/commonMain/kotlin/borg/trikeshed/ccek/CCEKProtocolIntegrationService.kt:144:31 No value passed for parameter 'b'.
e: file:///Users/jim/work/v2superbikeshed/Trikeshed/src/commonMain/kotlin/borg/trikeshed/ccek/CCEKProtocolIntegrationService.kt:153:23 Cannot infer type for this parameter. Specify it explicitly.
e: file:///Users/jim/work/v2superbikeshed/Trikeshed/src/commonMain/kotlin/borg/trikeshed/ccek/CCEKProtocolIntegrationService.kt:153:23 Argument type mismatch: actual type is 'Join<CCEKResult, B (of fun <A, B> invoke)>', but 'Join<Int, Function1<Int, CCEKResult>>' was expected.
e: file:///Users/jim/work/v2superbikeshed/Trikeshed/src/commonMain/kotlin/borg/trikeshed/ccek/CCEKProtocolIntegrationService.kt:153:31 No value passed for parameter 'b'.
e: file:///Users/jim/work/v2superbikeshed/Trikeshed/src/commonMain/kotlin/borg/trikeshed/ccek/CCEKProtocolIntegrationService.kt:164:23 Argument type mismatch: actual type is 'Join<CCEKResult, CCEKResult>', but 'Join<Int, Function1<Int, CCEKResult>>' was expected.
e: file:///Users/jim/work/v2superbikeshed/Trikeshed/src/commonMain/kotlin/borg/trikeshed/ccek/CCEKProtocolIntegrationService.kt:175:23 Argument type mismatch: actual type is 'Join<CCEKResult, CCEKResult>', but 'Join<Int, Function1<Int, CCEKResult>>' was expected.
e: file:///Users/jim/work/v2superbikeshed/Trikeshed/src/commonMain/kotlin/borg/trikeshed/ccek/CCEKProtocolIntegrationService.kt:186:23 Argument type mismatch: actual type is 'Join<CCEKResult, CCEKResult>', but 'Join<Int, Function1<Int, CCEKResult>>' was expected.
e: file:///Users/jim/work/v2superbikeshed/Trikeshed/src/commonMain/kotlin/borg/trikeshed/ccek/CCEKProtocolIntegrationService.kt:193:60 Cannot infer type for this parameter. Specify it explicitly.
e: file:///Users/jim/work/v2superbikeshed/Trikeshed/src/commonMain/kotlin/borg/trikeshed/ccek/CCEKProtocolIntegrationService.kt:193:60 Argument type mismatch: actual type is 'Join<String, B (of fun <A, B> invoke)>', but 'Join<Int, Function1<Int, String>>' was expected.
e: file:///Users/jim/work/v2superbikeshed/Trikeshed/src/commonMain/kotlin/borg/trikeshed/ccek/CCEKProtocolIntegrationService.kt:193:68 No value passed for parameter 'b'.
e: file:///Users/jim/work/v2superbikeshed/Trikeshed/src/commonMain/kotlin/borg/trikeshed/ccek/CCEKProtocolOrchestrator.kt:8:27 Unresolved reference 'PackingStrategies'.
e: file:///Users/jim/work/v2superbikeshed/Trikeshed/src/commonMain/kotlin/borg/trikeshed/ccek/CCEKProtocolOrchestrator.kt:23:13 Argument type mismatch: actual type is 'ProtocolTarget', but 'Function0<ProtocolTarget>' was expected.
e: file:///Users/jim/work/v2superbikeshed/Trikeshed/src/commonMain/kotlin/borg/trikeshed/ccek/CCEKProtocolOrchestrator.kt:32:76 Unresolved reference 'PackingStrategies'.
e: file:///Users/jim/work/v2superbikeshed/Trikeshed/src/commonMain/kotlin/borg/trikeshed/ccek/CCEKProtocolOrchestrator.kt:35:42 Unresolved reference 'PackingStrategies'.
e: file:///Users/jim/work/v2superbikeshed/Trikeshed/src/commonMain/kotlin/borg/trikeshed/ccek/CCEKProtocolOrchestrator.kt:36:45 Unresolved reference 'PackingStrategies'.
e: file:///Users/jim/work/v2superbikeshed/Trikeshed/src/commonMain/kotlin/borg/trikeshed/ccek/CCEKProtocolOrchestrator.kt:37:42 Unresolved reference 'PackingStrategies'.
e: file:///Users/jim/work/v2superbikeshed/Trikeshed/src/commonMain/kotlin/borg/trikeshed/ccek/CCEKProtocolOrchestrator.kt:38:45 Unresolved reference 'PackingStrategies'.
e: file:///Users/jim/work/v2superbikeshed/Trikeshed/src/commonMain/kotlin/borg/trikeshed/ccek/CCEKProtocolOrchestrator.kt:45:13 Argument type mismatch: actual type is 'EncodingStrategy', but 'Function0<EncodingStrategy>' was expected.
e: file:///Users/jim/work/v2superbikeshed/Trikeshed/src/commonMain/kotlin/borg/trikeshed/ccek/CCEKProtocolOrchestrator.kt:56:13 Argument type mismatch: actual type is 'CCEKContext', but 'Function0<CCEKContext>' was expected.
e: file:///Users/jim/work/v2superbikeshed/Trikeshed/src/commonMain/kotlin/borg/trikeshed/ccek/CCEKProtocolOrchestrator.kt:69:13 Argument type mismatch: actual type is 'QuicFrameHandler', but 'Function0<QuicFrameHandler>' was expected.
e: file:///Users/jim/work/v2superbikeshed/Trikeshed/src/commonMain/kotlin/borg/trikeshed/ccek/CCEKProtocolOrchestrator.kt:82:13 Argument type mismatch: actual type is 'QuicCompressionContext', but 'Function0<QuicCompressionContext>' was expected.
e: file:///Users/jim/work/v2superbikeshed/Trikeshed/src/commonMain/kotlin/borg/trikeshed/ccek/CCEKProtocolOrchestrator.kt:94:13 Argument type mismatch: actual type is 'CouchDBDocumentHandler', but 'Function0<CouchDBDocumentHandler>' was expected.
e: file:///Users/jim/work/v2superbikeshed/Trikeshed/src/commonMain/kotlin/borg/trikeshed/ccek/CCEKProtocolOrchestrator.kt:106:13 Argument type mismatch: actual type is 'CouchDBCompressionContext', but 'Function0<CouchDBCompressionContext>' was expected.
e: file:///Users/jim/work/v2superbikeshed/Trikeshed/src/commonMain/kotlin/borg/trikeshed/ccek/CCEKProtocolOrchestrator.kt:120:13 Argument type mismatch: actual type is 'IPFSBlockHandler', but 'Function0<IPFSBlockHandler>' was expected.
e: file:///Users/jim/work/v2superbikeshed/Trikeshed/src/commonMain/kotlin/borg/trikeshed/ccek/CCEKProtocolOrchestrator.kt:132:13 Argument type mismatch: actual type is 'IPFSCompressionContext', but 'Function0<IPFSCompressionContext>' was expected.
e: file:///Users/jim/work/v2superbikeshed/Trikeshed/src/commonMain/kotlin/borg/trikeshed/ccek/CCEKProtocolOrchestrator.kt:157:13 Suspension functions can only be called within coroutine body.
e: file:///Users/jim/work/v2superbikeshed/Trikeshed/src/commonMain/kotlin/borg/trikeshed/ccek/CCEKProtocolOrchestrator.kt:227:22 Unresolved reference 'PackingStrategies'.
e: file:///Users/jim/work/v2superbikeshed/Trikeshed/src/commonMain/kotlin/borg/trikeshed/ccek/CCEKProtocolOrchestrator.kt:244:73 Unresolved reference 'PackingStrategies'.
e: file:///Users/jim/work/v2superbikeshed/Trikeshed/src/commonMain/kotlin/borg/trikeshed/ccek/CCEKProtocolOrchestrator.kt:245:16 'when' expression must be exhaustive. Add an 'else' branch.
e: file:///Users/jim/work/v2superbikeshed/Trikeshed/src/commonMain/kotlin/borg/trikeshed/ccek/CCEKProtocolOrchestrator.kt:246:13 Unresolved reference 'PackingStrategies'.
e: file:///Users/jim/work/v2superbikeshed/Trikeshed/src/commonMain/kotlin/borg/trikeshed/ccek/CCEKProtocolOrchestrator.kt:246:53 Unresolved reference 'LZ4'.
e: file:///Users/jim/work/v2superbikeshed/Trikeshed/src/commonMain/kotlin/borg/trikeshed/ccek/CCEKProtocolOrchestrator.kt:247:13 Unresolved reference 'PackingStrategies'.
e: file:///Users/jim/work/v2superbikeshed/Trikeshed/src/commonMain/kotlin/borg/trikeshed/ccek/CCEKProtocolOrchestrator.kt:247:54 Unresolved reference 'ZSTD'.
e: file:///Users/jim/work/v2superbikeshed/Trikeshed/src/commonMain/kotlin/borg/trikeshed/ccek/CCEKProtocolOrchestrator.kt:248:13 Unresolved reference 'PackingStrategies'.
e: file:///Users/jim/work/v2superbikeshed/Trikeshed/src/commonMain/kotlin/borg/trikeshed/ccek/CCEKProtocolOrchestrator.kt:248:56 Unresolved reference 'BROTLI'.
e: file:///Users/jim/work/v2superbikeshed/Trikeshed/src/commonMain/kotlin/borg/trikeshed/ccek/CCEKProtocolOrchestrator.kt:249:13 Unresolved reference 'PackingStrategies'.
e: file:///Users/jim/work/v2superbikeshed/Trikeshed/src/commonMain/kotlin/borg/trikeshed/ccek/CCEKProtocolOrchestrator.kt:355:12 Redeclaration:
enum class CCEKContext : Enum<CCEKContext>
e: file:///Users/jim/work/v2superbikeshed/Trikeshed/src/commonMain/kotlin/borg/trikeshed/common/FileSystem.kt:3:12 readLinesSeq: expect and corresponding actual are declared in the same module.
e: file:///Users/jim/work/v2superbikeshed/Trikeshed/src/commonMain/kotlin/borg/trikeshed/common/FileSystem.kt:4:12 readLines: expect and corresponding actual are declared in the same module.
e: file:///Users/jim/work/v2superbikeshed/Trikeshed/src/commonMain/kotlin/borg/trikeshed/common/ReadLines.kt:3:5 readLinesSeq: expect and corresponding actual are declared in the same module.
e: file:///Users/jim/work/v2superbikeshed/Trikeshed/src/commonMain/kotlin/borg/trikeshed/common/ReadLines.kt:7:5 readLines: expect and corresponding actual are declared in the same module.
e: file:///Users/jim/work/v2superbikeshed/Trikeshed/src/commonMain/kotlin/borg/trikeshed/common/collections/BinarySearch.kt:19:25 Cannot infer type for this parameter. Specify it explicitly.
e: file:///Users/jim/work/v2superbikeshed/Trikeshed/src/commonMain/kotlin/borg/trikeshed/common/collections/BinarySearch.kt:19:25 Unresolved reference. None of the following candidates is applicable because of a receiver type mismatch:
fun <T> Join<Int, Function1<Int, Join<Any?, TypeMemento>>>.get(column: Column<T>): T?
e: file:///Users/jim/work/v2superbikeshed/Trikeshed/src/commonMain/kotlin/borg/trikeshed/common/collections/BinarySearch.kt:19:25 Argument type mismatch: actual type is 'T#1? (of fun <T> Join<Int, Function1<Int, Join<Any?, TypeMemento>>>.get)', but 'T#2! (of fun <T : Comparable<T>> Join<Int, Function1<Int, T>>.binarySearch)' was expected.
e: file:///Users/jim/work/v2superbikeshed/Trikeshed/src/commonMain/kotlin/borg/trikeshed/common/collections/BinarySearch.kt:19:35 Argument type mismatch: actual type is 'T (of fun <T : Comparable<T>> Join<Int, Function1<Int, T>>.binarySearch)', but 'T! (of fun <T : Comparable<T>> Join<Int, Function1<Int, T>>.binarySearch)' was expected.
e: file:///Users/jim/work/v2superbikeshed/Trikeshed/src/commonMain/kotlin/borg/trikeshed/common/collections/BinarySearch.kt:34:22 Cannot infer type for this parameter. Specify it explicitly.
e: file:///Users/jim/work/v2superbikeshed/Trikeshed/src/commonMain/kotlin/borg/trikeshed/common/collections/BinarySearch.kt:34:22 Unresolved reference. None of the following candidates is applicable because of a receiver type mismatch:
fun <T> Join<Int, Function1<Int, Join<Any?, TypeMemento>>>.get(column: Column<T>): T?
e: file:///Users/jim/work/v2superbikeshed/Trikeshed/src/commonMain/kotlin/borg/trikeshed/common/collections/BinarySearch.kt:37:20 'operator' modifier is required on 'FirNamedFunctionSymbol kotlin/compareTo' in 'compareTo'.
e: file:///Users/jim/work/v2superbikeshed/Trikeshed/src/commonMain/kotlin/borg/trikeshed/common/collections/BinarySearch.kt:38:20 'operator' modifier is required on 'FirNamedFunctionSymbol kotlin/compareTo' in 'compareTo'.
e: file:///Users/jim/work/v2superbikeshed/Trikeshed/src/commonMain/kotlin/borg/trikeshed/common/collections/BinarySearch.kt:52:22 Cannot infer type for this parameter. Specify it explicitly.
e: file:///Users/jim/work/v2superbikeshed/Trikeshed/src/commonMain/kotlin/borg/trikeshed/common/collections/BinarySearch.kt:52:22 Unresolved reference. None of the following candidates is applicable because of a receiver type mismatch:
fun <T> Join<Int, Function1<Int, Join<Any?, TypeMemento>>>.get(column: Column<T>): T?
e: file:///Users/jim/work/v2superbikeshed/Trikeshed/src/commonMain/kotlin/borg/trikeshed/common/collections/BinarySearch.kt:55:20 'operator' modifier is required on 'FirNamedFunctionSymbol kotlin/compareTo' in 'compareTo'.
e: file:///Users/jim/work/v2superbikeshed/Trikeshed/src/commonMain/kotlin/borg/trikeshed/common/collections/BinarySearch.kt:56:20 'operator' modifier is required on 'FirNamedFunctionSymbol kotlin/compareTo' in 'compareTo'.
e: file:///Users/jim/work/v2superbikeshed/Trikeshed/src/commonMain/kotlin/borg/trikeshed/common/collections/BinarySearch.kt:69:22 Cannot infer type for this parameter. Specify it explicitly.
e: file:///Users/jim/work/v2superbikeshed/Trikeshed/src/commonMain/kotlin/borg/trikeshed/common/collections/BinarySearch.kt:69:22 Unresolved reference. None of the following candidates is applicable because of a receiver type mismatch:
fun <T> Join<Int, Function1<Int, Join<Any?, TypeMemento>>>.get(column: Column<T>): T?
e: file:///Users/jim/work/v2superbikeshed/Trikeshed/src/commonMain/kotlin/borg/trikeshed/common/collections/BinarySearch.kt:72:20 'operator' modifier is required on 'FirNamedFunctionSymbol kotlin/compareTo' in 'compareTo'.
e: file:///Users/jim/work/v2superbikeshed/Trikeshed/src/commonMain/kotlin/borg/trikeshed/common/collections/BinarySearch.kt:73:20 'operator' modifier is required on 'FirNamedFunctionSymbol kotlin/compareTo' in 'compareTo'.
e: file:///Users/jim/work/v2superbikeshed/Trikeshed/src/commonMain/kotlin/borg/trikeshed/common/collections/BinarySearch.kt:87:22 Cannot infer type for this parameter. Specify it explicitly.
e: file:///Users/jim/work/v2superbikeshed/Trikeshed/src/commonMain/kotlin/borg/trikeshed/common/collections/BinarySearch.kt:87:22 Unresolved reference. None of the following candidates is applicable because of a receiver type mismatch:
fun <T> Join<Int, Function1<Int, Join<Any?, TypeMemento>>>.get(column: Column<T>): T?
e: file:///Users/jim/work/v2superbikeshed/Trikeshed/src/commonMain/kotlin/borg/trikeshed/common/collections/BinarySearch.kt:90:20 'operator' modifier is required on 'FirNamedFunctionSymbol kotlin/compareTo' in 'compareTo'.
e: file:///Users/jim/work/v2superbikeshed/Trikeshed/src/commonMain/kotlin/borg/trikeshed/common/collections/BinarySearch.kt:91:20 'operator' modifier is required on 'FirNamedFunctionSymbol kotlin/compareTo' in 'compareTo'.
e: file:///Users/jim/work/v2superbikeshed/Trikeshed/src/commonMain/kotlin/borg/trikeshed/common/collections/BinarySearch.kt:105:22 Cannot infer type for this parameter. Specify it explicitly.
e: file:///Users/jim/work/v2superbikeshed/Trikeshed/src/commonMain/kotlin/borg/trikeshed/common/collections/BinarySearch.kt:105:22 Unresolved reference. None of the following candidates is applicable because of a receiver type mismatch:
fun <T> Join<Int, Function1<Int, Join<Any?, TypeMemento>>>.get(column: Column<T>): T?
e: file:///Users/jim/work/v2superbikeshed/Trikeshed/src/commonMain/kotlin/borg/trikeshed/common/collections/BinarySearch.kt:108:20 'operator' modifier is required on 'FirNamedFunctionSymbol kotlin/compareTo' in 'compareTo'.
e: file:///Users/jim/work/v2superbikeshed/Trikeshed/src/commonMain/kotlin/borg/trikeshed/common/collections/BinarySearch.kt:109:20 'operator' modifier is required on 'FirNamedFunctionSymbol kotlin/compareTo' in 'compareTo'.
e: file:///Users/jim/work/v2superbikeshed/Trikeshed/src/commonMain/kotlin/borg/trikeshed/common/collections/BinarySearch.kt:123:22 Cannot infer type for this parameter. Specify it explicitly.
e: file:///Users/jim/work/v2superbikeshed/Trikeshed/src/commonMain/kotlin/borg/trikeshed/common/collections/BinarySearch.kt:123:22 Unresolved reference. None of the following candidates is applicable because of a receiver type mismatch:
fun <T> Join<Int, Function1<Int, Join<Any?, TypeMemento>>>.get(column: Column<T>): T?
e: file:///Users/jim/work/v2superbikeshed/Trikeshed/src/commonMain/kotlin/borg/trikeshed/common/collections/BinarySearch.kt:126:20 'operator' modifier is required on 'FirNamedFunctionSymbol kotlin/compareTo' in 'compareTo'.
e: file:///Users/jim/work/v2superbikeshed/Trikeshed/src/commonMain/kotlin/borg/trikeshed/common/collections/BinarySearch.kt:127:20 'operator' modifier is required on 'FirNamedFunctionSymbol kotlin/compareTo' in 'compareTo'.
e: file:///Users/jim/work/v2superbikeshed/Trikeshed/src/commonMain/kotlin/borg/trikeshed/common/collections/BinarySearch.kt:141:22 Cannot infer type for this parameter. Specify it explicitly.
e: file:///Users/jim/work/v2superbikeshed/Trikeshed/src/commonMain/kotlin/borg/trikeshed/common/collections/BinarySearch.kt:141:22 Unresolved reference. None of the following candidates is applicable because of a receiver type mismatch:
fun <T> Join<Int, Function1<Int, Join<Any?, TypeMemento>>>.get(column: Column<T>): T?
e: file:///Users/jim/work/v2superbikeshed/Trikeshed/src/commonMain/kotlin/borg/trikeshed/common/collections/BinarySearch.kt:144:20 'operator' modifier is required on 'FirNamedFunctionSymbol kotlin/compareTo' in 'compareTo'.
e: file:///Users/jim/work/v2superbikeshed/Trikeshed/src/commonMain/kotlin/borg/trikeshed/common/collections/BinarySearch.kt:145:20 'operator' modifier is required on 'FirNamedFunctionSymbol kotlin/compareTo' in 'compareTo'.
e: file:///Users/jim/work/v2superbikeshed/Trikeshed/src/commonMain/kotlin/borg/trikeshed/common/collections/BinarySearch.kt:160:22 Cannot infer type for this parameter. Specify it explicitly.
e: file:///Users/jim/work/v2superbikeshed/Trikeshed/src/commonMain/kotlin/borg/trikeshed/common/collections/BinarySearch.kt:160:22 Unresolved reference. None of the following candidates is applicable because of a receiver type mismatch:
fun <T> Join<Int, Function1<Int, Join<Any?, TypeMemento>>>.get(column: Column<T>): T?
e: file:///Users/jim/work/v2superbikeshed/Trikeshed/src/commonMain/kotlin/borg/trikeshed/common/collections/BinarySearch.kt:163:20 'operator' modifier is required on 'FirNamedFunctionSymbol kotlin/compareTo' in 'compareTo'.
e: file:///Users/jim/work/v2superbikeshed/Trikeshed/src/commonMain/kotlin/borg/trikeshed/common/collections/BinarySearch.kt:164:20 'operator' modifier is required on 'FirNamedFunctionSymbol kotlin/compareTo' in 'compareTo'.
e: file:///Users/jim/work/v2superbikeshed/Trikeshed/src/commonMain/kotlin/borg/trikeshed/common/collections/BinarySearch.kt:178:22 Cannot infer type for this parameter. Specify it explicitly.
e: file:///Users/jim/work/v2superbikeshed/Trikeshed/src/commonMain/kotlin/borg/trikeshed/common/collections/BinarySearch.kt:178:22 Unresolved reference. None of the following candidates is applicable because of a receiver type mismatch:
fun <T> Join<Int, Function1<Int, Join<Any?, TypeMemento>>>.get(column: Column<T>): T?
e: file:///Users/jim/work/v2superbikeshed/Trikeshed/src/commonMain/kotlin/borg/trikeshed/common/collections/BinarySearch.kt:181:20 'operator' modifier is required on 'FirNamedFunctionSymbol kotlin/compareTo' in 'compareTo'.
e: file:///Users/jim/work/v2superbikeshed/Trikeshed/src/commonMain/kotlin/borg/trikeshed/common/collections/BinarySearch.kt:182:20 'operator' modifier is required on 'FirNamedFunctionSymbol kotlin/compareTo' in 'compareTo'.
e: file:///Users/jim/work/v2superbikeshed/Trikeshed/src/commonMain/kotlin/borg/trikeshed/common/collections/BinarySearch.kt:196:22 Cannot infer type for this parameter. Specify it explicitly.
e: file:///Users/jim/work/v2superbikeshed/Trikeshed/src/commonMain/kotlin/borg/trikeshed/common/collections/BinarySearch.kt:196:22 Unresolved reference. None of the following candidates is applicable because of a receiver type mismatch:
fun <T> Join<Int, Function1<Int, Join<Any?, TypeMemento>>>.get(column: Column<T>): T?
e: file:///Users/jim/work/v2superbikeshed/Trikeshed/src/commonMain/kotlin/borg/trikeshed/common/collections/BinarySearch.kt:198:20 'operator' modifier is required on 'FirNamedFunctionSymbol kotlin/compareTo' in 'compareTo'.
e: file:///Users/jim/work/v2superbikeshed/Trikeshed/src/commonMain/kotlin/borg/trikeshed/common/collections/BinarySearch.kt:199:20 'operator' modifier is required on 'FirNamedFunctionSymbol kotlin/compareTo' in 'compareTo'.
e: file:///Users/jim/work/v2superbikeshed/Trikeshed/src/commonMain/kotlin/borg/trikeshed/common/collections/BinarySearch.kt:216:22 Cannot infer type for this parameter. Specify it explicitly.
e: file:///Users/jim/work/v2superbikeshed/Trikeshed/src/commonMain/kotlin/borg/trikeshed/common/collections/BinarySearch.kt:216:22 Unresolved reference. None of the following candidates is applicable because of a receiver type mismatch:
fun <T> Join<Int, Function1<Int, Join<Any?, TypeMemento>>>.get(column: Column<T>): T?
e: file:///Users/jim/work/v2superbikeshed/Trikeshed/src/commonMain/kotlin/borg/trikeshed/common/collections/BinarySearch.kt:219:20 'operator' modifier is required on 'FirNamedFunctionSymbol kotlin/compareTo' in 'compareTo'.
e: file:///Users/jim/work/v2superbikeshed/Trikeshed/src/commonMain/kotlin/borg/trikeshed/common/collections/BinarySearch.kt:220:20 'operator' modifier is required on 'FirNamedFunctionSymbol kotlin/compareTo' in 'compareTo'.
e: file:///Users/jim/work/v2superbikeshed/Trikeshed/src/commonMain/kotlin/borg/trikeshed/common/collections/CircularQueue.kt:14:11 Redeclaration:
typealias CircularQueue<T> = CirQlar<T>
e: file:///Users/jim/work/v2superbikeshed/Trikeshed/src/commonMain/kotlin/borg/trikeshed/common/collections/CircularQueue.kt:26:12 Redeclaration:
class CirQlar<T> : Any
e: file:///Users/jim/work/v2superbikeshed/Trikeshed/src/commonMain/kotlin/borg/trikeshed/common/collections/ListCowView.kt:5:7 Redeclaration:
class ListCowView<T> : List<T>, AbstractMutableList<T>
e: file:///Users/jim/work/v2superbikeshed/Trikeshed/src/commonMain/kotlin/borg/trikeshed/compression/BitStream.kt:3:27 Conflicting import: imported name 'Indexed' is ambiguous.
e: file:///Users/jim/work/v2superbikeshed/Trikeshed/src/commonMain/kotlin/borg/trikeshed/compression/BitStream.kt:4:27 Conflicting import: imported name 'Indexed' is ambiguous.
e: file:///Users/jim/work/v2superbikeshed/Trikeshed/src/commonMain/kotlin/borg/trikeshed/compression/BitStream.kt:44:34 Unresolved reference 'size'.
e: file:///Users/jim/work/v2superbikeshed/Trikeshed/src/commonMain/kotlin/borg/trikeshed/compression/BitStream.kt:54:40 Unresolved reference 'size'.
e: file:///Users/jim/work/v2superbikeshed/Trikeshed/src/commonMain/kotlin/borg/trikeshed/compression/BitStream.kt:58:31 Unresolved reference. None of the following candidates is applicable because of a receiver type mismatch:
fun MatchGroupCollection.get(name: String): MatchGroup?
e: file:///Users/jim/work/v2superbikeshed/Trikeshed/src/commonMain/kotlin/borg/trikeshed/compression/BitStream.kt:58:52 None of the following candidates is applicable:
fun String.toInt(): Int
fun String.toInt(radix: Int): Int
fun Iterable<FlagEnum>.toInt(): Int
e: file:///Users/jim/work/v2superbikeshed/Trikeshed/src/commonMain/kotlin/borg/trikeshed/compression/BitStream.kt:58:64 Argument type mismatch: actual type is 'Int', but 'BigInteger' was expected.
e: file:///Users/jim/work/v2superbikeshed/Trikeshed/src/commonMain/kotlin/borg/trikeshed/compression/BitStream.kt:63:65 'infix' modifier is required on 'FirNamedFunctionSymbol java/math/BigInteger.and'.
e: file:///Users/jim/work/v2superbikeshed/Trikeshed/src/commonMain/kotlin/borg/trikeshed/compression/BitStream.kt:63:70 Argument type mismatch: actual type is 'Int', but 'BigInteger!' was expected.
e: file:///Users/jim/work/v2superbikeshed/Trikeshed/src/commonMain/kotlin/borg/trikeshed/compression/BitStream.kt:66:33 Argument type mismatch: actual type is 'BigInteger', but 'Int' was expected.
e: file:///Users/jim/work/v2superbikeshed/Trikeshed/src/commonMain/kotlin/borg/trikeshed/compression/BitStream.kt:95:33 Unresolved reference 'size'.
e: file:///Users/jim/work/v2superbikeshed/Trikeshed/src/commonMain/kotlin/borg/trikeshed/compression/BitStream.kt:95:63 Unresolved reference 'size'.
e: file:///Users/jim/work/v2superbikeshed/Trikeshed/src/commonMain/kotlin/borg/trikeshed/compression/BitStream.kt:114:34 Unresolved reference 'size'.
e: file:///Users/jim/work/v2superbikeshed/Trikeshed/src/commonMain/kotlin/borg/trikeshed/compression/BitStream.kt:118:16 Unresolved reference. None of the following candidates is applicable because of a receiver type mismatch:
fun MatchGroupCollection.get(name: String): MatchGroup?
e: file:///Users/jim/work/v2superbikeshed/Trikeshed/src/commonMain/kotlin/borg/trikeshed/compression/BitStream.kt:118:16 Return type mismatch: expected 'Int', actual 'BigInteger'.
e: file:///Users/jim/work/v2superbikeshed/Trikeshed/src/commonMain/kotlin/borg/trikeshed/compression/BitStream.kt:118:37 None of the following candidates is applicable:
fun String.toInt(): Int
fun String.toInt(radix: Int): Int
fun Iterable<FlagEnum>.toInt(): Int
e: file:///Users/jim/work/v2superbikeshed/Trikeshed/src/commonMain/kotlin/borg/trikeshed/compression/BitStream.kt:118:49 Argument type mismatch: actual type is 'Int', but 'BigInteger' was expected.
e: file:///Users/jim/work/v2superbikeshed/Trikeshed/src/commonMain/kotlin/borg/trikeshed/compression/BitStream.kt:135:36 Unresolved reference 'size'.
e: file:///Users/jim/work/v2superbikeshed/Trikeshed/src/commonMain/kotlin/borg/trikeshed/compression/BitStream.kt:135:70 Unresolved reference 'size'.
e: file:///Users/jim/work/v2superbikeshed/Trikeshed/src/commonMain/kotlin/borg/trikeshed/compression/BitStream.kt:141:28 Unresolved reference 'size'.
e: file:///Users/jim/work/v2superbikeshed/Trikeshed/src/commonMain/kotlin/borg/trikeshed/compression/Huffman.kt:3:27 Conflicting import: imported name 'Indexed' is ambiguous.
e: file:///Users/jim/work/v2superbikeshed/Trikeshed/src/commonMain/kotlin/borg/trikeshed/compression/Huffman.kt:4:27 Conflicting import: imported name 'Indexed' is ambiguous.
e: file:///Users/jim/work/v2superbikeshed/Trikeshed/src/commonMain/kotlin/borg/trikeshed/compression/Huffman.kt:28:29 Unresolved reference 'size'.
e: file:///Users/jim/work/v2superbikeshed/Trikeshed/src/commonMain/kotlin/borg/trikeshed/compression/Huffman.kt:29:96 Unresolved reference 'size'.
e: file:///Users/jim/work/v2superbikeshed/Trikeshed/src/commonMain/kotlin/borg/trikeshed/compression/Huffman.kt:49:16 Unresolved reference. None of the following candidates is applicable because of a receiver type mismatch:
fun MatchGroupCollection.get(name: String): MatchGroup?
e: file:///Users/jim/work/v2superbikeshed/Trikeshed/src/commonMain/kotlin/borg/trikeshed/compression/Huffman.kt:86:12 Return type mismatch: expected 'Int', actual 'String'.
e: file:///Users/jim/work/v2superbikeshed/Trikeshed/src/commonMain/kotlin/borg/trikeshed/couchdb/CouchClient.kt:7:16 Unresolved reference 'serialization'.
e: file:///Users/jim/work/v2superbikeshed/Trikeshed/src/commonMain/kotlin/borg/trikeshed/couchdb/CouchClient.kt:8:16 Unresolved reference 'serialization'.
e: file:///Users/jim/work/v2superbikeshed/Trikeshed/src/commonMain/kotlin/borg/trikeshed/couchdb/CouchClient.kt:9:16 Unresolved reference 'serialization'.
e: file:///Users/jim/work/v2superbikeshed/Trikeshed/src/commonMain/kotlin/borg/trikeshed/couchdb/CouchClient.kt:10:16 Unresolved reference 'serialization'.
e: file:///Users/jim/work/v2superbikeshed/Trikeshed/src/commonMain/kotlin/borg/trikeshed/couchdb/CouchClient.kt:11:16 Unresolved reference 'serialization'.
e: file:///Users/jim/work/v2superbikeshed/Trikeshed/src/commonMain/kotlin/borg/trikeshed/couchdb/CouchClient.kt:12:16 Unresolved reference 'serialization'.
e: file:///Users/jim/work/v2superbikeshed/Trikeshed/src/commonMain/kotlin/borg/trikeshed/couchdb/CouchClient.kt:13:16 Unresolved reference 'serialization'.
e: file:///Users/jim/work/v2superbikeshed/Trikeshed/src/commonMain/kotlin/borg/trikeshed/couchdb/CouchClient.kt:14:16 Unresolved reference 'serialization'.
e: file:///Users/jim/work/v2superbikeshed/Trikeshed/src/commonMain/kotlin/borg/trikeshed/couchdb/CouchClient.kt:15:16 Unresolved reference 'serialization'.
e: file:///Users/jim/work/v2superbikeshed/Trikeshed/src/commonMain/kotlin/borg/trikeshed/couchdb/CouchClient.kt:16:16 Unresolved reference 'serialization'.
e: file:///Users/jim/work/v2superbikeshed/Trikeshed/src/commonMain/kotlin/borg/trikeshed/couchdb/CouchClient.kt:17:16 Unresolved reference 'serialization'.
e: file:///Users/jim/work/v2superbikeshed/Trikeshed/src/commonMain/kotlin/borg/trikeshed/couchdb/CouchClient.kt:18:16 Unresolved reference 'serialization'.
e: file:///Users/jim/work/v2superbikeshed/Trikeshed/src/commonMain/kotlin/borg/trikeshed/couchdb/CouchClient.kt:29:24 Unresolved reference 'Json'.
e: file:///Users/jim/work/v2superbikeshed/Trikeshed/src/commonMain/kotlin/borg/trikeshed/couchdb/CouchClient.kt:29:31 Unresolved reference 'ignoreUnknownKeys'.
e: file:///Users/jim/work/v2superbikeshed/Trikeshed/src/commonMain/kotlin/borg/trikeshed/couchdb/CouchClient.kt:308:53 Unresolved reference 'serializer'.
e: file:///Users/jim/work/v2superbikeshed/Trikeshed/src/commonMain/kotlin/borg/trikeshed/couchdb/CouchClient.kt:315:53 Unresolved reference 'serializer'.
e: file:///Users/jim/work/v2superbikeshed/Trikeshed/src/commonMain/kotlin/borg/trikeshed/couchdb/CouchClient.kt:320:37 Unresolved reference 'jsonPrimitive'.
e: file:///Users/jim/work/v2superbikeshed/Trikeshed/src/commonMain/kotlin/borg/trikeshed/couchdb/CouchClient.kt:321:39 Unresolved reference 'jsonPrimitive'.
e: file:///Users/jim/work/v2superbikeshed/Trikeshed/src/commonMain/kotlin/borg/trikeshed/couchdb/CouchClient.kt:322:31 Cannot infer type for this parameter. Specify it explicitly.
e: file:///Users/jim/work/v2superbikeshed/Trikeshed/src/commonMain/kotlin/borg/trikeshed/couchdb/CouchClient.kt:322:42 Cannot infer type for this parameter. Specify it explicitly.
e: file:///Users/jim/work/v2superbikeshed/Trikeshed/src/commonMain/kotlin/borg/trikeshed/couchdb/CouchClient.kt:323:14 Cannot infer type for this parameter. Specify it explicitly.
e: file:///Users/jim/work/v2superbikeshed/Trikeshed/src/commonMain/kotlin/borg/trikeshed/couchdb/CouchClient.kt:323:14 Not enough information to infer type argument for 'K'.
e: file:///Users/jim/work/v2superbikeshed/Trikeshed/src/commonMain/kotlin/borg/trikeshed/couchdb/CouchClient.kt:323:27 Not enough information to infer type argument for 'K'.
e: file:///Users/jim/work/v2superbikeshed/Trikeshed/src/commonMain/kotlin/borg/trikeshed/couchdb/CouchClient.kt:323:30 Not enough information to infer type argument for 'K'.
e: file:///Users/jim/work/v2superbikeshed/Trikeshed/src/commonMain/kotlin/borg/trikeshed/couchdb/CouchClient.kt:323:40 The type of a receiver hasn't been inferred yet. Specify type argument for generic parameter 'V' of 'component2' explicitly.
e: file:///Users/jim/work/v2superbikeshed/Trikeshed/src/commonMain/kotlin/borg/trikeshed/couchdb/CouchClient.kt:328:38 Unresolved reference 'ListSerializer'.
e: file:///Users/jim/work/v2superbikeshed/Trikeshed/src/commonMain/kotlin/borg/trikeshed/couchdb/CouchClient.kt:328:69 Unresolved reference 'serializer'.
e: file:///Users/jim/work/v2superbikeshed/Trikeshed/src/commonMain/kotlin/borg/trikeshed/couchdb/CouchClient.kt:333:46 Unresolved reference 'jsonArray'.
e: file:///Users/jim/work/v2superbikeshed/Trikeshed/src/commonMain/kotlin/borg/trikeshed/couchdb/CouchClient.kt:334:16 Return type mismatch: expected 'List<CouchChange>', actual 'Join<Int, Function1<Int, ERROR CLASS: Cannot infer argument for type parameter R>>'.
e: file:///Users/jim/work/v2superbikeshed/Trikeshed/src/commonMain/kotlin/borg/trikeshed/couchdb/CouchClient.kt:334:24 Cannot infer type for this parameter. Specify it explicitly.
e: file:///Users/jim/work/v2superbikeshed/Trikeshed/src/commonMain/kotlin/borg/trikeshed/couchdb/CouchClient.kt:334:30 Cannot infer type for this parameter. Specify it explicitly.
e: file:///Users/jim/work/v2superbikeshed/Trikeshed/src/commonMain/kotlin/borg/trikeshed/couchdb/CouchClient.kt:335:52 Unresolved reference 'serializer'.
e: file:///Users/jim/work/v2superbikeshed/Trikeshed/src/commonMain/kotlin/borg/trikeshed/couchdb/CouchClient.kt:340:61 Unresolved reference 'serializer'.
e: file:///Users/jim/work/v2superbikeshed/Trikeshed/src/commonMain/kotlin/borg/trikeshed/couchdb/CouchClient.kt:344:54 Unresolved reference 'serializer'.
e: file:///Users/jim/work/v2superbikeshed/Trikeshed/src/commonMain/kotlin/borg/trikeshed/couchdb/CouchClient.kt:348:52 Unresolved reference 'serializer'.
e: file:///Users/jim/work/v2superbikeshed/Trikeshed/src/commonMain/kotlin/borg/trikeshed/couchdb/CouchClient.kt:375:2 Cannot access 'typealias Serializable = Serializable': it is internal in file.
e: file:///Users/jim/work/v2superbikeshed/Trikeshed/src/commonMain/kotlin/borg/trikeshed/couchdb/CouchClient.kt:375:2 Illegal annotation class 'Serializable'.
e: file:///Users/jim/work/v2superbikeshed/Trikeshed/src/commonMain/kotlin/borg/trikeshed/couchdb/CouchClient.kt:380:2 Cannot access 'typealias Serializable = Serializable': it is internal in file.
e: file:///Users/jim/work/v2superbikeshed/Trikeshed/src/commonMain/kotlin/borg/trikeshed/couchdb/CouchClient.kt:380:2 Illegal annotation class 'Serializable'.
e: file:///Users/jim/work/v2superbikeshed/Trikeshed/src/commonMain/kotlin/borg/trikeshed/couchdb/CouchClient.kt:389:2 Cannot access 'typealias Serializable = Serializable': it is internal in file.
e: file:///Users/jim/work/v2superbikeshed/Trikeshed/src/commonMain/kotlin/borg/trikeshed/couchdb/CouchClient.kt:389:2 Illegal annotation class 'Serializable'.
e: file:///Users/jim/work/v2superbikeshed/Trikeshed/src/commonMain/kotlin/borg/trikeshed/couchdb/CouchClient.kt:398:2 Cannot access 'typealias Serializable = Serializable': it is internal in file.
e: file:///Users/jim/work/v2superbikeshed/Trikeshed/src/commonMain/kotlin/borg/trikeshed/couchdb/CouchClient.kt:398:2 Illegal annotation class 'Serializable'.
e: file:///Users/jim/work/v2superbikeshed/Trikeshed/src/commonMain/kotlin/borg/trikeshed/couchdb/CouchClient.kt:403:2 Cannot access 'typealias Serializable = Serializable': it is internal in file.
e: file:///Users/jim/work/v2superbikeshed/Trikeshed/src/commonMain/kotlin/borg/trikeshed/couchdb/CouchClient.kt:403:2 Illegal annotation class 'Serializable'.
e: file:///Users/jim/work/v2superbikeshed/Trikeshed/src/commonMain/kotlin/borg/trikeshed/couchdb/CouchClient.kt:411:2 Cannot access 'typealias Serializable = Serializable': it is internal in file.
e: file:///Users/jim/work/v2superbikeshed/Trikeshed/src/commonMain/kotlin/borg/trikeshed/couchdb/CouchClient.kt:411:2 Illegal annotation class 'Serializable'.
e: file:///Users/jim/work/v2superbikeshed/Trikeshed/src/commonMain/kotlin/borg/trikeshed/couchdb/CouchClient.kt:417:2 Cannot access 'typealias Serializable = Serializable': it is internal in file.
e: file:///Users/jim/work/v2superbikeshed/Trikeshed/src/commonMain/kotlin/borg/trikeshed/couchdb/CouchClient.kt:417:2 Illegal annotation class 'Serializable'.
e: file:///Users/jim/work/v2superbikeshed/Trikeshed/src/commonMain/kotlin/borg/trikeshed/couchdb/CouchClient.kt:419:6 Unresolved reference 'Contextual'.
e: file:///Users/jim/work/v2superbikeshed/Trikeshed/src/commonMain/kotlin/borg/trikeshed/couchdb/CouchClient.kt:420:6 Unresolved reference 'Contextual'.
e: file:///Users/jim/work/v2superbikeshed/Trikeshed/src/commonMain/kotlin/borg/trikeshed/couchdb/CouchClient.kt:430:2 Cannot access 'typealias Serializable = Serializable': it is internal in file.
e: file:///Users/jim/work/v2superbikeshed/Trikeshed/src/commonMain/kotlin/borg/trikeshed/couchdb/CouchClient.kt:430:2 Illegal annotation class 'Serializable'.
e: file:///Users/jim/work/v2superbikeshed/Trikeshed/src/commonMain/kotlin/borg/trikeshed/couchdb/CouchClient.kt:437:2 Cannot access 'typealias Serializable = Serializable': it is internal in file.
e: file:///Users/jim/work/v2superbikeshed/Trikeshed/src/commonMain/kotlin/borg/trikeshed/couchdb/CouchClient.kt:437:2 Illegal annotation class 'Serializable'.
e: file:///Users/jim/work/v2superbikeshed/Trikeshed/src/commonMain/kotlin/borg/trikeshed/couchdb/CouchClient.kt:453:2 Cannot access 'typealias Serializable = Serializable': it is internal in file.
e: file:///Users/jim/work/v2superbikeshed/Trikeshed/src/commonMain/kotlin/borg/trikeshed/couchdb/CouchClient.kt:453:2 Illegal annotation class 'Serializable'.
e: file:///Users/jim/work/v2superbikeshed/Trikeshed/src/commonMain/kotlin/borg/trikeshed/couchdb/CouchClient.kt:460:2 Cannot access 'typealias Serializable = Serializable': it is internal in file.
e: file:///Users/jim/work/v2superbikeshed/Trikeshed/src/commonMain/kotlin/borg/trikeshed/couchdb/CouchClient.kt:460:2 Illegal annotation class 'Serializable'.
e: file:///Users/jim/work/v2superbikeshed/Trikeshed/src/commonMain/kotlin/borg/trikeshed/couchdb/CouchClient.kt:475:2 Cannot access 'typealias Serializable = Serializable': it is internal in file.
e: file:///Users/jim/work/v2superbikeshed/Trikeshed/src/commonMain/kotlin/borg/trikeshed/couchdb/CouchClient.kt:475:2 Illegal annotation class 'Serializable'.
e: file:///Users/jim/work/v2superbikeshed/Trikeshed/src/commonMain/kotlin/borg/trikeshed/couchdb/CouchClient.kt:482:2 Cannot access 'typealias Serializable = Serializable': it is internal in file.
e: file:///Users/jim/work/v2superbikeshed/Trikeshed/src/commonMain/kotlin/borg/trikeshed/couchdb/CouchClient.kt:482:2 Illegal annotation class 'Serializable'.
e: file:///Users/jim/work/v2superbikeshed/Trikeshed/src/commonMain/kotlin/borg/trikeshed/couchdb/CouchClient.kt:487:6 Cannot access 'typealias Serializable = Serializable': it is internal in file.
e: file:///Users/jim/work/v2superbikeshed/Trikeshed/src/commonMain/kotlin/borg/trikeshed/couchdb/CouchClient.kt:487:6 Illegal annotation class 'Serializable'.
e: file:///Users/jim/work/v2superbikeshed/Trikeshed/src/commonMain/kotlin/borg/trikeshed/couchdb/CouchClient.kt:509:24 Overload resolution ambiguity between candidates:
suspend fun HttpRequest.send(): HttpResponse
suspend fun HttpRequest.send(): HttpResponse
e: file:///Users/jim/work/v2superbikeshed/Trikeshed/src/commonMain/kotlin/borg/trikeshed/couchdb/CouchClient.kt:524:24 Overload resolution ambiguity between candidates:
suspend fun HttpRequest.send(): HttpResponse
suspend fun HttpRequest.send(): HttpResponse
e: file:///Users/jim/work/v2superbikeshed/Trikeshed/src/commonMain/kotlin/borg/trikeshed/couchdb/CouchClient.kt:539:24 Overload resolution ambiguity between candidates:
suspend fun HttpRequest.send(): HttpResponse
suspend fun HttpRequest.send(): HttpResponse
e: file:///Users/jim/work/v2superbikeshed/Trikeshed/src/commonMain/kotlin/borg/trikeshed/couchdb/CouchClient.kt:551:24 Overload resolution ambiguity between candidates:
suspend fun HttpRequest.send(): HttpResponse
suspend fun HttpRequest.send(): HttpResponse
e: file:///Users/jim/work/v2superbikeshed/Trikeshed/src/commonMain/kotlin/borg/trikeshed/couchdb/CouchClient.kt:565:22 Unresolved reference 'buildJsonObject'.
e: file:///Users/jim/work/v2superbikeshed/Trikeshed/src/commonMain/kotlin/borg/trikeshed/couchdb/CouchClient.kt:566:31 Unresolved reference 'put'.
e: file:///Users/jim/work/v2superbikeshed/Trikeshed/src/commonMain/kotlin/borg/trikeshed/couchdb/CouchClient.kt:567:32 Unresolved reference 'put'.
e: file:///Users/jim/work/v2superbikeshed/Trikeshed/src/commonMain/kotlin/borg/trikeshed/couchdb/CouchClient.kt:568:23 Unresolved reference 'put'.
e: file:///Users/jim/work/v2superbikeshed/Trikeshed/src/commonMain/kotlin/borg/trikeshed/couchdb/CouchClient.kt:568:53 Argument type mismatch: actual type is 'Boolean', but 'String' was expected.
e: file:///Users/jim/work/v2superbikeshed/Trikeshed/src/commonMain/kotlin/borg/trikeshed/couchdb/CouchClient.kt:569:40 Unresolved reference 'put'.
e: file:///Users/jim/work/v2superbikeshed/Trikeshed/src/commonMain/kotlin/borg/trikeshed/couchdb/CouchClient.kt:571:12 Unresolved reference 'Json'.
e: file:///Users/jim/work/v2superbikeshed/Trikeshed/src/commonMain/kotlin/borg/trikeshed/couchdb/CouchClient.kt:571:32 Unresolved reference 'JsonElement'.
e: file:///Users/jim/work/v2superbikeshed/Trikeshed/src/commonMain/kotlin/borg/trikeshed/couchdb/CouchClient.kt:575:22 Unresolved reference 'buildJsonObject'.
e: file:///Users/jim/work/v2superbikeshed/Trikeshed/src/commonMain/kotlin/borg/trikeshed/couchdb/CouchClient.kt:576:9 Unresolved reference 'put'.
e: file:///Users/jim/work/v2superbikeshed/Trikeshed/src/commonMain/kotlin/borg/trikeshed/couchdb/CouchClient.kt:577:9 Unresolved reference 'put'.
e: file:///Users/jim/work/v2superbikeshed/Trikeshed/src/commonMain/kotlin/borg/trikeshed/couchdb/CouchClient.kt:578:40 Unresolved reference 'put'.
e: file:///Users/jim/work/v2superbikeshed/Trikeshed/src/commonMain/kotlin/borg/trikeshed/couchdb/CouchClient.kt:580:12 Unresolved reference 'Json'.
e: file:///Users/jim/work/v2superbikeshed/Trikeshed/src/commonMain/kotlin/borg/trikeshed/couchdb/CouchClient.kt:580:32 Unresolved reference 'JsonElement'.
e: file:///Users/jim/work/v2superbikeshed/Trikeshed/src/commonMain/kotlin/borg/trikeshed/couchdb/CouchClient.kt:584:12 Unresolved reference 'Json'.
e: file:///Users/jim/work/v2superbikeshed/Trikeshed/src/commonMain/kotlin/borg/trikeshed/couchdb/CouchClient.kt:584:49 Unresolved reference 'serializer'.
e: file:///Users/jim/work/v2superbikeshed/Trikeshed/src/commonMain/kotlin/borg/trikeshed/couchdb/CouchClient.kt:588:12 Unresolved reference 'Json'.
e: file:///Users/jim/work/v2superbikeshed/Trikeshed/src/commonMain/kotlin/borg/trikeshed/couchdb/CouchClient.kt:588:56 Unresolved reference 'serializer'.
e: file:///Users/jim/work/v2superbikeshed/Trikeshed/src/commonMain/kotlin/borg/trikeshed/couchdb/CouchClient.kt:592:12 Unresolved reference 'Json'.
e: file:///Users/jim/work/v2superbikeshed/Trikeshed/src/commonMain/kotlin/borg/trikeshed/couchdb/CouchClient.kt:592:46 Unresolved reference 'serializer'.
e: file:///Users/jim/work/v2superbikeshed/Trikeshed/src/commonMain/kotlin/borg/trikeshed/couchdb/CouchClient.kt:595:2 Cannot access 'typealias Serializable = Serializable': it is internal in file.
e: file:///Users/jim/work/v2superbikeshed/Trikeshed/src/commonMain/kotlin/borg/trikeshed/couchdb/CouchClient.kt:595:2 Illegal annotation class 'Serializable'.
e: file:///Users/jim/work/v2superbikeshed/Trikeshed/src/commonMain/kotlin/borg/trikeshed/couchdb/CouchProtocol.kt:4:16 Unresolved reference 'serialization'.
e: file:///Users/jim/work/v2superbikeshed/Trikeshed/src/commonMain/kotlin/borg/trikeshed/couchdb/CouchProtocol.kt:5:16 Unresolved reference 'serialization'.
e: file:///Users/jim/work/v2superbikeshed/Trikeshed/src/commonMain/kotlin/borg/trikeshed/couchdb/CouchProtocol.kt:14:2 Cannot access 'typealias Serializable = Serializable': it is internal in file.
e: file:///Users/jim/work/v2superbikeshed/Trikeshed/src/commonMain/kotlin/borg/trikeshed/couchdb/CouchProtocol.kt:14:2 Illegal annotation class 'Serializable'.
e: file:///Users/jim/work/v2superbikeshed/Trikeshed/src/commonMain/kotlin/borg/trikeshed/couchdb/CouchProtocol.kt:24:2 Cannot access 'typealias Serializable = Serializable': it is internal in file.
e: file:///Users/jim/work/v2superbikeshed/Trikeshed/src/commonMain/kotlin/borg/trikeshed/couchdb/CouchProtocol.kt:24:2 Illegal annotation class 'Serializable'.
e: file:///Users/jim/work/v2superbikeshed/Trikeshed/src/commonMain/kotlin/borg/trikeshed/couchdb/CouchProtocol.kt:25:12 Redeclaration:
data class CouchDocument : Any
e: file:///Users/jim/work/v2superbikeshed/Trikeshed/src/commonMain/kotlin/borg/trikeshed/couchdb/CouchProtocol.kt:26:6 Unresolved reference 'SerialName'.
e: file:///Users/jim/work/v2superbikeshed/Trikeshed/src/commonMain/kotlin/borg/trikeshed/couchdb/CouchProtocol.kt:27:6 Unresolved reference 'SerialName'.
e: file:///Users/jim/work/v2superbikeshed/Trikeshed/src/commonMain/kotlin/borg/trikeshed/couchdb/CouchProtocol.kt:28:6 Unresolved reference 'SerialName'.
e: file:///Users/jim/work/v2superbikeshed/Trikeshed/src/commonMain/kotlin/borg/trikeshed/couchdb/CouchProtocol.kt:29:6 Unresolved reference 'SerialName'.
e: file:///Users/jim/work/v2superbikeshed/Trikeshed/src/commonMain/kotlin/borg/trikeshed/couchdb/CouchProtocol.kt:30:39 Cannot infer type for this parameter. Specify it explicitly.
e: file:///Users/jim/work/v2superbikeshed/Trikeshed/src/commonMain/kotlin/borg/trikeshed/couchdb/CouchProtocol.kt:30:39 Argument type mismatch: actual type is 'Map<K (of fun <K, V> emptyMap), V (of fun <K, V> emptyMap)>', but 'String' was expected.
e: file:///Users/jim/work/v2superbikeshed/Trikeshed/src/commonMain/kotlin/borg/trikeshed/couchdb/CouchProtocol.kt:32:32 Unresolved reference 'buildJsonObject'.
e: file:///Users/jim/work/v2superbikeshed/Trikeshed/src/commonMain/kotlin/borg/trikeshed/couchdb/CouchProtocol.kt:33:9 Unresolved reference 'id'.
e: file:///Users/jim/work/v2superbikeshed/Trikeshed/src/commonMain/kotlin/borg/trikeshed/couchdb/CouchProtocol.kt:33:13 Cannot infer type for this parameter. Specify it explicitly.
e: file:///Users/jim/work/v2superbikeshed/Trikeshed/src/commonMain/kotlin/borg/trikeshed/couchdb/CouchProtocol.kt:33:17 Cannot infer type for this parameter. Specify it explicitly.
e: file:///Users/jim/work/v2superbikeshed/Trikeshed/src/commonMain/kotlin/borg/trikeshed/couchdb/CouchProtocol.kt:33:19 Unresolved reference 'put'.
e: file:///Users/jim/work/v2superbikeshed/Trikeshed/src/commonMain/kotlin/borg/trikeshed/couchdb/CouchProtocol.kt:34:9 Unresolved reference 'rev'.
e: file:///Users/jim/work/v2superbikeshed/Trikeshed/src/commonMain/kotlin/borg/trikeshed/couchdb/CouchProtocol.kt:34:14 Cannot infer type for this parameter. Specify it explicitly.
e: file:///Users/jim/work/v2superbikeshed/Trikeshed/src/commonMain/kotlin/borg/trikeshed/couchdb/CouchProtocol.kt:34:18 Cannot infer type for this parameter. Specify it explicitly.
e: file:///Users/jim/work/v2superbikeshed/Trikeshed/src/commonMain/kotlin/borg/trikeshed/couchdb/CouchProtocol.kt:34:20 Unresolved reference 'put'.
e: file:///Users/jim/work/v2superbikeshed/Trikeshed/src/commonMain/kotlin/borg/trikeshed/couchdb/CouchProtocol.kt:35:9 Unresolved reference 'deleted'.
e: file:///Users/jim/work/v2superbikeshed/Trikeshed/src/commonMain/kotlin/borg/trikeshed/couchdb/CouchProtocol.kt:35:18 Cannot infer type for this parameter. Specify it explicitly.
e: file:///Users/jim/work/v2superbikeshed/Trikeshed/src/commonMain/kotlin/borg/trikeshed/couchdb/CouchProtocol.kt:35:22 Cannot infer type for this parameter. Specify it explicitly.
e: file:///Users/jim/work/v2superbikeshed/Trikeshed/src/commonMain/kotlin/borg/trikeshed/couchdb/CouchProtocol.kt:35:24 Unresolved reference 'put'.
e: file:///Users/jim/work/v2superbikeshed/Trikeshed/src/commonMain/kotlin/borg/trikeshed/couchdb/CouchProtocol.kt:36:9 Unresolved reference 'attachments'.
e: file:///Users/jim/work/v2superbikeshed/Trikeshed/src/commonMain/kotlin/borg/trikeshed/couchdb/CouchProtocol.kt:36:22 Cannot infer type for this parameter. Specify it explicitly.
e: file:///Users/jim/work/v2superbikeshed/Trikeshed/src/commonMain/kotlin/borg/trikeshed/couchdb/CouchProtocol.kt:36:26 Cannot infer type for this parameter. Specify it explicitly.
e: file:///Users/jim/work/v2superbikeshed/Trikeshed/src/commonMain/kotlin/borg/trikeshed/couchdb/CouchProtocol.kt:36:28 Unresolved reference 'put'.
e: file:///Users/jim/work/v2superbikeshed/Trikeshed/src/commonMain/kotlin/borg/trikeshed/couchdb/CouchProtocol.kt:37:40 Unresolved reference 'put'.
e: file:///Users/jim/work/v2superbikeshed/Trikeshed/src/commonMain/kotlin/borg/trikeshed/couchdb/CouchProtocol.kt:42:2 Cannot access 'typealias Serializable = Serializable': it is internal in file.
e: file:///Users/jim/work/v2superbikeshed/Trikeshed/src/commonMain/kotlin/borg/trikeshed/couchdb/CouchProtocol.kt:42:2 Illegal annotation class 'Serializable'.
e: file:///Users/jim/work/v2superbikeshed/Trikeshed/src/commonMain/kotlin/borg/trikeshed/couchdb/CouchProtocol.kt:43:12 Redeclaration:
data class CouchDatabaseInfo : Any
e: file:///Users/jim/work/v2superbikeshed/Trikeshed/src/commonMain/kotlin/borg/trikeshed/couchdb/CouchProtocol.kt:44:6 Unresolved reference 'SerialName'.
e: file:///Users/jim/work/v2superbikeshed/Trikeshed/src/commonMain/kotlin/borg/trikeshed/couchdb/CouchProtocol.kt:45:6 Unresolved reference 'SerialName'.
e: file:///Users/jim/work/v2superbikeshed/Trikeshed/src/commonMain/kotlin/borg/trikeshed/couchdb/CouchProtocol.kt:46:6 Unresolved reference 'SerialName'.
e: file:///Users/jim/work/v2superbikeshed/Trikeshed/src/commonMain/kotlin/borg/trikeshed/couchdb/CouchProtocol.kt:47:6 Unresolved reference 'SerialName'.
e: file:///Users/jim/work/v2superbikeshed/Trikeshed/src/commonMain/kotlin/borg/trikeshed/couchdb/CouchProtocol.kt:48:6 Unresolved reference 'SerialName'.
e: file:///Users/jim/work/v2superbikeshed/Trikeshed/src/commonMain/kotlin/borg/trikeshed/couchdb/CouchProtocol.kt:49:6 Unresolved reference 'SerialName'.
e: file:///Users/jim/work/v2superbikeshed/Trikeshed/src/commonMain/kotlin/borg/trikeshed/couchdb/CouchProtocol.kt:50:6 Unresolved reference 'SerialName'.
e: file:///Users/jim/work/v2superbikeshed/Trikeshed/src/commonMain/kotlin/borg/trikeshed/couchdb/CouchProtocol.kt:51:6 Unresolved reference 'SerialName'.
e: file:///Users/jim/work/v2superbikeshed/Trikeshed/src/commonMain/kotlin/borg/trikeshed/couchdb/CouchProtocol.kt:52:6 Unresolved reference 'SerialName'.
e: file:///Users/jim/work/v2superbikeshed/Trikeshed/src/commonMain/kotlin/borg/trikeshed/couchdb/CouchProtocol.kt:53:6 Unresolved reference 'SerialName'.
e: file:///Users/jim/work/v2superbikeshed/Trikeshed/src/commonMain/kotlin/borg/trikeshed/couchdb/CouchProtocol.kt:54:6 Unresolved reference 'SerialName'.
e: file:///Users/jim/work/v2superbikeshed/Trikeshed/src/commonMain/kotlin/borg/trikeshed/couchdb/CouchProtocol.kt:58:2 Cannot access 'typealias Serializable = Serializable': it is internal in file.
e: file:///Users/jim/work/v2superbikeshed/Trikeshed/src/commonMain/kotlin/borg/trikeshed/couchdb/CouchProtocol.kt:58:2 Illegal annotation class 'Serializable'.
e: file:///Users/jim/work/v2superbikeshed/Trikeshed/src/commonMain/kotlin/borg/trikeshed/couchdb/CouchProtocol.kt:60:14 Unresolved reference 'JsonElement'.
e: file:///Users/jim/work/v2superbikeshed/Trikeshed/src/commonMain/kotlin/borg/trikeshed/couchdb/CouchProtocol.kt:61:19 Unresolved reference 'JsonElement'.
e: file:///Users/jim/work/v2superbikeshed/Trikeshed/src/commonMain/kotlin/borg/trikeshed/couchdb/CouchProtocol.kt:62:17 Unresolved reference 'JsonElement'.
e: file:///Users/jim/work/v2superbikeshed/Trikeshed/src/commonMain/kotlin/borg/trikeshed/couchdb/CouchProtocol.kt:74:14 Cannot infer type for this parameter. Specify it explicitly.
e: file:///Users/jim/work/v2superbikeshed/Trikeshed/src/commonMain/kotlin/borg/trikeshed/couchdb/CouchProtocol.kt:74:14 Unresolved reference. None of the following candidates is applicable because of a receiver type mismatch:
fun <T, R> T.let(block: (T) -> R): R
    [R|Contract description]
     <
        CallsInPlace(block, EXACTLY_ONCE)
    >
e: file:///Users/jim/work/v2superbikeshed/Trikeshed/src/commonMain/kotlin/borg/trikeshed/couchdb/CouchProtocol.kt:74:18 Cannot infer type for this parameter. Specify it explicitly.
e: file:///Users/jim/work/v2superbikeshed/Trikeshed/src/commonMain/kotlin/borg/trikeshed/couchdb/CouchProtocol.kt:74:38 Unresolved reference 'Json'.
e: file:///Users/jim/work/v2superbikeshed/Trikeshed/src/commonMain/kotlin/borg/trikeshed/couchdb/CouchProtocol.kt:75:19 Cannot infer type for this parameter. Specify it explicitly.
e: file:///Users/jim/work/v2superbikeshed/Trikeshed/src/commonMain/kotlin/borg/trikeshed/couchdb/CouchProtocol.kt:75:19 Unresolved reference. None of the following candidates is applicable because of a receiver type mismatch:
fun <T, R> T.let(block: (T) -> R): R
    [R|Contract description]
     <
        CallsInPlace(block, EXACTLY_ONCE)
    >
e: file:///Users/jim/work/v2superbikeshed/Trikeshed/src/commonMain/kotlin/borg/trikeshed/couchdb/CouchProtocol.kt:75:23 Cannot infer type for this parameter. Specify it explicitly.
e: file:///Users/jim/work/v2superbikeshed/Trikeshed/src/commonMain/kotlin/borg/trikeshed/couchdb/CouchProtocol.kt:75:48 Unresolved reference 'Json'.
e: file:///Users/jim/work/v2superbikeshed/Trikeshed/src/commonMain/kotlin/borg/trikeshed/couchdb/CouchProtocol.kt:76:17 Cannot infer type for this parameter. Specify it explicitly.
e: file:///Users/jim/work/v2superbikeshed/Trikeshed/src/commonMain/kotlin/borg/trikeshed/couchdb/CouchProtocol.kt:76:17 Unresolved reference. None of the following candidates is applicable because of a receiver type mismatch:
fun <T, R> T.let(block: (T) -> R): R
    [R|Contract description]
     <
        CallsInPlace(block, EXACTLY_ONCE)
    >
e: file:///Users/jim/work/v2superbikeshed/Trikeshed/src/commonMain/kotlin/borg/trikeshed/couchdb/CouchProtocol.kt:76:21 Cannot infer type for this parameter. Specify it explicitly.
e: file:///Users/jim/work/v2superbikeshed/Trikeshed/src/commonMain/kotlin/borg/trikeshed/couchdb/CouchProtocol.kt:76:44 Unresolved reference 'Json'.
e: file:///Users/jim/work/v2superbikeshed/Trikeshed/src/commonMain/kotlin/borg/trikeshed/couchdb/CouchProtocol.kt:90:2 Cannot access 'typealias Serializable = Serializable': it is internal in file.
e: file:///Users/jim/work/v2superbikeshed/Trikeshed/src/commonMain/kotlin/borg/trikeshed/couchdb/CouchProtocol.kt:90:2 Illegal annotation class 'Serializable'.
e: file:///Users/jim/work/v2superbikeshed/Trikeshed/src/commonMain/kotlin/borg/trikeshed/couchdb/CouchProtocol.kt:97:2 Cannot access 'typealias Serializable = Serializable': it is internal in file.
e: file:///Users/jim/work/v2superbikeshed/Trikeshed/src/commonMain/kotlin/borg/trikeshed/couchdb/CouchProtocol.kt:97:2 Illegal annotation class 'Serializable'.
e: file:///Users/jim/work/v2superbikeshed/Trikeshed/src/commonMain/kotlin/borg/trikeshed/couchdb/CouchProtocol.kt:106:2 Cannot access 'typealias Serializable = Serializable': it is internal in file.
e: file:///Users/jim/work/v2superbikeshed/Trikeshed/src/commonMain/kotlin/borg/trikeshed/couchdb/CouchProtocol.kt:106:2 Illegal annotation class 'Serializable'.
e: file:///Users/jim/work/v2superbikeshed/Trikeshed/src/commonMain/kotlin/borg/trikeshed/couchdb/CouchProtocol.kt:112:32 Unresolved reference 'buildJsonObject'.
e: file:///Users/jim/work/v2superbikeshed/Trikeshed/src/commonMain/kotlin/borg/trikeshed/couchdb/CouchProtocol.kt:113:9 Unresolved reference 'putJsonArray'.
e: file:///Users/jim/work/v2superbikeshed/Trikeshed/src/commonMain/kotlin/borg/trikeshed/couchdb/CouchProtocol.kt:115:17 Unresolved reference 'add'.
e: file:///Users/jim/work/v2superbikeshed/Trikeshed/src/commonMain/kotlin/borg/trikeshed/couchdb/CouchProtocol.kt:118:9 Unresolved reference 'put'.
e: file:///Users/jim/work/v2superbikeshed/Trikeshed/src/commonMain/kotlin/borg/trikeshed/couchdb/CouchProtocol.kt:119:9 Unresolved reference 'put'.
e: file:///Users/jim/work/v2superbikeshed/Trikeshed/src/commonMain/kotlin/borg/trikeshed/couchdb/CouchProtocol.kt:124:2 Cannot access 'typealias Serializable = Serializable': it is internal in file.
e: file:///Users/jim/work/v2superbikeshed/Trikeshed/src/commonMain/kotlin/borg/trikeshed/couchdb/CouchProtocol.kt:124:2 Illegal annotation class 'Serializable'.
e: file:///Users/jim/work/v2superbikeshed/Trikeshed/src/commonMain/kotlin/borg/trikeshed/couchdb/CouchProtocol.kt:149:2 Cannot access 'typealias Serializable = Serializable': it is internal in file.
e: file:///Users/jim/work/v2superbikeshed/Trikeshed/src/commonMain/kotlin/borg/trikeshed/couchdb/CouchProtocol.kt:149:2 Illegal annotation class 'Serializable'.
e: file:///Users/jim/work/v2superbikeshed/Trikeshed/src/commonMain/kotlin/borg/trikeshed/couchdb/CouchProtocol.kt:156:2 Cannot access 'typealias Serializable = Serializable': it is internal in file.
e: file:///Users/jim/work/v2superbikeshed/Trikeshed/src/commonMain/kotlin/borg/trikeshed/couchdb/CouchProtocol.kt:156:2 Illegal annotation class 'Serializable'.
e: file:///Users/jim/work/v2superbikeshed/Trikeshed/src/commonMain/kotlin/borg/trikeshed/couchdb/CouchProtocol.kt:165:2 Cannot access 'typealias Serializable = Serializable': it is internal in file.
e: file:///Users/jim/work/v2superbikeshed/Trikeshed/src/commonMain/kotlin/borg/trikeshed/couchdb/CouchProtocol.kt:165:2 Illegal annotation class 'Serializable'.
e: file:///Users/jim/work/v2superbikeshed/Trikeshed/src/commonMain/kotlin/borg/trikeshed/couchdb/CouchProtocol.kt:171:2 Cannot access 'typealias Serializable = Serializable': it is internal in file.
e: file:///Users/jim/work/v2superbikeshed/Trikeshed/src/commonMain/kotlin/borg/trikeshed/couchdb/CouchProtocol.kt:171:2 Illegal annotation class 'Serializable'.
e: file:///Users/jim/work/v2superbikeshed/Trikeshed/src/commonMain/kotlin/borg/trikeshed/couchdb/CouchProtocol.kt:181:32 Unresolved reference 'buildJsonObject'.
e: file:///Users/jim/work/v2superbikeshed/Trikeshed/src/commonMain/kotlin/borg/trikeshed/couchdb/CouchProtocol.kt:182:9 Unresolved reference 'put'.
e: file:///Users/jim/work/v2superbikeshed/Trikeshed/src/commonMain/kotlin/borg/trikeshed/couchdb/CouchProtocol.kt:183:9 Unresolved reference 'put'.
e: file:///Users/jim/work/v2superbikeshed/Trikeshed/src/commonMain/kotlin/borg/trikeshed/couchdb/CouchProtocol.kt:184:9 Unresolved reference 'put'.
e: file:///Users/jim/work/v2superbikeshed/Trikeshed/src/commonMain/kotlin/borg/trikeshed/couchdb/CouchProtocol.kt:185:9 Unresolved reference 'put'.
e: file:///Users/jim/work/v2superbikeshed/Trikeshed/src/commonMain/kotlin/borg/trikeshed/couchdb/CouchProtocol.kt:186:17 Cannot infer type for this parameter. Specify it explicitly.
e: file:///Users/jim/work/v2superbikeshed/Trikeshed/src/commonMain/kotlin/borg/trikeshed/couchdb/CouchProtocol.kt:186:23 Unresolved reference 'put'.
e: file:///Users/jim/work/v2superbikeshed/Trikeshed/src/commonMain/kotlin/borg/trikeshed/couchdb/CouchProtocol.kt:187:23 Cannot infer type for this parameter. Specify it explicitly.
e: file:///Users/jim/work/v2superbikeshed/Trikeshed/src/commonMain/kotlin/borg/trikeshed/couchdb/CouchProtocol.kt:187:29 Unresolved reference 'put'.
e: file:///Users/jim/work/v2superbikeshed/Trikeshed/src/commonMain/kotlin/borg/trikeshed/couchdb/CouchProtocol.kt:188:18 Cannot infer type for this parameter. Specify it explicitly.
e: file:///Users/jim/work/v2superbikeshed/Trikeshed/src/commonMain/kotlin/borg/trikeshed/couchdb/CouchProtocol.kt:189:13 Unresolved reference 'putJsonArray'.
e: file:///Users/jim/work/v2superbikeshed/Trikeshed/src/commonMain/kotlin/borg/trikeshed/couchdb/CouchProtocol.kt:191:21 Unresolved reference 'add'.
e: file:///Users/jim/work/v2superbikeshed/Trikeshed/src/commonMain/kotlin/borg/trikeshed/couchdb/CouchProtocol.kt:198:2 Cannot access 'typealias Serializable = Serializable': it is internal in file.
e: file:///Users/jim/work/v2superbikeshed/Trikeshed/src/commonMain/kotlin/borg/trikeshed/couchdb/CouchProtocol.kt:198:2 Illegal annotation class 'Serializable'.
e: file:///Users/jim/work/v2superbikeshed/Trikeshed/src/commonMain/kotlin/borg/trikeshed/couchdb/CouchProtocol.kt:206:2 Cannot access 'typealias Serializable = Serializable': it is internal in file.
e: file:///Users/jim/work/v2superbikeshed/Trikeshed/src/commonMain/kotlin/borg/trikeshed/couchdb/CouchProtocol.kt:206:2 Illegal annotation class 'Serializable'.
e: file:///Users/jim/work/v2superbikeshed/Trikeshed/src/commonMain/kotlin/borg/trikeshed/couchdb/CouchProtocol.kt:222:2 Cannot access 'typealias Serializable = Serializable': it is internal in file.
e: file:///Users/jim/work/v2superbikeshed/Trikeshed/src/commonMain/kotlin/borg/trikeshed/couchdb/CouchProtocol.kt:222:2 Illegal annotation class 'Serializable'.
e: file:///Users/jim/work/v2superbikeshed/Trikeshed/src/commonMain/kotlin/borg/trikeshed/couchdb/CouchProtocol.kt:224:6 Unresolved reference 'SerialName'.
e: file:///Users/jim/work/v2superbikeshed/Trikeshed/src/commonMain/kotlin/borg/trikeshed/couchdb/CouchProtocol.kt:225:6 Unresolved reference 'SerialName'.
e: file:///Users/jim/work/v2superbikeshed/Trikeshed/src/commonMain/kotlin/borg/trikeshed/couchdb/CouchProtocol.kt:233:42 Unresolved reference 'emptyIndex'.
e: file:///Users/jim/work/v2superbikeshed/Trikeshed/src/commonMain/kotlin/borg/trikeshed/couchdb/CouchProtocol.kt:237:2 Cannot access 'typealias Serializable = Serializable': it is internal in file.
e: file:///Users/jim/work/v2superbikeshed/Trikeshed/src/commonMain/kotlin/borg/trikeshed/couchdb/CouchProtocol.kt:237:2 Illegal annotation class 'Serializable'.
e: file:///Users/jim/work/v2superbikeshed/Trikeshed/src/commonMain/kotlin/borg/trikeshed/couchdb/CouchProtocol.kt:243:2 Cannot access 'typealias Serializable = Serializable': it is internal in file.
e: file:///Users/jim/work/v2superbikeshed/Trikeshed/src/commonMain/kotlin/borg/trikeshed/couchdb/CouchProtocol.kt:243:2 Illegal annotation class 'Serializable'.
e: file:///Users/jim/work/v2superbikeshed/Trikeshed/src/commonMain/kotlin/borg/trikeshed/couchdb/CouchProtocol.kt:252:11 Redeclaration:
class CouchClient : Any
e: file:///Users/jim/work/v2superbikeshed/Trikeshed/src/commonMain/kotlin/borg/trikeshed/couchdb/CouchProtocol.kt:271:21 Unresolved reference 'JsonElement'.
e: file:///Users/jim/work/v2superbikeshed/Trikeshed/src/commonMain/kotlin/borg/trikeshed/couchdb/CouchProtocol.kt:271:34 Unresolved reference 'JsonElement'.
e: file:///Users/jim/work/v2superbikeshed/Trikeshed/src/commonMain/kotlin/borg/trikeshed/crypto/CommonCrypto.kt:237:40 Argument type mismatch: actual type is 'T? (of fun <T> Join<Int, Function1<Int, Join<Any?, TypeMemento>>>.get)', but 'K (of fun <K> WHEN_CALL)' was expected.
e: file:///Users/jim/work/v2superbikeshed/Trikeshed/src/commonMain/kotlin/borg/trikeshed/crypto/CommonCrypto.kt:237:40 Argument type mismatch: actual type is 'Join<Int, Function1<Int, Join<Any?, TypeMemento>>>', but 'Join<Int, Function1<Int, Byte>>' was expected.
e: file:///Users/jim/work/v2superbikeshed/Trikeshed/src/commonMain/kotlin/borg/trikeshed/crypto/CommonCrypto.kt:237:40 Cannot infer type for this parameter. Specify it explicitly.
e: file:///Users/jim/work/v2superbikeshed/Trikeshed/src/commonMain/kotlin/borg/trikeshed/crypto/CommonCrypto.kt:237:40 Unresolved reference. None of the following candidates is applicable because of a receiver type mismatch:
fun <T> Join<Int, Function1<Int, Join<Any?, TypeMemento>>>.get(column: Column<T>): T?
e: file:///Users/jim/work/v2superbikeshed/Trikeshed/src/commonMain/kotlin/borg/trikeshed/crypto/CommonCrypto.kt:238:22 Argument type mismatch: actual type is 'T? (of fun <T> Join<Int, Function1<Int, Join<Any?, TypeMemento>>>.get)', but 'K (of fun <K> WHEN_CALL)' was expected.
e: file:///Users/jim/work/v2superbikeshed/Trikeshed/src/commonMain/kotlin/borg/trikeshed/crypto/CommonCrypto.kt:238:22 Argument type mismatch: actual type is 'Join<Int, Function1<Int, Join<Any?, TypeMemento>>>', but 'Join<Int, Function1<Int, Byte>>' was expected.
e: file:///Users/jim/work/v2superbikeshed/Trikeshed/src/commonMain/kotlin/borg/trikeshed/crypto/CommonCrypto.kt:238:22 Cannot infer type for this parameter. Specify it explicitly.
e: file:///Users/jim/work/v2superbikeshed/Trikeshed/src/commonMain/kotlin/borg/trikeshed/crypto/CommonCrypto.kt:238:22 Unresolved reference. None of the following candidates is applicable because of a receiver type mismatch:
fun <T> Join<Int, Function1<Int, Join<Any?, TypeMemento>>>.get(column: Column<T>): T?
e: file:///Users/jim/work/v2superbikeshed/Trikeshed/src/commonMain/kotlin/borg/trikeshed/crypto/CommonCrypto.kt:393:26 Argument type mismatch: actual type is 'T? (of fun <T> Join<Int, Function1<Int, Join<Any?, TypeMemento>>>.get)', but 'Byte' was expected.
e: file:///Users/jim/work/v2superbikeshed/Trikeshed/src/commonMain/kotlin/borg/trikeshed/crypto/CommonCrypto.kt:393:26 Cannot infer type for this parameter. Specify it explicitly.
e: file:///Users/jim/work/v2superbikeshed/Trikeshed/src/commonMain/kotlin/borg/trikeshed/crypto/CommonCrypto.kt:393:26 Unresolved reference. None of the following candidates is applicable because of a receiver type mismatch:
fun <T> Join<Int, Function1<Int, Join<Any?, TypeMemento>>>.get(column: Column<T>): T?
e: file:///Users/jim/work/v2superbikeshed/Trikeshed/src/commonMain/kotlin/borg/trikeshed/cursor/ColumnMeta.kt:12:13 Redeclaration:
data class ColumnMeta : Any
e: file:///Users/jim/work/v2superbikeshed/Trikeshed/src/commonMain/kotlin/borg/trikeshed/cursor/ColumnMeta.kt:30:12 Redeclaration:
class ColumnMeta : Any
e: file:///Users/jim/work/v2superbikeshed/Trikeshed/src/commonMain/kotlin/borg/trikeshed/cursor/Cursor.kt:69:12 Return type mismatch: expected 'Join<Int, Function1<Int, Join<Any?, Function0<ColumnMeta>>>>', actual 'Join<Int, Function1<Int, RowVec>>'.
e: file:///Users/jim/work/v2superbikeshed/Trikeshed/src/commonMain/kotlin/borg/trikeshed/cursor/Cursor.kt:73:53 Overload resolution ambiguity between candidates:
fun <X, C, V : Join<Int, Function1<Int, X>>> V.α(crossinline xform: (X) -> C): Join<Int, Function1<Int, C>>
fun <X, C, V : Join<Int, Function1<Int, X>>> V.α(crossinline xform: (X) -> C): Join<Int, Function1<Int, C>>
e: file:///Users/jim/work/v2superbikeshed/Trikeshed/src/commonMain/kotlin/borg/trikeshed/cursor/Cursor.kt:73:57 Cannot infer type for this parameter. Specify it explicitly.
e: file:///Users/jim/work/v2superbikeshed/Trikeshed/src/commonMain/kotlin/borg/trikeshed/cursor/Cursor.kt:73:68 Cannot infer type for this parameter. Specify it explicitly.
e: file:///Users/jim/work/v2superbikeshed/Trikeshed/src/commonMain/kotlin/borg/trikeshed/cursor/Cursor.kt:73:68 Not enough information to infer type argument for 'X'.
e: file:///Users/jim/work/v2superbikeshed/Trikeshed/src/commonMain/kotlin/borg/trikeshed/cursor/Cursor.kt:73:68 Not enough information to infer type argument for 'C'.
e: file:///Users/jim/work/v2superbikeshed/Trikeshed/src/commonMain/kotlin/borg/trikeshed/cursor/Cursor.kt:73:70 Cannot infer type for this parameter. Specify it explicitly.
e: file:///Users/jim/work/v2superbikeshed/Trikeshed/src/commonMain/kotlin/borg/trikeshed/cursor/Cursor.kt:73:75 Unresolved reference 'a'.
e: file:///Users/jim/work/v2superbikeshed/Trikeshed/src/commonMain/kotlin/borg/trikeshed/cursor/Cursor.kt:89:29 Argument type mismatch: actual type is 'Join<Int, Function1<Int, RowVec>>', but 'Join<Int, Function1<Int, Join<Any?, Function0<ColumnMeta>>>>' was expected.
e: file:///Users/jim/work/v2superbikeshed/Trikeshed/src/commonMain/kotlin/borg/trikeshed/cursor/Cursor.kt:103:17 Overload resolution ambiguity between candidates:
fun <X, C, V : Join<Int, Function1<Int, X>>> V.α(crossinline xform: (X) -> C): Join<Int, Function1<Int, C>>
fun <X, C, V : Join<Int, Function1<Int, X>>> V.α(crossinline xform: (X) -> C): Join<Int, Function1<Int, C>>
e: file:///Users/jim/work/v2superbikeshed/Trikeshed/src/commonMain/kotlin/borg/trikeshed/cursor/Cursor.kt:103:21 Cannot infer type for this parameter. Specify it explicitly.
e: file:///Users/jim/work/v2superbikeshed/Trikeshed/src/commonMain/kotlin/borg/trikeshed/cursor/Cursor.kt:104:25 Cannot infer type for this parameter. Specify it explicitly.
e: file:///Users/jim/work/v2superbikeshed/Trikeshed/src/commonMain/kotlin/borg/trikeshed/cursor/Cursor.kt:104:25 Not enough information to infer type argument for 'B'.
e: file:///Users/jim/work/v2superbikeshed/Trikeshed/src/commonMain/kotlin/borg/trikeshed/cursor/Cursor.kt:104:29 Cannot infer type for this parameter. Specify it explicitly.
e: file:///Users/jim/work/v2superbikeshed/Trikeshed/src/commonMain/kotlin/borg/trikeshed/cursor/Cursor.kt:106:36 Cannot infer type for this parameter. Specify it explicitly.
e: file:///Users/jim/work/v2superbikeshed/Trikeshed/src/commonMain/kotlin/borg/trikeshed/cursor/Cursor.kt:106:36 Not enough information to infer type argument for 'T'.
e: file:///Users/jim/work/v2superbikeshed/Trikeshed/src/commonMain/kotlin/borg/trikeshed/cursor/Cursor.kt:128:21 None of the following candidates is applicable:
fun Join<Int, Function1<Int, RowVec>>.get(rowRange: IntRange): Join<Int, Function1<Int, RowVec>>
fun Join<Int, Function1<Int, RowVec>>.get(vararg colIndices: Int): Join<Int, Function1<Int, RowVec>>
e: file:///Users/jim/work/v2superbikeshed/Trikeshed/src/commonMain/kotlin/borg/trikeshed/cursor/Cursor.kt:129:35 Cannot infer type for this parameter. Specify it explicitly.
e: file:///Users/jim/work/v2superbikeshed/Trikeshed/src/commonMain/kotlin/borg/trikeshed/cursor/Cursor.kt:129:35 Not enough information to infer type argument for 'B'.
e: file:///Users/jim/work/v2superbikeshed/Trikeshed/src/commonMain/kotlin/borg/trikeshed/cursor/Cursor.kt:129:39 Cannot infer type for this parameter. Specify it explicitly.
e: file:///Users/jim/work/v2superbikeshed/Trikeshed/src/commonMain/kotlin/borg/trikeshed/cursor/Cursor.kt:129:44 None of the following candidates is applicable:
fun Join<Int, Function1<Int, RowVec>>.get(rowRange: IntRange): Join<Int, Function1<Int, RowVec>>
fun Join<Int, Function1<Int, RowVec>>.get(vararg colIndices: Int): Join<Int, Function1<Int, RowVec>>
fun Join<Cursor, Indexed<ColumnMeta>>.get(vararg columnNames: String): Join<Cursor, Indexed<ColumnMeta>>
e: file:///Users/jim/work/v2superbikeshed/Trikeshed/src/commonMain/kotlin/borg/trikeshed/cursor/Cursor.kt:131:22 Cannot infer type for this parameter. Specify it explicitly.
e: file:///Users/jim/work/v2superbikeshed/Trikeshed/src/commonMain/kotlin/borg/trikeshed/cursor/Cursor.kt:131:22 Unresolved reference. None of the following candidates is applicable because of a receiver type mismatch:
fun <A, B> A.j(b: B): Join<A, B>
e: file:///Users/jim/work/v2superbikeshed/Trikeshed/src/commonMain/kotlin/borg/trikeshed/cursor/Cursor.kt:156:28 Prohibited vararg parameter type 'ColumnExclusion'.
e: file:///Users/jim/work/v2superbikeshed/Trikeshed/src/commonMain/kotlin/borg/trikeshed/cursor/Cursor.kt:165:21 None of the following candidates is applicable:
fun Join<Int, Function1<Int, RowVec>>.get(rowRange: IntRange): Join<Int, Function1<Int, RowVec>>
fun Join<Int, Function1<Int, RowVec>>.get(vararg colIndices: Int): Join<Int, Function1<Int, RowVec>>
e: file:///Users/jim/work/v2superbikeshed/Trikeshed/src/commonMain/kotlin/borg/trikeshed/cursor/Cursor.kt:166:40 Cannot infer type for this parameter. Specify it explicitly.
e: file:///Users/jim/work/v2superbikeshed/Trikeshed/src/commonMain/kotlin/borg/trikeshed/cursor/Cursor.kt:166:40 Not enough information to infer type argument for 'B'.
e: file:///Users/jim/work/v2superbikeshed/Trikeshed/src/commonMain/kotlin/borg/trikeshed/cursor/Cursor.kt:166:44 Cannot infer type for this parameter. Specify it explicitly.
e: file:///Users/jim/work/v2superbikeshed/Trikeshed/src/commonMain/kotlin/borg/trikeshed/cursor/Cursor.kt:166:49 None of the following candidates is applicable:
fun Join<Int, Function1<Int, RowVec>>.get(rowRange: IntRange): Join<Int, Function1<Int, RowVec>>
fun Join<Int, Function1<Int, RowVec>>.get(vararg colIndices: Int): Join<Int, Function1<Int, RowVec>>
fun Join<Cursor, Indexed<ColumnMeta>>.get(vararg columnNames: String): Join<Cursor, Indexed<ColumnMeta>>
e: file:///Users/jim/work/v2superbikeshed/Trikeshed/src/commonMain/kotlin/borg/trikeshed/cursor/Cursor.kt:168:22 Cannot infer type for this parameter. Specify it explicitly.
e: file:///Users/jim/work/v2superbikeshed/Trikeshed/src/commonMain/kotlin/borg/trikeshed/cursor/Cursor.kt:168:22 Unresolved reference. None of the following candidates is applicable because of a receiver type mismatch:
fun <A, B> A.j(b: B): Join<A, B>
e: file:///Users/jim/work/v2superbikeshed/Trikeshed/src/commonMain/kotlin/borg/trikeshed/cursor/Cursor.kt:178:1 Conflicting overloads:
fun Join<Int, Function1<Int, RowVec>>.head(last: Int = ...): Unit
e: file:///Users/jim/work/v2superbikeshed/Trikeshed/src/commonMain/kotlin/borg/trikeshed/cursor/Cursor.kt:195:1 Conflicting overloads:
fun Join<Int, Function1<Int, RowVec>>.head(count: Int = ...): Unit
e: file:///Users/jim/work/v2superbikeshed/Trikeshed/src/commonMain/kotlin/borg/trikeshed/cursor/Cursor.kt:195:40 Unresolved reference. None of the following candidates is applicable because of a receiver type mismatch:
fun Join<Cursor, Indexed<ColumnMeta>>.show(range: IntRange = ...): Unit
e: file:///Users/jim/work/v2superbikeshed/Trikeshed/src/commonMain/kotlin/borg/trikeshed/cursor/Cursor.kt:199:5 Overload resolution ambiguity between candidates:
fun Join<Int, Function1<Int, RowVec>>.head(count: Int = ...): Unit
fun Join<Int, Function1<Int, RowVec>>.head(last: Int = ...): Unit
e: file:///Users/jim/work/v2superbikeshed/Trikeshed/src/commonMain/kotlin/borg/trikeshed/cursor/Cursor.kt:200:23 Unresolved reference. None of the following candidates is applicable because of a receiver type mismatch:
fun Join<Cursor, Indexed<ColumnMeta>>.showValues(range: IntRange): Unit
e: file:///Users/jim/work/v2superbikeshed/Trikeshed/src/commonMain/kotlin/borg/trikeshed/cursor/Cursor.kt:236:27 Unresolved reference 'IoByte'.
e: file:///Users/jim/work/v2superbikeshed/Trikeshed/src/commonMain/kotlin/borg/trikeshed/cursor/Cursor.kt:236:45 Unresolved reference 'IoShort'.
e: file:///Users/jim/work/v2superbikeshed/Trikeshed/src/commonMain/kotlin/borg/trikeshed/cursor/Cursor.kt:236:64 Unresolved reference 'IoInt'.
e: file:///Users/jim/work/v2superbikeshed/Trikeshed/src/commonMain/kotlin/borg/trikeshed/cursor/Cursor.kt:237:27 Unresolved reference 'IoFloat'.
e: file:///Users/jim/work/v2superbikeshed/Trikeshed/src/commonMain/kotlin/borg/trikeshed/cursor/Cursor.kt:237:46 Unresolved reference 'IoDouble'.
e: file:///Users/jim/work/v2superbikeshed/Trikeshed/src/commonMain/kotlin/borg/trikeshed/cursor/Cursor.kt:237:66 Unresolved reference 'IoLong'.
e: file:///Users/jim/work/v2superbikeshed/Trikeshed/src/commonMain/kotlin/borg/trikeshed/cursor/Cursor.kt:247:25 None of the following candidates is applicable:
fun Join<Int, Function1<Int, RowVec>>.get(rowRange: IntRange): Join<Int, Function1<Int, RowVec>>
fun Join<Int, Function1<Int, RowVec>>.get(vararg colIndices: Int): Join<Int, Function1<Int, RowVec>>
fun Join<Cursor, Indexed<ColumnMeta>>.get(vararg columnNames: String): Join<Cursor, Indexed<ColumnMeta>>
e: file:///Users/jim/work/v2superbikeshed/Trikeshed/src/commonMain/kotlin/borg/trikeshed/cursor/Cursor.kt:247:33 Unresolved reference 'type'.
e: file:///Users/jim/work/v2superbikeshed/Trikeshed/src/commonMain/kotlin/borg/trikeshed/cursor/Cursor.kt:261:103 Unresolved reference 'KClass'.
e: file:///Users/jim/work/v2superbikeshed/Trikeshed/src/commonMain/kotlin/borg/trikeshed/cursor/Cursor.kt:262:8 Unresolved reference 'KClass'.
e: file:///Users/jim/work/v2superbikeshed/Trikeshed/src/commonMain/kotlin/borg/trikeshed/cursor/Cursor.kt:263:32 Overload resolution ambiguity between candidates:
fun <X, C, V : Join<Int, Function1<Int, X>>> V.α(crossinline xform: (X) -> C): Join<Int, Function1<Int, C>>
fun <X, C, V : Join<Int, Function1<Int, X>>> V.α(crossinline xform: (X) -> C): Join<Int, Function1<Int, C>>
e: file:///Users/jim/work/v2superbikeshed/Trikeshed/src/commonMain/kotlin/borg/trikeshed/cursor/Cursor.kt:263:36 Unresolved reference 'it'.
e: file:///Users/jim/work/v2superbikeshed/Trikeshed/src/commonMain/kotlin/borg/trikeshed/cursor/Cursor.kt:263:57 Cannot infer type for this parameter. Specify it explicitly.
e: file:///Users/jim/work/v2superbikeshed/Trikeshed/src/commonMain/kotlin/borg/trikeshed/cursor/Cursor.kt:263:57 Not enough information to infer type argument for 'X'.
e: file:///Users/jim/work/v2superbikeshed/Trikeshed/src/commonMain/kotlin/borg/trikeshed/cursor/Cursor.kt:263:57 Not enough information to infer type argument for 'C'.
e: file:///Users/jim/work/v2superbikeshed/Trikeshed/src/commonMain/kotlin/borg/trikeshed/cursor/Cursor.kt:263:59 Cannot infer type for this parameter. Specify it explicitly.
e: file:///Users/jim/work/v2superbikeshed/Trikeshed/src/commonMain/kotlin/borg/trikeshed/cursor/Cursor.kt:263:79 Unresolved reference 'it'.
e: file:///Users/jim/work/v2superbikeshed/Trikeshed/src/commonMain/kotlin/borg/trikeshed/cursor/Cursor.kt:263:82 Cannot infer type for this parameter. Specify it explicitly.
e: file:///Users/jim/work/v2superbikeshed/Trikeshed/src/commonMain/kotlin/borg/trikeshed/cursor/Cursor.kt:263:84 Cannot infer type for this parameter. Specify it explicitly.
e: file:///Users/jim/work/v2superbikeshed/Trikeshed/src/commonMain/kotlin/borg/trikeshed/dht/gossip/GossipService.kt:138:30 Cannot infer type for this parameter. Specify it explicitly.
e: file:///Users/jim/work/v2superbikeshed/Trikeshed/src/commonMain/kotlin/borg/trikeshed/dht/gossip/GossipService.kt:138:30 Unresolved reference. None of the following candidates is applicable because of a receiver type mismatch:
fun <T> Join<Int, Function1<Int, Join<Any?, TypeMemento>>>.get(column: Column<T>): T?
e: file:///Users/jim/work/v2superbikeshed/Trikeshed/src/commonMain/kotlin/borg/trikeshed/dht/gossip/GossipService.kt:149:30 Cannot infer type for this parameter. Specify it explicitly.
e: file:///Users/jim/work/v2superbikeshed/Trikeshed/src/commonMain/kotlin/borg/trikeshed/dht/gossip/GossipService.kt:149:30 Unresolved reference. None of the following candidates is applicable because of a receiver type mismatch:
fun <T> Join<Int, Function1<Int, Join<Any?, TypeMemento>>>.get(column: Column<T>): T?
e: file:///Users/jim/work/v2superbikeshed/Trikeshed/src/commonMain/kotlin/borg/trikeshed/dht/integration/DHTQuicIntegration.kt:44:27 Unresolved reference 'ReactorNetwork'.
e: file:///Users/jim/work/v2superbikeshed/Trikeshed/src/commonMain/kotlin/borg/trikeshed/dht/integration/DHTQuicIntegration.kt:45:45 No type arguments expected for class Reactor : Any.
e: file:///Users/jim/work/v2superbikeshed/Trikeshed/src/commonMain/kotlin/borg/trikeshed/dht/integration/DHTQuicIntegration.kt:56:70 Argument type mismatch: actual type is 'Join<Int, Function1<Int, Join<Any?, TypeMemento>>>', but 'Join<Int, Function1<Int, Byte>>' was expected.
e: file:///Users/jim/work/v2superbikeshed/Trikeshed/src/commonMain/kotlin/borg/trikeshed/dht/integration/DHTQuicIntegration.kt:56:70 Cannot infer type for this parameter. Specify it explicitly.
e: file:///Users/jim/work/v2superbikeshed/Trikeshed/src/commonMain/kotlin/borg/trikeshed/dht/integration/DHTQuicIntegration.kt:56:70 Unresolved reference. None of the following candidates is applicable because of a receiver type mismatch:
fun <T> Join<Int, Function1<Int, Join<Any?, TypeMemento>>>.get(column: Column<T>): T?
e: file:///Users/jim/work/v2superbikeshed/Trikeshed/src/commonMain/kotlin/borg/trikeshed/dht/integration/DHTQuicIntegration.kt:84:33 No type arguments expected for constructor(dispatcher: CoroutineDispatcher = ..., numSelectorThreads: Int = ...): Reactor.
e: file:///Users/jim/work/v2superbikeshed/Trikeshed/src/commonMain/kotlin/borg/trikeshed/dht/integration/DHTQuicIntegration.kt:84:49 Argument type mismatch: actual type is 'String', but 'CoroutineDispatcher' was expected.
e: file:///Users/jim/work/v2superbikeshed/Trikeshed/src/commonMain/kotlin/borg/trikeshed/dht/integration/DHTQuicIntegration.kt:85:24 Unresolved reference 'on'.
e: file:///Users/jim/work/v2superbikeshed/Trikeshed/src/commonMain/kotlin/borg/trikeshed/dht/integration/DHTQuicIntegration.kt:85:48 Cannot infer type for this parameter. Specify it explicitly.
e: file:///Users/jim/work/v2superbikeshed/Trikeshed/src/commonMain/kotlin/borg/trikeshed/dht/integration/DHTQuicIntegration.kt:86:17 Suspension functions can only be called within coroutine body.
e: file:///Users/jim/work/v2superbikeshed/Trikeshed/src/commonMain/kotlin/borg/trikeshed/dht/integration/DHTQuicIntegration.kt:86:38 Unresolved reference 'data'.
e: file:///Users/jim/work/v2superbikeshed/Trikeshed/src/commonMain/kotlin/borg/trikeshed/dht/integration/DHTQuicIntegration.kt:108:24 Cannot infer type for this parameter. Specify it explicitly.
e: file:///Users/jim/work/v2superbikeshed/Trikeshed/src/commonMain/kotlin/borg/trikeshed/dht/integration/DHTQuicIntegration.kt:108:24 Unresolved reference. None of the following candidates is applicable because of a receiver type mismatch:
fun <T> Join<Int, Function1<Int, Join<Any?, TypeMemento>>>.get(column: Column<T>): T?
e: file:///Users/jim/work/v2superbikeshed/Trikeshed/src/commonMain/kotlin/borg/trikeshed/dht/integration/DHTQuicIntegration.kt:109:22 Unresolved reference 'nodeId'.
e: file:///Users/jim/work/v2superbikeshed/Trikeshed/src/commonMain/kotlin/borg/trikeshed/dht/integration/DHTQuicIntegration.kt:111:35 Unresolved reference 'nodeId'.
e: file:///Users/jim/work/v2superbikeshed/Trikeshed/src/commonMain/kotlin/borg/trikeshed/dht/integration/DHTQuicIntegration.kt:162:24 Unresolved reference 'emit'.
e: file:///Users/jim/work/v2superbikeshed/Trikeshed/src/commonMain/kotlin/borg/trikeshed/dht/integration/DHTQuicIntegration.kt:239:24 Cannot infer type for this parameter. Specify it explicitly.
e: file:///Users/jim/work/v2superbikeshed/Trikeshed/src/commonMain/kotlin/borg/trikeshed/dht/integration/DHTQuicIntegration.kt:239:24 Unresolved reference. None of the following candidates is applicable because of a receiver type mismatch:
fun <T> Join<Int, Function1<Int, Join<Any?, TypeMemento>>>.get(column: Column<T>): T?
e: file:///Users/jim/work/v2superbikeshed/Trikeshed/src/commonMain/kotlin/borg/trikeshed/dht/integration/DHTQuicIntegration.kt:250:38 Unresolved reference 'nodeId'.
e: file:///Users/jim/work/v2superbikeshed/Trikeshed/src/commonMain/kotlin/borg/trikeshed/dht/integration/DHTQuicIntegration.kt:268:24 Cannot infer type for this parameter. Specify it explicitly.
e: file:///Users/jim/work/v2superbikeshed/Trikeshed/src/commonMain/kotlin/borg/trikeshed/dht/integration/DHTQuicIntegration.kt:268:24 Unresolved reference. None of the following candidates is applicable because of a receiver type mismatch:
fun <T> Join<Int, Function1<Int, Join<Any?, TypeMemento>>>.get(column: Column<T>): T?
e: file:///Users/jim/work/v2superbikeshed/Trikeshed/src/commonMain/kotlin/borg/trikeshed/dht/integration/DHTQuicIntegration.kt:278:34 Unresolved reference 'nodeId'.
e: file:///Users/jim/work/v2superbikeshed/Trikeshed/src/commonMain/kotlin/borg/trikeshed/dht/integration/DHTQuicIntegration.kt:344:24 Cannot infer type for this parameter. Specify it explicitly.
e: file:///Users/jim/work/v2superbikeshed/Trikeshed/src/commonMain/kotlin/borg/trikeshed/dht/integration/DHTQuicIntegration.kt:344:24 Unresolved reference. None of the following candidates is applicable because of a receiver type mismatch:
fun <T> Join<Int, Function1<Int, Join<Any?, TypeMemento>>>.get(column: Column<T>): T?
e: file:///Users/jim/work/v2superbikeshed/Trikeshed/src/commonMain/kotlin/borg/trikeshed/dht/integration/DHTQuicIntegration.kt:471:67 Argument type mismatch: actual type is 'Byte?', but 'Byte' was expected.
e: file:///Users/jim/work/v2superbikeshed/Trikeshed/src/commonMain/kotlin/borg/trikeshed/dht/integration/DHTQuicIntegration.kt:471:67 Unresolved reference. None of the following candidates is applicable because of a receiver type mismatch:
fun <T> Join<Int, Function1<Int, Join<Any?, TypeMemento>>>.get(column: Column<T>): T?
e: file:///Users/jim/work/v2superbikeshed/Trikeshed/src/commonMain/kotlin/borg/trikeshed/dht/kademlia/codec/KademliaCodec.kt:55:70 Argument type mismatch: actual type is 'Byte?', but 'Byte' was expected.
e: file:///Users/jim/work/v2superbikeshed/Trikeshed/src/commonMain/kotlin/borg/trikeshed/dht/kademlia/codec/KademliaCodec.kt:55:70 Unresolved reference. None of the following candidates is applicable because of a receiver type mismatch:
fun <T> Join<Int, Function1<Int, Join<Any?, TypeMemento>>>.get(column: Column<T>): T?
e: file:///Users/jim/work/v2superbikeshed/Trikeshed/src/commonMain/kotlin/borg/trikeshed/dht/kademlia/codec/KademliaCodec.kt:56:76 Argument type mismatch: actual type is 'Byte?', but 'Byte' was expected.
e: file:///Users/jim/work/v2superbikeshed/Trikeshed/src/commonMain/kotlin/borg/trikeshed/dht/kademlia/codec/KademliaCodec.kt:56:76 Unresolved reference. None of the following candidates is applicable because of a receiver type mismatch:
fun <T> Join<Int, Function1<Int, Join<Any?, TypeMemento>>>.get(column: Column<T>): T?
e: file:///Users/jim/work/v2superbikeshed/Trikeshed/src/commonMain/kotlin/borg/trikeshed/dht/kademlia/codec/KademliaCodec.kt:61:84 Argument type mismatch: actual type is 'Byte?', but 'Byte' was expected.
e: file:///Users/jim/work/v2superbikeshed/Trikeshed/src/commonMain/kotlin/borg/trikeshed/dht/kademlia/codec/KademliaCodec.kt:61:84 Unresolved reference. None of the following candidates is applicable because of a receiver type mismatch:
fun <T> Join<Int, Function1<Int, Join<Any?, TypeMemento>>>.get(column: Column<T>): T?
e: file:///Users/jim/work/v2superbikeshed/Trikeshed/src/commonMain/kotlin/borg/trikeshed/dht/kademlia/codec/KademliaCodec.kt:65:102 Argument type mismatch: actual type is 'Byte?', but 'Byte' was expected.
e: file:///Users/jim/work/v2superbikeshed/Trikeshed/src/commonMain/kotlin/borg/trikeshed/dht/kademlia/codec/KademliaCodec.kt:65:102 Unresolved reference. None of the following candidates is applicable because of a receiver type mismatch:
fun <T> Join<Int, Function1<Int, Join<Any?, TypeMemento>>>.get(column: Column<T>): T?
e: file:///Users/jim/work/v2superbikeshed/Trikeshed/src/commonMain/kotlin/borg/trikeshed/dht/kademlia/codec/KademliaCodec.kt:66:96 Argument type mismatch: actual type is 'Byte?', but 'Byte' was expected.
e: file:///Users/jim/work/v2superbikeshed/Trikeshed/src/commonMain/kotlin/borg/trikeshed/dht/kademlia/codec/KademliaCodec.kt:66:96 Unresolved reference. None of the following candidates is applicable because of a receiver type mismatch:
fun <T> Join<Int, Function1<Int, Join<Any?, TypeMemento>>>.get(column: Column<T>): T?
e: file:///Users/jim/work/v2superbikeshed/Trikeshed/src/commonMain/kotlin/borg/trikeshed/dht/kademlia/codec/KademliaCodec.kt:71:84 Argument type mismatch: actual type is 'Byte?', but 'Byte' was expected.
e: file:///Users/jim/work/v2superbikeshed/Trikeshed/src/commonMain/kotlin/borg/trikeshed/dht/kademlia/codec/KademliaCodec.kt:71:84 Unresolved reference. None of the following candidates is applicable because of a receiver type mismatch:
fun <T> Join<Int, Function1<Int, Join<Any?, TypeMemento>>>.get(column: Column<T>): T?
e: file:///Users/jim/work/v2superbikeshed/Trikeshed/src/commonMain/kotlin/borg/trikeshed/dht/kademlia/codec/KademliaCodec.kt:76:102 Argument type mismatch: actual type is 'Byte?', but 'Byte' was expected.
e: file:///Users/jim/work/v2superbikeshed/Trikeshed/src/commonMain/kotlin/borg/trikeshed/dht/kademlia/codec/KademliaCodec.kt:76:102 Unresolved reference. None of the following candidates is applicable because of a receiver type mismatch:
fun <T> Join<Int, Function1<Int, Join<Any?, TypeMemento>>>.get(column: Column<T>): T?
e: file:///Users/jim/work/v2superbikeshed/Trikeshed/src/commonMain/kotlin/borg/trikeshed/dht/kademlia/codec/KademliaCodec.kt:77:84 Argument type mismatch: actual type is 'Byte?', but 'Byte' was expected.
e: file:///Users/jim/work/v2superbikeshed/Trikeshed/src/commonMain/kotlin/borg/trikeshed/dht/kademlia/codec/KademliaCodec.kt:77:84 Unresolved reference. None of the following candidates is applicable because of a receiver type mismatch:
fun <T> Join<Int, Function1<Int, Join<Any?, TypeMemento>>>.get(column: Column<T>): T?
e: file:///Users/jim/work/v2superbikeshed/Trikeshed/src/commonMain/kotlin/borg/trikeshed/dht/kademlia/codec/KademliaCodec.kt:80:76 Argument type mismatch: actual type is 'Byte?', but 'Byte' was expected.
e: file:///Users/jim/work/v2superbikeshed/Trikeshed/src/commonMain/kotlin/borg/trikeshed/dht/kademlia/codec/KademliaCodec.kt:80:76 Unresolved reference. None of the following candidates is applicable because of a receiver type mismatch:
fun <T> Join<Int, Function1<Int, Join<Any?, TypeMemento>>>.get(column: Column<T>): T?
e: file:///Users/jim/work/v2superbikeshed/Trikeshed/src/commonMain/kotlin/borg/trikeshed/dht/kademlia/codec/KademliaCodec.kt:84:79 Argument type mismatch: actual type is 'Byte?', but 'Byte' was expected.
e: file:///Users/jim/work/v2superbikeshed/Trikeshed/src/commonMain/kotlin/borg/trikeshed/dht/kademlia/codec/KademliaCodec.kt:84:79 Unresolved reference. None of the following candidates is applicable because of a receiver type mismatch:
fun <T> Join<Int, Function1<Int, Join<Any?, TypeMemento>>>.get(column: Column<T>): T?
e: file:///Users/jim/work/v2superbikeshed/Trikeshed/src/commonMain/kotlin/borg/trikeshed/dht/kademlia/codec/KademliaCodec.kt:91:63 Argument type mismatch: actual type is 'Byte?', but 'Byte' was expected.
e: file:///Users/jim/work/v2superbikeshed/Trikeshed/src/commonMain/kotlin/borg/trikeshed/dht/kademlia/codec/KademliaCodec.kt:91:63 Unresolved reference. None of the following candidates is applicable because of a receiver type mismatch:
fun <T> Join<Int, Function1<Int, Join<Any?, TypeMemento>>>.get(column: Column<T>): T?
e: file:///Users/jim/work/v2superbikeshed/Trikeshed/src/commonMain/kotlin/borg/trikeshed/dht/kademlia/codec/KademliaCodec.kt:92:67 Argument type mismatch: actual type is 'Byte?', but 'Byte' was expected.
e: file:///Users/jim/work/v2superbikeshed/Trikeshed/src/commonMain/kotlin/borg/trikeshed/dht/kademlia/codec/KademliaCodec.kt:92:67 Unresolved reference. None of the following candidates is applicable because of a receiver type mismatch:
fun <T> Join<Int, Function1<Int, Join<Any?, TypeMemento>>>.get(column: Column<T>): T?
e: file:///Users/jim/work/v2superbikeshed/Trikeshed/src/commonMain/kotlin/borg/trikeshed/dht/kademlia/codec/KademliaCodec.kt:97:102 Argument type mismatch: actual type is 'Byte?', but 'Byte' was expected.
e: file:///Users/jim/work/v2superbikeshed/Trikeshed/src/commonMain/kotlin/borg/trikeshed/dht/kademlia/codec/KademliaCodec.kt:97:102 Unresolved reference. None of the following candidates is applicable because of a receiver type mismatch:
fun <T> Join<Int, Function1<Int, Join<Any?, TypeMemento>>>.get(column: Column<T>): T?
e: file:///Users/jim/work/v2superbikeshed/Trikeshed/src/commonMain/kotlin/borg/trikeshed/dht/kademlia/codec/KademliaCodec.kt:98:63 Argument type mismatch: actual type is 'Byte?', but 'Byte' was expected.
e: file:///Users/jim/work/v2superbikeshed/Trikeshed/src/commonMain/kotlin/borg/trikeshed/dht/kademlia/codec/KademliaCodec.kt:98:63 Unresolved reference. None of the following candidates is applicable because of a receiver type mismatch:
fun <T> Join<Int, Function1<Int, Join<Any?, TypeMemento>>>.get(column: Column<T>): T?
e: file:///Users/jim/work/v2superbikeshed/Trikeshed/src/commonMain/kotlin/borg/trikeshed/dht/kademlia/codec/KademliaCodec.kt:103:63 Argument type mismatch: actual type is 'Byte?', but 'Byte' was expected.
e: file:///Users/jim/work/v2superbikeshed/Trikeshed/src/commonMain/kotlin/borg/trikeshed/dht/kademlia/codec/KademliaCodec.kt:103:63 Unresolved reference. None of the following candidates is applicable because of a receiver type mismatch:
fun <T> Join<Int, Function1<Int, Join<Any?, TypeMemento>>>.get(column: Column<T>): T?
e: file:///Users/jim/work/v2superbikeshed/Trikeshed/src/commonMain/kotlin/borg/trikeshed/dht/kademlia/codec/KademliaCodec.kt:107:102 Argument type mismatch: actual type is 'Byte?', but 'Byte' was expected.
e: file:///Users/jim/work/v2superbikeshed/Trikeshed/src/commonMain/kotlin/borg/trikeshed/dht/kademlia/codec/KademliaCodec.kt:107:102 Unresolved reference. None of the following candidates is applicable because of a receiver type mismatch:
fun <T> Join<Int, Function1<Int, Join<Any?, TypeMemento>>>.get(column: Column<T>): T?
e: file:///Users/jim/work/v2superbikeshed/Trikeshed/src/commonMain/kotlin/borg/trikeshed/dht/kademlia/codec/KademliaCodec.kt:108:63 Argument type mismatch: actual type is 'Byte?', but 'Byte' was expected.
e: file:///Users/jim/work/v2superbikeshed/Trikeshed/src/commonMain/kotlin/borg/trikeshed/dht/kademlia/codec/KademliaCodec.kt:108:63 Unresolved reference. None of the following candidates is applicable because of a receiver type mismatch:
fun <T> Join<Int, Function1<Int, Join<Any?, TypeMemento>>>.get(column: Column<T>): T?
e: file:///Users/jim/work/v2superbikeshed/Trikeshed/src/commonMain/kotlin/borg/trikeshed/dht/kademlia/codec/KademliaCodec.kt:109:67 Argument type mismatch: actual type is 'Byte?', but 'Byte' was expected.
e: file:///Users/jim/work/v2superbikeshed/Trikeshed/src/commonMain/kotlin/borg/trikeshed/dht/kademlia/codec/KademliaCodec.kt:109:67 Unresolved reference. None of the following candidates is applicable because of a receiver type mismatch:
fun <T> Join<Int, Function1<Int, Join<Any?, TypeMemento>>>.get(column: Column<T>): T?
e: file:///Users/jim/work/v2superbikeshed/Trikeshed/src/commonMain/kotlin/borg/trikeshed/dht/kademlia/codec/KademliaCodec.kt:112:76 Argument type mismatch: actual type is 'Byte?', but 'Byte' was expected.
e: file:///Users/jim/work/v2superbikeshed/Trikeshed/src/commonMain/kotlin/borg/trikeshed/dht/kademlia/codec/KademliaCodec.kt:112:76 Unresolved reference. None of the following candidates is applicable because of a receiver type mismatch:
fun <T> Join<Int, Function1<Int, Join<Any?, TypeMemento>>>.get(column: Column<T>): T?
e: file:///Users/jim/work/v2superbikeshed/Trikeshed/src/commonMain/kotlin/borg/trikeshed/dht/kademlia/codec/KademliaCodec.kt:116:79 Argument type mismatch: actual type is 'Byte?', but 'Byte' was expected.
e: file:///Users/jim/work/v2superbikeshed/Trikeshed/src/commonMain/kotlin/borg/trikeshed/dht/kademlia/codec/KademliaCodec.kt:116:79 Unresolved reference. None of the following candidates is applicable because of a receiver type mismatch:
fun <T> Join<Int, Function1<Int, Join<Any?, TypeMemento>>>.get(column: Column<T>): T?
e: file:///Users/jim/work/v2superbikeshed/Trikeshed/src/commonMain/kotlin/borg/trikeshed/dht/kademlia/codec/KademliaCodec.kt:123:88 Argument type mismatch: actual type is 'Byte?', but 'Byte' was expected.
e: file:///Users/jim/work/v2superbikeshed/Trikeshed/src/commonMain/kotlin/borg/trikeshed/dht/kademlia/codec/KademliaCodec.kt:123:88 Unresolved reference. None of the following candidates is applicable because of a receiver type mismatch:
fun <T> Join<Int, Function1<Int, Join<Any?, TypeMemento>>>.get(column: Column<T>): T?
e: file:///Users/jim/work/v2superbikeshed/Trikeshed/src/commonMain/kotlin/borg/trikeshed/dht/kademlia/codec/KademliaCodec.kt:124:75 Argument type mismatch: actual type is 'Byte?', but 'Byte' was expected.
e: file:///Users/jim/work/v2superbikeshed/Trikeshed/src/commonMain/kotlin/borg/trikeshed/dht/kademlia/codec/KademliaCodec.kt:124:75 Unresolved reference. None of the following candidates is applicable because of a receiver type mismatch:
fun <T> Join<Int, Function1<Int, Join<Any?, TypeMemento>>>.get(column: Column<T>): T?
e: file:///Users/jim/work/v2superbikeshed/Trikeshed/src/commonMain/kotlin/borg/trikeshed/dht/kademlia/codec/KademliaCodec.kt:125:94 Argument type mismatch: actual type is 'Byte?', but 'Byte' was expected.
e: file:///Users/jim/work/v2superbikeshed/Trikeshed/src/commonMain/kotlin/borg/trikeshed/dht/kademlia/codec/KademliaCodec.kt:125:94 Unresolved reference. None of the following candidates is applicable because of a receiver type mismatch:
fun <T> Join<Int, Function1<Int, Join<Any?, TypeMemento>>>.get(column: Column<T>): T?
e: file:///Users/jim/work/v2superbikeshed/Trikeshed/src/commonMain/kotlin/borg/trikeshed/dht/kademlia/codec/KademliaCodec.kt:128:102 Argument type mismatch: actual type is 'Byte?', but 'Byte' was expected.
e: file:///Users/jim/work/v2superbikeshed/Trikeshed/src/commonMain/kotlin/borg/trikeshed/dht/kademlia/codec/KademliaCodec.kt:128:102 Unresolved reference. None of the following candidates is applicable because of a receiver type mismatch:
fun <T> Join<Int, Function1<Int, Join<Any?, TypeMemento>>>.get(column: Column<T>): T?
e: file:///Users/jim/work/v2superbikeshed/Trikeshed/src/commonMain/kotlin/borg/trikeshed/dht/kademlia/codec/KademliaCodec.kt:133:76 Argument type mismatch: actual type is 'Byte?', but 'Byte' was expected.
e: file:///Users/jim/work/v2superbikeshed/Trikeshed/src/commonMain/kotlin/borg/trikeshed/dht/kademlia/codec/KademliaCodec.kt:133:76 Unresolved reference. None of the following candidates is applicable because of a receiver type mismatch:
fun <T> Join<Int, Function1<Int, Join<Any?, TypeMemento>>>.get(column: Column<T>): T?
e: file:///Users/jim/work/v2superbikeshed/Trikeshed/src/commonMain/kotlin/borg/trikeshed/dht/kademlia/codec/KademliaCodec.kt:137:79 Argument type mismatch: actual type is 'Byte?', but 'Byte' was expected.
e: file:///Users/jim/work/v2superbikeshed/Trikeshed/src/commonMain/kotlin/borg/trikeshed/dht/kademlia/codec/KademliaCodec.kt:137:79 Unresolved reference. None of the following candidates is applicable because of a receiver type mismatch:
fun <T> Join<Int, Function1<Int, Join<Any?, TypeMemento>>>.get(column: Column<T>): T?
e: file:///Users/jim/work/v2superbikeshed/Trikeshed/src/commonMain/kotlin/borg/trikeshed/dht/kademlia/codec/KademliaCodec.kt:245:31 Cannot infer type for this parameter. Specify it explicitly.
e: file:///Users/jim/work/v2superbikeshed/Trikeshed/src/commonMain/kotlin/borg/trikeshed/dht/kademlia/codec/KademliaCodec.kt:245:31 Unresolved reference. None of the following candidates is applicable because of a receiver type mismatch:
fun <T> Join<Int, Function1<Int, Join<Any?, TypeMemento>>>.get(column: Column<T>): T?
e: file:///Users/jim/work/v2superbikeshed/Trikeshed/src/commonMain/kotlin/borg/trikeshed/dht/kademlia/codec/KademliaCodec.kt:247:64 Argument type mismatch: actual type is 'Byte?', but 'Byte' was expected.
e: file:///Users/jim/work/v2superbikeshed/Trikeshed/src/commonMain/kotlin/borg/trikeshed/dht/kademlia/codec/KademliaCodec.kt:247:64 Unresolved reference. None of the following candidates is applicable because of a receiver type mismatch:
fun <T> Join<Int, Function1<Int, Join<Any?, TypeMemento>>>.get(column: Column<T>): T?
e: file:///Users/jim/work/v2superbikeshed/Trikeshed/src/commonMain/kotlin/borg/trikeshed/dht/kademlia/codec/KademliaCodec.kt:252:26 Cannot infer type for this parameter. Specify it explicitly.
e: file:///Users/jim/work/v2superbikeshed/Trikeshed/src/commonMain/kotlin/borg/trikeshed/dht/kademlia/codec/KademliaCodec.kt:252:26 Unresolved reference. None of the following candidates is applicable because of a receiver type mismatch:
fun <T> Join<Int, Function1<Int, Join<Any?, TypeMemento>>>.get(column: Column<T>): T?
e: file:///Users/jim/work/v2superbikeshed/Trikeshed/src/commonMain/kotlin/borg/trikeshed/dht/kademlia/codec/KademliaCodec.kt:270:25 Cannot infer type for this parameter. Specify it explicitly.
e: file:///Users/jim/work/v2superbikeshed/Trikeshed/src/commonMain/kotlin/borg/trikeshed/dht/kademlia/codec/KademliaCodec.kt:270:25 Unresolved reference. None of the following candidates is applicable because of a receiver type mismatch:
fun <T> Join<Int, Function1<Int, Join<Any?, TypeMemento>>>.get(column: Column<T>): T?
e: file:///Users/jim/work/v2superbikeshed/Trikeshed/src/commonMain/kotlin/borg/trikeshed/dht/kademlia/codec/KademliaCodec.kt:272:52 Argument type mismatch: actual type is 'Byte?', but 'Byte' was expected.
e: file:///Users/jim/work/v2superbikeshed/Trikeshed/src/commonMain/kotlin/borg/trikeshed/dht/kademlia/codec/KademliaCodec.kt:272:52 Unresolved reference. None of the following candidates is applicable because of a receiver type mismatch:
fun <T> Join<Int, Function1<Int, Join<Any?, TypeMemento>>>.get(column: Column<T>): T?
e: file:///Users/jim/work/v2superbikeshed/Trikeshed/src/commonMain/kotlin/borg/trikeshed/dht/kademlia/codec/KademliaCodec.kt:277:23 Cannot infer type for this parameter. Specify it explicitly.
e: file:///Users/jim/work/v2superbikeshed/Trikeshed/src/commonMain/kotlin/borg/trikeshed/dht/kademlia/codec/KademliaCodec.kt:277:23 Unresolved reference. None of the following candidates is applicable because of a receiver type mismatch:
fun <T> Join<Int, Function1<Int, Join<Any?, TypeMemento>>>.get(column: Column<T>): T?
e: file:///Users/jim/work/v2superbikeshed/Trikeshed/src/commonMain/kotlin/borg/trikeshed/dht/kademlia/codec/KademliaCodec.kt:295:57 Argument type mismatch: actual type is 'Byte?', but 'Byte' was expected.
e: file:///Users/jim/work/v2superbikeshed/Trikeshed/src/commonMain/kotlin/borg/trikeshed/dht/kademlia/codec/KademliaCodec.kt:295:57 Unresolved reference. None of the following candidates is applicable because of a receiver type mismatch:
fun <T> Join<Int, Function1<Int, Join<Any?, TypeMemento>>>.get(column: Column<T>): T?
e: file:///Users/jim/work/v2superbikeshed/Trikeshed/src/commonMain/kotlin/borg/trikeshed/dht/kademlia/codec/KademliaCodec.kt:302:55 Argument type mismatch: actual type is 'Byte?', but 'Byte' was expected.
e: file:///Users/jim/work/v2superbikeshed/Trikeshed/src/commonMain/kotlin/borg/trikeshed/dht/kademlia/codec/KademliaCodec.kt:302:55 Unresolved reference. None of the following candidates is applicable because of a receiver type mismatch:
fun <T> Join<Int, Function1<Int, Join<Any?, TypeMemento>>>.get(column: Column<T>): T?
e: file:///Users/jim/work/v2superbikeshed/Trikeshed/src/commonMain/kotlin/borg/trikeshed/dht/kademlia/codec/KademliaCodec.kt:307:30 Cannot infer type for this parameter. Specify it explicitly.
e: file:///Users/jim/work/v2superbikeshed/Trikeshed/src/commonMain/kotlin/borg/trikeshed/dht/kademlia/codec/KademliaCodec.kt:307:30 Unresolved reference. None of the following candidates is applicable because of a receiver type mismatch:
fun <T> Join<Int, Function1<Int, Join<Any?, TypeMemento>>>.get(column: Column<T>): T?
e: file:///Users/jim/work/v2superbikeshed/Trikeshed/src/commonMain/kotlin/borg/trikeshed/dht/kademlia/codec/KademliaCodec.kt:336:42 Cannot infer type for this parameter. Specify it explicitly.
e: file:///Users/jim/work/v2superbikeshed/Trikeshed/src/commonMain/kotlin/borg/trikeshed/dht/kademlia/codec/KademliaCodec.kt:336:42 Unresolved reference. None of the following candidates is applicable because of a receiver type mismatch:
fun <T> Join<Int, Function1<Int, Join<Any?, TypeMemento>>>.get(column: Column<T>): T?
e: file:///Users/jim/work/v2superbikeshed/Trikeshed/src/commonMain/kotlin/borg/trikeshed/dht/kademlia/codec/KademliaCodec.kt:344:41 Cannot infer type for this parameter. Specify it explicitly.
e: file:///Users/jim/work/v2superbikeshed/Trikeshed/src/commonMain/kotlin/borg/trikeshed/dht/kademlia/codec/KademliaCodec.kt:344:41 Unresolved reference. None of the following candidates is applicable because of a receiver type mismatch:
fun <T> Join<Int, Function1<Int, Join<Any?, TypeMemento>>>.get(column: Column<T>): T?
e: file:///Users/jim/work/v2superbikeshed/Trikeshed/src/commonMain/kotlin/borg/trikeshed/dht/kademlia/id/NUID.kt:26:47 Argument type mismatch: actual type is 'T? (of fun <T> Join<Int, Function1<Int, Join<Any?, TypeMemento>>>.get)', but 'K (of fun <K> WHEN_CALL)' was expected.
e: file:///Users/jim/work/v2superbikeshed/Trikeshed/src/commonMain/kotlin/borg/trikeshed/dht/kademlia/id/NUID.kt:26:47 Cannot infer type for this parameter. Specify it explicitly.
e: file:///Users/jim/work/v2superbikeshed/Trikeshed/src/commonMain/kotlin/borg/trikeshed/dht/kademlia/id/NUID.kt:26:47 Unresolved reference. None of the following candidates is applicable because of a receiver type mismatch:
fun <T> Join<Int, Function1<Int, Join<Any?, TypeMemento>>>.get(column: Column<T>): T?
e: file:///Users/jim/work/v2superbikeshed/Trikeshed/src/commonMain/kotlin/borg/trikeshed/dht/kademlia/id/NUID.kt:26:66 Argument type mismatch: actual type is 'Byte', but 'K (of fun <K> WHEN_CALL)' was expected.
e: file:///Users/jim/work/v2superbikeshed/Trikeshed/src/commonMain/kotlin/borg/trikeshed/dht/kademlia/id/NUID.kt:27:49 Argument type mismatch: actual type is 'T? (of fun <T> Join<Int, Function1<Int, Join<Any?, TypeMemento>>>.get)', but 'K (of fun <K> WHEN_CALL)' was expected.
e: file:///Users/jim/work/v2superbikeshed/Trikeshed/src/commonMain/kotlin/borg/trikeshed/dht/kademlia/id/NUID.kt:27:49 Cannot infer type for this parameter. Specify it explicitly.
e: file:///Users/jim/work/v2superbikeshed/Trikeshed/src/commonMain/kotlin/borg/trikeshed/dht/kademlia/id/NUID.kt:27:49 Unresolved reference. None of the following candidates is applicable because of a receiver type mismatch:
fun <T> Join<Int, Function1<Int, Join<Any?, TypeMemento>>>.get(column: Column<T>): T?
e: file:///Users/jim/work/v2superbikeshed/Trikeshed/src/commonMain/kotlin/borg/trikeshed/dht/kademlia/id/NUID.kt:27:69 Argument type mismatch: actual type is 'Byte', but 'K (of fun <K> WHEN_CALL)' was expected.
e: file:///Users/jim/work/v2superbikeshed/Trikeshed/src/commonMain/kotlin/borg/trikeshed/dht/kademlia/id/NUID.kt:41:28 Cannot infer type for this parameter. Specify it explicitly.
e: file:///Users/jim/work/v2superbikeshed/Trikeshed/src/commonMain/kotlin/borg/trikeshed/dht/kademlia/id/NUID.kt:41:28 Unresolved reference. None of the following candidates is applicable because of a receiver type mismatch:
fun <T> Join<Int, Function1<Int, Join<Any?, TypeMemento>>>.get(column: Column<T>): T?
e: file:///Users/jim/work/v2superbikeshed/Trikeshed/src/commonMain/kotlin/borg/trikeshed/dht/kademlia/id/NUID.kt:42:29 Cannot infer type for this parameter. Specify it explicitly.
e: file:///Users/jim/work/v2superbikeshed/Trikeshed/src/commonMain/kotlin/borg/trikeshed/dht/kademlia/id/NUID.kt:42:29 Unresolved reference. None of the following candidates is applicable because of a receiver type mismatch:
fun <T> Join<Int, Function1<Int, Join<Any?, TypeMemento>>>.get(column: Column<T>): T?
e: file:///Users/jim/work/v2superbikeshed/Trikeshed/src/commonMain/kotlin/borg/trikeshed/dht/kademlia/id/NUID.kt:80:49 Argument type mismatch: actual type is 'Byte?', but 'Byte' was expected.
e: file:///Users/jim/work/v2superbikeshed/Trikeshed/src/commonMain/kotlin/borg/trikeshed/dht/kademlia/id/NUID.kt:80:49 Unresolved reference. None of the following candidates is applicable because of a receiver type mismatch:
fun <T> Join<Int, Function1<Int, Join<Any?, TypeMemento>>>.get(column: Column<T>): T?
e: file:///Users/jim/work/v2superbikeshed/Trikeshed/src/commonMain/kotlin/borg/trikeshed/dht/kademlia/id/NUID.kt:114:59 Argument type mismatch: actual type is 'Byte?', but 'Byte' was expected.
e: file:///Users/jim/work/v2superbikeshed/Trikeshed/src/commonMain/kotlin/borg/trikeshed/dht/kademlia/id/NUID.kt:114:59 Unresolved reference. None of the following candidates is applicable because of a receiver type mismatch:
fun <T> Join<Int, Function1<Int, Join<Any?, TypeMemento>>>.get(column: Column<T>): T?
e: file:///Users/jim/work/v2superbikeshed/Trikeshed/src/commonMain/kotlin/borg/trikeshed/dht/kademlia/routing/AdaptiveKademliaRouting.kt:210:16 Return type mismatch: expected 'List<WeightedNode>', actual 'Join<Int, Function1<Int, ERROR CLASS: Cannot infer argument for type parameter T>>'.
e: file:///Users/jim/work/v2superbikeshed/Trikeshed/src/commonMain/kotlin/borg/trikeshed/dht/kademlia/routing/AdaptiveKademliaRouting.kt:211:14 None of the following candidates is applicable:
fun <T, R : Comparable<R>> Array<out T>.sortedBy(crossinline selector: (T) -> R?): List<T>
fun <R : Comparable<R>> ByteArray.sortedBy(crossinline selector: (Byte) -> R?): List<Byte>
fun <R : Comparable<R>> ShortArray.sortedBy(crossinline selector: (Short) -> R?): List<Short>
fun <R : Comparable<R>> IntArray.sortedBy(crossinline selector: (Int) -> R?): List<Int>
fun <R : Comparable<R>> LongArray.sortedBy(crossinline selector: (Long) -> R?): List<Long>
fun <R : Comparable<R>> FloatArray.sortedBy(crossinline selector: (Float) -> R?): List<Float>
fun <R : Comparable<R>> DoubleArray.sortedBy(crossinline selector: (Double) -> R?): List<Double>
fun <R : Comparable<R>> BooleanArray.sortedBy(crossinline selector: (Boolean) -> R?): List<Boolean>
fun <R : Comparable<R>> CharArray.sortedBy(crossinline selector: (Char) -> R?): List<Char>
fun <T, R : Comparable<R>> Iterable<T>.sortedBy(crossinline selector: (T) -> R?): List<T>
fun <T, R : Comparable<R>> Sequence<T>.sortedBy(crossinline selector: (T) -> R?): Sequence<T>
e: file:///Users/jim/work/v2superbikeshed/Trikeshed/src/commonMain/kotlin/borg/trikeshed/dht/kademlia/routing/AdaptiveKademliaRouting.kt:211:25 Unresolved reference 'it'.
e: file:///Users/jim/work/v2superbikeshed/Trikeshed/src/commonMain/kotlin/borg/trikeshed/dht/kademlia/routing/AdaptiveKademliaRouting.kt:212:14 Cannot infer type for this parameter. Specify it explicitly.
e: file:///Users/jim/work/v2superbikeshed/Trikeshed/src/commonMain/kotlin/borg/trikeshed/dht/kademlia/routing/AdaptiveKademliaRouting.kt:212:14 Not enough information to infer type argument for 'T'.
e: file:///Users/jim/work/v2superbikeshed/Trikeshed/src/commonMain/kotlin/borg/trikeshed/dht/kademlia/subnet/ConcentricSubnet.kt:194:34 Argument type mismatch: actual type is 'T? (of fun <T> Join<Int, Function1<Int, Join<Any?, TypeMemento>>>.get)', but 'String' was expected.
e: file:///Users/jim/work/v2superbikeshed/Trikeshed/src/commonMain/kotlin/borg/trikeshed/dht/kademlia/subnet/ConcentricSubnet.kt:194:34 Cannot infer type for this parameter. Specify it explicitly.
e: file:///Users/jim/work/v2superbikeshed/Trikeshed/src/commonMain/kotlin/borg/trikeshed/dht/kademlia/subnet/ConcentricSubnet.kt:194:34 Unresolved reference. None of the following candidates is applicable because of a receiver type mismatch:
fun <T> Join<Int, Function1<Int, Join<Any?, TypeMemento>>>.get(column: Column<T>): T?
e: file:///Users/jim/work/v2superbikeshed/Trikeshed/src/commonMain/kotlin/borg/trikeshed/dht/kademlia/subnet/ConcentricSubnet.kt:216:44 Argument type mismatch: actual type is 'Join<Int, Function1<Int, Join<Any?, TypeMemento>>>', but 'Join<Int, Function1<Int, NUID>>' was expected.
e: file:///Users/jim/work/v2superbikeshed/Trikeshed/src/commonMain/kotlin/borg/trikeshed/dht/kademlia/subnet/ConcentricSubnet.kt:216:44 Cannot infer type for this parameter. Specify it explicitly.
e: file:///Users/jim/work/v2superbikeshed/Trikeshed/src/commonMain/kotlin/borg/trikeshed/dht/kademlia/subnet/ConcentricSubnet.kt:216:44 Unresolved reference. None of the following candidates is applicable because of a receiver type mismatch:
fun <T> Join<Int, Function1<Int, Join<Any?, TypeMemento>>>.get(column: Column<T>): T?
e: file:///Users/jim/work/v2superbikeshed/Trikeshed/src/commonMain/kotlin/borg/trikeshed/dht/kademlia/subnet/ConcentricSubnet.kt:230:32 Cannot infer type for this parameter. Specify it explicitly.
e: file:///Users/jim/work/v2superbikeshed/Trikeshed/src/commonMain/kotlin/borg/trikeshed/dht/kademlia/subnet/ConcentricSubnet.kt:230:32 Unresolved reference. None of the following candidates is applicable because of a receiver type mismatch:
fun <T> Join<Int, Function1<Int, Join<Any?, TypeMemento>>>.get(column: Column<T>): T?
e: file:///Users/jim/work/v2superbikeshed/Trikeshed/src/commonMain/kotlin/borg/trikeshed/dht/kademlia/subnet/ConcentricSubnet.kt:247:28 Argument type mismatch: actual type is 'SubnetPath.Type', but 'SubnetPath.Type' was expected.
e: file:///Users/jim/work/v2superbikeshed/Trikeshed/src/commonMain/kotlin/borg/trikeshed/dht/kademlia/subnet/ConcentricSubnet.kt:248:28 Cannot infer type for this parameter. Specify it explicitly.
e: file:///Users/jim/work/v2superbikeshed/Trikeshed/src/commonMain/kotlin/borg/trikeshed/dht/kademlia/subnet/ConcentricSubnet.kt:248:28 Argument type mismatch: actual type is 'List<T (of fun <T> listOf)>', but 'List<NUID>' was expected.
e: file:///Users/jim/work/v2superbikeshed/Trikeshed/src/commonMain/kotlin/borg/trikeshed/dht/kademlia/subnet/ConcentricSubnet.kt:248:35 Argument type mismatch: actual type is 'NUID', but 'T (of fun <T> listOf)' was expected.
e: file:///Users/jim/work/v2superbikeshed/Trikeshed/src/commonMain/kotlin/borg/trikeshed/dht/kademlia/subnet/ConcentricSubnet.kt:248:48 Argument type mismatch: actual type is 'T#1? (of fun <T> Join<Int, Function1<Int, Join<Any?, TypeMemento>>>.get)', but 'T#2 (of fun <T> listOf)' was expected.
e: file:///Users/jim/work/v2superbikeshed/Trikeshed/src/commonMain/kotlin/borg/trikeshed/dht/kademlia/subnet/ConcentricSubnet.kt:248:48 Cannot infer type for this parameter. Specify it explicitly.
e: file:///Users/jim/work/v2superbikeshed/Trikeshed/src/commonMain/kotlin/borg/trikeshed/dht/kademlia/subnet/ConcentricSubnet.kt:248:48 Unresolved reference. None of the following candidates is applicable because of a receiver type mismatch:
fun <T> Join<Int, Function1<Int, Join<Any?, TypeMemento>>>.get(column: Column<T>): T?
e: file:///Users/jim/work/v2superbikeshed/Trikeshed/src/commonMain/kotlin/borg/trikeshed/dht/kademlia/subnet/ConcentricSubnet.kt:249:31 Argument type mismatch: actual type is 'List<String>', but 'List<String>' was expected.
e: file:///Users/jim/work/v2superbikeshed/Trikeshed/src/commonMain/kotlin/borg/trikeshed/distributed/DistributedStorage.kt:8:23 Unresolved reference 'jetsam'.
e: file:///Users/jim/work/v2superbikeshed/Trikeshed/src/commonMain/kotlin/borg/trikeshed/distributed/DistributedStorage.kt:10:16 Unresolved reference 'serialization'.
e: file:///Users/jim/work/v2superbikeshed/Trikeshed/src/commonMain/kotlin/borg/trikeshed/distributed/DistributedStorage.kt:125:61 Unresolved reference 'Transport'.
e: file:///Users/jim/work/v2superbikeshed/Trikeshed/src/commonMain/kotlin/borg/trikeshed/distributed/DistributedStorage.kt:128:9 Unresolved reference 'JetsamGossipManager'.
e: file:///Users/jim/work/v2superbikeshed/Trikeshed/src/commonMain/kotlin/borg/trikeshed/distributed/DistributedStorage.kt:153:48 Unresolved reference 'encode'.
e: file:///Users/jim/work/v2superbikeshed/Trikeshed/src/commonMain/kotlin/borg/trikeshed/distributed/DistributedStorage.kt:159:21 No parameter with name 'id' found.
e: file:///Users/jim/work/v2superbikeshed/Trikeshed/src/commonMain/kotlin/borg/trikeshed/distributed/DistributedStorage.kt:160:28 Unresolved reference 'buildJsonObject'.
e: file:///Users/jim/work/v2superbikeshed/Trikeshed/src/commonMain/kotlin/borg/trikeshed/distributed/DistributedStorage.kt:161:25 Unresolved reference 'put'.
e: file:///Users/jim/work/v2superbikeshed/Trikeshed/src/commonMain/kotlin/borg/trikeshed/distributed/DistributedStorage.kt:162:25 Unresolved reference 'put'.
e: file:///Users/jim/work/v2superbikeshed/Trikeshed/src/commonMain/kotlin/borg/trikeshed/distributed/DistributedStorage.kt:166:44 Argument type mismatch: actual type is 'String', but 'Join<Int, Function1<Int, Byte>>' was expected.
e: file:///Users/jim/work/v2superbikeshed/Trikeshed/src/commonMain/kotlin/borg/trikeshed/distributed/DistributedStorage.kt:166:53 Unresolved reference 'rev'.
e: file:///Users/jim/work/v2superbikeshed/Trikeshed/src/commonMain/kotlin/borg/trikeshed/distributed/DistributedStorage.kt:177:25 No parameter with name 'id' found.
e: file:///Users/jim/work/v2superbikeshed/Trikeshed/src/commonMain/kotlin/borg/trikeshed/distributed/DistributedStorage.kt:178:32 Unresolved reference 'buildJsonObject'.
e: file:///Users/jim/work/v2superbikeshed/Trikeshed/src/commonMain/kotlin/borg/trikeshed/distributed/DistributedStorage.kt:179:29 Unresolved reference 'put'.
e: file:///Users/jim/work/v2superbikeshed/Trikeshed/src/commonMain/kotlin/borg/trikeshed/distributed/DistributedStorage.kt:180:29 Unresolved reference 'put'.
e: file:///Users/jim/work/v2superbikeshed/Trikeshed/src/commonMain/kotlin/borg/trikeshed/distributed/DistributedStorage.kt:187:49 Unresolved reference 'rev'.
e: file:///Users/jim/work/v2superbikeshed/Trikeshed/src/commonMain/kotlin/borg/trikeshed/distributed/DistributedStorage.kt:190:17 Unresolved reference 'JetsamGossipManager'.
e: file:///Users/jim/work/v2superbikeshed/Trikeshed/src/commonMain/kotlin/borg/trikeshed/distributed/DistributedStorage.kt:190:51 Unresolved reference 'buildJsonObject'.
e: file:///Users/jim/work/v2superbikeshed/Trikeshed/src/commonMain/kotlin/borg/trikeshed/distributed/DistributedStorage.kt:191:21 Unresolved reference 'put'.
e: file:///Users/jim/work/v2superbikeshed/Trikeshed/src/commonMain/kotlin/borg/trikeshed/distributed/DistributedStorage.kt:191:41 Unresolved reference 'encode'.
e: file:///Users/jim/work/v2superbikeshed/Trikeshed/src/commonMain/kotlin/borg/trikeshed/distributed/DistributedStorage.kt:192:21 Unresolved reference 'put'.
e: file:///Users/jim/work/v2superbikeshed/Trikeshed/src/commonMain/kotlin/borg/trikeshed/distributed/DistributedStorage.kt:195:44 Argument type mismatch: actual type is 'String', but 'Join<Int, Function1<Int, Byte>>' was expected.
e: file:///Users/jim/work/v2superbikeshed/Trikeshed/src/commonMain/kotlin/borg/trikeshed/distributed/DistributedStorage.kt:195:60 Unresolved reference 'encode'.
e: file:///Users/jim/work/v2superbikeshed/Trikeshed/src/commonMain/kotlin/borg/trikeshed/distributed/DistributedStorage.kt:211:37 Argument type mismatch: actual type is 'String', but 'CID' was expected.
e: file:///Users/jim/work/v2superbikeshed/Trikeshed/src/commonMain/kotlin/borg/trikeshed/distributed/DistributedStorage.kt:223:49 Unresolved reference 'data'.
e: file:///Users/jim/work/v2superbikeshed/Trikeshed/src/commonMain/kotlin/borg/trikeshed/distributed/DistributedStorage.kt:223:63 Unresolved reference 'jsonPrimitive'.
e: file:///Users/jim/work/v2superbikeshed/Trikeshed/src/commonMain/kotlin/borg/trikeshed/distributed/DistributedStorage.kt:235:49 Argument type mismatch: actual type is 'String', but 'CID' was expected.
e: file:///Users/jim/work/v2superbikeshed/Trikeshed/src/commonMain/kotlin/borg/trikeshed/distributed/DistributedStorage.kt:244:58 Unresolved reference 'data'.
e: file:///Users/jim/work/v2superbikeshed/Trikeshed/src/commonMain/kotlin/borg/trikeshed/distributed/DistributedStorage.kt:244:72 Unresolved reference 'jsonPrimitive'.
e: file:///Users/jim/work/v2superbikeshed/Trikeshed/src/commonMain/kotlin/borg/trikeshed/distributed/DistributedStorage.kt:295:103 Argument type mismatch: actual type is 'ViewQueryParams', but 'CouchViewParams' was expected.
e: file:///Users/jim/work/v2superbikeshed/Trikeshed/src/commonMain/kotlin/borg/trikeshed/distributed/DistributedStorage.kt:391:35 Unresolved reference 'it'.
e: file:///Users/jim/work/v2superbikeshed/Trikeshed/src/commonMain/kotlin/borg/trikeshed/distributed/DistributedStorage.kt:392:18 Unresolved reference. None of the following candidates is applicable because of a receiver type mismatch:
fun String.encodeToByteArray(): ByteArray
e: file:///Users/jim/work/v2superbikeshed/Trikeshed/src/commonMain/kotlin/borg/trikeshed/distributed/DistributedStorage.kt:392:38 Cannot infer type for this parameter. Specify it explicitly.
e: file:///Users/jim/work/v2superbikeshed/Trikeshed/src/commonMain/kotlin/borg/trikeshed/distributed/DistributedStorage.kt:392:38 Not enough information to infer type argument for 'R'.
e: file:///Users/jim/work/v2superbikeshed/Trikeshed/src/commonMain/kotlin/borg/trikeshed/distributed/DistributedStorage.kt:392:52 Cannot infer type for this parameter. Specify it explicitly.
e: file:///Users/jim/work/v2superbikeshed/Trikeshed/src/commonMain/kotlin/borg/trikeshed/distributed/DistributedStorage.kt:392:52 Not enough information to infer type argument for 'B'.
e: file:///Users/jim/work/v2superbikeshed/Trikeshed/src/commonMain/kotlin/borg/trikeshed/distributed/DistributedStorage.kt:392:56 Cannot infer type for this parameter. Specify it explicitly.
e: file:///Users/jim/work/v2superbikeshed/Trikeshed/src/commonMain/kotlin/borg/trikeshed/functional/CouchDBFunctional.kt:165:18 Cannot infer type for this parameter. Specify it explicitly.
e: file:///Users/jim/work/v2superbikeshed/Trikeshed/src/commonMain/kotlin/borg/trikeshed/functional/CouchDBFunctional.kt:165:18 Unresolved reference. None of the following candidates is applicable because of a receiver type mismatch:
fun <T> Join<Int, Function1<Int, Join<Any?, TypeMemento>>>.get(column: Column<T>): T?
e: file:///Users/jim/work/v2superbikeshed/Trikeshed/src/commonMain/kotlin/borg/trikeshed/functional/CouchDBFunctional.kt:165:26 Unresolved reference 'id'.
e: file:///Users/jim/work/v2superbikeshed/Trikeshed/src/commonMain/kotlin/borg/trikeshed/io/AsyncIOEngine.kt:40:9 Function 'create' without a body must be abstract.
e: file:///Users/jim/work/v2superbikeshed/Trikeshed/src/commonMain/kotlin/borg/trikeshed/io/CCekEngine.kt:4:16 Unresolved reference 'serialization'.
e: file:///Users/jim/work/v2superbikeshed/Trikeshed/src/commonMain/kotlin/borg/trikeshed/io/CCekEngine.kt:29:71 Cannot access 'typealias Serializable = Serializable': it is internal in file.
e: file:///Users/jim/work/v2superbikeshed/Trikeshed/src/commonMain/kotlin/borg/trikeshed/io/CCekEngine.kt:39:82 Cannot access 'typealias Serializable = Serializable': it is internal in file.
e: file:///Users/jim/work/v2superbikeshed/Trikeshed/src/commonMain/kotlin/borg/trikeshed/io/CCekEngine.kt:74:2 Cannot access 'typealias Serializable = Serializable': it is internal in file.
e: file:///Users/jim/work/v2superbikeshed/Trikeshed/src/commonMain/kotlin/borg/trikeshed/io/CCekEngine.kt:74:2 Illegal annotation class 'Serializable'.
e: file:///Users/jim/work/v2superbikeshed/Trikeshed/src/commonMain/kotlin/borg/trikeshed/io/CCekEngine.kt:133:2 Cannot access 'typealias Serializable = Serializable': it is internal in file.
e: file:///Users/jim/work/v2superbikeshed/Trikeshed/src/commonMain/kotlin/borg/trikeshed/io/CCekEngine.kt:133:2 Illegal annotation class 'Serializable'.
e: file:///Users/jim/work/v2superbikeshed/Trikeshed/src/commonMain/kotlin/borg/trikeshed/io/CCekEngine.kt:156:2 Cannot access 'typealias Serializable = Serializable': it is internal in file.
e: file:///Users/jim/work/v2superbikeshed/Trikeshed/src/commonMain/kotlin/borg/trikeshed/io/CCekEngine.kt:156:2 Illegal annotation class 'Serializable'.
e: file:///Users/jim/work/v2superbikeshed/Trikeshed/src/commonMain/kotlin/borg/trikeshed/io/FileBuffer.kt:7:11 FileBuffer: expect and corresponding actual are declared in the same module.
e: file:///Users/jim/work/v2superbikeshed/Trikeshed/src/commonMain/kotlin/borg/trikeshed/io/FileBuffer.kt:7:24 One type argument expected for typealias LongIndexed<T> = Join<Long, Function1<Long, T>>.
e: file:///Users/jim/work/v2superbikeshed/Trikeshed/src/commonMain/kotlin/borg/trikeshed/io/FileBuffer.kt:11:9 'open' hides member of supertype 'Usable' and needs an 'override' modifier.
e: file:///Users/jim/work/v2superbikeshed/Trikeshed/src/commonMain/kotlin/borg/trikeshed/io/FileBuffer.kt:12:9 'close' hides member of supertype 'Usable' and needs an 'override' modifier.
e: file:///Users/jim/work/v2superbikeshed/Trikeshed/src/commonMain/kotlin/borg/trikeshed/io/FileBuffer.kt:15:14 FileBuffer: expect and corresponding actual are declared in the same module.
e: file:///Users/jim/work/v2superbikeshed/Trikeshed/src/commonMain/kotlin/borg/trikeshed/io/IOContext.kt:3:27 Conflicting import: imported name 'Indexed' is ambiguous.
e: file:///Users/jim/work/v2superbikeshed/Trikeshed/src/commonMain/kotlin/borg/trikeshed/io/IOContext.kt:4:38 Conflicting import: imported name 'Indexed' is ambiguous.
e: file:///Users/jim/work/v2superbikeshed/Trikeshed/src/commonMain/kotlin/borg/trikeshed/io/IOContext.kt:241:47 Initializer type mismatch: expected 'Set<IOCapability>', actual 'Set<MatchGroup?>'.
e: file:///Users/jim/work/v2superbikeshed/Trikeshed/src/commonMain/kotlin/borg/trikeshed/io/IOContext.kt:241:47 Type mismatch: inferred type is 'MatchGroup?', but 'IOCapability' was expected.
e: file:///Users/jim/work/v2superbikeshed/Trikeshed/src/commonMain/kotlin/borg/trikeshed/io/IOContext.kt:242:13 Unresolved reference. None of the following candidates is applicable because of a receiver type mismatch:
fun MatchGroupCollection.get(name: String): MatchGroup?
e: file:///Users/jim/work/v2superbikeshed/Trikeshed/src/commonMain/kotlin/borg/trikeshed/io/IOContext.kt:246:31 Type inference failed. The value of the type parameter 'T' must be mentioned in input types (argument types, receiver type, or expected type). Try to specify it explicitly.
e: file:///Users/jim/work/v2superbikeshed/Trikeshed/src/commonMain/kotlin/borg/trikeshed/io/IOContext.kt:246:40 Unresolved reference. None of the following candidates is applicable because of a receiver type mismatch:
fun MatchGroupCollection.get(name: String): MatchGroup?
e: file:///Users/jim/work/v2superbikeshed/Trikeshed/src/commonMain/kotlin/borg/trikeshed/io/IOContext.kt:257:46 Initializer type mismatch: expected 'Set<IOCapability>', actual 'Set<MatchGroup?>'.
e: file:///Users/jim/work/v2superbikeshed/Trikeshed/src/commonMain/kotlin/borg/trikeshed/io/IOContext.kt:257:46 Type mismatch: inferred type is 'MatchGroup?', but 'IOCapability' was expected.
e: file:///Users/jim/work/v2superbikeshed/Trikeshed/src/commonMain/kotlin/borg/trikeshed/io/IOContext.kt:258:13 Unresolved reference. None of the following candidates is applicable because of a receiver type mismatch:
fun MatchGroupCollection.get(name: String): MatchGroup?
e: file:///Users/jim/work/v2superbikeshed/Trikeshed/src/commonMain/kotlin/borg/trikeshed/io/IODSL.kt:21:75 Cannot access 'constructor(): Int': it is private in 'kotlin/Int'.
e: file:///Users/jim/work/v2superbikeshed/Trikeshed/src/commonMain/kotlin/borg/trikeshed/io/IODSL.kt:141:7 Redeclaration:
typealias IOHandle = Int
e: file:///Users/jim/work/v2superbikeshed/Trikeshed/src/commonMain/kotlin/borg/trikeshed/io/IODSL.kt:152:20 Unresolved reference 'operationId'.
e: file:///Users/jim/work/v2superbikeshed/Trikeshed/src/commonMain/kotlin/borg/trikeshed/io/IODSL.kt:153:20 Unresolved reference 'type'.
e: file:///Users/jim/work/v2superbikeshed/Trikeshed/src/commonMain/kotlin/borg/trikeshed/io/IODSL.kt:159:16 Unresolved reference 'daemon'.
e: file:///Users/jim/work/v2superbikeshed/Trikeshed/src/commonMain/kotlin/borg/trikeshed/io/IOHandle.kt:9:11 Redeclaration:
typealias IOHandle = Int
e: file:///Users/jim/work/v2superbikeshed/Trikeshed/src/commonMain/kotlin/borg/trikeshed/io/PosixFile.kt:5:11 PosixFile: expect and corresponding actual are declared in the same module.
e: file:///Users/jim/work/v2superbikeshed/Trikeshed/src/commonMain/kotlin/borg/trikeshed/io/PosixFile.kt:8:9 'open' hides member of supertype 'Usable' and needs an 'override' modifier.
e: file:///Users/jim/work/v2superbikeshed/Trikeshed/src/commonMain/kotlin/borg/trikeshed/io/PosixFile.kt:9:9 'close' hides member of supertype 'Usable' and needs an 'override' modifier.
e: file:///Users/jim/work/v2superbikeshed/Trikeshed/src/commonMain/kotlin/borg/trikeshed/io/PosixFile.kt:14:14 PosixFile: expect and corresponding actual are declared in the same module.
e: file:///Users/jim/work/v2superbikeshed/Trikeshed/src/commonMain/kotlin/borg/trikeshed/io/PosixFile.kt:26:14 MappedPointer: expect and corresponding actual are declared in the same module.
e: file:///Users/jim/work/v2superbikeshed/Trikeshed/src/commonMain/kotlin/borg/trikeshed/ipc/examples/IPCExample.kt:103:73 Argument type mismatch: actual type is 'Byte?', but 'Byte' was expected.
e: file:///Users/jim/work/v2superbikeshed/Trikeshed/src/commonMain/kotlin/borg/trikeshed/ipc/examples/IPCExample.kt:103:73 Unresolved reference. None of the following candidates is applicable because of a receiver type mismatch:
fun <T> Join<Int, Function1<Int, Join<Any?, TypeMemento>>>.get(column: Column<T>): T?
e: file:///Users/jim/work/v2superbikeshed/Trikeshed/src/commonMain/kotlin/borg/trikeshed/ipfs/IpfsClient.kt:66:50 Unresolved reference 'it'.
e: file:///Users/jim/work/v2superbikeshed/Trikeshed/src/commonMain/kotlin/borg/trikeshed/ipfs/IpfsClient.kt:67:32 Argument type mismatch: actual type is 'Join<Int, Function0<Byte>>', but 'Join<Int, Function1<Int, Byte>>' was expected.
e: file:///Users/jim/work/v2superbikeshed/Trikeshed/src/commonMain/kotlin/borg/trikeshed/ipfs/IpfsClient.kt:73:33 Cannot infer type for this parameter. Specify it explicitly.
e: file:///Users/jim/work/v2superbikeshed/Trikeshed/src/commonMain/kotlin/borg/trikeshed/ipfs/IpfsClient.kt:73:33 Not enough information to infer type argument for 'B'.
e: file:///Users/jim/work/v2superbikeshed/Trikeshed/src/commonMain/kotlin/borg/trikeshed/ipfs/IpfsClient.kt:73:37 Cannot infer type for this parameter. Specify it explicitly.
e: file:///Users/jim/work/v2superbikeshed/Trikeshed/src/commonMain/kotlin/borg/trikeshed/ipfs/IpfsCore.kt:4:16 Unresolved reference 'serialization'.
e: file:///Users/jim/work/v2superbikeshed/Trikeshed/src/commonMain/kotlin/borg/trikeshed/ipfs/IpfsCore.kt:5:16 Unresolved reference 'serialization'.
e: file:///Users/jim/work/v2superbikeshed/Trikeshed/src/commonMain/kotlin/borg/trikeshed/ipfs/IpfsCore.kt:15:2 Cannot access 'typealias Serializable = Serializable': it is internal in file.
e: file:///Users/jim/work/v2superbikeshed/Trikeshed/src/commonMain/kotlin/borg/trikeshed/ipfs/IpfsCore.kt:15:2 Illegal annotation class 'Serializable'.
e: file:///Users/jim/work/v2superbikeshed/Trikeshed/src/commonMain/kotlin/borg/trikeshed/ipfs/IpfsCore.kt:16:12 Redeclaration:
data class Multihash : Any
e: file:///Users/jim/work/v2superbikeshed/Trikeshed/src/commonMain/kotlin/borg/trikeshed/ipfs/IpfsCore.kt:50:47 Unresolved reference 'it'.
e: file:///Users/jim/work/v2superbikeshed/Trikeshed/src/commonMain/kotlin/borg/trikeshed/ipfs/IpfsCore.kt:51:36 Argument type mismatch: actual type is 'Join<Int, Function0<Byte>>', but 'Join<Int, Function1<Int, Byte>>' was expected.
e: file:///Users/jim/work/v2superbikeshed/Trikeshed/src/commonMain/kotlin/borg/trikeshed/ipfs/IpfsCore.kt:57:2 Cannot access 'typealias Serializable = Serializable': it is internal in file.
e: file:///Users/jim/work/v2superbikeshed/Trikeshed/src/commonMain/kotlin/borg/trikeshed/ipfs/IpfsCore.kt:57:2 Illegal annotation class 'Serializable'.
e: file:///Users/jim/work/v2superbikeshed/Trikeshed/src/commonMain/kotlin/borg/trikeshed/ipfs/IpfsCore.kt:58:12 Redeclaration:
data class CID : Any
e: file:///Users/jim/work/v2superbikeshed/Trikeshed/src/commonMain/kotlin/borg/trikeshed/ipfs/IpfsCore.kt:73:28 Unresolved reference 'encode'.
e: file:///Users/jim/work/v2superbikeshed/Trikeshed/src/commonMain/kotlin/borg/trikeshed/ipfs/IpfsCore.kt:74:18 Unresolved reference 'encodeCIDv1'.
e: file:///Users/jim/work/v2superbikeshed/Trikeshed/src/commonMain/kotlin/borg/trikeshed/ipfs/IpfsCore.kt:82:35 Unresolved reference 'encode'.
e: file:///Users/jim/work/v2superbikeshed/Trikeshed/src/commonMain/kotlin/borg/trikeshed/ipfs/IpfsCore.kt:85:21 Cannot infer type for this parameter. Specify it explicitly.
e: file:///Users/jim/work/v2superbikeshed/Trikeshed/src/commonMain/kotlin/borg/trikeshed/ipfs/IpfsCore.kt:85:21 Unresolved reference. None of the following candidates is applicable because of a receiver type mismatch:
fun <A, B> A.j(b: B): Join<A, B>
e: file:///Users/jim/work/v2superbikeshed/Trikeshed/src/commonMain/kotlin/borg/trikeshed/ipfs/IpfsCore.kt:85:25 Cannot infer type for this parameter. Specify it explicitly.
e: file:///Users/jim/work/v2superbikeshed/Trikeshed/src/commonMain/kotlin/borg/trikeshed/ipfs/IpfsCore.kt:88:19 'operator' modifier is required on 'FirNamedFunctionSymbol kotlin/compareTo' in 'compareTo'.
e: file:///Users/jim/work/v2superbikeshed/Trikeshed/src/commonMain/kotlin/borg/trikeshed/ipfs/IpfsCore.kt:88:54 Argument type mismatch: actual type is 'Join<Shape, Function1<Shape, Int>>', but 'Int' was expected.
e: file:///Users/jim/work/v2superbikeshed/Trikeshed/src/commonMain/kotlin/borg/trikeshed/ipfs/IpfsCore.kt:96:2 Cannot access 'typealias Serializable = Serializable': it is internal in file.
e: file:///Users/jim/work/v2superbikeshed/Trikeshed/src/commonMain/kotlin/borg/trikeshed/ipfs/IpfsCore.kt:96:2 Illegal annotation class 'Serializable'.
e: file:///Users/jim/work/v2superbikeshed/Trikeshed/src/commonMain/kotlin/borg/trikeshed/ipfs/IpfsCore.kt:97:12 Redeclaration:
data class IpfsBlock : Any
e: file:///Users/jim/work/v2superbikeshed/Trikeshed/src/commonMain/kotlin/borg/trikeshed/ipfs/IpfsCore.kt:100:36 Unresolved reference 'emptyIndex'.
e: file:///Users/jim/work/v2superbikeshed/Trikeshed/src/commonMain/kotlin/borg/trikeshed/ipfs/IpfsCore.kt:104:2 Cannot access 'typealias Serializable = Serializable': it is internal in file.
e: file:///Users/jim/work/v2superbikeshed/Trikeshed/src/commonMain/kotlin/borg/trikeshed/ipfs/IpfsCore.kt:104:2 Illegal annotation class 'Serializable'.
e: file:///Users/jim/work/v2superbikeshed/Trikeshed/src/commonMain/kotlin/borg/trikeshed/ipfs/IpfsCore.kt:105:12 Redeclaration:
data class IpfsLink : Any
e: file:///Users/jim/work/v2superbikeshed/Trikeshed/src/commonMain/kotlin/borg/trikeshed/ipfs/IpfsCore.kt:112:2 Cannot access 'typealias Serializable = Serializable': it is internal in file.
e: file:///Users/jim/work/v2superbikeshed/Trikeshed/src/commonMain/kotlin/borg/trikeshed/ipfs/IpfsCore.kt:112:2 Illegal annotation class 'Serializable'.
e: file:///Users/jim/work/v2superbikeshed/Trikeshed/src/commonMain/kotlin/borg/trikeshed/ipfs/IpfsCore.kt:113:12 Redeclaration:
data class MerkleNode : Any
e: file:///Users/jim/work/v2superbikeshed/Trikeshed/src/commonMain/kotlin/borg/trikeshed/ipfs/IpfsCore.kt:119:20 Unresolved reference 'buildJsonObject'.
e: file:///Users/jim/work/v2superbikeshed/Trikeshed/src/commonMain/kotlin/borg/trikeshed/ipfs/IpfsCore.kt:120:13 Unresolved reference 'put'.
e: file:///Users/jim/work/v2superbikeshed/Trikeshed/src/commonMain/kotlin/borg/trikeshed/ipfs/IpfsCore.kt:121:13 Unresolved reference 'putJsonArray'.
e: file:///Users/jim/work/v2superbikeshed/Trikeshed/src/commonMain/kotlin/borg/trikeshed/ipfs/IpfsCore.kt:124:21 Unresolved reference 'add'.
e: file:///Users/jim/work/v2superbikeshed/Trikeshed/src/commonMain/kotlin/borg/trikeshed/ipfs/IpfsCore.kt:124:25 Unresolved reference 'buildJsonObject'.
e: file:///Users/jim/work/v2superbikeshed/Trikeshed/src/commonMain/kotlin/borg/trikeshed/ipfs/IpfsCore.kt:125:25 Unresolved reference 'put'.
e: file:///Users/jim/work/v2superbikeshed/Trikeshed/src/commonMain/kotlin/borg/trikeshed/ipfs/IpfsCore.kt:125:42 Unresolved reference 'a'.
e: file:///Users/jim/work/v2superbikeshed/Trikeshed/src/commonMain/kotlin/borg/trikeshed/ipfs/IpfsCore.kt:126:25 Unresolved reference 'put'.
e: file:///Users/jim/work/v2superbikeshed/Trikeshed/src/commonMain/kotlin/borg/trikeshed/ipfs/IpfsCore.kt:126:41 Unresolved reference 'b'.
e: file:///Users/jim/work/v2superbikeshed/Trikeshed/src/commonMain/kotlin/borg/trikeshed/ipfs/IpfsCore.kt:138:2 Cannot access 'typealias Serializable = Serializable': it is internal in file.
e: file:///Users/jim/work/v2superbikeshed/Trikeshed/src/commonMain/kotlin/borg/trikeshed/ipfs/IpfsCore.kt:138:2 Illegal annotation class 'Serializable'.
e: file:///Users/jim/work/v2superbikeshed/Trikeshed/src/commonMain/kotlin/borg/trikeshed/ipfs/IpfsCore.kt:139:12 Redeclaration:
data class PeerId : Any
e: file:///Users/jim/work/v2superbikeshed/Trikeshed/src/commonMain/kotlin/borg/trikeshed/ipfs/IpfsCore.kt:153:2 Cannot access 'typealias Serializable = Serializable': it is internal in file.
e: file:///Users/jim/work/v2superbikeshed/Trikeshed/src/commonMain/kotlin/borg/trikeshed/ipfs/IpfsCore.kt:153:2 Illegal annotation class 'Serializable'.
e: file:///Users/jim/work/v2superbikeshed/Trikeshed/src/commonMain/kotlin/borg/trikeshed/ipfs/IpfsCore.kt:230:11 Redeclaration:
class IpfsStorage : Any
e: file:///Users/jim/work/v2superbikeshed/Trikeshed/src/commonMain/kotlin/borg/trikeshed/ipfs/IpfsCore.kt:239:29 This type is final, so it cannot be extended.
e: file:///Users/jim/work/v2superbikeshed/Trikeshed/src/commonMain/kotlin/borg/trikeshed/ipfs/IpfsCore.kt:239:29 This type has a constructor, so it must be initialized here.
e: file:///Users/jim/work/v2superbikeshed/Trikeshed/src/commonMain/kotlin/borg/trikeshed/ipfs/IpfsCore.kt:240:17 'blocks' hides member of supertype 'IpfsStorage' and needs an 'override' modifier.
e: file:///Users/jim/work/v2superbikeshed/Trikeshed/src/commonMain/kotlin/borg/trikeshed/ipfs/IpfsCore.kt:242:5 'put' overrides nothing.
e: file:///Users/jim/work/v2superbikeshed/Trikeshed/src/commonMain/kotlin/borg/trikeshed/ipfs/IpfsCore.kt:243:26 Unresolved reference 'encode'.
e: file:///Users/jim/work/v2superbikeshed/Trikeshed/src/commonMain/kotlin/borg/trikeshed/ipfs/IpfsCore.kt:247:5 'get' overrides nothing.
e: file:///Users/jim/work/v2superbikeshed/Trikeshed/src/commonMain/kotlin/borg/trikeshed/ipfs/IpfsCore.kt:248:27 Unresolved reference 'encode'.
e: file:///Users/jim/work/v2superbikeshed/Trikeshed/src/commonMain/kotlin/borg/trikeshed/ipfs/IpfsCore.kt:251:5 'has' overrides nothing.
e: file:///Users/jim/work/v2superbikeshed/Trikeshed/src/commonMain/kotlin/borg/trikeshed/ipfs/IpfsCore.kt:252:39 Unresolved reference 'encode'.
e: file:///Users/jim/work/v2superbikeshed/Trikeshed/src/commonMain/kotlin/borg/trikeshed/ipfs/IpfsCore.kt:255:5 'delete' overrides nothing.
e: file:///Users/jim/work/v2superbikeshed/Trikeshed/src/commonMain/kotlin/borg/trikeshed/ipfs/IpfsCore.kt:256:34 Unresolved reference 'encode'.
e: file:///Users/jim/work/v2superbikeshed/Trikeshed/src/commonMain/kotlin/borg/trikeshed/ipfs/IpfsCore.kt:259:5 'list' overrides nothing.
e: file:///Users/jim/work/v2superbikeshed/Trikeshed/src/commonMain/kotlin/borg/trikeshed/isam/IsamDataFile.kt:13:9 'open' hides member of supertype 'Usable' and needs an 'override' modifier.
e: file:///Users/jim/work/v2superbikeshed/Trikeshed/src/commonMain/kotlin/borg/trikeshed/isam/IsamDataFile.kt:14:9 'close' hides member of supertype 'Usable' and needs an 'override' modifier.
e: file:///Users/jim/work/v2superbikeshed/Trikeshed/src/commonMain/kotlin/borg/trikeshed/isam/IsamDataFile.kt:17:9 Function 'write' without a body must be abstract.
e: file:///Users/jim/work/v2superbikeshed/Trikeshed/src/commonMain/kotlin/borg/trikeshed/isam/IsamDataFile.kt:19:9 Function 'append' without a body must be abstract.
e: file:///Users/jim/work/v2superbikeshed/Trikeshed/src/commonMain/kotlin/borg/trikeshed/isam/RecordMeta.kt:4:30 Unresolved reference 'TypeMemento'.
e: file:///Users/jim/work/v2superbikeshed/Trikeshed/src/commonMain/kotlin/borg/trikeshed/isam/RecordMeta.kt:18:17 No value passed for parameter 'memento'.
e: file:///Users/jim/work/v2superbikeshed/Trikeshed/src/commonMain/kotlin/borg/trikeshed/isam/RecordMeta.kt:19:5 'name' in 'ColumnMeta' is final and cannot be overridden.
e: file:///Users/jim/work/v2superbikeshed/Trikeshed/src/commonMain/kotlin/borg/trikeshed/isam/RecordMeta.kt:21:5 'type' in 'ColumnMeta' is final and cannot be overridden.
e: file:///Users/jim/work/v2superbikeshed/Trikeshed/src/commonMain/kotlin/borg/trikeshed/isam/RecordMeta.kt:21:24 Type of 'type' is not a subtype of overridden property 'val type: String' defined in 'borg/trikeshed/cursor/ColumnMeta'.
e: file:///Users/jim/work/v2superbikeshed/Trikeshed/src/commonMain/kotlin/borg/trikeshed/isam/RecordMeta.kt:27:45 Unresolved reference 'createDecoder'.
e: file:///Users/jim/work/v2superbikeshed/Trikeshed/src/commonMain/kotlin/borg/trikeshed/isam/RecordMeta.kt:29:45 Unresolved reference 'createEncoder'.
e: file:///Users/jim/work/v2superbikeshed/Trikeshed/src/commonMain/kotlin/borg/trikeshed/isam/RecordMeta.kt:32:5 This type is final, so it cannot be extended.
e: file:///Users/jim/work/v2superbikeshed/Trikeshed/src/commonMain/kotlin/borg/trikeshed/isam/RecordMeta.kt:32:5 This type has a constructor, so it must be initialized here.
e: file:///Users/jim/work/v2superbikeshed/Trikeshed/src/commonMain/kotlin/borg/trikeshed/lib/AlphaConversion.kt:26:14 Conflicting overloads:
fun <X, C, V : Join<Int, Function1<Int, X>>> V.α(crossinline xform: (X) -> C): Join<Int, Function1<Int, C>>
e: file:///Users/jim/work/v2superbikeshed/Trikeshed/src/commonMain/kotlin/borg/trikeshed/lib/AlphaConversion.kt:31:10 Overload resolution ambiguity between candidates:
fun <X, C, V : Join<Int, Function1<Int, X>>> V.α(crossinline xform: (X) -> C): Join<Int, Function1<Int, C>>
fun <X, C, V : Join<Int, Function1<Int, X>>> V.α(crossinline xform: (X) -> C): Join<Int, Function1<Int, C>>
e: file:///Users/jim/work/v2superbikeshed/Trikeshed/src/commonMain/kotlin/borg/trikeshed/lib/AlphaConversion.kt:35:10 Overload resolution ambiguity between candidates:
fun <X, C, V : Join<Int, Function1<Int, X>>> V.α(crossinline xform: (X) -> C): Join<Int, Function1<Int, C>>
fun <X, C, V : Join<Int, Function1<Int, X>>> V.α(crossinline xform: (X) -> C): Join<Int, Function1<Int, C>>
e: file:///Users/jim/work/v2superbikeshed/Trikeshed/src/commonMain/kotlin/borg/trikeshed/lib/AlphaConversion.kt:105:1 Conflicting overloads:
fun ByteArray.toIndexed(): Join<Int, Function1<Int, Byte>>
fun ByteArray.toIndexed(): Join<Int, Function1<Int, Byte>>
e: file:///Users/jim/work/v2superbikeshed/Trikeshed/src/commonMain/kotlin/borg/trikeshed/lib/AlphaConversion.kt:107:1 Conflicting overloads:
fun IntArray.toIndexed(): Join<Int, Function1<Int, Int>>
e: file:///Users/jim/work/v2superbikeshed/Trikeshed/src/commonMain/kotlin/borg/trikeshed/lib/AlphaConversion.kt:118:10 Overload resolution ambiguity between candidates:
fun <X, C, V : Join<Int, Function1<Int, X>>> V.α(crossinline xform: (X) -> C): Join<Int, Function1<Int, C>>
fun <X, C, V : Join<Int, Function1<Int, X>>> V.α(crossinline xform: (X) -> C): Join<Int, Function1<Int, C>>
e: file:///Users/jim/work/v2superbikeshed/Trikeshed/src/commonMain/kotlin/borg/trikeshed/lib/AlphaConversion.kt:249:12 Return type mismatch: expected 'Join<Join<Int, Function1<Int, T (of fun <T> Join<Int, Function1<Int, T>>.partition)>>, Join<Int, Function1<Int, T (of fun <T> Join<Int, Function1<Int, T>>.partition)>>>', actual 'Join<Join<Int, KFunction1<Int, T (of fun <T> Join<Int, Function1<Int, T>>.partition)>>, Join<Int, KFunction1<Int, T (of fun <T> Join<Int, Function1<Int, T>>.partition)>>>'.
e: file:///Users/jim/work/v2superbikeshed/Trikeshed/src/commonMain/kotlin/borg/trikeshed/lib/ByteIndexed.kt:33:37 Cannot infer type for this parameter. Specify it explicitly.
e: file:///Users/jim/work/v2superbikeshed/Trikeshed/src/commonMain/kotlin/borg/trikeshed/lib/ByteIndexed.kt:33:37 Not enough information to infer type argument for 'T'.
e: file:///Users/jim/work/v2superbikeshed/Trikeshed/src/commonMain/kotlin/borg/trikeshed/lib/ByteIndexed.kt:33:49 Unresolved reference. None of the following candidates is applicable because of a receiver type mismatch:
fun String.encodeToByteArray(): ByteArray
e: file:///Users/jim/work/v2superbikeshed/Trikeshed/src/commonMain/kotlin/borg/trikeshed/lib/ByteIndexed.kt:33:69 Overload resolution ambiguity between candidates:
fun ByteArray.toIndexed(): Join<Int, Function1<Int, Byte>>
fun <T> Any.toIndexed(): Join<Int, Function1<Int, T>>
fun ByteArray.toIndexed(): Join<Int, Function1<Int, Byte>>
e: file:///Users/jim/work/v2superbikeshed/Trikeshed/src/commonMain/kotlin/borg/trikeshed/lib/ByteIndexed.kt:93:23 Cannot infer type for this parameter. Specify it explicitly.
e: file:///Users/jim/work/v2superbikeshed/Trikeshed/src/commonMain/kotlin/borg/trikeshed/lib/ByteIndexed.kt:93:23 Unresolved reference. None of the following candidates is applicable because of a receiver type mismatch:
fun <T> Join<Int, Function1<Int, Join<Any?, TypeMemento>>>.get(column: Column<T>): T?
e: file:///Users/jim/work/v2superbikeshed/Trikeshed/src/commonMain/kotlin/borg/trikeshed/lib/ByteIndexed.kt:143:65 Unresolved reference 'decodeToChars'.
e: file:///Users/jim/work/v2superbikeshed/Trikeshed/src/commonMain/kotlin/borg/trikeshed/lib/ByteIndexed.kt:155:39 Cannot infer type for this parameter. Specify it explicitly.
e: file:///Users/jim/work/v2superbikeshed/Trikeshed/src/commonMain/kotlin/borg/trikeshed/lib/ByteIndexed.kt:155:39 Unresolved reference. None of the following candidates is applicable because of a receiver type mismatch:
fun <T> Join<Int, Function1<Int, Join<Any?, TypeMemento>>>.get(column: Column<T>): T?
e: file:///Users/jim/work/v2superbikeshed/Trikeshed/src/commonMain/kotlin/borg/trikeshed/lib/ByteIndexed.kt:156:39 Cannot infer type for this parameter. Specify it explicitly.
e: file:///Users/jim/work/v2superbikeshed/Trikeshed/src/commonMain/kotlin/borg/trikeshed/lib/ByteIndexed.kt:156:39 Unresolved reference. None of the following candidates is applicable because of a receiver type mismatch:
fun <T> Join<Int, Function1<Int, Join<Any?, TypeMemento>>>.get(column: Column<T>): T?
e: file:///Users/jim/work/v2superbikeshed/Trikeshed/src/commonMain/kotlin/borg/trikeshed/lib/ByteIndexed.kt:206:24 Unresolved reference. None of the following candidates is applicable because of a receiver type mismatch:
fun <T> Join<Int, Function1<Int, Join<Any?, TypeMemento>>>.get(column: Column<T>): T?
e: file:///Users/jim/work/v2superbikeshed/Trikeshed/src/commonMain/kotlin/borg/trikeshed/lib/ByteIndexed.kt:226:49 Inapplicable candidate(s): val get: Byte
e: file:///Users/jim/work/v2superbikeshed/Trikeshed/src/commonMain/kotlin/borg/trikeshed/lib/ByteIndexed.kt:243:25 Operator '==' cannot be applied to 'Byte' and 'Int'.
e: file:///Users/jim/work/v2superbikeshed/Trikeshed/src/commonMain/kotlin/borg/trikeshed/lib/ByteIndexed.kt:261:25 Incompatible types 'Byte' and 'Int'.
e: file:///Users/jim/work/v2superbikeshed/Trikeshed/src/commonMain/kotlin/borg/trikeshed/lib/ByteIndexed.kt:262:25 Incompatible types 'Byte' and 'Int'.
e: file:///Users/jim/work/v2superbikeshed/Trikeshed/src/commonMain/kotlin/borg/trikeshed/lib/ByteIndexed.kt:271:25 Incompatible types 'Byte' and 'Int'.
e: file:///Users/jim/work/v2superbikeshed/Trikeshed/src/commonMain/kotlin/borg/trikeshed/lib/ByteIndexed.kt:309:95 Overload resolution ambiguity between candidates:
fun <X, C, V : Join<Int, Function1<Int, X>>> V.α(crossinline xform: (X) -> C): Join<Int, Function1<Int, C>>
fun <X, C, V : Join<Int, Function1<Int, X>>> V.α(crossinline xform: (X) -> C): Join<Int, Function1<Int, C>>
e: file:///Users/jim/work/v2superbikeshed/Trikeshed/src/commonMain/kotlin/borg/trikeshed/lib/ByteIndexed.kt:310:9 Unresolved reference 'it'.
e: file:///Users/jim/work/v2superbikeshed/Trikeshed/src/commonMain/kotlin/borg/trikeshed/lib/ByteIndexed.kt:318:17 Cannot infer type for this parameter. Specify it explicitly.
e: file:///Users/jim/work/v2superbikeshed/Trikeshed/src/commonMain/kotlin/borg/trikeshed/lib/ByteIndexed.kt:318:17 Unresolved reference. None of the following candidates is applicable because of a receiver type mismatch:
fun <T> Join<Int, Function1<Int, Join<Any?, TypeMemento>>>.get(column: Column<T>): T?
e: file:///Users/jim/work/v2superbikeshed/Trikeshed/src/commonMain/kotlin/borg/trikeshed/lib/ByteIndexed.kt:325:26 Cannot infer type for this parameter. Specify it explicitly.
e: file:///Users/jim/work/v2superbikeshed/Trikeshed/src/commonMain/kotlin/borg/trikeshed/lib/ByteIndexed.kt:325:26 Unresolved reference. None of the following candidates is applicable because of a receiver type mismatch:
fun <T> Join<Int, Function1<Int, Join<Any?, TypeMemento>>>.get(column: Column<T>): T?
e: file:///Users/jim/work/v2superbikeshed/Trikeshed/src/commonMain/kotlin/borg/trikeshed/lib/ByteIndexed.kt:331:26 Cannot infer type for this parameter. Specify it explicitly.
e: file:///Users/jim/work/v2superbikeshed/Trikeshed/src/commonMain/kotlin/borg/trikeshed/lib/ByteIndexed.kt:331:26 Unresolved reference. None of the following candidates is applicable because of a receiver type mismatch:
fun <T> Join<Int, Function1<Int, Join<Any?, TypeMemento>>>.get(column: Column<T>): T?
e: file:///Users/jim/work/v2superbikeshed/Trikeshed/src/commonMain/kotlin/borg/trikeshed/lib/ByteIndexed.kt:332:26 Cannot infer type for this parameter. Specify it explicitly.
e: file:///Users/jim/work/v2superbikeshed/Trikeshed/src/commonMain/kotlin/borg/trikeshed/lib/ByteIndexed.kt:332:26 Unresolved reference. None of the following candidates is applicable because of a receiver type mismatch:
fun <T> Join<Int, Function1<Int, Join<Any?, TypeMemento>>>.get(column: Column<T>): T?
e: file:///Users/jim/work/v2superbikeshed/Trikeshed/src/commonMain/kotlin/borg/trikeshed/lib/ByteIndexed.kt:340:50 Unresolved reference. None of the following candidates is applicable because of a receiver type mismatch:
fun ByteIndexedBuffer.decodeToString(): String
e: file:///Users/jim/work/v2superbikeshed/Trikeshed/src/commonMain/kotlin/borg/trikeshed/lib/ByteIndexed.kt:355:14 Cannot infer type for this parameter. Specify it explicitly.
e: file:///Users/jim/work/v2superbikeshed/Trikeshed/src/commonMain/kotlin/borg/trikeshed/lib/ByteIndexed.kt:355:14 Unresolved reference. None of the following candidates is applicable because of a receiver type mismatch:
fun <T> Join<Int, Function1<Int, Join<Any?, TypeMemento>>>.get(column: Column<T>): T?
e: file:///Users/jim/work/v2superbikeshed/Trikeshed/src/commonMain/kotlin/borg/trikeshed/lib/ByteIndexed.kt:357:24 Cannot infer type for this parameter. Specify it explicitly.
e: file:///Users/jim/work/v2superbikeshed/Trikeshed/src/commonMain/kotlin/borg/trikeshed/lib/ByteIndexed.kt:357:24 Unresolved reference. None of the following candidates is applicable because of a receiver type mismatch:
fun <T> Join<Int, Function1<Int, Join<Any?, TypeMemento>>>.get(column: Column<T>): T?
e: file:///Users/jim/work/v2superbikeshed/Trikeshed/src/commonMain/kotlin/borg/trikeshed/lib/ByteIndexed.kt:367:55 Unresolved reference. None of the following candidates is applicable because of a receiver type mismatch:
fun Join<Int, Function1<Int, Byte>>.asString(): String
e: file:///Users/jim/work/v2superbikeshed/Trikeshed/src/commonMain/kotlin/borg/trikeshed/lib/ByteIndexed.kt:370:38 None of the following candidates is applicable:
fun <X, C, V : Join<Int, Function1<Int, X>>> V.α(crossinline xform: (X) -> C): Join<Int, Function1<Int, C>>
fun <X, C> Array<X>.α(crossinline xform: (X) -> C): Join<Int, Function1<Int, C>>
fun <X, C, Subject : Iterable<X>> Subject.α(xform: (X) -> C): Iterable<C>
fun <X, C, V : Join<Int, Function1<Int, X>>> V.α(crossinline xform: (X) -> C): Join<Int, Function1<Int, C>>
e: file:///Users/jim/work/v2superbikeshed/Trikeshed/src/commonMain/kotlin/borg/trikeshed/lib/ByteIndexed.kt:370:42 Unresolved reference 'it'.
e: file:///Users/jim/work/v2superbikeshed/Trikeshed/src/commonMain/kotlin/borg/trikeshed/lib/ByteIndexed.kt:371:17 Unresolved reference 'a'.
e: file:///Users/jim/work/v2superbikeshed/Trikeshed/src/commonMain/kotlin/borg/trikeshed/lib/ByteIndexed.kt:371:32 Cannot infer type for this parameter. Specify it explicitly.
e: file:///Users/jim/work/v2superbikeshed/Trikeshed/src/commonMain/kotlin/borg/trikeshed/lib/ByteIndexed.kt:371:32 Not enough information to infer type argument for 'T'.
e: file:///Users/jim/work/v2superbikeshed/Trikeshed/src/commonMain/kotlin/borg/trikeshed/lib/ByteIndexed.kt:371:42 Unresolved reference '▶'.
e: file:///Users/jim/work/v2superbikeshed/Trikeshed/src/commonMain/kotlin/borg/trikeshed/lib/ByteIndexed.kt:371:46 Cannot infer type for this parameter. Specify it explicitly.
e: file:///Users/jim/work/v2superbikeshed/Trikeshed/src/commonMain/kotlin/borg/trikeshed/lib/ByteIndexed.kt:371:50 Cannot infer type for this parameter. Specify it explicitly.
e: file:///Users/jim/work/v2superbikeshed/Trikeshed/src/commonMain/kotlin/borg/trikeshed/lib/ByteIndexed.kt:371:55 Function invocation 'first()' expected.
e: file:///Users/jim/work/v2superbikeshed/Trikeshed/src/commonMain/kotlin/borg/trikeshed/lib/ByteIndexed.kt:371:67 Unresolved reference 'second'.
e: file:///Users/jim/work/v2superbikeshed/Trikeshed/src/commonMain/kotlin/borg/trikeshed/lib/ByteIndexed.kt:375:38 None of the following candidates is applicable:
fun <X, C, V : Join<Int, Function1<Int, X>>> V.α(crossinline xform: (X) -> C): Join<Int, Function1<Int, C>>
fun <X, C> Array<X>.α(crossinline xform: (X) -> C): Join<Int, Function1<Int, C>>
fun <X, C, Subject : Iterable<X>> Subject.α(xform: (X) -> C): Iterable<C>
fun <X, C, V : Join<Int, Function1<Int, X>>> V.α(crossinline xform: (X) -> C): Join<Int, Function1<Int, C>>
e: file:///Users/jim/work/v2superbikeshed/Trikeshed/src/commonMain/kotlin/borg/trikeshed/lib/ByteIndexed.kt:375:42 Unresolved reference 'it'.
e: file:///Users/jim/work/v2superbikeshed/Trikeshed/src/commonMain/kotlin/borg/trikeshed/lib/ByteIndexed.kt:376:17 Unresolved reference 'a'.
e: file:///Users/jim/work/v2superbikeshed/Trikeshed/src/commonMain/kotlin/borg/trikeshed/lib/ByteIndexed.kt:376:32 Cannot infer type for this parameter. Specify it explicitly.
e: file:///Users/jim/work/v2superbikeshed/Trikeshed/src/commonMain/kotlin/borg/trikeshed/lib/ByteIndexed.kt:376:32 Not enough information to infer type argument for 'T'.
e: file:///Users/jim/work/v2superbikeshed/Trikeshed/src/commonMain/kotlin/borg/trikeshed/lib/ByteIndexed.kt:376:53 Unresolved reference '▶'.
e: file:///Users/jim/work/v2superbikeshed/Trikeshed/src/commonMain/kotlin/borg/trikeshed/lib/ByteIndexed.kt:376:57 Cannot infer type for this parameter. Specify it explicitly.
e: file:///Users/jim/work/v2superbikeshed/Trikeshed/src/commonMain/kotlin/borg/trikeshed/lib/ByteIndexed.kt:376:61 Cannot infer type for this parameter. Specify it explicitly.
e: file:///Users/jim/work/v2superbikeshed/Trikeshed/src/commonMain/kotlin/borg/trikeshed/lib/ByteIndexed.kt:376:66 Function invocation 'first()' expected.
e: file:///Users/jim/work/v2superbikeshed/Trikeshed/src/commonMain/kotlin/borg/trikeshed/lib/ByteIndexed.kt:376:78 Unresolved reference 'second'.
e: file:///Users/jim/work/v2superbikeshed/Trikeshed/src/commonMain/kotlin/borg/trikeshed/lib/ByteIndexed.kt:390:30 Cannot infer type for this parameter. Specify it explicitly.
e: file:///Users/jim/work/v2superbikeshed/Trikeshed/src/commonMain/kotlin/borg/trikeshed/lib/ByteIndexed.kt:390:30 Unresolved reference. None of the following candidates is applicable because of a receiver type mismatch:
fun <T> Join<Int, Function1<Int, Join<Any?, TypeMemento>>>.get(column: Column<T>): T?
e: file:///Users/jim/work/v2superbikeshed/Trikeshed/src/commonMain/kotlin/borg/trikeshed/lib/ByteIndexed.kt:398:17 None of the following candidates is applicable:
fun <X, C, V : Join<Int, Function1<Int, X>>> V.α(crossinline xform: (X) -> C): Join<Int, Function1<Int, C>>
fun <X, C> Array<X>.α(crossinline xform: (X) -> C): Join<Int, Function1<Int, C>>
fun <X, C, Subject : Iterable<X>> Subject.α(xform: (X) -> C): Iterable<C>
fun <X, C, V : Join<Int, Function1<Int, X>>> V.α(crossinline xform: (X) -> C): Join<Int, Function1<Int, C>>
e: file:///Users/jim/work/v2superbikeshed/Trikeshed/src/commonMain/kotlin/borg/trikeshed/lib/ByteIndexed.kt:398:21 Cannot infer type for this parameter. Specify it explicitly.
e: file:///Users/jim/work/v2superbikeshed/Trikeshed/src/commonMain/kotlin/borg/trikeshed/lib/ByteIndexed.kt:408:9 Cannot infer type for this parameter. Specify it explicitly.
e: file:///Users/jim/work/v2superbikeshed/Trikeshed/src/commonMain/kotlin/borg/trikeshed/lib/ByteIndexed.kt:408:9 Unresolved reference. None of the following candidates is applicable because of a receiver type mismatch:
fun <T> Join<Int, Function1<Int, Join<Any?, TypeMemento>>>.get(column: Column<T>): T?
e: file:///Users/jim/work/v2superbikeshed/Trikeshed/src/commonMain/kotlin/borg/trikeshed/lib/CharIndexed.kt:88:23 Cannot infer type for this parameter. Specify it explicitly.
e: file:///Users/jim/work/v2superbikeshed/Trikeshed/src/commonMain/kotlin/borg/trikeshed/lib/CharIndexed.kt:88:23 Unresolved reference. None of the following candidates is applicable because of a receiver type mismatch:
fun <T> Join<Int, Function1<Int, Join<Any?, TypeMemento>>>.get(column: Column<T>): T?
e: file:///Users/jim/work/v2superbikeshed/Trikeshed/src/commonMain/kotlin/borg/trikeshed/lib/CharIndexed.kt:139:51 Argument type mismatch: actual type is 'Char?', but 'Char' was expected.
e: file:///Users/jim/work/v2superbikeshed/Trikeshed/src/commonMain/kotlin/borg/trikeshed/lib/CharIndexed.kt:139:51 Unresolved reference. None of the following candidates is applicable because of a receiver type mismatch:
fun <T> Join<Int, Function1<Int, Join<Any?, TypeMemento>>>.get(column: Column<T>): T?
e: file:///Users/jim/work/v2superbikeshed/Trikeshed/src/commonMain/kotlin/borg/trikeshed/lib/CharIndexed.kt:168:30 Cannot infer type for this parameter. Specify it explicitly.
e: file:///Users/jim/work/v2superbikeshed/Trikeshed/src/commonMain/kotlin/borg/trikeshed/lib/CharIndexed.kt:168:30 Unresolved reference. None of the following candidates is applicable because of a receiver type mismatch:
fun <T> Join<Int, Function1<Int, Join<Any?, TypeMemento>>>.get(column: Column<T>): T?
e: file:///Users/jim/work/v2superbikeshed/Trikeshed/src/commonMain/kotlin/borg/trikeshed/lib/CharIndexed.kt:168:30 Argument type mismatch: actual type is 'T? (of fun <T> Join<Int, Function1<Int, Join<Any?, TypeMemento>>>.get)', but 'Char' was expected.
e: file:///Users/jim/work/v2superbikeshed/Trikeshed/src/commonMain/kotlin/borg/trikeshed/lib/CharIndexed.kt:170:30 Cannot infer type for this parameter. Specify it explicitly.
e: file:///Users/jim/work/v2superbikeshed/Trikeshed/src/commonMain/kotlin/borg/trikeshed/lib/CharIndexed.kt:170:30 Unresolved reference. None of the following candidates is applicable because of a receiver type mismatch:
fun <T> Join<Int, Function1<Int, Join<Any?, TypeMemento>>>.get(column: Column<T>): T?
e: file:///Users/jim/work/v2superbikeshed/Trikeshed/src/commonMain/kotlin/borg/trikeshed/lib/CharIndexed.kt:170:30 Argument type mismatch: actual type is 'T? (of fun <T> Join<Int, Function1<Int, Join<Any?, TypeMemento>>>.get)', but 'Char' was expected.
e: file:///Users/jim/work/v2superbikeshed/Trikeshed/src/commonMain/kotlin/borg/trikeshed/lib/CharIndexed.kt:239:24 Unresolved reference. None of the following candidates is applicable because of a receiver type mismatch:
fun <T> Join<Int, Function1<Int, Join<Any?, TypeMemento>>>.get(column: Column<T>): T?
e: file:///Users/jim/work/v2superbikeshed/Trikeshed/src/commonMain/kotlin/borg/trikeshed/lib/CharIndexed.kt:274:33 Inapplicable candidate(s): val get: Char
e: file:///Users/jim/work/v2superbikeshed/Trikeshed/src/commonMain/kotlin/borg/trikeshed/lib/CharIndexed.kt:335:56 Unresolved reference 'CharIndexed'.
e: file:///Users/jim/work/v2superbikeshed/Trikeshed/src/commonMain/kotlin/borg/trikeshed/lib/CharIndexed.kt:338:38 Cannot infer type for this parameter. Specify it explicitly.
e: file:///Users/jim/work/v2superbikeshed/Trikeshed/src/commonMain/kotlin/borg/trikeshed/lib/CharIndexed.kt:338:38 Not enough information to infer type argument for 'B'.
e: file:///Users/jim/work/v2superbikeshed/Trikeshed/src/commonMain/kotlin/borg/trikeshed/lib/CharIndexed.kt:338:42 Cannot infer type for this parameter. Specify it explicitly.
e: file:///Users/jim/work/v2superbikeshed/Trikeshed/src/commonMain/kotlin/borg/trikeshed/lib/CharIndexed.kt:345:24 Unresolved reference 'CharIndexed'.
e: file:///Users/jim/work/v2superbikeshed/Trikeshed/src/commonMain/kotlin/borg/trikeshed/lib/CharIndexed.kt:352:23 Unresolved reference 'CharIndexed'.
e: file:///Users/jim/work/v2superbikeshed/Trikeshed/src/commonMain/kotlin/borg/trikeshed/lib/CharIndexed.kt:359:30 Unresolved reference 'CharIndexed'.
e: file:///Users/jim/work/v2superbikeshed/Trikeshed/src/commonMain/kotlin/borg/trikeshed/lib/CharIndexed.kt:360:26 Unresolved reference 'a'.
e: file:///Users/jim/work/v2superbikeshed/Trikeshed/src/commonMain/kotlin/borg/trikeshed/lib/CharIndexed.kt:382:28 Unresolved reference 'CharIndexed'.
e: file:///Users/jim/work/v2superbikeshed/Trikeshed/src/commonMain/kotlin/borg/trikeshed/lib/CharIndexed.kt:383:20 Unresolved reference 'a'.
e: file:///Users/jim/work/v2superbikeshed/Trikeshed/src/commonMain/kotlin/borg/trikeshed/lib/CharIndexed.kt:384:34 Unresolved reference 'a'.
e: file:///Users/jim/work/v2superbikeshed/Trikeshed/src/commonMain/kotlin/borg/trikeshed/lib/CharIndexed.kt:393:26 Unresolved reference 'CharIndexed'.
e: file:///Users/jim/work/v2superbikeshed/Trikeshed/src/commonMain/kotlin/borg/trikeshed/lib/CharIndexed.kt:394:20 Unresolved reference 'a'.
e: file:///Users/jim/work/v2superbikeshed/Trikeshed/src/commonMain/kotlin/borg/trikeshed/lib/CharIndexed.kt:395:40 Unresolved reference 'a'.
e: file:///Users/jim/work/v2superbikeshed/Trikeshed/src/commonMain/kotlin/borg/trikeshed/lib/CharIndexed.kt:396:34 Unresolved reference 'a'.
e: file:///Users/jim/work/v2superbikeshed/Trikeshed/src/commonMain/kotlin/borg/trikeshed/lib/CharIndexed.kt:397:19 Argument type mismatch: actual type is 'Join<Shape, Function1<Shape, Int>>', but 'Int' was expected.
e: file:///Users/jim/work/v2superbikeshed/Trikeshed/src/commonMain/kotlin/borg/trikeshed/lib/CharIndexed.kt:406:52 Unresolved reference 'CharIndexed'.
e: file:///Users/jim/work/v2superbikeshed/Trikeshed/src/commonMain/kotlin/borg/trikeshed/lib/CharIndexed.kt:409:38 Cannot infer type for this parameter. Specify it explicitly.
e: file:///Users/jim/work/v2superbikeshed/Trikeshed/src/commonMain/kotlin/borg/trikeshed/lib/CharIndexed.kt:409:38 Not enough information to infer type argument for 'B'.
e: file:///Users/jim/work/v2superbikeshed/Trikeshed/src/commonMain/kotlin/borg/trikeshed/lib/CharIndexed.kt:409:42 Cannot infer type for this parameter. Specify it explicitly.
e: file:///Users/jim/work/v2superbikeshed/Trikeshed/src/commonMain/kotlin/borg/trikeshed/lib/CharIndexed.kt:416:22 Unresolved reference 'CharIndexed'.
e: file:///Users/jim/work/v2superbikeshed/Trikeshed/src/commonMain/kotlin/borg/trikeshed/lib/CharIndexed.kt:427:34 Cannot infer type for this parameter. Specify it explicitly.
e: file:///Users/jim/work/v2superbikeshed/Trikeshed/src/commonMain/kotlin/borg/trikeshed/lib/CharIndexed.kt:427:34 Not enough information to infer type argument for 'B'.
e: file:///Users/jim/work/v2superbikeshed/Trikeshed/src/commonMain/kotlin/borg/trikeshed/lib/CharIndexed.kt:427:38 Cannot infer type for this parameter. Specify it explicitly.
e: file:///Users/jim/work/v2superbikeshed/Trikeshed/src/commonMain/kotlin/borg/trikeshed/lib/CharIndexed.kt:434:45 Unresolved reference 'CharIndexed'.
e: file:///Users/jim/work/v2superbikeshed/Trikeshed/src/commonMain/kotlin/borg/trikeshed/lib/CharIndexed.kt:443:39 Unresolved reference 'CharIndexed'.
e: file:///Users/jim/work/v2superbikeshed/Trikeshed/src/commonMain/kotlin/borg/trikeshed/lib/CharIndexed.kt:446:41 Cannot infer type for this parameter. Specify it explicitly.
e: file:///Users/jim/work/v2superbikeshed/Trikeshed/src/commonMain/kotlin/borg/trikeshed/lib/CharIndexed.kt:446:41 Not enough information to infer type argument for 'B'.
e: file:///Users/jim/work/v2superbikeshed/Trikeshed/src/commonMain/kotlin/borg/trikeshed/lib/CharIndexed.kt:446:45 Cannot infer type for this parameter. Specify it explicitly.
e: file:///Users/jim/work/v2superbikeshed/Trikeshed/src/commonMain/kotlin/borg/trikeshed/lib/CharIndexed.kt:523:30 Cannot infer type for this parameter. Specify it explicitly.
e: file:///Users/jim/work/v2superbikeshed/Trikeshed/src/commonMain/kotlin/borg/trikeshed/lib/CharIndexed.kt:523:30 Unresolved reference. None of the following candidates is applicable because of a receiver type mismatch:
fun <T> Join<Int, Function1<Int, Join<Any?, TypeMemento>>>.get(column: Column<T>): T?
e: file:///Users/jim/work/v2superbikeshed/Trikeshed/src/commonMain/kotlin/borg/trikeshed/lib/CharIndexed.kt:531:17 None of the following candidates is applicable:
fun <X, C, V : Join<Int, Function1<Int, X>>> V.α(crossinline xform: (X) -> C): Join<Int, Function1<Int, C>>
fun <X, C> Array<X>.α(crossinline xform: (X) -> C): Join<Int, Function1<Int, C>>
fun <X, C, Subject : Iterable<X>> Subject.α(xform: (X) -> C): Iterable<C>
fun <X, C, V : Join<Int, Function1<Int, X>>> V.α(crossinline xform: (X) -> C): Join<Int, Function1<Int, C>>
e: file:///Users/jim/work/v2superbikeshed/Trikeshed/src/commonMain/kotlin/borg/trikeshed/lib/CharIndexed.kt:531:21 Cannot infer type for this parameter. Specify it explicitly.
e: file:///Users/jim/work/v2superbikeshed/Trikeshed/src/commonMain/kotlin/borg/trikeshed/lib/CharIndexed.kt:541:9 Cannot infer type for this parameter. Specify it explicitly.
e: file:///Users/jim/work/v2superbikeshed/Trikeshed/src/commonMain/kotlin/borg/trikeshed/lib/CharIndexed.kt:541:9 Unresolved reference. None of the following candidates is applicable because of a receiver type mismatch:
fun <T> Join<Int, Function1<Int, Join<Any?, TypeMemento>>>.get(column: Column<T>): T?
e: file:///Users/jim/work/v2superbikeshed/Trikeshed/src/commonMain/kotlin/borg/trikeshed/lib/CharIndexed.kt:549:53 Unresolved reference. None of the following candidates is applicable because of a receiver type mismatch:
fun CharArray.concatToString(): String
e: file:///Users/jim/work/v2superbikeshed/Trikeshed/src/commonMain/kotlin/borg/trikeshed/lib/CharIndexed.kt:550:82 Cannot infer type for this parameter. Specify it explicitly.
e: file:///Users/jim/work/v2superbikeshed/Trikeshed/src/commonMain/kotlin/borg/trikeshed/lib/CharIndexed.kt:550:82 Unresolved reference. None of the following candidates is applicable because of a receiver type mismatch:
fun <T> Join<Int, Function1<Int, Join<Any?, TypeMemento>>>.get(column: Column<T>): T?
e: file:///Users/jim/work/v2superbikeshed/Trikeshed/src/commonMain/kotlin/borg/trikeshed/lib/ColumnarExtensions.kt:106:41 Return type mismatch: expected 'Join<A (of fun <A, T> T.lift), Function1<A (of fun <A, T> T.lift), T (of fun <A, T> T.lift)>>', actual 'Join<Int, ERROR CLASS: Cannot infer argument for type parameter B>'.
e: file:///Users/jim/work/v2superbikeshed/Trikeshed/src/commonMain/kotlin/borg/trikeshed/lib/ColumnarExtensions.kt:106:43 Cannot infer type for this parameter. Specify it explicitly.
e: file:///Users/jim/work/v2superbikeshed/Trikeshed/src/commonMain/kotlin/borg/trikeshed/lib/ColumnarExtensions.kt:106:43 Not enough information to infer type argument for 'B'.
e: file:///Users/jim/work/v2superbikeshed/Trikeshed/src/commonMain/kotlin/borg/trikeshed/lib/ColumnarExtensions.kt:106:47 Cannot infer type for this parameter. Specify it explicitly.
e: file:///Users/jim/work/v2superbikeshed/Trikeshed/src/commonMain/kotlin/borg/trikeshed/lib/ColumnarExtensions.kt:162:35 None of the following candidates is applicable:
fun <T, R> Array<out T>.mapIndexed(transform: (@ParameterName(...) Int, T) -> R): List<R>
fun <R> ByteArray.mapIndexed(transform: (@ParameterName(...) Int, Byte) -> R): List<R>
fun <R> ShortArray.mapIndexed(transform: (@ParameterName(...) Int, Short) -> R): List<R>
fun <R> IntArray.mapIndexed(transform: (@ParameterName(...) Int, Int) -> R): List<R>
fun <R> LongArray.mapIndexed(transform: (@ParameterName(...) Int, Long) -> R): List<R>
fun <R> FloatArray.mapIndexed(transform: (@ParameterName(...) Int, Float) -> R): List<R>
fun <R> DoubleArray.mapIndexed(transform: (@ParameterName(...) Int, Double) -> R): List<R>
fun <R> BooleanArray.mapIndexed(transform: (@ParameterName(...) Int, Boolean) -> R): List<R>
fun <R> CharArray.mapIndexed(transform: (@ParameterName(...) Int, Char) -> R): List<R>
fun <T, R> Iterable<T>.mapIndexed(transform: (@ParameterName(...) Int, T) -> R): List<R>
fun <R> UIntArray.mapIndexed(transform: (@ParameterName(...) Int, UInt) -> R): List<R>
fun <R> ULongArray.mapIndexed(transform: (@ParameterName(...) Int, ULong) -> R): List<R>
fun <R> UByteArray.mapIndexed(transform: (@ParameterName(...) Int, UByte) -> R): List<R>
fun <R> UShortArray.mapIndexed(transform: (@ParameterName(...) Int, UShort) -> R): List<R>
fun <T, R> Sequence<T>.mapIndexed(transform: (@ParameterName(...) Int, T) -> R): Sequence<R>
fun <R> CharSequence.mapIndexed(transform: (@ParameterName(...) Int, Char) -> R): List<R>
e: file:///Users/jim/work/v2superbikeshed/Trikeshed/src/commonMain/kotlin/borg/trikeshed/lib/ColumnarExtensions.kt:162:48 Cannot infer type for this parameter. Specify it explicitly.
e: file:///Users/jim/work/v2superbikeshed/Trikeshed/src/commonMain/kotlin/borg/trikeshed/lib/ColumnarExtensions.kt:162:51 Cannot infer type for this parameter. Specify it explicitly.
e: file:///Users/jim/work/v2superbikeshed/Trikeshed/src/commonMain/kotlin/borg/trikeshed/lib/ColumnarExtensions.kt:162:64 Cannot infer type for this parameter. Specify it explicitly.
e: file:///Users/jim/work/v2superbikeshed/Trikeshed/src/commonMain/kotlin/borg/trikeshed/lib/ColumnarExtensions.kt:162:64 Unresolved reference. None of the following candidates is applicable because of a receiver type mismatch:
fun <A, B> A.to(that: B): Pair<A, B>
e: file:///Users/jim/work/v2superbikeshed/Trikeshed/src/commonMain/kotlin/borg/trikeshed/lib/ColumnarExtensions.kt:163:56 Unresolved reference. None of the following candidates is applicable because of a receiver type mismatch:
fun Join<Int, Function1<Int, Int>>.toIntArray(): IntArray
e: file:///Users/jim/work/v2superbikeshed/Trikeshed/src/commonMain/kotlin/borg/trikeshed/lib/ColumnarExtensions.kt:183:16 Cannot inline 'transform: (Join<Int, Function1<Int, Join<Any?, TypeMemento>>>) -> Join<Int, Function1<Int, Join<Any?, TypeMemento>>>' here: it might contain non-local returns. Add 'crossinline' modifier to parameter declaration 'transform: (Join<Int, Function1<Int, Join<Any?, TypeMemento>>>) -> Join<Int, Function1<Int, Join<Any?, TypeMemento>>>'.
e: file:///Users/jim/work/v2superbikeshed/Trikeshed/src/commonMain/kotlin/borg/trikeshed/lib/ColumnarExtensions.kt:390:33 Unresolved reference 'b1'.
e: file:///Users/jim/work/v2superbikeshed/Trikeshed/src/commonMain/kotlin/borg/trikeshed/lib/ColumnarExtensions.kt:391:36 Unresolved reference 'b2'.
e: file:///Users/jim/work/v2superbikeshed/Trikeshed/src/commonMain/kotlin/borg/trikeshed/lib/ColumnarExtensions.kt:406:29 Unresolved reference 'b1'.
e: file:///Users/jim/work/v2superbikeshed/Trikeshed/src/commonMain/kotlin/borg/trikeshed/lib/ColumnarExtensions.kt:407:32 Unresolved reference 'b2'.
e: file:///Users/jim/work/v2superbikeshed/Trikeshed/src/commonMain/kotlin/borg/trikeshed/lib/ColumnarExtensions.kt:441:60 Cannot infer type for this parameter. Specify it explicitly.
e: file:///Users/jim/work/v2superbikeshed/Trikeshed/src/commonMain/kotlin/borg/trikeshed/lib/ColumnarExtensions.kt:441:60 Not enough information to infer type argument for 'B'.
e: file:///Users/jim/work/v2superbikeshed/Trikeshed/src/commonMain/kotlin/borg/trikeshed/lib/ColumnarExtensions.kt:441:64 Cannot infer type for this parameter. Specify it explicitly.
e: file:///Users/jim/work/v2superbikeshed/Trikeshed/src/commonMain/kotlin/borg/trikeshed/lib/ColumnarExtensions.kt:442:29 'operator' modifier is required on 'FirNamedFunctionSymbol kotlin/compareTo' in 'compareTo'.
e: file:///Users/jim/work/v2superbikeshed/Trikeshed/src/commonMain/kotlin/borg/trikeshed/lib/ColumnarExtensions.kt:442:73 Argument type mismatch: actual type is 'Join<Shape, Function1<Shape, Int>>', but 'Int' was expected.
e: file:///Users/jim/work/v2superbikeshed/Trikeshed/src/commonMain/kotlin/borg/trikeshed/lib/CommonTypeAliases.kt:5:11 Redeclaration:
typealias ByteIndexed = Join<Int, Function1<Int, Byte>>
e: file:///Users/jim/work/v2superbikeshed/Trikeshed/src/commonMain/kotlin/borg/trikeshed/lib/CommonTypeAliases.kt:6:11 Redeclaration:
typealias IntIndexed = Join<Int, Function1<Int, Int>>
e: file:///Users/jim/work/v2superbikeshed/Trikeshed/src/commonMain/kotlin/borg/trikeshed/lib/CoreTypes.kt:44:11 Redeclaration:
typealias RowVec = Join<Int, Function1<Int, Join<Any?, TypeMemento>>>
e: file:///Users/jim/work/v2superbikeshed/Trikeshed/src/commonMain/kotlin/borg/trikeshed/lib/CoreTypes.kt:114:64 None of the following candidates is applicable:
fun <K, V> mapOf(pair: Pair<K, V>): Map<K, V>
fun <K, V> mapOf(vararg pairs: Pair<K, V>): Map<K, V>
e: file:///Users/jim/work/v2superbikeshed/Trikeshed/src/commonMain/kotlin/borg/trikeshed/lib/CoreTypes.kt:119:14 Conflicting overloads:
fun <X, C, V : Join<Int, Function1<Int, X>>> V.α(crossinline xform: (X) -> C): Join<Int, Function1<Int, C>>
e: file:///Users/jim/work/v2superbikeshed/Trikeshed/src/commonMain/kotlin/borg/trikeshed/lib/CoreTypes.kt:144:61 None of the following candidates is applicable:
fun <T> Join<Int, Function1<Int, T>>.any(predicate: (T) -> Boolean): Boolean
fun <T> Array<out T>.any(): Boolean
fun ByteArray.any(): Boolean
fun ShortArray.any(): Boolean
fun IntArray.any(): Boolean
fun LongArray.any(): Boolean
fun FloatArray.any(): Boolean
fun DoubleArray.any(): Boolean
fun BooleanArray.any(): Boolean
fun CharArray.any(): Boolean
fun <T> Array<out T>.any(predicate: (T) -> Boolean): Boolean
fun ByteArray.any(predicate: (Byte) -> Boolean): Boolean
fun ShortArray.any(predicate: (Short) -> Boolean): Boolean
fun IntArray.any(predicate: (Int) -> Boolean): Boolean
fun LongArray.any(predicate: (Long) -> Boolean): Boolean
fun FloatArray.any(predicate: (Float) -> Boolean): Boolean
fun DoubleArray.any(predicate: (Double) -> Boolean): Boolean
fun BooleanArray.any(predicate: (Boolean) -> Boolean): Boolean
fun CharArray.any(predicate: (Char) -> Boolean): Boolean
fun <T> Iterable<T>.any(): Boolean
fun <T> Iterable<T>.any(predicate: (T) -> Boolean): Boolean
fun <K, V> Map<out K, V>.any(): Boolean
fun <K, V> Map<out K, V>.any(predicate: (Map.Entry<K, V>) -> Boolean): Boolean
fun UIntArray.any(): Boolean
fun ULongArray.any(): Boolean
fun UByteArray.any(): Boolean
fun UShortArray.any(): Boolean
fun UIntArray.any(predicate: (UInt) -> Boolean): Boolean
fun ULongArray.any(predicate: (ULong) -> Boolean): Boolean
fun UByteArray.any(predicate: (UByte) -> Boolean): Boolean
fun UShortArray.any(predicate: (UShort) -> Boolean): Boolean
fun <T> Sequence<T>.any(): Boolean
fun <T> Sequence<T>.any(predicate: (T) -> Boolean): Boolean
fun CharSequence.any(): Boolean
fun CharSequence.any(predicate: (Char) -> Boolean): Boolean
e: file:///Users/jim/work/v2superbikeshed/Trikeshed/src/commonMain/kotlin/borg/trikeshed/lib/CoreTypes.kt:144:67 Unresolved reference 'it'.
e: file:///Users/jim/work/v2superbikeshed/Trikeshed/src/commonMain/kotlin/borg/trikeshed/lib/CoreTypes.kt:190:1 Conflicting overloads:
fun ByteArray.toIndexed(): Join<Int, Function1<Int, Byte>>
fun ByteArray.toIndexed(): Join<Int, Function1<Int, Byte>>
e: file:///Users/jim/work/v2superbikeshed/Trikeshed/src/commonMain/kotlin/borg/trikeshed/lib/CoreTypes.kt:192:13 Annotation argument must be a compile-time constant.
e: file:///Users/jim/work/v2superbikeshed/Trikeshed/src/commonMain/kotlin/borg/trikeshed/lib/CoreTypes.kt:192:75 Unresolved reference 'it'.
e: file:///Users/jim/work/v2superbikeshed/Trikeshed/src/commonMain/kotlin/borg/trikeshed/lib/CoreTypes.kt:193:6 Type parameter of a property must be used in its receiver type.
e: file:///Users/jim/work/v2superbikeshed/Trikeshed/src/commonMain/kotlin/borg/trikeshed/lib/CoreTypes.kt:196:45 Overload resolution ambiguity between candidates:
fun ByteArray.toIndexed(): Join<Int, Function1<Int, Byte>>
fun <T> Any.toIndexed(): Join<Int, Function1<Int, T>>
fun ByteArray.toIndexed(): Join<Int, Function1<Int, Byte>>
e: file:///Users/jim/work/v2superbikeshed/Trikeshed/src/commonMain/kotlin/borg/trikeshed/lib/PackingStrategies.kt:310:17 Unresolved reference 'isArray'.
e: file:///Users/jim/work/v2superbikeshed/Trikeshed/src/commonMain/kotlin/borg/trikeshed/lib/PackingStrategies.kt:316:17 Unresolved reference 'isArray'.
e: file:///Users/jim/work/v2superbikeshed/Trikeshed/src/commonMain/kotlin/borg/trikeshed/lib/PackingStrategies.kt:332:17 Unresolved reference 'isArray'.
e: file:///Users/jim/work/v2superbikeshed/Trikeshed/src/commonMain/kotlin/borg/trikeshed/lib/PackingStrategies.kt:637:9 'when' expression must be exhaustive. Add the 'ADAPTIVE' branch or an 'else' branch.
e: file:///Users/jim/work/v2superbikeshed/Trikeshed/src/commonMain/kotlin/borg/trikeshed/lib/PackingStrategies.kt:637:9 Argument type mismatch: actual type is 'Unit', but 'Function2<Any?, Any?, Boolean>' was expected.
e: file:///Users/jim/work/v2superbikeshed/Trikeshed/src/commonMain/kotlin/borg/trikeshed/lib/PackingStrategies.kt:637:9 Not enough information to infer type argument for 'K'.
e: file:///Users/jim/work/v2superbikeshed/Trikeshed/src/commonMain/kotlin/borg/trikeshed/lib/PackingStrategies.kt:638:42 Cannot infer type for this parameter. Specify it explicitly.
e: file:///Users/jim/work/v2superbikeshed/Trikeshed/src/commonMain/kotlin/borg/trikeshed/lib/PackingStrategies.kt:638:45 Cannot infer type for this parameter. Specify it explicitly.
e: file:///Users/jim/work/v2superbikeshed/Trikeshed/src/commonMain/kotlin/borg/trikeshed/lib/PackingStrategies.kt:638:50 Cannot infer type for this parameter. Specify it explicitly.
e: file:///Users/jim/work/v2superbikeshed/Trikeshed/src/commonMain/kotlin/borg/trikeshed/lib/PackingStrategies.kt:639:43 Cannot infer type for this parameter. Specify it explicitly.
e: file:///Users/jim/work/v2superbikeshed/Trikeshed/src/commonMain/kotlin/borg/trikeshed/lib/PackingStrategies.kt:639:46 Cannot infer type for this parameter. Specify it explicitly.
e: file:///Users/jim/work/v2superbikeshed/Trikeshed/src/commonMain/kotlin/borg/trikeshed/lib/PackingStrategies.kt:639:51 Cannot infer type for this parameter. Specify it explicitly.
e: file:///Users/jim/work/v2superbikeshed/Trikeshed/src/commonMain/kotlin/borg/trikeshed/lib/PackingStrategies.kt:639:76 Cannot infer type for this parameter. Specify it explicitly.
e: file:///Users/jim/work/v2superbikeshed/Trikeshed/src/commonMain/kotlin/borg/trikeshed/lib/PackingStrategies.kt:640:45 Cannot infer type for this parameter. Specify it explicitly.
e: file:///Users/jim/work/v2superbikeshed/Trikeshed/src/commonMain/kotlin/borg/trikeshed/lib/PackingStrategies.kt:640:48 Cannot infer type for this parameter. Specify it explicitly.
e: file:///Users/jim/work/v2superbikeshed/Trikeshed/src/commonMain/kotlin/borg/trikeshed/lib/PackingStrategies.kt:640:53 Cannot infer type for this parameter. Specify it explicitly.
e: file:///Users/jim/work/v2superbikeshed/Trikeshed/src/commonMain/kotlin/borg/trikeshed/lib/PackingStrategies.kt:640:77 Cannot infer type for this parameter. Specify it explicitly.
e: file:///Users/jim/work/v2superbikeshed/Trikeshed/src/commonMain/kotlin/borg/trikeshed/lib/PackingStrategies.kt:641:29 Unresolved reference 'EXPERIMENTAL'.
e: file:///Users/jim/work/v2superbikeshed/Trikeshed/src/commonMain/kotlin/borg/trikeshed/lib/PackingStrategies.kt:641:47 Cannot infer type for this parameter. Specify it explicitly.
e: file:///Users/jim/work/v2superbikeshed/Trikeshed/src/commonMain/kotlin/borg/trikeshed/lib/PackingStrategies.kt:641:50 Cannot infer type for this parameter. Specify it explicitly.
e: file:///Users/jim/work/v2superbikeshed/Trikeshed/src/commonMain/kotlin/borg/trikeshed/lib/PackingStrategies.kt:647:5 Type mismatch: inferred type is 'Join<Int, Int>', but 'Join<Any?, Any?>' was expected.
e: file:///Users/jim/work/v2superbikeshed/Trikeshed/src/commonMain/kotlin/borg/trikeshed/lib/PackingStrategies.kt:667:5 Type mismatch: inferred type is 'Join<Int, Int>', but 'Join<Any?, Any?>' was expected.
e: file:///Users/jim/work/v2superbikeshed/Trikeshed/src/commonMain/kotlin/borg/trikeshed/lib/PackingStrategies.kt:681:5 Type mismatch: inferred type is 'Join<Int, Int>', but 'Join<Any?, Any?>' was expected.
e: file:///Users/jim/work/v2superbikeshed/Trikeshed/src/commonMain/kotlin/borg/trikeshed/lib/PackingStrategies.kt:684:19 Unresolved reference 'a'.
e: file:///Users/jim/work/v2superbikeshed/Trikeshed/src/commonMain/kotlin/borg/trikeshed/lib/PackingStrategies.kt:686:18 Cannot check for instance of erased type 'Join<Int, Function1<Int, *>>'.
e: file:///Users/jim/work/v2superbikeshed/Trikeshed/src/commonMain/kotlin/borg/trikeshed/lib/PackingStrategies.kt:695:5 Type mismatch: inferred type is 'Join<Int, Int>', but 'Join<Any?, Any?>' was expected.
e: file:///Users/jim/work/v2superbikeshed/Trikeshed/src/commonMain/kotlin/borg/trikeshed/lib/PackingStrategies.kt:698:19 Unresolved reference 'a'.
e: file:///Users/jim/work/v2superbikeshed/Trikeshed/src/commonMain/kotlin/borg/trikeshed/lib/PackingStrategies.kt:700:18 Cannot check for instance of erased type 'Join<Int, Function1<Int, *>>'.
e: file:///Users/jim/work/v2superbikeshed/Trikeshed/src/commonMain/kotlin/borg/trikeshed/lib/PackingStrategies.kt:709:5 Type mismatch: inferred type is 'Join<Int, Int>', but 'Join<Any?, Any?>' was expected.
e: file:///Users/jim/work/v2superbikeshed/Trikeshed/src/commonMain/kotlin/borg/trikeshed/lib/PackingStrategies.kt:712:19 Unresolved reference 'a'.
e: file:///Users/jim/work/v2superbikeshed/Trikeshed/src/commonMain/kotlin/borg/trikeshed/lib/PackingStrategies.kt:712:38 Unresolved reference 'a'.
e: file:///Users/jim/work/v2superbikeshed/Trikeshed/src/commonMain/kotlin/borg/trikeshed/lib/PackingStrategies.kt:712:44 Unresolved reference 'a'.
e: file:///Users/jim/work/v2superbikeshed/Trikeshed/src/commonMain/kotlin/borg/trikeshed/lib/PackingStrategies.kt:714:18 Cannot check for instance of erased type 'Join<Int, Function1<Int, *>>'.
e: file:///Users/jim/work/v2superbikeshed/Trikeshed/src/commonMain/kotlin/borg/trikeshed/lib/PackingStrategies.kt:716:77 Unresolved reference 'a'.
e: file:///Users/jim/work/v2superbikeshed/Trikeshed/src/commonMain/kotlin/borg/trikeshed/lib/PackingStrategies.kt:726:5 Type mismatch: inferred type is 'Join<Int, Int>', but 'Join<Any?, Any?>' was expected.
e: file:///Users/jim/work/v2superbikeshed/Trikeshed/src/commonMain/kotlin/borg/trikeshed/lib/PackingStrategies.kt:729:19 Unresolved reference 'a'.
e: file:///Users/jim/work/v2superbikeshed/Trikeshed/src/commonMain/kotlin/borg/trikeshed/lib/PackingStrategies.kt:729:39 Unresolved reference 'a'.
e: file:///Users/jim/work/v2superbikeshed/Trikeshed/src/commonMain/kotlin/borg/trikeshed/lib/PackingStrategies.kt:731:18 Cannot check for instance of erased type 'Join<Int, Function1<Int, *>>'.
e: file:///Users/jim/work/v2superbikeshed/Trikeshed/src/commonMain/kotlin/borg/trikeshed/lib/PackingStrategies.kt:732:67 Unresolved reference 'a'.
e: file:///Users/jim/work/v2superbikeshed/Trikeshed/src/commonMain/kotlin/borg/trikeshed/lib/PackingStrategies.kt:739:92 2 type arguments expected for interface PackedResult<A, B> : Join<A, B>.
e: file:///Users/jim/work/v2superbikeshed/Trikeshed/src/commonMain/kotlin/borg/trikeshed/lib/PackingStrategies.kt:741:9 'when' expression must be exhaustive. Add the 'ADAPTIVE' branch or an 'else' branch.
e: file:///Users/jim/work/v2superbikeshed/Trikeshed/src/commonMain/kotlin/borg/trikeshed/lib/PackingStrategies.kt:741:9 Argument type mismatch: actual type is 'Unit', but 'Function2<Any?, Any?, Either<Any, ERROR CLASS: Wrong number of type arguments>>' was expected.
e: file:///Users/jim/work/v2superbikeshed/Trikeshed/src/commonMain/kotlin/borg/trikeshed/lib/PackingStrategies.kt:741:9 Not enough information to infer type argument for 'K'.
e: file:///Users/jim/work/v2superbikeshed/Trikeshed/src/commonMain/kotlin/borg/trikeshed/lib/PackingStrategies.kt:742:42 Cannot infer type for this parameter. Specify it explicitly.
e: file:///Users/jim/work/v2superbikeshed/Trikeshed/src/commonMain/kotlin/borg/trikeshed/lib/PackingStrategies.kt:742:45 Cannot infer type for this parameter. Specify it explicitly.
e: file:///Users/jim/work/v2superbikeshed/Trikeshed/src/commonMain/kotlin/borg/trikeshed/lib/PackingStrategies.kt:743:21 Cannot infer type for this parameter. Specify it explicitly.
e: file:///Users/jim/work/v2superbikeshed/Trikeshed/src/commonMain/kotlin/borg/trikeshed/lib/PackingStrategies.kt:743:72 Unresolved reference 'packDiagonal'.
e: file:///Users/jim/work/v2superbikeshed/Trikeshed/src/commonMain/kotlin/borg/trikeshed/lib/PackingStrategies.kt:746:43 Cannot infer type for this parameter. Specify it explicitly.
e: file:///Users/jim/work/v2superbikeshed/Trikeshed/src/commonMain/kotlin/borg/trikeshed/lib/PackingStrategies.kt:746:46 Cannot infer type for this parameter. Specify it explicitly.
e: file:///Users/jim/work/v2superbikeshed/Trikeshed/src/commonMain/kotlin/borg/trikeshed/lib/PackingStrategies.kt:748:21 Cannot infer type for this parameter. Specify it explicitly.
e: file:///Users/jim/work/v2superbikeshed/Trikeshed/src/commonMain/kotlin/borg/trikeshed/lib/PackingStrategies.kt:748:46 Unresolved reference 'packPrefixed'.
e: file:///Users/jim/work/v2superbikeshed/Trikeshed/src/commonMain/kotlin/borg/trikeshed/lib/PackingStrategies.kt:748:46 Argument type mismatch: actual type is 'R (of fun <T, R> T.let)', but 'K (of fun <K> WHEN_CALL)' was expected.
e: file:///Users/jim/work/v2superbikeshed/Trikeshed/src/commonMain/kotlin/borg/trikeshed/lib/PackingStrategies.kt:748:65 Cannot infer type for this parameter. Specify it explicitly.
e: file:///Users/jim/work/v2superbikeshed/Trikeshed/src/commonMain/kotlin/borg/trikeshed/lib/PackingStrategies.kt:748:69 Cannot infer type for this parameter. Specify it explicitly.
e: file:///Users/jim/work/v2superbikeshed/Trikeshed/src/commonMain/kotlin/borg/trikeshed/lib/PackingStrategies.kt:748:102 Function invocation 'first()' expected.
e: file:///Users/jim/work/v2superbikeshed/Trikeshed/src/commonMain/kotlin/borg/trikeshed/lib/PackingStrategies.kt:748:112 Unresolved reference 'second'.
e: file:///Users/jim/work/v2superbikeshed/Trikeshed/src/commonMain/kotlin/borg/trikeshed/lib/PackingStrategies.kt:749:21 Cannot infer type for this parameter. Specify it explicitly.
e: file:///Users/jim/work/v2superbikeshed/Trikeshed/src/commonMain/kotlin/borg/trikeshed/lib/PackingStrategies.kt:749:49 Unresolved reference 'packRangeOffset'.
e: file:///Users/jim/work/v2superbikeshed/Trikeshed/src/commonMain/kotlin/borg/trikeshed/lib/PackingStrategies.kt:749:49 Argument type mismatch: actual type is 'R (of fun <T, R> T.let)', but 'K (of fun <K> WHEN_CALL)' was expected.
e: file:///Users/jim/work/v2superbikeshed/Trikeshed/src/commonMain/kotlin/borg/trikeshed/lib/PackingStrategies.kt:749:71 Cannot infer type for this parameter. Specify it explicitly.
e: file:///Users/jim/work/v2superbikeshed/Trikeshed/src/commonMain/kotlin/borg/trikeshed/lib/PackingStrategies.kt:749:75 Cannot infer type for this parameter. Specify it explicitly.
e: file:///Users/jim/work/v2superbikeshed/Trikeshed/src/commonMain/kotlin/borg/trikeshed/lib/PackingStrategies.kt:749:111 Function invocation 'first()' expected.
e: file:///Users/jim/work/v2superbikeshed/Trikeshed/src/commonMain/kotlin/borg/trikeshed/lib/PackingStrategies.kt:749:121 Unresolved reference 'second'.
e: file:///Users/jim/work/v2superbikeshed/Trikeshed/src/commonMain/kotlin/borg/trikeshed/lib/PackingStrategies.kt:750:21 Cannot infer type for this parameter. Specify it explicitly.
e: file:///Users/jim/work/v2superbikeshed/Trikeshed/src/commonMain/kotlin/borg/trikeshed/lib/PackingStrategies.kt:750:55 Unresolved reference 'packRelativeIncrement'.
e: file:///Users/jim/work/v2superbikeshed/Trikeshed/src/commonMain/kotlin/borg/trikeshed/lib/PackingStrategies.kt:750:55 Argument type mismatch: actual type is 'R (of fun <T, R> T.let)', but 'K (of fun <K> WHEN_CALL)' was expected.
e: file:///Users/jim/work/v2superbikeshed/Trikeshed/src/commonMain/kotlin/borg/trikeshed/lib/PackingStrategies.kt:750:83 Cannot infer type for this parameter. Specify it explicitly.
e: file:///Users/jim/work/v2superbikeshed/Trikeshed/src/commonMain/kotlin/borg/trikeshed/lib/PackingStrategies.kt:750:87 Cannot infer type for this parameter. Specify it explicitly.
e: file:///Users/jim/work/v2superbikeshed/Trikeshed/src/commonMain/kotlin/borg/trikeshed/lib/PackingStrategies.kt:750:129 Function invocation 'first()' expected.
e: file:///Users/jim/work/v2superbikeshed/Trikeshed/src/commonMain/kotlin/borg/trikeshed/lib/PackingStrategies.kt:750:139 Unresolved reference 'second'.
e: file:///Users/jim/work/v2superbikeshed/Trikeshed/src/commonMain/kotlin/borg/trikeshed/lib/PackingStrategies.kt:751:29 Argument type mismatch: actual type is 'Either<String, Nothing>', but 'K (of fun <K> WHEN_CALL)' was expected.
e: file:///Users/jim/work/v2superbikeshed/Trikeshed/src/commonMain/kotlin/borg/trikeshed/lib/PackingStrategies.kt:754:45 Cannot infer type for this parameter. Specify it explicitly.
e: file:///Users/jim/work/v2superbikeshed/Trikeshed/src/commonMain/kotlin/borg/trikeshed/lib/PackingStrategies.kt:754:48 Cannot infer type for this parameter. Specify it explicitly.
e: file:///Users/jim/work/v2superbikeshed/Trikeshed/src/commonMain/kotlin/borg/trikeshed/lib/PackingStrategies.kt:756:21 Cannot infer type for this parameter. Specify it explicitly.
e: file:///Users/jim/work/v2superbikeshed/Trikeshed/src/commonMain/kotlin/borg/trikeshed/lib/PackingStrategies.kt:756:45 Unresolved reference 'packPalette'.
e: file:///Users/jim/work/v2superbikeshed/Trikeshed/src/commonMain/kotlin/borg/trikeshed/lib/PackingStrategies.kt:756:45 Argument type mismatch: actual type is 'R (of fun <T, R> T.let)', but 'K (of fun <K> WHEN_CALL)' was expected.
e: file:///Users/jim/work/v2superbikeshed/Trikeshed/src/commonMain/kotlin/borg/trikeshed/lib/PackingStrategies.kt:756:63 Cannot infer type for this parameter. Specify it explicitly.
e: file:///Users/jim/work/v2superbikeshed/Trikeshed/src/commonMain/kotlin/borg/trikeshed/lib/PackingStrategies.kt:756:67 Cannot infer type for this parameter. Specify it explicitly.
e: file:///Users/jim/work/v2superbikeshed/Trikeshed/src/commonMain/kotlin/borg/trikeshed/lib/PackingStrategies.kt:756:99 Function invocation 'first()' expected.
e: file:///Users/jim/work/v2superbikeshed/Trikeshed/src/commonMain/kotlin/borg/trikeshed/lib/PackingStrategies.kt:756:109 Unresolved reference 'second'.
e: file:///Users/jim/work/v2superbikeshed/Trikeshed/src/commonMain/kotlin/borg/trikeshed/lib/PackingStrategies.kt:757:21 Cannot infer type for this parameter. Specify it explicitly.
e: file:///Users/jim/work/v2superbikeshed/Trikeshed/src/commonMain/kotlin/borg/trikeshed/lib/PackingStrategies.kt:757:50 Unresolved reference 'packMultiCluster'.
e: file:///Users/jim/work/v2superbikeshed/Trikeshed/src/commonMain/kotlin/borg/trikeshed/lib/PackingStrategies.kt:757:50 Argument type mismatch: actual type is 'R (of fun <T, R> T.let)', but 'K (of fun <K> WHEN_CALL)' was expected.
e: file:///Users/jim/work/v2superbikeshed/Trikeshed/src/commonMain/kotlin/borg/trikeshed/lib/PackingStrategies.kt:757:73 Cannot infer type for this parameter. Specify it explicitly.
e: file:///Users/jim/work/v2superbikeshed/Trikeshed/src/commonMain/kotlin/borg/trikeshed/lib/PackingStrategies.kt:757:77 Cannot infer type for this parameter. Specify it explicitly.
e: file:///Users/jim/work/v2superbikeshed/Trikeshed/src/commonMain/kotlin/borg/trikeshed/lib/PackingStrategies.kt:757:114 Function invocation 'first()' expected.
e: file:///Users/jim/work/v2superbikeshed/Trikeshed/src/commonMain/kotlin/borg/trikeshed/lib/PackingStrategies.kt:757:124 Unresolved reference 'second'.
e: file:///Users/jim/work/v2superbikeshed/Trikeshed/src/commonMain/kotlin/borg/trikeshed/lib/PackingStrategies.kt:758:29 Argument type mismatch: actual type is 'Either<String, Nothing>', but 'K (of fun <K> WHEN_CALL)' was expected.
e: file:///Users/jim/work/v2superbikeshed/Trikeshed/src/commonMain/kotlin/borg/trikeshed/lib/PackingStrategies.kt:761:29 Unresolved reference 'EXPERIMENTAL'.
e: file:///Users/jim/work/v2superbikeshed/Trikeshed/src/commonMain/kotlin/borg/trikeshed/lib/PackingStrategies.kt:761:47 Cannot infer type for this parameter. Specify it explicitly.
e: file:///Users/jim/work/v2superbikeshed/Trikeshed/src/commonMain/kotlin/borg/trikeshed/lib/PackingStrategies.kt:761:50 Cannot infer type for this parameter. Specify it explicitly.
e: file:///Users/jim/work/v2superbikeshed/Trikeshed/src/commonMain/kotlin/borg/trikeshed/lib/PackingStrategies.kt:764:21 Cannot infer type for this parameter. Specify it explicitly.
e: file:///Users/jim/work/v2superbikeshed/Trikeshed/src/commonMain/kotlin/borg/trikeshed/lib/PackingStrategies.kt:764:46 Argument type mismatch: actual type is 'Either<Nothing, DiagonalPacked>', but 'K (of fun <K> WHEN_CALL)' was expected.
e: file:///Users/jim/work/v2superbikeshed/Trikeshed/src/commonMain/kotlin/borg/trikeshed/lib/PackingStrategies.kt:764:74 Unresolved reference 'packDiagonal'.
e: file:///Users/jim/work/v2superbikeshed/Trikeshed/src/commonMain/kotlin/borg/trikeshed/lib/PackingStrategies.kt:765:21 Cannot infer type for this parameter. Specify it explicitly.
e: file:///Users/jim/work/v2superbikeshed/Trikeshed/src/commonMain/kotlin/borg/trikeshed/lib/PackingStrategies.kt:765:46 Unresolved reference 'packPrefixed'.
e: file:///Users/jim/work/v2superbikeshed/Trikeshed/src/commonMain/kotlin/borg/trikeshed/lib/PackingStrategies.kt:765:46 Argument type mismatch: actual type is 'R (of fun <T, R> T.let)', but 'K (of fun <K> WHEN_CALL)' was expected.
e: file:///Users/jim/work/v2superbikeshed/Trikeshed/src/commonMain/kotlin/borg/trikeshed/lib/PackingStrategies.kt:765:65 Cannot infer type for this parameter. Specify it explicitly.
e: file:///Users/jim/work/v2superbikeshed/Trikeshed/src/commonMain/kotlin/borg/trikeshed/lib/PackingStrategies.kt:765:69 Cannot infer type for this parameter. Specify it explicitly.
e: file:///Users/jim/work/v2superbikeshed/Trikeshed/src/commonMain/kotlin/borg/trikeshed/lib/PackingStrategies.kt:765:102 Function invocation 'first()' expected.
e: file:///Users/jim/work/v2superbikeshed/Trikeshed/src/commonMain/kotlin/borg/trikeshed/lib/PackingStrategies.kt:765:112 Unresolved reference 'second'.
e: file:///Users/jim/work/v2superbikeshed/Trikeshed/src/commonMain/kotlin/borg/trikeshed/lib/PackingStrategies.kt:766:21 Cannot infer type for this parameter. Specify it explicitly.
e: file:///Users/jim/work/v2superbikeshed/Trikeshed/src/commonMain/kotlin/borg/trikeshed/lib/PackingStrategies.kt:766:49 Unresolved reference 'packRangeOffset'.
e: file:///Users/jim/work/v2superbikeshed/Trikeshed/src/commonMain/kotlin/borg/trikeshed/lib/PackingStrategies.kt:766:49 Argument type mismatch: actual type is 'R (of fun <T, R> T.let)', but 'K (of fun <K> WHEN_CALL)' was expected.
e: file:///Users/jim/work/v2superbikeshed/Trikeshed/src/commonMain/kotlin/borg/trikeshed/lib/PackingStrategies.kt:766:71 Cannot infer type for this parameter. Specify it explicitly.
e: file:///Users/jim/work/v2superbikeshed/Trikeshed/src/commonMain/kotlin/borg/trikeshed/lib/PackingStrategies.kt:766:75 Cannot infer type for this parameter. Specify it explicitly.
e: file:///Users/jim/work/v2superbikeshed/Trikeshed/src/commonMain/kotlin/borg/trikeshed/lib/PackingStrategies.kt:766:111 Function invocation 'first()' expected.
e: file:///Users/jim/work/v2superbikeshed/Trikeshed/src/commonMain/kotlin/borg/trikeshed/lib/PackingStrategies.kt:766:121 Unresolved reference 'second'.
e: file:///Users/jim/work/v2superbikeshed/Trikeshed/src/commonMain/kotlin/borg/trikeshed/lib/PackingStrategies.kt:767:21 Cannot infer type for this parameter. Specify it explicitly.
e: file:///Users/jim/work/v2superbikeshed/Trikeshed/src/commonMain/kotlin/borg/trikeshed/lib/PackingStrategies.kt:767:55 Unresolved reference 'packRelativeIncrement'.
e: file:///Users/jim/work/v2superbikeshed/Trikeshed/src/commonMain/kotlin/borg/trikeshed/lib/PackingStrategies.kt:767:55 Argument type mismatch: actual type is 'R (of fun <T, R> T.let)', but 'K (of fun <K> WHEN_CALL)' was expected.
e: file:///Users/jim/work/v2superbikeshed/Trikeshed/src/commonMain/kotlin/borg/trikeshed/lib/PackingStrategies.kt:767:83 Cannot infer type for this parameter. Specify it explicitly.
e: file:///Users/jim/work/v2superbikeshed/Trikeshed/src/commonMain/kotlin/borg/trikeshed/lib/PackingStrategies.kt:767:87 Cannot infer type for this parameter. Specify it explicitly.
e: file:///Users/jim/work/v2superbikeshed/Trikeshed/src/commonMain/kotlin/borg/trikeshed/lib/PackingStrategies.kt:767:129 Function invocation 'first()' expected.
e: file:///Users/jim/work/v2superbikeshed/Trikeshed/src/commonMain/kotlin/borg/trikeshed/lib/PackingStrategies.kt:767:139 Unresolved reference 'second'.
e: file:///Users/jim/work/v2superbikeshed/Trikeshed/src/commonMain/kotlin/borg/trikeshed/lib/PackingStrategies.kt:768:21 Cannot infer type for this parameter. Specify it explicitly.
e: file:///Users/jim/work/v2superbikeshed/Trikeshed/src/commonMain/kotlin/borg/trikeshed/lib/PackingStrategies.kt:768:45 Unresolved reference 'packPalette'.
e: file:///Users/jim/work/v2superbikeshed/Trikeshed/src/commonMain/kotlin/borg/trikeshed/lib/PackingStrategies.kt:768:45 Argument type mismatch: actual type is 'R (of fun <T, R> T.let)', but 'K (of fun <K> WHEN_CALL)' was expected.
e: file:///Users/jim/work/v2superbikeshed/Trikeshed/src/commonMain/kotlin/borg/trikeshed/lib/PackingStrategies.kt:768:63 Cannot infer type for this parameter. Specify it explicitly.
e: file:///Users/jim/work/v2superbikeshed/Trikeshed/src/commonMain/kotlin/borg/trikeshed/lib/PackingStrategies.kt:768:67 Cannot infer type for this parameter. Specify it explicitly.
e: file:///Users/jim/work/v2superbikeshed/Trikeshed/src/commonMain/kotlin/borg/trikeshed/lib/PackingStrategies.kt:768:99 Function invocation 'first()' expected.
e: file:///Users/jim/work/v2superbikeshed/Trikeshed/src/commonMain/kotlin/borg/trikeshed/lib/PackingStrategies.kt:768:109 Unresolved reference 'second'.
e: file:///Users/jim/work/v2superbikeshed/Trikeshed/src/commonMain/kotlin/borg/trikeshed/lib/PackingStrategies.kt:769:21 Cannot infer type for this parameter. Specify it explicitly.
e: file:///Users/jim/work/v2superbikeshed/Trikeshed/src/commonMain/kotlin/borg/trikeshed/lib/PackingStrategies.kt:769:50 Unresolved reference 'packMultiCluster'.
e: file:///Users/jim/work/v2superbikeshed/Trikeshed/src/commonMain/kotlin/borg/trikeshed/lib/PackingStrategies.kt:769:50 Argument type mismatch: actual type is 'R (of fun <T, R> T.let)', but 'K (of fun <K> WHEN_CALL)' was expected.
e: file:///Users/jim/work/v2superbikeshed/Trikeshed/src/commonMain/kotlin/borg/trikeshed/lib/PackingStrategies.kt:769:73 Cannot infer type for this parameter. Specify it explicitly.
e: file:///Users/jim/work/v2superbikeshed/Trikeshed/src/commonMain/kotlin/borg/trikeshed/lib/PackingStrategies.kt:769:77 Cannot infer type for this parameter. Specify it explicitly.
e: file:///Users/jim/work/v2superbikeshed/Trikeshed/src/commonMain/kotlin/borg/trikeshed/lib/PackingStrategies.kt:769:114 Function invocation 'first()' expected.
e: file:///Users/jim/work/v2superbikeshed/Trikeshed/src/commonMain/kotlin/borg/trikeshed/lib/PackingStrategies.kt:769:124 Unresolved reference 'second'.
e: file:///Users/jim/work/v2superbikeshed/Trikeshed/src/commonMain/kotlin/borg/trikeshed/lib/PackingStrategies.kt:770:29 Argument type mismatch: actual type is 'Either<String, Nothing>', but 'K (of fun <K> WHEN_CALL)' was expected.
e: file:///Users/jim/work/v2superbikeshed/Trikeshed/src/commonMain/kotlin/borg/trikeshed/lib/SafeStringExample.kt:17:37 Unresolved reference 'CharIndexed'.
e: file:///Users/jim/work/v2superbikeshed/Trikeshed/src/commonMain/kotlin/borg/trikeshed/lib/SafeStringExample.kt:21:46 Argument type mismatch: actual type is 'Boolean', but 'Int' was expected.
e: file:///Users/jim/work/v2superbikeshed/Trikeshed/src/commonMain/kotlin/borg/trikeshed/lib/SafeStringExample.kt:25:44 Argument type mismatch: actual type is 'Boolean', but 'Int' was expected.
e: file:///Users/jim/work/v2superbikeshed/Trikeshed/src/commonMain/kotlin/borg/trikeshed/lib/SafeStringExample.kt:29:47 Argument type mismatch: actual type is 'Boolean', but 'Int' was expected.
e: file:///Users/jim/work/v2superbikeshed/Trikeshed/src/commonMain/kotlin/borg/trikeshed/lib/SafeStringExample.kt:37:29 Unresolved reference 'CharIndexed'.
e: file:///Users/jim/work/v2superbikeshed/Trikeshed/src/commonMain/kotlin/borg/trikeshed/lib/SafeStringExample.kt:37:51 Unresolved reference 'CharIndexed'.
e: file:///Users/jim/work/v2superbikeshed/Trikeshed/src/commonMain/kotlin/borg/trikeshed/lib/SafeStringExample.kt:47:29 Unresolved reference 'CharIndexed'.
e: file:///Users/jim/work/v2superbikeshed/Trikeshed/src/commonMain/kotlin/borg/trikeshed/lib/SafeStringExample.kt:51:31 Cannot infer type for this parameter. Specify it explicitly.
e: file:///Users/jim/work/v2superbikeshed/Trikeshed/src/commonMain/kotlin/borg/trikeshed/lib/SafeStringExample.kt:51:31 Not enough information to infer type argument for 'T'.
e: file:///Users/jim/work/v2superbikeshed/Trikeshed/src/commonMain/kotlin/borg/trikeshed/lib/SafeStringExample.kt:58:30 Unresolved reference 'CharIndexed'.
e: file:///Users/jim/work/v2superbikeshed/Trikeshed/src/commonMain/kotlin/borg/trikeshed/lib/SafeStringExample.kt:58:44 Unresolved reference 'CharIndexed'.
e: file:///Users/jim/work/v2superbikeshed/Trikeshed/src/commonMain/kotlin/borg/trikeshed/lib/SafeStringExample.kt:70:17 Unresolved reference 'CharIndexed'.
e: file:///Users/jim/work/v2superbikeshed/Trikeshed/src/commonMain/kotlin/borg/trikeshed/lib/SafeStringExample.kt:71:15 Unresolved reference 'CharIndexed'.
e: file:///Users/jim/work/v2superbikeshed/Trikeshed/src/commonMain/kotlin/borg/trikeshed/lib/SafeStringExample.kt:72:18 Unresolved reference 'CharIndexed'.
e: file:///Users/jim/work/v2superbikeshed/Trikeshed/src/commonMain/kotlin/borg/trikeshed/lib/SafeStringExample.kt:78:37 Cannot infer type for this parameter. Specify it explicitly.
e: file:///Users/jim/work/v2superbikeshed/Trikeshed/src/commonMain/kotlin/borg/trikeshed/lib/SafeStringExample.kt:78:37 Not enough information to infer type argument for 'T'.
e: file:///Users/jim/work/v2superbikeshed/Trikeshed/src/commonMain/kotlin/borg/trikeshed/lib/SafeStringExample.kt:78:47 Cannot infer type for this parameter. Specify it explicitly.
e: file:///Users/jim/work/v2superbikeshed/Trikeshed/src/commonMain/kotlin/borg/trikeshed/lib/SafeStringExample.kt:78:47 Not enough information to infer type argument for 'T'.
e: file:///Users/jim/work/v2superbikeshed/Trikeshed/src/commonMain/kotlin/borg/trikeshed/lib/SafeStringExample.kt:79:22 Cannot infer type for this parameter. Specify it explicitly.
e: file:///Users/jim/work/v2superbikeshed/Trikeshed/src/commonMain/kotlin/borg/trikeshed/lib/SafeStringExample.kt:79:22 Not enough information to infer type argument for 'T'.
e: file:///Users/jim/work/v2superbikeshed/Trikeshed/src/commonMain/kotlin/borg/trikeshed/lib/SafeStringExample.kt:79:32 Cannot infer type for this parameter. Specify it explicitly.
e: file:///Users/jim/work/v2superbikeshed/Trikeshed/src/commonMain/kotlin/borg/trikeshed/lib/SafeStringExample.kt:79:32 Not enough information to infer type argument for 'T'.
e: file:///Users/jim/work/v2superbikeshed/Trikeshed/src/commonMain/kotlin/borg/trikeshed/lib/SafeStringExample.kt:80:28 Cannot infer type for this parameter. Specify it explicitly.
e: file:///Users/jim/work/v2superbikeshed/Trikeshed/src/commonMain/kotlin/borg/trikeshed/lib/SafeStringExample.kt:80:28 Not enough information to infer type argument for 'T'.
e: file:///Users/jim/work/v2superbikeshed/Trikeshed/src/commonMain/kotlin/borg/trikeshed/lib/SafeStringExample.kt:80:38 Cannot infer type for this parameter. Specify it explicitly.
e: file:///Users/jim/work/v2superbikeshed/Trikeshed/src/commonMain/kotlin/borg/trikeshed/lib/SafeStringExample.kt:80:38 Not enough information to infer type argument for 'T'.
e: file:///Users/jim/work/v2superbikeshed/Trikeshed/src/commonMain/kotlin/borg/trikeshed/lib/SafeStringExample.kt:87:5 Unresolved reference 'CharIndexed'.
e: file:///Users/jim/work/v2superbikeshed/Trikeshed/src/commonMain/kotlin/borg/trikeshed/lib/SafeStringExample.kt:87:50 Unresolved reference 'CharIndexed'.
e: file:///Users/jim/work/v2superbikeshed/Trikeshed/src/commonMain/kotlin/borg/trikeshed/lib/SafeStringExample.kt:88:39 Unresolved reference 'a'.
e: file:///Users/jim/work/v2superbikeshed/Trikeshed/src/commonMain/kotlin/borg/trikeshed/lib/SafeStringExample.kt:89:43 Unresolved reference 'a'.
e: file:///Users/jim/work/v2superbikeshed/Trikeshed/src/commonMain/kotlin/borg/trikeshed/lib/SafeStringExample.kt:90:34 Cannot infer type for this parameter. Specify it explicitly.
e: file:///Users/jim/work/v2superbikeshed/Trikeshed/src/commonMain/kotlin/borg/trikeshed/lib/SafeStringExample.kt:90:34 Not enough information to infer type argument for 'B'.
e: file:///Users/jim/work/v2superbikeshed/Trikeshed/src/commonMain/kotlin/borg/trikeshed/lib/SafeStringExample.kt:90:38 Cannot infer type for this parameter. Specify it explicitly.
e: file:///Users/jim/work/v2superbikeshed/Trikeshed/src/commonMain/kotlin/borg/trikeshed/lib/SafeStringExample.kt:90:43 Unresolved reference 'b'.
e: file:///Users/jim/work/v2superbikeshed/Trikeshed/src/commonMain/kotlin/borg/trikeshed/lib/SafeStringExample.kt:93:5 Unresolved reference 'CharIndexed'.
e: file:///Users/jim/work/v2superbikeshed/Trikeshed/src/commonMain/kotlin/borg/trikeshed/lib/SafeStringExample.kt:94:23 Unresolved reference 'a'.
e: file:///Users/jim/work/v2superbikeshed/Trikeshed/src/commonMain/kotlin/borg/trikeshed/lib/SafeStringExample.kt:95:13 Unresolved reference 'b'.
e: file:///Users/jim/work/v2superbikeshed/Trikeshed/src/commonMain/kotlin/borg/trikeshed/lib/SafeStringExample.kt:97:12 Unresolved reference 'a'.
e: file:///Users/jim/work/v2superbikeshed/Trikeshed/src/commonMain/kotlin/borg/trikeshed/lib/SafeStringExample.kt:100:5 Unresolved reference 'CharIndexed'.
e: file:///Users/jim/work/v2superbikeshed/Trikeshed/src/commonMain/kotlin/borg/trikeshed/lib/SafeStringExample.kt:100:36 Unresolved reference 'CharIndexed'.
e: file:///Users/jim/work/v2superbikeshed/Trikeshed/src/commonMain/kotlin/borg/trikeshed/lib/SafeStringExample.kt:101:16 Unresolved reference 'a'.
e: file:///Users/jim/work/v2superbikeshed/Trikeshed/src/commonMain/kotlin/borg/trikeshed/lib/SafeStringExample.kt:101:20 Unresolved reference 'a'.
e: file:///Users/jim/work/v2superbikeshed/Trikeshed/src/commonMain/kotlin/borg/trikeshed/lib/SafeStringExample.kt:102:30 Unresolved reference 'a'.
e: file:///Users/jim/work/v2superbikeshed/Trikeshed/src/commonMain/kotlin/borg/trikeshed/lib/SafeStringExample.kt:103:13 Unresolved reference 'b'.
e: file:///Users/jim/work/v2superbikeshed/Trikeshed/src/commonMain/kotlin/borg/trikeshed/lib/SafeStringExample.kt:108:5 Unresolved reference 'CharIndexed'.
e: file:///Users/jim/work/v2superbikeshed/Trikeshed/src/commonMain/kotlin/borg/trikeshed/lib/SafeStringExample.kt:108:53 Unresolved reference 'CharIndexed'.
e: file:///Users/jim/work/v2superbikeshed/Trikeshed/src/commonMain/kotlin/borg/trikeshed/lib/SafeStringExample.kt:112:23 Unresolved reference 'a'.
e: file:///Users/jim/work/v2superbikeshed/Trikeshed/src/commonMain/kotlin/borg/trikeshed/lib/SafeStringExample.kt:113:13 Unresolved reference 'b'.
e: file:///Users/jim/work/v2superbikeshed/Trikeshed/src/commonMain/kotlin/borg/trikeshed/lib/SafeStringExample.kt:117:35 Unresolved reference 'CharIndexed'.
e: file:///Users/jim/work/v2superbikeshed/Trikeshed/src/commonMain/kotlin/borg/trikeshed/lib/SafeStringExample.kt:119:62 Unresolved reference 'a'.
e: file:///Users/jim/work/v2superbikeshed/Trikeshed/src/commonMain/kotlin/borg/trikeshed/lib/SafeStringExample.kt:120:37 Cannot infer type for this parameter. Specify it explicitly.
e: file:///Users/jim/work/v2superbikeshed/Trikeshed/src/commonMain/kotlin/borg/trikeshed/lib/SafeStringExample.kt:120:37 Not enough information to infer type argument for 'B'.
e: file:///Users/jim/work/v2superbikeshed/Trikeshed/src/commonMain/kotlin/borg/trikeshed/lib/SafeStringExample.kt:120:41 Cannot infer type for this parameter. Specify it explicitly.
e: file:///Users/jim/work/v2superbikeshed/Trikeshed/src/commonMain/kotlin/borg/trikeshed/lib/SafeStringExample.kt:120:46 Unresolved reference 'b'.
e: file:///Users/jim/work/v2superbikeshed/Trikeshed/src/commonMain/kotlin/borg/trikeshed/lib/SafeStringExample.kt:124:5 Unresolved reference 'CharIndexed'.
e: file:///Users/jim/work/v2superbikeshed/Trikeshed/src/commonMain/kotlin/borg/trikeshed/lib/SafeStringExample.kt:124:30 Unresolved reference 'CharIndexed'.
e: file:///Users/jim/work/v2superbikeshed/Trikeshed/src/commonMain/kotlin/borg/trikeshed/lib/SafeStringExample.kt:127:19 Unresolved reference 'a'.
e: file:///Users/jim/work/v2superbikeshed/Trikeshed/src/commonMain/kotlin/borg/trikeshed/lib/SafeStringExample.kt:130:31 Unresolved reference 'b'.
e: file:///Users/jim/work/v2superbikeshed/Trikeshed/src/commonMain/kotlin/borg/trikeshed/lib/SafeStringExample.kt:133:31 Unresolved reference 'b'.
e: file:///Users/jim/work/v2superbikeshed/Trikeshed/src/commonMain/kotlin/borg/trikeshed/lib/SafeStringExample.kt:133:61 Unresolved reference 'a'.
e: file:///Users/jim/work/v2superbikeshed/Trikeshed/src/commonMain/kotlin/borg/trikeshed/lib/SafeStringExample.kt:135:30 Cannot infer type for this parameter. Specify it explicitly.
e: file:///Users/jim/work/v2superbikeshed/Trikeshed/src/commonMain/kotlin/borg/trikeshed/lib/SafeStringExample.kt:135:30 Not enough information to infer type argument for 'B'.
e: file:///Users/jim/work/v2superbikeshed/Trikeshed/src/commonMain/kotlin/borg/trikeshed/lib/SafeStringExample.kt:135:34 Cannot infer type for this parameter. Specify it explicitly.
e: file:///Users/jim/work/v2superbikeshed/Trikeshed/src/commonMain/kotlin/borg/trikeshed/lib/SafeStringExample.kt:135:39 Unresolved reference 'b'.
e: file:///Users/jim/work/v2superbikeshed/Trikeshed/src/commonMain/kotlin/borg/trikeshed/lib/Tensor.kt:8:50 Return type mismatch: expected 'IntArray', actual 'Shape'.
e: file:///Users/jim/work/v2superbikeshed/Trikeshed/src/commonMain/kotlin/borg/trikeshed/lib/Tensor.kt:9:60 Return type mismatch: expected 'Function1<IntArray, T (of val <T> Join<Shape, Function1<Shape, T>>.accessor)>', actual 'Function1<Shape, T (of val <T> Join<Shape, Function1<Shape, T>>.accessor)>'.
e: file:///Users/jim/work/v2superbikeshed/Trikeshed/src/commonMain/kotlin/borg/trikeshed/lib/TensorConstruction.kt:11:12 Return type mismatch: expected 'Join<Shape, Function1<Shape, T (of fun <T> TensorIndexed)>>', actual 'Join<IntArray, ERROR CLASS: Cannot infer argument for type parameter B>'.
e: file:///Users/jim/work/v2superbikeshed/Trikeshed/src/commonMain/kotlin/borg/trikeshed/lib/TensorConstruction.kt:11:29 Cannot infer type for this parameter. Specify it explicitly.
e: file:///Users/jim/work/v2superbikeshed/Trikeshed/src/commonMain/kotlin/borg/trikeshed/lib/TensorConstruction.kt:11:29 Not enough information to infer type argument for 'B'.
e: file:///Users/jim/work/v2superbikeshed/Trikeshed/src/commonMain/kotlin/borg/trikeshed/lib/TensorConstruction.kt:11:33 Cannot infer type for this parameter. Specify it explicitly.
e: file:///Users/jim/work/v2superbikeshed/Trikeshed/src/commonMain/kotlin/borg/trikeshed/lib/TensorConstruction.kt:11:52 Argument type mismatch: actual type is 'V? (of fun <K, V> Map<out K, V>.get)', but 'Int' was expected.
e: file:///Users/jim/work/v2superbikeshed/Trikeshed/src/commonMain/kotlin/borg/trikeshed/lib/TensorConstruction.kt:11:52 Cannot infer type for this parameter. Specify it explicitly.
e: file:///Users/jim/work/v2superbikeshed/Trikeshed/src/commonMain/kotlin/borg/trikeshed/lib/TensorConstruction.kt:19:12 Return type mismatch: expected 'Join<Shape, Function1<Shape, T (of fun <T> TensorCursor)>>', actual 'Join<IntArray, ERROR CLASS: Cannot infer argument for type parameter B>'.
e: file:///Users/jim/work/v2superbikeshed/Trikeshed/src/commonMain/kotlin/borg/trikeshed/lib/TensorConstruction.kt:19:35 Cannot infer type for this parameter. Specify it explicitly.
e: file:///Users/jim/work/v2superbikeshed/Trikeshed/src/commonMain/kotlin/borg/trikeshed/lib/TensorConstruction.kt:19:35 Not enough information to infer type argument for 'B'.
e: file:///Users/jim/work/v2superbikeshed/Trikeshed/src/commonMain/kotlin/borg/trikeshed/lib/TensorConstruction.kt:19:39 Cannot infer type for this parameter. Specify it explicitly.
e: file:///Users/jim/work/v2superbikeshed/Trikeshed/src/commonMain/kotlin/borg/trikeshed/lib/TensorConstruction.kt:19:58 Argument type mismatch: actual type is 'V? (of fun <K, V> Map<out K, V>.get)', but 'Int' was expected.
e: file:///Users/jim/work/v2superbikeshed/Trikeshed/src/commonMain/kotlin/borg/trikeshed/lib/TensorConstruction.kt:19:58 Cannot infer type for this parameter. Specify it explicitly.
e: file:///Users/jim/work/v2superbikeshed/Trikeshed/src/commonMain/kotlin/borg/trikeshed/lib/TensorConstruction.kt:19:69 Argument type mismatch: actual type is 'V? (of fun <K, V> Map<out K, V>.get)', but 'Int' was expected.
e: file:///Users/jim/work/v2superbikeshed/Trikeshed/src/commonMain/kotlin/borg/trikeshed/lib/TensorConstruction.kt:19:69 Cannot infer type for this parameter. Specify it explicitly.
e: file:///Users/jim/work/v2superbikeshed/Trikeshed/src/commonMain/kotlin/borg/trikeshed/lib/TensorConstruction.kt:49:12 Return type mismatch: expected 'Join<Shape, Function1<Shape, T (of fun <T> fillTensor)>>', actual 'Join<IntArray, ERROR CLASS: Cannot infer argument for type parameter B>'.
e: file:///Users/jim/work/v2superbikeshed/Trikeshed/src/commonMain/kotlin/borg/trikeshed/lib/TensorConstruction.kt:49:18 Cannot infer type for this parameter. Specify it explicitly.
e: file:///Users/jim/work/v2superbikeshed/Trikeshed/src/commonMain/kotlin/borg/trikeshed/lib/TensorConstruction.kt:49:18 Not enough information to infer type argument for 'B'.
e: file:///Users/jim/work/v2superbikeshed/Trikeshed/src/commonMain/kotlin/borg/trikeshed/lib/TensorConstruction.kt:49:22 Cannot infer type for this parameter. Specify it explicitly.
e: file:///Users/jim/work/v2superbikeshed/Trikeshed/src/commonMain/kotlin/borg/trikeshed/lib/TensorConstruction.kt:56:12 Return type mismatch: expected 'Join<Shape, Function1<Shape, T (of fun <T> generateTensor)>>', actual 'Join<IntArray, Function1<IntArray, T (of fun <T> generateTensor)>>'.
e: file:///Users/jim/work/v2superbikeshed/Trikeshed/src/commonMain/kotlin/borg/trikeshed/lib/TensorMath.kt:18:52 Argument type mismatch: actual type is 'IntArray', but 'Int' was expected.
e: file:///Users/jim/work/v2superbikeshed/Trikeshed/src/commonMain/kotlin/borg/trikeshed/lib/TensorMath.kt:18:79 Argument type mismatch: actual type is 'IntArray', but 'Int' was expected.
e: file:///Users/jim/work/v2superbikeshed/Trikeshed/src/commonMain/kotlin/borg/trikeshed/lib/TensorMath.kt:23:52 Argument type mismatch: actual type is 'IntArray', but 'Int' was expected.
e: file:///Users/jim/work/v2superbikeshed/Trikeshed/src/commonMain/kotlin/borg/trikeshed/lib/TensorMath.kt:23:79 Argument type mismatch: actual type is 'IntArray', but 'Int' was expected.
e: file:///Users/jim/work/v2superbikeshed/Trikeshed/src/commonMain/kotlin/borg/trikeshed/lib/TensorMath.kt:28:45 Argument type mismatch: actual type is 'IntArray', but 'Int' was expected.
e: file:///Users/jim/work/v2superbikeshed/Trikeshed/src/commonMain/kotlin/borg/trikeshed/lib/TensorMath.kt:31:45 Argument type mismatch: actual type is 'IntArray', but 'Int' was expected.
e: file:///Users/jim/work/v2superbikeshed/Trikeshed/src/commonMain/kotlin/borg/trikeshed/lib/TensorMath.kt:34:45 Argument type mismatch: actual type is 'IntArray', but 'Int' was expected.
e: file:///Users/jim/work/v2superbikeshed/Trikeshed/src/commonMain/kotlin/borg/trikeshed/lib/TensorMath.kt:37:45 Argument type mismatch: actual type is 'IntArray', but 'Int' was expected.
e: file:///Users/jim/work/v2superbikeshed/Trikeshed/src/commonMain/kotlin/borg/trikeshed/lib/TensorMath.kt:41:46 Argument type mismatch: actual type is 'IntArray', but 'Int' was expected.
e: file:///Users/jim/work/v2superbikeshed/Trikeshed/src/commonMain/kotlin/borg/trikeshed/lib/TensorMath.kt:48:23 Argument type mismatch: actual type is 'IntArray', but 'Int' was expected.
e: file:///Users/jim/work/v2superbikeshed/Trikeshed/src/commonMain/kotlin/borg/trikeshed/lib/TensorMath.kt:60:56 Argument type mismatch: actual type is 'IntArray', but 'Int' was expected.
e: file:///Users/jim/work/v2superbikeshed/Trikeshed/src/commonMain/kotlin/borg/trikeshed/lib/TensorSlicing.kt:16:12 Return type mismatch: expected 'Join<Shape, Function1<Shape, T (of fun <T> Join<Shape, Function1<Shape, T>>.slice)>>', actual 'Join<IntArray, ERROR CLASS: Cannot infer argument for type parameter B>'.
e: file:///Users/jim/work/v2superbikeshed/Trikeshed/src/commonMain/kotlin/borg/trikeshed/lib/TensorSlicing.kt:16:21 Cannot infer type for this parameter. Specify it explicitly.
e: file:///Users/jim/work/v2superbikeshed/Trikeshed/src/commonMain/kotlin/borg/trikeshed/lib/TensorSlicing.kt:16:21 Not enough information to infer type argument for 'B'.
e: file:///Users/jim/work/v2superbikeshed/Trikeshed/src/commonMain/kotlin/borg/trikeshed/lib/TensorSlicing.kt:16:25 Cannot infer type for this parameter. Specify it explicitly.
e: file:///Users/jim/work/v2superbikeshed/Trikeshed/src/commonMain/kotlin/borg/trikeshed/lib/TensorSlicing.kt:23:37 Argument type mismatch: actual type is 'V? (of fun <K, V> Map<out K, V>.get)', but 'Int' was expected.
e: file:///Users/jim/work/v2superbikeshed/Trikeshed/src/commonMain/kotlin/borg/trikeshed/lib/TensorSlicing.kt:23:37 Cannot infer type for this parameter. Specify it explicitly.
e: file:///Users/jim/work/v2superbikeshed/Trikeshed/src/commonMain/kotlin/borg/trikeshed/lib/TensorSlicing.kt:26:14 Argument type mismatch: actual type is 'IntArray', but 'Int' was expected.
e: file:///Users/jim/work/v2superbikeshed/Trikeshed/src/commonMain/kotlin/borg/trikeshed/lib/TensorSlicing.kt:45:12 Return type mismatch: expected 'Join<Shape, Function1<Shape, T (of fun <T> Join<Shape, Function1<Shape, T>>.reshape)>>', actual 'Join<IntArray, ERROR CLASS: Cannot infer argument for type parameter B>'.
e: file:///Users/jim/work/v2superbikeshed/Trikeshed/src/commonMain/kotlin/borg/trikeshed/lib/TensorSlicing.kt:45:21 Cannot infer type for this parameter. Specify it explicitly.
e: file:///Users/jim/work/v2superbikeshed/Trikeshed/src/commonMain/kotlin/borg/trikeshed/lib/TensorSlicing.kt:45:21 Not enough information to infer type argument for 'B'.
e: file:///Users/jim/work/v2superbikeshed/Trikeshed/src/commonMain/kotlin/borg/trikeshed/lib/TensorSlicing.kt:45:25 Cannot infer type for this parameter. Specify it explicitly.
e: file:///Users/jim/work/v2superbikeshed/Trikeshed/src/commonMain/kotlin/borg/trikeshed/lib/TensorSlicing.kt:49:29 Cannot infer type for this parameter. Specify it explicitly.
e: file:///Users/jim/work/v2superbikeshed/Trikeshed/src/commonMain/kotlin/borg/trikeshed/lib/TensorSlicing.kt:49:29 Not enough information to infer type argument for 'T'.
e: file:///Users/jim/work/v2superbikeshed/Trikeshed/src/commonMain/kotlin/borg/trikeshed/lib/TensorSlicing.kt:50:25 None of the following candidates is applicable:
fun <T> MutableCollection<in T>.plusAssign(element: T): Unit
fun <T> MutableCollection<in T>.plusAssign(elements: Iterable<T>): Unit
fun <T> MutableCollection<in T>.plusAssign(elements: Array<T>): Unit
fun <T> MutableCollection<in T>.plusAssign(elements: Sequence<T>): Unit
fun <K, V> MutableMap<in K, in V>.plusAssign(pair: Pair<K, V>): Unit
fun <K, V> MutableMap<in K, in V>.plusAssign(pairs: Iterable<Pair<K, V>>): Unit
fun <K, V> MutableMap<in K, in V>.plusAssign(pairs: Array<out Pair<K, V>>): Unit
fun <K, V> MutableMap<in K, in V>.plusAssign(pairs: Sequence<Pair<K, V>>): Unit
fun <K, V> MutableMap<in K, in V>.plusAssign(map: Map<K, V>): Unit
e: file:///Users/jim/work/v2superbikeshed/Trikeshed/src/commonMain/kotlin/borg/trikeshed/lib/TensorSlicing.kt:50:28 Cannot infer type for this parameter. Specify it explicitly.
e: file:///Users/jim/work/v2superbikeshed/Trikeshed/src/commonMain/kotlin/borg/trikeshed/lib/TensorSlicing.kt:50:28 Not enough information to infer type argument for 'V'.
e: file:///Users/jim/work/v2superbikeshed/Trikeshed/src/commonMain/kotlin/borg/trikeshed/lib/datetime/DateTimeFormatter.kt:24:1 Conflicting overloads:
actual fun getCurrentDateTime(): DateTimeComponents
e: file:///Users/jim/work/v2superbikeshed/Trikeshed/src/commonMain/kotlin/borg/trikeshed/lib/trie/PatriciaTrie.kt:47:32 Cannot infer type for this parameter. Specify it explicitly.
e: file:///Users/jim/work/v2superbikeshed/Trikeshed/src/commonMain/kotlin/borg/trikeshed/lib/trie/PatriciaTrie.kt:47:32 Unresolved reference. None of the following candidates is applicable because of a receiver type mismatch:
fun <T, K : Comparable<K>> List<T>.binarySearchBy(key: K?, fromIndex: Int = ..., toIndex: Int = ..., crossinline selector: (T) -> K?): Int
e: file:///Users/jim/work/v2superbikeshed/Trikeshed/src/commonMain/kotlin/borg/trikeshed/lib/trie/PatriciaTrie.kt:47:56 Cannot infer type for this parameter. Specify it explicitly.
e: file:///Users/jim/work/v2superbikeshed/Trikeshed/src/commonMain/kotlin/borg/trikeshed/lib/trie/PatriciaTrie.kt:47:61 Function invocation 'first()' expected.
e: file:///Users/jim/work/v2superbikeshed/Trikeshed/src/commonMain/kotlin/borg/trikeshed/lib/trie/PatriciaTrie.kt:60:32 Cannot infer type for this parameter. Specify it explicitly.
e: file:///Users/jim/work/v2superbikeshed/Trikeshed/src/commonMain/kotlin/borg/trikeshed/lib/trie/PatriciaTrie.kt:60:32 Unresolved reference. None of the following candidates is applicable because of a receiver type mismatch:
fun <T, K : Comparable<K>> List<T>.binarySearchBy(key: K?, fromIndex: Int = ..., toIndex: Int = ..., crossinline selector: (T) -> K?): Int
e: file:///Users/jim/work/v2superbikeshed/Trikeshed/src/commonMain/kotlin/borg/trikeshed/lib/trie/PatriciaTrie.kt:60:57 Cannot infer type for this parameter. Specify it explicitly.
e: file:///Users/jim/work/v2superbikeshed/Trikeshed/src/commonMain/kotlin/borg/trikeshed/lib/trie/PatriciaTrie.kt:60:62 Function invocation 'first()' expected.
e: file:///Users/jim/work/v2superbikeshed/Trikeshed/src/commonMain/kotlin/borg/trikeshed/lib/trie/PatriciaTrie.kt:63:32 Argument type mismatch: actual type is 'Pair<Any, PatriciaTrie<K (of class ArrayMapPatriciaTrie<K, V>), V (of class ArrayMapPatriciaTrie<K, V>)>>', but 'Pair<Any, ArrayMapPatriciaTrie<K (of class ArrayMapPatriciaTrie<K, V>), V (of class ArrayMapPatriciaTrie<K, V>)>>' was expected.
e: file:///Users/jim/work/v2superbikeshed/Trikeshed/src/commonMain/kotlin/borg/trikeshed/lib/trie/PatriciaTrie.kt:101:28 Cannot infer type for this parameter. Specify it explicitly.
e: file:///Users/jim/work/v2superbikeshed/Trikeshed/src/commonMain/kotlin/borg/trikeshed/lib/trie/PatriciaTrie.kt:101:28 Unresolved reference. None of the following candidates is applicable because of a receiver type mismatch:
fun <T, K : Comparable<K>> List<T>.binarySearchBy(key: K?, fromIndex: Int = ..., toIndex: Int = ..., crossinline selector: (T) -> K?): Int
e: file:///Users/jim/work/v2superbikeshed/Trikeshed/src/commonMain/kotlin/borg/trikeshed/lib/trie/PatriciaTrie.kt:101:52 Cannot infer type for this parameter. Specify it explicitly.
e: file:///Users/jim/work/v2superbikeshed/Trikeshed/src/commonMain/kotlin/borg/trikeshed/lib/trie/PatriciaTrie.kt:101:57 Function invocation 'first()' expected.
e: file:///Users/jim/work/v2superbikeshed/Trikeshed/src/commonMain/kotlin/borg/trikeshed/lib/trie/PatriciaTrie.kt:104:48 None of the following candidates is applicable:
fun <T> Array<out T>.isEmpty(): Boolean
fun ByteArray.isEmpty(): Boolean
fun ShortArray.isEmpty(): Boolean
fun IntArray.isEmpty(): Boolean
fun LongArray.isEmpty(): Boolean
fun FloatArray.isEmpty(): Boolean
fun DoubleArray.isEmpty(): Boolean
fun BooleanArray.isEmpty(): Boolean
fun CharArray.isEmpty(): Boolean
fun CharSequence.isEmpty(): Boolean
e: file:///Users/jim/work/v2superbikeshed/Trikeshed/src/commonMain/kotlin/borg/trikeshed/lib/trie/PatriciaTrie.kt:107:51 Argument type mismatch: actual type is 'Pair<Any, PatriciaTrie<K (of class ArrayMapPatriciaTrie<K, V>), V (of class ArrayMapPatriciaTrie<K, V>)>>', but 'Pair<Any, ArrayMapPatriciaTrie<K (of class ArrayMapPatriciaTrie<K, V>), V (of class ArrayMapPatriciaTrie<K, V>)>>' was expected.
e: file:///Users/jim/work/v2superbikeshed/Trikeshed/src/commonMain/kotlin/borg/trikeshed/lib/utils.kt:3:16 Unresolved reference 'cinterop'.
e: file:///Users/jim/work/v2superbikeshed/Trikeshed/src/commonMain/kotlin/borg/trikeshed/lib/utils.kt:43:43 Unresolved reference 'CPointer'.
e: file:///Users/jim/work/v2superbikeshed/Trikeshed/src/commonMain/kotlin/borg/trikeshed/lib/utils.kt:43:56 Unresolved reference 'CPointed'.
e: file:///Users/jim/work/v2superbikeshed/Trikeshed/src/commonMain/kotlin/borg/trikeshed/lib/utils.kt:44:45 Unresolved reference 'CPointer'.
e: file:///Users/jim/work/v2superbikeshed/Trikeshed/src/commonMain/kotlin/borg/trikeshed/lib/utils.kt:44:58 Unresolved reference 'CPointed'.
e: file:///Users/jim/work/v2superbikeshed/Trikeshed/src/commonMain/kotlin/borg/trikeshed/lib/utils.kt:45:28 Unresolved reference 'CPointer'.
e: file:///Users/jim/work/v2superbikeshed/Trikeshed/src/commonMain/kotlin/borg/trikeshed/lib/utils.kt:45:41 Unresolved reference 'CPointed'.
e: file:///Users/jim/work/v2superbikeshed/Trikeshed/src/commonMain/kotlin/borg/trikeshed/lib/utils.kt:46:29 Unresolved reference 'CPointer'.
e: file:///Users/jim/work/v2superbikeshed/Trikeshed/src/commonMain/kotlin/borg/trikeshed/lib/utils.kt:46:42 Unresolved reference 'CPointed'.
e: file:///Users/jim/work/v2superbikeshed/Trikeshed/src/commonMain/kotlin/borg/trikeshed/ljson/KzranGzipReader.kt:255:44 Cannot infer type for this parameter. Specify it explicitly.
e: file:///Users/jim/work/v2superbikeshed/Trikeshed/src/commonMain/kotlin/borg/trikeshed/ljson/KzranGzipReader.kt:255:44 Unresolved reference. None of the following candidates is applicable because of a receiver type mismatch:
fun <T> Join<Int, Function1<Int, Join<Any?, TypeMemento>>>.get(column: Column<T>): T?
e: file:///Users/jim/work/v2superbikeshed/Trikeshed/src/commonMain/kotlin/borg/trikeshed/ljson/KzranGzipReader.kt:266:41 Argument type mismatch: actual type is 'Int', but 'Int' was expected.
e: file:///Users/jim/work/v2superbikeshed/Trikeshed/src/commonMain/kotlin/borg/trikeshed/ljson/KzranGzipReader.kt:266:60 Argument type mismatch: actual type is 'T? (of fun <T> Join<Int, Function1<Int, Join<Any?, TypeMemento>>>.get)', but 'Byte' was expected.
e: file:///Users/jim/work/v2superbikeshed/Trikeshed/src/commonMain/kotlin/borg/trikeshed/ljson/KzranGzipReader.kt:266:60 Cannot infer type for this parameter. Specify it explicitly.
e: file:///Users/jim/work/v2superbikeshed/Trikeshed/src/commonMain/kotlin/borg/trikeshed/ljson/KzranGzipReader.kt:266:60 Unresolved reference. None of the following candidates is applicable because of a receiver type mismatch:
fun <T> Join<Int, Function1<Int, Join<Any?, TypeMemento>>>.get(column: Column<T>): T?
e: file:///Users/jim/work/v2superbikeshed/Trikeshed/src/commonMain/kotlin/borg/trikeshed/ljson/KzranGzipReader.kt:354:2 Syntax error: imports are only allowed in the beginning of file.
e: file:///Users/jim/work/v2superbikeshed/Trikeshed/src/commonMain/kotlin/borg/trikeshed/ljson/KzranGzipReader.kt:357:28 Unresolved reference 'Zlib'.
e: file:///Users/jim/work/v2superbikeshed/Trikeshed/src/commonMain/kotlin/borg/trikeshed/ljson/KzranGzipReader.kt:385:28 Unresolved reference 'Zlib'.
e: file:///Users/jim/work/v2superbikeshed/Trikeshed/src/commonMain/kotlin/borg/trikeshed/ljson/KzranGzipReader.kt:385:50 Overload resolution ambiguity between candidates:
fun ByteArray.toIndexed(): Join<Int, Function1<Int, Byte>>
fun <T> Any.toIndexed(): Join<Int, Function1<Int, T>>
fun ByteArray.toIndexed(): Join<Int, Function1<Int, Byte>>
e: file:///Users/jim/work/v2superbikeshed/Trikeshed/src/commonMain/kotlin/borg/trikeshed/ljson/KzranGzipReader.kt:388:25 Argument type mismatch: actual type is 'V? (of fun <K, V> Map<out K, V>.get)', but 'Byte' was expected.
e: file:///Users/jim/work/v2superbikeshed/Trikeshed/src/commonMain/kotlin/borg/trikeshed/ljson/KzranGzipReader.kt:388:25 Cannot infer type for this parameter. Specify it explicitly.
e: file:///Users/jim/work/v2superbikeshed/Trikeshed/src/commonMain/kotlin/borg/trikeshed/ljson/KzranGzipReader.kt:439:21 Cannot infer type for this parameter. Specify it explicitly.
e: file:///Users/jim/work/v2superbikeshed/Trikeshed/src/commonMain/kotlin/borg/trikeshed/ljson/KzranGzipReader.kt:439:21 Unresolved reference. None of the following candidates is applicable because of a receiver type mismatch:
fun <T> Join<Int, Function1<Int, Join<Any?, TypeMemento>>>.get(column: Column<T>): T?
e: file:///Users/jim/work/v2superbikeshed/Trikeshed/src/commonMain/kotlin/borg/trikeshed/ljson/Lz4FileAttention.kt:3:27 Conflicting import: imported name 'Indexed' is ambiguous.
e: file:///Users/jim/work/v2superbikeshed/Trikeshed/src/commonMain/kotlin/borg/trikeshed/ljson/Lz4FileAttention.kt:4:27 Conflicting import: imported name 'Indexed' is ambiguous.
e: file:///Users/jim/work/v2superbikeshed/Trikeshed/src/commonMain/kotlin/borg/trikeshed/ljson/Lz4FileAttention.kt:43:95 Overload resolution ambiguity between candidates:
fun ByteArray.toIndexed(): Join<Int, Function1<Int, Byte>>
fun <T> Any.toIndexed(): Join<Int, Function1<Int, T>>
fun ByteArray.toIndexed(): Join<Int, Function1<Int, Byte>>
e: file:///Users/jim/work/v2superbikeshed/Trikeshed/src/commonMain/kotlin/borg/trikeshed/ljson/Lz4FileAttention.kt:62:9 Missing return statement.
e: file:///Users/jim/work/v2superbikeshed/Trikeshed/src/commonMain/kotlin/borg/trikeshed/ljson/Lz4FileAttention.kt:64:9 Syntax error: Expecting member declaration.
e: file:///Users/jim/work/v2superbikeshed/Trikeshed/src/commonMain/kotlin/borg/trikeshed/ljson/Lz4FileAttention.kt:64:16 Syntax error: Expecting member declaration.
e: file:///Users/jim/work/v2superbikeshed/Trikeshed/src/commonMain/kotlin/borg/trikeshed/ljson/Lz4FileAttention.kt:64:23 Syntax error: Expecting member declaration.
e: file:///Users/jim/work/v2superbikeshed/Trikeshed/src/commonMain/kotlin/borg/trikeshed/ljson/Lz4FileAttention.kt:64:24 Syntax error: Expecting member declaration.
e: file:///Users/jim/work/v2superbikeshed/Trikeshed/src/commonMain/kotlin/borg/trikeshed/ljson/Lz4FileAttention.kt:64:33 Syntax error: Expecting member declaration.
e: file:///Users/jim/work/v2superbikeshed/Trikeshed/src/commonMain/kotlin/borg/trikeshed/ljson/Lz4FileAttention.kt:64:34 Syntax error: Expecting member declaration.
e: file:///Users/jim/work/v2superbikeshed/Trikeshed/src/commonMain/kotlin/borg/trikeshed/ljson/Lz4FileAttention.kt:76:55 Unresolved reference 'Lz4FrameIndexEntry'.
e: file:///Users/jim/work/v2superbikeshed/Trikeshed/src/commonMain/kotlin/borg/trikeshed/ljson/Lz4FileAttention.kt:80:36 Unresolved reference 'play'.
e: file:///Users/jim/work/v2superbikeshed/Trikeshed/src/commonMain/kotlin/borg/trikeshed/ljson/Lz4FileAttention.kt:80:50 Cannot infer type for this parameter. Specify it explicitly.
e: file:///Users/jim/work/v2superbikeshed/Trikeshed/src/commonMain/kotlin/borg/trikeshed/ljson/Lz4FileAttention.kt:81:20 Unresolved reference 'uncompressedOffset'.
e: file:///Users/jim/work/v2superbikeshed/Trikeshed/src/commonMain/kotlin/borg/trikeshed/ljson/Lz4FileAttention.kt:81:62 Unresolved reference 'uncompressedOffset'.
e: file:///Users/jim/work/v2superbikeshed/Trikeshed/src/commonMain/kotlin/borg/trikeshed/ljson/Lz4FileAttention.kt:81:89 Unresolved reference 'uncompressedSize'.
e: file:///Users/jim/work/v2superbikeshed/Trikeshed/src/commonMain/kotlin/borg/trikeshed/ljson/Lz4FileAttention.kt:81:106 'operator' modifier is required on 'FirNamedFunctionSymbol kotlin/compareTo' in 'compareTo'.
e: file:///Users/jim/work/v2superbikeshed/Trikeshed/src/commonMain/kotlin/borg/trikeshed/ljson/Lz4FileAttention.kt:84:23 Method 'iterator()' is ambiguous for this expression. Applicable candidates:
fun <T> Enumeration<T>.iterator(): Iterator<T>
fun <T> Iterator<T>.iterator(): Iterator<T>
fun <K, V> Map<out K, V>.iterator(): Iterator<Map.Entry<K, V>>
fun <K, V> MutableMap<K, V>.iterator(): MutableIterator<MutableMap.MutableEntry<K, V>>
fun CharSequence.iterator(): CharIterator
fun BufferedInputStream.iterator(): ByteIterator
e: file:///Users/jim/work/v2superbikeshed/Trikeshed/src/commonMain/kotlin/borg/trikeshed/ljson/Lz4FileAttention.kt:86:34 Unresolved reference 'httpClient'.
e: file:///Users/jim/work/v2superbikeshed/Trikeshed/src/commonMain/kotlin/borg/trikeshed/ljson/Lz4FileAttention.kt:95:39 None of the following candidates is applicable:
fun <T> Array<out T>.drop(n: Int): List<T>
fun ByteArray.drop(n: Int): List<Byte>
fun ShortArray.drop(n: Int): List<Short>
fun IntArray.drop(n: Int): List<Int>
fun LongArray.drop(n: Int): List<Long>
fun FloatArray.drop(n: Int): List<Float>
fun DoubleArray.drop(n: Int): List<Double>
fun BooleanArray.drop(n: Int): List<Boolean>
fun CharArray.drop(n: Int): List<Char>
fun <T> Iterable<T>.drop(n: Int): List<T>
fun UIntArray.drop(n: Int): List<UInt>
fun ULongArray.drop(n: Int): List<ULong>
fun UByteArray.drop(n: Int): List<UByte>
fun UShortArray.drop(n: Int): List<UShort>
fun <T> Sequence<T>.drop(n: Int): Sequence<T>
fun CharSequence.drop(n: Int): CharSequence
fun String.drop(n: Int): String
e: file:///Users/jim/work/v2superbikeshed/Trikeshed/src/commonMain/kotlin/borg/trikeshed/ljson/Lz4FileAttention.kt:99:1 Syntax error: Expecting a top level declaration.
e: file:///Users/jim/work/v2superbikeshed/Trikeshed/src/commonMain/kotlin/borg/trikeshed/ljson/PosixLineReader.kt:71:17 Cannot infer type for this parameter. Specify it explicitly.
e: file:///Users/jim/work/v2superbikeshed/Trikeshed/src/commonMain/kotlin/borg/trikeshed/ljson/PosixLineReader.kt:71:17 Unresolved reference. None of the following candidates is applicable because of a receiver type mismatch:
fun <T> Join<Int, Function1<Int, Join<Any?, TypeMemento>>>.get(column: Column<T>): T?
e: file:///Users/jim/work/v2superbikeshed/Trikeshed/src/commonMain/kotlin/borg/trikeshed/ljson/PosixLineReader.kt:76:43 Cannot infer type for this parameter. Specify it explicitly.
e: file:///Users/jim/work/v2superbikeshed/Trikeshed/src/commonMain/kotlin/borg/trikeshed/ljson/PosixLineReader.kt:76:57 Argument type mismatch: actual type is 'Join<Int, Function1<Int, Join<Any?, TypeMemento>>>', but 'Join<Int, Function1<Int, Byte>>' was expected.
e: file:///Users/jim/work/v2superbikeshed/Trikeshed/src/commonMain/kotlin/borg/trikeshed/ljson/PosixLineReader.kt:76:57 Cannot infer type for this parameter. Specify it explicitly.
e: file:///Users/jim/work/v2superbikeshed/Trikeshed/src/commonMain/kotlin/borg/trikeshed/ljson/PosixLineReader.kt:76:57 Unresolved reference. None of the following candidates is applicable because of a receiver type mismatch:
fun <T> Join<Int, Function1<Int, Join<Any?, TypeMemento>>>.get(column: Column<T>): T?
e: file:///Users/jim/work/v2superbikeshed/Trikeshed/src/commonMain/kotlin/borg/trikeshed/ljson/PosixLineReader.kt:87:35 Cannot infer type for this parameter. Specify it explicitly.
e: file:///Users/jim/work/v2superbikeshed/Trikeshed/src/commonMain/kotlin/borg/trikeshed/ljson/PosixLineReader.kt:87:49 Argument type mismatch: actual type is 'Join<Int, Function1<Int, Join<Any?, TypeMemento>>>', but 'Join<Int, Function1<Int, Byte>>' was expected.
e: file:///Users/jim/work/v2superbikeshed/Trikeshed/src/commonMain/kotlin/borg/trikeshed/ljson/PosixLineReader.kt:87:49 Cannot infer type for this parameter. Specify it explicitly.
e: file:///Users/jim/work/v2superbikeshed/Trikeshed/src/commonMain/kotlin/borg/trikeshed/ljson/PosixLineReader.kt:87:49 Unresolved reference. None of the following candidates is applicable because of a receiver type mismatch:
fun <T> Join<Int, Function1<Int, Join<Any?, TypeMemento>>>.get(column: Column<T>): T?
e: file:///Users/jim/work/v2superbikeshed/Trikeshed/src/commonMain/kotlin/borg/trikeshed/ljson/RemoteFileAttention.kt:3:27 Conflicting import: imported name 'Indexed' is ambiguous.
e: file:///Users/jim/work/v2superbikeshed/Trikeshed/src/commonMain/kotlin/borg/trikeshed/ljson/RemoteFileAttention.kt:4:27 Conflicting import: imported name 'Indexed' is ambiguous.
e: file:///Users/jim/work/v2superbikeshed/Trikeshed/src/commonMain/kotlin/borg/trikeshed/ljson/RemoteFileAttention.kt:34:52 Overload resolution ambiguity between candidates:
fun ByteArray.toIndexed(): Join<Int, Function1<Int, Byte>>
fun <T> Any.toIndexed(): Join<Int, Function1<Int, T>>
fun ByteArray.toIndexed(): Join<Int, Function1<Int, Byte>>
e: file:///Users/jim/work/v2superbikeshed/Trikeshed/src/commonMain/kotlin/borg/trikeshed/ljson/RemoteFileAttention.kt:39:41 Overload resolution ambiguity between candidates:
fun ByteArray.toIndexed(): Join<Int, Function1<Int, Byte>>
fun <T> Any.toIndexed(): Join<Int, Function1<Int, T>>
fun ByteArray.toIndexed(): Join<Int, Function1<Int, Byte>>
e: file:///Users/jim/work/v2superbikeshed/Trikeshed/src/commonMain/kotlin/borg/trikeshed/ljson/RemoteFileAttention.kt:41:16 Unresolved reference 'flow'.
e: file:///Users/jim/work/v2superbikeshed/Trikeshed/src/commonMain/kotlin/borg/trikeshed/ljson/RemoteFileAttention.kt:47:36 None of the following candidates is applicable:
fun Array<out Double>.min(): Double
fun Array<out Float>.min(): Float
fun <T : Comparable<T>> Array<out T>.min(): T
fun ByteArray.min(): Byte
fun ShortArray.min(): Short
fun IntArray.min(): Int
fun LongArray.min(): Long
fun FloatArray.min(): Float
fun DoubleArray.min(): Double
fun CharArray.min(): Char
fun Iterable<Double>.min(): Double
fun Iterable<Float>.min(): Float
fun <T : Comparable<T>> Iterable<T>.min(): T
fun UIntArray.min(): UInt
fun ULongArray.min(): ULong
fun UByteArray.min(): UByte
fun UShortArray.min(): UShort
fun Sequence<Double>.min(): Double
fun Sequence<Float>.min(): Float
fun <T : Comparable<T>> Sequence<T>.min(): T
fun CharSequence.min(): Char
e: file:///Users/jim/work/v2superbikeshed/Trikeshed/src/commonMain/kotlin/borg/trikeshed/ljson/RemoteFileAttention.kt:48:40 Suspension functions can only be called within coroutine body.
e: file:///Users/jim/work/v2superbikeshed/Trikeshed/src/commonMain/kotlin/borg/trikeshed/ljson/RemoteFileAttention.kt:59:73 Overload resolution ambiguity between candidates:
fun ByteArray.toIndexed(): Join<Int, Function1<Int, Byte>>
fun <T> Any.toIndexed(): Join<Int, Function1<Int, T>>
fun ByteArray.toIndexed(): Join<Int, Function1<Int, Byte>>
e: file:///Users/jim/work/v2superbikeshed/Trikeshed/src/commonMain/kotlin/borg/trikeshed/ljson/RemoteFileAttention.kt:67:21 Unresolved reference 'emit'.
e: file:///Users/jim/work/v2superbikeshed/Trikeshed/src/commonMain/kotlin/borg/trikeshed/ljson/RemoteFileAttention.kt:84:66 Overload resolution ambiguity between candidates:
fun ByteArray.toIndexed(): Join<Int, Function1<Int, Byte>>
fun <T> Any.toIndexed(): Join<Int, Function1<Int, T>>
fun ByteArray.toIndexed(): Join<Int, Function1<Int, Byte>>
e: file:///Users/jim/work/v2superbikeshed/Trikeshed/src/commonMain/kotlin/borg/trikeshed/ljson/RemoteFileAttention.kt:89:16 Unresolved reference 'Zlib'.
e: file:///Users/jim/work/v2superbikeshed/Trikeshed/src/commonMain/kotlin/borg/trikeshed/ljson/RemoteFileAttention.kt:89:47 Overload resolution ambiguity between candidates:
fun ByteArray.toIndexed(): Join<Int, Function1<Int, Byte>>
fun <T> Any.toIndexed(): Join<Int, Function1<Int, T>>
fun ByteArray.toIndexed(): Join<Int, Function1<Int, Byte>>
e: file:///Users/jim/work/v2superbikeshed/Trikeshed/src/commonMain/kotlin/borg/trikeshed/ljson/RemoteFileAttention.kt:105:26 Unresolved reference 'size'.
e: file:///Users/jim/work/v2superbikeshed/Trikeshed/src/commonMain/kotlin/borg/trikeshed/ljson/RemoteFileAttention.kt:106:17 Unresolved reference. None of the following candidates is applicable because of a receiver type mismatch:
fun MatchGroupCollection.get(name: String): MatchGroup?
e: file:///Users/jim/work/v2superbikeshed/Trikeshed/src/commonMain/kotlin/borg/trikeshed/ljson/RemoteFileAttention.kt:106:17 Operator '==' cannot be applied to 'MatchGroup?' and 'Byte'.
e: file:///Users/jim/work/v2superbikeshed/Trikeshed/src/commonMain/kotlin/borg/trikeshed/ljson/RemoteFileAttention.kt:106:47 Unresolved reference. None of the following candidates is applicable because of a receiver type mismatch:
fun MatchGroupCollection.get(name: String): MatchGroup?
e: file:///Users/jim/work/v2superbikeshed/Trikeshed/src/commonMain/kotlin/borg/trikeshed/ljson/RemoteFileAttention.kt:106:47 Operator '==' cannot be applied to 'MatchGroup?' and 'Byte'.
e: file:///Users/jim/work/v2superbikeshed/Trikeshed/src/commonMain/kotlin/borg/trikeshed/ljson/RemoteFileAttention.kt:106:81 Unresolved reference. None of the following candidates is applicable because of a receiver type mismatch:
fun MatchGroupCollection.get(name: String): MatchGroup?
e: file:///Users/jim/work/v2superbikeshed/Trikeshed/src/commonMain/kotlin/borg/trikeshed/ljson/RemoteFileAttention.kt:106:81 Operator '==' cannot be applied to 'MatchGroup?' and 'Byte'.
e: file:///Users/jim/work/v2superbikeshed/Trikeshed/src/commonMain/kotlin/borg/trikeshed/ljson/RemoteFileAttention.kt:106:115 Unresolved reference. None of the following candidates is applicable because of a receiver type mismatch:
fun MatchGroupCollection.get(name: String): MatchGroup?
e: file:///Users/jim/work/v2superbikeshed/Trikeshed/src/commonMain/kotlin/borg/trikeshed/ljson/RemoteFileAttention.kt:106:115 Operator '==' cannot be applied to 'MatchGroup?' and 'Byte'.
e: file:///Users/jim/work/v2superbikeshed/Trikeshed/src/commonMain/kotlin/borg/trikeshed/ljson/RemoteFileAttention.kt:128:39 Unresolved reference 'size'.
e: file:///Users/jim/work/v2superbikeshed/Trikeshed/src/commonMain/kotlin/borg/trikeshed/ljson/RemoteFileAttention.kt:129:66 None of the following candidates is applicable:
fun <T> Array<out T>.drop(n: Int): List<T>
fun ByteArray.drop(n: Int): List<Byte>
fun ShortArray.drop(n: Int): List<Short>
fun IntArray.drop(n: Int): List<Int>
fun LongArray.drop(n: Int): List<Long>
fun FloatArray.drop(n: Int): List<Float>
fun DoubleArray.drop(n: Int): List<Double>
fun BooleanArray.drop(n: Int): List<Boolean>
fun CharArray.drop(n: Int): List<Char>
fun <T> Iterable<T>.drop(n: Int): List<T>
fun UIntArray.drop(n: Int): List<UInt>
fun ULongArray.drop(n: Int): List<ULong>
fun UByteArray.drop(n: Int): List<UByte>
fun UShortArray.drop(n: Int): List<UShort>
fun <T> Sequence<T>.drop(n: Int): Sequence<T>
fun CharSequence.drop(n: Int): CharSequence
fun String.drop(n: Int): String
e: file:///Users/jim/work/v2superbikeshed/Trikeshed/src/commonMain/kotlin/borg/trikeshed/ljson/RemoteFileAttention.kt:143:32 Argument type mismatch: actual type is 'MatchGroup?', but 'Byte' was expected.
e: file:///Users/jim/work/v2superbikeshed/Trikeshed/src/commonMain/kotlin/borg/trikeshed/ljson/RemoteFileAttention.kt:143:32 Unresolved reference. None of the following candidates is applicable because of a receiver type mismatch:
fun MatchGroupCollection.get(name: String): MatchGroup?
e: file:///Users/jim/work/v2superbikeshed/Trikeshed/src/commonMain/kotlin/borg/trikeshed/ljson/RemoteFileAttention.kt:171:18 Unresolved reference. None of the following candidates is applicable because of a receiver type mismatch:
fun MatchGroupCollection.get(name: String): MatchGroup?
e: file:///Users/jim/work/v2superbikeshed/Trikeshed/src/commonMain/kotlin/borg/trikeshed/ljson/RemoteFileAttention.kt:171:35 None of the following candidates is applicable:
fun String.toInt(): Int
fun String.toInt(radix: Int): Int
fun Iterable<FlagEnum>.toInt(): Int
e: file:///Users/jim/work/v2superbikeshed/Trikeshed/src/commonMain/kotlin/borg/trikeshed/ljson/RemoteFileAttention.kt:171:47 Argument type mismatch: actual type is 'Int', but 'BigInteger' was expected.
e: file:///Users/jim/work/v2superbikeshed/Trikeshed/src/commonMain/kotlin/borg/trikeshed/ljson/RemoteFileAttention.kt:171:63 Unresolved reference. None of the following candidates is applicable because of a receiver type mismatch:
fun MatchGroupCollection.get(name: String): MatchGroup?
e: file:///Users/jim/work/v2superbikeshed/Trikeshed/src/commonMain/kotlin/borg/trikeshed/ljson/RemoteFileAttention.kt:171:76 None of the following candidates is applicable:
fun String.toInt(): Int
fun String.toInt(radix: Int): Int
fun Iterable<FlagEnum>.toInt(): Int
e: file:///Users/jim/work/v2superbikeshed/Trikeshed/src/commonMain/kotlin/borg/trikeshed/ljson/RemoteFileAttention.kt:171:88 Argument type mismatch: actual type is 'Int', but 'BigInteger' was expected.
e: file:///Users/jim/work/v2superbikeshed/Trikeshed/src/commonMain/kotlin/borg/trikeshed/ljson/RemoteFileAttention.kt:175:17 Return type mismatch: expected 'Int', actual 'BigInteger'.
e: file:///Users/jim/work/v2superbikeshed/Trikeshed/src/commonMain/kotlin/borg/trikeshed/ljson/RemoteFileAttention.kt:175:18 Unresolved reference. None of the following candidates is applicable because of a receiver type mismatch:
fun MatchGroupCollection.get(name: String): MatchGroup?
e: file:///Users/jim/work/v2superbikeshed/Trikeshed/src/commonMain/kotlin/borg/trikeshed/ljson/RemoteFileAttention.kt:175:35 None of the following candidates is applicable:
fun String.toInt(): Int
fun String.toInt(radix: Int): Int
fun Iterable<FlagEnum>.toInt(): Int
e: file:///Users/jim/work/v2superbikeshed/Trikeshed/src/commonMain/kotlin/borg/trikeshed/ljson/RemoteFileAttention.kt:175:47 Argument type mismatch: actual type is 'Int', but 'BigInteger' was expected.
e: file:///Users/jim/work/v2superbikeshed/Trikeshed/src/commonMain/kotlin/borg/trikeshed/ljson/RemoteFileAttention.kt:176:19 Unresolved reference. None of the following candidates is applicable because of a receiver type mismatch:
fun MatchGroupCollection.get(name: String): MatchGroup?
e: file:///Users/jim/work/v2superbikeshed/Trikeshed/src/commonMain/kotlin/borg/trikeshed/ljson/RemoteFileAttention.kt:176:36 None of the following candidates is applicable:
fun String.toInt(): Int
fun String.toInt(radix: Int): Int
fun Iterable<FlagEnum>.toInt(): Int
e: file:///Users/jim/work/v2superbikeshed/Trikeshed/src/commonMain/kotlin/borg/trikeshed/ljson/RemoteFileAttention.kt:176:48 Argument type mismatch: actual type is 'Int', but 'BigInteger' was expected.
e: file:///Users/jim/work/v2superbikeshed/Trikeshed/src/commonMain/kotlin/borg/trikeshed/ljson/RemoteFileAttention.kt:177:19 Unresolved reference. None of the following candidates is applicable because of a receiver type mismatch:
fun MatchGroupCollection.get(name: String): MatchGroup?
e: file:///Users/jim/work/v2superbikeshed/Trikeshed/src/commonMain/kotlin/borg/trikeshed/ljson/RemoteFileAttention.kt:177:36 None of the following candidates is applicable:
fun String.toInt(): Int
fun String.toInt(radix: Int): Int
fun Iterable<FlagEnum>.toInt(): Int
e: file:///Users/jim/work/v2superbikeshed/Trikeshed/src/commonMain/kotlin/borg/trikeshed/ljson/RemoteFileAttention.kt:177:48 Argument type mismatch: actual type is 'Int', but 'BigInteger' was expected.
e: file:///Users/jim/work/v2superbikeshed/Trikeshed/src/commonMain/kotlin/borg/trikeshed/ljson/RemoteFileAttention.kt:178:18 Unresolved reference. None of the following candidates is applicable because of a receiver type mismatch:
fun MatchGroupCollection.get(name: String): MatchGroup?
e: file:///Users/jim/work/v2superbikeshed/Trikeshed/src/commonMain/kotlin/borg/trikeshed/ljson/RemoteFileAttention.kt:178:31 None of the following candidates is applicable:
fun String.toInt(): Int
fun String.toInt(radix: Int): Int
fun Iterable<FlagEnum>.toInt(): Int
e: file:///Users/jim/work/v2superbikeshed/Trikeshed/src/commonMain/kotlin/borg/trikeshed/ljson/RemoteFileAttention.kt:178:43 Argument type mismatch: actual type is 'Int', but 'BigInteger' was expected.
e: file:///Users/jim/work/v2superbikeshed/Trikeshed/src/commonMain/kotlin/borg/trikeshed/ljson/SpanshGalaxyMapReader.kt:364:20 Argument type mismatch: actual type is 'Int', but 'Int' was expected.
e: file:///Users/jim/work/v2superbikeshed/Trikeshed/src/commonMain/kotlin/borg/trikeshed/ljson/SpanshGalaxyMapReader.kt:364:25 Argument type mismatch: actual type is 'T? (of fun <T> Join<Int, Function1<Int, Join<Any?, TypeMemento>>>.get)', but 'Byte' was expected.
e: file:///Users/jim/work/v2superbikeshed/Trikeshed/src/commonMain/kotlin/borg/trikeshed/ljson/SpanshGalaxyMapReader.kt:364:25 Cannot infer type for this parameter. Specify it explicitly.
e: file:///Users/jim/work/v2superbikeshed/Trikeshed/src/commonMain/kotlin/borg/trikeshed/ljson/SpanshGalaxyMapReader.kt:364:25 Unresolved reference. None of the following candidates is applicable because of a receiver type mismatch:
fun <T> Join<Int, Function1<Int, Join<Any?, TypeMemento>>>.get(column: Column<T>): T?
e: file:///Users/jim/work/v2superbikeshed/Trikeshed/src/commonMain/kotlin/borg/trikeshed/ljson/ZstdFileAttention.kt:3:27 Conflicting import: imported name 'Indexed' is ambiguous.
e: file:///Users/jim/work/v2superbikeshed/Trikeshed/src/commonMain/kotlin/borg/trikeshed/ljson/ZstdFileAttention.kt:4:27 Conflicting import: imported name 'Indexed' is ambiguous.
e: file:///Users/jim/work/v2superbikeshed/Trikeshed/src/commonMain/kotlin/borg/trikeshed/ljson/ZstdFileAttention.kt:44:45 Overload resolution ambiguity between candidates:
fun ByteArray.toIndexed(): Join<Int, Function1<Int, Byte>>
fun <T> Any.toIndexed(): Join<Int, Function1<Int, T>>
fun ByteArray.toIndexed(): Join<Int, Function1<Int, Byte>>
e: file:///Users/jim/work/v2superbikeshed/Trikeshed/src/commonMain/kotlin/borg/trikeshed/ljson/ZstdFileAttention.kt:82:36 Unresolved reference 'play'.
e: file:///Users/jim/work/v2superbikeshed/Trikeshed/src/commonMain/kotlin/borg/trikeshed/ljson/ZstdFileAttention.kt:82:50 Cannot infer type for this parameter. Specify it explicitly.
e: file:///Users/jim/work/v2superbikeshed/Trikeshed/src/commonMain/kotlin/borg/trikeshed/ljson/ZstdFileAttention.kt:83:20 Unresolved reference 'uncompressedOffset'.
e: file:///Users/jim/work/v2superbikeshed/Trikeshed/src/commonMain/kotlin/borg/trikeshed/ljson/ZstdFileAttention.kt:83:62 Unresolved reference 'uncompressedOffset'.
e: file:///Users/jim/work/v2superbikeshed/Trikeshed/src/commonMain/kotlin/borg/trikeshed/ljson/ZstdFileAttention.kt:83:89 Unresolved reference 'uncompressedSize'.
e: file:///Users/jim/work/v2superbikeshed/Trikeshed/src/commonMain/kotlin/borg/trikeshed/ljson/ZstdFileAttention.kt:83:106 'operator' modifier is required on 'FirNamedFunctionSymbol kotlin/compareTo' in 'compareTo'.
e: file:///Users/jim/work/v2superbikeshed/Trikeshed/src/commonMain/kotlin/borg/trikeshed/ljson/ZstdFileAttention.kt:86:23 Method 'iterator()' is ambiguous for this expression. Applicable candidates:
fun <T> Enumeration<T>.iterator(): Iterator<T>
fun <T> Iterator<T>.iterator(): Iterator<T>
fun <K, V> Map<out K, V>.iterator(): Iterator<Map.Entry<K, V>>
fun <K, V> MutableMap<K, V>.iterator(): MutableIterator<MutableMap.MutableEntry<K, V>>
fun CharSequence.iterator(): CharIterator
fun BufferedInputStream.iterator(): ByteIterator
e: file:///Users/jim/work/v2superbikeshed/Trikeshed/src/commonMain/kotlin/borg/trikeshed/ljson/ZstdFileAttention.kt:88:67 Overload resolution ambiguity between candidates:
fun ByteArray.toIndexed(): Join<Int, Function1<Int, Byte>>
fun <T> Any.toIndexed(): Join<Int, Function1<Int, T>>
fun ByteArray.toIndexed(): Join<Int, Function1<Int, Byte>>
e: file:///Users/jim/work/v2superbikeshed/Trikeshed/src/commonMain/kotlin/borg/trikeshed/ljson/ZstdFileAttention.kt:96:39 None of the following candidates is applicable:
fun <T> Array<out T>.drop(n: Int): List<T>
fun ByteArray.drop(n: Int): List<Byte>
fun ShortArray.drop(n: Int): List<Short>
fun IntArray.drop(n: Int): List<Int>
fun LongArray.drop(n: Int): List<Long>
fun FloatArray.drop(n: Int): List<Float>
fun DoubleArray.drop(n: Int): List<Double>
fun BooleanArray.drop(n: Int): List<Boolean>
fun CharArray.drop(n: Int): List<Char>
fun <T> Iterable<T>.drop(n: Int): List<T>
fun UIntArray.drop(n: Int): List<UInt>
fun ULongArray.drop(n: Int): List<ULong>
fun UByteArray.drop(n: Int): List<UByte>
fun UShortArray.drop(n: Int): List<UShort>
fun <T> Sequence<T>.drop(n: Int): Sequence<T>
fun CharSequence.drop(n: Int): CharSequence
fun String.drop(n: Int): String
e: file:///Users/jim/work/v2superbikeshed/Trikeshed/src/commonMain/kotlin/borg/trikeshed/net/C10KServer.kt:267:16 None of the following candidates is applicable:
val CoroutineContext.isActive: Boolean
val CoroutineScope.isActive: Boolean
e: file:///Users/jim/work/v2superbikeshed/Trikeshed/src/commonMain/kotlin/borg/trikeshed/net/C10KServer.kt:279:16 None of the following candidates is applicable:
val CoroutineContext.isActive: Boolean
val CoroutineScope.isActive: Boolean
e: file:///Users/jim/work/v2superbikeshed/Trikeshed/src/commonMain/kotlin/borg/trikeshed/net/C10KServer.kt:303:16 None of the following candidates is applicable:
val CoroutineContext.isActive: Boolean
val CoroutineScope.isActive: Boolean
e: file:///Users/jim/work/v2superbikeshed/Trikeshed/src/commonMain/kotlin/borg/trikeshed/net/http/Http.kt:144:69 None of the following candidates is applicable:
fun ByteArray.toIdx(): Join<Int, Function1<Int, Byte>>
fun IntArray.toIdx(): Join<Int, Function1<Int, Int>>
e: file:///Users/jim/work/v2superbikeshed/Trikeshed/src/commonMain/kotlin/borg/trikeshed/net/http/Http.kt:146:9 Conflicting overloads:
suspend fun HttpRequest.send(): HttpResponse
e: file:///Users/jim/work/v2superbikeshed/Trikeshed/src/commonMain/kotlin/borg/trikeshed/net/http/Http2Protocol.kt:105:24 Argument type mismatch: actual type is 'Int', but 'Int' was expected.
e: file:///Users/jim/work/v2superbikeshed/Trikeshed/src/commonMain/kotlin/borg/trikeshed/net/http/Http2Protocol.kt:105:33 Argument type mismatch: actual type is 'T? (of fun <T> Join<Int, Function1<Int, Join<Any?, TypeMemento>>>.get)', but 'Byte' was expected.
e: file:///Users/jim/work/v2superbikeshed/Trikeshed/src/commonMain/kotlin/borg/trikeshed/net/http/Http2Protocol.kt:105:33 Cannot infer type for this parameter. Specify it explicitly.
e: file:///Users/jim/work/v2superbikeshed/Trikeshed/src/commonMain/kotlin/borg/trikeshed/net/http/Http2Protocol.kt:105:33 Unresolved reference. None of the following candidates is applicable because of a receiver type mismatch:
fun <T> Join<Int, Function1<Int, Join<Any?, TypeMemento>>>.get(column: Column<T>): T?
e: file:///Users/jim/work/v2superbikeshed/Trikeshed/src/commonMain/kotlin/borg/trikeshed/net/http/Http2Protocol.kt:343:39 Cannot infer type for this parameter. Specify it explicitly.
e: file:///Users/jim/work/v2superbikeshed/Trikeshed/src/commonMain/kotlin/borg/trikeshed/net/http/Http2Protocol.kt:343:53 Argument type mismatch: actual type is 'Join<Int, Function1<Int, Join<Any?, TypeMemento>>>', but 'Join<Int, Function1<Int, Byte>>' was expected.
e: file:///Users/jim/work/v2superbikeshed/Trikeshed/src/commonMain/kotlin/borg/trikeshed/net/http/Http2Protocol.kt:343:53 Cannot infer type for this parameter. Specify it explicitly.
e: file:///Users/jim/work/v2superbikeshed/Trikeshed/src/commonMain/kotlin/borg/trikeshed/net/http/Http2Protocol.kt:343:53 Unresolved reference. None of the following candidates is applicable because of a receiver type mismatch:
fun <T> Join<Int, Function1<Int, Join<Any?, TypeMemento>>>.get(column: Column<T>): T?
e: file:///Users/jim/work/v2superbikeshed/Trikeshed/src/commonMain/kotlin/borg/trikeshed/net/http/Http2Protocol.kt:396:29 Argument type mismatch: actual type is 'T? (of fun <T> Join<Int, Function1<Int, Join<Any?, TypeMemento>>>.get)', but 'Byte' was expected.
e: file:///Users/jim/work/v2superbikeshed/Trikeshed/src/commonMain/kotlin/borg/trikeshed/net/http/Http2Protocol.kt:396:29 Cannot infer type for this parameter. Specify it explicitly.
e: file:///Users/jim/work/v2superbikeshed/Trikeshed/src/commonMain/kotlin/borg/trikeshed/net/http/Http2Protocol.kt:396:29 Unresolved reference. None of the following candidates is applicable because of a receiver type mismatch:
fun <T> Join<Int, Function1<Int, Join<Any?, TypeMemento>>>.get(column: Column<T>): T?
e: file:///Users/jim/work/v2superbikeshed/Trikeshed/src/commonMain/kotlin/borg/trikeshed/net/http/Http2Protocol.kt:454:26 Cannot infer type for this parameter. Specify it explicitly.
e: file:///Users/jim/work/v2superbikeshed/Trikeshed/src/commonMain/kotlin/borg/trikeshed/net/http/Http2Protocol.kt:454:26 Unresolved reference. None of the following candidates is applicable because of a receiver type mismatch:
fun <T> Join<Int, Function1<Int, Join<Any?, TypeMemento>>>.get(column: Column<T>): T?
e: file:///Users/jim/work/v2superbikeshed/Trikeshed/src/commonMain/kotlin/borg/trikeshed/net/http/Http2Protocol.kt:455:31 Unresolved reference 'a'.
e: file:///Users/jim/work/v2superbikeshed/Trikeshed/src/commonMain/kotlin/borg/trikeshed/net/http/Http2Protocol.kt:456:32 Unresolved reference 'b'.
e: file:///Users/jim/work/v2superbikeshed/Trikeshed/src/commonMain/kotlin/borg/trikeshed/net/http/Http2Protocol.kt:532:24 Cannot infer type for this parameter. Specify it explicitly.
e: file:///Users/jim/work/v2superbikeshed/Trikeshed/src/commonMain/kotlin/borg/trikeshed/net/http/Http2Protocol.kt:532:24 Unresolved reference. None of the following candidates is applicable because of a receiver type mismatch:
fun <T> Join<Int, Function1<Int, Join<Any?, TypeMemento>>>.get(column: Column<T>): T?
e: file:///Users/jim/work/v2superbikeshed/Trikeshed/src/commonMain/kotlin/borg/trikeshed/net/http/Http2Protocol.kt:559:35 Argument type mismatch: actual type is 'Int', but 'Int' was expected.
e: file:///Users/jim/work/v2superbikeshed/Trikeshed/src/commonMain/kotlin/borg/trikeshed/net/http/Http2Protocol.kt:559:40 Argument type mismatch: actual type is 'T? (of fun <T> Join<Int, Function1<Int, Join<Any?, TypeMemento>>>.get)', but 'Byte' was expected.
e: file:///Users/jim/work/v2superbikeshed/Trikeshed/src/commonMain/kotlin/borg/trikeshed/net/http/Http2Protocol.kt:559:40 Cannot infer type for this parameter. Specify it explicitly.
e: file:///Users/jim/work/v2superbikeshed/Trikeshed/src/commonMain/kotlin/borg/trikeshed/net/http/Http2Protocol.kt:559:40 Unresolved reference. None of the following candidates is applicable because of a receiver type mismatch:
fun <T> Join<Int, Function1<Int, Join<Any?, TypeMemento>>>.get(column: Column<T>): T?
e: file:///Users/jim/work/v2superbikeshed/Trikeshed/src/commonMain/kotlin/borg/trikeshed/net/http/Http2Protocol.kt:571:36 Argument type mismatch: actual type is 'Int', but 'Int' was expected.
e: file:///Users/jim/work/v2superbikeshed/Trikeshed/src/commonMain/kotlin/borg/trikeshed/net/http/Http2Protocol.kt:571:41 Argument type mismatch: actual type is 'T? (of fun <T> Join<Int, Function1<Int, Join<Any?, TypeMemento>>>.get)', but 'Byte' was expected.
e: file:///Users/jim/work/v2superbikeshed/Trikeshed/src/commonMain/kotlin/borg/trikeshed/net/http/Http2Protocol.kt:571:41 Cannot infer type for this parameter. Specify it explicitly.
e: file:///Users/jim/work/v2superbikeshed/Trikeshed/src/commonMain/kotlin/borg/trikeshed/net/http/Http2Protocol.kt:571:41 Unresolved reference. None of the following candidates is applicable because of a receiver type mismatch:
fun <T> Join<Int, Function1<Int, Join<Any?, TypeMemento>>>.get(column: Column<T>): T?
e: file:///Users/jim/work/v2superbikeshed/Trikeshed/src/commonMain/kotlin/borg/trikeshed/net/http/Http2Protocol.kt:590:25 Cannot infer type for this parameter. Specify it explicitly.
e: file:///Users/jim/work/v2superbikeshed/Trikeshed/src/commonMain/kotlin/borg/trikeshed/net/http/Http2Protocol.kt:590:25 Unresolved reference. None of the following candidates is applicable because of a receiver type mismatch:
fun <T> Join<Int, Function1<Int, Join<Any?, TypeMemento>>>.get(column: Column<T>): T?
e: file:///Users/jim/work/v2superbikeshed/Trikeshed/src/commonMain/kotlin/borg/trikeshed/net/http/Http2Protocol.kt:601:24 Cannot infer type for this parameter. Specify it explicitly.
e: file:///Users/jim/work/v2superbikeshed/Trikeshed/src/commonMain/kotlin/borg/trikeshed/net/http/Http2Protocol.kt:601:24 Unresolved reference. None of the following candidates is applicable because of a receiver type mismatch:
fun <T> Join<Int, Function1<Int, Join<Any?, TypeMemento>>>.get(column: Column<T>): T?
e: file:///Users/jim/work/v2superbikeshed/Trikeshed/src/commonMain/kotlin/borg/trikeshed/net/http/Http3Protocol.kt:103:25 Argument type mismatch: actual type is 'T? (of fun <T> Join<Int, Function1<Int, Join<Any?, TypeMemento>>>.get)', but 'Byte' was expected.
e: file:///Users/jim/work/v2superbikeshed/Trikeshed/src/commonMain/kotlin/borg/trikeshed/net/http/Http3Protocol.kt:103:25 Cannot infer type for this parameter. Specify it explicitly.
e: file:///Users/jim/work/v2superbikeshed/Trikeshed/src/commonMain/kotlin/borg/trikeshed/net/http/Http3Protocol.kt:103:25 Unresolved reference. None of the following candidates is applicable because of a receiver type mismatch:
fun <T> Join<Int, Function1<Int, Join<Any?, TypeMemento>>>.get(column: Column<T>): T?
e: file:///Users/jim/work/v2superbikeshed/Trikeshed/src/commonMain/kotlin/borg/trikeshed/net/http/Http3Protocol.kt:126:49 Cannot infer type for this parameter. Specify it explicitly.
e: file:///Users/jim/work/v2superbikeshed/Trikeshed/src/commonMain/kotlin/borg/trikeshed/net/http/Http3Protocol.kt:126:63 Argument type mismatch: actual type is 'Join<Int, Function1<Int, Join<Any?, TypeMemento>>>', but 'Join<Int, Function1<Int, Byte>>' was expected.
e: file:///Users/jim/work/v2superbikeshed/Trikeshed/src/commonMain/kotlin/borg/trikeshed/net/http/Http3Protocol.kt:126:63 Cannot infer type for this parameter. Specify it explicitly.
e: file:///Users/jim/work/v2superbikeshed/Trikeshed/src/commonMain/kotlin/borg/trikeshed/net/http/Http3Protocol.kt:126:63 Unresolved reference. None of the following candidates is applicable because of a receiver type mismatch:
fun <T> Join<Int, Function1<Int, Join<Any?, TypeMemento>>>.get(column: Column<T>): T?
e: file:///Users/jim/work/v2superbikeshed/Trikeshed/src/commonMain/kotlin/borg/trikeshed/net/http/Http3Protocol.kt:206:25 Argument type mismatch: actual type is 'T? (of fun <T> Join<Int, Function1<Int, Join<Any?, TypeMemento>>>.get)', but 'Join<HttpHeaderName, HttpHeaderValue>' was expected.
e: file:///Users/jim/work/v2superbikeshed/Trikeshed/src/commonMain/kotlin/borg/trikeshed/net/http/Http3Protocol.kt:206:25 Cannot infer type for this parameter. Specify it explicitly.
e: file:///Users/jim/work/v2superbikeshed/Trikeshed/src/commonMain/kotlin/borg/trikeshed/net/http/Http3Protocol.kt:206:25 Unresolved reference. None of the following candidates is applicable because of a receiver type mismatch:
fun <T> Join<Int, Function1<Int, Join<Any?, TypeMemento>>>.get(column: Column<T>): T?
e: file:///Users/jim/work/v2superbikeshed/Trikeshed/src/commonMain/kotlin/borg/trikeshed/net/http/Http3Protocol.kt:324:39 Argument type mismatch: actual type is 'T? (of fun <T> Join<Int, Function1<Int, Join<Any?, TypeMemento>>>.get)', but 'Byte' was expected.
e: file:///Users/jim/work/v2superbikeshed/Trikeshed/src/commonMain/kotlin/borg/trikeshed/net/http/Http3Protocol.kt:324:39 Cannot infer type for this parameter. Specify it explicitly.
e: file:///Users/jim/work/v2superbikeshed/Trikeshed/src/commonMain/kotlin/borg/trikeshed/net/http/Http3Protocol.kt:324:39 Unresolved reference. None of the following candidates is applicable because of a receiver type mismatch:
fun <T> Join<Int, Function1<Int, Join<Any?, TypeMemento>>>.get(column: Column<T>): T?
e: file:///Users/jim/work/v2superbikeshed/Trikeshed/src/commonMain/kotlin/borg/trikeshed/net/http/Http3Protocol.kt:349:26 Cannot infer type for this parameter. Specify it explicitly.
e: file:///Users/jim/work/v2superbikeshed/Trikeshed/src/commonMain/kotlin/borg/trikeshed/net/http/Http3Protocol.kt:349:26 Unresolved reference. None of the following candidates is applicable because of a receiver type mismatch:
fun <T> Join<Int, Function1<Int, Join<Any?, TypeMemento>>>.get(column: Column<T>): T?
e: file:///Users/jim/work/v2superbikeshed/Trikeshed/src/commonMain/kotlin/borg/trikeshed/net/http/Http3Protocol.kt:350:26 Unresolved reference 'a'.
e: file:///Users/jim/work/v2superbikeshed/Trikeshed/src/commonMain/kotlin/borg/trikeshed/net/http/Http3Protocol.kt:351:65 Unresolved reference 'b'.
e: file:///Users/jim/work/v2superbikeshed/Trikeshed/src/commonMain/kotlin/borg/trikeshed/net/http/Http3Protocol.kt:352:58 Unresolved reference 'b'.
e: file:///Users/jim/work/v2superbikeshed/Trikeshed/src/commonMain/kotlin/borg/trikeshed/net/http/Http3Protocol.kt:561:26 Cannot infer type for this parameter. Specify it explicitly.
e: file:///Users/jim/work/v2superbikeshed/Trikeshed/src/commonMain/kotlin/borg/trikeshed/net/http/Http3Protocol.kt:561:26 Unresolved reference. None of the following candidates is applicable because of a receiver type mismatch:
fun <T> Join<Int, Function1<Int, Join<Any?, TypeMemento>>>.get(column: Column<T>): T?
e: file:///Users/jim/work/v2superbikeshed/Trikeshed/src/commonMain/kotlin/borg/trikeshed/net/http/Http3Protocol.kt:562:31 Unresolved reference 'a'.
e: file:///Users/jim/work/v2superbikeshed/Trikeshed/src/commonMain/kotlin/borg/trikeshed/net/http/Http3Protocol.kt:563:32 Unresolved reference 'b'.
e: file:///Users/jim/work/v2superbikeshed/Trikeshed/src/commonMain/kotlin/borg/trikeshed/net/http/Http3Protocol.kt:634:24 Cannot infer type for this parameter. Specify it explicitly.
e: file:///Users/jim/work/v2superbikeshed/Trikeshed/src/commonMain/kotlin/borg/trikeshed/net/http/Http3Protocol.kt:634:24 Unresolved reference. None of the following candidates is applicable because of a receiver type mismatch:
fun <T> Join<Int, Function1<Int, Join<Any?, TypeMemento>>>.get(column: Column<T>): T?
e: file:///Users/jim/work/v2superbikeshed/Trikeshed/src/commonMain/kotlin/borg/trikeshed/net/http/Http3Protocol.kt:697:25 Cannot infer type for this parameter. Specify it explicitly.
e: file:///Users/jim/work/v2superbikeshed/Trikeshed/src/commonMain/kotlin/borg/trikeshed/net/http/Http3Protocol.kt:697:25 Unresolved reference. None of the following candidates is applicable because of a receiver type mismatch:
fun <T> Join<Int, Function1<Int, Join<Any?, TypeMemento>>>.get(column: Column<T>): T?
e: file:///Users/jim/work/v2superbikeshed/Trikeshed/src/commonMain/kotlin/borg/trikeshed/net/http/Http3Protocol.kt:713:25 Argument type mismatch: actual type is 'Int', but 'Int' was expected.
e: file:///Users/jim/work/v2superbikeshed/Trikeshed/src/commonMain/kotlin/borg/trikeshed/net/http/Http3Protocol.kt:713:30 Argument type mismatch: actual type is 'T? (of fun <T> Join<Int, Function1<Int, Join<Any?, TypeMemento>>>.get)', but 'Byte' was expected.
e: file:///Users/jim/work/v2superbikeshed/Trikeshed/src/commonMain/kotlin/borg/trikeshed/net/http/Http3Protocol.kt:713:30 Cannot infer type for this parameter. Specify it explicitly.
e: file:///Users/jim/work/v2superbikeshed/Trikeshed/src/commonMain/kotlin/borg/trikeshed/net/http/Http3Protocol.kt:713:30 Unresolved reference. None of the following candidates is applicable because of a receiver type mismatch:
fun <T> Join<Int, Function1<Int, Join<Any?, TypeMemento>>>.get(column: Column<T>): T?
e: file:///Users/jim/work/v2superbikeshed/Trikeshed/src/commonMain/kotlin/borg/trikeshed/net/http/Http3Protocol.kt:901:21 Cannot infer type for this parameter. Specify it explicitly.
e: file:///Users/jim/work/v2superbikeshed/Trikeshed/src/commonMain/kotlin/borg/trikeshed/net/http/Http3Protocol.kt:901:21 Unresolved reference. None of the following candidates is applicable because of a receiver type mismatch:
fun <T> Join<Int, Function1<Int, Join<Any?, TypeMemento>>>.get(column: Column<T>): T?
e: file:///Users/jim/work/v2superbikeshed/Trikeshed/src/commonMain/kotlin/borg/trikeshed/net/http/Http3Protocol.kt:909:25 Cannot infer type for this parameter. Specify it explicitly.
e: file:///Users/jim/work/v2superbikeshed/Trikeshed/src/commonMain/kotlin/borg/trikeshed/net/http/Http3Protocol.kt:909:25 Unresolved reference. None of the following candidates is applicable because of a receiver type mismatch:
fun <T> Join<Int, Function1<Int, Join<Any?, TypeMemento>>>.get(column: Column<T>): T?
e: file:///Users/jim/work/v2superbikeshed/Trikeshed/src/commonMain/kotlin/borg/trikeshed/net/http/Http3Protocol.kt:915:26 Cannot infer type for this parameter. Specify it explicitly.
e: file:///Users/jim/work/v2superbikeshed/Trikeshed/src/commonMain/kotlin/borg/trikeshed/net/http/Http3Protocol.kt:915:26 Unresolved reference. None of the following candidates is applicable because of a receiver type mismatch:
fun <T> Join<Int, Function1<Int, Join<Any?, TypeMemento>>>.get(column: Column<T>): T?
e: file:///Users/jim/work/v2superbikeshed/Trikeshed/src/commonMain/kotlin/borg/trikeshed/net/http/Http3Protocol.kt:916:26 Cannot infer type for this parameter. Specify it explicitly.
e: file:///Users/jim/work/v2superbikeshed/Trikeshed/src/commonMain/kotlin/borg/trikeshed/net/http/Http3Protocol.kt:916:26 Unresolved reference. None of the following candidates is applicable because of a receiver type mismatch:
fun <T> Join<Int, Function1<Int, Join<Any?, TypeMemento>>>.get(column: Column<T>): T?
e: file:///Users/jim/work/v2superbikeshed/Trikeshed/src/commonMain/kotlin/borg/trikeshed/net/http/Http3Protocol.kt:917:25 Cannot infer type for this parameter. Specify it explicitly.
e: file:///Users/jim/work/v2superbikeshed/Trikeshed/src/commonMain/kotlin/borg/trikeshed/net/http/Http3Protocol.kt:917:25 Unresolved reference. None of the following candidates is applicable because of a receiver type mismatch:
fun <T> Join<Int, Function1<Int, Join<Any?, TypeMemento>>>.get(column: Column<T>): T?
e: file:///Users/jim/work/v2superbikeshed/Trikeshed/src/commonMain/kotlin/borg/trikeshed/net/http/Http3Protocol.kt:924:36 Cannot infer type for this parameter. Specify it explicitly.
e: file:///Users/jim/work/v2superbikeshed/Trikeshed/src/commonMain/kotlin/borg/trikeshed/net/http/Http3Protocol.kt:924:36 Unresolved reference. None of the following candidates is applicable because of a receiver type mismatch:
fun <T> Join<Int, Function1<Int, Join<Any?, TypeMemento>>>.get(column: Column<T>): T?
e: file:///Users/jim/work/v2superbikeshed/Trikeshed/src/commonMain/kotlin/borg/trikeshed/net/http/HttpClient.kt:140:13 Argument type mismatch: actual type is 'Pair<String, String>', but 'K (of fun <K> WHEN_CALL)' was expected.
e: file:///Users/jim/work/v2superbikeshed/Trikeshed/src/commonMain/kotlin/borg/trikeshed/net/http/HttpClient.kt:142:13 Argument type mismatch: actual type is 'Pair<A (of fun <A, B> A.to), B (of fun <A, B> A.to)>', but 'K (of fun <K> WHEN_CALL)' was expected.
e: file:///Users/jim/work/v2superbikeshed/Trikeshed/src/commonMain/kotlin/borg/trikeshed/net/http/HttpClient.kt:142:54 Cannot infer type for this parameter. Specify it explicitly.
e: file:///Users/jim/work/v2superbikeshed/Trikeshed/src/commonMain/kotlin/borg/trikeshed/net/http/HttpClient.kt:142:54 Unresolved reference. None of the following candidates is applicable because of a receiver type mismatch:
fun <A, B> A.to(that: B): Pair<A, B>
e: file:///Users/jim/work/v2superbikeshed/Trikeshed/src/commonMain/kotlin/borg/trikeshed/net/http/HttpClient.kt:147:62 Unresolved reference 'coroutineContext'.
e: file:///Users/jim/work/v2superbikeshed/Trikeshed/src/commonMain/kotlin/borg/trikeshed/net/http/HttpClient.kt:151:9 Unresolved reference 'requestQueue'.
e: file:///Users/jim/work/v2superbikeshed/Trikeshed/src/commonMain/kotlin/borg/trikeshed/net/http/HttpClient.kt:154:18 Cannot infer type for this parameter. Specify it explicitly.
e: file:///Users/jim/work/v2superbikeshed/Trikeshed/src/commonMain/kotlin/borg/trikeshed/net/http/HttpClient.kt:155:16 Unresolved reference 'write'.
e: file:///Users/jim/work/v2superbikeshed/Trikeshed/src/commonMain/kotlin/borg/trikeshed/net/http/HttpClient.kt:156:23 Unresolved reference 'write'.
e: file:///Users/jim/work/v2superbikeshed/Trikeshed/src/commonMain/kotlin/borg/trikeshed/net/http/HttpClient.kt:157:9 Unresolved reference 'lastActivity'.
e: file:///Users/jim/work/v2superbikeshed/Trikeshed/src/commonMain/kotlin/borg/trikeshed/net/http/HttpClient.kt:167:18 Unresolved reference 'write'.
e: file:///Users/jim/work/v2superbikeshed/Trikeshed/src/commonMain/kotlin/borg/trikeshed/net/http/HttpClient.kt:170:33 Unresolved reference 'read'.
e: file:///Users/jim/work/v2superbikeshed/Trikeshed/src/commonMain/kotlin/borg/trikeshed/net/http/HttpClient.kt:173:13 Unresolved reference 'lastActivity'.
e: file:///Users/jim/work/v2superbikeshed/Trikeshed/src/commonMain/kotlin/borg/trikeshed/net/http/HttpClient.kt:198:26 Unresolved reference 'KQueueContext'.
e: file:///Users/jim/work/v2superbikeshed/Trikeshed/src/commonMain/kotlin/borg/trikeshed/net/http/HttpClient.kt:212:23 Unresolved reference 'getChannel'.
e: file:///Users/jim/work/v2superbikeshed/Trikeshed/src/commonMain/kotlin/borg/trikeshed/net/http/HttpClient.kt:214:9 Argument type mismatch: actual type is 'R? (of fun <T, R> T.let)', but 'K? (of fun <K> ELVIS_CALL)' was expected.
e: file:///Users/jim/work/v2superbikeshed/Trikeshed/src/commonMain/kotlin/borg/trikeshed/net/http/HttpClient.kt:214:18 Cannot infer type for this parameter. Specify it explicitly.
e: file:///Users/jim/work/v2superbikeshed/Trikeshed/src/commonMain/kotlin/borg/trikeshed/net/http/HttpClient.kt:214:22 Cannot infer type for this parameter. Specify it explicitly.
e: file:///Users/jim/work/v2superbikeshed/Trikeshed/src/commonMain/kotlin/borg/trikeshed/net/http/HttpClient.kt:215:16 Unresolved reference 'write'.
e: file:///Users/jim/work/v2superbikeshed/Trikeshed/src/commonMain/kotlin/borg/trikeshed/net/http/HttpClient.kt:225:23 Unresolved reference 'getChannel'.
e: file:///Users/jim/work/v2superbikeshed/Trikeshed/src/commonMain/kotlin/borg/trikeshed/net/http/HttpClient.kt:244:18 Suspend function 'expect suspend fun close(): Unit' can only be called from a coroutine or another suspend function.
e: file:///Users/jim/work/v2superbikeshed/Trikeshed/src/commonMain/kotlin/borg/trikeshed/net/http/HttpClient.kt:258:16 None of the following candidates is applicable:
val CoroutineContext.isActive: Boolean
val CoroutineScope.isActive: Boolean
e: file:///Users/jim/work/v2superbikeshed/Trikeshed/src/commonMain/kotlin/borg/trikeshed/net/http/HttpClient.kt:260:37 Unresolved reference 'read'.
e: file:///Users/jim/work/v2superbikeshed/Trikeshed/src/commonMain/kotlin/borg/trikeshed/net/http/HttpClient.kt:304:13 Argument type mismatch: actual type is 'Pair<A (of fun <A, B> A.to), B (of fun <A, B> A.to)>', but 'K (of fun <K> WHEN_CALL)' was expected.
e: file:///Users/jim/work/v2superbikeshed/Trikeshed/src/commonMain/kotlin/borg/trikeshed/net/http/HttpClient.kt:304:43 Cannot infer type for this parameter. Specify it explicitly.
e: file:///Users/jim/work/v2superbikeshed/Trikeshed/src/commonMain/kotlin/borg/trikeshed/net/http/HttpClient.kt:304:43 Unresolved reference. None of the following candidates is applicable because of a receiver type mismatch:
fun <A, B> A.to(that: B): Pair<A, B>
e: file:///Users/jim/work/v2superbikeshed/Trikeshed/src/commonMain/kotlin/borg/trikeshed/net/http/HttpClient.kt:306:13 Argument type mismatch: actual type is 'Pair<String, Int>', but 'K (of fun <K> WHEN_CALL)' was expected.
e: file:///Users/jim/work/v2superbikeshed/Trikeshed/src/commonMain/kotlin/borg/trikeshed/net/http/HttpClient.kt:353:46 Unresolved reference 'createDefault'.
e: file:///Users/jim/work/v2superbikeshed/Trikeshed/src/commonMain/kotlin/borg/trikeshed/net/http/HttpClient.kt:363:23 Unresolved reference 'Companion'.
e: file:///Users/jim/work/v2superbikeshed/Trikeshed/src/commonMain/kotlin/borg/trikeshed/net/http/HttpQuicIntegration.kt:331:26 Cannot infer type for this parameter. Specify it explicitly.
e: file:///Users/jim/work/v2superbikeshed/Trikeshed/src/commonMain/kotlin/borg/trikeshed/net/http/HttpQuicIntegration.kt:331:26 Unresolved reference. None of the following candidates is applicable because of a receiver type mismatch:
fun <T> Join<Int, Function1<Int, Join<Any?, TypeMemento>>>.get(column: Column<T>): T?
e: file:///Users/jim/work/v2superbikeshed/Trikeshed/src/commonMain/kotlin/borg/trikeshed/net/http/HttpQuicIntegration.kt:332:24 Unresolved reference 'a'.
e: file:///Users/jim/work/v2superbikeshed/Trikeshed/src/commonMain/kotlin/borg/trikeshed/net/http/HttpQuicIntegration.kt:333:24 Unresolved reference 'b'.
e: file:///Users/jim/work/v2superbikeshed/Trikeshed/src/commonMain/kotlin/borg/trikeshed/net/http/HttpQuicIntegration.kt:345:26 Cannot infer type for this parameter. Specify it explicitly.
e: file:///Users/jim/work/v2superbikeshed/Trikeshed/src/commonMain/kotlin/borg/trikeshed/net/http/HttpQuicIntegration.kt:345:26 Unresolved reference. None of the following candidates is applicable because of a receiver type mismatch:
fun <T> Join<Int, Function1<Int, Join<Any?, TypeMemento>>>.get(column: Column<T>): T?
e: file:///Users/jim/work/v2superbikeshed/Trikeshed/src/commonMain/kotlin/borg/trikeshed/net/http/HttpQuicIntegration.kt:346:24 Unresolved reference 'a'.
e: file:///Users/jim/work/v2superbikeshed/Trikeshed/src/commonMain/kotlin/borg/trikeshed/net/http/HttpQuicIntegration.kt:347:24 Unresolved reference 'b'.
e: file:///Users/jim/work/v2superbikeshed/Trikeshed/src/commonMain/kotlin/borg/trikeshed/net/http/HttpQuicServer.kt:107:30 Argument type mismatch: actual type is 'HttpStatusCode', but 'HttpStatusCode' was expected.
e: file:///Users/jim/work/v2superbikeshed/Trikeshed/src/commonMain/kotlin/borg/trikeshed/net/http/HttpQuicServer.kt:108:31 Cannot infer type for this parameter. Specify it explicitly.
e: file:///Users/jim/work/v2superbikeshed/Trikeshed/src/commonMain/kotlin/borg/trikeshed/net/http/HttpQuicServer.kt:108:31 Not enough information to infer type argument for 'T'.
e: file:///Users/jim/work/v2superbikeshed/Trikeshed/src/commonMain/kotlin/borg/trikeshed/net/http/HttpQuicServer.kt:108:31 Unresolved reference. None of the following candidates is applicable because of a receiver type mismatch:
fun <T> Join<Shape, Function1<Shape, T>>.invoke(index: Int): T
e: file:///Users/jim/work/v2superbikeshed/Trikeshed/src/commonMain/kotlin/borg/trikeshed/net/http/HttpQuicServer.kt:108:31 Argument type mismatch: actual type is 'T (of fun <T> Join<Shape, Function1<Shape, T>>.invoke)', but 'Join<Int, Function1<Int, Join<HttpHeaderName, HttpHeaderValue>>>' was expected.
e: file:///Users/jim/work/v2superbikeshed/Trikeshed/src/commonMain/kotlin/borg/trikeshed/net/http/HttpQuicServer.kt:109:28 Argument type mismatch: actual type is 'ByteArray', but 'ByteArray' was expected.
e: file:///Users/jim/work/v2superbikeshed/Trikeshed/src/commonMain/kotlin/borg/trikeshed/net/http/HttpQuicServer.kt:130:30 Cannot infer type for this parameter. Specify it explicitly.
e: file:///Users/jim/work/v2superbikeshed/Trikeshed/src/commonMain/kotlin/borg/trikeshed/net/http/HttpQuicServer.kt:130:30 Unresolved reference. None of the following candidates is applicable because of a receiver type mismatch:
fun <T> Join<Int, Function1<Int, Join<Any?, TypeMemento>>>.get(column: Column<T>): T?
e: file:///Users/jim/work/v2superbikeshed/Trikeshed/src/commonMain/kotlin/borg/trikeshed/net/http/HttpQuicServer.kt:136:31 Cannot infer type for this parameter. Specify it explicitly.
e: file:///Users/jim/work/v2superbikeshed/Trikeshed/src/commonMain/kotlin/borg/trikeshed/net/http/HttpQuicServer.kt:136:31 Unresolved reference. None of the following candidates is applicable because of a receiver type mismatch:
fun <T> Join<Int, Function1<Int, Join<Any?, TypeMemento>>>.get(column: Column<T>): T?
e: file:///Users/jim/work/v2superbikeshed/Trikeshed/src/commonMain/kotlin/borg/trikeshed/net/http/HttpQuicServer.kt:145:24 None of the following candidates is applicable:
fun ByteArray.toIdx(): Join<Int, Function1<Int, Byte>>
fun IntArray.toIdx(): Join<Int, Function1<Int, Int>>
e: file:///Users/jim/work/v2superbikeshed/Trikeshed/src/commonMain/kotlin/borg/trikeshed/net/http/HttpQuicServer.kt:154:71 Cannot infer type for this parameter. Specify it explicitly.
e: file:///Users/jim/work/v2superbikeshed/Trikeshed/src/commonMain/kotlin/borg/trikeshed/net/http/HttpQuicServer.kt:154:71 Not enough information to infer type argument for 'T'.
e: file:///Users/jim/work/v2superbikeshed/Trikeshed/src/commonMain/kotlin/borg/trikeshed/net/http/HttpQuicServer.kt:154:71 Unresolved reference. None of the following candidates is applicable because of a receiver type mismatch:
fun <T> Join<Shape, Function1<Shape, T>>.invoke(index: Int): T
e: file:///Users/jim/work/v2superbikeshed/Trikeshed/src/commonMain/kotlin/borg/trikeshed/net/http/HttpQuicServer.kt:232:26 None of the following candidates is applicable:
fun ByteArray.toIdx(): Join<Int, Function1<Int, Byte>>
fun IntArray.toIdx(): Join<Int, Function1<Int, Int>>
e: file:///Users/jim/work/v2superbikeshed/Trikeshed/src/commonMain/kotlin/borg/trikeshed/net/http/HttpQuicServer.kt:244:26 None of the following candidates is applicable:
fun ByteArray.toIdx(): Join<Int, Function1<Int, Byte>>
fun IntArray.toIdx(): Join<Int, Function1<Int, Int>>
e: file:///Users/jim/work/v2superbikeshed/Trikeshed/src/commonMain/kotlin/borg/trikeshed/net/http/HttpQuicServer.kt:262:12 Cannot infer type for this parameter. Specify it explicitly.
e: file:///Users/jim/work/v2superbikeshed/Trikeshed/src/commonMain/kotlin/borg/trikeshed/net/http/HttpQuicServer.kt:262:12 Unresolved reference. None of the following candidates is applicable because of a receiver type mismatch:
fun <T> Join<Int, Function1<Int, Join<Any?, TypeMemento>>>.get(column: Column<T>): T?
e: file:///Users/jim/work/v2superbikeshed/Trikeshed/src/commonMain/kotlin/borg/trikeshed/net/http/HttpQuicServer.kt:280:9 Unresolved reference. None of the following candidates is applicable because of a receiver type mismatch:
suspend fun QuicStream.writeByte(byte: Byte): Unit
e: file:///Users/jim/work/v2superbikeshed/Trikeshed/src/commonMain/kotlin/borg/trikeshed/net/http/HttpQuicServer.kt:280:19 Cannot infer type for this parameter. Specify it explicitly.
e: file:///Users/jim/work/v2superbikeshed/Trikeshed/src/commonMain/kotlin/borg/trikeshed/net/http/HttpQuicServer.kt:280:19 Unresolved reference. None of the following candidates is applicable because of a receiver type mismatch:
fun <T> Join<Int, Function1<Int, Join<Any?, TypeMemento>>>.get(column: Column<T>): T?
e: file:///Users/jim/work/v2superbikeshed/Trikeshed/src/commonMain/kotlin/borg/trikeshed/net/http/HttpSerializer.kt:29:33 Unresolved reference 'size'.
e: file:///Users/jim/work/v2superbikeshed/Trikeshed/src/commonMain/kotlin/borg/trikeshed/net/http/HttpSerializer.kt:30:26 Unresolved reference. None of the following candidates is applicable because of a receiver type mismatch:
fun MatchGroupCollection.get(name: String): MatchGroup?
e: file:///Users/jim/work/v2superbikeshed/Trikeshed/src/commonMain/kotlin/borg/trikeshed/net/http/HttpSerializer.kt:31:23 Unresolved reference 'a'.
e: file:///Users/jim/work/v2superbikeshed/Trikeshed/src/commonMain/kotlin/borg/trikeshed/net/http/HttpSerializer.kt:31:36 Unresolved reference 'b'.
e: file:///Users/jim/work/v2superbikeshed/Trikeshed/src/commonMain/kotlin/borg/trikeshed/net/http/HttpServer.kt:20:11 Redeclaration:
typealias HttpHandler = suspend (HttpRequest) -> HttpResponse
e: file:///Users/jim/work/v2superbikeshed/Trikeshed/src/commonMain/kotlin/borg/trikeshed/net/http/HttpServer.kt:25:12 Redeclaration:
data class HttpServerConfig : Any
e: file:///Users/jim/work/v2superbikeshed/Trikeshed/src/commonMain/kotlin/borg/trikeshed/net/http/HttpServer.kt:86:25 Unresolved reference 'PlatformIO'.
e: file:///Users/jim/work/v2superbikeshed/Trikeshed/src/commonMain/kotlin/borg/trikeshed/net/http/HttpServer.kt:88:40 Unresolved reference 'value'.
e: file:///Users/jim/work/v2superbikeshed/Trikeshed/src/commonMain/kotlin/borg/trikeshed/net/http/HttpServer.kt:89:65 Unresolved reference 'value'.
e: file:///Users/jim/work/v2superbikeshed/Trikeshed/src/commonMain/kotlin/borg/trikeshed/net/http/HttpServer.kt:89:86 Unresolved reference 'value'.
e: file:///Users/jim/work/v2superbikeshed/Trikeshed/src/commonMain/kotlin/borg/trikeshed/net/http/HttpServer.kt:91:17 Unresolved reference 'register'.
e: file:///Users/jim/work/v2superbikeshed/Trikeshed/src/commonMain/kotlin/borg/trikeshed/net/http/HttpServer.kt:92:47 Suspension functions can only be called within coroutine body.
e: file:///Users/jim/work/v2superbikeshed/Trikeshed/src/commonMain/kotlin/borg/trikeshed/net/http/HttpServer.kt:94:31 Unresolved reference 'configureBlocking'.
e: file:///Users/jim/work/v2superbikeshed/Trikeshed/src/commonMain/kotlin/borg/trikeshed/net/http/HttpServer.kt:98:71 Unresolved reference 'remoteAddress'.
e: file:///Users/jim/work/v2superbikeshed/Trikeshed/src/commonMain/kotlin/borg/trikeshed/net/http/HttpServer.kt:105:70 Unresolved reference 'value'.
e: file:///Users/jim/work/v2superbikeshed/Trikeshed/src/commonMain/kotlin/borg/trikeshed/net/http/HttpServer.kt:106:17 Cannot infer type for this parameter. Specify it explicitly.
e: file:///Users/jim/work/v2superbikeshed/Trikeshed/src/commonMain/kotlin/borg/trikeshed/net/http/HttpServer.kt:106:20 No value passed for parameter 'block'.
e: file:///Users/jim/work/v2superbikeshed/Trikeshed/src/commonMain/kotlin/borg/trikeshed/net/http/HttpServer.kt:112:21 Unresolved reference 'stop'.
e: file:///Users/jim/work/v2superbikeshed/Trikeshed/src/commonMain/kotlin/borg/trikeshed/net/http/HttpServer.kt:128:37 Unresolved reference 'read'.
e: file:///Users/jim/work/v2superbikeshed/Trikeshed/src/commonMain/kotlin/borg/trikeshed/net/http/HttpServer.kt:138:62 Argument type mismatch: actual type is 'Join<Int, Function1<Int, Char>>', but 'String' was expected.
e: file:///Users/jim/work/v2superbikeshed/Trikeshed/src/commonMain/kotlin/borg/trikeshed/net/http/HttpServer.kt:158:21 Unresolved reference 'write'.
e: file:///Users/jim/work/v2superbikeshed/Trikeshed/src/commonMain/kotlin/borg/trikeshed/net/http/HttpServer.kt:168:44 Overload resolution ambiguity between candidates:
fun <X, C, V : Join<Int, Function1<Int, X>>> V.α(crossinline xform: (X) -> C): Join<Int, Function1<Int, C>>
fun <X, C, V : Join<Int, Function1<Int, X>>> V.α(crossinline xform: (X) -> C): Join<Int, Function1<Int, C>>
e: file:///Users/jim/work/v2superbikeshed/Trikeshed/src/commonMain/kotlin/borg/trikeshed/net/http/HttpServer.kt:168:63 Unresolved reference 'it'.
e: file:///Users/jim/work/v2superbikeshed/Trikeshed/src/commonMain/kotlin/borg/trikeshed/net/http/HttpServer.kt:168:93 Unresolved reference 'it'.
e: file:///Users/jim/work/v2superbikeshed/Trikeshed/src/commonMain/kotlin/borg/trikeshed/net/http/HttpServer.kt:169:28 Argument type mismatch: actual type is 'String', but 'HttpMethod' was expected.
e: file:///Users/jim/work/v2superbikeshed/Trikeshed/src/commonMain/kotlin/borg/trikeshed/net/http/HttpServer.kt:169:86 Unresolved reference 'value'.
e: file:///Users/jim/work/v2superbikeshed/Trikeshed/src/commonMain/kotlin/borg/trikeshed/net/http/HttpServer.kt:169:103 Argument type mismatch: actual type is 'String', but 'ByteArray' was expected.
e: file:///Users/jim/work/v2superbikeshed/Trikeshed/src/commonMain/kotlin/borg/trikeshed/net/http/HttpServer.kt:169:124 Argument type mismatch: actual type is 'String', but 'HttpVersion' was expected.
e: file:///Users/jim/work/v2superbikeshed/Trikeshed/src/commonMain/kotlin/borg/trikeshed/net/http/HttpServer.kt:175:17 Unresolved reference 'write'.
e: file:///Users/jim/work/v2superbikeshed/Trikeshed/src/commonMain/kotlin/borg/trikeshed/net/http/HttpServer.kt:195:47 Unresolved reference 'path'.
e: file:///Users/jim/work/v2superbikeshed/Trikeshed/src/commonMain/kotlin/borg/trikeshed/net/http/HttpServer.kt:206:91 Unresolved reference 'path'.
e: file:///Users/jim/work/v2superbikeshed/Trikeshed/src/commonMain/kotlin/borg/trikeshed/net/http/HttpServer.kt:262:34 Unresolved reference 'Series2'.
e: file:///Users/jim/work/v2superbikeshed/Trikeshed/src/commonMain/kotlin/borg/trikeshed/net/http/HttpServer.kt:262:42 Unresolved reference 'HttpFieldName'.
e: file:///Users/jim/work/v2superbikeshed/Trikeshed/src/commonMain/kotlin/borg/trikeshed/net/http/HttpServer.kt:262:57 Unresolved reference 'HttpFieldValue'.
e: file:///Users/jim/work/v2superbikeshed/Trikeshed/src/commonMain/kotlin/borg/trikeshed/net/http/HttpServer.kt:263:40 Cannot infer type for this parameter. Specify it explicitly.
e: file:///Users/jim/work/v2superbikeshed/Trikeshed/src/commonMain/kotlin/borg/trikeshed/net/http/HttpServer.kt:263:40 Not enough information to infer type argument for 'T'.
e: file:///Users/jim/work/v2superbikeshed/Trikeshed/src/commonMain/kotlin/borg/trikeshed/net/http/HttpServer.kt:263:47 Cannot infer type for this parameter. Specify it explicitly.
e: file:///Users/jim/work/v2superbikeshed/Trikeshed/src/commonMain/kotlin/borg/trikeshed/net/http/HttpServer.kt:263:47 Not enough information to infer type argument for 'T'.
e: file:///Users/jim/work/v2superbikeshed/Trikeshed/src/commonMain/kotlin/borg/trikeshed/net/http/HttpServer.kt:263:52 Cannot infer type for this parameter. Specify it explicitly.
e: file:///Users/jim/work/v2superbikeshed/Trikeshed/src/commonMain/kotlin/borg/trikeshed/net/http/HttpServer.kt:264:16 Unresolved reference 'a'.
e: file:///Users/jim/work/v2superbikeshed/Trikeshed/src/commonMain/kotlin/borg/trikeshed/net/http/HttpServer.kt:265:12 Unresolved reference 'b'.
e: file:///Users/jim/work/v2superbikeshed/Trikeshed/src/commonMain/kotlin/borg/trikeshed/net/http/HttpServer.kt:276:18 Unresolved reference 'Series2'.
e: file:///Users/jim/work/v2superbikeshed/Trikeshed/src/commonMain/kotlin/borg/trikeshed/net/http/HttpServer.kt:276:26 Unresolved reference 'HttpFieldName'.
e: file:///Users/jim/work/v2superbikeshed/Trikeshed/src/commonMain/kotlin/borg/trikeshed/net/http/HttpServer.kt:276:41 Unresolved reference 'HttpFieldValue'.
e: file:///Users/jim/work/v2superbikeshed/Trikeshed/src/commonMain/kotlin/borg/trikeshed/net/http/HttpServer.kt:278:45 Cannot infer type for this parameter. Specify it explicitly.
e: file:///Users/jim/work/v2superbikeshed/Trikeshed/src/commonMain/kotlin/borg/trikeshed/net/http/HttpServer.kt:278:45 Not enough information to infer type argument for 'X'.
e: file:///Users/jim/work/v2superbikeshed/Trikeshed/src/commonMain/kotlin/borg/trikeshed/net/http/HttpServer.kt:278:49 Cannot infer type for this parameter. Specify it explicitly.
e: file:///Users/jim/work/v2superbikeshed/Trikeshed/src/commonMain/kotlin/borg/trikeshed/net/http/HttpServer.kt:279:17 Unresolved reference 'HttpFieldName'.
e: file:///Users/jim/work/v2superbikeshed/Trikeshed/src/commonMain/kotlin/borg/trikeshed/net/http/HttpServer.kt:279:36 Unresolved reference 'a'.
e: file:///Users/jim/work/v2superbikeshed/Trikeshed/src/commonMain/kotlin/borg/trikeshed/net/http/HttpServer.kt:279:47 Unresolved reference 'HttpFieldValue'.
e: file:///Users/jim/work/v2superbikeshed/Trikeshed/src/commonMain/kotlin/borg/trikeshed/net/http/HttpServer.kt:279:67 Unresolved reference 'b'.
e: file:///Users/jim/work/v2superbikeshed/Trikeshed/src/commonMain/kotlin/borg/trikeshed/net/http/HttpServer.kt:323:38 Unresolved reference 'parseChunkedBody'.
e: file:///Users/jim/work/v2superbikeshed/Trikeshed/src/commonMain/kotlin/borg/trikeshed/net/http/HttpServer.kt:326:28 Cannot infer type for this parameter. Specify it explicitly.
e: file:///Users/jim/work/v2superbikeshed/Trikeshed/src/commonMain/kotlin/borg/trikeshed/net/http/HttpServer.kt:326:35 Cannot infer type for this parameter. Specify it explicitly.
e: file:///Users/jim/work/v2superbikeshed/Trikeshed/src/commonMain/kotlin/borg/trikeshed/net/http/HttpServer.kt:326:35 Not enough information to infer type argument for 'T'.
e: file:///Users/jim/work/v2superbikeshed/Trikeshed/src/commonMain/kotlin/borg/trikeshed/net/http/HttpServer.kt:326:45 Cannot infer type for this parameter. Specify it explicitly.
e: file:///Users/jim/work/v2superbikeshed/Trikeshed/src/commonMain/kotlin/borg/trikeshed/net/http/HttpServer.kt:327:34 Unresolved reference 'data'.
e: file:///Users/jim/work/v2superbikeshed/Trikeshed/src/commonMain/kotlin/borg/trikeshed/net/http/HttpServer.kt:342:37 Unresolved reference 'DealService'.
e: file:///Users/jim/work/v2superbikeshed/Trikeshed/src/commonMain/kotlin/borg/trikeshed/net/http/HttpServer.kt:357:56 Unresolved reference 'RequestFactoryService'.
e: file:///Users/jim/work/v2superbikeshed/Trikeshed/src/commonMain/kotlin/borg/trikeshed/net/http/HttpServer.kt:359:65 Unresolved reference 'it'.
e: file:///Users/jim/work/v2superbikeshed/Trikeshed/src/commonMain/kotlin/borg/trikeshed/net/http/HttpServer.kt:360:56 Unresolved reference 'process'.
e: file:///Users/jim/work/v2superbikeshed/Trikeshed/src/commonMain/kotlin/borg/trikeshed/net/http/HttpServer.kt:361:50 Cannot infer type for this parameter. Specify it explicitly.
e: file:///Users/jim/work/v2superbikeshed/Trikeshed/src/commonMain/kotlin/borg/trikeshed/net/http/HttpServer.kt:361:55 Cannot infer type for this parameter. Specify it explicitly.
e: file:///Users/jim/work/v2superbikeshed/Trikeshed/src/commonMain/kotlin/borg/trikeshed/net/http/HttpServer.kt:361:55 Not enough information to infer type argument for 'T'.
e: file:///Users/jim/work/v2superbikeshed/Trikeshed/src/commonMain/kotlin/borg/trikeshed/net/http/HttpServer.kt:378:19 Unresolved reference 'coroutineContext'.
e: file:///Users/jim/work/v2superbikeshed/Trikeshed/src/commonMain/kotlin/borg/trikeshed/net/http/HttpServer.kt:378:19 Cannot infer type for this parameter. Specify it explicitly.
e: file:///Users/jim/work/v2superbikeshed/Trikeshed/src/commonMain/kotlin/borg/trikeshed/net/http/HttpServer.kt:381:24 No value passed for parameter 'status'.
e: file:///Users/jim/work/v2superbikeshed/Trikeshed/src/commonMain/kotlin/borg/trikeshed/net/http/HttpTypes.kt:6:27 Unresolved reference 'Series2'.
e: file:///Users/jim/work/v2superbikeshed/Trikeshed/src/commonMain/kotlin/borg/trikeshed/net/http/HttpTypes.kt:11:24 Redeclaration:
class HttpHeaderName : Any
e: file:///Users/jim/work/v2superbikeshed/Trikeshed/src/commonMain/kotlin/borg/trikeshed/net/http/HttpTypes.kt:12:24 Redeclaration:
class HttpHeaderValue : Any
e: file:///Users/jim/work/v2superbikeshed/Trikeshed/src/commonMain/kotlin/borg/trikeshed/net/http/HttpTypes.kt:13:24 Redeclaration:
class HttpRequestPath : Any
e: file:///Users/jim/work/v2superbikeshed/Trikeshed/src/commonMain/kotlin/borg/trikeshed/net/http/HttpTypes.kt:14:24 Redeclaration:
class HttpStatusCode : Any
e: file:///Users/jim/work/v2superbikeshed/Trikeshed/src/commonMain/kotlin/borg/trikeshed/net/http/HttpTypes.kt:15:24 Redeclaration:
class HttpReasonPhrase : Any
e: file:///Users/jim/work/v2superbikeshed/Trikeshed/src/commonMain/kotlin/borg/trikeshed/net/http/HttpTypes.kt:16:24 Redeclaration:
class HttpVersion : Any
e: file:///Users/jim/work/v2superbikeshed/Trikeshed/src/commonMain/kotlin/borg/trikeshed/net/http/HttpTypes.kt:19:12 Redeclaration:
enum class HttpMethod : Enum<HttpMethod>
e: file:///Users/jim/work/v2superbikeshed/Trikeshed/src/commonMain/kotlin/borg/trikeshed/net/http/HttpTypes.kt:24:12 Redeclaration:
data class HttpRequest : Any
e: file:///Users/jim/work/v2superbikeshed/Trikeshed/src/commonMain/kotlin/borg/trikeshed/net/http/HttpTypes.kt:34:26 Unresolved reference 'size'.
e: file:///Users/jim/work/v2superbikeshed/Trikeshed/src/commonMain/kotlin/borg/trikeshed/net/http/HttpTypes.kt:35:26 Unresolved reference. None of the following candidates is applicable because of a receiver type mismatch:
fun MatchGroupCollection.get(name: String): MatchGroup?
e: file:///Users/jim/work/v2superbikeshed/Trikeshed/src/commonMain/kotlin/borg/trikeshed/net/http/HttpTypes.kt:36:41 Unresolved reference 'a'.
e: file:///Users/jim/work/v2superbikeshed/Trikeshed/src/commonMain/kotlin/borg/trikeshed/net/http/HttpTypes.kt:36:60 Unresolved reference 'b'.
e: file:///Users/jim/work/v2superbikeshed/Trikeshed/src/commonMain/kotlin/borg/trikeshed/net/http/HttpTypes.kt:62:26 Unresolved reference 'Series2'.
e: file:///Users/jim/work/v2superbikeshed/Trikeshed/src/commonMain/kotlin/borg/trikeshed/net/http/HttpTypes.kt:81:12 Redeclaration:
data class HttpResponse : Any
e: file:///Users/jim/work/v2superbikeshed/Trikeshed/src/commonMain/kotlin/borg/trikeshed/net/http/HttpTypes.kt:93:26 Unresolved reference 'size'.
e: file:///Users/jim/work/v2superbikeshed/Trikeshed/src/commonMain/kotlin/borg/trikeshed/net/http/HttpTypes.kt:94:26 Unresolved reference. None of the following candidates is applicable because of a receiver type mismatch:
fun MatchGroupCollection.get(name: String): MatchGroup?
e: file:///Users/jim/work/v2superbikeshed/Trikeshed/src/commonMain/kotlin/borg/trikeshed/net/http/HttpTypes.kt:95:41 Unresolved reference 'a'.
e: file:///Users/jim/work/v2superbikeshed/Trikeshed/src/commonMain/kotlin/borg/trikeshed/net/http/HttpTypes.kt:95:60 Unresolved reference 'b'.
e: file:///Users/jim/work/v2superbikeshed/Trikeshed/src/commonMain/kotlin/borg/trikeshed/net/http/HttpTypes.kt:141:9 Conflicting overloads:
suspend fun HttpRequest.send(): HttpResponse
e: file:///Users/jim/work/v2superbikeshed/Trikeshed/src/commonMain/kotlin/borg/trikeshed/net/http/HttpTypes.kt:144:8 Redeclaration:
object HttpUtils : Any
e: file:///Users/jim/work/v2superbikeshed/Trikeshed/src/commonMain/kotlin/borg/trikeshed/net/http/HttpTypes.kt:155:33 Unresolved reference 'size'.
e: file:///Users/jim/work/v2superbikeshed/Trikeshed/src/commonMain/kotlin/borg/trikeshed/net/http/HttpTypes.kt:156:24 Unresolved reference. None of the following candidates is applicable because of a receiver type mismatch:
fun MatchGroupCollection.get(name: String): MatchGroup?
e: file:///Users/jim/work/v2superbikeshed/Trikeshed/src/commonMain/kotlin/borg/trikeshed/net/http/HttpTypes.kt:157:21 Unresolved reference 'a'.
e: file:///Users/jim/work/v2superbikeshed/Trikeshed/src/commonMain/kotlin/borg/trikeshed/net/http/HttpTypes.kt:157:38 Unresolved reference 'b'.
e: file:///Users/jim/work/v2superbikeshed/Trikeshed/src/commonMain/kotlin/borg/trikeshed/net/quic/QuicClient.kt:19:39 Unresolved reference 'sessionCache'.
e: file:///Users/jim/work/v2superbikeshed/Trikeshed/src/commonMain/kotlin/borg/trikeshed/net/quic/QuicClient.kt:38:22 Unresolved reference 'isAlive'.
e: file:///Users/jim/work/v2superbikeshed/Trikeshed/src/commonMain/kotlin/borg/trikeshed/net/quic/QuicClient.kt:44:13 No parameter with name 'isClient' found.
e: file:///Users/jim/work/v2superbikeshed/Trikeshed/src/commonMain/kotlin/borg/trikeshed/net/quic/QuicClient.kt:46:13 No parameter with name 'ioContext' found.
e: file:///Users/jim/work/v2superbikeshed/Trikeshed/src/commonMain/kotlin/borg/trikeshed/net/quic/QuicClient.kt:46:13 No value passed for parameter 'sessionCache'.
e: file:///Users/jim/work/v2superbikeshed/Trikeshed/src/commonMain/kotlin/borg/trikeshed/net/quic/QuicClient.kt:46:13 No value passed for parameter 'coroutineScope'.
e: file:///Users/jim/work/v2superbikeshed/Trikeshed/src/commonMain/kotlin/borg/trikeshed/net/quic/QuicClient.kt:50:42 Cannot infer type for this parameter. Specify it explicitly.
e: file:///Users/jim/work/v2superbikeshed/Trikeshed/src/commonMain/kotlin/borg/trikeshed/net/quic/QuicClient.kt:50:46 Argument type mismatch: actual type is 'String', but 'Column<T (of fun <T> Join<Int, Function1<Int, Join<Any?, TypeMemento>>>.get)>' was expected.
e: file:///Users/jim/work/v2superbikeshed/Trikeshed/src/commonMain/kotlin/borg/trikeshed/net/quic/QuicClient.kt:50:52 Too many arguments for 'fun <T> Join<Int, Function1<Int, Join<Any?, TypeMemento>>>.get(column: Column<T>): T?'.
e: file:///Users/jim/work/v2superbikeshed/Trikeshed/src/commonMain/kotlin/borg/trikeshed/net/quic/QuicClient.kt:53:28 Unresolved reference 'connect0RTT'.
e: file:///Users/jim/work/v2superbikeshed/Trikeshed/src/commonMain/kotlin/borg/trikeshed/net/quic/QuicClient.kt:62:40 Too many arguments for 'suspend fun connect(serverAddress: String, port: Int): Boolean'.
e: file:///Users/jim/work/v2superbikeshed/Trikeshed/src/commonMain/kotlin/borg/trikeshed/net/quic/QuicClient.kt:65:20 Unresolved reference 'getSession'.
e: file:///Users/jim/work/v2superbikeshed/Trikeshed/src/commonMain/kotlin/borg/trikeshed/net/quic/QuicClient.kt:65:34 Cannot infer type for this parameter. Specify it explicitly.
e: file:///Users/jim/work/v2superbikeshed/Trikeshed/src/commonMain/kotlin/borg/trikeshed/net/quic/QuicClient.kt:65:40 Cannot infer type for this parameter. Specify it explicitly.
e: file:///Users/jim/work/v2superbikeshed/Trikeshed/src/commonMain/kotlin/borg/trikeshed/net/quic/QuicClient.kt:66:26 Unresolved reference 'put'.
e: file:///Users/jim/work/v2superbikeshed/Trikeshed/src/commonMain/kotlin/borg/trikeshed/net/quic/QuicClient.kt:77:27 Unresolved reference 'openBidirectionalStream'.
e: file:///Users/jim/work/v2superbikeshed/Trikeshed/src/commonMain/kotlin/borg/trikeshed/net/quic/QuicClient.kt:84:27 Unresolved reference 'openUnidirectionalStream'.
e: file:///Users/jim/work/v2superbikeshed/Trikeshed/src/commonMain/kotlin/borg/trikeshed/net/quic/QuicClient.kt:95:16 Unresolved reference 'send'.
e: file:///Users/jim/work/v2superbikeshed/Trikeshed/src/commonMain/kotlin/borg/trikeshed/net/quic/QuicClient.kt:114:24 Unresolved reference 'send'.
e: file:///Users/jim/work/v2superbikeshed/Trikeshed/src/commonMain/kotlin/borg/trikeshed/net/quic/QuicClient.kt:115:24 Unresolved reference 'send'.
e: file:///Users/jim/work/v2superbikeshed/Trikeshed/src/commonMain/kotlin/borg/trikeshed/net/quic/QuicClient.kt:128:23 Unresolved reference 'receive'.
e: file:///Users/jim/work/v2superbikeshed/Trikeshed/src/commonMain/kotlin/borg/trikeshed/net/quic/QuicClient.kt:139:31 Unresolved reference 'isAlive'.
e: file:///Users/jim/work/v2superbikeshed/Trikeshed/src/commonMain/kotlin/borg/trikeshed/net/quic/QuicClient.kt:140:41 Unresolved reference 'acceptStream'.
e: file:///Users/jim/work/v2superbikeshed/Trikeshed/src/commonMain/kotlin/borg/trikeshed/net/quic/QuicClient.kt:165:27 Unresolved reference 'migrateConnection'.
e: file:///Users/jim/work/v2superbikeshed/Trikeshed/src/commonMain/kotlin/borg/trikeshed/net/quic/QuicClient.kt:173:30 Unresolved reference 'getRTT'.
e: file:///Users/jim/work/v2superbikeshed/Trikeshed/src/commonMain/kotlin/borg/trikeshed/net/quic/QuicClient.kt:174:43 Unresolved reference 'getCongestionWindow'.
e: file:///Users/jim/work/v2superbikeshed/Trikeshed/src/commonMain/kotlin/borg/trikeshed/net/quic/QuicClient.kt:175:40 Unresolved reference 'getBytesInFlight'.
e: file:///Users/jim/work/v2superbikeshed/Trikeshed/src/commonMain/kotlin/borg/trikeshed/net/quic/QuicClient.kt:176:38 Unresolved reference 'getPacketsLost'.
e: file:///Users/jim/work/v2superbikeshed/Trikeshed/src/commonMain/kotlin/borg/trikeshed/net/quic/QuicClient.kt:177:40 Unresolved reference 'getActiveStreamCount'.
e: file:///Users/jim/work/v2superbikeshed/Trikeshed/src/commonMain/kotlin/borg/trikeshed/net/quic/QuicClient.kt:186:24 Too many arguments for 'suspend fun close(): Unit'.
e: file:///Users/jim/work/v2superbikeshed/Trikeshed/src/commonMain/kotlin/borg/trikeshed/net/quic/QuicClient.kt:186:35 Too many arguments for 'suspend fun close(): Unit'.
e: file:///Users/jim/work/v2superbikeshed/Trikeshed/src/commonMain/kotlin/borg/trikeshed/net/quic/QuicClient.kt:205:16 Unresolved reference 'send'.
e: file:///Users/jim/work/v2superbikeshed/Trikeshed/src/commonMain/kotlin/borg/trikeshed/net/quic/QuicClient.kt:207:15 Cannot infer type for this parameter. Specify it explicitly.
e: file:///Users/jim/work/v2superbikeshed/Trikeshed/src/commonMain/kotlin/borg/trikeshed/net/quic/QuicClient.kt:207:28 Unresolved reference 'send'.
e: file:///Users/jim/work/v2superbikeshed/Trikeshed/src/commonMain/kotlin/borg/trikeshed/net/quic/QuicClient.kt:267:48 Unresolved reference 'default'.
e: file:///Users/jim/work/v2superbikeshed/Trikeshed/src/commonMain/kotlin/borg/trikeshed/net/quic/QuicClient.kt:303:20 Unresolved reference 'isFinished'.
e: file:///Users/jim/work/v2superbikeshed/Trikeshed/src/commonMain/kotlin/borg/trikeshed/net/quic/QuicClient.kt:347:20 Unresolved reference 'isFinished'.
e: file:///Users/jim/work/v2superbikeshed/Trikeshed/src/commonMain/kotlin/borg/trikeshed/net/quic/QuicProtocol.kt:5:16 Unresolved reference 'serialization'.
e: file:///Users/jim/work/v2superbikeshed/Trikeshed/src/commonMain/kotlin/borg/trikeshed/net/quic/QuicProtocol.kt:6:16 Unresolved reference 'serialization'.
e: file:///Users/jim/work/v2superbikeshed/Trikeshed/src/commonMain/kotlin/borg/trikeshed/net/quic/QuicProtocol.kt:49:2 Cannot access 'typealias Serializable = Serializable': it is internal in file.
e: file:///Users/jim/work/v2superbikeshed/Trikeshed/src/commonMain/kotlin/borg/trikeshed/net/quic/QuicProtocol.kt:49:2 Illegal annotation class 'Serializable'.
e: file:///Users/jim/work/v2superbikeshed/Trikeshed/src/commonMain/kotlin/borg/trikeshed/net/quic/QuicProtocol.kt:70:2 Cannot access 'typealias Serializable = Serializable': it is internal in file.
e: file:///Users/jim/work/v2superbikeshed/Trikeshed/src/commonMain/kotlin/borg/trikeshed/net/quic/QuicProtocol.kt:70:2 Illegal annotation class 'Serializable'.
e: file:///Users/jim/work/v2superbikeshed/Trikeshed/src/commonMain/kotlin/borg/trikeshed/net/quic/QuicProtocol.kt:81:2 Cannot access 'typealias Serializable = Serializable': it is internal in file.
e: file:///Users/jim/work/v2superbikeshed/Trikeshed/src/commonMain/kotlin/borg/trikeshed/net/quic/QuicProtocol.kt:81:2 Illegal annotation class 'Serializable'.
e: file:///Users/jim/work/v2superbikeshed/Trikeshed/src/commonMain/kotlin/borg/trikeshed/net/quic/QuicProtocol.kt:87:2 Cannot access 'typealias Serializable = Serializable': it is internal in file.
e: file:///Users/jim/work/v2superbikeshed/Trikeshed/src/commonMain/kotlin/borg/trikeshed/net/quic/QuicProtocol.kt:87:2 Illegal annotation class 'Serializable'.
e: file:///Users/jim/work/v2superbikeshed/Trikeshed/src/commonMain/kotlin/borg/trikeshed/net/quic/QuicProtocol.kt:98:2 Cannot access 'typealias Serializable = Serializable': it is internal in file.
e: file:///Users/jim/work/v2superbikeshed/Trikeshed/src/commonMain/kotlin/borg/trikeshed/net/quic/QuicProtocol.kt:98:2 Illegal annotation class 'Serializable'.
e: file:///Users/jim/work/v2superbikeshed/Trikeshed/src/commonMain/kotlin/borg/trikeshed/net/quic/QuicProtocol.kt:108:2 Cannot access 'typealias Serializable = Serializable': it is internal in file.
e: file:///Users/jim/work/v2superbikeshed/Trikeshed/src/commonMain/kotlin/borg/trikeshed/net/quic/QuicProtocol.kt:108:2 Illegal annotation class 'Serializable'.
e: file:///Users/jim/work/v2superbikeshed/Trikeshed/src/commonMain/kotlin/borg/trikeshed/net/quic/QuicProtocol.kt:117:2 Cannot access 'typealias Serializable = Serializable': it is internal in file.
e: file:///Users/jim/work/v2superbikeshed/Trikeshed/src/commonMain/kotlin/borg/trikeshed/net/quic/QuicProtocol.kt:117:2 Illegal annotation class 'Serializable'.
e: file:///Users/jim/work/v2superbikeshed/Trikeshed/src/commonMain/kotlin/borg/trikeshed/net/quic/QuicProtocol.kt:125:2 Cannot access 'typealias Serializable = Serializable': it is internal in file.
e: file:///Users/jim/work/v2superbikeshed/Trikeshed/src/commonMain/kotlin/borg/trikeshed/net/quic/QuicProtocol.kt:125:2 Illegal annotation class 'Serializable'.
e: file:///Users/jim/work/v2superbikeshed/Trikeshed/src/commonMain/kotlin/borg/trikeshed/net/quic/QuicProtocol.kt:145:2 Cannot access 'typealias Serializable = Serializable': it is internal in file.
e: file:///Users/jim/work/v2superbikeshed/Trikeshed/src/commonMain/kotlin/borg/trikeshed/net/quic/QuicProtocol.kt:145:2 Illegal annotation class 'Serializable'.
e: file:///Users/jim/work/v2superbikeshed/Trikeshed/src/commonMain/kotlin/borg/trikeshed/net/quic/QuicProtocol.kt:162:2 Cannot access 'typealias Serializable = Serializable': it is internal in file.
e: file:///Users/jim/work/v2superbikeshed/Trikeshed/src/commonMain/kotlin/borg/trikeshed/net/quic/QuicProtocol.kt:162:2 Illegal annotation class 'Serializable'.
e: file:///Users/jim/work/v2superbikeshed/Trikeshed/src/commonMain/kotlin/borg/trikeshed/net/quic/QuicStream.kt:55:49 Argument type mismatch: actual type is 'Byte?', but 'Byte' was expected.
e: file:///Users/jim/work/v2superbikeshed/Trikeshed/src/commonMain/kotlin/borg/trikeshed/net/quic/QuicStream.kt:55:49 Unresolved reference. None of the following candidates is applicable because of a receiver type mismatch:
fun <T> Join<Int, Function1<Int, Join<Any?, TypeMemento>>>.get(column: Column<T>): T?
e: file:///Users/jim/work/v2superbikeshed/Trikeshed/src/commonMain/kotlin/borg/trikeshed/net/quic/SecureQuicEngine.kt:12:31 Unresolved reference 'CryptoEngine'.
e: file:///Users/jim/work/v2superbikeshed/Trikeshed/src/commonMain/kotlin/borg/trikeshed/net/quic/SecureQuicEngine.kt:17:54 No value passed for parameter 'localConnectionId'.
e: file:///Users/jim/work/v2superbikeshed/Trikeshed/src/commonMain/kotlin/borg/trikeshed/net/quic/SecureQuicEngine.kt:17:54 No value passed for parameter 'remoteConnectionId'.
e: file:///Users/jim/work/v2superbikeshed/Trikeshed/src/commonMain/kotlin/borg/trikeshed/net/quic/SecureQuicEngine.kt:88:26 Unresolved reference 'encrypt'.
e: file:///Users/jim/work/v2superbikeshed/Trikeshed/src/commonMain/kotlin/borg/trikeshed/net/quic/SecureQuicEngine.kt:88:50 Unresolved reference 'EncryptionMode'.
e: file:///Users/jim/work/v2superbikeshed/Trikeshed/src/commonMain/kotlin/borg/trikeshed/net/quic/SecureQuicEngine.kt:112:56 Argument type mismatch: actual type is 'ConnectionId', but 'Join<Int, Function1<Int, Byte>>' was expected.
e: file:///Users/jim/work/v2superbikeshed/Trikeshed/src/commonMain/kotlin/borg/trikeshed/net/quic/SecureQuicEngine.kt:113:51 Argument type mismatch: actual type is 'ConnectionId', but 'Join<Int, Function1<Int, Byte>>' was expected.
e: file:///Users/jim/work/v2superbikeshed/Trikeshed/src/commonMain/kotlin/borg/trikeshed/net/quic/SecureQuicEngine.kt:153:34 Unresolved reference 'decrypt'.
e: file:///Users/jim/work/v2superbikeshed/Trikeshed/src/commonMain/kotlin/borg/trikeshed/net/quic/SecureQuicEngine.kt:153:63 Unresolved reference 'EncryptionMode'.
e: file:///Users/jim/work/v2superbikeshed/Trikeshed/src/commonMain/kotlin/borg/trikeshed/net/quic/SecureQuicEngine.kt:243:52 Argument type mismatch: actual type is 'ConnectionId', but 'Join<Int, Function1<Int, Byte>>' was expected.
e: file:///Users/jim/work/v2superbikeshed/Trikeshed/src/commonMain/kotlin/borg/trikeshed/net/quic/SecureQuicEngine.kt:244:47 Argument type mismatch: actual type is 'ConnectionId', but 'Join<Int, Function1<Int, Byte>>' was expected.
e: file:///Users/jim/work/v2superbikeshed/Trikeshed/src/commonMain/kotlin/borg/trikeshed/net/socks/Socks5Client.kt:46:39 No value passed for parameter 'offset'.
e: file:///Users/jim/work/v2superbikeshed/Trikeshed/src/commonMain/kotlin/borg/trikeshed/net/socks/Socks5Client.kt:46:39 No value passed for parameter 'length'.
e: file:///Users/jim/work/v2superbikeshed/Trikeshed/src/commonMain/kotlin/borg/trikeshed/net/socks/Socks5Client.kt:173:23 Suspend function 'expect suspend fun close(): Unit' can only be called from a coroutine or another suspend function.
e: file:///Users/jim/work/v2superbikeshed/Trikeshed/src/commonMain/kotlin/borg/trikeshed/net/socks/Socks5Client.kt:217:39 No value passed for parameter 'offset'.
e: file:///Users/jim/work/v2superbikeshed/Trikeshed/src/commonMain/kotlin/borg/trikeshed/net/socks/Socks5Client.kt:217:39 No value passed for parameter 'length'.
e: file:///Users/jim/work/v2superbikeshed/Trikeshed/src/commonMain/kotlin/borg/trikeshed/net/socks/Socks5Client.kt:261:39 No value passed for parameter 'offset'.
e: file:///Users/jim/work/v2superbikeshed/Trikeshed/src/commonMain/kotlin/borg/trikeshed/net/socks/Socks5Client.kt:261:39 No value passed for parameter 'length'.
e: file:///Users/jim/work/v2superbikeshed/Trikeshed/src/commonMain/kotlin/borg/trikeshed/net/socks/Socks5Client.kt:277:36 No value passed for parameter 'offset'.
e: file:///Users/jim/work/v2superbikeshed/Trikeshed/src/commonMain/kotlin/borg/trikeshed/net/socks/Socks5Client.kt:277:36 No value passed for parameter 'length'.
e: file:///Users/jim/work/v2superbikeshed/Trikeshed/src/commonMain/kotlin/borg/trikeshed/net/socks/Socks5Client.kt:279:36 No value passed for parameter 'offset'.
e: file:///Users/jim/work/v2superbikeshed/Trikeshed/src/commonMain/kotlin/borg/trikeshed/net/socks/Socks5Client.kt:279:36 No value passed for parameter 'length'.
e: file:///Users/jim/work/v2superbikeshed/Trikeshed/src/commonMain/kotlin/borg/trikeshed/net/socks/Socks5Client.kt:286:36 No value passed for parameter 'offset'.
e: file:///Users/jim/work/v2superbikeshed/Trikeshed/src/commonMain/kotlin/borg/trikeshed/net/socks/Socks5Client.kt:286:36 No value passed for parameter 'length'.
e: file:///Users/jim/work/v2superbikeshed/Trikeshed/src/commonMain/kotlin/borg/trikeshed/net/socks/Socks5Client.kt:289:36 No value passed for parameter 'offset'.
e: file:///Users/jim/work/v2superbikeshed/Trikeshed/src/commonMain/kotlin/borg/trikeshed/net/socks/Socks5Client.kt:289:36 No value passed for parameter 'length'.
e: file:///Users/jim/work/v2superbikeshed/Trikeshed/src/commonMain/kotlin/borg/trikeshed/net/socks/Socks5Client.kt:291:36 No value passed for parameter 'offset'.
e: file:///Users/jim/work/v2superbikeshed/Trikeshed/src/commonMain/kotlin/borg/trikeshed/net/socks/Socks5Client.kt:291:36 No value passed for parameter 'length'.
e: file:///Users/jim/work/v2superbikeshed/Trikeshed/src/commonMain/kotlin/borg/trikeshed/net/socks/Socks5Client.kt:298:36 No value passed for parameter 'offset'.
e: file:///Users/jim/work/v2superbikeshed/Trikeshed/src/commonMain/kotlin/borg/trikeshed/net/socks/Socks5Client.kt:298:36 No value passed for parameter 'length'.
e: file:///Users/jim/work/v2superbikeshed/Trikeshed/src/commonMain/kotlin/borg/trikeshed/net/socks/Socks5Client.kt:300:36 No value passed for parameter 'offset'.
e: file:///Users/jim/work/v2superbikeshed/Trikeshed/src/commonMain/kotlin/borg/trikeshed/net/socks/Socks5Client.kt:300:36 No value passed for parameter 'length'.
e: file:///Users/jim/work/v2superbikeshed/Trikeshed/src/commonMain/kotlin/borg/trikeshed/net/socks/Socks5Client.kt:347:56 No value passed for parameter 'offset'.
e: file:///Users/jim/work/v2superbikeshed/Trikeshed/src/commonMain/kotlin/borg/trikeshed/net/socks/Socks5Client.kt:347:56 No value passed for parameter 'length'.
e: file:///Users/jim/work/v2superbikeshed/Trikeshed/src/commonMain/kotlin/borg/trikeshed/net/socks/Socks5Client.kt:348:27 Suspend function 'expect suspend fun close(): Unit' can only be called from a coroutine or another suspend function.
e: file:///Users/jim/work/v2superbikeshed/Trikeshed/src/commonMain/kotlin/borg/trikeshed/net/socks/Socks5Client.kt:362:33 No value passed for parameter 'offset'.
e: file:///Users/jim/work/v2superbikeshed/Trikeshed/src/commonMain/kotlin/borg/trikeshed/net/socks/Socks5Client.kt:362:33 No value passed for parameter 'length'.
e: file:///Users/jim/work/v2superbikeshed/Trikeshed/src/commonMain/kotlin/borg/trikeshed/net/socks/Socks5Client.kt:367:27 Suspend function 'expect suspend fun close(): Unit' can only be called from a coroutine or another suspend function.
e: file:///Users/jim/work/v2superbikeshed/Trikeshed/src/commonMain/kotlin/borg/trikeshed/net/socks/Socks5Client.kt:394:20 Suspend function 'expect suspend fun close(): Unit' can only be called from a coroutine or another suspend function.
e: file:///Users/jim/work/v2superbikeshed/Trikeshed/src/commonMain/kotlin/borg/trikeshed/net/socks/Socks5Server.kt:15:33 Unresolved reference 'Socks5Protocol'.
e: file:///Users/jim/work/v2superbikeshed/Trikeshed/src/commonMain/kotlin/borg/trikeshed/net/socks/Socks5Server.kt:198:16 None of the following candidates is applicable:
val CoroutineContext.isActive: Boolean
val CoroutineScope.isActive: Boolean
val FlowCollector<*>.isActive: Boolean
e: file:///Users/jim/work/v2superbikeshed/Trikeshed/src/commonMain/kotlin/borg/trikeshed/net/socks/Socks5Server.kt:202:65 Unresolved reference 'fd'.
e: file:///Users/jim/work/v2superbikeshed/Trikeshed/src/commonMain/kotlin/borg/trikeshed/net/socks/Socks5Server.kt:241:21 None of the following candidates is applicable:
val CoroutineContext.isActive: Boolean
val CoroutineScope.isActive: Boolean
val FlowCollector<*>.isActive: Boolean
e: file:///Users/jim/work/v2superbikeshed/Trikeshed/src/commonMain/kotlin/borg/trikeshed/net/socks/Socks5Server.kt:294:24 Unresolved reference 'VERSION'.
e: file:///Users/jim/work/v2superbikeshed/Trikeshed/src/commonMain/kotlin/borg/trikeshed/net/socks/Socks5Server.kt:296:42 Unresolved reference 'Methods'.
e: file:///Users/jim/work/v2superbikeshed/Trikeshed/src/commonMain/kotlin/borg/trikeshed/net/socks/Socks5Server.kt:297:13 'return' is prohibited here.
e: file:///Users/jim/work/v2superbikeshed/Trikeshed/src/commonMain/kotlin/borg/trikeshed/net/socks/Socks5Server.kt:301:65 Too many arguments for 'suspend fun read(buffer: ByteArray): Int'.
e: file:///Users/jim/work/v2superbikeshed/Trikeshed/src/commonMain/kotlin/borg/trikeshed/net/socks/Socks5Server.kt:301:68 Too many arguments for 'suspend fun read(buffer: ByteArray): Int'.
e: file:///Users/jim/work/v2superbikeshed/Trikeshed/src/commonMain/kotlin/borg/trikeshed/net/socks/Socks5Server.kt:304:13 'return' is prohibited here.
e: file:///Users/jim/work/v2superbikeshed/Trikeshed/src/commonMain/kotlin/borg/trikeshed/net/socks/Socks5Server.kt:310:34 Unresolved reference 'Methods'.
e: file:///Users/jim/work/v2superbikeshed/Trikeshed/src/commonMain/kotlin/borg/trikeshed/net/socks/Socks5Server.kt:318:42 Unresolved reference 'Methods'.
e: file:///Users/jim/work/v2superbikeshed/Trikeshed/src/commonMain/kotlin/borg/trikeshed/net/socks/Socks5Server.kt:319:13 'return' is prohibited here.
e: file:///Users/jim/work/v2superbikeshed/Trikeshed/src/commonMain/kotlin/borg/trikeshed/net/socks/Socks5Server.kt:323:38 Unresolved reference 'Methods'.
e: file:///Users/jim/work/v2superbikeshed/Trikeshed/src/commonMain/kotlin/borg/trikeshed/net/socks/Socks5Server.kt:325:9 'return' is prohibited here.
e: file:///Users/jim/work/v2superbikeshed/Trikeshed/src/commonMain/kotlin/borg/trikeshed/net/socks/Socks5Server.kt:332:36 Unresolved reference 'VERSION'.
e: file:///Users/jim/work/v2superbikeshed/Trikeshed/src/commonMain/kotlin/borg/trikeshed/net/socks/Socks5Server.kt:343:58 Too many arguments for 'suspend fun read(buffer: ByteArray): Int'.
e: file:///Users/jim/work/v2superbikeshed/Trikeshed/src/commonMain/kotlin/borg/trikeshed/net/socks/Socks5Server.kt:343:61 Too many arguments for 'suspend fun read(buffer: ByteArray): Int'.
e: file:///Users/jim/work/v2superbikeshed/Trikeshed/src/commonMain/kotlin/borg/trikeshed/net/socks/Socks5Server.kt:346:35 Unresolved reference 'ReplyCodes'.
e: file:///Users/jim/work/v2superbikeshed/Trikeshed/src/commonMain/kotlin/borg/trikeshed/net/socks/Socks5Server.kt:355:24 Unresolved reference 'VERSION'.
e: file:///Users/jim/work/v2superbikeshed/Trikeshed/src/commonMain/kotlin/borg/trikeshed/net/socks/Socks5Server.kt:357:35 Unresolved reference 'ReplyCodes'.
e: file:///Users/jim/work/v2superbikeshed/Trikeshed/src/commonMain/kotlin/borg/trikeshed/net/socks/Socks5Server.kt:365:35 Unresolved reference 'ReplyCodes'.
e: file:///Users/jim/work/v2superbikeshed/Trikeshed/src/commonMain/kotlin/borg/trikeshed/net/socks/Socks5Server.kt:371:13 Unresolved reference 'Commands'.
e: file:///Users/jim/work/v2superbikeshed/Trikeshed/src/commonMain/kotlin/borg/trikeshed/net/socks/Socks5Server.kt:372:13 Unresolved reference 'Commands'.
e: file:///Users/jim/work/v2superbikeshed/Trikeshed/src/commonMain/kotlin/borg/trikeshed/net/socks/Socks5Server.kt:373:13 Unresolved reference 'Commands'.
e: file:///Users/jim/work/v2superbikeshed/Trikeshed/src/commonMain/kotlin/borg/trikeshed/net/socks/Socks5Server.kt:376:39 Unresolved reference 'ReplyCodes'.
e: file:///Users/jim/work/v2superbikeshed/Trikeshed/src/commonMain/kotlin/borg/trikeshed/net/socks/Socks5Server.kt:393:33 Unresolved reference 'createClientChannel'.
e: file:///Users/jim/work/v2superbikeshed/Trikeshed/src/commonMain/kotlin/borg/trikeshed/net/socks/Socks5Server.kt:400:35 Unresolved reference 'ReplyCodes'.
e: file:///Users/jim/work/v2superbikeshed/Trikeshed/src/commonMain/kotlin/borg/trikeshed/net/socks/Socks5Server.kt:408:21 Unresolved reference 'ReplyCodes'.
e: file:///Users/jim/work/v2superbikeshed/Trikeshed/src/commonMain/kotlin/borg/trikeshed/net/socks/Socks5Server.kt:410:21 Unresolved reference 'ReplyCodes'.
e: file:///Users/jim/work/v2superbikeshed/Trikeshed/src/commonMain/kotlin/borg/trikeshed/net/socks/Socks5Server.kt:411:25 Unresolved reference 'ReplyCodes'.
e: file:///Users/jim/work/v2superbikeshed/Trikeshed/src/commonMain/kotlin/borg/trikeshed/net/socks/Socks5Server.kt:429:31 Unresolved reference 'createServerChannel'.
e: file:///Users/jim/work/v2superbikeshed/Trikeshed/src/commonMain/kotlin/borg/trikeshed/net/socks/Socks5Server.kt:437:35 Unresolved reference 'ReplyCodes'.
e: file:///Users/jim/work/v2superbikeshed/Trikeshed/src/commonMain/kotlin/borg/trikeshed/net/socks/Socks5Server.kt:450:43 Unresolved reference 'ReplyCodes'.
e: file:///Users/jim/work/v2superbikeshed/Trikeshed/src/commonMain/kotlin/borg/trikeshed/net/socks/Socks5Server.kt:457:43 Unresolved reference 'ReplyCodes'.
e: file:///Users/jim/work/v2superbikeshed/Trikeshed/src/commonMain/kotlin/borg/trikeshed/net/socks/Socks5Server.kt:463:35 Unresolved reference 'ReplyCodes'.
e: file:///Users/jim/work/v2superbikeshed/Trikeshed/src/commonMain/kotlin/borg/trikeshed/net/socks/Socks5Server.kt:479:30 Unresolved reference 'createUdpChannel'.
e: file:///Users/jim/work/v2superbikeshed/Trikeshed/src/commonMain/kotlin/borg/trikeshed/net/socks/Socks5Server.kt:487:35 Unresolved reference 'ReplyCodes'.
e: file:///Users/jim/work/v2superbikeshed/Trikeshed/src/commonMain/kotlin/borg/trikeshed/net/socks/Socks5Server.kt:496:35 Unresolved reference 'ReplyCodes'.
e: file:///Users/jim/work/v2superbikeshed/Trikeshed/src/commonMain/kotlin/borg/trikeshed/net/socks/Socks5Server.kt:550:20 None of the following candidates is applicable:
val CoroutineContext.isActive: Boolean
val CoroutineScope.isActive: Boolean
val FlowCollector<*>.isActive: Boolean
e: file:///Users/jim/work/v2superbikeshed/Trikeshed/src/commonMain/kotlin/borg/trikeshed/net/socks/Socks5Server.kt:600:22 Unresolved reference 'VERSION'.
e: file:///Users/jim/work/v2superbikeshed/Trikeshed/src/commonMain/kotlin/borg/trikeshed/net/socks/Socks5Server.kt:608:30 Unresolved reference 'AddressTypes'.
e: file:///Users/jim/work/v2superbikeshed/Trikeshed/src/commonMain/kotlin/borg/trikeshed/net/socks/Socks5Server.kt:614:30 Unresolved reference 'AddressTypes'.
e: file:///Users/jim/work/v2superbikeshed/Trikeshed/src/commonMain/kotlin/borg/trikeshed/net/socks/Socks5Server.kt:621:30 Unresolved reference 'AddressTypes'.
e: file:///Users/jim/work/v2superbikeshed/Trikeshed/src/commonMain/kotlin/borg/trikeshed/net/socks/Socks5Server.kt:646:13 Unresolved reference 'AddressTypes'.
e: file:///Users/jim/work/v2superbikeshed/Trikeshed/src/commonMain/kotlin/borg/trikeshed/net/socks/Socks5Server.kt:655:13 Unresolved reference 'AddressTypes'.
e: file:///Users/jim/work/v2superbikeshed/Trikeshed/src/commonMain/kotlin/borg/trikeshed/net/socks/Socks5Server.kt:664:13 Unresolved reference 'AddressTypes'.
e: file:///Users/jim/work/v2superbikeshed/Trikeshed/src/commonMain/kotlin/borg/trikeshed/net/socks/Socks5Server.kt:685:13 Argument type mismatch: actual type is 'Pair<A (of fun <A, B> A.to), B (of fun <A, B> A.to)>', but 'K (of fun <K> WHEN_CALL)' was expected.
e: file:///Users/jim/work/v2superbikeshed/Trikeshed/src/commonMain/kotlin/borg/trikeshed/net/socks/Socks5Server.kt:685:42 Cannot infer type for this parameter. Specify it explicitly.
e: file:///Users/jim/work/v2superbikeshed/Trikeshed/src/commonMain/kotlin/borg/trikeshed/net/socks/Socks5Server.kt:685:42 Unresolved reference. None of the following candidates is applicable because of a receiver type mismatch:
fun <A, B> A.to(that: B): Pair<A, B>
e: file:///Users/jim/work/v2superbikeshed/Trikeshed/src/commonMain/kotlin/borg/trikeshed/net/socks/Socks5Server.kt:687:13 Argument type mismatch: actual type is 'Pair<String, Int>', but 'K (of fun <K> WHEN_CALL)' was expected.
e: file:///Users/jim/work/v2superbikeshed/Trikeshed/src/commonMain/kotlin/borg/trikeshed/net/socks/Socks5Server.kt:734:23 Unresolved reference 'submitBatch'.
e: file:///Users/jim/work/v2superbikeshed/Trikeshed/src/commonMain/kotlin/borg/trikeshed/net/socks/Socks5Server.kt:737:37 Unresolved reference 'waitCompletions'.
e: file:///Users/jim/work/v2superbikeshed/Trikeshed/src/commonMain/kotlin/borg/trikeshed/net/socks/Socks5Server.kt:769:43 Unresolved reference 'fd'.
e: file:///Users/jim/work/v2superbikeshed/Trikeshed/src/commonMain/kotlin/borg/trikeshed/net/socks/Socks5Server.kt:778:54 Smart cast to 'AsyncChannel' is impossible, because 'targetChannel' is a mutable property that could be mutated concurrently.
e: file:///Users/jim/work/v2superbikeshed/Trikeshed/src/commonMain/kotlin/borg/trikeshed/net/socks/Socks5Server.kt:791:67 Unresolved reference 'fd'.
e: file:///Users/jim/work/v2superbikeshed/Trikeshed/src/commonMain/kotlin/borg/trikeshed/net/socks/Socks5Server.kt:792:36 Unresolved reference 'context'.
e: file:///Users/jim/work/v2superbikeshed/Trikeshed/src/commonMain/kotlin/borg/trikeshed/net/socks/Socks5Server.kt:796:46 Unresolved reference 'fd'.
e: file:///Users/jim/work/v2superbikeshed/Trikeshed/src/commonMain/kotlin/borg/trikeshed/net/socks/Socks5Server.kt:796:68 Too many arguments for 'constructor(fd: Int, buffer: ByteArray, offset: Long): SqeOp.Write'.
e: file:///Users/jim/work/v2superbikeshed/Trikeshed/src/commonMain/kotlin/borg/trikeshed/net/socks/Socks5Server.kt:797:20 Unresolved reference 'context'.
e: file:///Users/jim/work/v2superbikeshed/Trikeshed/src/commonMain/kotlin/borg/trikeshed/net/socks/Socks5Server.kt:807:17 Conflicting declarations:
val fd: Int
e: file:///Users/jim/work/v2superbikeshed/Trikeshed/src/commonMain/kotlin/borg/trikeshed/net/socks/Socks5Server.kt:812:24 Overload resolution ambiguity between candidates:
val fd: Int
val fd: Int
e: file:///Users/jim/work/v2superbikeshed/Trikeshed/src/commonMain/kotlin/borg/trikeshed/net/socks/Socks5Server.kt:814:24 Unresolved reference 'submitAndWait'.
e: file:///Users/jim/work/v2superbikeshed/Trikeshed/src/commonMain/kotlin/borg/trikeshed/net/socks/Socks5Server.kt:819:25 Overload resolution ambiguity between candidates:
val fd: Int
val fd: Int
e: file:///Users/jim/work/v2superbikeshed/Trikeshed/src/commonMain/kotlin/borg/trikeshed/net/socks/Socks5Server.kt:821:24 Unresolved reference 'submitAndWait'.
e: file:///Users/jim/work/v2superbikeshed/Trikeshed/src/commonMain/kotlin/borg/trikeshed/net/socks/Socks5Server.kt:824:55 Unresolved reference 'getLocalAddress'.
e: file:///Users/jim/work/v2superbikeshed/Trikeshed/src/commonMain/kotlin/borg/trikeshed/net/socks/Socks5Server.kt:824:71 Overload resolution ambiguity between candidates:
val fd: Int
val fd: Int
e: file:///Users/jim/work/v2superbikeshed/Trikeshed/src/commonMain/kotlin/borg/trikeshed/net/socks/Socks5Server.kt:825:56 Unresolved reference 'getRemoteAddress'.
e: file:///Users/jim/work/v2superbikeshed/Trikeshed/src/commonMain/kotlin/borg/trikeshed/net/socks/Socks5Server.kt:825:73 Overload resolution ambiguity between candidates:
val fd: Int
val fd: Int
e: file:///Users/jim/work/v2superbikeshed/Trikeshed/src/commonMain/kotlin/borg/trikeshed/net/socks/Socks5Server.kt:826:50 Unresolved reference 'isOpen'.
e: file:///Users/jim/work/v2superbikeshed/Trikeshed/src/commonMain/kotlin/borg/trikeshed/net/socks/Socks5Server.kt:826:57 Overload resolution ambiguity between candidates:
val fd: Int
val fd: Int
e: file:///Users/jim/work/v2superbikeshed/Trikeshed/src/commonMain/kotlin/borg/trikeshed/net/socks/Socks5Server.kt:828:36 Unresolved reference 'close'.
e: file:///Users/jim/work/v2superbikeshed/Trikeshed/src/commonMain/kotlin/borg/trikeshed/net/socks/Socks5Server.kt:828:42 Overload resolution ambiguity between candidates:
val fd: Int
val fd: Int
e: file:///Users/jim/work/v2superbikeshed/Trikeshed/src/commonMain/kotlin/borg/trikeshed/net/socks/Socks5Server.kt:830:9 Conflicting declarations:
val fd: Int
e: file:///Users/jim/work/v2superbikeshed/Trikeshed/src/commonMain/kotlin/borg/trikeshed/net/socks/Socks5Server.kt:830:25 Overload resolution ambiguity between candidates:
val fd: Int
val fd: Int
e: file:///Users/jim/work/v2superbikeshed/Trikeshed/src/commonMain/kotlin/borg/trikeshed/net/socks/Socks5Server.kt:837:5 This type is final, so it cannot be extended.
e: file:///Users/jim/work/v2superbikeshed/Trikeshed/src/commonMain/kotlin/borg/trikeshed/net/socks/Socks5Server.kt:837:26 Unresolved reference 'createServerSocket'.
e: file:///Users/jim/work/v2superbikeshed/Trikeshed/src/commonMain/kotlin/borg/trikeshed/net/socks/Socks5Server.kt:840:22 Cannot access 'val context: IOContext.UringContext': it is private in 'borg/trikeshed/net/socks/UringChannel'.
e: file:///Users/jim/work/v2superbikeshed/Trikeshed/src/commonMain/kotlin/borg/trikeshed/net/socks/Socks5Server.kt:840:30 Unresolved reference 'submitAndWait'.
e: file:///Users/jim/work/v2superbikeshed/Trikeshed/src/commonMain/kotlin/borg/trikeshed/net/socks/Socks5Server.kt:841:42 Cannot access 'val context: IOContext.UringContext': it is private in 'borg/trikeshed/net/socks/UringChannel'.
e: file:///Users/jim/work/v2superbikeshed/Trikeshed/src/commonMain/kotlin/borg/trikeshed/net/socks/Socks5Server.kt:849:5 This type is final, so it cannot be extended.
e: file:///Users/jim/work/v2superbikeshed/Trikeshed/src/commonMain/kotlin/borg/trikeshed/net/socks/Socks5Server.kt:849:26 Unresolved reference 'createSocket'.
e: file:///Users/jim/work/v2superbikeshed/Trikeshed/src/commonMain/kotlin/borg/trikeshed/net/socks/Socks5Server.kt:852:9 Cannot infer type for this parameter. Specify it explicitly.
e: file:///Users/jim/work/v2superbikeshed/Trikeshed/src/commonMain/kotlin/borg/trikeshed/net/socks/Socks5Server.kt:854:21 Unresolved reference 'submitAndWait'.
e: file:///Users/jim/work/v2superbikeshed/Trikeshed/src/commonMain/kotlin/borg/trikeshed/net/socks/Socks5Server.kt:861:5 This type is final, so it cannot be extended.
e: file:///Users/jim/work/v2superbikeshed/Trikeshed/src/commonMain/kotlin/borg/trikeshed/net/socks/Socks5Server.kt:861:26 Unresolved reference 'createUdpSocket'.
e: file:///Users/jim/work/v2superbikeshed/Trikeshed/src/commonMain/kotlin/borg/trikeshed/net/socks/Socks5ServerExtensions.kt:19:25 Argument type mismatch: actual type is 'ByteArray', but 'ByteArray' was expected.
e: file:///Users/jim/work/v2superbikeshed/Trikeshed/src/commonMain/kotlin/borg/trikeshed/net/socks/Socks5ServerExtensions.kt:19:25 No value passed for parameter 'offset'.
e: file:///Users/jim/work/v2superbikeshed/Trikeshed/src/commonMain/kotlin/borg/trikeshed/net/socks/Socks5ServerExtensions.kt:19:25 No value passed for parameter 'length'.
e: file:///Users/jim/work/v2superbikeshed/Trikeshed/src/commonMain/kotlin/borg/trikeshed/net/socks/Socks5ServerExtensions.kt:71:52 Argument type mismatch: actual type is 'IOContext', but 'IOContext.UringContext' was expected.
e: file:///Users/jim/work/v2superbikeshed/Trikeshed/src/commonMain/kotlin/borg/trikeshed/net/socks/Socks5ServerExtensions.kt:109:9 None of the following candidates is applicable:
fun Join<Int, Function1<Int, RowVec>>.select(vararg indices: Int): Join<Int, Function1<Int, RowVec>>
fun Join<Int, Function1<Int, RowVec>>.select(vararg names: String): Join<Int, Function1<Int, RowVec>>
e: file:///Users/jim/work/v2superbikeshed/Trikeshed/src/commonMain/kotlin/borg/trikeshed/net/socks/Socks5ServerExtensions.kt:110:28 Cannot infer type for this parameter. Specify it explicitly.
e: file:///Users/jim/work/v2superbikeshed/Trikeshed/src/commonMain/kotlin/borg/trikeshed/net/socks/Socks5ServerExtensions.kt:110:35 Passing value as a vararg is allowed only inside a parenthesized argument list.
e: file:///Users/jim/work/v2superbikeshed/Trikeshed/src/commonMain/kotlin/borg/trikeshed/net/socks/Socks5ServerExtensions.kt:111:28 Cannot infer type for this parameter. Specify it explicitly.
e: file:///Users/jim/work/v2superbikeshed/Trikeshed/src/commonMain/kotlin/borg/trikeshed/net/socks/Socks5ServerExtensions.kt:111:35 Passing value as a vararg is allowed only inside a parenthesized argument list.
e: file:///Users/jim/work/v2superbikeshed/Trikeshed/src/commonMain/kotlin/borg/trikeshed/net/ssh/SSHParser.kt:7:27 Unresolved reference 'toUInt'.
e: file:///Users/jim/work/v2superbikeshed/Trikeshed/src/commonMain/kotlin/borg/trikeshed/net/ssh/SSHParser.kt:8:39 Unresolved reference 'UnaryOperator'.
e: file:///Users/jim/work/v2superbikeshed/Trikeshed/src/commonMain/kotlin/borg/trikeshed/net/ssh/SSHParser.kt:14:22 Unresolved reference. None of the following candidates is applicable because of a receiver type mismatch:
fun MatchGroupCollection.get(name: String): MatchGroup?
e: file:///Users/jim/work/v2superbikeshed/Trikeshed/src/commonMain/kotlin/borg/trikeshed/net/ssh/SSHParser.kt:14:28 None of the following candidates is applicable:
fun Byte.toUInt(): UInt
fun Short.toUInt(): UInt
fun Int.toUInt(): UInt
fun Long.toUInt(): UInt
fun Float.toUInt(): UInt
fun Double.toUInt(): UInt
fun String.toUInt(): UInt
fun String.toUInt(radix: Int): UInt
e: file:///Users/jim/work/v2superbikeshed/Trikeshed/src/commonMain/kotlin/borg/trikeshed/net/ssh/SSHParser.kt:15:19 Unresolved reference. None of the following candidates is applicable because of a receiver type mismatch:
fun MatchGroupCollection.get(name: String): MatchGroup?
e: file:///Users/jim/work/v2superbikeshed/Trikeshed/src/commonMain/kotlin/borg/trikeshed/net/ssh/SSHParser.kt:15:25 None of the following candidates is applicable:
fun Byte.toUInt(): UInt
fun Short.toUInt(): UInt
fun Int.toUInt(): UInt
fun Long.toUInt(): UInt
fun Float.toUInt(): UInt
fun Double.toUInt(): UInt
fun String.toUInt(): UInt
fun String.toUInt(radix: Int): UInt
e: file:///Users/jim/work/v2superbikeshed/Trikeshed/src/commonMain/kotlin/borg/trikeshed/net/ssh/SSHParser.kt:16:19 Unresolved reference. None of the following candidates is applicable because of a receiver type mismatch:
fun MatchGroupCollection.get(name: String): MatchGroup?
e: file:///Users/jim/work/v2superbikeshed/Trikeshed/src/commonMain/kotlin/borg/trikeshed/net/ssh/SSHParser.kt:16:25 None of the following candidates is applicable:
fun Byte.toUInt(): UInt
fun Short.toUInt(): UInt
fun Int.toUInt(): UInt
fun Long.toUInt(): UInt
fun Float.toUInt(): UInt
fun Double.toUInt(): UInt
fun String.toUInt(): UInt
fun String.toUInt(radix: Int): UInt
e: file:///Users/jim/work/v2superbikeshed/Trikeshed/src/commonMain/kotlin/borg/trikeshed/net/ssh/SSHParser.kt:17:18 Unresolved reference. None of the following candidates is applicable because of a receiver type mismatch:
fun MatchGroupCollection.get(name: String): MatchGroup?
e: file:///Users/jim/work/v2superbikeshed/Trikeshed/src/commonMain/kotlin/borg/trikeshed/net/ssh/SSHParser.kt:17:24 None of the following candidates is applicable:
fun Byte.toUInt(): UInt
fun Short.toUInt(): UInt
fun Int.toUInt(): UInt
fun Long.toUInt(): UInt
fun Float.toUInt(): UInt
fun Double.toUInt(): UInt
fun String.toUInt(): UInt
fun String.toUInt(radix: Int): UInt
e: file:///Users/jim/work/v2superbikeshed/Trikeshed/src/commonMain/kotlin/borg/trikeshed/net/ssh/SSHParser.kt:18:12 Return type mismatch: expected 'UInt?', actual 'BigInteger'.
e: file:///Users/jim/work/v2superbikeshed/Trikeshed/src/commonMain/kotlin/borg/trikeshed/net/ssh/SSHParser.kt:24:12 Return type mismatch: expected 'Byte?', actual 'MatchGroup?'.
e: file:///Users/jim/work/v2superbikeshed/Trikeshed/src/commonMain/kotlin/borg/trikeshed/net/ssh/SSHParser.kt:24:17 Unresolved reference. None of the following candidates is applicable because of a receiver type mismatch:
fun MatchGroupCollection.get(name: String): MatchGroup?
e: file:///Users/jim/work/v2superbikeshed/Trikeshed/src/commonMain/kotlin/borg/trikeshed/net/ssh/SSHParser.kt:30:22 None of the following candidates is applicable:
fun <T> Array<out T>.slice(indices: IntRange): List<T>
fun ByteArray.slice(indices: IntRange): List<Byte>
fun ShortArray.slice(indices: IntRange): List<Short>
fun IntArray.slice(indices: IntRange): List<Int>
fun LongArray.slice(indices: IntRange): List<Long>
fun FloatArray.slice(indices: IntRange): List<Float>
fun DoubleArray.slice(indices: IntRange): List<Double>
fun BooleanArray.slice(indices: IntRange): List<Boolean>
fun CharArray.slice(indices: IntRange): List<Char>
fun <T> Array<out T>.slice(indices: Iterable<Int>): List<T>
fun ByteArray.slice(indices: Iterable<Int>): List<Byte>
fun ShortArray.slice(indices: Iterable<Int>): List<Short>
fun IntArray.slice(indices: Iterable<Int>): List<Int>
fun LongArray.slice(indices: Iterable<Int>): List<Long>
fun FloatArray.slice(indices: Iterable<Int>): List<Float>
fun DoubleArray.slice(indices: Iterable<Int>): List<Double>
fun BooleanArray.slice(indices: Iterable<Int>): List<Boolean>
fun CharArray.slice(indices: Iterable<Int>): List<Char>
fun <T> List<T>.slice(indices: IntRange): List<T>
fun <T> List<T>.slice(indices: Iterable<Int>): List<T>
fun UIntArray.slice(indices: IntRange): List<UInt>
fun ULongArray.slice(indices: IntRange): List<ULong>
fun UByteArray.slice(indices: IntRange): List<UByte>
fun UShortArray.slice(indices: IntRange): List<UShort>
fun UIntArray.slice(indices: Iterable<Int>): List<UInt>
fun ULongArray.slice(indices: Iterable<Int>): List<ULong>
fun UByteArray.slice(indices: Iterable<Int>): List<UByte>
fun UShortArray.slice(indices: Iterable<Int>): List<UShort>
fun CharSequence.slice(indices: IntRange): CharSequence
fun String.slice(indices: IntRange): String
fun CharSequence.slice(indices: Iterable<Int>): CharSequence
fun String.slice(indices: Iterable<Int>): String
e: file:///Users/jim/work/v2superbikeshed/Trikeshed/src/commonMain/kotlin/borg/trikeshed/net/ssh/SSHParser.kt:36:24 Unresolved reference 'UnaryOperator'.
e: file:///Users/jim/work/v2superbikeshed/Trikeshed/src/commonMain/kotlin/borg/trikeshed/net/ssh/SSHParser.kt:37:5 'invoke' overrides nothing.
e: file:///Users/jim/work/v2superbikeshed/Trikeshed/src/commonMain/kotlin/borg/trikeshed/net/ssh/SSHParser.kt:50:26 Unresolved reference 'UnaryOperator'.
e: file:///Users/jim/work/v2superbikeshed/Trikeshed/src/commonMain/kotlin/borg/trikeshed/net/ssh/SSHParser.kt:51:5 'invoke' overrides nothing.
e: file:///Users/jim/work/v2superbikeshed/Trikeshed/src/commonMain/kotlin/borg/trikeshed/net/ssh/SSHParser.kt:78:41 None of the following candidates is applicable:
fun <T> Array<out T>.slice(indices: IntRange): List<T>
fun ByteArray.slice(indices: IntRange): List<Byte>
fun ShortArray.slice(indices: IntRange): List<Short>
fun IntArray.slice(indices: IntRange): List<Int>
fun LongArray.slice(indices: IntRange): List<Long>
fun FloatArray.slice(indices: IntRange): List<Float>
fun DoubleArray.slice(indices: IntRange): List<Double>
fun BooleanArray.slice(indices: IntRange): List<Boolean>
fun CharArray.slice(indices: IntRange): List<Char>
fun <T> Array<out T>.slice(indices: Iterable<Int>): List<T>
fun ByteArray.slice(indices: Iterable<Int>): List<Byte>
fun ShortArray.slice(indices: Iterable<Int>): List<Short>
fun IntArray.slice(indices: Iterable<Int>): List<Int>
fun LongArray.slice(indices: Iterable<Int>): List<Long>
fun FloatArray.slice(indices: Iterable<Int>): List<Float>
fun DoubleArray.slice(indices: Iterable<Int>): List<Double>
fun BooleanArray.slice(indices: Iterable<Int>): List<Boolean>
fun CharArray.slice(indices: Iterable<Int>): List<Char>
fun <T> List<T>.slice(indices: IntRange): List<T>
fun <T> List<T>.slice(indices: Iterable<Int>): List<T>
fun UIntArray.slice(indices: IntRange): List<UInt>
fun ULongArray.slice(indices: IntRange): List<ULong>
fun UByteArray.slice(indices: IntRange): List<UByte>
fun UShortArray.slice(indices: IntRange): List<UShort>
fun UIntArray.slice(indices: Iterable<Int>): List<UInt>
fun ULongArray.slice(indices: Iterable<Int>): List<ULong>
fun UByteArray.slice(indices: Iterable<Int>): List<UByte>
fun UShortArray.slice(indices: Iterable<Int>): List<UShort>
fun CharSequence.slice(indices: IntRange): CharSequence
fun String.slice(indices: IntRange): String
fun CharSequence.slice(indices: Iterable<Int>): CharSequence
fun String.slice(indices: Iterable<Int>): String
e: file:///Users/jim/work/v2superbikeshed/Trikeshed/src/commonMain/kotlin/borg/trikeshed/net/ssh/SSHParser.kt:79:41 None of the following candidates is applicable:
fun <T> Array<out T>.slice(indices: IntRange): List<T>
fun ByteArray.slice(indices: IntRange): List<Byte>
fun ShortArray.slice(indices: IntRange): List<Short>
fun IntArray.slice(indices: IntRange): List<Int>
fun LongArray.slice(indices: IntRange): List<Long>
fun FloatArray.slice(indices: IntRange): List<Float>
fun DoubleArray.slice(indices: IntRange): List<Double>
fun BooleanArray.slice(indices: IntRange): List<Boolean>
fun CharArray.slice(indices: IntRange): List<Char>
fun <T> Array<out T>.slice(indices: Iterable<Int>): List<T>
fun ByteArray.slice(indices: Iterable<Int>): List<Byte>
fun ShortArray.slice(indices: Iterable<Int>): List<Short>
fun IntArray.slice(indices: Iterable<Int>): List<Int>
fun LongArray.slice(indices: Iterable<Int>): List<Long>
fun FloatArray.slice(indices: Iterable<Int>): List<Float>
fun DoubleArray.slice(indices: Iterable<Int>): List<Double>
fun BooleanArray.slice(indices: Iterable<Int>): List<Boolean>
fun CharArray.slice(indices: Iterable<Int>): List<Char>
fun <T> List<T>.slice(indices: IntRange): List<T>
fun <T> List<T>.slice(indices: Iterable<Int>): List<T>
fun UIntArray.slice(indices: IntRange): List<UInt>
fun ULongArray.slice(indices: IntRange): List<ULong>
fun UByteArray.slice(indices: IntRange): List<UByte>
fun UShortArray.slice(indices: IntRange): List<UShort>
fun UIntArray.slice(indices: Iterable<Int>): List<UInt>
fun ULongArray.slice(indices: Iterable<Int>): List<ULong>
fun UByteArray.slice(indices: Iterable<Int>): List<UByte>
fun UShortArray.slice(indices: Iterable<Int>): List<UShort>
fun CharSequence.slice(indices: IntRange): CharSequence
fun String.slice(indices: IntRange): String
fun CharSequence.slice(indices: Iterable<Int>): CharSequence
fun String.slice(indices: Iterable<Int>): String
e: file:///Users/jim/work/v2superbikeshed/Trikeshed/src/commonMain/kotlin/borg/trikeshed/net/ssh/SSHParser.kt:83:21 Unresolved reference 'j'.
e: file:///Users/jim/work/v2superbikeshed/Trikeshed/src/commonMain/kotlin/borg/trikeshed/net/ssh/SSHParser.kt:111:36 Unresolved reference 'readSSHNameList'.
e: file:///Users/jim/work/v2superbikeshed/Trikeshed/src/commonMain/kotlin/borg/trikeshed/net/ssh/SSHParser.kt:111:69 Unresolved reference 'asString'.
e: file:///Users/jim/work/v2superbikeshed/Trikeshed/src/commonMain/kotlin/borg/trikeshed/net/ssh/SSHParser.kt:111:93 Unresolved reference 'toIdx'.
e: file:///Users/jim/work/v2superbikeshed/Trikeshed/src/commonMain/kotlin/borg/trikeshed/net/ssh/SSHParser.kt:112:46 Unresolved reference 'readSSHNameList'.
e: file:///Users/jim/work/v2superbikeshed/Trikeshed/src/commonMain/kotlin/borg/trikeshed/net/ssh/SSHParser.kt:112:79 Unresolved reference 'asString'.
e: file:///Users/jim/work/v2superbikeshed/Trikeshed/src/commonMain/kotlin/borg/trikeshed/net/ssh/SSHParser.kt:112:103 Unresolved reference 'toIdx'.
e: file:///Users/jim/work/v2superbikeshed/Trikeshed/src/commonMain/kotlin/borg/trikeshed/net/ssh/SSHParser.kt:113:57 Unresolved reference 'readSSHNameList'.
e: file:///Users/jim/work/v2superbikeshed/Trikeshed/src/commonMain/kotlin/borg/trikeshed/net/ssh/SSHParser.kt:113:90 Unresolved reference 'asString'.
e: file:///Users/jim/work/v2superbikeshed/Trikeshed/src/commonMain/kotlin/borg/trikeshed/net/ssh/SSHParser.kt:113:114 Unresolved reference 'toIdx'.
e: file:///Users/jim/work/v2superbikeshed/Trikeshed/src/commonMain/kotlin/borg/trikeshed/net/ssh/SSHParser.kt:114:57 Unresolved reference 'readSSHNameList'.
e: file:///Users/jim/work/v2superbikeshed/Trikeshed/src/commonMain/kotlin/borg/trikeshed/net/ssh/SSHParser.kt:114:90 Unresolved reference 'asString'.
e: file:///Users/jim/work/v2superbikeshed/Trikeshed/src/commonMain/kotlin/borg/trikeshed/net/ssh/SSHParser.kt:114:114 Unresolved reference 'toIdx'.
e: file:///Users/jim/work/v2superbikeshed/Trikeshed/src/commonMain/kotlin/borg/trikeshed/net/ssh/SSHParser.kt:115:50 Unresolved reference 'readSSHNameList'.
e: file:///Users/jim/work/v2superbikeshed/Trikeshed/src/commonMain/kotlin/borg/trikeshed/net/ssh/SSHParser.kt:115:83 Unresolved reference 'asString'.
e: file:///Users/jim/work/v2superbikeshed/Trikeshed/src/commonMain/kotlin/borg/trikeshed/net/ssh/SSHParser.kt:115:107 Unresolved reference 'toIdx'.
e: file:///Users/jim/work/v2superbikeshed/Trikeshed/src/commonMain/kotlin/borg/trikeshed/net/ssh/SSHParser.kt:116:50 Unresolved reference 'readSSHNameList'.
e: file:///Users/jim/work/v2superbikeshed/Trikeshed/src/commonMain/kotlin/borg/trikeshed/net/ssh/SSHParser.kt:116:83 Unresolved reference 'asString'.
e: file:///Users/jim/work/v2superbikeshed/Trikeshed/src/commonMain/kotlin/borg/trikeshed/net/ssh/SSHParser.kt:116:107 Unresolved reference 'toIdx'.
e: file:///Users/jim/work/v2superbikeshed/Trikeshed/src/commonMain/kotlin/borg/trikeshed/net/ssh/SSHParser.kt:117:58 Unresolved reference 'readSSHNameList'.
e: file:///Users/jim/work/v2superbikeshed/Trikeshed/src/commonMain/kotlin/borg/trikeshed/net/ssh/SSHParser.kt:117:91 Unresolved reference 'asString'.
e: file:///Users/jim/work/v2superbikeshed/Trikeshed/src/commonMain/kotlin/borg/trikeshed/net/ssh/SSHParser.kt:117:115 Unresolved reference 'toIdx'.
e: file:///Users/jim/work/v2superbikeshed/Trikeshed/src/commonMain/kotlin/borg/trikeshed/net/ssh/SSHParser.kt:118:58 Unresolved reference 'readSSHNameList'.
e: file:///Users/jim/work/v2superbikeshed/Trikeshed/src/commonMain/kotlin/borg/trikeshed/net/ssh/SSHParser.kt:118:91 Unresolved reference 'asString'.
e: file:///Users/jim/work/v2superbikeshed/Trikeshed/src/commonMain/kotlin/borg/trikeshed/net/ssh/SSHParser.kt:118:115 Unresolved reference 'toIdx'.
e: file:///Users/jim/work/v2superbikeshed/Trikeshed/src/commonMain/kotlin/borg/trikeshed/net/ssh/SSHParser.kt:119:46 Unresolved reference 'readSSHNameList'.
e: file:///Users/jim/work/v2superbikeshed/Trikeshed/src/commonMain/kotlin/borg/trikeshed/net/ssh/SSHParser.kt:119:79 Unresolved reference 'asString'.
e: file:///Users/jim/work/v2superbikeshed/Trikeshed/src/commonMain/kotlin/borg/trikeshed/net/ssh/SSHParser.kt:119:103 Unresolved reference 'toIdx'.
e: file:///Users/jim/work/v2superbikeshed/Trikeshed/src/commonMain/kotlin/borg/trikeshed/net/ssh/SSHParser.kt:120:46 Unresolved reference 'readSSHNameList'.
e: file:///Users/jim/work/v2superbikeshed/Trikeshed/src/commonMain/kotlin/borg/trikeshed/net/ssh/SSHParser.kt:120:79 Unresolved reference 'asString'.
e: file:///Users/jim/work/v2superbikeshed/Trikeshed/src/commonMain/kotlin/borg/trikeshed/net/ssh/SSHParser.kt:120:103 Unresolved reference 'toIdx'.
e: file:///Users/jim/work/v2superbikeshed/Trikeshed/src/commonMain/kotlin/borg/trikeshed/net/ssh/SSHParser.kt:159:30 Unresolved reference 'readSSHString'.
e: file:///Users/jim/work/v2superbikeshed/Trikeshed/src/commonMain/kotlin/borg/trikeshed/net/ssh/SSHParser.kt:162:41 Unresolved reference 'readSSHString'.
e: file:///Users/jim/work/v2superbikeshed/Trikeshed/src/commonMain/kotlin/borg/trikeshed/net/ssh/SSHParser.kt:165:32 Unresolved reference 'readSSHString'.
e: file:///Users/jim/work/v2superbikeshed/Trikeshed/src/commonMain/kotlin/borg/trikeshed/net/ssh/SSHProtocol.kt:149:20 None of the following candidates is applicable:
object State : Any
typealias State = Int
e: file:///Users/jim/work/v2superbikeshed/Trikeshed/src/commonMain/kotlin/borg/trikeshed/net/ssh/SSHProtocol.kt:152:9 Unresolved reference 'CoroutineContext'.
e: file:///Users/jim/work/v2superbikeshed/Trikeshed/src/commonMain/kotlin/borg/trikeshed/net/ssh/SSHProtocol.kt:153:9 'key' overrides nothing.
e: file:///Users/jim/work/v2superbikeshed/Trikeshed/src/commonMain/kotlin/borg/trikeshed/net/ssh/SSHProtocol.kt:153:27 Unresolved reference 'CoroutineContext'.
e: file:///Users/jim/work/v2superbikeshed/Trikeshed/src/commonMain/kotlin/borg/trikeshed/net/ssh/SSHProtocol.kt:155:32 Unresolved reference 'CoroutineContext'.
e: file:///Users/jim/work/v2superbikeshed/Trikeshed/src/commonMain/kotlin/borg/trikeshed/net/ssh/SSHProtocol.kt:184:24 Argument type mismatch: actual type is 'T? (of fun <T> Join<Int, Function1<Int, Join<Any?, TypeMemento>>>.get)', but 'Byte' was expected.
e: file:///Users/jim/work/v2superbikeshed/Trikeshed/src/commonMain/kotlin/borg/trikeshed/net/ssh/SSHProtocol.kt:184:24 Cannot infer type for this parameter. Specify it explicitly.
e: file:///Users/jim/work/v2superbikeshed/Trikeshed/src/commonMain/kotlin/borg/trikeshed/net/ssh/SSHProtocol.kt:184:24 Unresolved reference. None of the following candidates is applicable because of a receiver type mismatch:
fun <T> Join<Int, Function1<Int, Join<Any?, TypeMemento>>>.get(column: Column<T>): T?
e: file:///Users/jim/work/v2superbikeshed/Trikeshed/src/commonMain/kotlin/borg/trikeshed/net/ssh/SSHProtocol.kt:189:24 Argument type mismatch: actual type is 'T? (of fun <T> Join<Int, Function1<Int, Join<Any?, TypeMemento>>>.get)', but 'Byte' was expected.
e: file:///Users/jim/work/v2superbikeshed/Trikeshed/src/commonMain/kotlin/borg/trikeshed/net/ssh/SSHProtocol.kt:189:24 Cannot infer type for this parameter. Specify it explicitly.
e: file:///Users/jim/work/v2superbikeshed/Trikeshed/src/commonMain/kotlin/borg/trikeshed/net/ssh/SSHProtocol.kt:189:24 Unresolved reference. None of the following candidates is applicable because of a receiver type mismatch:
fun <T> Join<Int, Function1<Int, Join<Any?, TypeMemento>>>.get(column: Column<T>): T?
e: file:///Users/jim/work/v2superbikeshed/Trikeshed/src/commonMain/kotlin/borg/trikeshed/net/ssh/SSHProtocol.kt:194:24 Argument type mismatch: actual type is 'T? (of fun <T> Join<Int, Function1<Int, Join<Any?, TypeMemento>>>.get)', but 'Byte' was expected.
e: file:///Users/jim/work/v2superbikeshed/Trikeshed/src/commonMain/kotlin/borg/trikeshed/net/ssh/SSHProtocol.kt:194:24 Cannot infer type for this parameter. Specify it explicitly.
e: file:///Users/jim/work/v2superbikeshed/Trikeshed/src/commonMain/kotlin/borg/trikeshed/net/ssh/SSHProtocol.kt:194:24 Unresolved reference. None of the following candidates is applicable because of a receiver type mismatch:
fun <T> Join<Int, Function1<Int, Join<Any?, TypeMemento>>>.get(column: Column<T>): T?
e: file:///Users/jim/work/v2superbikeshed/Trikeshed/src/commonMain/kotlin/borg/trikeshed/net/ssh/SSHProtocol.kt:257:25 Argument type mismatch: actual type is 'K (of fun <K> WHEN_CALL)', but 'Byte' was expected.
e: file:///Users/jim/work/v2superbikeshed/Trikeshed/src/commonMain/kotlin/borg/trikeshed/net/ssh/SSHProtocol.kt:257:43 Argument type mismatch: actual type is 'T? (of fun <T> Join<Int, Function1<Int, Join<Any?, TypeMemento>>>.get)', but 'K (of fun <K> WHEN_CALL)' was expected.
e: file:///Users/jim/work/v2superbikeshed/Trikeshed/src/commonMain/kotlin/borg/trikeshed/net/ssh/SSHProtocol.kt:257:43 Cannot infer type for this parameter. Specify it explicitly.
e: file:///Users/jim/work/v2superbikeshed/Trikeshed/src/commonMain/kotlin/borg/trikeshed/net/ssh/SSHProtocol.kt:257:43 Unresolved reference. None of the following candidates is applicable because of a receiver type mismatch:
fun <T> Join<Int, Function1<Int, Join<Any?, TypeMemento>>>.get(column: Column<T>): T?
e: file:///Users/jim/work/v2superbikeshed/Trikeshed/src/commonMain/kotlin/borg/trikeshed/net/ssh/SSHProtocol.kt:257:58 Argument type mismatch: actual type is 'Byte', but 'K (of fun <K> WHEN_CALL)' was expected.
e: file:///Users/jim/work/v2superbikeshed/Trikeshed/src/commonMain/kotlin/borg/trikeshed/net/ssh/SSHProtocol.kt:300:34 Suspend function 'suspend fun parse(buffer: ByteIndexedBuffer): KexInit?' can only be called from a coroutine or another suspend function.
e: file:///Users/jim/work/v2superbikeshed/Trikeshed/src/commonMain/kotlin/borg/trikeshed/net/ssh/SSHProtocol.kt:348:2 Syntax error: imports are only allowed in the beginning of file.
e: file:///Users/jim/work/v2superbikeshed/Trikeshed/src/commonMain/kotlin/borg/trikeshed/net/ssh/SSHProtocol.kt:445:44 'fun plus(other: CoroutineDispatcher): CoroutineDispatcher' is deprecated. Operator '+' on two CoroutineDispatcher objects is meaningless. CoroutineDispatcher is a coroutine context element and `+` is a set-sum operator for coroutine contexts. The dispatcher to the right of `+` just replaces the dispatcher to the left.
e: file:///Users/jim/work/v2superbikeshed/Trikeshed/src/commonMain/kotlin/borg/trikeshed/net/ssh/SSHProtocol.kt:445:46 Argument type mismatch: actual type is 'SSHProtocol.SshSessionContext', but 'CoroutineDispatcher' was expected.
e: file:///Users/jim/work/v2superbikeshed/Trikeshed/src/commonMain/kotlin/borg/trikeshed/net/ssh/SSHProtocol.kt:463:26 Unresolved reference 'coroutineContext'.
e: file:///Users/jim/work/v2superbikeshed/Trikeshed/src/commonMain/kotlin/borg/trikeshed/net/ssh/SSHProtocol.kt:467:24 Unresolved reference 'remaining'.
e: file:///Users/jim/work/v2superbikeshed/Trikeshed/src/commonMain/kotlin/borg/trikeshed/net/ssh/SSHProtocol.kt:469:35 Unresolved reference 'array'.
e: file:///Users/jim/work/v2superbikeshed/Trikeshed/src/commonMain/kotlin/borg/trikeshed/net/ssh/SSHProtocol.kt:469:43 Cannot infer type for this parameter. Specify it explicitly.
e: file:///Users/jim/work/v2superbikeshed/Trikeshed/src/commonMain/kotlin/borg/trikeshed/net/ssh/SSHProtocol.kt:469:48 Cannot infer type for this parameter. Specify it explicitly.
e: file:///Users/jim/work/v2superbikeshed/Trikeshed/src/commonMain/kotlin/borg/trikeshed/net/ssh/SSHProtocol.kt:469:48 Not enough information to infer type argument for 'B'.
e: file:///Users/jim/work/v2superbikeshed/Trikeshed/src/commonMain/kotlin/borg/trikeshed/net/ssh/SSHProtocol.kt:469:62 Cannot infer type for this parameter. Specify it explicitly.
e: file:///Users/jim/work/v2superbikeshed/Trikeshed/src/commonMain/kotlin/borg/trikeshed/net/ssh/SSHProtocol.kt:469:62 Not enough information to infer type argument for 'V'.
e: file:///Users/jim/work/v2superbikeshed/Trikeshed/src/commonMain/kotlin/borg/trikeshed/net/ssh/SSHProtocol.kt:469:73 Unresolved reference 'array'.
e: file:///Users/jim/work/v2superbikeshed/Trikeshed/src/commonMain/kotlin/borg/trikeshed/net/ssh/SSHProtocol.kt:473:9 Unresolved reference 'coroutineContext'.
e: file:///Users/jim/work/v2superbikeshed/Trikeshed/src/commonMain/kotlin/borg/trikeshed/net/ssh/SSHProtocol.kt:473:9 Cannot infer type for this parameter. Specify it explicitly.
e: file:///Users/jim/work/v2superbikeshed/Trikeshed/src/commonMain/kotlin/borg/trikeshed/net/ssh/SSHProtocol.kt:473:62 Cannot infer type for this parameter. Specify it explicitly.
e: file:///Users/jim/work/v2superbikeshed/Trikeshed/src/commonMain/kotlin/borg/trikeshed/net/ssh/SSHProtocol.kt:473:62 Not enough information to infer type argument for 'T'.
e: file:///Users/jim/work/v2superbikeshed/Trikeshed/src/commonMain/kotlin/borg/trikeshed/net/ssh/SSHProtocol.kt:473:62 Not enough information to infer type argument for 'R'.
e: file:///Users/jim/work/v2superbikeshed/Trikeshed/src/commonMain/kotlin/borg/trikeshed/net/ssh/SSHProtocol.kt:473:68 Cannot infer type for this parameter. Specify it explicitly.
e: file:///Users/jim/work/v2superbikeshed/Trikeshed/src/commonMain/kotlin/borg/trikeshed/net/ssh/SSHProtocol.kt:474:17 Unresolved reference 'sequenceNumberIn'.
e: file:///Users/jim/work/v2superbikeshed/Trikeshed/src/commonMain/kotlin/borg/trikeshed/net/ssh/SSHProtocol.kt:474:55 Unresolved reference 'sequenceNumberIn'.
e: file:///Users/jim/work/v2superbikeshed/Trikeshed/src/commonMain/kotlin/borg/trikeshed/net/ssh/SSHProtocol.kt:483:72 Unresolved reference 'coroutineContext'.
e: file:///Users/jim/work/v2superbikeshed/Trikeshed/src/commonMain/kotlin/borg/trikeshed/net/ssh/SSHProtocol.kt:484:30 Cannot infer type for this parameter. Specify it explicitly.
e: file:///Users/jim/work/v2superbikeshed/Trikeshed/src/commonMain/kotlin/borg/trikeshed/net/ssh/SSHProtocol.kt:484:30 Not enough information to infer type argument for 'E'.
e: file:///Users/jim/work/v2superbikeshed/Trikeshed/src/commonMain/kotlin/borg/trikeshed/net/ssh/SSHProtocol.kt:484:30 Not enough information to infer type argument for 'K'.
e: file:///Users/jim/work/v2superbikeshed/Trikeshed/src/commonMain/kotlin/borg/trikeshed/net/ssh/SSHProtocol.kt:484:47 Argument type mismatch: actual type is 'SSHProtocol.SshSessionContext.Key', but 'CoroutineContext.Key<E (of fun <E : CoroutineContext.Element> get)>' was expected.
e: file:///Users/jim/work/v2superbikeshed/Trikeshed/src/commonMain/kotlin/borg/trikeshed/net/ssh/SSHProtocol.kt:485:27 Cannot infer type for this parameter. Specify it explicitly.
e: file:///Users/jim/work/v2superbikeshed/Trikeshed/src/commonMain/kotlin/borg/trikeshed/net/ssh/SSHProtocol.kt:485:27 Unresolved reference. None of the following candidates is applicable because of a receiver type mismatch:
fun <T> Join<Int, Function1<Int, Join<Any?, TypeMemento>>>.get(column: Column<T>): T?
e: file:///Users/jim/work/v2superbikeshed/Trikeshed/src/commonMain/kotlin/borg/trikeshed/net/ssh/SSHProtocol.kt:490:65 'return' is prohibited here.
e: file:///Users/jim/work/v2superbikeshed/Trikeshed/src/commonMain/kotlin/borg/trikeshed/net/ssh/SSHProtocol.kt:507:21 'return' is prohibited here.
e: file:///Users/jim/work/v2superbikeshed/Trikeshed/src/commonMain/kotlin/borg/trikeshed/net/ssh/SSHProtocol.kt:523:32 Unresolved reference 'state'.
e: file:///Users/jim/work/v2superbikeshed/Trikeshed/src/commonMain/kotlin/borg/trikeshed/net/ssh/SSHProtocol.kt:527:32 Unresolved reference 'state'.
e: file:///Users/jim/work/v2superbikeshed/Trikeshed/src/commonMain/kotlin/borg/trikeshed/net/ssh/SSHProtocol.kt:535:57 Argument type mismatch: actual type is 'Join<Int, Function1<Int, Byte>>', but 'ByteIndexedBuffer' was expected.
e: file:///Users/jim/work/v2superbikeshed/Trikeshed/src/commonMain/kotlin/borg/trikeshed/net/ssh/SSHProtocol.kt:535:76 'return' is prohibited here.
e: file:///Users/jim/work/v2superbikeshed/Trikeshed/src/commonMain/kotlin/borg/trikeshed/net/ssh/SSHProtocol.kt:541:32 Unresolved reference 'state'.
e: file:///Users/jim/work/v2superbikeshed/Trikeshed/src/commonMain/kotlin/borg/trikeshed/net/ssh/SSHProtocol.kt:583:22 Unresolved reference 'coroutineContext'.
e: file:///Users/jim/work/v2superbikeshed/Trikeshed/src/commonMain/kotlin/borg/trikeshed/net/ssh/SSHProtocol.kt:585:33 Unresolved reference 'toBytes'.
e: file:///Users/jim/work/v2superbikeshed/Trikeshed/src/commonMain/kotlin/borg/trikeshed/net/ssh/SSHProtocol.kt:589:20 Unresolved reference 'internalSendChannel'.
e: file:///Users/jim/work/v2superbikeshed/Trikeshed/src/commonMain/kotlin/borg/trikeshed/net/ssh/SSHProtocol.kt:589:53 Unresolved reference 'toBytes'.
e: file:///Users/jim/work/v2superbikeshed/Trikeshed/src/commonMain/kotlin/borg/trikeshed/net/ssh/SSHProtocol.kt:600:21 Unresolved reference 'coroutineContext'.
e: file:///Users/jim/work/v2superbikeshed/Trikeshed/src/commonMain/kotlin/borg/trikeshed/net/ssh/SSHProtocol.kt:601:30 Cannot infer type for this parameter. Specify it explicitly.
e: file:///Users/jim/work/v2superbikeshed/Trikeshed/src/commonMain/kotlin/borg/trikeshed/net/ssh/SSHProtocol.kt:601:30 Not enough information to infer type argument for 'E'.
e: file:///Users/jim/work/v2superbikeshed/Trikeshed/src/commonMain/kotlin/borg/trikeshed/net/ssh/SSHProtocol.kt:601:30 Not enough information to infer type argument for 'K'.
e: file:///Users/jim/work/v2superbikeshed/Trikeshed/src/commonMain/kotlin/borg/trikeshed/net/ssh/SSHProtocol.kt:601:47 Argument type mismatch: actual type is 'SSHProtocol.SshSessionContext.Key', but 'CoroutineContext.Key<E (of fun <E : CoroutineContext.Element> get)>' was expected.
e: file:///Users/jim/work/v2superbikeshed/Trikeshed/src/commonMain/kotlin/borg/trikeshed/net/ssh/SSHProtocol.kt:603:38 Unresolved reference 'nextChannelId'.
e: file:///Users/jim/work/v2superbikeshed/Trikeshed/src/commonMain/kotlin/borg/trikeshed/net/ssh/SSHProtocol.kt:604:24 Unresolved reference 'nextChannelId'.
e: file:///Users/jim/work/v2superbikeshed/Trikeshed/src/commonMain/kotlin/borg/trikeshed/net/ssh/SSHProtocol.kt:604:55 Unresolved reference 'nextChannelId'.
e: file:///Users/jim/work/v2superbikeshed/Trikeshed/src/commonMain/kotlin/borg/trikeshed/net/ssh/SSHProtocol.kt:616:24 Unresolved reference 'channels'.
e: file:///Users/jim/work/v2superbikeshed/Trikeshed/src/commonMain/kotlin/borg/trikeshed/net/ssh/SSHProtocol.kt:628:76 Unresolved reference 'coroutineContext'.
e: file:///Users/jim/work/v2superbikeshed/Trikeshed/src/commonMain/kotlin/borg/trikeshed/net/ssh/SSHProtocol.kt:666:93 Unresolved reference 'coroutineContext'.
e: file:///Users/jim/work/v2superbikeshed/Trikeshed/src/commonMain/kotlin/borg/trikeshed/net/ssh/SSHProtocol.kt:667:30 Cannot infer type for this parameter. Specify it explicitly.
e: file:///Users/jim/work/v2superbikeshed/Trikeshed/src/commonMain/kotlin/borg/trikeshed/net/ssh/SSHProtocol.kt:667:30 Not enough information to infer type argument for 'E'.
e: file:///Users/jim/work/v2superbikeshed/Trikeshed/src/commonMain/kotlin/borg/trikeshed/net/ssh/SSHProtocol.kt:667:30 Not enough information to infer type argument for 'K'.
e: file:///Users/jim/work/v2superbikeshed/Trikeshed/src/commonMain/kotlin/borg/trikeshed/net/ssh/SSHProtocol.kt:667:47 Argument type mismatch: actual type is 'SSHProtocol.SshSessionContext.Key', but 'CoroutineContext.Key<E (of fun <E : CoroutineContext.Element> get)>' was expected.
e: file:///Users/jim/work/v2superbikeshed/Trikeshed/src/commonMain/kotlin/borg/trikeshed/net/ssh/SSHProtocol.kt:668:38 Unresolved reference 'channels'.
e: file:///Users/jim/work/v2superbikeshed/Trikeshed/src/commonMain/kotlin/borg/trikeshed/net/ssh/SSHProtocol.kt:670:22 Unresolved reference 'canSend'.
e: file:///Users/jim/work/v2superbikeshed/Trikeshed/src/commonMain/kotlin/borg/trikeshed/net/ssh/SSHProtocol.kt:677:25 Unresolved reference 'remoteWindow'.
e: file:///Users/jim/work/v2superbikeshed/Trikeshed/src/commonMain/kotlin/borg/trikeshed/net/ssh/SSHProtocol.kt:678:25 Unresolved reference 'remoteMaxPacketSize'.
e: file:///Users/jim/work/v2superbikeshed/Trikeshed/src/commonMain/kotlin/borg/trikeshed/net/ssh/SSHProtocol.kt:683:35 Cannot infer type for this parameter. Specify it explicitly.
e: file:///Users/jim/work/v2superbikeshed/Trikeshed/src/commonMain/kotlin/borg/trikeshed/net/ssh/SSHProtocol.kt:683:49 Argument type mismatch: actual type is 'Join<Int, Function1<Int, Join<Any?, TypeMemento>>>', but 'Join<Int, Function1<Int, Byte>>' was expected.
e: file:///Users/jim/work/v2superbikeshed/Trikeshed/src/commonMain/kotlin/borg/trikeshed/net/ssh/SSHProtocol.kt:683:49 Cannot infer type for this parameter. Specify it explicitly.
e: file:///Users/jim/work/v2superbikeshed/Trikeshed/src/commonMain/kotlin/borg/trikeshed/net/ssh/SSHProtocol.kt:683:49 Unresolved reference. None of the following candidates is applicable because of a receiver type mismatch:
fun <T> Join<Int, Function1<Int, Join<Any?, TypeMemento>>>.get(column: Column<T>): T?
e: file:///Users/jim/work/v2superbikeshed/Trikeshed/src/commonMain/kotlin/borg/trikeshed/net/ssh/SSHProtocol.kt:684:43 Unresolved reference 'remoteId'.
e: file:///Users/jim/work/v2superbikeshed/Trikeshed/src/commonMain/kotlin/borg/trikeshed/net/ssh/SSHProtocol.kt:687:21 Unresolved reference 'adjustRemoteWindow'.
e: file:///Users/jim/work/v2superbikeshed/Trikeshed/src/commonMain/kotlin/borg/trikeshed/net/ssh/SSHProtocol.kt:696:107 Unresolved reference 'coroutineContext'.
e: file:///Users/jim/work/v2superbikeshed/Trikeshed/src/commonMain/kotlin/borg/trikeshed/net/ssh/SSHProtocol.kt:716:25 Argument type mismatch: actual type is 'T? (of fun <T> Join<Int, Function1<Int, Join<Any?, TypeMemento>>>.get)', but 'Byte' was expected.
e: file:///Users/jim/work/v2superbikeshed/Trikeshed/src/commonMain/kotlin/borg/trikeshed/net/ssh/SSHProtocol.kt:716:25 Cannot infer type for this parameter. Specify it explicitly.
e: file:///Users/jim/work/v2superbikeshed/Trikeshed/src/commonMain/kotlin/borg/trikeshed/net/ssh/SSHProtocol.kt:716:25 Unresolved reference. None of the following candidates is applicable because of a receiver type mismatch:
fun <T> Join<Int, Function1<Int, Join<Any?, TypeMemento>>>.get(column: Column<T>): T?
e: file:///Users/jim/work/v2superbikeshed/Trikeshed/src/commonMain/kotlin/borg/trikeshed/net/ssh/SSHProtocol.kt:725:88 Unresolved reference 'coroutineContext'.
e: file:///Users/jim/work/v2superbikeshed/Trikeshed/src/commonMain/kotlin/borg/trikeshed/net/ssh/SSHProtocol.kt:737:21 Unresolved reference 'coroutineContext'.
e: file:///Users/jim/work/v2superbikeshed/Trikeshed/src/commonMain/kotlin/borg/trikeshed/net/ssh/SSHProtocol.kt:774:125 Unresolved reference 'coroutineContext'.
e: file:///Users/jim/work/v2superbikeshed/Trikeshed/src/commonMain/kotlin/borg/trikeshed/net/ssh/SSHProtocol.kt:799:25 Argument type mismatch: actual type is 'T? (of fun <T> Join<Int, Function1<Int, Join<Any?, TypeMemento>>>.get)', but 'Byte' was expected.
e: file:///Users/jim/work/v2superbikeshed/Trikeshed/src/commonMain/kotlin/borg/trikeshed/net/ssh/SSHProtocol.kt:799:25 Cannot infer type for this parameter. Specify it explicitly.
e: file:///Users/jim/work/v2superbikeshed/Trikeshed/src/commonMain/kotlin/borg/trikeshed/net/ssh/SSHProtocol.kt:799:25 Unresolved reference. None of the following candidates is applicable because of a receiver type mismatch:
fun <T> Join<Int, Function1<Int, Join<Any?, TypeMemento>>>.get(column: Column<T>): T?
e: file:///Users/jim/work/v2superbikeshed/Trikeshed/src/commonMain/kotlin/borg/trikeshed/net/ssh/SSHProtocol.kt:814:21 Unresolved reference 'coroutineContext'.
e: file:///Users/jim/work/v2superbikeshed/Trikeshed/src/commonMain/kotlin/borg/trikeshed/net/ssh/SSHProtocol.kt:815:30 Cannot infer type for this parameter. Specify it explicitly.
e: file:///Users/jim/work/v2superbikeshed/Trikeshed/src/commonMain/kotlin/borg/trikeshed/net/ssh/SSHProtocol.kt:815:30 Not enough information to infer type argument for 'E'.
e: file:///Users/jim/work/v2superbikeshed/Trikeshed/src/commonMain/kotlin/borg/trikeshed/net/ssh/SSHProtocol.kt:815:30 Not enough information to infer type argument for 'K'.
e: file:///Users/jim/work/v2superbikeshed/Trikeshed/src/commonMain/kotlin/borg/trikeshed/net/ssh/SSHProtocol.kt:815:47 Argument type mismatch: actual type is 'SSHProtocol.SshSessionContext.Key', but 'CoroutineContext.Key<E (of fun <E : CoroutineContext.Element> get)>' was expected.
e: file:///Users/jim/work/v2superbikeshed/Trikeshed/src/commonMain/kotlin/borg/trikeshed/net/ssh/SSHProtocol.kt:820:39 Function invocation 'first(...)' expected.
e: file:///Users/jim/work/v2superbikeshed/Trikeshed/src/commonMain/kotlin/borg/trikeshed/net/ssh/SSHProtocol.kt:821:40 Unresolved reference 'second'.
e: file:///Users/jim/work/v2superbikeshed/Trikeshed/src/commonMain/kotlin/borg/trikeshed/net/ssh/SSHProtocol.kt:824:24 Unresolved reference 'ephemeralPrivateKey'.
e: file:///Users/jim/work/v2superbikeshed/Trikeshed/src/commonMain/kotlin/borg/trikeshed/net/ssh/SSHProtocol.kt:825:24 Unresolved reference 'negotiatedKexAlgorithm'.
e: file:///Users/jim/work/v2superbikeshed/Trikeshed/src/commonMain/kotlin/borg/trikeshed/net/ssh/SSHProtocol.kt:830:40 Cannot infer type for this parameter. Specify it explicitly.
e: file:///Users/jim/work/v2superbikeshed/Trikeshed/src/commonMain/kotlin/borg/trikeshed/net/ssh/SSHProtocol.kt:830:40 Not enough information to infer type argument for 'T'.
e: file:///Users/jim/work/v2superbikeshed/Trikeshed/src/commonMain/kotlin/borg/trikeshed/net/ssh/SSHProtocol.kt:834:24 Unresolved reference 'state'.
e: file:///Users/jim/work/v2superbikeshed/Trikeshed/src/commonMain/kotlin/borg/trikeshed/net/ssh/SSHProtocol.kt:837:81 Unresolved reference 'coroutineContext'.
e: file:///Users/jim/work/v2superbikeshed/Trikeshed/src/commonMain/kotlin/borg/trikeshed/net/ssh/SSHProtocol.kt:838:30 Cannot infer type for this parameter. Specify it explicitly.
e: file:///Users/jim/work/v2superbikeshed/Trikeshed/src/commonMain/kotlin/borg/trikeshed/net/ssh/SSHProtocol.kt:838:30 Not enough information to infer type argument for 'E'.
e: file:///Users/jim/work/v2superbikeshed/Trikeshed/src/commonMain/kotlin/borg/trikeshed/net/ssh/SSHProtocol.kt:838:30 Not enough information to infer type argument for 'K'.
e: file:///Users/jim/work/v2superbikeshed/Trikeshed/src/commonMain/kotlin/borg/trikeshed/net/ssh/SSHProtocol.kt:838:47 Argument type mismatch: actual type is 'SSHProtocol.SshSessionContext.Key', but 'CoroutineContext.Key<E (of fun <E : CoroutineContext.Element> get)>' was expected.
e: file:///Users/jim/work/v2superbikeshed/Trikeshed/src/commonMain/kotlin/borg/trikeshed/net/ssh/SSHProtocol.kt:841:43 Unresolved reference 'negotiatedKexAlgorithm'.
e: file:///Users/jim/work/v2superbikeshed/Trikeshed/src/commonMain/kotlin/borg/trikeshed/net/ssh/SSHProtocol.kt:843:67 Unresolved reference 'ephemeralPrivateKey'.
e: file:///Users/jim/work/v2superbikeshed/Trikeshed/src/commonMain/kotlin/borg/trikeshed/net/ssh/SSHProtocol.kt:848:24 Unresolved reference 'encryptionKey'.
e: file:///Users/jim/work/v2superbikeshed/Trikeshed/src/commonMain/kotlin/borg/trikeshed/net/ssh/SSHProtocol.kt:849:24 Unresolved reference 'decryptionKey'.
e: file:///Users/jim/work/v2superbikeshed/Trikeshed/src/commonMain/kotlin/borg/trikeshed/net/ssh/SSHProtocol.kt:850:24 Unresolved reference 'integrityKeyOut'.
e: file:///Users/jim/work/v2superbikeshed/Trikeshed/src/commonMain/kotlin/borg/trikeshed/net/ssh/SSHProtocol.kt:851:24 Unresolved reference 'integrityKeyIn'.
e: file:///Users/jim/work/v2superbikeshed/Trikeshed/src/commonMain/kotlin/borg/trikeshed/net/ssh/SSHProtocol.kt:858:24 Unresolved reference 'state'.
e: file:///Users/jim/work/v2superbikeshed/Trikeshed/src/commonMain/kotlin/borg/trikeshed/net/ssh/SSHProtocol.kt:869:21 Unresolved reference 'coroutineContext'.
e: file:///Users/jim/work/v2superbikeshed/Trikeshed/src/commonMain/kotlin/borg/trikeshed/net/ssh/SSHProtocol.kt:909:127 Unresolved reference 'coroutineContext'.
e: file:///Users/jim/work/v2superbikeshed/Trikeshed/src/commonMain/kotlin/borg/trikeshed/net/ssh/SSHProtocol.kt:910:30 Cannot infer type for this parameter. Specify it explicitly.
e: file:///Users/jim/work/v2superbikeshed/Trikeshed/src/commonMain/kotlin/borg/trikeshed/net/ssh/SSHProtocol.kt:910:30 Not enough information to infer type argument for 'E'.
e: file:///Users/jim/work/v2superbikeshed/Trikeshed/src/commonMain/kotlin/borg/trikeshed/net/ssh/SSHProtocol.kt:910:30 Not enough information to infer type argument for 'K'.
e: file:///Users/jim/work/v2superbikeshed/Trikeshed/src/commonMain/kotlin/borg/trikeshed/net/ssh/SSHProtocol.kt:910:47 Argument type mismatch: actual type is 'SSHProtocol.SshSessionContext.Key', but 'CoroutineContext.Key<E (of fun <E : CoroutineContext.Element> get)>' was expected.
e: file:///Users/jim/work/v2superbikeshed/Trikeshed/src/commonMain/kotlin/borg/trikeshed/net/ssh/SSHProtocol.kt:940:24 Unresolved reference 'state'.
e: file:///Users/jim/work/v2superbikeshed/Trikeshed/src/commonMain/kotlin/borg/trikeshed/net/ssh/SSHProtocol.kt:944:89 Unresolved reference 'coroutineContext'.
e: file:///Users/jim/work/v2superbikeshed/Trikeshed/src/commonMain/kotlin/borg/trikeshed/net/ssh/SSHProtocol.kt:945:30 Cannot infer type for this parameter. Specify it explicitly.
e: file:///Users/jim/work/v2superbikeshed/Trikeshed/src/commonMain/kotlin/borg/trikeshed/net/ssh/SSHProtocol.kt:945:30 Not enough information to infer type argument for 'E'.
e: file:///Users/jim/work/v2superbikeshed/Trikeshed/src/commonMain/kotlin/borg/trikeshed/net/ssh/SSHProtocol.kt:945:30 Not enough information to infer type argument for 'K'.
e: file:///Users/jim/work/v2superbikeshed/Trikeshed/src/commonMain/kotlin/borg/trikeshed/net/ssh/SSHProtocol.kt:945:47 Argument type mismatch: actual type is 'SSHProtocol.SshSessionContext.Key', but 'CoroutineContext.Key<E (of fun <E : CoroutineContext.Element> get)>' was expected.
e: file:///Users/jim/work/v2superbikeshed/Trikeshed/src/commonMain/kotlin/borg/trikeshed/net/ssh/SSHProtocol.kt:992:69 Unresolved reference 'coroutineContext'.
e: file:///Users/jim/work/v2superbikeshed/Trikeshed/src/commonMain/kotlin/borg/trikeshed/net/ssh/SSHProtocol.kt:1002:36 Unresolved reference 'internalReceiveChannel'.
e: file:///Users/jim/work/v2superbikeshed/Trikeshed/src/commonMain/kotlin/borg/trikeshed/net/ssh/SSHProtocol.kt:1055:23 Cannot access 'suspend fun sendChannelRequest(channelId: UInt, requestType: String, data: Join<Int, Function1<Int, Byte>>): Unit': it is private in 'borg/trikeshed/net/ssh/SSHConnection'.
e: file:///Users/jim/work/v2superbikeshed/Trikeshed/src/commonMain/kotlin/borg/trikeshed/net/ssh/SSHProtocol.kt:1075:46 Syntax error: Unexpected tokens (use ';' to separate expressions on the same line).
e: file:///Users/jim/work/v2superbikeshed/Trikeshed/src/commonMain/kotlin/borg/trikeshed/net/ssh/SSHProtocol.kt:1083:37 Cannot access 'var sessionContext: SSHProtocol.SshSessionContext': it is private in 'borg/trikeshed/net/ssh/SSHConnection'.
e: file:///Users/jim/work/v2superbikeshed/Trikeshed/src/commonMain/kotlin/borg/trikeshed/net/ssh/SSHProtocol.kt:1084:34 Unresolved reference 'internalReceiveChannel'.
e: file:///Users/jim/work/v2superbikeshed/Trikeshed/src/commonMain/kotlin/borg/trikeshed/net/ssh/SSHProtocol.kt:1087:43 Cannot infer type for this parameter. Specify it explicitly.
e: file:///Users/jim/work/v2superbikeshed/Trikeshed/src/commonMain/kotlin/borg/trikeshed/net/ssh/SSHProtocol.kt:1087:48 Cannot infer type for this parameter. Specify it explicitly.
e: file:///Users/jim/work/v2superbikeshed/Trikeshed/src/commonMain/kotlin/borg/trikeshed/net/ssh/SSHProtocol.kt:1087:48 Not enough information to infer type argument for 'B'.
e: file:///Users/jim/work/v2superbikeshed/Trikeshed/src/commonMain/kotlin/borg/trikeshed/net/ssh/SSHProtocol.kt:1087:62 Cannot infer type for this parameter. Specify it explicitly.
e: file:///Users/jim/work/v2superbikeshed/Trikeshed/src/commonMain/kotlin/borg/trikeshed/net/ssh/SSHProtocol.kt:1087:62 Not enough information to infer type argument for 'V'.
e: file:///Users/jim/work/v2superbikeshed/Trikeshed/src/commonMain/kotlin/borg/trikeshed/net/ssh/SSHProtocol.kt:1140:28 Cannot infer type for this parameter. Specify it explicitly.
e: file:///Users/jim/work/v2superbikeshed/Trikeshed/src/commonMain/kotlin/borg/trikeshed/net/ssh/SSHProtocol.kt:1140:28 Unresolved reference. None of the following candidates is applicable because of a receiver type mismatch:
fun <T> Join<Int, Function1<Int, Join<Any?, TypeMemento>>>.get(column: Column<T>): T?
e: file:///Users/jim/work/v2superbikeshed/Trikeshed/src/commonMain/kotlin/borg/trikeshed/net/ssh/SSHProtocol.kt:1141:27 Cannot infer type for this parameter. Specify it explicitly.
e: file:///Users/jim/work/v2superbikeshed/Trikeshed/src/commonMain/kotlin/borg/trikeshed/net/ssh/SSHProtocol.kt:1141:27 Unresolved reference. None of the following candidates is applicable because of a receiver type mismatch:
fun <T> Join<Int, Function1<Int, Join<Any?, TypeMemento>>>.get(column: Column<T>): T?
e: file:///Users/jim/work/v2superbikeshed/Trikeshed/src/commonMain/kotlin/borg/trikeshed/net/ssh/SSHProtocol.kt:1142:18 Cannot infer type for this parameter. Specify it explicitly.
e: file:///Users/jim/work/v2superbikeshed/Trikeshed/src/commonMain/kotlin/borg/trikeshed/net/ssh/SSHProtocol.kt:1142:18 Unresolved reference. None of the following candidates is applicable because of a receiver type mismatch:
fun <T> Join<Int, Function1<Int, Join<Any?, TypeMemento>>>.get(column: Column<T>): T?
e: file:///Users/jim/work/v2superbikeshed/Trikeshed/src/commonMain/kotlin/borg/trikeshed/net/ssh/SSHProtocol.kt:1143:18 Cannot infer type for this parameter. Specify it explicitly.
e: file:///Users/jim/work/v2superbikeshed/Trikeshed/src/commonMain/kotlin/borg/trikeshed/net/ssh/SSHProtocol.kt:1143:18 Unresolved reference. None of the following candidates is applicable because of a receiver type mismatch:
fun <T> Join<Int, Function1<Int, Join<Any?, TypeMemento>>>.get(column: Column<T>): T?
e: file:///Users/jim/work/v2superbikeshed/Trikeshed/src/commonMain/kotlin/borg/trikeshed/net/ssh/SSHProtocol.kt:1144:17 Cannot infer type for this parameter. Specify it explicitly.
e: file:///Users/jim/work/v2superbikeshed/Trikeshed/src/commonMain/kotlin/borg/trikeshed/net/ssh/SSHProtocol.kt:1144:17 Unresolved reference. None of the following candidates is applicable because of a receiver type mismatch:
fun <T> Join<Int, Function1<Int, Join<Any?, TypeMemento>>>.get(column: Column<T>): T?
e: file:///Users/jim/work/v2superbikeshed/Trikeshed/src/commonMain/kotlin/borg/trikeshed/net/ssh/SSHProtocol.kt:1146:13 Operator '!=' cannot be applied to 'BigInteger' and 'UInt'.
e: file:///Users/jim/work/v2superbikeshed/Trikeshed/src/commonMain/kotlin/borg/trikeshed/net/ssh/SSHProtocol.kt:1153:37 Cannot infer type for this parameter. Specify it explicitly.
e: file:///Users/jim/work/v2superbikeshed/Trikeshed/src/commonMain/kotlin/borg/trikeshed/net/ssh/SSHProtocol.kt:1153:37 Unresolved reference. None of the following candidates is applicable because of a receiver type mismatch:
fun <T> Join<Int, Function1<Int, Join<Any?, TypeMemento>>>.get(column: Column<T>): T?
e: file:///Users/jim/work/v2superbikeshed/Trikeshed/src/commonMain/kotlin/borg/trikeshed/net/ssh/SSHProtocol.kt:1154:26 Cannot infer type for this parameter. Specify it explicitly.
e: file:///Users/jim/work/v2superbikeshed/Trikeshed/src/commonMain/kotlin/borg/trikeshed/net/ssh/SSHProtocol.kt:1154:26 Unresolved reference. None of the following candidates is applicable because of a receiver type mismatch:
fun <T> Join<Int, Function1<Int, Join<Any?, TypeMemento>>>.get(column: Column<T>): T?
e: file:///Users/jim/work/v2superbikeshed/Trikeshed/src/commonMain/kotlin/borg/trikeshed/net/ssh/SSHProtocol.kt:1155:26 Cannot infer type for this parameter. Specify it explicitly.
e: file:///Users/jim/work/v2superbikeshed/Trikeshed/src/commonMain/kotlin/borg/trikeshed/net/ssh/SSHProtocol.kt:1155:26 Unresolved reference. None of the following candidates is applicable because of a receiver type mismatch:
fun <T> Join<Int, Function1<Int, Join<Any?, TypeMemento>>>.get(column: Column<T>): T?
e: file:///Users/jim/work/v2superbikeshed/Trikeshed/src/commonMain/kotlin/borg/trikeshed/net/ssh/SSHProtocol.kt:1156:25 Cannot infer type for this parameter. Specify it explicitly.
e: file:///Users/jim/work/v2superbikeshed/Trikeshed/src/commonMain/kotlin/borg/trikeshed/net/ssh/SSHProtocol.kt:1156:25 Unresolved reference. None of the following candidates is applicable because of a receiver type mismatch:
fun <T> Join<Int, Function1<Int, Join<Any?, TypeMemento>>>.get(column: Column<T>): T?
e: file:///Users/jim/work/v2superbikeshed/Trikeshed/src/commonMain/kotlin/borg/trikeshed/net/ssh/SSHProtocol.kt:1157:45 Argument type mismatch: actual type is 'Int', but 'IntRange' was expected.
e: file:///Users/jim/work/v2superbikeshed/Trikeshed/src/commonMain/kotlin/borg/trikeshed/net/ssh/SSHProtocol.kt:1157:48 Too many arguments for 'fun <T> Join<Int, Function1<Int, T>>.slice(range: IntRange): Join<Int, Function1<Int, T>>'.
e: file:///Users/jim/work/v2superbikeshed/Trikeshed/src/commonMain/kotlin/borg/trikeshed/net/ssh/SSHProtocol.kt:1157:83 Unresolved reference. None of the following candidates is applicable because of a receiver type mismatch:
fun Join<Int, Function1<Int, Byte>>.asString(): String
e: file:///Users/jim/work/v2superbikeshed/Trikeshed/src/commonMain/kotlin/borg/trikeshed/net/ssh/SSHProtocol.kt:1162:35 Cannot infer type for this parameter. Specify it explicitly.
e: file:///Users/jim/work/v2superbikeshed/Trikeshed/src/commonMain/kotlin/borg/trikeshed/net/ssh/SSHProtocol.kt:1162:35 Unresolved reference. None of the following candidates is applicable because of a receiver type mismatch:
fun <T> Join<Int, Function1<Int, Join<Any?, TypeMemento>>>.get(column: Column<T>): T?
e: file:///Users/jim/work/v2superbikeshed/Trikeshed/src/commonMain/kotlin/borg/trikeshed/net/ssh/SSHProtocol.kt:1163:26 Cannot infer type for this parameter. Specify it explicitly.
e: file:///Users/jim/work/v2superbikeshed/Trikeshed/src/commonMain/kotlin/borg/trikeshed/net/ssh/SSHProtocol.kt:1163:26 Unresolved reference. None of the following candidates is applicable because of a receiver type mismatch:
fun <T> Join<Int, Function1<Int, Join<Any?, TypeMemento>>>.get(column: Column<T>): T?
e: file:///Users/jim/work/v2superbikeshed/Trikeshed/src/commonMain/kotlin/borg/trikeshed/net/ssh/SSHProtocol.kt:1164:26 Cannot infer type for this parameter. Specify it explicitly.
e: file:///Users/jim/work/v2superbikeshed/Trikeshed/src/commonMain/kotlin/borg/trikeshed/net/ssh/SSHProtocol.kt:1164:26 Unresolved reference. None of the following candidates is applicable because of a receiver type mismatch:
fun <T> Join<Int, Function1<Int, Join<Any?, TypeMemento>>>.get(column: Column<T>): T?
e: file:///Users/jim/work/v2superbikeshed/Trikeshed/src/commonMain/kotlin/borg/trikeshed/net/ssh/SSHProtocol.kt:1165:25 Cannot infer type for this parameter. Specify it explicitly.
e: file:///Users/jim/work/v2superbikeshed/Trikeshed/src/commonMain/kotlin/borg/trikeshed/net/ssh/SSHProtocol.kt:1165:25 Unresolved reference. None of the following candidates is applicable because of a receiver type mismatch:
fun <T> Join<Int, Function1<Int, Join<Any?, TypeMemento>>>.get(column: Column<T>): T?
e: file:///Users/jim/work/v2superbikeshed/Trikeshed/src/commonMain/kotlin/borg/trikeshed/net/ssh/SSHProtocol.kt:1166:43 Cannot infer type for this parameter. Specify it explicitly.
e: file:///Users/jim/work/v2superbikeshed/Trikeshed/src/commonMain/kotlin/borg/trikeshed/net/ssh/SSHProtocol.kt:1166:43 Unresolved reference. None of the following candidates is applicable because of a receiver type mismatch:
fun <T> Join<Int, Function1<Int, Join<Any?, TypeMemento>>>.get(column: Column<T>): T?
e: file:///Users/jim/work/v2superbikeshed/Trikeshed/src/commonMain/kotlin/borg/trikeshed/net/ssh/SSHProtocol.kt:1167:26 Cannot infer type for this parameter. Specify it explicitly.
e: file:///Users/jim/work/v2superbikeshed/Trikeshed/src/commonMain/kotlin/borg/trikeshed/net/ssh/SSHProtocol.kt:1167:26 Unresolved reference. None of the following candidates is applicable because of a receiver type mismatch:
fun <T> Join<Int, Function1<Int, Join<Any?, TypeMemento>>>.get(column: Column<T>): T?
e: file:///Users/jim/work/v2superbikeshed/Trikeshed/src/commonMain/kotlin/borg/trikeshed/net/ssh/SSHProtocol.kt:1168:26 Cannot infer type for this parameter. Specify it explicitly.
e: file:///Users/jim/work/v2superbikeshed/Trikeshed/src/commonMain/kotlin/borg/trikeshed/net/ssh/SSHProtocol.kt:1168:26 Unresolved reference. None of the following candidates is applicable because of a receiver type mismatch:
fun <T> Join<Int, Function1<Int, Join<Any?, TypeMemento>>>.get(column: Column<T>): T?
e: file:///Users/jim/work/v2superbikeshed/Trikeshed/src/commonMain/kotlin/borg/trikeshed/net/ssh/SSHProtocol.kt:1169:25 Cannot infer type for this parameter. Specify it explicitly.
e: file:///Users/jim/work/v2superbikeshed/Trikeshed/src/commonMain/kotlin/borg/trikeshed/net/ssh/SSHProtocol.kt:1169:25 Unresolved reference. None of the following candidates is applicable because of a receiver type mismatch:
fun <T> Join<Int, Function1<Int, Join<Any?, TypeMemento>>>.get(column: Column<T>): T?
e: file:///Users/jim/work/v2superbikeshed/Trikeshed/src/commonMain/kotlin/borg/trikeshed/net/ssh/SSHProtocol.kt:1170:51 Argument type mismatch: actual type is 'Int', but 'IntRange' was expected.
e: file:///Users/jim/work/v2superbikeshed/Trikeshed/src/commonMain/kotlin/borg/trikeshed/net/ssh/SSHProtocol.kt:1170:55 Too many arguments for 'fun <T> Join<Int, Function1<Int, T>>.slice(range: IntRange): Join<Int, Function1<Int, T>>'.
e: file:///Users/jim/work/v2superbikeshed/Trikeshed/src/commonMain/kotlin/borg/trikeshed/net/ssh/SSHProtocol.kt:1170:96 Unresolved reference. None of the following candidates is applicable because of a receiver type mismatch:
fun Join<Int, Function1<Int, Byte>>.asString(): String
e: file:///Users/jim/work/v2superbikeshed/Trikeshed/src/commonMain/kotlin/borg/trikeshed/net/ssh/SSHProtocol.kt:1180:2 Syntax error: imports are only allowed in the beginning of file.
e: file:///Users/jim/work/v2superbikeshed/Trikeshed/src/commonMain/kotlin/borg/trikeshed/net/ssh/SSHProtocol.kt:1186:26 Unresolved reference 'PlatformFileIOImpl'.
e: file:///Users/jim/work/v2superbikeshed/Trikeshed/src/commonMain/kotlin/borg/trikeshed/net/ssh/SSHProtocol.kt:1191:42 Unresolved reference 'PlatformFileIOImpl'.
e: file:///Users/jim/work/v2superbikeshed/Trikeshed/src/commonMain/kotlin/borg/trikeshed/net/ssh/SSHProtocol.kt:1202:21 Cannot infer type for this parameter. Specify it explicitly.
e: file:///Users/jim/work/v2superbikeshed/Trikeshed/src/commonMain/kotlin/borg/trikeshed/net/ssh/SSHProtocol.kt:1202:29 Unresolved reference 'internalReceiveChannel'.
e: file:///Users/jim/work/v2superbikeshed/Trikeshed/src/commonMain/kotlin/borg/trikeshed/net/ssh/SSHProtocol.kt:1218:20 Cannot infer type for this parameter. Specify it explicitly.
e: file:///Users/jim/work/v2superbikeshed/Trikeshed/src/commonMain/kotlin/borg/trikeshed/net/ssh/SSHProtocol.kt:1218:28 Unresolved reference 'internalReceiveChannel'.
e: file:///Users/jim/work/v2superbikeshed/Trikeshed/src/commonMain/kotlin/borg/trikeshed/net/ssh/SSHProtocol.kt:1225:81 Argument type mismatch: actual type is 'Join<Int, Function1<Int, Join<Any?, TypeMemento>>>', but 'Join<Int, Function1<Int, Byte>>' was expected.
e: file:///Users/jim/work/v2superbikeshed/Trikeshed/src/commonMain/kotlin/borg/trikeshed/net/ssh/SSHProtocol.kt:1225:81 Cannot infer type for this parameter. Specify it explicitly.
e: file:///Users/jim/work/v2superbikeshed/Trikeshed/src/commonMain/kotlin/borg/trikeshed/net/ssh/SSHProtocol.kt:1225:81 Unresolved reference. None of the following candidates is applicable because of a receiver type mismatch:
fun <T> Join<Int, Function1<Int, Join<Any?, TypeMemento>>>.get(column: Column<T>): T?
e: file:///Users/jim/work/v2superbikeshed/Trikeshed/src/commonMain/kotlin/borg/trikeshed/net/ssh/SSHProtocol.kt:1228:20 Cannot infer type for this parameter. Specify it explicitly.
e: file:///Users/jim/work/v2superbikeshed/Trikeshed/src/commonMain/kotlin/borg/trikeshed/net/ssh/SSHProtocol.kt:1228:28 Unresolved reference 'internalReceiveChannel'.
e: file:///Users/jim/work/v2superbikeshed/Trikeshed/src/commonMain/kotlin/borg/trikeshed/net/ssh/SSHProtocol.kt:1239:24 Cannot infer type for this parameter. Specify it explicitly.
e: file:///Users/jim/work/v2superbikeshed/Trikeshed/src/commonMain/kotlin/borg/trikeshed/net/ssh/SSHProtocol.kt:1239:32 Unresolved reference 'internalReceiveChannel'.
e: file:///Users/jim/work/v2superbikeshed/Trikeshed/src/commonMain/kotlin/borg/trikeshed/net/ssh/SSHProtocol.kt:1257:61 Cannot infer type for this parameter. Specify it explicitly.
e: file:///Users/jim/work/v2superbikeshed/Trikeshed/src/commonMain/kotlin/borg/trikeshed/net/ssh/SSHProtocol.kt:1257:61 Unresolved reference. None of the following candidates is applicable because of a receiver type mismatch:
val <T> Join<Int, Function1<Int, T>>.size: Int
e: file:///Users/jim/work/v2superbikeshed/Trikeshed/src/commonMain/kotlin/borg/trikeshed/net/ssh/SSHProtocol.kt:1260:38 Unresolved reference 'internalReceiveChannel'.
e: file:///Users/jim/work/v2superbikeshed/Trikeshed/src/commonMain/kotlin/borg/trikeshed/net/ssh/SSHProtocol.kt:1274:61 Cannot infer type for this parameter. Specify it explicitly.
e: file:///Users/jim/work/v2superbikeshed/Trikeshed/src/commonMain/kotlin/borg/trikeshed/net/ssh/SSHProtocol.kt:1274:61 Unresolved reference. None of the following candidates is applicable because of a receiver type mismatch:
val <T> Join<Int, Function1<Int, T>>.size: Int
e: file:///Users/jim/work/v2superbikeshed/Trikeshed/src/commonMain/kotlin/borg/trikeshed/net/ssh/SSHProtocol.kt:1277:41 Unresolved reference 'internalReceiveChannel'.
e: file:///Users/jim/work/v2superbikeshed/Trikeshed/src/commonMain/kotlin/borg/trikeshed/net/ssh/SSHProtocol.kt:1278:53 Cannot infer type for this parameter. Specify it explicitly.
e: file:///Users/jim/work/v2superbikeshed/Trikeshed/src/commonMain/kotlin/borg/trikeshed/net/ssh/SSHProtocol.kt:1278:58 Cannot infer type for this parameter. Specify it explicitly.
e: file:///Users/jim/work/v2superbikeshed/Trikeshed/src/commonMain/kotlin/borg/trikeshed/net/ssh/SSHProtocol.kt:1278:58 Not enough information to infer type argument for 'B'.
e: file:///Users/jim/work/v2superbikeshed/Trikeshed/src/commonMain/kotlin/borg/trikeshed/net/ssh/SSHProtocol.kt:1278:72 Cannot infer type for this parameter. Specify it explicitly.
e: file:///Users/jim/work/v2superbikeshed/Trikeshed/src/commonMain/kotlin/borg/trikeshed/net/ssh/SSHProtocol.kt:1278:72 Not enough information to infer type argument for 'V'.
e: file:///Users/jim/work/v2superbikeshed/Trikeshed/src/commonMain/kotlin/borg/trikeshed/net/ssh/SSHProtocol.kt:1287:61 Cannot infer type for this parameter. Specify it explicitly.
e: file:///Users/jim/work/v2superbikeshed/Trikeshed/src/commonMain/kotlin/borg/trikeshed/net/ssh/SSHProtocol.kt:1287:61 Unresolved reference. None of the following candidates is applicable because of a receiver type mismatch:
val <T> Join<Int, Function1<Int, T>>.size: Int
e: file:///Users/jim/work/v2superbikeshed/Trikeshed/src/commonMain/kotlin/borg/trikeshed/net/ssh/SSHProtocol.kt:1290:41 Unresolved reference 'internalReceiveChannel'.
e: file:///Users/jim/work/v2superbikeshed/Trikeshed/src/commonMain/kotlin/borg/trikeshed/net/ssh/SSHProtocol.kt:1291:27 Cannot infer type for this parameter. Specify it explicitly.
e: file:///Users/jim/work/v2superbikeshed/Trikeshed/src/commonMain/kotlin/borg/trikeshed/net/ssh/SSHProtocol.kt:1298:61 Cannot infer type for this parameter. Specify it explicitly.
e: file:///Users/jim/work/v2superbikeshed/Trikeshed/src/commonMain/kotlin/borg/trikeshed/net/ssh/SSHProtocol.kt:1298:61 Unresolved reference. None of the following candidates is applicable because of a receiver type mismatch:
val <T> Join<Int, Function1<Int, T>>.size: Int
e: file:///Users/jim/work/v2superbikeshed/Trikeshed/src/commonMain/kotlin/borg/trikeshed/net/ssh/SSHProtocol.kt:1303:1 Syntax error: Expecting a top level declaration.
e: file:///Users/jim/work/v2superbikeshed/Trikeshed/src/commonMain/kotlin/borg/trikeshed/net/tls/TLS13Protocol.kt:195:25 Argument type mismatch: actual type is 'T? (of fun <T> Join<Int, Function1<Int, Join<Any?, TypeMemento>>>.get)', but 'Byte' was expected.
e: file:///Users/jim/work/v2superbikeshed/Trikeshed/src/commonMain/kotlin/borg/trikeshed/net/tls/TLS13Protocol.kt:195:25 Cannot infer type for this parameter. Specify it explicitly.
e: file:///Users/jim/work/v2superbikeshed/Trikeshed/src/commonMain/kotlin/borg/trikeshed/net/tls/TLS13Protocol.kt:195:25 Unresolved reference. None of the following candidates is applicable because of a receiver type mismatch:
fun <T> Join<Int, Function1<Int, Join<Any?, TypeMemento>>>.get(column: Column<T>): T?
e: file:///Users/jim/work/v2superbikeshed/Trikeshed/src/commonMain/kotlin/borg/trikeshed/net/tls/TLS13Protocol.kt:205:35 Argument type mismatch: actual type is 'T? (of fun <T> Join<Int, Function1<Int, Join<Any?, TypeMemento>>>.get)', but 'Byte' was expected.
e: file:///Users/jim/work/v2superbikeshed/Trikeshed/src/commonMain/kotlin/borg/trikeshed/net/tls/TLS13Protocol.kt:205:35 Cannot infer type for this parameter. Specify it explicitly.
e: file:///Users/jim/work/v2superbikeshed/Trikeshed/src/commonMain/kotlin/borg/trikeshed/net/tls/TLS13Protocol.kt:205:35 Unresolved reference. None of the following candidates is applicable because of a receiver type mismatch:
fun <T> Join<Int, Function1<Int, Join<Any?, TypeMemento>>>.get(column: Column<T>): T?
e: file:///Users/jim/work/v2superbikeshed/Trikeshed/src/commonMain/kotlin/borg/trikeshed/net/tls/TLS13Protocol.kt:207:19 Cannot infer type for this parameter. Specify it explicitly.
e: file:///Users/jim/work/v2superbikeshed/Trikeshed/src/commonMain/kotlin/borg/trikeshed/net/tls/TLS13Protocol.kt:207:19 Unresolved reference. None of the following candidates is applicable because of a receiver type mismatch:
fun <T> Join<Int, Function1<Int, Join<Any?, TypeMemento>>>.get(column: Column<T>): T?
e: file:///Users/jim/work/v2superbikeshed/Trikeshed/src/commonMain/kotlin/borg/trikeshed/net/tls/TLS13Protocol.kt:208:19 Cannot infer type for this parameter. Specify it explicitly.
e: file:///Users/jim/work/v2superbikeshed/Trikeshed/src/commonMain/kotlin/borg/trikeshed/net/tls/TLS13Protocol.kt:208:19 Unresolved reference. None of the following candidates is applicable because of a receiver type mismatch:
fun <T> Join<Int, Function1<Int, Join<Any?, TypeMemento>>>.get(column: Column<T>): T?
e: file:///Users/jim/work/v2superbikeshed/Trikeshed/src/commonMain/kotlin/borg/trikeshed/net/tls/TLS13Protocol.kt:210:27 Cannot infer type for this parameter. Specify it explicitly.
e: file:///Users/jim/work/v2superbikeshed/Trikeshed/src/commonMain/kotlin/borg/trikeshed/net/tls/TLS13Protocol.kt:210:27 Unresolved reference. None of the following candidates is applicable because of a receiver type mismatch:
fun <T> Join<Int, Function1<Int, Join<Any?, TypeMemento>>>.get(column: Column<T>): T?
e: file:///Users/jim/work/v2superbikeshed/Trikeshed/src/commonMain/kotlin/borg/trikeshed/net/tls/TLS13Protocol.kt:211:26 Cannot infer type for this parameter. Specify it explicitly.
e: file:///Users/jim/work/v2superbikeshed/Trikeshed/src/commonMain/kotlin/borg/trikeshed/net/tls/TLS13Protocol.kt:211:26 Unresolved reference. None of the following candidates is applicable because of a receiver type mismatch:
fun <T> Join<Int, Function1<Int, Join<Any?, TypeMemento>>>.get(column: Column<T>): T?
e: file:///Users/jim/work/v2superbikeshed/Trikeshed/src/commonMain/kotlin/borg/trikeshed/net/tls/TLS13Protocol.kt:215:35 Cannot infer type for this parameter. Specify it explicitly.
e: file:///Users/jim/work/v2superbikeshed/Trikeshed/src/commonMain/kotlin/borg/trikeshed/net/tls/TLS13Protocol.kt:215:49 Argument type mismatch: actual type is 'Join<Int, Function1<Int, Join<Any?, TypeMemento>>>', but 'Join<Int, Function1<Int, Byte>>' was expected.
e: file:///Users/jim/work/v2superbikeshed/Trikeshed/src/commonMain/kotlin/borg/trikeshed/net/tls/TLS13Protocol.kt:215:49 Cannot infer type for this parameter. Specify it explicitly.
e: file:///Users/jim/work/v2superbikeshed/Trikeshed/src/commonMain/kotlin/borg/trikeshed/net/tls/TLS13Protocol.kt:215:49 Unresolved reference. None of the following candidates is applicable because of a receiver type mismatch:
fun <T> Join<Int, Function1<Int, Join<Any?, TypeMemento>>>.get(column: Column<T>): T?
e: file:///Users/jim/work/v2superbikeshed/Trikeshed/src/commonMain/kotlin/borg/trikeshed/net/tls/TLS13Protocol.kt:242:25 Argument type mismatch: actual type is 'T? (of fun <T> Join<Int, Function1<Int, Join<Any?, TypeMemento>>>.get)', but 'Byte' was expected.
e: file:///Users/jim/work/v2superbikeshed/Trikeshed/src/commonMain/kotlin/borg/trikeshed/net/tls/TLS13Protocol.kt:242:25 Cannot infer type for this parameter. Specify it explicitly.
e: file:///Users/jim/work/v2superbikeshed/Trikeshed/src/commonMain/kotlin/borg/trikeshed/net/tls/TLS13Protocol.kt:242:25 Unresolved reference. None of the following candidates is applicable because of a receiver type mismatch:
fun <T> Join<Int, Function1<Int, Join<Any?, TypeMemento>>>.get(column: Column<T>): T?
e: file:///Users/jim/work/v2superbikeshed/Trikeshed/src/commonMain/kotlin/borg/trikeshed/net/tls/TLS13Protocol.kt:252:45 Argument type mismatch: actual type is 'T? (of fun <T> Join<Int, Function1<Int, Join<Any?, TypeMemento>>>.get)', but 'Byte' was expected.
e: file:///Users/jim/work/v2superbikeshed/Trikeshed/src/commonMain/kotlin/borg/trikeshed/net/tls/TLS13Protocol.kt:252:45 Cannot infer type for this parameter. Specify it explicitly.
e: file:///Users/jim/work/v2superbikeshed/Trikeshed/src/commonMain/kotlin/borg/trikeshed/net/tls/TLS13Protocol.kt:252:45 Unresolved reference. None of the following candidates is applicable because of a receiver type mismatch:
fun <T> Join<Int, Function1<Int, Join<Any?, TypeMemento>>>.get(column: Column<T>): T?
e: file:///Users/jim/work/v2superbikeshed/Trikeshed/src/commonMain/kotlin/borg/trikeshed/net/tls/TLS13Protocol.kt:253:28 Cannot infer type for this parameter. Specify it explicitly.
e: file:///Users/jim/work/v2superbikeshed/Trikeshed/src/commonMain/kotlin/borg/trikeshed/net/tls/TLS13Protocol.kt:253:28 Unresolved reference. None of the following candidates is applicable because of a receiver type mismatch:
fun <T> Join<Int, Function1<Int, Join<Any?, TypeMemento>>>.get(column: Column<T>): T?
e: file:///Users/jim/work/v2superbikeshed/Trikeshed/src/commonMain/kotlin/borg/trikeshed/net/tls/TLS13Protocol.kt:254:27 Cannot infer type for this parameter. Specify it explicitly.
e: file:///Users/jim/work/v2superbikeshed/Trikeshed/src/commonMain/kotlin/borg/trikeshed/net/tls/TLS13Protocol.kt:254:27 Unresolved reference. None of the following candidates is applicable because of a receiver type mismatch:
fun <T> Join<Int, Function1<Int, Join<Any?, TypeMemento>>>.get(column: Column<T>): T?
e: file:///Users/jim/work/v2superbikeshed/Trikeshed/src/commonMain/kotlin/borg/trikeshed/net/tls/TLS13Protocol.kt:255:26 Cannot infer type for this parameter. Specify it explicitly.
e: file:///Users/jim/work/v2superbikeshed/Trikeshed/src/commonMain/kotlin/borg/trikeshed/net/tls/TLS13Protocol.kt:255:26 Unresolved reference. None of the following candidates is applicable because of a receiver type mismatch:
fun <T> Join<Int, Function1<Int, Join<Any?, TypeMemento>>>.get(column: Column<T>): T?
e: file:///Users/jim/work/v2superbikeshed/Trikeshed/src/commonMain/kotlin/borg/trikeshed/net/tls/TLS13Protocol.kt:259:31 Cannot infer type for this parameter. Specify it explicitly.
e: file:///Users/jim/work/v2superbikeshed/Trikeshed/src/commonMain/kotlin/borg/trikeshed/net/tls/TLS13Protocol.kt:259:45 Argument type mismatch: actual type is 'Join<Int, Function1<Int, Join<Any?, TypeMemento>>>', but 'Join<Int, Function1<Int, Byte>>' was expected.
e: file:///Users/jim/work/v2superbikeshed/Trikeshed/src/commonMain/kotlin/borg/trikeshed/net/tls/TLS13Protocol.kt:259:45 Cannot infer type for this parameter. Specify it explicitly.
e: file:///Users/jim/work/v2superbikeshed/Trikeshed/src/commonMain/kotlin/borg/trikeshed/net/tls/TLS13Protocol.kt:259:45 Unresolved reference. None of the following candidates is applicable because of a receiver type mismatch:
fun <T> Join<Int, Function1<Int, Join<Any?, TypeMemento>>>.get(column: Column<T>): T?
e: file:///Users/jim/work/v2superbikeshed/Trikeshed/src/commonMain/kotlin/borg/trikeshed/net/tls/TLS13Protocol.kt:286:25 Argument type mismatch: actual type is 'T? (of fun <T> Join<Int, Function1<Int, Join<Any?, TypeMemento>>>.get)', but 'Byte' was expected.
e: file:///Users/jim/work/v2superbikeshed/Trikeshed/src/commonMain/kotlin/borg/trikeshed/net/tls/TLS13Protocol.kt:286:25 Cannot infer type for this parameter. Specify it explicitly.
e: file:///Users/jim/work/v2superbikeshed/Trikeshed/src/commonMain/kotlin/borg/trikeshed/net/tls/TLS13Protocol.kt:286:25 Unresolved reference. None of the following candidates is applicable because of a receiver type mismatch:
fun <T> Join<Int, Function1<Int, Join<Any?, TypeMemento>>>.get(column: Column<T>): T?
e: file:///Users/jim/work/v2superbikeshed/Trikeshed/src/commonMain/kotlin/borg/trikeshed/net/tls/TLS13Protocol.kt:313:22 Argument type mismatch: actual type is 'K (of fun <K> WHEN_CALL)', but 'Byte' was expected.
e: file:///Users/jim/work/v2superbikeshed/Trikeshed/src/commonMain/kotlin/borg/trikeshed/net/tls/TLS13Protocol.kt:313:40 Argument type mismatch: actual type is 'T? (of fun <T> Join<Int, Function1<Int, Join<Any?, TypeMemento>>>.get)', but 'K (of fun <K> WHEN_CALL)' was expected.
e: file:///Users/jim/work/v2superbikeshed/Trikeshed/src/commonMain/kotlin/borg/trikeshed/net/tls/TLS13Protocol.kt:313:40 Cannot infer type for this parameter. Specify it explicitly.
e: file:///Users/jim/work/v2superbikeshed/Trikeshed/src/commonMain/kotlin/borg/trikeshed/net/tls/TLS13Protocol.kt:313:40 Unresolved reference. None of the following candidates is applicable because of a receiver type mismatch:
fun <T> Join<Int, Function1<Int, Join<Any?, TypeMemento>>>.get(column: Column<T>): T?
e: file:///Users/jim/work/v2superbikeshed/Trikeshed/src/commonMain/kotlin/borg/trikeshed/net/tls/TLS13Protocol.kt:313:55 Argument type mismatch: actual type is 'Byte', but 'K (of fun <K> WHEN_CALL)' was expected.
e: file:///Users/jim/work/v2superbikeshed/Trikeshed/src/commonMain/kotlin/borg/trikeshed/net/tls/TLS13Protocol.kt:319:22 Argument type mismatch: actual type is 'T? (of fun <T> Join<Int, Function1<Int, Join<Any?, TypeMemento>>>.get)', but 'Byte' was expected.
e: file:///Users/jim/work/v2superbikeshed/Trikeshed/src/commonMain/kotlin/borg/trikeshed/net/tls/TLS13Protocol.kt:319:22 Cannot infer type for this parameter. Specify it explicitly.
e: file:///Users/jim/work/v2superbikeshed/Trikeshed/src/commonMain/kotlin/borg/trikeshed/net/tls/TLS13Protocol.kt:319:22 Unresolved reference. None of the following candidates is applicable because of a receiver type mismatch:
fun <T> Join<Int, Function1<Int, Join<Any?, TypeMemento>>>.get(column: Column<T>): T?
e: file:///Users/jim/work/v2superbikeshed/Trikeshed/src/commonMain/kotlin/borg/trikeshed/net/tls/TLS13Protocol.kt:327:25 Cannot infer type for this parameter. Specify it explicitly.
e: file:///Users/jim/work/v2superbikeshed/Trikeshed/src/commonMain/kotlin/borg/trikeshed/net/tls/TLS13Protocol.kt:327:25 Unresolved reference. None of the following candidates is applicable because of a receiver type mismatch:
fun <T> Join<Int, Function1<Int, Join<Any?, TypeMemento>>>.get(column: Column<T>): T?
e: file:///Users/jim/work/v2superbikeshed/Trikeshed/src/commonMain/kotlin/borg/trikeshed/net/tls/TLS13Protocol.kt:328:29 Unresolved reference 'value'.
e: file:///Users/jim/work/v2superbikeshed/Trikeshed/src/commonMain/kotlin/borg/trikeshed/net/tls/TLS13Protocol.kt:329:28 Unresolved reference 'value'.
e: file:///Users/jim/work/v2superbikeshed/Trikeshed/src/commonMain/kotlin/borg/trikeshed/net/tls/TLS13Protocol.kt:335:22 Argument type mismatch: actual type is 'T? (of fun <T> Join<Int, Function1<Int, Join<Any?, TypeMemento>>>.get)', but 'Byte' was expected.
e: file:///Users/jim/work/v2superbikeshed/Trikeshed/src/commonMain/kotlin/borg/trikeshed/net/tls/TLS13Protocol.kt:335:22 Cannot infer type for this parameter. Specify it explicitly.
e: file:///Users/jim/work/v2superbikeshed/Trikeshed/src/commonMain/kotlin/borg/trikeshed/net/tls/TLS13Protocol.kt:335:22 Unresolved reference. None of the following candidates is applicable because of a receiver type mismatch:
fun <T> Join<Int, Function1<Int, Join<Any?, TypeMemento>>>.get(column: Column<T>): T?
e: file:///Users/jim/work/v2superbikeshed/Trikeshed/src/commonMain/kotlin/borg/trikeshed/net/tls/TLS13Protocol.kt:341:27 Cannot infer type for this parameter. Specify it explicitly.
e: file:///Users/jim/work/v2superbikeshed/Trikeshed/src/commonMain/kotlin/borg/trikeshed/net/tls/TLS13Protocol.kt:341:27 Unresolved reference. None of the following candidates is applicable because of a receiver type mismatch:
fun <T> Join<Int, Function1<Int, Join<Any?, TypeMemento>>>.get(column: Column<T>): T?
e: file:///Users/jim/work/v2superbikeshed/Trikeshed/src/commonMain/kotlin/borg/trikeshed/net/tls/TLS13Protocol.kt:341:41 Unresolved reference 'encode'.
e: file:///Users/jim/work/v2superbikeshed/Trikeshed/src/commonMain/kotlin/borg/trikeshed/net/tls/TLS13Protocol.kt:343:39 Argument type mismatch: actual type is 'V? (of fun <K, V> Map<out K, V>.get)', but 'Byte' was expected.
e: file:///Users/jim/work/v2superbikeshed/Trikeshed/src/commonMain/kotlin/borg/trikeshed/net/tls/TLS13Protocol.kt:343:39 Cannot infer type for this parameter. Specify it explicitly.
e: file:///Users/jim/work/v2superbikeshed/Trikeshed/src/commonMain/kotlin/borg/trikeshed/net/tls/TLS13Protocol.kt:375:22 Argument type mismatch: actual type is 'K (of fun <K> WHEN_CALL)', but 'Byte' was expected.
e: file:///Users/jim/work/v2superbikeshed/Trikeshed/src/commonMain/kotlin/borg/trikeshed/net/tls/TLS13Protocol.kt:375:40 Argument type mismatch: actual type is 'T? (of fun <T> Join<Int, Function1<Int, Join<Any?, TypeMemento>>>.get)', but 'K (of fun <K> WHEN_CALL)' was expected.
e: file:///Users/jim/work/v2superbikeshed/Trikeshed/src/commonMain/kotlin/borg/trikeshed/net/tls/TLS13Protocol.kt:375:40 Cannot infer type for this parameter. Specify it explicitly.
e: file:///Users/jim/work/v2superbikeshed/Trikeshed/src/commonMain/kotlin/borg/trikeshed/net/tls/TLS13Protocol.kt:375:40 Unresolved reference. None of the following candidates is applicable because of a receiver type mismatch:
fun <T> Join<Int, Function1<Int, Join<Any?, TypeMemento>>>.get(column: Column<T>): T?
e: file:///Users/jim/work/v2superbikeshed/Trikeshed/src/commonMain/kotlin/borg/trikeshed/net/tls/TLS13Protocol.kt:375:55 Argument type mismatch: actual type is 'Byte', but 'K (of fun <K> WHEN_CALL)' was expected.
e: file:///Users/jim/work/v2superbikeshed/Trikeshed/src/commonMain/kotlin/borg/trikeshed/net/tls/TLS13Protocol.kt:381:22 Argument type mismatch: actual type is 'T? (of fun <T> Join<Int, Function1<Int, Join<Any?, TypeMemento>>>.get)', but 'Byte' was expected.
e: file:///Users/jim/work/v2superbikeshed/Trikeshed/src/commonMain/kotlin/borg/trikeshed/net/tls/TLS13Protocol.kt:381:22 Cannot infer type for this parameter. Specify it explicitly.
e: file:///Users/jim/work/v2superbikeshed/Trikeshed/src/commonMain/kotlin/borg/trikeshed/net/tls/TLS13Protocol.kt:381:22 Unresolved reference. None of the following candidates is applicable because of a receiver type mismatch:
fun <T> Join<Int, Function1<Int, Join<Any?, TypeMemento>>>.get(column: Column<T>): T?
e: file:///Users/jim/work/v2superbikeshed/Trikeshed/src/commonMain/kotlin/borg/trikeshed/net/tls/TLS13Protocol.kt:394:27 Cannot infer type for this parameter. Specify it explicitly.
e: file:///Users/jim/work/v2superbikeshed/Trikeshed/src/commonMain/kotlin/borg/trikeshed/net/tls/TLS13Protocol.kt:394:27 Unresolved reference. None of the following candidates is applicable because of a receiver type mismatch:
fun <T> Join<Int, Function1<Int, Join<Any?, TypeMemento>>>.get(column: Column<T>): T?
e: file:///Users/jim/work/v2superbikeshed/Trikeshed/src/commonMain/kotlin/borg/trikeshed/net/tls/TLS13Protocol.kt:394:41 Unresolved reference 'encode'.
e: file:///Users/jim/work/v2superbikeshed/Trikeshed/src/commonMain/kotlin/borg/trikeshed/net/tls/TLS13Protocol.kt:396:39 Argument type mismatch: actual type is 'V? (of fun <K, V> Map<out K, V>.get)', but 'Byte' was expected.
e: file:///Users/jim/work/v2superbikeshed/Trikeshed/src/commonMain/kotlin/borg/trikeshed/net/tls/TLS13Protocol.kt:396:39 Cannot infer type for this parameter. Specify it explicitly.
e: file:///Users/jim/work/v2superbikeshed/Trikeshed/src/commonMain/kotlin/borg/trikeshed/net/tls/TLS13Protocol.kt:532:30 Argument type mismatch: actual type is 'T? (of fun <T> Join<Int, Function1<Int, Join<Any?, TypeMemento>>>.get)', but 'Byte' was expected.
e: file:///Users/jim/work/v2superbikeshed/Trikeshed/src/commonMain/kotlin/borg/trikeshed/net/tls/TLS13Protocol.kt:532:30 Cannot infer type for this parameter. Specify it explicitly.
e: file:///Users/jim/work/v2superbikeshed/Trikeshed/src/commonMain/kotlin/borg/trikeshed/net/tls/TLS13Protocol.kt:532:30 Unresolved reference. None of the following candidates is applicable because of a receiver type mismatch:
fun <T> Join<Int, Function1<Int, Join<Any?, TypeMemento>>>.get(column: Column<T>): T?
e: file:///Users/jim/work/v2superbikeshed/Trikeshed/src/commonMain/kotlin/borg/trikeshed/net/tls/TLS13Protocol.kt:618:31 Cannot infer type for this parameter. Specify it explicitly.
e: file:///Users/jim/work/v2superbikeshed/Trikeshed/src/commonMain/kotlin/borg/trikeshed/net/tls/TLS13Protocol.kt:618:45 Argument type mismatch: actual type is 'Join<Int, Function1<Int, Join<Any?, TypeMemento>>>', but 'Join<Int, Function1<Int, Byte>>' was expected.
e: file:///Users/jim/work/v2superbikeshed/Trikeshed/src/commonMain/kotlin/borg/trikeshed/net/tls/TLS13Protocol.kt:618:45 Cannot infer type for this parameter. Specify it explicitly.
e: file:///Users/jim/work/v2superbikeshed/Trikeshed/src/commonMain/kotlin/borg/trikeshed/net/tls/TLS13Protocol.kt:618:45 Unresolved reference. None of the following candidates is applicable because of a receiver type mismatch:
fun <T> Join<Int, Function1<Int, Join<Any?, TypeMemento>>>.get(column: Column<T>): T?
e: file:///Users/jim/work/v2superbikeshed/Trikeshed/src/commonMain/kotlin/borg/trikeshed/net/tls/TLS13Protocol.kt:660:48 Cannot infer type for this parameter. Specify it explicitly.
e: file:///Users/jim/work/v2superbikeshed/Trikeshed/src/commonMain/kotlin/borg/trikeshed/net/tls/TLS13Protocol.kt:660:48 Not enough information to infer type argument for 'T'.
e: file:///Users/jim/work/v2superbikeshed/Trikeshed/src/commonMain/kotlin/borg/trikeshed/net/tls/TLS13Protocol.kt:660:53 Cannot infer type for this parameter. Specify it explicitly.
e: file:///Users/jim/work/v2superbikeshed/Trikeshed/src/commonMain/kotlin/borg/trikeshed/net/tls/TLS13Protocol.kt:660:53 Not enough information to infer type argument for 'T'.
e: file:///Users/jim/work/v2superbikeshed/Trikeshed/src/commonMain/kotlin/borg/trikeshed/net/tls/TLS13Protocol.kt:660:73 Cannot infer type for this parameter. Specify it explicitly.
e: file:///Users/jim/work/v2superbikeshed/Trikeshed/src/commonMain/kotlin/borg/trikeshed/net/tls/TLS13Protocol.kt:660:73 Not enough information to infer type argument for 'T'.
e: file:///Users/jim/work/v2superbikeshed/Trikeshed/src/commonMain/kotlin/borg/trikeshed/net/tls/TLS13Protocol.kt:660:79 Cannot infer type for this parameter. Specify it explicitly.
e: file:///Users/jim/work/v2superbikeshed/Trikeshed/src/commonMain/kotlin/borg/trikeshed/net/tls/TLS13Protocol.kt:660:79 Function 'component1()' is ambiguous for this expression: 
fun <T> Array<out T>.component1(): T
fun ByteArray.component1(): Byte
fun ShortArray.component1(): Short
fun IntArray.component1(): Int
fun LongArray.component1(): Long
fun FloatArray.component1(): Float
fun DoubleArray.component1(): Double
fun BooleanArray.component1(): Boolean
fun CharArray.component1(): Char
fun <T> List<T>.component1(): T
fun <K, V> Map.Entry<K, V>.component1(): K
fun UIntArray.component1(): UInt
fun ULongArray.component1(): ULong
fun UByteArray.component1(): UByte
fun UShortArray.component1(): UShort.
e: file:///Users/jim/work/v2superbikeshed/Trikeshed/src/commonMain/kotlin/borg/trikeshed/net/tls/TLS13Protocol.kt:660:79 Function 'component2()' is ambiguous for this expression: 
fun <T> Array<out T>.component2(): T
fun ByteArray.component2(): Byte
fun ShortArray.component2(): Short
fun IntArray.component2(): Int
fun LongArray.component2(): Long
fun FloatArray.component2(): Float
fun DoubleArray.component2(): Double
fun BooleanArray.component2(): Boolean
fun CharArray.component2(): Char
fun <T> List<T>.component2(): T
fun <K, V> Map.Entry<K, V>.component2(): V
fun UIntArray.component2(): UInt
fun ULongArray.component2(): ULong
fun UByteArray.component2(): UByte
fun UShortArray.component2(): UShort.
e: file:///Users/jim/work/v2superbikeshed/Trikeshed/src/commonMain/kotlin/borg/trikeshed/net/tls/TLS13Protocol.kt:670:31 Cannot infer type for this parameter. Specify it explicitly.
e: file:///Users/jim/work/v2superbikeshed/Trikeshed/src/commonMain/kotlin/borg/trikeshed/net/tls/TLS13Protocol.kt:670:31 Unresolved reference. None of the following candidates is applicable because of a receiver type mismatch:
fun <T> Join<Int, Function1<Int, Join<Any?, TypeMemento>>>.get(column: Column<T>): T?
e: file:///Users/jim/work/v2superbikeshed/Trikeshed/src/commonMain/kotlin/borg/trikeshed/net/tls/TLS13Protocol.kt:675:15 Cannot infer type for this parameter. Specify it explicitly.
e: file:///Users/jim/work/v2superbikeshed/Trikeshed/src/commonMain/kotlin/borg/trikeshed/net/tls/TLS13Protocol.kt:675:15 Unresolved reference. None of the following candidates is applicable because of a receiver type mismatch:
fun <T> Join<Int, Function1<Int, Join<Any?, TypeMemento>>>.get(column: Column<T>): T?
e: file:///Users/jim/work/v2superbikeshed/Trikeshed/src/commonMain/kotlin/borg/trikeshed/net/tls/TLS13Protocol.kt:676:14 Cannot infer type for this parameter. Specify it explicitly.
e: file:///Users/jim/work/v2superbikeshed/Trikeshed/src/commonMain/kotlin/borg/trikeshed/net/tls/TLS13Protocol.kt:676:14 Unresolved reference. None of the following candidates is applicable because of a receiver type mismatch:
fun <T> Join<Int, Function1<Int, Join<Any?, TypeMemento>>>.get(column: Column<T>): T?
e: file:///Users/jim/work/v2superbikeshed/Trikeshed/src/commonMain/kotlin/borg/trikeshed/net/tls/TLS13Protocol.kt:684:34 Cannot infer type for this parameter. Specify it explicitly.
e: file:///Users/jim/work/v2superbikeshed/Trikeshed/src/commonMain/kotlin/borg/trikeshed/net/tls/TLS13Protocol.kt:684:34 Unresolved reference. None of the following candidates is applicable because of a receiver type mismatch:
fun <T> Join<Int, Function1<Int, Join<Any?, TypeMemento>>>.get(column: Column<T>): T?
e: file:///Users/jim/work/v2superbikeshed/Trikeshed/src/commonMain/kotlin/borg/trikeshed/net/tls/TLS13Protocol.kt:685:31 Cannot infer type for this parameter. Specify it explicitly.
e: file:///Users/jim/work/v2superbikeshed/Trikeshed/src/commonMain/kotlin/borg/trikeshed/net/tls/TLS13Protocol.kt:685:31 Unresolved reference. None of the following candidates is applicable because of a receiver type mismatch:
fun <T> Join<Int, Function1<Int, Join<Any?, TypeMemento>>>.get(column: Column<T>): T?
e: file:///Users/jim/work/v2superbikeshed/Trikeshed/src/commonMain/kotlin/borg/trikeshed/net/tls/TLS13Protocol.kt:692:20 Cannot infer type for this parameter. Specify it explicitly.
e: file:///Users/jim/work/v2superbikeshed/Trikeshed/src/commonMain/kotlin/borg/trikeshed/net/tls/TLS13Protocol.kt:692:20 Unresolved reference. None of the following candidates is applicable because of a receiver type mismatch:
fun <T> Join<Int, Function1<Int, Join<Any?, TypeMemento>>>.get(column: Column<T>): T?
e: file:///Users/jim/work/v2superbikeshed/Trikeshed/src/commonMain/kotlin/borg/trikeshed/net/tls/TLS13Protocol.kt:693:18 Cannot infer type for this parameter. Specify it explicitly.
e: file:///Users/jim/work/v2superbikeshed/Trikeshed/src/commonMain/kotlin/borg/trikeshed/net/tls/TLS13Protocol.kt:693:18 Unresolved reference. None of the following candidates is applicable because of a receiver type mismatch:
fun <T> Join<Int, Function1<Int, Join<Any?, TypeMemento>>>.get(column: Column<T>): T?
e: file:///Users/jim/work/v2superbikeshed/Trikeshed/src/commonMain/kotlin/borg/trikeshed/net/tls/TLS13Protocol.kt:697:31 Cannot infer type for this parameter. Specify it explicitly.
e: file:///Users/jim/work/v2superbikeshed/Trikeshed/src/commonMain/kotlin/borg/trikeshed/net/tls/TLS13Protocol.kt:697:31 Unresolved reference. None of the following candidates is applicable because of a receiver type mismatch:
fun <T> Join<Int, Function1<Int, Join<Any?, TypeMemento>>>.get(column: Column<T>): T?
e: file:///Users/jim/work/v2superbikeshed/Trikeshed/src/commonMain/kotlin/borg/trikeshed/net/tls/TLS13Protocol.kt:698:28 Cannot infer type for this parameter. Specify it explicitly.
e: file:///Users/jim/work/v2superbikeshed/Trikeshed/src/commonMain/kotlin/borg/trikeshed/net/tls/TLS13Protocol.kt:698:28 Unresolved reference. None of the following candidates is applicable because of a receiver type mismatch:
fun <T> Join<Int, Function1<Int, Join<Any?, TypeMemento>>>.get(column: Column<T>): T?
e: file:///Users/jim/work/v2superbikeshed/Trikeshed/src/commonMain/kotlin/borg/trikeshed/net/tls/TLS13Protocol.kt:705:28 Cannot infer type for this parameter. Specify it explicitly.
e: file:///Users/jim/work/v2superbikeshed/Trikeshed/src/commonMain/kotlin/borg/trikeshed/net/tls/TLS13Protocol.kt:705:28 Unresolved reference. None of the following candidates is applicable because of a receiver type mismatch:
fun <T> Join<Int, Function1<Int, Join<Any?, TypeMemento>>>.get(column: Column<T>): T?
e: file:///Users/jim/work/v2superbikeshed/Trikeshed/src/commonMain/kotlin/borg/trikeshed/net/tls/TLS13Protocol.kt:706:26 Cannot infer type for this parameter. Specify it explicitly.
e: file:///Users/jim/work/v2superbikeshed/Trikeshed/src/commonMain/kotlin/borg/trikeshed/net/tls/TLS13Protocol.kt:706:26 Unresolved reference. None of the following candidates is applicable because of a receiver type mismatch:
fun <T> Join<Int, Function1<Int, Join<Any?, TypeMemento>>>.get(column: Column<T>): T?
e: file:///Users/jim/work/v2superbikeshed/Trikeshed/src/commonMain/kotlin/borg/trikeshed/net/tls/TLS13Protocol.kt:710:47 Cannot infer type for this parameter. Specify it explicitly.
e: file:///Users/jim/work/v2superbikeshed/Trikeshed/src/commonMain/kotlin/borg/trikeshed/net/tls/TLS13Protocol.kt:710:47 Unresolved reference. None of the following candidates is applicable because of a receiver type mismatch:
fun <T> Join<Int, Function1<Int, Join<Any?, TypeMemento>>>.get(column: Column<T>): T?
e: file:///Users/jim/work/v2superbikeshed/Trikeshed/src/commonMain/kotlin/borg/trikeshed/net/tls/TLS13Protocol.kt:711:44 Cannot infer type for this parameter. Specify it explicitly.
e: file:///Users/jim/work/v2superbikeshed/Trikeshed/src/commonMain/kotlin/borg/trikeshed/net/tls/TLS13Protocol.kt:711:44 Unresolved reference. None of the following candidates is applicable because of a receiver type mismatch:
fun <T> Join<Int, Function1<Int, Join<Any?, TypeMemento>>>.get(column: Column<T>): T?
e: file:///Users/jim/work/v2superbikeshed/Trikeshed/src/commonMain/kotlin/borg/trikeshed/net/tls/TLS13Protocol.kt:714:61 Cannot infer type for this parameter. Specify it explicitly.
e: file:///Users/jim/work/v2superbikeshed/Trikeshed/src/commonMain/kotlin/borg/trikeshed/net/tls/TLS13Protocol.kt:714:75 Argument type mismatch: actual type is 'Join<Int, Function1<Int, Join<Any?, TypeMemento>>>', but 'Join<Int, Function1<Int, Byte>>' was expected.
e: file:///Users/jim/work/v2superbikeshed/Trikeshed/src/commonMain/kotlin/borg/trikeshed/net/tls/TLS13Protocol.kt:714:75 Cannot infer type for this parameter. Specify it explicitly.
e: file:///Users/jim/work/v2superbikeshed/Trikeshed/src/commonMain/kotlin/borg/trikeshed/net/tls/TLS13Protocol.kt:714:75 Unresolved reference. None of the following candidates is applicable because of a receiver type mismatch:
fun <T> Join<Int, Function1<Int, Join<Any?, TypeMemento>>>.get(column: Column<T>): T?
e: file:///Users/jim/work/v2superbikeshed/Trikeshed/src/commonMain/kotlin/borg/trikeshed/net/tls/TLS13Protocol.kt:836:32 Argument type mismatch: actual type is 'T? (of fun <T> Join<Int, Function1<Int, Join<Any?, TypeMemento>>>.get)', but 'Byte' was expected.
e: file:///Users/jim/work/v2superbikeshed/Trikeshed/src/commonMain/kotlin/borg/trikeshed/net/tls/TLS13Protocol.kt:836:32 Cannot infer type for this parameter. Specify it explicitly.
e: file:///Users/jim/work/v2superbikeshed/Trikeshed/src/commonMain/kotlin/borg/trikeshed/net/tls/TLS13Protocol.kt:836:32 Unresolved reference. None of the following candidates is applicable because of a receiver type mismatch:
fun <T> Join<Int, Function1<Int, Join<Any?, TypeMemento>>>.get(column: Column<T>): T?
e: file:///Users/jim/work/v2superbikeshed/Trikeshed/src/commonMain/kotlin/borg/trikeshed/net/tls/TLS13Protocol.kt:909:22 Argument type mismatch: actual type is 'T? (of fun <T> Join<Int, Function1<Int, Join<Any?, TypeMemento>>>.get)', but 'Byte' was expected.
e: file:///Users/jim/work/v2superbikeshed/Trikeshed/src/commonMain/kotlin/borg/trikeshed/net/tls/TLS13Protocol.kt:909:22 Cannot infer type for this parameter. Specify it explicitly.
e: file:///Users/jim/work/v2superbikeshed/Trikeshed/src/commonMain/kotlin/borg/trikeshed/net/tls/TLS13Protocol.kt:909:22 Unresolved reference. None of the following candidates is applicable because of a receiver type mismatch:
fun <T> Join<Int, Function1<Int, Join<Any?, TypeMemento>>>.get(column: Column<T>): T?
e: file:///Users/jim/work/v2superbikeshed/Trikeshed/src/commonMain/kotlin/borg/trikeshed/net/tls/TLS13Protocol.kt:916:22 Argument type mismatch: actual type is 'T? (of fun <T> Join<Int, Function1<Int, Join<Any?, TypeMemento>>>.get)', but 'Byte' was expected.
e: file:///Users/jim/work/v2superbikeshed/Trikeshed/src/commonMain/kotlin/borg/trikeshed/net/tls/TLS13Protocol.kt:916:22 Cannot infer type for this parameter. Specify it explicitly.
e: file:///Users/jim/work/v2superbikeshed/Trikeshed/src/commonMain/kotlin/borg/trikeshed/net/tls/TLS13Protocol.kt:916:22 Unresolved reference. None of the following candidates is applicable because of a receiver type mismatch:
fun <T> Join<Int, Function1<Int, Join<Any?, TypeMemento>>>.get(column: Column<T>): T?
e: file:///Users/jim/work/v2superbikeshed/Trikeshed/src/commonMain/kotlin/borg/trikeshed/net/tls/TLS13Protocol.kt:922:27 Cannot infer type for this parameter. Specify it explicitly.
e: file:///Users/jim/work/v2superbikeshed/Trikeshed/src/commonMain/kotlin/borg/trikeshed/net/tls/TLS13Protocol.kt:922:27 Unresolved reference. None of the following candidates is applicable because of a receiver type mismatch:
fun <T> Join<Int, Function1<Int, Join<Any?, TypeMemento>>>.get(column: Column<T>): T?
e: file:///Users/jim/work/v2superbikeshed/Trikeshed/src/commonMain/kotlin/borg/trikeshed/net/tls/TLS13Protocol.kt:922:41 Unresolved reference 'encode'.
e: file:///Users/jim/work/v2superbikeshed/Trikeshed/src/commonMain/kotlin/borg/trikeshed/net/tls/TLS13Protocol.kt:924:39 Argument type mismatch: actual type is 'V? (of fun <K, V> Map<out K, V>.get)', but 'Byte' was expected.
e: file:///Users/jim/work/v2superbikeshed/Trikeshed/src/commonMain/kotlin/borg/trikeshed/net/tls/TLS13Protocol.kt:924:39 Cannot infer type for this parameter. Specify it explicitly.
e: file:///Users/jim/work/v2superbikeshed/Trikeshed/src/commonMain/kotlin/borg/trikeshed/nio/spi/SimpleNioDemo.kt:12:24 Unresolved reference 'JvmNioProvider'.
e: file:///Users/jim/work/v2superbikeshed/Trikeshed/src/commonMain/kotlin/borg/trikeshed/parse/BashBracePacker.kt:24:39 Cannot infer type for this parameter. Specify it explicitly.
e: file:///Users/jim/work/v2superbikeshed/Trikeshed/src/commonMain/kotlin/borg/trikeshed/parse/BashBracePacker.kt:24:39 Unresolved reference. None of the following candidates is applicable because of a receiver type mismatch:
fun <T> Join<Int, Function1<Int, Join<Any?, TypeMemento>>>.get(column: Column<T>): T?
e: file:///Users/jim/work/v2superbikeshed/Trikeshed/src/commonMain/kotlin/borg/trikeshed/parse/Parser.kt:26:33 Cannot infer type for this parameter. Specify it explicitly.
e: file:///Users/jim/work/v2superbikeshed/Trikeshed/src/commonMain/kotlin/borg/trikeshed/parse/Parser.kt:26:33 Unresolved reference. None of the following candidates is applicable because of a receiver type mismatch:
fun <T> Join<Int, Function1<Int, Join<Any?, TypeMemento>>>.get(column: Column<T>): T?
e: file:///Users/jim/work/v2superbikeshed/Trikeshed/src/commonMain/kotlin/borg/trikeshed/parse/Parser.kt:27:31 Unresolved reference 'type'.
e: file:///Users/jim/work/v2superbikeshed/Trikeshed/src/commonMain/kotlin/borg/trikeshed/parse/Parser.kt:28:74 Argument type mismatch: actual type is 'Token?', but 'Token' was expected.
e: file:///Users/jim/work/v2superbikeshed/Trikeshed/src/commonMain/kotlin/borg/trikeshed/parse/Parser.kt:28:74 Unresolved reference. None of the following candidates is applicable because of a receiver type mismatch:
fun <T> Join<Int, Function1<Int, Join<Any?, TypeMemento>>>.get(column: Column<T>): T?
e: file:///Users/jim/work/v2superbikeshed/Trikeshed/src/commonMain/kotlin/borg/trikeshed/parse/Parser.kt:73:33 None of the following candidates is applicable:
fun ByteArray.toIdx(): Join<Int, Function1<Int, Byte>>
fun IntArray.toIdx(): Join<Int, Function1<Int, Int>>
e: file:///Users/jim/work/v2superbikeshed/Trikeshed/src/commonMain/kotlin/borg/trikeshed/parse/Parser.kt:94:29 Cannot infer type for this parameter. Specify it explicitly.
e: file:///Users/jim/work/v2superbikeshed/Trikeshed/src/commonMain/kotlin/borg/trikeshed/parse/Parser.kt:94:29 Unresolved reference. None of the following candidates is applicable because of a receiver type mismatch:
fun <T> Join<Int, Function1<Int, Join<Any?, TypeMemento>>>.get(column: Column<T>): T?
e: file:///Users/jim/work/v2superbikeshed/Trikeshed/src/commonMain/kotlin/borg/trikeshed/parse/Parser.kt:95:27 Unresolved reference 'type'.
e: file:///Users/jim/work/v2superbikeshed/Trikeshed/src/commonMain/kotlin/borg/trikeshed/parse/Parser.kt:96:39 Unresolved reference 'literal'.
e: file:///Users/jim/work/v2superbikeshed/Trikeshed/src/commonMain/kotlin/borg/trikeshed/parse/Parser.kt:96:78 Argument type mismatch: actual type is 'Token?', but 'Token' was expected.
e: file:///Users/jim/work/v2superbikeshed/Trikeshed/src/commonMain/kotlin/borg/trikeshed/parse/Parser.kt:96:78 Unresolved reference. None of the following candidates is applicable because of a receiver type mismatch:
fun <T> Join<Int, Function1<Int, Join<Any?, TypeMemento>>>.get(column: Column<T>): T?
e: file:///Users/jim/work/v2superbikeshed/Trikeshed/src/commonMain/kotlin/borg/trikeshed/parse/Parser.kt:123:69 None of the following candidates is applicable:
fun ByteArray.toIdx(): Join<Int, Function1<Int, Byte>>
fun IntArray.toIdx(): Join<Int, Function1<Int, Int>>
e: file:///Users/jim/work/v2superbikeshed/Trikeshed/src/commonMain/kotlin/borg/trikeshed/parse/Parser.kt:130:69 None of the following candidates is applicable:
fun ByteArray.toIdx(): Join<Int, Function1<Int, Byte>>
fun IntArray.toIdx(): Join<Int, Function1<Int, Int>>
e: file:///Users/jim/work/v2superbikeshed/Trikeshed/src/commonMain/kotlin/borg/trikeshed/parse/Parser.kt:151:66 None of the following candidates is applicable:
fun ByteArray.toIdx(): Join<Int, Function1<Int, Byte>>
fun IntArray.toIdx(): Join<Int, Function1<Int, Int>>
e: file:///Users/jim/work/v2superbikeshed/Trikeshed/src/commonMain/kotlin/borg/trikeshed/parse/Parser.kt:171:30 Overload resolution ambiguity between candidates:
fun <X, C, V : Join<Int, Function1<Int, X>>> V.α(crossinline xform: (X) -> C): Join<Int, Function1<Int, C>>
fun <X, C, V : Join<Int, Function1<Int, X>>> V.α(crossinline xform: (X) -> C): Join<Int, Function1<Int, C>>
e: file:///Users/jim/work/v2superbikeshed/Trikeshed/src/commonMain/kotlin/borg/trikeshed/parse/Parser.kt:171:40 Unresolved reference 'it'.
e: file:///Users/jim/work/v2superbikeshed/Trikeshed/src/commonMain/kotlin/borg/trikeshed/parse/Parser.kt:184:55 None of the following candidates is applicable:
fun ByteArray.toIdx(): Join<Int, Function1<Int, Byte>>
fun IntArray.toIdx(): Join<Int, Function1<Int, Int>>
e: file:///Users/jim/work/v2superbikeshed/Trikeshed/src/commonMain/kotlin/borg/trikeshed/parse/bbcursive/Allocator.kt:5:27 Unresolved reference 'lim'.
e: file:///Users/jim/work/v2superbikeshed/Trikeshed/src/commonMain/kotlin/borg/trikeshed/parse/bbcursive/Allocator.kt:6:27 Unresolved reference 'pos'.
e: file:///Users/jim/work/v2superbikeshed/Trikeshed/src/commonMain/kotlin/borg/trikeshed/parse/bbcursive/Allocator.kt:8:27 Unresolved reference 'duplicate'.
e: file:///Users/jim/work/v2superbikeshed/Trikeshed/src/commonMain/kotlin/borg/trikeshed/parse/bbcursive/Allocator.kt:9:27 Unresolved reference 'put'.
e: file:///Users/jim/work/v2superbikeshed/Trikeshed/src/commonMain/kotlin/borg/trikeshed/parse/bbcursive/Allocator.kt:10:27 Unresolved reference 'rew'.
e: file:///Users/jim/work/v2superbikeshed/Trikeshed/src/commonMain/kotlin/borg/trikeshed/parse/bbcursive/Allocator.kt:26:71 Overload resolution ambiguity between candidates:
fun ByteArray.toIndexed(): Join<Int, Function1<Int, Byte>>
fun <T> Any.toIndexed(): Join<Int, Function1<Int, T>>
fun ByteArray.toIndexed(): Join<Int, Function1<Int, Byte>>
e: file:///Users/jim/work/v2superbikeshed/Trikeshed/src/commonMain/kotlin/borg/trikeshed/parse/bbcursive/Allocator.kt:26:84 Unresolved reference 'ro'.
e: file:///Users/jim/work/v2superbikeshed/Trikeshed/src/commonMain/kotlin/borg/trikeshed/parse/bbcursive/Allocator.kt:43:60 Overload resolution ambiguity between candidates:
fun ByteArray.toIndexed(): Join<Int, Function1<Int, Byte>>
fun <T> Any.toIndexed(): Join<Int, Function1<Int, T>>
fun ByteArray.toIndexed(): Join<Int, Function1<Int, Byte>>
e: file:///Users/jim/work/v2superbikeshed/Trikeshed/src/commonMain/kotlin/borg/trikeshed/parse/bbcursive/Allocator.kt:43:73 Unresolved reference 'lim'.
e: file:///Users/jim/work/v2superbikeshed/Trikeshed/src/commonMain/kotlin/borg/trikeshed/parse/bbcursive/Allocator.kt:69:60 Overload resolution ambiguity between candidates:
fun ByteArray.toIndexed(): Join<Int, Function1<Int, Byte>>
fun <T> Any.toIndexed(): Join<Int, Function1<Int, T>>
fun ByteArray.toIndexed(): Join<Int, Function1<Int, Byte>>
e: file:///Users/jim/work/v2superbikeshed/Trikeshed/src/commonMain/kotlin/borg/trikeshed/parse/bbcursive/Allocator.kt:69:73 Unresolved reference 'lim'.
e: file:///Users/jim/work/v2superbikeshed/Trikeshed/src/commonMain/kotlin/borg/trikeshed/parse/bbcursive/Allocator.kt:92:38 No value passed for parameter 'range'.
e: file:///Users/jim/work/v2superbikeshed/Trikeshed/src/commonMain/kotlin/borg/trikeshed/parse/bbcursive/Allocator.kt:92:41 Unresolved reference 'lim'.
e: file:///Users/jim/work/v2superbikeshed/Trikeshed/src/commonMain/kotlin/borg/trikeshed/parse/bbcursive/Cursive.kt:6:27 Unresolved reference 'pos'.
e: file:///Users/jim/work/v2superbikeshed/Trikeshed/src/commonMain/kotlin/borg/trikeshed/parse/bbcursive/Cursive.kt:7:27 Unresolved reference 'rem'.
e: file:///Users/jim/work/v2superbikeshed/Trikeshed/src/commonMain/kotlin/borg/trikeshed/parse/bbcursive/Cursive.kt:8:27 Unresolved reference 'rew'.
e: file:///Users/jim/work/v2superbikeshed/Trikeshed/src/commonMain/kotlin/borg/trikeshed/parse/bbcursive/Cursive.kt:15:1 Functional interface must have exactly one abstract function.
e: file:///Users/jim/work/v2superbikeshed/Trikeshed/src/commonMain/kotlin/borg/trikeshed/parse/bbcursive/Cursive.kt:15:25 Unresolved reference 'UnaryOperator'.
e: file:///Users/jim/work/v2superbikeshed/Trikeshed/src/commonMain/kotlin/borg/trikeshed/parse/bbcursive/Cursive.kt:18:13 'invoke' overrides nothing.
e: file:///Users/jim/work/v2superbikeshed/Trikeshed/src/commonMain/kotlin/borg/trikeshed/parse/bbcursive/Cursive.kt:18:88 Unresolved reference 'duplicate'.
e: file:///Users/jim/work/v2superbikeshed/Trikeshed/src/commonMain/kotlin/borg/trikeshed/parse/bbcursive/Cursive.kt:21:13 'invoke' overrides nothing.
e: file:///Users/jim/work/v2superbikeshed/Trikeshed/src/commonMain/kotlin/borg/trikeshed/parse/bbcursive/Cursive.kt:24:13 'invoke' overrides nothing.
e: file:///Users/jim/work/v2superbikeshed/Trikeshed/src/commonMain/kotlin/borg/trikeshed/parse/bbcursive/Cursive.kt:24:88 None of the following candidates is applicable:
fun <T> Array<out T>.slice(indices: IntRange): List<T>
fun ByteArray.slice(indices: IntRange): List<Byte>
fun ShortArray.slice(indices: IntRange): List<Short>
fun IntArray.slice(indices: IntRange): List<Int>
fun LongArray.slice(indices: IntRange): List<Long>
fun FloatArray.slice(indices: IntRange): List<Float>
fun DoubleArray.slice(indices: IntRange): List<Double>
fun BooleanArray.slice(indices: IntRange): List<Boolean>
fun CharArray.slice(indices: IntRange): List<Char>
fun <T> Array<out T>.slice(indices: Iterable<Int>): List<T>
fun ByteArray.slice(indices: Iterable<Int>): List<Byte>
fun ShortArray.slice(indices: Iterable<Int>): List<Short>
fun IntArray.slice(indices: Iterable<Int>): List<Int>
fun LongArray.slice(indices: Iterable<Int>): List<Long>
fun FloatArray.slice(indices: Iterable<Int>): List<Float>
fun DoubleArray.slice(indices: Iterable<Int>): List<Double>
fun BooleanArray.slice(indices: Iterable<Int>): List<Boolean>
fun CharArray.slice(indices: Iterable<Int>): List<Char>
fun <T> List<T>.slice(indices: IntRange): List<T>
fun <T> List<T>.slice(indices: Iterable<Int>): List<T>
fun UIntArray.slice(indices: IntRange): List<UInt>
fun ULongArray.slice(indices: IntRange): List<ULong>
fun UByteArray.slice(indices: IntRange): List<UByte>
fun UShortArray.slice(indices: IntRange): List<UShort>
fun UIntArray.slice(indices: Iterable<Int>): List<UInt>
fun ULongArray.slice(indices: Iterable<Int>): List<ULong>
fun UByteArray.slice(indices: Iterable<Int>): List<UByte>
fun UShortArray.slice(indices: Iterable<Int>): List<UShort>
fun CharSequence.slice(indices: IntRange): CharSequence
fun String.slice(indices: IntRange): String
fun CharSequence.slice(indices: Iterable<Int>): CharSequence
fun String.slice(indices: Iterable<Int>): String
e: file:///Users/jim/work/v2superbikeshed/Trikeshed/src/commonMain/kotlin/borg/trikeshed/parse/bbcursive/Cursive.kt:27:13 'invoke' overrides nothing.
e: file:///Users/jim/work/v2superbikeshed/Trikeshed/src/commonMain/kotlin/borg/trikeshed/parse/bbcursive/Cursive.kt:30:13 'invoke' overrides nothing.
e: file:///Users/jim/work/v2superbikeshed/Trikeshed/src/commonMain/kotlin/borg/trikeshed/parse/bbcursive/Cursive.kt:30:88 Cannot infer type for this parameter. Specify it explicitly.
e: file:///Users/jim/work/v2superbikeshed/Trikeshed/src/commonMain/kotlin/borg/trikeshed/parse/bbcursive/Cursive.kt:30:91 No value passed for parameter 'value'.
e: file:///Users/jim/work/v2superbikeshed/Trikeshed/src/commonMain/kotlin/borg/trikeshed/parse/bbcursive/Cursive.kt:36:13 'invoke' overrides nothing.
e: file:///Users/jim/work/v2superbikeshed/Trikeshed/src/commonMain/kotlin/borg/trikeshed/parse/bbcursive/Cursive.kt:36:88 Cannot infer type for this parameter. Specify it explicitly.
e: file:///Users/jim/work/v2superbikeshed/Trikeshed/src/commonMain/kotlin/borg/trikeshed/parse/bbcursive/Cursive.kt:36:91 No value passed for parameter 'value'.
e: file:///Users/jim/work/v2superbikeshed/Trikeshed/src/commonMain/kotlin/borg/trikeshed/parse/bbcursive/Cursive.kt:42:13 'invoke' overrides nothing.
e: file:///Users/jim/work/v2superbikeshed/Trikeshed/src/commonMain/kotlin/borg/trikeshed/parse/bbcursive/Cursive.kt:48:13 'invoke' overrides nothing.
e: file:///Users/jim/work/v2superbikeshed/Trikeshed/src/commonMain/kotlin/borg/trikeshed/parse/bbcursive/Cursive.kt:48:88 Unresolved reference 'ro'.
e: file:///Users/jim/work/v2superbikeshed/Trikeshed/src/commonMain/kotlin/borg/trikeshed/parse/bbcursive/Cursive.kt:57:13 'invoke' overrides nothing.
e: file:///Users/jim/work/v2superbikeshed/Trikeshed/src/commonMain/kotlin/borg/trikeshed/parse/bbcursive/Cursive.kt:59:54 Cannot infer type for this parameter. Specify it explicitly.
e: file:///Users/jim/work/v2superbikeshed/Trikeshed/src/commonMain/kotlin/borg/trikeshed/parse/bbcursive/Cursive.kt:59:57 No value passed for parameter 'column'.
e: file:///Users/jim/work/v2superbikeshed/Trikeshed/src/commonMain/kotlin/borg/trikeshed/parse/bbcursive/Cursive.kt:64:28 Suspend function 'suspend fun bb(b: ByteIndexedBuffer, vararg ops: ERROR CLASS: Symbol not found for UnaryOperator): ByteIndexedBuffer?' can only be called from a coroutine or another suspend function.
e: file:///Users/jim/work/v2superbikeshed/Trikeshed/src/commonMain/kotlin/borg/trikeshed/parse/bbcursive/Cursive.kt:68:13 'invoke' overrides nothing.
e: file:///Users/jim/work/v2superbikeshed/Trikeshed/src/commonMain/kotlin/borg/trikeshed/parse/bbcursive/Cursive.kt:71:13 'invoke' overrides nothing.
e: file:///Users/jim/work/v2superbikeshed/Trikeshed/src/commonMain/kotlin/borg/trikeshed/parse/bbcursive/Cursive.kt:72:55 Cannot infer type for this parameter. Specify it explicitly.
e: file:///Users/jim/work/v2superbikeshed/Trikeshed/src/commonMain/kotlin/borg/trikeshed/parse/bbcursive/Cursive.kt:72:58 No value passed for parameter 'column'.
e: file:///Users/jim/work/v2superbikeshed/Trikeshed/src/commonMain/kotlin/borg/trikeshed/parse/bbcursive/Cursive.kt:81:13 'invoke' overrides nothing.
e: file:///Users/jim/work/v2superbikeshed/Trikeshed/src/commonMain/kotlin/borg/trikeshed/parse/bbcursive/Cursive.kt:82:62 Cannot infer type for this parameter. Specify it explicitly.
e: file:///Users/jim/work/v2superbikeshed/Trikeshed/src/commonMain/kotlin/borg/trikeshed/parse/bbcursive/Cursive.kt:82:65 No value passed for parameter 'column'.
e: file:///Users/jim/work/v2superbikeshed/Trikeshed/src/commonMain/kotlin/borg/trikeshed/parse/bbcursive/Cursive.kt:91:13 'invoke' overrides nothing.
e: file:///Users/jim/work/v2superbikeshed/Trikeshed/src/commonMain/kotlin/borg/trikeshed/parse/bbcursive/Cursive.kt:92:62 Cannot infer type for this parameter. Specify it explicitly.
e: file:///Users/jim/work/v2superbikeshed/Trikeshed/src/commonMain/kotlin/borg/trikeshed/parse/bbcursive/Cursive.kt:92:65 No value passed for parameter 'column'.
e: file:///Users/jim/work/v2superbikeshed/Trikeshed/src/commonMain/kotlin/borg/trikeshed/parse/bbcursive/Cursive.kt:97:13 'invoke' overrides nothing.
e: file:///Users/jim/work/v2superbikeshed/Trikeshed/src/commonMain/kotlin/borg/trikeshed/parse/bbcursive/Cursive.kt:103:13 'invoke' overrides nothing.
e: file:///Users/jim/work/v2superbikeshed/Trikeshed/src/commonMain/kotlin/borg/trikeshed/parse/bbcursive/Cursive.kt:109:13 'invoke' overrides nothing.
e: file:///Users/jim/work/v2superbikeshed/Trikeshed/src/commonMain/kotlin/borg/trikeshed/parse/bbcursive/Cursive.kt:116:13 'invoke' overrides nothing.
e: file:///Users/jim/work/v2superbikeshed/Trikeshed/src/commonMain/kotlin/borg/trikeshed/parse/bbcursive/Cursive.kt:119:13 'invoke' overrides nothing.
e: file:///Users/jim/work/v2superbikeshed/Trikeshed/src/commonMain/kotlin/borg/trikeshed/parse/bbcursive/Cursive.kt:120:72 Cannot infer type for this parameter. Specify it explicitly.
e: file:///Users/jim/work/v2superbikeshed/Trikeshed/src/commonMain/kotlin/borg/trikeshed/parse/bbcursive/Cursive.kt:120:75 No value passed for parameter 'column'.
e: file:///Users/jim/work/v2superbikeshed/Trikeshed/src/commonMain/kotlin/borg/trikeshed/parse/bbcursive/Cursive.kt:129:13 'invoke' overrides nothing.
e: file:///Users/jim/work/v2superbikeshed/Trikeshed/src/commonMain/kotlin/borg/trikeshed/parse/bbcursive/Cursive.kt:129:88 Unresolved reference 'compact'.
e: file:///Users/jim/work/v2superbikeshed/Trikeshed/src/commonMain/kotlin/borg/trikeshed/parse/bbcursive/Cursive.kt:132:13 'invoke' overrides nothing.
e: file:///Users/jim/work/v2superbikeshed/Trikeshed/src/commonMain/kotlin/borg/trikeshed/parse/bbcursive/Cursive.kt:132:88 Cannot infer type for this parameter. Specify it explicitly.
e: file:///Users/jim/work/v2superbikeshed/Trikeshed/src/commonMain/kotlin/borg/trikeshed/parse/bbcursive/Cursive.kt:132:91 No value passed for parameter 'value'.
e: file:///Users/jim/work/v2superbikeshed/Trikeshed/src/commonMain/kotlin/borg/trikeshed/parse/bbcursive/Cursive.kt:135:13 'invoke' overrides nothing.
e: file:///Users/jim/work/v2superbikeshed/Trikeshed/src/commonMain/kotlin/borg/trikeshed/parse/bbcursive/Cursive.kt:135:88 Cannot infer type for this parameter. Specify it explicitly.
e: file:///Users/jim/work/v2superbikeshed/Trikeshed/src/commonMain/kotlin/borg/trikeshed/parse/bbcursive/Cursive.kt:135:91 No value passed for parameter 'value'.
e: file:///Users/jim/work/v2superbikeshed/Trikeshed/src/commonMain/kotlin/borg/trikeshed/parse/bbcursive/Cursive.kt:138:13 'invoke' overrides nothing.
e: file:///Users/jim/work/v2superbikeshed/Trikeshed/src/commonMain/kotlin/borg/trikeshed/parse/bbcursive/Cursive.kt:141:13 'invoke' overrides nothing.
e: file:///Users/jim/work/v2superbikeshed/Trikeshed/src/commonMain/kotlin/borg/trikeshed/parse/bbcursive/Cursive.kt:144:13 'invoke' overrides nothing.
e: file:///Users/jim/work/v2superbikeshed/Trikeshed/src/commonMain/kotlin/borg/trikeshed/parse/bbcursive/Cursive.kt:144:88 Unresolved reference 'ro'.
e: file:///Users/jim/work/v2superbikeshed/Trikeshed/src/commonMain/kotlin/borg/trikeshed/parse/bbcursive/Cursive.kt:150:13 'invoke' overrides nothing.
e: file:///Users/jim/work/v2superbikeshed/Trikeshed/src/commonMain/kotlin/borg/trikeshed/parse/bbcursive/Cursive.kt:152:28 Unresolved reference 'put'.
e: file:///Users/jim/work/v2superbikeshed/Trikeshed/src/commonMain/kotlin/borg/trikeshed/parse/bbcursive/Cursive.kt:161:13 'invoke' overrides nothing.
e: file:///Users/jim/work/v2superbikeshed/Trikeshed/src/commonMain/kotlin/borg/trikeshed/parse/bbcursive/Cursive.kt:165:28 Unresolved reference 'put'.
e: file:///Users/jim/work/v2superbikeshed/Trikeshed/src/commonMain/kotlin/borg/trikeshed/parse/bbcursive/lib/Int.kt:45:19 Assignment type mismatch: actual type is 'kotlin.Int', but 'borg.trikeshed.parse.bbcursive.lib.Int?' was expected.
e: file:///Users/jim/work/v2superbikeshed/Trikeshed/src/commonMain/kotlin/borg/trikeshed/parse/bbcursive/lib/Int.kt:92:19 Assignment type mismatch: actual type is 'kotlin.Int', but 'borg.trikeshed.parse.bbcursive.lib.Int?' was expected.
e: file:///Users/jim/work/v2superbikeshed/Trikeshed/src/commonMain/kotlin/borg/trikeshed/parse/bbcursive/lib/abort.kt:3:23 Unresolved reference 'std'.
e: file:///Users/jim/work/v2superbikeshed/Trikeshed/src/commonMain/kotlin/borg/trikeshed/parse/bbcursive/lib/abort.kt:13:71 Unresolved reference 'std'.
e: file:///Users/jim/work/v2superbikeshed/Trikeshed/src/commonMain/kotlin/borg/trikeshed/parse/bbcursive/lib/advance.kt:28:51 None of the following candidates is applicable:
fun Array<out Byte>.toByteArray(): ByteArray
fun Collection<Byte>.toByteArray(): ByteArray
fun UByteArray.toByteArray(): ByteArray
fun String.toByteArray(charset: Charset = ...): ByteArray
e: file:///Users/jim/work/v2superbikeshed/Trikeshed/src/commonMain/kotlin/borg/trikeshed/parse/bbcursive/lib/advance.kt:31:53 Return type of 'apply' is not a subtype of the return type of the overridden member 'fun apply(p0: ByteBuffer): ByteBuffer' defined in 'borg/trikeshed/parse/bbcursive/lib/<anonymous>'.
e: file:///Users/jim/work/v2superbikeshed/Trikeshed/src/commonMain/kotlin/borg/trikeshed/parse/bbcursive/lib/allOf_.kt:3:23 Unresolved reference 'std'.
e: file:///Users/jim/work/v2superbikeshed/Trikeshed/src/commonMain/kotlin/borg/trikeshed/parse/bbcursive/lib/allOf_.kt:26:53 Return type of 'apply' is not a subtype of the return type of the overridden member 'fun apply(p0: ByteBuffer): ByteBuffer' defined in 'borg/trikeshed/parse/bbcursive/lib/<anonymous>'.
e: file:///Users/jim/work/v2superbikeshed/Trikeshed/src/commonMain/kotlin/borg/trikeshed/parse/bbcursive/lib/allOf_.kt:27:24 Unresolved reference 'std'.
e: file:///Users/jim/work/v2superbikeshed/Trikeshed/src/commonMain/kotlin/borg/trikeshed/parse/bbcursive/lib/anyOf_.kt:7:39 Unresolved reference 'ParseResult'.
e: file:///Users/jim/work/v2superbikeshed/Trikeshed/src/commonMain/kotlin/borg/trikeshed/parse/bbcursive/lib/anyOf_.kt:8:39 Unresolved reference 'SessionContext'.
e: file:///Users/jim/work/v2superbikeshed/Trikeshed/src/commonMain/kotlin/borg/trikeshed/parse/bbcursive/lib/anyOf_.kt:9:39 Unresolved reference 'Traits'.
e: file:///Users/jim/work/v2superbikeshed/Trikeshed/src/commonMain/kotlin/borg/trikeshed/parse/bbcursive/lib/anyOf_.kt:10:39 Unresolved reference 'UnaryOperator'.
e: file:///Users/jim/work/v2superbikeshed/Trikeshed/src/commonMain/kotlin/borg/trikeshed/parse/bbcursive/lib/anyOf_.kt:21:26 Unresolved reference 'Traits'.
e: file:///Users/jim/work/v2superbikeshed/Trikeshed/src/commonMain/kotlin/borg/trikeshed/parse/bbcursive/lib/anyOf_.kt:21:36 Cannot infer type for this parameter. Specify it explicitly.
e: file:///Users/jim/work/v2superbikeshed/Trikeshed/src/commonMain/kotlin/borg/trikeshed/parse/bbcursive/lib/anyOf_.kt:23:41 Unresolved reference 'UnaryOperator'.
e: file:///Users/jim/work/v2superbikeshed/Trikeshed/src/commonMain/kotlin/borg/trikeshed/parse/bbcursive/lib/anyOf_.kt:23:76 Unresolved reference 'UnaryOperator'.
e: file:///Users/jim/work/v2superbikeshed/Trikeshed/src/commonMain/kotlin/borg/trikeshed/parse/bbcursive/lib/anyOf_.kt:26:29 Unresolved reference 'UnaryOperator'.
e: file:///Users/jim/work/v2superbikeshed/Trikeshed/src/commonMain/kotlin/borg/trikeshed/parse/bbcursive/lib/anyOf_.kt:28:17 'invoke' overrides nothing.
e: file:///Users/jim/work/v2superbikeshed/Trikeshed/src/commonMain/kotlin/borg/trikeshed/parse/bbcursive/lib/anyOf_.kt:29:59 Unresolved reference 'SessionContext'.
e: file:///Users/jim/work/v2superbikeshed/Trikeshed/src/commonMain/kotlin/borg/trikeshed/parse/bbcursive/lib/anyOf_.kt:33:40 Unresolved reference 'flags'.
e: file:///Users/jim/work/v2superbikeshed/Trikeshed/src/commonMain/kotlin/borg/trikeshed/parse/bbcursive/lib/anyOf_.kt:33:55 Unresolved reference 'Traits'.
e: file:///Users/jim/work/v2superbikeshed/Trikeshed/src/commonMain/kotlin/borg/trikeshed/parse/bbcursive/lib/anyOf_.kt:34:56 Cannot infer type for this parameter. Specify it explicitly.
e: file:///Users/jim/work/v2superbikeshed/Trikeshed/src/commonMain/kotlin/borg/trikeshed/parse/bbcursive/lib/anyOf_.kt:34:56 Unresolved reference. None of the following candidates is applicable because of a receiver type mismatch:
fun <T, R> DeepRecursiveFunction<T, R>.invoke(value: T): R
e: file:///Users/jim/work/v2superbikeshed/Trikeshed/src/commonMain/kotlin/borg/trikeshed/parse/bbcursive/lib/anyOf_.kt:51:29 Class '<anonymous>' is not abstract and does not implement abstract base class member:
fun goTo(addressType: addressType): addressType
e: file:///Users/jim/work/v2superbikeshed/Trikeshed/src/commonMain/kotlin/borg/trikeshed/parse/bbcursive/lib/anyOf_.kt:51:48 Unresolved reference 'Traits'.
e: file:///Users/jim/work/v2superbikeshed/Trikeshed/src/commonMain/kotlin/borg/trikeshed/parse/bbcursive/lib/anyOf_.kt:51:63 Unresolved reference 'UnaryOperator'.
e: file:///Users/jim/work/v2superbikeshed/Trikeshed/src/commonMain/kotlin/borg/trikeshed/parse/bbcursive/lib/anyOf_.kt:54:52 Return type of 'at' is not a subtype of the return type of the overridden member 'fun at(): _edge<ERROR CLASS: Symbol not found for UnaryOperator, Int>' defined in 'borg/trikeshed/parse/bbcursive/lib/<anonymous>'.
e: file:///Users/jim/work/v2superbikeshed/Trikeshed/src/commonMain/kotlin/borg/trikeshed/parse/bbcursive/lib/anyOf_.kt:54:58 Return type mismatch: expected 'Int', actual 'Array<ByteIndexedBuffer?>'.
e: file:///Users/jim/work/v2superbikeshed/Trikeshed/src/commonMain/kotlin/borg/trikeshed/parse/bbcursive/lib/anyOf_.kt:54:59 Syntax error: Expecting member declaration.
e: file:///Users/jim/work/v2superbikeshed/Trikeshed/src/commonMain/kotlin/borg/trikeshed/parse/bbcursive/lib/anyOf_.kt:54:60 Syntax error: Expecting member declaration.
e: file:///Users/jim/work/v2superbikeshed/Trikeshed/src/commonMain/kotlin/borg/trikeshed/parse/bbcursive/lib/anyOf_.kt:54:61 Syntax error: Expecting member declaration.
e: file:///Users/jim/work/v2superbikeshed/Trikeshed/src/commonMain/kotlin/borg/trikeshed/parse/bbcursive/lib/anyOf_.kt:56:33 'goTo' overrides nothing. Potential signatures for overriding:
fun goTo(addressType: _edge<ERROR CLASS: Symbol not found for UnaryOperator, Int>): _edge<ERROR CLASS: Symbol not found for UnaryOperator, Int>
e: file:///Users/jim/work/v2superbikeshed/Trikeshed/src/commonMain/kotlin/borg/trikeshed/parse/bbcursive/lib/anyOf_.kt:60:42 Function 'r' without a body must be abstract.
e: file:///Users/jim/work/v2superbikeshed/Trikeshed/src/commonMain/kotlin/borg/trikeshed/parse/bbcursive/lib/anyOf_.kt:60:47 Syntax error: Expecting '('.
e: file:///Users/jim/work/v2superbikeshed/Trikeshed/src/commonMain/kotlin/borg/trikeshed/parse/bbcursive/lib/anyOf_.kt:60:47 Syntax error: Expecting member declaration.
e: file:///Users/jim/work/v2superbikeshed/Trikeshed/src/commonMain/kotlin/borg/trikeshed/parse/bbcursive/lib/anyOf_.kt:60:48 Syntax error: Expecting member declaration.
e: file:///Users/jim/work/v2superbikeshed/Trikeshed/src/commonMain/kotlin/borg/trikeshed/parse/bbcursive/lib/anyOf_.kt:60:49 Syntax error: Expecting member declaration.
e: file:///Users/jim/work/v2superbikeshed/Trikeshed/src/commonMain/kotlin/borg/trikeshed/parse/bbcursive/lib/anyOf_.kt:60:50 Syntax error: Expecting member declaration.
e: file:///Users/jim/work/v2superbikeshed/Trikeshed/src/commonMain/kotlin/borg/trikeshed/parse/bbcursive/lib/anyOf_.kt:60:52 Syntax error: Expecting member declaration.
e: file:///Users/jim/work/v2superbikeshed/Trikeshed/src/commonMain/kotlin/borg/trikeshed/parse/bbcursive/lib/anyOf_.kt:60:56 Syntax error: Expecting member declaration.
e: file:///Users/jim/work/v2superbikeshed/Trikeshed/src/commonMain/kotlin/borg/trikeshed/parse/bbcursive/lib/anyOf_.kt:60:56 Function declaration must have a name.
e: file:///Users/jim/work/v2superbikeshed/Trikeshed/src/commonMain/kotlin/borg/trikeshed/parse/bbcursive/lib/anyOf_.kt:61:44 Return type mismatch: expected 'Unit', actual 'Int'.
e: file:///Users/jim/work/v2superbikeshed/Trikeshed/src/commonMain/kotlin/borg/trikeshed/parse/bbcursive/lib/anyOf_.kt:64:33 'core' overrides nothing.
e: file:///Users/jim/work/v2superbikeshed/Trikeshed/src/commonMain/kotlin/borg/trikeshed/parse/bbcursive/lib/anyOf_.kt:64:71 Unresolved reference 'Traits'.
e: file:///Users/jim/work/v2superbikeshed/Trikeshed/src/commonMain/kotlin/borg/trikeshed/parse/bbcursive/lib/anyOf_.kt:64:86 Unresolved reference 'UnaryOperator'.
e: file:///Users/jim/work/v2superbikeshed/Trikeshed/src/commonMain/kotlin/borg/trikeshed/parse/bbcursive/lib/anyOf_.kt:64:134 Unresolved reference 'UnaryOperator'.
e: file:///Users/jim/work/v2superbikeshed/Trikeshed/src/commonMain/kotlin/borg/trikeshed/parse/bbcursive/lib/anyOf_.kt:65:59 Unresolved reference 'UnaryOperator'.
e: file:///Users/jim/work/v2superbikeshed/Trikeshed/src/commonMain/kotlin/borg/trikeshed/parse/bbcursive/lib/anyOf_.kt:66:66 Return type mismatch: expected 'Int', actual 'Array<ByteIndexedBuffer?>'.
e: file:///Users/jim/work/v2superbikeshed/Trikeshed/src/commonMain/kotlin/borg/trikeshed/parse/bbcursive/lib/anyOf_.kt:66:67 Syntax error: Expecting member declaration.
e: file:///Users/jim/work/v2superbikeshed/Trikeshed/src/commonMain/kotlin/borg/trikeshed/parse/bbcursive/lib/anyOf_.kt:66:68 Syntax error: Expecting member declaration.
e: file:///Users/jim/work/v2superbikeshed/Trikeshed/src/commonMain/kotlin/borg/trikeshed/parse/bbcursive/lib/anyOf_.kt:66:69 Syntax error: Expecting member declaration.
e: file:///Users/jim/work/v2superbikeshed/Trikeshed/src/commonMain/kotlin/borg/trikeshed/parse/bbcursive/lib/anyOf_.kt:72:50 Function 'r' without a body must be abstract.
e: file:///Users/jim/work/v2superbikeshed/Trikeshed/src/commonMain/kotlin/borg/trikeshed/parse/bbcursive/lib/anyOf_.kt:72:55 Syntax error: Expecting '('.
e: file:///Users/jim/work/v2superbikeshed/Trikeshed/src/commonMain/kotlin/borg/trikeshed/parse/bbcursive/lib/anyOf_.kt:72:55 Syntax error: Expecting member declaration.
e: file:///Users/jim/work/v2superbikeshed/Trikeshed/src/commonMain/kotlin/borg/trikeshed/parse/bbcursive/lib/anyOf_.kt:72:56 Syntax error: Expecting member declaration.
e: file:///Users/jim/work/v2superbikeshed/Trikeshed/src/commonMain/kotlin/borg/trikeshed/parse/bbcursive/lib/anyOf_.kt:72:57 Syntax error: Expecting member declaration.
e: file:///Users/jim/work/v2superbikeshed/Trikeshed/src/commonMain/kotlin/borg/trikeshed/parse/bbcursive/lib/anyOf_.kt:72:58 Syntax error: Expecting member declaration.
e: file:///Users/jim/work/v2superbikeshed/Trikeshed/src/commonMain/kotlin/borg/trikeshed/parse/bbcursive/lib/anyOf_.kt:72:60 Syntax error: Expecting member declaration.
e: file:///Users/jim/work/v2superbikeshed/Trikeshed/src/commonMain/kotlin/borg/trikeshed/parse/bbcursive/lib/anyOf_.kt:72:64 Syntax error: Expecting member declaration.
e: file:///Users/jim/work/v2superbikeshed/Trikeshed/src/commonMain/kotlin/borg/trikeshed/parse/bbcursive/lib/anyOf_.kt:72:66 Syntax error: Expecting member declaration.
e: file:///Users/jim/work/v2superbikeshed/Trikeshed/src/commonMain/kotlin/borg/trikeshed/parse/bbcursive/lib/anyOf_.kt:72:73 Syntax error: Expecting member declaration.
e: file:///Users/jim/work/v2superbikeshed/Trikeshed/src/commonMain/kotlin/borg/trikeshed/parse/bbcursive/lib/anyOf_.kt:72:74 Syntax error: Expecting member declaration.
e: file:///Users/jim/work/v2superbikeshed/Trikeshed/src/commonMain/kotlin/borg/trikeshed/parse/bbcursive/lib/anyOf_.kt:72:75 Syntax error: Expecting member declaration.
e: file:///Users/jim/work/v2superbikeshed/Trikeshed/src/commonMain/kotlin/borg/trikeshed/parse/bbcursive/lib/anyOf_.kt:74:41 'core' overrides nothing.
e: file:///Users/jim/work/v2superbikeshed/Trikeshed/src/commonMain/kotlin/borg/trikeshed/parse/bbcursive/lib/anyOf_.kt:74:75 Unresolved reference 'UnaryOperator'.
e: file:///Users/jim/work/v2superbikeshed/Trikeshed/src/commonMain/kotlin/borg/trikeshed/parse/bbcursive/lib/anyOf_.kt:74:116 Unresolved reference 'UnaryOperator'.
e: file:///Users/jim/work/v2superbikeshed/Trikeshed/src/commonMain/kotlin/borg/trikeshed/parse/bbcursive/lib/anyOf_.kt:80:41 Overload resolution ambiguity between candidates:
fun core(vararg e: _edge<Set<ERROR CLASS: Symbol not found for Traits>, _edge<ERROR CLASS: Symbol not found for UnaryOperator, Int>>): _edge<ERROR CLASS: Symbol not found for UnaryOperator, Int>
fun core(vararg e: _edge<Set<ERROR CLASS: Symbol not found for Traits>, _edge<ERROR CLASS: Symbol not found for UnaryOperator, Int>>): Set<ERROR CLASS: Symbol not found for Traits>?
e: file:///Users/jim/work/v2superbikeshed/Trikeshed/src/commonMain/kotlin/borg/trikeshed/parse/bbcursive/lib/anyOf_.kt:80:49 Unresolved reference 'core'.
e: file:///Users/jim/work/v2superbikeshed/Trikeshed/src/commonMain/kotlin/borg/trikeshed/parse/bbcursive/lib/anyOf_.kt:81:50 Overload resolution ambiguity between candidates:
fun core(vararg e: _edge<Set<ERROR CLASS: Symbol not found for Traits>, _edge<ERROR CLASS: Symbol not found for UnaryOperator, Int>>): _edge<ERROR CLASS: Symbol not found for UnaryOperator, Int>
fun core(vararg e: _edge<Set<ERROR CLASS: Symbol not found for Traits>, _edge<ERROR CLASS: Symbol not found for UnaryOperator, Int>>): Set<ERROR CLASS: Symbol not found for Traits>?
e: file:///Users/jim/work/v2superbikeshed/Trikeshed/src/commonMain/kotlin/borg/trikeshed/parse/bbcursive/lib/anyOf_.kt:81:58 Unresolved reference 'at'.
e: file:///Users/jim/work/v2superbikeshed/Trikeshed/src/commonMain/kotlin/borg/trikeshed/parse/bbcursive/lib/anyOf_.kt:82:69 Unresolved reference 'duplicate'.
e: file:///Users/jim/work/v2superbikeshed/Trikeshed/src/commonMain/kotlin/borg/trikeshed/parse/bbcursive/lib/anyOf_.kt:83:43 Cannot infer type for this parameter. Specify it explicitly.
e: file:///Users/jim/work/v2superbikeshed/Trikeshed/src/commonMain/kotlin/borg/trikeshed/parse/bbcursive/lib/anyOf_.kt:86:50 Unresolved reference 'pos'.
e: file:///Users/jim/work/v2superbikeshed/Trikeshed/src/commonMain/kotlin/borg/trikeshed/parse/bbcursive/lib/anyOf_.kt:87:60 Unresolved reference 'flags'.
e: file:///Users/jim/work/v2superbikeshed/Trikeshed/src/commonMain/kotlin/borg/trikeshed/parse/bbcursive/lib/anyOf_.kt:95:44 Unresolved reference 'outbox'.
e: file:///Users/jim/work/v2superbikeshed/Trikeshed/src/commonMain/kotlin/borg/trikeshed/parse/bbcursive/lib/anyOf_.kt:96:33 Unresolved reference 'ParseResult'.
e: file:///Users/jim/work/v2superbikeshed/Trikeshed/src/commonMain/kotlin/borg/trikeshed/parse/bbcursive/lib/anyOf_.kt:98:51 Overload resolution ambiguity between candidates:
fun core(vararg e: _edge<Set<ERROR CLASS: Symbol not found for Traits>, _edge<ERROR CLASS: Symbol not found for UnaryOperator, Int>>): _edge<ERROR CLASS: Symbol not found for UnaryOperator, Int>
fun core(vararg e: _edge<Set<ERROR CLASS: Symbol not found for Traits>, _edge<ERROR CLASS: Symbol not found for UnaryOperator, Int>>): Set<ERROR CLASS: Symbol not found for Traits>?
e: file:///Users/jim/work/v2superbikeshed/Trikeshed/src/commonMain/kotlin/borg/trikeshed/parse/bbcursive/lib/anyOf_.kt:98:59 Unresolved reference 'core'.
e: file:///Users/jim/work/v2superbikeshed/Trikeshed/src/commonMain/kotlin/borg/trikeshed/parse/bbcursive/lib/anyOf_.kt:110:17 'toString' overrides nothing.
e: file:///Users/jim/work/v2superbikeshed/Trikeshed/src/commonMain/kotlin/borg/trikeshed/parse/bbcursive/lib/anyOf_.kt:117:37 Unresolved reference 'UnaryOperator'.
e: file:///Users/jim/work/v2superbikeshed/Trikeshed/src/commonMain/kotlin/borg/trikeshed/parse/bbcursive/lib/anyOf_.kt:119:29 Unresolved reference 'UnaryOperator'.
e: file:///Users/jim/work/v2superbikeshed/Trikeshed/src/commonMain/kotlin/borg/trikeshed/parse/bbcursive/lib/anyOf_.kt:120:17 'invoke' overrides nothing.
e: file:///Users/jim/work/v2superbikeshed/Trikeshed/src/commonMain/kotlin/borg/trikeshed/parse/bbcursive/lib/anyOf_.kt:123:36 Unresolved reference. None of the following candidates is applicable because of a receiver type mismatch:
fun MatchGroupCollection.get(name: String): MatchGroup?
e: file:///Users/jim/work/v2superbikeshed/Trikeshed/src/commonMain/kotlin/borg/trikeshed/parse/bbcursive/lib/anyOf_.kt:124:55 None of the following candidates is applicable:
fun String.toInt(): Int
fun String.toInt(radix: Int): Int
fun Iterable<FlagEnum>.toInt(): Int
e: file:///Users/jim/work/v2superbikeshed/Trikeshed/src/commonMain/kotlin/borg/trikeshed/parse/bbcursive/lib/anyOf_.kt:130:17 'toString' overrides nothing.
e: file:///Users/jim/work/v2superbikeshed/Trikeshed/src/commonMain/kotlin/borg/trikeshed/parse/bbcursive/lib/anyOf_.kt:133:35 Unresolved reference 'Arrays'.
e: file:///Users/jim/work/v2superbikeshed/Trikeshed/src/commonMain/kotlin/borg/trikeshed/parse/bbcursive/lib/backtrack_.kt:3:23 Unresolved reference 'ann'.
e: file:///Users/jim/work/v2superbikeshed/Trikeshed/src/commonMain/kotlin/borg/trikeshed/parse/bbcursive/lib/backtrack_.kt:4:23 Unresolved reference 'std'.
e: file:///Users/jim/work/v2superbikeshed/Trikeshed/src/commonMain/kotlin/borg/trikeshed/parse/bbcursive/lib/backtrack_.kt:10:8 Unresolved reference 'bbcursive'.
e: file:///Users/jim/work/v2superbikeshed/Trikeshed/src/commonMain/kotlin/borg/trikeshed/parse/bbcursive/lib/backtrack_.kt:12:2 Unresolved reference 'Backtracking'.
e: file:///Users/jim/work/v2superbikeshed/Trikeshed/src/commonMain/kotlin/borg/trikeshed/parse/bbcursive/lib/backtrack_.kt:15:6 Unresolved reference 'Backtracking'.
e: file:///Users/jim/work/v2superbikeshed/Trikeshed/src/commonMain/kotlin/borg/trikeshed/parse/bbcursive/lib/backtrack_.kt:20:6 Unresolved reference 'Backtracking'.
e: file:///Users/jim/work/v2superbikeshed/Trikeshed/src/commonMain/kotlin/borg/trikeshed/parse/bbcursive/lib/backtrack_.kt:28:49 Return type of 'apply' is not a subtype of the return type of the overridden member 'fun apply(p0: ByteBuffer): ByteBuffer' defined in 'borg/trikeshed/parse/bbcursive/lib/backtrack_.backTracker'.
e: file:///Users/jim/work/v2superbikeshed/Trikeshed/src/commonMain/kotlin/borg/trikeshed/parse/bbcursive/lib/backtrack_.kt:29:13 Unresolved reference 'std'.
e: file:///Users/jim/work/v2superbikeshed/Trikeshed/src/commonMain/kotlin/borg/trikeshed/parse/bbcursive/lib/backtrack_.kt:29:29 Unresolved reference 'add'.
e: file:///Users/jim/work/v2superbikeshed/Trikeshed/src/commonMain/kotlin/borg/trikeshed/parse/bbcursive/lib/backtrack_.kt:29:33 Unresolved reference 'std'.
e: file:///Users/jim/work/v2superbikeshed/Trikeshed/src/commonMain/kotlin/borg/trikeshed/parse/bbcursive/lib/backtrack_.kt:31:20 Unresolved reference 'bb'.
e: file:///Users/jim/work/v2superbikeshed/Trikeshed/src/commonMain/kotlin/borg/trikeshed/parse/bbcursive/lib/chlit_.kt:4:39 Unresolved reference 'UnaryOperator'.
e: file:///Users/jim/work/v2superbikeshed/Trikeshed/src/commonMain/kotlin/borg/trikeshed/parse/bbcursive/lib/chlit_.kt:10:25 Unresolved reference 'UnaryOperator'.
e: file:///Users/jim/work/v2superbikeshed/Trikeshed/src/commonMain/kotlin/borg/trikeshed/parse/bbcursive/lib/chlit_.kt:14:33 Unresolved reference 'UnaryOperator'.
e: file:///Users/jim/work/v2superbikeshed/Trikeshed/src/commonMain/kotlin/borg/trikeshed/parse/bbcursive/lib/chlit_.kt:19:66 Unresolved reference 'UnaryOperator'.
e: file:///Users/jim/work/v2superbikeshed/Trikeshed/src/commonMain/kotlin/borg/trikeshed/parse/bbcursive/lib/chlit_.kt:21:9 'toString' overrides nothing.
e: file:///Users/jim/work/v2superbikeshed/Trikeshed/src/commonMain/kotlin/borg/trikeshed/parse/bbcursive/lib/chlit_.kt:26:9 'invoke' overrides nothing.
e: file:///Users/jim/work/v2superbikeshed/Trikeshed/src/commonMain/kotlin/borg/trikeshed/parse/bbcursive/lib/chlit_.kt:30:25 Unresolved reference. None of the following candidates is applicable because of a receiver type mismatch:
fun MatchGroupCollection.get(name: String): MatchGroup?
e: file:///Users/jim/work/v2superbikeshed/Trikeshed/src/commonMain/kotlin/borg/trikeshed/parse/bbcursive/lib/chlit_.kt:31:24 Operator '==' cannot be applied to 'Int' and 'BigInteger'.
e: file:///Users/jim/work/v2superbikeshed/Trikeshed/src/commonMain/kotlin/borg/trikeshed/parse/bbcursive/lib/chlit_.kt:31:51 None of the following candidates is applicable:
fun String.toInt(): Int
fun String.toInt(radix: Int): Int
fun Iterable<FlagEnum>.toInt(): Int
e: file:///Users/jim/work/v2superbikeshed/Trikeshed/src/commonMain/kotlin/borg/trikeshed/parse/bbcursive/lib/chlit_.kt:31:63 Argument type mismatch: actual type is 'Int', but 'BigInteger' was expected.
e: file:///Users/jim/work/v2superbikeshed/Trikeshed/src/commonMain/kotlin/borg/trikeshed/parse/bbcursive/lib/confix_.kt:7:8 Unresolved reference 'bbcursive'.
e: file:///Users/jim/work/v2superbikeshed/Trikeshed/src/commonMain/kotlin/borg/trikeshed/parse/bbcursive/lib/confix_.kt:8:8 Unresolved reference 'bbcursive'.
e: file:///Users/jim/work/v2superbikeshed/Trikeshed/src/commonMain/kotlin/borg/trikeshed/parse/bbcursive/lib/confix_.kt:20:53 Return type of 'apply' is not a subtype of the return type of the overridden member 'fun apply(p0: ByteBuffer): ByteBuffer' defined in 'borg/trikeshed/parse/bbcursive/lib/<anonymous>'.
e: file:///Users/jim/work/v2superbikeshed/Trikeshed/src/commonMain/kotlin/borg/trikeshed/parse/bbcursive/lib/confix_.kt:24:24 Unresolved reference 'bb'.
e: file:///Users/jim/work/v2superbikeshed/Trikeshed/src/commonMain/kotlin/borg/trikeshed/parse/bbcursive/lib/confix_.kt:37:53 Return type of 'apply' is not a subtype of the return type of the overridden member 'fun apply(p0: ByteBuffer): ByteBuffer' defined in 'borg/trikeshed/parse/bbcursive/lib/<anonymous>'.
e: file:///Users/jim/work/v2superbikeshed/Trikeshed/src/commonMain/kotlin/borg/trikeshed/parse/bbcursive/lib/confix_.kt:38:24 Unresolved reference 'bb'.
e: file:///Users/jim/work/v2superbikeshed/Trikeshed/src/commonMain/kotlin/borg/trikeshed/parse/bbcursive/lib/confix_.kt:38:35 Unresolved reference 'allOf'.
e: file:///Users/jim/work/v2superbikeshed/Trikeshed/src/commonMain/kotlin/borg/trikeshed/parse/bbcursive/lib/infix_.kt:3:23 Unresolved reference 'ann'.
e: file:///Users/jim/work/v2superbikeshed/Trikeshed/src/commonMain/kotlin/borg/trikeshed/parse/bbcursive/lib/infix_.kt:4:23 Unresolved reference 'std'.
e: file:///Users/jim/work/v2superbikeshed/Trikeshed/src/commonMain/kotlin/borg/trikeshed/parse/bbcursive/lib/infix_.kt:10:2 Unresolved reference 'Infix'.
e: file:///Users/jim/work/v2superbikeshed/Trikeshed/src/commonMain/kotlin/borg/trikeshed/parse/bbcursive/lib/infix_.kt:13:6 Unresolved reference 'Infix'.
e: file:///Users/jim/work/v2superbikeshed/Trikeshed/src/commonMain/kotlin/borg/trikeshed/parse/bbcursive/lib/infix_.kt:19:6 Unresolved reference 'Infix'.
e: file:///Users/jim/work/v2superbikeshed/Trikeshed/src/commonMain/kotlin/borg/trikeshed/parse/bbcursive/lib/infix_.kt:26:49 Return type of 'apply' is not a subtype of the return type of the overridden member 'fun apply(p0: ByteBuffer): ByteBuffer' defined in 'borg/trikeshed/parse/bbcursive/lib/infix_.ByteBufferUnaryOperator'.
e: file:///Users/jim/work/v2superbikeshed/Trikeshed/src/commonMain/kotlin/borg/trikeshed/parse/bbcursive/lib/infix_.kt:28:20 Unresolved reference 'std'.
e: file:///Users/jim/work/v2superbikeshed/Trikeshed/src/commonMain/kotlin/borg/trikeshed/parse/bbcursive/lib/lim.kt:4:39 Unresolved reference 'UnaryOperator'.
e: file:///Users/jim/work/v2superbikeshed/Trikeshed/src/commonMain/kotlin/borg/trikeshed/parse/bbcursive/lib/lim.kt:9:40 Unresolved reference 'UnaryOperator'.
e: file:///Users/jim/work/v2superbikeshed/Trikeshed/src/commonMain/kotlin/borg/trikeshed/parse/bbcursive/lib/lim.kt:17:29 Unresolved reference 'UnaryOperator'.
e: file:///Users/jim/work/v2superbikeshed/Trikeshed/src/commonMain/kotlin/borg/trikeshed/parse/bbcursive/lib/lim.kt:22:5 'invoke' overrides nothing.
e: file:///Users/jim/work/v2superbikeshed/Trikeshed/src/commonMain/kotlin/borg/trikeshed/parse/bbcursive/lib/lim.kt:23:22 Argument type mismatch: actual type is 'borg.trikeshed.parse.bbcursive.lib.Int', but 'kotlin.Int' was expected.
e: file:///Users/jim/work/v2superbikeshed/Trikeshed/src/commonMain/kotlin/borg/trikeshed/parse/bbcursive/lib/log.kt:21:9 Cannot infer type for this parameter. Specify it explicitly.
e: file:///Users/jim/work/v2superbikeshed/Trikeshed/src/commonMain/kotlin/borg/trikeshed/parse/bbcursive/lib/log.kt:21:16 Argument type mismatch: actual type is 'log', but 'Boolean' was expected.
e: file:///Users/jim/work/v2superbikeshed/Trikeshed/src/commonMain/kotlin/borg/trikeshed/parse/bbcursive/lib/log.kt:21:19 Syntax error: Expecting ')'.
e: file:///Users/jim/work/v2superbikeshed/Trikeshed/src/commonMain/kotlin/borg/trikeshed/parse/bbcursive/lib/log.kt:21:21 Argument type mismatch: actual type is 'Any', but 'T (of fun <T, R> DeepRecursiveFunction<T, R>.invoke)' was expected.
e: file:///Users/jim/work/v2superbikeshed/Trikeshed/src/commonMain/kotlin/borg/trikeshed/parse/bbcursive/lib/log.kt:21:25 Too many arguments for 'fun <T, R> DeepRecursiveFunction<T, R>.invoke(value: T): R'.
e: file:///Users/jim/work/v2superbikeshed/Trikeshed/src/commonMain/kotlin/borg/trikeshed/parse/bbcursive/lib/log.kt:21:39 Syntax error: Unexpected tokens (use ';' to separate expressions on the same line).
e: file:///Users/jim/work/v2superbikeshed/Trikeshed/src/commonMain/kotlin/borg/trikeshed/parse/bbcursive/lib/log.kt:31:5 Function 'log' without a body must be abstract.
e: file:///Users/jim/work/v2superbikeshed/Trikeshed/src/commonMain/kotlin/borg/trikeshed/parse/bbcursive/lib/log.kt:31:12 Syntax error: Expecting '('.
e: file:///Users/jim/work/v2superbikeshed/Trikeshed/src/commonMain/kotlin/borg/trikeshed/parse/bbcursive/lib/log.kt:31:12 Syntax error: Expecting member declaration.
e: file:///Users/jim/work/v2superbikeshed/Trikeshed/src/commonMain/kotlin/borg/trikeshed/parse/bbcursive/lib/log.kt:31:13 Syntax error: Expecting member declaration.
e: file:///Users/jim/work/v2superbikeshed/Trikeshed/src/commonMain/kotlin/borg/trikeshed/parse/bbcursive/lib/log.kt:31:14 Syntax error: Expecting member declaration.
e: file:///Users/jim/work/v2superbikeshed/Trikeshed/src/commonMain/kotlin/borg/trikeshed/parse/bbcursive/lib/log.kt:31:16 Syntax error: Expecting member declaration.
e: file:///Users/jim/work/v2superbikeshed/Trikeshed/src/commonMain/kotlin/borg/trikeshed/parse/bbcursive/lib/log.kt:31:18 Syntax error: Expecting member declaration.
e: file:///Users/jim/work/v2superbikeshed/Trikeshed/src/commonMain/kotlin/borg/trikeshed/parse/bbcursive/lib/log.kt:31:21 Syntax error: Expecting member declaration.
e: file:///Users/jim/work/v2superbikeshed/Trikeshed/src/commonMain/kotlin/borg/trikeshed/parse/bbcursive/lib/log.kt:31:30 Syntax error: Expecting member declaration.
e: file:///Users/jim/work/v2superbikeshed/Trikeshed/src/commonMain/kotlin/borg/trikeshed/parse/bbcursive/lib/log.kt:31:42 Syntax error: Expecting member declaration.
e: file:///Users/jim/work/v2superbikeshed/Trikeshed/src/commonMain/kotlin/borg/trikeshed/parse/bbcursive/lib/log.kt:31:44 Syntax error: Expecting member declaration.
e: file:///Users/jim/work/v2superbikeshed/Trikeshed/src/commonMain/kotlin/borg/trikeshed/parse/bbcursive/lib/log.kt:31:50 Syntax error: Expecting member declaration.
e: file:///Users/jim/work/v2superbikeshed/Trikeshed/src/commonMain/kotlin/borg/trikeshed/parse/bbcursive/lib/log.kt:31:51 Syntax error: Expecting member declaration.
e: file:///Users/jim/work/v2superbikeshed/Trikeshed/src/commonMain/kotlin/borg/trikeshed/parse/bbcursive/lib/log.kt:31:53 Syntax error: Expecting member declaration.
e: file:///Users/jim/work/v2superbikeshed/Trikeshed/src/commonMain/kotlin/borg/trikeshed/parse/bbcursive/lib/log.kt:31:61 Syntax error: Expecting member declaration.
e: file:///Users/jim/work/v2superbikeshed/Trikeshed/src/commonMain/kotlin/borg/trikeshed/parse/bbcursive/lib/log.kt:31:61 Function declaration must have a name.
e: file:///Users/jim/work/v2superbikeshed/Trikeshed/src/commonMain/kotlin/borg/trikeshed/parse/bbcursive/lib/log.kt:32:29 Unresolved reference 'prefixSuffix'.
e: file:///Users/jim/work/v2superbikeshed/Trikeshed/src/commonMain/kotlin/borg/trikeshed/parse/bbcursive/lib/log.kt:33:17 Unresolved reference 'prefixSuffix'.
e: file:///Users/jim/work/v2superbikeshed/Trikeshed/src/commonMain/kotlin/borg/trikeshed/parse/bbcursive/lib/log.kt:34:30 Unresolved reference 'prefixSuffix'.
e: file:///Users/jim/work/v2superbikeshed/Trikeshed/src/commonMain/kotlin/borg/trikeshed/parse/bbcursive/lib/log.kt:34:30 Cannot infer type for this parameter. Specify it explicitly.
e: file:///Users/jim/work/v2superbikeshed/Trikeshed/src/commonMain/kotlin/borg/trikeshed/parse/bbcursive/lib/log.kt:35:13 Unresolved reference 'ob'.
e: file:///Users/jim/work/v2superbikeshed/Trikeshed/src/commonMain/kotlin/borg/trikeshed/parse/bbcursive/lib/log.kt:36:17 Unresolved reference 'ob'.
e: file:///Users/jim/work/v2superbikeshed/Trikeshed/src/commonMain/kotlin/borg/trikeshed/parse/bbcursive/lib/log.kt:37:37 Unresolved reference 'ob'.
e: file:///Users/jim/work/v2superbikeshed/Trikeshed/src/commonMain/kotlin/borg/trikeshed/parse/bbcursive/lib/log.kt:38:21 Suspend function 'suspend fun bb(b: ByteIndexedBuffer, vararg ops: ERROR CLASS: Symbol not found for UnaryOperator): ByteIndexedBuffer?' can only be called from a coroutine or another suspend function.
e: file:///Users/jim/work/v2superbikeshed/Trikeshed/src/commonMain/kotlin/borg/trikeshed/parse/bbcursive/lib/log.kt:40:21 Suspend function 'suspend fun bb(b: ByteIndexedBuffer, vararg ops: ERROR CLASS: Symbol not found for UnaryOperator): ByteIndexedBuffer?' can only be called from a coroutine or another suspend function.
e: file:///Users/jim/work/v2superbikeshed/Trikeshed/src/commonMain/kotlin/borg/trikeshed/parse/bbcursive/lib/log.kt:40:24 Unresolved reference 'ob'.
e: file:///Users/jim/work/v2superbikeshed/Trikeshed/src/commonMain/kotlin/borg/trikeshed/parse/bbcursive/lib/log.kt:40:58 Unresolved reference. None of the following candidates is applicable because of a receiver type mismatch:
fun Join<Int, Function1<Int, Byte>>.toByteIndexedBuffer(pos: Int = ..., limit: Int = ...): ByteIndexedBuffer
e: file:///Users/jim/work/v2superbikeshed/Trikeshed/src/commonMain/kotlin/borg/trikeshed/parse/bbcursive/lib/log.kt:43:17 Suspend function 'suspend fun bb(b: ByteIndexedBuffer, vararg ops: ERROR CLASS: Symbol not found for UnaryOperator): ByteIndexedBuffer?' can only be called from a coroutine or another suspend function.
e: file:///Users/jim/work/v2superbikeshed/Trikeshed/src/commonMain/kotlin/borg/trikeshed/parse/bbcursive/lib/log.kt:43:20 Unresolved reference 'ob'.
e: file:///Users/jim/work/v2superbikeshed/Trikeshed/src/commonMain/kotlin/borg/trikeshed/parse/bbcursive/lib/log.kt:46:32 Unresolved reference 'prefixSuffix'.
e: file:///Users/jim/work/v2superbikeshed/Trikeshed/src/commonMain/kotlin/borg/trikeshed/parse/bbcursive/lib/log.kt:46:32 Cannot infer type for this parameter. Specify it explicitly.
e: file:///Users/jim/work/v2superbikeshed/Trikeshed/src/commonMain/kotlin/borg/trikeshed/parse/bbcursive/lib/log.kt:48:16 Return type mismatch: expected 'Unit', actual 'Boolean'.
e: file:///Users/jim/work/v2superbikeshed/Trikeshed/src/commonMain/kotlin/borg/trikeshed/parse/bbcursive/lib/opt_.kt:7:8 Unresolved reference 'bbcursive'.
e: file:///Users/jim/work/v2superbikeshed/Trikeshed/src/commonMain/kotlin/borg/trikeshed/parse/bbcursive/lib/opt_.kt:24:49 Return type of 'apply' is not a subtype of the return type of the overridden member 'fun apply(p0: ByteBuffer): ByteBuffer' defined in 'borg/trikeshed/parse/bbcursive/lib/opt_.ByteBufferUnaryOperator'.
e: file:///Users/jim/work/v2superbikeshed/Trikeshed/src/commonMain/kotlin/borg/trikeshed/parse/bbcursive/lib/opt_.kt:26:21 Unresolved reference 'bb'.
e: file:///Users/jim/work/v2superbikeshed/Trikeshed/src/commonMain/kotlin/borg/trikeshed/parse/bbcursive/lib/pos.kt:4:39 Unresolved reference 'UnaryOperator'.
e: file:///Users/jim/work/v2superbikeshed/Trikeshed/src/commonMain/kotlin/borg/trikeshed/parse/bbcursive/lib/pos.kt:9:40 Unresolved reference 'UnaryOperator'.
e: file:///Users/jim/work/v2superbikeshed/Trikeshed/src/commonMain/kotlin/borg/trikeshed/parse/bbcursive/lib/pos.kt:18:33 Unresolved reference 'UnaryOperator'.
e: file:///Users/jim/work/v2superbikeshed/Trikeshed/src/commonMain/kotlin/borg/trikeshed/parse/bbcursive/lib/pos.kt:19:20 'operator' modifier is required on 'FirNamedFunctionSymbol borg/trikeshed/parse/bbcursive/lib/pos.invoke' in 'invoke'.
e: file:///Users/jim/work/v2superbikeshed/Trikeshed/src/commonMain/kotlin/borg/trikeshed/parse/bbcursive/lib/pos.kt:19:29 This type is final, so it cannot be extended.
e: file:///Users/jim/work/v2superbikeshed/Trikeshed/src/commonMain/kotlin/borg/trikeshed/parse/bbcursive/lib/pos.kt:19:42 Syntax error: Expecting a class body.
e: file:///Users/jim/work/v2superbikeshed/Trikeshed/src/commonMain/kotlin/borg/trikeshed/parse/bbcursive/lib/pos.kt:19:45 Argument type mismatch: actual type is 'Function0<Unit>', but 'ByteIndexedBuffer' was expected.
e: file:///Users/jim/work/v2superbikeshed/Trikeshed/src/commonMain/kotlin/borg/trikeshed/parse/bbcursive/lib/pos.kt:20:17 Modifier 'override' is not applicable to 'local function'.
e: file:///Users/jim/work/v2superbikeshed/Trikeshed/src/commonMain/kotlin/borg/trikeshed/parse/bbcursive/lib/pos.kt:27:5 'invoke' overrides nothing.
e: file:///Users/jim/work/v2superbikeshed/Trikeshed/src/commonMain/kotlin/borg/trikeshed/parse/bbcursive/lib/pos.kt:28:44 Argument type mismatch: actual type is 'borg.trikeshed.parse.bbcursive.lib.Int', but 'kotlin.Int' was expected.
e: file:///Users/jim/work/v2superbikeshed/Trikeshed/src/commonMain/kotlin/borg/trikeshed/parse/bbcursive/lib/repeat_.kt:9:8 Unresolved reference 'bbcursive'.
e: file:///Users/jim/work/v2superbikeshed/Trikeshed/src/commonMain/kotlin/borg/trikeshed/parse/bbcursive/lib/repeat_.kt:25:57 Return type of 'apply' is not a subtype of the return type of the overridden member 'fun apply(p0: ByteBuffer): ByteBuffer' defined in 'borg/trikeshed/parse/bbcursive/lib/<anonymous>'.
e: file:///Users/jim/work/v2superbikeshed/Trikeshed/src/commonMain/kotlin/borg/trikeshed/parse/bbcursive/lib/repeat_.kt:33:25 Unresolved reference 'bb'.
e: file:///Users/jim/work/v2superbikeshed/Trikeshed/src/commonMain/kotlin/borg/trikeshed/parse/bbcursive/lib/skipper_.kt:3:23 Unresolved reference 'ann'.
e: file:///Users/jim/work/v2superbikeshed/Trikeshed/src/commonMain/kotlin/borg/trikeshed/parse/bbcursive/lib/skipper_.kt:4:23 Unresolved reference 'std'.
e: file:///Users/jim/work/v2superbikeshed/Trikeshed/src/commonMain/kotlin/borg/trikeshed/parse/bbcursive/lib/skipper_.kt:10:8 Unresolved reference 'bbcursive'.
e: file:///Users/jim/work/v2superbikeshed/Trikeshed/src/commonMain/kotlin/borg/trikeshed/parse/bbcursive/lib/skipper_.kt:12:2 Unresolved reference 'Skipper'.
e: file:///Users/jim/work/v2superbikeshed/Trikeshed/src/commonMain/kotlin/borg/trikeshed/parse/bbcursive/lib/skipper_.kt:15:6 Unresolved reference 'Skipper'.
e: file:///Users/jim/work/v2superbikeshed/Trikeshed/src/commonMain/kotlin/borg/trikeshed/parse/bbcursive/lib/skipper_.kt:21:6 Unresolved reference 'Skipper'.
e: file:///Users/jim/work/v2superbikeshed/Trikeshed/src/commonMain/kotlin/borg/trikeshed/parse/bbcursive/lib/skipper_.kt:29:49 Return type of 'apply' is not a subtype of the return type of the overridden member 'fun apply(p0: ByteBuffer): ByteBuffer' defined in 'borg/trikeshed/parse/bbcursive/lib/skipper_.ByteBufferUnaryOperator'.
e: file:///Users/jim/work/v2superbikeshed/Trikeshed/src/commonMain/kotlin/borg/trikeshed/parse/bbcursive/lib/skipper_.kt:30:13 Unresolved reference 'std'.
e: file:///Users/jim/work/v2superbikeshed/Trikeshed/src/commonMain/kotlin/borg/trikeshed/parse/bbcursive/lib/skipper_.kt:30:29 Unresolved reference 'add'.
e: file:///Users/jim/work/v2superbikeshed/Trikeshed/src/commonMain/kotlin/borg/trikeshed/parse/bbcursive/lib/skipper_.kt:30:33 Unresolved reference 'std'.
e: file:///Users/jim/work/v2superbikeshed/Trikeshed/src/commonMain/kotlin/borg/trikeshed/parse/bbcursive/lib/skipper_.kt:32:20 Unresolved reference 'bb'.
e: file:///Users/jim/work/v2superbikeshed/Trikeshed/src/commonMain/kotlin/borg/trikeshed/parse/bbcursive/lib/strlit.kt:6:39 Unresolved reference 'UnaryOperator'.
e: file:///Users/jim/work/v2superbikeshed/Trikeshed/src/commonMain/kotlin/borg/trikeshed/parse/bbcursive/lib/strlit.kt:14:34 Unresolved reference 'UnaryOperator'.
e: file:///Users/jim/work/v2superbikeshed/Trikeshed/src/commonMain/kotlin/borg/trikeshed/parse/bbcursive/lib/strlit.kt:18:74 Unresolved reference 'UnaryOperator'.
e: file:///Users/jim/work/v2superbikeshed/Trikeshed/src/commonMain/kotlin/borg/trikeshed/parse/bbcursive/lib/strlit.kt:20:9 'toString' overrides nothing.
e: file:///Users/jim/work/v2superbikeshed/Trikeshed/src/commonMain/kotlin/borg/trikeshed/parse/bbcursive/lib/strlit.kt:24:9 'invoke' overrides nothing.
e: file:///Users/jim/work/v2superbikeshed/Trikeshed/src/commonMain/kotlin/borg/trikeshed/parse/bbcursive/lib/strlit.kt:25:59 Unresolved reference. None of the following candidates is applicable because of a receiver type mismatch:
fun Join<Int, Function1<Int, Byte>>.toByteIndexedBuffer(pos: Int = ..., limit: Int = ...): ByteIndexedBuffer
e: file:///Users/jim/work/v2superbikeshed/Trikeshed/src/commonMain/kotlin/borg/trikeshed/parse/bbcursive/lib/value_.kt:3:23 Unresolved reference 'ann'.
e: file:///Users/jim/work/v2superbikeshed/Trikeshed/src/commonMain/kotlin/borg/trikeshed/parse/bbcursive/lib/value_.kt:4:23 Unresolved reference 'ann'.
e: file:///Users/jim/work/v2superbikeshed/Trikeshed/src/commonMain/kotlin/borg/trikeshed/parse/bbcursive/lib/value_.kt:6:39 Unresolved reference 'UnaryOperator'.
e: file:///Users/jim/work/v2superbikeshed/Trikeshed/src/commonMain/kotlin/borg/trikeshed/parse/bbcursive/lib/value_.kt:8:50 Cannot import 'infix'. Functions and properties can only be imported from packages or objects.
e: file:///Users/jim/work/v2superbikeshed/Trikeshed/src/commonMain/kotlin/borg/trikeshed/parse/bbcursive/lib/value_.kt:15:2 Unresolved reference 'Infix'.
e: file:///Users/jim/work/v2superbikeshed/Trikeshed/src/commonMain/kotlin/borg/trikeshed/parse/bbcursive/lib/value_.kt:16:2 Unresolved reference 'ForwardOnly'.
e: file:///Users/jim/work/v2superbikeshed/Trikeshed/src/commonMain/kotlin/borg/trikeshed/parse/bbcursive/lib/value_.kt:17:38 Unresolved reference 'UnaryOperator'.
e: file:///Users/jim/work/v2superbikeshed/Trikeshed/src/commonMain/kotlin/borg/trikeshed/parse/bbcursive/lib/value_.kt:27:5 'invoke' overrides nothing.
e: file:///Users/jim/work/v2superbikeshed/Trikeshed/src/commonMain/kotlin/borg/trikeshed/parse/bbcursive/lib/value_.kt:28:16 Unresolved reference 'infix'.
e: file:///Users/jim/work/v2superbikeshed/Trikeshed/src/commonMain/kotlin/borg/trikeshed/parse/bbcursive/std.kt:7:27 Unresolved reference 'pos'.
e: file:///Users/jim/work/v2superbikeshed/Trikeshed/src/commonMain/kotlin/borg/trikeshed/parse/bbcursive/std.kt:8:27 Unresolved reference 'rem'.
e: file:///Users/jim/work/v2superbikeshed/Trikeshed/src/commonMain/kotlin/borg/trikeshed/parse/bbcursive/std.kt:9:27 Unresolved reference 'rew'.
e: file:///Users/jim/work/v2superbikeshed/Trikeshed/src/commonMain/kotlin/borg/trikeshed/parse/bbcursive/std.kt:10:27 Unresolved reference 'lim'.
e: file:///Users/jim/work/v2superbikeshed/Trikeshed/src/commonMain/kotlin/borg/trikeshed/parse/bbcursive/std.kt:11:27 Unresolved reference 'mk'.
e: file:///Users/jim/work/v2superbikeshed/Trikeshed/src/commonMain/kotlin/borg/trikeshed/parse/bbcursive/std.kt:12:27 Unresolved reference 'clr'.
e: file:///Users/jim/work/v2superbikeshed/Trikeshed/src/commonMain/kotlin/borg/trikeshed/parse/bbcursive/std.kt:13:27 Unresolved reference 'rtrim'.
e: file:///Users/jim/work/v2superbikeshed/Trikeshed/src/commonMain/kotlin/borg/trikeshed/parse/bbcursive/std.kt:14:27 Unresolved reference 'dec'.
e: file:///Users/jim/work/v2superbikeshed/Trikeshed/src/commonMain/kotlin/borg/trikeshed/parse/bbcursive/std.kt:15:27 Unresolved reference 'inc'.
e: file:///Users/jim/work/v2superbikeshed/Trikeshed/src/commonMain/kotlin/borg/trikeshed/parse/bbcursive/std.kt:17:27 Unresolved reference 'duplicate'.
e: file:///Users/jim/work/v2superbikeshed/Trikeshed/src/commonMain/kotlin/borg/trikeshed/parse/bbcursive/std.kt:18:27 Unresolved reference 'flip'.
e: file:///Users/jim/work/v2superbikeshed/Trikeshed/src/commonMain/kotlin/borg/trikeshed/parse/bbcursive/std.kt:19:27 Unresolved reference 'ro'.
e: file:///Users/jim/work/v2superbikeshed/Trikeshed/src/commonMain/kotlin/borg/trikeshed/parse/bbcursive/std.kt:20:27 Unresolved reference 'hasRemaining'.
e: file:///Users/jim/work/v2superbikeshed/Trikeshed/src/commonMain/kotlin/borg/trikeshed/parse/bbcursive/std.kt:21:27 Unresolved reference 'put'.
e: file:///Users/jim/work/v2superbikeshed/Trikeshed/src/commonMain/kotlin/borg/trikeshed/parse/bbcursive/std.kt:22:27 Unresolved reference 'a'.
e: file:///Users/jim/work/v2superbikeshed/Trikeshed/src/commonMain/kotlin/borg/trikeshed/parse/bbcursive/std.kt:23:27 Unresolved reference 'b'.
e: file:///Users/jim/work/v2superbikeshed/Trikeshed/src/commonMain/kotlin/borg/trikeshed/parse/bbcursive/std.kt:25:27 Unresolved reference 'encodeToByteArray'.
e: file:///Users/jim/work/v2superbikeshed/Trikeshed/src/commonMain/kotlin/borg/trikeshed/parse/bbcursive/std.kt:27:27 Unresolved reference 'decodeToChars'.
e: file:///Users/jim/work/v2superbikeshed/Trikeshed/src/commonMain/kotlin/borg/trikeshed/parse/bbcursive/std.kt:34:39 Unresolved reference 'SessionContext'.
e: file:///Users/jim/work/v2superbikeshed/Trikeshed/src/commonMain/kotlin/borg/trikeshed/parse/bbcursive/std.kt:41:23 Unresolved reference 'full'.
e: file:///Users/jim/work/v2superbikeshed/Trikeshed/src/commonMain/kotlin/borg/trikeshed/parse/bbcursive/std.kt:42:23 Unresolved reference 'full'.
e: file:///Users/jim/work/v2superbikeshed/Trikeshed/src/commonMain/kotlin/borg/trikeshed/parse/bbcursive/std.kt:70:54 Unresolved reference 'UnaryOperator'.
e: file:///Users/jim/work/v2superbikeshed/Trikeshed/src/commonMain/kotlin/borg/trikeshed/parse/bbcursive/std.kt:72:37 Unresolved reference 'Traits'.
e: file:///Users/jim/work/v2superbikeshed/Trikeshed/src/commonMain/kotlin/borg/trikeshed/parse/bbcursive/std.kt:73:17 Unresolved reference 'UnaryOperator'.
e: file:///Users/jim/work/v2superbikeshed/Trikeshed/src/commonMain/kotlin/borg/trikeshed/parse/bbcursive/std.kt:75:47 Unresolved reference 'Key'.
e: file:///Users/jim/work/v2superbikeshed/Trikeshed/src/commonMain/kotlin/borg/trikeshed/parse/bbcursive/std.kt:83:32 Unresolved reference 'flags'.
e: file:///Users/jim/work/v2superbikeshed/Trikeshed/src/commonMain/kotlin/borg/trikeshed/parse/bbcursive/std.kt:83:47 Unresolved reference 'Traits'.
e: file:///Users/jim/work/v2superbikeshed/Trikeshed/src/commonMain/kotlin/borg/trikeshed/parse/bbcursive/std.kt:90:22 Argument type mismatch: actual type is 'ByteIndexedBuffer', but 'K (of fun <K> WHEN_CALL)' was expected.
e: file:///Users/jim/work/v2superbikeshed/Trikeshed/src/commonMain/kotlin/borg/trikeshed/parse/bbcursive/std.kt:91:22 Argument type mismatch: actual type is 'R (of fun <T, R> DeepRecursiveFunction<T, R>.invoke)', but 'K (of fun <K> WHEN_CALL)' was expected.
e: file:///Users/jim/work/v2superbikeshed/Trikeshed/src/commonMain/kotlin/borg/trikeshed/parse/bbcursive/std.kt:91:25 Cannot infer type for this parameter. Specify it explicitly.
e: file:///Users/jim/work/v2superbikeshed/Trikeshed/src/commonMain/kotlin/borg/trikeshed/parse/bbcursive/std.kt:91:25 Unresolved reference. None of the following candidates is applicable because of a receiver type mismatch:
fun <T, R> DeepRecursiveFunction<T, R>.invoke(value: T): R
e: file:///Users/jim/work/v2superbikeshed/Trikeshed/src/commonMain/kotlin/borg/trikeshed/parse/bbcursive/std.kt:92:25 Argument type mismatch: actual type is 'ByteIndexedBuffer?', but 'K (of fun <K> WHEN_CALL)' was expected.
e: file:///Users/jim/work/v2superbikeshed/Trikeshed/src/commonMain/kotlin/borg/trikeshed/parse/bbcursive/std.kt:95:45 Unresolved reference 'flags'.
e: file:///Users/jim/work/v2superbikeshed/Trikeshed/src/commonMain/kotlin/borg/trikeshed/parse/bbcursive/std.kt:95:60 Unresolved reference 'Traits'.
e: file:///Users/jim/work/v2superbikeshed/Trikeshed/src/commonMain/kotlin/borg/trikeshed/parse/bbcursive/std.kt:100:32 Unresolved reference 'outbox'.
e: file:///Users/jim/work/v2superbikeshed/Trikeshed/src/commonMain/kotlin/borg/trikeshed/parse/bbcursive/std.kt:100:39 Unresolved reference 'ParseResult'.
e: file:///Users/jim/work/v2superbikeshed/Trikeshed/src/commonMain/kotlin/borg/trikeshed/parse/bbcursive/std.kt:100:95 Unresolved reference 'flags'.
e: file:///Users/jim/work/v2superbikeshed/Trikeshed/src/commonMain/kotlin/borg/trikeshed/parse/bbcursive/std.kt:103:22 Cannot infer type for this parameter. Specify it explicitly.
e: file:///Users/jim/work/v2superbikeshed/Trikeshed/src/commonMain/kotlin/borg/trikeshed/parse/bbcursive/std.kt:103:22 Not enough information to infer type argument for 'R'.
e: file:///Users/jim/work/v2superbikeshed/Trikeshed/src/commonMain/kotlin/borg/trikeshed/parse/bbcursive/std.kt:103:43 Unresolved reference 'flags'.
e: file:///Users/jim/work/v2superbikeshed/Trikeshed/src/commonMain/kotlin/borg/trikeshed/parse/bbcursive/std.kt:103:49 Cannot infer type for this parameter. Specify it explicitly.
e: file:///Users/jim/work/v2superbikeshed/Trikeshed/src/commonMain/kotlin/borg/trikeshed/parse/bbcursive/std.kt:103:55 Cannot infer type for this parameter. Specify it explicitly.
e: file:///Users/jim/work/v2superbikeshed/Trikeshed/src/commonMain/kotlin/borg/trikeshed/parse/bbcursive/std.kt:107:35 Unresolved reference 'UnaryOperator'.
e: file:///Users/jim/work/v2superbikeshed/Trikeshed/src/commonMain/kotlin/borg/trikeshed/parse/bbcursive/std.kt:107:82 Unresolved reference 'Traits'.
e: file:///Users/jim/work/v2superbikeshed/Trikeshed/src/commonMain/kotlin/borg/trikeshed/parse/bbcursive/std.kt:108:30 Suspend property 'val coroutineContext: CoroutineContext' can only be accessed from a coroutine or suspend function.
e: file:///Users/jim/work/v2superbikeshed/Trikeshed/src/commonMain/kotlin/borg/trikeshed/parse/bbcursive/std.kt:108:47 Unresolved reference 'Key'.
e: file:///Users/jim/work/v2superbikeshed/Trikeshed/src/commonMain/kotlin/borg/trikeshed/parse/bbcursive/std.kt:111:32 Unresolved reference 'flags'.
e: file:///Users/jim/work/v2superbikeshed/Trikeshed/src/commonMain/kotlin/borg/trikeshed/parse/bbcursive/std.kt:115:20 Unresolved reference 'hasAnnotation'.
e: file:///Users/jim/work/v2superbikeshed/Trikeshed/src/commonMain/kotlin/borg/trikeshed/parse/bbcursive/std.kt:117:19 Unresolved reference 'Traits'.
e: file:///Users/jim/work/v2superbikeshed/Trikeshed/src/commonMain/kotlin/borg/trikeshed/parse/bbcursive/std.kt:118:16 Not enough information to infer type argument for 'K'.
e: file:///Users/jim/work/v2superbikeshed/Trikeshed/src/commonMain/kotlin/borg/trikeshed/parse/bbcursive/std.kt:118:27 Unresolved reference 'hasAnnotation'.
e: file:///Users/jim/work/v2superbikeshed/Trikeshed/src/commonMain/kotlin/borg/trikeshed/parse/bbcursive/std.kt:120:15 Cannot infer type for this parameter. Specify it explicitly.
e: file:///Users/jim/work/v2superbikeshed/Trikeshed/src/commonMain/kotlin/borg/trikeshed/parse/bbcursive/std.kt:120:15 'fun <T> MutableList<T>.remove(index: Int): T' is deprecated. Use removeAt(index) instead.
e: file:///Users/jim/work/v2superbikeshed/Trikeshed/src/commonMain/kotlin/borg/trikeshed/parse/bbcursive/std.kt:120:15 Not enough information to infer type argument for 'T'.
e: file:///Users/jim/work/v2superbikeshed/Trikeshed/src/commonMain/kotlin/borg/trikeshed/parse/bbcursive/std.kt:120:22 Unresolved reference 'Traits'.
e: file:///Users/jim/work/v2superbikeshed/Trikeshed/src/commonMain/kotlin/borg/trikeshed/parse/bbcursive/std.kt:122:20 Unresolved reference 'hasAnnotation'.
e: file:///Users/jim/work/v2superbikeshed/Trikeshed/src/commonMain/kotlin/borg/trikeshed/parse/bbcursive/std.kt:124:19 Unresolved reference 'Traits'.
e: file:///Users/jim/work/v2superbikeshed/Trikeshed/src/commonMain/kotlin/borg/trikeshed/parse/bbcursive/std.kt:125:16 Not enough information to infer type argument for 'K'.
e: file:///Users/jim/work/v2superbikeshed/Trikeshed/src/commonMain/kotlin/borg/trikeshed/parse/bbcursive/std.kt:125:27 Unresolved reference 'hasAnnotation'.
e: file:///Users/jim/work/v2superbikeshed/Trikeshed/src/commonMain/kotlin/borg/trikeshed/parse/bbcursive/std.kt:127:15 Cannot infer type for this parameter. Specify it explicitly.
e: file:///Users/jim/work/v2superbikeshed/Trikeshed/src/commonMain/kotlin/borg/trikeshed/parse/bbcursive/std.kt:127:15 'fun <T> MutableList<T>.remove(index: Int): T' is deprecated. Use removeAt(index) instead.
e: file:///Users/jim/work/v2superbikeshed/Trikeshed/src/commonMain/kotlin/borg/trikeshed/parse/bbcursive/std.kt:127:15 Not enough information to infer type argument for 'T'.
e: file:///Users/jim/work/v2superbikeshed/Trikeshed/src/commonMain/kotlin/borg/trikeshed/parse/bbcursive/std.kt:127:22 Unresolved reference 'Traits'.
e: file:///Users/jim/work/v2superbikeshed/Trikeshed/src/commonMain/kotlin/borg/trikeshed/parse/bbcursive/std.kt:129:28 Cannot infer type for this parameter. Specify it explicitly.
e: file:///Users/jim/work/v2superbikeshed/Trikeshed/src/commonMain/kotlin/borg/trikeshed/parse/bbcursive/std.kt:132:58 Unresolved reference 'UnaryOperator'.
e: file:///Users/jim/work/v2superbikeshed/Trikeshed/src/commonMain/kotlin/borg/trikeshed/parse/bbcursive/std.kt:136:21 Cannot infer type for this parameter. Specify it explicitly.
e: file:///Users/jim/work/v2superbikeshed/Trikeshed/src/commonMain/kotlin/borg/trikeshed/parse/bbcursive/std.kt:136:21 Unresolved reference. None of the following candidates is applicable because of a receiver type mismatch:
fun <T, R> DeepRecursiveFunction<T, R>.invoke(value: T): R
e: file:///Users/jim/work/v2superbikeshed/Trikeshed/src/commonMain/kotlin/borg/trikeshed/parse/bbcursive/std.kt:163:58 Unresolved reference 'UnaryOperator'.
e: file:///Users/jim/work/v2superbikeshed/Trikeshed/src/commonMain/kotlin/borg/trikeshed/parse/bbcursive/std.kt:164:18 Suspend function 'suspend fun bb(b: ByteIndexedBuffer, vararg ops: ERROR CLASS: Symbol not found for UnaryOperator): ByteIndexedBuffer?' can only be called from a coroutine or another suspend function.
e: file:///Users/jim/work/v2superbikeshed/Trikeshed/src/commonMain/kotlin/borg/trikeshed/parse/bbcursive/std.kt:165:34 Unresolved reference. None of the following candidates is applicable because of a receiver type mismatch:
fun Join<Int, Function1<Int, Byte>>.asString(): String
e: file:///Users/jim/work/v2superbikeshed/Trikeshed/src/commonMain/kotlin/borg/trikeshed/parse/bbcursive/std.kt:168:53 Unresolved reference 'UnaryOperator'.
e: file:///Users/jim/work/v2superbikeshed/Trikeshed/src/commonMain/kotlin/borg/trikeshed/parse/bbcursive/std.kt:172:52 Unresolved reference 'UnaryOperator'.
e: file:///Users/jim/work/v2superbikeshed/Trikeshed/src/commonMain/kotlin/borg/trikeshed/parse/bbcursive/std.kt:173:61 Unresolved reference. None of the following candidates is applicable because of a receiver type mismatch:
fun Join<Int, Function1<Int, Byte>>.toByteIndexedBuffer(pos: Int = ..., limit: Int = ...): ByteIndexedBuffer
e: file:///Users/jim/work/v2superbikeshed/Trikeshed/src/commonMain/kotlin/borg/trikeshed/parse/bbcursive/std.kt:180:58 Unresolved reference 'UnaryOperator'.
e: file:///Users/jim/work/v2superbikeshed/Trikeshed/src/commonMain/kotlin/borg/trikeshed/parse/bbcursive/std.kt:181:16 Suspend function 'suspend fun bb(b: ByteIndexedBuffer, vararg ops: ERROR CLASS: Symbol not found for UnaryOperator): ByteIndexedBuffer?' can only be called from a coroutine or another suspend function.
e: file:///Users/jim/work/v2superbikeshed/Trikeshed/src/commonMain/kotlin/borg/trikeshed/parse/bbcursive/std.kt:181:54 Unresolved reference. None of the following candidates is applicable because of a receiver type mismatch:
fun Join<Int, Function1<Int, Byte>>.toByteIndexedBuffer(pos: Int = ..., limit: Int = ...): ByteIndexedBuffer
e: file:///Users/jim/work/v2superbikeshed/Trikeshed/src/commonMain/kotlin/borg/trikeshed/parse/bbcursive/std.kt:188:66 Overload resolution ambiguity between candidates:
fun ByteArray.toIndexed(): Join<Int, Function1<Int, Byte>>
fun <T> Any.toIndexed(): Join<Int, Function1<Int, T>>
fun ByteArray.toIndexed(): Join<Int, Function1<Int, Byte>>
e: file:///Users/jim/work/v2superbikeshed/Trikeshed/src/commonMain/kotlin/borg/trikeshed/parse/bbcursive/std.kt:189:13 Cannot infer type for this parameter. Specify it explicitly.
e: file:///Users/jim/work/v2superbikeshed/Trikeshed/src/commonMain/kotlin/borg/trikeshed/parse/bbcursive/std.kt:189:16 No value passed for parameter 'value'.
e: file:///Users/jim/work/v2superbikeshed/Trikeshed/src/commonMain/kotlin/borg/trikeshed/parse/bbcursive/std.kt:189:19 Unresolved reference 'duplicate'.
e: file:///Users/jim/work/v2superbikeshed/Trikeshed/src/commonMain/kotlin/borg/trikeshed/parse/bbcursive/std.kt:189:31 Cannot infer type for this parameter. Specify it explicitly.
e: file:///Users/jim/work/v2superbikeshed/Trikeshed/src/commonMain/kotlin/borg/trikeshed/parse/bbcursive/std.kt:189:37 Cannot infer type for this parameter. Specify it explicitly.
e: file:///Users/jim/work/v2superbikeshed/Trikeshed/src/commonMain/kotlin/borg/trikeshed/parse/bbcursive/std.kt:190:23 Unresolved reference 'hasRemaining'.
e: file:///Users/jim/work/v2superbikeshed/Trikeshed/src/commonMain/kotlin/borg/trikeshed/parse/bbcursive/std.kt:190:47 Unresolved reference 'put'.
e: file:///Users/jim/work/v2superbikeshed/Trikeshed/src/commonMain/kotlin/borg/trikeshed/parse/bbcursive/std.kt:190:55 Cannot infer type for this parameter. Specify it explicitly.
e: file:///Users/jim/work/v2superbikeshed/Trikeshed/src/commonMain/kotlin/borg/trikeshed/parse/bbcursive/std.kt:190:58 No value passed for parameter 'column'.
e: file:///Users/jim/work/v2superbikeshed/Trikeshed/src/commonMain/kotlin/borg/trikeshed/parse/bbcursive/std.kt:192:26 Unresolved reference 'rew'.
e: file:///Users/jim/work/v2superbikeshed/Trikeshed/src/commonMain/kotlin/borg/trikeshed/parse/bbcursive/std.kt:202:28 Argument type mismatch: actual type is 'Unit', but 'K (of fun <K> WHEN_CALL)' was expected.
e: file:///Users/jim/work/v2superbikeshed/Trikeshed/src/commonMain/kotlin/borg/trikeshed/parse/bbcursive/std.kt:210:57 Overload resolution ambiguity between candidates:
fun ByteArray.toIndexed(): Join<Int, Function1<Int, Byte>>
fun <T> Any.toIndexed(): Join<Int, Function1<Int, T>>
fun ByteArray.toIndexed(): Join<Int, Function1<Int, Byte>>
e: file:///Users/jim/work/v2superbikeshed/Trikeshed/src/commonMain/kotlin/borg/trikeshed/parse/bbcursive/std.kt:212:35 Cannot infer type for this parameter. Specify it explicitly.
e: file:///Users/jim/work/v2superbikeshed/Trikeshed/src/commonMain/kotlin/borg/trikeshed/parse/bbcursive/std.kt:212:38 No value passed for parameter 'value'.
e: file:///Users/jim/work/v2superbikeshed/Trikeshed/src/commonMain/kotlin/borg/trikeshed/parse/bbcursive/std.kt:212:41 Unresolved reference 'duplicate'.
e: file:///Users/jim/work/v2superbikeshed/Trikeshed/src/commonMain/kotlin/borg/trikeshed/parse/bbcursive/std.kt:212:53 Cannot infer type for this parameter. Specify it explicitly.
e: file:///Users/jim/work/v2superbikeshed/Trikeshed/src/commonMain/kotlin/borg/trikeshed/parse/bbcursive/std.kt:212:59 Cannot infer type for this parameter. Specify it explicitly.
e: file:///Users/jim/work/v2superbikeshed/Trikeshed/src/commonMain/kotlin/borg/trikeshed/parse/bbcursive/std.kt:213:31 Unresolved reference 'hasRemaining'.
e: file:///Users/jim/work/v2superbikeshed/Trikeshed/src/commonMain/kotlin/borg/trikeshed/parse/bbcursive/std.kt:213:52 Unresolved reference 'put'.
e: file:///Users/jim/work/v2superbikeshed/Trikeshed/src/commonMain/kotlin/borg/trikeshed/parse/bbcursive/std.kt:213:60 Cannot infer type for this parameter. Specify it explicitly.
e: file:///Users/jim/work/v2superbikeshed/Trikeshed/src/commonMain/kotlin/borg/trikeshed/parse/bbcursive/std.kt:213:63 No value passed for parameter 'column'.
e: file:///Users/jim/work/v2superbikeshed/Trikeshed/src/commonMain/kotlin/borg/trikeshed/parse/bbcursive/std.kt:216:13 Argument type mismatch: actual type is 'R (of fun <T, R> DeepRecursiveFunction<T, R>.invoke)', but 'K (of fun <K> WHEN_CALL)' was expected.
e: file:///Users/jim/work/v2superbikeshed/Trikeshed/src/commonMain/kotlin/borg/trikeshed/parse/bbcursive/std.kt:216:20 Cannot infer type for this parameter. Specify it explicitly.
e: file:///Users/jim/work/v2superbikeshed/Trikeshed/src/commonMain/kotlin/borg/trikeshed/parse/bbcursive/std.kt:216:23 No value passed for parameter 'value'.
e: file:///Users/jim/work/v2superbikeshed/Trikeshed/src/commonMain/kotlin/borg/trikeshed/parse/bbcursive/std.kt:243:34 Cannot infer type for this parameter. Specify it explicitly.
e: file:///Users/jim/work/v2superbikeshed/Trikeshed/src/commonMain/kotlin/borg/trikeshed/parse/bbcursive/std.kt:243:37 No value passed for parameter 'column'.
e: file:///Users/jim/work/v2superbikeshed/Trikeshed/src/commonMain/kotlin/borg/trikeshed/parse/bbcursive/std.kt:247:39 Cannot infer type for this parameter. Specify it explicitly.
e: file:///Users/jim/work/v2superbikeshed/Trikeshed/src/commonMain/kotlin/borg/trikeshed/parse/bbcursive/std.kt:247:42 No value passed for parameter 'column'.
e: file:///Users/jim/work/v2superbikeshed/Trikeshed/src/commonMain/kotlin/borg/trikeshed/parse/bbcursive/std.kt:263:19 Cannot infer type for this parameter. Specify it explicitly.
e: file:///Users/jim/work/v2superbikeshed/Trikeshed/src/commonMain/kotlin/borg/trikeshed/parse/bbcursive/std.kt:263:22 No value passed for parameter 'value'.
e: file:///Users/jim/work/v2superbikeshed/Trikeshed/src/commonMain/kotlin/borg/trikeshed/parse/bbcursive/std.kt:288:75 Cannot infer type for this parameter. Specify it explicitly.
e: file:///Users/jim/work/v2superbikeshed/Trikeshed/src/commonMain/kotlin/borg/trikeshed/parse/bbcursive/std.kt:288:78 No value passed for parameter 'value'.
e: file:///Users/jim/work/v2superbikeshed/Trikeshed/src/commonMain/kotlin/borg/trikeshed/parse/bbcursive/vtables/CString.kt:3:23 Unresolved reference 'std'.
e: file:///Users/jim/work/v2superbikeshed/Trikeshed/src/commonMain/kotlin/borg/trikeshed/parse/bbcursive/vtables/CString.kt:8:8 Unresolved reference 'bbcursive'.
e: file:///Users/jim/work/v2superbikeshed/Trikeshed/src/commonMain/kotlin/borg/trikeshed/parse/bbcursive/vtables/CString.kt:9:8 Unresolved reference 'bbcursive'.
e: file:///Users/jim/work/v2superbikeshed/Trikeshed/src/commonMain/kotlin/borg/trikeshed/parse/bbcursive/vtables/CString.kt:10:8 Unresolved reference 'bbcursive'.
e: file:///Users/jim/work/v2superbikeshed/Trikeshed/src/commonMain/kotlin/borg/trikeshed/parse/bbcursive/vtables/CString.kt:17:27 Classifier 'inner class _mutator : Any' does not have a companion object, so it cannot be used as an expression.
e: file:///Users/jim/work/v2superbikeshed/Trikeshed/src/commonMain/kotlin/borg/trikeshed/parse/bbcursive/vtables/CString.kt:17:35 Syntax error: Property getter or setter expected.
e: file:///Users/jim/work/v2superbikeshed/Trikeshed/src/commonMain/kotlin/borg/trikeshed/parse/bbcursive/vtables/CString.kt:18:27 Classifier 'inner class _reifier : Any' does not have a companion object, so it cannot be used as an expression.
e: file:///Users/jim/work/v2superbikeshed/Trikeshed/src/commonMain/kotlin/borg/trikeshed/parse/bbcursive/vtables/CString.kt:18:35 Syntax error: Property getter or setter expected.
e: file:///Users/jim/work/v2superbikeshed/Trikeshed/src/commonMain/kotlin/borg/trikeshed/parse/bbcursive/vtables/CString.kt:19:31 No type arguments expected for inner class _mutator : Any.
e: file:///Users/jim/work/v2superbikeshed/Trikeshed/src/commonMain/kotlin/borg/trikeshed/parse/bbcursive/vtables/CString.kt:22:31 No type arguments expected for inner class _reifier : Any.
e: file:///Users/jim/work/v2superbikeshed/Trikeshed/src/commonMain/kotlin/borg/trikeshed/parse/bbcursive/vtables/CString.kt:24:33 Syntax error: Expecting member declaration.
e: file:///Users/jim/work/v2superbikeshed/Trikeshed/src/commonMain/kotlin/borg/trikeshed/parse/bbcursive/vtables/CString.kt:24:35 Syntax error: Expecting member declaration.
e: file:///Users/jim/work/v2superbikeshed/Trikeshed/src/commonMain/kotlin/borg/trikeshed/parse/bbcursive/vtables/CString.kt:24:37 Syntax error: Expecting member declaration.
e: file:///Users/jim/work/v2superbikeshed/Trikeshed/src/commonMain/kotlin/borg/trikeshed/parse/bbcursive/vtables/CString.kt:24:45 Syntax error: Expecting member declaration.
e: file:///Users/jim/work/v2superbikeshed/Trikeshed/src/commonMain/kotlin/borg/trikeshed/parse/bbcursive/vtables/CString.kt:24:46 Syntax error: Expecting member declaration.
e: file:///Users/jim/work/v2superbikeshed/Trikeshed/src/commonMain/kotlin/borg/trikeshed/parse/bbcursive/vtables/CString.kt:24:52 Syntax error: Expecting member declaration.
e: file:///Users/jim/work/v2superbikeshed/Trikeshed/src/commonMain/kotlin/borg/trikeshed/parse/bbcursive/vtables/CString.kt:24:53 Syntax error: Expecting member declaration.
e: file:///Users/jim/work/v2superbikeshed/Trikeshed/src/commonMain/kotlin/borg/trikeshed/parse/bbcursive/vtables/CString.kt:24:54 Syntax error: Expecting member declaration.
e: file:///Users/jim/work/v2superbikeshed/Trikeshed/src/commonMain/kotlin/borg/trikeshed/parse/bbcursive/vtables/CString.kt:24:56 Syntax error: Expecting member declaration.
e: file:///Users/jim/work/v2superbikeshed/Trikeshed/src/commonMain/kotlin/borg/trikeshed/parse/bbcursive/vtables/CString.kt:24:56 Function declaration must have a name.
e: file:///Users/jim/work/v2superbikeshed/Trikeshed/src/commonMain/kotlin/borg/trikeshed/parse/bbcursive/vtables/CString.kt:25:9 Modifier 'override' is not applicable to 'local function'.
e: file:///Users/jim/work/v2superbikeshed/Trikeshed/src/commonMain/kotlin/borg/trikeshed/parse/bbcursive/vtables/CString.kt:27:27 Unresolved reference 'getContext'.
e: file:///Users/jim/work/v2superbikeshed/Trikeshed/src/commonMain/kotlin/borg/trikeshed/parse/bbcursive/vtables/CString.kt:29:13 Unresolved reference 'bb'.
e: file:///Users/jim/work/v2superbikeshed/Trikeshed/src/commonMain/kotlin/borg/trikeshed/parse/bbcursive/vtables/CString.kt:29:16 Unresolved reference 'std'.
e: file:///Users/jim/work/v2superbikeshed/Trikeshed/src/commonMain/kotlin/borg/trikeshed/parse/bbcursive/vtables/CString.kt:29:24 Unresolved reference 'bb'.
e: file:///Users/jim/work/v2superbikeshed/Trikeshed/src/commonMain/kotlin/borg/trikeshed/parse/bbcursive/vtables/CString.kt:29:38 Unresolved reference 'mark'.
e: file:///Users/jim/work/v2superbikeshed/Trikeshed/src/commonMain/kotlin/borg/trikeshed/parse/bbcursive/vtables/CString.kt:29:80 Unresolved reference 'duplicate'.
e: file:///Users/jim/work/v2superbikeshed/Trikeshed/src/commonMain/kotlin/borg/trikeshed/parse/bbcursive/vtables/CString.kt:29:91 Unresolved reference 'reset'.
e: file:///Users/jim/work/v2superbikeshed/Trikeshed/src/commonMain/kotlin/borg/trikeshed/parse/bbcursive/vtables/CString.kt:29:98 Function invocation 'slice(...)' expected.
e: file:///Users/jim/work/v2superbikeshed/Trikeshed/src/commonMain/kotlin/borg/trikeshed/parse/bbcursive/vtables/CString.kt:29:105 Unresolved reference 'debug'.
e: file:///Users/jim/work/v2superbikeshed/Trikeshed/src/commonMain/kotlin/borg/trikeshed/parse/bbcursive/vtables/CString.kt:30:20 Unresolved reference 'getContext'.
e: file:///Users/jim/work/v2superbikeshed/Trikeshed/src/commonMain/kotlin/borg/trikeshed/parse/bbcursive/vtables/CString.kt:33:33 Syntax error: Expecting member declaration.
e: file:///Users/jim/work/v2superbikeshed/Trikeshed/src/commonMain/kotlin/borg/trikeshed/parse/bbcursive/vtables/CString.kt:33:35 Syntax error: Expecting member declaration.
e: file:///Users/jim/work/v2superbikeshed/Trikeshed/src/commonMain/kotlin/borg/trikeshed/parse/bbcursive/vtables/CString.kt:33:37 Syntax error: Expecting member declaration.
e: file:///Users/jim/work/v2superbikeshed/Trikeshed/src/commonMain/kotlin/borg/trikeshed/parse/bbcursive/vtables/CString.kt:33:45 Syntax error: Expecting member declaration.
e: file:///Users/jim/work/v2superbikeshed/Trikeshed/src/commonMain/kotlin/borg/trikeshed/parse/bbcursive/vtables/CString.kt:33:46 Syntax error: Expecting member declaration.
e: file:///Users/jim/work/v2superbikeshed/Trikeshed/src/commonMain/kotlin/borg/trikeshed/parse/bbcursive/vtables/CString.kt:33:52 Syntax error: Expecting member declaration.
e: file:///Users/jim/work/v2superbikeshed/Trikeshed/src/commonMain/kotlin/borg/trikeshed/parse/bbcursive/vtables/CString.kt:33:54 Syntax error: Expecting member declaration.
e: file:///Users/jim/work/v2superbikeshed/Trikeshed/src/commonMain/kotlin/borg/trikeshed/parse/bbcursive/vtables/CString.kt:33:54 Function declaration must have a name.
e: file:///Users/jim/work/v2superbikeshed/Trikeshed/src/commonMain/kotlin/borg/trikeshed/parse/bbcursive/vtables/CString.kt:34:9 Modifier 'override' is not applicable to 'local function'.
e: file:///Users/jim/work/v2superbikeshed/Trikeshed/src/commonMain/kotlin/borg/trikeshed/parse/bbcursive/vtables/CString.kt:35:21 Unresolved reference 'bb'.
e: file:///Users/jim/work/v2superbikeshed/Trikeshed/src/commonMain/kotlin/borg/trikeshed/parse/bbcursive/vtables/CString.kt:35:39 Unresolved reference 'mark'.
e: file:///Users/jim/work/v2superbikeshed/Trikeshed/src/commonMain/kotlin/borg/trikeshed/parse/bbcursive/vtables/CString.kt:35:45 Function invocation 'slice(...)' expected.
e: file:///Users/jim/work/v2superbikeshed/Trikeshed/src/commonMain/kotlin/borg/trikeshed/parse/bbcursive/vtables/CString.kt:36:48 Unresolved reference. None of the following candidates is applicable because of a receiver type mismatch:
fun String.compareTo(other: String, ignoreCase: Boolean = ...): Int
e: file:///Users/jim/work/v2superbikeshed/Trikeshed/src/commonMain/kotlin/borg/trikeshed/parse/bbcursive/vtables/CString.kt:37:20 Unresolved reference 'str'.
e: file:///Users/jim/work/v2superbikeshed/Trikeshed/src/commonMain/kotlin/borg/trikeshed/parse/bbcursive/vtables/_edge.kt:46:16 Return type mismatch: expected 'addressType (of class _edge<coreType, addressType>)', actual 'Any?'.
e: file:///Users/jim/work/v2superbikeshed/Trikeshed/src/commonMain/kotlin/borg/trikeshed/parse/bbcursive/vtables/_edge.kt:46:96 Function invocation 'r()' expected.
e: file:///Users/jim/work/v2superbikeshed/Trikeshed/src/commonMain/kotlin/borg/trikeshed/parse/bbcursive/vtables/_edge.kt:46:97 Syntax error: Unexpected tokens (use ';' to separate expressions on the same line).
e: file:///Users/jim/work/v2superbikeshed/Trikeshed/src/commonMain/kotlin/borg/trikeshed/parse/bbcursive/vtables/_edge.kt:52:29 Syntax error: Expecting '('.
e: file:///Users/jim/work/v2superbikeshed/Trikeshed/src/commonMain/kotlin/borg/trikeshed/parse/bbcursive/vtables/_edge.kt:52:29 Syntax error: Expecting member declaration.
e: file:///Users/jim/work/v2superbikeshed/Trikeshed/src/commonMain/kotlin/borg/trikeshed/parse/bbcursive/vtables/_edge.kt:52:30 Syntax error: Expecting member declaration.
e: file:///Users/jim/work/v2superbikeshed/Trikeshed/src/commonMain/kotlin/borg/trikeshed/parse/bbcursive/vtables/_edge.kt:52:31 Syntax error: Expecting member declaration.
e: file:///Users/jim/work/v2superbikeshed/Trikeshed/src/commonMain/kotlin/borg/trikeshed/parse/bbcursive/vtables/_edge.kt:52:32 Syntax error: Expecting member declaration.
e: file:///Users/jim/work/v2superbikeshed/Trikeshed/src/commonMain/kotlin/borg/trikeshed/parse/bbcursive/vtables/_edge.kt:52:34 Syntax error: Expecting member declaration.
e: file:///Users/jim/work/v2superbikeshed/Trikeshed/src/commonMain/kotlin/borg/trikeshed/parse/bbcursive/vtables/_mutator.kt:25:9 'public' function exposes its 'protected (in _mutator)' return type 'ByteBufferContext'.
e: file:///Users/jim/work/v2superbikeshed/Trikeshed/src/commonMain/kotlin/borg/trikeshed/parse/bbcursive/vtables/_mutator.kt:41:18 Function 'r' without a body must be abstract.
e: file:///Users/jim/work/v2superbikeshed/Trikeshed/src/commonMain/kotlin/borg/trikeshed/parse/bbcursive/vtables/_mutator.kt:41:23 Syntax error: Expecting '('.
e: file:///Users/jim/work/v2superbikeshed/Trikeshed/src/commonMain/kotlin/borg/trikeshed/parse/bbcursive/vtables/_mutator.kt:41:23 Syntax error: Expecting member declaration.
e: file:///Users/jim/work/v2superbikeshed/Trikeshed/src/commonMain/kotlin/borg/trikeshed/parse/bbcursive/vtables/_mutator.kt:41:24 Syntax error: Expecting member declaration.
e: file:///Users/jim/work/v2superbikeshed/Trikeshed/src/commonMain/kotlin/borg/trikeshed/parse/bbcursive/vtables/_mutator.kt:41:25 Syntax error: Expecting member declaration.
e: file:///Users/jim/work/v2superbikeshed/Trikeshed/src/commonMain/kotlin/borg/trikeshed/parse/bbcursive/vtables/_mutator.kt:41:26 Syntax error: Expecting member declaration.
e: file:///Users/jim/work/v2superbikeshed/Trikeshed/src/commonMain/kotlin/borg/trikeshed/parse/bbcursive/vtables/_mutator.kt:41:28 Syntax error: Expecting member declaration.
e: file:///Users/jim/work/v2superbikeshed/Trikeshed/src/commonMain/kotlin/borg/trikeshed/parse/bbcursive/vtables/_mutator.kt:41:33 Syntax error: Expecting member declaration.
e: file:///Users/jim/work/v2superbikeshed/Trikeshed/src/commonMain/kotlin/borg/trikeshed/parse/bbcursive/vtables/_mutator.kt:41:33 Function declaration must have a name.
e: file:///Users/jim/work/v2superbikeshed/Trikeshed/src/commonMain/kotlin/borg/trikeshed/parse/bbcursive/vtables/_mutator.kt:42:20 Function invocation 'r()' expected.
e: file:///Users/jim/work/v2superbikeshed/Trikeshed/src/commonMain/kotlin/borg/trikeshed/parse/bbcursive/vtables/_mutator.kt:42:21 Syntax error: Unexpected tokens (use ';' to separate expressions on the same line).
e: file:///Users/jim/work/v2superbikeshed/Trikeshed/src/commonMain/kotlin/borg/trikeshed/parse/bbcursive/vtables/_mutator.kt:50:28 Return type of 'at' is not a subtype of the return type of the overridden member 'fun at(): _mutator.ByteBufferContext<endPojo>' defined in 'borg/trikeshed/parse/bbcursive/vtables/_mutator.StringifiedContext'.
e: file:///Users/jim/work/v2superbikeshed/Trikeshed/src/commonMain/kotlin/borg/trikeshed/parse/bbcursive/vtables/_mutator.kt:54:66 Return type of 'goTo' is not a subtype of the return type of the overridden member 'fun goTo(addressType: _mutator.ByteBufferContext<endPojo>): _mutator.ByteBufferContext<endPojo>' defined in 'borg/trikeshed/parse/bbcursive/vtables/_mutator.StringifiedContext'.
e: file:///Users/jim/work/v2superbikeshed/Trikeshed/src/commonMain/kotlin/borg/trikeshed/parse/bbcursive/vtables/_mutator.kt:58:18 Function 'r' without a body must be abstract.
e: file:///Users/jim/work/v2superbikeshed/Trikeshed/src/commonMain/kotlin/borg/trikeshed/parse/bbcursive/vtables/_mutator.kt:58:23 Syntax error: Expecting '('.
e: file:///Users/jim/work/v2superbikeshed/Trikeshed/src/commonMain/kotlin/borg/trikeshed/parse/bbcursive/vtables/_mutator.kt:58:23 Syntax error: Expecting member declaration.
e: file:///Users/jim/work/v2superbikeshed/Trikeshed/src/commonMain/kotlin/borg/trikeshed/parse/bbcursive/vtables/_mutator.kt:58:24 Syntax error: Expecting member declaration.
e: file:///Users/jim/work/v2superbikeshed/Trikeshed/src/commonMain/kotlin/borg/trikeshed/parse/bbcursive/vtables/_mutator.kt:58:25 Syntax error: Expecting member declaration.
e: file:///Users/jim/work/v2superbikeshed/Trikeshed/src/commonMain/kotlin/borg/trikeshed/parse/bbcursive/vtables/_mutator.kt:58:26 Syntax error: Expecting member declaration.
e: file:///Users/jim/work/v2superbikeshed/Trikeshed/src/commonMain/kotlin/borg/trikeshed/parse/bbcursive/vtables/_mutator.kt:58:28 Syntax error: Expecting member declaration.
e: file:///Users/jim/work/v2superbikeshed/Trikeshed/src/commonMain/kotlin/borg/trikeshed/parse/bbcursive/vtables/_mutator.kt:58:45 Syntax error: Expecting member declaration.
e: file:///Users/jim/work/v2superbikeshed/Trikeshed/src/commonMain/kotlin/borg/trikeshed/parse/bbcursive/vtables/_mutator.kt:58:47 Syntax error: Expecting member declaration.
e: file:///Users/jim/work/v2superbikeshed/Trikeshed/src/commonMain/kotlin/borg/trikeshed/parse/bbcursive/vtables/_mutator.kt:58:47 Function declaration must have a name.
e: file:///Users/jim/work/v2superbikeshed/Trikeshed/src/commonMain/kotlin/borg/trikeshed/parse/bbcursive/vtables/_mutator.kt:59:20 Null cannot be a value of a non-null type 'Unit'.
e: file:///Users/jim/work/v2superbikeshed/Trikeshed/src/commonMain/kotlin/borg/trikeshed/parse/bbcursive/vtables/_ptr.kt:12:16 Function invocation 'r()' expected.
e: file:///Users/jim/work/v2superbikeshed/Trikeshed/src/commonMain/kotlin/borg/trikeshed/parse/bbcursive/vtables/_ptr.kt:12:16 Return type mismatch: expected 'Int', actual 'Unit'.
e: file:///Users/jim/work/v2superbikeshed/Trikeshed/src/commonMain/kotlin/borg/trikeshed/parse/bbcursive/vtables/_ptr.kt:12:17 Syntax error: Unexpected tokens (use ';' to separate expressions on the same line).
e: file:///Users/jim/work/v2superbikeshed/Trikeshed/src/commonMain/kotlin/borg/trikeshed/parse/bbcursive/vtables/_ptr.kt:23:14 Function 'r' without a body must be abstract.
e: file:///Users/jim/work/v2superbikeshed/Trikeshed/src/commonMain/kotlin/borg/trikeshed/parse/bbcursive/vtables/_ptr.kt:23:19 Syntax error: Expecting '('.
e: file:///Users/jim/work/v2superbikeshed/Trikeshed/src/commonMain/kotlin/borg/trikeshed/parse/bbcursive/vtables/_ptr.kt:23:19 Syntax error: Expecting member declaration.
e: file:///Users/jim/work/v2superbikeshed/Trikeshed/src/commonMain/kotlin/borg/trikeshed/parse/bbcursive/vtables/_ptr.kt:23:20 Syntax error: Expecting member declaration.
e: file:///Users/jim/work/v2superbikeshed/Trikeshed/src/commonMain/kotlin/borg/trikeshed/parse/bbcursive/vtables/_ptr.kt:23:21 Syntax error: Expecting member declaration.
e: file:///Users/jim/work/v2superbikeshed/Trikeshed/src/commonMain/kotlin/borg/trikeshed/parse/bbcursive/vtables/_ptr.kt:23:22 Syntax error: Expecting member declaration.
e: file:///Users/jim/work/v2superbikeshed/Trikeshed/src/commonMain/kotlin/borg/trikeshed/parse/bbcursive/vtables/_ptr.kt:23:24 Syntax error: Expecting member declaration.
e: file:///Users/jim/work/v2superbikeshed/Trikeshed/src/commonMain/kotlin/borg/trikeshed/parse/bbcursive/vtables/_ptr.kt:23:28 Syntax error: Expecting member declaration.
e: file:///Users/jim/work/v2superbikeshed/Trikeshed/src/commonMain/kotlin/borg/trikeshed/parse/bbcursive/vtables/_ptr.kt:23:28 Function declaration must have a name.
e: file:///Users/jim/work/v2superbikeshed/Trikeshed/src/commonMain/kotlin/borg/trikeshed/parse/bbcursive/vtables/_ptr.kt:24:16 Return type mismatch: expected 'Unit', actual 'Int'.
e: file:///Users/jim/work/v2superbikeshed/Trikeshed/src/commonMain/kotlin/borg/trikeshed/parse/grpc/GrpcHttp2Bridge.kt:233:44 Cannot access 'fun <T> emptyIndexed(): Join<Int, Function1<Int, T>>': it is private in file.
e: file:///Users/jim/work/v2superbikeshed/Trikeshed/src/commonMain/kotlin/borg/trikeshed/parse/grpc/GrpcParser.kt:47:50 Cannot access 'fun <T> emptyIndexed(): Join<Int, Function1<Int, T>>': it is private in file.
e: file:///Users/jim/work/v2superbikeshed/Trikeshed/src/commonMain/kotlin/borg/trikeshed/parse/grpc/GrpcScanner.kt:151:16 Overload resolution ambiguity between candidates:
fun <X, C, V : Join<Int, Function1<Int, X>>> V.α(crossinline xform: (X) -> C): Join<Int, Function1<Int, C>>
fun <X, C, V : Join<Int, Function1<Int, X>>> V.α(crossinline xform: (X) -> C): Join<Int, Function1<Int, C>>
e: file:///Users/jim/work/v2superbikeshed/Trikeshed/src/commonMain/kotlin/borg/trikeshed/parse/grpc/GrpcScanner.kt:151:20 Cannot infer type for this parameter. Specify it explicitly.
e: file:///Users/jim/work/v2superbikeshed/Trikeshed/src/commonMain/kotlin/borg/trikeshed/parse/grpc/GrpcScanner.kt:152:40 Function 'component1()' is ambiguous for this expression: 
fun <T> Array<out T>.component1(): T
fun ByteArray.component1(): Byte
fun ShortArray.component1(): Short
fun IntArray.component1(): Int
fun LongArray.component1(): Long
fun FloatArray.component1(): Float
fun DoubleArray.component1(): Double
fun BooleanArray.component1(): Boolean
fun CharArray.component1(): Char
fun <T> List<T>.component1(): T
fun <K, V> Map.Entry<K, V>.component1(): K
fun UIntArray.component1(): UInt
fun ULongArray.component1(): ULong
fun UByteArray.component1(): UByte
fun UShortArray.component1(): UShort.
e: file:///Users/jim/work/v2superbikeshed/Trikeshed/src/commonMain/kotlin/borg/trikeshed/parse/grpc/GrpcScanner.kt:152:40 Function 'component2()' is ambiguous for this expression: 
fun <T> Array<out T>.component2(): T
fun ByteArray.component2(): Byte
fun ShortArray.component2(): Short
fun IntArray.component2(): Int
fun LongArray.component2(): Long
fun FloatArray.component2(): Float
fun DoubleArray.component2(): Double
fun BooleanArray.component2(): Boolean
fun CharArray.component2(): Char
fun <T> List<T>.component2(): T
fun <K, V> Map.Entry<K, V>.component2(): V
fun UIntArray.component2(): UInt
fun ULongArray.component2(): ULong
fun UByteArray.component2(): UByte
fun UShortArray.component2(): UShort.
e: file:///Users/jim/work/v2superbikeshed/Trikeshed/src/commonMain/kotlin/borg/trikeshed/parse/grpc/GrpcScanner.kt:153:43 Function 'component1()' is ambiguous for this expression: 
fun <T> Array<out T>.component1(): T
fun ByteArray.component1(): Byte
fun ShortArray.component1(): Short
fun IntArray.component1(): Int
fun LongArray.component1(): Long
fun FloatArray.component1(): Float
fun DoubleArray.component1(): Double
fun BooleanArray.component1(): Boolean
fun CharArray.component1(): Char
fun <T> List<T>.component1(): T
fun <K, V> Map.Entry<K, V>.component1(): K
fun UIntArray.component1(): UInt
fun ULongArray.component1(): ULong
fun UByteArray.component1(): UByte
fun UShortArray.component1(): UShort.
e: file:///Users/jim/work/v2superbikeshed/Trikeshed/src/commonMain/kotlin/borg/trikeshed/parse/grpc/GrpcScanner.kt:153:43 Function 'component2()' is ambiguous for this expression: 
fun <T> Array<out T>.component2(): T
fun ByteArray.component2(): Byte
fun ShortArray.component2(): Short
fun IntArray.component2(): Int
fun LongArray.component2(): Long
fun FloatArray.component2(): Float
fun DoubleArray.component2(): Double
fun BooleanArray.component2(): Boolean
fun CharArray.component2(): Char
fun <T> List<T>.component2(): T
fun <K, V> Map.Entry<K, V>.component2(): V
fun UIntArray.component2(): UInt
fun ULongArray.component2(): ULong
fun UByteArray.component2(): UByte
fun UShortArray.component2(): UShort.
e: file:///Users/jim/work/v2superbikeshed/Trikeshed/src/commonMain/kotlin/borg/trikeshed/parse/grpc/GrpcScanner.kt:154:35 Function 'component1()' is ambiguous for this expression: 
fun <T> Array<out T>.component1(): T
fun ByteArray.component1(): Byte
fun ShortArray.component1(): Short
fun IntArray.component1(): Int
fun LongArray.component1(): Long
fun FloatArray.component1(): Float
fun DoubleArray.component1(): Double
fun BooleanArray.component1(): Boolean
fun CharArray.component1(): Char
fun <T> List<T>.component1(): T
fun <K, V> Map.Entry<K, V>.component1(): K
fun UIntArray.component1(): UInt
fun ULongArray.component1(): ULong
fun UByteArray.component1(): UByte
fun UShortArray.component1(): UShort.
e: file:///Users/jim/work/v2superbikeshed/Trikeshed/src/commonMain/kotlin/borg/trikeshed/parse/grpc/GrpcScanner.kt:154:35 Function 'component2()' is ambiguous for this expression: 
fun <T> Array<out T>.component2(): T
fun ByteArray.component2(): Byte
fun ShortArray.component2(): Short
fun IntArray.component2(): Int
fun LongArray.component2(): Long
fun FloatArray.component2(): Float
fun DoubleArray.component2(): Double
fun BooleanArray.component2(): Boolean
fun CharArray.component2(): Char
fun <T> List<T>.component2(): T
fun <K, V> Map.Entry<K, V>.component2(): V
fun UIntArray.component2(): UInt
fun ULongArray.component2(): ULong
fun UByteArray.component2(): UByte
fun UShortArray.component2(): UShort.
e: file:///Users/jim/work/v2superbikeshed/Trikeshed/src/commonMain/kotlin/borg/trikeshed/parse/grpc/GrpcScanner.kt:167:34 Cannot infer type for this parameter. Specify it explicitly.
e: file:///Users/jim/work/v2superbikeshed/Trikeshed/src/commonMain/kotlin/borg/trikeshed/parse/grpc/GrpcScanner.kt:167:34 Not enough information to infer type argument for 'T'.
e: file:///Users/jim/work/v2superbikeshed/Trikeshed/src/commonMain/kotlin/borg/trikeshed/parse/grpc/GrpcScanner.kt:168:22 Cannot infer type for this parameter. Specify it explicitly.
e: file:///Users/jim/work/v2superbikeshed/Trikeshed/src/commonMain/kotlin/borg/trikeshed/parse/grpc/GrpcScanner.kt:168:22 Unresolved reference. None of the following candidates is applicable because of a receiver type mismatch:
fun <A, B> A.j(b: B): Join<A, B>
e: file:///Users/jim/work/v2superbikeshed/Trikeshed/src/commonMain/kotlin/borg/trikeshed/parse/grpc/GrpcScanner.kt:168:36 Cannot infer type for this parameter. Specify it explicitly.
e: file:///Users/jim/work/v2superbikeshed/Trikeshed/src/commonMain/kotlin/borg/trikeshed/parse/grpc/GrpcScanner.kt:264:53 None of the following candidates is applicable:
fun <T> Array<T>.toIdx(): Join<Int, Function1<Int, T>>
fun <T> List<T>.toIdx(): Join<Int, Function1<Int, T>>
e: file:///Users/jim/work/v2superbikeshed/Trikeshed/src/commonMain/kotlin/borg/trikeshed/parse/grpc/GrpcTransform.kt:193:55 Cannot access 'fun <T> emptyIndexed(): Join<Int, Function1<Int, T>>': it is private in file.
e: file:///Users/jim/work/v2superbikeshed/Trikeshed/src/commonMain/kotlin/borg/trikeshed/parse/grpc/GrpcTransform.kt:200:53 Cannot access 'fun <T> emptyIndexed(): Join<Int, Function1<Int, T>>': it is private in file.
e: file:///Users/jim/work/v2superbikeshed/Trikeshed/src/commonMain/kotlin/borg/trikeshed/parse/grpc/GrpcTransform.kt:258:34 Argument type mismatch: actual type is 'Join<Int, Function1<Int, Byte>>', but 'String?' was expected.
e: file:///Users/jim/work/v2superbikeshed/Trikeshed/src/commonMain/kotlin/borg/trikeshed/parse/grpc/GrpcTransform.kt:258:34 No value passed for parameter 'width'.
e: file:///Users/jim/work/v2superbikeshed/Trikeshed/src/commonMain/kotlin/borg/trikeshed/parse/grpc/GrpcTransform.kt:258:34 No value passed for parameter 'nullable'.
e: file:///Users/jim/work/v2superbikeshed/Trikeshed/src/commonMain/kotlin/borg/trikeshed/parse/grpc/GrpcTransform.kt:258:34 No value passed for parameter 'encoding'.
e: file:///Users/jim/work/v2superbikeshed/Trikeshed/src/commonMain/kotlin/borg/trikeshed/parse/grpc/GrpcTransform.kt:258:34 No value passed for parameter 'format'.
e: file:///Users/jim/work/v2superbikeshed/Trikeshed/src/commonMain/kotlin/borg/trikeshed/parse/grpc/GrpcTransform.kt:265:31 Unresolved reference 'data'.
e: file:///Users/jim/work/v2superbikeshed/Trikeshed/src/commonMain/kotlin/borg/trikeshed/parse/grpc/GrpcTransform.kt:364:42 Unresolved reference 'id'.
e: file:///Users/jim/work/v2superbikeshed/Trikeshed/src/commonMain/kotlin/borg/trikeshed/parse/grpc/GrpcTransform.kt:364:68 Unresolved reference 'data'.
e: file:///Users/jim/work/v2superbikeshed/Trikeshed/src/commonMain/kotlin/borg/trikeshed/parse/json/JsPath.kt:30:16 Return type mismatch: expected 'Join<Int, Function1<Int, JsPathElement>>', actual 'Join<Int, Function1<Int, CapturedType(out Either<String, Int>)>>'.
e: file:///Users/jim/work/v2superbikeshed/Trikeshed/src/commonMain/kotlin/borg/trikeshed/parse/json/JsPath.kt:64:37 Cannot infer type for this parameter. Specify it explicitly.
e: file:///Users/jim/work/v2superbikeshed/Trikeshed/src/commonMain/kotlin/borg/trikeshed/parse/json/JsPath.kt:64:37 Unresolved reference. None of the following candidates is applicable because of a receiver type mismatch:
fun <T> Join<Int, Function1<Int, Join<Any?, TypeMemento>>>.get(column: Column<T>): T?
e: file:///Users/jim/work/v2superbikeshed/Trikeshed/src/commonMain/kotlin/borg/trikeshed/parse/json/JsPath.kt:65:55 Argument type mismatch: actual type is 'Join<Int, Function1<Int, Join<Any?, TypeMemento>>>', but 'Join<Int, Function1<Int, JsPathElement>>' was expected.
e: file:///Users/jim/work/v2superbikeshed/Trikeshed/src/commonMain/kotlin/borg/trikeshed/parse/json/JsPath.kt:65:55 Cannot infer type for this parameter. Specify it explicitly.
e: file:///Users/jim/work/v2superbikeshed/Trikeshed/src/commonMain/kotlin/borg/trikeshed/parse/json/JsPath.kt:65:55 Unresolved reference. None of the following candidates is applicable because of a receiver type mismatch:
fun <T> Join<Int, Function1<Int, Join<Any?, TypeMemento>>>.get(column: Column<T>): T?
e: file:///Users/jim/work/v2superbikeshed/Trikeshed/src/commonMain/kotlin/borg/trikeshed/parse/json/JsPath.kt:66:59 Argument type mismatch: actual type is 'Join<Int, Function1<Int, Join<Any?, TypeMemento>>>', but 'Join<Int, Function1<Int, JsPathElement>>' was expected.
e: file:///Users/jim/work/v2superbikeshed/Trikeshed/src/commonMain/kotlin/borg/trikeshed/parse/json/JsPath.kt:66:59 Cannot infer type for this parameter. Specify it explicitly.
e: file:///Users/jim/work/v2superbikeshed/Trikeshed/src/commonMain/kotlin/borg/trikeshed/parse/json/JsPath.kt:66:59 Unresolved reference. None of the following candidates is applicable because of a receiver type mismatch:
fun <T> Join<Int, Function1<Int, Join<Any?, TypeMemento>>>.get(column: Column<T>): T?
e: file:///Users/jim/work/v2superbikeshed/Trikeshed/src/commonMain/kotlin/borg/trikeshed/parse/json/Json.kt:23:13 Overload resolution ambiguity between candidates:
fun createBitmapAsIndexed(data: UByteArray): Join<Int, Function1<Int, UByte>>
fun createBitmapAsIndexed(input: UByteArray): Join<Int, Function1<Int, UByte>>
e: file:///Users/jim/work/v2superbikeshed/Trikeshed/src/commonMain/kotlin/borg/trikeshed/parse/json/Json.kt:117:1 Conflicting overloads:
fun createBitmapAsIndexed(input: UByteArray): Join<Int, Function1<Int, UByte>>
e: file:///Users/jim/work/v2superbikeshed/Trikeshed/src/commonMain/kotlin/borg/trikeshed/parse/json/Json.kt:145:13 Redeclaration:
typealias JsPath = Join<Int, Function1<Int, JsPathElement>>
e: file:///Users/jim/work/v2superbikeshed/Trikeshed/src/commonMain/kotlin/borg/trikeshed/parse/json/JsonTensorFactory.kt:18:1 Conflicting overloads:
fun createBitmapAsIndexed(data: UByteArray): Join<Int, Function1<Int, UByte>>
e: file:///Users/jim/work/v2superbikeshed/Trikeshed/src/commonMain/kotlin/borg/trikeshed/parse/json/JsonTensorFactory.kt:45:16 Overload resolution ambiguity between candidates:
fun createBitmapAsIndexed(data: UByteArray): Join<Int, Function1<Int, UByte>>
fun createBitmapAsIndexed(input: UByteArray): Join<Int, Function1<Int, UByte>>
e: file:///Users/jim/work/v2superbikeshed/Trikeshed/src/commonMain/kotlin/borg/trikeshed/parse/json/JsonTensorFactory.kt:70:36 Cannot infer type for this parameter. Specify it explicitly.
e: file:///Users/jim/work/v2superbikeshed/Trikeshed/src/commonMain/kotlin/borg/trikeshed/parse/json/JsonTensorFactory.kt:70:36 Not enough information to infer type argument for 'T'.
e: file:///Users/jim/work/v2superbikeshed/Trikeshed/src/commonMain/kotlin/borg/trikeshed/parse/json/JsonTensorFactory.kt:77:27 Unresolved reference. None of the following candidates is applicable because of a receiver type mismatch:
fun MatchGroupCollection.get(name: String): MatchGroup?
e: file:///Users/jim/work/v2superbikeshed/Trikeshed/src/commonMain/kotlin/borg/trikeshed/parse/json/JsonTensorFactory.kt:78:33 Cannot infer type for this parameter. Specify it explicitly.
e: file:///Users/jim/work/v2superbikeshed/Trikeshed/src/commonMain/kotlin/borg/trikeshed/parse/json/JsonTensorFactory.kt:78:33 Unresolved reference. None of the following candidates is applicable because of a receiver type mismatch:
val <T> Join<Int, Function1<Int, T>>.play: IterableIndexed<T>
e: file:///Users/jim/work/v2superbikeshed/Trikeshed/src/commonMain/kotlin/borg/trikeshed/parse/json/JsonTensorFactory.kt:78:38 Cannot infer type for this parameter. Specify it explicitly.
e: file:///Users/jim/work/v2superbikeshed/Trikeshed/src/commonMain/kotlin/borg/trikeshed/parse/json/JsonTensorFactory.kt:78:38 Not enough information to infer type argument for 'T'.
e: file:///Users/jim/work/v2superbikeshed/Trikeshed/src/commonMain/kotlin/borg/trikeshed/parse/json/JsonTensorFactory.kt:91:32 Cannot infer type for this parameter. Specify it explicitly.
e: file:///Users/jim/work/v2superbikeshed/Trikeshed/src/commonMain/kotlin/borg/trikeshed/parse/json/JsonTensorFactory.kt:91:32 Not enough information to infer type argument for 'T'.
e: file:///Users/jim/work/v2superbikeshed/Trikeshed/src/commonMain/kotlin/borg/trikeshed/parse/json/JsonTensorFactory.kt:99:15 Cannot infer type for this parameter. Specify it explicitly.
e: file:///Users/jim/work/v2superbikeshed/Trikeshed/src/commonMain/kotlin/borg/trikeshed/parse/json/JsonTensorFactory.kt:99:15 Not enough information to infer type argument for 'T'.
e: file:///Users/jim/work/v2superbikeshed/Trikeshed/src/commonMain/kotlin/borg/trikeshed/parse/json/JsonTensorFactory.kt:99:20 Cannot infer type for this parameter. Specify it explicitly.
e: file:///Users/jim/work/v2superbikeshed/Trikeshed/src/commonMain/kotlin/borg/trikeshed/parse/json/JsonTensorFactory.kt:99:20 Not enough information to infer type argument for 'T'.
e: file:///Users/jim/work/v2superbikeshed/Trikeshed/src/commonMain/kotlin/borg/trikeshed/parse/json/JsonTensorFactory.kt:99:40 Cannot infer type for this parameter. Specify it explicitly.
e: file:///Users/jim/work/v2superbikeshed/Trikeshed/src/commonMain/kotlin/borg/trikeshed/parse/json/JsonTensorFactory.kt:133:39 Cannot infer type for this parameter. Specify it explicitly.
e: file:///Users/jim/work/v2superbikeshed/Trikeshed/src/commonMain/kotlin/borg/trikeshed/parse/json/JsonTensorFactory.kt:133:39 Not enough information to infer type argument for 'T'.
e: file:///Users/jim/work/v2superbikeshed/Trikeshed/src/commonMain/kotlin/borg/trikeshed/parse/json/JsonTensorFactory.kt:134:19 Unresolved reference 'size'.
e: file:///Users/jim/work/v2superbikeshed/Trikeshed/src/commonMain/kotlin/borg/trikeshed/parse/json/JsonTensorFactory.kt:136:22 Unresolved reference. None of the following candidates is applicable because of a receiver type mismatch:
fun MatchGroupCollection.get(name: String): MatchGroup?
e: file:///Users/jim/work/v2superbikeshed/Trikeshed/src/commonMain/kotlin/borg/trikeshed/parse/json/JsonTensorFactory.kt:137:13 Incompatible types 'MatchGroup?' and 'Char'.
e: file:///Users/jim/work/v2superbikeshed/Trikeshed/src/commonMain/kotlin/borg/trikeshed/parse/json/JsonTensorFactory.kt:137:18 Incompatible types 'MatchGroup?' and 'Char'.
e: file:///Users/jim/work/v2superbikeshed/Trikeshed/src/commonMain/kotlin/borg/trikeshed/parse/json/JsonTensorFactory.kt:142:29 Unresolved reference. None of the following candidates is applicable because of a receiver type mismatch:
fun MatchGroupCollection.get(name: String): MatchGroup?
e: file:///Users/jim/work/v2superbikeshed/Trikeshed/src/commonMain/kotlin/borg/trikeshed/parse/json/JsonTensorFactory.kt:142:29 Operator '==' cannot be applied to 'MatchGroup?' and 'Char'.
e: file:///Users/jim/work/v2superbikeshed/Trikeshed/src/commonMain/kotlin/borg/trikeshed/parse/json/JsonTensorFactory.kt:144:31 Unresolved reference 'size'.
e: file:///Users/jim/work/v2superbikeshed/Trikeshed/src/commonMain/kotlin/borg/trikeshed/parse/json/JsonTensorFactory.kt:156:35 Unresolved reference. None of the following candidates is applicable because of a receiver type mismatch:
fun MatchGroupCollection.get(name: String): MatchGroup?
e: file:///Users/jim/work/v2superbikeshed/Trikeshed/src/commonMain/kotlin/borg/trikeshed/parse/json/JsonTensorFactory.kt:157:43 Cannot infer type for this parameter. Specify it explicitly.
e: file:///Users/jim/work/v2superbikeshed/Trikeshed/src/commonMain/kotlin/borg/trikeshed/parse/json/JsonTensorFactory.kt:157:43 Unresolved reference. None of the following candidates is applicable because of a receiver type mismatch:
val <T> Join<Int, Function1<Int, T>>.play: IterableIndexed<T>
e: file:///Users/jim/work/v2superbikeshed/Trikeshed/src/commonMain/kotlin/borg/trikeshed/parse/json/JsonTensorFactory.kt:157:48 Cannot infer type for this parameter. Specify it explicitly.
e: file:///Users/jim/work/v2superbikeshed/Trikeshed/src/commonMain/kotlin/borg/trikeshed/parse/json/JsonTensorFactory.kt:157:48 Not enough information to infer type argument for 'T'.
e: file:///Users/jim/work/v2superbikeshed/Trikeshed/src/commonMain/kotlin/borg/trikeshed/parse/json/JsonTensorFactory.kt:174:13 Incompatible types 'MatchGroup?' and 'Char'.
e: file:///Users/jim/work/v2superbikeshed/Trikeshed/src/commonMain/kotlin/borg/trikeshed/parse/json/JsonTensorFactory.kt:176:37 Cannot infer type for this parameter. Specify it explicitly.
e: file:///Users/jim/work/v2superbikeshed/Trikeshed/src/commonMain/kotlin/borg/trikeshed/parse/json/JsonTensorFactory.kt:176:37 Not enough information to infer type argument for 'T'.
e: file:///Users/jim/work/v2superbikeshed/Trikeshed/src/commonMain/kotlin/borg/trikeshed/parse/json/JsonTensorFactory.kt:176:50 None of the following candidates is applicable:
fun <T> Array<out T>.takeWhile(predicate: (T) -> Boolean): List<T>
fun ByteArray.takeWhile(predicate: (Byte) -> Boolean): List<Byte>
fun ShortArray.takeWhile(predicate: (Short) -> Boolean): List<Short>
fun IntArray.takeWhile(predicate: (Int) -> Boolean): List<Int>
fun LongArray.takeWhile(predicate: (Long) -> Boolean): List<Long>
fun FloatArray.takeWhile(predicate: (Float) -> Boolean): List<Float>
fun DoubleArray.takeWhile(predicate: (Double) -> Boolean): List<Double>
fun BooleanArray.takeWhile(predicate: (Boolean) -> Boolean): List<Boolean>
fun CharArray.takeWhile(predicate: (Char) -> Boolean): List<Char>
fun <T> Iterable<T>.takeWhile(predicate: (T) -> Boolean): List<T>
fun UIntArray.takeWhile(predicate: (UInt) -> Boolean): List<UInt>
fun ULongArray.takeWhile(predicate: (ULong) -> Boolean): List<ULong>
fun UByteArray.takeWhile(predicate: (UByte) -> Boolean): List<UByte>
fun UShortArray.takeWhile(predicate: (UShort) -> Boolean): List<UShort>
fun <T> Sequence<T>.takeWhile(predicate: (T) -> Boolean): Sequence<T>
fun CharSequence.takeWhile(predicate: (Char) -> Boolean): CharSequence
fun String.takeWhile(predicate: (Char) -> Boolean): String
e: file:///Users/jim/work/v2superbikeshed/Trikeshed/src/commonMain/kotlin/borg/trikeshed/parse/json/JsonTensorFactory.kt:176:62 Unresolved reference 'it'.
e: file:///Users/jim/work/v2superbikeshed/Trikeshed/src/commonMain/kotlin/borg/trikeshed/parse/json/JsonTensorFactory.kt:179:13 Incompatible types 'MatchGroup?' and 'Char'.
e: file:///Users/jim/work/v2superbikeshed/Trikeshed/src/commonMain/kotlin/borg/trikeshed/parse/json/JsonTensorFactory.kt:180:13 Incompatible types 'MatchGroup?' and 'Char'.
e: file:///Users/jim/work/v2superbikeshed/Trikeshed/src/commonMain/kotlin/borg/trikeshed/parse/json/JsonTensorFactory.kt:181:13 Incompatible types 'MatchGroup?' and 'Char'.
e: file:///Users/jim/work/v2superbikeshed/Trikeshed/src/commonMain/kotlin/borg/trikeshed/parse/json/JsonTensorFactory.kt:184:37 Cannot infer type for this parameter. Specify it explicitly.
e: file:///Users/jim/work/v2superbikeshed/Trikeshed/src/commonMain/kotlin/borg/trikeshed/parse/json/JsonTensorFactory.kt:184:37 Not enough information to infer type argument for 'T'.
e: file:///Users/jim/work/v2superbikeshed/Trikeshed/src/commonMain/kotlin/borg/trikeshed/parse/json/JsonTensorFactory.kt:184:42 Cannot infer type for this parameter. Specify it explicitly.
e: file:///Users/jim/work/v2superbikeshed/Trikeshed/src/commonMain/kotlin/borg/trikeshed/parse/json/JsonTensorFactory.kt:184:42 Not enough information to infer type argument for 'T'.
e: file:///Users/jim/work/v2superbikeshed/Trikeshed/src/commonMain/kotlin/borg/trikeshed/parse/json/JsonTensorFactory.kt:194:18 Unresolved reference 'size'.
e: file:///Users/jim/work/v2superbikeshed/Trikeshed/src/commonMain/kotlin/borg/trikeshed/parse/json/JsonTensorFactory.kt:201:9 'when' expression must be exhaustive. Add the 'is Left<*>', 'is Right<*>' branches or an 'else' branch.
e: file:///Users/jim/work/v2superbikeshed/Trikeshed/src/commonMain/kotlin/borg/trikeshed/parse/json/JsonTensorFactory.kt:202:16 Unresolved reference 'Either'.
e: file:///Users/jim/work/v2superbikeshed/Trikeshed/src/commonMain/kotlin/borg/trikeshed/parse/json/JsonTensorFactory.kt:203:36 Unresolved reference 'value'.
e: file:///Users/jim/work/v2superbikeshed/Trikeshed/src/commonMain/kotlin/borg/trikeshed/parse/json/JsonTensorFactory.kt:216:16 Unresolved reference 'Either'.
e: file:///Users/jim/work/v2superbikeshed/Trikeshed/src/commonMain/kotlin/borg/trikeshed/parse/json/JsonTensorFactory.kt:217:38 Unresolved reference 'value'.
e: file:///Users/jim/work/v2superbikeshed/Trikeshed/src/commonMain/kotlin/borg/trikeshed/parse/json/JsonTensorFactory.kt:221:38 Unresolved reference 'size'.
e: file:///Users/jim/work/v2superbikeshed/Trikeshed/src/commonMain/kotlin/borg/trikeshed/parse/json/JsonTensorFactory.kt:222:35 Unresolved reference. None of the following candidates is applicable because of a receiver type mismatch:
fun MatchGroupCollection.get(name: String): MatchGroup?
e: file:///Users/jim/work/v2superbikeshed/Trikeshed/src/commonMain/kotlin/borg/trikeshed/parse/json/JsonTensorFactory.kt:223:52 Cannot infer type for this parameter. Specify it explicitly.
e: file:///Users/jim/work/v2superbikeshed/Trikeshed/src/commonMain/kotlin/borg/trikeshed/parse/json/JsonTensorFactory.kt:223:52 Unresolved reference. None of the following candidates is applicable because of a receiver type mismatch:
val <T> Join<Int, Function1<Int, T>>.play: IterableIndexed<T>
e: file:///Users/jim/work/v2superbikeshed/Trikeshed/src/commonMain/kotlin/borg/trikeshed/parse/json/JsonTensorFactory.kt:223:57 Cannot infer type for this parameter. Specify it explicitly.
e: file:///Users/jim/work/v2superbikeshed/Trikeshed/src/commonMain/kotlin/borg/trikeshed/parse/json/JsonTensorFactory.kt:223:57 Not enough information to infer type argument for 'T'.
e: file:///Users/jim/work/v2superbikeshed/Trikeshed/src/commonMain/kotlin/borg/trikeshed/parse/json/JsonTensorFactory.kt:229:5 Missing return statement.
e: file:///Users/jim/work/v2superbikeshed/Trikeshed/src/commonMain/kotlin/borg/trikeshed/parse/json/JsonTensorFactory.kt:277:41 Cannot infer type for this parameter. Specify it explicitly.
e: file:///Users/jim/work/v2superbikeshed/Trikeshed/src/commonMain/kotlin/borg/trikeshed/parse/json/JsonTensorFactory.kt:277:41 Not enough information to infer type argument for 'T'.
e: file:///Users/jim/work/v2superbikeshed/Trikeshed/src/commonMain/kotlin/borg/trikeshed/parse/json/JsonTensorFactory.kt:277:53 Unresolved reference 'α'.
e: file:///Users/jim/work/v2superbikeshed/Trikeshed/src/commonMain/kotlin/borg/trikeshed/parse/json/JsonTensorFactory.kt:277:57 Cannot infer type for this parameter. Specify it explicitly.
e: file:///Users/jim/work/v2superbikeshed/Trikeshed/src/commonMain/kotlin/borg/trikeshed/parse/json/JsonTensorFactory.kt:277:57 Function 'component1()' is ambiguous for this expression: 
fun <T> Array<out T>.component1(): T
fun ByteArray.component1(): Byte
fun ShortArray.component1(): Short
fun IntArray.component1(): Int
fun LongArray.component1(): Long
fun FloatArray.component1(): Float
fun DoubleArray.component1(): Double
fun BooleanArray.component1(): Boolean
fun CharArray.component1(): Char
fun <T> List<T>.component1(): T
fun <K, V> Map.Entry<K, V>.component1(): K
fun UIntArray.component1(): UInt
fun ULongArray.component1(): ULong
fun UByteArray.component1(): UByte
fun UShortArray.component1(): UShort.
e: file:///Users/jim/work/v2superbikeshed/Trikeshed/src/commonMain/kotlin/borg/trikeshed/parse/json/JsonTensorFactory.kt:277:57 Function 'component2()' is ambiguous for this expression: 
fun <T> Array<out T>.component2(): T
fun ByteArray.component2(): Byte
fun ShortArray.component2(): Short
fun IntArray.component2(): Int
fun LongArray.component2(): Long
fun FloatArray.component2(): Float
fun DoubleArray.component2(): Double
fun BooleanArray.component2(): Boolean
fun CharArray.component2(): Char
fun <T> List<T>.component2(): T
fun <K, V> Map.Entry<K, V>.component2(): V
fun UIntArray.component2(): UInt
fun ULongArray.component2(): ULong
fun UByteArray.component2(): UByte
fun UShortArray.component2(): UShort.
e: file:///Users/jim/work/v2superbikeshed/Trikeshed/src/commonMain/kotlin/borg/trikeshed/parse/json/JsonTensorFactory.kt:278:27 Unresolved reference. None of the following candidates is applicable because of a receiver type mismatch:
fun MatchGroupCollection.get(name: String): MatchGroup?
e: file:///Users/jim/work/v2superbikeshed/Trikeshed/src/commonMain/kotlin/borg/trikeshed/parse/json/JsonTensorFactory.kt:294:33 Return type mismatch: expected 'T (of fun <T> Join<Int, Function1<Int, T>>.first)', actual 'MatchGroup?'.
e: file:///Users/jim/work/v2superbikeshed/Trikeshed/src/commonMain/kotlin/borg/trikeshed/parse/json/JsonTensorFactory.kt:294:33 Unresolved reference. None of the following candidates is applicable because of a receiver type mismatch:
fun MatchGroupCollection.get(name: String): MatchGroup?
e: file:///Users/jim/work/v2superbikeshed/Trikeshed/src/commonMain/kotlin/borg/trikeshed/parse/json/JsonTensorFactory.kt:295:48 Unresolved reference 'size'.
e: file:///Users/jim/work/v2superbikeshed/Trikeshed/src/commonMain/kotlin/borg/trikeshed/parse/json/JsonTensorFactory.kt:295:58 Cannot infer type for this parameter. Specify it explicitly.
e: file:///Users/jim/work/v2superbikeshed/Trikeshed/src/commonMain/kotlin/borg/trikeshed/parse/json/JsonTensorFactory.kt:295:58 Unresolved reference. None of the following candidates is applicable because of a receiver type mismatch:
fun <A, B> A.j(b: B): Join<A, B>
e: file:///Users/jim/work/v2superbikeshed/Trikeshed/src/commonMain/kotlin/borg/trikeshed/parse/json/JsonTensorFactory.kt:295:62 Cannot infer type for this parameter. Specify it explicitly.
e: file:///Users/jim/work/v2superbikeshed/Trikeshed/src/commonMain/kotlin/borg/trikeshed/parse/json/JsonTensorFactory.kt:295:67 Unresolved reference. None of the following candidates is applicable because of a receiver type mismatch:
fun MatchGroupCollection.get(name: String): MatchGroup?
e: file:///Users/jim/work/v2superbikeshed/Trikeshed/src/commonMain/kotlin/borg/trikeshed/parse/json/TrikeShedJsonScanner.kt:114:20 Cannot infer type for this parameter. Specify it explicitly.
e: file:///Users/jim/work/v2superbikeshed/Trikeshed/src/commonMain/kotlin/borg/trikeshed/parse/json/TrikeShedJsonScanner.kt:114:20 Unresolved reference. None of the following candidates is applicable because of a receiver type mismatch:
fun <T> Join<Int, Function1<Int, Join<Any?, TypeMemento>>>.get(column: Column<T>): T?
e: file:///Users/jim/work/v2superbikeshed/Trikeshed/src/commonMain/kotlin/borg/trikeshed/parse/json/TrikeShedJsonScanner.kt:137:36 Cannot infer type for this parameter. Specify it explicitly.
e: file:///Users/jim/work/v2superbikeshed/Trikeshed/src/commonMain/kotlin/borg/trikeshed/parse/json/TrikeShedJsonScanner.kt:137:36 Unresolved reference. None of the following candidates is applicable because of a receiver type mismatch:
fun <T> Join<Int, Function1<Int, Join<Any?, TypeMemento>>>.get(column: Column<T>): T?
e: file:///Users/jim/work/v2superbikeshed/Trikeshed/src/commonMain/kotlin/borg/trikeshed/parse/json/TrikeShedJsonScanner.kt:151:24 Cannot infer type for this parameter. Specify it explicitly.
e: file:///Users/jim/work/v2superbikeshed/Trikeshed/src/commonMain/kotlin/borg/trikeshed/parse/json/TrikeShedJsonScanner.kt:151:24 Unresolved reference. None of the following candidates is applicable because of a receiver type mismatch:
fun <T> Join<Int, Function1<Int, Join<Any?, TypeMemento>>>.get(column: Column<T>): T?
e: file:///Users/jim/work/v2superbikeshed/Trikeshed/src/commonMain/kotlin/borg/trikeshed/parse/json/TrikeShedJsonScanner.kt:173:33 Cannot infer type for this parameter. Specify it explicitly.
e: file:///Users/jim/work/v2superbikeshed/Trikeshed/src/commonMain/kotlin/borg/trikeshed/parse/json/TrikeShedJsonScanner.kt:173:33 Unresolved reference. None of the following candidates is applicable because of a receiver type mismatch:
fun <T> Join<Int, Function1<Int, Join<Any?, TypeMemento>>>.get(column: Column<T>): T?
e: file:///Users/jim/work/v2superbikeshed/Trikeshed/src/commonMain/kotlin/borg/trikeshed/parse/json/TrikeShedJsonScanner.kt:176:36 Cannot infer type for this parameter. Specify it explicitly.
e: file:///Users/jim/work/v2superbikeshed/Trikeshed/src/commonMain/kotlin/borg/trikeshed/parse/json/TrikeShedJsonScanner.kt:176:36 Unresolved reference. None of the following candidates is applicable because of a receiver type mismatch:
fun <T> Join<Int, Function1<Int, Join<Any?, TypeMemento>>>.get(column: Column<T>): T?
e: file:///Users/jim/work/v2superbikeshed/Trikeshed/src/commonMain/kotlin/borg/trikeshed/parse/json/TrikeShedJsonScanner.kt:179:33 Cannot infer type for this parameter. Specify it explicitly.
e: file:///Users/jim/work/v2superbikeshed/Trikeshed/src/commonMain/kotlin/borg/trikeshed/parse/json/TrikeShedJsonScanner.kt:179:33 Unresolved reference. None of the following candidates is applicable because of a receiver type mismatch:
fun <T> Join<Int, Function1<Int, Join<Any?, TypeMemento>>>.get(column: Column<T>): T?
e: file:///Users/jim/work/v2superbikeshed/Trikeshed/src/commonMain/kotlin/borg/trikeshed/parse/json/TrikeShedJsonScanner.kt:181:40 Cannot infer type for this parameter. Specify it explicitly.
e: file:///Users/jim/work/v2superbikeshed/Trikeshed/src/commonMain/kotlin/borg/trikeshed/parse/json/TrikeShedJsonScanner.kt:181:40 Unresolved reference. None of the following candidates is applicable because of a receiver type mismatch:
fun <T> Join<Int, Function1<Int, Join<Any?, TypeMemento>>>.get(column: Column<T>): T?
e: file:///Users/jim/work/v2superbikeshed/Trikeshed/src/commonMain/kotlin/borg/trikeshed/parse/json/TrikeShedJsonScanner.kt:185:34 Cannot infer type for this parameter. Specify it explicitly.
e: file:///Users/jim/work/v2superbikeshed/Trikeshed/src/commonMain/kotlin/borg/trikeshed/parse/json/TrikeShedJsonScanner.kt:185:34 Unresolved reference. None of the following candidates is applicable because of a receiver type mismatch:
fun <T> Join<Int, Function1<Int, Join<Any?, TypeMemento>>>.get(column: Column<T>): T?
e: file:///Users/jim/work/v2superbikeshed/Trikeshed/src/commonMain/kotlin/borg/trikeshed/parse/json/TrikeShedJsonScanner.kt:185:55 Cannot infer type for this parameter. Specify it explicitly.
e: file:///Users/jim/work/v2superbikeshed/Trikeshed/src/commonMain/kotlin/borg/trikeshed/parse/json/TrikeShedJsonScanner.kt:185:55 Unresolved reference. None of the following candidates is applicable because of a receiver type mismatch:
fun <T> Join<Int, Function1<Int, Join<Any?, TypeMemento>>>.get(column: Column<T>): T?
e: file:///Users/jim/work/v2superbikeshed/Trikeshed/src/commonMain/kotlin/borg/trikeshed/parse/json/TrikeShedJsonScanner.kt:187:38 Cannot infer type for this parameter. Specify it explicitly.
e: file:///Users/jim/work/v2superbikeshed/Trikeshed/src/commonMain/kotlin/borg/trikeshed/parse/json/TrikeShedJsonScanner.kt:187:38 Unresolved reference. None of the following candidates is applicable because of a receiver type mismatch:
fun <T> Join<Int, Function1<Int, Join<Any?, TypeMemento>>>.get(column: Column<T>): T?
e: file:///Users/jim/work/v2superbikeshed/Trikeshed/src/commonMain/kotlin/borg/trikeshed/parse/json/TrikeShedJsonScanner.kt:187:59 Cannot infer type for this parameter. Specify it explicitly.
e: file:///Users/jim/work/v2superbikeshed/Trikeshed/src/commonMain/kotlin/borg/trikeshed/parse/json/TrikeShedJsonScanner.kt:187:59 Unresolved reference. None of the following candidates is applicable because of a receiver type mismatch:
fun <T> Join<Int, Function1<Int, Join<Any?, TypeMemento>>>.get(column: Column<T>): T?
e: file:///Users/jim/work/v2superbikeshed/Trikeshed/src/commonMain/kotlin/borg/trikeshed/parse/json/TrikeShedJsonScanner.kt:188:40 Cannot infer type for this parameter. Specify it explicitly.
e: file:///Users/jim/work/v2superbikeshed/Trikeshed/src/commonMain/kotlin/borg/trikeshed/parse/json/TrikeShedJsonScanner.kt:188:40 Unresolved reference. None of the following candidates is applicable because of a receiver type mismatch:
fun <T> Join<Int, Function1<Int, Join<Any?, TypeMemento>>>.get(column: Column<T>): T?
e: file:///Users/jim/work/v2superbikeshed/Trikeshed/src/commonMain/kotlin/borg/trikeshed/parse/json/TrikeShedJsonScanner.kt:205:56 Cannot infer type for this parameter. Specify it explicitly.
e: file:///Users/jim/work/v2superbikeshed/Trikeshed/src/commonMain/kotlin/borg/trikeshed/parse/json/TrikeShedJsonScanner.kt:205:56 Unresolved reference. None of the following candidates is applicable because of a receiver type mismatch:
fun <T> Join<Int, Function1<Int, Join<Any?, TypeMemento>>>.get(column: Column<T>): T?
e: file:///Users/jim/work/v2superbikeshed/Trikeshed/src/commonMain/kotlin/borg/trikeshed/parse/json/TrikeShedJsonScanner.kt:216:23 Overload resolution ambiguity between candidates:
fun <X, C, V : Join<Int, Function1<Int, X>>> V.α(crossinline xform: (X) -> C): Join<Int, Function1<Int, C>>
fun <X, C, V : Join<Int, Function1<Int, X>>> V.α(crossinline xform: (X) -> C): Join<Int, Function1<Int, C>>
e: file:///Users/jim/work/v2superbikeshed/Trikeshed/src/commonMain/kotlin/borg/trikeshed/parse/json/TrikeShedJsonScanner.kt:216:27 Cannot infer type for this parameter. Specify it explicitly.
e: file:///Users/jim/work/v2superbikeshed/Trikeshed/src/commonMain/kotlin/borg/trikeshed/parse/json/TrikeShedJsonScanner.kt:217:34 Function 'component1()' is ambiguous for this expression: 
fun <T> Array<out T>.component1(): T
fun ByteArray.component1(): Byte
fun ShortArray.component1(): Short
fun IntArray.component1(): Int
fun LongArray.component1(): Long
fun FloatArray.component1(): Float
fun DoubleArray.component1(): Double
fun BooleanArray.component1(): Boolean
fun CharArray.component1(): Char
fun <T> List<T>.component1(): T
fun <K, V> Map.Entry<K, V>.component1(): K
fun UIntArray.component1(): UInt
fun ULongArray.component1(): ULong
fun UByteArray.component1(): UByte
fun UShortArray.component1(): UShort.
e: file:///Users/jim/work/v2superbikeshed/Trikeshed/src/commonMain/kotlin/borg/trikeshed/parse/json/TrikeShedJsonScanner.kt:217:34 Function 'component2()' is ambiguous for this expression: 
fun <T> Array<out T>.component2(): T
fun ByteArray.component2(): Byte
fun ShortArray.component2(): Short
fun IntArray.component2(): Int
fun LongArray.component2(): Long
fun FloatArray.component2(): Float
fun DoubleArray.component2(): Double
fun BooleanArray.component2(): Boolean
fun CharArray.component2(): Char
fun <T> List<T>.component2(): T
fun <K, V> Map.Entry<K, V>.component2(): V
fun UIntArray.component2(): UInt
fun ULongArray.component2(): ULong
fun UByteArray.component2(): UByte
fun UShortArray.component2(): UShort.
e: file:///Users/jim/work/v2superbikeshed/Trikeshed/src/commonMain/kotlin/borg/trikeshed/parse/json/TrikeShedJsonScanner.kt:227:18 Cannot infer type for this parameter. Specify it explicitly.
e: file:///Users/jim/work/v2superbikeshed/Trikeshed/src/commonMain/kotlin/borg/trikeshed/parse/json/TrikeShedJsonScanner.kt:227:27 Unresolved reference 'a'.
e: file:///Users/jim/work/v2superbikeshed/Trikeshed/src/commonMain/kotlin/borg/trikeshed/parse/json/TrikeShedJsonScanner.kt:236:32 Overload resolution ambiguity between candidates:
fun <X, C, V : Join<Int, Function1<Int, X>>> V.α(crossinline xform: (X) -> C): Join<Int, Function1<Int, C>>
fun <X, C, V : Join<Int, Function1<Int, X>>> V.α(crossinline xform: (X) -> C): Join<Int, Function1<Int, C>>
e: file:///Users/jim/work/v2superbikeshed/Trikeshed/src/commonMain/kotlin/borg/trikeshed/parse/json/TrikeShedJsonScanner.kt:236:36 Cannot infer type for this parameter. Specify it explicitly.
e: file:///Users/jim/work/v2superbikeshed/Trikeshed/src/commonMain/kotlin/borg/trikeshed/parse/json/TrikeShedJsonScanner.kt:236:36 Function 'component1()' is ambiguous for this expression: 
fun <T> Array<out T>.component1(): T
fun ByteArray.component1(): Byte
fun ShortArray.component1(): Short
fun IntArray.component1(): Int
fun LongArray.component1(): Long
fun FloatArray.component1(): Float
fun DoubleArray.component1(): Double
fun BooleanArray.component1(): Boolean
fun CharArray.component1(): Char
fun <T> List<T>.component1(): T
fun <K, V> Map.Entry<K, V>.component1(): K
fun UIntArray.component1(): UInt
fun ULongArray.component1(): ULong
fun UByteArray.component1(): UByte
fun UShortArray.component1(): UShort.
e: file:///Users/jim/work/v2superbikeshed/Trikeshed/src/commonMain/kotlin/borg/trikeshed/parse/json/TrikeShedJsonScanner.kt:236:36 Function 'component2()' is ambiguous for this expression: 
fun <T> Array<out T>.component2(): T
fun ByteArray.component2(): Byte
fun ShortArray.component2(): Short
fun IntArray.component2(): Int
fun LongArray.component2(): Long
fun FloatArray.component2(): Float
fun DoubleArray.component2(): Double
fun BooleanArray.component2(): Boolean
fun CharArray.component2(): Char
fun <T> List<T>.component2(): T
fun <K, V> Map.Entry<K, V>.component2(): V
fun UIntArray.component2(): UInt
fun ULongArray.component2(): ULong
fun UByteArray.component2(): UByte
fun UShortArray.component2(): UShort.
e: file:///Users/jim/work/v2superbikeshed/Trikeshed/src/commonMain/kotlin/borg/trikeshed/parse/json/TrikeShedJsonScanner.kt:237:13 Not enough information to infer type argument for 'K'.
e: file:///Users/jim/work/v2superbikeshed/Trikeshed/src/commonMain/kotlin/borg/trikeshed/parse/json/TrikeShedJsonScanner.kt:241:34 Cannot infer type for this parameter. Specify it explicitly.
e: file:///Users/jim/work/v2superbikeshed/Trikeshed/src/commonMain/kotlin/borg/trikeshed/parse/json/TrikeShedJsonScanner.kt:241:34 Not enough information to infer type argument for 'B'.
e: file:///Users/jim/work/v2superbikeshed/Trikeshed/src/commonMain/kotlin/borg/trikeshed/parse/json/TrikeShedJsonScanner.kt:245:27 Cannot infer type for this parameter. Specify it explicitly.
e: file:///Users/jim/work/v2superbikeshed/Trikeshed/src/commonMain/kotlin/borg/trikeshed/parse/json/TrikeShedJsonScanner.kt:245:27 Not enough information to infer type argument for 'B'.
e: file:///Users/jim/work/v2superbikeshed/Trikeshed/src/commonMain/kotlin/borg/trikeshed/parse/json/TrikeShedJsonScanner.kt:247:31 Cannot infer type for this parameter. Specify it explicitly.
e: file:///Users/jim/work/v2superbikeshed/Trikeshed/src/commonMain/kotlin/borg/trikeshed/parse/json/TrikeShedJsonScanner.kt:247:31 Not enough information to infer type argument for 'B'.
e: file:///Users/jim/work/v2superbikeshed/Trikeshed/src/commonMain/kotlin/borg/trikeshed/parse/json/TrikeShedJsonScanner.kt:256:23 Overload resolution ambiguity between candidates:
fun <X, C, V : Join<Int, Function1<Int, X>>> V.α(crossinline xform: (X) -> C): Join<Int, Function1<Int, C>>
fun <X, C, V : Join<Int, Function1<Int, X>>> V.α(crossinline xform: (X) -> C): Join<Int, Function1<Int, C>>
e: file:///Users/jim/work/v2superbikeshed/Trikeshed/src/commonMain/kotlin/borg/trikeshed/parse/json/TrikeShedJsonScanner.kt:256:27 Cannot infer type for this parameter. Specify it explicitly.
e: file:///Users/jim/work/v2superbikeshed/Trikeshed/src/commonMain/kotlin/borg/trikeshed/parse/json/TrikeShedJsonScanner.kt:257:34 Function 'component1()' is ambiguous for this expression: 
fun <T> Array<out T>.component1(): T
fun ByteArray.component1(): Byte
fun ShortArray.component1(): Short
fun IntArray.component1(): Int
fun LongArray.component1(): Long
fun FloatArray.component1(): Float
fun DoubleArray.component1(): Double
fun BooleanArray.component1(): Boolean
fun CharArray.component1(): Char
fun <T> List<T>.component1(): T
fun <K, V> Map.Entry<K, V>.component1(): K
fun UIntArray.component1(): UInt
fun ULongArray.component1(): ULong
fun UByteArray.component1(): UByte
fun UShortArray.component1(): UShort.
e: file:///Users/jim/work/v2superbikeshed/Trikeshed/src/commonMain/kotlin/borg/trikeshed/parse/json/TrikeShedJsonScanner.kt:257:34 Function 'component2()' is ambiguous for this expression: 
fun <T> Array<out T>.component2(): T
fun ByteArray.component2(): Byte
fun ShortArray.component2(): Short
fun IntArray.component2(): Int
fun LongArray.component2(): Long
fun FloatArray.component2(): Float
fun DoubleArray.component2(): Double
fun BooleanArray.component2(): Boolean
fun CharArray.component2(): Char
fun <T> List<T>.component2(): T
fun <K, V> Map.Entry<K, V>.component2(): V
fun UIntArray.component2(): UInt
fun ULongArray.component2(): ULong
fun UByteArray.component2(): UByte
fun UShortArray.component2(): UShort.
e: file:///Users/jim/work/v2superbikeshed/Trikeshed/src/commonMain/kotlin/borg/trikeshed/parse/json/TrikeShedJsonScanner.kt:267:35 Unresolved reference 'a'.
e: file:///Users/jim/work/v2superbikeshed/Trikeshed/src/commonMain/kotlin/borg/trikeshed/parse/json/TrikeShedJsonScanner.kt:268:35 Cannot infer type for this parameter. Specify it explicitly.
e: file:///Users/jim/work/v2superbikeshed/Trikeshed/src/commonMain/kotlin/borg/trikeshed/parse/json/TrikeShedJsonScanner.kt:268:44 Unresolved reference 'b'.
e: file:///Users/jim/work/v2superbikeshed/Trikeshed/src/commonMain/kotlin/borg/trikeshed/parse/json/TrikeShedJsonScanner.kt:269:23 Cannot infer type for this parameter. Specify it explicitly.
e: file:///Users/jim/work/v2superbikeshed/Trikeshed/src/commonMain/kotlin/borg/trikeshed/parse/json/TrikeShedJsonScanner.kt:269:26 Argument type mismatch: actual type is 'Join<A (of fun <A, B> A.j), B (of fun <A, B> A.j)>', but 'B (of fun <A, B> A.j)' was expected.
e: file:///Users/jim/work/v2superbikeshed/Trikeshed/src/commonMain/kotlin/borg/trikeshed/parse/json/TrikeShedJsonScanner.kt:269:35 Cannot infer type for this parameter. Specify it explicitly.
e: file:///Users/jim/work/v2superbikeshed/Trikeshed/src/commonMain/kotlin/borg/trikeshed/parse/markdown/MarkdownCodeBlock.kt:142:24 Cannot infer type for this parameter. Specify it explicitly.
e: file:///Users/jim/work/v2superbikeshed/Trikeshed/src/commonMain/kotlin/borg/trikeshed/parse/markdown/MarkdownCodeBlock.kt:142:24 Unresolved reference. None of the following candidates is applicable because of a receiver type mismatch:
fun <T> Join<Int, Function1<Int, Join<Any?, TypeMemento>>>.get(column: Column<T>): T?
e: file:///Users/jim/work/v2superbikeshed/Trikeshed/src/commonMain/kotlin/borg/trikeshed/parse/markdown/MarkdownCodeBlock.kt:156:35 Cannot infer type for this parameter. Specify it explicitly.
e: file:///Users/jim/work/v2superbikeshed/Trikeshed/src/commonMain/kotlin/borg/trikeshed/parse/markdown/MarkdownCodeBlock.kt:156:35 Not enough information to infer type argument for 'B'.
e: file:///Users/jim/work/v2superbikeshed/Trikeshed/src/commonMain/kotlin/borg/trikeshed/parse/markdown/MarkdownCodeBlock.kt:156:39 Cannot infer type for this parameter. Specify it explicitly.
e: file:///Users/jim/work/v2superbikeshed/Trikeshed/src/commonMain/kotlin/borg/trikeshed/parse/markdown/MarkdownCodeBlock.kt:156:44 Cannot infer type for this parameter. Specify it explicitly.
e: file:///Users/jim/work/v2superbikeshed/Trikeshed/src/commonMain/kotlin/borg/trikeshed/parse/markdown/MarkdownCodeBlock.kt:156:44 Unresolved reference. None of the following candidates is applicable because of a receiver type mismatch:
fun <T> Join<Int, Function1<Int, Join<Any?, TypeMemento>>>.get(column: Column<T>): T?
e: file:///Users/jim/work/v2superbikeshed/Trikeshed/src/commonMain/kotlin/borg/trikeshed/parse/markdown/MarkdownCodeBlock.kt:158:25 Cannot infer type for this parameter. Specify it explicitly.
e: file:///Users/jim/work/v2superbikeshed/Trikeshed/src/commonMain/kotlin/borg/trikeshed/parse/markdown/MarkdownCodeBlock.kt:158:25 Not enough information to infer type argument for 'T'.
e: file:///Users/jim/work/v2superbikeshed/Trikeshed/src/commonMain/kotlin/borg/trikeshed/parse/markdown/MarkdownCodeBlock.kt:158:25 Type arguments are not allowed on implicit invoke call.
e: file:///Users/jim/work/v2superbikeshed/Trikeshed/src/commonMain/kotlin/borg/trikeshed/parse/markdown/MarkdownCodeBlock.kt:158:25 Unresolved reference. None of the following candidates is applicable because of a receiver type mismatch:
fun <T> Join<Shape, Function1<Shape, T>>.invoke(index: Int): T
e: file:///Users/jim/work/v2superbikeshed/Trikeshed/src/commonMain/kotlin/borg/trikeshed/parse/markdown/MarkdownCodeBlock.kt:161:54 Cannot infer type for this parameter. Specify it explicitly.
e: file:///Users/jim/work/v2superbikeshed/Trikeshed/src/commonMain/kotlin/borg/trikeshed/parse/markdown/MarkdownCodeBlock.kt:161:54 Unresolved reference. None of the following candidates is applicable because of a receiver type mismatch:
val <T> Join<Int, Function1<Int, T>>.play: IterableIndexed<T>
e: file:///Users/jim/work/v2superbikeshed/Trikeshed/src/commonMain/kotlin/borg/trikeshed/parse/markdown/MarkdownCodeBlock.kt:161:59 Cannot infer type for this parameter. Specify it explicitly.
e: file:///Users/jim/work/v2superbikeshed/Trikeshed/src/commonMain/kotlin/borg/trikeshed/parse/markdown/MarkdownCodeBlock.kt:161:59 Not enough information to infer type argument for 'T'.
e: file:///Users/jim/work/v2superbikeshed/Trikeshed/src/commonMain/kotlin/borg/trikeshed/reactor/ProtocolChannelContextService.kt:23:74 Unresolved reference 'CoroutineContext'.
e: file:///Users/jim/work/v2superbikeshed/Trikeshed/src/commonMain/kotlin/borg/trikeshed/reactor/ProtocolChannelContextService.kt:24:9 Class '<anonymous>' is not abstract and does not implement abstract members:
expect val isOpen: Boolean
expect suspend fun close(): Unit
expect fun configureBlocking(block: Boolean): SelectableChannel
expect val isBlocking: Boolean
e: file:///Users/jim/work/v2superbikeshed/Trikeshed/src/commonMain/kotlin/borg/trikeshed/reactor/ProtocolChannelContextService.kt:30:27 Unresolved reference 'CoroutineContext'.
e: file:///Users/jim/work/v2superbikeshed/Trikeshed/src/commonMain/kotlin/borg/trikeshed/reactor/ProtocolChannelContextService.kt:35:59 Unresolved reference 'CoroutineContext'.
e: file:///Users/jim/work/v2superbikeshed/Trikeshed/src/commonMain/kotlin/borg/trikeshed/reactor/ProtocolChannelContextService.kt:38:30 Cannot infer type for this parameter. Specify it explicitly.
e: file:///Users/jim/work/v2superbikeshed/Trikeshed/src/commonMain/kotlin/borg/trikeshed/reactor/ProtocolChannelContextService.kt:39:29 Cannot infer type for this parameter. Specify it explicitly.
e: file:///Users/jim/work/v2superbikeshed/Trikeshed/src/commonMain/kotlin/borg/trikeshed/reactor/ProtocolChannelContextService.kt:40:29 Cannot infer type for this parameter. Specify it explicitly.
e: file:///Users/jim/work/v2superbikeshed/Trikeshed/src/commonMain/kotlin/borg/trikeshed/reactor/ProtocolChannelContextService.kt:41:28 Cannot infer type for this parameter. Specify it explicitly.
e: file:///Users/jim/work/v2superbikeshed/Trikeshed/src/commonMain/kotlin/borg/trikeshed/reactor/ProtocolChannelContextService.kt:42:27 Cannot infer type for this parameter. Specify it explicitly.
e: file:///Users/jim/work/v2superbikeshed/Trikeshed/src/commonMain/kotlin/borg/trikeshed/reactor/ProtocolChannelContextService.kt:71:58 Unresolved reference 'CoroutineContext'.
e: file:///Users/jim/work/v2superbikeshed/Trikeshed/src/commonMain/kotlin/borg/trikeshed/reactor/ProtocolChannelContextService.kt:71:76 Unresolved reference 'CoroutineContext'.
e: file:///Users/jim/work/v2superbikeshed/Trikeshed/src/commonMain/kotlin/borg/trikeshed/reactor/ProtocolChannelContextService.kt:71:101 Unresolved reference 'CoroutineContext'.
e: file:///Users/jim/work/v2superbikeshed/Trikeshed/src/commonMain/kotlin/borg/trikeshed/reactor/ProtocolChannelContextService.kt:73:13 Unresolved reference 'CoroutineContext'.
e: file:///Users/jim/work/v2superbikeshed/Trikeshed/src/commonMain/kotlin/borg/trikeshed/reactor/ProtocolChannelContextService.kt:81:59 Unresolved reference 'CoroutineContext'.
e: file:///Users/jim/work/v2superbikeshed/Trikeshed/src/commonMain/kotlin/borg/trikeshed/reactor/ProtocolChannelContextService.kt:88:50 Unresolved reference 'CoroutineContext'.
e: file:///Users/jim/work/v2superbikeshed/Trikeshed/src/commonMain/kotlin/borg/trikeshed/reactor/ProtocolChannelContextService.kt:109:31 Unresolved reference 'CoroutineContext'.
e: file:///Users/jim/work/v2superbikeshed/Trikeshed/src/commonMain/kotlin/borg/trikeshed/reactor/ProtocolChannelContextService.kt:109:61 Unresolved reference 'CoroutineContext'.
e: file:///Users/jim/work/v2superbikeshed/Trikeshed/src/commonMain/kotlin/borg/trikeshed/reactor/ProtocolChannelContextService.kt:109:80 Unresolved reference 'CoroutineContext'.
e: file:///Users/jim/work/v2superbikeshed/Trikeshed/src/commonMain/kotlin/borg/trikeshed/reactor/ProtocolChannelContextService.kt:110:42 Argument type mismatch: actual type is 'Join<A (of fun <A, B> A.j), B (of fun <A, B> A.j)>', but 'Join<ERROR CLASS: Symbol not found for CoroutineContext, ERROR CLASS: Symbol not found for CoroutineContext>' was expected.
e: file:///Users/jim/work/v2superbikeshed/Trikeshed/src/commonMain/kotlin/borg/trikeshed/reactor/ProtocolChannelContextService.kt:110:47 Cannot infer type for this parameter. Specify it explicitly.
e: file:///Users/jim/work/v2superbikeshed/Trikeshed/src/commonMain/kotlin/borg/trikeshed/reactor/ProtocolChannelContextService.kt:110:47 Unresolved reference. None of the following candidates is applicable because of a receiver type mismatch:
fun <A, B> A.j(b: B): Join<A, B>
e: file:///Users/jim/work/v2superbikeshed/Trikeshed/src/commonMain/kotlin/borg/trikeshed/reactor/ProtocolChannelContextService.kt:120:8 Unresolved reference 'CoroutineContext'.
e: file:///Users/jim/work/v2superbikeshed/Trikeshed/src/commonMain/kotlin/borg/trikeshed/reactor/ProtocolChannelContextService.kt:127:23 Assignment type mismatch: actual type is 'CoroutineContext', but 'CoroutineDispatcher' was expected.
e: file:///Users/jim/work/v2superbikeshed/Trikeshed/src/commonMain/kotlin/borg/trikeshed/reactor/ProtocolChannelContextService.kt:131:23 Assignment type mismatch: actual type is 'CoroutineContext', but 'CoroutineDispatcher' was expected.
e: file:///Users/jim/work/v2superbikeshed/Trikeshed/src/commonMain/kotlin/borg/trikeshed/reactor/ProtocolChannelContextService.kt:139:60 Unresolved reference 'CoroutineContext'.
e: file:///Users/jim/work/v2superbikeshed/Trikeshed/src/commonMain/kotlin/borg/trikeshed/reactor/ProtocolChannelContextService.kt:140:31 'fun plus(other: CoroutineDispatcher): CoroutineDispatcher' is deprecated. Operator '+' on two CoroutineDispatcher objects is meaningless. CoroutineDispatcher is a coroutine context element and `+` is a set-sum operator for coroutine contexts. The dispatcher to the right of `+` just replaces the dispatcher to the left.
e: file:///Users/jim/work/v2superbikeshed/Trikeshed/src/commonMain/kotlin/borg/trikeshed/reactor/ProtocolChannelContextService.kt:143:58 Unresolved reference 'CoroutineContext'.
e: file:///Users/jim/work/v2superbikeshed/Trikeshed/src/commonMain/kotlin/borg/trikeshed/reactor/ProtocolChannelContextService.kt:144:31 'fun plus(other: CoroutineDispatcher): CoroutineDispatcher' is deprecated. Operator '+' on two CoroutineDispatcher objects is meaningless. CoroutineDispatcher is a coroutine context element and `+` is a set-sum operator for coroutine contexts. The dispatcher to the right of `+` just replaces the dispatcher to the left.
e: file:///Users/jim/work/v2superbikeshed/Trikeshed/src/commonMain/kotlin/borg/trikeshed/reactor/ProtocolChannelContextService.kt:147:58 Unresolved reference 'CoroutineContext'.
e: file:///Users/jim/work/v2superbikeshed/Trikeshed/src/commonMain/kotlin/borg/trikeshed/reactor/ProtocolChannelContextService.kt:148:31 'fun plus(other: CoroutineDispatcher): CoroutineDispatcher' is deprecated. Operator '+' on two CoroutineDispatcher objects is meaningless. CoroutineDispatcher is a coroutine context element and `+` is a set-sum operator for coroutine contexts. The dispatcher to the right of `+` just replaces the dispatcher to the left.
e: file:///Users/jim/work/v2superbikeshed/Trikeshed/src/commonMain/kotlin/borg/trikeshed/reactor/ProtocolChannelContextService.kt:151:56 Unresolved reference 'CoroutineContext'.
e: file:///Users/jim/work/v2superbikeshed/Trikeshed/src/commonMain/kotlin/borg/trikeshed/reactor/ProtocolChannelContextService.kt:152:31 'fun plus(other: CoroutineDispatcher): CoroutineDispatcher' is deprecated. Operator '+' on two CoroutineDispatcher objects is meaningless. CoroutineDispatcher is a coroutine context element and `+` is a set-sum operator for coroutine contexts. The dispatcher to the right of `+` just replaces the dispatcher to the left.
e: file:///Users/jim/work/v2superbikeshed/Trikeshed/src/commonMain/kotlin/borg/trikeshed/reactor/ProtocolChannelContextService.kt:159:41 Unresolved reference 'CoroutineContext'.
e: file:///Users/jim/work/v2superbikeshed/Trikeshed/src/commonMain/kotlin/borg/trikeshed/reactor/ProtocolChannelContextService.kt:160:26 Unresolved reference 'CoroutineContext'.
e: file:///Users/jim/work/v2superbikeshed/Trikeshed/src/commonMain/kotlin/borg/trikeshed/reactor/ProtocolChannelContextService.kt:161:25 Unresolved reference 'CoroutineContext'.
e: file:///Users/jim/work/v2superbikeshed/Trikeshed/src/commonMain/kotlin/borg/trikeshed/reactor/ProtocolChannelContextService.kt:162:25 Unresolved reference 'CoroutineContext'.
e: file:///Users/jim/work/v2superbikeshed/Trikeshed/src/commonMain/kotlin/borg/trikeshed/reactor/ProtocolChannelContextService.kt:163:24 Unresolved reference 'CoroutineContext'.
e: file:///Users/jim/work/v2superbikeshed/Trikeshed/src/commonMain/kotlin/borg/trikeshed/reactor/ProtocolChannelContextService.kt:164:28 Unresolved reference 'CoroutineContext'.
e: file:///Users/jim/work/v2superbikeshed/Trikeshed/src/commonMain/kotlin/borg/trikeshed/reactor/ProtocolChannelContextService.kt:171:31 Unresolved reference 'CoroutineContext'.
e: file:///Users/jim/work/v2superbikeshed/Trikeshed/src/commonMain/kotlin/borg/trikeshed/reactor/ProtocolChannelContextService.kt:175:30 Unresolved reference 'CoroutineContext'.
e: file:///Users/jim/work/v2superbikeshed/Trikeshed/src/commonMain/kotlin/borg/trikeshed/reactor/ProtocolChannelContextService.kt:179:30 Unresolved reference 'CoroutineContext'.
e: file:///Users/jim/work/v2superbikeshed/Trikeshed/src/commonMain/kotlin/borg/trikeshed/reactor/ProtocolChannelContextService.kt:183:29 Unresolved reference 'CoroutineContext'.
e: file:///Users/jim/work/v2superbikeshed/Trikeshed/src/commonMain/kotlin/borg/trikeshed/reactor/ProtocolIngressEgressRouter.kt:24:64 Unresolved reference 'CoroutineContext'.
e: file:///Users/jim/work/v2superbikeshed/Trikeshed/src/commonMain/kotlin/borg/trikeshed/reactor/ProtocolIngressEgressRouter.kt:25:34 No value passed for parameter 'a'.
e: file:///Users/jim/work/v2superbikeshed/Trikeshed/src/commonMain/kotlin/borg/trikeshed/reactor/ProtocolIngressEgressRouter.kt:25:34 No value passed for parameter 'b'.
e: file:///Users/jim/work/v2superbikeshed/Trikeshed/src/commonMain/kotlin/borg/trikeshed/reactor/ProtocolIngressEgressRouter.kt:27:43 Cannot infer type for this parameter. Specify it explicitly.
e: file:///Users/jim/work/v2superbikeshed/Trikeshed/src/commonMain/kotlin/borg/trikeshed/reactor/ProtocolIngressEgressRouter.kt:34:46 Cannot infer type for this parameter. Specify it explicitly.
e: file:///Users/jim/work/v2superbikeshed/Trikeshed/src/commonMain/kotlin/borg/trikeshed/reactor/ProtocolIngressEgressRouter.kt:37:44 Cannot infer type for this parameter. Specify it explicitly.
e: file:///Users/jim/work/v2superbikeshed/Trikeshed/src/commonMain/kotlin/borg/trikeshed/reactor/ProtocolIngressEgressRouter.kt:44:62 Unresolved reference 'CoroutineContext'.
e: file:///Users/jim/work/v2superbikeshed/Trikeshed/src/commonMain/kotlin/borg/trikeshed/reactor/ProtocolIngressEgressRouter.kt:45:33 No value passed for parameter 'a'.
e: file:///Users/jim/work/v2superbikeshed/Trikeshed/src/commonMain/kotlin/borg/trikeshed/reactor/ProtocolIngressEgressRouter.kt:45:33 No value passed for parameter 'b'.
e: file:///Users/jim/work/v2superbikeshed/Trikeshed/src/commonMain/kotlin/borg/trikeshed/reactor/ProtocolIngressEgressRouter.kt:47:42 Cannot infer type for this parameter. Specify it explicitly.
e: file:///Users/jim/work/v2superbikeshed/Trikeshed/src/commonMain/kotlin/borg/trikeshed/reactor/ProtocolIngressEgressRouter.kt:54:45 Cannot infer type for this parameter. Specify it explicitly.
e: file:///Users/jim/work/v2superbikeshed/Trikeshed/src/commonMain/kotlin/borg/trikeshed/reactor/ProtocolIngressEgressRouter.kt:57:43 Cannot infer type for this parameter. Specify it explicitly.
e: file:///Users/jim/work/v2superbikeshed/Trikeshed/src/commonMain/kotlin/borg/trikeshed/reactor/ProtocolIngressEgressRouter.kt:64:90 Unresolved reference 'CoroutineContext'.
e: file:///Users/jim/work/v2superbikeshed/Trikeshed/src/commonMain/kotlin/borg/trikeshed/reactor/ProtocolIngressEgressRouter.kt:65:9 Type mismatch: inferred type is 'Join<IngressRoute.DEFAULT, EgressRoute.DEFAULT>', but 'Join<IngressRoute, EgressRoute>' was expected.
e: file:///Users/jim/work/v2superbikeshed/Trikeshed/src/commonMain/kotlin/borg/trikeshed/reactor/ProtocolIngressEgressRouter.kt:65:54 No value passed for parameter 'a'.
e: file:///Users/jim/work/v2superbikeshed/Trikeshed/src/commonMain/kotlin/borg/trikeshed/reactor/ProtocolIngressEgressRouter.kt:65:54 No value passed for parameter 'b'.
e: file:///Users/jim/work/v2superbikeshed/Trikeshed/src/commonMain/kotlin/borg/trikeshed/reactor/ProtocolIngressEgressRouter.kt:65:103 No value passed for parameter 'a'.
e: file:///Users/jim/work/v2superbikeshed/Trikeshed/src/commonMain/kotlin/borg/trikeshed/reactor/ProtocolIngressEgressRouter.kt:65:103 No value passed for parameter 'b'.
e: file:///Users/jim/work/v2superbikeshed/Trikeshed/src/commonMain/kotlin/borg/trikeshed/reactor/ProtocolIngressEgressRouter.kt:68:21 Unresolved reference 'CoroutineContext'.
e: file:///Users/jim/work/v2superbikeshed/Trikeshed/src/commonMain/kotlin/borg/trikeshed/reactor/ProtocolIngressEgressRouter.kt:77:21 Unresolved reference 'CoroutineContext'.
e: file:///Users/jim/work/v2superbikeshed/Trikeshed/src/commonMain/kotlin/borg/trikeshed/reactor/ProtocolIngressEgressRouter.kt:83:49 Unresolved reference 'CoroutineContext'.
e: file:///Users/jim/work/v2superbikeshed/Trikeshed/src/commonMain/kotlin/borg/trikeshed/reactor/ProtocolIngressEgressRouter.kt:84:28 Cannot infer type for this parameter. Specify it explicitly.
e: file:///Users/jim/work/v2superbikeshed/Trikeshed/src/commonMain/kotlin/borg/trikeshed/reactor/ProtocolIngressEgressRouter.kt:85:13 Not enough information to infer type argument for 'K'.
e: file:///Users/jim/work/v2superbikeshed/Trikeshed/src/commonMain/kotlin/borg/trikeshed/reactor/ProtocolIngressEgressRouter.kt:106:52 Unresolved reference 'CoroutineContext'.
e: file:///Users/jim/work/v2superbikeshed/Trikeshed/src/commonMain/kotlin/borg/trikeshed/reactor/ProtocolIngressEgressRouter.kt:113:50 Unresolved reference 'CoroutineContext'.
e: file:///Users/jim/work/v2superbikeshed/Trikeshed/src/commonMain/kotlin/borg/trikeshed/reactor/ProtocolIngressEgressRouter.kt:120:85 Unresolved reference 'CoroutineContext'.
e: file:///Users/jim/work/v2superbikeshed/Trikeshed/src/commonMain/kotlin/borg/trikeshed/reactor/ProtocolIngressEgressRouter.kt:127:31 Unresolved reference 'CoroutineContext'.
e: file:///Users/jim/work/v2superbikeshed/Trikeshed/src/commonMain/kotlin/borg/trikeshed/reactor/ProtocolIngressEgressRouter.kt:137:18 Unresolved reference 'CoroutineContext'.
e: file:///Users/jim/work/v2superbikeshed/Trikeshed/src/commonMain/kotlin/borg/trikeshed/reactor/ProtocolIngressEgressRouter.kt:145:46 Unresolved reference 'ingressChannel'.
e: file:///Users/jim/work/v2superbikeshed/Trikeshed/src/commonMain/kotlin/borg/trikeshed/reactor/ProtocolIngressEgressRouter.kt:147:44 Unresolved reference 'receive'.
e: file:///Users/jim/work/v2superbikeshed/Trikeshed/src/commonMain/kotlin/borg/trikeshed/reactor/ProtocolIngressEgressRouter.kt:171:18 Unresolved reference 'CoroutineContext'.
e: file:///Users/jim/work/v2superbikeshed/Trikeshed/src/commonMain/kotlin/borg/trikeshed/reactor/ProtocolIngressEgressRouter.kt:179:45 Unresolved reference 'egressChannel'.
e: file:///Users/jim/work/v2superbikeshed/Trikeshed/src/commonMain/kotlin/borg/trikeshed/reactor/ProtocolIngressEgressRouter.kt:181:39 Unresolved reference 'send'.
e: file:///Users/jim/work/v2superbikeshed/Trikeshed/src/commonMain/kotlin/borg/trikeshed/reactor/ProtocolIngressEgressRouter.kt:216:40 Unresolved reference 'CoroutineContext'.
e: file:///Users/jim/work/v2superbikeshed/Trikeshed/src/commonMain/kotlin/borg/trikeshed/reactor/ProtocolIngressEgressRouter.kt:217:26 'context' hides member of supertype 'IngressRoute' and needs an 'override' modifier.
e: file:///Users/jim/work/v2superbikeshed/Trikeshed/src/commonMain/kotlin/borg/trikeshed/reactor/ProtocolIngressEgressRouter.kt:217:35 Unresolved reference 'CoroutineContext'.
e: file:///Users/jim/work/v2superbikeshed/Trikeshed/src/commonMain/kotlin/borg/trikeshed/reactor/ProtocolIngressEgressRouter.kt:218:28 'context' hides member of supertype 'IngressRoute' and needs an 'override' modifier.
e: file:///Users/jim/work/v2superbikeshed/Trikeshed/src/commonMain/kotlin/borg/trikeshed/reactor/ProtocolIngressEgressRouter.kt:218:37 Unresolved reference 'CoroutineContext'.
e: file:///Users/jim/work/v2superbikeshed/Trikeshed/src/commonMain/kotlin/borg/trikeshed/reactor/ProtocolIngressEgressRouter.kt:219:26 'context' hides member of supertype 'IngressRoute' and needs an 'override' modifier.
e: file:///Users/jim/work/v2superbikeshed/Trikeshed/src/commonMain/kotlin/borg/trikeshed/reactor/ProtocolIngressEgressRouter.kt:219:35 Unresolved reference 'CoroutineContext'.
e: file:///Users/jim/work/v2superbikeshed/Trikeshed/src/commonMain/kotlin/borg/trikeshed/reactor/ProtocolIngressEgressRouter.kt:220:28 'context' hides member of supertype 'IngressRoute' and needs an 'override' modifier.
e: file:///Users/jim/work/v2superbikeshed/Trikeshed/src/commonMain/kotlin/borg/trikeshed/reactor/ProtocolIngressEgressRouter.kt:220:37 Unresolved reference 'CoroutineContext'.
e: file:///Users/jim/work/v2superbikeshed/Trikeshed/src/commonMain/kotlin/borg/trikeshed/reactor/ProtocolIngressEgressRouter.kt:223:39 Unresolved reference 'CoroutineContext'.
e: file:///Users/jim/work/v2superbikeshed/Trikeshed/src/commonMain/kotlin/borg/trikeshed/reactor/ProtocolIngressEgressRouter.kt:224:26 'context' hides member of supertype 'EgressRoute' and needs an 'override' modifier.
e: file:///Users/jim/work/v2superbikeshed/Trikeshed/src/commonMain/kotlin/borg/trikeshed/reactor/ProtocolIngressEgressRouter.kt:224:35 Unresolved reference 'CoroutineContext'.
e: file:///Users/jim/work/v2superbikeshed/Trikeshed/src/commonMain/kotlin/borg/trikeshed/reactor/ProtocolIngressEgressRouter.kt:225:28 'context' hides member of supertype 'EgressRoute' and needs an 'override' modifier.
e: file:///Users/jim/work/v2superbikeshed/Trikeshed/src/commonMain/kotlin/borg/trikeshed/reactor/ProtocolIngressEgressRouter.kt:225:37 Unresolved reference 'CoroutineContext'.
e: file:///Users/jim/work/v2superbikeshed/Trikeshed/src/commonMain/kotlin/borg/trikeshed/reactor/ProtocolIngressEgressRouter.kt:226:26 'context' hides member of supertype 'EgressRoute' and needs an 'override' modifier.
e: file:///Users/jim/work/v2superbikeshed/Trikeshed/src/commonMain/kotlin/borg/trikeshed/reactor/ProtocolIngressEgressRouter.kt:226:35 Unresolved reference 'CoroutineContext'.
e: file:///Users/jim/work/v2superbikeshed/Trikeshed/src/commonMain/kotlin/borg/trikeshed/reactor/ProtocolIngressEgressRouter.kt:227:28 'context' hides member of supertype 'EgressRoute' and needs an 'override' modifier.
e: file:///Users/jim/work/v2superbikeshed/Trikeshed/src/commonMain/kotlin/borg/trikeshed/reactor/ProtocolIngressEgressRouter.kt:227:37 Unresolved reference 'CoroutineContext'.
e: file:///Users/jim/work/v2superbikeshed/Trikeshed/src/commonMain/kotlin/borg/trikeshed/reactor/Reactor.kt:162:27 Syntax error: Unexpected tokens (use ';' to separate expressions on the same line).
e: file:///Users/jim/work/v2superbikeshed/Trikeshed/src/commonMain/kotlin/borg/trikeshed/reactor/Reactor.kt:243:16 Cannot infer type for this parameter. Specify it explicitly.
e: file:///Users/jim/work/v2superbikeshed/Trikeshed/src/commonMain/kotlin/borg/trikeshed/reactor/Reactor.kt:243:16 Unresolved reference. None of the following candidates is applicable because of a receiver type mismatch:
fun <T> Join<Int, Function1<Int, Join<Any?, TypeMemento>>>.get(column: Column<T>): T?
e: file:///Users/jim/work/v2superbikeshed/Trikeshed/src/commonMain/kotlin/borg/trikeshed/reactor/Reactor.kt:408:76 Unresolved reference 'CoroutineContext'.
e: file:///Users/jim/work/v2superbikeshed/Trikeshed/src/commonMain/kotlin/borg/trikeshed/reactor/Reactor.kt:409:5 Class '<anonymous>' is not abstract and does not implement abstract members:
expect val isOpen: Boolean
expect suspend fun close(): Unit
expect fun configureBlocking(block: Boolean): SelectableChannel
expect val isBlocking: Boolean
e: file:///Users/jim/work/v2superbikeshed/Trikeshed/src/commonMain/kotlin/borg/trikeshed/reactor/Reactor.kt:424:17 Unresolved reference 'CoroutineContext'.
e: file:///Users/jim/work/v2superbikeshed/Trikeshed/src/commonMain/kotlin/borg/trikeshed/reactor/Reactor.kt:430:72 Unresolved reference 'CoroutineContext'.
e: file:///Users/jim/work/v2superbikeshed/Trikeshed/src/commonMain/kotlin/borg/trikeshed/reactor/Reactor.kt:433:38 Cannot infer type for this parameter. Specify it explicitly.
e: file:///Users/jim/work/v2superbikeshed/Trikeshed/src/commonMain/kotlin/borg/trikeshed/reactor/Reactor.kt:441:41 Cannot infer type for this parameter. Specify it explicitly.
e: file:///Users/jim/work/v2superbikeshed/Trikeshed/src/commonMain/kotlin/borg/trikeshed/reactor/Reactor.kt:444:39 Cannot infer type for this parameter. Specify it explicitly.
e: file:///Users/jim/work/v2superbikeshed/Trikeshed/src/commonMain/kotlin/borg/trikeshed/reactor/Reactor.kt:447:41 Cannot infer type for this parameter. Specify it explicitly.
e: file:///Users/jim/work/v2superbikeshed/Trikeshed/src/commonMain/kotlin/borg/trikeshed/reactor/Reactor.kt:450:44 Cannot infer type for this parameter. Specify it explicitly.
e: file:///Users/jim/work/v2superbikeshed/Trikeshed/src/commonMain/kotlin/borg/trikeshed/reactor/Reactor.kt:453:41 Cannot infer type for this parameter. Specify it explicitly.
e: file:///Users/jim/work/v2superbikeshed/Trikeshed/src/commonMain/kotlin/borg/trikeshed/reactor/Reactor.kt:456:41 Cannot infer type for this parameter. Specify it explicitly.
e: file:///Users/jim/work/v2superbikeshed/Trikeshed/src/commonMain/kotlin/borg/trikeshed/reactor/Reactor.kt:459:42 Cannot infer type for this parameter. Specify it explicitly.
e: file:///Users/jim/work/v2superbikeshed/Trikeshed/src/commonMain/kotlin/borg/trikeshed/reactor/Reactor.kt:462:43 Cannot infer type for this parameter. Specify it explicitly.
e: file:///Users/jim/work/v2superbikeshed/Trikeshed/src/commonMain/kotlin/borg/trikeshed/reactor/Reactor.kt:465:41 Cannot infer type for this parameter. Specify it explicitly.
e: file:///Users/jim/work/v2superbikeshed/Trikeshed/src/commonMain/kotlin/borg/trikeshed/reactor/Reactor.kt:472:54 Unresolved reference 'CoroutineContext'.
e: file:///Users/jim/work/v2superbikeshed/Trikeshed/src/commonMain/kotlin/borg/trikeshed/reactor/Reactor.kt:472:72 Unresolved reference 'CoroutineContext'.
e: file:///Users/jim/work/v2superbikeshed/Trikeshed/src/commonMain/kotlin/borg/trikeshed/reactor/Reactor.kt:472:97 Unresolved reference 'CoroutineContext'.
e: file:///Users/jim/work/v2superbikeshed/Trikeshed/src/commonMain/kotlin/borg/trikeshed/reactor/Reactor.kt:474:9 Unresolved reference 'CoroutineContext'.
e: file:///Users/jim/work/v2superbikeshed/Trikeshed/src/commonMain/kotlin/borg/trikeshed/reactor/Reactor.kt:478:63 Unresolved reference 'CoroutineContext'.
e: file:///Users/jim/work/v2superbikeshed/Trikeshed/src/commonMain/kotlin/borg/trikeshed/reactor/Reactor.kt:478:113 Unresolved reference 'SocksIngressChannel'.
e: file:///Users/jim/work/v2superbikeshed/Trikeshed/src/commonMain/kotlin/borg/trikeshed/reactor/Reactor.kt:481:24 Unresolved reference 'borg.trikeshed.reactor.socks.SocksIngressChannel'.
e: file:///Users/jim/work/v2superbikeshed/Trikeshed/src/commonMain/kotlin/borg/trikeshed/reactor/Reactor.kt:481:26 Cannot infer type for this parameter. Specify it explicitly.
e: file:///Users/jim/work/v2superbikeshed/Trikeshed/src/commonMain/kotlin/borg/trikeshed/reactor/Reactor.kt:482:23 Unresolved reference 'borg.trikeshed.reactor.socks.SocksIngressChannel'.
e: file:///Users/jim/work/v2superbikeshed/Trikeshed/src/commonMain/kotlin/borg/trikeshed/reactor/Reactor.kt:482:25 Cannot infer type for this parameter. Specify it explicitly.
e: file:///Users/jim/work/v2superbikeshed/Trikeshed/src/commonMain/kotlin/borg/trikeshed/reactor/Reactor.kt:483:23 Unresolved reference 'borg.trikeshed.reactor.socks.SocksIngressChannel'.
e: file:///Users/jim/work/v2superbikeshed/Trikeshed/src/commonMain/kotlin/borg/trikeshed/reactor/Reactor.kt:483:25 Cannot infer type for this parameter. Specify it explicitly.
e: file:///Users/jim/work/v2superbikeshed/Trikeshed/src/commonMain/kotlin/borg/trikeshed/reactor/Reactor.kt:484:21 Unresolved reference 'borg.trikeshed.reactor.socks.SocksIngressChannel'.
e: file:///Users/jim/work/v2superbikeshed/Trikeshed/src/commonMain/kotlin/borg/trikeshed/reactor/Reactor.kt:484:23 Cannot infer type for this parameter. Specify it explicitly.
e: file:///Users/jim/work/v2superbikeshed/Trikeshed/src/commonMain/kotlin/borg/trikeshed/reactor/Reactor.kt:489:62 Unresolved reference 'CoroutineContext'.
e: file:///Users/jim/work/v2superbikeshed/Trikeshed/src/commonMain/kotlin/borg/trikeshed/reactor/Reactor.kt:489:112 Unresolved reference 'SocksEgressChannel'.
e: file:///Users/jim/work/v2superbikeshed/Trikeshed/src/commonMain/kotlin/borg/trikeshed/reactor/Reactor.kt:492:24 Unresolved reference 'borg.trikeshed.reactor.socks.SocksEgressChannel'.
e: file:///Users/jim/work/v2superbikeshed/Trikeshed/src/commonMain/kotlin/borg/trikeshed/reactor/Reactor.kt:492:26 Cannot infer type for this parameter. Specify it explicitly.
e: file:///Users/jim/work/v2superbikeshed/Trikeshed/src/commonMain/kotlin/borg/trikeshed/reactor/Reactor.kt:493:23 Unresolved reference 'borg.trikeshed.reactor.socks.SocksEgressChannel'.
e: file:///Users/jim/work/v2superbikeshed/Trikeshed/src/commonMain/kotlin/borg/trikeshed/reactor/Reactor.kt:493:25 Cannot infer type for this parameter. Specify it explicitly.
e: file:///Users/jim/work/v2superbikeshed/Trikeshed/src/commonMain/kotlin/borg/trikeshed/reactor/Reactor.kt:494:23 Unresolved reference 'borg.trikeshed.reactor.socks.SocksEgressChannel'.
e: file:///Users/jim/work/v2superbikeshed/Trikeshed/src/commonMain/kotlin/borg/trikeshed/reactor/Reactor.kt:494:25 Cannot infer type for this parameter. Specify it explicitly.
e: file:///Users/jim/work/v2superbikeshed/Trikeshed/src/commonMain/kotlin/borg/trikeshed/reactor/Reactor.kt:495:21 Unresolved reference 'borg.trikeshed.reactor.socks.SocksEgressChannel'.
e: file:///Users/jim/work/v2superbikeshed/Trikeshed/src/commonMain/kotlin/borg/trikeshed/reactor/Reactor.kt:495:23 Cannot infer type for this parameter. Specify it explicitly.
e: file:///Users/jim/work/v2superbikeshed/Trikeshed/src/commonMain/kotlin/borg/trikeshed/reactor/Reactor.kt:501:63 Unresolved reference 'CoroutineContext'.
e: file:///Users/jim/work/v2superbikeshed/Trikeshed/src/commonMain/kotlin/borg/trikeshed/reactor/Reactor.kt:505:82 Unresolved reference 'CoroutineContext'.
e: file:///Users/jim/work/v2superbikeshed/Trikeshed/src/commonMain/kotlin/borg/trikeshed/reactor/Reactor.kt:509:35 Unresolved reference 'CoroutineContext'.
e: file:///Users/jim/work/v2superbikeshed/Trikeshed/src/commonMain/kotlin/borg/trikeshed/reactor/Reactor.kt:509:65 Unresolved reference 'CoroutineContext'.
e: file:///Users/jim/work/v2superbikeshed/Trikeshed/src/commonMain/kotlin/borg/trikeshed/reactor/Reactor.kt:509:84 Unresolved reference 'CoroutineContext'.
e: file:///Users/jim/work/v2superbikeshed/Trikeshed/src/commonMain/kotlin/borg/trikeshed/reactor/Reactor.kt:510:38 Argument type mismatch: actual type is 'Join<A (of fun <A, B> A.j), B (of fun <A, B> A.j)>', but 'Join<ERROR CLASS: Symbol not found for CoroutineContext, ERROR CLASS: Symbol not found for CoroutineContext>' was expected.
e: file:///Users/jim/work/v2superbikeshed/Trikeshed/src/commonMain/kotlin/borg/trikeshed/reactor/Reactor.kt:510:43 Cannot infer type for this parameter. Specify it explicitly.
e: file:///Users/jim/work/v2superbikeshed/Trikeshed/src/commonMain/kotlin/borg/trikeshed/reactor/Reactor.kt:510:43 Unresolved reference. None of the following candidates is applicable because of a receiver type mismatch:
fun <A, B> A.j(b: B): Join<A, B>
e: file:///Users/jim/work/v2superbikeshed/Trikeshed/src/commonMain/kotlin/borg/trikeshed/reactor/Reactor.kt:513:61 Unresolved reference 'CoroutineContext'.
e: file:///Users/jim/work/v2superbikeshed/Trikeshed/src/commonMain/kotlin/borg/trikeshed/reactor/Reactor.kt:513:109 Unresolved reference 'SocksIngressChannel'.
e: file:///Users/jim/work/v2superbikeshed/Trikeshed/src/commonMain/kotlin/borg/trikeshed/reactor/Reactor.kt:517:60 Unresolved reference 'CoroutineContext'.
e: file:///Users/jim/work/v2superbikeshed/Trikeshed/src/commonMain/kotlin/borg/trikeshed/reactor/Reactor.kt:517:108 Unresolved reference 'SocksEgressChannel'.
e: file:///Users/jim/work/v2superbikeshed/Trikeshed/src/commonMain/kotlin/borg/trikeshed/reactor/Reactor.kt:523:68 Unresolved reference 'CoroutineContext'.
e: file:///Users/jim/work/v2superbikeshed/Trikeshed/src/commonMain/kotlin/borg/trikeshed/reactor/Reactor.kt:524:21 Anonymous object cannot extend a sealed class.
e: file:///Users/jim/work/v2superbikeshed/Trikeshed/src/commonMain/kotlin/borg/trikeshed/reactor/Reactor.kt:524:21 This type has a constructor, so it must be initialized here.
e: file:///Users/jim/work/v2superbikeshed/Trikeshed/src/commonMain/kotlin/borg/trikeshed/reactor/Reactor.kt:525:9 'execute' overrides nothing.
e: file:///Users/jim/work/v2superbikeshed/Trikeshed/src/commonMain/kotlin/borg/trikeshed/reactor/Reactor.kt:535:67 Unresolved reference 'CoroutineContext'.
e: file:///Users/jim/work/v2superbikeshed/Trikeshed/src/commonMain/kotlin/borg/trikeshed/reactor/Reactor.kt:536:21 Anonymous object cannot extend a sealed class.
e: file:///Users/jim/work/v2superbikeshed/Trikeshed/src/commonMain/kotlin/borg/trikeshed/reactor/Reactor.kt:536:21 This type has a constructor, so it must be initialized here.
e: file:///Users/jim/work/v2superbikeshed/Trikeshed/src/commonMain/kotlin/borg/trikeshed/reactor/Reactor.kt:537:9 'execute' overrides nothing.
e: file:///Users/jim/work/v2superbikeshed/Trikeshed/src/commonMain/kotlin/borg/trikeshed/reactor/Reactor.kt:546:67 Unresolved reference 'CoroutineContext'.
e: file:///Users/jim/work/v2superbikeshed/Trikeshed/src/commonMain/kotlin/borg/trikeshed/reactor/Reactor.kt:547:21 Anonymous object cannot extend a sealed class.
e: file:///Users/jim/work/v2superbikeshed/Trikeshed/src/commonMain/kotlin/borg/trikeshed/reactor/Reactor.kt:547:21 This type has a constructor, so it must be initialized here.
e: file:///Users/jim/work/v2superbikeshed/Trikeshed/src/commonMain/kotlin/borg/trikeshed/reactor/Reactor.kt:548:9 'execute' overrides nothing.
e: file:///Users/jim/work/v2superbikeshed/Trikeshed/src/commonMain/kotlin/borg/trikeshed/reactor/Reactor.kt:554:63 Unresolved reference 'CoroutineContext'.
e: file:///Users/jim/work/v2superbikeshed/Trikeshed/src/commonMain/kotlin/borg/trikeshed/reactor/Reactor.kt:555:21 Anonymous object cannot extend a sealed class.
e: file:///Users/jim/work/v2superbikeshed/Trikeshed/src/commonMain/kotlin/borg/trikeshed/reactor/Reactor.kt:555:21 This type has a constructor, so it must be initialized here.
e: file:///Users/jim/work/v2superbikeshed/Trikeshed/src/commonMain/kotlin/borg/trikeshed/reactor/Reactor.kt:556:9 'execute' overrides nothing.
e: file:///Users/jim/work/v2superbikeshed/Trikeshed/src/commonMain/kotlin/borg/trikeshed/reactor/Reactor.kt:562:61 Unresolved reference 'CoroutineContext'.
e: file:///Users/jim/work/v2superbikeshed/Trikeshed/src/commonMain/kotlin/borg/trikeshed/reactor/Reactor.kt:563:21 Anonymous object cannot extend a sealed class.
e: file:///Users/jim/work/v2superbikeshed/Trikeshed/src/commonMain/kotlin/borg/trikeshed/reactor/Reactor.kt:563:21 This type has a constructor, so it must be initialized here.
e: file:///Users/jim/work/v2superbikeshed/Trikeshed/src/commonMain/kotlin/borg/trikeshed/reactor/Reactor.kt:564:9 'execute' overrides nothing.
e: file:///Users/jim/work/v2superbikeshed/Trikeshed/src/commonMain/kotlin/borg/trikeshed/reactor/Reactor.kt:570:63 Unresolved reference 'CoroutineContext'.
e: file:///Users/jim/work/v2superbikeshed/Trikeshed/src/commonMain/kotlin/borg/trikeshed/reactor/Reactor.kt:571:21 Anonymous object cannot extend a sealed class.
e: file:///Users/jim/work/v2superbikeshed/Trikeshed/src/commonMain/kotlin/borg/trikeshed/reactor/Reactor.kt:571:21 This type has a constructor, so it must be initialized here.
e: file:///Users/jim/work/v2superbikeshed/Trikeshed/src/commonMain/kotlin/borg/trikeshed/reactor/Reactor.kt:572:9 'execute' overrides nothing.
e: file:///Users/jim/work/v2superbikeshed/Trikeshed/src/commonMain/kotlin/borg/trikeshed/reactor/Reactor.kt:578:66 Unresolved reference 'CoroutineContext'.
e: file:///Users/jim/work/v2superbikeshed/Trikeshed/src/commonMain/kotlin/borg/trikeshed/reactor/Reactor.kt:579:21 Anonymous object cannot extend a sealed class.
e: file:///Users/jim/work/v2superbikeshed/Trikeshed/src/commonMain/kotlin/borg/trikeshed/reactor/Reactor.kt:579:21 This type has a constructor, so it must be initialized here.
e: file:///Users/jim/work/v2superbikeshed/Trikeshed/src/commonMain/kotlin/borg/trikeshed/reactor/Reactor.kt:580:9 'execute' overrides nothing.
e: file:///Users/jim/work/v2superbikeshed/Trikeshed/src/commonMain/kotlin/borg/trikeshed/reactor/Reactor.kt:586:63 Unresolved reference 'CoroutineContext'.
e: file:///Users/jim/work/v2superbikeshed/Trikeshed/src/commonMain/kotlin/borg/trikeshed/reactor/Reactor.kt:587:21 Anonymous object cannot extend a sealed class.
e: file:///Users/jim/work/v2superbikeshed/Trikeshed/src/commonMain/kotlin/borg/trikeshed/reactor/Reactor.kt:587:21 This type has a constructor, so it must be initialized here.
e: file:///Users/jim/work/v2superbikeshed/Trikeshed/src/commonMain/kotlin/borg/trikeshed/reactor/Reactor.kt:588:9 'execute' overrides nothing.
e: file:///Users/jim/work/v2superbikeshed/Trikeshed/src/commonMain/kotlin/borg/trikeshed/reactor/Reactor.kt:594:63 Unresolved reference 'CoroutineContext'.
e: file:///Users/jim/work/v2superbikeshed/Trikeshed/src/commonMain/kotlin/borg/trikeshed/reactor/Reactor.kt:595:21 Anonymous object cannot extend a sealed class.
e: file:///Users/jim/work/v2superbikeshed/Trikeshed/src/commonMain/kotlin/borg/trikeshed/reactor/Reactor.kt:595:21 This type has a constructor, so it must be initialized here.
e: file:///Users/jim/work/v2superbikeshed/Trikeshed/src/commonMain/kotlin/borg/trikeshed/reactor/Reactor.kt:596:9 'execute' overrides nothing.
e: file:///Users/jim/work/v2superbikeshed/Trikeshed/src/commonMain/kotlin/borg/trikeshed/reactor/Reactor.kt:602:64 Unresolved reference 'CoroutineContext'.
e: file:///Users/jim/work/v2superbikeshed/Trikeshed/src/commonMain/kotlin/borg/trikeshed/reactor/Reactor.kt:603:21 Anonymous object cannot extend a sealed class.
e: file:///Users/jim/work/v2superbikeshed/Trikeshed/src/commonMain/kotlin/borg/trikeshed/reactor/Reactor.kt:603:21 This type has a constructor, so it must be initialized here.
e: file:///Users/jim/work/v2superbikeshed/Trikeshed/src/commonMain/kotlin/borg/trikeshed/reactor/Reactor.kt:604:9 'execute' overrides nothing.
e: file:///Users/jim/work/v2superbikeshed/Trikeshed/src/commonMain/kotlin/borg/trikeshed/reactor/Reactor.kt:610:65 Unresolved reference 'CoroutineContext'.
e: file:///Users/jim/work/v2superbikeshed/Trikeshed/src/commonMain/kotlin/borg/trikeshed/reactor/Reactor.kt:611:21 Anonymous object cannot extend a sealed class.
e: file:///Users/jim/work/v2superbikeshed/Trikeshed/src/commonMain/kotlin/borg/trikeshed/reactor/Reactor.kt:611:21 This type has a constructor, so it must be initialized here.
e: file:///Users/jim/work/v2superbikeshed/Trikeshed/src/commonMain/kotlin/borg/trikeshed/reactor/Reactor.kt:612:9 'execute' overrides nothing.
e: file:///Users/jim/work/v2superbikeshed/Trikeshed/src/commonMain/kotlin/borg/trikeshed/reactor/Reactor.kt:618:63 Unresolved reference 'CoroutineContext'.
e: file:///Users/jim/work/v2superbikeshed/Trikeshed/src/commonMain/kotlin/borg/trikeshed/reactor/Reactor.kt:619:21 Anonymous object cannot extend a sealed class.
e: file:///Users/jim/work/v2superbikeshed/Trikeshed/src/commonMain/kotlin/borg/trikeshed/reactor/Reactor.kt:619:21 This type has a constructor, so it must be initialized here.
e: file:///Users/jim/work/v2superbikeshed/Trikeshed/src/commonMain/kotlin/borg/trikeshed/reactor/Reactor.kt:620:9 'execute' overrides nothing.
e: file:///Users/jim/work/v2superbikeshed/Trikeshed/src/commonMain/kotlin/borg/trikeshed/reactor/SelectableChannel.kt:35:11 Redeclaration:
actual class ClientChannel : Any
e: file:///Users/jim/work/v2superbikeshed/Trikeshed/src/commonMain/kotlin/borg/trikeshed/reactor/http/Http2ProxyReactor.kt:12:12 No type arguments expected for class Reactor : Any.
e: file:///Users/jim/work/v2superbikeshed/Trikeshed/src/commonMain/kotlin/borg/trikeshed/reactor/http/HttpChannel.kt:11:1 Class 'HttpChannel' is not abstract and does not implement abstract members:
expect suspend fun close(): Unit
expect val isOpen: Boolean
expect fun configureBlocking(block: Boolean): SelectableChannel
expect val isBlocking: Boolean
e: file:///Users/jim/work/v2superbikeshed/Trikeshed/src/commonMain/kotlin/borg/trikeshed/reactor/http/HttpChannel.kt:16:39 Unresolved reference 'CoroutineContext'.
e: file:///Users/jim/work/v2superbikeshed/Trikeshed/src/commonMain/kotlin/borg/trikeshed/reactor/http/HttpChannel.kt:20:23 Assignment type mismatch: actual type is 'CoroutineContext', but 'CoroutineDispatcher' was expected.
e: file:///Users/jim/work/v2superbikeshed/Trikeshed/src/commonMain/kotlin/borg/trikeshed/reactor/http/HttpChannel.kt:24:23 Assignment type mismatch: actual type is 'CoroutineContext', but 'CoroutineDispatcher' was expected.
e: file:///Users/jim/work/v2superbikeshed/Trikeshed/src/commonMain/kotlin/borg/trikeshed/reactor/http/HttpChannel.kt:30:5 'close' overrides nothing. Potential signatures for overriding:
expect suspend fun close(): Unit
e: file:///Users/jim/work/v2superbikeshed/Trikeshed/src/commonMain/kotlin/borg/trikeshed/reactor/http/HttpChannel.kt:30:14 Conflicting overloads:
fun close(): Unit
expect suspend fun close(): Unit
e: file:///Users/jim/work/v2superbikeshed/Trikeshed/src/commonMain/kotlin/borg/trikeshed/reactor/http/HttpChannel.kt:34:5 'isOpen' overrides nothing.
e: file:///Users/jim/work/v2superbikeshed/Trikeshed/src/commonMain/kotlin/borg/trikeshed/reactor/http/HttpChannel.kt:36:5 'register' overrides nothing.
e: file:///Users/jim/work/v2superbikeshed/Trikeshed/src/commonMain/kotlin/borg/trikeshed/reactor/http/HttpStateMachine.kt:4:36 Unresolved reference 'formatRfc1123'.
e: file:///Users/jim/work/v2superbikeshed/Trikeshed/src/commonMain/kotlin/borg/trikeshed/reactor/http/HttpStateMachine.kt:19:23 Function invocation 'OP_READ(...)' expected.
e: file:///Users/jim/work/v2superbikeshed/Trikeshed/src/commonMain/kotlin/borg/trikeshed/reactor/http/HttpStateMachine.kt:19:23 Return type mismatch: expected 'Join<Int, UnaryAsyncReaction>?', actual 'Join<Operation, Function0<Join<Int, UnaryAsyncReaction>?>>'.
e: file:///Users/jim/work/v2superbikeshed/Trikeshed/src/commonMain/kotlin/borg/trikeshed/reactor/http/HttpStateMachine.kt:31:16 Function invocation 'OP_WRITE(...)' expected.
e: file:///Users/jim/work/v2superbikeshed/Trikeshed/src/commonMain/kotlin/borg/trikeshed/reactor/http/HttpStateMachine.kt:31:16 Return type mismatch: expected 'Join<Int, UnaryAsyncReaction>?', actual 'Join<Operation, Function1<Int, Join<Int, UnaryAsyncReaction>?>>'.
e: file:///Users/jim/work/v2superbikeshed/Trikeshed/src/commonMain/kotlin/borg/trikeshed/reactor/http/HttpStateMachine.kt:32:20 Unresolved reference 'write'.
e: file:///Users/jim/work/v2superbikeshed/Trikeshed/src/commonMain/kotlin/borg/trikeshed/reactor/http/HttpStateMachine.kt:45:23 Unresolved reference 'formatRfc1123'.
e: file:///Users/jim/work/v2superbikeshed/Trikeshed/src/commonMain/kotlin/borg/trikeshed/reactor/ipc/IpcChannel.kt:11:1 Class 'IpcChannel' is not abstract and does not implement abstract members:
expect suspend fun close(): Unit
expect val isOpen: Boolean
expect fun configureBlocking(block: Boolean): SelectableChannel
expect val isBlocking: Boolean
e: file:///Users/jim/work/v2superbikeshed/Trikeshed/src/commonMain/kotlin/borg/trikeshed/reactor/ipc/IpcChannel.kt:16:38 Unresolved reference 'CoroutineContext'.
e: file:///Users/jim/work/v2superbikeshed/Trikeshed/src/commonMain/kotlin/borg/trikeshed/reactor/ipc/IpcChannel.kt:20:23 Assignment type mismatch: actual type is 'CoroutineContext', but 'CoroutineDispatcher' was expected.
e: file:///Users/jim/work/v2superbikeshed/Trikeshed/src/commonMain/kotlin/borg/trikeshed/reactor/ipc/IpcChannel.kt:24:23 Assignment type mismatch: actual type is 'CoroutineContext', but 'CoroutineDispatcher' was expected.
e: file:///Users/jim/work/v2superbikeshed/Trikeshed/src/commonMain/kotlin/borg/trikeshed/reactor/ipc/IpcChannel.kt:30:5 'close' overrides nothing. Potential signatures for overriding:
expect suspend fun close(): Unit
e: file:///Users/jim/work/v2superbikeshed/Trikeshed/src/commonMain/kotlin/borg/trikeshed/reactor/ipc/IpcChannel.kt:30:14 Conflicting overloads:
fun close(): Unit
expect suspend fun close(): Unit
e: file:///Users/jim/work/v2superbikeshed/Trikeshed/src/commonMain/kotlin/borg/trikeshed/reactor/ipc/IpcChannel.kt:34:5 'isOpen' overrides nothing.
e: file:///Users/jim/work/v2superbikeshed/Trikeshed/src/commonMain/kotlin/borg/trikeshed/reactor/ipc/IpcChannel.kt:36:5 'register' overrides nothing.
e: file:///Users/jim/work/v2superbikeshed/Trikeshed/src/commonMain/kotlin/borg/trikeshed/reactor/ipc/IpcRouter.kt:10:12 No type arguments expected for class Reactor : Any.
e: file:///Users/jim/work/v2superbikeshed/Trikeshed/src/commonMain/kotlin/borg/trikeshed/reactor/quic/QuicChannel.kt:11:1 Class 'QuicChannel' is not abstract and does not implement abstract members:
expect suspend fun close(): Unit
expect val isOpen: Boolean
expect fun configureBlocking(block: Boolean): SelectableChannel
expect val isBlocking: Boolean
e: file:///Users/jim/work/v2superbikeshed/Trikeshed/src/commonMain/kotlin/borg/trikeshed/reactor/quic/QuicChannel.kt:16:39 Unresolved reference 'CoroutineContext'.
e: file:///Users/jim/work/v2superbikeshed/Trikeshed/src/commonMain/kotlin/borg/trikeshed/reactor/quic/QuicChannel.kt:20:23 Assignment type mismatch: actual type is 'CoroutineContext', but 'CoroutineDispatcher' was expected.
e: file:///Users/jim/work/v2superbikeshed/Trikeshed/src/commonMain/kotlin/borg/trikeshed/reactor/quic/QuicChannel.kt:24:23 Assignment type mismatch: actual type is 'CoroutineContext', but 'CoroutineDispatcher' was expected.
e: file:///Users/jim/work/v2superbikeshed/Trikeshed/src/commonMain/kotlin/borg/trikeshed/reactor/quic/QuicChannel.kt:30:5 'close' overrides nothing. Potential signatures for overriding:
expect suspend fun close(): Unit
e: file:///Users/jim/work/v2superbikeshed/Trikeshed/src/commonMain/kotlin/borg/trikeshed/reactor/quic/QuicChannel.kt:30:14 Conflicting overloads:
fun close(): Unit
expect suspend fun close(): Unit
e: file:///Users/jim/work/v2superbikeshed/Trikeshed/src/commonMain/kotlin/borg/trikeshed/reactor/quic/QuicChannel.kt:34:5 'isOpen' overrides nothing.
e: file:///Users/jim/work/v2superbikeshed/Trikeshed/src/commonMain/kotlin/borg/trikeshed/reactor/quic/QuicChannel.kt:36:5 'register' overrides nothing.
e: file:///Users/jim/work/v2superbikeshed/Trikeshed/src/commonMain/kotlin/borg/trikeshed/reactor/quic/QuicDsl.kt:30:5 Cannot infer type for this parameter. Specify it explicitly.
e: file:///Users/jim/work/v2superbikeshed/Trikeshed/src/commonMain/kotlin/borg/trikeshed/reactor/quic/QuicDsl.kt:31:9 Interface 'interface QuicServer : Any' does not have constructors.
e: file:///Users/jim/work/v2superbikeshed/Trikeshed/src/commonMain/kotlin/borg/trikeshed/reactor/quic/QuicDsl.kt:31:28 Unresolved reference 'start'.
e: file:///Users/jim/work/v2superbikeshed/Trikeshed/src/commonMain/kotlin/borg/trikeshed/reactor/quic/QuicServer.kt:4:27 Unresolved reference 's_'.
e: file:///Users/jim/work/v2superbikeshed/Trikeshed/src/commonMain/kotlin/borg/trikeshed/reactor/quic/QuicServer.kt:22:11 Redeclaration:
class QuicServer : Any
e: file:///Users/jim/work/v2superbikeshed/Trikeshed/src/commonMain/kotlin/borg/trikeshed/reactor/quic/QuicServer.kt:28:7 Redeclaration:
interface QuicServer : Any
e: file:///Users/jim/work/v2superbikeshed/Trikeshed/src/commonMain/kotlin/borg/trikeshed/reactor/quic/QuicServer.kt:33:40 Unresolved reference 'config'.
e: file:///Users/jim/work/v2superbikeshed/Trikeshed/src/commonMain/kotlin/borg/trikeshed/reactor/quic/QuicServer.kt:33:53 Unresolved reference 'config'.
e: file:///Users/jim/work/v2superbikeshed/Trikeshed/src/commonMain/kotlin/borg/trikeshed/reactor/quic/QuicServer.kt:35:48 Unresolved reference 'config'.
e: file:///Users/jim/work/v2superbikeshed/Trikeshed/src/commonMain/kotlin/borg/trikeshed/reactor/quic/QuicServer.kt:40:46 Unresolved reference 'config'.
e: file:///Users/jim/work/v2superbikeshed/Trikeshed/src/commonMain/kotlin/borg/trikeshed/reactor/quic/QuicServer.kt:46:60 Unresolved reference 'config'.
e: file:///Users/jim/work/v2superbikeshed/Trikeshed/src/commonMain/kotlin/borg/trikeshed/reactor/quic/QuicServer.kt:107:35 Unresolved reference 's_'.
e: file:///Users/jim/work/v2superbikeshed/Trikeshed/src/commonMain/kotlin/borg/trikeshed/reactor/quic/QuicServer.kt:113:51 Argument type mismatch: actual type is 'Array<Byte>', but 'ByteArray!' was expected.
e: file:///Users/jim/work/v2superbikeshed/Trikeshed/src/commonMain/kotlin/borg/trikeshed/reactor/socks/Socks5Demo.kt:33:9 Unresolved reference 'Socks5Evolution'.
e: file:///Users/jim/work/v2superbikeshed/Trikeshed/src/commonMain/kotlin/borg/trikeshed/reactor/socks/Socks5Demo.kt:44:54 Overload resolution ambiguity between candidates:
fun ByteArray.toIndexed(): Join<Int, Function1<Int, Byte>>
fun <T> Any.toIndexed(): Join<Int, Function1<Int, T>>
fun ByteArray.toIndexed(): Join<Int, Function1<Int, Byte>>
e: file:///Users/jim/work/v2superbikeshed/Trikeshed/src/commonMain/kotlin/borg/trikeshed/reactor/socks/Socks5Demo.kt:46:23 Unresolved reference 'Socks5Evolution'.
e: file:///Users/jim/work/v2superbikeshed/Trikeshed/src/commonMain/kotlin/borg/trikeshed/reactor/socks/Socks5Demo.kt:49:59 Unresolved reference 'version'.
e: file:///Users/jim/work/v2superbikeshed/Trikeshed/src/commonMain/kotlin/borg/trikeshed/reactor/socks/Socks5Demo.kt:50:46 Unresolved reference 'methods'.
e: file:///Users/jim/work/v2superbikeshed/Trikeshed/src/commonMain/kotlin/borg/trikeshed/reactor/socks/Socks5Demo.kt:51:49 Unresolved reference 'scanCount'.
e: file:///Users/jim/work/v2superbikeshed/Trikeshed/src/commonMain/kotlin/borg/trikeshed/reactor/socks/Socks5Demo.kt:53:28 Unresolved reference 'Socks5Evolution'.
e: file:///Users/jim/work/v2superbikeshed/Trikeshed/src/commonMain/kotlin/borg/trikeshed/reactor/socks/Socks5Demo.kt:53:68 Unresolved reference 'Socks5Evolution'.
e: file:///Users/jim/work/v2superbikeshed/Trikeshed/src/commonMain/kotlin/borg/trikeshed/reactor/socks/Socks5Demo.kt:70:52 Overload resolution ambiguity between candidates:
fun ByteArray.toIndexed(): Join<Int, Function1<Int, Byte>>
fun <T> Any.toIndexed(): Join<Int, Function1<Int, T>>
fun ByteArray.toIndexed(): Join<Int, Function1<Int, Byte>>
e: file:///Users/jim/work/v2superbikeshed/Trikeshed/src/commonMain/kotlin/borg/trikeshed/reactor/socks/Socks5Demo.kt:72:23 Unresolved reference 'Socks5Evolution'.
e: file:///Users/jim/work/v2superbikeshed/Trikeshed/src/commonMain/kotlin/borg/trikeshed/reactor/socks/Socks5Demo.kt:75:59 Unresolved reference 'version'.
e: file:///Users/jim/work/v2superbikeshed/Trikeshed/src/commonMain/kotlin/borg/trikeshed/reactor/socks/Socks5Demo.kt:76:69 Unresolved reference 'command'.
e: file:///Users/jim/work/v2superbikeshed/Trikeshed/src/commonMain/kotlin/borg/trikeshed/reactor/socks/Socks5Demo.kt:76:96 Unresolved reference 'command'.
e: file:///Users/jim/work/v2superbikeshed/Trikeshed/src/commonMain/kotlin/borg/trikeshed/reactor/socks/Socks5Demo.kt:77:78 Unresolved reference 'addressType'.
e: file:///Users/jim/work/v2superbikeshed/Trikeshed/src/commonMain/kotlin/borg/trikeshed/reactor/socks/Socks5Demo.kt:77:109 Unresolved reference 'addressType'.
e: file:///Users/jim/work/v2superbikeshed/Trikeshed/src/commonMain/kotlin/borg/trikeshed/reactor/socks/Socks5Demo.kt:78:50 Unresolved reference 'destinationAddress'.
e: file:///Users/jim/work/v2superbikeshed/Trikeshed/src/commonMain/kotlin/borg/trikeshed/reactor/socks/Socks5Demo.kt:78:94 Unresolved reference 'destinationPort'.
e: file:///Users/jim/work/v2superbikeshed/Trikeshed/src/commonMain/kotlin/borg/trikeshed/reactor/socks/Socks5Demo.kt:79:49 Unresolved reference 'scanCount'.
e: file:///Users/jim/work/v2superbikeshed/Trikeshed/src/commonMain/kotlin/borg/trikeshed/reactor/socks/Socks5Demo.kt:81:28 Unresolved reference 'Socks5Evolution'.
e: file:///Users/jim/work/v2superbikeshed/Trikeshed/src/commonMain/kotlin/borg/trikeshed/reactor/socks/Socks5Demo.kt:82:25 Unresolved reference 'Socks5Evolution'.
e: file:///Users/jim/work/v2superbikeshed/Trikeshed/src/commonMain/kotlin/borg/trikeshed/reactor/socks/Socks5Demo.kt:83:39 Unresolved reference 'addressType'.
e: file:///Users/jim/work/v2superbikeshed/Trikeshed/src/commonMain/kotlin/borg/trikeshed/reactor/socks/Socks5Demo.kt:84:40 Unresolved reference 'destinationAddress'.
e: file:///Users/jim/work/v2superbikeshed/Trikeshed/src/commonMain/kotlin/borg/trikeshed/reactor/socks/Socks5Demo.kt:85:37 Unresolved reference 'destinationPort'.
e: file:///Users/jim/work/v2superbikeshed/Trikeshed/src/commonMain/kotlin/borg/trikeshed/reactor/socks/Socks5Demo.kt:103:63 Overload resolution ambiguity between candidates:
fun ByteArray.toIndexed(): Join<Int, Function1<Int, Byte>>
fun <T> Any.toIndexed(): Join<Int, Function1<Int, T>>
fun ByteArray.toIndexed(): Join<Int, Function1<Int, Byte>>
e: file:///Users/jim/work/v2superbikeshed/Trikeshed/src/commonMain/kotlin/borg/trikeshed/reactor/socks/Socks5Demo.kt:105:32 Unresolved reference 'Socks5Evolution'.
e: file:///Users/jim/work/v2superbikeshed/Trikeshed/src/commonMain/kotlin/borg/trikeshed/reactor/socks/Socks5Demo.kt:107:44 Unresolved reference 'scanCount'.
e: file:///Users/jim/work/v2superbikeshed/Trikeshed/src/commonMain/kotlin/borg/trikeshed/reactor/socks/Socks5Demo.kt:108:65 Unresolved reference 'scanCount'.
e: file:///Users/jim/work/v2superbikeshed/Trikeshed/src/commonMain/kotlin/borg/trikeshed/reactor/socks/Socks5Demo.kt:110:37 Unresolved reference 'Socks5Evolution'.
e: file:///Users/jim/work/v2superbikeshed/Trikeshed/src/commonMain/kotlin/borg/trikeshed/reactor/socks/Socks5Demo.kt:110:77 Unresolved reference 'Socks5Evolution'.
e: file:///Users/jim/work/v2superbikeshed/Trikeshed/src/commonMain/kotlin/borg/trikeshed/reactor/socks/Socks5Demo.kt:121:59 Overload resolution ambiguity between candidates:
fun ByteArray.toIndexed(): Join<Int, Function1<Int, Byte>>
fun <T> Any.toIndexed(): Join<Int, Function1<Int, T>>
fun ByteArray.toIndexed(): Join<Int, Function1<Int, Byte>>
e: file:///Users/jim/work/v2superbikeshed/Trikeshed/src/commonMain/kotlin/borg/trikeshed/reactor/socks/Socks5Demo.kt:123:28 Unresolved reference 'Socks5Evolution'.
e: file:///Users/jim/work/v2superbikeshed/Trikeshed/src/commonMain/kotlin/borg/trikeshed/reactor/socks/Socks5Demo.kt:125:40 Unresolved reference 'scanCount'.
e: file:///Users/jim/work/v2superbikeshed/Trikeshed/src/commonMain/kotlin/borg/trikeshed/reactor/socks/Socks5Demo.kt:126:57 Unresolved reference 'scanCount'.
e: file:///Users/jim/work/v2superbikeshed/Trikeshed/src/commonMain/kotlin/borg/trikeshed/reactor/socks/Socks5Demo.kt:128:33 Unresolved reference 'Socks5Evolution'.
e: file:///Users/jim/work/v2superbikeshed/Trikeshed/src/commonMain/kotlin/borg/trikeshed/reactor/socks/Socks5Demo.kt:129:25 Unresolved reference 'Socks5Evolution'.
e: file:///Users/jim/work/v2superbikeshed/Trikeshed/src/commonMain/kotlin/borg/trikeshed/reactor/socks/Socks5Demo.kt:130:44 Unresolved reference 'addressType'.
e: file:///Users/jim/work/v2superbikeshed/Trikeshed/src/commonMain/kotlin/borg/trikeshed/reactor/socks/Socks5Demo.kt:131:45 Unresolved reference 'destinationAddress'.
e: file:///Users/jim/work/v2superbikeshed/Trikeshed/src/commonMain/kotlin/borg/trikeshed/reactor/socks/Socks5Demo.kt:132:42 Unresolved reference 'destinationPort'.
e: file:///Users/jim/work/v2superbikeshed/Trikeshed/src/commonMain/kotlin/borg/trikeshed/reactor/socks/Socks5Demo.kt:178:45 Overload resolution ambiguity between candidates:
fun ByteArray.toIndexed(): Join<Int, Function1<Int, Byte>>
fun <T> Any.toIndexed(): Join<Int, Function1<Int, T>>
fun ByteArray.toIndexed(): Join<Int, Function1<Int, Byte>>
e: file:///Users/jim/work/v2superbikeshed/Trikeshed/src/commonMain/kotlin/borg/trikeshed/reactor/socks/Socks5Demo.kt:179:23 Unresolved reference 'Socks5Evolution'.
e: file:///Users/jim/work/v2superbikeshed/Trikeshed/src/commonMain/kotlin/borg/trikeshed/reactor/socks/Socks5Demo.kt:182:41 Unresolved reference 'addressType'.
e: file:///Users/jim/work/v2superbikeshed/Trikeshed/src/commonMain/kotlin/borg/trikeshed/reactor/socks/Socks5Demo.kt:183:17 Unresolved reference 'Socks5Evolution'.
e: file:///Users/jim/work/v2superbikeshed/Trikeshed/src/commonMain/kotlin/borg/trikeshed/reactor/socks/Socks5Demo.kt:183:54 Unresolved reference 'destinationAddress'.
e: file:///Users/jim/work/v2superbikeshed/Trikeshed/src/commonMain/kotlin/borg/trikeshed/reactor/socks/Socks5Demo.kt:184:17 Unresolved reference 'Socks5Evolution'.
e: file:///Users/jim/work/v2superbikeshed/Trikeshed/src/commonMain/kotlin/borg/trikeshed/reactor/socks/Socks5Demo.kt:184:56 Unresolved reference 'destinationAddress'.
e: file:///Users/jim/work/v2superbikeshed/Trikeshed/src/commonMain/kotlin/borg/trikeshed/reactor/socks/Socks5Demo.kt:185:17 Unresolved reference 'Socks5Evolution'.
e: file:///Users/jim/work/v2superbikeshed/Trikeshed/src/commonMain/kotlin/borg/trikeshed/reactor/socks/Socks5Demo.kt:185:54 Unresolved reference 'destinationAddress'.
e: file:///Users/jim/work/v2superbikeshed/Trikeshed/src/commonMain/kotlin/borg/trikeshed/reactor/socks/Socks5Demo.kt:188:54 Unresolved reference 'destinationPort'.
e: file:///Users/jim/work/v2superbikeshed/Trikeshed/src/commonMain/kotlin/borg/trikeshed/reactor/socks/Socks5Demo.kt:188:82 Unresolved reference 'scanCount'.
e: file:///Users/jim/work/v2superbikeshed/Trikeshed/src/commonMain/kotlin/borg/trikeshed/reactor/socks/Socks5Demo.kt:196:13 Unresolved reference 'Socks5Evolution'.
e: file:///Users/jim/work/v2superbikeshed/Trikeshed/src/commonMain/kotlin/borg/trikeshed/reactor/socks/Socks5Demo.kt:197:13 Unresolved reference 'Socks5Evolution'.
e: file:///Users/jim/work/v2superbikeshed/Trikeshed/src/commonMain/kotlin/borg/trikeshed/reactor/socks/Socks5Demo.kt:198:13 Unresolved reference 'Socks5Evolution'.
e: file:///Users/jim/work/v2superbikeshed/Trikeshed/src/commonMain/kotlin/borg/trikeshed/reactor/socks/Socks5Demo.kt:205:13 Unresolved reference 'Socks5Evolution'.
e: file:///Users/jim/work/v2superbikeshed/Trikeshed/src/commonMain/kotlin/borg/trikeshed/reactor/socks/Socks5Demo.kt:206:13 Unresolved reference 'Socks5Evolution'.
e: file:///Users/jim/work/v2superbikeshed/Trikeshed/src/commonMain/kotlin/borg/trikeshed/reactor/socks/Socks5Demo.kt:207:13 Unresolved reference 'Socks5Evolution'.
e: file:///Users/jim/work/v2superbikeshed/Trikeshed/src/commonMain/kotlin/borg/trikeshed/reactor/socks/Socks5Demo.kt:218:20 Unresolved reference 'Socks5Evolution'.
e: file:///Users/jim/work/v2superbikeshed/Trikeshed/src/commonMain/kotlin/borg/trikeshed/reactor/socks/Socks5Demo.kt:218:49 Unresolved reference 'Socks5Evolution'.
e: file:///Users/jim/work/v2superbikeshed/Trikeshed/src/commonMain/kotlin/borg/trikeshed/reactor/socks/Socks5Demo.kt:219:36 Unresolved reference 'Socks5Evolution'.
e: file:///Users/jim/work/v2superbikeshed/Trikeshed/src/commonMain/kotlin/borg/trikeshed/reactor/socks/Socks5Demo.kt:220:22 Unresolved reference 'Socks5Evolution'.
e: file:///Users/jim/work/v2superbikeshed/Trikeshed/src/commonMain/kotlin/borg/trikeshed/reactor/socks/Socks5Recursive.kt:221:25 Cannot infer type for this parameter. Specify it explicitly.
e: file:///Users/jim/work/v2superbikeshed/Trikeshed/src/commonMain/kotlin/borg/trikeshed/reactor/socks/Socks5Recursive.kt:221:25 Not enough information to infer type argument for 'B'.
e: file:///Users/jim/work/v2superbikeshed/Trikeshed/src/commonMain/kotlin/borg/trikeshed/reactor/socks/Socks5Recursive.kt:221:29 Cannot infer type for this parameter. Specify it explicitly.
e: file:///Users/jim/work/v2superbikeshed/Trikeshed/src/commonMain/kotlin/borg/trikeshed/reactor/socks/Socks5Recursive.kt:223:16 Cannot infer type for this parameter. Specify it explicitly.
e: file:///Users/jim/work/v2superbikeshed/Trikeshed/src/commonMain/kotlin/borg/trikeshed/reactor/socks/Socks5Recursive.kt:223:16 Not enough information to infer type argument for 'A'.
e: file:///Users/jim/work/v2superbikeshed/Trikeshed/src/commonMain/kotlin/borg/trikeshed/reactor/socks/Socks5Recursive.kt:266:28 Cannot infer type for this parameter. Specify it explicitly.
e: file:///Users/jim/work/v2superbikeshed/Trikeshed/src/commonMain/kotlin/borg/trikeshed/reactor/socks/Socks5Recursive.kt:266:28 Unresolved reference. None of the following candidates is applicable because of a receiver type mismatch:
fun <T> Join<Int, Function1<Int, Join<Any?, TypeMemento>>>.get(column: Column<T>): T?
e: file:///Users/jim/work/v2superbikeshed/Trikeshed/src/commonMain/kotlin/borg/trikeshed/reactor/socks/Socks5Recursive.kt:267:36 Unresolved reference 'scanCount'.
e: file:///Users/jim/work/v2superbikeshed/Trikeshed/src/commonMain/kotlin/borg/trikeshed/reactor/socks/Socks5Recursive.kt:369:54 Overload resolution ambiguity between candidates:
fun ByteArray.toIndexed(): Join<Int, Function1<Int, Byte>>
fun <T> Any.toIndexed(): Join<Int, Function1<Int, T>>
fun ByteArray.toIndexed(): Join<Int, Function1<Int, Byte>>
e: file:///Users/jim/work/v2superbikeshed/Trikeshed/src/commonMain/kotlin/borg/trikeshed/reactor/socks/Socks5Recursive.kt:388:63 Overload resolution ambiguity between candidates:
fun ByteArray.toIndexed(): Join<Int, Function1<Int, Byte>>
fun <T> Any.toIndexed(): Join<Int, Function1<Int, T>>
fun ByteArray.toIndexed(): Join<Int, Function1<Int, Byte>>
e: file:///Users/jim/work/v2superbikeshed/Trikeshed/src/commonMain/kotlin/borg/trikeshed/reactor/socks/Socks5Recursive.kt:393:59 Overload resolution ambiguity between candidates:
fun ByteArray.toIndexed(): Join<Int, Function1<Int, Byte>>
fun <T> Any.toIndexed(): Join<Int, Function1<Int, T>>
fun ByteArray.toIndexed(): Join<Int, Function1<Int, Byte>>
e: file:///Users/jim/work/v2superbikeshed/Trikeshed/src/commonMain/kotlin/borg/trikeshed/reactor/socks/Socks5Recursive.kt:405:76 Overload resolution ambiguity between candidates:
fun ByteArray.toIndexed(): Join<Int, Function1<Int, Byte>>
fun <T> Any.toIndexed(): Join<Int, Function1<Int, T>>
fun ByteArray.toIndexed(): Join<Int, Function1<Int, Byte>>
e: file:///Users/jim/work/v2superbikeshed/Trikeshed/src/commonMain/kotlin/borg/trikeshed/reactor/socks/Socks5Simple.kt:33:35 Cannot infer type for this parameter. Specify it explicitly.
e: file:///Users/jim/work/v2superbikeshed/Trikeshed/src/commonMain/kotlin/borg/trikeshed/reactor/socks/Socks5Simple.kt:33:35 Not enough information to infer type argument for 'B'.
e: file:///Users/jim/work/v2superbikeshed/Trikeshed/src/commonMain/kotlin/borg/trikeshed/reactor/socks/Socks5Simple.kt:33:39 Cannot infer type for this parameter. Specify it explicitly.
e: file:///Users/jim/work/v2superbikeshed/Trikeshed/src/commonMain/kotlin/borg/trikeshed/reactor/socks/Socks5Simple.kt:55:33 Cannot infer type for this parameter. Specify it explicitly.
e: file:///Users/jim/work/v2superbikeshed/Trikeshed/src/commonMain/kotlin/borg/trikeshed/reactor/socks/Socks5Simple.kt:55:33 Not enough information to infer type argument for 'B'.
e: file:///Users/jim/work/v2superbikeshed/Trikeshed/src/commonMain/kotlin/borg/trikeshed/reactor/socks/Socks5Simple.kt:55:37 Cannot infer type for this parameter. Specify it explicitly.
e: file:///Users/jim/work/v2superbikeshed/Trikeshed/src/commonMain/kotlin/borg/trikeshed/reactor/socks/Socks5Simple.kt:95:27 Argument type mismatch: actual type is 'Byte', but 'K (of fun <K> WHEN_CALL)' was expected.
e: file:///Users/jim/work/v2superbikeshed/Trikeshed/src/commonMain/kotlin/borg/trikeshed/reactor/socks/Socks5Simple.kt:96:27 Argument type mismatch: actual type is 'Byte', but 'K (of fun <K> WHEN_CALL)' was expected.
e: file:///Users/jim/work/v2superbikeshed/Trikeshed/src/commonMain/kotlin/borg/trikeshed/reactor/socks/Socks5Simple.kt:97:27 Argument type mismatch: actual type is 'Int', but 'K (of fun <K> WHEN_CALL)' was expected.
e: file:///Users/jim/work/v2superbikeshed/Trikeshed/src/commonMain/kotlin/borg/trikeshed/reactor/socks/Socks5Simple.kt:98:27 Argument type mismatch: actual type is 'Byte', but 'K (of fun <K> WHEN_CALL)' was expected.
e: file:///Users/jim/work/v2superbikeshed/Trikeshed/src/commonMain/kotlin/borg/trikeshed/reactor/socks/Socks5Simple.kt:99:49 Argument type mismatch: actual type is 'T? (of fun <T> Join<Int, Function1<Int, Join<Any?, TypeMemento>>>.get)', but 'K (of fun <K> WHEN_CALL)' was expected.
e: file:///Users/jim/work/v2superbikeshed/Trikeshed/src/commonMain/kotlin/borg/trikeshed/reactor/socks/Socks5Simple.kt:99:49 Argument type mismatch: actual type is 'Join<Int, Function1<Int, Join<Any?, TypeMemento>>>', but 'Join<Int, Function1<Int, Byte>>' was expected.
e: file:///Users/jim/work/v2superbikeshed/Trikeshed/src/commonMain/kotlin/borg/trikeshed/reactor/socks/Socks5Simple.kt:99:49 Cannot infer type for this parameter. Specify it explicitly.
e: file:///Users/jim/work/v2superbikeshed/Trikeshed/src/commonMain/kotlin/borg/trikeshed/reactor/socks/Socks5Simple.kt:99:49 Unresolved reference. None of the following candidates is applicable because of a receiver type mismatch:
fun <T> Join<Int, Function1<Int, Join<Any?, TypeMemento>>>.get(column: Column<T>): T?
e: file:///Users/jim/work/v2superbikeshed/Trikeshed/src/commonMain/kotlin/borg/trikeshed/reactor/socks/Socks5Simple.kt:102:21 Argument type mismatch: actual type is 'Byte', but 'K (of fun <K> WHEN_CALL)' was expected.
e: file:///Users/jim/work/v2superbikeshed/Trikeshed/src/commonMain/kotlin/borg/trikeshed/reactor/socks/Socks5Simple.kt:172:54 Overload resolution ambiguity between candidates:
fun ByteArray.toIndexed(): Join<Int, Function1<Int, Byte>>
fun <T> Any.toIndexed(): Join<Int, Function1<Int, T>>
fun ByteArray.toIndexed(): Join<Int, Function1<Int, Byte>>
e: file:///Users/jim/work/v2superbikeshed/Trikeshed/src/commonMain/kotlin/borg/trikeshed/reactor/socks/Socks5Simple.kt:195:52 Overload resolution ambiguity between candidates:
fun ByteArray.toIndexed(): Join<Int, Function1<Int, Byte>>
fun <T> Any.toIndexed(): Join<Int, Function1<Int, T>>
fun ByteArray.toIndexed(): Join<Int, Function1<Int, Byte>>
e: file:///Users/jim/work/v2superbikeshed/Trikeshed/src/commonMain/kotlin/borg/trikeshed/reactor/socks/Socks5Simple.kt:223:63 Overload resolution ambiguity between candidates:
fun ByteArray.toIndexed(): Join<Int, Function1<Int, Byte>>
fun <T> Any.toIndexed(): Join<Int, Function1<Int, T>>
fun ByteArray.toIndexed(): Join<Int, Function1<Int, Byte>>
e: file:///Users/jim/work/v2superbikeshed/Trikeshed/src/commonMain/kotlin/borg/trikeshed/reactor/socks/Socks5Simple.kt:237:59 Overload resolution ambiguity between candidates:
fun ByteArray.toIndexed(): Join<Int, Function1<Int, Byte>>
fun <T> Any.toIndexed(): Join<Int, Function1<Int, T>>
fun ByteArray.toIndexed(): Join<Int, Function1<Int, Byte>>
e: file:///Users/jim/work/v2superbikeshed/Trikeshed/src/commonMain/kotlin/borg/trikeshed/reactor/socks/Socks5Simple.kt:256:21 Not enough information to infer type argument for 'K'.
e: file:///Users/jim/work/v2superbikeshed/Trikeshed/src/commonMain/kotlin/borg/trikeshed/reactor/socks/Socks5Simple.kt:257:41 Cannot infer type for this parameter. Specify it explicitly.
e: file:///Users/jim/work/v2superbikeshed/Trikeshed/src/commonMain/kotlin/borg/trikeshed/reactor/socks/Socks5Simple.kt:257:41 Not enough information to infer type argument for 'B'.
e: file:///Users/jim/work/v2superbikeshed/Trikeshed/src/commonMain/kotlin/borg/trikeshed/reactor/socks/Socks5Simple.kt:257:45 Cannot infer type for this parameter. Specify it explicitly.
e: file:///Users/jim/work/v2superbikeshed/Trikeshed/src/commonMain/kotlin/borg/trikeshed/reactor/socks/Socks5Simple.kt:261:33 Cannot infer type for this parameter. Specify it explicitly.
e: file:///Users/jim/work/v2superbikeshed/Trikeshed/src/commonMain/kotlin/borg/trikeshed/reactor/socks/Socks5Simple.kt:261:33 Not enough information to infer type argument for 'A'.
e: file:///Users/jim/work/v2superbikeshed/Trikeshed/src/commonMain/kotlin/borg/trikeshed/reactor/socks/Socks5Simple.kt:264:17 Unresolved reference 'ATYP_DOMAINNAME'.
e: file:///Users/jim/work/v2superbikeshed/Trikeshed/src/commonMain/kotlin/borg/trikeshed/reactor/socks/Socks5Simple.kt:267:25 Not enough information to infer type argument for 'K'.
e: file:///Users/jim/work/v2superbikeshed/Trikeshed/src/commonMain/kotlin/borg/trikeshed/reactor/socks/Socks5Simple.kt:268:55 Cannot infer type for this parameter. Specify it explicitly.
e: file:///Users/jim/work/v2superbikeshed/Trikeshed/src/commonMain/kotlin/borg/trikeshed/reactor/socks/Socks5Simple.kt:268:55 Not enough information to infer type argument for 'B'.
e: file:///Users/jim/work/v2superbikeshed/Trikeshed/src/commonMain/kotlin/borg/trikeshed/reactor/socks/Socks5Simple.kt:268:59 Cannot infer type for this parameter. Specify it explicitly.
e: file:///Users/jim/work/v2superbikeshed/Trikeshed/src/commonMain/kotlin/borg/trikeshed/reactor/socks/Socks5Simple.kt:272:36 Cannot infer type for this parameter. Specify it explicitly.
e: file:///Users/jim/work/v2superbikeshed/Trikeshed/src/commonMain/kotlin/borg/trikeshed/reactor/socks/Socks5Simple.kt:272:36 Not enough information to infer type argument for 'A'.
e: file:///Users/jim/work/v2superbikeshed/Trikeshed/src/commonMain/kotlin/borg/trikeshed/reactor/socks/Socks5Simple.kt:276:17 Unresolved reference 'ATYP_IPV6'.
e: file:///Users/jim/work/v2superbikeshed/Trikeshed/src/commonMain/kotlin/borg/trikeshed/reactor/socks/Socks5Simple.kt:277:21 Not enough information to infer type argument for 'K'.
e: file:///Users/jim/work/v2superbikeshed/Trikeshed/src/commonMain/kotlin/borg/trikeshed/reactor/socks/Socks5Simple.kt:278:42 Cannot infer type for this parameter. Specify it explicitly.
e: file:///Users/jim/work/v2superbikeshed/Trikeshed/src/commonMain/kotlin/borg/trikeshed/reactor/socks/Socks5Simple.kt:278:42 Not enough information to infer type argument for 'B'.
e: file:///Users/jim/work/v2superbikeshed/Trikeshed/src/commonMain/kotlin/borg/trikeshed/reactor/socks/Socks5Simple.kt:278:46 Cannot infer type for this parameter. Specify it explicitly.
e: file:///Users/jim/work/v2superbikeshed/Trikeshed/src/commonMain/kotlin/borg/trikeshed/reactor/socks/Socks5Simple.kt:282:33 Cannot infer type for this parameter. Specify it explicitly.
e: file:///Users/jim/work/v2superbikeshed/Trikeshed/src/commonMain/kotlin/borg/trikeshed/reactor/socks/Socks5Simple.kt:282:33 Not enough information to infer type argument for 'A'.
e: file:///Users/jim/work/v2superbikeshed/Trikeshed/src/commonMain/kotlin/borg/trikeshed/reactor/socks/Socks5Simple.kt:308:35 Argument type mismatch: actual type is 'Byte', but 'K (of fun <K> WHEN_CALL)' was expected.
e: file:///Users/jim/work/v2superbikeshed/Trikeshed/src/commonMain/kotlin/borg/trikeshed/reactor/socks/Socks5Simple.kt:309:35 Argument type mismatch: actual type is 'Byte', but 'K (of fun <K> WHEN_CALL)' was expected.
e: file:///Users/jim/work/v2superbikeshed/Trikeshed/src/commonMain/kotlin/borg/trikeshed/reactor/socks/Socks5Simple.kt:310:35 Argument type mismatch: actual type is 'Int', but 'K (of fun <K> WHEN_CALL)' was expected.
e: file:///Users/jim/work/v2superbikeshed/Trikeshed/src/commonMain/kotlin/borg/trikeshed/reactor/socks/Socks5Simple.kt:311:35 Argument type mismatch: actual type is 'Byte', but 'K (of fun <K> WHEN_CALL)' was expected.
e: file:///Users/jim/work/v2superbikeshed/Trikeshed/src/commonMain/kotlin/borg/trikeshed/reactor/socks/Socks5Simple.kt:312:57 Argument type mismatch: actual type is 'T? (of fun <T> Join<Int, Function1<Int, Join<Any?, TypeMemento>>>.get)', but 'K (of fun <K> WHEN_CALL)' was expected.
e: file:///Users/jim/work/v2superbikeshed/Trikeshed/src/commonMain/kotlin/borg/trikeshed/reactor/socks/Socks5Simple.kt:312:57 Argument type mismatch: actual type is 'Join<Int, Function1<Int, Join<Any?, TypeMemento>>>', but 'Join<Int, Function1<Int, Byte>>' was expected.
e: file:///Users/jim/work/v2superbikeshed/Trikeshed/src/commonMain/kotlin/borg/trikeshed/reactor/socks/Socks5Simple.kt:312:57 Cannot infer type for this parameter. Specify it explicitly.
e: file:///Users/jim/work/v2superbikeshed/Trikeshed/src/commonMain/kotlin/borg/trikeshed/reactor/socks/Socks5Simple.kt:312:57 Unresolved reference. None of the following candidates is applicable because of a receiver type mismatch:
fun <T> Join<Int, Function1<Int, Join<Any?, TypeMemento>>>.get(column: Column<T>): T?
e: file:///Users/jim/work/v2superbikeshed/Trikeshed/src/commonMain/kotlin/borg/trikeshed/reactor/socks/Socks5Simple.kt:315:25 Argument type mismatch: actual type is 'Byte', but 'K (of fun <K> WHEN_CALL)' was expected.
e: file:///Users/jim/work/v2superbikeshed/Trikeshed/src/commonMain/kotlin/borg/trikeshed/reactor/socks/SocksChannel.kt:11:1 Class 'SocksChannel' is not abstract and does not implement abstract members:
expect suspend fun close(): Unit
expect val isOpen: Boolean
expect fun configureBlocking(block: Boolean): SelectableChannel
expect val isBlocking: Boolean
e: file:///Users/jim/work/v2superbikeshed/Trikeshed/src/commonMain/kotlin/borg/trikeshed/reactor/socks/SocksChannel.kt:16:40 Unresolved reference 'CoroutineContext'.
e: file:///Users/jim/work/v2superbikeshed/Trikeshed/src/commonMain/kotlin/borg/trikeshed/reactor/socks/SocksChannel.kt:22:5 'close' overrides nothing. Potential signatures for overriding:
expect suspend fun close(): Unit
e: file:///Users/jim/work/v2superbikeshed/Trikeshed/src/commonMain/kotlin/borg/trikeshed/reactor/socks/SocksChannel.kt:22:14 Conflicting overloads:
fun close(): Unit
expect suspend fun close(): Unit
e: file:///Users/jim/work/v2superbikeshed/Trikeshed/src/commonMain/kotlin/borg/trikeshed/reactor/socks/SocksChannel.kt:26:5 'isOpen' overrides nothing.
e: file:///Users/jim/work/v2superbikeshed/Trikeshed/src/commonMain/kotlin/borg/trikeshed/reactor/socks/SocksChannel.kt:28:5 'register' overrides nothing.
e: file:///Users/jim/work/v2superbikeshed/Trikeshed/src/commonMain/kotlin/borg/trikeshed/reactor/socks/SocksChannel.kt:52:68 No value passed for parameter 'a'.
e: file:///Users/jim/work/v2superbikeshed/Trikeshed/src/commonMain/kotlin/borg/trikeshed/reactor/socks/SocksChannel.kt:52:68 No value passed for parameter 'b'.
e: file:///Users/jim/work/v2superbikeshed/Trikeshed/src/commonMain/kotlin/borg/trikeshed/reactor/socks/SocksFactory.kt:442:23 Cannot infer type for this parameter. Specify it explicitly.
e: file:///Users/jim/work/v2superbikeshed/Trikeshed/src/commonMain/kotlin/borg/trikeshed/reactor/socks/SocksFactory.kt:442:23 Unresolved reference. None of the following candidates is applicable because of a receiver type mismatch:
fun <T> Join<Int, Function1<Int, Join<Any?, TypeMemento>>>.get(column: Column<T>): T?
e: file:///Users/jim/work/v2superbikeshed/Trikeshed/src/commonMain/kotlin/borg/trikeshed/reactor/socks/SocksFactory.kt:443:23 Cannot infer type for this parameter. Specify it explicitly.
e: file:///Users/jim/work/v2superbikeshed/Trikeshed/src/commonMain/kotlin/borg/trikeshed/reactor/socks/SocksFactory.kt:443:23 Unresolved reference. None of the following candidates is applicable because of a receiver type mismatch:
fun <T> Join<Int, Function1<Int, Join<Any?, TypeMemento>>>.get(column: Column<T>): T?
e: file:///Users/jim/work/v2superbikeshed/Trikeshed/src/commonMain/kotlin/borg/trikeshed/reactor/socks/SocksFactory.kt:444:24 Cannot infer type for this parameter. Specify it explicitly.
e: file:///Users/jim/work/v2superbikeshed/Trikeshed/src/commonMain/kotlin/borg/trikeshed/reactor/socks/SocksFactory.kt:444:24 Unresolved reference. None of the following candidates is applicable because of a receiver type mismatch:
fun <T> Join<Int, Function1<Int, Join<Any?, TypeMemento>>>.get(column: Column<T>): T?
e: file:///Users/jim/work/v2superbikeshed/Trikeshed/src/commonMain/kotlin/borg/trikeshed/reactor/socks/SocksFactory.kt:445:27 Cannot infer type for this parameter. Specify it explicitly.
e: file:///Users/jim/work/v2superbikeshed/Trikeshed/src/commonMain/kotlin/borg/trikeshed/reactor/socks/SocksFactory.kt:445:27 Unresolved reference. None of the following candidates is applicable because of a receiver type mismatch:
fun <T> Join<Int, Function1<Int, Join<Any?, TypeMemento>>>.get(column: Column<T>): T?
e: file:///Users/jim/work/v2superbikeshed/Trikeshed/src/commonMain/kotlin/borg/trikeshed/reactor/socks/SocksFactory.kt:484:21 Cannot infer type for this parameter. Specify it explicitly.
e: file:///Users/jim/work/v2superbikeshed/Trikeshed/src/commonMain/kotlin/borg/trikeshed/reactor/socks/SocksFactory.kt:484:21 Unresolved reference. None of the following candidates is applicable because of a receiver type mismatch:
fun <T> Join<Int, Function1<Int, Join<Any?, TypeMemento>>>.get(column: Column<T>): T?
e: file:///Users/jim/work/v2superbikeshed/Trikeshed/src/commonMain/kotlin/borg/trikeshed/reactor/socks/SocksFactory.kt:484:38 Argument type mismatch: actual type is 'Int', but 'BigInteger' was expected.
e: file:///Users/jim/work/v2superbikeshed/Trikeshed/src/commonMain/kotlin/borg/trikeshed/reactor/socks/SocksFactory.kt:484:46 Cannot infer type for this parameter. Specify it explicitly.
e: file:///Users/jim/work/v2superbikeshed/Trikeshed/src/commonMain/kotlin/borg/trikeshed/reactor/socks/SocksFactory.kt:484:46 Unresolved reference. None of the following candidates is applicable because of a receiver type mismatch:
fun <T> Join<Int, Function1<Int, Join<Any?, TypeMemento>>>.get(column: Column<T>): T?
e: file:///Users/jim/work/v2superbikeshed/Trikeshed/src/commonMain/kotlin/borg/trikeshed/reactor/socks/SocksFactory.kt:484:67 Argument type mismatch: actual type is 'Int', but 'BigInteger' was expected.
e: file:///Users/jim/work/v2superbikeshed/Trikeshed/src/commonMain/kotlin/borg/trikeshed/reactor/socks/SocksFactory.kt:484:75 Cannot infer type for this parameter. Specify it explicitly.
e: file:///Users/jim/work/v2superbikeshed/Trikeshed/src/commonMain/kotlin/borg/trikeshed/reactor/socks/SocksFactory.kt:484:75 Unresolved reference. None of the following candidates is applicable because of a receiver type mismatch:
fun <T> Join<Int, Function1<Int, Join<Any?, TypeMemento>>>.get(column: Column<T>): T?
e: file:///Users/jim/work/v2superbikeshed/Trikeshed/src/commonMain/kotlin/borg/trikeshed/reactor/socks/SocksFactory.kt:484:96 Argument type mismatch: actual type is 'Int', but 'BigInteger' was expected.
e: file:///Users/jim/work/v2superbikeshed/Trikeshed/src/commonMain/kotlin/borg/trikeshed/reactor/socks/SocksFactory.kt:484:104 Cannot infer type for this parameter. Specify it explicitly.
e: file:///Users/jim/work/v2superbikeshed/Trikeshed/src/commonMain/kotlin/borg/trikeshed/reactor/socks/SocksFactory.kt:484:104 Unresolved reference. None of the following candidates is applicable because of a receiver type mismatch:
fun <T> Join<Int, Function1<Int, Join<Any?, TypeMemento>>>.get(column: Column<T>): T?
e: file:///Users/jim/work/v2superbikeshed/Trikeshed/src/commonMain/kotlin/borg/trikeshed/reactor/socks/SocksFactory.kt:484:125 Argument type mismatch: actual type is 'Int', but 'BigInteger' was expected.
e: file:///Users/jim/work/v2superbikeshed/Trikeshed/src/commonMain/kotlin/borg/trikeshed/reactor/socks/SocksFactory.kt:485:22 Cannot infer type for this parameter. Specify it explicitly.
e: file:///Users/jim/work/v2superbikeshed/Trikeshed/src/commonMain/kotlin/borg/trikeshed/reactor/socks/SocksFactory.kt:485:22 Unresolved reference. None of the following candidates is applicable because of a receiver type mismatch:
fun <T> Join<Int, Function1<Int, Join<Any?, TypeMemento>>>.get(column: Column<T>): T?
e: file:///Users/jim/work/v2superbikeshed/Trikeshed/src/commonMain/kotlin/borg/trikeshed/reactor/socks/SocksFactory.kt:485:68 Cannot infer type for this parameter. Specify it explicitly.
e: file:///Users/jim/work/v2superbikeshed/Trikeshed/src/commonMain/kotlin/borg/trikeshed/reactor/socks/SocksFactory.kt:485:68 Unresolved reference. None of the following candidates is applicable because of a receiver type mismatch:
fun <T> Join<Int, Function1<Int, Join<Any?, TypeMemento>>>.get(column: Column<T>): T?
e: file:///Users/jim/work/v2superbikeshed/Trikeshed/src/commonMain/kotlin/borg/trikeshed/reactor/socks/SocksFactory.kt:486:55 Argument type mismatch: actual type is 'UShort', but 'Int' was expected.
e: file:///Users/jim/work/v2superbikeshed/Trikeshed/src/commonMain/kotlin/borg/trikeshed/reactor/socks/SocksFactory.kt:490:28 Cannot infer type for this parameter. Specify it explicitly.
e: file:///Users/jim/work/v2superbikeshed/Trikeshed/src/commonMain/kotlin/borg/trikeshed/reactor/socks/SocksFactory.kt:490:28 Unresolved reference. None of the following candidates is applicable because of a receiver type mismatch:
fun <T> Join<Int, Function1<Int, Join<Any?, TypeMemento>>>.get(column: Column<T>): T?
e: file:///Users/jim/work/v2superbikeshed/Trikeshed/src/commonMain/kotlin/borg/trikeshed/reactor/socks/SocksFactory.kt:491:60 Argument type mismatch: actual type is 'Byte?', but 'Byte' was expected.
e: file:///Users/jim/work/v2superbikeshed/Trikeshed/src/commonMain/kotlin/borg/trikeshed/reactor/socks/SocksFactory.kt:491:60 Unresolved reference. None of the following candidates is applicable because of a receiver type mismatch:
fun <T> Join<Int, Function1<Int, Join<Any?, TypeMemento>>>.get(column: Column<T>): T?
e: file:///Users/jim/work/v2superbikeshed/Trikeshed/src/commonMain/kotlin/borg/trikeshed/reactor/socks/SocksFactory.kt:492:22 Cannot infer type for this parameter. Specify it explicitly.
e: file:///Users/jim/work/v2superbikeshed/Trikeshed/src/commonMain/kotlin/borg/trikeshed/reactor/socks/SocksFactory.kt:492:22 Unresolved reference. None of the following candidates is applicable because of a receiver type mismatch:
fun <T> Join<Int, Function1<Int, Join<Any?, TypeMemento>>>.get(column: Column<T>): T?
e: file:///Users/jim/work/v2superbikeshed/Trikeshed/src/commonMain/kotlin/borg/trikeshed/reactor/socks/SocksFactory.kt:492:83 Cannot infer type for this parameter. Specify it explicitly.
e: file:///Users/jim/work/v2superbikeshed/Trikeshed/src/commonMain/kotlin/borg/trikeshed/reactor/socks/SocksFactory.kt:492:83 Unresolved reference. None of the following candidates is applicable because of a receiver type mismatch:
fun <T> Join<Int, Function1<Int, Join<Any?, TypeMemento>>>.get(column: Column<T>): T?
e: file:///Users/jim/work/v2superbikeshed/Trikeshed/src/commonMain/kotlin/borg/trikeshed/reactor/socks/SocksFactory.kt:493:59 Argument type mismatch: actual type is 'UShort', but 'Int' was expected.
e: file:///Users/jim/work/v2superbikeshed/Trikeshed/src/commonMain/kotlin/borg/trikeshed/reactor/socks/SocksFactory.kt:499:22 Cannot infer type for this parameter. Specify it explicitly.
e: file:///Users/jim/work/v2superbikeshed/Trikeshed/src/commonMain/kotlin/borg/trikeshed/reactor/socks/SocksFactory.kt:499:22 Unresolved reference. None of the following candidates is applicable because of a receiver type mismatch:
fun <T> Join<Int, Function1<Int, Join<Any?, TypeMemento>>>.get(column: Column<T>): T?
e: file:///Users/jim/work/v2superbikeshed/Trikeshed/src/commonMain/kotlin/borg/trikeshed/reactor/socks/SocksFactory.kt:499:69 Cannot infer type for this parameter. Specify it explicitly.
e: file:///Users/jim/work/v2superbikeshed/Trikeshed/src/commonMain/kotlin/borg/trikeshed/reactor/socks/SocksFactory.kt:499:69 Unresolved reference. None of the following candidates is applicable because of a receiver type mismatch:
fun <T> Join<Int, Function1<Int, Join<Any?, TypeMemento>>>.get(column: Column<T>): T?
e: file:///Users/jim/work/v2superbikeshed/Trikeshed/src/commonMain/kotlin/borg/trikeshed/reactor/socks/SocksFactory.kt:500:55 Argument type mismatch: actual type is 'UShort', but 'Int' was expected.
e: file:///Users/jim/work/v2superbikeshed/Trikeshed/src/commonMain/kotlin/borg/trikeshed/reactor/socks/SocksTransformEngine.kt:57:35 Cannot infer type for this parameter. Specify it explicitly.
e: file:///Users/jim/work/v2superbikeshed/Trikeshed/src/commonMain/kotlin/borg/trikeshed/reactor/socks/SocksTransformEngine.kt:57:35 Unresolved reference. None of the following candidates is applicable because of a receiver type mismatch:
fun <T> Join<Int, Function1<Int, Join<Any?, TypeMemento>>>.get(column: Column<T>): T?
e: file:///Users/jim/work/v2superbikeshed/Trikeshed/src/commonMain/kotlin/borg/trikeshed/reactor/socks/SocksTransformEngine.kt:58:65 Argument type mismatch: actual type is 'Join<Int, Function1<Int, Join<Any?, TypeMemento>>>', but 'Join<Int, Function1<Int, Byte>>' was expected.
e: file:///Users/jim/work/v2superbikeshed/Trikeshed/src/commonMain/kotlin/borg/trikeshed/reactor/socks/SocksTransformEngine.kt:58:65 Cannot infer type for this parameter. Specify it explicitly.
e: file:///Users/jim/work/v2superbikeshed/Trikeshed/src/commonMain/kotlin/borg/trikeshed/reactor/socks/SocksTransformEngine.kt:58:65 Unresolved reference. None of the following candidates is applicable because of a receiver type mismatch:
fun <T> Join<Int, Function1<Int, Join<Any?, TypeMemento>>>.get(column: Column<T>): T?
e: file:///Users/jim/work/v2superbikeshed/Trikeshed/src/commonMain/kotlin/borg/trikeshed/reactor/socks/SocksTransformEngine.kt:64:39 Cannot infer type for this parameter. Specify it explicitly.
e: file:///Users/jim/work/v2superbikeshed/Trikeshed/src/commonMain/kotlin/borg/trikeshed/reactor/socks/SocksTransformEngine.kt:64:39 Unresolved reference. None of the following candidates is applicable because of a receiver type mismatch:
fun <T> Join<Int, Function1<Int, Join<Any?, TypeMemento>>>.get(column: Column<T>): T?
e: file:///Users/jim/work/v2superbikeshed/Trikeshed/src/commonMain/kotlin/borg/trikeshed/reactor/socks/SocksTransformEngine.kt:65:81 Argument type mismatch: actual type is 'Join<Int, Function1<Int, Join<Any?, TypeMemento>>>', but 'Join<Int, Function1<Int, Byte>>' was expected.
e: file:///Users/jim/work/v2superbikeshed/Trikeshed/src/commonMain/kotlin/borg/trikeshed/reactor/socks/SocksTransformEngine.kt:65:81 Cannot infer type for this parameter. Specify it explicitly.
e: file:///Users/jim/work/v2superbikeshed/Trikeshed/src/commonMain/kotlin/borg/trikeshed/reactor/socks/SocksTransformEngine.kt:65:81 Unresolved reference. None of the following candidates is applicable because of a receiver type mismatch:
fun <T> Join<Int, Function1<Int, Join<Any?, TypeMemento>>>.get(column: Column<T>): T?
e: file:///Users/jim/work/v2superbikeshed/Trikeshed/src/commonMain/kotlin/borg/trikeshed/reactor/socks/SocksTransformEngine.kt:72:72 Argument type mismatch: actual type is 'Join<Int, Function1<Int, Join<Any?, TypeMemento>>>', but 'Join<Int, Function1<Int, Byte>>' was expected.
e: file:///Users/jim/work/v2superbikeshed/Trikeshed/src/commonMain/kotlin/borg/trikeshed/reactor/socks/SocksTransformEngine.kt:72:72 Cannot infer type for this parameter. Specify it explicitly.
e: file:///Users/jim/work/v2superbikeshed/Trikeshed/src/commonMain/kotlin/borg/trikeshed/reactor/socks/SocksTransformEngine.kt:72:72 Unresolved reference. None of the following candidates is applicable because of a receiver type mismatch:
fun <T> Join<Int, Function1<Int, Join<Any?, TypeMemento>>>.get(column: Column<T>): T?
e: file:///Users/jim/work/v2superbikeshed/Trikeshed/src/commonMain/kotlin/borg/trikeshed/reactor/socks/SocksTransformEngine.kt:79:73 Argument type mismatch: actual type is 'Join<Int, Function1<Int, Join<Any?, TypeMemento>>>', but 'Join<Int, Function1<Int, Byte>>' was expected.
e: file:///Users/jim/work/v2superbikeshed/Trikeshed/src/commonMain/kotlin/borg/trikeshed/reactor/socks/SocksTransformEngine.kt:79:73 Cannot infer type for this parameter. Specify it explicitly.
e: file:///Users/jim/work/v2superbikeshed/Trikeshed/src/commonMain/kotlin/borg/trikeshed/reactor/socks/SocksTransformEngine.kt:79:73 Unresolved reference. None of the following candidates is applicable because of a receiver type mismatch:
fun <T> Join<Int, Function1<Int, Join<Any?, TypeMemento>>>.get(column: Column<T>): T?
e: file:///Users/jim/work/v2superbikeshed/Trikeshed/src/commonMain/kotlin/borg/trikeshed/reactor/socks/SocksTransformEngine.kt:88:77 Argument type mismatch: actual type is 'Join<Int, Function1<Int, Join<Any?, TypeMemento>>>', but 'Join<Int, Function1<Int, Byte>>' was expected.
e: file:///Users/jim/work/v2superbikeshed/Trikeshed/src/commonMain/kotlin/borg/trikeshed/reactor/socks/SocksTransformEngine.kt:88:77 Cannot infer type for this parameter. Specify it explicitly.
e: file:///Users/jim/work/v2superbikeshed/Trikeshed/src/commonMain/kotlin/borg/trikeshed/reactor/socks/SocksTransformEngine.kt:88:77 Unresolved reference. None of the following candidates is applicable because of a receiver type mismatch:
fun <T> Join<Int, Function1<Int, Join<Any?, TypeMemento>>>.get(column: Column<T>): T?
e: file:///Users/jim/work/v2superbikeshed/Trikeshed/src/commonMain/kotlin/borg/trikeshed/reactor/socks/SocksTransformEngine.kt:92:68 Argument type mismatch: actual type is 'Join<Int, Function1<Int, Join<Any?, TypeMemento>>>', but 'Join<Int, Function1<Int, Byte>>' was expected.
e: file:///Users/jim/work/v2superbikeshed/Trikeshed/src/commonMain/kotlin/borg/trikeshed/reactor/socks/SocksTransformEngine.kt:92:68 Cannot infer type for this parameter. Specify it explicitly.
e: file:///Users/jim/work/v2superbikeshed/Trikeshed/src/commonMain/kotlin/borg/trikeshed/reactor/socks/SocksTransformEngine.kt:92:68 Unresolved reference. None of the following candidates is applicable because of a receiver type mismatch:
fun <T> Join<Int, Function1<Int, Join<Any?, TypeMemento>>>.get(column: Column<T>): T?
e: file:///Users/jim/work/v2superbikeshed/Trikeshed/src/commonMain/kotlin/borg/trikeshed/reactor/socks/SocksTransformEngine.kt:111:16 Cannot infer type for this parameter. Specify it explicitly.
e: file:///Users/jim/work/v2superbikeshed/Trikeshed/src/commonMain/kotlin/borg/trikeshed/reactor/socks/SocksTransformEngine.kt:111:16 Unresolved reference. None of the following candidates is applicable because of a receiver type mismatch:
fun <T> Join<Int, Function1<Int, Join<Any?, TypeMemento>>>.get(column: Column<T>): T?
e: file:///Users/jim/work/v2superbikeshed/Trikeshed/src/commonMain/kotlin/borg/trikeshed/reactor/socks/SocksTransformEngine.kt:112:16 Argument type mismatch: actual type is 'T? (of fun <T> Join<Int, Function1<Int, Join<Any?, TypeMemento>>>.get)', but 'Byte' was expected.
e: file:///Users/jim/work/v2superbikeshed/Trikeshed/src/commonMain/kotlin/borg/trikeshed/reactor/socks/SocksTransformEngine.kt:112:16 Cannot infer type for this parameter. Specify it explicitly.
e: file:///Users/jim/work/v2superbikeshed/Trikeshed/src/commonMain/kotlin/borg/trikeshed/reactor/socks/SocksTransformEngine.kt:112:16 Unresolved reference. None of the following candidates is applicable because of a receiver type mismatch:
fun <T> Join<Int, Function1<Int, Join<Any?, TypeMemento>>>.get(column: Column<T>): T?
e: file:///Users/jim/work/v2superbikeshed/Trikeshed/src/commonMain/kotlin/borg/trikeshed/reactor/socks/SocksTransformEngine.kt:120:16 Cannot infer type for this parameter. Specify it explicitly.
e: file:///Users/jim/work/v2superbikeshed/Trikeshed/src/commonMain/kotlin/borg/trikeshed/reactor/socks/SocksTransformEngine.kt:120:16 Unresolved reference. None of the following candidates is applicable because of a receiver type mismatch:
fun <T> Join<Int, Function1<Int, Join<Any?, TypeMemento>>>.get(column: Column<T>): T?
e: file:///Users/jim/work/v2superbikeshed/Trikeshed/src/commonMain/kotlin/borg/trikeshed/reactor/socks/SocksTransformEngine.kt:121:16 Argument type mismatch: actual type is 'T? (of fun <T> Join<Int, Function1<Int, Join<Any?, TypeMemento>>>.get)', but 'Int' was expected.
e: file:///Users/jim/work/v2superbikeshed/Trikeshed/src/commonMain/kotlin/borg/trikeshed/reactor/socks/SocksTransformEngine.kt:121:16 Cannot infer type for this parameter. Specify it explicitly.
e: file:///Users/jim/work/v2superbikeshed/Trikeshed/src/commonMain/kotlin/borg/trikeshed/reactor/socks/SocksTransformEngine.kt:121:16 Unresolved reference. None of the following candidates is applicable because of a receiver type mismatch:
fun <T> Join<Int, Function1<Int, Join<Any?, TypeMemento>>>.get(column: Column<T>): T?
e: file:///Users/jim/work/v2superbikeshed/Trikeshed/src/commonMain/kotlin/borg/trikeshed/reactor/socks/SocksTransformEngine.kt:130:27 Cannot infer type for this parameter. Specify it explicitly.
e: file:///Users/jim/work/v2superbikeshed/Trikeshed/src/commonMain/kotlin/borg/trikeshed/reactor/socks/SocksTransformEngine.kt:130:27 Unresolved reference. None of the following candidates is applicable because of a receiver type mismatch:
fun <T> Join<Int, Function1<Int, Join<Any?, TypeMemento>>>.get(column: Column<T>): T?
e: file:///Users/jim/work/v2superbikeshed/Trikeshed/src/commonMain/kotlin/borg/trikeshed/reactor/socks/SocksTransformEngine.kt:135:36 Cannot infer type for this parameter. Specify it explicitly.
e: file:///Users/jim/work/v2superbikeshed/Trikeshed/src/commonMain/kotlin/borg/trikeshed/reactor/socks/SocksTransformEngine.kt:135:36 Unresolved reference. None of the following candidates is applicable because of a receiver type mismatch:
fun <T> Join<Int, Function1<Int, Join<Any?, TypeMemento>>>.get(column: Column<T>): T?
e: file:///Users/jim/work/v2superbikeshed/Trikeshed/src/commonMain/kotlin/borg/trikeshed/reactor/socks/SocksTransformEngine.kt:149:27 Cannot infer type for this parameter. Specify it explicitly.
e: file:///Users/jim/work/v2superbikeshed/Trikeshed/src/commonMain/kotlin/borg/trikeshed/reactor/socks/SocksTransformEngine.kt:149:27 Unresolved reference. None of the following candidates is applicable because of a receiver type mismatch:
fun <T> Join<Int, Function1<Int, Join<Any?, TypeMemento>>>.get(column: Column<T>): T?
e: file:///Users/jim/work/v2superbikeshed/Trikeshed/src/commonMain/kotlin/borg/trikeshed/reactor/socks/SocksTransformEngine.kt:154:36 Cannot infer type for this parameter. Specify it explicitly.
e: file:///Users/jim/work/v2superbikeshed/Trikeshed/src/commonMain/kotlin/borg/trikeshed/reactor/socks/SocksTransformEngine.kt:154:36 Unresolved reference. None of the following candidates is applicable because of a receiver type mismatch:
fun <T> Join<Int, Function1<Int, Join<Any?, TypeMemento>>>.get(column: Column<T>): T?
e: file:///Users/jim/work/v2superbikeshed/Trikeshed/src/commonMain/kotlin/borg/trikeshed/reactor/socks/SocksTransformEngine.kt:168:17 Cannot infer type for this parameter. Specify it explicitly.
e: file:///Users/jim/work/v2superbikeshed/Trikeshed/src/commonMain/kotlin/borg/trikeshed/reactor/socks/SocksTransformEngine.kt:168:17 Unresolved reference. None of the following candidates is applicable because of a receiver type mismatch:
fun <T> Join<Int, Function1<Int, Join<Any?, TypeMemento>>>.get(column: Column<T>): T?
e: file:///Users/jim/work/v2superbikeshed/Trikeshed/src/commonMain/kotlin/borg/trikeshed/reactor/socks/SocksTransformEngine.kt:170:41 Argument type mismatch: actual type is 'T? (of fun <T> Join<Int, Function1<Int, Join<Any?, TypeMemento>>>.get)', but 'Int' was expected.
e: file:///Users/jim/work/v2superbikeshed/Trikeshed/src/commonMain/kotlin/borg/trikeshed/reactor/socks/SocksTransformEngine.kt:170:41 Cannot infer type for this parameter. Specify it explicitly.
e: file:///Users/jim/work/v2superbikeshed/Trikeshed/src/commonMain/kotlin/borg/trikeshed/reactor/socks/SocksTransformEngine.kt:170:41 Unresolved reference. None of the following candidates is applicable because of a receiver type mismatch:
fun <T> Join<Int, Function1<Int, Join<Any?, TypeMemento>>>.get(column: Column<T>): T?
e: file:///Users/jim/work/v2superbikeshed/Trikeshed/src/commonMain/kotlin/borg/trikeshed/reactor/socks/SocksTransformEngine.kt:190:23 Cannot infer type for this parameter. Specify it explicitly.
e: file:///Users/jim/work/v2superbikeshed/Trikeshed/src/commonMain/kotlin/borg/trikeshed/reactor/socks/SocksTransformEngine.kt:190:23 Unresolved reference. None of the following candidates is applicable because of a receiver type mismatch:
fun <T> Join<Int, Function1<Int, Join<Any?, TypeMemento>>>.get(column: Column<T>): T?
e: file:///Users/jim/work/v2superbikeshed/Trikeshed/src/commonMain/kotlin/borg/trikeshed/reactor/socks/SocksTransformEngine.kt:191:27 Cannot infer type for this parameter. Specify it explicitly.
e: file:///Users/jim/work/v2superbikeshed/Trikeshed/src/commonMain/kotlin/borg/trikeshed/reactor/socks/SocksTransformEngine.kt:191:27 Unresolved reference. None of the following candidates is applicable because of a receiver type mismatch:
fun <T> Join<Int, Function1<Int, Join<Any?, TypeMemento>>>.get(column: Column<T>): T?
e: file:///Users/jim/work/v2superbikeshed/Trikeshed/src/commonMain/kotlin/borg/trikeshed/reactor/socks/SocksTransformEngine.kt:195:35 Cannot infer type for this parameter. Specify it explicitly.
e: file:///Users/jim/work/v2superbikeshed/Trikeshed/src/commonMain/kotlin/borg/trikeshed/reactor/socks/SocksTransformEngine.kt:195:35 Not enough information to infer type argument for 'B'.
e: file:///Users/jim/work/v2superbikeshed/Trikeshed/src/commonMain/kotlin/borg/trikeshed/reactor/socks/SocksTransformEngine.kt:195:39 Cannot infer type for this parameter. Specify it explicitly.
e: file:///Users/jim/work/v2superbikeshed/Trikeshed/src/commonMain/kotlin/borg/trikeshed/reactor/socks/SocksTransformEngine.kt:195:44 Cannot infer type for this parameter. Specify it explicitly.
e: file:///Users/jim/work/v2superbikeshed/Trikeshed/src/commonMain/kotlin/borg/trikeshed/reactor/socks/SocksTransformEngine.kt:195:44 Unresolved reference. None of the following candidates is applicable because of a receiver type mismatch:
fun <T> Join<Int, Function1<Int, Join<Any?, TypeMemento>>>.get(column: Column<T>): T?
e: file:///Users/jim/work/v2superbikeshed/Trikeshed/src/commonMain/kotlin/borg/trikeshed/reactor/socks/SocksTransformEngine.kt:206:23 Cannot infer type for this parameter. Specify it explicitly.
e: file:///Users/jim/work/v2superbikeshed/Trikeshed/src/commonMain/kotlin/borg/trikeshed/reactor/socks/SocksTransformEngine.kt:206:23 Unresolved reference. None of the following candidates is applicable because of a receiver type mismatch:
fun <T> Join<Int, Function1<Int, Join<Any?, TypeMemento>>>.get(column: Column<T>): T?
e: file:///Users/jim/work/v2superbikeshed/Trikeshed/src/commonMain/kotlin/borg/trikeshed/reactor/socks/SocksTransformEngine.kt:207:23 Cannot infer type for this parameter. Specify it explicitly.
e: file:///Users/jim/work/v2superbikeshed/Trikeshed/src/commonMain/kotlin/borg/trikeshed/reactor/socks/SocksTransformEngine.kt:207:23 Unresolved reference. None of the following candidates is applicable because of a receiver type mismatch:
fun <T> Join<Int, Function1<Int, Join<Any?, TypeMemento>>>.get(column: Column<T>): T?
e: file:///Users/jim/work/v2superbikeshed/Trikeshed/src/commonMain/kotlin/borg/trikeshed/reactor/socks/SocksTransformEngine.kt:208:24 Cannot infer type for this parameter. Specify it explicitly.
e: file:///Users/jim/work/v2superbikeshed/Trikeshed/src/commonMain/kotlin/borg/trikeshed/reactor/socks/SocksTransformEngine.kt:208:24 Unresolved reference. None of the following candidates is applicable because of a receiver type mismatch:
fun <T> Join<Int, Function1<Int, Join<Any?, TypeMemento>>>.get(column: Column<T>): T?
e: file:///Users/jim/work/v2superbikeshed/Trikeshed/src/commonMain/kotlin/borg/trikeshed/reactor/socks/SocksTransformEngine.kt:209:27 Cannot infer type for this parameter. Specify it explicitly.
e: file:///Users/jim/work/v2superbikeshed/Trikeshed/src/commonMain/kotlin/borg/trikeshed/reactor/socks/SocksTransformEngine.kt:209:27 Unresolved reference. None of the following candidates is applicable because of a receiver type mismatch:
fun <T> Join<Int, Function1<Int, Join<Any?, TypeMemento>>>.get(column: Column<T>): T?
e: file:///Users/jim/work/v2superbikeshed/Trikeshed/src/commonMain/kotlin/borg/trikeshed/reactor/socks/SocksTransformEngine.kt:227:23 Cannot infer type for this parameter. Specify it explicitly.
e: file:///Users/jim/work/v2superbikeshed/Trikeshed/src/commonMain/kotlin/borg/trikeshed/reactor/socks/SocksTransformEngine.kt:227:23 Unresolved reference. None of the following candidates is applicable because of a receiver type mismatch:
fun <T> Join<Int, Function1<Int, Join<Any?, TypeMemento>>>.get(column: Column<T>): T?
e: file:///Users/jim/work/v2superbikeshed/Trikeshed/src/commonMain/kotlin/borg/trikeshed/reactor/socks/SocksTransformEngine.kt:228:25 Cannot infer type for this parameter. Specify it explicitly.
e: file:///Users/jim/work/v2superbikeshed/Trikeshed/src/commonMain/kotlin/borg/trikeshed/reactor/socks/SocksTransformEngine.kt:228:25 Unresolved reference. None of the following candidates is applicable because of a receiver type mismatch:
fun <T> Join<Int, Function1<Int, Join<Any?, TypeMemento>>>.get(column: Column<T>): T?
e: file:///Users/jim/work/v2superbikeshed/Trikeshed/src/commonMain/kotlin/borg/trikeshed/reactor/socks/SocksTransformEngine.kt:229:24 Cannot infer type for this parameter. Specify it explicitly.
e: file:///Users/jim/work/v2superbikeshed/Trikeshed/src/commonMain/kotlin/borg/trikeshed/reactor/socks/SocksTransformEngine.kt:229:24 Unresolved reference. None of the following candidates is applicable because of a receiver type mismatch:
fun <T> Join<Int, Function1<Int, Join<Any?, TypeMemento>>>.get(column: Column<T>): T?
e: file:///Users/jim/work/v2superbikeshed/Trikeshed/src/commonMain/kotlin/borg/trikeshed/reactor/socks/SocksTransformEngine.kt:230:27 Cannot infer type for this parameter. Specify it explicitly.
e: file:///Users/jim/work/v2superbikeshed/Trikeshed/src/commonMain/kotlin/borg/trikeshed/reactor/socks/SocksTransformEngine.kt:230:27 Unresolved reference. None of the following candidates is applicable because of a receiver type mismatch:
fun <T> Join<Int, Function1<Int, Join<Any?, TypeMemento>>>.get(column: Column<T>): T?
e: file:///Users/jim/work/v2superbikeshed/Trikeshed/src/commonMain/kotlin/borg/trikeshed/reactor/socks/SocksTransformEngine.kt:239:73 Argument type mismatch: actual type is 'SocksTargetHost', but 'SocksBindAddress' was expected.
e: file:///Users/jim/work/v2superbikeshed/Trikeshed/src/commonMain/kotlin/borg/trikeshed/reactor/socks/SocksTransformEngine.kt:239:86 Argument type mismatch: actual type is 'SocksTargetPort', but 'SocksBindPort' was expected.
e: file:///Users/jim/work/v2superbikeshed/Trikeshed/src/commonMain/kotlin/borg/trikeshed/reactor/socks/SocksTransformEngine.kt:243:21 Cannot infer type for this parameter. Specify it explicitly.
e: file:///Users/jim/work/v2superbikeshed/Trikeshed/src/commonMain/kotlin/borg/trikeshed/reactor/socks/SocksTransformEngine.kt:243:21 Unresolved reference. None of the following candidates is applicable because of a receiver type mismatch:
fun <T> Join<Int, Function1<Int, Join<Any?, TypeMemento>>>.get(column: Column<T>): T?
e: file:///Users/jim/work/v2superbikeshed/Trikeshed/src/commonMain/kotlin/borg/trikeshed/reactor/socks/SocksTransformEngine.kt:243:39 Argument type mismatch: actual type is 'Int', but 'BigInteger' was expected.
e: file:///Users/jim/work/v2superbikeshed/Trikeshed/src/commonMain/kotlin/borg/trikeshed/reactor/socks/SocksTransformEngine.kt:243:47 Cannot infer type for this parameter. Specify it explicitly.
e: file:///Users/jim/work/v2superbikeshed/Trikeshed/src/commonMain/kotlin/borg/trikeshed/reactor/socks/SocksTransformEngine.kt:243:47 Unresolved reference. None of the following candidates is applicable because of a receiver type mismatch:
fun <T> Join<Int, Function1<Int, Join<Any?, TypeMemento>>>.get(column: Column<T>): T?
e: file:///Users/jim/work/v2superbikeshed/Trikeshed/src/commonMain/kotlin/borg/trikeshed/reactor/socks/SocksTransformEngine.kt:243:69 Argument type mismatch: actual type is 'Int', but 'BigInteger' was expected.
e: file:///Users/jim/work/v2superbikeshed/Trikeshed/src/commonMain/kotlin/borg/trikeshed/reactor/socks/SocksTransformEngine.kt:243:77 Cannot infer type for this parameter. Specify it explicitly.
e: file:///Users/jim/work/v2superbikeshed/Trikeshed/src/commonMain/kotlin/borg/trikeshed/reactor/socks/SocksTransformEngine.kt:243:77 Unresolved reference. None of the following candidates is applicable because of a receiver type mismatch:
fun <T> Join<Int, Function1<Int, Join<Any?, TypeMemento>>>.get(column: Column<T>): T?
e: file:///Users/jim/work/v2superbikeshed/Trikeshed/src/commonMain/kotlin/borg/trikeshed/reactor/socks/SocksTransformEngine.kt:243:99 Argument type mismatch: actual type is 'Int', but 'BigInteger' was expected.
e: file:///Users/jim/work/v2superbikeshed/Trikeshed/src/commonMain/kotlin/borg/trikeshed/reactor/socks/SocksTransformEngine.kt:243:107 Cannot infer type for this parameter. Specify it explicitly.
e: file:///Users/jim/work/v2superbikeshed/Trikeshed/src/commonMain/kotlin/borg/trikeshed/reactor/socks/SocksTransformEngine.kt:243:107 Unresolved reference. None of the following candidates is applicable because of a receiver type mismatch:
fun <T> Join<Int, Function1<Int, Join<Any?, TypeMemento>>>.get(column: Column<T>): T?
e: file:///Users/jim/work/v2superbikeshed/Trikeshed/src/commonMain/kotlin/borg/trikeshed/reactor/socks/SocksTransformEngine.kt:243:129 Argument type mismatch: actual type is 'Int', but 'BigInteger' was expected.
e: file:///Users/jim/work/v2superbikeshed/Trikeshed/src/commonMain/kotlin/borg/trikeshed/reactor/socks/SocksTransformEngine.kt:244:22 Cannot infer type for this parameter. Specify it explicitly.
e: file:///Users/jim/work/v2superbikeshed/Trikeshed/src/commonMain/kotlin/borg/trikeshed/reactor/socks/SocksTransformEngine.kt:244:22 Unresolved reference. None of the following candidates is applicable because of a receiver type mismatch:
fun <T> Join<Int, Function1<Int, Join<Any?, TypeMemento>>>.get(column: Column<T>): T?
e: file:///Users/jim/work/v2superbikeshed/Trikeshed/src/commonMain/kotlin/borg/trikeshed/reactor/socks/SocksTransformEngine.kt:244:69 Cannot infer type for this parameter. Specify it explicitly.
e: file:///Users/jim/work/v2superbikeshed/Trikeshed/src/commonMain/kotlin/borg/trikeshed/reactor/socks/SocksTransformEngine.kt:244:69 Unresolved reference. None of the following candidates is applicable because of a receiver type mismatch:
fun <T> Join<Int, Function1<Int, Join<Any?, TypeMemento>>>.get(column: Column<T>): T?
e: file:///Users/jim/work/v2superbikeshed/Trikeshed/src/commonMain/kotlin/borg/trikeshed/reactor/socks/SocksTransformEngine.kt:245:55 Argument type mismatch: actual type is 'UShort', but 'Int' was expected.
e: file:///Users/jim/work/v2superbikeshed/Trikeshed/src/commonMain/kotlin/borg/trikeshed/reactor/socks/SocksTransformEngine.kt:249:28 Cannot infer type for this parameter. Specify it explicitly.
e: file:///Users/jim/work/v2superbikeshed/Trikeshed/src/commonMain/kotlin/borg/trikeshed/reactor/socks/SocksTransformEngine.kt:249:28 Unresolved reference. None of the following candidates is applicable because of a receiver type mismatch:
fun <T> Join<Int, Function1<Int, Join<Any?, TypeMemento>>>.get(column: Column<T>): T?
e: file:///Users/jim/work/v2superbikeshed/Trikeshed/src/commonMain/kotlin/borg/trikeshed/reactor/socks/SocksTransformEngine.kt:250:60 Argument type mismatch: actual type is 'Byte?', but 'Byte' was expected.
e: file:///Users/jim/work/v2superbikeshed/Trikeshed/src/commonMain/kotlin/borg/trikeshed/reactor/socks/SocksTransformEngine.kt:250:60 Unresolved reference. None of the following candidates is applicable because of a receiver type mismatch:
fun <T> Join<Int, Function1<Int, Join<Any?, TypeMemento>>>.get(column: Column<T>): T?
e: file:///Users/jim/work/v2superbikeshed/Trikeshed/src/commonMain/kotlin/borg/trikeshed/reactor/socks/SocksTransformEngine.kt:251:22 Cannot infer type for this parameter. Specify it explicitly.
e: file:///Users/jim/work/v2superbikeshed/Trikeshed/src/commonMain/kotlin/borg/trikeshed/reactor/socks/SocksTransformEngine.kt:251:22 Unresolved reference. None of the following candidates is applicable because of a receiver type mismatch:
fun <T> Join<Int, Function1<Int, Join<Any?, TypeMemento>>>.get(column: Column<T>): T?
e: file:///Users/jim/work/v2superbikeshed/Trikeshed/src/commonMain/kotlin/borg/trikeshed/reactor/socks/SocksTransformEngine.kt:251:84 Cannot infer type for this parameter. Specify it explicitly.
e: file:///Users/jim/work/v2superbikeshed/Trikeshed/src/commonMain/kotlin/borg/trikeshed/reactor/socks/SocksTransformEngine.kt:251:84 Unresolved reference. None of the following candidates is applicable because of a receiver type mismatch:
fun <T> Join<Int, Function1<Int, Join<Any?, TypeMemento>>>.get(column: Column<T>): T?
e: file:///Users/jim/work/v2superbikeshed/Trikeshed/src/commonMain/kotlin/borg/trikeshed/reactor/socks/SocksTransformEngine.kt:252:59 Argument type mismatch: actual type is 'UShort', but 'Int' was expected.
e: file:///Users/jim/work/v2superbikeshed/Trikeshed/src/commonMain/kotlin/borg/trikeshed/reactor/socks/SocksTransformEngine.kt:258:22 Cannot infer type for this parameter. Specify it explicitly.
e: file:///Users/jim/work/v2superbikeshed/Trikeshed/src/commonMain/kotlin/borg/trikeshed/reactor/socks/SocksTransformEngine.kt:258:22 Unresolved reference. None of the following candidates is applicable because of a receiver type mismatch:
fun <T> Join<Int, Function1<Int, Join<Any?, TypeMemento>>>.get(column: Column<T>): T?
e: file:///Users/jim/work/v2superbikeshed/Trikeshed/src/commonMain/kotlin/borg/trikeshed/reactor/socks/SocksTransformEngine.kt:258:70 Cannot infer type for this parameter. Specify it explicitly.
e: file:///Users/jim/work/v2superbikeshed/Trikeshed/src/commonMain/kotlin/borg/trikeshed/reactor/socks/SocksTransformEngine.kt:258:70 Unresolved reference. None of the following candidates is applicable because of a receiver type mismatch:
fun <T> Join<Int, Function1<Int, Join<Any?, TypeMemento>>>.get(column: Column<T>): T?
e: file:///Users/jim/work/v2superbikeshed/Trikeshed/src/commonMain/kotlin/borg/trikeshed/reactor/socks/SocksTransformEngine.kt:259:55 Argument type mismatch: actual type is 'UShort', but 'Int' was expected.
e: file:///Users/jim/work/v2superbikeshed/Trikeshed/src/commonMain/kotlin/borg/trikeshed/reactor/socks/SocksTransformEngine.kt:291:28 Cannot infer type for this parameter. Specify it explicitly.
e: file:///Users/jim/work/v2superbikeshed/Trikeshed/src/commonMain/kotlin/borg/trikeshed/reactor/socks/SocksTransformEngine.kt:291:28 Unresolved reference. None of the following candidates is applicable because of a receiver type mismatch:
fun <T> Join<Int, Function1<Int, Join<Any?, TypeMemento>>>.get(column: Column<T>): T?
e: file:///Users/jim/work/v2superbikeshed/Trikeshed/src/commonMain/kotlin/borg/trikeshed/reactor/socks/SocksTransformEngine.kt:294:26 Unresolved reference 'bytes'.
e: file:///Users/jim/work/v2superbikeshed/Trikeshed/src/commonMain/kotlin/borg/trikeshed/reactor/socks/SocksTransformEngine.kt:294:41 Cannot infer type for this parameter. Specify it explicitly.
e: file:///Users/jim/work/v2superbikeshed/Trikeshed/src/commonMain/kotlin/borg/trikeshed/reactor/socks/SocksTransformEngine.kt:294:50 Unresolved reference 'bytes'.
e: file:///Users/jim/work/v2superbikeshed/Trikeshed/src/commonMain/kotlin/borg/trikeshed/reactor/socks/SocksTransformEngine.kt:296:34 Unresolved reference 'bytes'.
e: file:///Users/jim/work/v2superbikeshed/Trikeshed/src/commonMain/kotlin/borg/trikeshed/reactor/socks/SocksTransformEngine.kt:296:58 Unresolved reference 'bytes'.
e: file:///Users/jim/work/v2superbikeshed/Trikeshed/src/commonMain/kotlin/borg/trikeshed/reactor/socks/SocksTransformEngine.kt:300:34 Unresolved reference 'bytes'.
e: file:///Users/jim/work/v2superbikeshed/Trikeshed/src/commonMain/kotlin/borg/trikeshed/reactor/socks/SocksTransformEngine.kt:300:58 Unresolved reference 'bytes'.
e: file:///Users/jim/work/v2superbikeshed/Trikeshed/src/commonMain/kotlin/borg/trikeshed/reactor/socks/SocksTransformEngine.kt:346:34 Cannot infer type for this parameter. Specify it explicitly.
e: file:///Users/jim/work/v2superbikeshed/Trikeshed/src/commonMain/kotlin/borg/trikeshed/reactor/socks/SocksTransformEngine.kt:346:34 Unresolved reference. None of the following candidates is applicable because of a receiver type mismatch:
fun <T> Join<Int, Function1<Int, Join<Any?, TypeMemento>>>.get(column: Column<T>): T?
e: file:///Users/jim/work/v2superbikeshed/Trikeshed/src/commonMain/kotlin/borg/trikeshed/reactor/socks/SocksTransformEngine.kt:352:34 Argument type mismatch: actual type is 'T? (of fun <T> Join<Int, Function1<Int, Join<Any?, TypeMemento>>>.get)', but 'Byte' was expected.
e: file:///Users/jim/work/v2superbikeshed/Trikeshed/src/commonMain/kotlin/borg/trikeshed/reactor/socks/SocksTransformEngine.kt:352:34 Cannot infer type for this parameter. Specify it explicitly.
e: file:///Users/jim/work/v2superbikeshed/Trikeshed/src/commonMain/kotlin/borg/trikeshed/reactor/socks/SocksTransformEngine.kt:352:34 Unresolved reference. None of the following candidates is applicable because of a receiver type mismatch:
fun <T> Join<Int, Function1<Int, Join<Any?, TypeMemento>>>.get(column: Column<T>): T?
e: file:///Users/jim/work/v2superbikeshed/Trikeshed/src/commonMain/kotlin/borg/trikeshed/reactor/socks/SocksTransformEngine.kt:353:66 Argument type mismatch: actual type is 'T? (of fun <T> Join<Int, Function1<Int, Join<Any?, TypeMemento>>>.get)', but 'Byte' was expected.
e: file:///Users/jim/work/v2superbikeshed/Trikeshed/src/commonMain/kotlin/borg/trikeshed/reactor/socks/SocksTransformEngine.kt:353:66 Cannot infer type for this parameter. Specify it explicitly.
e: file:///Users/jim/work/v2superbikeshed/Trikeshed/src/commonMain/kotlin/borg/trikeshed/reactor/socks/SocksTransformEngine.kt:353:66 Unresolved reference. None of the following candidates is applicable because of a receiver type mismatch:
fun <T> Join<Int, Function1<Int, Join<Any?, TypeMemento>>>.get(column: Column<T>): T?
e: file:///Users/jim/work/v2superbikeshed/Trikeshed/src/commonMain/kotlin/borg/trikeshed/reactor/socks/SocksTransformEngine.kt:353:88 Argument type mismatch: actual type is 'Int', but 'Int' was expected.
e: file:///Users/jim/work/v2superbikeshed/Trikeshed/src/commonMain/kotlin/borg/trikeshed/reactor/socks/SocksTransformEngine.kt:354:39 Cannot infer type for this parameter. Specify it explicitly.
e: file:///Users/jim/work/v2superbikeshed/Trikeshed/src/commonMain/kotlin/borg/trikeshed/reactor/socks/SocksTransformEngine.kt:354:39 Unresolved reference. None of the following candidates is applicable because of a receiver type mismatch:
fun <T> Join<Int, Function1<Int, Join<Any?, TypeMemento>>>.get(column: Column<T>): T?
e: file:///Users/jim/work/v2superbikeshed/Trikeshed/src/commonMain/kotlin/borg/trikeshed/reactor/socks/SocksTransformEngine.kt:356:59 Cannot infer type for this parameter. Specify it explicitly.
e: file:///Users/jim/work/v2superbikeshed/Trikeshed/src/commonMain/kotlin/borg/trikeshed/reactor/socks/SocksTransformEngine.kt:356:59 Unresolved reference. None of the following candidates is applicable because of a receiver type mismatch:
fun <T> Join<Int, Function1<Int, Join<Any?, TypeMemento>>>.get(column: Column<T>): T?
e: file:///Users/jim/work/v2superbikeshed/Trikeshed/src/commonMain/kotlin/borg/trikeshed/reactor/socks/SocksTransformEngine.kt:405:17 Cannot infer type for this parameter. Specify it explicitly.
e: file:///Users/jim/work/v2superbikeshed/Trikeshed/src/commonMain/kotlin/borg/trikeshed/reactor/socks/SocksTransformEngine.kt:405:17 Unresolved reference. None of the following candidates is applicable because of a receiver type mismatch:
fun <T> Join<Int, Function1<Int, Join<Any?, TypeMemento>>>.get(column: Column<T>): T?
e: file:///Users/jim/work/v2superbikeshed/Trikeshed/src/commonMain/kotlin/borg/trikeshed/reactor/socks/SocksTransformEngine.kt:410:34 Argument type mismatch: actual type is 'T? (of fun <T> Join<Int, Function1<Int, Join<Any?, TypeMemento>>>.get)', but 'Byte' was expected.
e: file:///Users/jim/work/v2superbikeshed/Trikeshed/src/commonMain/kotlin/borg/trikeshed/reactor/socks/SocksTransformEngine.kt:410:34 Cannot infer type for this parameter. Specify it explicitly.
e: file:///Users/jim/work/v2superbikeshed/Trikeshed/src/commonMain/kotlin/borg/trikeshed/reactor/socks/SocksTransformEngine.kt:410:34 Unresolved reference. None of the following candidates is applicable because of a receiver type mismatch:
fun <T> Join<Int, Function1<Int, Join<Any?, TypeMemento>>>.get(column: Column<T>): T?
e: file:///Users/jim/work/v2superbikeshed/Trikeshed/src/commonMain/kotlin/borg/trikeshed/reactor/socks/SocksTransformEngine.kt:411:39 Cannot infer type for this parameter. Specify it explicitly.
e: file:///Users/jim/work/v2superbikeshed/Trikeshed/src/commonMain/kotlin/borg/trikeshed/reactor/socks/SocksTransformEngine.kt:411:39 Unresolved reference. None of the following candidates is applicable because of a receiver type mismatch:
fun <T> Join<Int, Function1<Int, Join<Any?, TypeMemento>>>.get(column: Column<T>): T?
e: file:///Users/jim/work/v2superbikeshed/Trikeshed/src/commonMain/kotlin/borg/trikeshed/reactor/socks/SocksTransformEngine.kt:413:59 Cannot infer type for this parameter. Specify it explicitly.
e: file:///Users/jim/work/v2superbikeshed/Trikeshed/src/commonMain/kotlin/borg/trikeshed/reactor/socks/SocksTransformEngine.kt:413:59 Unresolved reference. None of the following candidates is applicable because of a receiver type mismatch:
fun <T> Join<Int, Function1<Int, Join<Any?, TypeMemento>>>.get(column: Column<T>): T?
e: file:///Users/jim/work/v2superbikeshed/Trikeshed/src/commonMain/kotlin/borg/trikeshed/reactor/socks/SocksTransformEngine.kt:440:17 Cannot infer type for this parameter. Specify it explicitly.
e: file:///Users/jim/work/v2superbikeshed/Trikeshed/src/commonMain/kotlin/borg/trikeshed/reactor/socks/SocksTransformEngine.kt:440:17 Unresolved reference. None of the following candidates is applicable because of a receiver type mismatch:
fun <T> Join<Int, Function1<Int, Join<Any?, TypeMemento>>>.get(column: Column<T>): T?
e: file:///Users/jim/work/v2superbikeshed/Trikeshed/src/commonMain/kotlin/borg/trikeshed/reactor/socks/SocksTransformEngine.kt:443:34 Argument type mismatch: actual type is 'T? (of fun <T> Join<Int, Function1<Int, Join<Any?, TypeMemento>>>.get)', but 'Byte' was expected.
e: file:///Users/jim/work/v2superbikeshed/Trikeshed/src/commonMain/kotlin/borg/trikeshed/reactor/socks/SocksTransformEngine.kt:443:34 Cannot infer type for this parameter. Specify it explicitly.
e: file:///Users/jim/work/v2superbikeshed/Trikeshed/src/commonMain/kotlin/borg/trikeshed/reactor/socks/SocksTransformEngine.kt:443:34 Unresolved reference. None of the following candidates is applicable because of a receiver type mismatch:
fun <T> Join<Int, Function1<Int, Join<Any?, TypeMemento>>>.get(column: Column<T>): T?
e: file:///Users/jim/work/v2superbikeshed/Trikeshed/src/commonMain/kotlin/borg/trikeshed/reactor/socks/SocksTransformEngine.kt:444:39 Cannot infer type for this parameter. Specify it explicitly.
e: file:///Users/jim/work/v2superbikeshed/Trikeshed/src/commonMain/kotlin/borg/trikeshed/reactor/socks/SocksTransformEngine.kt:444:39 Unresolved reference. None of the following candidates is applicable because of a receiver type mismatch:
fun <T> Join<Int, Function1<Int, Join<Any?, TypeMemento>>>.get(column: Column<T>): T?
e: file:///Users/jim/work/v2superbikeshed/Trikeshed/src/commonMain/kotlin/borg/trikeshed/reactor/socks/SocksTransformEngine.kt:446:59 Cannot infer type for this parameter. Specify it explicitly.
e: file:///Users/jim/work/v2superbikeshed/Trikeshed/src/commonMain/kotlin/borg/trikeshed/reactor/socks/SocksTransformEngine.kt:446:59 Unresolved reference. None of the following candidates is applicable because of a receiver type mismatch:
fun <T> Join<Int, Function1<Int, Join<Any?, TypeMemento>>>.get(column: Column<T>): T?
e: file:///Users/jim/work/v2superbikeshed/Trikeshed/src/commonMain/kotlin/borg/trikeshed/services/CouchRequestFactoryService.kt:13:1 Class 'CouchRequestFactoryService' is not abstract and does not implement abstract member:
suspend fun invokeService(serviceName: String, data: Join<Int, Function1<Int, Byte>>): Join<Int, Function1<Int, Byte>>
e: file:///Users/jim/work/v2superbikeshed/Trikeshed/src/commonMain/kotlin/borg/trikeshed/services/CouchRequestFactoryService.kt:69:5 'invokeService' overrides nothing. Potential signatures for overriding:
suspend fun invokeService(serviceName: String, data: Join<Int, Function1<Int, Byte>>): Join<Int, Function1<Int, Byte>>
e: file:///Users/jim/work/v2superbikeshed/Trikeshed/src/commonMain/kotlin/borg/trikeshed/services/RequestFactoryBroker.kt:148:33 Cannot infer type for this parameter. Specify it explicitly.
e: file:///Users/jim/work/v2superbikeshed/Trikeshed/src/commonMain/kotlin/borg/trikeshed/services/RequestFactoryBroker.kt:148:33 Unresolved reference. None of the following candidates is applicable because of a receiver type mismatch:
val <T> Join<Int, Function1<Int, T>>.play: IterableIndexed<T>
e: file:///Users/jim/work/v2superbikeshed/Trikeshed/src/commonMain/kotlin/borg/trikeshed/services/RequestFactoryBroker.kt:148:52 Overload resolution ambiguity between candidates:
fun ByteArray.toIndexed(): Join<Int, Function1<Int, Byte>>
fun <T> Any.toIndexed(): Join<Int, Function1<Int, T>>
fun ByteArray.toIndexed(): Join<Int, Function1<Int, Byte>>
e: file:///Users/jim/work/v2superbikeshed/Trikeshed/src/commonMain/kotlin/borg/trikeshed/services/RequestFactoryBroker.kt:153:37 Unresolved reference 'parse'.
e: file:///Users/jim/work/v2superbikeshed/Trikeshed/src/commonMain/kotlin/borg/trikeshed/services/RequestFactoryBroker.kt:190:36 Unresolved reference 'parse'.
e: file:///Users/jim/work/v2superbikeshed/Trikeshed/src/commonMain/kotlin/borg/trikeshed/services/RequestFactoryBroker.kt:204:29 Unresolved reference 'stringify'.
e: file:///Users/jim/work/v2superbikeshed/Trikeshed/src/commonMain/kotlin/borg/trikeshed/services/RequestFactoryBroker.kt:204:65 Overload resolution ambiguity between candidates:
fun ByteArray.toIndexed(): Join<Int, Function1<Int, Byte>>
fun <T> Any.toIndexed(): Join<Int, Function1<Int, T>>
fun ByteArray.toIndexed(): Join<Int, Function1<Int, Byte>>
e: file:///Users/jim/work/v2superbikeshed/Trikeshed/src/commonMain/kotlin/borg/trikeshed/services/RequestFactoryBroker.kt:218:45 Suspend function 'suspend fun invokeService(serviceName: String, data: ByteArray): ByteArray' can only be called from a coroutine or another suspend function.
e: file:///Users/jim/work/v2superbikeshed/Trikeshed/src/commonMain/kotlin/borg/trikeshed/services/RequestFactoryBroker.kt:219:21 Argument type mismatch: actual type is 'Any', but 'String' was expected.
e: file:///Users/jim/work/v2superbikeshed/Trikeshed/src/commonMain/kotlin/borg/trikeshed/services/RequestFactoryBroker.kt:220:21 Argument type mismatch: actual type is 'String', but 'ByteArray' was expected.
e: file:///Users/jim/work/v2superbikeshed/Trikeshed/src/commonMain/kotlin/borg/trikeshed/services/RequestFactoryBroker.kt:221:21 Too many arguments for 'suspend fun invokeService(serviceName: String, data: ByteArray): ByteArray'.
e: file:///Users/jim/work/v2superbikeshed/Trikeshed/src/commonMain/kotlin/borg/trikeshed/services/RequestFactoryService.kt:36:11 Redeclaration:
interface DealService : Any
e: file:///Users/jim/work/v2superbikeshed/Trikeshed/src/commonMain/kotlin/borg/trikeshed/services/RequestFactoryService.kt:37:67 Type argument is not within its bounds: must be subtype of 'CoroutineContext.Element'.
e: file:///Users/jim/work/v2superbikeshed/Trikeshed/src/commonMain/kotlin/borg/trikeshed/services/RequestFactoryService.kt:62:74 Cannot infer type for this parameter. Specify it explicitly.
e: file:///Users/jim/work/v2superbikeshed/Trikeshed/src/commonMain/kotlin/borg/trikeshed/services/RequestFactoryService.kt:62:74 Not enough information to infer type argument for 'T'.
e: file:///Users/jim/work/v2superbikeshed/Trikeshed/src/commonMain/kotlin/borg/trikeshed/services/RequestFactoryService.kt:62:74 Unresolved reference. None of the following candidates is applicable because of a receiver type mismatch:
fun <T> Join<Shape, Function1<Shape, T>>.invoke(index: Int): T
e: file:///Users/jim/work/v2superbikeshed/Trikeshed/src/commonMain/kotlin/borg/trikeshed/services/RequestFactoryService.kt:65:99 Cannot infer type for this parameter. Specify it explicitly.
e: file:///Users/jim/work/v2superbikeshed/Trikeshed/src/commonMain/kotlin/borg/trikeshed/services/RequestFactoryService.kt:65:99 Not enough information to infer type argument for 'T'.
e: file:///Users/jim/work/v2superbikeshed/Trikeshed/src/commonMain/kotlin/borg/trikeshed/services/RequestFactoryService.kt:65:99 Unresolved reference. None of the following candidates is applicable because of a receiver type mismatch:
fun <T> Join<Shape, Function1<Shape, T>>.invoke(index: Int): T
e: file:///Users/jim/work/v2superbikeshed/Trikeshed/src/commonMain/kotlin/borg/trikeshed/services/RequestFactoryServiceImpl.kt:51:63 Cannot infer type for this parameter. Specify it explicitly.
e: file:///Users/jim/work/v2superbikeshed/Trikeshed/src/commonMain/kotlin/borg/trikeshed/services/RequestFactoryServiceImpl.kt:52:50 Argument type mismatch: actual type is 'T? (of fun <T> Join<Int, Function1<Int, Join<Any?, TypeMemento>>>.get)', but 'K (of fun <K> WHEN_CALL)' was expected.
e: file:///Users/jim/work/v2superbikeshed/Trikeshed/src/commonMain/kotlin/borg/trikeshed/services/RequestFactoryServiceImpl.kt:52:50 Argument type mismatch: actual type is 'Join<Int, Function1<Int, Join<Any?, TypeMemento>>>', but 'Join<Int, Function1<Int, Join<String, CoroutineContext.Element>>>' was expected.
e: file:///Users/jim/work/v2superbikeshed/Trikeshed/src/commonMain/kotlin/borg/trikeshed/services/RequestFactoryServiceImpl.kt:52:50 Cannot infer type for this parameter. Specify it explicitly.
e: file:///Users/jim/work/v2superbikeshed/Trikeshed/src/commonMain/kotlin/borg/trikeshed/services/RequestFactoryServiceImpl.kt:52:50 Unresolved reference. None of the following candidates is applicable because of a receiver type mismatch:
fun <T> Join<Int, Function1<Int, Join<Any?, TypeMemento>>>.get(column: Column<T>): T?
e: file:///Users/jim/work/v2superbikeshed/Trikeshed/src/commonMain/kotlin/borg/trikeshed/services/RequestFactoryServiceImpl.kt:52:77 Argument type mismatch: actual type is 'Join<String, CoroutineContext.Element>', but 'K (of fun <K> WHEN_CALL)' was expected.
e: file:///Users/jim/work/v2superbikeshed/Trikeshed/src/commonMain/kotlin/borg/trikeshed/services/RequestFactoryServiceImpl.kt:65:41 Cannot infer type for this parameter. Specify it explicitly.
e: file:///Users/jim/work/v2superbikeshed/Trikeshed/src/commonMain/kotlin/borg/trikeshed/services/RequestFactoryServiceImpl.kt:65:41 Not enough information to infer type argument for 'T'.
e: file:///Users/jim/work/v2superbikeshed/Trikeshed/src/commonMain/kotlin/borg/trikeshed/services/RequestFactoryServiceImpl.kt:65:41 Unresolved reference. None of the following candidates is applicable because of a receiver type mismatch:
fun <T> Join<Shape, Function1<Shape, T>>.invoke(index: Int): T
e: file:///Users/jim/work/v2superbikeshed/Trikeshed/src/commonMain/kotlin/borg/trikeshed/services/RequestFactoryServiceImpl.kt:93:39 Unresolved reference 'process'.
e: file:///Users/jim/work/v2superbikeshed/Trikeshed/src/commonMain/kotlin/borg/trikeshed/services/RequestFactoryServiceImpl.kt:122:10 Class 'ReactorDealService' is not abstract and does not implement abstract members:
suspend fun findDeal(id: String): DealProxy?
suspend fun findDealsByProduct(query: String): Join<Int, Function1<Int, DealProxy>>
suspend fun persistDeal(deal: DealProxy): CouchTxProxy
suspend fun getVendors(): Join<Int, Function1<Int, VendorProxy>>
e: file:///Users/jim/work/v2superbikeshed/Trikeshed/src/commonMain/kotlin/borg/trikeshed/services/RequestFactoryServiceImpl.kt:126:5 'key' overrides nothing.
e: file:///Users/jim/work/v2superbikeshed/Trikeshed/src/commonMain/kotlin/borg/trikeshed/services/RequestFactoryServiceImpl.kt:127:29 Unresolved reference 'Key'.
e: file:///Users/jim/work/v2superbikeshed/Trikeshed/src/commonMain/kotlin/borg/trikeshed/services/RequestFactoryServiceImpl.kt:129:5 'process' overrides nothing.
e: file:///Users/jim/work/v2superbikeshed/Trikeshed/src/commonMain/kotlin/borg/trikeshed/services/RequestFactoryServiceImpl.kt:147:5 'getDealInfo' overrides nothing.
e: file:///Users/jim/work/v2superbikeshed/Trikeshed/src/commonMain/kotlin/borg/trikeshed/services/RequestFactoryServiceImpl.kt:151:5 'createDeal' overrides nothing.
e: file:///Users/jim/work/v2superbikeshed/Trikeshed/src/commonMain/kotlin/borg/trikeshed/strace/StraceExample.kt:14:22 Interface 'interface StraceAttention : Any' does not have constructors.
e: file:///Users/jim/work/v2superbikeshed/Trikeshed/src/commonMain/kotlin/borg/trikeshed/strace/StraceExample.kt:17:16 Unresolved reference 'monitorWithAttention'.
e: file:///Users/jim/work/v2superbikeshed/Trikeshed/src/commonMain/kotlin/borg/trikeshed/strace/StraceExample.kt:26:21 Cannot infer type for this parameter. Specify it explicitly.
e: file:///Users/jim/work/v2superbikeshed/Trikeshed/src/commonMain/kotlin/borg/trikeshed/strace/StraceExample.kt:28:30 Unresolved reference 'summary'.
e: file:///Users/jim/work/v2superbikeshed/Trikeshed/src/commonMain/kotlin/borg/trikeshed/strace/StraceExample.kt:31:22 Unresolved reference 'attentionWeights'.
e: file:///Users/jim/work/v2superbikeshed/Trikeshed/src/commonMain/kotlin/borg/trikeshed/strace/StraceExample.kt:31:39 Cannot infer type for this parameter. Specify it explicitly.
e: file:///Users/jim/work/v2superbikeshed/Trikeshed/src/commonMain/kotlin/borg/trikeshed/strace/StraceExample.kt:31:47 Cannot infer type for this parameter. Specify it explicitly.
e: file:///Users/jim/work/v2superbikeshed/Trikeshed/src/commonMain/kotlin/borg/trikeshed/strace/StraceExample.kt:31:47 'fun <T> Flow<T>.forEach(action: suspend (@ParameterName(...) T) -> Unit): Unit' is deprecated. Flow analogue of 'forEach' is 'collect'.
e: file:///Users/jim/work/v2superbikeshed/Trikeshed/src/commonMain/kotlin/borg/trikeshed/strace/StraceExample.kt:31:47 Not enough information to infer type argument for 'T'.
e: file:///Users/jim/work/v2superbikeshed/Trikeshed/src/commonMain/kotlin/borg/trikeshed/strace/StraceExample.kt:31:57 Cannot infer type for this parameter. Specify it explicitly.
e: file:///Users/jim/work/v2superbikeshed/Trikeshed/src/commonMain/kotlin/borg/trikeshed/strace/StraceExample.kt:32:37 Unresolved reference 'syscall'.
e: file:///Users/jim/work/v2superbikeshed/Trikeshed/src/commonMain/kotlin/borg/trikeshed/strace/StraceExample.kt:32:56 Unresolved reference 'weight'.
e: file:///Users/jim/work/v2superbikeshed/Trikeshed/src/commonMain/kotlin/borg/trikeshed/strace/StraceExample.kt:32:74 Unresolved reference 'reason'.
e: file:///Users/jim/work/v2superbikeshed/Trikeshed/src/commonMain/kotlin/borg/trikeshed/strace/StraceExample.kt:36:22 Unresolved reference 'dataPatterns'.
e: file:///Users/jim/work/v2superbikeshed/Trikeshed/src/commonMain/kotlin/borg/trikeshed/strace/StraceExample.kt:36:45 Cannot infer type for this parameter. Specify it explicitly.
e: file:///Users/jim/work/v2superbikeshed/Trikeshed/src/commonMain/kotlin/borg/trikeshed/strace/StraceExample.kt:37:38 Unresolved reference 'pattern'.
e: file:///Users/jim/work/v2superbikeshed/Trikeshed/src/commonMain/kotlin/borg/trikeshed/strace/StraceExample.kt:37:58 Unresolved reference 'dataSize'.
e: file:///Users/jim/work/v2superbikeshed/Trikeshed/src/commonMain/kotlin/borg/trikeshed/strace/StraceExample.kt:37:97 Unresolved reference 'confidence'.
e: file:///Users/jim/work/v2superbikeshed/Trikeshed/src/commonMain/kotlin/borg/trikeshed/strace/StraceExample.kt:41:30 Unresolved reference 'llmPrompt'.
e: file:///Users/jim/work/v2superbikeshed/Trikeshed/src/commonMain/kotlin/borg/trikeshed/strace/StraceExample.kt:49:22 Interface 'interface StraceAttention : Any' does not have constructors.
e: file:///Users/jim/work/v2superbikeshed/Trikeshed/src/commonMain/kotlin/borg/trikeshed/strace/StraceExample.kt:52:16 Unresolved reference 'execWithStrace'.
e: file:///Users/jim/work/v2superbikeshed/Trikeshed/src/commonMain/kotlin/borg/trikeshed/strace/StraceExample.kt:60:21 Cannot infer type for this parameter. Specify it explicitly.
e: file:///Users/jim/work/v2superbikeshed/Trikeshed/src/commonMain/kotlin/borg/trikeshed/strace/StraceExample.kt:61:62 Unresolved reference 'syscall'.
e: file:///Users/jim/work/v2superbikeshed/Trikeshed/src/commonMain/kotlin/borg/trikeshed/strace/StraceExample.kt:64:31 Unresolved reference 'timestamp'.
e: file:///Users/jim/work/v2superbikeshed/Trikeshed/src/commonMain/kotlin/borg/trikeshed/strace/StraceExample.kt:64:51 Unresolved reference 'pid'.
e: file:///Users/jim/work/v2superbikeshed/Trikeshed/src/commonMain/kotlin/borg/trikeshed/strace/StraceExample.kt:64:64 Unresolved reference 'syscall'.
e: file:///Users/jim/work/v2superbikeshed/Trikeshed/src/commonMain/kotlin/borg/trikeshed/strace/StraceExample.kt:64:83 Unresolved reference 'result'.
e: file:///Users/jim/work/v2superbikeshed/Trikeshed/src/commonMain/kotlin/borg/trikeshed/strace/StraceExample.kt:68:23 Unresolved reference 'error'.
e: file:///Users/jim/work/v2superbikeshed/Trikeshed/src/commonMain/kotlin/borg/trikeshed/strace/StraceExample.kt:69:57 Unresolved reference 'result'.
e: file:///Users/jim/work/v2superbikeshed/Trikeshed/src/commonMain/kotlin/borg/trikeshed/strace/StraceExample.kt:80:22 Interface 'interface StraceAttention : Any' does not have constructors.
e: file:///Users/jim/work/v2superbikeshed/Trikeshed/src/commonMain/kotlin/borg/trikeshed/strace/StraceExample.kt:83:16 Unresolved reference 'execWithStrace'.
e: file:///Users/jim/work/v2superbikeshed/Trikeshed/src/commonMain/kotlin/borg/trikeshed/strace/StraceExample.kt:91:11 Cannot infer type for this parameter. Specify it explicitly.
e: file:///Users/jim/work/v2superbikeshed/Trikeshed/src/commonMain/kotlin/borg/trikeshed/strace/StraceExample.kt:92:20 Cannot infer type for this parameter. Specify it explicitly.
e: file:///Users/jim/work/v2superbikeshed/Trikeshed/src/commonMain/kotlin/borg/trikeshed/strace/StraceExample.kt:93:32 Cannot infer type for this parameter. Specify it explicitly.
e: file:///Users/jim/work/v2superbikeshed/Trikeshed/src/commonMain/kotlin/borg/trikeshed/strace/StraceExample.kt:93:32 Not enough information to infer type argument for 'T'.
e: file:///Users/jim/work/v2superbikeshed/Trikeshed/src/commonMain/kotlin/borg/trikeshed/strace/StraceExample.kt:96:37 Cannot infer type for this parameter. Specify it explicitly.
e: file:///Users/jim/work/v2superbikeshed/Trikeshed/src/commonMain/kotlin/borg/trikeshed/strace/StraceExample.kt:96:37 Not enough information to infer type argument for 'T'.
e: file:///Users/jim/work/v2superbikeshed/Trikeshed/src/commonMain/kotlin/borg/trikeshed/strace/StraceExample.kt:96:37 Not enough information to infer type argument for 'K'.
e: file:///Users/jim/work/v2superbikeshed/Trikeshed/src/commonMain/kotlin/borg/trikeshed/strace/StraceExample.kt:96:45 Cannot infer type for this parameter. Specify it explicitly.
e: file:///Users/jim/work/v2superbikeshed/Trikeshed/src/commonMain/kotlin/borg/trikeshed/strace/StraceExample.kt:96:50 Unresolved reference 'syscall'.
e: file:///Users/jim/work/v2superbikeshed/Trikeshed/src/commonMain/kotlin/borg/trikeshed/strace/StraceExample.kt:96:60 Cannot infer type for this parameter. Specify it explicitly.
e: file:///Users/jim/work/v2superbikeshed/Trikeshed/src/commonMain/kotlin/borg/trikeshed/strace/StraceExample.kt:96:60 Not enough information to infer type argument for 'K'.
e: file:///Users/jim/work/v2superbikeshed/Trikeshed/src/commonMain/kotlin/borg/trikeshed/strace/StraceExample.kt:96:60 Not enough information to infer type argument for 'V'.
e: file:///Users/jim/work/v2superbikeshed/Trikeshed/src/commonMain/kotlin/borg/trikeshed/strace/StraceExample.kt:96:81 Unresolved reference 'size'.
e: file:///Users/jim/work/v2superbikeshed/Trikeshed/src/commonMain/kotlin/borg/trikeshed/strace/StraceExample.kt:97:59 Cannot infer type for this parameter. Specify it explicitly.
e: file:///Users/jim/work/v2superbikeshed/Trikeshed/src/commonMain/kotlin/borg/trikeshed/strace/StraceExample.kt:97:59 Not enough information to infer type argument for 'T'.
e: file:///Users/jim/work/v2superbikeshed/Trikeshed/src/commonMain/kotlin/borg/trikeshed/strace/StraceExample.kt:97:63 Cannot infer type for this parameter. Specify it explicitly.
e: file:///Users/jim/work/v2superbikeshed/Trikeshed/src/commonMain/kotlin/borg/trikeshed/strace/StraceExample.kt:97:68 Unresolved reference 'syscall'.
e: file:///Users/jim/work/v2superbikeshed/Trikeshed/src/commonMain/kotlin/borg/trikeshed/strace/StraceExample.kt:102:58 Cannot infer type for this parameter. Specify it explicitly.
e: file:///Users/jim/work/v2superbikeshed/Trikeshed/src/commonMain/kotlin/borg/trikeshed/strace/StraceExample.kt:102:58 Not enough information to infer type argument for 'T'.
e: file:///Users/jim/work/v2superbikeshed/Trikeshed/src/commonMain/kotlin/borg/trikeshed/strace/StraceExample.kt:102:58 Not enough information to infer type argument for 'R'.
e: file:///Users/jim/work/v2superbikeshed/Trikeshed/src/commonMain/kotlin/borg/trikeshed/strace/StraceExample.kt:102:77 Cannot infer type for this parameter. Specify it explicitly.
e: file:///Users/jim/work/v2superbikeshed/Trikeshed/src/commonMain/kotlin/borg/trikeshed/strace/StraceExample.kt:102:82 Unresolved reference 'value'.
e: file:///Users/jim/work/v2superbikeshed/Trikeshed/src/commonMain/kotlin/borg/trikeshed/strace/StraceExample.kt:102:90 Cannot infer type for this parameter. Specify it explicitly.
e: file:///Users/jim/work/v2superbikeshed/Trikeshed/src/commonMain/kotlin/borg/trikeshed/strace/StraceExample.kt:102:90 Not enough information to infer type argument for 'T'.
e: file:///Users/jim/work/v2superbikeshed/Trikeshed/src/commonMain/kotlin/borg/trikeshed/strace/StraceExample.kt:111:22 Interface 'interface StraceAttention : Any' does not have constructors.
e: file:///Users/jim/work/v2superbikeshed/Trikeshed/src/commonMain/kotlin/borg/trikeshed/strace/StraceExample.kt:115:16 Unresolved reference 'execWithStrace'.
e: file:///Users/jim/work/v2superbikeshed/Trikeshed/src/commonMain/kotlin/borg/trikeshed/strace/StraceExample.kt:119:21 Cannot infer type for this parameter. Specify it explicitly.
e: file:///Users/jim/work/v2superbikeshed/Trikeshed/src/commonMain/kotlin/borg/trikeshed/strace/StraceExample.kt:125:16 Unresolved reference 'analyzeAttention'.
e: file:///Users/jim/work/v2superbikeshed/Trikeshed/src/commonMain/kotlin/borg/trikeshed/strace/StraceExample.kt:125:77 Cannot infer type for this parameter. Specify it explicitly.
e: file:///Users/jim/work/v2superbikeshed/Trikeshed/src/commonMain/kotlin/borg/trikeshed/strace/StraceExample.kt:130:29 Unresolved reference 'generateLLMPrompt'.
e: file:///Users/jim/work/v2superbikeshed/Trikeshed/src/commonMain/kotlin/borg/trikeshed/strace/StraceExample.kt:140:22 Interface 'interface StraceAttention : Any' does not have constructors.
e: file:///Users/jim/work/v2superbikeshed/Trikeshed/src/commonMain/kotlin/borg/trikeshed/strace/StraceExample.kt:142:16 Unresolved reference 'execWithStrace'.
e: file:///Users/jim/work/v2superbikeshed/Trikeshed/src/commonMain/kotlin/borg/trikeshed/strace/StraceExample.kt:150:21 Cannot infer type for this parameter. Specify it explicitly.
e: file:///Users/jim/work/v2superbikeshed/Trikeshed/src/commonMain/kotlin/borg/trikeshed/strace/StraceExample.kt:151:62 Unresolved reference 'syscall'.
e: file:///Users/jim/work/v2superbikeshed/Trikeshed/src/commonMain/kotlin/borg/trikeshed/strace/StraceExample.kt:154:53 Unresolved reference 'syscall'.
e: file:///Users/jim/work/v2superbikeshed/Trikeshed/src/commonMain/kotlin/borg/trikeshed/strace/StraceExample.kt:155:41 Unresolved reference 'pid'.
e: file:///Users/jim/work/v2superbikeshed/Trikeshed/src/commonMain/kotlin/borg/trikeshed/strace/StraceExample.kt:156:42 Unresolved reference 'args'.
e: file:///Users/jim/work/v2superbikeshed/Trikeshed/src/commonMain/kotlin/borg/trikeshed/strace/StraceExample.kt:157:44 Unresolved reference 'result'.
e: file:///Users/jim/work/v2superbikeshed/Trikeshed/src/commonMain/kotlin/borg/trikeshed/strace/StraceExample.kt:168:22 Interface 'interface StraceAttention : Any' does not have constructors.
e: file:///Users/jim/work/v2superbikeshed/Trikeshed/src/commonMain/kotlin/borg/trikeshed/strace/StraceExample.kt:170:16 Unresolved reference 'execWithStrace'.
e: file:///Users/jim/work/v2superbikeshed/Trikeshed/src/commonMain/kotlin/borg/trikeshed/strace/StraceExample.kt:177:21 Cannot infer type for this parameter. Specify it explicitly.
e: file:///Users/jim/work/v2superbikeshed/Trikeshed/src/commonMain/kotlin/borg/trikeshed/strace/StraceExample.kt:179:23 Unresolved reference 'syscall'.
e: file:///Users/jim/work/v2superbikeshed/Trikeshed/src/commonMain/kotlin/borg/trikeshed/strace/StraceExample.kt:180:38 Unresolved reference 'duration'.
e: file:///Users/jim/work/v2superbikeshed/Trikeshed/src/commonMain/kotlin/borg/trikeshed/strace/StraceExample.kt:181:38 Unresolved reference 'args'.
e: file:///Users/jim/work/v2superbikeshed/Trikeshed/src/commonMain/kotlin/borg/trikeshed/strace/StraceExample.kt:184:51 Unresolved reference 'syscall'.
e: file:///Users/jim/work/v2superbikeshed/Trikeshed/src/commonMain/kotlin/borg/trikeshed/torrent/TorrentKettle.kt:3:27 Conflicting import: imported name 'Indexed' is ambiguous.
e: file:///Users/jim/work/v2superbikeshed/Trikeshed/src/commonMain/kotlin/borg/trikeshed/torrent/TorrentKettle.kt:4:27 Conflicting import: imported name 'Indexed' is ambiguous.
e: file:///Users/jim/work/v2superbikeshed/Trikeshed/src/commonMain/kotlin/borg/trikeshed/torrent/TorrentKettle.kt:140:53 Type mismatch: inferred type is 'IntRange', but 'Int' was expected.
e: file:///Users/jim/work/v2superbikeshed/Trikeshed/src/commonMain/kotlin/borg/trikeshed/torrent/TorrentKettle.kt:224:25 Unresolved reference. None of the following candidates is applicable because of a receiver type mismatch:
fun MatchGroupCollection.get(name: String): MatchGroup?
e: file:///Users/jim/work/v2superbikeshed/Trikeshed/src/commonMain/kotlin/borg/trikeshed/torrent/TorrentKettle.kt:225:30 Type inference failed. The value of the type parameter 'K' must be mentioned in input types (argument types, receiver type, or expected type). Try to specify it explicitly.
e: file:///Users/jim/work/v2superbikeshed/Trikeshed/src/commonMain/kotlin/borg/trikeshed/torrent/TorrentKettle.kt:228:41 Argument type mismatch: actual type is 'MatchGroup?', but 'Int' was expected.
e: file:///Users/jim/work/v2superbikeshed/Trikeshed/src/commonMain/kotlin/borg/trikeshed/torrent/TorrentKettle.kt:263:38 Type mismatch: inferred type is 'IntRange', but 'Int' was expected.
e: file:///Users/jim/work/v2superbikeshed/Trikeshed/src/commonMain/kotlin/borg/trikeshed/torrent/TorrentKettle.kt:264:13 Suspension functions can only be called within coroutine body.
e: file:///Users/jim/work/v2superbikeshed/Trikeshed/src/commonMain/kotlin/borg/trikeshed/torrent/TorrentKettle.kt:272:13 Unresolved reference. None of the following candidates is applicable because of a receiver type mismatch:
fun MatchGroupCollection.get(name: String): MatchGroup?
e: file:///Users/jim/work/v2superbikeshed/Trikeshed/src/commonMain/kotlin/borg/trikeshed/torrent/TorrentKettle.kt:272:13 Argument type mismatch: actual type is 'V? (of fun <K, V> Map<out K, V>.get)', but 'Byte' was expected.
e: file:///Users/jim/work/v2superbikeshed/Trikeshed/src/commonMain/kotlin/borg/trikeshed/torrent/TorrentKettle.kt:272:13 Cannot infer type for this parameter. Specify it explicitly.
e: file:///Users/jim/work/v2superbikeshed/Trikeshed/src/commonMain/kotlin/borg/trikeshed/torrent/TorrentKettle.kt:272:30 Unresolved reference 'data'.
e: file:///Users/jim/work/v2superbikeshed/Trikeshed/src/commonMain/kotlin/borg/trikeshed/torrent/TorrentKettle.kt:278:32 Argument type mismatch: actual type is 'MatchGroup?', but 'Byte' was expected.
e: file:///Users/jim/work/v2superbikeshed/Trikeshed/src/commonMain/kotlin/borg/trikeshed/torrent/TorrentKettle.kt:278:32 Unresolved reference. None of the following candidates is applicable because of a receiver type mismatch:
fun MatchGroupCollection.get(name: String): MatchGroup?
e: file:///Users/jim/work/v2superbikeshed/Trikeshed/src/commonMain/kotlin/borg/trikeshed/torrent/TorrentKettle.kt:296:29 Argument type mismatch: actual type is 'Join<ByteArray, Function0<Byte>>', but 'Join<Int, Function1<Int, Byte>>' was expected.
e: file:///Users/jim/work/v2superbikeshed/Trikeshed/src/commonMain/kotlin/borg/trikeshed/torrent/TorrentKettle.kt:296:54 Unresolved reference 'it'.
e: file:///Users/jim/work/v2superbikeshed/Trikeshed/src/commonMain/kotlin/borg/trikeshed/torrent/TorrentKettle.kt:305:24 Argument type mismatch: actual type is 'Join<IntArray, B (of fun <A, B> A.j)>', but 'Join<Int, Function1<Int, Int>>' was expected.
e: file:///Users/jim/work/v2superbikeshed/Trikeshed/src/commonMain/kotlin/borg/trikeshed/torrent/TorrentKettle.kt:305:64 Cannot infer type for this parameter. Specify it explicitly.
e: file:///Users/jim/work/v2superbikeshed/Trikeshed/src/commonMain/kotlin/borg/trikeshed/torrent/TorrentKettle.kt:305:68 Unresolved reference 'it'.
e: file:///Users/jim/work/v2superbikeshed/Trikeshed/src/commonMain/kotlin/borg/trikeshed/trie/OuroborosPatriciaTrie.kt:93:28 Cannot infer type for this parameter. Specify it explicitly.
e: file:///Users/jim/work/v2superbikeshed/Trikeshed/src/commonMain/kotlin/borg/trikeshed/trie/OuroborosPatriciaTrie.kt:94:40 Cannot infer type for this parameter. Specify it explicitly.
e: file:///Users/jim/work/v2superbikeshed/Trikeshed/src/commonMain/kotlin/borg/trikeshed/trie/OuroborosPatriciaTrie.kt:94:40 Unresolved reference. None of the following candidates is applicable because of a receiver type mismatch:
fun <T> Join<Int, Function1<Int, Join<Any?, TypeMemento>>>.get(column: Column<T>): T?
e: file:///Users/jim/work/v2superbikeshed/Trikeshed/src/commonMain/kotlin/borg/trikeshed/trie/OuroborosPatriciaTrie.kt:94:85 Argument type mismatch: actual type is 'Join<Int, Function1<Int, Join<Any?, TypeMemento>>>', but 'Join<Int, Function1<Int, CompressedPatriciaNode<V (of fun <V, M> CompressedPatriciaNode<V, M>.insert), M (of fun <V, M> CompressedPatriciaNode<V, M>.insert)>>>' was expected.
e: file:///Users/jim/work/v2superbikeshed/Trikeshed/src/commonMain/kotlin/borg/trikeshed/trie/OuroborosPatriciaTrie.kt:94:85 Argument type mismatch: actual type is 'T? (of fun <T> Join<Int, Function1<Int, Join<Any?, TypeMemento>>>.get)', but 'K (of fun <K> WHEN_CALL)' was expected.
e: file:///Users/jim/work/v2superbikeshed/Trikeshed/src/commonMain/kotlin/borg/trikeshed/trie/OuroborosPatriciaTrie.kt:94:85 Cannot infer type for this parameter. Specify it explicitly.
e: file:///Users/jim/work/v2superbikeshed/Trikeshed/src/commonMain/kotlin/borg/trikeshed/trie/OuroborosPatriciaTrie.kt:94:85 Unresolved reference. None of the following candidates is applicable because of a receiver type mismatch:
fun <T> Join<Int, Function1<Int, Join<Any?, TypeMemento>>>.get(column: Column<T>): T?
e: file:///Users/jim/work/v2superbikeshed/Trikeshed/src/commonMain/kotlin/borg/trikeshed/trie/OuroborosPatriciaTrie.kt:100:25 Cannot infer type for this parameter. Specify it explicitly.
e: file:///Users/jim/work/v2superbikeshed/Trikeshed/src/commonMain/kotlin/borg/trikeshed/trie/OuroborosPatriciaTrie.kt:100:59 Argument type mismatch: actual type is 'Join<Int, Function1<Int, Join<Any?, TypeMemento>>>', but 'Join<Int, Function1<Int, CompressedPatriciaNode<V (of fun <V, M> CompressedPatriciaNode<V, M>.insert), M (of fun <V, M> CompressedPatriciaNode<V, M>.insert)>>>' was expected.
e: file:///Users/jim/work/v2superbikeshed/Trikeshed/src/commonMain/kotlin/borg/trikeshed/trie/OuroborosPatriciaTrie.kt:100:59 Argument type mismatch: actual type is 'T? (of fun <T> Join<Int, Function1<Int, Join<Any?, TypeMemento>>>.get)', but 'K (of fun <K> WHEN_CALL)' was expected.
e: file:///Users/jim/work/v2superbikeshed/Trikeshed/src/commonMain/kotlin/borg/trikeshed/trie/OuroborosPatriciaTrie.kt:100:59 Cannot infer type for this parameter. Specify it explicitly.
e: file:///Users/jim/work/v2superbikeshed/Trikeshed/src/commonMain/kotlin/borg/trikeshed/trie/OuroborosPatriciaTrie.kt:100:59 Unresolved reference. None of the following candidates is applicable because of a receiver type mismatch:
fun <T> Join<Int, Function1<Int, Join<Any?, TypeMemento>>>.get(column: Column<T>): T?
e: file:///Users/jim/work/v2superbikeshed/Trikeshed/src/commonMain/kotlin/borg/trikeshed/trie/OuroborosPatriciaTrie.kt:100:76 Argument type mismatch: actual type is 'CompressedPatriciaNode<V (of fun <V, M> CompressedPatriciaNode<V, M>.insert), M (of fun <V, M> CompressedPatriciaNode<V, M>.insert)>', but 'K (of fun <K> WHEN_CALL)' was expected.
e: file:///Users/jim/work/v2superbikeshed/Trikeshed/src/commonMain/kotlin/borg/trikeshed/wireproto/TrikeShedWireProto.kt:141:31 Cannot infer type for this parameter. Specify it explicitly.
e: file:///Users/jim/work/v2superbikeshed/Trikeshed/src/commonMain/kotlin/borg/trikeshed/wireproto/TrikeShedWireProto.kt:141:31 Unresolved reference. None of the following candidates is applicable because of a receiver type mismatch:
fun <T> Join<Int, Function1<Int, Join<Any?, TypeMemento>>>.get(column: Column<T>): T?
e: file:///Users/jim/work/v2superbikeshed/Trikeshed/src/commonMain/kotlin/borg/trikeshed/wireproto/TrikeShedWireProto.kt:413:9 Cannot infer type for this parameter. Specify it explicitly.
e: file:///Users/jim/work/v2superbikeshed/Trikeshed/src/commonMain/kotlin/borg/trikeshed/wireproto/TrikeShedWireProto.kt:413:9 Unresolved reference. None of the following candidates is applicable because of a receiver type mismatch:
fun <T> Join<Int, Function1<Int, Join<Any?, TypeMemento>>>.get(column: Column<T>): T?
e: file:///Users/jim/work/v2superbikeshed/Trikeshed/src/commonMain/kotlin/borg/trikeshed/wireproto/TrikeShedWireProto.kt:447:54 Argument type mismatch: actual type is 'Join<Int, Function1<Int, Byte>>', but 'K (of fun <K> WHEN_CALL)' was expected.
e: file:///Users/jim/work/v2superbikeshed/Trikeshed/src/commonMain/kotlin/borg/trikeshed/wireproto/TrikeShedWireProto.kt:448:16 Cannot check for instance of erased type 'Join<Int, Function1<Int, *>>'.
e: file:///Users/jim/work/v2superbikeshed/Trikeshed/src/commonMain/kotlin/borg/trikeshed/wireproto/TrikeShedWireProto.kt:448:30 Argument type mismatch: actual type is 'Join<Int, Function1<Int, Byte>>', but 'K (of fun <K> WHEN_CALL)' was expected.
e: file:///Users/jim/work/v2superbikeshed/Trikeshed/src/commonMain/kotlin/borg/trikeshed/wireproto/TrikeShedWireProto.kt:449:21 Cannot infer type for this parameter. Specify it explicitly.
e: file:///Users/jim/work/v2superbikeshed/Trikeshed/src/commonMain/kotlin/borg/trikeshed/wireproto/TrikeShedWireProto.kt:449:21 Not enough information to infer type argument for 'T'.
e: file:///Users/jim/work/v2superbikeshed/Trikeshed/src/commonMain/kotlin/borg/trikeshed/wireproto/TrikeShedWireProto.kt:449:21 Unresolved reference. None of the following candidates is applicable because of a receiver type mismatch:
fun <T> Join<Shape, Function1<Shape, T>>.invoke(index: Int): T
e: file:///Users/jim/work/v2superbikeshed/Trikeshed/src/commonMain/kotlin/borg/trikeshed/wireproto/TrikeShedWireProto.kt:449:21 Argument type mismatch: actual type is 'T (of fun <T> Join<Shape, Function1<Shape, T>>.invoke)', but 'K (of fun <K> WHEN_CALL)' was expected.
e: file:///Users/jim/work/v2superbikeshed/Trikeshed/src/commonMain/kotlin/borg/trikeshed/wireproto/TrikeShedWireProto.kt:454:50 Cannot infer type for this parameter. Specify it explicitly.
e: file:///Users/jim/work/v2superbikeshed/Trikeshed/src/commonMain/kotlin/borg/trikeshed/wireproto/TrikeShedWireProto.kt:454:50 Unresolved reference. None of the following candidates is applicable because of a receiver type mismatch:
fun <T> Join<Int, Function1<Int, Join<Any?, TypeMemento>>>.get(column: Column<T>): T?
e: file:///Users/jim/work/v2superbikeshed/Trikeshed/src/commonMain/kotlin/borg/trikeshed/wireproto/WireProto.kt:32:16 Cannot infer type for this parameter. Specify it explicitly.
e: file:///Users/jim/work/v2superbikeshed/Trikeshed/src/commonMain/kotlin/borg/trikeshed/wireproto/WireProto.kt:32:16 Not enough information to infer type argument for 'T'.
e: file:///Users/jim/work/v2superbikeshed/Trikeshed/src/commonMain/kotlin/borg/trikeshed/wireproto/WireProto.kt:32:16 Unresolved reference. None of the following candidates is applicable because of a receiver type mismatch:
fun <T> Join<Shape, Function1<Shape, T>>.invoke(index: Int): T
e: file:///Users/jim/work/v2superbikeshed/Trikeshed/src/jvmMain/kotlin/borg/trikeshed/Main.kt:73:24 Argument type mismatch: actual type is 'HttpServerPort', but 'Int' was expected.
e: file:///Users/jim/work/v2superbikeshed/Trikeshed/src/jvmMain/kotlin/borg/trikeshed/Main.kt:74:24 Argument type mismatch: actual type is 'HttpServerHost', but 'String' was expected.
e: file:///Users/jim/work/v2superbikeshed/Trikeshed/src/jvmMain/kotlin/borg/trikeshed/Main.kt:78:63 Unresolved reference 'create'.
e: file:///Users/jim/work/v2superbikeshed/Trikeshed/src/jvmMain/kotlin/borg/trikeshed/Main.kt:80:26 Unresolved reference 'createRouter'.
e: file:///Users/jim/work/v2superbikeshed/Trikeshed/src/jvmMain/kotlin/borg/trikeshed/Main.kt:101:13 Function invocation 'listen(...)' expected.
e: file:///Users/jim/work/v2superbikeshed/Trikeshed/src/jvmMain/kotlin/borg/trikeshed/Main.kt:101:20 Unresolved reference 'on'.
e: file:///Users/jim/work/v2superbikeshed/Trikeshed/src/jvmMain/kotlin/borg/trikeshed/Main.kt:104:35 Suspension functions can only be called within coroutine body.
e: file:///Users/jim/work/v2superbikeshed/Trikeshed/src/jvmMain/kotlin/borg/trikeshed/Main.kt:115:21 Argument type mismatch: actual type is 'Join<String, String>', but 'Join<String, Map<String, String>>' was expected.
e: file:///Users/jim/work/v2superbikeshed/Trikeshed/src/jvmMain/kotlin/borg/trikeshed/Main.kt:116:21 Argument type mismatch: actual type is 'Join<String, String>', but 'Join<String, Map<String, String>>' was expected.
e: file:///Users/jim/work/v2superbikeshed/Trikeshed/src/jvmMain/kotlin/borg/trikeshed/crypto/JvmCryptoFactory.kt:105:19 Argument type mismatch: actual type is 'Int', but 'Int' was expected.
e: file:///Users/jim/work/v2superbikeshed/Trikeshed/src/jvmMain/kotlin/borg/trikeshed/crypto/JvmCryptoFactory.kt:105:24 Argument type mismatch: actual type is 'T? (of fun <T> Join<Int, Function1<Int, Join<Any?, TypeMemento>>>.get)', but 'Byte' was expected.
e: file:///Users/jim/work/v2superbikeshed/Trikeshed/src/jvmMain/kotlin/borg/trikeshed/crypto/JvmCryptoFactory.kt:105:24 Cannot infer type for this parameter. Specify it explicitly.
e: file:///Users/jim/work/v2superbikeshed/Trikeshed/src/jvmMain/kotlin/borg/trikeshed/crypto/JvmCryptoFactory.kt:105:24 Unresolved reference. None of the following candidates is applicable because of a receiver type mismatch:
fun <T> Join<Int, Function1<Int, Join<Any?, TypeMemento>>>.get(column: Column<T>): T?
e: file:///Users/jim/work/v2superbikeshed/Trikeshed/src/jvmMain/kotlin/borg/trikeshed/crypto/JvmCryptoFactory.kt:116:22 Argument type mismatch: actual type is 'Int', but 'Int' was expected.
e: file:///Users/jim/work/v2superbikeshed/Trikeshed/src/jvmMain/kotlin/borg/trikeshed/crypto/JvmCryptoFactory.kt:116:27 Argument type mismatch: actual type is 'T? (of fun <T> Join<Int, Function1<Int, Join<Any?, TypeMemento>>>.get)', but 'Byte' was expected.
e: file:///Users/jim/work/v2superbikeshed/Trikeshed/src/jvmMain/kotlin/borg/trikeshed/crypto/JvmCryptoFactory.kt:116:27 Cannot infer type for this parameter. Specify it explicitly.
e: file:///Users/jim/work/v2superbikeshed/Trikeshed/src/jvmMain/kotlin/borg/trikeshed/crypto/JvmCryptoFactory.kt:116:27 Unresolved reference. None of the following candidates is applicable because of a receiver type mismatch:
fun <T> Join<Int, Function1<Int, Join<Any?, TypeMemento>>>.get(column: Column<T>): T?
e: file:///Users/jim/work/v2superbikeshed/Trikeshed/src/jvmMain/kotlin/borg/trikeshed/crypto/JvmCryptoFactory.kt:122:23 Argument type mismatch: actual type is 'Int', but 'Int' was expected.
e: file:///Users/jim/work/v2superbikeshed/Trikeshed/src/jvmMain/kotlin/borg/trikeshed/crypto/JvmCryptoFactory.kt:122:28 Argument type mismatch: actual type is 'T? (of fun <T> Join<Int, Function1<Int, Join<Any?, TypeMemento>>>.get)', but 'Byte' was expected.
e: file:///Users/jim/work/v2superbikeshed/Trikeshed/src/jvmMain/kotlin/borg/trikeshed/crypto/JvmCryptoFactory.kt:122:28 Cannot infer type for this parameter. Specify it explicitly.
e: file:///Users/jim/work/v2superbikeshed/Trikeshed/src/jvmMain/kotlin/borg/trikeshed/crypto/JvmCryptoFactory.kt:122:28 Unresolved reference. None of the following candidates is applicable because of a receiver type mismatch:
fun <T> Join<Int, Function1<Int, Join<Any?, TypeMemento>>>.get(column: Column<T>): T?
e: file:///Users/jim/work/v2superbikeshed/Trikeshed/src/jvmMain/kotlin/borg/trikeshed/crypto/JvmCryptoFactory.kt:146:22 Argument type mismatch: actual type is 'Int', but 'Int' was expected.
e: file:///Users/jim/work/v2superbikeshed/Trikeshed/src/jvmMain/kotlin/borg/trikeshed/crypto/JvmCryptoFactory.kt:146:27 Argument type mismatch: actual type is 'T? (of fun <T> Join<Int, Function1<Int, Join<Any?, TypeMemento>>>.get)', but 'Byte' was expected.
e: file:///Users/jim/work/v2superbikeshed/Trikeshed/src/jvmMain/kotlin/borg/trikeshed/crypto/JvmCryptoFactory.kt:146:27 Cannot infer type for this parameter. Specify it explicitly.
e: file:///Users/jim/work/v2superbikeshed/Trikeshed/src/jvmMain/kotlin/borg/trikeshed/crypto/JvmCryptoFactory.kt:146:27 Unresolved reference. None of the following candidates is applicable because of a receiver type mismatch:
fun <T> Join<Int, Function1<Int, Join<Any?, TypeMemento>>>.get(column: Column<T>): T?
e: file:///Users/jim/work/v2superbikeshed/Trikeshed/src/jvmMain/kotlin/borg/trikeshed/crypto/JvmCryptoFactory.kt:151:24 Argument type mismatch: actual type is 'Int', but 'Int' was expected.
e: file:///Users/jim/work/v2superbikeshed/Trikeshed/src/jvmMain/kotlin/borg/trikeshed/crypto/JvmCryptoFactory.kt:151:29 Argument type mismatch: actual type is 'T? (of fun <T> Join<Int, Function1<Int, Join<Any?, TypeMemento>>>.get)', but 'Byte' was expected.
e: file:///Users/jim/work/v2superbikeshed/Trikeshed/src/jvmMain/kotlin/borg/trikeshed/crypto/JvmCryptoFactory.kt:151:29 Cannot infer type for this parameter. Specify it explicitly.
e: file:///Users/jim/work/v2superbikeshed/Trikeshed/src/jvmMain/kotlin/borg/trikeshed/crypto/JvmCryptoFactory.kt:151:29 Unresolved reference. None of the following candidates is applicable because of a receiver type mismatch:
fun <T> Join<Int, Function1<Int, Join<Any?, TypeMemento>>>.get(column: Column<T>): T?
e: file:///Users/jim/work/v2superbikeshed/Trikeshed/src/jvmMain/kotlin/borg/trikeshed/crypto/JvmCryptoFactory.kt:166:26 Argument type mismatch: actual type is 'Int', but 'Int' was expected.
e: file:///Users/jim/work/v2superbikeshed/Trikeshed/src/jvmMain/kotlin/borg/trikeshed/crypto/JvmCryptoFactory.kt:166:31 Argument type mismatch: actual type is 'T? (of fun <T> Join<Int, Function1<Int, Join<Any?, TypeMemento>>>.get)', but 'Byte' was expected.
e: file:///Users/jim/work/v2superbikeshed/Trikeshed/src/jvmMain/kotlin/borg/trikeshed/crypto/JvmCryptoFactory.kt:166:31 Cannot infer type for this parameter. Specify it explicitly.
e: file:///Users/jim/work/v2superbikeshed/Trikeshed/src/jvmMain/kotlin/borg/trikeshed/crypto/JvmCryptoFactory.kt:166:31 Unresolved reference. None of the following candidates is applicable because of a receiver type mismatch:
fun <T> Join<Int, Function1<Int, Join<Any?, TypeMemento>>>.get(column: Column<T>): T?
e: file:///Users/jim/work/v2superbikeshed/Trikeshed/src/jvmMain/kotlin/borg/trikeshed/crypto/JvmCryptoFactory.kt:173:28 Argument type mismatch: actual type is 'Int', but 'Int' was expected.
e: file:///Users/jim/work/v2superbikeshed/Trikeshed/src/jvmMain/kotlin/borg/trikeshed/crypto/JvmCryptoFactory.kt:173:33 Argument type mismatch: actual type is 'T? (of fun <T> Join<Int, Function1<Int, Join<Any?, TypeMemento>>>.get)', but 'Byte' was expected.
e: file:///Users/jim/work/v2superbikeshed/Trikeshed/src/jvmMain/kotlin/borg/trikeshed/crypto/JvmCryptoFactory.kt:173:33 Cannot infer type for this parameter. Specify it explicitly.
e: file:///Users/jim/work/v2superbikeshed/Trikeshed/src/jvmMain/kotlin/borg/trikeshed/crypto/JvmCryptoFactory.kt:173:33 Unresolved reference. None of the following candidates is applicable because of a receiver type mismatch:
fun <T> Join<Int, Function1<Int, Join<Any?, TypeMemento>>>.get(column: Column<T>): T?
e: file:///Users/jim/work/v2superbikeshed/Trikeshed/src/jvmMain/kotlin/borg/trikeshed/crypto/JvmCryptoFactory.kt:194:22 Argument type mismatch: actual type is 'Int', but 'Int' was expected.
e: file:///Users/jim/work/v2superbikeshed/Trikeshed/src/jvmMain/kotlin/borg/trikeshed/crypto/JvmCryptoFactory.kt:194:27 Argument type mismatch: actual type is 'T? (of fun <T> Join<Int, Function1<Int, Join<Any?, TypeMemento>>>.get)', but 'Byte' was expected.
e: file:///Users/jim/work/v2superbikeshed/Trikeshed/src/jvmMain/kotlin/borg/trikeshed/crypto/JvmCryptoFactory.kt:194:27 Cannot infer type for this parameter. Specify it explicitly.
e: file:///Users/jim/work/v2superbikeshed/Trikeshed/src/jvmMain/kotlin/borg/trikeshed/crypto/JvmCryptoFactory.kt:194:27 Unresolved reference. None of the following candidates is applicable because of a receiver type mismatch:
fun <T> Join<Int, Function1<Int, Join<Any?, TypeMemento>>>.get(column: Column<T>): T?
e: file:///Users/jim/work/v2superbikeshed/Trikeshed/src/jvmMain/kotlin/borg/trikeshed/crypto/JvmCryptoFactory.kt:199:24 Argument type mismatch: actual type is 'Int', but 'Int' was expected.
e: file:///Users/jim/work/v2superbikeshed/Trikeshed/src/jvmMain/kotlin/borg/trikeshed/crypto/JvmCryptoFactory.kt:199:29 Argument type mismatch: actual type is 'T? (of fun <T> Join<Int, Function1<Int, Join<Any?, TypeMemento>>>.get)', but 'Byte' was expected.
e: file:///Users/jim/work/v2superbikeshed/Trikeshed/src/jvmMain/kotlin/borg/trikeshed/crypto/JvmCryptoFactory.kt:199:29 Cannot infer type for this parameter. Specify it explicitly.
e: file:///Users/jim/work/v2superbikeshed/Trikeshed/src/jvmMain/kotlin/borg/trikeshed/crypto/JvmCryptoFactory.kt:199:29 Unresolved reference. None of the following candidates is applicable because of a receiver type mismatch:
fun <T> Join<Int, Function1<Int, Join<Any?, TypeMemento>>>.get(column: Column<T>): T?
e: file:///Users/jim/work/v2superbikeshed/Trikeshed/src/jvmMain/kotlin/borg/trikeshed/crypto/JvmCryptoFactory.kt:214:26 Argument type mismatch: actual type is 'Int', but 'Int' was expected.
e: file:///Users/jim/work/v2superbikeshed/Trikeshed/src/jvmMain/kotlin/borg/trikeshed/crypto/JvmCryptoFactory.kt:214:31 Argument type mismatch: actual type is 'T? (of fun <T> Join<Int, Function1<Int, Join<Any?, TypeMemento>>>.get)', but 'Byte' was expected.
e: file:///Users/jim/work/v2superbikeshed/Trikeshed/src/jvmMain/kotlin/borg/trikeshed/crypto/JvmCryptoFactory.kt:214:31 Cannot infer type for this parameter. Specify it explicitly.
e: file:///Users/jim/work/v2superbikeshed/Trikeshed/src/jvmMain/kotlin/borg/trikeshed/crypto/JvmCryptoFactory.kt:214:31 Unresolved reference. None of the following candidates is applicable because of a receiver type mismatch:
fun <T> Join<Int, Function1<Int, Join<Any?, TypeMemento>>>.get(column: Column<T>): T?
e: file:///Users/jim/work/v2superbikeshed/Trikeshed/src/jvmMain/kotlin/borg/trikeshed/crypto/JvmCryptoFactory.kt:221:31 Argument type mismatch: actual type is 'Int', but 'Int' was expected.
e: file:///Users/jim/work/v2superbikeshed/Trikeshed/src/jvmMain/kotlin/borg/trikeshed/crypto/JvmCryptoFactory.kt:221:36 Argument type mismatch: actual type is 'T? (of fun <T> Join<Int, Function1<Int, Join<Any?, TypeMemento>>>.get)', but 'Byte' was expected.
e: file:///Users/jim/work/v2superbikeshed/Trikeshed/src/jvmMain/kotlin/borg/trikeshed/crypto/JvmCryptoFactory.kt:221:36 Cannot infer type for this parameter. Specify it explicitly.
e: file:///Users/jim/work/v2superbikeshed/Trikeshed/src/jvmMain/kotlin/borg/trikeshed/crypto/JvmCryptoFactory.kt:221:36 Unresolved reference. None of the following candidates is applicable because of a receiver type mismatch:
fun <T> Join<Int, Function1<Int, Join<Any?, TypeMemento>>>.get(column: Column<T>): T?
e: file:///Users/jim/work/v2superbikeshed/Trikeshed/src/jvmMain/kotlin/borg/trikeshed/crypto/JvmCryptoFactory.kt:224:31 Argument type mismatch: actual type is 'Int', but 'Int' was expected.
e: file:///Users/jim/work/v2superbikeshed/Trikeshed/src/jvmMain/kotlin/borg/trikeshed/crypto/JvmCryptoFactory.kt:224:54 Argument type mismatch: actual type is 'T? (of fun <T> Join<Int, Function1<Int, Join<Any?, TypeMemento>>>.get)', but 'Byte' was expected.
e: file:///Users/jim/work/v2superbikeshed/Trikeshed/src/jvmMain/kotlin/borg/trikeshed/crypto/JvmCryptoFactory.kt:224:54 Cannot infer type for this parameter. Specify it explicitly.
e: file:///Users/jim/work/v2superbikeshed/Trikeshed/src/jvmMain/kotlin/borg/trikeshed/crypto/JvmCryptoFactory.kt:224:54 Unresolved reference. None of the following candidates is applicable because of a receiver type mismatch:
fun <T> Join<Int, Function1<Int, Join<Any?, TypeMemento>>>.get(column: Column<T>): T?
e: file:///Users/jim/work/v2superbikeshed/Trikeshed/src/jvmMain/kotlin/borg/trikeshed/crypto/JvmCryptoFactory.kt:265:29 Argument type mismatch: actual type is 'Int', but 'Int' was expected.
e: file:///Users/jim/work/v2superbikeshed/Trikeshed/src/jvmMain/kotlin/borg/trikeshed/crypto/JvmCryptoFactory.kt:265:34 Argument type mismatch: actual type is 'T? (of fun <T> Join<Int, Function1<Int, Join<Any?, TypeMemento>>>.get)', but 'Byte' was expected.
e: file:///Users/jim/work/v2superbikeshed/Trikeshed/src/jvmMain/kotlin/borg/trikeshed/crypto/JvmCryptoFactory.kt:265:34 Cannot infer type for this parameter. Specify it explicitly.
e: file:///Users/jim/work/v2superbikeshed/Trikeshed/src/jvmMain/kotlin/borg/trikeshed/crypto/JvmCryptoFactory.kt:265:34 Unresolved reference. None of the following candidates is applicable because of a receiver type mismatch:
fun <T> Join<Int, Function1<Int, Join<Any?, TypeMemento>>>.get(column: Column<T>): T?
e: file:///Users/jim/work/v2superbikeshed/Trikeshed/src/jvmMain/kotlin/borg/trikeshed/crypto/JvmCryptoFactory.kt:270:28 Argument type mismatch: actual type is 'Int', but 'Int' was expected.
e: file:///Users/jim/work/v2superbikeshed/Trikeshed/src/jvmMain/kotlin/borg/trikeshed/crypto/JvmCryptoFactory.kt:270:33 Argument type mismatch: actual type is 'T? (of fun <T> Join<Int, Function1<Int, Join<Any?, TypeMemento>>>.get)', but 'Byte' was expected.
e: file:///Users/jim/work/v2superbikeshed/Trikeshed/src/jvmMain/kotlin/borg/trikeshed/crypto/JvmCryptoFactory.kt:270:33 Cannot infer type for this parameter. Specify it explicitly.
e: file:///Users/jim/work/v2superbikeshed/Trikeshed/src/jvmMain/kotlin/borg/trikeshed/crypto/JvmCryptoFactory.kt:270:33 Unresolved reference. None of the following candidates is applicable because of a receiver type mismatch:
fun <T> Join<Int, Function1<Int, Join<Any?, TypeMemento>>>.get(column: Column<T>): T?
e: file:///Users/jim/work/v2superbikeshed/Trikeshed/src/jvmMain/kotlin/borg/trikeshed/crypto/JvmCryptoFactory.kt:325:29 Argument type mismatch: actual type is 'Int', but 'Int' was expected.
e: file:///Users/jim/work/v2superbikeshed/Trikeshed/src/jvmMain/kotlin/borg/trikeshed/crypto/JvmCryptoFactory.kt:325:34 Argument type mismatch: actual type is 'T? (of fun <T> Join<Int, Function1<Int, Join<Any?, TypeMemento>>>.get)', but 'Byte' was expected.
e: file:///Users/jim/work/v2superbikeshed/Trikeshed/src/jvmMain/kotlin/borg/trikeshed/crypto/JvmCryptoFactory.kt:325:34 Cannot infer type for this parameter. Specify it explicitly.
e: file:///Users/jim/work/v2superbikeshed/Trikeshed/src/jvmMain/kotlin/borg/trikeshed/crypto/JvmCryptoFactory.kt:325:34 Unresolved reference. None of the following candidates is applicable because of a receiver type mismatch:
fun <T> Join<Int, Function1<Int, Join<Any?, TypeMemento>>>.get(column: Column<T>): T?
e: file:///Users/jim/work/v2superbikeshed/Trikeshed/src/jvmMain/kotlin/borg/trikeshed/crypto/JvmCryptoFactory.kt:341:26 Argument type mismatch: actual type is 'Int', but 'Int' was expected.
e: file:///Users/jim/work/v2superbikeshed/Trikeshed/src/jvmMain/kotlin/borg/trikeshed/crypto/JvmCryptoFactory.kt:341:31 Argument type mismatch: actual type is 'T? (of fun <T> Join<Int, Function1<Int, Join<Any?, TypeMemento>>>.get)', but 'Byte' was expected.
e: file:///Users/jim/work/v2superbikeshed/Trikeshed/src/jvmMain/kotlin/borg/trikeshed/crypto/JvmCryptoFactory.kt:341:31 Cannot infer type for this parameter. Specify it explicitly.
e: file:///Users/jim/work/v2superbikeshed/Trikeshed/src/jvmMain/kotlin/borg/trikeshed/crypto/JvmCryptoFactory.kt:341:31 Unresolved reference. None of the following candidates is applicable because of a receiver type mismatch:
fun <T> Join<Int, Function1<Int, Join<Any?, TypeMemento>>>.get(column: Column<T>): T?
e: file:///Users/jim/work/v2superbikeshed/Trikeshed/src/jvmMain/kotlin/borg/trikeshed/crypto/JvmCryptoFactory.kt:363:28 Argument type mismatch: actual type is 'Int', but 'Int' was expected.
e: file:///Users/jim/work/v2superbikeshed/Trikeshed/src/jvmMain/kotlin/borg/trikeshed/crypto/JvmCryptoFactory.kt:363:33 Argument type mismatch: actual type is 'T? (of fun <T> Join<Int, Function1<Int, Join<Any?, TypeMemento>>>.get)', but 'Byte' was expected.
e: file:///Users/jim/work/v2superbikeshed/Trikeshed/src/jvmMain/kotlin/borg/trikeshed/crypto/JvmCryptoFactory.kt:363:33 Cannot infer type for this parameter. Specify it explicitly.
e: file:///Users/jim/work/v2superbikeshed/Trikeshed/src/jvmMain/kotlin/borg/trikeshed/crypto/JvmCryptoFactory.kt:363:33 Unresolved reference. None of the following candidates is applicable because of a receiver type mismatch:
fun <T> Join<Int, Function1<Int, Join<Any?, TypeMemento>>>.get(column: Column<T>): T?
e: file:///Users/jim/work/v2superbikeshed/Trikeshed/src/jvmMain/kotlin/borg/trikeshed/crypto/JvmCryptoFactory.kt:379:26 Argument type mismatch: actual type is 'Int', but 'Int' was expected.
e: file:///Users/jim/work/v2superbikeshed/Trikeshed/src/jvmMain/kotlin/borg/trikeshed/crypto/JvmCryptoFactory.kt:379:31 Argument type mismatch: actual type is 'T? (of fun <T> Join<Int, Function1<Int, Join<Any?, TypeMemento>>>.get)', but 'Byte' was expected.
e: file:///Users/jim/work/v2superbikeshed/Trikeshed/src/jvmMain/kotlin/borg/trikeshed/crypto/JvmCryptoFactory.kt:379:31 Cannot infer type for this parameter. Specify it explicitly.
e: file:///Users/jim/work/v2superbikeshed/Trikeshed/src/jvmMain/kotlin/borg/trikeshed/crypto/JvmCryptoFactory.kt:379:31 Unresolved reference. None of the following candidates is applicable because of a receiver type mismatch:
fun <T> Join<Int, Function1<Int, Join<Any?, TypeMemento>>>.get(column: Column<T>): T?
e: file:///Users/jim/work/v2superbikeshed/Trikeshed/src/jvmMain/kotlin/borg/trikeshed/crypto/JvmCryptoFactory.kt:385:28 Argument type mismatch: actual type is 'Int', but 'Int' was expected.
e: file:///Users/jim/work/v2superbikeshed/Trikeshed/src/jvmMain/kotlin/borg/trikeshed/crypto/JvmCryptoFactory.kt:385:33 Argument type mismatch: actual type is 'T? (of fun <T> Join<Int, Function1<Int, Join<Any?, TypeMemento>>>.get)', but 'Byte' was expected.
e: file:///Users/jim/work/v2superbikeshed/Trikeshed/src/jvmMain/kotlin/borg/trikeshed/crypto/JvmCryptoFactory.kt:385:33 Cannot infer type for this parameter. Specify it explicitly.
e: file:///Users/jim/work/v2superbikeshed/Trikeshed/src/jvmMain/kotlin/borg/trikeshed/crypto/JvmCryptoFactory.kt:385:33 Unresolved reference. None of the following candidates is applicable because of a receiver type mismatch:
fun <T> Join<Int, Function1<Int, Join<Any?, TypeMemento>>>.get(column: Column<T>): T?
e: file:///Users/jim/work/v2superbikeshed/Trikeshed/src/jvmMain/kotlin/borg/trikeshed/crypto/JvmCryptoFactory.kt:408:23 Argument type mismatch: actual type is 'Int', but 'Int' was expected.
e: file:///Users/jim/work/v2superbikeshed/Trikeshed/src/jvmMain/kotlin/borg/trikeshed/crypto/JvmCryptoFactory.kt:408:28 Argument type mismatch: actual type is 'T? (of fun <T> Join<Int, Function1<Int, Join<Any?, TypeMemento>>>.get)', but 'Byte' was expected.
e: file:///Users/jim/work/v2superbikeshed/Trikeshed/src/jvmMain/kotlin/borg/trikeshed/crypto/JvmCryptoFactory.kt:408:28 Cannot infer type for this parameter. Specify it explicitly.
e: file:///Users/jim/work/v2superbikeshed/Trikeshed/src/jvmMain/kotlin/borg/trikeshed/crypto/JvmCryptoFactory.kt:408:28 Unresolved reference. None of the following candidates is applicable because of a receiver type mismatch:
fun <T> Join<Int, Function1<Int, Join<Any?, TypeMemento>>>.get(column: Column<T>): T?
e: file:///Users/jim/work/v2superbikeshed/Trikeshed/src/jvmMain/kotlin/borg/trikeshed/crypto/JvmCryptoFactory.kt:414:25 Argument type mismatch: actual type is 'Int', but 'Int' was expected.
e: file:///Users/jim/work/v2superbikeshed/Trikeshed/src/jvmMain/kotlin/borg/trikeshed/crypto/JvmCryptoFactory.kt:414:30 Argument type mismatch: actual type is 'T? (of fun <T> Join<Int, Function1<Int, Join<Any?, TypeMemento>>>.get)', but 'Byte' was expected.
e: file:///Users/jim/work/v2superbikeshed/Trikeshed/src/jvmMain/kotlin/borg/trikeshed/crypto/JvmCryptoFactory.kt:414:30 Cannot infer type for this parameter. Specify it explicitly.
e: file:///Users/jim/work/v2superbikeshed/Trikeshed/src/jvmMain/kotlin/borg/trikeshed/crypto/JvmCryptoFactory.kt:414:30 Unresolved reference. None of the following candidates is applicable because of a receiver type mismatch:
fun <T> Join<Int, Function1<Int, Join<Any?, TypeMemento>>>.get(column: Column<T>): T?
e: file:///Users/jim/work/v2superbikeshed/Trikeshed/src/jvmMain/kotlin/borg/trikeshed/crypto/JvmCryptoFactory.kt:428:23 Argument type mismatch: actual type is 'Int', but 'Int' was expected.
e: file:///Users/jim/work/v2superbikeshed/Trikeshed/src/jvmMain/kotlin/borg/trikeshed/crypto/JvmCryptoFactory.kt:428:28 Argument type mismatch: actual type is 'T? (of fun <T> Join<Int, Function1<Int, Join<Any?, TypeMemento>>>.get)', but 'Byte' was expected.
e: file:///Users/jim/work/v2superbikeshed/Trikeshed/src/jvmMain/kotlin/borg/trikeshed/crypto/JvmCryptoFactory.kt:428:28 Cannot infer type for this parameter. Specify it explicitly.
e: file:///Users/jim/work/v2superbikeshed/Trikeshed/src/jvmMain/kotlin/borg/trikeshed/crypto/JvmCryptoFactory.kt:428:28 Unresolved reference. None of the following candidates is applicable because of a receiver type mismatch:
fun <T> Join<Int, Function1<Int, Join<Any?, TypeMemento>>>.get(column: Column<T>): T?
e: file:///Users/jim/work/v2superbikeshed/Trikeshed/src/jvmMain/kotlin/borg/trikeshed/crypto/JvmCryptoFactory.kt:474:18 Argument type mismatch: actual type is 'Int', but 'Int' was expected.
e: file:///Users/jim/work/v2superbikeshed/Trikeshed/src/jvmMain/kotlin/borg/trikeshed/crypto/JvmCryptoFactory.kt:474:30 Argument type mismatch: actual type is 'T? (of fun <T> Join<Int, Function1<Int, Join<Any?, TypeMemento>>>.get)', but 'Byte' was expected.
e: file:///Users/jim/work/v2superbikeshed/Trikeshed/src/jvmMain/kotlin/borg/trikeshed/crypto/JvmCryptoFactory.kt:474:30 Cannot infer type for this parameter. Specify it explicitly.
e: file:///Users/jim/work/v2superbikeshed/Trikeshed/src/jvmMain/kotlin/borg/trikeshed/crypto/JvmCryptoFactory.kt:474:30 Unresolved reference. None of the following candidates is applicable because of a receiver type mismatch:
fun <T> Join<Int, Function1<Int, Join<Any?, TypeMemento>>>.get(column: Column<T>): T?
e: file:///Users/jim/work/v2superbikeshed/Trikeshed/src/jvmMain/kotlin/borg/trikeshed/crypto/hash/Adler32.jvm.kt:11:24 Cannot infer type for this parameter. Specify it explicitly.
e: file:///Users/jim/work/v2superbikeshed/Trikeshed/src/jvmMain/kotlin/borg/trikeshed/crypto/hash/Adler32.jvm.kt:11:24 Unresolved reference. None of the following candidates is applicable because of a receiver type mismatch:
fun <T> Join<Int, Function1<Int, Join<Any?, TypeMemento>>>.get(column: Column<T>): T?
e: file:///Users/jim/work/v2superbikeshed/Trikeshed/src/jvmMain/kotlin/borg/trikeshed/crypto/hash/CRC.jvm.kt:10:27 Cannot infer type for this parameter. Specify it explicitly.
e: file:///Users/jim/work/v2superbikeshed/Trikeshed/src/jvmMain/kotlin/borg/trikeshed/crypto/hash/CRC.jvm.kt:10:27 Unresolved reference. None of the following candidates is applicable because of a receiver type mismatch:
fun <T> Join<Int, Function1<Int, Join<Any?, TypeMemento>>>.get(column: Column<T>): T?
e: file:///Users/jim/work/v2superbikeshed/Trikeshed/src/jvmMain/kotlin/borg/trikeshed/crypto/hash/CRC.jvm.kt:29:27 Cannot infer type for this parameter. Specify it explicitly.
e: file:///Users/jim/work/v2superbikeshed/Trikeshed/src/jvmMain/kotlin/borg/trikeshed/crypto/hash/CRC.jvm.kt:29:27 Unresolved reference. None of the following candidates is applicable because of a receiver type mismatch:
fun <T> Join<Int, Function1<Int, Join<Any?, TypeMemento>>>.get(column: Column<T>): T?
e: file:///Users/jim/work/v2superbikeshed/Trikeshed/src/jvmMain/kotlin/borg/trikeshed/cursor/CursorVolume.kt:16:28 None of the following candidates is applicable:
fun <T> Array<out Array<out T>>.flatten(): List<T>
fun <T> Iterable<Iterable<T>>.flatten(): List<T>
fun <T> Sequence<Sequence<T>>.flatten(): Sequence<T>
fun <T> Sequence<Iterable<T>>.flatten(): Sequence<T>
fun <T, R> Sequence<T>.flatten(iterator: (T) -> Iterator<R>): Sequence<R>
e: file:///Users/jim/work/v2superbikeshed/Trikeshed/src/jvmMain/kotlin/borg/trikeshed/cursor/CursorVolume.kt:27:25 None of the following candidates is applicable:
fun <T : Number> Join<Shape, Function1<Shape, T>>.plus(other: Join<Shape, Function1<Shape, T>>): Join<Shape, Function1<Shape, T>>
fun <T : Number> Join<Shape, Function1<Shape, T>>.plus(scalar: T): Join<Shape, Function1<Shape, T>>
e: file:///Users/jim/work/v2superbikeshed/Trikeshed/src/jvmMain/kotlin/borg/trikeshed/cursor/CursorVolume.kt:32:11 None of the following candidates is applicable:
fun <T> Array<out Array<out T>>.flatten(): List<T>
fun <T> Iterable<Iterable<T>>.flatten(): List<T>
fun <T> Sequence<Sequence<T>>.flatten(): Sequence<T>
fun <T> Sequence<Iterable<T>>.flatten(): Sequence<T>
fun <T, R> Sequence<T>.flatten(iterator: (T) -> Iterator<R>): Sequence<R>
e: file:///Users/jim/work/v2superbikeshed/Trikeshed/src/jvmMain/kotlin/borg/trikeshed/cursor/CursorVolume.kt:37:23 Cannot infer type for this parameter. Specify it explicitly.
e: file:///Users/jim/work/v2superbikeshed/Trikeshed/src/jvmMain/kotlin/borg/trikeshed/cursor/CursorVolume.kt:37:23 Not enough information to infer type argument for 'R'.
e: file:///Users/jim/work/v2superbikeshed/Trikeshed/src/jvmMain/kotlin/borg/trikeshed/cursor/CursorVolume.kt:37:27 Cannot infer type for this parameter. Specify it explicitly.
e: file:///Users/jim/work/v2superbikeshed/Trikeshed/src/jvmMain/kotlin/borg/trikeshed/cursor/CursorVolume.kt:38:15 Cannot infer type for this parameter. Specify it explicitly.
e: file:///Users/jim/work/v2superbikeshed/Trikeshed/src/jvmMain/kotlin/borg/trikeshed/cursor/CursorVolume.kt:38:15 Not enough information to infer type argument for 'R'.
e: file:///Users/jim/work/v2superbikeshed/Trikeshed/src/jvmMain/kotlin/borg/trikeshed/cursor/CursorVolume.kt:40:21 None of the following candidates is applicable:
fun <T, R : Comparable<R>> Array<out T>.sortedBy(crossinline selector: (T) -> R?): List<T>
fun <R : Comparable<R>> ByteArray.sortedBy(crossinline selector: (Byte) -> R?): List<Byte>
fun <R : Comparable<R>> ShortArray.sortedBy(crossinline selector: (Short) -> R?): List<Short>
fun <R : Comparable<R>> IntArray.sortedBy(crossinline selector: (Int) -> R?): List<Int>
fun <R : Comparable<R>> LongArray.sortedBy(crossinline selector: (Long) -> R?): List<Long>
fun <R : Comparable<R>> FloatArray.sortedBy(crossinline selector: (Float) -> R?): List<Float>
fun <R : Comparable<R>> DoubleArray.sortedBy(crossinline selector: (Double) -> R?): List<Double>
fun <R : Comparable<R>> BooleanArray.sortedBy(crossinline selector: (Boolean) -> R?): List<Boolean>
fun <R : Comparable<R>> CharArray.sortedBy(crossinline selector: (Char) -> R?): List<Char>
fun <T, R : Comparable<R>> Iterable<T>.sortedBy(crossinline selector: (T) -> R?): List<T>
fun <T, R : Comparable<R>> Sequence<T>.sortedBy(crossinline selector: (T) -> R?): Sequence<T>
e: file:///Users/jim/work/v2superbikeshed/Trikeshed/src/jvmMain/kotlin/borg/trikeshed/cursor/CursorVolume.kt:40:32 Unresolved reference 'it'.
e: file:///Users/jim/work/v2superbikeshed/Trikeshed/src/jvmMain/kotlin/borg/trikeshed/cursor/CursorVolume.kt:47:23 Cannot infer type for this parameter. Specify it explicitly.
e: file:///Users/jim/work/v2superbikeshed/Trikeshed/src/jvmMain/kotlin/borg/trikeshed/cursor/CursorVolume.kt:47:23 Not enough information to infer type argument for 'R'.
e: file:///Users/jim/work/v2superbikeshed/Trikeshed/src/jvmMain/kotlin/borg/trikeshed/cursor/CursorVolume.kt:47:27 Cannot infer type for this parameter. Specify it explicitly.
e: file:///Users/jim/work/v2superbikeshed/Trikeshed/src/jvmMain/kotlin/borg/trikeshed/cursor/CursorVolume.kt:48:15 Cannot infer type for this parameter. Specify it explicitly.
e: file:///Users/jim/work/v2superbikeshed/Trikeshed/src/jvmMain/kotlin/borg/trikeshed/cursor/CursorVolume.kt:48:15 Not enough information to infer type argument for 'R'.
e: file:///Users/jim/work/v2superbikeshed/Trikeshed/src/jvmMain/kotlin/borg/trikeshed/cursor/CursorVolume.kt:50:21 None of the following candidates is applicable:
fun <T, R : Comparable<R>> Array<out T>.sortedBy(crossinline selector: (T) -> R?): List<T>
fun <R : Comparable<R>> ByteArray.sortedBy(crossinline selector: (Byte) -> R?): List<Byte>
fun <R : Comparable<R>> ShortArray.sortedBy(crossinline selector: (Short) -> R?): List<Short>
fun <R : Comparable<R>> IntArray.sortedBy(crossinline selector: (Int) -> R?): List<Int>
fun <R : Comparable<R>> LongArray.sortedBy(crossinline selector: (Long) -> R?): List<Long>
fun <R : Comparable<R>> FloatArray.sortedBy(crossinline selector: (Float) -> R?): List<Float>
fun <R : Comparable<R>> DoubleArray.sortedBy(crossinline selector: (Double) -> R?): List<Double>
fun <R : Comparable<R>> BooleanArray.sortedBy(crossinline selector: (Boolean) -> R?): List<Boolean>
fun <R : Comparable<R>> CharArray.sortedBy(crossinline selector: (Char) -> R?): List<Char>
fun <T, R : Comparable<R>> Iterable<T>.sortedBy(crossinline selector: (T) -> R?): List<T>
fun <T, R : Comparable<R>> Sequence<T>.sortedBy(crossinline selector: (T) -> R?): Sequence<T>
e: file:///Users/jim/work/v2superbikeshed/Trikeshed/src/jvmMain/kotlin/borg/trikeshed/cursor/CursorVolume.kt:50:32 Unresolved reference 'it'.
e: file:///Users/jim/work/v2superbikeshed/Trikeshed/src/jvmMain/kotlin/borg/trikeshed/io/CCekEngine.jvm.kt:6:16 Unresolved reference 'serialization'.
e: file:///Users/jim/work/v2superbikeshed/Trikeshed/src/jvmMain/kotlin/borg/trikeshed/io/CCekEngine.jvm.kt:7:16 Unresolved reference 'serialization'.
e: file:///Users/jim/work/v2superbikeshed/Trikeshed/src/jvmMain/kotlin/borg/trikeshed/io/CCekEngine.jvm.kt:8:16 Unresolved reference 'serialization'.
e: file:///Users/jim/work/v2superbikeshed/Trikeshed/src/jvmMain/kotlin/borg/trikeshed/io/CCekEngine.jvm.kt:29:23 Suspend function 'suspend fun initialize(): Unit' can only be called from a coroutine or another suspend function.
e: file:///Users/jim/work/v2superbikeshed/Trikeshed/src/jvmMain/kotlin/borg/trikeshed/io/CCekEngine.jvm.kt:33:23 Suspend function 'suspend fun cleanup(): Unit' can only be called from a coroutine or another suspend function.
e: file:///Users/jim/work/v2superbikeshed/Trikeshed/src/jvmMain/kotlin/borg/trikeshed/io/CCekEngine.jvm.kt:54:47 Suspension functions can only be called within coroutine body.
e: file:///Users/jim/work/v2superbikeshed/Trikeshed/src/jvmMain/kotlin/borg/trikeshed/io/CCekEngine.jvm.kt:69:78 Cannot access 'typealias Serializable = Serializable': it is internal in file.
e: file:///Users/jim/work/v2superbikeshed/Trikeshed/src/jvmMain/kotlin/borg/trikeshed/io/CCekEngine.jvm.kt:70:30 Unresolved reference 'Json'.
e: file:///Users/jim/work/v2superbikeshed/Trikeshed/src/jvmMain/kotlin/borg/trikeshed/io/CCekEngine.jvm.kt:78:47 Suspension functions can only be called within coroutine body.
e: file:///Users/jim/work/v2superbikeshed/Trikeshed/src/jvmMain/kotlin/borg/trikeshed/io/CCekEngine.jvm.kt:113:89 Cannot access 'typealias Serializable = Serializable': it is internal in file.
e: file:///Users/jim/work/v2superbikeshed/Trikeshed/src/jvmMain/kotlin/borg/trikeshed/io/CCekEngine.jvm.kt:120:17 Unresolved reference 'Json'.
e: file:///Users/jim/work/v2superbikeshed/Trikeshed/src/jvmMain/kotlin/borg/trikeshed/io/CCekEngine.jvm.kt:200:15 'val' cannot be reassigned.
e: file:///Users/jim/work/v2superbikeshed/Trikeshed/src/jvmMain/kotlin/borg/trikeshed/io/CCekEngine.jvm.kt:201:15 'val' cannot be reassigned.
e: file:///Users/jim/work/v2superbikeshed/Trikeshed/src/jvmMain/kotlin/borg/trikeshed/io/CCekEngine.jvm.kt:202:15 'val' cannot be reassigned.
e: file:///Users/jim/work/v2superbikeshed/Trikeshed/src/jvmMain/kotlin/borg/trikeshed/io/CCekEngine.jvm.kt:209:15 'val' cannot be reassigned.
e: file:///Users/jim/work/v2superbikeshed/Trikeshed/src/jvmMain/kotlin/borg/trikeshed/io/Files.kt:47:9 Argument type mismatch: actual type is 'Iterator<Join<Long, Join<ByteArray, Int>>>', but 'Iterator<Join<Long, Join<Int, Function1<Int, Byte>>>>' was expected.
e: file:///Users/jim/work/v2superbikeshed/Trikeshed/src/jvmMain/kotlin/borg/trikeshed/io/Files.kt:57:66 None of the following candidates is applicable:
fun <T> Array<out T>.asSequence(): Sequence<T>
fun ByteArray.asSequence(): Sequence<Byte>
fun ShortArray.asSequence(): Sequence<Short>
fun IntArray.asSequence(): Sequence<Int>
fun LongArray.asSequence(): Sequence<Long>
fun FloatArray.asSequence(): Sequence<Float>
fun DoubleArray.asSequence(): Sequence<Double>
fun BooleanArray.asSequence(): Sequence<Boolean>
fun CharArray.asSequence(): Sequence<Char>
fun <T> Iterable<T>.asSequence(): Sequence<T>
fun <K, V> Map<out K, V>.asSequence(): Sequence<Map.Entry<K, V>>
fun <T> Enumeration<T>.asSequence(): Sequence<T>
fun <T> Iterator<T>.asSequence(): Sequence<T>
fun <T> Sequence<T>.asSequence(): Sequence<T>
fun CharSequence.asSequence(): Sequence<Char>
e: file:///Users/jim/work/v2superbikeshed/Trikeshed/src/jvmMain/kotlin/borg/trikeshed/io/HomeDir.jvm.kt:10:12 Conflicting declarations:
actual val homedirGet: String
e: file:///Users/jim/work/v2superbikeshed/Trikeshed/src/jvmMain/kotlin/borg/trikeshed/io/HomeDir.jvm.kt:13:8 Conflicting overloads:
actual fun mktemp(): String
e: file:///Users/jim/work/v2superbikeshed/Trikeshed/src/jvmMain/kotlin/borg/trikeshed/io/HomeDir.jvm.kt:18:8 Conflicting overloads:
actual fun rm(path: String): Boolean
e: file:///Users/jim/work/v2superbikeshed/Trikeshed/src/jvmMain/kotlin/borg/trikeshed/io/HomeDir.jvm.kt:23:14 Unresolved reference. None of the following candidates is applicable because of a receiver type mismatch:
fun Path.deleteIfExists(): Boolean
e: file:///Users/jim/work/v2superbikeshed/Trikeshed/src/jvmMain/kotlin/borg/trikeshed/io/HomeDir.jvm.kt:27:8 Conflicting overloads:
actual fun mkdir(path: String): Boolean
e: file:///Users/jim/work/v2superbikeshed/Trikeshed/src/jvmMain/kotlin/borg/trikeshed/io/MappedFile.kt:12:7 Declaration must be marked with 'actual'.
e: file:///Users/jim/work/v2superbikeshed/Trikeshed/src/jvmMain/kotlin/borg/trikeshed/io/MappedFile.kt:13:9 Declaration must be marked with 'actual'.
e: file:///Users/jim/work/v2superbikeshed/Trikeshed/src/jvmMain/kotlin/borg/trikeshed/io/MappedFile.kt:18:15 Declaration must be marked with 'actual'.
e: file:///Users/jim/work/v2superbikeshed/Trikeshed/src/jvmMain/kotlin/borg/trikeshed/io/MappedFile.kt:40:13 Declaration must be marked with 'actual'.
e: file:///Users/jim/work/v2superbikeshed/Trikeshed/src/jvmMain/kotlin/borg/trikeshed/io/MappedFile.kt:54:9 Declaration must be marked with 'actual'.
e: file:///Users/jim/work/v2superbikeshed/Trikeshed/src/jvmMain/kotlin/borg/trikeshed/io/MappedFile.kt:69:9 Declaration must be marked with 'actual'.
e: file:///Users/jim/work/v2superbikeshed/Trikeshed/src/jvmMain/kotlin/borg/trikeshed/io/MappedFile.kt:84:9 Declaration must be marked with 'actual'.
e: file:///Users/jim/work/v2superbikeshed/Trikeshed/src/jvmMain/kotlin/borg/trikeshed/io/MappedFile.kt:103:9 Declaration must be marked with 'actual'.
e: file:///Users/jim/work/v2superbikeshed/Trikeshed/src/jvmMain/kotlin/borg/trikeshed/io/MappedFile.kt:107:9 Declaration must be marked with 'actual'.
e: file:///Users/jim/work/v2superbikeshed/Trikeshed/src/jvmMain/kotlin/borg/trikeshed/io/PlatformFile.jvm.kt:5:14 Redeclaration:
actual class PlatformFile : Any
class PlatformFile : Any
e: file:///Users/jim/work/v2superbikeshed/Trikeshed/src/jvmMain/kotlin/borg/trikeshed/io/PlatformFileIO.kt:9:14 'actual class PlatformFileIOImpl : PlatformFileIO' has no corresponding expected declaration
e: file:///Users/jim/work/v2superbikeshed/Trikeshed/src/jvmMain/kotlin/borg/trikeshed/io/PlatformFileIO.kt:10:33 'actual suspend fun readFile(path: String): Join<Int, Function1<Int, Byte>>?' has no corresponding expected declaration
e: file:///Users/jim/work/v2superbikeshed/Trikeshed/src/jvmMain/kotlin/borg/trikeshed/io/PlatformFileIO.kt:24:33 'actual suspend fun writeFile(path: String, content: Join<Int, Function1<Int, Byte>>): Boolean' has no corresponding expected declaration
e: file:///Users/jim/work/v2superbikeshed/Trikeshed/src/jvmMain/kotlin/borg/trikeshed/io/ReadLines.kt:6:12 'actual fun readLinesSeq(path: String): Sequence<String>' has no corresponding expected declaration
e: file:///Users/jim/work/v2superbikeshed/Trikeshed/src/jvmMain/kotlin/borg/trikeshed/io/ReadLines.kt:13:12 'actual fun readLines(path: String): List<String>' has no corresponding expected declaration
e: file:///Users/jim/work/v2superbikeshed/Trikeshed/src/jvmMain/kotlin/borg/trikeshed/io/homedir.kt:3:12 Conflicting declarations:
actual val homedirGet: String
e: file:///Users/jim/work/v2superbikeshed/Trikeshed/src/jvmMain/kotlin/borg/trikeshed/io/mktemp.kt:6:8 Conflicting overloads:
actual fun mktemp(): String
e: file:///Users/jim/work/v2superbikeshed/Trikeshed/src/jvmMain/kotlin/borg/trikeshed/io/mktemp.kt:15:8 Conflicting overloads:
actual fun rm(path: String): Boolean
e: file:///Users/jim/work/v2superbikeshed/Trikeshed/src/jvmMain/kotlin/borg/trikeshed/io/mktemp.kt:21:8 Conflicting overloads:
actual fun mkdir(path: String): Boolean
e: file:///Users/jim/work/v2superbikeshed/Trikeshed/src/jvmMain/kotlin/borg/trikeshed/ipc/JvmIPCHost.kt:412:20 Argument type mismatch: actual type is 'T? (of fun <T> Join<Int, Function1<Int, Join<Any?, TypeMemento>>>.get)', but 'Byte' was expected.
e: file:///Users/jim/work/v2superbikeshed/Trikeshed/src/jvmMain/kotlin/borg/trikeshed/ipc/JvmIPCHost.kt:412:20 Cannot infer type for this parameter. Specify it explicitly.
e: file:///Users/jim/work/v2superbikeshed/Trikeshed/src/jvmMain/kotlin/borg/trikeshed/ipc/JvmIPCHost.kt:412:20 Unresolved reference. None of the following candidates is applicable because of a receiver type mismatch:
fun <T> Join<Int, Function1<Int, Join<Any?, TypeMemento>>>.get(column: Column<T>): T?
e: file:///Users/jim/work/v2superbikeshed/Trikeshed/src/jvmMain/kotlin/borg/trikeshed/lib/CoreTypes.jvm.kt:5:8 Conflicting overloads:
actual fun assert(value: Boolean): Unit
e: file:///Users/jim/work/v2superbikeshed/Trikeshed/src/jvmMain/kotlin/borg/trikeshed/lib/CoreTypes.jvm.kt:8:8 Conflicting overloads:
actual fun assert(value: Boolean, lazyMessage: () -> Any): Unit
e: file:///Users/jim/work/v2superbikeshed/Trikeshed/src/jvmMain/kotlin/borg/trikeshed/lib/TypeAliases.kt:19:35 Unresolved reference 'serialization'.
e: file:///Users/jim/work/v2superbikeshed/Trikeshed/src/jvmMain/kotlin/borg/trikeshed/lib/TypeAliases.kt:22:26 Unresolved reference 'serialization'.
e: file:///Users/jim/work/v2superbikeshed/Trikeshed/src/jvmMain/kotlin/borg/trikeshed/lib/assert.kt:11:8 Conflicting overloads:
actual fun assert(value: Boolean): Unit
e: file:///Users/jim/work/v2superbikeshed/Trikeshed/src/jvmMain/kotlin/borg/trikeshed/lib/assert.kt:13:15 Conflicting overloads:
actual fun assert(value: Boolean, lazyMessage: () -> Any): Unit
e: file:///Users/jim/work/v2superbikeshed/Trikeshed/src/jvmMain/kotlin/borg/trikeshed/lib/datetime/DateTimeFormatter.kt:8:12 'actual fun getCurrentDateTime(): DateTimeComponents' has no corresponding expected declaration
e: file:///Users/jim/work/v2superbikeshed/Trikeshed/src/jvmMain/kotlin/borg/trikeshed/lib/datetime/DateTimeFormatter.kt:11:9 No parameter with name 'dayOfWeek' found.
e: file:///Users/jim/work/v2superbikeshed/Trikeshed/src/jvmMain/kotlin/borg/trikeshed/lib/datetime/DateTimeFormatter.kt:13:17 Argument type mismatch: actual type is 'String', but 'Int' was expected.
e: file:///Users/jim/work/v2superbikeshed/Trikeshed/src/jvmMain/kotlin/borg/trikeshed/lib/datetime/DateTimeFormatter.kt:18:9 No parameter with name 'timeZone' found.
e: file:///Users/jim/work/v2superbikeshed/Trikeshed/src/jvmMain/kotlin/borg/trikeshed/nio/PlatformNio.jvm.kt:86:14 'actual class PlatformInetSocketAddress : Any' has no corresponding members for expected class members:

    expect constructor(address: PlatformInetAddress, port: Int): PlatformInetSocketAddress

    The following declaration is incompatible because parameter types are different:
        actual constructor(host: String, port: Int): PlatformInetSocketAddress
    The following declaration is incompatible because number of value parameters is different:
        constructor(inetSocketAddress: InetSocketAddress): PlatformInetSocketAddress

e: file:///Users/jim/work/v2superbikeshed/Trikeshed/src/jvmMain/kotlin/borg/trikeshed/nio/PlatformNio.jvm.kt:96:14 'actual class PlatformDatagramPacket : Any' has no corresponding members for expected class members:

    expect val socketAddress: PlatformInetSocketAddress?

    expect val port: Int

    expect constructor(data: ByteArray, length: Int): PlatformDatagramPacket

    The following declarations are incompatible because number of value parameters is different:
        constructor(datagramPacket: DatagramPacket): PlatformDatagramPacket
        actual constructor(data: ByteArray, length: Int, address: PlatformInetSocketAddress): PlatformDatagramPacket
        actual constructor(data: ByteArray, offset: Int, length: Int, address: PlatformInetSocketAddress): PlatformDatagramPacket

    expect constructor(data: ByteArray, length: Int, address: PlatformSocketAddress): PlatformDatagramPacket

    The following declaration is incompatible because parameter types are different:
        actual constructor(data: ByteArray, length: Int, address: PlatformInetSocketAddress): PlatformDatagramPacket
    The following declarations are incompatible because number of value parameters is different:
        constructor(datagramPacket: DatagramPacket): PlatformDatagramPacket
        actual constructor(data: ByteArray, offset: Int, length: Int, address: PlatformInetSocketAddress): PlatformDatagramPacket

e: file:///Users/jim/work/v2superbikeshed/Trikeshed/src/jvmMain/kotlin/borg/trikeshed/nio/PlatformNio.jvm.kt:104:16 'actual val length: Int' has no corresponding expected declaration
The following declaration is incompatible because property kinds are different (val vs var):
    expect var length: Int

e: file:///Users/jim/work/v2superbikeshed/Trikeshed/src/jvmMain/kotlin/borg/trikeshed/nio/PlatformNio.jvm.kt:106:16 'actual val address: PlatformInetSocketAddress' has no corresponding expected declaration
The following declaration is incompatible because return type is different:
    expect val address: PlatformSocketAddress?

e: file:///Users/jim/work/v2superbikeshed/Trikeshed/src/jvmMain/kotlin/borg/trikeshed/nio/PlatformNio.jvm.kt:110:14 'actual class PlatformDatagramSocket : Any' has no corresponding members for expected class members:

    expect val remoteSocketAddress: PlatformSocketAddress?

    expect val inetAddress: PlatformInetAddress?

    expect val port: Int

e: file:///Users/jim/work/v2superbikeshed/Trikeshed/src/jvmMain/kotlin/borg/trikeshed/nio/PlatformNio.jvm.kt:150:14 'actual class PlatformChannel : Any' has no corresponding members for expected class members:

    expect fun read(buffer: PlatformByteBuffer): Int

    expect fun write(buffer: PlatformByteBuffer): Int

    expect val isOpen: Boolean

    The following declaration is incompatible because callable kinds are different (function vs property):
        actual fun isOpen(): Boolean

e: file:///Users/jim/work/v2superbikeshed/Trikeshed/src/jvmMain/kotlin/borg/trikeshed/nio/PlatformNio.jvm.kt:161:24 Unresolved reference 'SocketException'.
e: file:///Users/jim/work/v2superbikeshed/Trikeshed/src/jvmMain/kotlin/borg/trikeshed/nio/PlatformNio.jvm.kt:161:54 Unresolved reference 'message'.
e: file:///Users/jim/work/v2superbikeshed/Trikeshed/src/jvmMain/kotlin/borg/trikeshed/nio/spi/JvmNioProvider.kt:10:1 Class 'JvmNioProvider' is not abstract and does not implement abstract member:
fun wrapBuffer(array: ByteArray, offset: Int = ..., length: Int = ...): PlatformByteBuffer
e: file:///Users/jim/work/v2superbikeshed/Trikeshed/src/jvmMain/kotlin/borg/trikeshed/nio/spi/JvmNioProvider.kt:147:5 'onSlowOperation' overrides nothing.
e: file:///Users/jim/work/v2superbikeshed/Trikeshed/src/jvmMain/kotlin/borg/trikeshed/nio/spi/JvmNioProvider.kt:156:5 'onOperationError' overrides nothing.
e: file:///Users/jim/work/v2superbikeshed/Trikeshed/src/jvmMain/kotlin/borg/trikeshed/nio/spi/JvmPlatformCodecProvider.kt:313:1 Class 'JvmPlatformCodecAttentionDelegate' is not abstract and does not implement abstract members:
fun beforeOperation(operation: String, details: String = ...): Unit
fun afterOperation(operation: String, result: String = ..., error: Throwable? = ...): Unit
fun attentionTransferred(from: String, to: String, reason: String = ...): Unit
e: file:///Users/jim/work/v2superbikeshed/Trikeshed/src/jvmMain/kotlin/borg/trikeshed/nio/spi/JvmPlatformCodecProvider.kt:316:5 'onBufferAllocated' overrides nothing.
e: file:///Users/jim/work/v2superbikeshed/Trikeshed/src/jvmMain/kotlin/borg/trikeshed/nio/spi/JvmPlatformCodecProvider.kt:322:5 'onBufferWrapped' overrides nothing.
e: file:///Users/jim/work/v2superbikeshed/Trikeshed/src/jvmMain/kotlin/borg/trikeshed/nio/spi/JvmPlatformCodecProvider.kt:328:5 'onChannelCreated' overrides nothing.
e: file:///Users/jim/work/v2superbikeshed/Trikeshed/src/jvmMain/kotlin/borg/trikeshed/nio/spi/JvmPlatformCodecProvider.kt:332:5 'onIoOperation' overrides nothing.
e: file:///Users/jim/work/v2superbikeshed/Trikeshed/src/jvmMain/kotlin/borg/trikeshed/num/RoundingMode.jvm.kt:3:19 'actual enum class RoundingMode : Enum<RoundingMode>' has no corresponding expected declaration
e: file:///Users/jim/work/v2superbikeshed/Trikeshed/src/jvmMain/kotlin/borg/trikeshed/reactor/SelectionKey.jvm.kt:3:14 Redeclaration:
actual class SelectionKey : Any
e: file:///Users/jim/work/v2superbikeshed/Trikeshed/src/jvmMain/kotlin/borg/trikeshed/reactor/SelectionKey.jvm.kt:3:14 'actual class SelectionKey : Any' has no corresponding members for expected class members:

    expect fun channel(): SelectableChannel

    expect fun selector(): SelectorInterface

    expect fun isReadable(): Boolean

    expect fun isWritable(): Boolean

    expect fun isConnectable(): Boolean

    expect fun isAcceptable(): Boolean

    expect fun attachment(): Any?

    expect fun attach(ob: Any?): Any?

e: file:///Users/jim/work/v2superbikeshed/Trikeshed/src/jvmMain/kotlin/borg/trikeshed/reactor/SelectorInterface.kt:28:14 Redeclaration:
actual class SelectionKey : Any
e: file:///Users/jim/work/v2superbikeshed/Trikeshed/src/jvmMain/kotlin/borg/trikeshed/reactor/SelectorInterface.kt:28:14 'actual class SelectionKey : Any' has no corresponding members for expected class members:

    expect fun channel(): SelectableChannel

    expect fun selector(): SelectorInterface

    expect fun isReadable(): Boolean

    expect fun isWritable(): Boolean

    expect fun isConnectable(): Boolean

    expect fun isAcceptable(): Boolean

    expect fun attachment(): Any?

    expect fun attach(ob: Any?): Any?

e: file:///Users/jim/work/v2superbikeshed/Trikeshed/src/jvmMain/kotlin/borg/trikeshed/reactor/SelectorInterface.kt:29:68 Unresolved reference 'jvmKey'.
e: file:///Users/jim/work/v2superbikeshed/Trikeshed/src/jvmMain/kotlin/borg/trikeshed/reactor/SelectorInterface.kt:30:66 Unresolved reference 'jvmKey'.
e: file:///Users/jim/work/v2superbikeshed/Trikeshed/src/jvmMain/kotlin/borg/trikeshed/reactor/SelectorInterface.kt:31:37 Unresolved reference 'jvmKey'.
e: file:///Users/jim/work/v2superbikeshed/Trikeshed/src/jvmMain/kotlin/borg/trikeshed/reactor/SelectorInterface.kt:32:16 'actual fun cancel(): <ERROR TYPE REF: Unresolved name: cancel>' has no corresponding expected declaration
The following declaration is incompatible because return type is different:
    expect fun cancel(): Unit

e: file:///Users/jim/work/v2superbikeshed/Trikeshed/src/jvmMain/kotlin/borg/trikeshed/reactor/SelectorInterface.kt:32:27 Unresolved reference 'jvmKey'.
e: file:///Users/jim/work/v2superbikeshed/Trikeshed/src/jvmMain/kotlin/borg/trikeshed/reactor/SelectorInterface.kt:33:37 Unresolved reference 'jvmKey'.
e: file:///Users/jim/work/v2superbikeshed/Trikeshed/src/jvmMain/kotlin/borg/trikeshed/reactor/SelectorInterface.kt:35:9 Unresolved reference 'jvmKey'.
e: file:///Users/jim/work/v2superbikeshed/Trikeshed/src/jvmMain/kotlin/borg/trikeshed/reactor/SelectorInterface.kt:38:34 Unresolved reference 'jvmKey'.
e: file:///Users/jim/work/v2superbikeshed/Trikeshed/src/jvmMain/kotlin/borg/trikeshed/reactor/SelectorInterface.kt:39:40 Unresolved reference 'jvmKey'.
e: file:///Users/jim/work/v2superbikeshed/Trikeshed/src/jvmMain/kotlin/borg/trikeshed/reactor/SelectorInterface.kt:40:40 Unresolved reference 'jvmKey'.
e: file:///Users/jim/work/v2superbikeshed/Trikeshed/src/jvmMain/kotlin/borg/trikeshed/reactor/SelectorInterface.kt:41:43 Unresolved reference 'jvmKey'.
e: file:///Users/jim/work/v2superbikeshed/Trikeshed/src/jvmMain/kotlin/borg/trikeshed/reactor/SelectorInterface.kt:42:42 Unresolved reference 'jvmKey'.
e: file:///Users/jim/work/v2superbikeshed/Trikeshed/src/jvmMain/kotlin/borg/trikeshed/reactor/SelectorInterface.kt:43:37 Unresolved reference 'jvmKey'.
e: file:///Users/jim/work/v2superbikeshed/Trikeshed/src/jvmMain/kotlin/borg/trikeshed/reactor/SelectorInterface.kt:44:41 Unresolved reference 'jvmKey'.
e: file:///Users/jim/work/v2superbikeshed/Trikeshed/src/jvmMain/kotlin/borg/trikeshed/reactor/SelectorInterface.kt:53:60 Unresolved reference 'jvmChannel'.
e: file:///Users/jim/work/v2superbikeshed/Trikeshed/src/jvmMain/kotlin/borg/trikeshed/reactor/http/HttpServerHandlers.kt:12:88 Unresolved reference 'create'.
e: file:///Users/jim/work/v2superbikeshed/Trikeshed/src/jvmMain/kotlin/borg/trikeshed/reactor/http/HttpServerHandlers.kt:18:47 Argument type mismatch: actual type is 'ByteArray', but 'Join<Int, Function1<Int, Byte>>' was expected.
e: file:///Users/jim/work/v2superbikeshed/Trikeshed/src/jvmMain/kotlin/borg/trikeshed/reactor/http/HttpServerHandlers.kt:31:20 Argument type mismatch: actual type is 'Join<Int, Function1<Int, Byte>>', but 'ByteArray' was expected.
e: file:///Users/jim/work/v2superbikeshed/Trikeshed/src/jvmMain/kotlin/borg/trikeshed/reactor/socks/SocksFactory.jvm.kt:15:14 'actual class JvmSocksFactory : SocksFactory' has no corresponding expected declaration
e: file:///Users/jim/work/v2superbikeshed/Trikeshed/src/jvmMain/kotlin/borg/trikeshed/reactor/socks/SocksFactory.jvm.kt:55:14 'actual class JvmSocksServer : SocksServer' has no corresponding expected declaration
e: file:///Users/jim/work/v2superbikeshed/Trikeshed/src/jvmMain/kotlin/borg/trikeshed/reactor/socks/SocksFactory.jvm.kt:103:14 'actual class JvmSocksClient : SocksClient' has no corresponding expected declaration
e: file:///Users/jim/work/v2superbikeshed/Trikeshed/src/jvmMain/kotlin/borg/trikeshed/reactor/socks/SocksFactory.jvm.kt:208:23 Cannot infer type for this parameter. Specify it explicitly.
e: file:///Users/jim/work/v2superbikeshed/Trikeshed/src/jvmMain/kotlin/borg/trikeshed/reactor/socks/SocksFactory.jvm.kt:208:23 Unresolved reference. None of the following candidates is applicable because of a receiver type mismatch:
fun <T> Join<Int, Function1<Int, Join<Any?, TypeMemento>>>.get(column: Column<T>): T?
e: file:///Users/jim/work/v2superbikeshed/Trikeshed/src/jvmMain/kotlin/borg/trikeshed/reactor/socks/SocksFactory.jvm.kt:209:25 Cannot infer type for this parameter. Specify it explicitly.
e: file:///Users/jim/work/v2superbikeshed/Trikeshed/src/jvmMain/kotlin/borg/trikeshed/reactor/socks/SocksFactory.jvm.kt:209:25 Unresolved reference. None of the following candidates is applicable because of a receiver type mismatch:
fun <T> Join<Int, Function1<Int, Join<Any?, TypeMemento>>>.get(column: Column<T>): T?
e: file:///Users/jim/work/v2superbikeshed/Trikeshed/src/jvmMain/kotlin/borg/trikeshed/reactor/socks/SocksFactory.jvm.kt:210:24 Cannot infer type for this parameter. Specify it explicitly.
e: file:///Users/jim/work/v2superbikeshed/Trikeshed/src/jvmMain/kotlin/borg/trikeshed/reactor/socks/SocksFactory.jvm.kt:210:24 Unresolved reference. None of the following candidates is applicable because of a receiver type mismatch:
fun <T> Join<Int, Function1<Int, Join<Any?, TypeMemento>>>.get(column: Column<T>): T?
e: file:///Users/jim/work/v2superbikeshed/Trikeshed/src/jvmMain/kotlin/borg/trikeshed/reactor/socks/SocksFactory.jvm.kt:211:27 Cannot infer type for this parameter. Specify it explicitly.
e: file:///Users/jim/work/v2superbikeshed/Trikeshed/src/jvmMain/kotlin/borg/trikeshed/reactor/socks/SocksFactory.jvm.kt:211:27 Unresolved reference. None of the following candidates is applicable because of a receiver type mismatch:
fun <T> Join<Int, Function1<Int, Join<Any?, TypeMemento>>>.get(column: Column<T>): T?
e: file:///Users/jim/work/v2superbikeshed/Trikeshed/src/jvmMain/kotlin/borg/trikeshed/reactor/socks/SocksFactory.jvm.kt:225:21 Cannot infer type for this parameter. Specify it explicitly.
e: file:///Users/jim/work/v2superbikeshed/Trikeshed/src/jvmMain/kotlin/borg/trikeshed/reactor/socks/SocksFactory.jvm.kt:225:21 Unresolved reference. None of the following candidates is applicable because of a receiver type mismatch:
fun <T> Join<Int, Function1<Int, Join<Any?, TypeMemento>>>.get(column: Column<T>): T?
e: file:///Users/jim/work/v2superbikeshed/Trikeshed/src/jvmMain/kotlin/borg/trikeshed/reactor/socks/SocksFactory.jvm.kt:225:38 Argument type mismatch: actual type is 'Int', but 'BigInteger' was expected.
e: file:///Users/jim/work/v2superbikeshed/Trikeshed/src/jvmMain/kotlin/borg/trikeshed/reactor/socks/SocksFactory.jvm.kt:225:46 Cannot infer type for this parameter. Specify it explicitly.
e: file:///Users/jim/work/v2superbikeshed/Trikeshed/src/jvmMain/kotlin/borg/trikeshed/reactor/socks/SocksFactory.jvm.kt:225:46 Unresolved reference. None of the following candidates is applicable because of a receiver type mismatch:
fun <T> Join<Int, Function1<Int, Join<Any?, TypeMemento>>>.get(column: Column<T>): T?
e: file:///Users/jim/work/v2superbikeshed/Trikeshed/src/jvmMain/kotlin/borg/trikeshed/reactor/socks/SocksFactory.jvm.kt:225:67 Argument type mismatch: actual type is 'Int', but 'BigInteger' was expected.
e: file:///Users/jim/work/v2superbikeshed/Trikeshed/src/jvmMain/kotlin/borg/trikeshed/reactor/socks/SocksFactory.jvm.kt:225:75 Cannot infer type for this parameter. Specify it explicitly.
e: file:///Users/jim/work/v2superbikeshed/Trikeshed/src/jvmMain/kotlin/borg/trikeshed/reactor/socks/SocksFactory.jvm.kt:225:75 Unresolved reference. None of the following candidates is applicable because of a receiver type mismatch:
fun <T> Join<Int, Function1<Int, Join<Any?, TypeMemento>>>.get(column: Column<T>): T?
e: file:///Users/jim/work/v2superbikeshed/Trikeshed/src/jvmMain/kotlin/borg/trikeshed/reactor/socks/SocksFactory.jvm.kt:225:96 Argument type mismatch: actual type is 'Int', but 'BigInteger' was expected.
e: file:///Users/jim/work/v2superbikeshed/Trikeshed/src/jvmMain/kotlin/borg/trikeshed/reactor/socks/SocksFactory.jvm.kt:225:104 Cannot infer type for this parameter. Specify it explicitly.
e: file:///Users/jim/work/v2superbikeshed/Trikeshed/src/jvmMain/kotlin/borg/trikeshed/reactor/socks/SocksFactory.jvm.kt:225:104 Unresolved reference. None of the following candidates is applicable because of a receiver type mismatch:
fun <T> Join<Int, Function1<Int, Join<Any?, TypeMemento>>>.get(column: Column<T>): T?
e: file:///Users/jim/work/v2superbikeshed/Trikeshed/src/jvmMain/kotlin/borg/trikeshed/reactor/socks/SocksFactory.jvm.kt:225:125 Argument type mismatch: actual type is 'Int', but 'BigInteger' was expected.
e: file:///Users/jim/work/v2superbikeshed/Trikeshed/src/jvmMain/kotlin/borg/trikeshed/reactor/socks/SocksFactory.jvm.kt:226:22 Cannot infer type for this parameter. Specify it explicitly.
e: file:///Users/jim/work/v2superbikeshed/Trikeshed/src/jvmMain/kotlin/borg/trikeshed/reactor/socks/SocksFactory.jvm.kt:226:22 Unresolved reference. None of the following candidates is applicable because of a receiver type mismatch:
fun <T> Join<Int, Function1<Int, Join<Any?, TypeMemento>>>.get(column: Column<T>): T?
e: file:///Users/jim/work/v2superbikeshed/Trikeshed/src/jvmMain/kotlin/borg/trikeshed/reactor/socks/SocksFactory.jvm.kt:226:68 Cannot infer type for this parameter. Specify it explicitly.
e: file:///Users/jim/work/v2superbikeshed/Trikeshed/src/jvmMain/kotlin/borg/trikeshed/reactor/socks/SocksFactory.jvm.kt:226:68 Unresolved reference. None of the following candidates is applicable because of a receiver type mismatch:
fun <T> Join<Int, Function1<Int, Join<Any?, TypeMemento>>>.get(column: Column<T>): T?
e: file:///Users/jim/work/v2superbikeshed/Trikeshed/src/jvmMain/kotlin/borg/trikeshed/reactor/socks/SocksFactory.jvm.kt:231:28 Cannot infer type for this parameter. Specify it explicitly.
e: file:///Users/jim/work/v2superbikeshed/Trikeshed/src/jvmMain/kotlin/borg/trikeshed/reactor/socks/SocksFactory.jvm.kt:231:28 Unresolved reference. None of the following candidates is applicable because of a receiver type mismatch:
fun <T> Join<Int, Function1<Int, Join<Any?, TypeMemento>>>.get(column: Column<T>): T?
e: file:///Users/jim/work/v2superbikeshed/Trikeshed/src/jvmMain/kotlin/borg/trikeshed/reactor/socks/SocksFactory.jvm.kt:232:60 Argument type mismatch: actual type is 'Byte?', but 'Byte' was expected.
e: file:///Users/jim/work/v2superbikeshed/Trikeshed/src/jvmMain/kotlin/borg/trikeshed/reactor/socks/SocksFactory.jvm.kt:232:60 Unresolved reference. None of the following candidates is applicable because of a receiver type mismatch:
fun <T> Join<Int, Function1<Int, Join<Any?, TypeMemento>>>.get(column: Column<T>): T?
e: file:///Users/jim/work/v2superbikeshed/Trikeshed/src/jvmMain/kotlin/borg/trikeshed/reactor/socks/SocksFactory.jvm.kt:233:22 Cannot infer type for this parameter. Specify it explicitly.
e: file:///Users/jim/work/v2superbikeshed/Trikeshed/src/jvmMain/kotlin/borg/trikeshed/reactor/socks/SocksFactory.jvm.kt:233:22 Unresolved reference. None of the following candidates is applicable because of a receiver type mismatch:
fun <T> Join<Int, Function1<Int, Join<Any?, TypeMemento>>>.get(column: Column<T>): T?
e: file:///Users/jim/work/v2superbikeshed/Trikeshed/src/jvmMain/kotlin/borg/trikeshed/reactor/socks/SocksFactory.jvm.kt:233:83 Cannot infer type for this parameter. Specify it explicitly.
e: file:///Users/jim/work/v2superbikeshed/Trikeshed/src/jvmMain/kotlin/borg/trikeshed/reactor/socks/SocksFactory.jvm.kt:233:83 Unresolved reference. None of the following candidates is applicable because of a receiver type mismatch:
fun <T> Join<Int, Function1<Int, Join<Any?, TypeMemento>>>.get(column: Column<T>): T?
e: file:///Users/jim/work/v2superbikeshed/Trikeshed/src/jvmMain/kotlin/borg/trikeshed/reactor/socks/SocksFactory.jvm.kt:240:22 Cannot infer type for this parameter. Specify it explicitly.
e: file:///Users/jim/work/v2superbikeshed/Trikeshed/src/jvmMain/kotlin/borg/trikeshed/reactor/socks/SocksFactory.jvm.kt:240:22 Unresolved reference. None of the following candidates is applicable because of a receiver type mismatch:
fun <T> Join<Int, Function1<Int, Join<Any?, TypeMemento>>>.get(column: Column<T>): T?
e: file:///Users/jim/work/v2superbikeshed/Trikeshed/src/jvmMain/kotlin/borg/trikeshed/reactor/socks/SocksFactory.jvm.kt:240:69 Cannot infer type for this parameter. Specify it explicitly.
e: file:///Users/jim/work/v2superbikeshed/Trikeshed/src/jvmMain/kotlin/borg/trikeshed/reactor/socks/SocksFactory.jvm.kt:240:69 Unresolved reference. None of the following candidates is applicable because of a receiver type mismatch:
fun <T> Join<Int, Function1<Int, Join<Any?, TypeMemento>>>.get(column: Column<T>): T?
e: file:///Users/jim/work/v2superbikeshed/Trikeshed/src/jvmMain/kotlin/borg/trikeshed/reactor/socks/SocksFactory.jvm.kt:248:14 'actual class JvmSocksConnection : SocksConnection' has no corresponding expected declaration
e: file:///Users/jim/work/v2superbikeshed/Trikeshed/src/jvmMain/kotlin/borg/trikeshed/reactor/socks/SocksFactory.jvm.kt:273:60 Argument type mismatch: actual type is 'Byte?', but 'Byte' was expected.
e: file:///Users/jim/work/v2superbikeshed/Trikeshed/src/jvmMain/kotlin/borg/trikeshed/reactor/socks/SocksFactory.jvm.kt:273:60 Unresolved reference. None of the following candidates is applicable because of a receiver type mismatch:
fun <T> Join<Int, Function1<Int, Join<Any?, TypeMemento>>>.get(column: Column<T>): T?
e: file:///Users/jim/work/v2superbikeshed/Trikeshed/src/jvmMain/kotlin/borg/trikeshed/reactor/socks/SocksFactory.jvm.kt:328:14 'actual class JvmSocksFactoryFactory : SocksFactoryFactory' has no corresponding expected declaration
e: file:///Users/jim/work/v2superbikeshed/Trikeshed/src/jvmMain/kotlin/borg/trikeshed/reactor/socks/SocksFactory.jvm.kt:331:40 Too many arguments for 'constructor(config: SocksConfig): JvmSocksFactory'.
e: file:///Users/jim/work/v2superbikeshed/Trikeshed/src/jvmMain/kotlin/borg/trikeshed/reactor/socks/SocksFactory.jvm.kt:341:40 Too many arguments for 'constructor(config: SocksConfig): JvmSocksFactory'.
e: file:///Users/jim/work/v2superbikeshed/Trikeshed/src/jvmMain/kotlin/borg/trikeshed/reactor/socks/SocksFactory.jvm.kt:356:40 Too many arguments for 'constructor(config: SocksConfig): JvmSocksFactory'.
e: file:///Users/jim/work/v2superbikeshed/Trikeshed/src/jvmMain/kotlin/borg/trikeshed/reactor/socks/SocksFactory.jvm.kt:364:70 Argument type mismatch: actual type is 'Byte?', but 'Byte' was expected.
e: file:///Users/jim/work/v2superbikeshed/Trikeshed/src/jvmMain/kotlin/borg/trikeshed/reactor/socks/SocksFactory.jvm.kt:364:70 Unresolved reference. None of the following candidates is applicable because of a receiver type mismatch:
fun <T> Join<Int, Function1<Int, Join<Any?, TypeMemento>>>.get(column: Column<T>): T?
e: file:///Users/jim/work/v2superbikeshed/Trikeshed/src/jvmMain/kotlin/borg/trikeshed/reflection/PlatformServiceInvoker.jvm.kt:6:23 Unresolved reference 'full'.
e: file:///Users/jim/work/v2superbikeshed/Trikeshed/src/jvmMain/kotlin/borg/trikeshed/zlib/Lz4.kt:78:31 Cannot infer type for this parameter. Specify it explicitly.
e: file:///Users/jim/work/v2superbikeshed/Trikeshed/src/jvmMain/kotlin/borg/trikeshed/zlib/Lz4.kt:78:31 Unresolved reference. None of the following candidates is applicable because of a receiver type mismatch:
fun <T> Join<Int, Function1<Int, Join<Any?, TypeMemento>>>.get(column: Column<T>): T?
e: file:///Users/jim/work/v2superbikeshed/Trikeshed/src/jvmMain/kotlin/borg/trikeshed/zlib/Lz4.kt:90:34 Argument type mismatch: actual type is 'Int', but 'Int' was expected.
e: file:///Users/jim/work/v2superbikeshed/Trikeshed/src/jvmMain/kotlin/borg/trikeshed/zlib/Lz4.kt:90:39 Argument type mismatch: actual type is 'T? (of fun <T> Join<Int, Function1<Int, Join<Any?, TypeMemento>>>.get)', but 'Byte' was expected.
e: file:///Users/jim/work/v2superbikeshed/Trikeshed/src/jvmMain/kotlin/borg/trikeshed/zlib/Lz4.kt:90:39 Cannot infer type for this parameter. Specify it explicitly.
e: file:///Users/jim/work/v2superbikeshed/Trikeshed/src/jvmMain/kotlin/borg/trikeshed/zlib/Lz4.kt:90:39 Unresolved reference. None of the following candidates is applicable because of a receiver type mismatch:
fun <T> Join<Int, Function1<Int, Join<Any?, TypeMemento>>>.get(column: Column<T>): T?
e: file:///Users/jim/work/v2superbikeshed/Trikeshed/src/jvmMain/kotlin/borg/trikeshed/zlib/Lz4.kt:134:24 Cannot infer type for this parameter. Specify it explicitly.
e: file:///Users/jim/work/v2superbikeshed/Trikeshed/src/jvmMain/kotlin/borg/trikeshed/zlib/Lz4.kt:134:24 Unresolved reference. None of the following candidates is applicable because of a receiver type mismatch:
fun <T> Join<Int, Function1<Int, Join<Any?, TypeMemento>>>.get(column: Column<T>): T?
e: file:///Users/jim/work/v2superbikeshed/Trikeshed/src/jvmMain/kotlin/borg/trikeshed/zlib/Lz4.kt:150:17 Cannot infer type for this parameter. Specify it explicitly.
e: file:///Users/jim/work/v2superbikeshed/Trikeshed/src/jvmMain/kotlin/borg/trikeshed/zlib/Lz4.kt:150:17 Unresolved reference. None of the following candidates is applicable because of a receiver type mismatch:
fun <T> Join<Int, Function1<Int, Join<Any?, TypeMemento>>>.get(column: Column<T>): T?
e: file:///Users/jim/work/v2superbikeshed/Trikeshed/src/jvmMain/kotlin/borg/trikeshed/zlib/Lz4.kt:151:18 Cannot infer type for this parameter. Specify it explicitly.
e: file:///Users/jim/work/v2superbikeshed/Trikeshed/src/jvmMain/kotlin/borg/trikeshed/zlib/Lz4.kt:151:18 Unresolved reference. None of the following candidates is applicable because of a receiver type mismatch:
fun <T> Join<Int, Function1<Int, Join<Any?, TypeMemento>>>.get(column: Column<T>): T?
e: file:///Users/jim/work/v2superbikeshed/Trikeshed/src/jvmMain/kotlin/borg/trikeshed/zlib/Lz4.kt:152:18 Cannot infer type for this parameter. Specify it explicitly.
e: file:///Users/jim/work/v2superbikeshed/Trikeshed/src/jvmMain/kotlin/borg/trikeshed/zlib/Lz4.kt:152:18 Unresolved reference. None of the following candidates is applicable because of a receiver type mismatch:
fun <T> Join<Int, Function1<Int, Join<Any?, TypeMemento>>>.get(column: Column<T>): T?
e: file:///Users/jim/work/v2superbikeshed/Trikeshed/src/jvmMain/kotlin/borg/trikeshed/zlib/Lz4.kt:153:18 Cannot infer type for this parameter. Specify it explicitly.
e: file:///Users/jim/work/v2superbikeshed/Trikeshed/src/jvmMain/kotlin/borg/trikeshed/zlib/Lz4.kt:153:18 Unresolved reference. None of the following candidates is applicable because of a receiver type mismatch:
fun <T> Join<Int, Function1<Int, Join<Any?, TypeMemento>>>.get(column: Column<T>): T?
e: file:///Users/jim/work/v2superbikeshed/Trikeshed/src/jvmMain/kotlin/borg/trikeshed/zlib/Zstd.kt:62:27 Cannot infer type for this parameter. Specify it explicitly.
e: file:///Users/jim/work/v2superbikeshed/Trikeshed/src/jvmMain/kotlin/borg/trikeshed/zlib/Zstd.kt:62:27 Unresolved reference. None of the following candidates is applicable because of a receiver type mismatch:
fun <T> Join<Int, Function1<Int, Join<Any?, TypeMemento>>>.get(column: Column<T>): T?
e: file:///Users/jim/work/v2superbikeshed/Trikeshed/src/jvmMain/kotlin/borg/trikeshed/zlib/Zstd.kt:63:37 Cannot infer type for this parameter. Specify it explicitly.
e: file:///Users/jim/work/v2superbikeshed/Trikeshed/src/jvmMain/kotlin/borg/trikeshed/zlib/Zstd.kt:63:37 Unresolved reference. None of the following candidates is applicable because of a receiver type mismatch:
fun <T> Join<Int, Function1<Int, Join<Any?, TypeMemento>>>.get(column: Column<T>): T?
e: file:///Users/jim/work/v2superbikeshed/Trikeshed/src/jvmMain/kotlin/borg/trikeshed/zlib/Zstd.kt:80:24 Cannot infer type for this parameter. Specify it explicitly.
e: file:///Users/jim/work/v2superbikeshed/Trikeshed/src/jvmMain/kotlin/borg/trikeshed/zlib/Zstd.kt:80:24 Unresolved reference. None of the following candidates is applicable because of a receiver type mismatch:
fun <T> Join<Int, Function1<Int, Join<Any?, TypeMemento>>>.get(column: Column<T>): T?
e: file:///Users/jim/work/v2superbikeshed/Trikeshed/src/jvmMain/kotlin/borg/trikeshed/zlib/Zstd.kt:101:27 Cannot infer type for this parameter. Specify it explicitly.
e: file:///Users/jim/work/v2superbikeshed/Trikeshed/src/jvmMain/kotlin/borg/trikeshed/zlib/Zstd.kt:101:27 Unresolved reference. None of the following candidates is applicable because of a receiver type mismatch:
fun <T> Join<Int, Function1<Int, Join<Any?, TypeMemento>>>.get(column: Column<T>): T?
e: file:///Users/jim/work/v2superbikeshed/Trikeshed/src/jvmMain/kotlin/borg/trikeshed/zlib/Zstd.kt:102:37 Cannot infer type for this parameter. Specify it explicitly.
e: file:///Users/jim/work/v2superbikeshed/Trikeshed/src/jvmMain/kotlin/borg/trikeshed/zlib/Zstd.kt:102:37 Unresolved reference. None of the following candidates is applicable because of a receiver type mismatch:
fun <T> Join<Int, Function1<Int, Join<Any?, TypeMemento>>>.get(column: Column<T>): T?
e: file:///Users/jim/work/v2superbikeshed/Trikeshed/src/jvmMain/kotlin/borg/trikeshed/zlib/Zstd.kt:113:28 Cannot infer type for this parameter. Specify it explicitly.
e: file:///Users/jim/work/v2superbikeshed/Trikeshed/src/jvmMain/kotlin/borg/trikeshed/zlib/Zstd.kt:113:28 Unresolved reference. None of the following candidates is applicable because of a receiver type mismatch:
fun <T> Join<Int, Function1<Int, Join<Any?, TypeMemento>>>.get(column: Column<T>): T?

> Task :Trikeshed:compileKotlinJvm FAILED
> Task :Trikeshed:compileKotlinMacosArm64
> Task :Trikeshed:compileKotlinMacosX64
e: file:///Users/jim/work/v2superbikeshed/Trikeshed/src/commonMain/kotlin/borg/trikeshed/MainRouter.kt:281:28 Unresolved reference. None of the following candidates is applicable because of a receiver type mismatch:
fun Join<Int, Function1<Int, Byte>>.toByteArray(): ByteArray
e: file:///Users/jim/work/v2superbikeshed/Trikeshed/src/commonMain/kotlin/borg/trikeshed/MainRouter.kt:294:28 Unresolved reference. None of the following candidates is applicable because of a receiver type mismatch:
fun Join<Int, Function1<Int, Byte>>.toByteArray(): ByteArray
e: file:///Users/jim/work/v2superbikeshed/Trikeshed/src/commonMain/kotlin/borg/trikeshed/attention/InlineDoubleDispatch.kt:16:2 Unresolved reference 'JvmInline'.
e: file:///Users/jim/work/v2superbikeshed/Trikeshed/src/commonMain/kotlin/borg/trikeshed/attention/InlineDoubleDispatch.kt:17:2 Unresolved reference 'JvmInline'.
e: file:///Users/jim/work/v2superbikeshed/Trikeshed/src/commonMain/kotlin/borg/trikeshed/attention/InlineDoubleDispatch.kt:18:2 Unresolved reference 'JvmInline'.
e: file:///Users/jim/work/v2superbikeshed/Trikeshed/src/commonMain/kotlin/borg/trikeshed/attention/InlineDoubleDispatch.kt:21:2 Unresolved reference 'JvmInline'.
e: file:///Users/jim/work/v2superbikeshed/Trikeshed/src/commonMain/kotlin/borg/trikeshed/attention/InlineDoubleDispatch.kt:22:2 Unresolved reference 'JvmInline'.
e: file:///Users/jim/work/v2superbikeshed/Trikeshed/src/commonMain/kotlin/borg/trikeshed/attention/InlineDoubleDispatch.kt:23:2 Unresolved reference 'JvmInline'.
e: file:///Users/jim/work/v2superbikeshed/Trikeshed/src/commonMain/kotlin/borg/trikeshed/autovec/CryptoAutovec.kt:717:27 Argument type mismatch: actual type is 'Int', but 'Int' was expected.
e: file:///Users/jim/work/v2superbikeshed/Trikeshed/src/commonMain/kotlin/borg/trikeshed/autovec/CryptoAutovec.kt:717:32 Argument type mismatch: actual type is 'T? (of fun <T> Join<Int, Function1<Int, Join<Any?, TypeMemento>>>.get)', but 'Byte' was expected.
e: file:///Users/jim/work/v2superbikeshed/Trikeshed/src/commonMain/kotlin/borg/trikeshed/autovec/CryptoAutovec.kt:717:32 Cannot infer type for this parameter. Specify it explicitly.
e: file:///Users/jim/work/v2superbikeshed/Trikeshed/src/commonMain/kotlin/borg/trikeshed/autovec/CryptoAutovec.kt:717:32 Unresolved reference. None of the following candidates is applicable because of a receiver type mismatch:
fun <T> Join<Int, Function1<Int, Join<Any?, TypeMemento>>>.get(column: Column<T>): T?
e: file:///Users/jim/work/v2superbikeshed/Trikeshed/src/commonMain/kotlin/borg/trikeshed/ccek/CCEK.kt:115:5 Unresolved reference 'coroutineContext'.
e: file:///Users/jim/work/v2superbikeshed/Trikeshed/src/commonMain/kotlin/borg/trikeshed/ccek/CCEK.kt:121:5 Unresolved reference 'coroutineContext'.
e: file:///Users/jim/work/v2superbikeshed/Trikeshed/src/commonMain/kotlin/borg/trikeshed/ccek/CCEK.kt:127:5 Unresolved reference 'coroutineContext'.
e: file:///Users/jim/work/v2superbikeshed/Trikeshed/src/commonMain/kotlin/borg/trikeshed/ccek/CCEK.kt:277:47 No parameter with name 'phase' found.
e: file:///Users/jim/work/v2superbikeshed/Trikeshed/src/commonMain/kotlin/borg/trikeshed/ccek/CCEK.kt:280:54 No parameter with name 'phase' found.
e: file:///Users/jim/work/v2superbikeshed/Trikeshed/src/commonMain/kotlin/borg/trikeshed/ccek/CCEK.kt:285:50 No parameter with name 'phase' found.
e: file:///Users/jim/work/v2superbikeshed/Trikeshed/src/commonMain/kotlin/borg/trikeshed/ccek/CCEK.kt:289:45 No parameter with name 'phase' found.
e: file:///Users/jim/work/v2superbikeshed/Trikeshed/src/commonMain/kotlin/borg/trikeshed/ccek/CCEK.kt:296:19 Unresolved reference 'constraints'.
e: file:///Users/jim/work/v2superbikeshed/Trikeshed/src/commonMain/kotlin/borg/trikeshed/ccek/CCEK.kt:296:41 Cannot infer type for this parameter. Specify it explicitly.
e: file:///Users/jim/work/v2superbikeshed/Trikeshed/src/commonMain/kotlin/borg/trikeshed/ccek/CCEK.kt:304:43 None of the following candidates is applicable:
fun <T, R : Comparable<R>> Array<out T>.sortedByDescending(crossinline selector: (T) -> R?): List<T>
fun <R : Comparable<R>> ByteArray.sortedByDescending(crossinline selector: (Byte) -> R?): List<Byte>
fun <R : Comparable<R>> ShortArray.sortedByDescending(crossinline selector: (Short) -> R?): List<Short>
fun <R : Comparable<R>> IntArray.sortedByDescending(crossinline selector: (Int) -> R?): List<Int>
fun <R : Comparable<R>> LongArray.sortedByDescending(crossinline selector: (Long) -> R?): List<Long>
fun <R : Comparable<R>> FloatArray.sortedByDescending(crossinline selector: (Float) -> R?): List<Float>
fun <R : Comparable<R>> DoubleArray.sortedByDescending(crossinline selector: (Double) -> R?): List<Double>
fun <R : Comparable<R>> BooleanArray.sortedByDescending(crossinline selector: (Boolean) -> R?): List<Boolean>
fun <R : Comparable<R>> CharArray.sortedByDescending(crossinline selector: (Char) -> R?): List<Char>
fun <T, R : Comparable<R>> Iterable<T>.sortedByDescending(crossinline selector: (T) -> R?): List<T>
fun <T, R : Comparable<R>> Sequence<T>.sortedByDescending(crossinline selector: (T) -> R?): Sequence<T>
e: file:///Users/jim/work/v2superbikeshed/Trikeshed/src/commonMain/kotlin/borg/trikeshed/ccek/CCEK.kt:304:64 Unresolved reference 'it'.
e: file:///Users/jim/work/v2superbikeshed/Trikeshed/src/commonMain/kotlin/borg/trikeshed/ccek/CCEK.kt:308:57 Unresolved reference 'condition'.
e: file:///Users/jim/work/v2superbikeshed/Trikeshed/src/commonMain/kotlin/borg/trikeshed/ccek/CCEK.kt:309:69 Unresolved reference 'action'.
e: file:///Users/jim/work/v2superbikeshed/Trikeshed/src/commonMain/kotlin/borg/trikeshed/ccek/CCEK.kt:321:65 Argument type mismatch: actual type is 'String?', but 'String' was expected.
e: file:///Users/jim/work/v2superbikeshed/Trikeshed/src/commonMain/kotlin/borg/trikeshed/ccek/CCEK.kt:499:31 No value passed for parameter 'executionId'.
e: file:///Users/jim/work/v2superbikeshed/Trikeshed/src/commonMain/kotlin/borg/trikeshed/ccek/CCEK.kt:514:44 Unresolved reference 'executeValidation'.
e: file:///Users/jim/work/v2superbikeshed/Trikeshed/src/commonMain/kotlin/borg/trikeshed/ccek/CCEK.kt:515:48 Unresolved reference 'executeTransformation'.
e: file:///Users/jim/work/v2superbikeshed/Trikeshed/src/commonMain/kotlin/borg/trikeshed/ccek/CCEK.kt:525:51 Unresolved reference 'serializeToJson'.
e: file:///Users/jim/work/v2superbikeshed/Trikeshed/src/commonMain/kotlin/borg/trikeshed/ccek/CCEK.kt:526:55 Unresolved reference 'serializeToProtobuf'.
e: file:///Users/jim/work/v2superbikeshed/Trikeshed/src/commonMain/kotlin/borg/trikeshed/ccek/CCEK.kt:527:53 Unresolved reference 'serializeCustom'.
e: file:///Users/jim/work/v2superbikeshed/Trikeshed/src/commonMain/kotlin/borg/trikeshed/ccek/CCEKChunkedDecodingChordSheet.kt:21:13 Argument type mismatch: actual type is 'ChunkParsingStrategy', but 'Function0<ChunkParsingStrategy>' was expected.
e: file:///Users/jim/work/v2superbikeshed/Trikeshed/src/commonMain/kotlin/borg/trikeshed/ccek/CCEKChunkedDecodingChordSheet.kt:35:13 Argument type mismatch: actual type is 'ChunkDecompressionStrategy', but 'Function0<ChunkDecompressionStrategy>' was expected.
e: file:///Users/jim/work/v2superbikeshed/Trikeshed/src/commonMain/kotlin/borg/trikeshed/ccek/CCEKChunkedDecodingChordSheet.kt:46:13 Argument type mismatch: actual type is 'ChunkValidationStrategy', but 'Function0<ChunkValidationStrategy>' was expected.
e: file:///Users/jim/work/v2superbikeshed/Trikeshed/src/commonMain/kotlin/borg/trikeshed/ccek/CCEKChunkedDecodingChordSheet.kt:60:13 Argument type mismatch: actual type is 'ChunkReassemblyStrategy', but 'Function0<ChunkReassemblyStrategy>' was expected.
e: file:///Users/jim/work/v2superbikeshed/Trikeshed/src/commonMain/kotlin/borg/trikeshed/ccek/CCEKChunkedDecodingChordSheet.kt:74:13 Argument type mismatch: actual type is 'ChunkErrorRecoveryStrategy', but 'Function0<ChunkErrorRecoveryStrategy>' was expected.
e: file:///Users/jim/work/v2superbikeshed/Trikeshed/src/commonMain/kotlin/borg/trikeshed/ccek/CCEKChunkedDecodingChordSheet.kt:91:18 Unresolved reference 'CoroutineContext'.
e: file:///Users/jim/work/v2superbikeshed/Trikeshed/src/commonMain/kotlin/borg/trikeshed/ccek/CCEKChunkedDecodingChordSheet.kt:114:18 Unresolved reference 'CoroutineContext'.
e: file:///Users/jim/work/v2superbikeshed/Trikeshed/src/commonMain/kotlin/borg/trikeshed/ccek/CCEKChunkedDecodingChordSheet.kt:131:11 Unresolved reference 'flowOn'.
e: file:///Users/jim/work/v2superbikeshed/Trikeshed/src/commonMain/kotlin/borg/trikeshed/ccek/CCEKChunkedDecodingChordSheet.kt:139:18 Unresolved reference 'CoroutineContext'.
e: file:///Users/jim/work/v2superbikeshed/Trikeshed/src/commonMain/kotlin/borg/trikeshed/ccek/CCEKChunkedDecodingChordSheet.kt:160:18 Unresolved reference 'CoroutineContext'.
e: file:///Users/jim/work/v2superbikeshed/Trikeshed/src/commonMain/kotlin/borg/trikeshed/ccek/CCEKChunkedDecodingChordSheet.kt:181:18 Unresolved reference 'CoroutineContext'.
e: file:///Users/jim/work/v2superbikeshed/Trikeshed/src/commonMain/kotlin/borg/trikeshed/ccek/CCEKChunkedDecodingChordSheet.kt:202:18 Unresolved reference 'CoroutineContext'.
e: file:///Users/jim/work/v2superbikeshed/Trikeshed/src/commonMain/kotlin/borg/trikeshed/ccek/CCEKChunkedDecodingChordSheet.kt:210:37 None of the following candidates is applicable:
fun <T> Iterable<T>.forEach(action: (T) -> Unit): Unit
fun <K, V> Map<out K, V>.forEach(action: (Map.Entry<K, V>) -> Unit): Unit
e: file:///Users/jim/work/v2superbikeshed/Trikeshed/src/commonMain/kotlin/borg/trikeshed/ccek/CCEKChunkedDecodingChordSheet.kt:210:47 Cannot infer type for this parameter. Specify it explicitly.
e: file:///Users/jim/work/v2superbikeshed/Trikeshed/src/commonMain/kotlin/borg/trikeshed/ccek/CCEKChunkedDecodingChordSheet.kt:211:33 Suspension functions can only be called within coroutine body.
e: file:///Users/jim/work/v2superbikeshed/Trikeshed/src/commonMain/kotlin/borg/trikeshed/ccek/CCEKChunkedDecodingChordSheet.kt:219:11 Unresolved reference 'flowOn'.
e: file:///Users/jim/work/v2superbikeshed/Trikeshed/src/commonMain/kotlin/borg/trikeshed/ccek/CCEKChunkedDecodingChordSheet.kt:236:47 Cannot infer type for this parameter. Specify it explicitly.
e: file:///Users/jim/work/v2superbikeshed/Trikeshed/src/commonMain/kotlin/borg/trikeshed/ccek/CCEKChunkedDecodingChordSheet.kt:236:47 Not enough information to infer type argument for 'B'.
e: file:///Users/jim/work/v2superbikeshed/Trikeshed/src/commonMain/kotlin/borg/trikeshed/ccek/CCEKChunkedDecodingChordSheet.kt:236:51 Cannot infer type for this parameter. Specify it explicitly.
e: file:///Users/jim/work/v2superbikeshed/Trikeshed/src/commonMain/kotlin/borg/trikeshed/ccek/CCEKChunkedDecodingChordSheet.kt:239:40 Suspension functions can only be called within coroutine body.
e: file:///Users/jim/work/v2superbikeshed/Trikeshed/src/commonMain/kotlin/borg/trikeshed/ccek/CCEKChunkedDecodingChordSheet.kt:244:58 Cannot infer type for this parameter. Specify it explicitly.
e: file:///Users/jim/work/v2superbikeshed/Trikeshed/src/commonMain/kotlin/borg/trikeshed/ccek/CCEKChunkedDecodingChordSheet.kt:244:58 Not enough information to infer type argument for 'B'.
e: file:///Users/jim/work/v2superbikeshed/Trikeshed/src/commonMain/kotlin/borg/trikeshed/ccek/CCEKChunkedDecodingChordSheet.kt:244:62 Cannot infer type for this parameter. Specify it explicitly.
e: file:///Users/jim/work/v2superbikeshed/Trikeshed/src/commonMain/kotlin/borg/trikeshed/ccek/CCEKChunkedDecodingChordSheet.kt:245:48 Expression 'b' of type 'ERROR CLASS: Cannot infer argument for type parameter B' cannot be invoked as a function. Function 'invoke()' is not found.
e: file:///Users/jim/work/v2superbikeshed/Trikeshed/src/commonMain/kotlin/borg/trikeshed/ccek/CCEKChunkedDecodingChordSheet.kt:250:54 Cannot infer type for this parameter. Specify it explicitly.
e: file:///Users/jim/work/v2superbikeshed/Trikeshed/src/commonMain/kotlin/borg/trikeshed/ccek/CCEKChunkedDecodingChordSheet.kt:250:54 Not enough information to infer type argument for 'T'.
e: file:///Users/jim/work/v2superbikeshed/Trikeshed/src/commonMain/kotlin/borg/trikeshed/ccek/CCEKChunkedDecodingChordSheet.kt:250:61 Cannot infer type for this parameter. Specify it explicitly.
e: file:///Users/jim/work/v2superbikeshed/Trikeshed/src/commonMain/kotlin/borg/trikeshed/ccek/CCEKChunkedDecodingChordSheet.kt:252:91 Cannot infer type for this parameter. Specify it explicitly.
e: file:///Users/jim/work/v2superbikeshed/Trikeshed/src/commonMain/kotlin/borg/trikeshed/ccek/CCEKChunkedDecodingChordSheet.kt:252:91 Not enough information to infer type argument for 'T'.
e: file:///Users/jim/work/v2superbikeshed/Trikeshed/src/commonMain/kotlin/borg/trikeshed/ccek/CCEKChunkedDecodingChordSheet.kt:299:45 Argument type mismatch: actual type is 'Int', but 'IntRange' was expected.
e: file:///Users/jim/work/v2superbikeshed/Trikeshed/src/commonMain/kotlin/borg/trikeshed/ccek/CCEKChunkedDecodingChordSheet.kt:299:53 Too many arguments for 'fun <T> Join<Int, Function1<Int, T>>.slice(range: IntRange): Join<Int, Function1<Int, T>>'.
e: file:///Users/jim/work/v2superbikeshed/Trikeshed/src/commonMain/kotlin/borg/trikeshed/ccek/CCEKChunkedDecodingChordSheet.kt:299:71 Unresolved reference 'Charsets'.
e: file:///Users/jim/work/v2superbikeshed/Trikeshed/src/commonMain/kotlin/borg/trikeshed/ccek/CCEKChunkedDecodingChordSheet.kt:299:71 Too many arguments for 'fun toString(): String'.
e: file:///Users/jim/work/v2superbikeshed/Trikeshed/src/commonMain/kotlin/borg/trikeshed/ccek/CCEKChunkedDecodingChordSheet.kt:312:47 Argument type mismatch: actual type is 'Int', but 'IntRange' was expected.
e: file:///Users/jim/work/v2superbikeshed/Trikeshed/src/commonMain/kotlin/borg/trikeshed/ccek/CCEKChunkedDecodingChordSheet.kt:312:58 Too many arguments for 'fun <T> Join<Int, Function1<Int, T>>.slice(range: IntRange): Join<Int, Function1<Int, T>>'.
e: file:///Users/jim/work/v2superbikeshed/Trikeshed/src/commonMain/kotlin/borg/trikeshed/ccek/CCEKChunkedDecodingChordSheet.kt:343:63 Unresolved reference 'ZSTD'.
e: file:///Users/jim/work/v2superbikeshed/Trikeshed/src/commonMain/kotlin/borg/trikeshed/ccek/CCEKChunkedDecodingChordSheet.kt:344:62 Unresolved reference 'LZ4'.
e: file:///Users/jim/work/v2superbikeshed/Trikeshed/src/commonMain/kotlin/borg/trikeshed/ccek/CCEKChunkedDecodingChordSheet.kt:359:32 None of the following candidates is applicable:
fun <T> Array<out T>.sumOf(selector: (T) -> Double): Double
fun ByteArray.sumOf(selector: (Byte) -> Double): Double
fun ShortArray.sumOf(selector: (Short) -> Double): Double
fun IntArray.sumOf(selector: (Int) -> Double): Double
fun LongArray.sumOf(selector: (Long) -> Double): Double
fun FloatArray.sumOf(selector: (Float) -> Double): Double
fun DoubleArray.sumOf(selector: (Double) -> Double): Double
fun BooleanArray.sumOf(selector: (Boolean) -> Double): Double
fun CharArray.sumOf(selector: (Char) -> Double): Double
fun <T> Array<out T>.sumOf(selector: (T) -> Int): Int
fun ByteArray.sumOf(selector: (Byte) -> Int): Int
fun ShortArray.sumOf(selector: (Short) -> Int): Int
fun IntArray.sumOf(selector: (Int) -> Int): Int
fun LongArray.sumOf(selector: (Long) -> Int): Int
fun FloatArray.sumOf(selector: (Float) -> Int): Int
fun DoubleArray.sumOf(selector: (Double) -> Int): Int
fun BooleanArray.sumOf(selector: (Boolean) -> Int): Int
fun CharArray.sumOf(selector: (Char) -> Int): Int
fun <T> Array<out T>.sumOf(selector: (T) -> Long): Long
fun ByteArray.sumOf(selector: (Byte) -> Long): Long
fun ShortArray.sumOf(selector: (Short) -> Long): Long
fun IntArray.sumOf(selector: (Int) -> Long): Long
fun LongArray.sumOf(selector: (Long) -> Long): Long
fun FloatArray.sumOf(selector: (Float) -> Long): Long
fun DoubleArray.sumOf(selector: (Double) -> Long): Long
fun BooleanArray.sumOf(selector: (Boolean) -> Long): Long
fun CharArray.sumOf(selector: (Char) -> Long): Long
fun <T> Array<out T>.sumOf(selector: (T) -> UInt): UInt
fun ByteArray.sumOf(selector: (Byte) -> UInt): UInt
fun ShortArray.sumOf(selector: (Short) -> UInt): UInt
fun IntArray.sumOf(selector: (Int) -> UInt): UInt
fun LongArray.sumOf(selector: (Long) -> UInt): UInt
fun FloatArray.sumOf(selector: (Float) -> UInt): UInt
fun DoubleArray.sumOf(selector: (Double) -> UInt): UInt
fun BooleanArray.sumOf(selector: (Boolean) -> UInt): UInt
fun CharArray.sumOf(selector: (Char) -> UInt): UInt
fun <T> Array<out T>.sumOf(selector: (T) -> ULong): ULong
fun ByteArray.sumOf(selector: (Byte) -> ULong): ULong
fun ShortArray.sumOf(selector: (Short) -> ULong): ULong
fun IntArray.sumOf(selector: (Int) -> ULong): ULong
fun LongArray.sumOf(selector: (Long) -> ULong): ULong
fun FloatArray.sumOf(selector: (Float) -> ULong): ULong
fun DoubleArray.sumOf(selector: (Double) -> ULong): ULong
fun BooleanArray.sumOf(selector: (Boolean) -> ULong): ULong
fun CharArray.sumOf(selector: (Char) -> ULong): ULong
fun <T> Iterable<T>.sumOf(selector: (T) -> Double): Double
fun <T> Iterable<T>.sumOf(selector: (T) -> Int): Int
fun <T> Iterable<T>.sumOf(selector: (T) -> Long): Long
fun <T> Iterable<T>.sumOf(selector: (T) -> UInt): UInt
fun <T> Iterable<T>.sumOf(selector: (T) -> ULong): ULong
fun UIntArray.sumOf(selector: (UInt) -> Double): Double
fun ULongArray.sumOf(selector: (ULong) -> Double): Double
fun UByteArray.sumOf(selector: (UByte) -> Double): Double
fun UShortArray.sumOf(selector: (UShort) -> Double): Double
fun UIntArray.sumOf(selector: (UInt) -> Int): Int
fun ULongArray.sumOf(selector: (ULong) -> Int): Int
fun UByteArray.sumOf(selector: (UByte) -> Int): Int
fun UShortArray.sumOf(selector: (UShort) -> Int): Int
fun UIntArray.sumOf(selector: (UInt) -> Long): Long
fun ULongArray.sumOf(selector: (ULong) -> Long): Long
fun UByteArray.sumOf(selector: (UByte) -> Long): Long
fun UShortArray.sumOf(selector: (UShort) -> Long): Long
fun UIntArray.sumOf(selector: (UInt) -> UInt): UInt
fun ULongArray.sumOf(selector: (ULong) -> UInt): UInt
fun UByteArray.sumOf(selector: (UByte) -> UInt): UInt
fun UShortArray.sumOf(selector: (UShort) -> UInt): UInt
fun UIntArray.sumOf(selector: (UInt) -> ULong): ULong
fun ULongArray.sumOf(selector: (ULong) -> ULong): ULong
fun UByteArray.sumOf(selector: (UByte) -> ULong): ULong
fun UShortArray.sumOf(selector: (UShort) -> ULong): ULong
fun <T> Sequence<T>.sumOf(selector: (T) -> Double): Double
fun <T> Sequence<T>.sumOf(selector: (T) -> Int): Int
fun <T> Sequence<T>.sumOf(selector: (T) -> Long): Long
fun <T> Sequence<T>.sumOf(selector: (T) -> UInt): UInt
fun <T> Sequence<T>.sumOf(selector: (T) -> ULong): ULong
fun CharSequence.sumOf(selector: (Char) -> Double): Double
fun CharSequence.sumOf(selector: (Char) -> Int): Int
fun CharSequence.sumOf(selector: (Char) -> Long): Long
fun CharSequence.sumOf(selector: (Char) -> UInt): UInt
fun CharSequence.sumOf(selector: (Char) -> ULong): ULong
e: file:///Users/jim/work/v2superbikeshed/Trikeshed/src/commonMain/kotlin/borg/trikeshed/ccek/CCEKChunkedDecodingChordSheet.kt:359:40 Unresolved reference 'it'.
e: file:///Users/jim/work/v2superbikeshed/Trikeshed/src/commonMain/kotlin/borg/trikeshed/ccek/CCEKChunkedDecodingChordSheet.kt:359:48 Cannot infer type for this parameter. Specify it explicitly.
e: file:///Users/jim/work/v2superbikeshed/Trikeshed/src/commonMain/kotlin/borg/trikeshed/ccek/CCEKChunkedDecodingChordSheet.kt:367:26 Cannot infer type for this parameter. Specify it explicitly.
e: file:///Users/jim/work/v2superbikeshed/Trikeshed/src/commonMain/kotlin/borg/trikeshed/ccek/CCEKChunkedDecodingChordSheet.kt:367:26 Unresolved reference. None of the following candidates is applicable because of a receiver type mismatch:
fun <A, B> A.j(b: B): Join<A, B>
e: file:///Users/jim/work/v2superbikeshed/Trikeshed/src/commonMain/kotlin/borg/trikeshed/ccek/CCEKChunkedDecodingChordSheet.kt:367:30 Cannot infer type for this parameter. Specify it explicitly.
e: file:///Users/jim/work/v2superbikeshed/Trikeshed/src/commonMain/kotlin/borg/trikeshed/ccek/CCEKChunkedDecodingChordSheet.kt:372:63 No value passed for parameter 'a'.
e: file:///Users/jim/work/v2superbikeshed/Trikeshed/src/commonMain/kotlin/borg/trikeshed/ccek/CCEKChunkedDecodingChordSheet.kt:372:63 No value passed for parameter 'b'.
e: file:///Users/jim/work/v2superbikeshed/Trikeshed/src/commonMain/kotlin/borg/trikeshed/ccek/CCEKChunkedDecodingChordSheet.kt:377:17 Cannot infer type for this parameter. Specify it explicitly.
e: file:///Users/jim/work/v2superbikeshed/Trikeshed/src/commonMain/kotlin/borg/trikeshed/ccek/CCEKChunkedDecodingChordSheet.kt:377:17 Unresolved reference. None of the following candidates is applicable because of a receiver type mismatch:
fun <T> Join<Int, Function1<Int, Join<Any?, TypeMemento>>>.get(column: Column<T>): T?
e: file:///Users/jim/work/v2superbikeshed/Trikeshed/src/commonMain/kotlin/borg/trikeshed/ccek/CCEKChunkedDecodingChordSheet.kt:377:50 Cannot infer type for this parameter. Specify it explicitly.
e: file:///Users/jim/work/v2superbikeshed/Trikeshed/src/commonMain/kotlin/borg/trikeshed/ccek/CCEKChunkedDecodingChordSheet.kt:377:50 Unresolved reference. None of the following candidates is applicable because of a receiver type mismatch:
fun <T> Join<Int, Function1<Int, Join<Any?, TypeMemento>>>.get(column: Column<T>): T?
e: file:///Users/jim/work/v2superbikeshed/Trikeshed/src/commonMain/kotlin/borg/trikeshed/ccek/CCEKChunkedDecodingChordSheet.kt:406:57 No value passed for parameter 'a'.
e: file:///Users/jim/work/v2superbikeshed/Trikeshed/src/commonMain/kotlin/borg/trikeshed/ccek/CCEKChunkedDecodingChordSheet.kt:406:57 No value passed for parameter 'b'.
e: file:///Users/jim/work/v2superbikeshed/Trikeshed/src/commonMain/kotlin/borg/trikeshed/ccek/CCEKChunkedDecodingChordSheet.kt:411:23 No value passed for parameter 'a'.
e: file:///Users/jim/work/v2superbikeshed/Trikeshed/src/commonMain/kotlin/borg/trikeshed/ccek/CCEKChunkedDecodingChordSheet.kt:411:23 No value passed for parameter 'b'.
e: file:///Users/jim/work/v2superbikeshed/Trikeshed/src/commonMain/kotlin/borg/trikeshed/ccek/CCEKChunkedEncodingChordSheet.kt:21:13 Argument type mismatch: actual type is 'Int#1', but 'Function0<kotlin.Int>' was expected.
e: file:///Users/jim/work/v2superbikeshed/Trikeshed/src/commonMain/kotlin/borg/trikeshed/ccek/CCEKChunkedEncodingChordSheet.kt:35:13 Argument type mismatch: actual type is 'ChunkEncodingStrategy', but 'Function0<ChunkEncodingStrategy>' was expected.
e: file:///Users/jim/work/v2superbikeshed/Trikeshed/src/commonMain/kotlin/borg/trikeshed/ccek/CCEKChunkedEncodingChordSheet.kt:49:13 Argument type mismatch: actual type is 'ChunkCompressionStrategy', but 'Function0<ChunkCompressionStrategy>' was expected.
e: file:///Users/jim/work/v2superbikeshed/Trikeshed/src/commonMain/kotlin/borg/trikeshed/ccek/CCEKChunkedEncodingChordSheet.kt:63:13 Argument type mismatch: actual type is 'ChunkBoundaryStrategy', but 'Function0<ChunkBoundaryStrategy>' was expected.
e: file:///Users/jim/work/v2superbikeshed/Trikeshed/src/commonMain/kotlin/borg/trikeshed/ccek/CCEKChunkedEncodingChordSheet.kt:77:13 Argument type mismatch: actual type is 'ChunkHeaderGenerator', but 'Function0<ChunkHeaderGenerator>' was expected.
e: file:///Users/jim/work/v2superbikeshed/Trikeshed/src/commonMain/kotlin/borg/trikeshed/ccek/CCEKChunkedEncodingChordSheet.kt:89:13 Argument type mismatch: actual type is 'ChunkTrailerGenerator', but 'Function0<ChunkTrailerGenerator>' was expected.
e: file:///Users/jim/work/v2superbikeshed/Trikeshed/src/commonMain/kotlin/borg/trikeshed/ccek/CCEKChunkedEncodingChordSheet.kt:108:18 Unresolved reference 'CoroutineContext'.
e: file:///Users/jim/work/v2superbikeshed/Trikeshed/src/commonMain/kotlin/borg/trikeshed/ccek/CCEKChunkedEncodingChordSheet.kt:135:18 Unresolved reference 'CoroutineContext'.
e: file:///Users/jim/work/v2superbikeshed/Trikeshed/src/commonMain/kotlin/borg/trikeshed/ccek/CCEKChunkedEncodingChordSheet.kt:148:18 Unresolved reference 'CoroutineContext'.
e: file:///Users/jim/work/v2superbikeshed/Trikeshed/src/commonMain/kotlin/borg/trikeshed/ccek/CCEKChunkedEncodingChordSheet.kt:161:18 Unresolved reference 'CoroutineContext'.
e: file:///Users/jim/work/v2superbikeshed/Trikeshed/src/commonMain/kotlin/borg/trikeshed/ccek/CCEKChunkedEncodingChordSheet.kt:174:18 Unresolved reference 'CoroutineContext'.
e: file:///Users/jim/work/v2superbikeshed/Trikeshed/src/commonMain/kotlin/borg/trikeshed/ccek/CCEKChunkedEncodingChordSheet.kt:198:40 Argument type mismatch: actual type is 'Int', but 'IntRange' was expected.
e: file:///Users/jim/work/v2superbikeshed/Trikeshed/src/commonMain/kotlin/borg/trikeshed/ccek/CCEKChunkedEncodingChordSheet.kt:198:48 Too many arguments for 'fun <T> Join<Int, Function1<Int, T>>.slice(range: IntRange): Join<Int, Function1<Int, T>>'.
e: file:///Users/jim/work/v2superbikeshed/Trikeshed/src/commonMain/kotlin/borg/trikeshed/ccek/CCEKChunkedEncodingChordSheet.kt:202:65 Unresolved reference 'ZSTD'.
e: file:///Users/jim/work/v2superbikeshed/Trikeshed/src/commonMain/kotlin/borg/trikeshed/ccek/CCEKChunkedEncodingChordSheet.kt:203:64 Unresolved reference 'LZ4'.
e: file:///Users/jim/work/v2superbikeshed/Trikeshed/src/commonMain/kotlin/borg/trikeshed/ccek/CCEKChunkedEncodingChordSheet.kt:208:42 Unresolved reference 'generateHeader'.
e: file:///Users/jim/work/v2superbikeshed/Trikeshed/src/commonMain/kotlin/borg/trikeshed/ccek/CCEKChunkedEncodingChordSheet.kt:214:45 Unresolved reference 'determineBoundary'.
e: file:///Users/jim/work/v2superbikeshed/Trikeshed/src/commonMain/kotlin/borg/trikeshed/ccek/CCEKChunkedEncodingChordSheet.kt:222:40 Unresolved reference 'generateTrailer'.
e: file:///Users/jim/work/v2superbikeshed/Trikeshed/src/commonMain/kotlin/borg/trikeshed/ccek/CCEKChunkedEncodingChordSheet.kt:248:12 Redeclaration:
object ChunkBoundaryStrategy : Any
e: file:///Users/jim/work/v2superbikeshed/Trikeshed/src/commonMain/kotlin/borg/trikeshed/ccek/CCEKChunkedEncodingChordSheet.kt:252:12 Redeclaration:
object ChunkHeaderGenerator : Any
e: file:///Users/jim/work/v2superbikeshed/Trikeshed/src/commonMain/kotlin/borg/trikeshed/ccek/CCEKChunkedEncodingChordSheet.kt:256:12 Redeclaration:
object ChunkTrailerGenerator : Any
e: file:///Users/jim/work/v2superbikeshed/Trikeshed/src/commonMain/kotlin/borg/trikeshed/ccek/CCEKChunkedEncodingChordSheet.kt:312:23 No value passed for parameter 'a'.
e: file:///Users/jim/work/v2superbikeshed/Trikeshed/src/commonMain/kotlin/borg/trikeshed/ccek/CCEKChunkedEncodingChordSheet.kt:312:23 No value passed for parameter 'b'.
e: file:///Users/jim/work/v2superbikeshed/Trikeshed/src/commonMain/kotlin/borg/trikeshed/ccek/CCEKChunkedEncodingChordSheet.kt:330:23 No value passed for parameter 'a'.
e: file:///Users/jim/work/v2superbikeshed/Trikeshed/src/commonMain/kotlin/borg/trikeshed/ccek/CCEKChunkedEncodingChordSheet.kt:330:23 No value passed for parameter 'b'.
e: file:///Users/jim/work/v2superbikeshed/Trikeshed/src/commonMain/kotlin/borg/trikeshed/ccek/CCEKChunkedEncodingChordSheet.kt:355:19 No value passed for parameter 'a'.
e: file:///Users/jim/work/v2superbikeshed/Trikeshed/src/commonMain/kotlin/borg/trikeshed/ccek/CCEKChunkedEncodingChordSheet.kt:355:19 No value passed for parameter 'b'.
e: file:///Users/jim/work/v2superbikeshed/Trikeshed/src/commonMain/kotlin/borg/trikeshed/ccek/CCEKChunkedEncodingChordSheet.kt:360:8 Redeclaration:
enum class ChunkHeaderGenerator : Enum<ChunkHeaderGenerator>
e: file:///Users/jim/work/v2superbikeshed/Trikeshed/src/commonMain/kotlin/borg/trikeshed/ccek/CCEKChunkedEncodingChordSheet.kt:361:9 Unresolved reference 'COMPRESSED_JSON'.
e: file:///Users/jim/work/v2superbikeshed/Trikeshed/src/commonMain/kotlin/borg/trikeshed/ccek/CCEKChunkedEncodingChordSheet.kt:370:9 Unresolved reference 'COMPRESSED_BINARY'.
e: file:///Users/jim/work/v2superbikeshed/Trikeshed/src/commonMain/kotlin/borg/trikeshed/ccek/CCEKChunkedEncodingChordSheet.kt:379:9 Unresolved reference 'STREAMING_JSON'.
e: file:///Users/jim/work/v2superbikeshed/Trikeshed/src/commonMain/kotlin/borg/trikeshed/ccek/CCEKChunkedEncodingChordSheet.kt:388:9 Unresolved reference 'RAW_BINARY'.
e: file:///Users/jim/work/v2superbikeshed/Trikeshed/src/commonMain/kotlin/borg/trikeshed/ccek/CCEKChunkedEncodingChordSheet.kt:397:9 Unresolved reference 'DEFAULT'.
e: file:///Users/jim/work/v2superbikeshed/Trikeshed/src/commonMain/kotlin/borg/trikeshed/ccek/CCEKChunkedEncodingChordSheet.kt:409:8 Redeclaration:
enum class ChunkTrailerGenerator : Enum<ChunkTrailerGenerator>
e: file:///Users/jim/work/v2superbikeshed/Trikeshed/src/commonMain/kotlin/borg/trikeshed/ccek/CCEKChunkedEncodingChordSheet.kt:410:9 Unresolved reference 'JSON_DOCUMENT'.
e: file:///Users/jim/work/v2superbikeshed/Trikeshed/src/commonMain/kotlin/borg/trikeshed/ccek/CCEKChunkedEncodingChordSheet.kt:419:9 Unresolved reference 'BINARY_ATTACHMENT'.
e: file:///Users/jim/work/v2superbikeshed/Trikeshed/src/commonMain/kotlin/borg/trikeshed/ccek/CCEKChunkedEncodingChordSheet.kt:428:9 Unresolved reference 'JSON_DESIGN'.
e: file:///Users/jim/work/v2superbikeshed/Trikeshed/src/commonMain/kotlin/borg/trikeshed/ccek/CCEKChunkedEncodingChordSheet.kt:437:9 Unresolved reference 'JSON_REVISION'.
e: file:///Users/jim/work/v2superbikeshed/Trikeshed/src/commonMain/kotlin/borg/trikeshed/ccek/CCEKChunkedEncodingChordSheet.kt:446:9 Unresolved reference 'JSON_REPLICATION'.
e: file:///Users/jim/work/v2superbikeshed/Trikeshed/src/commonMain/kotlin/borg/trikeshed/ccek/CCEKChunkedEncodingChordSheet.kt:455:9 Unresolved reference 'JSON_CHANGES'.
e: file:///Users/jim/work/v2superbikeshed/Trikeshed/src/commonMain/kotlin/borg/trikeshed/ccek/CCEKChunkedEncodingChordSheet.kt:464:9 Unresolved reference 'DEFAULT'.
e: file:///Users/jim/work/v2superbikeshed/Trikeshed/src/commonMain/kotlin/borg/trikeshed/ccek/CCEKChunkedEncodingChordSheet.kt:476:8 Redeclaration:
enum class ChunkBoundaryStrategy : Enum<ChunkBoundaryStrategy>
e: file:///Users/jim/work/v2superbikeshed/Trikeshed/src/commonMain/kotlin/borg/trikeshed/ccek/CCEKChunkedEncodingChordSheet.kt:477:9 Unresolved reference 'JSON_OBJECT'.
e: file:///Users/jim/work/v2superbikeshed/Trikeshed/src/commonMain/kotlin/borg/trikeshed/ccek/CCEKChunkedEncodingChordSheet.kt:485:9 Unresolved reference 'FIXED_SIZE'.
e: file:///Users/jim/work/v2superbikeshed/Trikeshed/src/commonMain/kotlin/borg/trikeshed/ccek/CCEKChunkedEncodingChordSheet.kt:493:9 Unresolved reference 'JSON_LINE'.
e: file:///Users/jim/work/v2superbikeshed/Trikeshed/src/commonMain/kotlin/borg/trikeshed/ccek/CCEKProtocolChoreographer.kt:26:13 Argument type mismatch: actual type is 'ChoreographyStrategy', but 'Function0<ChoreographyStrategy>' was expected.
e: file:///Users/jim/work/v2superbikeshed/Trikeshed/src/commonMain/kotlin/borg/trikeshed/ccek/CCEKProtocolChoreographer.kt:38:9 Cannot infer type for this parameter. Specify it explicitly.
e: file:///Users/jim/work/v2superbikeshed/Trikeshed/src/commonMain/kotlin/borg/trikeshed/ccek/CCEKProtocolChoreographer.kt:38:9 Type mismatch: inferred type is 'Join<String, ERROR CLASS: Cannot infer argument for type parameter B>', but 'Join<Int, Function1<Int, String>>' was expected.
e: file:///Users/jim/work/v2superbikeshed/Trikeshed/src/commonMain/kotlin/borg/trikeshed/ccek/CCEKProtocolChoreographer.kt:38:17 No value passed for parameter 'b'.
e: file:///Users/jim/work/v2superbikeshed/Trikeshed/src/commonMain/kotlin/borg/trikeshed/ccek/CCEKProtocolChoreographer.kt:38:25 Cannot infer type for this parameter. Specify it explicitly.
e: file:///Users/jim/work/v2superbikeshed/Trikeshed/src/commonMain/kotlin/borg/trikeshed/ccek/CCEKProtocolChoreographer.kt:41:27 None of the following candidates is applicable:
fun <T> Array<out T>.contains(element: T): Boolean
fun ByteArray.contains(element: Byte): Boolean
fun ShortArray.contains(element: Short): Boolean
fun IntArray.contains(element: Int): Boolean
fun LongArray.contains(element: Long): Boolean
fun BooleanArray.contains(element: Boolean): Boolean
fun CharArray.contains(element: Char): Boolean
fun <T> Iterable<T>.contains(element: T): Boolean
fun <K, V> Map<out K, V>.contains(key: K): Boolean
fun IntRange.contains(element: Int?): Boolean
fun LongRange.contains(element: Long?): Boolean
fun CharRange.contains(element: Char?): Boolean
fun ClosedRange<Int>.contains(value: Byte): Boolean
fun ClosedRange<Long>.contains(value: Byte): Boolean
fun ClosedRange<Short>.contains(value: Byte): Boolean
fun OpenEndRange<Int>.contains(value: Byte): Boolean
fun OpenEndRange<Long>.contains(value: Byte): Boolean
fun OpenEndRange<Short>.contains(value: Byte): Boolean
fun IntRange.contains(value: Byte): Boolean
fun LongRange.contains(value: Byte): Boolean
fun ClosedRange<Float>.contains(value: Double): Boolean
fun ClosedRange<Double>.contains(value: Float): Boolean
fun OpenEndRange<Double>.contains(value: Float): Boolean
fun ClosedRange<Long>.contains(value: Int): Boolean
fun ClosedRange<Byte>.contains(value: Int): Boolean
fun ClosedRange<Short>.contains(value: Int): Boolean
fun OpenEndRange<Long>.contains(value: Int): Boolean
fun OpenEndRange<Byte>.contains(value: Int): Boolean
fun OpenEndRange<Short>.contains(value: Int): Boolean
fun LongRange.contains(value: Int): Boolean
fun ClosedRange<Int>.contains(value: Long): Boolean
fun ClosedRange<Byte>.contains(value: Long): Boolean
fun ClosedRange<Short>.contains(value: Long): Boolean
fun OpenEndRange<Int>.contains(value: Long): Boolean
fun OpenEndRange<Byte>.contains(value: Long): Boolean
fun OpenEndRange<Short>.contains(value: Long): Boolean
fun IntRange.contains(value: Long): Boolean
fun ClosedRange<Int>.contains(value: Short): Boolean
fun ClosedRange<Long>.contains(value: Short): Boolean
fun ClosedRange<Byte>.contains(value: Short): Boolean
fun OpenEndRange<Int>.contains(value: Short): Boolean
fun OpenEndRange<Long>.contains(value: Short): Boolean
fun OpenEndRange<Byte>.contains(value: Short): Boolean
fun IntRange.contains(value: Short): Boolean
fun LongRange.contains(value: Short): Boolean
fun UIntRange.contains(element: UInt?): Boolean
fun ULongRange.contains(element: ULong?): Boolean
fun UIntRange.contains(value: UByte): Boolean
fun ULongRange.contains(value: UByte): Boolean
fun ULongRange.contains(value: UInt): Boolean
fun UIntRange.contains(value: ULong): Boolean
fun UIntRange.contains(value: UShort): Boolean
fun ULongRange.contains(value: UShort): Boolean
fun <T : Any, R : ClosedRange<T>, Iterable<T>> R.contains(element: T?): Boolean
fun <T : Any, R : OpenEndRange<T>, Iterable<T>> R.contains(element: T?): Boolean
fun <T> Sequence<T>.contains(element: T): Boolean
fun CharSequence.contains(other: CharSequence, ignoreCase: Boolean = ...): Boolean
fun CharSequence.contains(char: Char, ignoreCase: Boolean = ...): Boolean
fun CharSequence.contains(regex: Regex): Boolean
e: file:///Users/jim/work/v2superbikeshed/Trikeshed/src/commonMain/kotlin/borg/trikeshed/ccek/CCEKProtocolChoreographer.kt:41:57 None of the following candidates is applicable:
fun <T> Array<out T>.contains(element: T): Boolean
fun ByteArray.contains(element: Byte): Boolean
fun ShortArray.contains(element: Short): Boolean
fun IntArray.contains(element: Int): Boolean
fun LongArray.contains(element: Long): Boolean
fun BooleanArray.contains(element: Boolean): Boolean
fun CharArray.contains(element: Char): Boolean
fun <T> Iterable<T>.contains(element: T): Boolean
fun <K, V> Map<out K, V>.contains(key: K): Boolean
fun IntRange.contains(element: Int?): Boolean
fun LongRange.contains(element: Long?): Boolean
fun CharRange.contains(element: Char?): Boolean
fun ClosedRange<Int>.contains(value: Byte): Boolean
fun ClosedRange<Long>.contains(value: Byte): Boolean
fun ClosedRange<Short>.contains(value: Byte): Boolean
fun OpenEndRange<Int>.contains(value: Byte): Boolean
fun OpenEndRange<Long>.contains(value: Byte): Boolean
fun OpenEndRange<Short>.contains(value: Byte): Boolean
fun IntRange.contains(value: Byte): Boolean
fun LongRange.contains(value: Byte): Boolean
fun ClosedRange<Float>.contains(value: Double): Boolean
fun ClosedRange<Double>.contains(value: Float): Boolean
fun OpenEndRange<Double>.contains(value: Float): Boolean
fun ClosedRange<Long>.contains(value: Int): Boolean
fun ClosedRange<Byte>.contains(value: Int): Boolean
fun ClosedRange<Short>.contains(value: Int): Boolean
fun OpenEndRange<Long>.contains(value: Int): Boolean
fun OpenEndRange<Byte>.contains(value: Int): Boolean
fun OpenEndRange<Short>.contains(value: Int): Boolean
fun LongRange.contains(value: Int): Boolean
fun ClosedRange<Int>.contains(value: Long): Boolean
fun ClosedRange<Byte>.contains(value: Long): Boolean
fun ClosedRange<Short>.contains(value: Long): Boolean
fun OpenEndRange<Int>.contains(value: Long): Boolean
fun OpenEndRange<Byte>.contains(value: Long): Boolean
fun OpenEndRange<Short>.contains(value: Long): Boolean
fun IntRange.contains(value: Long): Boolean
fun ClosedRange<Int>.contains(value: Short): Boolean
fun ClosedRange<Long>.contains(value: Short): Boolean
fun ClosedRange<Byte>.contains(value: Short): Boolean
fun OpenEndRange<Int>.contains(value: Short): Boolean
fun OpenEndRange<Long>.contains(value: Short): Boolean
fun OpenEndRange<Byte>.contains(value: Short): Boolean
fun IntRange.contains(value: Short): Boolean
fun LongRange.contains(value: Short): Boolean
fun UIntRange.contains(element: UInt?): Boolean
fun ULongRange.contains(element: ULong?): Boolean
fun UIntRange.contains(value: UByte): Boolean
fun ULongRange.contains(value: UByte): Boolean
fun ULongRange.contains(value: UInt): Boolean
fun UIntRange.contains(value: ULong): Boolean
fun UIntRange.contains(value: UShort): Boolean
fun ULongRange.contains(value: UShort): Boolean
fun <T : Any, R : ClosedRange<T>, Iterable<T>> R.contains(element: T?): Boolean
fun <T : Any, R : OpenEndRange<T>, Iterable<T>> R.contains(element: T?): Boolean
fun <T> Sequence<T>.contains(element: T): Boolean
fun CharSequence.contains(other: CharSequence, ignoreCase: Boolean = ...): Boolean
fun CharSequence.contains(char: Char, ignoreCase: Boolean = ...): Boolean
fun CharSequence.contains(regex: Regex): Boolean
e: file:///Users/jim/work/v2superbikeshed/Trikeshed/src/commonMain/kotlin/borg/trikeshed/ccek/CCEKProtocolChoreographer.kt:42:27 None of the following candidates is applicable:
fun <T> Array<out T>.contains(element: T): Boolean
fun ByteArray.contains(element: Byte): Boolean
fun ShortArray.contains(element: Short): Boolean
fun IntArray.contains(element: Int): Boolean
fun LongArray.contains(element: Long): Boolean
fun BooleanArray.contains(element: Boolean): Boolean
fun CharArray.contains(element: Char): Boolean
fun <T> Iterable<T>.contains(element: T): Boolean
fun <K, V> Map<out K, V>.contains(key: K): Boolean
fun IntRange.contains(element: Int?): Boolean
fun LongRange.contains(element: Long?): Boolean
fun CharRange.contains(element: Char?): Boolean
fun ClosedRange<Int>.contains(value: Byte): Boolean
fun ClosedRange<Long>.contains(value: Byte): Boolean
fun ClosedRange<Short>.contains(value: Byte): Boolean
fun OpenEndRange<Int>.contains(value: Byte): Boolean
fun OpenEndRange<Long>.contains(value: Byte): Boolean
fun OpenEndRange<Short>.contains(value: Byte): Boolean
fun IntRange.contains(value: Byte): Boolean
fun LongRange.contains(value: Byte): Boolean
fun ClosedRange<Float>.contains(value: Double): Boolean
fun ClosedRange<Double>.contains(value: Float): Boolean
fun OpenEndRange<Double>.contains(value: Float): Boolean
fun ClosedRange<Long>.contains(value: Int): Boolean
fun ClosedRange<Byte>.contains(value: Int): Boolean
fun ClosedRange<Short>.contains(value: Int): Boolean
fun OpenEndRange<Long>.contains(value: Int): Boolean
fun OpenEndRange<Byte>.contains(value: Int): Boolean
fun OpenEndRange<Short>.contains(value: Int): Boolean
fun LongRange.contains(value: Int): Boolean
fun ClosedRange<Int>.contains(value: Long): Boolean
fun ClosedRange<Byte>.contains(value: Long): Boolean
fun ClosedRange<Short>.contains(value: Long): Boolean
fun OpenEndRange<Int>.contains(value: Long): Boolean
fun OpenEndRange<Byte>.contains(value: Long): Boolean
fun OpenEndRange<Short>.contains(value: Long): Boolean
fun IntRange.contains(value: Long): Boolean
fun ClosedRange<Int>.contains(value: Short): Boolean
fun ClosedRange<Long>.contains(value: Short): Boolean
fun ClosedRange<Byte>.contains(value: Short): Boolean
fun OpenEndRange<Int>.contains(value: Short): Boolean
fun OpenEndRange<Long>.contains(value: Short): Boolean
fun OpenEndRange<Byte>.contains(value: Short): Boolean
fun IntRange.contains(value: Short): Boolean
fun LongRange.contains(value: Short): Boolean
fun UIntRange.contains(element: UInt?): Boolean
fun ULongRange.contains(element: ULong?): Boolean
fun UIntRange.contains(value: UByte): Boolean
fun ULongRange.contains(value: UByte): Boolean
fun ULongRange.contains(value: UInt): Boolean
fun UIntRange.contains(value: ULong): Boolean
fun UIntRange.contains(value: UShort): Boolean
fun ULongRange.contains(value: UShort): Boolean
fun <T : Any, R : ClosedRange<T>, Iterable<T>> R.contains(element: T?): Boolean
fun <T : Any, R : OpenEndRange<T>, Iterable<T>> R.contains(element: T?): Boolean
fun <T> Sequence<T>.contains(element: T): Boolean
fun CharSequence.contains(other: CharSequence, ignoreCase: Boolean = ...): Boolean
fun CharSequence.contains(char: Char, ignoreCase: Boolean = ...): Boolean
fun CharSequence.contains(regex: Regex): Boolean
e: file:///Users/jim/work/v2superbikeshed/Trikeshed/src/commonMain/kotlin/borg/trikeshed/ccek/CCEKProtocolChoreographer.kt:42:57 None of the following candidates is applicable:
fun <T> Array<out T>.contains(element: T): Boolean
fun ByteArray.contains(element: Byte): Boolean
fun ShortArray.contains(element: Short): Boolean
fun IntArray.contains(element: Int): Boolean
fun LongArray.contains(element: Long): Boolean
fun BooleanArray.contains(element: Boolean): Boolean
fun CharArray.contains(element: Char): Boolean
fun <T> Iterable<T>.contains(element: T): Boolean
fun <K, V> Map<out K, V>.contains(key: K): Boolean
fun IntRange.contains(element: Int?): Boolean
fun LongRange.contains(element: Long?): Boolean
fun CharRange.contains(element: Char?): Boolean
fun ClosedRange<Int>.contains(value: Byte): Boolean
fun ClosedRange<Long>.contains(value: Byte): Boolean
fun ClosedRange<Short>.contains(value: Byte): Boolean
fun OpenEndRange<Int>.contains(value: Byte): Boolean
fun OpenEndRange<Long>.contains(value: Byte): Boolean
fun OpenEndRange<Short>.contains(value: Byte): Boolean
fun IntRange.contains(value: Byte): Boolean
fun LongRange.contains(value: Byte): Boolean
fun ClosedRange<Float>.contains(value: Double): Boolean
fun ClosedRange<Double>.contains(value: Float): Boolean
fun OpenEndRange<Double>.contains(value: Float): Boolean
fun ClosedRange<Long>.contains(value: Int): Boolean
fun ClosedRange<Byte>.contains(value: Int): Boolean
fun ClosedRange<Short>.contains(value: Int): Boolean
fun OpenEndRange<Long>.contains(value: Int): Boolean
fun OpenEndRange<Byte>.contains(value: Int): Boolean
fun OpenEndRange<Short>.contains(value: Int): Boolean
fun LongRange.contains(value: Int): Boolean
fun ClosedRange<Int>.contains(value: Long): Boolean
fun ClosedRange<Byte>.contains(value: Long): Boolean
fun ClosedRange<Short>.contains(value: Long): Boolean
fun OpenEndRange<Int>.contains(value: Long): Boolean
fun OpenEndRange<Byte>.contains(value: Long): Boolean
fun OpenEndRange<Short>.contains(value: Long): Boolean
fun IntRange.contains(value: Long): Boolean
fun ClosedRange<Int>.contains(value: Short): Boolean
fun ClosedRange<Long>.contains(value: Short): Boolean
fun ClosedRange<Byte>.contains(value: Short): Boolean
fun OpenEndRange<Int>.contains(value: Short): Boolean
fun OpenEndRange<Long>.contains(value: Short): Boolean
fun OpenEndRange<Byte>.contains(value: Short): Boolean
fun IntRange.contains(value: Short): Boolean
fun LongRange.contains(value: Short): Boolean
fun UIntRange.contains(element: UInt?): Boolean
fun ULongRange.contains(element: ULong?): Boolean
fun UIntRange.contains(value: UByte): Boolean
fun ULongRange.contains(value: UByte): Boolean
fun ULongRange.contains(value: UInt): Boolean
fun UIntRange.contains(value: ULong): Boolean
fun UIntRange.contains(value: UShort): Boolean
fun ULongRange.contains(value: UShort): Boolean
fun <T : Any, R : ClosedRange<T>, Iterable<T>> R.contains(element: T?): Boolean
fun <T : Any, R : OpenEndRange<T>, Iterable<T>> R.contains(element: T?): Boolean
fun <T> Sequence<T>.contains(element: T): Boolean
fun CharSequence.contains(other: CharSequence, ignoreCase: Boolean = ...): Boolean
fun CharSequence.contains(char: Char, ignoreCase: Boolean = ...): Boolean
fun CharSequence.contains(regex: Regex): Boolean
e: file:///Users/jim/work/v2superbikeshed/Trikeshed/src/commonMain/kotlin/borg/trikeshed/ccek/CCEKProtocolChoreographer.kt:43:27 None of the following candidates is applicable:
fun <T> Array<out T>.contains(element: T): Boolean
fun ByteArray.contains(element: Byte): Boolean
fun ShortArray.contains(element: Short): Boolean
fun IntArray.contains(element: Int): Boolean
fun LongArray.contains(element: Long): Boolean
fun BooleanArray.contains(element: Boolean): Boolean
fun CharArray.contains(element: Char): Boolean
fun <T> Iterable<T>.contains(element: T): Boolean
fun <K, V> Map<out K, V>.contains(key: K): Boolean
fun IntRange.contains(element: Int?): Boolean
fun LongRange.contains(element: Long?): Boolean
fun CharRange.contains(element: Char?): Boolean
fun ClosedRange<Int>.contains(value: Byte): Boolean
fun ClosedRange<Long>.contains(value: Byte): Boolean
fun ClosedRange<Short>.contains(value: Byte): Boolean
fun OpenEndRange<Int>.contains(value: Byte): Boolean
fun OpenEndRange<Long>.contains(value: Byte): Boolean
fun OpenEndRange<Short>.contains(value: Byte): Boolean
fun IntRange.contains(value: Byte): Boolean
fun LongRange.contains(value: Byte): Boolean
fun ClosedRange<Float>.contains(value: Double): Boolean
fun ClosedRange<Double>.contains(value: Float): Boolean
fun OpenEndRange<Double>.contains(value: Float): Boolean
fun ClosedRange<Long>.contains(value: Int): Boolean
fun ClosedRange<Byte>.contains(value: Int): Boolean
fun ClosedRange<Short>.contains(value: Int): Boolean
fun OpenEndRange<Long>.contains(value: Int): Boolean
fun OpenEndRange<Byte>.contains(value: Int): Boolean
fun OpenEndRange<Short>.contains(value: Int): Boolean
fun LongRange.contains(value: Int): Boolean
fun ClosedRange<Int>.contains(value: Long): Boolean
fun ClosedRange<Byte>.contains(value: Long): Boolean
fun ClosedRange<Short>.contains(value: Long): Boolean
fun OpenEndRange<Int>.contains(value: Long): Boolean
fun OpenEndRange<Byte>.contains(value: Long): Boolean
fun OpenEndRange<Short>.contains(value: Long): Boolean
fun IntRange.contains(value: Long): Boolean
fun ClosedRange<Int>.contains(value: Short): Boolean
fun ClosedRange<Long>.contains(value: Short): Boolean
fun ClosedRange<Byte>.contains(value: Short): Boolean
fun OpenEndRange<Int>.contains(value: Short): Boolean
fun OpenEndRange<Long>.contains(value: Short): Boolean
fun OpenEndRange<Byte>.contains(value: Short): Boolean
fun IntRange.contains(value: Short): Boolean
fun LongRange.contains(value: Short): Boolean
fun UIntRange.contains(element: UInt?): Boolean
fun ULongRange.contains(element: ULong?): Boolean
fun UIntRange.contains(value: UByte): Boolean
fun ULongRange.contains(value: UByte): Boolean
fun ULongRange.contains(value: UInt): Boolean
fun UIntRange.contains(value: ULong): Boolean
fun UIntRange.contains(value: UShort): Boolean
fun ULongRange.contains(value: UShort): Boolean
fun <T : Any, R : ClosedRange<T>, Iterable<T>> R.contains(element: T?): Boolean
fun <T : Any, R : OpenEndRange<T>, Iterable<T>> R.contains(element: T?): Boolean
fun <T> Sequence<T>.contains(element: T): Boolean
fun CharSequence.contains(other: CharSequence, ignoreCase: Boolean = ...): Boolean
fun CharSequence.contains(char: Char, ignoreCase: Boolean = ...): Boolean
fun CharSequence.contains(regex: Regex): Boolean
e: file:///Users/jim/work/v2superbikeshed/Trikeshed/src/commonMain/kotlin/borg/trikeshed/ccek/CCEKProtocolChoreographer.kt:43:60 None of the following candidates is applicable:
fun <T> Array<out T>.contains(element: T): Boolean
fun ByteArray.contains(element: Byte): Boolean
fun ShortArray.contains(element: Short): Boolean
fun IntArray.contains(element: Int): Boolean
fun LongArray.contains(element: Long): Boolean
fun BooleanArray.contains(element: Boolean): Boolean
fun CharArray.contains(element: Char): Boolean
fun <T> Iterable<T>.contains(element: T): Boolean
fun <K, V> Map<out K, V>.contains(key: K): Boolean
fun IntRange.contains(element: Int?): Boolean
fun LongRange.contains(element: Long?): Boolean
fun CharRange.contains(element: Char?): Boolean
fun ClosedRange<Int>.contains(value: Byte): Boolean
fun ClosedRange<Long>.contains(value: Byte): Boolean
fun ClosedRange<Short>.contains(value: Byte): Boolean
fun OpenEndRange<Int>.contains(value: Byte): Boolean
fun OpenEndRange<Long>.contains(value: Byte): Boolean
fun OpenEndRange<Short>.contains(value: Byte): Boolean
fun IntRange.contains(value: Byte): Boolean
fun LongRange.contains(value: Byte): Boolean
fun ClosedRange<Float>.contains(value: Double): Boolean
fun ClosedRange<Double>.contains(value: Float): Boolean
fun OpenEndRange<Double>.contains(value: Float): Boolean
fun ClosedRange<Long>.contains(value: Int): Boolean
fun ClosedRange<Byte>.contains(value: Int): Boolean
fun ClosedRange<Short>.contains(value: Int): Boolean
fun OpenEndRange<Long>.contains(value: Int): Boolean
fun OpenEndRange<Byte>.contains(value: Int): Boolean
fun OpenEndRange<Short>.contains(value: Int): Boolean
fun LongRange.contains(value: Int): Boolean
fun ClosedRange<Int>.contains(value: Long): Boolean
fun ClosedRange<Byte>.contains(value: Long): Boolean
fun ClosedRange<Short>.contains(value: Long): Boolean
fun OpenEndRange<Int>.contains(value: Long): Boolean
fun OpenEndRange<Byte>.contains(value: Long): Boolean
fun OpenEndRange<Short>.contains(value: Long): Boolean
fun IntRange.contains(value: Long): Boolean
fun ClosedRange<Int>.contains(value: Short): Boolean
fun ClosedRange<Long>.contains(value: Short): Boolean
fun ClosedRange<Byte>.contains(value: Short): Boolean
fun OpenEndRange<Int>.contains(value: Short): Boolean
fun OpenEndRange<Long>.contains(value: Short): Boolean
fun OpenEndRange<Byte>.contains(value: Short): Boolean
fun IntRange.contains(value: Short): Boolean
fun LongRange.contains(value: Short): Boolean
fun UIntRange.contains(element: UInt?): Boolean
fun ULongRange.contains(element: ULong?): Boolean
fun UIntRange.contains(value: UByte): Boolean
fun ULongRange.contains(value: UByte): Boolean
fun ULongRange.contains(value: UInt): Boolean
fun UIntRange.contains(value: ULong): Boolean
fun UIntRange.contains(value: UShort): Boolean
fun ULongRange.contains(value: UShort): Boolean
fun <T : Any, R : ClosedRange<T>, Iterable<T>> R.contains(element: T?): Boolean
fun <T : Any, R : OpenEndRange<T>, Iterable<T>> R.contains(element: T?): Boolean
fun <T> Sequence<T>.contains(element: T): Boolean
fun CharSequence.contains(other: CharSequence, ignoreCase: Boolean = ...): Boolean
fun CharSequence.contains(char: Char, ignoreCase: Boolean = ...): Boolean
fun CharSequence.contains(regex: Regex): Boolean
e: file:///Users/jim/work/v2superbikeshed/Trikeshed/src/commonMain/kotlin/borg/trikeshed/ccek/CCEKProtocolChoreographer.kt:52:13 Argument type mismatch: actual type is 'ContextOrchestration', but 'Function0<ContextOrchestration>' was expected.
e: file:///Users/jim/work/v2superbikeshed/Trikeshed/src/commonMain/kotlin/borg/trikeshed/ccek/CCEKProtocolChoreographer.kt:71:18 Unresolved reference 'CoroutineContext'.
e: file:///Users/jim/work/v2superbikeshed/Trikeshed/src/commonMain/kotlin/borg/trikeshed/ccek/CCEKProtocolChoreographer.kt:95:54 No value passed for parameter 'b'.
e: file:///Users/jim/work/v2superbikeshed/Trikeshed/src/commonMain/kotlin/borg/trikeshed/ccek/CCEKProtocolChoreographer.kt:97:35 Cannot infer type for this parameter. Specify it explicitly.
e: file:///Users/jim/work/v2superbikeshed/Trikeshed/src/commonMain/kotlin/borg/trikeshed/ccek/CCEKProtocolChoreographer.kt:97:35 Not enough information to infer type argument for 'B'.
e: file:///Users/jim/work/v2superbikeshed/Trikeshed/src/commonMain/kotlin/borg/trikeshed/ccek/CCEKProtocolChoreographer.kt:97:39 Cannot infer type for this parameter. Specify it explicitly.
e: file:///Users/jim/work/v2superbikeshed/Trikeshed/src/commonMain/kotlin/borg/trikeshed/ccek/CCEKProtocolChoreographer.kt:99:35 'operator' modifier is required on 'FirNamedFunctionSymbol kotlin/compareTo' in 'compareTo'.
e: file:///Users/jim/work/v2superbikeshed/Trikeshed/src/commonMain/kotlin/borg/trikeshed/ccek/CCEKProtocolChoreographer.kt:100:26 Suspension functions can only be called within coroutine body.
e: file:///Users/jim/work/v2superbikeshed/Trikeshed/src/commonMain/kotlin/borg/trikeshed/ccek/CCEKProtocolChoreographer.kt:116:57 No value passed for parameter 'b'.
e: file:///Users/jim/work/v2superbikeshed/Trikeshed/src/commonMain/kotlin/borg/trikeshed/ccek/CCEKProtocolChoreographer.kt:118:39 Cannot infer type for this parameter. Specify it explicitly.
e: file:///Users/jim/work/v2superbikeshed/Trikeshed/src/commonMain/kotlin/borg/trikeshed/ccek/CCEKProtocolChoreographer.kt:118:39 Not enough information to infer type argument for 'B'.
e: file:///Users/jim/work/v2superbikeshed/Trikeshed/src/commonMain/kotlin/borg/trikeshed/ccek/CCEKProtocolChoreographer.kt:118:43 Cannot infer type for this parameter. Specify it explicitly.
e: file:///Users/jim/work/v2superbikeshed/Trikeshed/src/commonMain/kotlin/borg/trikeshed/ccek/CCEKProtocolChoreographer.kt:120:35 'operator' modifier is required on 'FirNamedFunctionSymbol kotlin/compareTo' in 'compareTo'.
e: file:///Users/jim/work/v2superbikeshed/Trikeshed/src/commonMain/kotlin/borg/trikeshed/ccek/CCEKProtocolChoreographer.kt:121:26 Suspension functions can only be called within coroutine body.
e: file:///Users/jim/work/v2superbikeshed/Trikeshed/src/commonMain/kotlin/borg/trikeshed/ccek/CCEKProtocolChoreographer.kt:137:58 No value passed for parameter 'b'.
e: file:///Users/jim/work/v2superbikeshed/Trikeshed/src/commonMain/kotlin/borg/trikeshed/ccek/CCEKProtocolChoreographer.kt:139:36 Cannot infer type for this parameter. Specify it explicitly.
e: file:///Users/jim/work/v2superbikeshed/Trikeshed/src/commonMain/kotlin/borg/trikeshed/ccek/CCEKProtocolChoreographer.kt:139:36 Not enough information to infer type argument for 'B'.
e: file:///Users/jim/work/v2superbikeshed/Trikeshed/src/commonMain/kotlin/borg/trikeshed/ccek/CCEKProtocolChoreographer.kt:139:40 Cannot infer type for this parameter. Specify it explicitly.
e: file:///Users/jim/work/v2superbikeshed/Trikeshed/src/commonMain/kotlin/borg/trikeshed/ccek/CCEKProtocolChoreographer.kt:141:37 'operator' modifier is required on 'FirNamedFunctionSymbol kotlin/compareTo' in 'compareTo'.
e: file:///Users/jim/work/v2superbikeshed/Trikeshed/src/commonMain/kotlin/borg/trikeshed/ccek/CCEKProtocolChoreographer.kt:142:26 Suspension functions can only be called within coroutine body.
e: file:///Users/jim/work/v2superbikeshed/Trikeshed/src/commonMain/kotlin/borg/trikeshed/ccek/CCEKProtocolChoreographer.kt:165:31 Argument type mismatch: actual type is 'Join<CCEKResult, CCEKResult>', but 'Join<Int, Function1<Int, CCEKResult>>' was expected.
e: file:///Users/jim/work/v2superbikeshed/Trikeshed/src/commonMain/kotlin/borg/trikeshed/ccek/CCEKProtocolChoreographer.kt:176:31 Argument type mismatch: actual type is 'Join<CCEKResult, CCEKResult>', but 'Join<Int, Function1<Int, CCEKResult>>' was expected.
e: file:///Users/jim/work/v2superbikeshed/Trikeshed/src/commonMain/kotlin/borg/trikeshed/ccek/CCEKProtocolChoreographer.kt:187:31 Argument type mismatch: actual type is 'Join<CCEKResult, CCEKResult>', but 'Join<Int, Function1<Int, CCEKResult>>' was expected.
e: file:///Users/jim/work/v2superbikeshed/Trikeshed/src/commonMain/kotlin/borg/trikeshed/ccek/CCEKProtocolChoreographer.kt:202:35 Cannot infer type for this parameter. Specify it explicitly.
e: file:///Users/jim/work/v2superbikeshed/Trikeshed/src/commonMain/kotlin/borg/trikeshed/ccek/CCEKProtocolChoreographer.kt:202:35 Not enough information to infer type argument for 'B'.
e: file:///Users/jim/work/v2superbikeshed/Trikeshed/src/commonMain/kotlin/borg/trikeshed/ccek/CCEKProtocolChoreographer.kt:202:39 Cannot infer type for this parameter. Specify it explicitly.
e: file:///Users/jim/work/v2superbikeshed/Trikeshed/src/commonMain/kotlin/borg/trikeshed/ccek/CCEKProtocolChoreographer.kt:205:40 Suspension functions can only be called within coroutine body.
e: file:///Users/jim/work/v2superbikeshed/Trikeshed/src/commonMain/kotlin/borg/trikeshed/ccek/CCEKProtocolChoreographer.kt:206:43 Suspension functions can only be called within coroutine body.
e: file:///Users/jim/work/v2superbikeshed/Trikeshed/src/commonMain/kotlin/borg/trikeshed/ccek/CCEKProtocolChoreographer.kt:207:40 Suspension functions can only be called within coroutine body.
e: file:///Users/jim/work/v2superbikeshed/Trikeshed/src/commonMain/kotlin/borg/trikeshed/ccek/CCEKProtocolChoreographer.kt:224:23 Cannot infer type for this parameter. Specify it explicitly.
e: file:///Users/jim/work/v2superbikeshed/Trikeshed/src/commonMain/kotlin/borg/trikeshed/ccek/CCEKProtocolChoreographer.kt:225:25 Cannot infer type for this parameter. Specify it explicitly.
e: file:///Users/jim/work/v2superbikeshed/Trikeshed/src/commonMain/kotlin/borg/trikeshed/ccek/CCEKProtocolChoreographer.kt:225:27 Argument type mismatch: actual type is 'List<T (of fun <T> Collection<Deferred<T>>.awaitAll)>', but 'B (of fun <A, B> A.j)' was expected.
e: file:///Users/jim/work/v2superbikeshed/Trikeshed/src/commonMain/kotlin/borg/trikeshed/ccek/CCEKProtocolChoreographer.kt:225:27 Argument type mismatch: actual type is 'Collection<Deferred<T (of fun <T> Collection<Deferred<T>>.awaitAll)>>', but 'Function1<ERROR CLASS: No type for parameter, Deferred<CCEKResult>>' was expected.
e: file:///Users/jim/work/v2superbikeshed/Trikeshed/src/commonMain/kotlin/borg/trikeshed/ccek/CCEKProtocolChoreographer.kt:225:29 An explicit type is required on a value parameter.
e: file:///Users/jim/work/v2superbikeshed/Trikeshed/src/commonMain/kotlin/borg/trikeshed/ccek/CCEKProtocolChoreographer.kt:235:15 Cannot infer type for this parameter. Specify it explicitly.
e: file:///Users/jim/work/v2superbikeshed/Trikeshed/src/commonMain/kotlin/borg/trikeshed/ccek/CCEKProtocolChoreographer.kt:235:15 Unresolved reference. None of the following candidates is applicable because of a receiver type mismatch:
suspend fun <T> Collection<Deferred<T>>.awaitAll(): List<T>
e: file:///Users/jim/work/v2superbikeshed/Trikeshed/src/commonMain/kotlin/borg/trikeshed/ccek/CCEKProtocolChoreographer.kt:239:31 Cannot infer type for this parameter. Specify it explicitly.
e: file:///Users/jim/work/v2superbikeshed/Trikeshed/src/commonMain/kotlin/borg/trikeshed/ccek/CCEKProtocolChoreographer.kt:239:31 Not enough information to infer type argument for 'T'.
e: file:///Users/jim/work/v2superbikeshed/Trikeshed/src/commonMain/kotlin/borg/trikeshed/ccek/CCEKProtocolChoreographer.kt:239:45 Argument type mismatch: actual type is 'V? (of fun <K, V> Map<out K, V>.get)', but 'CCEKResult' was expected.
e: file:///Users/jim/work/v2superbikeshed/Trikeshed/src/commonMain/kotlin/borg/trikeshed/ccek/CCEKProtocolChoreographer.kt:239:45 Cannot infer type for this parameter. Specify it explicitly.
e: file:///Users/jim/work/v2superbikeshed/Trikeshed/src/commonMain/kotlin/borg/trikeshed/ccek/CCEKProtocolChoreographer.kt:282:38 Cannot infer type for this parameter. Specify it explicitly.
e: file:///Users/jim/work/v2superbikeshed/Trikeshed/src/commonMain/kotlin/borg/trikeshed/ccek/CCEKProtocolChoreographer.kt:282:38 Not enough information to infer type argument for 'B'.
e: file:///Users/jim/work/v2superbikeshed/Trikeshed/src/commonMain/kotlin/borg/trikeshed/ccek/CCEKProtocolChoreographer.kt:282:42 Cannot infer type for this parameter. Specify it explicitly.
e: file:///Users/jim/work/v2superbikeshed/Trikeshed/src/commonMain/kotlin/borg/trikeshed/ccek/CCEKProtocolChoreographer.kt:311:35 Cannot infer type for this parameter. Specify it explicitly.
e: file:///Users/jim/work/v2superbikeshed/Trikeshed/src/commonMain/kotlin/borg/trikeshed/ccek/CCEKProtocolChoreographer.kt:311:35 Not enough information to infer type argument for 'B'.
e: file:///Users/jim/work/v2superbikeshed/Trikeshed/src/commonMain/kotlin/borg/trikeshed/ccek/CCEKProtocolChoreographer.kt:311:39 Cannot infer type for this parameter. Specify it explicitly.
e: file:///Users/jim/work/v2superbikeshed/Trikeshed/src/commonMain/kotlin/borg/trikeshed/ccek/CCEKProtocolChoreographer.kt:314:40 Suspension functions can only be called within coroutine body.
e: file:///Users/jim/work/v2superbikeshed/Trikeshed/src/commonMain/kotlin/borg/trikeshed/ccek/CCEKProtocolChoreographer.kt:315:43 Suspension functions can only be called within coroutine body.
e: file:///Users/jim/work/v2superbikeshed/Trikeshed/src/commonMain/kotlin/borg/trikeshed/ccek/CCEKProtocolChoreographer.kt:316:40 Suspension functions can only be called within coroutine body.
e: file:///Users/jim/work/v2superbikeshed/Trikeshed/src/commonMain/kotlin/borg/trikeshed/ccek/CCEKProtocolIntegrationService.kt:25:9 Cannot infer type for this parameter. Specify it explicitly.
e: file:///Users/jim/work/v2superbikeshed/Trikeshed/src/commonMain/kotlin/borg/trikeshed/ccek/CCEKProtocolIntegrationService.kt:25:9 Type mismatch: inferred type is 'Join<String, ERROR CLASS: Cannot infer argument for type parameter B>', but 'Join<Int, Function1<Int, String>>' was expected.
e: file:///Users/jim/work/v2superbikeshed/Trikeshed/src/commonMain/kotlin/borg/trikeshed/ccek/CCEKProtocolIntegrationService.kt:25:17 No value passed for parameter 'b'.
e: file:///Users/jim/work/v2superbikeshed/Trikeshed/src/commonMain/kotlin/borg/trikeshed/ccek/CCEKProtocolIntegrationService.kt:25:25 Cannot infer type for this parameter. Specify it explicitly.
e: file:///Users/jim/work/v2superbikeshed/Trikeshed/src/commonMain/kotlin/borg/trikeshed/ccek/CCEKProtocolIntegrationService.kt:27:27 None of the following candidates is applicable:
fun <T> Array<out T>.contains(element: T): Boolean
fun ByteArray.contains(element: Byte): Boolean
fun ShortArray.contains(element: Short): Boolean
fun IntArray.contains(element: Int): Boolean
fun LongArray.contains(element: Long): Boolean
fun BooleanArray.contains(element: Boolean): Boolean
fun CharArray.contains(element: Char): Boolean
fun <T> Iterable<T>.contains(element: T): Boolean
fun <K, V> Map<out K, V>.contains(key: K): Boolean
fun IntRange.contains(element: Int?): Boolean
fun LongRange.contains(element: Long?): Boolean
fun CharRange.contains(element: Char?): Boolean
fun ClosedRange<Int>.contains(value: Byte): Boolean
fun ClosedRange<Long>.contains(value: Byte): Boolean
fun ClosedRange<Short>.contains(value: Byte): Boolean
fun OpenEndRange<Int>.contains(value: Byte): Boolean
fun OpenEndRange<Long>.contains(value: Byte): Boolean
fun OpenEndRange<Short>.contains(value: Byte): Boolean
fun IntRange.contains(value: Byte): Boolean
fun LongRange.contains(value: Byte): Boolean
fun ClosedRange<Float>.contains(value: Double): Boolean
fun ClosedRange<Double>.contains(value: Float): Boolean
fun OpenEndRange<Double>.contains(value: Float): Boolean
fun ClosedRange<Long>.contains(value: Int): Boolean
fun ClosedRange<Byte>.contains(value: Int): Boolean
fun ClosedRange<Short>.contains(value: Int): Boolean
fun OpenEndRange<Long>.contains(value: Int): Boolean
fun OpenEndRange<Byte>.contains(value: Int): Boolean
fun OpenEndRange<Short>.contains(value: Int): Boolean
fun LongRange.contains(value: Int): Boolean
fun ClosedRange<Int>.contains(value: Long): Boolean
fun ClosedRange<Byte>.contains(value: Long): Boolean
fun ClosedRange<Short>.contains(value: Long): Boolean
fun OpenEndRange<Int>.contains(value: Long): Boolean
fun OpenEndRange<Byte>.contains(value: Long): Boolean
fun OpenEndRange<Short>.contains(value: Long): Boolean
fun IntRange.contains(value: Long): Boolean
fun ClosedRange<Int>.contains(value: Short): Boolean
fun ClosedRange<Long>.contains(value: Short): Boolean
fun ClosedRange<Byte>.contains(value: Short): Boolean
fun OpenEndRange<Int>.contains(value: Short): Boolean
fun OpenEndRange<Long>.contains(value: Short): Boolean
fun OpenEndRange<Byte>.contains(value: Short): Boolean
fun IntRange.contains(value: Short): Boolean
fun LongRange.contains(value: Short): Boolean
fun UIntRange.contains(element: UInt?): Boolean
fun ULongRange.contains(element: ULong?): Boolean
fun UIntRange.contains(value: UByte): Boolean
fun ULongRange.contains(value: UByte): Boolean
fun ULongRange.contains(value: UInt): Boolean
fun UIntRange.contains(value: ULong): Boolean
fun UIntRange.contains(value: UShort): Boolean
fun ULongRange.contains(value: UShort): Boolean
fun <T : Any, R : ClosedRange<T>, Iterable<T>> R.contains(element: T?): Boolean
fun <T : Any, R : OpenEndRange<T>, Iterable<T>> R.contains(element: T?): Boolean
fun <T> Sequence<T>.contains(element: T): Boolean
fun CharSequence.contains(other: CharSequence, ignoreCase: Boolean = ...): Boolean
fun CharSequence.contains(char: Char, ignoreCase: Boolean = ...): Boolean
fun CharSequence.contains(regex: Regex): Boolean
e: file:///Users/jim/work/v2superbikeshed/Trikeshed/src/commonMain/kotlin/borg/trikeshed/ccek/CCEKProtocolIntegrationService.kt:27:57 None of the following candidates is applicable:
fun <T> Array<out T>.contains(element: T): Boolean
fun ByteArray.contains(element: Byte): Boolean
fun ShortArray.contains(element: Short): Boolean
fun IntArray.contains(element: Int): Boolean
fun LongArray.contains(element: Long): Boolean
fun BooleanArray.contains(element: Boolean): Boolean
fun CharArray.contains(element: Char): Boolean
fun <T> Iterable<T>.contains(element: T): Boolean
fun <K, V> Map<out K, V>.contains(key: K): Boolean
fun IntRange.contains(element: Int?): Boolean
fun LongRange.contains(element: Long?): Boolean
fun CharRange.contains(element: Char?): Boolean
fun ClosedRange<Int>.contains(value: Byte): Boolean
fun ClosedRange<Long>.contains(value: Byte): Boolean
fun ClosedRange<Short>.contains(value: Byte): Boolean
fun OpenEndRange<Int>.contains(value: Byte): Boolean
fun OpenEndRange<Long>.contains(value: Byte): Boolean
fun OpenEndRange<Short>.contains(value: Byte): Boolean
fun IntRange.contains(value: Byte): Boolean
fun LongRange.contains(value: Byte): Boolean
fun ClosedRange<Float>.contains(value: Double): Boolean
fun ClosedRange<Double>.contains(value: Float): Boolean
fun OpenEndRange<Double>.contains(value: Float): Boolean
fun ClosedRange<Long>.contains(value: Int): Boolean
fun ClosedRange<Byte>.contains(value: Int): Boolean
fun ClosedRange<Short>.contains(value: Int): Boolean
fun OpenEndRange<Long>.contains(value: Int): Boolean
fun OpenEndRange<Byte>.contains(value: Int): Boolean
fun OpenEndRange<Short>.contains(value: Int): Boolean
fun LongRange.contains(value: Int): Boolean
fun ClosedRange<Int>.contains(value: Long): Boolean
fun ClosedRange<Byte>.contains(value: Long): Boolean
fun ClosedRange<Short>.contains(value: Long): Boolean
fun OpenEndRange<Int>.contains(value: Long): Boolean
fun OpenEndRange<Byte>.contains(value: Long): Boolean
fun OpenEndRange<Short>.contains(value: Long): Boolean
fun IntRange.contains(value: Long): Boolean
fun ClosedRange<Int>.contains(value: Short): Boolean
fun ClosedRange<Long>.contains(value: Short): Boolean
fun ClosedRange<Byte>.contains(value: Short): Boolean
fun OpenEndRange<Int>.contains(value: Short): Boolean
fun OpenEndRange<Long>.contains(value: Short): Boolean
fun OpenEndRange<Byte>.contains(value: Short): Boolean
fun IntRange.contains(value: Short): Boolean
fun LongRange.contains(value: Short): Boolean
fun UIntRange.contains(element: UInt?): Boolean
fun ULongRange.contains(element: ULong?): Boolean
fun UIntRange.contains(value: UByte): Boolean
fun ULongRange.contains(value: UByte): Boolean
fun ULongRange.contains(value: UInt): Boolean
fun UIntRange.contains(value: ULong): Boolean
fun UIntRange.contains(value: UShort): Boolean
fun ULongRange.contains(value: UShort): Boolean
fun <T : Any, R : ClosedRange<T>, Iterable<T>> R.contains(element: T?): Boolean
fun <T : Any, R : OpenEndRange<T>, Iterable<T>> R.contains(element: T?): Boolean
fun <T> Sequence<T>.contains(element: T): Boolean
fun CharSequence.contains(other: CharSequence, ignoreCase: Boolean = ...): Boolean
fun CharSequence.contains(char: Char, ignoreCase: Boolean = ...): Boolean
fun CharSequence.contains(regex: Regex): Boolean
e: file:///Users/jim/work/v2superbikeshed/Trikeshed/src/commonMain/kotlin/borg/trikeshed/ccek/CCEKProtocolIntegrationService.kt:28:27 None of the following candidates is applicable:
fun <T> Array<out T>.contains(element: T): Boolean
fun ByteArray.contains(element: Byte): Boolean
fun ShortArray.contains(element: Short): Boolean
fun IntArray.contains(element: Int): Boolean
fun LongArray.contains(element: Long): Boolean
fun BooleanArray.contains(element: Boolean): Boolean
fun CharArray.contains(element: Char): Boolean
fun <T> Iterable<T>.contains(element: T): Boolean
fun <K, V> Map<out K, V>.contains(key: K): Boolean
fun IntRange.contains(element: Int?): Boolean
fun LongRange.contains(element: Long?): Boolean
fun CharRange.contains(element: Char?): Boolean
fun ClosedRange<Int>.contains(value: Byte): Boolean
fun ClosedRange<Long>.contains(value: Byte): Boolean
fun ClosedRange<Short>.contains(value: Byte): Boolean
fun OpenEndRange<Int>.contains(value: Byte): Boolean
fun OpenEndRange<Long>.contains(value: Byte): Boolean
fun OpenEndRange<Short>.contains(value: Byte): Boolean
fun IntRange.contains(value: Byte): Boolean
fun LongRange.contains(value: Byte): Boolean
fun ClosedRange<Float>.contains(value: Double): Boolean
fun ClosedRange<Double>.contains(value: Float): Boolean
fun OpenEndRange<Double>.contains(value: Float): Boolean
fun ClosedRange<Long>.contains(value: Int): Boolean
fun ClosedRange<Byte>.contains(value: Int): Boolean
fun ClosedRange<Short>.contains(value: Int): Boolean
fun OpenEndRange<Long>.contains(value: Int): Boolean
fun OpenEndRange<Byte>.contains(value: Int): Boolean
fun OpenEndRange<Short>.contains(value: Int): Boolean
fun LongRange.contains(value: Int): Boolean
fun ClosedRange<Int>.contains(value: Long): Boolean
fun ClosedRange<Byte>.contains(value: Long): Boolean
fun ClosedRange<Short>.contains(value: Long): Boolean
fun OpenEndRange<Int>.contains(value: Long): Boolean
fun OpenEndRange<Byte>.contains(value: Long): Boolean
fun OpenEndRange<Short>.contains(value: Long): Boolean
fun IntRange.contains(value: Long): Boolean
fun ClosedRange<Int>.contains(value: Short): Boolean
fun ClosedRange<Long>.contains(value: Short): Boolean
fun ClosedRange<Byte>.contains(value: Short): Boolean
fun OpenEndRange<Int>.contains(value: Short): Boolean
fun OpenEndRange<Long>.contains(value: Short): Boolean
fun OpenEndRange<Byte>.contains(value: Short): Boolean
fun IntRange.contains(value: Short): Boolean
fun LongRange.contains(value: Short): Boolean
fun UIntRange.contains(element: UInt?): Boolean
fun ULongRange.contains(element: ULong?): Boolean
fun UIntRange.contains(value: UByte): Boolean
fun ULongRange.contains(value: UByte): Boolean
fun ULongRange.contains(value: UInt): Boolean
fun UIntRange.contains(value: ULong): Boolean
fun UIntRange.contains(value: UShort): Boolean
fun ULongRange.contains(value: UShort): Boolean
fun <T : Any, R : ClosedRange<T>, Iterable<T>> R.contains(element: T?): Boolean
fun <T : Any, R : OpenEndRange<T>, Iterable<T>> R.contains(element: T?): Boolean
fun <T> Sequence<T>.contains(element: T): Boolean
fun CharSequence.contains(other: CharSequence, ignoreCase: Boolean = ...): Boolean
fun CharSequence.contains(char: Char, ignoreCase: Boolean = ...): Boolean
fun CharSequence.contains(regex: Regex): Boolean
e: file:///Users/jim/work/v2superbikeshed/Trikeshed/src/commonMain/kotlin/borg/trikeshed/ccek/CCEKProtocolIntegrationService.kt:28:57 None of the following candidates is applicable:
fun <T> Array<out T>.contains(element: T): Boolean
fun ByteArray.contains(element: Byte): Boolean
fun ShortArray.contains(element: Short): Boolean
fun IntArray.contains(element: Int): Boolean
fun LongArray.contains(element: Long): Boolean
fun BooleanArray.contains(element: Boolean): Boolean
fun CharArray.contains(element: Char): Boolean
fun <T> Iterable<T>.contains(element: T): Boolean
fun <K, V> Map<out K, V>.contains(key: K): Boolean
fun IntRange.contains(element: Int?): Boolean
fun LongRange.contains(element: Long?): Boolean
fun CharRange.contains(element: Char?): Boolean
fun ClosedRange<Int>.contains(value: Byte): Boolean
fun ClosedRange<Long>.contains(value: Byte): Boolean
fun ClosedRange<Short>.contains(value: Byte): Boolean
fun OpenEndRange<Int>.contains(value: Byte): Boolean
fun OpenEndRange<Long>.contains(value: Byte): Boolean
fun OpenEndRange<Short>.contains(value: Byte): Boolean
fun IntRange.contains(value: Byte): Boolean
fun LongRange.contains(value: Byte): Boolean
fun ClosedRange<Float>.contains(value: Double): Boolean
fun ClosedRange<Double>.contains(value: Float): Boolean
fun OpenEndRange<Double>.contains(value: Float): Boolean
fun ClosedRange<Long>.contains(value: Int): Boolean
fun ClosedRange<Byte>.contains(value: Int): Boolean
fun ClosedRange<Short>.contains(value: Int): Boolean
fun OpenEndRange<Long>.contains(value: Int): Boolean
fun OpenEndRange<Byte>.contains(value: Int): Boolean
fun OpenEndRange<Short>.contains(value: Int): Boolean
fun LongRange.contains(value: Int): Boolean
fun ClosedRange<Int>.contains(value: Long): Boolean
fun ClosedRange<Byte>.contains(value: Long): Boolean
fun ClosedRange<Short>.contains(value: Long): Boolean
fun OpenEndRange<Int>.contains(value: Long): Boolean
fun OpenEndRange<Byte>.contains(value: Long): Boolean
fun OpenEndRange<Short>.contains(value: Long): Boolean
fun IntRange.contains(value: Long): Boolean
fun ClosedRange<Int>.contains(value: Short): Boolean
fun ClosedRange<Long>.contains(value: Short): Boolean
fun ClosedRange<Byte>.contains(value: Short): Boolean
fun OpenEndRange<Int>.contains(value: Short): Boolean
fun OpenEndRange<Long>.contains(value: Short): Boolean
fun OpenEndRange<Byte>.contains(value: Short): Boolean
fun IntRange.contains(value: Short): Boolean
fun LongRange.contains(value: Short): Boolean
fun UIntRange.contains(element: UInt?): Boolean
fun ULongRange.contains(element: ULong?): Boolean
fun UIntRange.contains(value: UByte): Boolean
fun ULongRange.contains(value: UByte): Boolean
fun ULongRange.contains(value: UInt): Boolean
fun UIntRange.contains(value: ULong): Boolean
fun UIntRange.contains(value: UShort): Boolean
fun ULongRange.contains(value: UShort): Boolean
fun <T : Any, R : ClosedRange<T>, Iterable<T>> R.contains(element: T?): Boolean
fun <T : Any, R : OpenEndRange<T>, Iterable<T>> R.contains(element: T?): Boolean
fun <T> Sequence<T>.contains(element: T): Boolean
fun CharSequence.contains(other: CharSequence, ignoreCase: Boolean = ...): Boolean
fun CharSequence.contains(char: Char, ignoreCase: Boolean = ...): Boolean
fun CharSequence.contains(regex: Regex): Boolean
e: file:///Users/jim/work/v2superbikeshed/Trikeshed/src/commonMain/kotlin/borg/trikeshed/ccek/CCEKProtocolIntegrationService.kt:29:27 None of the following candidates is applicable:
fun <T> Array<out T>.contains(element: T): Boolean
fun ByteArray.contains(element: Byte): Boolean
fun ShortArray.contains(element: Short): Boolean
fun IntArray.contains(element: Int): Boolean
fun LongArray.contains(element: Long): Boolean
fun BooleanArray.contains(element: Boolean): Boolean
fun CharArray.contains(element: Char): Boolean
fun <T> Iterable<T>.contains(element: T): Boolean
fun <K, V> Map<out K, V>.contains(key: K): Boolean
fun IntRange.contains(element: Int?): Boolean
fun LongRange.contains(element: Long?): Boolean
fun CharRange.contains(element: Char?): Boolean
fun ClosedRange<Int>.contains(value: Byte): Boolean
fun ClosedRange<Long>.contains(value: Byte): Boolean
fun ClosedRange<Short>.contains(value: Byte): Boolean
fun OpenEndRange<Int>.contains(value: Byte): Boolean
fun OpenEndRange<Long>.contains(value: Byte): Boolean
fun OpenEndRange<Short>.contains(value: Byte): Boolean
fun IntRange.contains(value: Byte): Boolean
fun LongRange.contains(value: Byte): Boolean
fun ClosedRange<Float>.contains(value: Double): Boolean
fun ClosedRange<Double>.contains(value: Float): Boolean
fun OpenEndRange<Double>.contains(value: Float): Boolean
fun ClosedRange<Long>.contains(value: Int): Boolean
fun ClosedRange<Byte>.contains(value: Int): Boolean
fun ClosedRange<Short>.contains(value: Int): Boolean
fun OpenEndRange<Long>.contains(value: Int): Boolean
fun OpenEndRange<Byte>.contains(value: Int): Boolean
fun OpenEndRange<Short>.contains(value: Int): Boolean
fun LongRange.contains(value: Int): Boolean
fun ClosedRange<Int>.contains(value: Long): Boolean
fun ClosedRange<Byte>.contains(value: Long): Boolean
fun ClosedRange<Short>.contains(value: Long): Boolean
fun OpenEndRange<Int>.contains(value: Long): Boolean
fun OpenEndRange<Byte>.contains(value: Long): Boolean
fun OpenEndRange<Short>.contains(value: Long): Boolean
fun IntRange.contains(value: Long): Boolean
fun ClosedRange<Int>.contains(value: Short): Boolean
fun ClosedRange<Long>.contains(value: Short): Boolean
fun ClosedRange<Byte>.contains(value: Short): Boolean
fun OpenEndRange<Int>.contains(value: Short): Boolean
fun OpenEndRange<Long>.contains(value: Short): Boolean
fun OpenEndRange<Byte>.contains(value: Short): Boolean
fun IntRange.contains(value: Short): Boolean
fun LongRange.contains(value: Short): Boolean
fun UIntRange.contains(element: UInt?): Boolean
fun ULongRange.contains(element: ULong?): Boolean
fun UIntRange.contains(value: UByte): Boolean
fun ULongRange.contains(value: UByte): Boolean
fun ULongRange.contains(value: UInt): Boolean
fun UIntRange.contains(value: ULong): Boolean
fun UIntRange.contains(value: UShort): Boolean
fun ULongRange.contains(value: UShort): Boolean
fun <T : Any, R : ClosedRange<T>, Iterable<T>> R.contains(element: T?): Boolean
fun <T : Any, R : OpenEndRange<T>, Iterable<T>> R.contains(element: T?): Boolean
fun <T> Sequence<T>.contains(element: T): Boolean
fun CharSequence.contains(other: CharSequence, ignoreCase: Boolean = ...): Boolean
fun CharSequence.contains(char: Char, ignoreCase: Boolean = ...): Boolean
fun CharSequence.contains(regex: Regex): Boolean
e: file:///Users/jim/work/v2superbikeshed/Trikeshed/src/commonMain/kotlin/borg/trikeshed/ccek/CCEKProtocolIntegrationService.kt:29:60 None of the following candidates is applicable:
fun <T> Array<out T>.contains(element: T): Boolean
fun ByteArray.contains(element: Byte): Boolean
fun ShortArray.contains(element: Short): Boolean
fun IntArray.contains(element: Int): Boolean
fun LongArray.contains(element: Long): Boolean
fun BooleanArray.contains(element: Boolean): Boolean
fun CharArray.contains(element: Char): Boolean
fun <T> Iterable<T>.contains(element: T): Boolean
fun <K, V> Map<out K, V>.contains(key: K): Boolean
fun IntRange.contains(element: Int?): Boolean
fun LongRange.contains(element: Long?): Boolean
fun CharRange.contains(element: Char?): Boolean
fun ClosedRange<Int>.contains(value: Byte): Boolean
fun ClosedRange<Long>.contains(value: Byte): Boolean
fun ClosedRange<Short>.contains(value: Byte): Boolean
fun OpenEndRange<Int>.contains(value: Byte): Boolean
fun OpenEndRange<Long>.contains(value: Byte): Boolean
fun OpenEndRange<Short>.contains(value: Byte): Boolean
fun IntRange.contains(value: Byte): Boolean
fun LongRange.contains(value: Byte): Boolean
fun ClosedRange<Float>.contains(value: Double): Boolean
fun ClosedRange<Double>.contains(value: Float): Boolean
fun OpenEndRange<Double>.contains(value: Float): Boolean
fun ClosedRange<Long>.contains(value: Int): Boolean
fun ClosedRange<Byte>.contains(value: Int): Boolean
fun ClosedRange<Short>.contains(value: Int): Boolean
fun OpenEndRange<Long>.contains(value: Int): Boolean
fun OpenEndRange<Byte>.contains(value: Int): Boolean
fun OpenEndRange<Short>.contains(value: Int): Boolean
fun LongRange.contains(value: Int): Boolean
fun ClosedRange<Int>.contains(value: Long): Boolean
fun ClosedRange<Byte>.contains(value: Long): Boolean
fun ClosedRange<Short>.contains(value: Long): Boolean
fun OpenEndRange<Int>.contains(value: Long): Boolean
fun OpenEndRange<Byte>.contains(value: Long): Boolean
fun OpenEndRange<Short>.contains(value: Long): Boolean
fun IntRange.contains(value: Long): Boolean
fun ClosedRange<Int>.contains(value: Short): Boolean
fun ClosedRange<Long>.contains(value: Short): Boolean
fun ClosedRange<Byte>.contains(value: Short): Boolean
fun OpenEndRange<Int>.contains(value: Short): Boolean
fun OpenEndRange<Long>.contains(value: Short): Boolean
fun OpenEndRange<Byte>.contains(value: Short): Boolean
fun IntRange.contains(value: Short): Boolean
fun LongRange.contains(value: Short): Boolean
fun UIntRange.contains(element: UInt?): Boolean
fun ULongRange.contains(element: ULong?): Boolean
fun UIntRange.contains(value: UByte): Boolean
fun ULongRange.contains(value: UByte): Boolean
fun ULongRange.contains(value: UInt): Boolean
fun UIntRange.contains(value: ULong): Boolean
fun UIntRange.contains(value: UShort): Boolean
fun ULongRange.contains(value: UShort): Boolean
fun <T : Any, R : ClosedRange<T>, Iterable<T>> R.contains(element: T?): Boolean
fun <T : Any, R : OpenEndRange<T>, Iterable<T>> R.contains(element: T?): Boolean
fun <T> Sequence<T>.contains(element: T): Boolean
fun CharSequence.contains(other: CharSequence, ignoreCase: Boolean = ...): Boolean
fun CharSequence.contains(char: Char, ignoreCase: Boolean = ...): Boolean
fun CharSequence.contains(regex: Regex): Boolean
e: file:///Users/jim/work/v2superbikeshed/Trikeshed/src/commonMain/kotlin/borg/trikeshed/ccek/CCEKProtocolIntegrationService.kt:30:27 None of the following candidates is applicable:
fun <T> Array<out T>.contains(element: T): Boolean
fun ByteArray.contains(element: Byte): Boolean
fun ShortArray.contains(element: Short): Boolean
fun IntArray.contains(element: Int): Boolean
fun LongArray.contains(element: Long): Boolean
fun BooleanArray.contains(element: Boolean): Boolean
fun CharArray.contains(element: Char): Boolean
fun <T> Iterable<T>.contains(element: T): Boolean
fun <K, V> Map<out K, V>.contains(key: K): Boolean
fun IntRange.contains(element: Int?): Boolean
fun LongRange.contains(element: Long?): Boolean
fun CharRange.contains(element: Char?): Boolean
fun ClosedRange<Int>.contains(value: Byte): Boolean
fun ClosedRange<Long>.contains(value: Byte): Boolean
fun ClosedRange<Short>.contains(value: Byte): Boolean
fun OpenEndRange<Int>.contains(value: Byte): Boolean
fun OpenEndRange<Long>.contains(value: Byte): Boolean
fun OpenEndRange<Short>.contains(value: Byte): Boolean
fun IntRange.contains(value: Byte): Boolean
fun LongRange.contains(value: Byte): Boolean
fun ClosedRange<Float>.contains(value: Double): Boolean
fun ClosedRange<Double>.contains(value: Float): Boolean
fun OpenEndRange<Double>.contains(value: Float): Boolean
fun ClosedRange<Long>.contains(value: Int): Boolean
fun ClosedRange<Byte>.contains(value: Int): Boolean
fun ClosedRange<Short>.contains(value: Int): Boolean
fun OpenEndRange<Long>.contains(value: Int): Boolean
fun OpenEndRange<Byte>.contains(value: Int): Boolean
fun OpenEndRange<Short>.contains(value: Int): Boolean
fun LongRange.contains(value: Int): Boolean
fun ClosedRange<Int>.contains(value: Long): Boolean
fun ClosedRange<Byte>.contains(value: Long): Boolean
fun ClosedRange<Short>.contains(value: Long): Boolean
fun OpenEndRange<Int>.contains(value: Long): Boolean
fun OpenEndRange<Byte>.contains(value: Long): Boolean
fun OpenEndRange<Short>.contains(value: Long): Boolean
fun IntRange.contains(value: Long): Boolean
fun ClosedRange<Int>.contains(value: Short): Boolean
fun ClosedRange<Long>.contains(value: Short): Boolean
fun ClosedRange<Byte>.contains(value: Short): Boolean
fun OpenEndRange<Int>.contains(value: Short): Boolean
fun OpenEndRange<Long>.contains(value: Short): Boolean
fun OpenEndRange<Byte>.contains(value: Short): Boolean
fun IntRange.contains(value: Short): Boolean
fun LongRange.contains(value: Short): Boolean
fun UIntRange.contains(element: UInt?): Boolean
fun ULongRange.contains(element: ULong?): Boolean
fun UIntRange.contains(value: UByte): Boolean
fun ULongRange.contains(value: UByte): Boolean
fun ULongRange.contains(value: UInt): Boolean
fun UIntRange.contains(value: ULong): Boolean
fun UIntRange.contains(value: UShort): Boolean
fun ULongRange.contains(value: UShort): Boolean
fun <T : Any, R : ClosedRange<T>, Iterable<T>> R.contains(element: T?): Boolean
fun <T : Any, R : OpenEndRange<T>, Iterable<T>> R.contains(element: T?): Boolean
fun <T> Sequence<T>.contains(element: T): Boolean
fun CharSequence.contains(other: CharSequence, ignoreCase: Boolean = ...): Boolean
fun CharSequence.contains(char: Char, ignoreCase: Boolean = ...): Boolean
fun CharSequence.contains(regex: Regex): Boolean
e: file:///Users/jim/work/v2superbikeshed/Trikeshed/src/commonMain/kotlin/borg/trikeshed/ccek/CCEKProtocolIntegrationService.kt:31:27 None of the following candidates is applicable:
fun <T> Array<out T>.contains(element: T): Boolean
fun ByteArray.contains(element: Byte): Boolean
fun ShortArray.contains(element: Short): Boolean
fun IntArray.contains(element: Int): Boolean
fun LongArray.contains(element: Long): Boolean
fun BooleanArray.contains(element: Boolean): Boolean
fun CharArray.contains(element: Char): Boolean
fun <T> Iterable<T>.contains(element: T): Boolean
fun <K, V> Map<out K, V>.contains(key: K): Boolean
fun IntRange.contains(element: Int?): Boolean
fun LongRange.contains(element: Long?): Boolean
fun CharRange.contains(element: Char?): Boolean
fun ClosedRange<Int>.contains(value: Byte): Boolean
fun ClosedRange<Long>.contains(value: Byte): Boolean
fun ClosedRange<Short>.contains(value: Byte): Boolean
fun OpenEndRange<Int>.contains(value: Byte): Boolean
fun OpenEndRange<Long>.contains(value: Byte): Boolean
fun OpenEndRange<Short>.contains(value: Byte): Boolean
fun IntRange.contains(value: Byte): Boolean
fun LongRange.contains(value: Byte): Boolean
fun ClosedRange<Float>.contains(value: Double): Boolean
fun ClosedRange<Double>.contains(value: Float): Boolean
fun OpenEndRange<Double>.contains(value: Float): Boolean
fun ClosedRange<Long>.contains(value: Int): Boolean
fun ClosedRange<Byte>.contains(value: Int): Boolean
fun ClosedRange<Short>.contains(value: Int): Boolean
fun OpenEndRange<Long>.contains(value: Int): Boolean
fun OpenEndRange<Byte>.contains(value: Int): Boolean
fun OpenEndRange<Short>.contains(value: Int): Boolean
fun LongRange.contains(value: Int): Boolean
fun ClosedRange<Int>.contains(value: Long): Boolean
fun ClosedRange<Byte>.contains(value: Long): Boolean
fun ClosedRange<Short>.contains(value: Long): Boolean
fun OpenEndRange<Int>.contains(value: Long): Boolean
fun OpenEndRange<Byte>.contains(value: Long): Boolean
fun OpenEndRange<Short>.contains(value: Long): Boolean
fun IntRange.contains(value: Long): Boolean
fun ClosedRange<Int>.contains(value: Short): Boolean
fun ClosedRange<Long>.contains(value: Short): Boolean
fun ClosedRange<Byte>.contains(value: Short): Boolean
fun OpenEndRange<Int>.contains(value: Short): Boolean
fun OpenEndRange<Long>.contains(value: Short): Boolean
fun OpenEndRange<Byte>.contains(value: Short): Boolean
fun IntRange.contains(value: Short): Boolean
fun LongRange.contains(value: Short): Boolean
fun UIntRange.contains(element: UInt?): Boolean
fun ULongRange.contains(element: ULong?): Boolean
fun UIntRange.contains(value: UByte): Boolean
fun ULongRange.contains(value: UByte): Boolean
fun ULongRange.contains(value: UInt): Boolean
fun UIntRange.contains(value: ULong): Boolean
fun UIntRange.contains(value: UShort): Boolean
fun ULongRange.contains(value: UShort): Boolean
fun <T : Any, R : ClosedRange<T>, Iterable<T>> R.contains(element: T?): Boolean
fun <T : Any, R : OpenEndRange<T>, Iterable<T>> R.contains(element: T?): Boolean
fun <T> Sequence<T>.contains(element: T): Boolean
fun CharSequence.contains(other: CharSequence, ignoreCase: Boolean = ...): Boolean
fun CharSequence.contains(char: Char, ignoreCase: Boolean = ...): Boolean
fun CharSequence.contains(regex: Regex): Boolean
e: file:///Users/jim/work/v2superbikeshed/Trikeshed/src/commonMain/kotlin/borg/trikeshed/ccek/CCEKProtocolIntegrationService.kt:32:27 None of the following candidates is applicable:
fun <T> Array<out T>.contains(element: T): Boolean
fun ByteArray.contains(element: Byte): Boolean
fun ShortArray.contains(element: Short): Boolean
fun IntArray.contains(element: Int): Boolean
fun LongArray.contains(element: Long): Boolean
fun BooleanArray.contains(element: Boolean): Boolean
fun CharArray.contains(element: Char): Boolean
fun <T> Iterable<T>.contains(element: T): Boolean
fun <K, V> Map<out K, V>.contains(key: K): Boolean
fun IntRange.contains(element: Int?): Boolean
fun LongRange.contains(element: Long?): Boolean
fun CharRange.contains(element: Char?): Boolean
fun ClosedRange<Int>.contains(value: Byte): Boolean
fun ClosedRange<Long>.contains(value: Byte): Boolean
fun ClosedRange<Short>.contains(value: Byte): Boolean
fun OpenEndRange<Int>.contains(value: Byte): Boolean
fun OpenEndRange<Long>.contains(value: Byte): Boolean
fun OpenEndRange<Short>.contains(value: Byte): Boolean
fun IntRange.contains(value: Byte): Boolean
fun LongRange.contains(value: Byte): Boolean
fun ClosedRange<Float>.contains(value: Double): Boolean
fun ClosedRange<Double>.contains(value: Float): Boolean
fun OpenEndRange<Double>.contains(value: Float): Boolean
fun ClosedRange<Long>.contains(value: Int): Boolean
fun ClosedRange<Byte>.contains(value: Int): Boolean
fun ClosedRange<Short>.contains(value: Int): Boolean
fun OpenEndRange<Long>.contains(value: Int): Boolean
fun OpenEndRange<Byte>.contains(value: Int): Boolean
fun OpenEndRange<Short>.contains(value: Int): Boolean
fun LongRange.contains(value: Int): Boolean
fun ClosedRange<Int>.contains(value: Long): Boolean
fun ClosedRange<Byte>.contains(value: Long): Boolean
fun ClosedRange<Short>.contains(value: Long): Boolean
fun OpenEndRange<Int>.contains(value: Long): Boolean
fun OpenEndRange<Byte>.contains(value: Long): Boolean
fun OpenEndRange<Short>.contains(value: Long): Boolean
fun IntRange.contains(value: Long): Boolean
fun ClosedRange<Int>.contains(value: Short): Boolean
fun ClosedRange<Long>.contains(value: Short): Boolean
fun ClosedRange<Byte>.contains(value: Short): Boolean
fun OpenEndRange<Int>.contains(value: Short): Boolean
fun OpenEndRange<Long>.contains(value: Short): Boolean
fun OpenEndRange<Byte>.contains(value: Short): Boolean
fun IntRange.contains(value: Short): Boolean
fun LongRange.contains(value: Short): Boolean
fun UIntRange.contains(element: UInt?): Boolean
fun ULongRange.contains(element: ULong?): Boolean
fun UIntRange.contains(value: UByte): Boolean
fun ULongRange.contains(value: UByte): Boolean
fun ULongRange.contains(value: UInt): Boolean
fun UIntRange.contains(value: ULong): Boolean
fun UIntRange.contains(value: UShort): Boolean
fun ULongRange.contains(value: UShort): Boolean
fun <T : Any, R : ClosedRange<T>, Iterable<T>> R.contains(element: T?): Boolean
fun <T : Any, R : OpenEndRange<T>, Iterable<T>> R.contains(element: T?): Boolean
fun <T> Sequence<T>.contains(element: T): Boolean
fun CharSequence.contains(other: CharSequence, ignoreCase: Boolean = ...): Boolean
fun CharSequence.contains(char: Char, ignoreCase: Boolean = ...): Boolean
fun CharSequence.contains(regex: Regex): Boolean
e: file:///Users/jim/work/v2superbikeshed/Trikeshed/src/commonMain/kotlin/borg/trikeshed/ccek/CCEKProtocolIntegrationService.kt:40:13 Argument type mismatch: actual type is 'CCEKContext', but 'Function0<CCEKContext>' was expected.
e: file:///Users/jim/work/v2superbikeshed/Trikeshed/src/commonMain/kotlin/borg/trikeshed/ccek/CCEKProtocolIntegrationService.kt:59:18 Unresolved reference 'CoroutineContext'.
e: file:///Users/jim/work/v2superbikeshed/Trikeshed/src/commonMain/kotlin/borg/trikeshed/ccek/CCEKProtocolIntegrationService.kt:115:18 Unresolved reference 'CoroutineContext'.
e: file:///Users/jim/work/v2superbikeshed/Trikeshed/src/commonMain/kotlin/borg/trikeshed/ccek/CCEKProtocolIntegrationService.kt:121:31 Suspension functions can only be called within coroutine body.
e: file:///Users/jim/work/v2superbikeshed/Trikeshed/src/commonMain/kotlin/borg/trikeshed/ccek/CCEKProtocolIntegrationService.kt:122:34 Suspension functions can only be called within coroutine body.
e: file:///Users/jim/work/v2superbikeshed/Trikeshed/src/commonMain/kotlin/borg/trikeshed/ccek/CCEKProtocolIntegrationService.kt:123:31 Suspension functions can only be called within coroutine body.
e: file:///Users/jim/work/v2superbikeshed/Trikeshed/src/commonMain/kotlin/borg/trikeshed/ccek/CCEKProtocolIntegrationService.kt:135:23 Cannot infer type for this parameter. Specify it explicitly.
e: file:///Users/jim/work/v2superbikeshed/Trikeshed/src/commonMain/kotlin/borg/trikeshed/ccek/CCEKProtocolIntegrationService.kt:135:23 Argument type mismatch: actual type is 'Join<CCEKResult, B (of fun <A, B> invoke)>', but 'Join<Int, Function1<Int, CCEKResult>>' was expected.
e: file:///Users/jim/work/v2superbikeshed/Trikeshed/src/commonMain/kotlin/borg/trikeshed/ccek/CCEKProtocolIntegrationService.kt:135:31 No value passed for parameter 'b'.
e: file:///Users/jim/work/v2superbikeshed/Trikeshed/src/commonMain/kotlin/borg/trikeshed/ccek/CCEKProtocolIntegrationService.kt:144:23 Cannot infer type for this parameter. Specify it explicitly.
e: file:///Users/jim/work/v2superbikeshed/Trikeshed/src/commonMain/kotlin/borg/trikeshed/ccek/CCEKProtocolIntegrationService.kt:144:23 Argument type mismatch: actual type is 'Join<CCEKResult, B (of fun <A, B> invoke)>', but 'Join<Int, Function1<Int, CCEKResult>>' was expected.
e: file:///Users/jim/work/v2superbikeshed/Trikeshed/src/commonMain/kotlin/borg/trikeshed/ccek/CCEKProtocolIntegrationService.kt:144:31 No value passed for parameter 'b'.
e: file:///Users/jim/work/v2superbikeshed/Trikeshed/src/commonMain/kotlin/borg/trikeshed/ccek/CCEKProtocolIntegrationService.kt:153:23 Cannot infer type for this parameter. Specify it explicitly.
e: file:///Users/jim/work/v2superbikeshed/Trikeshed/src/commonMain/kotlin/borg/trikeshed/ccek/CCEKProtocolIntegrationService.kt:153:23 Argument type mismatch: actual type is 'Join<CCEKResult, B (of fun <A, B> invoke)>', but 'Join<Int, Function1<Int, CCEKResult>>' was expected.
e: file:///Users/jim/work/v2superbikeshed/Trikeshed/src/commonMain/kotlin/borg/trikeshed/ccek/CCEKProtocolIntegrationService.kt:153:31 No value passed for parameter 'b'.
e: file:///Users/jim/work/v2superbikeshed/Trikeshed/src/commonMain/kotlin/borg/trikeshed/ccek/CCEKProtocolIntegrationService.kt:164:23 Argument type mismatch: actual type is 'Join<CCEKResult, CCEKResult>', but 'Join<Int, Function1<Int, CCEKResult>>' was expected.
e: file:///Users/jim/work/v2superbikeshed/Trikeshed/src/commonMain/kotlin/borg/trikeshed/ccek/CCEKProtocolIntegrationService.kt:175:23 Argument type mismatch: actual type is 'Join<CCEKResult, CCEKResult>', but 'Join<Int, Function1<Int, CCEKResult>>' was expected.
e: file:///Users/jim/work/v2superbikeshed/Trikeshed/src/commonMain/kotlin/borg/trikeshed/ccek/CCEKProtocolIntegrationService.kt:186:23 Argument type mismatch: actual type is 'Join<CCEKResult, CCEKResult>', but 'Join<Int, Function1<Int, CCEKResult>>' was expected.
e: file:///Users/jim/work/v2superbikeshed/Trikeshed/src/commonMain/kotlin/borg/trikeshed/ccek/CCEKProtocolIntegrationService.kt:193:60 Cannot infer type for this parameter. Specify it explicitly.
e: file:///Users/jim/work/v2superbikeshed/Trikeshed/src/commonMain/kotlin/borg/trikeshed/ccek/CCEKProtocolIntegrationService.kt:193:60 Argument type mismatch: actual type is 'Join<String, B (of fun <A, B> invoke)>', but 'Join<Int, Function1<Int, String>>' was expected.
e: file:///Users/jim/work/v2superbikeshed/Trikeshed/src/commonMain/kotlin/borg/trikeshed/ccek/CCEKProtocolIntegrationService.kt:193:68 No value passed for parameter 'b'.
e: file:///Users/jim/work/v2superbikeshed/Trikeshed/src/commonMain/kotlin/borg/trikeshed/ccek/CCEKProtocolOrchestrator.kt:8:27 Unresolved reference 'PackingStrategies'.
e: file:///Users/jim/work/v2superbikeshed/Trikeshed/src/commonMain/kotlin/borg/trikeshed/ccek/CCEKProtocolOrchestrator.kt:23:13 Argument type mismatch: actual type is 'ProtocolTarget', but 'Function0<ProtocolTarget>' was expected.
e: file:///Users/jim/work/v2superbikeshed/Trikeshed/src/commonMain/kotlin/borg/trikeshed/ccek/CCEKProtocolOrchestrator.kt:32:76 Unresolved reference 'PackingStrategies'.
e: file:///Users/jim/work/v2superbikeshed/Trikeshed/src/commonMain/kotlin/borg/trikeshed/ccek/CCEKProtocolOrchestrator.kt:35:42 Unresolved reference 'PackingStrategies'.
e: file:///Users/jim/work/v2superbikeshed/Trikeshed/src/commonMain/kotlin/borg/trikeshed/ccek/CCEKProtocolOrchestrator.kt:36:45 Unresolved reference 'PackingStrategies'.
e: file:///Users/jim/work/v2superbikeshed/Trikeshed/src/commonMain/kotlin/borg/trikeshed/ccek/CCEKProtocolOrchestrator.kt:37:42 Unresolved reference 'PackingStrategies'.
e: file:///Users/jim/work/v2superbikeshed/Trikeshed/src/commonMain/kotlin/borg/trikeshed/ccek/CCEKProtocolOrchestrator.kt:38:45 Unresolved reference 'PackingStrategies'.
e: file:///Users/jim/work/v2superbikeshed/Trikeshed/src/commonMain/kotlin/borg/trikeshed/ccek/CCEKProtocolOrchestrator.kt:45:13 Argument type mismatch: actual type is 'EncodingStrategy', but 'Function0<EncodingStrategy>' was expected.
e: file:///Users/jim/work/v2superbikeshed/Trikeshed/src/commonMain/kotlin/borg/trikeshed/ccek/CCEKProtocolOrchestrator.kt:56:13 Argument type mismatch: actual type is 'CCEKContext', but 'Function0<CCEKContext>' was expected.
e: file:///Users/jim/work/v2superbikeshed/Trikeshed/src/commonMain/kotlin/borg/trikeshed/ccek/CCEKProtocolOrchestrator.kt:69:13 Argument type mismatch: actual type is 'QuicFrameHandler', but 'Function0<QuicFrameHandler>' was expected.
e: file:///Users/jim/work/v2superbikeshed/Trikeshed/src/commonMain/kotlin/borg/trikeshed/ccek/CCEKProtocolOrchestrator.kt:82:13 Argument type mismatch: actual type is 'QuicCompressionContext', but 'Function0<QuicCompressionContext>' was expected.
e: file:///Users/jim/work/v2superbikeshed/Trikeshed/src/commonMain/kotlin/borg/trikeshed/ccek/CCEKProtocolOrchestrator.kt:94:13 Argument type mismatch: actual type is 'CouchDBDocumentHandler', but 'Function0<CouchDBDocumentHandler>' was expected.
e: file:///Users/jim/work/v2superbikeshed/Trikeshed/src/commonMain/kotlin/borg/trikeshed/ccek/CCEKProtocolOrchestrator.kt:106:13 Argument type mismatch: actual type is 'CouchDBCompressionContext', but 'Function0<CouchDBCompressionContext>' was expected.
e: file:///Users/jim/work/v2superbikeshed/Trikeshed/src/commonMain/kotlin/borg/trikeshed/ccek/CCEKProtocolOrchestrator.kt:120:13 Argument type mismatch: actual type is 'IPFSBlockHandler', but 'Function0<IPFSBlockHandler>' was expected.
e: file:///Users/jim/work/v2superbikeshed/Trikeshed/src/commonMain/kotlin/borg/trikeshed/ccek/CCEKProtocolOrchestrator.kt:132:13 Argument type mismatch: actual type is 'IPFSCompressionContext', but 'Function0<IPFSCompressionContext>' was expected.
e: file:///Users/jim/work/v2superbikeshed/Trikeshed/src/commonMain/kotlin/borg/trikeshed/ccek/CCEKProtocolOrchestrator.kt:157:13 Suspension functions can only be called within coroutine body.
e: file:///Users/jim/work/v2superbikeshed/Trikeshed/src/commonMain/kotlin/borg/trikeshed/ccek/CCEKProtocolOrchestrator.kt:227:22 Unresolved reference 'PackingStrategies'.
e: file:///Users/jim/work/v2superbikeshed/Trikeshed/src/commonMain/kotlin/borg/trikeshed/ccek/CCEKProtocolOrchestrator.kt:244:73 Unresolved reference 'PackingStrategies'.
e: file:///Users/jim/work/v2superbikeshed/Trikeshed/src/commonMain/kotlin/borg/trikeshed/ccek/CCEKProtocolOrchestrator.kt:245:16 'when' expression must be exhaustive. Add an 'else' branch.
e: file:///Users/jim/work/v2superbikeshed/Trikeshed/src/commonMain/kotlin/borg/trikeshed/ccek/CCEKProtocolOrchestrator.kt:246:13 Unresolved reference 'PackingStrategies'.
e: file:///Users/jim/work/v2superbikeshed/Trikeshed/src/commonMain/kotlin/borg/trikeshed/ccek/CCEKProtocolOrchestrator.kt:246:53 Unresolved reference 'LZ4'.
e: file:///Users/jim/work/v2superbikeshed/Trikeshed/src/commonMain/kotlin/borg/trikeshed/ccek/CCEKProtocolOrchestrator.kt:247:13 Unresolved reference 'PackingStrategies'.
e: file:///Users/jim/work/v2superbikeshed/Trikeshed/src/commonMain/kotlin/borg/trikeshed/ccek/CCEKProtocolOrchestrator.kt:247:54 Unresolved reference 'ZSTD'.
e: file:///Users/jim/work/v2superbikeshed/Trikeshed/src/commonMain/kotlin/borg/trikeshed/ccek/CCEKProtocolOrchestrator.kt:248:13 Unresolved reference 'PackingStrategies'.
e: file:///Users/jim/work/v2superbikeshed/Trikeshed/src/commonMain/kotlin/borg/trikeshed/ccek/CCEKProtocolOrchestrator.kt:248:56 Unresolved reference 'BROTLI'.
e: file:///Users/jim/work/v2superbikeshed/Trikeshed/src/commonMain/kotlin/borg/trikeshed/ccek/CCEKProtocolOrchestrator.kt:249:13 Unresolved reference 'PackingStrategies'.
e: file:///Users/jim/work/v2superbikeshed/Trikeshed/src/commonMain/kotlin/borg/trikeshed/ccek/CCEKProtocolOrchestrator.kt:355:12 Redeclaration:
enum class CCEKContext : Enum<CCEKContext>
e: file:///Users/jim/work/v2superbikeshed/Trikeshed/src/commonMain/kotlin/borg/trikeshed/common/FileSystem.kt:3:12 readLinesSeq: expect and corresponding actual are declared in the same module.
e: file:///Users/jim/work/v2superbikeshed/Trikeshed/src/commonMain/kotlin/borg/trikeshed/common/FileSystem.kt:4:12 readLines: expect and corresponding actual are declared in the same module.
e: file:///Users/jim/work/v2superbikeshed/Trikeshed/src/commonMain/kotlin/borg/trikeshed/common/ReadLines.kt:3:5 readLinesSeq: expect and corresponding actual are declared in the same module.
e: file:///Users/jim/work/v2superbikeshed/Trikeshed/src/commonMain/kotlin/borg/trikeshed/common/ReadLines.kt:7:5 readLines: expect and corresponding actual are declared in the same module.
e: file:///Users/jim/work/v2superbikeshed/Trikeshed/src/commonMain/kotlin/borg/trikeshed/common/collections/BinarySearch.kt:19:25 Cannot infer type for this parameter. Specify it explicitly.
e: file:///Users/jim/work/v2superbikeshed/Trikeshed/src/commonMain/kotlin/borg/trikeshed/common/collections/BinarySearch.kt:19:25 Unresolved reference. None of the following candidates is applicable because of a receiver type mismatch:
fun <T> Join<Int, Function1<Int, Join<Any?, TypeMemento>>>.get(column: Column<T>): T?
e: file:///Users/jim/work/v2superbikeshed/Trikeshed/src/commonMain/kotlin/borg/trikeshed/common/collections/BinarySearch.kt:19:25 Argument type mismatch: actual type is 'T#1? (of fun <T> Join<Int, Function1<Int, Join<Any?, TypeMemento>>>.get)', but 'T#2 (of fun <T : Comparable<T>> Join<Int, Function1<Int, T>>.binarySearch)' was expected.
e: file:///Users/jim/work/v2superbikeshed/Trikeshed/src/commonMain/kotlin/borg/trikeshed/common/collections/BinarySearch.kt:19:35 Argument type mismatch: actual type is 'T (of fun <T : Comparable<T>> Join<Int, Function1<Int, T>>.binarySearch)', but 'T (of fun <T : Comparable<T>> Join<Int, Function1<Int, T>>.binarySearch)' was expected.
e: file:///Users/jim/work/v2superbikeshed/Trikeshed/src/commonMain/kotlin/borg/trikeshed/common/collections/BinarySearch.kt:34:22 Cannot infer type for this parameter. Specify it explicitly.
e: file:///Users/jim/work/v2superbikeshed/Trikeshed/src/commonMain/kotlin/borg/trikeshed/common/collections/BinarySearch.kt:34:22 Unresolved reference. None of the following candidates is applicable because of a receiver type mismatch:
fun <T> Join<Int, Function1<Int, Join<Any?, TypeMemento>>>.get(column: Column<T>): T?
e: file:///Users/jim/work/v2superbikeshed/Trikeshed/src/commonMain/kotlin/borg/trikeshed/common/collections/BinarySearch.kt:37:20 'operator' modifier is required on 'FirNamedFunctionSymbol kotlin/compareTo' in 'compareTo'.
e: file:///Users/jim/work/v2superbikeshed/Trikeshed/src/commonMain/kotlin/borg/trikeshed/common/collections/BinarySearch.kt:38:20 'operator' modifier is required on 'FirNamedFunctionSymbol kotlin/compareTo' in 'compareTo'.
e: file:///Users/jim/work/v2superbikeshed/Trikeshed/src/commonMain/kotlin/borg/trikeshed/common/collections/BinarySearch.kt:52:22 Cannot infer type for this parameter. Specify it explicitly.
e: file:///Users/jim/work/v2superbikeshed/Trikeshed/src/commonMain/kotlin/borg/trikeshed/common/collections/BinarySearch.kt:52:22 Unresolved reference. None of the following candidates is applicable because of a receiver type mismatch:
fun <T> Join<Int, Function1<Int, Join<Any?, TypeMemento>>>.get(column: Column<T>): T?
e: file:///Users/jim/work/v2superbikeshed/Trikeshed/src/commonMain/kotlin/borg/trikeshed/common/collections/BinarySearch.kt:55:20 'operator' modifier is required on 'FirNamedFunctionSymbol kotlin/compareTo' in 'compareTo'.
e: file:///Users/jim/work/v2superbikeshed/Trikeshed/src/commonMain/kotlin/borg/trikeshed/common/collections/BinarySearch.kt:56:20 'operator' modifier is required on 'FirNamedFunctionSymbol kotlin/compareTo' in 'compareTo'.
e: file:///Users/jim/work/v2superbikeshed/Trikeshed/src/commonMain/kotlin/borg/trikeshed/common/collections/BinarySearch.kt:69:22 Cannot infer type for this parameter. Specify it explicitly.
e: file:///Users/jim/work/v2superbikeshed/Trikeshed/src/commonMain/kotlin/borg/trikeshed/common/collections/BinarySearch.kt:69:22 Unresolved reference. None of the following candidates is applicable because of a receiver type mismatch:
fun <T> Join<Int, Function1<Int, Join<Any?, TypeMemento>>>.get(column: Column<T>): T?
e: file:///Users/jim/work/v2superbikeshed/Trikeshed/src/commonMain/kotlin/borg/trikeshed/common/collections/BinarySearch.kt:72:20 'operator' modifier is required on 'FirNamedFunctionSymbol kotlin/compareTo' in 'compareTo'.
e: file:///Users/jim/work/v2superbikeshed/Trikeshed/src/commonMain/kotlin/borg/trikeshed/common/collections/BinarySearch.kt:73:20 'operator' modifier is required on 'FirNamedFunctionSymbol kotlin/compareTo' in 'compareTo'.
e: file:///Users/jim/work/v2superbikeshed/Trikeshed/src/commonMain/kotlin/borg/trikeshed/common/collections/BinarySearch.kt:87:22 Cannot infer type for this parameter. Specify it explicitly.
e: file:///Users/jim/work/v2superbikeshed/Trikeshed/src/commonMain/kotlin/borg/trikeshed/common/collections/BinarySearch.kt:87:22 Unresolved reference. None of the following candidates is applicable because of a receiver type mismatch:
fun <T> Join<Int, Function1<Int, Join<Any?, TypeMemento>>>.get(column: Column<T>): T?
e: file:///Users/jim/work/v2superbikeshed/Trikeshed/src/commonMain/kotlin/borg/trikeshed/common/collections/BinarySearch.kt:90:20 'operator' modifier is required on 'FirNamedFunctionSymbol kotlin/compareTo' in 'compareTo'.
e: file:///Users/jim/work/v2superbikeshed/Trikeshed/src/commonMain/kotlin/borg/trikeshed/common/collections/BinarySearch.kt:91:20 'operator' modifier is required on 'FirNamedFunctionSymbol kotlin/compareTo' in 'compareTo'.
e: file:///Users/jim/work/v2superbikeshed/Trikeshed/src/commonMain/kotlin/borg/trikeshed/common/collections/BinarySearch.kt:105:22 Cannot infer type for this parameter. Specify it explicitly.
e: file:///Users/jim/work/v2superbikeshed/Trikeshed/src/commonMain/kotlin/borg/trikeshed/common/collections/BinarySearch.kt:105:22 Unresolved reference. None of the following candidates is applicable because of a receiver type mismatch:
fun <T> Join<Int, Function1<Int, Join<Any?, TypeMemento>>>.get(column: Column<T>): T?
e: file:///Users/jim/work/v2superbikeshed/Trikeshed/src/commonMain/kotlin/borg/trikeshed/common/collections/BinarySearch.kt:108:20 'operator' modifier is required on 'FirNamedFunctionSymbol kotlin/compareTo' in 'compareTo'.
e: file:///Users/jim/work/v2superbikeshed/Trikeshed/src/commonMain/kotlin/borg/trikeshed/common/collections/BinarySearch.kt:109:20 'operator' modifier is required on 'FirNamedFunctionSymbol kotlin/compareTo' in 'compareTo'.
e: file:///Users/jim/work/v2superbikeshed/Trikeshed/src/commonMain/kotlin/borg/trikeshed/common/collections/BinarySearch.kt:123:22 Cannot infer type for this parameter. Specify it explicitly.
e: file:///Users/jim/work/v2superbikeshed/Trikeshed/src/commonMain/kotlin/borg/trikeshed/common/collections/BinarySearch.kt:123:22 Unresolved reference. None of the following candidates is applicable because of a receiver type mismatch:
fun <T> Join<Int, Function1<Int, Join<Any?, TypeMemento>>>.get(column: Column<T>): T?
e: file:///Users/jim/work/v2superbikeshed/Trikeshed/src/commonMain/kotlin/borg/trikeshed/common/collections/BinarySearch.kt:126:20 'operator' modifier is required on 'FirNamedFunctionSymbol kotlin/compareTo' in 'compareTo'.
e: file:///Users/jim/work/v2superbikeshed/Trikeshed/src/commonMain/kotlin/borg/trikeshed/common/collections/BinarySearch.kt:127:20 'operator' modifier is required on 'FirNamedFunctionSymbol kotlin/compareTo' in 'compareTo'.
e: file:///Users/jim/work/v2superbikeshed/Trikeshed/src/commonMain/kotlin/borg/trikeshed/common/collections/BinarySearch.kt:141:22 Cannot infer type for this parameter. Specify it explicitly.
e: file:///Users/jim/work/v2superbikeshed/Trikeshed/src/commonMain/kotlin/borg/trikeshed/common/collections/BinarySearch.kt:141:22 Unresolved reference. None of the following candidates is applicable because of a receiver type mismatch:
fun <T> Join<Int, Function1<Int, Join<Any?, TypeMemento>>>.get(column: Column<T>): T?
e: file:///Users/jim/work/v2superbikeshed/Trikeshed/src/commonMain/kotlin/borg/trikeshed/common/collections/BinarySearch.kt:144:20 'operator' modifier is required on 'FirNamedFunctionSymbol kotlin/compareTo' in 'compareTo'.
e: file:///Users/jim/work/v2superbikeshed/Trikeshed/src/commonMain/kotlin/borg/trikeshed/common/collections/BinarySearch.kt:145:20 'operator' modifier is required on 'FirNamedFunctionSymbol kotlin/compareTo' in 'compareTo'.
e: file:///Users/jim/work/v2superbikeshed/Trikeshed/src/commonMain/kotlin/borg/trikeshed/common/collections/BinarySearch.kt:160:22 Cannot infer type for this parameter. Specify it explicitly.
e: file:///Users/jim/work/v2superbikeshed/Trikeshed/src/commonMain/kotlin/borg/trikeshed/common/collections/BinarySearch.kt:160:22 Unresolved reference. None of the following candidates is applicable because of a receiver type mismatch:
fun <T> Join<Int, Function1<Int, Join<Any?, TypeMemento>>>.get(column: Column<T>): T?
e: file:///Users/jim/work/v2superbikeshed/Trikeshed/src/commonMain/kotlin/borg/trikeshed/common/collections/BinarySearch.kt:163:20 'operator' modifier is required on 'FirNamedFunctionSymbol kotlin/compareTo' in 'compareTo'.
e: file:///Users/jim/work/v2superbikeshed/Trikeshed/src/commonMain/kotlin/borg/trikeshed/common/collections/BinarySearch.kt:164:20 'operator' modifier is required on 'FirNamedFunctionSymbol kotlin/compareTo' in 'compareTo'.
e: file:///Users/jim/work/v2superbikeshed/Trikeshed/src/commonMain/kotlin/borg/trikeshed/common/collections/BinarySearch.kt:178:22 Cannot infer type for this parameter. Specify it explicitly.
e: file:///Users/jim/work/v2superbikeshed/Trikeshed/src/commonMain/kotlin/borg/trikeshed/common/collections/BinarySearch.kt:178:22 Unresolved reference. None of the following candidates is applicable because of a receiver type mismatch:
fun <T> Join<Int, Function1<Int, Join<Any?, TypeMemento>>>.get(column: Column<T>): T?
e: file:///Users/jim/work/v2superbikeshed/Trikeshed/src/commonMain/kotlin/borg/trikeshed/common/collections/BinarySearch.kt:181:20 'operator' modifier is required on 'FirNamedFunctionSymbol kotlin/compareTo' in 'compareTo'.
e: file:///Users/jim/work/v2superbikeshed/Trikeshed/src/commonMain/kotlin/borg/trikeshed/common/collections/BinarySearch.kt:182:20 'operator' modifier is required on 'FirNamedFunctionSymbol kotlin/compareTo' in 'compareTo'.
e: file:///Users/jim/work/v2superbikeshed/Trikeshed/src/commonMain/kotlin/borg/trikeshed/common/collections/BinarySearch.kt:196:22 Cannot infer type for this parameter. Specify it explicitly.
e: file:///Users/jim/work/v2superbikeshed/Trikeshed/src/commonMain/kotlin/borg/trikeshed/common/collections/BinarySearch.kt:196:22 Unresolved reference. None of the following candidates is applicable because of a receiver type mismatch:
fun <T> Join<Int, Function1<Int, Join<Any?, TypeMemento>>>.get(column: Column<T>): T?
e: file:///Users/jim/work/v2superbikeshed/Trikeshed/src/commonMain/kotlin/borg/trikeshed/common/collections/BinarySearch.kt:198:20 'operator' modifier is required on 'FirNamedFunctionSymbol kotlin/compareTo' in 'compareTo'.
e: file:///Users/jim/work/v2superbikeshed/Trikeshed/src/commonMain/kotlin/borg/trikeshed/common/collections/BinarySearch.kt:199:20 'operator' modifier is required on 'FirNamedFunctionSymbol kotlin/compareTo' in 'compareTo'.
e: file:///Users/jim/work/v2superbikeshed/Trikeshed/src/commonMain/kotlin/borg/trikeshed/common/collections/BinarySearch.kt:216:22 Cannot infer type for this parameter. Specify it explicitly.
e: file:///Users/jim/work/v2superbikeshed/Trikeshed/src/commonMain/kotlin/borg/trikeshed/common/collections/BinarySearch.kt:216:22 Unresolved reference. None of the following candidates is applicable because of a receiver type mismatch:
fun <T> Join<Int, Function1<Int, Join<Any?, TypeMemento>>>.get(column: Column<T>): T?
e: file:///Users/jim/work/v2superbikeshed/Trikeshed/src/commonMain/kotlin/borg/trikeshed/common/collections/BinarySearch.kt:219:20 'operator' modifier is required on 'FirNamedFunctionSymbol kotlin/compareTo' in 'compareTo'.
e: file:///Users/jim/work/v2superbikeshed/Trikeshed/src/commonMain/kotlin/borg/trikeshed/common/collections/BinarySearch.kt:220:20 'operator' modifier is required on 'FirNamedFunctionSymbol kotlin/compareTo' in 'compareTo'.
e: file:///Users/jim/work/v2superbikeshed/Trikeshed/src/commonMain/kotlin/borg/trikeshed/compression/BitStream.kt:3:27 Conflicting import: imported name 'Indexed' is ambiguous.
e: file:///Users/jim/work/v2superbikeshed/Trikeshed/src/commonMain/kotlin/borg/trikeshed/compression/BitStream.kt:4:27 Conflicting import: imported name 'Indexed' is ambiguous.
e: file:///Users/jim/work/v2superbikeshed/Trikeshed/src/commonMain/kotlin/borg/trikeshed/compression/BitStream.kt:44:34 Unresolved reference 'size'.
e: file:///Users/jim/work/v2superbikeshed/Trikeshed/src/commonMain/kotlin/borg/trikeshed/compression/BitStream.kt:54:40 Unresolved reference 'size'.
e: file:///Users/jim/work/v2superbikeshed/Trikeshed/src/commonMain/kotlin/borg/trikeshed/compression/BitStream.kt:58:31 Unresolved reference. None of the following candidates is applicable because of a receiver type mismatch:
fun MatchGroupCollection.get(name: String): MatchGroup?
e: file:///Users/jim/work/v2superbikeshed/Trikeshed/src/commonMain/kotlin/borg/trikeshed/compression/BitStream.kt:58:52 None of the following candidates is applicable:
fun String.toInt(): Int
fun String.toInt(radix: Int): Int
fun Iterable<RegexOption>.toInt(): Int
e: file:///Users/jim/work/v2superbikeshed/Trikeshed/src/commonMain/kotlin/borg/trikeshed/compression/BitStream.kt:58:60 Unresolved reference 'and'.
e: file:///Users/jim/work/v2superbikeshed/Trikeshed/src/commonMain/kotlin/borg/trikeshed/compression/BitStream.kt:95:33 Unresolved reference 'size'.
e: file:///Users/jim/work/v2superbikeshed/Trikeshed/src/commonMain/kotlin/borg/trikeshed/compression/BitStream.kt:95:63 Unresolved reference 'size'.
e: file:///Users/jim/work/v2superbikeshed/Trikeshed/src/commonMain/kotlin/borg/trikeshed/compression/BitStream.kt:114:34 Unresolved reference 'size'.
e: file:///Users/jim/work/v2superbikeshed/Trikeshed/src/commonMain/kotlin/borg/trikeshed/compression/BitStream.kt:118:16 Unresolved reference. None of the following candidates is applicable because of a receiver type mismatch:
fun MatchGroupCollection.get(name: String): MatchGroup?
e: file:///Users/jim/work/v2superbikeshed/Trikeshed/src/commonMain/kotlin/borg/trikeshed/compression/BitStream.kt:118:37 None of the following candidates is applicable:
fun String.toInt(): Int
fun String.toInt(radix: Int): Int
fun Iterable<RegexOption>.toInt(): Int
e: file:///Users/jim/work/v2superbikeshed/Trikeshed/src/commonMain/kotlin/borg/trikeshed/compression/BitStream.kt:118:45 Unresolved reference 'and'.
e: file:///Users/jim/work/v2superbikeshed/Trikeshed/src/commonMain/kotlin/borg/trikeshed/compression/BitStream.kt:135:36 Unresolved reference 'size'.
e: file:///Users/jim/work/v2superbikeshed/Trikeshed/src/commonMain/kotlin/borg/trikeshed/compression/BitStream.kt:135:70 Unresolved reference 'size'.
e: file:///Users/jim/work/v2superbikeshed/Trikeshed/src/commonMain/kotlin/borg/trikeshed/compression/BitStream.kt:141:28 Unresolved reference 'size'.
e: file:///Users/jim/work/v2superbikeshed/Trikeshed/src/commonMain/kotlin/borg/trikeshed/compression/Huffman.kt:3:27 Conflicting import: imported name 'Indexed' is ambiguous.
e: file:///Users/jim/work/v2superbikeshed/Trikeshed/src/commonMain/kotlin/borg/trikeshed/compression/Huffman.kt:4:27 Conflicting import: imported name 'Indexed' is ambiguous.
e: file:///Users/jim/work/v2superbikeshed/Trikeshed/src/commonMain/kotlin/borg/trikeshed/compression/Huffman.kt:28:29 Unresolved reference 'size'.
e: file:///Users/jim/work/v2superbikeshed/Trikeshed/src/commonMain/kotlin/borg/trikeshed/compression/Huffman.kt:29:96 Unresolved reference 'size'.
e: file:///Users/jim/work/v2superbikeshed/Trikeshed/src/commonMain/kotlin/borg/trikeshed/compression/Huffman.kt:49:16 Unresolved reference. None of the following candidates is applicable because of a receiver type mismatch:
fun MatchGroupCollection.get(name: String): MatchGroup?
e: file:///Users/jim/work/v2superbikeshed/Trikeshed/src/commonMain/kotlin/borg/trikeshed/compression/Huffman.kt:86:12 Return type mismatch: expected 'Int', actual 'String'.
e: file:///Users/jim/work/v2superbikeshed/Trikeshed/src/commonMain/kotlin/borg/trikeshed/couchdb/CouchClient.kt:8:30 Unresolved reference 'json'.
e: file:///Users/jim/work/v2superbikeshed/Trikeshed/src/commonMain/kotlin/borg/trikeshed/couchdb/CouchClient.kt:9:30 Unresolved reference 'json'.
e: file:///Users/jim/work/v2superbikeshed/Trikeshed/src/commonMain/kotlin/borg/trikeshed/couchdb/CouchClient.kt:10:30 Unresolved reference 'json'.
e: file:///Users/jim/work/v2superbikeshed/Trikeshed/src/commonMain/kotlin/borg/trikeshed/couchdb/CouchClient.kt:11:30 Unresolved reference 'json'.
e: file:///Users/jim/work/v2superbikeshed/Trikeshed/src/commonMain/kotlin/borg/trikeshed/couchdb/CouchClient.kt:12:30 Unresolved reference 'json'.
e: file:///Users/jim/work/v2superbikeshed/Trikeshed/src/commonMain/kotlin/borg/trikeshed/couchdb/CouchClient.kt:13:30 Unresolved reference 'json'.
e: file:///Users/jim/work/v2superbikeshed/Trikeshed/src/commonMain/kotlin/borg/trikeshed/couchdb/CouchClient.kt:14:30 Unresolved reference 'json'.
e: file:///Users/jim/work/v2superbikeshed/Trikeshed/src/commonMain/kotlin/borg/trikeshed/couchdb/CouchClient.kt:15:30 Unresolved reference 'json'.
e: file:///Users/jim/work/v2superbikeshed/Trikeshed/src/commonMain/kotlin/borg/trikeshed/couchdb/CouchClient.kt:29:24 Unresolved reference 'Json'.
e: file:///Users/jim/work/v2superbikeshed/Trikeshed/src/commonMain/kotlin/borg/trikeshed/couchdb/CouchClient.kt:29:31 Unresolved reference 'ignoreUnknownKeys'.
e: file:///Users/jim/work/v2superbikeshed/Trikeshed/src/commonMain/kotlin/borg/trikeshed/couchdb/CouchClient.kt:308:53 Unresolved reference 'serializer'.
e: file:///Users/jim/work/v2superbikeshed/Trikeshed/src/commonMain/kotlin/borg/trikeshed/couchdb/CouchClient.kt:315:53 Unresolved reference 'serializer'.
e: file:///Users/jim/work/v2superbikeshed/Trikeshed/src/commonMain/kotlin/borg/trikeshed/couchdb/CouchClient.kt:320:37 Unresolved reference 'jsonPrimitive'.
e: file:///Users/jim/work/v2superbikeshed/Trikeshed/src/commonMain/kotlin/borg/trikeshed/couchdb/CouchClient.kt:321:39 Unresolved reference 'jsonPrimitive'.
e: file:///Users/jim/work/v2superbikeshed/Trikeshed/src/commonMain/kotlin/borg/trikeshed/couchdb/CouchClient.kt:322:31 Cannot infer type for this parameter. Specify it explicitly.
e: file:///Users/jim/work/v2superbikeshed/Trikeshed/src/commonMain/kotlin/borg/trikeshed/couchdb/CouchClient.kt:322:42 Cannot infer type for this parameter. Specify it explicitly.
e: file:///Users/jim/work/v2superbikeshed/Trikeshed/src/commonMain/kotlin/borg/trikeshed/couchdb/CouchClient.kt:323:14 Cannot infer type for this parameter. Specify it explicitly.
e: file:///Users/jim/work/v2superbikeshed/Trikeshed/src/commonMain/kotlin/borg/trikeshed/couchdb/CouchClient.kt:323:14 Not enough information to infer type argument for 'K'.
e: file:///Users/jim/work/v2superbikeshed/Trikeshed/src/commonMain/kotlin/borg/trikeshed/couchdb/CouchClient.kt:323:27 Not enough information to infer type argument for 'K'.
e: file:///Users/jim/work/v2superbikeshed/Trikeshed/src/commonMain/kotlin/borg/trikeshed/couchdb/CouchClient.kt:323:30 Not enough information to infer type argument for 'K'.
e: file:///Users/jim/work/v2superbikeshed/Trikeshed/src/commonMain/kotlin/borg/trikeshed/couchdb/CouchClient.kt:323:40 The type of a receiver hasn't been inferred yet. Specify type argument for generic parameter 'V' of 'component2' explicitly.
e: file:///Users/jim/work/v2superbikeshed/Trikeshed/src/commonMain/kotlin/borg/trikeshed/couchdb/CouchClient.kt:328:38 Cannot infer type for this parameter. Specify it explicitly.
e: file:///Users/jim/work/v2superbikeshed/Trikeshed/src/commonMain/kotlin/borg/trikeshed/couchdb/CouchClient.kt:328:69 Unresolved reference 'serializer'.
e: file:///Users/jim/work/v2superbikeshed/Trikeshed/src/commonMain/kotlin/borg/trikeshed/couchdb/CouchClient.kt:333:46 Unresolved reference 'jsonArray'.
e: file:///Users/jim/work/v2superbikeshed/Trikeshed/src/commonMain/kotlin/borg/trikeshed/couchdb/CouchClient.kt:334:16 Return type mismatch: expected 'List<CouchChange>', actual 'Join<Int, Function1<Int, ERROR CLASS: Cannot infer argument for type parameter R>>'.
e: file:///Users/jim/work/v2superbikeshed/Trikeshed/src/commonMain/kotlin/borg/trikeshed/couchdb/CouchClient.kt:334:24 Cannot infer type for this parameter. Specify it explicitly.
e: file:///Users/jim/work/v2superbikeshed/Trikeshed/src/commonMain/kotlin/borg/trikeshed/couchdb/CouchClient.kt:334:30 Cannot infer type for this parameter. Specify it explicitly.
e: file:///Users/jim/work/v2superbikeshed/Trikeshed/src/commonMain/kotlin/borg/trikeshed/couchdb/CouchClient.kt:335:52 Unresolved reference 'serializer'.
e: file:///Users/jim/work/v2superbikeshed/Trikeshed/src/commonMain/kotlin/borg/trikeshed/couchdb/CouchClient.kt:340:61 Unresolved reference 'serializer'.
e: file:///Users/jim/work/v2superbikeshed/Trikeshed/src/commonMain/kotlin/borg/trikeshed/couchdb/CouchClient.kt:344:54 Unresolved reference 'serializer'.
e: file:///Users/jim/work/v2superbikeshed/Trikeshed/src/commonMain/kotlin/borg/trikeshed/couchdb/CouchClient.kt:348:52 Unresolved reference 'serializer'.
e: file:///Users/jim/work/v2superbikeshed/Trikeshed/src/commonMain/kotlin/borg/trikeshed/couchdb/CouchClient.kt:509:24 Overload resolution ambiguity between candidates:
suspend fun HttpRequest.send(): HttpResponse
suspend fun HttpRequest.send(): HttpResponse
e: file:///Users/jim/work/v2superbikeshed/Trikeshed/src/commonMain/kotlin/borg/trikeshed/couchdb/CouchClient.kt:524:24 Overload resolution ambiguity between candidates:
suspend fun HttpRequest.send(): HttpResponse
suspend fun HttpRequest.send(): HttpResponse
e: file:///Users/jim/work/v2superbikeshed/Trikeshed/src/commonMain/kotlin/borg/trikeshed/couchdb/CouchClient.kt:539:24 Overload resolution ambiguity between candidates:
suspend fun HttpRequest.send(): HttpResponse
suspend fun HttpRequest.send(): HttpResponse
e: file:///Users/jim/work/v2superbikeshed/Trikeshed/src/commonMain/kotlin/borg/trikeshed/couchdb/CouchClient.kt:551:24 Overload resolution ambiguity between candidates:
suspend fun HttpRequest.send(): HttpResponse
suspend fun HttpRequest.send(): HttpResponse
e: file:///Users/jim/work/v2superbikeshed/Trikeshed/src/commonMain/kotlin/borg/trikeshed/couchdb/CouchClient.kt:565:22 Unresolved reference 'buildJsonObject'.
e: file:///Users/jim/work/v2superbikeshed/Trikeshed/src/commonMain/kotlin/borg/trikeshed/couchdb/CouchClient.kt:566:31 Unresolved reference 'put'.
e: file:///Users/jim/work/v2superbikeshed/Trikeshed/src/commonMain/kotlin/borg/trikeshed/couchdb/CouchClient.kt:567:32 Unresolved reference 'put'.
e: file:///Users/jim/work/v2superbikeshed/Trikeshed/src/commonMain/kotlin/borg/trikeshed/couchdb/CouchClient.kt:568:23 Unresolved reference 'put'.
e: file:///Users/jim/work/v2superbikeshed/Trikeshed/src/commonMain/kotlin/borg/trikeshed/couchdb/CouchClient.kt:568:53 Argument type mismatch: actual type is 'Boolean', but 'String' was expected.
e: file:///Users/jim/work/v2superbikeshed/Trikeshed/src/commonMain/kotlin/borg/trikeshed/couchdb/CouchClient.kt:569:40 Unresolved reference 'put'.
e: file:///Users/jim/work/v2superbikeshed/Trikeshed/src/commonMain/kotlin/borg/trikeshed/couchdb/CouchClient.kt:571:12 Unresolved reference 'Json'.
e: file:///Users/jim/work/v2superbikeshed/Trikeshed/src/commonMain/kotlin/borg/trikeshed/couchdb/CouchClient.kt:571:32 Unresolved reference 'JsonElement'.
e: file:///Users/jim/work/v2superbikeshed/Trikeshed/src/commonMain/kotlin/borg/trikeshed/couchdb/CouchClient.kt:575:22 Unresolved reference 'buildJsonObject'.
e: file:///Users/jim/work/v2superbikeshed/Trikeshed/src/commonMain/kotlin/borg/trikeshed/couchdb/CouchClient.kt:576:9 Unresolved reference 'put'.
e: file:///Users/jim/work/v2superbikeshed/Trikeshed/src/commonMain/kotlin/borg/trikeshed/couchdb/CouchClient.kt:577:9 Unresolved reference 'put'.
e: file:///Users/jim/work/v2superbikeshed/Trikeshed/src/commonMain/kotlin/borg/trikeshed/couchdb/CouchClient.kt:578:40 Unresolved reference 'put'.
e: file:///Users/jim/work/v2superbikeshed/Trikeshed/src/commonMain/kotlin/borg/trikeshed/couchdb/CouchClient.kt:580:12 Unresolved reference 'Json'.
e: file:///Users/jim/work/v2superbikeshed/Trikeshed/src/commonMain/kotlin/borg/trikeshed/couchdb/CouchClient.kt:580:32 Unresolved reference 'JsonElement'.
e: file:///Users/jim/work/v2superbikeshed/Trikeshed/src/commonMain/kotlin/borg/trikeshed/couchdb/CouchClient.kt:584:12 Unresolved reference 'Json'.
e: file:///Users/jim/work/v2superbikeshed/Trikeshed/src/commonMain/kotlin/borg/trikeshed/couchdb/CouchClient.kt:584:49 Unresolved reference 'serializer'.
e: file:///Users/jim/work/v2superbikeshed/Trikeshed/src/commonMain/kotlin/borg/trikeshed/couchdb/CouchClient.kt:588:12 Unresolved reference 'Json'.
e: file:///Users/jim/work/v2superbikeshed/Trikeshed/src/commonMain/kotlin/borg/trikeshed/couchdb/CouchClient.kt:588:56 Unresolved reference 'serializer'.
e: file:///Users/jim/work/v2superbikeshed/Trikeshed/src/commonMain/kotlin/borg/trikeshed/couchdb/CouchClient.kt:592:12 Unresolved reference 'Json'.
e: file:///Users/jim/work/v2superbikeshed/Trikeshed/src/commonMain/kotlin/borg/trikeshed/couchdb/CouchClient.kt:592:46 Unresolved reference 'serializer'.
e: file:///Users/jim/work/v2superbikeshed/Trikeshed/src/commonMain/kotlin/borg/trikeshed/couchdb/CouchProtocol.kt:5:30 Unresolved reference 'json'.
e: file:///Users/jim/work/v2superbikeshed/Trikeshed/src/commonMain/kotlin/borg/trikeshed/couchdb/CouchProtocol.kt:25:12 Redeclaration:
data class CouchDocument : Any
e: file:///Users/jim/work/v2superbikeshed/Trikeshed/src/commonMain/kotlin/borg/trikeshed/couchdb/CouchProtocol.kt:30:39 Cannot infer type for this parameter. Specify it explicitly.
e: file:///Users/jim/work/v2superbikeshed/Trikeshed/src/commonMain/kotlin/borg/trikeshed/couchdb/CouchProtocol.kt:30:39 Argument type mismatch: actual type is 'Map<K (of fun <K, V> emptyMap), V (of fun <K, V> emptyMap)>', but 'String' was expected.
e: file:///Users/jim/work/v2superbikeshed/Trikeshed/src/commonMain/kotlin/borg/trikeshed/couchdb/CouchProtocol.kt:32:32 Unresolved reference 'buildJsonObject'.
e: file:///Users/jim/work/v2superbikeshed/Trikeshed/src/commonMain/kotlin/borg/trikeshed/couchdb/CouchProtocol.kt:33:9 Unresolved reference 'id'.
e: file:///Users/jim/work/v2superbikeshed/Trikeshed/src/commonMain/kotlin/borg/trikeshed/couchdb/CouchProtocol.kt:33:13 Cannot infer type for this parameter. Specify it explicitly.
e: file:///Users/jim/work/v2superbikeshed/Trikeshed/src/commonMain/kotlin/borg/trikeshed/couchdb/CouchProtocol.kt:33:17 Cannot infer type for this parameter. Specify it explicitly.
e: file:///Users/jim/work/v2superbikeshed/Trikeshed/src/commonMain/kotlin/borg/trikeshed/couchdb/CouchProtocol.kt:33:19 Unresolved reference 'put'.
e: file:///Users/jim/work/v2superbikeshed/Trikeshed/src/commonMain/kotlin/borg/trikeshed/couchdb/CouchProtocol.kt:34:9 Unresolved reference 'rev'.
e: file:///Users/jim/work/v2superbikeshed/Trikeshed/src/commonMain/kotlin/borg/trikeshed/couchdb/CouchProtocol.kt:34:14 Cannot infer type for this parameter. Specify it explicitly.
e: file:///Users/jim/work/v2superbikeshed/Trikeshed/src/commonMain/kotlin/borg/trikeshed/couchdb/CouchProtocol.kt:34:18 Cannot infer type for this parameter. Specify it explicitly.
e: file:///Users/jim/work/v2superbikeshed/Trikeshed/src/commonMain/kotlin/borg/trikeshed/couchdb/CouchProtocol.kt:34:20 Unresolved reference 'put'.
e: file:///Users/jim/work/v2superbikeshed/Trikeshed/src/commonMain/kotlin/borg/trikeshed/couchdb/CouchProtocol.kt:35:9 Unresolved reference 'deleted'.
e: file:///Users/jim/work/v2superbikeshed/Trikeshed/src/commonMain/kotlin/borg/trikeshed/couchdb/CouchProtocol.kt:35:18 Cannot infer type for this parameter. Specify it explicitly.
e: file:///Users/jim/work/v2superbikeshed/Trikeshed/src/commonMain/kotlin/borg/trikeshed/couchdb/CouchProtocol.kt:35:22 Cannot infer type for this parameter. Specify it explicitly.
e: file:///Users/jim/work/v2superbikeshed/Trikeshed/src/commonMain/kotlin/borg/trikeshed/couchdb/CouchProtocol.kt:35:24 Unresolved reference 'put'.
e: file:///Users/jim/work/v2superbikeshed/Trikeshed/src/commonMain/kotlin/borg/trikeshed/couchdb/CouchProtocol.kt:36:9 Unresolved reference 'attachments'.
e: file:///Users/jim/work/v2superbikeshed/Trikeshed/src/commonMain/kotlin/borg/trikeshed/couchdb/CouchProtocol.kt:36:22 Cannot infer type for this parameter. Specify it explicitly.
e: file:///Users/jim/work/v2superbikeshed/Trikeshed/src/commonMain/kotlin/borg/trikeshed/couchdb/CouchProtocol.kt:36:26 Cannot infer type for this parameter. Specify it explicitly.
e: file:///Users/jim/work/v2superbikeshed/Trikeshed/src/commonMain/kotlin/borg/trikeshed/couchdb/CouchProtocol.kt:36:28 Unresolved reference 'put'.
e: file:///Users/jim/work/v2superbikeshed/Trikeshed/src/commonMain/kotlin/borg/trikeshed/couchdb/CouchProtocol.kt:37:40 Unresolved reference 'put'.
e: file:///Users/jim/work/v2superbikeshed/Trikeshed/src/commonMain/kotlin/borg/trikeshed/couchdb/CouchProtocol.kt:43:12 Redeclaration:
data class CouchDatabaseInfo : Any
e: file:///Users/jim/work/v2superbikeshed/Trikeshed/src/commonMain/kotlin/borg/trikeshed/couchdb/CouchProtocol.kt:60:14 Unresolved reference 'JsonElement'.
e: file:///Users/jim/work/v2superbikeshed/Trikeshed/src/commonMain/kotlin/borg/trikeshed/couchdb/CouchProtocol.kt:61:19 Unresolved reference 'JsonElement'.
e: file:///Users/jim/work/v2superbikeshed/Trikeshed/src/commonMain/kotlin/borg/trikeshed/couchdb/CouchProtocol.kt:62:17 Unresolved reference 'JsonElement'.
e: file:///Users/jim/work/v2superbikeshed/Trikeshed/src/commonMain/kotlin/borg/trikeshed/couchdb/CouchProtocol.kt:74:14 Cannot infer type for this parameter. Specify it explicitly.
e: file:///Users/jim/work/v2superbikeshed/Trikeshed/src/commonMain/kotlin/borg/trikeshed/couchdb/CouchProtocol.kt:74:14 Unresolved reference. None of the following candidates is applicable because of a receiver type mismatch:
fun <T, R> T.let(block: (T) -> R): R
    [R|Contract description]
     <
        CallsInPlace(block, EXACTLY_ONCE)
    >
e: file:///Users/jim/work/v2superbikeshed/Trikeshed/src/commonMain/kotlin/borg/trikeshed/couchdb/CouchProtocol.kt:74:18 Cannot infer type for this parameter. Specify it explicitly.
e: file:///Users/jim/work/v2superbikeshed/Trikeshed/src/commonMain/kotlin/borg/trikeshed/couchdb/CouchProtocol.kt:74:38 Unresolved reference 'Json'.
e: file:///Users/jim/work/v2superbikeshed/Trikeshed/src/commonMain/kotlin/borg/trikeshed/couchdb/CouchProtocol.kt:74:43 Cannot infer type for this parameter. Specify it explicitly.
e: file:///Users/jim/work/v2superbikeshed/Trikeshed/src/commonMain/kotlin/borg/trikeshed/couchdb/CouchProtocol.kt:75:19 Cannot infer type for this parameter. Specify it explicitly.
e: file:///Users/jim/work/v2superbikeshed/Trikeshed/src/commonMain/kotlin/borg/trikeshed/couchdb/CouchProtocol.kt:75:19 Unresolved reference. None of the following candidates is applicable because of a receiver type mismatch:
fun <T, R> T.let(block: (T) -> R): R
    [R|Contract description]
     <
        CallsInPlace(block, EXACTLY_ONCE)
    >
e: file:///Users/jim/work/v2superbikeshed/Trikeshed/src/commonMain/kotlin/borg/trikeshed/couchdb/CouchProtocol.kt:75:23 Cannot infer type for this parameter. Specify it explicitly.
e: file:///Users/jim/work/v2superbikeshed/Trikeshed/src/commonMain/kotlin/borg/trikeshed/couchdb/CouchProtocol.kt:75:48 Unresolved reference 'Json'.
e: file:///Users/jim/work/v2superbikeshed/Trikeshed/src/commonMain/kotlin/borg/trikeshed/couchdb/CouchProtocol.kt:75:53 Cannot infer type for this parameter. Specify it explicitly.
e: file:///Users/jim/work/v2superbikeshed/Trikeshed/src/commonMain/kotlin/borg/trikeshed/couchdb/CouchProtocol.kt:76:17 Cannot infer type for this parameter. Specify it explicitly.
e: file:///Users/jim/work/v2superbikeshed/Trikeshed/src/commonMain/kotlin/borg/trikeshed/couchdb/CouchProtocol.kt:76:17 Unresolved reference. None of the following candidates is applicable because of a receiver type mismatch:
fun <T, R> T.let(block: (T) -> R): R
    [R|Contract description]
     <
        CallsInPlace(block, EXACTLY_ONCE)
    >
e: file:///Users/jim/work/v2superbikeshed/Trikeshed/src/commonMain/kotlin/borg/trikeshed/couchdb/CouchProtocol.kt:76:21 Cannot infer type for this parameter. Specify it explicitly.
e: file:///Users/jim/work/v2superbikeshed/Trikeshed/src/commonMain/kotlin/borg/trikeshed/couchdb/CouchProtocol.kt:76:44 Unresolved reference 'Json'.
e: file:///Users/jim/work/v2superbikeshed/Trikeshed/src/commonMain/kotlin/borg/trikeshed/couchdb/CouchProtocol.kt:76:49 Cannot infer type for this parameter. Specify it explicitly.
e: file:///Users/jim/work/v2superbikeshed/Trikeshed/src/commonMain/kotlin/borg/trikeshed/couchdb/CouchProtocol.kt:112:32 Unresolved reference 'buildJsonObject'.
e: file:///Users/jim/work/v2superbikeshed/Trikeshed/src/commonMain/kotlin/borg/trikeshed/couchdb/CouchProtocol.kt:113:9 Unresolved reference 'putJsonArray'.
e: file:///Users/jim/work/v2superbikeshed/Trikeshed/src/commonMain/kotlin/borg/trikeshed/couchdb/CouchProtocol.kt:115:17 Unresolved reference 'add'.
e: file:///Users/jim/work/v2superbikeshed/Trikeshed/src/commonMain/kotlin/borg/trikeshed/couchdb/CouchProtocol.kt:118:9 Unresolved reference 'put'.
e: file:///Users/jim/work/v2superbikeshed/Trikeshed/src/commonMain/kotlin/borg/trikeshed/couchdb/CouchProtocol.kt:119:9 Unresolved reference 'put'.
e: file:///Users/jim/work/v2superbikeshed/Trikeshed/src/commonMain/kotlin/borg/trikeshed/couchdb/CouchProtocol.kt:181:32 Unresolved reference 'buildJsonObject'.
e: file:///Users/jim/work/v2superbikeshed/Trikeshed/src/commonMain/kotlin/borg/trikeshed/couchdb/CouchProtocol.kt:182:9 Unresolved reference 'put'.
e: file:///Users/jim/work/v2superbikeshed/Trikeshed/src/commonMain/kotlin/borg/trikeshed/couchdb/CouchProtocol.kt:183:9 Unresolved reference 'put'.
e: file:///Users/jim/work/v2superbikeshed/Trikeshed/src/commonMain/kotlin/borg/trikeshed/couchdb/CouchProtocol.kt:184:9 Unresolved reference 'put'.
e: file:///Users/jim/work/v2superbikeshed/Trikeshed/src/commonMain/kotlin/borg/trikeshed/couchdb/CouchProtocol.kt:185:9 Unresolved reference 'put'.
e: file:///Users/jim/work/v2superbikeshed/Trikeshed/src/commonMain/kotlin/borg/trikeshed/couchdb/CouchProtocol.kt:186:17 Cannot infer type for this parameter. Specify it explicitly.
e: file:///Users/jim/work/v2superbikeshed/Trikeshed/src/commonMain/kotlin/borg/trikeshed/couchdb/CouchProtocol.kt:186:23 Unresolved reference 'put'.
e: file:///Users/jim/work/v2superbikeshed/Trikeshed/src/commonMain/kotlin/borg/trikeshed/couchdb/CouchProtocol.kt:187:23 Cannot infer type for this parameter. Specify it explicitly.
e: file:///Users/jim/work/v2superbikeshed/Trikeshed/src/commonMain/kotlin/borg/trikeshed/couchdb/CouchProtocol.kt:187:29 Unresolved reference 'put'.
e: file:///Users/jim/work/v2superbikeshed/Trikeshed/src/commonMain/kotlin/borg/trikeshed/couchdb/CouchProtocol.kt:188:18 Cannot infer type for this parameter. Specify it explicitly.
e: file:///Users/jim/work/v2superbikeshed/Trikeshed/src/commonMain/kotlin/borg/trikeshed/couchdb/CouchProtocol.kt:189:13 Unresolved reference 'putJsonArray'.
e: file:///Users/jim/work/v2superbikeshed/Trikeshed/src/commonMain/kotlin/borg/trikeshed/couchdb/CouchProtocol.kt:191:21 Unresolved reference 'add'.
e: file:///Users/jim/work/v2superbikeshed/Trikeshed/src/commonMain/kotlin/borg/trikeshed/couchdb/CouchProtocol.kt:233:42 Unresolved reference 'emptyIndex'.
e: file:///Users/jim/work/v2superbikeshed/Trikeshed/src/commonMain/kotlin/borg/trikeshed/couchdb/CouchProtocol.kt:252:11 Redeclaration:
class CouchClient : Any
e: file:///Users/jim/work/v2superbikeshed/Trikeshed/src/commonMain/kotlin/borg/trikeshed/couchdb/CouchProtocol.kt:271:21 Unresolved reference 'JsonElement'.
e: file:///Users/jim/work/v2superbikeshed/Trikeshed/src/commonMain/kotlin/borg/trikeshed/couchdb/CouchProtocol.kt:271:34 Unresolved reference 'JsonElement'.
e: file:///Users/jim/work/v2superbikeshed/Trikeshed/src/commonMain/kotlin/borg/trikeshed/crypto/CommonCrypto.kt:237:40 Argument type mismatch: actual type is 'T? (of fun <T> Join<Int, Function1<Int, Join<Any?, TypeMemento>>>.get)', but 'K (of fun <K> WHEN_CALL)' was expected.
e: file:///Users/jim/work/v2superbikeshed/Trikeshed/src/commonMain/kotlin/borg/trikeshed/crypto/CommonCrypto.kt:237:40 Argument type mismatch: actual type is 'Join<Int, Function1<Int, Join<Any?, TypeMemento>>>', but 'Join<Int, Function1<Int, Byte>>' was expected.
e: file:///Users/jim/work/v2superbikeshed/Trikeshed/src/commonMain/kotlin/borg/trikeshed/crypto/CommonCrypto.kt:237:40 Cannot infer type for this parameter. Specify it explicitly.
e: file:///Users/jim/work/v2superbikeshed/Trikeshed/src/commonMain/kotlin/borg/trikeshed/crypto/CommonCrypto.kt:237:40 Unresolved reference. None of the following candidates is applicable because of a receiver type mismatch:
fun <T> Join<Int, Function1<Int, Join<Any?, TypeMemento>>>.get(column: Column<T>): T?
e: file:///Users/jim/work/v2superbikeshed/Trikeshed/src/commonMain/kotlin/borg/trikeshed/crypto/CommonCrypto.kt:238:22 Argument type mismatch: actual type is 'T? (of fun <T> Join<Int, Function1<Int, Join<Any?, TypeMemento>>>.get)', but 'K (of fun <K> WHEN_CALL)' was expected.
e: file:///Users/jim/work/v2superbikeshed/Trikeshed/src/commonMain/kotlin/borg/trikeshed/crypto/CommonCrypto.kt:238:22 Argument type mismatch: actual type is 'Join<Int, Function1<Int, Join<Any?, TypeMemento>>>', but 'Join<Int, Function1<Int, Byte>>' was expected.
e: file:///Users/jim/work/v2superbikeshed/Trikeshed/src/commonMain/kotlin/borg/trikeshed/crypto/CommonCrypto.kt:238:22 Cannot infer type for this parameter. Specify it explicitly.
e: file:///Users/jim/work/v2superbikeshed/Trikeshed/src/commonMain/kotlin/borg/trikeshed/crypto/CommonCrypto.kt:238:22 Unresolved reference. None of the following candidates is applicable because of a receiver type mismatch:
fun <T> Join<Int, Function1<Int, Join<Any?, TypeMemento>>>.get(column: Column<T>): T?
e: file:///Users/jim/work/v2superbikeshed/Trikeshed/src/commonMain/kotlin/borg/trikeshed/crypto/CommonCrypto.kt:393:26 Argument type mismatch: actual type is 'T? (of fun <T> Join<Int, Function1<Int, Join<Any?, TypeMemento>>>.get)', but 'Byte' was expected.
e: file:///Users/jim/work/v2superbikeshed/Trikeshed/src/commonMain/kotlin/borg/trikeshed/crypto/CommonCrypto.kt:393:26 Cannot infer type for this parameter. Specify it explicitly.
e: file:///Users/jim/work/v2superbikeshed/Trikeshed/src/commonMain/kotlin/borg/trikeshed/crypto/CommonCrypto.kt:393:26 Unresolved reference. None of the following candidates is applicable because of a receiver type mismatch:
fun <T> Join<Int, Function1<Int, Join<Any?, TypeMemento>>>.get(column: Column<T>): T?
e: file:///Users/jim/work/v2superbikeshed/Trikeshed/src/commonMain/kotlin/borg/trikeshed/cursor/ColumnMeta.kt:12:13 Redeclaration:
data class ColumnMeta : Any
e: file:///Users/jim/work/v2superbikeshed/Trikeshed/src/commonMain/kotlin/borg/trikeshed/cursor/ColumnMeta.kt:30:12 Redeclaration:
class ColumnMeta : Any
e: file:///Users/jim/work/v2superbikeshed/Trikeshed/src/commonMain/kotlin/borg/trikeshed/cursor/Cursor.kt:69:12 Return type mismatch: expected 'Join<Int, Function1<Int, Join<Any?, Function0<ColumnMeta>>>>', actual 'Join<Int, Function1<Int, RowVec>>'.
e: file:///Users/jim/work/v2superbikeshed/Trikeshed/src/commonMain/kotlin/borg/trikeshed/cursor/Cursor.kt:73:53 Overload resolution ambiguity between candidates:
fun <X, C, V : Join<Int, Function1<Int, X>>> V.α(crossinline xform: (X) -> C): Join<Int, Function1<Int, C>>
fun <X, C, V : Join<Int, Function1<Int, X>>> V.α(crossinline xform: (X) -> C): Join<Int, Function1<Int, C>>
e: file:///Users/jim/work/v2superbikeshed/Trikeshed/src/commonMain/kotlin/borg/trikeshed/cursor/Cursor.kt:73:57 Cannot infer type for this parameter. Specify it explicitly.
e: file:///Users/jim/work/v2superbikeshed/Trikeshed/src/commonMain/kotlin/borg/trikeshed/cursor/Cursor.kt:73:68 Cannot infer type for this parameter. Specify it explicitly.
e: file:///Users/jim/work/v2superbikeshed/Trikeshed/src/commonMain/kotlin/borg/trikeshed/cursor/Cursor.kt:73:68 Not enough information to infer type argument for 'X'.
e: file:///Users/jim/work/v2superbikeshed/Trikeshed/src/commonMain/kotlin/borg/trikeshed/cursor/Cursor.kt:73:68 Not enough information to infer type argument for 'C'.
e: file:///Users/jim/work/v2superbikeshed/Trikeshed/src/commonMain/kotlin/borg/trikeshed/cursor/Cursor.kt:73:70 Cannot infer type for this parameter. Specify it explicitly.
e: file:///Users/jim/work/v2superbikeshed/Trikeshed/src/commonMain/kotlin/borg/trikeshed/cursor/Cursor.kt:73:75 Unresolved reference 'a'.
e: file:///Users/jim/work/v2superbikeshed/Trikeshed/src/commonMain/kotlin/borg/trikeshed/cursor/Cursor.kt:89:29 Argument type mismatch: actual type is 'Join<Int, Function1<Int, RowVec>>', but 'Join<Int, Function1<Int, Join<Any?, Function0<ColumnMeta>>>>' was expected.
e: file:///Users/jim/work/v2superbikeshed/Trikeshed/src/commonMain/kotlin/borg/trikeshed/cursor/Cursor.kt:103:17 Overload resolution ambiguity between candidates:
fun <X, C, V : Join<Int, Function1<Int, X>>> V.α(crossinline xform: (X) -> C): Join<Int, Function1<Int, C>>
fun <X, C, V : Join<Int, Function1<Int, X>>> V.α(crossinline xform: (X) -> C): Join<Int, Function1<Int, C>>
e: file:///Users/jim/work/v2superbikeshed/Trikeshed/src/commonMain/kotlin/borg/trikeshed/cursor/Cursor.kt:103:21 Cannot infer type for this parameter. Specify it explicitly.
e: file:///Users/jim/work/v2superbikeshed/Trikeshed/src/commonMain/kotlin/borg/trikeshed/cursor/Cursor.kt:104:25 Cannot infer type for this parameter. Specify it explicitly.
e: file:///Users/jim/work/v2superbikeshed/Trikeshed/src/commonMain/kotlin/borg/trikeshed/cursor/Cursor.kt:104:25 Not enough information to infer type argument for 'B'.
e: file:///Users/jim/work/v2superbikeshed/Trikeshed/src/commonMain/kotlin/borg/trikeshed/cursor/Cursor.kt:104:29 Cannot infer type for this parameter. Specify it explicitly.
e: file:///Users/jim/work/v2superbikeshed/Trikeshed/src/commonMain/kotlin/borg/trikeshed/cursor/Cursor.kt:106:36 Cannot infer type for this parameter. Specify it explicitly.
e: file:///Users/jim/work/v2superbikeshed/Trikeshed/src/commonMain/kotlin/borg/trikeshed/cursor/Cursor.kt:106:36 Not enough information to infer type argument for 'T'.
e: file:///Users/jim/work/v2superbikeshed/Trikeshed/src/commonMain/kotlin/borg/trikeshed/cursor/Cursor.kt:128:21 None of the following candidates is applicable:
fun Join<Int, Function1<Int, RowVec>>.get(rowRange: IntRange): Join<Int, Function1<Int, RowVec>>
fun Join<Int, Function1<Int, RowVec>>.get(vararg colIndices: Int): Join<Int, Function1<Int, RowVec>>
e: file:///Users/jim/work/v2superbikeshed/Trikeshed/src/commonMain/kotlin/borg/trikeshed/cursor/Cursor.kt:129:35 Cannot infer type for this parameter. Specify it explicitly.
e: file:///Users/jim/work/v2superbikeshed/Trikeshed/src/commonMain/kotlin/borg/trikeshed/cursor/Cursor.kt:129:35 Not enough information to infer type argument for 'B'.
e: file:///Users/jim/work/v2superbikeshed/Trikeshed/src/commonMain/kotlin/borg/trikeshed/cursor/Cursor.kt:129:39 Cannot infer type for this parameter. Specify it explicitly.
e: file:///Users/jim/work/v2superbikeshed/Trikeshed/src/commonMain/kotlin/borg/trikeshed/cursor/Cursor.kt:129:44 None of the following candidates is applicable:
fun Join<Int, Function1<Int, RowVec>>.get(rowRange: IntRange): Join<Int, Function1<Int, RowVec>>
fun Join<Int, Function1<Int, RowVec>>.get(vararg colIndices: Int): Join<Int, Function1<Int, RowVec>>
fun Join<Cursor, Indexed<ColumnMeta>>.get(vararg columnNames: String): Join<Cursor, Indexed<ColumnMeta>>
e: file:///Users/jim/work/v2superbikeshed/Trikeshed/src/commonMain/kotlin/borg/trikeshed/cursor/Cursor.kt:131:22 Cannot infer type for this parameter. Specify it explicitly.
e: file:///Users/jim/work/v2superbikeshed/Trikeshed/src/commonMain/kotlin/borg/trikeshed/cursor/Cursor.kt:131:22 Unresolved reference. None of the following candidates is applicable because of a receiver type mismatch:
fun <A, B> A.j(b: B): Join<A, B>
e: file:///Users/jim/work/v2superbikeshed/Trikeshed/src/commonMain/kotlin/borg/trikeshed/cursor/Cursor.kt:156:28 Prohibited vararg parameter type 'ColumnExclusion'.
e: file:///Users/jim/work/v2superbikeshed/Trikeshed/src/commonMain/kotlin/borg/trikeshed/cursor/Cursor.kt:165:21 None of the following candidates is applicable:
fun Join<Int, Function1<Int, RowVec>>.get(rowRange: IntRange): Join<Int, Function1<Int, RowVec>>
fun Join<Int, Function1<Int, RowVec>>.get(vararg colIndices: Int): Join<Int, Function1<Int, RowVec>>
e: file:///Users/jim/work/v2superbikeshed/Trikeshed/src/commonMain/kotlin/borg/trikeshed/cursor/Cursor.kt:166:40 Cannot infer type for this parameter. Specify it explicitly.
e: file:///Users/jim/work/v2superbikeshed/Trikeshed/src/commonMain/kotlin/borg/trikeshed/cursor/Cursor.kt:166:40 Not enough information to infer type argument for 'B'.
e: file:///Users/jim/work/v2superbikeshed/Trikeshed/src/commonMain/kotlin/borg/trikeshed/cursor/Cursor.kt:166:44 Cannot infer type for this parameter. Specify it explicitly.
e: file:///Users/jim/work/v2superbikeshed/Trikeshed/src/commonMain/kotlin/borg/trikeshed/cursor/Cursor.kt:166:49 None of the following candidates is applicable:
fun Join<Int, Function1<Int, RowVec>>.get(rowRange: IntRange): Join<Int, Function1<Int, RowVec>>
fun Join<Int, Function1<Int, RowVec>>.get(vararg colIndices: Int): Join<Int, Function1<Int, RowVec>>
fun Join<Cursor, Indexed<ColumnMeta>>.get(vararg columnNames: String): Join<Cursor, Indexed<ColumnMeta>>
e: file:///Users/jim/work/v2superbikeshed/Trikeshed/src/commonMain/kotlin/borg/trikeshed/cursor/Cursor.kt:168:22 Cannot infer type for this parameter. Specify it explicitly.
e: file:///Users/jim/work/v2superbikeshed/Trikeshed/src/commonMain/kotlin/borg/trikeshed/cursor/Cursor.kt:168:22 Unresolved reference. None of the following candidates is applicable because of a receiver type mismatch:
fun <A, B> A.j(b: B): Join<A, B>
e: file:///Users/jim/work/v2superbikeshed/Trikeshed/src/commonMain/kotlin/borg/trikeshed/cursor/Cursor.kt:178:1 Conflicting overloads:
fun Join<Int, Function1<Int, RowVec>>.head(last: Int = ...): Unit
e: file:///Users/jim/work/v2superbikeshed/Trikeshed/src/commonMain/kotlin/borg/trikeshed/cursor/Cursor.kt:195:1 Conflicting overloads:
fun Join<Int, Function1<Int, RowVec>>.head(count: Int = ...): Unit
e: file:///Users/jim/work/v2superbikeshed/Trikeshed/src/commonMain/kotlin/borg/trikeshed/cursor/Cursor.kt:195:40 Unresolved reference. None of the following candidates is applicable because of a receiver type mismatch:
fun Join<Cursor, Indexed<ColumnMeta>>.show(range: IntRange = ...): Unit
e: file:///Users/jim/work/v2superbikeshed/Trikeshed/src/commonMain/kotlin/borg/trikeshed/cursor/Cursor.kt:199:5 Overload resolution ambiguity between candidates:
fun Join<Int, Function1<Int, RowVec>>.head(count: Int = ...): Unit
fun Join<Int, Function1<Int, RowVec>>.head(last: Int = ...): Unit
e: file:///Users/jim/work/v2superbikeshed/Trikeshed/src/commonMain/kotlin/borg/trikeshed/cursor/Cursor.kt:200:23 Unresolved reference. None of the following candidates is applicable because of a receiver type mismatch:
fun Join<Cursor, Indexed<ColumnMeta>>.showValues(range: IntRange): Unit
e: file:///Users/jim/work/v2superbikeshed/Trikeshed/src/commonMain/kotlin/borg/trikeshed/cursor/Cursor.kt:236:27 Unresolved reference 'IoByte'.
e: file:///Users/jim/work/v2superbikeshed/Trikeshed/src/commonMain/kotlin/borg/trikeshed/cursor/Cursor.kt:236:45 Unresolved reference 'IoShort'.
e: file:///Users/jim/work/v2superbikeshed/Trikeshed/src/commonMain/kotlin/borg/trikeshed/cursor/Cursor.kt:236:64 Unresolved reference 'IoInt'.
e: file:///Users/jim/work/v2superbikeshed/Trikeshed/src/commonMain/kotlin/borg/trikeshed/cursor/Cursor.kt:237:27 Unresolved reference 'IoFloat'.
e: file:///Users/jim/work/v2superbikeshed/Trikeshed/src/commonMain/kotlin/borg/trikeshed/cursor/Cursor.kt:237:46 Unresolved reference 'IoDouble'.
e: file:///Users/jim/work/v2superbikeshed/Trikeshed/src/commonMain/kotlin/borg/trikeshed/cursor/Cursor.kt:237:66 Unresolved reference 'IoLong'.
e: file:///Users/jim/work/v2superbikeshed/Trikeshed/src/commonMain/kotlin/borg/trikeshed/cursor/Cursor.kt:247:25 None of the following candidates is applicable:
fun Join<Int, Function1<Int, RowVec>>.get(rowRange: IntRange): Join<Int, Function1<Int, RowVec>>
fun Join<Int, Function1<Int, RowVec>>.get(vararg colIndices: Int): Join<Int, Function1<Int, RowVec>>
fun Join<Cursor, Indexed<ColumnMeta>>.get(vararg columnNames: String): Join<Cursor, Indexed<ColumnMeta>>
e: file:///Users/jim/work/v2superbikeshed/Trikeshed/src/commonMain/kotlin/borg/trikeshed/cursor/Cursor.kt:247:33 Unresolved reference 'type'.
e: file:///Users/jim/work/v2superbikeshed/Trikeshed/src/commonMain/kotlin/borg/trikeshed/cursor/Cursor.kt:261:103 Unresolved reference 'KClass'.
e: file:///Users/jim/work/v2superbikeshed/Trikeshed/src/commonMain/kotlin/borg/trikeshed/cursor/Cursor.kt:262:8 Unresolved reference 'KClass'.
e: file:///Users/jim/work/v2superbikeshed/Trikeshed/src/commonMain/kotlin/borg/trikeshed/cursor/Cursor.kt:263:32 Overload resolution ambiguity between candidates:
fun <X, C, V : Join<Int, Function1<Int, X>>> V.α(crossinline xform: (X) -> C): Join<Int, Function1<Int, C>>
fun <X, C, V : Join<Int, Function1<Int, X>>> V.α(crossinline xform: (X) -> C): Join<Int, Function1<Int, C>>
e: file:///Users/jim/work/v2superbikeshed/Trikeshed/src/commonMain/kotlin/borg/trikeshed/cursor/Cursor.kt:263:36 Unresolved reference 'it'.
e: file:///Users/jim/work/v2superbikeshed/Trikeshed/src/commonMain/kotlin/borg/trikeshed/cursor/Cursor.kt:263:57 Cannot infer type for this parameter. Specify it explicitly.
e: file:///Users/jim/work/v2superbikeshed/Trikeshed/src/commonMain/kotlin/borg/trikeshed/cursor/Cursor.kt:263:57 Not enough information to infer type argument for 'X'.
e: file:///Users/jim/work/v2superbikeshed/Trikeshed/src/commonMain/kotlin/borg/trikeshed/cursor/Cursor.kt:263:57 Not enough information to infer type argument for 'C'.
e: file:///Users/jim/work/v2superbikeshed/Trikeshed/src/commonMain/kotlin/borg/trikeshed/cursor/Cursor.kt:263:59 Cannot infer type for this parameter. Specify it explicitly.
e: file:///Users/jim/work/v2superbikeshed/Trikeshed/src/commonMain/kotlin/borg/trikeshed/cursor/Cursor.kt:263:79 Unresolved reference 'it'.
e: file:///Users/jim/work/v2superbikeshed/Trikeshed/src/commonMain/kotlin/borg/trikeshed/cursor/Cursor.kt:263:82 Cannot infer type for this parameter. Specify it explicitly.
e: file:///Users/jim/work/v2superbikeshed/Trikeshed/src/commonMain/kotlin/borg/trikeshed/cursor/Cursor.kt:263:84 Cannot infer type for this parameter. Specify it explicitly.
e: file:///Users/jim/work/v2superbikeshed/Trikeshed/src/commonMain/kotlin/borg/trikeshed/dht/gossip/GossipService.kt:138:30 Cannot infer type for this parameter. Specify it explicitly.
e: file:///Users/jim/work/v2superbikeshed/Trikeshed/src/commonMain/kotlin/borg/trikeshed/dht/gossip/GossipService.kt:138:30 Unresolved reference. None of the following candidates is applicable because of a receiver type mismatch:
fun <T> Join<Int, Function1<Int, Join<Any?, TypeMemento>>>.get(column: Column<T>): T?
e: file:///Users/jim/work/v2superbikeshed/Trikeshed/src/commonMain/kotlin/borg/trikeshed/dht/gossip/GossipService.kt:149:30 Cannot infer type for this parameter. Specify it explicitly.
e: file:///Users/jim/work/v2superbikeshed/Trikeshed/src/commonMain/kotlin/borg/trikeshed/dht/gossip/GossipService.kt:149:30 Unresolved reference. None of the following candidates is applicable because of a receiver type mismatch:
fun <T> Join<Int, Function1<Int, Join<Any?, TypeMemento>>>.get(column: Column<T>): T?
e: file:///Users/jim/work/v2superbikeshed/Trikeshed/src/commonMain/kotlin/borg/trikeshed/dht/integration/DHTQuicIntegration.kt:44:27 Unresolved reference 'ReactorNetwork'.
e: file:///Users/jim/work/v2superbikeshed/Trikeshed/src/commonMain/kotlin/borg/trikeshed/dht/integration/DHTQuicIntegration.kt:45:45 No type arguments expected for class Reactor : Any.
e: file:///Users/jim/work/v2superbikeshed/Trikeshed/src/commonMain/kotlin/borg/trikeshed/dht/integration/DHTQuicIntegration.kt:56:70 Argument type mismatch: actual type is 'Join<Int, Function1<Int, Join<Any?, TypeMemento>>>', but 'Join<Int, Function1<Int, Byte>>' was expected.
e: file:///Users/jim/work/v2superbikeshed/Trikeshed/src/commonMain/kotlin/borg/trikeshed/dht/integration/DHTQuicIntegration.kt:56:70 Cannot infer type for this parameter. Specify it explicitly.
e: file:///Users/jim/work/v2superbikeshed/Trikeshed/src/commonMain/kotlin/borg/trikeshed/dht/integration/DHTQuicIntegration.kt:56:70 Unresolved reference. None of the following candidates is applicable because of a receiver type mismatch:
fun <T> Join<Int, Function1<Int, Join<Any?, TypeMemento>>>.get(column: Column<T>): T?
e: file:///Users/jim/work/v2superbikeshed/Trikeshed/src/commonMain/kotlin/borg/trikeshed/dht/integration/DHTQuicIntegration.kt:84:33 No type arguments expected for constructor(dispatcher: CoroutineDispatcher = ..., numSelectorThreads: Int = ...): Reactor.
e: file:///Users/jim/work/v2superbikeshed/Trikeshed/src/commonMain/kotlin/borg/trikeshed/dht/integration/DHTQuicIntegration.kt:84:49 Argument type mismatch: actual type is 'String', but 'CoroutineDispatcher' was expected.
e: file:///Users/jim/work/v2superbikeshed/Trikeshed/src/commonMain/kotlin/borg/trikeshed/dht/integration/DHTQuicIntegration.kt:85:24 Unresolved reference 'on'.
e: file:///Users/jim/work/v2superbikeshed/Trikeshed/src/commonMain/kotlin/borg/trikeshed/dht/integration/DHTQuicIntegration.kt:85:48 Cannot infer type for this parameter. Specify it explicitly.
e: file:///Users/jim/work/v2superbikeshed/Trikeshed/src/commonMain/kotlin/borg/trikeshed/dht/integration/DHTQuicIntegration.kt:86:17 Suspension functions can only be called within coroutine body.
e: file:///Users/jim/work/v2superbikeshed/Trikeshed/src/commonMain/kotlin/borg/trikeshed/dht/integration/DHTQuicIntegration.kt:86:38 Unresolved reference 'data'.
e: file:///Users/jim/work/v2superbikeshed/Trikeshed/src/commonMain/kotlin/borg/trikeshed/dht/integration/DHTQuicIntegration.kt:108:24 Cannot infer type for this parameter. Specify it explicitly.
e: file:///Users/jim/work/v2superbikeshed/Trikeshed/src/commonMain/kotlin/borg/trikeshed/dht/integration/DHTQuicIntegration.kt:108:24 Unresolved reference. None of the following candidates is applicable because of a receiver type mismatch:
fun <T> Join<Int, Function1<Int, Join<Any?, TypeMemento>>>.get(column: Column<T>): T?
e: file:///Users/jim/work/v2superbikeshed/Trikeshed/src/commonMain/kotlin/borg/trikeshed/dht/integration/DHTQuicIntegration.kt:109:22 Unresolved reference 'nodeId'.
e: file:///Users/jim/work/v2superbikeshed/Trikeshed/src/commonMain/kotlin/borg/trikeshed/dht/integration/DHTQuicIntegration.kt:111:35 Unresolved reference 'nodeId'.
e: file:///Users/jim/work/v2superbikeshed/Trikeshed/src/commonMain/kotlin/borg/trikeshed/dht/integration/DHTQuicIntegration.kt:162:24 Unresolved reference 'emit'.
e: file:///Users/jim/work/v2superbikeshed/Trikeshed/src/commonMain/kotlin/borg/trikeshed/dht/integration/DHTQuicIntegration.kt:239:24 Cannot infer type for this parameter. Specify it explicitly.
e: file:///Users/jim/work/v2superbikeshed/Trikeshed/src/commonMain/kotlin/borg/trikeshed/dht/integration/DHTQuicIntegration.kt:239:24 Unresolved reference. None of the following candidates is applicable because of a receiver type mismatch:
fun <T> Join<Int, Function1<Int, Join<Any?, TypeMemento>>>.get(column: Column<T>): T?
e: file:///Users/jim/work/v2superbikeshed/Trikeshed/src/commonMain/kotlin/borg/trikeshed/dht/integration/DHTQuicIntegration.kt:250:38 Unresolved reference 'nodeId'.
e: file:///Users/jim/work/v2superbikeshed/Trikeshed/src/commonMain/kotlin/borg/trikeshed/dht/integration/DHTQuicIntegration.kt:268:24 Cannot infer type for this parameter. Specify it explicitly.
e: file:///Users/jim/work/v2superbikeshed/Trikeshed/src/commonMain/kotlin/borg/trikeshed/dht/integration/DHTQuicIntegration.kt:268:24 Unresolved reference. None of the following candidates is applicable because of a receiver type mismatch:
fun <T> Join<Int, Function1<Int, Join<Any?, TypeMemento>>>.get(column: Column<T>): T?
e: file:///Users/jim/work/v2superbikeshed/Trikeshed/src/commonMain/kotlin/borg/trikeshed/dht/integration/DHTQuicIntegration.kt:278:34 Unresolved reference 'nodeId'.
e: file:///Users/jim/work/v2superbikeshed/Trikeshed/src/commonMain/kotlin/borg/trikeshed/dht/integration/DHTQuicIntegration.kt:344:24 Cannot infer type for this parameter. Specify it explicitly.
e: file:///Users/jim/work/v2superbikeshed/Trikeshed/src/commonMain/kotlin/borg/trikeshed/dht/integration/DHTQuicIntegration.kt:344:24 Unresolved reference. None of the following candidates is applicable because of a receiver type mismatch:
fun <T> Join<Int, Function1<Int, Join<Any?, TypeMemento>>>.get(column: Column<T>): T?
e: file:///Users/jim/work/v2superbikeshed/Trikeshed/src/commonMain/kotlin/borg/trikeshed/dht/integration/DHTQuicIntegration.kt:471:67 Argument type mismatch: actual type is 'Byte?', but 'Byte' was expected.
e: file:///Users/jim/work/v2superbikeshed/Trikeshed/src/commonMain/kotlin/borg/trikeshed/dht/integration/DHTQuicIntegration.kt:471:67 Unresolved reference. None of the following candidates is applicable because of a receiver type mismatch:
fun <T> Join<Int, Function1<Int, Join<Any?, TypeMemento>>>.get(column: Column<T>): T?
e: file:///Users/jim/work/v2superbikeshed/Trikeshed/src/commonMain/kotlin/borg/trikeshed/dht/kademlia/codec/KademliaCodec.kt:55:70 Argument type mismatch: actual type is 'Byte?', but 'Byte' was expected.
e: file:///Users/jim/work/v2superbikeshed/Trikeshed/src/commonMain/kotlin/borg/trikeshed/dht/kademlia/codec/KademliaCodec.kt:55:70 Unresolved reference. None of the following candidates is applicable because of a receiver type mismatch:
fun <T> Join<Int, Function1<Int, Join<Any?, TypeMemento>>>.get(column: Column<T>): T?
e: file:///Users/jim/work/v2superbikeshed/Trikeshed/src/commonMain/kotlin/borg/trikeshed/dht/kademlia/codec/KademliaCodec.kt:56:76 Argument type mismatch: actual type is 'Byte?', but 'Byte' was expected.
e: file:///Users/jim/work/v2superbikeshed/Trikeshed/src/commonMain/kotlin/borg/trikeshed/dht/kademlia/codec/KademliaCodec.kt:56:76 Unresolved reference. None of the following candidates is applicable because of a receiver type mismatch:
fun <T> Join<Int, Function1<Int, Join<Any?, TypeMemento>>>.get(column: Column<T>): T?
e: file:///Users/jim/work/v2superbikeshed/Trikeshed/src/commonMain/kotlin/borg/trikeshed/dht/kademlia/codec/KademliaCodec.kt:61:84 Argument type mismatch: actual type is 'Byte?', but 'Byte' was expected.
e: file:///Users/jim/work/v2superbikeshed/Trikeshed/src/commonMain/kotlin/borg/trikeshed/dht/kademlia/codec/KademliaCodec.kt:61:84 Unresolved reference. None of the following candidates is applicable because of a receiver type mismatch:
fun <T> Join<Int, Function1<Int, Join<Any?, TypeMemento>>>.get(column: Column<T>): T?
e: file:///Users/jim/work/v2superbikeshed/Trikeshed/src/commonMain/kotlin/borg/trikeshed/dht/kademlia/codec/KademliaCodec.kt:65:102 Argument type mismatch: actual type is 'Byte?', but 'Byte' was expected.
e: file:///Users/jim/work/v2superbikeshed/Trikeshed/src/commonMain/kotlin/borg/trikeshed/dht/kademlia/codec/KademliaCodec.kt:65:102 Unresolved reference. None of the following candidates is applicable because of a receiver type mismatch:
fun <T> Join<Int, Function1<Int, Join<Any?, TypeMemento>>>.get(column: Column<T>): T?
e: file:///Users/jim/work/v2superbikeshed/Trikeshed/src/commonMain/kotlin/borg/trikeshed/dht/kademlia/codec/KademliaCodec.kt:66:96 Argument type mismatch: actual type is 'Byte?', but 'Byte' was expected.
e: file:///Users/jim/work/v2superbikeshed/Trikeshed/src/commonMain/kotlin/borg/trikeshed/dht/kademlia/codec/KademliaCodec.kt:66:96 Unresolved reference. None of the following candidates is applicable because of a receiver type mismatch:
fun <T> Join<Int, Function1<Int, Join<Any?, TypeMemento>>>.get(column: Column<T>): T?
e: file:///Users/jim/work/v2superbikeshed/Trikeshed/src/commonMain/kotlin/borg/trikeshed/dht/kademlia/codec/KademliaCodec.kt:71:84 Argument type mismatch: actual type is 'Byte?', but 'Byte' was expected.
e: file:///Users/jim/work/v2superbikeshed/Trikeshed/src/commonMain/kotlin/borg/trikeshed/dht/kademlia/codec/KademliaCodec.kt:71:84 Unresolved reference. None of the following candidates is applicable because of a receiver type mismatch:
fun <T> Join<Int, Function1<Int, Join<Any?, TypeMemento>>>.get(column: Column<T>): T?
e: file:///Users/jim/work/v2superbikeshed/Trikeshed/src/commonMain/kotlin/borg/trikeshed/dht/kademlia/codec/KademliaCodec.kt:76:102 Argument type mismatch: actual type is 'Byte?', but 'Byte' was expected.
e: file:///Users/jim/work/v2superbikeshed/Trikeshed/src/commonMain/kotlin/borg/trikeshed/dht/kademlia/codec/KademliaCodec.kt:76:102 Unresolved reference. None of the following candidates is applicable because of a receiver type mismatch:
fun <T> Join<Int, Function1<Int, Join<Any?, TypeMemento>>>.get(column: Column<T>): T?
e: file:///Users/jim/work/v2superbikeshed/Trikeshed/src/commonMain/kotlin/borg/trikeshed/dht/kademlia/codec/KademliaCodec.kt:77:84 Argument type mismatch: actual type is 'Byte?', but 'Byte' was expected.
e: file:///Users/jim/work/v2superbikeshed/Trikeshed/src/commonMain/kotlin/borg/trikeshed/dht/kademlia/codec/KademliaCodec.kt:77:84 Unresolved reference. None of the following candidates is applicable because of a receiver type mismatch:
fun <T> Join<Int, Function1<Int, Join<Any?, TypeMemento>>>.get(column: Column<T>): T?
e: file:///Users/jim/work/v2superbikeshed/Trikeshed/src/commonMain/kotlin/borg/trikeshed/dht/kademlia/codec/KademliaCodec.kt:80:76 Argument type mismatch: actual type is 'Byte?', but 'Byte' was expected.
e: file:///Users/jim/work/v2superbikeshed/Trikeshed/src/commonMain/kotlin/borg/trikeshed/dht/kademlia/codec/KademliaCodec.kt:80:76 Unresolved reference. None of the following candidates is applicable because of a receiver type mismatch:
fun <T> Join<Int, Function1<Int, Join<Any?, TypeMemento>>>.get(column: Column<T>): T?
e: file:///Users/jim/work/v2superbikeshed/Trikeshed/src/commonMain/kotlin/borg/trikeshed/dht/kademlia/codec/KademliaCodec.kt:84:79 Argument type mismatch: actual type is 'Byte?', but 'Byte' was expected.
e: file:///Users/jim/work/v2superbikeshed/Trikeshed/src/commonMain/kotlin/borg/trikeshed/dht/kademlia/codec/KademliaCodec.kt:84:79 Unresolved reference. None of the following candidates is applicable because of a receiver type mismatch:
fun <T> Join<Int, Function1<Int, Join<Any?, TypeMemento>>>.get(column: Column<T>): T?
e: file:///Users/jim/work/v2superbikeshed/Trikeshed/src/commonMain/kotlin/borg/trikeshed/dht/kademlia/codec/KademliaCodec.kt:91:63 Argument type mismatch: actual type is 'Byte?', but 'Byte' was expected.
e: file:///Users/jim/work/v2superbikeshed/Trikeshed/src/commonMain/kotlin/borg/trikeshed/dht/kademlia/codec/KademliaCodec.kt:91:63 Unresolved reference. None of the following candidates is applicable because of a receiver type mismatch:
fun <T> Join<Int, Function1<Int, Join<Any?, TypeMemento>>>.get(column: Column<T>): T?
e: file:///Users/jim/work/v2superbikeshed/Trikeshed/src/commonMain/kotlin/borg/trikeshed/dht/kademlia/codec/KademliaCodec.kt:92:67 Argument type mismatch: actual type is 'Byte?', but 'Byte' was expected.
e: file:///Users/jim/work/v2superbikeshed/Trikeshed/src/commonMain/kotlin/borg/trikeshed/dht/kademlia/codec/KademliaCodec.kt:92:67 Unresolved reference. None of the following candidates is applicable because of a receiver type mismatch:
fun <T> Join<Int, Function1<Int, Join<Any?, TypeMemento>>>.get(column: Column<T>): T?
e: file:///Users/jim/work/v2superbikeshed/Trikeshed/src/commonMain/kotlin/borg/trikeshed/dht/kademlia/codec/KademliaCodec.kt:97:102 Argument type mismatch: actual type is 'Byte?', but 'Byte' was expected.
e: file:///Users/jim/work/v2superbikeshed/Trikeshed/src/commonMain/kotlin/borg/trikeshed/dht/kademlia/codec/KademliaCodec.kt:97:102 Unresolved reference. None of the following candidates is applicable because of a receiver type mismatch:
fun <T> Join<Int, Function1<Int, Join<Any?, TypeMemento>>>.get(column: Column<T>): T?
e: file:///Users/jim/work/v2superbikeshed/Trikeshed/src/commonMain/kotlin/borg/trikeshed/dht/kademlia/codec/KademliaCodec.kt:98:63 Argument type mismatch: actual type is 'Byte?', but 'Byte' was expected.
e: file:///Users/jim/work/v2superbikeshed/Trikeshed/src/commonMain/kotlin/borg/trikeshed/dht/kademlia/codec/KademliaCodec.kt:98:63 Unresolved reference. None of the following candidates is applicable because of a receiver type mismatch:
fun <T> Join<Int, Function1<Int, Join<Any?, TypeMemento>>>.get(column: Column<T>): T?
e: file:///Users/jim/work/v2superbikeshed/Trikeshed/src/commonMain/kotlin/borg/trikeshed/dht/kademlia/codec/KademliaCodec.kt:103:63 Argument type mismatch: actual type is 'Byte?', but 'Byte' was expected.
e: file:///Users/jim/work/v2superbikeshed/Trikeshed/src/commonMain/kotlin/borg/trikeshed/dht/kademlia/codec/KademliaCodec.kt:103:63 Unresolved reference. None of the following candidates is applicable because of a receiver type mismatch:
fun <T> Join<Int, Function1<Int, Join<Any?, TypeMemento>>>.get(column: Column<T>): T?
e: file:///Users/jim/work/v2superbikeshed/Trikeshed/src/commonMain/kotlin/borg/trikeshed/dht/kademlia/codec/KademliaCodec.kt:107:102 Argument type mismatch: actual type is 'Byte?', but 'Byte' was expected.
e: file:///Users/jim/work/v2superbikeshed/Trikeshed/src/commonMain/kotlin/borg/trikeshed/dht/kademlia/codec/KademliaCodec.kt:107:102 Unresolved reference. None of the following candidates is applicable because of a receiver type mismatch:
fun <T> Join<Int, Function1<Int, Join<Any?, TypeMemento>>>.get(column: Column<T>): T?
e: file:///Users/jim/work/v2superbikeshed/Trikeshed/src/commonMain/kotlin/borg/trikeshed/dht/kademlia/codec/KademliaCodec.kt:108:63 Argument type mismatch: actual type is 'Byte?', but 'Byte' was expected.
e: file:///Users/jim/work/v2superbikeshed/Trikeshed/src/commonMain/kotlin/borg/trikeshed/dht/kademlia/codec/KademliaCodec.kt:108:63 Unresolved reference. None of the following candidates is applicable because of a receiver type mismatch:
fun <T> Join<Int, Function1<Int, Join<Any?, TypeMemento>>>.get(column: Column<T>): T?
e: file:///Users/jim/work/v2superbikeshed/Trikeshed/src/commonMain/kotlin/borg/trikeshed/dht/kademlia/codec/KademliaCodec.kt:109:67 Argument type mismatch: actual type is 'Byte?', but 'Byte' was expected.
e: file:///Users/jim/work/v2superbikeshed/Trikeshed/src/commonMain/kotlin/borg/trikeshed/dht/kademlia/codec/KademliaCodec.kt:109:67 Unresolved reference. None of the following candidates is applicable because of a receiver type mismatch:
fun <T> Join<Int, Function1<Int, Join<Any?, TypeMemento>>>.get(column: Column<T>): T?
e: file:///Users/jim/work/v2superbikeshed/Trikeshed/src/commonMain/kotlin/borg/trikeshed/dht/kademlia/codec/KademliaCodec.kt:112:76 Argument type mismatch: actual type is 'Byte?', but 'Byte' was expected.
e: file:///Users/jim/work/v2superbikeshed/Trikeshed/src/commonMain/kotlin/borg/trikeshed/dht/kademlia/codec/KademliaCodec.kt:112:76 Unresolved reference. None of the following candidates is applicable because of a receiver type mismatch:
fun <T> Join<Int, Function1<Int, Join<Any?, TypeMemento>>>.get(column: Column<T>): T?
e: file:///Users/jim/work/v2superbikeshed/Trikeshed/src/commonMain/kotlin/borg/trikeshed/dht/kademlia/codec/KademliaCodec.kt:116:79 Argument type mismatch: actual type is 'Byte?', but 'Byte' was expected.
e: file:///Users/jim/work/v2superbikeshed/Trikeshed/src/commonMain/kotlin/borg/trikeshed/dht/kademlia/codec/KademliaCodec.kt:116:79 Unresolved reference. None of the following candidates is applicable because of a receiver type mismatch:
fun <T> Join<Int, Function1<Int, Join<Any?, TypeMemento>>>.get(column: Column<T>): T?
e: file:///Users/jim/work/v2superbikeshed/Trikeshed/src/commonMain/kotlin/borg/trikeshed/dht/kademlia/codec/KademliaCodec.kt:123:88 Argument type mismatch: actual type is 'Byte?', but 'Byte' was expected.
e: file:///Users/jim/work/v2superbikeshed/Trikeshed/src/commonMain/kotlin/borg/trikeshed/dht/kademlia/codec/KademliaCodec.kt:123:88 Unresolved reference. None of the following candidates is applicable because of a receiver type mismatch:
fun <T> Join<Int, Function1<Int, Join<Any?, TypeMemento>>>.get(column: Column<T>): T?
e: file:///Users/jim/work/v2superbikeshed/Trikeshed/src/commonMain/kotlin/borg/trikeshed/dht/kademlia/codec/KademliaCodec.kt:124:75 Argument type mismatch: actual type is 'Byte?', but 'Byte' was expected.
e: file:///Users/jim/work/v2superbikeshed/Trikeshed/src/commonMain/kotlin/borg/trikeshed/dht/kademlia/codec/KademliaCodec.kt:124:75 Unresolved reference. None of the following candidates is applicable because of a receiver type mismatch:
fun <T> Join<Int, Function1<Int, Join<Any?, TypeMemento>>>.get(column: Column<T>): T?
e: file:///Users/jim/work/v2superbikeshed/Trikeshed/src/commonMain/kotlin/borg/trikeshed/dht/kademlia/codec/KademliaCodec.kt:125:94 Argument type mismatch: actual type is 'Byte?', but 'Byte' was expected.
e: file:///Users/jim/work/v2superbikeshed/Trikeshed/src/commonMain/kotlin/borg/trikeshed/dht/kademlia/codec/KademliaCodec.kt:125:94 Unresolved reference. None of the following candidates is applicable because of a receiver type mismatch:
fun <T> Join<Int, Function1<Int, Join<Any?, TypeMemento>>>.get(column: Column<T>): T?
e: file:///Users/jim/work/v2superbikeshed/Trikeshed/src/commonMain/kotlin/borg/trikeshed/dht/kademlia/codec/KademliaCodec.kt:128:102 Argument type mismatch: actual type is 'Byte?', but 'Byte' was expected.
e: file:///Users/jim/work/v2superbikeshed/Trikeshed/src/commonMain/kotlin/borg/trikeshed/dht/kademlia/codec/KademliaCodec.kt:128:102 Unresolved reference. None of the following candidates is applicable because of a receiver type mismatch:
fun <T> Join<Int, Function1<Int, Join<Any?, TypeMemento>>>.get(column: Column<T>): T?
e: file:///Users/jim/work/v2superbikeshed/Trikeshed/src/commonMain/kotlin/borg/trikeshed/dht/kademlia/codec/KademliaCodec.kt:133:76 Argument type mismatch: actual type is 'Byte?', but 'Byte' was expected.
e: file:///Users/jim/work/v2superbikeshed/Trikeshed/src/commonMain/kotlin/borg/trikeshed/dht/kademlia/codec/KademliaCodec.kt:133:76 Unresolved reference. None of the following candidates is applicable because of a receiver type mismatch:
fun <T> Join<Int, Function1<Int, Join<Any?, TypeMemento>>>.get(column: Column<T>): T?
e: file:///Users/jim/work/v2superbikeshed/Trikeshed/src/commonMain/kotlin/borg/trikeshed/dht/kademlia/codec/KademliaCodec.kt:137:79 Argument type mismatch: actual type is 'Byte?', but 'Byte' was expected.
e: file:///Users/jim/work/v2superbikeshed/Trikeshed/src/commonMain/kotlin/borg/trikeshed/dht/kademlia/codec/KademliaCodec.kt:137:79 Unresolved reference. None of the following candidates is applicable because of a receiver type mismatch:
fun <T> Join<Int, Function1<Int, Join<Any?, TypeMemento>>>.get(column: Column<T>): T?
e: file:///Users/jim/work/v2superbikeshed/Trikeshed/src/commonMain/kotlin/borg/trikeshed/dht/kademlia/codec/KademliaCodec.kt:245:31 Cannot infer type for this parameter. Specify it explicitly.
e: file:///Users/jim/work/v2superbikeshed/Trikeshed/src/commonMain/kotlin/borg/trikeshed/dht/kademlia/codec/KademliaCodec.kt:245:31 Unresolved reference. None of the following candidates is applicable because of a receiver type mismatch:
fun <T> Join<Int, Function1<Int, Join<Any?, TypeMemento>>>.get(column: Column<T>): T?
e: file:///Users/jim/work/v2superbikeshed/Trikeshed/src/commonMain/kotlin/borg/trikeshed/dht/kademlia/codec/KademliaCodec.kt:247:64 Argument type mismatch: actual type is 'Byte?', but 'Byte' was expected.
e: file:///Users/jim/work/v2superbikeshed/Trikeshed/src/commonMain/kotlin/borg/trikeshed/dht/kademlia/codec/KademliaCodec.kt:247:64 Unresolved reference. None of the following candidates is applicable because of a receiver type mismatch:
fun <T> Join<Int, Function1<Int, Join<Any?, TypeMemento>>>.get(column: Column<T>): T?
e: file:///Users/jim/work/v2superbikeshed/Trikeshed/src/commonMain/kotlin/borg/trikeshed/dht/kademlia/codec/KademliaCodec.kt:252:26 Cannot infer type for this parameter. Specify it explicitly.
e: file:///Users/jim/work/v2superbikeshed/Trikeshed/src/commonMain/kotlin/borg/trikeshed/dht/kademlia/codec/KademliaCodec.kt:252:26 Unresolved reference. None of the following candidates is applicable because of a receiver type mismatch:
fun <T> Join<Int, Function1<Int, Join<Any?, TypeMemento>>>.get(column: Column<T>): T?
e: file:///Users/jim/work/v2superbikeshed/Trikeshed/src/commonMain/kotlin/borg/trikeshed/dht/kademlia/codec/KademliaCodec.kt:270:25 Cannot infer type for this parameter. Specify it explicitly.
e: file:///Users/jim/work/v2superbikeshed/Trikeshed/src/commonMain/kotlin/borg/trikeshed/dht/kademlia/codec/KademliaCodec.kt:270:25 Unresolved reference. None of the following candidates is applicable because of a receiver type mismatch:
fun <T> Join<Int, Function1<Int, Join<Any?, TypeMemento>>>.get(column: Column<T>): T?
e: file:///Users/jim/work/v2superbikeshed/Trikeshed/src/commonMain/kotlin/borg/trikeshed/dht/kademlia/codec/KademliaCodec.kt:272:52 Argument type mismatch: actual type is 'Byte?', but 'Byte' was expected.
e: file:///Users/jim/work/v2superbikeshed/Trikeshed/src/commonMain/kotlin/borg/trikeshed/dht/kademlia/codec/KademliaCodec.kt:272:52 Unresolved reference. None of the following candidates is applicable because of a receiver type mismatch:
fun <T> Join<Int, Function1<Int, Join<Any?, TypeMemento>>>.get(column: Column<T>): T?
e: file:///Users/jim/work/v2superbikeshed/Trikeshed/src/commonMain/kotlin/borg/trikeshed/dht/kademlia/codec/KademliaCodec.kt:277:23 Cannot infer type for this parameter. Specify it explicitly.
e: file:///Users/jim/work/v2superbikeshed/Trikeshed/src/commonMain/kotlin/borg/trikeshed/dht/kademlia/codec/KademliaCodec.kt:277:23 Unresolved reference. None of the following candidates is applicable because of a receiver type mismatch:
fun <T> Join<Int, Function1<Int, Join<Any?, TypeMemento>>>.get(column: Column<T>): T?
e: file:///Users/jim/work/v2superbikeshed/Trikeshed/src/commonMain/kotlin/borg/trikeshed/dht/kademlia/codec/KademliaCodec.kt:295:57 Argument type mismatch: actual type is 'Byte?', but 'Byte' was expected.
e: file:///Users/jim/work/v2superbikeshed/Trikeshed/src/commonMain/kotlin/borg/trikeshed/dht/kademlia/codec/KademliaCodec.kt:295:57 Unresolved reference. None of the following candidates is applicable because of a receiver type mismatch:
fun <T> Join<Int, Function1<Int, Join<Any?, TypeMemento>>>.get(column: Column<T>): T?
e: file:///Users/jim/work/v2superbikeshed/Trikeshed/src/commonMain/kotlin/borg/trikeshed/dht/kademlia/codec/KademliaCodec.kt:302:55 Argument type mismatch: actual type is 'Byte?', but 'Byte' was expected.
e: file:///Users/jim/work/v2superbikeshed/Trikeshed/src/commonMain/kotlin/borg/trikeshed/dht/kademlia/codec/KademliaCodec.kt:302:55 Unresolved reference. None of the following candidates is applicable because of a receiver type mismatch:
fun <T> Join<Int, Function1<Int, Join<Any?, TypeMemento>>>.get(column: Column<T>): T?
e: file:///Users/jim/work/v2superbikeshed/Trikeshed/src/commonMain/kotlin/borg/trikeshed/dht/kademlia/codec/KademliaCodec.kt:307:30 Cannot infer type for this parameter. Specify it explicitly.
e: file:///Users/jim/work/v2superbikeshed/Trikeshed/src/commonMain/kotlin/borg/trikeshed/dht/kademlia/codec/KademliaCodec.kt:307:30 Unresolved reference. None of the following candidates is applicable because of a receiver type mismatch:
fun <T> Join<Int, Function1<Int, Join<Any?, TypeMemento>>>.get(column: Column<T>): T?
e: file:///Users/jim/work/v2superbikeshed/Trikeshed/src/commonMain/kotlin/borg/trikeshed/dht/kademlia/codec/KademliaCodec.kt:336:42 Cannot infer type for this parameter. Specify it explicitly.
e: file:///Users/jim/work/v2superbikeshed/Trikeshed/src/commonMain/kotlin/borg/trikeshed/dht/kademlia/codec/KademliaCodec.kt:336:42 Unresolved reference. None of the following candidates is applicable because of a receiver type mismatch:
fun <T> Join<Int, Function1<Int, Join<Any?, TypeMemento>>>.get(column: Column<T>): T?
e: file:///Users/jim/work/v2superbikeshed/Trikeshed/src/commonMain/kotlin/borg/trikeshed/dht/kademlia/codec/KademliaCodec.kt:344:41 Cannot infer type for this parameter. Specify it explicitly.
e: file:///Users/jim/work/v2superbikeshed/Trikeshed/src/commonMain/kotlin/borg/trikeshed/dht/kademlia/codec/KademliaCodec.kt:344:41 Unresolved reference. None of the following candidates is applicable because of a receiver type mismatch:
fun <T> Join<Int, Function1<Int, Join<Any?, TypeMemento>>>.get(column: Column<T>): T?
e: file:///Users/jim/work/v2superbikeshed/Trikeshed/src/commonMain/kotlin/borg/trikeshed/dht/kademlia/id/NUID.kt:26:47 Argument type mismatch: actual type is 'T? (of fun <T> Join<Int, Function1<Int, Join<Any?, TypeMemento>>>.get)', but 'K (of fun <K> WHEN_CALL)' was expected.
e: file:///Users/jim/work/v2superbikeshed/Trikeshed/src/commonMain/kotlin/borg/trikeshed/dht/kademlia/id/NUID.kt:26:47 Cannot infer type for this parameter. Specify it explicitly.
e: file:///Users/jim/work/v2superbikeshed/Trikeshed/src/commonMain/kotlin/borg/trikeshed/dht/kademlia/id/NUID.kt:26:47 Unresolved reference. None of the following candidates is applicable because of a receiver type mismatch:
fun <T> Join<Int, Function1<Int, Join<Any?, TypeMemento>>>.get(column: Column<T>): T?
e: file:///Users/jim/work/v2superbikeshed/Trikeshed/src/commonMain/kotlin/borg/trikeshed/dht/kademlia/id/NUID.kt:26:66 Argument type mismatch: actual type is 'Byte', but 'K (of fun <K> WHEN_CALL)' was expected.
e: file:///Users/jim/work/v2superbikeshed/Trikeshed/src/commonMain/kotlin/borg/trikeshed/dht/kademlia/id/NUID.kt:27:49 Argument type mismatch: actual type is 'T? (of fun <T> Join<Int, Function1<Int, Join<Any?, TypeMemento>>>.get)', but 'K (of fun <K> WHEN_CALL)' was expected.
e: file:///Users/jim/work/v2superbikeshed/Trikeshed/src/commonMain/kotlin/borg/trikeshed/dht/kademlia/id/NUID.kt:27:49 Cannot infer type for this parameter. Specify it explicitly.
e: file:///Users/jim/work/v2superbikeshed/Trikeshed/src/commonMain/kotlin/borg/trikeshed/dht/kademlia/id/NUID.kt:27:49 Unresolved reference. None of the following candidates is applicable because of a receiver type mismatch:
fun <T> Join<Int, Function1<Int, Join<Any?, TypeMemento>>>.get(column: Column<T>): T?
e: file:///Users/jim/work/v2superbikeshed/Trikeshed/src/commonMain/kotlin/borg/trikeshed/dht/kademlia/id/NUID.kt:27:69 Argument type mismatch: actual type is 'Byte', but 'K (of fun <K> WHEN_CALL)' was expected.
e: file:///Users/jim/work/v2superbikeshed/Trikeshed/src/commonMain/kotlin/borg/trikeshed/dht/kademlia/id/NUID.kt:41:28 Cannot infer type for this parameter. Specify it explicitly.
e: file:///Users/jim/work/v2superbikeshed/Trikeshed/src/commonMain/kotlin/borg/trikeshed/dht/kademlia/id/NUID.kt:41:28 Unresolved reference. None of the following candidates is applicable because of a receiver type mismatch:
fun <T> Join<Int, Function1<Int, Join<Any?, TypeMemento>>>.get(column: Column<T>): T?
e: file:///Users/jim/work/v2superbikeshed/Trikeshed/src/commonMain/kotlin/borg/trikeshed/dht/kademlia/id/NUID.kt:42:29 Cannot infer type for this parameter. Specify it explicitly.
e: file:///Users/jim/work/v2superbikeshed/Trikeshed/src/commonMain/kotlin/borg/trikeshed/dht/kademlia/id/NUID.kt:42:29 Unresolved reference. None of the following candidates is applicable because of a receiver type mismatch:
fun <T> Join<Int, Function1<Int, Join<Any?, TypeMemento>>>.get(column: Column<T>): T?
e: file:///Users/jim/work/v2superbikeshed/Trikeshed/src/commonMain/kotlin/borg/trikeshed/dht/kademlia/id/NUID.kt:80:49 Argument type mismatch: actual type is 'Byte?', but 'Byte' was expected.
e: file:///Users/jim/work/v2superbikeshed/Trikeshed/src/commonMain/kotlin/borg/trikeshed/dht/kademlia/id/NUID.kt:80:49 Unresolved reference. None of the following candidates is applicable because of a receiver type mismatch:
fun <T> Join<Int, Function1<Int, Join<Any?, TypeMemento>>>.get(column: Column<T>): T?
e: file:///Users/jim/work/v2superbikeshed/Trikeshed/src/commonMain/kotlin/borg/trikeshed/dht/kademlia/id/NUID.kt:114:59 Argument type mismatch: actual type is 'Byte?', but 'Byte' was expected.
e: file:///Users/jim/work/v2superbikeshed/Trikeshed/src/commonMain/kotlin/borg/trikeshed/dht/kademlia/id/NUID.kt:114:59 Unresolved reference. None of the following candidates is applicable because of a receiver type mismatch:
fun <T> Join<Int, Function1<Int, Join<Any?, TypeMemento>>>.get(column: Column<T>): T?
e: file:///Users/jim/work/v2superbikeshed/Trikeshed/src/commonMain/kotlin/borg/trikeshed/dht/kademlia/routing/AdaptiveKademliaRouting.kt:210:16 Return type mismatch: expected 'List<WeightedNode>', actual 'Join<Int, Function1<Int, ERROR CLASS: Cannot infer argument for type parameter T>>'.
e: file:///Users/jim/work/v2superbikeshed/Trikeshed/src/commonMain/kotlin/borg/trikeshed/dht/kademlia/routing/AdaptiveKademliaRouting.kt:211:14 None of the following candidates is applicable:
fun <T, R : Comparable<R>> Array<out T>.sortedBy(crossinline selector: (T) -> R?): List<T>
fun <R : Comparable<R>> ByteArray.sortedBy(crossinline selector: (Byte) -> R?): List<Byte>
fun <R : Comparable<R>> ShortArray.sortedBy(crossinline selector: (Short) -> R?): List<Short>
fun <R : Comparable<R>> IntArray.sortedBy(crossinline selector: (Int) -> R?): List<Int>
fun <R : Comparable<R>> LongArray.sortedBy(crossinline selector: (Long) -> R?): List<Long>
fun <R : Comparable<R>> FloatArray.sortedBy(crossinline selector: (Float) -> R?): List<Float>
fun <R : Comparable<R>> DoubleArray.sortedBy(crossinline selector: (Double) -> R?): List<Double>
fun <R : Comparable<R>> BooleanArray.sortedBy(crossinline selector: (Boolean) -> R?): List<Boolean>
fun <R : Comparable<R>> CharArray.sortedBy(crossinline selector: (Char) -> R?): List<Char>
fun <T, R : Comparable<R>> Iterable<T>.sortedBy(crossinline selector: (T) -> R?): List<T>
fun <T, R : Comparable<R>> Sequence<T>.sortedBy(crossinline selector: (T) -> R?): Sequence<T>
e: file:///Users/jim/work/v2superbikeshed/Trikeshed/src/commonMain/kotlin/borg/trikeshed/dht/kademlia/routing/AdaptiveKademliaRouting.kt:211:25 Unresolved reference 'it'.
e: file:///Users/jim/work/v2superbikeshed/Trikeshed/src/commonMain/kotlin/borg/trikeshed/dht/kademlia/routing/AdaptiveKademliaRouting.kt:212:14 Cannot infer type for this parameter. Specify it explicitly.
e: file:///Users/jim/work/v2superbikeshed/Trikeshed/src/commonMain/kotlin/borg/trikeshed/dht/kademlia/routing/AdaptiveKademliaRouting.kt:212:14 Not enough information to infer type argument for 'T'.
e: file:///Users/jim/work/v2superbikeshed/Trikeshed/src/commonMain/kotlin/borg/trikeshed/dht/kademlia/subnet/ConcentricSubnet.kt:194:34 Argument type mismatch: actual type is 'T? (of fun <T> Join<Int, Function1<Int, Join<Any?, TypeMemento>>>.get)', but 'String' was expected.
e: file:///Users/jim/work/v2superbikeshed/Trikeshed/src/commonMain/kotlin/borg/trikeshed/dht/kademlia/subnet/ConcentricSubnet.kt:194:34 Cannot infer type for this parameter. Specify it explicitly.
e: file:///Users/jim/work/v2superbikeshed/Trikeshed/src/commonMain/kotlin/borg/trikeshed/dht/kademlia/subnet/ConcentricSubnet.kt:194:34 Unresolved reference. None of the following candidates is applicable because of a receiver type mismatch:
fun <T> Join<Int, Function1<Int, Join<Any?, TypeMemento>>>.get(column: Column<T>): T?
e: file:///Users/jim/work/v2superbikeshed/Trikeshed/src/commonMain/kotlin/borg/trikeshed/dht/kademlia/subnet/ConcentricSubnet.kt:216:44 Argument type mismatch: actual type is 'Join<Int, Function1<Int, Join<Any?, TypeMemento>>>', but 'Join<Int, Function1<Int, NUID>>' was expected.
e: file:///Users/jim/work/v2superbikeshed/Trikeshed/src/commonMain/kotlin/borg/trikeshed/dht/kademlia/subnet/ConcentricSubnet.kt:216:44 Cannot infer type for this parameter. Specify it explicitly.
e: file:///Users/jim/work/v2superbikeshed/Trikeshed/src/commonMain/kotlin/borg/trikeshed/dht/kademlia/subnet/ConcentricSubnet.kt:216:44 Unresolved reference. None of the following candidates is applicable because of a receiver type mismatch:
fun <T> Join<Int, Function1<Int, Join<Any?, TypeMemento>>>.get(column: Column<T>): T?
e: file:///Users/jim/work/v2superbikeshed/Trikeshed/src/commonMain/kotlin/borg/trikeshed/dht/kademlia/subnet/ConcentricSubnet.kt:230:32 Cannot infer type for this parameter. Specify it explicitly.
e: file:///Users/jim/work/v2superbikeshed/Trikeshed/src/commonMain/kotlin/borg/trikeshed/dht/kademlia/subnet/ConcentricSubnet.kt:230:32 Unresolved reference. None of the following candidates is applicable because of a receiver type mismatch:
fun <T> Join<Int, Function1<Int, Join<Any?, TypeMemento>>>.get(column: Column<T>): T?
e: file:///Users/jim/work/v2superbikeshed/Trikeshed/src/commonMain/kotlin/borg/trikeshed/dht/kademlia/subnet/ConcentricSubnet.kt:247:28 Argument type mismatch: actual type is 'SubnetPath.Type', but 'SubnetPath.Type' was expected.
e: file:///Users/jim/work/v2superbikeshed/Trikeshed/src/commonMain/kotlin/borg/trikeshed/dht/kademlia/subnet/ConcentricSubnet.kt:248:28 Cannot infer type for this parameter. Specify it explicitly.
e: file:///Users/jim/work/v2superbikeshed/Trikeshed/src/commonMain/kotlin/borg/trikeshed/dht/kademlia/subnet/ConcentricSubnet.kt:248:28 Argument type mismatch: actual type is 'List<T (of fun <T> listOf)>', but 'List<NUID>' was expected.
e: file:///Users/jim/work/v2superbikeshed/Trikeshed/src/commonMain/kotlin/borg/trikeshed/dht/kademlia/subnet/ConcentricSubnet.kt:248:35 Argument type mismatch: actual type is 'NUID', but 'T (of fun <T> listOf)' was expected.
e: file:///Users/jim/work/v2superbikeshed/Trikeshed/src/commonMain/kotlin/borg/trikeshed/dht/kademlia/subnet/ConcentricSubnet.kt:248:48 Argument type mismatch: actual type is 'T#1? (of fun <T> Join<Int, Function1<Int, Join<Any?, TypeMemento>>>.get)', but 'T#2 (of fun <T> listOf)' was expected.
e: file:///Users/jim/work/v2superbikeshed/Trikeshed/src/commonMain/kotlin/borg/trikeshed/dht/kademlia/subnet/ConcentricSubnet.kt:248:48 Cannot infer type for this parameter. Specify it explicitly.
e: file:///Users/jim/work/v2superbikeshed/Trikeshed/src/commonMain/kotlin/borg/trikeshed/dht/kademlia/subnet/ConcentricSubnet.kt:248:48 Unresolved reference. None of the following candidates is applicable because of a receiver type mismatch:
fun <T> Join<Int, Function1<Int, Join<Any?, TypeMemento>>>.get(column: Column<T>): T?
e: file:///Users/jim/work/v2superbikeshed/Trikeshed/src/commonMain/kotlin/borg/trikeshed/dht/kademlia/subnet/ConcentricSubnet.kt:249:31 Argument type mismatch: actual type is 'List<String>', but 'List<String>' was expected.
e: file:///Users/jim/work/v2superbikeshed/Trikeshed/src/commonMain/kotlin/borg/trikeshed/distributed/DistributedStorage.kt:8:23 Unresolved reference 'jetsam'.
e: file:///Users/jim/work/v2superbikeshed/Trikeshed/src/commonMain/kotlin/borg/trikeshed/distributed/DistributedStorage.kt:10:30 Unresolved reference 'json'.
e: file:///Users/jim/work/v2superbikeshed/Trikeshed/src/commonMain/kotlin/borg/trikeshed/distributed/DistributedStorage.kt:125:61 Unresolved reference 'Transport'.
e: file:///Users/jim/work/v2superbikeshed/Trikeshed/src/commonMain/kotlin/borg/trikeshed/distributed/DistributedStorage.kt:128:9 Unresolved reference 'JetsamGossipManager'.
e: file:///Users/jim/work/v2superbikeshed/Trikeshed/src/commonMain/kotlin/borg/trikeshed/distributed/DistributedStorage.kt:153:48 Unresolved reference 'encode'.
e: file:///Users/jim/work/v2superbikeshed/Trikeshed/src/commonMain/kotlin/borg/trikeshed/distributed/DistributedStorage.kt:159:21 No parameter with name 'id' found.
e: file:///Users/jim/work/v2superbikeshed/Trikeshed/src/commonMain/kotlin/borg/trikeshed/distributed/DistributedStorage.kt:160:28 Unresolved reference 'buildJsonObject'.
e: file:///Users/jim/work/v2superbikeshed/Trikeshed/src/commonMain/kotlin/borg/trikeshed/distributed/DistributedStorage.kt:161:25 Unresolved reference 'put'.
e: file:///Users/jim/work/v2superbikeshed/Trikeshed/src/commonMain/kotlin/borg/trikeshed/distributed/DistributedStorage.kt:162:25 Unresolved reference 'put'.
e: file:///Users/jim/work/v2superbikeshed/Trikeshed/src/commonMain/kotlin/borg/trikeshed/distributed/DistributedStorage.kt:166:44 Argument type mismatch: actual type is 'String', but 'Join<Int, Function1<Int, Byte>>' was expected.
e: file:///Users/jim/work/v2superbikeshed/Trikeshed/src/commonMain/kotlin/borg/trikeshed/distributed/DistributedStorage.kt:166:53 Unresolved reference 'rev'.
e: file:///Users/jim/work/v2superbikeshed/Trikeshed/src/commonMain/kotlin/borg/trikeshed/distributed/DistributedStorage.kt:177:25 No parameter with name 'id' found.
e: file:///Users/jim/work/v2superbikeshed/Trikeshed/src/commonMain/kotlin/borg/trikeshed/distributed/DistributedStorage.kt:178:32 Unresolved reference 'buildJsonObject'.
e: file:///Users/jim/work/v2superbikeshed/Trikeshed/src/commonMain/kotlin/borg/trikeshed/distributed/DistributedStorage.kt:179:29 Unresolved reference 'put'.
e: file:///Users/jim/work/v2superbikeshed/Trikeshed/src/commonMain/kotlin/borg/trikeshed/distributed/DistributedStorage.kt:180:29 Unresolved reference 'put'.
e: file:///Users/jim/work/v2superbikeshed/Trikeshed/src/commonMain/kotlin/borg/trikeshed/distributed/DistributedStorage.kt:187:49 Unresolved reference 'rev'.
e: file:///Users/jim/work/v2superbikeshed/Trikeshed/src/commonMain/kotlin/borg/trikeshed/distributed/DistributedStorage.kt:190:17 Unresolved reference 'JetsamGossipManager'.
e: file:///Users/jim/work/v2superbikeshed/Trikeshed/src/commonMain/kotlin/borg/trikeshed/distributed/DistributedStorage.kt:190:51 Unresolved reference 'buildJsonObject'.
e: file:///Users/jim/work/v2superbikeshed/Trikeshed/src/commonMain/kotlin/borg/trikeshed/distributed/DistributedStorage.kt:191:21 Unresolved reference 'put'.
e: file:///Users/jim/work/v2superbikeshed/Trikeshed/src/commonMain/kotlin/borg/trikeshed/distributed/DistributedStorage.kt:191:41 Unresolved reference 'encode'.
e: file:///Users/jim/work/v2superbikeshed/Trikeshed/src/commonMain/kotlin/borg/trikeshed/distributed/DistributedStorage.kt:192:21 Unresolved reference 'put'.
e: file:///Users/jim/work/v2superbikeshed/Trikeshed/src/commonMain/kotlin/borg/trikeshed/distributed/DistributedStorage.kt:195:44 Argument type mismatch: actual type is 'String', but 'Join<Int, Function1<Int, Byte>>' was expected.
e: file:///Users/jim/work/v2superbikeshed/Trikeshed/src/commonMain/kotlin/borg/trikeshed/distributed/DistributedStorage.kt:195:60 Unresolved reference 'encode'.
e: file:///Users/jim/work/v2superbikeshed/Trikeshed/src/commonMain/kotlin/borg/trikeshed/distributed/DistributedStorage.kt:211:37 Argument type mismatch: actual type is 'String', but 'CID' was expected.
e: file:///Users/jim/work/v2superbikeshed/Trikeshed/src/commonMain/kotlin/borg/trikeshed/distributed/DistributedStorage.kt:223:49 Unresolved reference 'data'.
e: file:///Users/jim/work/v2superbikeshed/Trikeshed/src/commonMain/kotlin/borg/trikeshed/distributed/DistributedStorage.kt:223:63 Unresolved reference 'jsonPrimitive'.
e: file:///Users/jim/work/v2superbikeshed/Trikeshed/src/commonMain/kotlin/borg/trikeshed/distributed/DistributedStorage.kt:235:49 Argument type mismatch: actual type is 'String', but 'CID' was expected.
e: file:///Users/jim/work/v2superbikeshed/Trikeshed/src/commonMain/kotlin/borg/trikeshed/distributed/DistributedStorage.kt:244:58 Unresolved reference 'data'.
e: file:///Users/jim/work/v2superbikeshed/Trikeshed/src/commonMain/kotlin/borg/trikeshed/distributed/DistributedStorage.kt:244:72 Unresolved reference 'jsonPrimitive'.
e: file:///Users/jim/work/v2superbikeshed/Trikeshed/src/commonMain/kotlin/borg/trikeshed/distributed/DistributedStorage.kt:295:103 Argument type mismatch: actual type is 'ViewQueryParams', but 'CouchViewParams' was expected.
e: file:///Users/jim/work/v2superbikeshed/Trikeshed/src/commonMain/kotlin/borg/trikeshed/distributed/DistributedStorage.kt:391:35 Unresolved reference 'it'.
e: file:///Users/jim/work/v2superbikeshed/Trikeshed/src/commonMain/kotlin/borg/trikeshed/distributed/DistributedStorage.kt:392:18 Unresolved reference. None of the following candidates is applicable because of a receiver type mismatch:
fun String.encodeToByteArray(): ByteArray
e: file:///Users/jim/work/v2superbikeshed/Trikeshed/src/commonMain/kotlin/borg/trikeshed/distributed/DistributedStorage.kt:392:38 Cannot infer type for this parameter. Specify it explicitly.
e: file:///Users/jim/work/v2superbikeshed/Trikeshed/src/commonMain/kotlin/borg/trikeshed/distributed/DistributedStorage.kt:392:38 Not enough information to infer type argument for 'R'.
e: file:///Users/jim/work/v2superbikeshed/Trikeshed/src/commonMain/kotlin/borg/trikeshed/distributed/DistributedStorage.kt:392:52 Cannot infer type for this parameter. Specify it explicitly.
e: file:///Users/jim/work/v2superbikeshed/Trikeshed/src/commonMain/kotlin/borg/trikeshed/distributed/DistributedStorage.kt:392:52 Not enough information to infer type argument for 'B'.
e: file:///Users/jim/work/v2superbikeshed/Trikeshed/src/commonMain/kotlin/borg/trikeshed/distributed/DistributedStorage.kt:392:56 Cannot infer type for this parameter. Specify it explicitly.
e: file:///Users/jim/work/v2superbikeshed/Trikeshed/src/commonMain/kotlin/borg/trikeshed/functional/CouchDBFunctional.kt:165:18 Cannot infer type for this parameter. Specify it explicitly.
e: file:///Users/jim/work/v2superbikeshed/Trikeshed/src/commonMain/kotlin/borg/trikeshed/functional/CouchDBFunctional.kt:165:18 Unresolved reference. None of the following candidates is applicable because of a receiver type mismatch:
fun <T> Join<Int, Function1<Int, Join<Any?, TypeMemento>>>.get(column: Column<T>): T?
e: file:///Users/jim/work/v2superbikeshed/Trikeshed/src/commonMain/kotlin/borg/trikeshed/functional/CouchDBFunctional.kt:165:26 Unresolved reference 'id'.
e: file:///Users/jim/work/v2superbikeshed/Trikeshed/src/commonMain/kotlin/borg/trikeshed/io/AsyncIOEngine.kt:40:9 Function 'create' without a body must be abstract.
e: file:///Users/jim/work/v2superbikeshed/Trikeshed/src/commonMain/kotlin/borg/trikeshed/io/AsyncIOEngine.kt:60:13 Unresolved reference 'javaClass'.
e: file:///Users/jim/work/v2superbikeshed/Trikeshed/src/commonMain/kotlin/borg/trikeshed/io/AsyncIOEngine.kt:60:33 Unresolved reference 'javaClass'.
e: file:///Users/jim/work/v2superbikeshed/Trikeshed/src/commonMain/kotlin/borg/trikeshed/io/CCekEngine.kt:39:58 Unresolved reference 'Class'.
e: file:///Users/jim/work/v2superbikeshed/Trikeshed/src/commonMain/kotlin/borg/trikeshed/io/CCekEngine.kt:83:27 Unresolved reference 'System'.
e: file:///Users/jim/work/v2superbikeshed/Trikeshed/src/commonMain/kotlin/borg/trikeshed/io/CCekEngine.kt:88:13 Unresolved reference 'javaClass'.
e: file:///Users/jim/work/v2superbikeshed/Trikeshed/src/commonMain/kotlin/borg/trikeshed/io/CCekEngine.kt:88:33 Unresolved reference 'javaClass'.
e: file:///Users/jim/work/v2superbikeshed/Trikeshed/src/commonMain/kotlin/borg/trikeshed/io/CoroutineRouter.kt:372:25 Unresolved reference 'System'.
e: file:///Users/jim/work/v2superbikeshed/Trikeshed/src/commonMain/kotlin/borg/trikeshed/io/CoroutineRouter.kt:375:43 Unresolved reference 'System'.
e: file:///Users/jim/work/v2superbikeshed/Trikeshed/src/commonMain/kotlin/borg/trikeshed/io/CoroutineRouter.kt:378:39 Unresolved reference 'System'.
e: file:///Users/jim/work/v2superbikeshed/Trikeshed/src/commonMain/kotlin/borg/trikeshed/io/CoroutineRouter.kt:449:29 Unresolved reference 'System'.
e: file:///Users/jim/work/v2superbikeshed/Trikeshed/src/commonMain/kotlin/borg/trikeshed/io/CoroutineRouter.kt:454:23 Unresolved reference 'System'.
e: file:///Users/jim/work/v2superbikeshed/Trikeshed/src/commonMain/kotlin/borg/trikeshed/io/CoroutineRouter.kt:456:73 Unresolved reference 'times' for operator '*'.
e: file:///Users/jim/work/v2superbikeshed/Trikeshed/src/commonMain/kotlin/borg/trikeshed/io/CoroutineRouter.kt:461:17 Unresolved reference 'Thread'.
e: file:///Users/jim/work/v2superbikeshed/Trikeshed/src/commonMain/kotlin/borg/trikeshed/io/FileBuffer.kt:7:11 FileBuffer: expect and corresponding actual are declared in the same module.
e: file:///Users/jim/work/v2superbikeshed/Trikeshed/src/commonMain/kotlin/borg/trikeshed/io/FileBuffer.kt:7:24 One type argument expected for typealias LongIndexed<T> = Join<Long, Function1<Long, T>>.
e: file:///Users/jim/work/v2superbikeshed/Trikeshed/src/commonMain/kotlin/borg/trikeshed/io/FileBuffer.kt:11:9 'open' hides member of supertype 'Usable' and needs an 'override' modifier.
e: file:///Users/jim/work/v2superbikeshed/Trikeshed/src/commonMain/kotlin/borg/trikeshed/io/FileBuffer.kt:12:9 'close' hides member of supertype 'Usable' and needs an 'override' modifier.
e: file:///Users/jim/work/v2superbikeshed/Trikeshed/src/commonMain/kotlin/borg/trikeshed/io/FileBuffer.kt:15:14 FileBuffer: expect and corresponding actual are declared in the same module.
e: file:///Users/jim/work/v2superbikeshed/Trikeshed/src/commonMain/kotlin/borg/trikeshed/io/IOContext.kt:3:27 Conflicting import: imported name 'Indexed' is ambiguous.
e: file:///Users/jim/work/v2superbikeshed/Trikeshed/src/commonMain/kotlin/borg/trikeshed/io/IOContext.kt:4:38 Conflicting import: imported name 'Indexed' is ambiguous.
e: file:///Users/jim/work/v2superbikeshed/Trikeshed/src/commonMain/kotlin/borg/trikeshed/io/IOContext.kt:241:47 Initializer type mismatch: expected 'Set<IOCapability>', actual 'Set<MatchGroup?>'.
e: file:///Users/jim/work/v2superbikeshed/Trikeshed/src/commonMain/kotlin/borg/trikeshed/io/IOContext.kt:241:47 Type mismatch: inferred type is 'MatchGroup?', but 'IOCapability' was expected.
e: file:///Users/jim/work/v2superbikeshed/Trikeshed/src/commonMain/kotlin/borg/trikeshed/io/IOContext.kt:242:13 Unresolved reference. None of the following candidates is applicable because of a receiver type mismatch:
fun MatchGroupCollection.get(name: String): MatchGroup?
e: file:///Users/jim/work/v2superbikeshed/Trikeshed/src/commonMain/kotlin/borg/trikeshed/io/IOContext.kt:246:31 Type inference failed. The value of the type parameter 'T' must be mentioned in input types (argument types, receiver type, or expected type). Try to specify it explicitly.
e: file:///Users/jim/work/v2superbikeshed/Trikeshed/src/commonMain/kotlin/borg/trikeshed/io/IOContext.kt:246:40 Unresolved reference. None of the following candidates is applicable because of a receiver type mismatch:
fun MatchGroupCollection.get(name: String): MatchGroup?
e: file:///Users/jim/work/v2superbikeshed/Trikeshed/src/commonMain/kotlin/borg/trikeshed/io/IOContext.kt:257:46 Initializer type mismatch: expected 'Set<IOCapability>', actual 'Set<MatchGroup?>'.
e: file:///Users/jim/work/v2superbikeshed/Trikeshed/src/commonMain/kotlin/borg/trikeshed/io/IOContext.kt:257:46 Type mismatch: inferred type is 'MatchGroup?', but 'IOCapability' was expected.
e: file:///Users/jim/work/v2superbikeshed/Trikeshed/src/commonMain/kotlin/borg/trikeshed/io/IOContext.kt:258:13 Unresolved reference. None of the following candidates is applicable because of a receiver type mismatch:
fun MatchGroupCollection.get(name: String): MatchGroup?
e: file:///Users/jim/work/v2superbikeshed/Trikeshed/src/commonMain/kotlin/borg/trikeshed/io/IOContext.kt:265:35 Unresolved reference 'System'.
e: file:///Users/jim/work/v2superbikeshed/Trikeshed/src/commonMain/kotlin/borg/trikeshed/io/IOContext.kt:271:36 Unresolved reference 'System'.
e: file:///Users/jim/work/v2superbikeshed/Trikeshed/src/commonMain/kotlin/borg/trikeshed/io/IOContext.kt:276:35 Unresolved reference 'System'.
e: file:///Users/jim/work/v2superbikeshed/Trikeshed/src/commonMain/kotlin/borg/trikeshed/io/IOContext.kt:281:33 Unresolved reference 'System'.
e: file:///Users/jim/work/v2superbikeshed/Trikeshed/src/commonMain/kotlin/borg/trikeshed/io/IOContext.kt:318:9 Unresolved reference 'System'.
e: file:///Users/jim/work/v2superbikeshed/Trikeshed/src/commonMain/kotlin/borg/trikeshed/io/IOContext.kt:321:9 Unresolved reference 'System'.
e: file:///Users/jim/work/v2superbikeshed/Trikeshed/src/commonMain/kotlin/borg/trikeshed/io/IODSL.kt:21:75 Cannot access 'constructor(): Int': it is private in 'kotlin/Int'.
e: file:///Users/jim/work/v2superbikeshed/Trikeshed/src/commonMain/kotlin/borg/trikeshed/io/IODSL.kt:141:7 Redeclaration:
typealias IOHandle = Int
e: file:///Users/jim/work/v2superbikeshed/Trikeshed/src/commonMain/kotlin/borg/trikeshed/io/IODSL.kt:152:20 Unresolved reference 'operationId'.
e: file:///Users/jim/work/v2superbikeshed/Trikeshed/src/commonMain/kotlin/borg/trikeshed/io/IODSL.kt:153:20 Unresolved reference 'type'.
e: file:///Users/jim/work/v2superbikeshed/Trikeshed/src/commonMain/kotlin/borg/trikeshed/io/IODSL.kt:159:16 Unresolved reference 'daemon'.
e: file:///Users/jim/work/v2superbikeshed/Trikeshed/src/commonMain/kotlin/borg/trikeshed/io/IODaemon.kt:80:13 Unresolved reference 'javaClass'.
e: file:///Users/jim/work/v2superbikeshed/Trikeshed/src/commonMain/kotlin/borg/trikeshed/io/IODaemon.kt:80:33 Unresolved reference 'javaClass'.
e: file:///Users/jim/work/v2superbikeshed/Trikeshed/src/commonMain/kotlin/borg/trikeshed/io/IODaemon.kt:115:27 Unresolved reference 'System'.
e: file:///Users/jim/work/v2superbikeshed/Trikeshed/src/commonMain/kotlin/borg/trikeshed/io/IOHandle.kt:9:11 Redeclaration:
typealias IOHandle = Int
e: file:///Users/jim/work/v2superbikeshed/Trikeshed/src/commonMain/kotlin/borg/trikeshed/io/PosixFile.kt:5:11 PosixFile: expect and corresponding actual are declared in the same module.
e: file:///Users/jim/work/v2superbikeshed/Trikeshed/src/commonMain/kotlin/borg/trikeshed/io/PosixFile.kt:8:9 'open' hides member of supertype 'Usable' and needs an 'override' modifier.
e: file:///Users/jim/work/v2superbikeshed/Trikeshed/src/commonMain/kotlin/borg/trikeshed/io/PosixFile.kt:9:9 'close' hides member of supertype 'Usable' and needs an 'override' modifier.
e: file:///Users/jim/work/v2superbikeshed/Trikeshed/src/commonMain/kotlin/borg/trikeshed/io/PosixFile.kt:14:14 PosixFile: expect and corresponding actual are declared in the same module.
e: file:///Users/jim/work/v2superbikeshed/Trikeshed/src/commonMain/kotlin/borg/trikeshed/io/PosixFile.kt:26:14 MappedPointer: expect and corresponding actual are declared in the same module.
e: file:///Users/jim/work/v2superbikeshed/Trikeshed/src/commonMain/kotlin/borg/trikeshed/ipc/examples/IPCExample.kt:103:73 Argument type mismatch: actual type is 'Byte?', but 'Byte' was expected.
e: file:///Users/jim/work/v2superbikeshed/Trikeshed/src/commonMain/kotlin/borg/trikeshed/ipc/examples/IPCExample.kt:103:73 Unresolved reference. None of the following candidates is applicable because of a receiver type mismatch:
fun <T> Join<Int, Function1<Int, Join<Any?, TypeMemento>>>.get(column: Column<T>): T?
e: file:///Users/jim/work/v2superbikeshed/Trikeshed/src/commonMain/kotlin/borg/trikeshed/ipfs/IpfsClient.kt:66:50 Unresolved reference 'it'.
e: file:///Users/jim/work/v2superbikeshed/Trikeshed/src/commonMain/kotlin/borg/trikeshed/ipfs/IpfsClient.kt:67:32 Argument type mismatch: actual type is 'Join<Int, Function0<Byte>>', but 'Join<Int, Function1<Int, Byte>>' was expected.
e: file:///Users/jim/work/v2superbikeshed/Trikeshed/src/commonMain/kotlin/borg/trikeshed/ipfs/IpfsClient.kt:73:33 Cannot infer type for this parameter. Specify it explicitly.
e: file:///Users/jim/work/v2superbikeshed/Trikeshed/src/commonMain/kotlin/borg/trikeshed/ipfs/IpfsClient.kt:73:33 Not enough information to infer type argument for 'B'.
e: file:///Users/jim/work/v2superbikeshed/Trikeshed/src/commonMain/kotlin/borg/trikeshed/ipfs/IpfsClient.kt:73:37 Cannot infer type for this parameter. Specify it explicitly.
e: file:///Users/jim/work/v2superbikeshed/Trikeshed/src/commonMain/kotlin/borg/trikeshed/ipfs/IpfsCore.kt:5:30 Unresolved reference 'json'.
e: file:///Users/jim/work/v2superbikeshed/Trikeshed/src/commonMain/kotlin/borg/trikeshed/ipfs/IpfsCore.kt:16:12 Redeclaration:
data class Multihash : Any
e: file:///Users/jim/work/v2superbikeshed/Trikeshed/src/commonMain/kotlin/borg/trikeshed/ipfs/IpfsCore.kt:50:47 Unresolved reference 'it'.
e: file:///Users/jim/work/v2superbikeshed/Trikeshed/src/commonMain/kotlin/borg/trikeshed/ipfs/IpfsCore.kt:51:36 Argument type mismatch: actual type is 'Join<Int, Function0<Byte>>', but 'Join<Int, Function1<Int, Byte>>' was expected.
e: file:///Users/jim/work/v2superbikeshed/Trikeshed/src/commonMain/kotlin/borg/trikeshed/ipfs/IpfsCore.kt:58:12 Redeclaration:
data class CID : Any
e: file:///Users/jim/work/v2superbikeshed/Trikeshed/src/commonMain/kotlin/borg/trikeshed/ipfs/IpfsCore.kt:73:28 Unresolved reference 'encode'.
e: file:///Users/jim/work/v2superbikeshed/Trikeshed/src/commonMain/kotlin/borg/trikeshed/ipfs/IpfsCore.kt:74:18 Unresolved reference 'encodeCIDv1'.
e: file:///Users/jim/work/v2superbikeshed/Trikeshed/src/commonMain/kotlin/borg/trikeshed/ipfs/IpfsCore.kt:82:35 Unresolved reference 'encode'.
e: file:///Users/jim/work/v2superbikeshed/Trikeshed/src/commonMain/kotlin/borg/trikeshed/ipfs/IpfsCore.kt:85:21 Cannot infer type for this parameter. Specify it explicitly.
e: file:///Users/jim/work/v2superbikeshed/Trikeshed/src/commonMain/kotlin/borg/trikeshed/ipfs/IpfsCore.kt:85:21 Unresolved reference. None of the following candidates is applicable because of a receiver type mismatch:
fun <A, B> A.j(b: B): Join<A, B>
e: file:///Users/jim/work/v2superbikeshed/Trikeshed/src/commonMain/kotlin/borg/trikeshed/ipfs/IpfsCore.kt:85:25 Cannot infer type for this parameter. Specify it explicitly.
e: file:///Users/jim/work/v2superbikeshed/Trikeshed/src/commonMain/kotlin/borg/trikeshed/ipfs/IpfsCore.kt:88:19 'operator' modifier is required on 'FirNamedFunctionSymbol kotlin/compareTo' in 'compareTo'.
e: file:///Users/jim/work/v2superbikeshed/Trikeshed/src/commonMain/kotlin/borg/trikeshed/ipfs/IpfsCore.kt:88:54 Argument type mismatch: actual type is 'Join<Shape, Function1<Shape, Int>>', but 'Int' was expected.
e: file:///Users/jim/work/v2superbikeshed/Trikeshed/src/commonMain/kotlin/borg/trikeshed/ipfs/IpfsCore.kt:97:12 Redeclaration:
data class IpfsBlock : Any
e: file:///Users/jim/work/v2superbikeshed/Trikeshed/src/commonMain/kotlin/borg/trikeshed/ipfs/IpfsCore.kt:100:36 Unresolved reference 'emptyIndex'.
e: file:///Users/jim/work/v2superbikeshed/Trikeshed/src/commonMain/kotlin/borg/trikeshed/ipfs/IpfsCore.kt:105:12 Redeclaration:
data class IpfsLink : Any
e: file:///Users/jim/work/v2superbikeshed/Trikeshed/src/commonMain/kotlin/borg/trikeshed/ipfs/IpfsCore.kt:113:12 Redeclaration:
data class MerkleNode : Any
e: file:///Users/jim/work/v2superbikeshed/Trikeshed/src/commonMain/kotlin/borg/trikeshed/ipfs/IpfsCore.kt:119:20 Unresolved reference 'buildJsonObject'.
e: file:///Users/jim/work/v2superbikeshed/Trikeshed/src/commonMain/kotlin/borg/trikeshed/ipfs/IpfsCore.kt:120:13 Unresolved reference 'put'.
e: file:///Users/jim/work/v2superbikeshed/Trikeshed/src/commonMain/kotlin/borg/trikeshed/ipfs/IpfsCore.kt:121:13 Unresolved reference 'putJsonArray'.
e: file:///Users/jim/work/v2superbikeshed/Trikeshed/src/commonMain/kotlin/borg/trikeshed/ipfs/IpfsCore.kt:124:21 Unresolved reference 'add'.
e: file:///Users/jim/work/v2superbikeshed/Trikeshed/src/commonMain/kotlin/borg/trikeshed/ipfs/IpfsCore.kt:124:25 Unresolved reference 'buildJsonObject'.
e: file:///Users/jim/work/v2superbikeshed/Trikeshed/src/commonMain/kotlin/borg/trikeshed/ipfs/IpfsCore.kt:125:25 Unresolved reference 'put'.
e: file:///Users/jim/work/v2superbikeshed/Trikeshed/src/commonMain/kotlin/borg/trikeshed/ipfs/IpfsCore.kt:125:42 Unresolved reference 'a'.
e: file:///Users/jim/work/v2superbikeshed/Trikeshed/src/commonMain/kotlin/borg/trikeshed/ipfs/IpfsCore.kt:126:25 Unresolved reference 'put'.
e: file:///Users/jim/work/v2superbikeshed/Trikeshed/src/commonMain/kotlin/borg/trikeshed/ipfs/IpfsCore.kt:126:41 Unresolved reference 'b'.
e: file:///Users/jim/work/v2superbikeshed/Trikeshed/src/commonMain/kotlin/borg/trikeshed/ipfs/IpfsCore.kt:139:12 Redeclaration:
data class PeerId : Any
e: file:///Users/jim/work/v2superbikeshed/Trikeshed/src/commonMain/kotlin/borg/trikeshed/ipfs/IpfsCore.kt:230:11 Redeclaration:
class IpfsStorage : Any
e: file:///Users/jim/work/v2superbikeshed/Trikeshed/src/commonMain/kotlin/borg/trikeshed/ipfs/IpfsCore.kt:239:29 This type is final, so it cannot be extended.
e: file:///Users/jim/work/v2superbikeshed/Trikeshed/src/commonMain/kotlin/borg/trikeshed/ipfs/IpfsCore.kt:239:29 This type has a constructor, so it must be initialized here.
e: file:///Users/jim/work/v2superbikeshed/Trikeshed/src/commonMain/kotlin/borg/trikeshed/ipfs/IpfsCore.kt:240:17 'blocks' hides member of supertype 'IpfsStorage' and needs an 'override' modifier.
e: file:///Users/jim/work/v2superbikeshed/Trikeshed/src/commonMain/kotlin/borg/trikeshed/ipfs/IpfsCore.kt:242:5 'put' overrides nothing.
e: file:///Users/jim/work/v2superbikeshed/Trikeshed/src/commonMain/kotlin/borg/trikeshed/ipfs/IpfsCore.kt:243:26 Unresolved reference 'encode'.
e: file:///Users/jim/work/v2superbikeshed/Trikeshed/src/commonMain/kotlin/borg/trikeshed/ipfs/IpfsCore.kt:247:5 'get' overrides nothing.
e: file:///Users/jim/work/v2superbikeshed/Trikeshed/src/commonMain/kotlin/borg/trikeshed/ipfs/IpfsCore.kt:248:27 Unresolved reference 'encode'.
e: file:///Users/jim/work/v2superbikeshed/Trikeshed/src/commonMain/kotlin/borg/trikeshed/ipfs/IpfsCore.kt:251:5 'has' overrides nothing.
e: file:///Users/jim/work/v2superbikeshed/Trikeshed/src/commonMain/kotlin/borg/trikeshed/ipfs/IpfsCore.kt:252:39 Unresolved reference 'encode'.
e: file:///Users/jim/work/v2superbikeshed/Trikeshed/src/commonMain/kotlin/borg/trikeshed/ipfs/IpfsCore.kt:255:5 'delete' overrides nothing.
e: file:///Users/jim/work/v2superbikeshed/Trikeshed/src/commonMain/kotlin/borg/trikeshed/ipfs/IpfsCore.kt:256:34 Unresolved reference 'encode'.
e: file:///Users/jim/work/v2superbikeshed/Trikeshed/src/commonMain/kotlin/borg/trikeshed/ipfs/IpfsCore.kt:259:5 'list' overrides nothing.
e: file:///Users/jim/work/v2superbikeshed/Trikeshed/src/commonMain/kotlin/borg/trikeshed/isam/IsamDataFile.kt:13:9 'open' hides member of supertype 'Usable' and needs an 'override' modifier.
e: file:///Users/jim/work/v2superbikeshed/Trikeshed/src/commonMain/kotlin/borg/trikeshed/isam/IsamDataFile.kt:14:9 'close' hides member of supertype 'Usable' and needs an 'override' modifier.
e: file:///Users/jim/work/v2superbikeshed/Trikeshed/src/commonMain/kotlin/borg/trikeshed/isam/IsamDataFile.kt:17:9 Function 'write' without a body must be abstract.
e: file:///Users/jim/work/v2superbikeshed/Trikeshed/src/commonMain/kotlin/borg/trikeshed/isam/IsamDataFile.kt:19:9 Function 'append' without a body must be abstract.
e: file:///Users/jim/work/v2superbikeshed/Trikeshed/src/commonMain/kotlin/borg/trikeshed/isam/RecordMeta.kt:4:30 Unresolved reference 'TypeMemento'.
e: file:///Users/jim/work/v2superbikeshed/Trikeshed/src/commonMain/kotlin/borg/trikeshed/isam/RecordMeta.kt:18:17 No value passed for parameter 'memento'.
e: file:///Users/jim/work/v2superbikeshed/Trikeshed/src/commonMain/kotlin/borg/trikeshed/isam/RecordMeta.kt:19:5 'name' in 'ColumnMeta' is final and cannot be overridden.
e: file:///Users/jim/work/v2superbikeshed/Trikeshed/src/commonMain/kotlin/borg/trikeshed/isam/RecordMeta.kt:21:5 'type' in 'ColumnMeta' is final and cannot be overridden.
e: file:///Users/jim/work/v2superbikeshed/Trikeshed/src/commonMain/kotlin/borg/trikeshed/isam/RecordMeta.kt:21:24 Type of 'type' is not a subtype of overridden property 'val type: String' defined in 'borg/trikeshed/cursor/ColumnMeta'.
e: file:///Users/jim/work/v2superbikeshed/Trikeshed/src/commonMain/kotlin/borg/trikeshed/isam/RecordMeta.kt:27:45 Unresolved reference 'createDecoder'.
e: file:///Users/jim/work/v2superbikeshed/Trikeshed/src/commonMain/kotlin/borg/trikeshed/isam/RecordMeta.kt:29:45 Unresolved reference 'createEncoder'.
e: file:///Users/jim/work/v2superbikeshed/Trikeshed/src/commonMain/kotlin/borg/trikeshed/isam/RecordMeta.kt:32:5 This type is final, so it cannot be extended.
e: file:///Users/jim/work/v2superbikeshed/Trikeshed/src/commonMain/kotlin/borg/trikeshed/isam/RecordMeta.kt:32:5 This type has a constructor, so it must be initialized here.
e: file:///Users/jim/work/v2superbikeshed/Trikeshed/src/commonMain/kotlin/borg/trikeshed/lib/AlphaConversion.kt:26:14 Conflicting overloads:
fun <X, C, V : Join<Int, Function1<Int, X>>> V.α(crossinline xform: (X) -> C): Join<Int, Function1<Int, C>>
e: file:///Users/jim/work/v2superbikeshed/Trikeshed/src/commonMain/kotlin/borg/trikeshed/lib/AlphaConversion.kt:31:10 Overload resolution ambiguity between candidates:
fun <X, C, V : Join<Int, Function1<Int, X>>> V.α(crossinline xform: (X) -> C): Join<Int, Function1<Int, C>>
fun <X, C, V : Join<Int, Function1<Int, X>>> V.α(crossinline xform: (X) -> C): Join<Int, Function1<Int, C>>
e: file:///Users/jim/work/v2superbikeshed/Trikeshed/src/commonMain/kotlin/borg/trikeshed/lib/AlphaConversion.kt:35:10 Overload resolution ambiguity between candidates:
fun <X, C, V : Join<Int, Function1<Int, X>>> V.α(crossinline xform: (X) -> C): Join<Int, Function1<Int, C>>
fun <X, C, V : Join<Int, Function1<Int, X>>> V.α(crossinline xform: (X) -> C): Join<Int, Function1<Int, C>>
e: file:///Users/jim/work/v2superbikeshed/Trikeshed/src/commonMain/kotlin/borg/trikeshed/lib/AlphaConversion.kt:105:1 Conflicting overloads:
fun ByteArray.toIndexed(): Join<Int, Function1<Int, Byte>>
e: file:///Users/jim/work/v2superbikeshed/Trikeshed/src/commonMain/kotlin/borg/trikeshed/lib/AlphaConversion.kt:118:10 Overload resolution ambiguity between candidates:
fun <X, C, V : Join<Int, Function1<Int, X>>> V.α(crossinline xform: (X) -> C): Join<Int, Function1<Int, C>>
fun <X, C, V : Join<Int, Function1<Int, X>>> V.α(crossinline xform: (X) -> C): Join<Int, Function1<Int, C>>
e: file:///Users/jim/work/v2superbikeshed/Trikeshed/src/commonMain/kotlin/borg/trikeshed/lib/AlphaConversion.kt:249:12 Return type mismatch: expected 'Join<Join<Int, Function1<Int, T (of fun <T> Join<Int, Function1<Int, T>>.partition)>>, Join<Int, Function1<Int, T (of fun <T> Join<Int, Function1<Int, T>>.partition)>>>', actual 'Join<Join<Int, KFunction1<Int, T (of fun <T> Join<Int, Function1<Int, T>>.partition)>>, Join<Int, KFunction1<Int, T (of fun <T> Join<Int, Function1<Int, T>>.partition)>>>'.
e: file:///Users/jim/work/v2superbikeshed/Trikeshed/src/commonMain/kotlin/borg/trikeshed/lib/ByteIndexed.kt:33:37 Cannot infer type for this parameter. Specify it explicitly.
e: file:///Users/jim/work/v2superbikeshed/Trikeshed/src/commonMain/kotlin/borg/trikeshed/lib/ByteIndexed.kt:33:37 Not enough information to infer type argument for 'T'.
e: file:///Users/jim/work/v2superbikeshed/Trikeshed/src/commonMain/kotlin/borg/trikeshed/lib/ByteIndexed.kt:33:49 Unresolved reference. None of the following candidates is applicable because of a receiver type mismatch:
fun String.encodeToByteArray(): ByteArray
e: file:///Users/jim/work/v2superbikeshed/Trikeshed/src/commonMain/kotlin/borg/trikeshed/lib/ByteIndexed.kt:33:69 Overload resolution ambiguity between candidates:
fun ByteArray.toIndexed(): Join<Int, Function1<Int, Byte>>
fun <T> Any.toIndexed(): Join<Int, Function1<Int, T>>
fun ByteArray.toIndexed(): Join<Int, Function1<Int, Byte>>
e: file:///Users/jim/work/v2superbikeshed/Trikeshed/src/commonMain/kotlin/borg/trikeshed/lib/ByteIndexed.kt:93:23 Cannot infer type for this parameter. Specify it explicitly.
e: file:///Users/jim/work/v2superbikeshed/Trikeshed/src/commonMain/kotlin/borg/trikeshed/lib/ByteIndexed.kt:93:23 Unresolved reference. None of the following candidates is applicable because of a receiver type mismatch:
fun <T> Join<Int, Function1<Int, Join<Any?, TypeMemento>>>.get(column: Column<T>): T?
e: file:///Users/jim/work/v2superbikeshed/Trikeshed/src/commonMain/kotlin/borg/trikeshed/lib/ByteIndexed.kt:143:65 Unresolved reference 'decodeToChars'.
e: file:///Users/jim/work/v2superbikeshed/Trikeshed/src/commonMain/kotlin/borg/trikeshed/lib/ByteIndexed.kt:155:39 Cannot infer type for this parameter. Specify it explicitly.
e: file:///Users/jim/work/v2superbikeshed/Trikeshed/src/commonMain/kotlin/borg/trikeshed/lib/ByteIndexed.kt:155:39 Unresolved reference. None of the following candidates is applicable because of a receiver type mismatch:
fun <T> Join<Int, Function1<Int, Join<Any?, TypeMemento>>>.get(column: Column<T>): T?
e: file:///Users/jim/work/v2superbikeshed/Trikeshed/src/commonMain/kotlin/borg/trikeshed/lib/ByteIndexed.kt:156:39 Cannot infer type for this parameter. Specify it explicitly.
e: file:///Users/jim/work/v2superbikeshed/Trikeshed/src/commonMain/kotlin/borg/trikeshed/lib/ByteIndexed.kt:156:39 Unresolved reference. None of the following candidates is applicable because of a receiver type mismatch:
fun <T> Join<Int, Function1<Int, Join<Any?, TypeMemento>>>.get(column: Column<T>): T?
e: file:///Users/jim/work/v2superbikeshed/Trikeshed/src/commonMain/kotlin/borg/trikeshed/lib/ByteIndexed.kt:206:24 Unresolved reference. None of the following candidates is applicable because of a receiver type mismatch:
fun <T> Join<Int, Function1<Int, Join<Any?, TypeMemento>>>.get(column: Column<T>): T?
e: file:///Users/jim/work/v2superbikeshed/Trikeshed/src/commonMain/kotlin/borg/trikeshed/lib/ByteIndexed.kt:226:49 Inapplicable candidate(s): val get: Byte
e: file:///Users/jim/work/v2superbikeshed/Trikeshed/src/commonMain/kotlin/borg/trikeshed/lib/ByteIndexed.kt:243:25 Operator '==' cannot be applied to 'Byte' and 'Int'.
e: file:///Users/jim/work/v2superbikeshed/Trikeshed/src/commonMain/kotlin/borg/trikeshed/lib/ByteIndexed.kt:261:25 Incompatible types 'Byte' and 'Int'.
e: file:///Users/jim/work/v2superbikeshed/Trikeshed/src/commonMain/kotlin/borg/trikeshed/lib/ByteIndexed.kt:262:25 Incompatible types 'Byte' and 'Int'.
e: file:///Users/jim/work/v2superbikeshed/Trikeshed/src/commonMain/kotlin/borg/trikeshed/lib/ByteIndexed.kt:271:25 Incompatible types 'Byte' and 'Int'.
e: file:///Users/jim/work/v2superbikeshed/Trikeshed/src/commonMain/kotlin/borg/trikeshed/lib/ByteIndexed.kt:309:95 Overload resolution ambiguity between candidates:
fun <X, C, V : Join<Int, Function1<Int, X>>> V.α(crossinline xform: (X) -> C): Join<Int, Function1<Int, C>>
fun <X, C, V : Join<Int, Function1<Int, X>>> V.α(crossinline xform: (X) -> C): Join<Int, Function1<Int, C>>
e: file:///Users/jim/work/v2superbikeshed/Trikeshed/src/commonMain/kotlin/borg/trikeshed/lib/ByteIndexed.kt:310:9 Unresolved reference 'it'.
e: file:///Users/jim/work/v2superbikeshed/Trikeshed/src/commonMain/kotlin/borg/trikeshed/lib/ByteIndexed.kt:318:17 Cannot infer type for this parameter. Specify it explicitly.
e: file:///Users/jim/work/v2superbikeshed/Trikeshed/src/commonMain/kotlin/borg/trikeshed/lib/ByteIndexed.kt:318:17 Unresolved reference. None of the following candidates is applicable because of a receiver type mismatch:
fun <T> Join<Int, Function1<Int, Join<Any?, TypeMemento>>>.get(column: Column<T>): T?
e: file:///Users/jim/work/v2superbikeshed/Trikeshed/src/commonMain/kotlin/borg/trikeshed/lib/ByteIndexed.kt:325:26 Cannot infer type for this parameter. Specify it explicitly.
e: file:///Users/jim/work/v2superbikeshed/Trikeshed/src/commonMain/kotlin/borg/trikeshed/lib/ByteIndexed.kt:325:26 Unresolved reference. None of the following candidates is applicable because of a receiver type mismatch:
fun <T> Join<Int, Function1<Int, Join<Any?, TypeMemento>>>.get(column: Column<T>): T?
e: file:///Users/jim/work/v2superbikeshed/Trikeshed/src/commonMain/kotlin/borg/trikeshed/lib/ByteIndexed.kt:331:26 Cannot infer type for this parameter. Specify it explicitly.
e: file:///Users/jim/work/v2superbikeshed/Trikeshed/src/commonMain/kotlin/borg/trikeshed/lib/ByteIndexed.kt:331:26 Unresolved reference. None of the following candidates is applicable because of a receiver type mismatch:
fun <T> Join<Int, Function1<Int, Join<Any?, TypeMemento>>>.get(column: Column<T>): T?
e: file:///Users/jim/work/v2superbikeshed/Trikeshed/src/commonMain/kotlin/borg/trikeshed/lib/ByteIndexed.kt:332:26 Cannot infer type for this parameter. Specify it explicitly.
e: file:///Users/jim/work/v2superbikeshed/Trikeshed/src/commonMain/kotlin/borg/trikeshed/lib/ByteIndexed.kt:332:26 Unresolved reference. None of the following candidates is applicable because of a receiver type mismatch:
fun <T> Join<Int, Function1<Int, Join<Any?, TypeMemento>>>.get(column: Column<T>): T?
e: file:///Users/jim/work/v2superbikeshed/Trikeshed/src/commonMain/kotlin/borg/trikeshed/lib/ByteIndexed.kt:340:50 Unresolved reference. None of the following candidates is applicable because of a receiver type mismatch:
fun ByteIndexedBuffer.decodeToString(): String
e: file:///Users/jim/work/v2superbikeshed/Trikeshed/src/commonMain/kotlin/borg/trikeshed/lib/ByteIndexed.kt:355:14 Cannot infer type for this parameter. Specify it explicitly.
e: file:///Users/jim/work/v2superbikeshed/Trikeshed/src/commonMain/kotlin/borg/trikeshed/lib/ByteIndexed.kt:355:14 Unresolved reference. None of the following candidates is applicable because of a receiver type mismatch:
fun <T> Join<Int, Function1<Int, Join<Any?, TypeMemento>>>.get(column: Column<T>): T?
e: file:///Users/jim/work/v2superbikeshed/Trikeshed/src/commonMain/kotlin/borg/trikeshed/lib/ByteIndexed.kt:357:24 Cannot infer type for this parameter. Specify it explicitly.
e: file:///Users/jim/work/v2superbikeshed/Trikeshed/src/commonMain/kotlin/borg/trikeshed/lib/ByteIndexed.kt:357:24 Unresolved reference. None of the following candidates is applicable because of a receiver type mismatch:
fun <T> Join<Int, Function1<Int, Join<Any?, TypeMemento>>>.get(column: Column<T>): T?
e: file:///Users/jim/work/v2superbikeshed/Trikeshed/src/commonMain/kotlin/borg/trikeshed/lib/ByteIndexed.kt:367:55 Unresolved reference. None of the following candidates is applicable because of a receiver type mismatch:
fun Join<Int, Function1<Int, Byte>>.asString(): String
e: file:///Users/jim/work/v2superbikeshed/Trikeshed/src/commonMain/kotlin/borg/trikeshed/lib/ByteIndexed.kt:370:38 None of the following candidates is applicable:
fun <X, C, V : Join<Int, Function1<Int, X>>> V.α(crossinline xform: (X) -> C): Join<Int, Function1<Int, C>>
fun <X, C> Array<X>.α(crossinline xform: (X) -> C): Join<Int, Function1<Int, C>>
fun <X, C, Subject : Iterable<X>> Subject.α(xform: (X) -> C): Iterable<C>
fun <X, C, V : Join<Int, Function1<Int, X>>> V.α(crossinline xform: (X) -> C): Join<Int, Function1<Int, C>>
e: file:///Users/jim/work/v2superbikeshed/Trikeshed/src/commonMain/kotlin/borg/trikeshed/lib/ByteIndexed.kt:370:42 Unresolved reference 'it'.
e: file:///Users/jim/work/v2superbikeshed/Trikeshed/src/commonMain/kotlin/borg/trikeshed/lib/ByteIndexed.kt:371:17 Unresolved reference 'a'.
e: file:///Users/jim/work/v2superbikeshed/Trikeshed/src/commonMain/kotlin/borg/trikeshed/lib/ByteIndexed.kt:371:32 Cannot infer type for this parameter. Specify it explicitly.
e: file:///Users/jim/work/v2superbikeshed/Trikeshed/src/commonMain/kotlin/borg/trikeshed/lib/ByteIndexed.kt:371:32 Not enough information to infer type argument for 'T'.
e: file:///Users/jim/work/v2superbikeshed/Trikeshed/src/commonMain/kotlin/borg/trikeshed/lib/ByteIndexed.kt:371:42 Unresolved reference '▶'.
e: file:///Users/jim/work/v2superbikeshed/Trikeshed/src/commonMain/kotlin/borg/trikeshed/lib/ByteIndexed.kt:371:46 Cannot infer type for this parameter. Specify it explicitly.
e: file:///Users/jim/work/v2superbikeshed/Trikeshed/src/commonMain/kotlin/borg/trikeshed/lib/ByteIndexed.kt:371:50 Cannot infer type for this parameter. Specify it explicitly.
e: file:///Users/jim/work/v2superbikeshed/Trikeshed/src/commonMain/kotlin/borg/trikeshed/lib/ByteIndexed.kt:371:55 Function invocation 'first()' expected.
e: file:///Users/jim/work/v2superbikeshed/Trikeshed/src/commonMain/kotlin/borg/trikeshed/lib/ByteIndexed.kt:371:67 Unresolved reference 'second'.
e: file:///Users/jim/work/v2superbikeshed/Trikeshed/src/commonMain/kotlin/borg/trikeshed/lib/ByteIndexed.kt:375:38 None of the following candidates is applicable:
fun <X, C, V : Join<Int, Function1<Int, X>>> V.α(crossinline xform: (X) -> C): Join<Int, Function1<Int, C>>
fun <X, C> Array<X>.α(crossinline xform: (X) -> C): Join<Int, Function1<Int, C>>
fun <X, C, Subject : Iterable<X>> Subject.α(xform: (X) -> C): Iterable<C>
fun <X, C, V : Join<Int, Function1<Int, X>>> V.α(crossinline xform: (X) -> C): Join<Int, Function1<Int, C>>
e: file:///Users/jim/work/v2superbikeshed/Trikeshed/src/commonMain/kotlin/borg/trikeshed/lib/ByteIndexed.kt:375:42 Unresolved reference 'it'.
e: file:///Users/jim/work/v2superbikeshed/Trikeshed/src/commonMain/kotlin/borg/trikeshed/lib/ByteIndexed.kt:376:17 Unresolved reference 'a'.
e: file:///Users/jim/work/v2superbikeshed/Trikeshed/src/commonMain/kotlin/borg/trikeshed/lib/ByteIndexed.kt:376:32 Cannot infer type for this parameter. Specify it explicitly.
e: file:///Users/jim/work/v2superbikeshed/Trikeshed/src/commonMain/kotlin/borg/trikeshed/lib/ByteIndexed.kt:376:32 Not enough information to infer type argument for 'T'.
e: file:///Users/jim/work/v2superbikeshed/Trikeshed/src/commonMain/kotlin/borg/trikeshed/lib/ByteIndexed.kt:376:53 Unresolved reference '▶'.
e: file:///Users/jim/work/v2superbikeshed/Trikeshed/src/commonMain/kotlin/borg/trikeshed/lib/ByteIndexed.kt:376:57 Cannot infer type for this parameter. Specify it explicitly.
e: file:///Users/jim/work/v2superbikeshed/Trikeshed/src/commonMain/kotlin/borg/trikeshed/lib/ByteIndexed.kt:376:61 Cannot infer type for this parameter. Specify it explicitly.
e: file:///Users/jim/work/v2superbikeshed/Trikeshed/src/commonMain/kotlin/borg/trikeshed/lib/ByteIndexed.kt:376:66 Function invocation 'first()' expected.
e: file:///Users/jim/work/v2superbikeshed/Trikeshed/src/commonMain/kotlin/borg/trikeshed/lib/ByteIndexed.kt:376:78 Unresolved reference 'second'.
e: file:///Users/jim/work/v2superbikeshed/Trikeshed/src/commonMain/kotlin/borg/trikeshed/lib/ByteIndexed.kt:390:30 Cannot infer type for this parameter. Specify it explicitly.
e: file:///Users/jim/work/v2superbikeshed/Trikeshed/src/commonMain/kotlin/borg/trikeshed/lib/ByteIndexed.kt:390:30 Unresolved reference. None of the following candidates is applicable because of a receiver type mismatch:
fun <T> Join<Int, Function1<Int, Join<Any?, TypeMemento>>>.get(column: Column<T>): T?
e: file:///Users/jim/work/v2superbikeshed/Trikeshed/src/commonMain/kotlin/borg/trikeshed/lib/ByteIndexed.kt:398:17 None of the following candidates is applicable:
fun <X, C, V : Join<Int, Function1<Int, X>>> V.α(crossinline xform: (X) -> C): Join<Int, Function1<Int, C>>
fun <X, C> Array<X>.α(crossinline xform: (X) -> C): Join<Int, Function1<Int, C>>
fun <X, C, Subject : Iterable<X>> Subject.α(xform: (X) -> C): Iterable<C>
fun <X, C, V : Join<Int, Function1<Int, X>>> V.α(crossinline xform: (X) -> C): Join<Int, Function1<Int, C>>
e: file:///Users/jim/work/v2superbikeshed/Trikeshed/src/commonMain/kotlin/borg/trikeshed/lib/ByteIndexed.kt:398:21 Cannot infer type for this parameter. Specify it explicitly.
e: file:///Users/jim/work/v2superbikeshed/Trikeshed/src/commonMain/kotlin/borg/trikeshed/lib/ByteIndexed.kt:400:43 Unresolved reference 'dec'.
e: file:///Users/jim/work/v2superbikeshed/Trikeshed/src/commonMain/kotlin/borg/trikeshed/lib/ByteIndexed.kt:408:9 Cannot infer type for this parameter. Specify it explicitly.
e: file:///Users/jim/work/v2superbikeshed/Trikeshed/src/commonMain/kotlin/borg/trikeshed/lib/ByteIndexed.kt:408:9 Unresolved reference. None of the following candidates is applicable because of a receiver type mismatch:
fun <T> Join<Int, Function1<Int, Join<Any?, TypeMemento>>>.get(column: Column<T>): T?
e: file:///Users/jim/work/v2superbikeshed/Trikeshed/src/commonMain/kotlin/borg/trikeshed/lib/CharIndexed.kt:88:23 Cannot infer type for this parameter. Specify it explicitly.
e: file:///Users/jim/work/v2superbikeshed/Trikeshed/src/commonMain/kotlin/borg/trikeshed/lib/CharIndexed.kt:88:23 Unresolved reference. None of the following candidates is applicable because of a receiver type mismatch:
fun <T> Join<Int, Function1<Int, Join<Any?, TypeMemento>>>.get(column: Column<T>): T?
e: file:///Users/jim/work/v2superbikeshed/Trikeshed/src/commonMain/kotlin/borg/trikeshed/lib/CharIndexed.kt:139:51 Argument type mismatch: actual type is 'Char?', but 'Char' was expected.
e: file:///Users/jim/work/v2superbikeshed/Trikeshed/src/commonMain/kotlin/borg/trikeshed/lib/CharIndexed.kt:139:51 Unresolved reference. None of the following candidates is applicable because of a receiver type mismatch:
fun <T> Join<Int, Function1<Int, Join<Any?, TypeMemento>>>.get(column: Column<T>): T?
e: file:///Users/jim/work/v2superbikeshed/Trikeshed/src/commonMain/kotlin/borg/trikeshed/lib/CharIndexed.kt:168:30 Cannot infer type for this parameter. Specify it explicitly.
e: file:///Users/jim/work/v2superbikeshed/Trikeshed/src/commonMain/kotlin/borg/trikeshed/lib/CharIndexed.kt:168:30 Unresolved reference. None of the following candidates is applicable because of a receiver type mismatch:
fun <T> Join<Int, Function1<Int, Join<Any?, TypeMemento>>>.get(column: Column<T>): T?
e: file:///Users/jim/work/v2superbikeshed/Trikeshed/src/commonMain/kotlin/borg/trikeshed/lib/CharIndexed.kt:168:30 Argument type mismatch: actual type is 'T? (of fun <T> Join<Int, Function1<Int, Join<Any?, TypeMemento>>>.get)', but 'Char' was expected.
e: file:///Users/jim/work/v2superbikeshed/Trikeshed/src/commonMain/kotlin/borg/trikeshed/lib/CharIndexed.kt:170:30 Cannot infer type for this parameter. Specify it explicitly.
e: file:///Users/jim/work/v2superbikeshed/Trikeshed/src/commonMain/kotlin/borg/trikeshed/lib/CharIndexed.kt:170:30 Unresolved reference. None of the following candidates is applicable because of a receiver type mismatch:
fun <T> Join<Int, Function1<Int, Join<Any?, TypeMemento>>>.get(column: Column<T>): T?
e: file:///Users/jim/work/v2superbikeshed/Trikeshed/src/commonMain/kotlin/borg/trikeshed/lib/CharIndexed.kt:170:30 Argument type mismatch: actual type is 'T? (of fun <T> Join<Int, Function1<Int, Join<Any?, TypeMemento>>>.get)', but 'Char' was expected.
e: file:///Users/jim/work/v2superbikeshed/Trikeshed/src/commonMain/kotlin/borg/trikeshed/lib/CharIndexed.kt:239:24 Unresolved reference. None of the following candidates is applicable because of a receiver type mismatch:
fun <T> Join<Int, Function1<Int, Join<Any?, TypeMemento>>>.get(column: Column<T>): T?
e: file:///Users/jim/work/v2superbikeshed/Trikeshed/src/commonMain/kotlin/borg/trikeshed/lib/CharIndexed.kt:274:33 Inapplicable candidate(s): val get: Char
e: file:///Users/jim/work/v2superbikeshed/Trikeshed/src/commonMain/kotlin/borg/trikeshed/lib/CharIndexed.kt:335:56 Unresolved reference 'CharIndexed'.
e: file:///Users/jim/work/v2superbikeshed/Trikeshed/src/commonMain/kotlin/borg/trikeshed/lib/CharIndexed.kt:338:38 Cannot infer type for this parameter. Specify it explicitly.
e: file:///Users/jim/work/v2superbikeshed/Trikeshed/src/commonMain/kotlin/borg/trikeshed/lib/CharIndexed.kt:338:38 Not enough information to infer type argument for 'B'.
e: file:///Users/jim/work/v2superbikeshed/Trikeshed/src/commonMain/kotlin/borg/trikeshed/lib/CharIndexed.kt:338:42 Cannot infer type for this parameter. Specify it explicitly.
e: file:///Users/jim/work/v2superbikeshed/Trikeshed/src/commonMain/kotlin/borg/trikeshed/lib/CharIndexed.kt:345:24 Unresolved reference 'CharIndexed'.
e: file:///Users/jim/work/v2superbikeshed/Trikeshed/src/commonMain/kotlin/borg/trikeshed/lib/CharIndexed.kt:352:23 Unresolved reference 'CharIndexed'.
e: file:///Users/jim/work/v2superbikeshed/Trikeshed/src/commonMain/kotlin/borg/trikeshed/lib/CharIndexed.kt:359:30 Unresolved reference 'CharIndexed'.
e: file:///Users/jim/work/v2superbikeshed/Trikeshed/src/commonMain/kotlin/borg/trikeshed/lib/CharIndexed.kt:360:26 Unresolved reference 'a'.
e: file:///Users/jim/work/v2superbikeshed/Trikeshed/src/commonMain/kotlin/borg/trikeshed/lib/CharIndexed.kt:382:28 Unresolved reference 'CharIndexed'.
e: file:///Users/jim/work/v2superbikeshed/Trikeshed/src/commonMain/kotlin/borg/trikeshed/lib/CharIndexed.kt:383:20 Unresolved reference 'a'.
e: file:///Users/jim/work/v2superbikeshed/Trikeshed/src/commonMain/kotlin/borg/trikeshed/lib/CharIndexed.kt:384:34 Unresolved reference 'a'.
e: file:///Users/jim/work/v2superbikeshed/Trikeshed/src/commonMain/kotlin/borg/trikeshed/lib/CharIndexed.kt:393:26 Unresolved reference 'CharIndexed'.
e: file:///Users/jim/work/v2superbikeshed/Trikeshed/src/commonMain/kotlin/borg/trikeshed/lib/CharIndexed.kt:394:20 Unresolved reference 'a'.
e: file:///Users/jim/work/v2superbikeshed/Trikeshed/src/commonMain/kotlin/borg/trikeshed/lib/CharIndexed.kt:395:40 Unresolved reference 'a'.
e: file:///Users/jim/work/v2superbikeshed/Trikeshed/src/commonMain/kotlin/borg/trikeshed/lib/CharIndexed.kt:396:34 Unresolved reference 'a'.
e: file:///Users/jim/work/v2superbikeshed/Trikeshed/src/commonMain/kotlin/borg/trikeshed/lib/CharIndexed.kt:397:19 Argument type mismatch: actual type is 'Join<Shape, Function1<Shape, Int>>', but 'Int' was expected.
e: file:///Users/jim/work/v2superbikeshed/Trikeshed/src/commonMain/kotlin/borg/trikeshed/lib/CharIndexed.kt:406:52 Unresolved reference 'CharIndexed'.
e: file:///Users/jim/work/v2superbikeshed/Trikeshed/src/commonMain/kotlin/borg/trikeshed/lib/CharIndexed.kt:409:38 Cannot infer type for this parameter. Specify it explicitly.
e: file:///Users/jim/work/v2superbikeshed/Trikeshed/src/commonMain/kotlin/borg/trikeshed/lib/CharIndexed.kt:409:38 Not enough information to infer type argument for 'B'.
e: file:///Users/jim/work/v2superbikeshed/Trikeshed/src/commonMain/kotlin/borg/trikeshed/lib/CharIndexed.kt:409:42 Cannot infer type for this parameter. Specify it explicitly.
e: file:///Users/jim/work/v2superbikeshed/Trikeshed/src/commonMain/kotlin/borg/trikeshed/lib/CharIndexed.kt:416:22 Unresolved reference 'CharIndexed'.
e: file:///Users/jim/work/v2superbikeshed/Trikeshed/src/commonMain/kotlin/borg/trikeshed/lib/CharIndexed.kt:427:34 Cannot infer type for this parameter. Specify it explicitly.
e: file:///Users/jim/work/v2superbikeshed/Trikeshed/src/commonMain/kotlin/borg/trikeshed/lib/CharIndexed.kt:427:34 Not enough information to infer type argument for 'B'.
e: file:///Users/jim/work/v2superbikeshed/Trikeshed/src/commonMain/kotlin/borg/trikeshed/lib/CharIndexed.kt:427:38 Cannot infer type for this parameter. Specify it explicitly.
e: file:///Users/jim/work/v2superbikeshed/Trikeshed/src/commonMain/kotlin/borg/trikeshed/lib/CharIndexed.kt:434:45 Unresolved reference 'CharIndexed'.
e: file:///Users/jim/work/v2superbikeshed/Trikeshed/src/commonMain/kotlin/borg/trikeshed/lib/CharIndexed.kt:443:39 Unresolved reference 'CharIndexed'.
e: file:///Users/jim/work/v2superbikeshed/Trikeshed/src/commonMain/kotlin/borg/trikeshed/lib/CharIndexed.kt:446:41 Cannot infer type for this parameter. Specify it explicitly.
e: file:///Users/jim/work/v2superbikeshed/Trikeshed/src/commonMain/kotlin/borg/trikeshed/lib/CharIndexed.kt:446:41 Not enough information to infer type argument for 'B'.
e: file:///Users/jim/work/v2superbikeshed/Trikeshed/src/commonMain/kotlin/borg/trikeshed/lib/CharIndexed.kt:446:45 Cannot infer type for this parameter. Specify it explicitly.
e: file:///Users/jim/work/v2superbikeshed/Trikeshed/src/commonMain/kotlin/borg/trikeshed/lib/CharIndexed.kt:523:30 Cannot infer type for this parameter. Specify it explicitly.
e: file:///Users/jim/work/v2superbikeshed/Trikeshed/src/commonMain/kotlin/borg/trikeshed/lib/CharIndexed.kt:523:30 Unresolved reference. None of the following candidates is applicable because of a receiver type mismatch:
fun <T> Join<Int, Function1<Int, Join<Any?, TypeMemento>>>.get(column: Column<T>): T?
e: file:///Users/jim/work/v2superbikeshed/Trikeshed/src/commonMain/kotlin/borg/trikeshed/lib/CharIndexed.kt:531:17 None of the following candidates is applicable:
fun <X, C, V : Join<Int, Function1<Int, X>>> V.α(crossinline xform: (X) -> C): Join<Int, Function1<Int, C>>
fun <X, C> Array<X>.α(crossinline xform: (X) -> C): Join<Int, Function1<Int, C>>
fun <X, C, Subject : Iterable<X>> Subject.α(xform: (X) -> C): Iterable<C>
fun <X, C, V : Join<Int, Function1<Int, X>>> V.α(crossinline xform: (X) -> C): Join<Int, Function1<Int, C>>
e: file:///Users/jim/work/v2superbikeshed/Trikeshed/src/commonMain/kotlin/borg/trikeshed/lib/CharIndexed.kt:531:21 Cannot infer type for this parameter. Specify it explicitly.
e: file:///Users/jim/work/v2superbikeshed/Trikeshed/src/commonMain/kotlin/borg/trikeshed/lib/CharIndexed.kt:533:43 Unresolved reference 'dec'.
e: file:///Users/jim/work/v2superbikeshed/Trikeshed/src/commonMain/kotlin/borg/trikeshed/lib/CharIndexed.kt:541:9 Cannot infer type for this parameter. Specify it explicitly.
e: file:///Users/jim/work/v2superbikeshed/Trikeshed/src/commonMain/kotlin/borg/trikeshed/lib/CharIndexed.kt:541:9 Unresolved reference. None of the following candidates is applicable because of a receiver type mismatch:
fun <T> Join<Int, Function1<Int, Join<Any?, TypeMemento>>>.get(column: Column<T>): T?
e: file:///Users/jim/work/v2superbikeshed/Trikeshed/src/commonMain/kotlin/borg/trikeshed/lib/CharIndexed.kt:549:53 Unresolved reference. None of the following candidates is applicable because of a receiver type mismatch:
fun CharArray.concatToString(): String
e: file:///Users/jim/work/v2superbikeshed/Trikeshed/src/commonMain/kotlin/borg/trikeshed/lib/CharIndexed.kt:550:82 Cannot infer type for this parameter. Specify it explicitly.
e: file:///Users/jim/work/v2superbikeshed/Trikeshed/src/commonMain/kotlin/borg/trikeshed/lib/CharIndexed.kt:550:82 Unresolved reference. None of the following candidates is applicable because of a receiver type mismatch:
fun <T> Join<Int, Function1<Int, Join<Any?, TypeMemento>>>.get(column: Column<T>): T?
e: file:///Users/jim/work/v2superbikeshed/Trikeshed/src/commonMain/kotlin/borg/trikeshed/lib/ColumnarExtensions.kt:106:41 Return type mismatch: expected 'Join<A (of fun <A, T> T.lift), Function1<A (of fun <A, T> T.lift), T (of fun <A, T> T.lift)>>', actual 'Join<Int, ERROR CLASS: Cannot infer argument for type parameter B>'.
e: file:///Users/jim/work/v2superbikeshed/Trikeshed/src/commonMain/kotlin/borg/trikeshed/lib/ColumnarExtensions.kt:106:43 Cannot infer type for this parameter. Specify it explicitly.
e: file:///Users/jim/work/v2superbikeshed/Trikeshed/src/commonMain/kotlin/borg/trikeshed/lib/ColumnarExtensions.kt:106:43 Not enough information to infer type argument for 'B'.
e: file:///Users/jim/work/v2superbikeshed/Trikeshed/src/commonMain/kotlin/borg/trikeshed/lib/ColumnarExtensions.kt:106:47 Cannot infer type for this parameter. Specify it explicitly.
e: file:///Users/jim/work/v2superbikeshed/Trikeshed/src/commonMain/kotlin/borg/trikeshed/lib/ColumnarExtensions.kt:162:35 None of the following candidates is applicable:
fun <T, R> Array<out T>.mapIndexed(transform: (@ParameterName(...) Int, T) -> R): List<R>
fun <R> ByteArray.mapIndexed(transform: (@ParameterName(...) Int, Byte) -> R): List<R>
fun <R> ShortArray.mapIndexed(transform: (@ParameterName(...) Int, Short) -> R): List<R>
fun <R> IntArray.mapIndexed(transform: (@ParameterName(...) Int, Int) -> R): List<R>
fun <R> LongArray.mapIndexed(transform: (@ParameterName(...) Int, Long) -> R): List<R>
fun <R> FloatArray.mapIndexed(transform: (@ParameterName(...) Int, Float) -> R): List<R>
fun <R> DoubleArray.mapIndexed(transform: (@ParameterName(...) Int, Double) -> R): List<R>
fun <R> BooleanArray.mapIndexed(transform: (@ParameterName(...) Int, Boolean) -> R): List<R>
fun <R> CharArray.mapIndexed(transform: (@ParameterName(...) Int, Char) -> R): List<R>
fun <T, R> Iterable<T>.mapIndexed(transform: (@ParameterName(...) Int, T) -> R): List<R>
fun <R> UIntArray.mapIndexed(transform: (@ParameterName(...) Int, UInt) -> R): List<R>
fun <R> ULongArray.mapIndexed(transform: (@ParameterName(...) Int, ULong) -> R): List<R>
fun <R> UByteArray.mapIndexed(transform: (@ParameterName(...) Int, UByte) -> R): List<R>
fun <R> UShortArray.mapIndexed(transform: (@ParameterName(...) Int, UShort) -> R): List<R>
fun <T, R> Sequence<T>.mapIndexed(transform: (@ParameterName(...) Int, T) -> R): Sequence<R>
fun <R> CharSequence.mapIndexed(transform: (@ParameterName(...) Int, Char) -> R): List<R>
e: file:///Users/jim/work/v2superbikeshed/Trikeshed/src/commonMain/kotlin/borg/trikeshed/lib/ColumnarExtensions.kt:162:48 Cannot infer type for this parameter. Specify it explicitly.
e: file:///Users/jim/work/v2superbikeshed/Trikeshed/src/commonMain/kotlin/borg/trikeshed/lib/ColumnarExtensions.kt:162:51 Cannot infer type for this parameter. Specify it explicitly.
e: file:///Users/jim/work/v2superbikeshed/Trikeshed/src/commonMain/kotlin/borg/trikeshed/lib/ColumnarExtensions.kt:162:64 Cannot infer type for this parameter. Specify it explicitly.
e: file:///Users/jim/work/v2superbikeshed/Trikeshed/src/commonMain/kotlin/borg/trikeshed/lib/ColumnarExtensions.kt:162:64 Unresolved reference. None of the following candidates is applicable because of a receiver type mismatch:
fun <A, B> A.to(that: B): Pair<A, B>
e: file:///Users/jim/work/v2superbikeshed/Trikeshed/src/commonMain/kotlin/borg/trikeshed/lib/ColumnarExtensions.kt:163:56 Unresolved reference. None of the following candidates is applicable because of a receiver type mismatch:
fun Join<Int, Function1<Int, Int>>.toIntArray(): IntArray
e: file:///Users/jim/work/v2superbikeshed/Trikeshed/src/commonMain/kotlin/borg/trikeshed/lib/ColumnarExtensions.kt:183:16 Cannot inline 'transform: (Join<Int, Function1<Int, Join<Any?, TypeMemento>>>) -> Join<Int, Function1<Int, Join<Any?, TypeMemento>>>' here: it might contain non-local returns. Add 'crossinline' modifier to parameter declaration 'transform: (Join<Int, Function1<Int, Join<Any?, TypeMemento>>>) -> Join<Int, Function1<Int, Join<Any?, TypeMemento>>>'.
e: file:///Users/jim/work/v2superbikeshed/Trikeshed/src/commonMain/kotlin/borg/trikeshed/lib/ColumnarExtensions.kt:390:33 Unresolved reference 'b1'.
e: file:///Users/jim/work/v2superbikeshed/Trikeshed/src/commonMain/kotlin/borg/trikeshed/lib/ColumnarExtensions.kt:391:36 Unresolved reference 'b2'.
e: file:///Users/jim/work/v2superbikeshed/Trikeshed/src/commonMain/kotlin/borg/trikeshed/lib/ColumnarExtensions.kt:406:29 Unresolved reference 'b1'.
e: file:///Users/jim/work/v2superbikeshed/Trikeshed/src/commonMain/kotlin/borg/trikeshed/lib/ColumnarExtensions.kt:407:32 Unresolved reference 'b2'.
e: file:///Users/jim/work/v2superbikeshed/Trikeshed/src/commonMain/kotlin/borg/trikeshed/lib/ColumnarExtensions.kt:441:60 Cannot infer type for this parameter. Specify it explicitly.
e: file:///Users/jim/work/v2superbikeshed/Trikeshed/src/commonMain/kotlin/borg/trikeshed/lib/ColumnarExtensions.kt:441:60 Not enough information to infer type argument for 'B'.
e: file:///Users/jim/work/v2superbikeshed/Trikeshed/src/commonMain/kotlin/borg/trikeshed/lib/ColumnarExtensions.kt:441:64 Cannot infer type for this parameter. Specify it explicitly.
e: file:///Users/jim/work/v2superbikeshed/Trikeshed/src/commonMain/kotlin/borg/trikeshed/lib/ColumnarExtensions.kt:442:29 'operator' modifier is required on 'FirNamedFunctionSymbol kotlin/compareTo' in 'compareTo'.
e: file:///Users/jim/work/v2superbikeshed/Trikeshed/src/commonMain/kotlin/borg/trikeshed/lib/ColumnarExtensions.kt:442:73 Argument type mismatch: actual type is 'Join<Shape, Function1<Shape, Int>>', but 'Int' was expected.
e: file:///Users/jim/work/v2superbikeshed/Trikeshed/src/commonMain/kotlin/borg/trikeshed/lib/CoreTypes.kt:44:11 Redeclaration:
typealias RowVec = Join<Int, Function1<Int, Join<Any?, TypeMemento>>>
e: file:///Users/jim/work/v2superbikeshed/Trikeshed/src/commonMain/kotlin/borg/trikeshed/lib/CoreTypes.kt:114:64 None of the following candidates is applicable:
fun <K, V> mapOf(pair: Pair<K, V>): Map<K, V>
fun <K, V> mapOf(vararg pairs: Pair<K, V>): Map<K, V>
e: file:///Users/jim/work/v2superbikeshed/Trikeshed/src/commonMain/kotlin/borg/trikeshed/lib/CoreTypes.kt:119:14 Conflicting overloads:
fun <X, C, V : Join<Int, Function1<Int, X>>> V.α(crossinline xform: (X) -> C): Join<Int, Function1<Int, C>>
e: file:///Users/jim/work/v2superbikeshed/Trikeshed/src/commonMain/kotlin/borg/trikeshed/lib/CoreTypes.kt:144:61 None of the following candidates is applicable:
fun <T> Join<Int, Function1<Int, T>>.any(predicate: (T) -> Boolean): Boolean
fun <T> Array<out T>.any(): Boolean
fun ByteArray.any(): Boolean
fun ShortArray.any(): Boolean
fun IntArray.any(): Boolean
fun LongArray.any(): Boolean
fun FloatArray.any(): Boolean
fun DoubleArray.any(): Boolean
fun BooleanArray.any(): Boolean
fun CharArray.any(): Boolean
fun <T> Array<out T>.any(predicate: (T) -> Boolean): Boolean
fun ByteArray.any(predicate: (Byte) -> Boolean): Boolean
fun ShortArray.any(predicate: (Short) -> Boolean): Boolean
fun IntArray.any(predicate: (Int) -> Boolean): Boolean
fun LongArray.any(predicate: (Long) -> Boolean): Boolean
fun FloatArray.any(predicate: (Float) -> Boolean): Boolean
fun DoubleArray.any(predicate: (Double) -> Boolean): Boolean
fun BooleanArray.any(predicate: (Boolean) -> Boolean): Boolean
fun CharArray.any(predicate: (Char) -> Boolean): Boolean
fun <T> Iterable<T>.any(): Boolean
fun <T> Iterable<T>.any(predicate: (T) -> Boolean): Boolean
fun <K, V> Map<out K, V>.any(): Boolean
fun <K, V> Map<out K, V>.any(predicate: (Map.Entry<K, V>) -> Boolean): Boolean
fun UIntArray.any(): Boolean
fun ULongArray.any(): Boolean
fun UByteArray.any(): Boolean
fun UShortArray.any(): Boolean
fun UIntArray.any(predicate: (UInt) -> Boolean): Boolean
fun ULongArray.any(predicate: (ULong) -> Boolean): Boolean
fun UByteArray.any(predicate: (UByte) -> Boolean): Boolean
fun UShortArray.any(predicate: (UShort) -> Boolean): Boolean
fun <T> Sequence<T>.any(): Boolean
fun <T> Sequence<T>.any(predicate: (T) -> Boolean): Boolean
fun CharSequence.any(): Boolean
fun CharSequence.any(predicate: (Char) -> Boolean): Boolean
e: file:///Users/jim/work/v2superbikeshed/Trikeshed/src/commonMain/kotlin/borg/trikeshed/lib/CoreTypes.kt:144:67 Unresolved reference 'it'.
e: file:///Users/jim/work/v2superbikeshed/Trikeshed/src/commonMain/kotlin/borg/trikeshed/lib/CoreTypes.kt:190:1 Conflicting overloads:
fun ByteArray.toIndexed(): Join<Int, Function1<Int, Byte>>
e: file:///Users/jim/work/v2superbikeshed/Trikeshed/src/commonMain/kotlin/borg/trikeshed/lib/CoreTypes.kt:192:13 Annotation argument must be a compile-time constant.
e: file:///Users/jim/work/v2superbikeshed/Trikeshed/src/commonMain/kotlin/borg/trikeshed/lib/CoreTypes.kt:192:75 Unresolved reference 'it'.
e: file:///Users/jim/work/v2superbikeshed/Trikeshed/src/commonMain/kotlin/borg/trikeshed/lib/CoreTypes.kt:193:6 Type parameter of a property must be used in its receiver type.
e: file:///Users/jim/work/v2superbikeshed/Trikeshed/src/commonMain/kotlin/borg/trikeshed/lib/CoreTypes.kt:196:45 Overload resolution ambiguity between candidates:
fun ByteArray.toIndexed(): Join<Int, Function1<Int, Byte>>
fun <T> Any.toIndexed(): Join<Int, Function1<Int, T>>
fun ByteArray.toIndexed(): Join<Int, Function1<Int, Byte>>
e: file:///Users/jim/work/v2superbikeshed/Trikeshed/src/commonMain/kotlin/borg/trikeshed/lib/PackingStrategies.kt:310:17 Unresolved reference 'isArray'.
e: file:///Users/jim/work/v2superbikeshed/Trikeshed/src/commonMain/kotlin/borg/trikeshed/lib/PackingStrategies.kt:316:17 Unresolved reference 'isArray'.
e: file:///Users/jim/work/v2superbikeshed/Trikeshed/src/commonMain/kotlin/borg/trikeshed/lib/PackingStrategies.kt:332:17 Unresolved reference 'isArray'.
e: file:///Users/jim/work/v2superbikeshed/Trikeshed/src/commonMain/kotlin/borg/trikeshed/lib/PackingStrategies.kt:637:9 'when' expression must be exhaustive. Add the 'ADAPTIVE' branch or an 'else' branch.
e: file:///Users/jim/work/v2superbikeshed/Trikeshed/src/commonMain/kotlin/borg/trikeshed/lib/PackingStrategies.kt:637:9 Argument type mismatch: actual type is 'Unit', but 'Function2<Any?, Any?, Boolean>' was expected.
e: file:///Users/jim/work/v2superbikeshed/Trikeshed/src/commonMain/kotlin/borg/trikeshed/lib/PackingStrategies.kt:637:9 Not enough information to infer type argument for 'K'.
e: file:///Users/jim/work/v2superbikeshed/Trikeshed/src/commonMain/kotlin/borg/trikeshed/lib/PackingStrategies.kt:638:42 Cannot infer type for this parameter. Specify it explicitly.
e: file:///Users/jim/work/v2superbikeshed/Trikeshed/src/commonMain/kotlin/borg/trikeshed/lib/PackingStrategies.kt:638:45 Cannot infer type for this parameter. Specify it explicitly.
e: file:///Users/jim/work/v2superbikeshed/Trikeshed/src/commonMain/kotlin/borg/trikeshed/lib/PackingStrategies.kt:638:50 Cannot infer type for this parameter. Specify it explicitly.
e: file:///Users/jim/work/v2superbikeshed/Trikeshed/src/commonMain/kotlin/borg/trikeshed/lib/PackingStrategies.kt:639:43 Cannot infer type for this parameter. Specify it explicitly.
e: file:///Users/jim/work/v2superbikeshed/Trikeshed/src/commonMain/kotlin/borg/trikeshed/lib/PackingStrategies.kt:639:46 Cannot infer type for this parameter. Specify it explicitly.
e: file:///Users/jim/work/v2superbikeshed/Trikeshed/src/commonMain/kotlin/borg/trikeshed/lib/PackingStrategies.kt:639:51 Cannot infer type for this parameter. Specify it explicitly.
e: file:///Users/jim/work/v2superbikeshed/Trikeshed/src/commonMain/kotlin/borg/trikeshed/lib/PackingStrategies.kt:639:76 Cannot infer type for this parameter. Specify it explicitly.
e: file:///Users/jim/work/v2superbikeshed/Trikeshed/src/commonMain/kotlin/borg/trikeshed/lib/PackingStrategies.kt:640:45 Cannot infer type for this parameter. Specify it explicitly.
e: file:///Users/jim/work/v2superbikeshed/Trikeshed/src/commonMain/kotlin/borg/trikeshed/lib/PackingStrategies.kt:640:48 Cannot infer type for this parameter. Specify it explicitly.
e: file:///Users/jim/work/v2superbikeshed/Trikeshed/src/commonMain/kotlin/borg/trikeshed/lib/PackingStrategies.kt:640:53 Cannot infer type for this parameter. Specify it explicitly.
e: file:///Users/jim/work/v2superbikeshed/Trikeshed/src/commonMain/kotlin/borg/trikeshed/lib/PackingStrategies.kt:640:77 Cannot infer type for this parameter. Specify it explicitly.
e: file:///Users/jim/work/v2superbikeshed/Trikeshed/src/commonMain/kotlin/borg/trikeshed/lib/PackingStrategies.kt:641:29 Unresolved reference 'EXPERIMENTAL'.
e: file:///Users/jim/work/v2superbikeshed/Trikeshed/src/commonMain/kotlin/borg/trikeshed/lib/PackingStrategies.kt:641:47 Cannot infer type for this parameter. Specify it explicitly.
e: file:///Users/jim/work/v2superbikeshed/Trikeshed/src/commonMain/kotlin/borg/trikeshed/lib/PackingStrategies.kt:641:50 Cannot infer type for this parameter. Specify it explicitly.
e: file:///Users/jim/work/v2superbikeshed/Trikeshed/src/commonMain/kotlin/borg/trikeshed/lib/PackingStrategies.kt:647:5 Type mismatch: inferred type is 'Join<Int, Int>', but 'Join<Any?, Any?>' was expected.
e: file:///Users/jim/work/v2superbikeshed/Trikeshed/src/commonMain/kotlin/borg/trikeshed/lib/PackingStrategies.kt:667:5 Type mismatch: inferred type is 'Join<Int, Int>', but 'Join<Any?, Any?>' was expected.
e: file:///Users/jim/work/v2superbikeshed/Trikeshed/src/commonMain/kotlin/borg/trikeshed/lib/PackingStrategies.kt:681:5 Type mismatch: inferred type is 'Join<Int, Int>', but 'Join<Any?, Any?>' was expected.
e: file:///Users/jim/work/v2superbikeshed/Trikeshed/src/commonMain/kotlin/borg/trikeshed/lib/PackingStrategies.kt:684:19 Unresolved reference 'a'.
e: file:///Users/jim/work/v2superbikeshed/Trikeshed/src/commonMain/kotlin/borg/trikeshed/lib/PackingStrategies.kt:686:18 Cannot check for instance of erased type 'Join<Int, Function1<Int, *>>'.
e: file:///Users/jim/work/v2superbikeshed/Trikeshed/src/commonMain/kotlin/borg/trikeshed/lib/PackingStrategies.kt:695:5 Type mismatch: inferred type is 'Join<Int, Int>', but 'Join<Any?, Any?>' was expected.
e: file:///Users/jim/work/v2superbikeshed/Trikeshed/src/commonMain/kotlin/borg/trikeshed/lib/PackingStrategies.kt:698:19 Unresolved reference 'a'.
e: file:///Users/jim/work/v2superbikeshed/Trikeshed/src/commonMain/kotlin/borg/trikeshed/lib/PackingStrategies.kt:700:18 Cannot check for instance of erased type 'Join<Int, Function1<Int, *>>'.
e: file:///Users/jim/work/v2superbikeshed/Trikeshed/src/commonMain/kotlin/borg/trikeshed/lib/PackingStrategies.kt:709:5 Type mismatch: inferred type is 'Join<Int, Int>', but 'Join<Any?, Any?>' was expected.
e: file:///Users/jim/work/v2superbikeshed/Trikeshed/src/commonMain/kotlin/borg/trikeshed/lib/PackingStrategies.kt:712:19 Unresolved reference 'a'.
e: file:///Users/jim/work/v2superbikeshed/Trikeshed/src/commonMain/kotlin/borg/trikeshed/lib/PackingStrategies.kt:712:38 Unresolved reference 'a'.
e: file:///Users/jim/work/v2superbikeshed/Trikeshed/src/commonMain/kotlin/borg/trikeshed/lib/PackingStrategies.kt:712:44 Unresolved reference 'a'.
e: file:///Users/jim/work/v2superbikeshed/Trikeshed/src/commonMain/kotlin/borg/trikeshed/lib/PackingStrategies.kt:714:18 Cannot check for instance of erased type 'Join<Int, Function1<Int, *>>'.
e: file:///Users/jim/work/v2superbikeshed/Trikeshed/src/commonMain/kotlin/borg/trikeshed/lib/PackingStrategies.kt:716:77 Unresolved reference 'a'.
e: file:///Users/jim/work/v2superbikeshed/Trikeshed/src/commonMain/kotlin/borg/trikeshed/lib/PackingStrategies.kt:726:5 Type mismatch: inferred type is 'Join<Int, Int>', but 'Join<Any?, Any?>' was expected.
e: file:///Users/jim/work/v2superbikeshed/Trikeshed/src/commonMain/kotlin/borg/trikeshed/lib/PackingStrategies.kt:729:19 Unresolved reference 'a'.
e: file:///Users/jim/work/v2superbikeshed/Trikeshed/src/commonMain/kotlin/borg/trikeshed/lib/PackingStrategies.kt:729:39 Unresolved reference 'a'.
e: file:///Users/jim/work/v2superbikeshed/Trikeshed/src/commonMain/kotlin/borg/trikeshed/lib/PackingStrategies.kt:731:18 Cannot check for instance of erased type 'Join<Int, Function1<Int, *>>'.
e: file:///Users/jim/work/v2superbikeshed/Trikeshed/src/commonMain/kotlin/borg/trikeshed/lib/PackingStrategies.kt:732:67 Unresolved reference 'a'.
e: file:///Users/jim/work/v2superbikeshed/Trikeshed/src/commonMain/kotlin/borg/trikeshed/lib/PackingStrategies.kt:739:92 2 type arguments expected for interface PackedResult<A, B> : Join<A, B>.
e: file:///Users/jim/work/v2superbikeshed/Trikeshed/src/commonMain/kotlin/borg/trikeshed/lib/PackingStrategies.kt:741:9 'when' expression must be exhaustive. Add the 'ADAPTIVE' branch or an 'else' branch.
e: file:///Users/jim/work/v2superbikeshed/Trikeshed/src/commonMain/kotlin/borg/trikeshed/lib/PackingStrategies.kt:741:9 Argument type mismatch: actual type is 'Unit', but 'Function2<Any?, Any?, Either<Any, ERROR CLASS: Wrong number of type arguments>>' was expected.
e: file:///Users/jim/work/v2superbikeshed/Trikeshed/src/commonMain/kotlin/borg/trikeshed/lib/PackingStrategies.kt:741:9 Not enough information to infer type argument for 'K'.
e: file:///Users/jim/work/v2superbikeshed/Trikeshed/src/commonMain/kotlin/borg/trikeshed/lib/PackingStrategies.kt:742:42 Cannot infer type for this parameter. Specify it explicitly.
e: file:///Users/jim/work/v2superbikeshed/Trikeshed/src/commonMain/kotlin/borg/trikeshed/lib/PackingStrategies.kt:742:45 Cannot infer type for this parameter. Specify it explicitly.
e: file:///Users/jim/work/v2superbikeshed/Trikeshed/src/commonMain/kotlin/borg/trikeshed/lib/PackingStrategies.kt:743:21 Cannot infer type for this parameter. Specify it explicitly.
e: file:///Users/jim/work/v2superbikeshed/Trikeshed/src/commonMain/kotlin/borg/trikeshed/lib/PackingStrategies.kt:743:72 Unresolved reference 'packDiagonal'.
e: file:///Users/jim/work/v2superbikeshed/Trikeshed/src/commonMain/kotlin/borg/trikeshed/lib/PackingStrategies.kt:746:43 Cannot infer type for this parameter. Specify it explicitly.
e: file:///Users/jim/work/v2superbikeshed/Trikeshed/src/commonMain/kotlin/borg/trikeshed/lib/PackingStrategies.kt:746:46 Cannot infer type for this parameter. Specify it explicitly.
e: file:///Users/jim/work/v2superbikeshed/Trikeshed/src/commonMain/kotlin/borg/trikeshed/lib/PackingStrategies.kt:748:21 Cannot infer type for this parameter. Specify it explicitly.
e: file:///Users/jim/work/v2superbikeshed/Trikeshed/src/commonMain/kotlin/borg/trikeshed/lib/PackingStrategies.kt:748:46 Unresolved reference 'packPrefixed'.
e: file:///Users/jim/work/v2superbikeshed/Trikeshed/src/commonMain/kotlin/borg/trikeshed/lib/PackingStrategies.kt:748:46 Argument type mismatch: actual type is 'R (of fun <T, R> T.let)', but 'K (of fun <K> WHEN_CALL)' was expected.
e: file:///Users/jim/work/v2superbikeshed/Trikeshed/src/commonMain/kotlin/borg/trikeshed/lib/PackingStrategies.kt:748:65 Cannot infer type for this parameter. Specify it explicitly.
e: file:///Users/jim/work/v2superbikeshed/Trikeshed/src/commonMain/kotlin/borg/trikeshed/lib/PackingStrategies.kt:748:69 Cannot infer type for this parameter. Specify it explicitly.
e: file:///Users/jim/work/v2superbikeshed/Trikeshed/src/commonMain/kotlin/borg/trikeshed/lib/PackingStrategies.kt:748:102 Function invocation 'first()' expected.
e: file:///Users/jim/work/v2superbikeshed/Trikeshed/src/commonMain/kotlin/borg/trikeshed/lib/PackingStrategies.kt:748:112 Unresolved reference 'second'.
e: file:///Users/jim/work/v2superbikeshed/Trikeshed/src/commonMain/kotlin/borg/trikeshed/lib/PackingStrategies.kt:749:21 Cannot infer type for this parameter. Specify it explicitly.
e: file:///Users/jim/work/v2superbikeshed/Trikeshed/src/commonMain/kotlin/borg/trikeshed/lib/PackingStrategies.kt:749:49 Unresolved reference 'packRangeOffset'.
e: file:///Users/jim/work/v2superbikeshed/Trikeshed/src/commonMain/kotlin/borg/trikeshed/lib/PackingStrategies.kt:749:49 Argument type mismatch: actual type is 'R (of fun <T, R> T.let)', but 'K (of fun <K> WHEN_CALL)' was expected.
e: file:///Users/jim/work/v2superbikeshed/Trikeshed/src/commonMain/kotlin/borg/trikeshed/lib/PackingStrategies.kt:749:71 Cannot infer type for this parameter. Specify it explicitly.
e: file:///Users/jim/work/v2superbikeshed/Trikeshed/src/commonMain/kotlin/borg/trikeshed/lib/PackingStrategies.kt:749:75 Cannot infer type for this parameter. Specify it explicitly.
e: file:///Users/jim/work/v2superbikeshed/Trikeshed/src/commonMain/kotlin/borg/trikeshed/lib/PackingStrategies.kt:749:111 Function invocation 'first()' expected.
e: file:///Users/jim/work/v2superbikeshed/Trikeshed/src/commonMain/kotlin/borg/trikeshed/lib/PackingStrategies.kt:749:121 Unresolved reference 'second'.
e: file:///Users/jim/work/v2superbikeshed/Trikeshed/src/commonMain/kotlin/borg/trikeshed/lib/PackingStrategies.kt:750:21 Cannot infer type for this parameter. Specify it explicitly.
e: file:///Users/jim/work/v2superbikeshed/Trikeshed/src/commonMain/kotlin/borg/trikeshed/lib/PackingStrategies.kt:750:55 Unresolved reference 'packRelativeIncrement'.
e: file:///Users/jim/work/v2superbikeshed/Trikeshed/src/commonMain/kotlin/borg/trikeshed/lib/PackingStrategies.kt:750:55 Argument type mismatch: actual type is 'R (of fun <T, R> T.let)', but 'K (of fun <K> WHEN_CALL)' was expected.
e: file:///Users/jim/work/v2superbikeshed/Trikeshed/src/commonMain/kotlin/borg/trikeshed/lib/PackingStrategies.kt:750:83 Cannot infer type for this parameter. Specify it explicitly.
e: file:///Users/jim/work/v2superbikeshed/Trikeshed/src/commonMain/kotlin/borg/trikeshed/lib/PackingStrategies.kt:750:87 Cannot infer type for this parameter. Specify it explicitly.
e: file:///Users/jim/work/v2superbikeshed/Trikeshed/src/commonMain/kotlin/borg/trikeshed/lib/PackingStrategies.kt:750:129 Function invocation 'first()' expected.
e: file:///Users/jim/work/v2superbikeshed/Trikeshed/src/commonMain/kotlin/borg/trikeshed/lib/PackingStrategies.kt:750:139 Unresolved reference 'second'.
e: file:///Users/jim/work/v2superbikeshed/Trikeshed/src/commonMain/kotlin/borg/trikeshed/lib/PackingStrategies.kt:751:29 Argument type mismatch: actual type is 'Either<String, Nothing>', but 'K (of fun <K> WHEN_CALL)' was expected.
e: file:///Users/jim/work/v2superbikeshed/Trikeshed/src/commonMain/kotlin/borg/trikeshed/lib/PackingStrategies.kt:754:45 Cannot infer type for this parameter. Specify it explicitly.
e: file:///Users/jim/work/v2superbikeshed/Trikeshed/src/commonMain/kotlin/borg/trikeshed/lib/PackingStrategies.kt:754:48 Cannot infer type for this parameter. Specify it explicitly.
e: file:///Users/jim/work/v2superbikeshed/Trikeshed/src/commonMain/kotlin/borg/trikeshed/lib/PackingStrategies.kt:756:21 Cannot infer type for this parameter. Specify it explicitly.
e: file:///Users/jim/work/v2superbikeshed/Trikeshed/src/commonMain/kotlin/borg/trikeshed/lib/PackingStrategies.kt:756:45 Unresolved reference 'packPalette'.
e: file:///Users/jim/work/v2superbikeshed/Trikeshed/src/commonMain/kotlin/borg/trikeshed/lib/PackingStrategies.kt:756:45 Argument type mismatch: actual type is 'R (of fun <T, R> T.let)', but 'K (of fun <K> WHEN_CALL)' was expected.
e: file:///Users/jim/work/v2superbikeshed/Trikeshed/src/commonMain/kotlin/borg/trikeshed/lib/PackingStrategies.kt:756:63 Cannot infer type for this parameter. Specify it explicitly.
e: file:///Users/jim/work/v2superbikeshed/Trikeshed/src/commonMain/kotlin/borg/trikeshed/lib/PackingStrategies.kt:756:67 Cannot infer type for this parameter. Specify it explicitly.
e: file:///Users/jim/work/v2superbikeshed/Trikeshed/src/commonMain/kotlin/borg/trikeshed/lib/PackingStrategies.kt:756:99 Function invocation 'first()' expected.
e: file:///Users/jim/work/v2superbikeshed/Trikeshed/src/commonMain/kotlin/borg/trikeshed/lib/PackingStrategies.kt:756:109 Unresolved reference 'second'.
e: file:///Users/jim/work/v2superbikeshed/Trikeshed/src/commonMain/kotlin/borg/trikeshed/lib/PackingStrategies.kt:757:21 Cannot infer type for this parameter. Specify it explicitly.
e: file:///Users/jim/work/v2superbikeshed/Trikeshed/src/commonMain/kotlin/borg/trikeshed/lib/PackingStrategies.kt:757:50 Unresolved reference 'packMultiCluster'.
e: file:///Users/jim/work/v2superbikeshed/Trikeshed/src/commonMain/kotlin/borg/trikeshed/lib/PackingStrategies.kt:757:50 Argument type mismatch: actual type is 'R (of fun <T, R> T.let)', but 'K (of fun <K> WHEN_CALL)' was expected.
e: file:///Users/jim/work/v2superbikeshed/Trikeshed/src/commonMain/kotlin/borg/trikeshed/lib/PackingStrategies.kt:757:73 Cannot infer type for this parameter. Specify it explicitly.
e: file:///Users/jim/work/v2superbikeshed/Trikeshed/src/commonMain/kotlin/borg/trikeshed/lib/PackingStrategies.kt:757:77 Cannot infer type for this parameter. Specify it explicitly.
e: file:///Users/jim/work/v2superbikeshed/Trikeshed/src/commonMain/kotlin/borg/trikeshed/lib/PackingStrategies.kt:757:114 Function invocation 'first()' expected.
e: file:///Users/jim/work/v2superbikeshed/Trikeshed/src/commonMain/kotlin/borg/trikeshed/lib/PackingStrategies.kt:757:124 Unresolved reference 'second'.
e: file:///Users/jim/work/v2superbikeshed/Trikeshed/src/commonMain/kotlin/borg/trikeshed/lib/PackingStrategies.kt:758:29 Argument type mismatch: actual type is 'Either<String, Nothing>', but 'K (of fun <K> WHEN_CALL)' was expected.
e: file:///Users/jim/work/v2superbikeshed/Trikeshed/src/commonMain/kotlin/borg/trikeshed/lib/PackingStrategies.kt:761:29 Unresolved reference 'EXPERIMENTAL'.
e: file:///Users/jim/work/v2superbikeshed/Trikeshed/src/commonMain/kotlin/borg/trikeshed/lib/PackingStrategies.kt:761:47 Cannot infer type for this parameter. Specify it explicitly.
e: file:///Users/jim/work/v2superbikeshed/Trikeshed/src/commonMain/kotlin/borg/trikeshed/lib/PackingStrategies.kt:761:50 Cannot infer type for this parameter. Specify it explicitly.
e: file:///Users/jim/work/v2superbikeshed/Trikeshed/src/commonMain/kotlin/borg/trikeshed/lib/PackingStrategies.kt:764:21 Cannot infer type for this parameter. Specify it explicitly.
e: file:///Users/jim/work/v2superbikeshed/Trikeshed/src/commonMain/kotlin/borg/trikeshed/lib/PackingStrategies.kt:764:46 Argument type mismatch: actual type is 'Either<Nothing, DiagonalPacked>', but 'K (of fun <K> WHEN_CALL)' was expected.
e: file:///Users/jim/work/v2superbikeshed/Trikeshed/src/commonMain/kotlin/borg/trikeshed/lib/PackingStrategies.kt:764:74 Unresolved reference 'packDiagonal'.
e: file:///Users/jim/work/v2superbikeshed/Trikeshed/src/commonMain/kotlin/borg/trikeshed/lib/PackingStrategies.kt:765:21 Cannot infer type for this parameter. Specify it explicitly.
e: file:///Users/jim/work/v2superbikeshed/Trikeshed/src/commonMain/kotlin/borg/trikeshed/lib/PackingStrategies.kt:765:46 Unresolved reference 'packPrefixed'.
e: file:///Users/jim/work/v2superbikeshed/Trikeshed/src/commonMain/kotlin/borg/trikeshed/lib/PackingStrategies.kt:765:46 Argument type mismatch: actual type is 'R (of fun <T, R> T.let)', but 'K (of fun <K> WHEN_CALL)' was expected.
e: file:///Users/jim/work/v2superbikeshed/Trikeshed/src/commonMain/kotlin/borg/trikeshed/lib/PackingStrategies.kt:765:65 Cannot infer type for this parameter. Specify it explicitly.
e: file:///Users/jim/work/v2superbikeshed/Trikeshed/src/commonMain/kotlin/borg/trikeshed/lib/PackingStrategies.kt:765:69 Cannot infer type for this parameter. Specify it explicitly.
e: file:///Users/jim/work/v2superbikeshed/Trikeshed/src/commonMain/kotlin/borg/trikeshed/lib/PackingStrategies.kt:765:102 Function invocation 'first()' expected.
e: file:///Users/jim/work/v2superbikeshed/Trikeshed/src/commonMain/kotlin/borg/trikeshed/lib/PackingStrategies.kt:765:112 Unresolved reference 'second'.
e: file:///Users/jim/work/v2superbikeshed/Trikeshed/src/commonMain/kotlin/borg/trikeshed/lib/PackingStrategies.kt:766:21 Cannot infer type for this parameter. Specify it explicitly.
e: file:///Users/jim/work/v2superbikeshed/Trikeshed/src/commonMain/kotlin/borg/trikeshed/lib/PackingStrategies.kt:766:49 Unresolved reference 'packRangeOffset'.
e: file:///Users/jim/work/v2superbikeshed/Trikeshed/src/commonMain/kotlin/borg/trikeshed/lib/PackingStrategies.kt:766:49 Argument type mismatch: actual type is 'R (of fun <T, R> T.let)', but 'K (of fun <K> WHEN_CALL)' was expected.
e: file:///Users/jim/work/v2superbikeshed/Trikeshed/src/commonMain/kotlin/borg/trikeshed/lib/PackingStrategies.kt:766:71 Cannot infer type for this parameter. Specify it explicitly.
e: file:///Users/jim/work/v2superbikeshed/Trikeshed/src/commonMain/kotlin/borg/trikeshed/lib/PackingStrategies.kt:766:75 Cannot infer type for this parameter. Specify it explicitly.
e: file:///Users/jim/work/v2superbikeshed/Trikeshed/src/commonMain/kotlin/borg/trikeshed/lib/PackingStrategies.kt:766:111 Function invocation 'first()' expected.
e: file:///Users/jim/work/v2superbikeshed/Trikeshed/src/commonMain/kotlin/borg/trikeshed/lib/PackingStrategies.kt:766:121 Unresolved reference 'second'.
e: file:///Users/jim/work/v2superbikeshed/Trikeshed/src/commonMain/kotlin/borg/trikeshed/lib/PackingStrategies.kt:767:21 Cannot infer type for this parameter. Specify it explicitly.
e: file:///Users/jim/work/v2superbikeshed/Trikeshed/src/commonMain/kotlin/borg/trikeshed/lib/PackingStrategies.kt:767:55 Unresolved reference 'packRelativeIncrement'.
e: file:///Users/jim/work/v2superbikeshed/Trikeshed/src/commonMain/kotlin/borg/trikeshed/lib/PackingStrategies.kt:767:55 Argument type mismatch: actual type is 'R (of fun <T, R> T.let)', but 'K (of fun <K> WHEN_CALL)' was expected.
e: file:///Users/jim/work/v2superbikeshed/Trikeshed/src/commonMain/kotlin/borg/trikeshed/lib/PackingStrategies.kt:767:83 Cannot infer type for this parameter. Specify it explicitly.
e: file:///Users/jim/work/v2superbikeshed/Trikeshed/src/commonMain/kotlin/borg/trikeshed/lib/PackingStrategies.kt:767:87 Cannot infer type for this parameter. Specify it explicitly.
e: file:///Users/jim/work/v2superbikeshed/Trikeshed/src/commonMain/kotlin/borg/trikeshed/lib/PackingStrategies.kt:767:129 Function invocation 'first()' expected.
e: file:///Users/jim/work/v2superbikeshed/Trikeshed/src/commonMain/kotlin/borg/trikeshed/lib/PackingStrategies.kt:767:139 Unresolved reference 'second'.
e: file:///Users/jim/work/v2superbikeshed/Trikeshed/src/commonMain/kotlin/borg/trikeshed/lib/PackingStrategies.kt:768:21 Cannot infer type for this parameter. Specify it explicitly.
e: file:///Users/jim/work/v2superbikeshed/Trikeshed/src/commonMain/kotlin/borg/trikeshed/lib/PackingStrategies.kt:768:45 Unresolved reference 'packPalette'.
e: file:///Users/jim/work/v2superbikeshed/Trikeshed/src/commonMain/kotlin/borg/trikeshed/lib/PackingStrategies.kt:768:45 Argument type mismatch: actual type is 'R (of fun <T, R> T.let)', but 'K (of fun <K> WHEN_CALL)' was expected.
e: file:///Users/jim/work/v2superbikeshed/Trikeshed/src/commonMain/kotlin/borg/trikeshed/lib/PackingStrategies.kt:768:63 Cannot infer type for this parameter. Specify it explicitly.
e: file:///Users/jim/work/v2superbikeshed/Trikeshed/src/commonMain/kotlin/borg/trikeshed/lib/PackingStrategies.kt:768:67 Cannot infer type for this parameter. Specify it explicitly.
e: file:///Users/jim/work/v2superbikeshed/Trikeshed/src/commonMain/kotlin/borg/trikeshed/lib/PackingStrategies.kt:768:99 Function invocation 'first()' expected.
e: file:///Users/jim/work/v2superbikeshed/Trikeshed/src/commonMain/kotlin/borg/trikeshed/lib/PackingStrategies.kt:768:109 Unresolved reference 'second'.
e: file:///Users/jim/work/v2superbikeshed/Trikeshed/src/commonMain/kotlin/borg/trikeshed/lib/PackingStrategies.kt:769:21 Cannot infer type for this parameter. Specify it explicitly.
e: file:///Users/jim/work/v2superbikeshed/Trikeshed/src/commonMain/kotlin/borg/trikeshed/lib/PackingStrategies.kt:769:50 Unresolved reference 'packMultiCluster'.
e: file:///Users/jim/work/v2superbikeshed/Trikeshed/src/commonMain/kotlin/borg/trikeshed/lib/PackingStrategies.kt:769:50 Argument type mismatch: actual type is 'R (of fun <T, R> T.let)', but 'K (of fun <K> WHEN_CALL)' was expected.
e: file:///Users/jim/work/v2superbikeshed/Trikeshed/src/commonMain/kotlin/borg/trikeshed/lib/PackingStrategies.kt:769:73 Cannot infer type for this parameter. Specify it explicitly.
e: file:///Users/jim/work/v2superbikeshed/Trikeshed/src/commonMain/kotlin/borg/trikeshed/lib/PackingStrategies.kt:769:77 Cannot infer type for this parameter. Specify it explicitly.
e: file:///Users/jim/work/v2superbikeshed/Trikeshed/src/commonMain/kotlin/borg/trikeshed/lib/PackingStrategies.kt:769:114 Function invocation 'first()' expected.
e: file:///Users/jim/work/v2superbikeshed/Trikeshed/src/commonMain/kotlin/borg/trikeshed/lib/PackingStrategies.kt:769:124 Unresolved reference 'second'.
e: file:///Users/jim/work/v2superbikeshed/Trikeshed/src/commonMain/kotlin/borg/trikeshed/lib/PackingStrategies.kt:770:29 Argument type mismatch: actual type is 'Either<String, Nothing>', but 'K (of fun <K> WHEN_CALL)' was expected.
e: file:///Users/jim/work/v2superbikeshed/Trikeshed/src/commonMain/kotlin/borg/trikeshed/lib/SafeStringExample.kt:17:37 Unresolved reference 'CharIndexed'.
e: file:///Users/jim/work/v2superbikeshed/Trikeshed/src/commonMain/kotlin/borg/trikeshed/lib/SafeStringExample.kt:21:46 Argument type mismatch: actual type is 'Boolean', but 'Int' was expected.
e: file:///Users/jim/work/v2superbikeshed/Trikeshed/src/commonMain/kotlin/borg/trikeshed/lib/SafeStringExample.kt:25:44 Argument type mismatch: actual type is 'Boolean', but 'Int' was expected.
e: file:///Users/jim/work/v2superbikeshed/Trikeshed/src/commonMain/kotlin/borg/trikeshed/lib/SafeStringExample.kt:29:47 Argument type mismatch: actual type is 'Boolean', but 'Int' was expected.
e: file:///Users/jim/work/v2superbikeshed/Trikeshed/src/commonMain/kotlin/borg/trikeshed/lib/SafeStringExample.kt:37:29 Unresolved reference 'CharIndexed'.
e: file:///Users/jim/work/v2superbikeshed/Trikeshed/src/commonMain/kotlin/borg/trikeshed/lib/SafeStringExample.kt:37:51 Unresolved reference 'CharIndexed'.
e: file:///Users/jim/work/v2superbikeshed/Trikeshed/src/commonMain/kotlin/borg/trikeshed/lib/SafeStringExample.kt:47:29 Unresolved reference 'CharIndexed'.
e: file:///Users/jim/work/v2superbikeshed/Trikeshed/src/commonMain/kotlin/borg/trikeshed/lib/SafeStringExample.kt:51:31 Cannot infer type for this parameter. Specify it explicitly.
e: file:///Users/jim/work/v2superbikeshed/Trikeshed/src/commonMain/kotlin/borg/trikeshed/lib/SafeStringExample.kt:51:31 Not enough information to infer type argument for 'T'.
e: file:///Users/jim/work/v2superbikeshed/Trikeshed/src/commonMain/kotlin/borg/trikeshed/lib/SafeStringExample.kt:58:30 Unresolved reference 'CharIndexed'.
e: file:///Users/jim/work/v2superbikeshed/Trikeshed/src/commonMain/kotlin/borg/trikeshed/lib/SafeStringExample.kt:58:44 Unresolved reference 'CharIndexed'.
e: file:///Users/jim/work/v2superbikeshed/Trikeshed/src/commonMain/kotlin/borg/trikeshed/lib/SafeStringExample.kt:70:17 Unresolved reference 'CharIndexed'.
e: file:///Users/jim/work/v2superbikeshed/Trikeshed/src/commonMain/kotlin/borg/trikeshed/lib/SafeStringExample.kt:71:15 Unresolved reference 'CharIndexed'.
e: file:///Users/jim/work/v2superbikeshed/Trikeshed/src/commonMain/kotlin/borg/trikeshed/lib/SafeStringExample.kt:72:18 Unresolved reference 'CharIndexed'.
e: file:///Users/jim/work/v2superbikeshed/Trikeshed/src/commonMain/kotlin/borg/trikeshed/lib/SafeStringExample.kt:78:37 Cannot infer type for this parameter. Specify it explicitly.
e: file:///Users/jim/work/v2superbikeshed/Trikeshed/src/commonMain/kotlin/borg/trikeshed/lib/SafeStringExample.kt:78:37 Not enough information to infer type argument for 'T'.
e: file:///Users/jim/work/v2superbikeshed/Trikeshed/src/commonMain/kotlin/borg/trikeshed/lib/SafeStringExample.kt:78:47 Cannot infer type for this parameter. Specify it explicitly.
e: file:///Users/jim/work/v2superbikeshed/Trikeshed/src/commonMain/kotlin/borg/trikeshed/lib/SafeStringExample.kt:78:47 Not enough information to infer type argument for 'T'.
e: file:///Users/jim/work/v2superbikeshed/Trikeshed/src/commonMain/kotlin/borg/trikeshed/lib/SafeStringExample.kt:79:22 Cannot infer type for this parameter. Specify it explicitly.
e: file:///Users/jim/work/v2superbikeshed/Trikeshed/src/commonMain/kotlin/borg/trikeshed/lib/SafeStringExample.kt:79:22 Not enough information to infer type argument for 'T'.
e: file:///Users/jim/work/v2superbikeshed/Trikeshed/src/commonMain/kotlin/borg/trikeshed/lib/SafeStringExample.kt:79:32 Cannot infer type for this parameter. Specify it explicitly.
e: file:///Users/jim/work/v2superbikeshed/Trikeshed/src/commonMain/kotlin/borg/trikeshed/lib/SafeStringExample.kt:79:32 Not enough information to infer type argument for 'T'.
e: file:///Users/jim/work/v2superbikeshed/Trikeshed/src/commonMain/kotlin/borg/trikeshed/lib/SafeStringExample.kt:80:28 Cannot infer type for this parameter. Specify it explicitly.
e: file:///Users/jim/work/v2superbikeshed/Trikeshed/src/commonMain/kotlin/borg/trikeshed/lib/SafeStringExample.kt:80:28 Not enough information to infer type argument for 'T'.
e: file:///Users/jim/work/v2superbikeshed/Trikeshed/src/commonMain/kotlin/borg/trikeshed/lib/SafeStringExample.kt:80:38 Cannot infer type for this parameter. Specify it explicitly.
e: file:///Users/jim/work/v2superbikeshed/Trikeshed/src/commonMain/kotlin/borg/trikeshed/lib/SafeStringExample.kt:80:38 Not enough information to infer type argument for 'T'.
e: file:///Users/jim/work/v2superbikeshed/Trikeshed/src/commonMain/kotlin/borg/trikeshed/lib/SafeStringExample.kt:87:5 Unresolved reference 'CharIndexed'.
e: file:///Users/jim/work/v2superbikeshed/Trikeshed/src/commonMain/kotlin/borg/trikeshed/lib/SafeStringExample.kt:87:50 Unresolved reference 'CharIndexed'.
e: file:///Users/jim/work/v2superbikeshed/Trikeshed/src/commonMain/kotlin/borg/trikeshed/lib/SafeStringExample.kt:88:39 Unresolved reference 'a'.
e: file:///Users/jim/work/v2superbikeshed/Trikeshed/src/commonMain/kotlin/borg/trikeshed/lib/SafeStringExample.kt:89:43 Unresolved reference 'a'.
e: file:///Users/jim/work/v2superbikeshed/Trikeshed/src/commonMain/kotlin/borg/trikeshed/lib/SafeStringExample.kt:90:34 Cannot infer type for this parameter. Specify it explicitly.
e: file:///Users/jim/work/v2superbikeshed/Trikeshed/src/commonMain/kotlin/borg/trikeshed/lib/SafeStringExample.kt:90:34 Not enough information to infer type argument for 'B'.
e: file:///Users/jim/work/v2superbikeshed/Trikeshed/src/commonMain/kotlin/borg/trikeshed/lib/SafeStringExample.kt:90:38 Cannot infer type for this parameter. Specify it explicitly.
e: file:///Users/jim/work/v2superbikeshed/Trikeshed/src/commonMain/kotlin/borg/trikeshed/lib/SafeStringExample.kt:90:43 Unresolved reference 'b'.
e: file:///Users/jim/work/v2superbikeshed/Trikeshed/src/commonMain/kotlin/borg/trikeshed/lib/SafeStringExample.kt:93:5 Unresolved reference 'CharIndexed'.
e: file:///Users/jim/work/v2superbikeshed/Trikeshed/src/commonMain/kotlin/borg/trikeshed/lib/SafeStringExample.kt:94:23 Unresolved reference 'a'.
e: file:///Users/jim/work/v2superbikeshed/Trikeshed/src/commonMain/kotlin/borg/trikeshed/lib/SafeStringExample.kt:95:13 Unresolved reference 'b'.
e: file:///Users/jim/work/v2superbikeshed/Trikeshed/src/commonMain/kotlin/borg/trikeshed/lib/SafeStringExample.kt:97:12 Unresolved reference 'a'.
e: file:///Users/jim/work/v2superbikeshed/Trikeshed/src/commonMain/kotlin/borg/trikeshed/lib/SafeStringExample.kt:100:5 Unresolved reference 'CharIndexed'.
e: file:///Users/jim/work/v2superbikeshed/Trikeshed/src/commonMain/kotlin/borg/trikeshed/lib/SafeStringExample.kt:100:36 Unresolved reference 'CharIndexed'.
e: file:///Users/jim/work/v2superbikeshed/Trikeshed/src/commonMain/kotlin/borg/trikeshed/lib/SafeStringExample.kt:101:16 Unresolved reference 'a'.
e: file:///Users/jim/work/v2superbikeshed/Trikeshed/src/commonMain/kotlin/borg/trikeshed/lib/SafeStringExample.kt:101:20 Unresolved reference 'a'.
e: file:///Users/jim/work/v2superbikeshed/Trikeshed/src/commonMain/kotlin/borg/trikeshed/lib/SafeStringExample.kt:102:30 Unresolved reference 'a'.
e: file:///Users/jim/work/v2superbikeshed/Trikeshed/src/commonMain/kotlin/borg/trikeshed/lib/SafeStringExample.kt:103:13 Unresolved reference 'b'.
e: file:///Users/jim/work/v2superbikeshed/Trikeshed/src/commonMain/kotlin/borg/trikeshed/lib/SafeStringExample.kt:108:5 Unresolved reference 'CharIndexed'.
e: file:///Users/jim/work/v2superbikeshed/Trikeshed/src/commonMain/kotlin/borg/trikeshed/lib/SafeStringExample.kt:108:53 Unresolved reference 'CharIndexed'.
e: file:///Users/jim/work/v2superbikeshed/Trikeshed/src/commonMain/kotlin/borg/trikeshed/lib/SafeStringExample.kt:112:23 Unresolved reference 'a'.
e: file:///Users/jim/work/v2superbikeshed/Trikeshed/src/commonMain/kotlin/borg/trikeshed/lib/SafeStringExample.kt:113:13 Unresolved reference 'b'.
e: file:///Users/jim/work/v2superbikeshed/Trikeshed/src/commonMain/kotlin/borg/trikeshed/lib/SafeStringExample.kt:117:35 Unresolved reference 'CharIndexed'.
e: file:///Users/jim/work/v2superbikeshed/Trikeshed/src/commonMain/kotlin/borg/trikeshed/lib/SafeStringExample.kt:119:62 Unresolved reference 'a'.
e: file:///Users/jim/work/v2superbikeshed/Trikeshed/src/commonMain/kotlin/borg/trikeshed/lib/SafeStringExample.kt:120:37 Cannot infer type for this parameter. Specify it explicitly.
e: file:///Users/jim/work/v2superbikeshed/Trikeshed/src/commonMain/kotlin/borg/trikeshed/lib/SafeStringExample.kt:120:37 Not enough information to infer type argument for 'B'.
e: file:///Users/jim/work/v2superbikeshed/Trikeshed/src/commonMain/kotlin/borg/trikeshed/lib/SafeStringExample.kt:120:41 Cannot infer type for this parameter. Specify it explicitly.
e: file:///Users/jim/work/v2superbikeshed/Trikeshed/src/commonMain/kotlin/borg/trikeshed/lib/SafeStringExample.kt:120:46 Unresolved reference 'b'.
e: file:///Users/jim/work/v2superbikeshed/Trikeshed/src/commonMain/kotlin/borg/trikeshed/lib/SafeStringExample.kt:124:5 Unresolved reference 'CharIndexed'.
e: file:///Users/jim/work/v2superbikeshed/Trikeshed/src/commonMain/kotlin/borg/trikeshed/lib/SafeStringExample.kt:124:30 Unresolved reference 'CharIndexed'.
e: file:///Users/jim/work/v2superbikeshed/Trikeshed/src/commonMain/kotlin/borg/trikeshed/lib/SafeStringExample.kt:127:19 Unresolved reference 'a'.
e: file:///Users/jim/work/v2superbikeshed/Trikeshed/src/commonMain/kotlin/borg/trikeshed/lib/SafeStringExample.kt:130:31 Unresolved reference 'b'.
e: file:///Users/jim/work/v2superbikeshed/Trikeshed/src/commonMain/kotlin/borg/trikeshed/lib/SafeStringExample.kt:133:31 Unresolved reference 'b'.
e: file:///Users/jim/work/v2superbikeshed/Trikeshed/src/commonMain/kotlin/borg/trikeshed/lib/SafeStringExample.kt:133:61 Unresolved reference 'a'.
e: file:///Users/jim/work/v2superbikeshed/Trikeshed/src/commonMain/kotlin/borg/trikeshed/lib/SafeStringExample.kt:135:30 Cannot infer type for this parameter. Specify it explicitly.
e: file:///Users/jim/work/v2superbikeshed/Trikeshed/src/commonMain/kotlin/borg/trikeshed/lib/SafeStringExample.kt:135:30 Not enough information to infer type argument for 'B'.
e: file:///Users/jim/work/v2superbikeshed/Trikeshed/src/commonMain/kotlin/borg/trikeshed/lib/SafeStringExample.kt:135:34 Cannot infer type for this parameter. Specify it explicitly.
e: file:///Users/jim/work/v2superbikeshed/Trikeshed/src/commonMain/kotlin/borg/trikeshed/lib/SafeStringExample.kt:135:39 Unresolved reference 'b'.
e: file:///Users/jim/work/v2superbikeshed/Trikeshed/src/commonMain/kotlin/borg/trikeshed/lib/Tensor.kt:8:50 Return type mismatch: expected 'IntArray', actual 'Shape'.
e: file:///Users/jim/work/v2superbikeshed/Trikeshed/src/commonMain/kotlin/borg/trikeshed/lib/Tensor.kt:9:60 Return type mismatch: expected 'Function1<IntArray, T (of val <T> Join<Shape, Function1<Shape, T>>.accessor)>', actual 'Function1<Shape, T (of val <T> Join<Shape, Function1<Shape, T>>.accessor)>'.
e: file:///Users/jim/work/v2superbikeshed/Trikeshed/src/commonMain/kotlin/borg/trikeshed/lib/TensorConstruction.kt:11:12 Return type mismatch: expected 'Join<Shape, Function1<Shape, T (of fun <T> TensorIndexed)>>', actual 'Join<IntArray, ERROR CLASS: Cannot infer argument for type parameter B>'.
e: file:///Users/jim/work/v2superbikeshed/Trikeshed/src/commonMain/kotlin/borg/trikeshed/lib/TensorConstruction.kt:11:29 Cannot infer type for this parameter. Specify it explicitly.
e: file:///Users/jim/work/v2superbikeshed/Trikeshed/src/commonMain/kotlin/borg/trikeshed/lib/TensorConstruction.kt:11:29 Not enough information to infer type argument for 'B'.
e: file:///Users/jim/work/v2superbikeshed/Trikeshed/src/commonMain/kotlin/borg/trikeshed/lib/TensorConstruction.kt:11:33 Cannot infer type for this parameter. Specify it explicitly.
e: file:///Users/jim/work/v2superbikeshed/Trikeshed/src/commonMain/kotlin/borg/trikeshed/lib/TensorConstruction.kt:11:52 Argument type mismatch: actual type is 'V? (of fun <K, V> Map<out K, V>.get)', but 'Int' was expected.
e: file:///Users/jim/work/v2superbikeshed/Trikeshed/src/commonMain/kotlin/borg/trikeshed/lib/TensorConstruction.kt:11:52 Cannot infer type for this parameter. Specify it explicitly.
e: file:///Users/jim/work/v2superbikeshed/Trikeshed/src/commonMain/kotlin/borg/trikeshed/lib/TensorConstruction.kt:19:12 Return type mismatch: expected 'Join<Shape, Function1<Shape, T (of fun <T> TensorCursor)>>', actual 'Join<IntArray, ERROR CLASS: Cannot infer argument for type parameter B>'.
e: file:///Users/jim/work/v2superbikeshed/Trikeshed/src/commonMain/kotlin/borg/trikeshed/lib/TensorConstruction.kt:19:35 Cannot infer type for this parameter. Specify it explicitly.
e: file:///Users/jim/work/v2superbikeshed/Trikeshed/src/commonMain/kotlin/borg/trikeshed/lib/TensorConstruction.kt:19:35 Not enough information to infer type argument for 'B'.
e: file:///Users/jim/work/v2superbikeshed/Trikeshed/src/commonMain/kotlin/borg/trikeshed/lib/TensorConstruction.kt:19:39 Cannot infer type for this parameter. Specify it explicitly.
e: file:///Users/jim/work/v2superbikeshed/Trikeshed/src/commonMain/kotlin/borg/trikeshed/lib/TensorConstruction.kt:19:58 Argument type mismatch: actual type is 'V? (of fun <K, V> Map<out K, V>.get)', but 'Int' was expected.
e: file:///Users/jim/work/v2superbikeshed/Trikeshed/src/commonMain/kotlin/borg/trikeshed/lib/TensorConstruction.kt:19:58 Cannot infer type for this parameter. Specify it explicitly.
e: file:///Users/jim/work/v2superbikeshed/Trikeshed/src/commonMain/kotlin/borg/trikeshed/lib/TensorConstruction.kt:19:69 Argument type mismatch: actual type is 'V? (of fun <K, V> Map<out K, V>.get)', but 'Int' was expected.
e: file:///Users/jim/work/v2superbikeshed/Trikeshed/src/commonMain/kotlin/borg/trikeshed/lib/TensorConstruction.kt:19:69 Cannot infer type for this parameter. Specify it explicitly.
e: file:///Users/jim/work/v2superbikeshed/Trikeshed/src/commonMain/kotlin/borg/trikeshed/lib/TensorConstruction.kt:49:12 Return type mismatch: expected 'Join<Shape, Function1<Shape, T (of fun <T> fillTensor)>>', actual 'Join<IntArray, ERROR CLASS: Cannot infer argument for type parameter B>'.
e: file:///Users/jim/work/v2superbikeshed/Trikeshed/src/commonMain/kotlin/borg/trikeshed/lib/TensorConstruction.kt:49:18 Cannot infer type for this parameter. Specify it explicitly.
e: file:///Users/jim/work/v2superbikeshed/Trikeshed/src/commonMain/kotlin/borg/trikeshed/lib/TensorConstruction.kt:49:18 Not enough information to infer type argument for 'B'.
e: file:///Users/jim/work/v2superbikeshed/Trikeshed/src/commonMain/kotlin/borg/trikeshed/lib/TensorConstruction.kt:49:22 Cannot infer type for this parameter. Specify it explicitly.
e: file:///Users/jim/work/v2superbikeshed/Trikeshed/src/commonMain/kotlin/borg/trikeshed/lib/TensorConstruction.kt:56:12 Return type mismatch: expected 'Join<Shape, Function1<Shape, T (of fun <T> generateTensor)>>', actual 'Join<IntArray, Function1<IntArray, T (of fun <T> generateTensor)>>'.
e: file:///Users/jim/work/v2superbikeshed/Trikeshed/src/commonMain/kotlin/borg/trikeshed/lib/TensorMath.kt:18:52 Argument type mismatch: actual type is 'IntArray', but 'Int' was expected.
e: file:///Users/jim/work/v2superbikeshed/Trikeshed/src/commonMain/kotlin/borg/trikeshed/lib/TensorMath.kt:18:79 Argument type mismatch: actual type is 'IntArray', but 'Int' was expected.
e: file:///Users/jim/work/v2superbikeshed/Trikeshed/src/commonMain/kotlin/borg/trikeshed/lib/TensorMath.kt:23:52 Argument type mismatch: actual type is 'IntArray', but 'Int' was expected.
e: file:///Users/jim/work/v2superbikeshed/Trikeshed/src/commonMain/kotlin/borg/trikeshed/lib/TensorMath.kt:23:79 Argument type mismatch: actual type is 'IntArray', but 'Int' was expected.
e: file:///Users/jim/work/v2superbikeshed/Trikeshed/src/commonMain/kotlin/borg/trikeshed/lib/TensorMath.kt:28:45 Argument type mismatch: actual type is 'IntArray', but 'Int' was expected.
e: file:///Users/jim/work/v2superbikeshed/Trikeshed/src/commonMain/kotlin/borg/trikeshed/lib/TensorMath.kt:31:45 Argument type mismatch: actual type is 'IntArray', but 'Int' was expected.
e: file:///Users/jim/work/v2superbikeshed/Trikeshed/src/commonMain/kotlin/borg/trikeshed/lib/TensorMath.kt:34:45 Argument type mismatch: actual type is 'IntArray', but 'Int' was expected.
e: file:///Users/jim/work/v2superbikeshed/Trikeshed/src/commonMain/kotlin/borg/trikeshed/lib/TensorMath.kt:37:45 Argument type mismatch: actual type is 'IntArray', but 'Int' was expected.
e: file:///Users/jim/work/v2superbikeshed/Trikeshed/src/commonMain/kotlin/borg/trikeshed/lib/TensorMath.kt:41:46 Argument type mismatch: actual type is 'IntArray', but 'Int' was expected.
e: file:///Users/jim/work/v2superbikeshed/Trikeshed/src/commonMain/kotlin/borg/trikeshed/lib/TensorMath.kt:48:23 Argument type mismatch: actual type is 'IntArray', but 'Int' was expected.
e: file:///Users/jim/work/v2superbikeshed/Trikeshed/src/commonMain/kotlin/borg/trikeshed/lib/TensorMath.kt:60:56 Argument type mismatch: actual type is 'IntArray', but 'Int' was expected.
e: file:///Users/jim/work/v2superbikeshed/Trikeshed/src/commonMain/kotlin/borg/trikeshed/lib/TensorSlicing.kt:16:12 Return type mismatch: expected 'Join<Shape, Function1<Shape, T (of fun <T> Join<Shape, Function1<Shape, T>>.slice)>>', actual 'Join<IntArray, ERROR CLASS: Cannot infer argument for type parameter B>'.
e: file:///Users/jim/work/v2superbikeshed/Trikeshed/src/commonMain/kotlin/borg/trikeshed/lib/TensorSlicing.kt:16:21 Cannot infer type for this parameter. Specify it explicitly.
e: file:///Users/jim/work/v2superbikeshed/Trikeshed/src/commonMain/kotlin/borg/trikeshed/lib/TensorSlicing.kt:16:21 Not enough information to infer type argument for 'B'.
e: file:///Users/jim/work/v2superbikeshed/Trikeshed/src/commonMain/kotlin/borg/trikeshed/lib/TensorSlicing.kt:16:25 Cannot infer type for this parameter. Specify it explicitly.
e: file:///Users/jim/work/v2superbikeshed/Trikeshed/src/commonMain/kotlin/borg/trikeshed/lib/TensorSlicing.kt:23:37 Argument type mismatch: actual type is 'V? (of fun <K, V> Map<out K, V>.get)', but 'Int' was expected.
e: file:///Users/jim/work/v2superbikeshed/Trikeshed/src/commonMain/kotlin/borg/trikeshed/lib/TensorSlicing.kt:23:37 Cannot infer type for this parameter. Specify it explicitly.
e: file:///Users/jim/work/v2superbikeshed/Trikeshed/src/commonMain/kotlin/borg/trikeshed/lib/TensorSlicing.kt:26:14 Argument type mismatch: actual type is 'IntArray', but 'Int' was expected.
e: file:///Users/jim/work/v2superbikeshed/Trikeshed/src/commonMain/kotlin/borg/trikeshed/lib/TensorSlicing.kt:45:12 Return type mismatch: expected 'Join<Shape, Function1<Shape, T (of fun <T> Join<Shape, Function1<Shape, T>>.reshape)>>', actual 'Join<IntArray, ERROR CLASS: Cannot infer argument for type parameter B>'.
e: file:///Users/jim/work/v2superbikeshed/Trikeshed/src/commonMain/kotlin/borg/trikeshed/lib/TensorSlicing.kt:45:21 Cannot infer type for this parameter. Specify it explicitly.
e: file:///Users/jim/work/v2superbikeshed/Trikeshed/src/commonMain/kotlin/borg/trikeshed/lib/TensorSlicing.kt:45:21 Not enough information to infer type argument for 'B'.
e: file:///Users/jim/work/v2superbikeshed/Trikeshed/src/commonMain/kotlin/borg/trikeshed/lib/TensorSlicing.kt:45:25 Cannot infer type for this parameter. Specify it explicitly.
e: file:///Users/jim/work/v2superbikeshed/Trikeshed/src/commonMain/kotlin/borg/trikeshed/lib/TensorSlicing.kt:49:29 Cannot infer type for this parameter. Specify it explicitly.
e: file:///Users/jim/work/v2superbikeshed/Trikeshed/src/commonMain/kotlin/borg/trikeshed/lib/TensorSlicing.kt:49:29 Not enough information to infer type argument for 'T'.
e: file:///Users/jim/work/v2superbikeshed/Trikeshed/src/commonMain/kotlin/borg/trikeshed/lib/TensorSlicing.kt:50:25 None of the following candidates is applicable:
fun <K, V> MutableMap<in K, in V>.plusAssign(pair: Pair<K, V>): Unit
fun <K, V> MutableMap<in K, in V>.plusAssign(pairs: Iterable<Pair<K, V>>): Unit
fun <K, V> MutableMap<in K, in V>.plusAssign(pairs: Array<out Pair<K, V>>): Unit
fun <K, V> MutableMap<in K, in V>.plusAssign(pairs: Sequence<Pair<K, V>>): Unit
fun <K, V> MutableMap<in K, in V>.plusAssign(map: Map<K, V>): Unit
fun <T> MutableCollection<in T>.plusAssign(element: T): Unit
fun <T> MutableCollection<in T>.plusAssign(elements: Iterable<T>): Unit
fun <T> MutableCollection<in T>.plusAssign(elements: Array<T>): Unit
fun <T> MutableCollection<in T>.plusAssign(elements: Sequence<T>): Unit
e: file:///Users/jim/work/v2superbikeshed/Trikeshed/src/commonMain/kotlin/borg/trikeshed/lib/TensorSlicing.kt:50:28 Cannot infer type for this parameter. Specify it explicitly.
e: file:///Users/jim/work/v2superbikeshed/Trikeshed/src/commonMain/kotlin/borg/trikeshed/lib/TensorSlicing.kt:50:28 Not enough information to infer type argument for 'V'.
e: file:///Users/jim/work/v2superbikeshed/Trikeshed/src/commonMain/kotlin/borg/trikeshed/lib/datetime/DateTimeFormatter.kt:12:12 Unresolved reference 'System'.
e: file:///Users/jim/work/v2superbikeshed/Trikeshed/src/commonMain/kotlin/borg/trikeshed/lib/datetime/DateTimeFormatter.kt:24:1 Conflicting overloads:
actual fun getCurrentDateTime(): DateTimeComponents
e: file:///Users/jim/work/v2superbikeshed/Trikeshed/src/commonMain/kotlin/borg/trikeshed/lib/trie/PatriciaTrie.kt:47:32 Cannot infer type for this parameter. Specify it explicitly.
e: file:///Users/jim/work/v2superbikeshed/Trikeshed/src/commonMain/kotlin/borg/trikeshed/lib/trie/PatriciaTrie.kt:47:32 Unresolved reference. None of the following candidates is applicable because of a receiver type mismatch:
fun <T, K : Comparable<K>> List<T>.binarySearchBy(key: K?, fromIndex: Int = ..., toIndex: Int = ..., crossinline selector: (T) -> K?): Int
e: file:///Users/jim/work/v2superbikeshed/Trikeshed/src/commonMain/kotlin/borg/trikeshed/lib/trie/PatriciaTrie.kt:47:56 Cannot infer type for this parameter. Specify it explicitly.
e: file:///Users/jim/work/v2superbikeshed/Trikeshed/src/commonMain/kotlin/borg/trikeshed/lib/trie/PatriciaTrie.kt:47:61 Function invocation 'first()' expected.
e: file:///Users/jim/work/v2superbikeshed/Trikeshed/src/commonMain/kotlin/borg/trikeshed/lib/trie/PatriciaTrie.kt:60:32 Cannot infer type for this parameter. Specify it explicitly.
e: file:///Users/jim/work/v2superbikeshed/Trikeshed/src/commonMain/kotlin/borg/trikeshed/lib/trie/PatriciaTrie.kt:60:32 Unresolved reference. None of the following candidates is applicable because of a receiver type mismatch:
fun <T, K : Comparable<K>> List<T>.binarySearchBy(key: K?, fromIndex: Int = ..., toIndex: Int = ..., crossinline selector: (T) -> K?): Int
e: file:///Users/jim/work/v2superbikeshed/Trikeshed/src/commonMain/kotlin/borg/trikeshed/lib/trie/PatriciaTrie.kt:60:57 Cannot infer type for this parameter. Specify it explicitly.
e: file:///Users/jim/work/v2superbikeshed/Trikeshed/src/commonMain/kotlin/borg/trikeshed/lib/trie/PatriciaTrie.kt:60:62 Function invocation 'first()' expected.
e: file:///Users/jim/work/v2superbikeshed/Trikeshed/src/commonMain/kotlin/borg/trikeshed/lib/trie/PatriciaTrie.kt:63:32 Argument type mismatch: actual type is 'Pair<Any, PatriciaTrie<K (of class ArrayMapPatriciaTrie<K, V>), V (of class ArrayMapPatriciaTrie<K, V>)>>', but 'Pair<Any, ArrayMapPatriciaTrie<K (of class ArrayMapPatriciaTrie<K, V>), V (of class ArrayMapPatriciaTrie<K, V>)>>' was expected.
e: file:///Users/jim/work/v2superbikeshed/Trikeshed/src/commonMain/kotlin/borg/trikeshed/lib/trie/PatriciaTrie.kt:101:28 Cannot infer type for this parameter. Specify it explicitly.
e: file:///Users/jim/work/v2superbikeshed/Trikeshed/src/commonMain/kotlin/borg/trikeshed/lib/trie/PatriciaTrie.kt:101:28 Unresolved reference. None of the following candidates is applicable because of a receiver type mismatch:
fun <T, K : Comparable<K>> List<T>.binarySearchBy(key: K?, fromIndex: Int = ..., toIndex: Int = ..., crossinline selector: (T) -> K?): Int
e: file:///Users/jim/work/v2superbikeshed/Trikeshed/src/commonMain/kotlin/borg/trikeshed/lib/trie/PatriciaTrie.kt:101:52 Cannot infer type for this parameter. Specify it explicitly.
e: file:///Users/jim/work/v2superbikeshed/Trikeshed/src/commonMain/kotlin/borg/trikeshed/lib/trie/PatriciaTrie.kt:101:57 Function invocation 'first()' expected.
e: file:///Users/jim/work/v2superbikeshed/Trikeshed/src/commonMain/kotlin/borg/trikeshed/lib/trie/PatriciaTrie.kt:104:48 None of the following candidates is applicable:
fun <T> Array<out T>.isEmpty(): Boolean
fun ByteArray.isEmpty(): Boolean
fun ShortArray.isEmpty(): Boolean
fun IntArray.isEmpty(): Boolean
fun LongArray.isEmpty(): Boolean
fun FloatArray.isEmpty(): Boolean
fun DoubleArray.isEmpty(): Boolean
fun BooleanArray.isEmpty(): Boolean
fun CharArray.isEmpty(): Boolean
fun CharSequence.isEmpty(): Boolean
e: file:///Users/jim/work/v2superbikeshed/Trikeshed/src/commonMain/kotlin/borg/trikeshed/lib/trie/PatriciaTrie.kt:107:51 Argument type mismatch: actual type is 'Pair<Any, PatriciaTrie<K (of class ArrayMapPatriciaTrie<K, V>), V (of class ArrayMapPatriciaTrie<K, V>)>>', but 'Pair<Any, ArrayMapPatriciaTrie<K (of class ArrayMapPatriciaTrie<K, V>), V (of class ArrayMapPatriciaTrie<K, V>)>>' was expected.
e: file:///Users/jim/work/v2superbikeshed/Trikeshed/src/commonMain/kotlin/borg/trikeshed/lib/utils.kt:29:22 Unresolved reference 'format'.
e: file:///Users/jim/work/v2superbikeshed/Trikeshed/src/commonMain/kotlin/borg/trikeshed/lib/utils.kt:40:22 Unresolved reference 'format'.
e: file:///Users/jim/work/v2superbikeshed/Trikeshed/src/commonMain/kotlin/borg/trikeshed/lib/utils.kt:43:43 This declaration needs opt-in. Its usage must be marked with '@kotlinx.cinterop.ExperimentalForeignApi' or '@OptIn(kotlinx.cinterop.ExperimentalForeignApi::class)'
e: file:///Users/jim/work/v2superbikeshed/Trikeshed/src/commonMain/kotlin/borg/trikeshed/lib/utils.kt:43:56 This declaration needs opt-in. Its usage must be marked with '@kotlinx.cinterop.ExperimentalForeignApi' or '@OptIn(kotlinx.cinterop.ExperimentalForeignApi::class)'
e: file:///Users/jim/work/v2superbikeshed/Trikeshed/src/commonMain/kotlin/borg/trikeshed/lib/utils.kt:44:45 This declaration needs opt-in. Its usage must be marked with '@kotlinx.cinterop.ExperimentalForeignApi' or '@OptIn(kotlinx.cinterop.ExperimentalForeignApi::class)'
e: file:///Users/jim/work/v2superbikeshed/Trikeshed/src/commonMain/kotlin/borg/trikeshed/lib/utils.kt:44:58 This declaration needs opt-in. Its usage must be marked with '@kotlinx.cinterop.ExperimentalForeignApi' or '@OptIn(kotlinx.cinterop.ExperimentalForeignApi::class)'
e: file:///Users/jim/work/v2superbikeshed/Trikeshed/src/commonMain/kotlin/borg/trikeshed/lib/utils.kt:45:28 This declaration needs opt-in. Its usage must be marked with '@kotlinx.cinterop.ExperimentalForeignApi' or '@OptIn(kotlinx.cinterop.ExperimentalForeignApi::class)'
e: file:///Users/jim/work/v2superbikeshed/Trikeshed/src/commonMain/kotlin/borg/trikeshed/lib/utils.kt:45:41 This declaration needs opt-in. Its usage must be marked with '@kotlinx.cinterop.ExperimentalForeignApi' or '@OptIn(kotlinx.cinterop.ExperimentalForeignApi::class)'
e: file:///Users/jim/work/v2superbikeshed/Trikeshed/src/commonMain/kotlin/borg/trikeshed/lib/utils.kt:46:29 This declaration needs opt-in. Its usage must be marked with '@kotlinx.cinterop.ExperimentalForeignApi' or '@OptIn(kotlinx.cinterop.ExperimentalForeignApi::class)'
e: file:///Users/jim/work/v2superbikeshed/Trikeshed/src/commonMain/kotlin/borg/trikeshed/lib/utils.kt:46:42 This declaration needs opt-in. Its usage must be marked with '@kotlinx.cinterop.ExperimentalForeignApi' or '@OptIn(kotlinx.cinterop.ExperimentalForeignApi::class)'
e: file:///Users/jim/work/v2superbikeshed/Trikeshed/src/commonMain/kotlin/borg/trikeshed/ljson/KzranGzipReader.kt:255:44 Cannot infer type for this parameter. Specify it explicitly.
e: file:///Users/jim/work/v2superbikeshed/Trikeshed/src/commonMain/kotlin/borg/trikeshed/ljson/KzranGzipReader.kt:255:44 Unresolved reference. None of the following candidates is applicable because of a receiver type mismatch:
fun <T> Join<Int, Function1<Int, Join<Any?, TypeMemento>>>.get(column: Column<T>): T?
e: file:///Users/jim/work/v2superbikeshed/Trikeshed/src/commonMain/kotlin/borg/trikeshed/ljson/KzranGzipReader.kt:266:41 Argument type mismatch: actual type is 'Int', but 'Int' was expected.
e: file:///Users/jim/work/v2superbikeshed/Trikeshed/src/commonMain/kotlin/borg/trikeshed/ljson/KzranGzipReader.kt:266:60 Argument type mismatch: actual type is 'T? (of fun <T> Join<Int, Function1<Int, Join<Any?, TypeMemento>>>.get)', but 'Byte' was expected.
e: file:///Users/jim/work/v2superbikeshed/Trikeshed/src/commonMain/kotlin/borg/trikeshed/ljson/KzranGzipReader.kt:266:60 Cannot infer type for this parameter. Specify it explicitly.
e: file:///Users/jim/work/v2superbikeshed/Trikeshed/src/commonMain/kotlin/borg/trikeshed/ljson/KzranGzipReader.kt:266:60 Unresolved reference. None of the following candidates is applicable because of a receiver type mismatch:
fun <T> Join<Int, Function1<Int, Join<Any?, TypeMemento>>>.get(column: Column<T>): T?
e: file:///Users/jim/work/v2superbikeshed/Trikeshed/src/commonMain/kotlin/borg/trikeshed/ljson/KzranGzipReader.kt:354:2 Syntax error: imports are only allowed in the beginning of file.
e: file:///Users/jim/work/v2superbikeshed/Trikeshed/src/commonMain/kotlin/borg/trikeshed/ljson/KzranGzipReader.kt:357:28 Unresolved reference 'Zlib'.
e: file:///Users/jim/work/v2superbikeshed/Trikeshed/src/commonMain/kotlin/borg/trikeshed/ljson/KzranGzipReader.kt:385:28 Unresolved reference 'Zlib'.
e: file:///Users/jim/work/v2superbikeshed/Trikeshed/src/commonMain/kotlin/borg/trikeshed/ljson/KzranGzipReader.kt:385:50 Overload resolution ambiguity between candidates:
fun ByteArray.toIndexed(): Join<Int, Function1<Int, Byte>>
fun <T> Any.toIndexed(): Join<Int, Function1<Int, T>>
fun ByteArray.toIndexed(): Join<Int, Function1<Int, Byte>>
e: file:///Users/jim/work/v2superbikeshed/Trikeshed/src/commonMain/kotlin/borg/trikeshed/ljson/KzranGzipReader.kt:388:25 Argument type mismatch: actual type is 'V? (of fun <K, V> Map<out K, V>.get)', but 'Byte' was expected.
e: file:///Users/jim/work/v2superbikeshed/Trikeshed/src/commonMain/kotlin/borg/trikeshed/ljson/KzranGzipReader.kt:388:25 Cannot infer type for this parameter. Specify it explicitly.
e: file:///Users/jim/work/v2superbikeshed/Trikeshed/src/commonMain/kotlin/borg/trikeshed/ljson/KzranGzipReader.kt:439:21 Cannot infer type for this parameter. Specify it explicitly.
e: file:///Users/jim/work/v2superbikeshed/Trikeshed/src/commonMain/kotlin/borg/trikeshed/ljson/KzranGzipReader.kt:439:21 Unresolved reference. None of the following candidates is applicable because of a receiver type mismatch:
fun <T> Join<Int, Function1<Int, Join<Any?, TypeMemento>>>.get(column: Column<T>): T?
e: file:///Users/jim/work/v2superbikeshed/Trikeshed/src/commonMain/kotlin/borg/trikeshed/ljson/Lz4FileAttention.kt:3:27 Conflicting import: imported name 'Indexed' is ambiguous.
e: file:///Users/jim/work/v2superbikeshed/Trikeshed/src/commonMain/kotlin/borg/trikeshed/ljson/Lz4FileAttention.kt:4:27 Conflicting import: imported name 'Indexed' is ambiguous.
e: file:///Users/jim/work/v2superbikeshed/Trikeshed/src/commonMain/kotlin/borg/trikeshed/ljson/Lz4FileAttention.kt:43:95 Overload resolution ambiguity between candidates:
fun ByteArray.toIndexed(): Join<Int, Function1<Int, Byte>>
fun <T> Any.toIndexed(): Join<Int, Function1<Int, T>>
fun ByteArray.toIndexed(): Join<Int, Function1<Int, Byte>>
e: file:///Users/jim/work/v2superbikeshed/Trikeshed/src/commonMain/kotlin/borg/trikeshed/ljson/Lz4FileAttention.kt:62:9 Missing return statement.
e: file:///Users/jim/work/v2superbikeshed/Trikeshed/src/commonMain/kotlin/borg/trikeshed/ljson/Lz4FileAttention.kt:64:9 Syntax error: Expecting member declaration.
e: file:///Users/jim/work/v2superbikeshed/Trikeshed/src/commonMain/kotlin/borg/trikeshed/ljson/Lz4FileAttention.kt:64:16 Syntax error: Expecting member declaration.
e: file:///Users/jim/work/v2superbikeshed/Trikeshed/src/commonMain/kotlin/borg/trikeshed/ljson/Lz4FileAttention.kt:64:23 Syntax error: Expecting member declaration.
e: file:///Users/jim/work/v2superbikeshed/Trikeshed/src/commonMain/kotlin/borg/trikeshed/ljson/Lz4FileAttention.kt:64:24 Syntax error: Expecting member declaration.
e: file:///Users/jim/work/v2superbikeshed/Trikeshed/src/commonMain/kotlin/borg/trikeshed/ljson/Lz4FileAttention.kt:64:33 Syntax error: Expecting member declaration.
e: file:///Users/jim/work/v2superbikeshed/Trikeshed/src/commonMain/kotlin/borg/trikeshed/ljson/Lz4FileAttention.kt:64:34 Syntax error: Expecting member declaration.
e: file:///Users/jim/work/v2superbikeshed/Trikeshed/src/commonMain/kotlin/borg/trikeshed/ljson/Lz4FileAttention.kt:76:55 Unresolved reference 'Lz4FrameIndexEntry'.
e: file:///Users/jim/work/v2superbikeshed/Trikeshed/src/commonMain/kotlin/borg/trikeshed/ljson/Lz4FileAttention.kt:80:36 Unresolved reference 'play'.
e: file:///Users/jim/work/v2superbikeshed/Trikeshed/src/commonMain/kotlin/borg/trikeshed/ljson/Lz4FileAttention.kt:80:50 Cannot infer type for this parameter. Specify it explicitly.
e: file:///Users/jim/work/v2superbikeshed/Trikeshed/src/commonMain/kotlin/borg/trikeshed/ljson/Lz4FileAttention.kt:81:20 Unresolved reference 'uncompressedOffset'.
e: file:///Users/jim/work/v2superbikeshed/Trikeshed/src/commonMain/kotlin/borg/trikeshed/ljson/Lz4FileAttention.kt:81:62 Unresolved reference 'uncompressedOffset'.
e: file:///Users/jim/work/v2superbikeshed/Trikeshed/src/commonMain/kotlin/borg/trikeshed/ljson/Lz4FileAttention.kt:81:89 Unresolved reference 'uncompressedSize'.
e: file:///Users/jim/work/v2superbikeshed/Trikeshed/src/commonMain/kotlin/borg/trikeshed/ljson/Lz4FileAttention.kt:81:106 'operator' modifier is required on 'FirNamedFunctionSymbol kotlin/compareTo' in 'compareTo'.
e: file:///Users/jim/work/v2superbikeshed/Trikeshed/src/commonMain/kotlin/borg/trikeshed/ljson/Lz4FileAttention.kt:86:34 Unresolved reference 'httpClient'.
e: file:///Users/jim/work/v2superbikeshed/Trikeshed/src/commonMain/kotlin/borg/trikeshed/ljson/Lz4FileAttention.kt:86:67 Unresolved reference 'compressedOffset'.
e: file:///Users/jim/work/v2superbikeshed/Trikeshed/src/commonMain/kotlin/borg/trikeshed/ljson/Lz4FileAttention.kt:86:91 Unresolved reference 'compressedOffset'.
e: file:///Users/jim/work/v2superbikeshed/Trikeshed/src/commonMain/kotlin/borg/trikeshed/ljson/Lz4FileAttention.kt:86:116 Unresolved reference 'compressedSize'.
e: file:///Users/jim/work/v2superbikeshed/Trikeshed/src/commonMain/kotlin/borg/trikeshed/ljson/Lz4FileAttention.kt:90:63 Unresolved reference 'uncompressedOffset'.
e: file:///Users/jim/work/v2superbikeshed/Trikeshed/src/commonMain/kotlin/borg/trikeshed/ljson/Lz4FileAttention.kt:91:43 Unresolved reference 'uncompressedSize'.
e: file:///Users/jim/work/v2superbikeshed/Trikeshed/src/commonMain/kotlin/borg/trikeshed/ljson/Lz4FileAttention.kt:91:79 Unresolved reference 'uncompressedOffset'.
e: file:///Users/jim/work/v2superbikeshed/Trikeshed/src/commonMain/kotlin/borg/trikeshed/ljson/Lz4FileAttention.kt:95:39 None of the following candidates is applicable:
fun <T> Array<out T>.drop(n: Int): List<T>
fun ByteArray.drop(n: Int): List<Byte>
fun ShortArray.drop(n: Int): List<Short>
fun IntArray.drop(n: Int): List<Int>
fun LongArray.drop(n: Int): List<Long>
fun FloatArray.drop(n: Int): List<Float>
fun DoubleArray.drop(n: Int): List<Double>
fun BooleanArray.drop(n: Int): List<Boolean>
fun CharArray.drop(n: Int): List<Char>
fun <T> Iterable<T>.drop(n: Int): List<T>
fun UIntArray.drop(n: Int): List<UInt>
fun ULongArray.drop(n: Int): List<ULong>
fun UByteArray.drop(n: Int): List<UByte>
fun UShortArray.drop(n: Int): List<UShort>
fun <T> Sequence<T>.drop(n: Int): Sequence<T>
fun CharSequence.drop(n: Int): CharSequence
fun String.drop(n: Int): String
e: file:///Users/jim/work/v2superbikeshed/Trikeshed/src/commonMain/kotlin/borg/trikeshed/ljson/Lz4FileAttention.kt:99:1 Syntax error: Expecting a top level declaration.
e: file:///Users/jim/work/v2superbikeshed/Trikeshed/src/commonMain/kotlin/borg/trikeshed/ljson/PosixLineReader.kt:71:17 Cannot infer type for this parameter. Specify it explicitly.
e: file:///Users/jim/work/v2superbikeshed/Trikeshed/src/commonMain/kotlin/borg/trikeshed/ljson/PosixLineReader.kt:71:17 Unresolved reference. None of the following candidates is applicable because of a receiver type mismatch:
fun <T> Join<Int, Function1<Int, Join<Any?, TypeMemento>>>.get(column: Column<T>): T?
e: file:///Users/jim/work/v2superbikeshed/Trikeshed/src/commonMain/kotlin/borg/trikeshed/ljson/PosixLineReader.kt:76:43 Cannot infer type for this parameter. Specify it explicitly.
e: file:///Users/jim/work/v2superbikeshed/Trikeshed/src/commonMain/kotlin/borg/trikeshed/ljson/PosixLineReader.kt:76:57 Argument type mismatch: actual type is 'Join<Int, Function1<Int, Join<Any?, TypeMemento>>>', but 'Join<Int, Function1<Int, Byte>>' was expected.
e: file:///Users/jim/work/v2superbikeshed/Trikeshed/src/commonMain/kotlin/borg/trikeshed/ljson/PosixLineReader.kt:76:57 Cannot infer type for this parameter. Specify it explicitly.
e: file:///Users/jim/work/v2superbikeshed/Trikeshed/src/commonMain/kotlin/borg/trikeshed/ljson/PosixLineReader.kt:76:57 Unresolved reference. None of the following candidates is applicable because of a receiver type mismatch:
fun <T> Join<Int, Function1<Int, Join<Any?, TypeMemento>>>.get(column: Column<T>): T?
e: file:///Users/jim/work/v2superbikeshed/Trikeshed/src/commonMain/kotlin/borg/trikeshed/ljson/PosixLineReader.kt:87:35 Cannot infer type for this parameter. Specify it explicitly.
e: file:///Users/jim/work/v2superbikeshed/Trikeshed/src/commonMain/kotlin/borg/trikeshed/ljson/PosixLineReader.kt:87:49 Argument type mismatch: actual type is 'Join<Int, Function1<Int, Join<Any?, TypeMemento>>>', but 'Join<Int, Function1<Int, Byte>>' was expected.
e: file:///Users/jim/work/v2superbikeshed/Trikeshed/src/commonMain/kotlin/borg/trikeshed/ljson/PosixLineReader.kt:87:49 Cannot infer type for this parameter. Specify it explicitly.
e: file:///Users/jim/work/v2superbikeshed/Trikeshed/src/commonMain/kotlin/borg/trikeshed/ljson/PosixLineReader.kt:87:49 Unresolved reference. None of the following candidates is applicable because of a receiver type mismatch:
fun <T> Join<Int, Function1<Int, Join<Any?, TypeMemento>>>.get(column: Column<T>): T?
e: file:///Users/jim/work/v2superbikeshed/Trikeshed/src/commonMain/kotlin/borg/trikeshed/ljson/RemoteFileAttention.kt:3:27 Conflicting import: imported name 'Indexed' is ambiguous.
e: file:///Users/jim/work/v2superbikeshed/Trikeshed/src/commonMain/kotlin/borg/trikeshed/ljson/RemoteFileAttention.kt:4:27 Conflicting import: imported name 'Indexed' is ambiguous.
e: file:///Users/jim/work/v2superbikeshed/Trikeshed/src/commonMain/kotlin/borg/trikeshed/ljson/RemoteFileAttention.kt:34:52 Overload resolution ambiguity between candidates:
fun ByteArray.toIndexed(): Join<Int, Function1<Int, Byte>>
fun <T> Any.toIndexed(): Join<Int, Function1<Int, T>>
fun ByteArray.toIndexed(): Join<Int, Function1<Int, Byte>>
e: file:///Users/jim/work/v2superbikeshed/Trikeshed/src/commonMain/kotlin/borg/trikeshed/ljson/RemoteFileAttention.kt:39:41 Overload resolution ambiguity between candidates:
fun ByteArray.toIndexed(): Join<Int, Function1<Int, Byte>>
fun <T> Any.toIndexed(): Join<Int, Function1<Int, T>>
fun ByteArray.toIndexed(): Join<Int, Function1<Int, Byte>>
e: file:///Users/jim/work/v2superbikeshed/Trikeshed/src/commonMain/kotlin/borg/trikeshed/ljson/RemoteFileAttention.kt:41:16 Unresolved reference 'flow'.
e: file:///Users/jim/work/v2superbikeshed/Trikeshed/src/commonMain/kotlin/borg/trikeshed/ljson/RemoteFileAttention.kt:47:36 None of the following candidates is applicable:
fun Array<out Double>.min(): Double
fun Array<out Float>.min(): Float
fun <T : Comparable<T>> Array<out T>.min(): T
fun ByteArray.min(): Byte
fun ShortArray.min(): Short
fun IntArray.min(): Int
fun LongArray.min(): Long
fun FloatArray.min(): Float
fun DoubleArray.min(): Double
fun CharArray.min(): Char
fun Iterable<Double>.min(): Double
fun Iterable<Float>.min(): Float
fun <T : Comparable<T>> Iterable<T>.min(): T
fun UIntArray.min(): UInt
fun ULongArray.min(): ULong
fun UByteArray.min(): UByte
fun UShortArray.min(): UShort
fun Sequence<Double>.min(): Double
fun Sequence<Float>.min(): Float
fun <T : Comparable<T>> Sequence<T>.min(): T
fun CharSequence.min(): Char
e: file:///Users/jim/work/v2superbikeshed/Trikeshed/src/commonMain/kotlin/borg/trikeshed/ljson/RemoteFileAttention.kt:48:40 Suspension functions can only be called within coroutine body.
e: file:///Users/jim/work/v2superbikeshed/Trikeshed/src/commonMain/kotlin/borg/trikeshed/ljson/RemoteFileAttention.kt:59:73 Overload resolution ambiguity between candidates:
fun ByteArray.toIndexed(): Join<Int, Function1<Int, Byte>>
fun <T> Any.toIndexed(): Join<Int, Function1<Int, T>>
fun ByteArray.toIndexed(): Join<Int, Function1<Int, Byte>>
e: file:///Users/jim/work/v2superbikeshed/Trikeshed/src/commonMain/kotlin/borg/trikeshed/ljson/RemoteFileAttention.kt:67:21 Unresolved reference 'emit'.
e: file:///Users/jim/work/v2superbikeshed/Trikeshed/src/commonMain/kotlin/borg/trikeshed/ljson/RemoteFileAttention.kt:84:66 Overload resolution ambiguity between candidates:
fun ByteArray.toIndexed(): Join<Int, Function1<Int, Byte>>
fun <T> Any.toIndexed(): Join<Int, Function1<Int, T>>
fun ByteArray.toIndexed(): Join<Int, Function1<Int, Byte>>
e: file:///Users/jim/work/v2superbikeshed/Trikeshed/src/commonMain/kotlin/borg/trikeshed/ljson/RemoteFileAttention.kt:89:16 Unresolved reference 'Zlib'.
e: file:///Users/jim/work/v2superbikeshed/Trikeshed/src/commonMain/kotlin/borg/trikeshed/ljson/RemoteFileAttention.kt:89:47 Overload resolution ambiguity between candidates:
fun ByteArray.toIndexed(): Join<Int, Function1<Int, Byte>>
fun <T> Any.toIndexed(): Join<Int, Function1<Int, T>>
fun ByteArray.toIndexed(): Join<Int, Function1<Int, Byte>>
e: file:///Users/jim/work/v2superbikeshed/Trikeshed/src/commonMain/kotlin/borg/trikeshed/ljson/RemoteFileAttention.kt:105:26 Unresolved reference 'size'.
e: file:///Users/jim/work/v2superbikeshed/Trikeshed/src/commonMain/kotlin/borg/trikeshed/ljson/RemoteFileAttention.kt:106:17 Unresolved reference. None of the following candidates is applicable because of a receiver type mismatch:
fun MatchGroupCollection.get(name: String): MatchGroup?
e: file:///Users/jim/work/v2superbikeshed/Trikeshed/src/commonMain/kotlin/borg/trikeshed/ljson/RemoteFileAttention.kt:106:17 Operator '==' cannot be applied to 'MatchGroup?' and 'Byte'.
e: file:///Users/jim/work/v2superbikeshed/Trikeshed/src/commonMain/kotlin/borg/trikeshed/ljson/RemoteFileAttention.kt:106:47 Unresolved reference. None of the following candidates is applicable because of a receiver type mismatch:
fun MatchGroupCollection.get(name: String): MatchGroup?
e: file:///Users/jim/work/v2superbikeshed/Trikeshed/src/commonMain/kotlin/borg/trikeshed/ljson/RemoteFileAttention.kt:106:47 Operator '==' cannot be applied to 'MatchGroup?' and 'Byte'.
e: file:///Users/jim/work/v2superbikeshed/Trikeshed/src/commonMain/kotlin/borg/trikeshed/ljson/RemoteFileAttention.kt:106:81 Unresolved reference. None of the following candidates is applicable because of a receiver type mismatch:
fun MatchGroupCollection.get(name: String): MatchGroup?
e: file:///Users/jim/work/v2superbikeshed/Trikeshed/src/commonMain/kotlin/borg/trikeshed/ljson/RemoteFileAttention.kt:106:81 Operator '==' cannot be applied to 'MatchGroup?' and 'Byte'.
e: file:///Users/jim/work/v2superbikeshed/Trikeshed/src/commonMain/kotlin/borg/trikeshed/ljson/RemoteFileAttention.kt:106:115 Unresolved reference. None of the following candidates is applicable because of a receiver type mismatch:
fun MatchGroupCollection.get(name: String): MatchGroup?
e: file:///Users/jim/work/v2superbikeshed/Trikeshed/src/commonMain/kotlin/borg/trikeshed/ljson/RemoteFileAttention.kt:106:115 Operator '==' cannot be applied to 'MatchGroup?' and 'Byte'.
e: file:///Users/jim/work/v2superbikeshed/Trikeshed/src/commonMain/kotlin/borg/trikeshed/ljson/RemoteFileAttention.kt:128:39 Unresolved reference 'size'.
e: file:///Users/jim/work/v2superbikeshed/Trikeshed/src/commonMain/kotlin/borg/trikeshed/ljson/RemoteFileAttention.kt:129:66 None of the following candidates is applicable:
fun <T> Array<out T>.drop(n: Int): List<T>
fun ByteArray.drop(n: Int): List<Byte>
fun ShortArray.drop(n: Int): List<Short>
fun IntArray.drop(n: Int): List<Int>
fun LongArray.drop(n: Int): List<Long>
fun FloatArray.drop(n: Int): List<Float>
fun DoubleArray.drop(n: Int): List<Double>
fun BooleanArray.drop(n: Int): List<Boolean>
fun CharArray.drop(n: Int): List<Char>
fun <T> Iterable<T>.drop(n: Int): List<T>
fun UIntArray.drop(n: Int): List<UInt>
fun ULongArray.drop(n: Int): List<ULong>
fun UByteArray.drop(n: Int): List<UByte>
fun UShortArray.drop(n: Int): List<UShort>
fun <T> Sequence<T>.drop(n: Int): Sequence<T>
fun CharSequence.drop(n: Int): CharSequence
fun String.drop(n: Int): String
e: file:///Users/jim/work/v2superbikeshed/Trikeshed/src/commonMain/kotlin/borg/trikeshed/ljson/RemoteFileAttention.kt:143:32 Argument type mismatch: actual type is 'MatchGroup?', but 'Byte' was expected.
e: file:///Users/jim/work/v2superbikeshed/Trikeshed/src/commonMain/kotlin/borg/trikeshed/ljson/RemoteFileAttention.kt:143:32 Unresolved reference. None of the following candidates is applicable because of a receiver type mismatch:
fun MatchGroupCollection.get(name: String): MatchGroup?
e: file:///Users/jim/work/v2superbikeshed/Trikeshed/src/commonMain/kotlin/borg/trikeshed/ljson/RemoteFileAttention.kt:171:18 Unresolved reference. None of the following candidates is applicable because of a receiver type mismatch:
fun MatchGroupCollection.get(name: String): MatchGroup?
e: file:///Users/jim/work/v2superbikeshed/Trikeshed/src/commonMain/kotlin/borg/trikeshed/ljson/RemoteFileAttention.kt:171:35 None of the following candidates is applicable:
fun String.toInt(): Int
fun String.toInt(radix: Int): Int
fun Iterable<RegexOption>.toInt(): Int
e: file:///Users/jim/work/v2superbikeshed/Trikeshed/src/commonMain/kotlin/borg/trikeshed/ljson/RemoteFileAttention.kt:171:43 Unresolved reference 'and'.
e: file:///Users/jim/work/v2superbikeshed/Trikeshed/src/commonMain/kotlin/borg/trikeshed/ljson/RemoteFileAttention.kt:171:63 Unresolved reference. None of the following candidates is applicable because of a receiver type mismatch:
fun MatchGroupCollection.get(name: String): MatchGroup?
e: file:///Users/jim/work/v2superbikeshed/Trikeshed/src/commonMain/kotlin/borg/trikeshed/ljson/RemoteFileAttention.kt:171:76 None of the following candidates is applicable:
fun String.toInt(): Int
fun String.toInt(radix: Int): Int
fun Iterable<RegexOption>.toInt(): Int
e: file:///Users/jim/work/v2superbikeshed/Trikeshed/src/commonMain/kotlin/borg/trikeshed/ljson/RemoteFileAttention.kt:171:84 Unresolved reference 'and'.
e: file:///Users/jim/work/v2superbikeshed/Trikeshed/src/commonMain/kotlin/borg/trikeshed/ljson/RemoteFileAttention.kt:175:18 Unresolved reference. None of the following candidates is applicable because of a receiver type mismatch:
fun MatchGroupCollection.get(name: String): MatchGroup?
e: file:///Users/jim/work/v2superbikeshed/Trikeshed/src/commonMain/kotlin/borg/trikeshed/ljson/RemoteFileAttention.kt:175:35 None of the following candidates is applicable:
fun String.toInt(): Int
fun String.toInt(radix: Int): Int
fun Iterable<RegexOption>.toInt(): Int
e: file:///Users/jim/work/v2superbikeshed/Trikeshed/src/commonMain/kotlin/borg/trikeshed/ljson/RemoteFileAttention.kt:175:43 Unresolved reference 'and'.
e: file:///Users/jim/work/v2superbikeshed/Trikeshed/src/commonMain/kotlin/borg/trikeshed/ljson/RemoteFileAttention.kt:176:19 Unresolved reference. None of the following candidates is applicable because of a receiver type mismatch:
fun MatchGroupCollection.get(name: String): MatchGroup?
e: file:///Users/jim/work/v2superbikeshed/Trikeshed/src/commonMain/kotlin/borg/trikeshed/ljson/RemoteFileAttention.kt:176:36 None of the following candidates is applicable:
fun String.toInt(): Int
fun String.toInt(radix: Int): Int
fun Iterable<RegexOption>.toInt(): Int
e: file:///Users/jim/work/v2superbikeshed/Trikeshed/src/commonMain/kotlin/borg/trikeshed/ljson/RemoteFileAttention.kt:176:44 Unresolved reference 'and'.
e: file:///Users/jim/work/v2superbikeshed/Trikeshed/src/commonMain/kotlin/borg/trikeshed/ljson/RemoteFileAttention.kt:177:19 Unresolved reference. None of the following candidates is applicable because of a receiver type mismatch:
fun MatchGroupCollection.get(name: String): MatchGroup?
e: file:///Users/jim/work/v2superbikeshed/Trikeshed/src/commonMain/kotlin/borg/trikeshed/ljson/RemoteFileAttention.kt:177:36 None of the following candidates is applicable:
fun String.toInt(): Int
fun String.toInt(radix: Int): Int
fun Iterable<RegexOption>.toInt(): Int
e: file:///Users/jim/work/v2superbikeshed/Trikeshed/src/commonMain/kotlin/borg/trikeshed/ljson/RemoteFileAttention.kt:177:44 Unresolved reference 'and'.
e: file:///Users/jim/work/v2superbikeshed/Trikeshed/src/commonMain/kotlin/borg/trikeshed/ljson/RemoteFileAttention.kt:178:18 Unresolved reference. None of the following candidates is applicable because of a receiver type mismatch:
fun MatchGroupCollection.get(name: String): MatchGroup?
e: file:///Users/jim/work/v2superbikeshed/Trikeshed/src/commonMain/kotlin/borg/trikeshed/ljson/RemoteFileAttention.kt:178:31 None of the following candidates is applicable:
fun String.toInt(): Int
fun String.toInt(radix: Int): Int
fun Iterable<RegexOption>.toInt(): Int
e: file:///Users/jim/work/v2superbikeshed/Trikeshed/src/commonMain/kotlin/borg/trikeshed/ljson/RemoteFileAttention.kt:178:39 Unresolved reference 'and'.
e: file:///Users/jim/work/v2superbikeshed/Trikeshed/src/commonMain/kotlin/borg/trikeshed/ljson/SpanshGalaxyMapReader.kt:364:20 Argument type mismatch: actual type is 'Int', but 'Int' was expected.
e: file:///Users/jim/work/v2superbikeshed/Trikeshed/src/commonMain/kotlin/borg/trikeshed/ljson/SpanshGalaxyMapReader.kt:364:25 Argument type mismatch: actual type is 'T? (of fun <T> Join<Int, Function1<Int, Join<Any?, TypeMemento>>>.get)', but 'Byte' was expected.
e: file:///Users/jim/work/v2superbikeshed/Trikeshed/src/commonMain/kotlin/borg/trikeshed/ljson/SpanshGalaxyMapReader.kt:364:25 Cannot infer type for this parameter. Specify it explicitly.
e: file:///Users/jim/work/v2superbikeshed/Trikeshed/src/commonMain/kotlin/borg/trikeshed/ljson/SpanshGalaxyMapReader.kt:364:25 Unresolved reference. None of the following candidates is applicable because of a receiver type mismatch:
fun <T> Join<Int, Function1<Int, Join<Any?, TypeMemento>>>.get(column: Column<T>): T?
e: file:///Users/jim/work/v2superbikeshed/Trikeshed/src/commonMain/kotlin/borg/trikeshed/ljson/ZstdFileAttention.kt:3:27 Conflicting import: imported name 'Indexed' is ambiguous.
e: file:///Users/jim/work/v2superbikeshed/Trikeshed/src/commonMain/kotlin/borg/trikeshed/ljson/ZstdFileAttention.kt:4:27 Conflicting import: imported name 'Indexed' is ambiguous.
e: file:///Users/jim/work/v2superbikeshed/Trikeshed/src/commonMain/kotlin/borg/trikeshed/ljson/ZstdFileAttention.kt:44:45 Overload resolution ambiguity between candidates:
fun ByteArray.toIndexed(): Join<Int, Function1<Int, Byte>>
fun <T> Any.toIndexed(): Join<Int, Function1<Int, T>>
fun ByteArray.toIndexed(): Join<Int, Function1<Int, Byte>>
e: file:///Users/jim/work/v2superbikeshed/Trikeshed/src/commonMain/kotlin/borg/trikeshed/ljson/ZstdFileAttention.kt:82:36 Unresolved reference 'play'.
e: file:///Users/jim/work/v2superbikeshed/Trikeshed/src/commonMain/kotlin/borg/trikeshed/ljson/ZstdFileAttention.kt:82:50 Cannot infer type for this parameter. Specify it explicitly.
e: file:///Users/jim/work/v2superbikeshed/Trikeshed/src/commonMain/kotlin/borg/trikeshed/ljson/ZstdFileAttention.kt:83:20 Unresolved reference 'uncompressedOffset'.
e: file:///Users/jim/work/v2superbikeshed/Trikeshed/src/commonMain/kotlin/borg/trikeshed/ljson/ZstdFileAttention.kt:83:62 Unresolved reference 'uncompressedOffset'.
e: file:///Users/jim/work/v2superbikeshed/Trikeshed/src/commonMain/kotlin/borg/trikeshed/ljson/ZstdFileAttention.kt:83:89 Unresolved reference 'uncompressedSize'.
e: file:///Users/jim/work/v2superbikeshed/Trikeshed/src/commonMain/kotlin/borg/trikeshed/ljson/ZstdFileAttention.kt:83:106 'operator' modifier is required on 'FirNamedFunctionSymbol kotlin/compareTo' in 'compareTo'.
e: file:///Users/jim/work/v2superbikeshed/Trikeshed/src/commonMain/kotlin/borg/trikeshed/ljson/ZstdFileAttention.kt:87:67 Unresolved reference 'compressedOffset'.
e: file:///Users/jim/work/v2superbikeshed/Trikeshed/src/commonMain/kotlin/borg/trikeshed/ljson/ZstdFileAttention.kt:87:91 Unresolved reference 'compressedOffset'.
e: file:///Users/jim/work/v2superbikeshed/Trikeshed/src/commonMain/kotlin/borg/trikeshed/ljson/ZstdFileAttention.kt:87:116 Unresolved reference 'compressedSize'.
e: file:///Users/jim/work/v2superbikeshed/Trikeshed/src/commonMain/kotlin/borg/trikeshed/ljson/ZstdFileAttention.kt:88:67 Overload resolution ambiguity between candidates:
fun ByteArray.toIndexed(): Join<Int, Function1<Int, Byte>>
fun <T> Any.toIndexed(): Join<Int, Function1<Int, T>>
fun ByteArray.toIndexed(): Join<Int, Function1<Int, Byte>>
e: file:///Users/jim/work/v2superbikeshed/Trikeshed/src/commonMain/kotlin/borg/trikeshed/ljson/ZstdFileAttention.kt:91:63 Unresolved reference 'uncompressedOffset'.
e: file:///Users/jim/work/v2superbikeshed/Trikeshed/src/commonMain/kotlin/borg/trikeshed/ljson/ZstdFileAttention.kt:92:43 Unresolved reference 'uncompressedSize'.
e: file:///Users/jim/work/v2superbikeshed/Trikeshed/src/commonMain/kotlin/borg/trikeshed/ljson/ZstdFileAttention.kt:92:79 Unresolved reference 'uncompressedOffset'.
e: file:///Users/jim/work/v2superbikeshed/Trikeshed/src/commonMain/kotlin/borg/trikeshed/ljson/ZstdFileAttention.kt:96:39 None of the following candidates is applicable:
fun <T> Array<out T>.drop(n: Int): List<T>
fun ByteArray.drop(n: Int): List<Byte>
fun ShortArray.drop(n: Int): List<Short>
fun IntArray.drop(n: Int): List<Int>
fun LongArray.drop(n: Int): List<Long>
fun FloatArray.drop(n: Int): List<Float>
fun DoubleArray.drop(n: Int): List<Double>
fun BooleanArray.drop(n: Int): List<Boolean>
fun CharArray.drop(n: Int): List<Char>
fun <T> Iterable<T>.drop(n: Int): List<T>
fun UIntArray.drop(n: Int): List<UInt>
fun ULongArray.drop(n: Int): List<ULong>
fun UByteArray.drop(n: Int): List<UByte>
fun UShortArray.drop(n: Int): List<UShort>
fun <T> Sequence<T>.drop(n: Int): Sequence<T>
fun CharSequence.drop(n: Int): CharSequence
fun String.drop(n: Int): String
e: file:///Users/jim/work/v2superbikeshed/Trikeshed/src/commonMain/kotlin/borg/trikeshed/net/C10KServer.kt:172:66 Unresolved reference 'System'.
e: file:///Users/jim/work/v2superbikeshed/Trikeshed/src/commonMain/kotlin/borg/trikeshed/net/C10KServer.kt:204:59 Unresolved reference 'System'.
e: file:///Users/jim/work/v2superbikeshed/Trikeshed/src/commonMain/kotlin/borg/trikeshed/net/C10KServer.kt:267:16 None of the following candidates is applicable:
val CoroutineScope.isActive: Boolean
val CoroutineContext.isActive: Boolean
e: file:///Users/jim/work/v2superbikeshed/Trikeshed/src/commonMain/kotlin/borg/trikeshed/net/C10KServer.kt:279:16 None of the following candidates is applicable:
val CoroutineScope.isActive: Boolean
val CoroutineContext.isActive: Boolean
e: file:///Users/jim/work/v2superbikeshed/Trikeshed/src/commonMain/kotlin/borg/trikeshed/net/C10KServer.kt:292:77 Unresolved reference 'System'.
e: file:///Users/jim/work/v2superbikeshed/Trikeshed/src/commonMain/kotlin/borg/trikeshed/net/C10KServer.kt:303:16 None of the following candidates is applicable:
val CoroutineScope.isActive: Boolean
val CoroutineContext.isActive: Boolean
e: file:///Users/jim/work/v2superbikeshed/Trikeshed/src/commonMain/kotlin/borg/trikeshed/net/C10KServer.kt:391:30 Unresolved reference 'System'.
e: file:///Users/jim/work/v2superbikeshed/Trikeshed/src/commonMain/kotlin/borg/trikeshed/net/C10KServer.kt:391:69 Unresolved reference. None of the following candidates is applicable because of a receiver type mismatch:
fun String.compareTo(other: String, ignoreCase: Boolean = ...): Int
e: file:///Users/jim/work/v2superbikeshed/Trikeshed/src/commonMain/kotlin/borg/trikeshed/net/http/Http.kt:144:69 None of the following candidates is applicable:
fun ByteArray.toIdx(): Join<Int, Function1<Int, Byte>>
fun IntArray.toIdx(): Join<Int, Function1<Int, Int>>
e: file:///Users/jim/work/v2superbikeshed/Trikeshed/src/commonMain/kotlin/borg/trikeshed/net/http/Http.kt:146:9 Conflicting overloads:
suspend fun HttpRequest.send(): HttpResponse
e: file:///Users/jim/work/v2superbikeshed/Trikeshed/src/commonMain/kotlin/borg/trikeshed/net/http/Http2Protocol.kt:105:24 Argument type mismatch: actual type is 'Int', but 'Int' was expected.
e: file:///Users/jim/work/v2superbikeshed/Trikeshed/src/commonMain/kotlin/borg/trikeshed/net/http/Http2Protocol.kt:105:33 Argument type mismatch: actual type is 'T? (of fun <T> Join<Int, Function1<Int, Join<Any?, TypeMemento>>>.get)', but 'Byte' was expected.
e: file:///Users/jim/work/v2superbikeshed/Trikeshed/src/commonMain/kotlin/borg/trikeshed/net/http/Http2Protocol.kt:105:33 Cannot infer type for this parameter. Specify it explicitly.
e: file:///Users/jim/work/v2superbikeshed/Trikeshed/src/commonMain/kotlin/borg/trikeshed/net/http/Http2Protocol.kt:105:33 Unresolved reference. None of the following candidates is applicable because of a receiver type mismatch:
fun <T> Join<Int, Function1<Int, Join<Any?, TypeMemento>>>.get(column: Column<T>): T?
e: file:///Users/jim/work/v2superbikeshed/Trikeshed/src/commonMain/kotlin/borg/trikeshed/net/http/Http2Protocol.kt:343:39 Cannot infer type for this parameter. Specify it explicitly.
e: file:///Users/jim/work/v2superbikeshed/Trikeshed/src/commonMain/kotlin/borg/trikeshed/net/http/Http2Protocol.kt:343:53 Argument type mismatch: actual type is 'Join<Int, Function1<Int, Join<Any?, TypeMemento>>>', but 'Join<Int, Function1<Int, Byte>>' was expected.
e: file:///Users/jim/work/v2superbikeshed/Trikeshed/src/commonMain/kotlin/borg/trikeshed/net/http/Http2Protocol.kt:343:53 Cannot infer type for this parameter. Specify it explicitly.
e: file:///Users/jim/work/v2superbikeshed/Trikeshed/src/commonMain/kotlin/borg/trikeshed/net/http/Http2Protocol.kt:343:53 Unresolved reference. None of the following candidates is applicable because of a receiver type mismatch:
fun <T> Join<Int, Function1<Int, Join<Any?, TypeMemento>>>.get(column: Column<T>): T?
e: file:///Users/jim/work/v2superbikeshed/Trikeshed/src/commonMain/kotlin/borg/trikeshed/net/http/Http2Protocol.kt:396:29 Argument type mismatch: actual type is 'T? (of fun <T> Join<Int, Function1<Int, Join<Any?, TypeMemento>>>.get)', but 'Byte' was expected.
e: file:///Users/jim/work/v2superbikeshed/Trikeshed/src/commonMain/kotlin/borg/trikeshed/net/http/Http2Protocol.kt:396:29 Cannot infer type for this parameter. Specify it explicitly.
e: file:///Users/jim/work/v2superbikeshed/Trikeshed/src/commonMain/kotlin/borg/trikeshed/net/http/Http2Protocol.kt:396:29 Unresolved reference. None of the following candidates is applicable because of a receiver type mismatch:
fun <T> Join<Int, Function1<Int, Join<Any?, TypeMemento>>>.get(column: Column<T>): T?
e: file:///Users/jim/work/v2superbikeshed/Trikeshed/src/commonMain/kotlin/borg/trikeshed/net/http/Http2Protocol.kt:454:26 Cannot infer type for this parameter. Specify it explicitly.
e: file:///Users/jim/work/v2superbikeshed/Trikeshed/src/commonMain/kotlin/borg/trikeshed/net/http/Http2Protocol.kt:454:26 Unresolved reference. None of the following candidates is applicable because of a receiver type mismatch:
fun <T> Join<Int, Function1<Int, Join<Any?, TypeMemento>>>.get(column: Column<T>): T?
e: file:///Users/jim/work/v2superbikeshed/Trikeshed/src/commonMain/kotlin/borg/trikeshed/net/http/Http2Protocol.kt:455:31 Unresolved reference 'a'.
e: file:///Users/jim/work/v2superbikeshed/Trikeshed/src/commonMain/kotlin/borg/trikeshed/net/http/Http2Protocol.kt:456:32 Unresolved reference 'b'.
e: file:///Users/jim/work/v2superbikeshed/Trikeshed/src/commonMain/kotlin/borg/trikeshed/net/http/Http2Protocol.kt:532:24 Cannot infer type for this parameter. Specify it explicitly.
e: file:///Users/jim/work/v2superbikeshed/Trikeshed/src/commonMain/kotlin/borg/trikeshed/net/http/Http2Protocol.kt:532:24 Unresolved reference. None of the following candidates is applicable because of a receiver type mismatch:
fun <T> Join<Int, Function1<Int, Join<Any?, TypeMemento>>>.get(column: Column<T>): T?
e: file:///Users/jim/work/v2superbikeshed/Trikeshed/src/commonMain/kotlin/borg/trikeshed/net/http/Http2Protocol.kt:559:35 Argument type mismatch: actual type is 'Int', but 'Int' was expected.
e: file:///Users/jim/work/v2superbikeshed/Trikeshed/src/commonMain/kotlin/borg/trikeshed/net/http/Http2Protocol.kt:559:40 Argument type mismatch: actual type is 'T? (of fun <T> Join<Int, Function1<Int, Join<Any?, TypeMemento>>>.get)', but 'Byte' was expected.
e: file:///Users/jim/work/v2superbikeshed/Trikeshed/src/commonMain/kotlin/borg/trikeshed/net/http/Http2Protocol.kt:559:40 Cannot infer type for this parameter. Specify it explicitly.
e: file:///Users/jim/work/v2superbikeshed/Trikeshed/src/commonMain/kotlin/borg/trikeshed/net/http/Http2Protocol.kt:559:40 Unresolved reference. None of the following candidates is applicable because of a receiver type mismatch:
fun <T> Join<Int, Function1<Int, Join<Any?, TypeMemento>>>.get(column: Column<T>): T?
e: file:///Users/jim/work/v2superbikeshed/Trikeshed/src/commonMain/kotlin/borg/trikeshed/net/http/Http2Protocol.kt:571:36 Argument type mismatch: actual type is 'Int', but 'Int' was expected.
e: file:///Users/jim/work/v2superbikeshed/Trikeshed/src/commonMain/kotlin/borg/trikeshed/net/http/Http2Protocol.kt:571:41 Argument type mismatch: actual type is 'T? (of fun <T> Join<Int, Function1<Int, Join<Any?, TypeMemento>>>.get)', but 'Byte' was expected.
e: file:///Users/jim/work/v2superbikeshed/Trikeshed/src/commonMain/kotlin/borg/trikeshed/net/http/Http2Protocol.kt:571:41 Cannot infer type for this parameter. Specify it explicitly.
e: file:///Users/jim/work/v2superbikeshed/Trikeshed/src/commonMain/kotlin/borg/trikeshed/net/http/Http2Protocol.kt:571:41 Unresolved reference. None of the following candidates is applicable because of a receiver type mismatch:
fun <T> Join<Int, Function1<Int, Join<Any?, TypeMemento>>>.get(column: Column<T>): T?
e: file:///Users/jim/work/v2superbikeshed/Trikeshed/src/commonMain/kotlin/borg/trikeshed/net/http/Http2Protocol.kt:590:25 Cannot infer type for this parameter. Specify it explicitly.
e: file:///Users/jim/work/v2superbikeshed/Trikeshed/src/commonMain/kotlin/borg/trikeshed/net/http/Http2Protocol.kt:590:25 Unresolved reference. None of the following candidates is applicable because of a receiver type mismatch:
fun <T> Join<Int, Function1<Int, Join<Any?, TypeMemento>>>.get(column: Column<T>): T?
e: file:///Users/jim/work/v2superbikeshed/Trikeshed/src/commonMain/kotlin/borg/trikeshed/net/http/Http2Protocol.kt:601:24 Cannot infer type for this parameter. Specify it explicitly.
e: file:///Users/jim/work/v2superbikeshed/Trikeshed/src/commonMain/kotlin/borg/trikeshed/net/http/Http2Protocol.kt:601:24 Unresolved reference. None of the following candidates is applicable because of a receiver type mismatch:
fun <T> Join<Int, Function1<Int, Join<Any?, TypeMemento>>>.get(column: Column<T>): T?
e: file:///Users/jim/work/v2superbikeshed/Trikeshed/src/commonMain/kotlin/borg/trikeshed/net/http/Http3Protocol.kt:103:25 Argument type mismatch: actual type is 'T? (of fun <T> Join<Int, Function1<Int, Join<Any?, TypeMemento>>>.get)', but 'Byte' was expected.
e: file:///Users/jim/work/v2superbikeshed/Trikeshed/src/commonMain/kotlin/borg/trikeshed/net/http/Http3Protocol.kt:103:25 Cannot infer type for this parameter. Specify it explicitly.
e: file:///Users/jim/work/v2superbikeshed/Trikeshed/src/commonMain/kotlin/borg/trikeshed/net/http/Http3Protocol.kt:103:25 Unresolved reference. None of the following candidates is applicable because of a receiver type mismatch:
fun <T> Join<Int, Function1<Int, Join<Any?, TypeMemento>>>.get(column: Column<T>): T?
e: file:///Users/jim/work/v2superbikeshed/Trikeshed/src/commonMain/kotlin/borg/trikeshed/net/http/Http3Protocol.kt:126:49 Cannot infer type for this parameter. Specify it explicitly.
e: file:///Users/jim/work/v2superbikeshed/Trikeshed/src/commonMain/kotlin/borg/trikeshed/net/http/Http3Protocol.kt:126:63 Argument type mismatch: actual type is 'Join<Int, Function1<Int, Join<Any?, TypeMemento>>>', but 'Join<Int, Function1<Int, Byte>>' was expected.
e: file:///Users/jim/work/v2superbikeshed/Trikeshed/src/commonMain/kotlin/borg/trikeshed/net/http/Http3Protocol.kt:126:63 Cannot infer type for this parameter. Specify it explicitly.
e: file:///Users/jim/work/v2superbikeshed/Trikeshed/src/commonMain/kotlin/borg/trikeshed/net/http/Http3Protocol.kt:126:63 Unresolved reference. None of the following candidates is applicable because of a receiver type mismatch:
fun <T> Join<Int, Function1<Int, Join<Any?, TypeMemento>>>.get(column: Column<T>): T?
e: file:///Users/jim/work/v2superbikeshed/Trikeshed/src/commonMain/kotlin/borg/trikeshed/net/http/Http3Protocol.kt:206:25 Argument type mismatch: actual type is 'T? (of fun <T> Join<Int, Function1<Int, Join<Any?, TypeMemento>>>.get)', but 'Join<HttpHeaderName, HttpHeaderValue>' was expected.
e: file:///Users/jim/work/v2superbikeshed/Trikeshed/src/commonMain/kotlin/borg/trikeshed/net/http/Http3Protocol.kt:206:25 Cannot infer type for this parameter. Specify it explicitly.
e: file:///Users/jim/work/v2superbikeshed/Trikeshed/src/commonMain/kotlin/borg/trikeshed/net/http/Http3Protocol.kt:206:25 Unresolved reference. None of the following candidates is applicable because of a receiver type mismatch:
fun <T> Join<Int, Function1<Int, Join<Any?, TypeMemento>>>.get(column: Column<T>): T?
e: file:///Users/jim/work/v2superbikeshed/Trikeshed/src/commonMain/kotlin/borg/trikeshed/net/http/Http3Protocol.kt:324:39 Argument type mismatch: actual type is 'T? (of fun <T> Join<Int, Function1<Int, Join<Any?, TypeMemento>>>.get)', but 'Byte' was expected.
e: file:///Users/jim/work/v2superbikeshed/Trikeshed/src/commonMain/kotlin/borg/trikeshed/net/http/Http3Protocol.kt:324:39 Cannot infer type for this parameter. Specify it explicitly.
e: file:///Users/jim/work/v2superbikeshed/Trikeshed/src/commonMain/kotlin/borg/trikeshed/net/http/Http3Protocol.kt:324:39 Unresolved reference. None of the following candidates is applicable because of a receiver type mismatch:
fun <T> Join<Int, Function1<Int, Join<Any?, TypeMemento>>>.get(column: Column<T>): T?
e: file:///Users/jim/work/v2superbikeshed/Trikeshed/src/commonMain/kotlin/borg/trikeshed/net/http/Http3Protocol.kt:349:26 Cannot infer type for this parameter. Specify it explicitly.
e: file:///Users/jim/work/v2superbikeshed/Trikeshed/src/commonMain/kotlin/borg/trikeshed/net/http/Http3Protocol.kt:349:26 Unresolved reference. None of the following candidates is applicable because of a receiver type mismatch:
fun <T> Join<Int, Function1<Int, Join<Any?, TypeMemento>>>.get(column: Column<T>): T?
e: file:///Users/jim/work/v2superbikeshed/Trikeshed/src/commonMain/kotlin/borg/trikeshed/net/http/Http3Protocol.kt:350:26 Unresolved reference 'a'.
e: file:///Users/jim/work/v2superbikeshed/Trikeshed/src/commonMain/kotlin/borg/trikeshed/net/http/Http3Protocol.kt:351:65 Unresolved reference 'b'.
e: file:///Users/jim/work/v2superbikeshed/Trikeshed/src/commonMain/kotlin/borg/trikeshed/net/http/Http3Protocol.kt:352:58 Unresolved reference 'b'.
e: file:///Users/jim/work/v2superbikeshed/Trikeshed/src/commonMain/kotlin/borg/trikeshed/net/http/Http3Protocol.kt:561:26 Cannot infer type for this parameter. Specify it explicitly.
e: file:///Users/jim/work/v2superbikeshed/Trikeshed/src/commonMain/kotlin/borg/trikeshed/net/http/Http3Protocol.kt:561:26 Unresolved reference. None of the following candidates is applicable because of a receiver type mismatch:
fun <T> Join<Int, Function1<Int, Join<Any?, TypeMemento>>>.get(column: Column<T>): T?
e: file:///Users/jim/work/v2superbikeshed/Trikeshed/src/commonMain/kotlin/borg/trikeshed/net/http/Http3Protocol.kt:562:31 Unresolved reference 'a'.
e: file:///Users/jim/work/v2superbikeshed/Trikeshed/src/commonMain/kotlin/borg/trikeshed/net/http/Http3Protocol.kt:563:32 Unresolved reference 'b'.
e: file:///Users/jim/work/v2superbikeshed/Trikeshed/src/commonMain/kotlin/borg/trikeshed/net/http/Http3Protocol.kt:634:24 Cannot infer type for this parameter. Specify it explicitly.
e: file:///Users/jim/work/v2superbikeshed/Trikeshed/src/commonMain/kotlin/borg/trikeshed/net/http/Http3Protocol.kt:634:24 Unresolved reference. None of the following candidates is applicable because of a receiver type mismatch:
fun <T> Join<Int, Function1<Int, Join<Any?, TypeMemento>>>.get(column: Column<T>): T?
e: file:///Users/jim/work/v2superbikeshed/Trikeshed/src/commonMain/kotlin/borg/trikeshed/net/http/Http3Protocol.kt:697:25 Cannot infer type for this parameter. Specify it explicitly.
e: file:///Users/jim/work/v2superbikeshed/Trikeshed/src/commonMain/kotlin/borg/trikeshed/net/http/Http3Protocol.kt:697:25 Unresolved reference. None of the following candidates is applicable because of a receiver type mismatch:
fun <T> Join<Int, Function1<Int, Join<Any?, TypeMemento>>>.get(column: Column<T>): T?
e: file:///Users/jim/work/v2superbikeshed/Trikeshed/src/commonMain/kotlin/borg/trikeshed/net/http/Http3Protocol.kt:713:25 Argument type mismatch: actual type is 'Int', but 'Int' was expected.
e: file:///Users/jim/work/v2superbikeshed/Trikeshed/src/commonMain/kotlin/borg/trikeshed/net/http/Http3Protocol.kt:713:30 Argument type mismatch: actual type is 'T? (of fun <T> Join<Int, Function1<Int, Join<Any?, TypeMemento>>>.get)', but 'Byte' was expected.
e: file:///Users/jim/work/v2superbikeshed/Trikeshed/src/commonMain/kotlin/borg/trikeshed/net/http/Http3Protocol.kt:713:30 Cannot infer type for this parameter. Specify it explicitly.
e: file:///Users/jim/work/v2superbikeshed/Trikeshed/src/commonMain/kotlin/borg/trikeshed/net/http/Http3Protocol.kt:713:30 Unresolved reference. None of the following candidates is applicable because of a receiver type mismatch:
fun <T> Join<Int, Function1<Int, Join<Any?, TypeMemento>>>.get(column: Column<T>): T?
e: file:///Users/jim/work/v2superbikeshed/Trikeshed/src/commonMain/kotlin/borg/trikeshed/net/http/Http3Protocol.kt:901:21 Cannot infer type for this parameter. Specify it explicitly.
e: file:///Users/jim/work/v2superbikeshed/Trikeshed/src/commonMain/kotlin/borg/trikeshed/net/http/Http3Protocol.kt:901:21 Unresolved reference. None of the following candidates is applicable because of a receiver type mismatch:
fun <T> Join<Int, Function1<Int, Join<Any?, TypeMemento>>>.get(column: Column<T>): T?
e: file:///Users/jim/work/v2superbikeshed/Trikeshed/src/commonMain/kotlin/borg/trikeshed/net/http/Http3Protocol.kt:909:25 Cannot infer type for this parameter. Specify it explicitly.
e: file:///Users/jim/work/v2superbikeshed/Trikeshed/src/commonMain/kotlin/borg/trikeshed/net/http/Http3Protocol.kt:909:25 Unresolved reference. None of the following candidates is applicable because of a receiver type mismatch:
fun <T> Join<Int, Function1<Int, Join<Any?, TypeMemento>>>.get(column: Column<T>): T?
e: file:///Users/jim/work/v2superbikeshed/Trikeshed/src/commonMain/kotlin/borg/trikeshed/net/http/Http3Protocol.kt:915:26 Cannot infer type for this parameter. Specify it explicitly.
e: file:///Users/jim/work/v2superbikeshed/Trikeshed/src/commonMain/kotlin/borg/trikeshed/net/http/Http3Protocol.kt:915:26 Unresolved reference. None of the following candidates is applicable because of a receiver type mismatch:
fun <T> Join<Int, Function1<Int, Join<Any?, TypeMemento>>>.get(column: Column<T>): T?
e: file:///Users/jim/work/v2superbikeshed/Trikeshed/src/commonMain/kotlin/borg/trikeshed/net/http/Http3Protocol.kt:916:26 Cannot infer type for this parameter. Specify it explicitly.
e: file:///Users/jim/work/v2superbikeshed/Trikeshed/src/commonMain/kotlin/borg/trikeshed/net/http/Http3Protocol.kt:916:26 Unresolved reference. None of the following candidates is applicable because of a receiver type mismatch:
fun <T> Join<Int, Function1<Int, Join<Any?, TypeMemento>>>.get(column: Column<T>): T?
e: file:///Users/jim/work/v2superbikeshed/Trikeshed/src/commonMain/kotlin/borg/trikeshed/net/http/Http3Protocol.kt:917:25 Cannot infer type for this parameter. Specify it explicitly.
e: file:///Users/jim/work/v2superbikeshed/Trikeshed/src/commonMain/kotlin/borg/trikeshed/net/http/Http3Protocol.kt:917:25 Unresolved reference. None of the following candidates is applicable because of a receiver type mismatch:
fun <T> Join<Int, Function1<Int, Join<Any?, TypeMemento>>>.get(column: Column<T>): T?
e: file:///Users/jim/work/v2superbikeshed/Trikeshed/src/commonMain/kotlin/borg/trikeshed/net/http/Http3Protocol.kt:924:36 Cannot infer type for this parameter. Specify it explicitly.
e: file:///Users/jim/work/v2superbikeshed/Trikeshed/src/commonMain/kotlin/borg/trikeshed/net/http/Http3Protocol.kt:924:36 Unresolved reference. None of the following candidates is applicable because of a receiver type mismatch:
fun <T> Join<Int, Function1<Int, Join<Any?, TypeMemento>>>.get(column: Column<T>): T?
e: file:///Users/jim/work/v2superbikeshed/Trikeshed/src/commonMain/kotlin/borg/trikeshed/net/http/HttpClient.kt:140:13 Argument type mismatch: actual type is 'Pair<String, String>', but 'K (of fun <K> WHEN_CALL)' was expected.
e: file:///Users/jim/work/v2superbikeshed/Trikeshed/src/commonMain/kotlin/borg/trikeshed/net/http/HttpClient.kt:142:13 Argument type mismatch: actual type is 'Pair<A (of fun <A, B> A.to), B (of fun <A, B> A.to)>', but 'K (of fun <K> WHEN_CALL)' was expected.
e: file:///Users/jim/work/v2superbikeshed/Trikeshed/src/commonMain/kotlin/borg/trikeshed/net/http/HttpClient.kt:142:54 Cannot infer type for this parameter. Specify it explicitly.
e: file:///Users/jim/work/v2superbikeshed/Trikeshed/src/commonMain/kotlin/borg/trikeshed/net/http/HttpClient.kt:142:54 Unresolved reference. None of the following candidates is applicable because of a receiver type mismatch:
fun <A, B> A.to(that: B): Pair<A, B>
e: file:///Users/jim/work/v2superbikeshed/Trikeshed/src/commonMain/kotlin/borg/trikeshed/net/http/HttpClient.kt:147:62 Unresolved reference 'coroutineContext'.
e: file:///Users/jim/work/v2superbikeshed/Trikeshed/src/commonMain/kotlin/borg/trikeshed/net/http/HttpClient.kt:151:9 Unresolved reference 'requestQueue'.
e: file:///Users/jim/work/v2superbikeshed/Trikeshed/src/commonMain/kotlin/borg/trikeshed/net/http/HttpClient.kt:154:18 Cannot infer type for this parameter. Specify it explicitly.
e: file:///Users/jim/work/v2superbikeshed/Trikeshed/src/commonMain/kotlin/borg/trikeshed/net/http/HttpClient.kt:155:16 Unresolved reference 'write'.
e: file:///Users/jim/work/v2superbikeshed/Trikeshed/src/commonMain/kotlin/borg/trikeshed/net/http/HttpClient.kt:156:23 Unresolved reference 'write'.
e: file:///Users/jim/work/v2superbikeshed/Trikeshed/src/commonMain/kotlin/borg/trikeshed/net/http/HttpClient.kt:157:9 Unresolved reference 'lastActivity'.
e: file:///Users/jim/work/v2superbikeshed/Trikeshed/src/commonMain/kotlin/borg/trikeshed/net/http/HttpClient.kt:157:24 Unresolved reference 'System'.
e: file:///Users/jim/work/v2superbikeshed/Trikeshed/src/commonMain/kotlin/borg/trikeshed/net/http/HttpClient.kt:167:18 Unresolved reference 'write'.
e: file:///Users/jim/work/v2superbikeshed/Trikeshed/src/commonMain/kotlin/borg/trikeshed/net/http/HttpClient.kt:170:33 Unresolved reference 'read'.
e: file:///Users/jim/work/v2superbikeshed/Trikeshed/src/commonMain/kotlin/borg/trikeshed/net/http/HttpClient.kt:173:13 Unresolved reference 'lastActivity'.
e: file:///Users/jim/work/v2superbikeshed/Trikeshed/src/commonMain/kotlin/borg/trikeshed/net/http/HttpClient.kt:173:28 Unresolved reference 'System'.
e: file:///Users/jim/work/v2superbikeshed/Trikeshed/src/commonMain/kotlin/borg/trikeshed/net/http/HttpClient.kt:187:38 Unresolved reference 'System'.
e: file:///Users/jim/work/v2superbikeshed/Trikeshed/src/commonMain/kotlin/borg/trikeshed/net/http/HttpClient.kt:198:26 Unresolved reference 'KQueueContext'.
e: file:///Users/jim/work/v2superbikeshed/Trikeshed/src/commonMain/kotlin/borg/trikeshed/net/http/HttpClient.kt:212:23 Unresolved reference 'getChannel'.
e: file:///Users/jim/work/v2superbikeshed/Trikeshed/src/commonMain/kotlin/borg/trikeshed/net/http/HttpClient.kt:214:9 Argument type mismatch: actual type is 'R? (of fun <T, R> T.let)', but 'K? (of fun <K> ELVIS_CALL)' was expected.
e: file:///Users/jim/work/v2superbikeshed/Trikeshed/src/commonMain/kotlin/borg/trikeshed/net/http/HttpClient.kt:214:18 Cannot infer type for this parameter. Specify it explicitly.
e: file:///Users/jim/work/v2superbikeshed/Trikeshed/src/commonMain/kotlin/borg/trikeshed/net/http/HttpClient.kt:214:22 Cannot infer type for this parameter. Specify it explicitly.
e: file:///Users/jim/work/v2superbikeshed/Trikeshed/src/commonMain/kotlin/borg/trikeshed/net/http/HttpClient.kt:215:16 Unresolved reference 'write'.
e: file:///Users/jim/work/v2superbikeshed/Trikeshed/src/commonMain/kotlin/borg/trikeshed/net/http/HttpClient.kt:217:24 Unresolved reference 'System'.
e: file:///Users/jim/work/v2superbikeshed/Trikeshed/src/commonMain/kotlin/borg/trikeshed/net/http/HttpClient.kt:225:23 Unresolved reference 'getChannel'.
e: file:///Users/jim/work/v2superbikeshed/Trikeshed/src/commonMain/kotlin/borg/trikeshed/net/http/HttpClient.kt:233:28 Unresolved reference 'System'.
e: file:///Users/jim/work/v2superbikeshed/Trikeshed/src/commonMain/kotlin/borg/trikeshed/net/http/HttpClient.kt:238:20 Unresolved reference 'System'.
e: file:///Users/jim/work/v2superbikeshed/Trikeshed/src/commonMain/kotlin/borg/trikeshed/net/http/HttpClient.kt:239:40 Unresolved reference. None of the following candidates is applicable because of a receiver type mismatch:
fun String.compareTo(other: String, ignoreCase: Boolean = ...): Int
e: file:///Users/jim/work/v2superbikeshed/Trikeshed/src/commonMain/kotlin/borg/trikeshed/net/http/HttpClient.kt:244:18 Suspend function 'expect suspend fun close(): Unit' can only be called from a coroutine or another suspend function.
e: file:///Users/jim/work/v2superbikeshed/Trikeshed/src/commonMain/kotlin/borg/trikeshed/net/http/HttpClient.kt:258:16 None of the following candidates is applicable:
val CoroutineScope.isActive: Boolean
val CoroutineContext.isActive: Boolean
e: file:///Users/jim/work/v2superbikeshed/Trikeshed/src/commonMain/kotlin/borg/trikeshed/net/http/HttpClient.kt:260:37 Unresolved reference 'read'.
e: file:///Users/jim/work/v2superbikeshed/Trikeshed/src/commonMain/kotlin/borg/trikeshed/net/http/HttpClient.kt:304:13 Argument type mismatch: actual type is 'Pair<A (of fun <A, B> A.to), B (of fun <A, B> A.to)>', but 'K (of fun <K> WHEN_CALL)' was expected.
e: file:///Users/jim/work/v2superbikeshed/Trikeshed/src/commonMain/kotlin/borg/trikeshed/net/http/HttpClient.kt:304:43 Cannot infer type for this parameter. Specify it explicitly.
e: file:///Users/jim/work/v2superbikeshed/Trikeshed/src/commonMain/kotlin/borg/trikeshed/net/http/HttpClient.kt:304:43 Unresolved reference. None of the following candidates is applicable because of a receiver type mismatch:
fun <A, B> A.to(that: B): Pair<A, B>
e: file:///Users/jim/work/v2superbikeshed/Trikeshed/src/commonMain/kotlin/borg/trikeshed/net/http/HttpClient.kt:306:13 Argument type mismatch: actual type is 'Pair<String, Int>', but 'K (of fun <K> WHEN_CALL)' was expected.
e: file:///Users/jim/work/v2superbikeshed/Trikeshed/src/commonMain/kotlin/borg/trikeshed/net/http/HttpClient.kt:353:46 Unresolved reference 'createDefault'.
e: file:///Users/jim/work/v2superbikeshed/Trikeshed/src/commonMain/kotlin/borg/trikeshed/net/http/HttpClient.kt:363:23 Unresolved reference 'Companion'.
e: file:///Users/jim/work/v2superbikeshed/Trikeshed/src/commonMain/kotlin/borg/trikeshed/net/http/HttpClient.kt:369:30 Unresolved reference. None of the following candidates is applicable because of a receiver type mismatch:
fun Join<Int, Function1<Int, Byte>>.toByteArray(): ByteArray
e: file:///Users/jim/work/v2superbikeshed/Trikeshed/src/commonMain/kotlin/borg/trikeshed/net/http/HttpQuicIntegration.kt:331:26 Cannot infer type for this parameter. Specify it explicitly.
e: file:///Users/jim/work/v2superbikeshed/Trikeshed/src/commonMain/kotlin/borg/trikeshed/net/http/HttpQuicIntegration.kt:331:26 Unresolved reference. None of the following candidates is applicable because of a receiver type mismatch:
fun <T> Join<Int, Function1<Int, Join<Any?, TypeMemento>>>.get(column: Column<T>): T?
e: file:///Users/jim/work/v2superbikeshed/Trikeshed/src/commonMain/kotlin/borg/trikeshed/net/http/HttpQuicIntegration.kt:332:24 Unresolved reference 'a'.
e: file:///Users/jim/work/v2superbikeshed/Trikeshed/src/commonMain/kotlin/borg/trikeshed/net/http/HttpQuicIntegration.kt:333:24 Unresolved reference 'b'.
e: file:///Users/jim/work/v2superbikeshed/Trikeshed/src/commonMain/kotlin/borg/trikeshed/net/http/HttpQuicIntegration.kt:345:26 Cannot infer type for this parameter. Specify it explicitly.
e: file:///Users/jim/work/v2superbikeshed/Trikeshed/src/commonMain/kotlin/borg/trikeshed/net/http/HttpQuicIntegration.kt:345:26 Unresolved reference. None of the following candidates is applicable because of a receiver type mismatch:
fun <T> Join<Int, Function1<Int, Join<Any?, TypeMemento>>>.get(column: Column<T>): T?
e: file:///Users/jim/work/v2superbikeshed/Trikeshed/src/commonMain/kotlin/borg/trikeshed/net/http/HttpQuicIntegration.kt:346:24 Unresolved reference 'a'.
e: file:///Users/jim/work/v2superbikeshed/Trikeshed/src/commonMain/kotlin/borg/trikeshed/net/http/HttpQuicIntegration.kt:347:24 Unresolved reference 'b'.
e: file:///Users/jim/work/v2superbikeshed/Trikeshed/src/commonMain/kotlin/borg/trikeshed/net/http/HttpQuicServer.kt:107:30 Argument type mismatch: actual type is 'HttpStatusCode', but 'HttpStatusCode' was expected.
e: file:///Users/jim/work/v2superbikeshed/Trikeshed/src/commonMain/kotlin/borg/trikeshed/net/http/HttpQuicServer.kt:108:31 Cannot infer type for this parameter. Specify it explicitly.
e: file:///Users/jim/work/v2superbikeshed/Trikeshed/src/commonMain/kotlin/borg/trikeshed/net/http/HttpQuicServer.kt:108:31 Not enough information to infer type argument for 'T'.
e: file:///Users/jim/work/v2superbikeshed/Trikeshed/src/commonMain/kotlin/borg/trikeshed/net/http/HttpQuicServer.kt:108:31 Unresolved reference. None of the following candidates is applicable because of a receiver type mismatch:
fun <T> Join<Shape, Function1<Shape, T>>.invoke(index: Int): T
e: file:///Users/jim/work/v2superbikeshed/Trikeshed/src/commonMain/kotlin/borg/trikeshed/net/http/HttpQuicServer.kt:108:31 Argument type mismatch: actual type is 'T (of fun <T> Join<Shape, Function1<Shape, T>>.invoke)', but 'Join<Int, Function1<Int, Join<HttpHeaderName, HttpHeaderValue>>>' was expected.
e: file:///Users/jim/work/v2superbikeshed/Trikeshed/src/commonMain/kotlin/borg/trikeshed/net/http/HttpQuicServer.kt:109:28 Argument type mismatch: actual type is 'ByteArray', but 'ByteArray' was expected.
e: file:///Users/jim/work/v2superbikeshed/Trikeshed/src/commonMain/kotlin/borg/trikeshed/net/http/HttpQuicServer.kt:130:30 Cannot infer type for this parameter. Specify it explicitly.
e: file:///Users/jim/work/v2superbikeshed/Trikeshed/src/commonMain/kotlin/borg/trikeshed/net/http/HttpQuicServer.kt:130:30 Unresolved reference. None of the following candidates is applicable because of a receiver type mismatch:
fun <T> Join<Int, Function1<Int, Join<Any?, TypeMemento>>>.get(column: Column<T>): T?
e: file:///Users/jim/work/v2superbikeshed/Trikeshed/src/commonMain/kotlin/borg/trikeshed/net/http/HttpQuicServer.kt:136:31 Cannot infer type for this parameter. Specify it explicitly.
e: file:///Users/jim/work/v2superbikeshed/Trikeshed/src/commonMain/kotlin/borg/trikeshed/net/http/HttpQuicServer.kt:136:31 Unresolved reference. None of the following candidates is applicable because of a receiver type mismatch:
fun <T> Join<Int, Function1<Int, Join<Any?, TypeMemento>>>.get(column: Column<T>): T?
e: file:///Users/jim/work/v2superbikeshed/Trikeshed/src/commonMain/kotlin/borg/trikeshed/net/http/HttpQuicServer.kt:145:24 None of the following candidates is applicable:
fun ByteArray.toIdx(): Join<Int, Function1<Int, Byte>>
fun IntArray.toIdx(): Join<Int, Function1<Int, Int>>
e: file:///Users/jim/work/v2superbikeshed/Trikeshed/src/commonMain/kotlin/borg/trikeshed/net/http/HttpQuicServer.kt:154:71 Cannot infer type for this parameter. Specify it explicitly.
e: file:///Users/jim/work/v2superbikeshed/Trikeshed/src/commonMain/kotlin/borg/trikeshed/net/http/HttpQuicServer.kt:154:71 Not enough information to infer type argument for 'T'.
e: file:///Users/jim/work/v2superbikeshed/Trikeshed/src/commonMain/kotlin/borg/trikeshed/net/http/HttpQuicServer.kt:154:71 Unresolved reference. None of the following candidates is applicable because of a receiver type mismatch:
fun <T> Join<Shape, Function1<Shape, T>>.invoke(index: Int): T
e: file:///Users/jim/work/v2superbikeshed/Trikeshed/src/commonMain/kotlin/borg/trikeshed/net/http/HttpQuicServer.kt:232:26 None of the following candidates is applicable:
fun ByteArray.toIdx(): Join<Int, Function1<Int, Byte>>
fun IntArray.toIdx(): Join<Int, Function1<Int, Int>>
e: file:///Users/jim/work/v2superbikeshed/Trikeshed/src/commonMain/kotlin/borg/trikeshed/net/http/HttpQuicServer.kt:244:26 None of the following candidates is applicable:
fun ByteArray.toIdx(): Join<Int, Function1<Int, Byte>>
fun IntArray.toIdx(): Join<Int, Function1<Int, Int>>
e: file:///Users/jim/work/v2superbikeshed/Trikeshed/src/commonMain/kotlin/borg/trikeshed/net/http/HttpQuicServer.kt:262:12 Cannot infer type for this parameter. Specify it explicitly.
e: file:///Users/jim/work/v2superbikeshed/Trikeshed/src/commonMain/kotlin/borg/trikeshed/net/http/HttpQuicServer.kt:262:12 Unresolved reference. None of the following candidates is applicable because of a receiver type mismatch:
fun <T> Join<Int, Function1<Int, Join<Any?, TypeMemento>>>.get(column: Column<T>): T?
e: file:///Users/jim/work/v2superbikeshed/Trikeshed/src/commonMain/kotlin/borg/trikeshed/net/http/HttpQuicServer.kt:280:9 Unresolved reference. None of the following candidates is applicable because of a receiver type mismatch:
suspend fun QuicStream.writeByte(byte: Byte): Unit
e: file:///Users/jim/work/v2superbikeshed/Trikeshed/src/commonMain/kotlin/borg/trikeshed/net/http/HttpQuicServer.kt:280:19 Cannot infer type for this parameter. Specify it explicitly.
e: file:///Users/jim/work/v2superbikeshed/Trikeshed/src/commonMain/kotlin/borg/trikeshed/net/http/HttpQuicServer.kt:280:19 Unresolved reference. None of the following candidates is applicable because of a receiver type mismatch:
fun <T> Join<Int, Function1<Int, Join<Any?, TypeMemento>>>.get(column: Column<T>): T?
e: file:///Users/jim/work/v2superbikeshed/Trikeshed/src/commonMain/kotlin/borg/trikeshed/net/http/HttpSerializer.kt:29:33 Unresolved reference 'size'.
e: file:///Users/jim/work/v2superbikeshed/Trikeshed/src/commonMain/kotlin/borg/trikeshed/net/http/HttpSerializer.kt:30:26 Unresolved reference. None of the following candidates is applicable because of a receiver type mismatch:
fun MatchGroupCollection.get(name: String): MatchGroup?
e: file:///Users/jim/work/v2superbikeshed/Trikeshed/src/commonMain/kotlin/borg/trikeshed/net/http/HttpSerializer.kt:31:23 Unresolved reference 'a'.
e: file:///Users/jim/work/v2superbikeshed/Trikeshed/src/commonMain/kotlin/borg/trikeshed/net/http/HttpSerializer.kt:31:36 Unresolved reference 'b'.
e: file:///Users/jim/work/v2superbikeshed/Trikeshed/src/commonMain/kotlin/borg/trikeshed/net/http/HttpServer.kt:20:11 Redeclaration:
typealias HttpHandler = suspend (HttpRequest) -> HttpResponse
e: file:///Users/jim/work/v2superbikeshed/Trikeshed/src/commonMain/kotlin/borg/trikeshed/net/http/HttpServer.kt:25:12 Redeclaration:
data class HttpServerConfig : Any
e: file:///Users/jim/work/v2superbikeshed/Trikeshed/src/commonMain/kotlin/borg/trikeshed/net/http/HttpServer.kt:86:25 Unresolved reference 'PlatformIO'.
e: file:///Users/jim/work/v2superbikeshed/Trikeshed/src/commonMain/kotlin/borg/trikeshed/net/http/HttpServer.kt:88:40 Unresolved reference 'value'.
e: file:///Users/jim/work/v2superbikeshed/Trikeshed/src/commonMain/kotlin/borg/trikeshed/net/http/HttpServer.kt:89:65 Unresolved reference 'value'.
e: file:///Users/jim/work/v2superbikeshed/Trikeshed/src/commonMain/kotlin/borg/trikeshed/net/http/HttpServer.kt:89:86 Unresolved reference 'value'.
e: file:///Users/jim/work/v2superbikeshed/Trikeshed/src/commonMain/kotlin/borg/trikeshed/net/http/HttpServer.kt:91:17 Unresolved reference 'register'.
e: file:///Users/jim/work/v2superbikeshed/Trikeshed/src/commonMain/kotlin/borg/trikeshed/net/http/HttpServer.kt:92:47 Suspension functions can only be called within coroutine body.
e: file:///Users/jim/work/v2superbikeshed/Trikeshed/src/commonMain/kotlin/borg/trikeshed/net/http/HttpServer.kt:94:31 Unresolved reference 'configureBlocking'.
e: file:///Users/jim/work/v2superbikeshed/Trikeshed/src/commonMain/kotlin/borg/trikeshed/net/http/HttpServer.kt:98:71 Unresolved reference 'remoteAddress'.
e: file:///Users/jim/work/v2superbikeshed/Trikeshed/src/commonMain/kotlin/borg/trikeshed/net/http/HttpServer.kt:105:70 Unresolved reference 'value'.
e: file:///Users/jim/work/v2superbikeshed/Trikeshed/src/commonMain/kotlin/borg/trikeshed/net/http/HttpServer.kt:106:17 Cannot infer type for this parameter. Specify it explicitly.
e: file:///Users/jim/work/v2superbikeshed/Trikeshed/src/commonMain/kotlin/borg/trikeshed/net/http/HttpServer.kt:106:20 No value passed for parameter 'block'.
e: file:///Users/jim/work/v2superbikeshed/Trikeshed/src/commonMain/kotlin/borg/trikeshed/net/http/HttpServer.kt:112:21 Unresolved reference 'stop'.
e: file:///Users/jim/work/v2superbikeshed/Trikeshed/src/commonMain/kotlin/borg/trikeshed/net/http/HttpServer.kt:128:37 Unresolved reference 'read'.
e: file:///Users/jim/work/v2superbikeshed/Trikeshed/src/commonMain/kotlin/borg/trikeshed/net/http/HttpServer.kt:138:62 Argument type mismatch: actual type is 'Join<Int, Function1<Int, Char>>', but 'String' was expected.
e: file:///Users/jim/work/v2superbikeshed/Trikeshed/src/commonMain/kotlin/borg/trikeshed/net/http/HttpServer.kt:158:21 Unresolved reference 'write'.
e: file:///Users/jim/work/v2superbikeshed/Trikeshed/src/commonMain/kotlin/borg/trikeshed/net/http/HttpServer.kt:168:44 Overload resolution ambiguity between candidates:
fun <X, C, V : Join<Int, Function1<Int, X>>> V.α(crossinline xform: (X) -> C): Join<Int, Function1<Int, C>>
fun <X, C, V : Join<Int, Function1<Int, X>>> V.α(crossinline xform: (X) -> C): Join<Int, Function1<Int, C>>
e: file:///Users/jim/work/v2superbikeshed/Trikeshed/src/commonMain/kotlin/borg/trikeshed/net/http/HttpServer.kt:168:63 Unresolved reference 'it'.
e: file:///Users/jim/work/v2superbikeshed/Trikeshed/src/commonMain/kotlin/borg/trikeshed/net/http/HttpServer.kt:168:93 Unresolved reference 'it'.
e: file:///Users/jim/work/v2superbikeshed/Trikeshed/src/commonMain/kotlin/borg/trikeshed/net/http/HttpServer.kt:169:28 Argument type mismatch: actual type is 'String', but 'HttpMethod' was expected.
e: file:///Users/jim/work/v2superbikeshed/Trikeshed/src/commonMain/kotlin/borg/trikeshed/net/http/HttpServer.kt:169:86 Unresolved reference 'value'.
e: file:///Users/jim/work/v2superbikeshed/Trikeshed/src/commonMain/kotlin/borg/trikeshed/net/http/HttpServer.kt:169:103 Argument type mismatch: actual type is 'String', but 'ByteArray' was expected.
e: file:///Users/jim/work/v2superbikeshed/Trikeshed/src/commonMain/kotlin/borg/trikeshed/net/http/HttpServer.kt:169:124 Argument type mismatch: actual type is 'String', but 'HttpVersion' was expected.
e: file:///Users/jim/work/v2superbikeshed/Trikeshed/src/commonMain/kotlin/borg/trikeshed/net/http/HttpServer.kt:175:17 Unresolved reference 'write'.
e: file:///Users/jim/work/v2superbikeshed/Trikeshed/src/commonMain/kotlin/borg/trikeshed/net/http/HttpServer.kt:195:47 Unresolved reference 'path'.
e: file:///Users/jim/work/v2superbikeshed/Trikeshed/src/commonMain/kotlin/borg/trikeshed/net/http/HttpServer.kt:206:91 Unresolved reference 'path'.
e: file:///Users/jim/work/v2superbikeshed/Trikeshed/src/commonMain/kotlin/borg/trikeshed/net/http/HttpServer.kt:262:34 Unresolved reference 'Series2'.
e: file:///Users/jim/work/v2superbikeshed/Trikeshed/src/commonMain/kotlin/borg/trikeshed/net/http/HttpServer.kt:262:42 Unresolved reference 'HttpFieldName'.
e: file:///Users/jim/work/v2superbikeshed/Trikeshed/src/commonMain/kotlin/borg/trikeshed/net/http/HttpServer.kt:262:57 Unresolved reference 'HttpFieldValue'.
e: file:///Users/jim/work/v2superbikeshed/Trikeshed/src/commonMain/kotlin/borg/trikeshed/net/http/HttpServer.kt:263:40 Cannot infer type for this parameter. Specify it explicitly.
e: file:///Users/jim/work/v2superbikeshed/Trikeshed/src/commonMain/kotlin/borg/trikeshed/net/http/HttpServer.kt:263:40 Not enough information to infer type argument for 'T'.
e: file:///Users/jim/work/v2superbikeshed/Trikeshed/src/commonMain/kotlin/borg/trikeshed/net/http/HttpServer.kt:263:47 Cannot infer type for this parameter. Specify it explicitly.
e: file:///Users/jim/work/v2superbikeshed/Trikeshed/src/commonMain/kotlin/borg/trikeshed/net/http/HttpServer.kt:263:47 Not enough information to infer type argument for 'T'.
e: file:///Users/jim/work/v2superbikeshed/Trikeshed/src/commonMain/kotlin/borg/trikeshed/net/http/HttpServer.kt:263:52 Cannot infer type for this parameter. Specify it explicitly.
e: file:///Users/jim/work/v2superbikeshed/Trikeshed/src/commonMain/kotlin/borg/trikeshed/net/http/HttpServer.kt:264:16 Unresolved reference 'a'.
e: file:///Users/jim/work/v2superbikeshed/Trikeshed/src/commonMain/kotlin/borg/trikeshed/net/http/HttpServer.kt:265:12 Unresolved reference 'b'.
e: file:///Users/jim/work/v2superbikeshed/Trikeshed/src/commonMain/kotlin/borg/trikeshed/net/http/HttpServer.kt:276:18 Unresolved reference 'Series2'.
e: file:///Users/jim/work/v2superbikeshed/Trikeshed/src/commonMain/kotlin/borg/trikeshed/net/http/HttpServer.kt:276:26 Unresolved reference 'HttpFieldName'.
e: file:///Users/jim/work/v2superbikeshed/Trikeshed/src/commonMain/kotlin/borg/trikeshed/net/http/HttpServer.kt:276:41 Unresolved reference 'HttpFieldValue'.
e: file:///Users/jim/work/v2superbikeshed/Trikeshed/src/commonMain/kotlin/borg/trikeshed/net/http/HttpServer.kt:278:45 Cannot infer type for this parameter. Specify it explicitly.
e: file:///Users/jim/work/v2superbikeshed/Trikeshed/src/commonMain/kotlin/borg/trikeshed/net/http/HttpServer.kt:278:45 Not enough information to infer type argument for 'X'.
e: file:///Users/jim/work/v2superbikeshed/Trikeshed/src/commonMain/kotlin/borg/trikeshed/net/http/HttpServer.kt:278:49 Cannot infer type for this parameter. Specify it explicitly.
e: file:///Users/jim/work/v2superbikeshed/Trikeshed/src/commonMain/kotlin/borg/trikeshed/net/http/HttpServer.kt:279:17 Unresolved reference 'HttpFieldName'.
e: file:///Users/jim/work/v2superbikeshed/Trikeshed/src/commonMain/kotlin/borg/trikeshed/net/http/HttpServer.kt:279:36 Unresolved reference 'a'.
e: file:///Users/jim/work/v2superbikeshed/Trikeshed/src/commonMain/kotlin/borg/trikeshed/net/http/HttpServer.kt:279:47 Unresolved reference 'HttpFieldValue'.
e: file:///Users/jim/work/v2superbikeshed/Trikeshed/src/commonMain/kotlin/borg/trikeshed/net/http/HttpServer.kt:279:67 Unresolved reference 'b'.
e: file:///Users/jim/work/v2superbikeshed/Trikeshed/src/commonMain/kotlin/borg/trikeshed/net/http/HttpServer.kt:323:38 Unresolved reference 'parseChunkedBody'.
e: file:///Users/jim/work/v2superbikeshed/Trikeshed/src/commonMain/kotlin/borg/trikeshed/net/http/HttpServer.kt:326:28 Cannot infer type for this parameter. Specify it explicitly.
e: file:///Users/jim/work/v2superbikeshed/Trikeshed/src/commonMain/kotlin/borg/trikeshed/net/http/HttpServer.kt:326:35 Cannot infer type for this parameter. Specify it explicitly.
e: file:///Users/jim/work/v2superbikeshed/Trikeshed/src/commonMain/kotlin/borg/trikeshed/net/http/HttpServer.kt:326:35 Not enough information to infer type argument for 'T'.
e: file:///Users/jim/work/v2superbikeshed/Trikeshed/src/commonMain/kotlin/borg/trikeshed/net/http/HttpServer.kt:326:45 Cannot infer type for this parameter. Specify it explicitly.
e: file:///Users/jim/work/v2superbikeshed/Trikeshed/src/commonMain/kotlin/borg/trikeshed/net/http/HttpServer.kt:327:34 Unresolved reference 'data'.
e: file:///Users/jim/work/v2superbikeshed/Trikeshed/src/commonMain/kotlin/borg/trikeshed/net/http/HttpServer.kt:342:37 Unresolved reference 'DealService'.
e: file:///Users/jim/work/v2superbikeshed/Trikeshed/src/commonMain/kotlin/borg/trikeshed/net/http/HttpServer.kt:357:56 Unresolved reference 'RequestFactoryService'.
e: file:///Users/jim/work/v2superbikeshed/Trikeshed/src/commonMain/kotlin/borg/trikeshed/net/http/HttpServer.kt:359:65 Unresolved reference 'it'.
e: file:///Users/jim/work/v2superbikeshed/Trikeshed/src/commonMain/kotlin/borg/trikeshed/net/http/HttpServer.kt:360:56 Unresolved reference 'process'.
e: file:///Users/jim/work/v2superbikeshed/Trikeshed/src/commonMain/kotlin/borg/trikeshed/net/http/HttpServer.kt:361:50 Cannot infer type for this parameter. Specify it explicitly.
e: file:///Users/jim/work/v2superbikeshed/Trikeshed/src/commonMain/kotlin/borg/trikeshed/net/http/HttpServer.kt:361:55 Cannot infer type for this parameter. Specify it explicitly.
e: file:///Users/jim/work/v2superbikeshed/Trikeshed/src/commonMain/kotlin/borg/trikeshed/net/http/HttpServer.kt:361:55 Not enough information to infer type argument for 'T'.
e: file:///Users/jim/work/v2superbikeshed/Trikeshed/src/commonMain/kotlin/borg/trikeshed/net/http/HttpServer.kt:378:19 Unresolved reference 'coroutineContext'.
e: file:///Users/jim/work/v2superbikeshed/Trikeshed/src/commonMain/kotlin/borg/trikeshed/net/http/HttpServer.kt:378:19 Cannot infer type for this parameter. Specify it explicitly.
e: file:///Users/jim/work/v2superbikeshed/Trikeshed/src/commonMain/kotlin/borg/trikeshed/net/http/HttpServer.kt:381:24 No value passed for parameter 'status'.
e: file:///Users/jim/work/v2superbikeshed/Trikeshed/src/commonMain/kotlin/borg/trikeshed/net/http/HttpTypes.kt:6:27 Unresolved reference 'Series2'.
e: file:///Users/jim/work/v2superbikeshed/Trikeshed/src/commonMain/kotlin/borg/trikeshed/net/http/HttpTypes.kt:11:24 Redeclaration:
class HttpHeaderName : Any
e: file:///Users/jim/work/v2superbikeshed/Trikeshed/src/commonMain/kotlin/borg/trikeshed/net/http/HttpTypes.kt:12:24 Redeclaration:
class HttpHeaderValue : Any
e: file:///Users/jim/work/v2superbikeshed/Trikeshed/src/commonMain/kotlin/borg/trikeshed/net/http/HttpTypes.kt:13:24 Redeclaration:
class HttpRequestPath : Any
e: file:///Users/jim/work/v2superbikeshed/Trikeshed/src/commonMain/kotlin/borg/trikeshed/net/http/HttpTypes.kt:14:24 Redeclaration:
class HttpStatusCode : Any
e: file:///Users/jim/work/v2superbikeshed/Trikeshed/src/commonMain/kotlin/borg/trikeshed/net/http/HttpTypes.kt:15:24 Redeclaration:
class HttpReasonPhrase : Any
e: file:///Users/jim/work/v2superbikeshed/Trikeshed/src/commonMain/kotlin/borg/trikeshed/net/http/HttpTypes.kt:16:24 Redeclaration:
class HttpVersion : Any
e: file:///Users/jim/work/v2superbikeshed/Trikeshed/src/commonMain/kotlin/borg/trikeshed/net/http/HttpTypes.kt:19:12 Redeclaration:
enum class HttpMethod : Enum<HttpMethod>
e: file:///Users/jim/work/v2superbikeshed/Trikeshed/src/commonMain/kotlin/borg/trikeshed/net/http/HttpTypes.kt:24:12 Redeclaration:
data class HttpRequest : Any
e: file:///Users/jim/work/v2superbikeshed/Trikeshed/src/commonMain/kotlin/borg/trikeshed/net/http/HttpTypes.kt:34:26 Unresolved reference 'size'.
e: file:///Users/jim/work/v2superbikeshed/Trikeshed/src/commonMain/kotlin/borg/trikeshed/net/http/HttpTypes.kt:35:26 Unresolved reference. None of the following candidates is applicable because of a receiver type mismatch:
fun MatchGroupCollection.get(name: String): MatchGroup?
e: file:///Users/jim/work/v2superbikeshed/Trikeshed/src/commonMain/kotlin/borg/trikeshed/net/http/HttpTypes.kt:36:41 Unresolved reference 'a'.
e: file:///Users/jim/work/v2superbikeshed/Trikeshed/src/commonMain/kotlin/borg/trikeshed/net/http/HttpTypes.kt:36:60 Unresolved reference 'b'.
e: file:///Users/jim/work/v2superbikeshed/Trikeshed/src/commonMain/kotlin/borg/trikeshed/net/http/HttpTypes.kt:62:26 Unresolved reference 'Series2'.
e: file:///Users/jim/work/v2superbikeshed/Trikeshed/src/commonMain/kotlin/borg/trikeshed/net/http/HttpTypes.kt:81:12 Redeclaration:
data class HttpResponse : Any
e: file:///Users/jim/work/v2superbikeshed/Trikeshed/src/commonMain/kotlin/borg/trikeshed/net/http/HttpTypes.kt:93:26 Unresolved reference 'size'.
e: file:///Users/jim/work/v2superbikeshed/Trikeshed/src/commonMain/kotlin/borg/trikeshed/net/http/HttpTypes.kt:94:26 Unresolved reference. None of the following candidates is applicable because of a receiver type mismatch:
fun MatchGroupCollection.get(name: String): MatchGroup?
e: file:///Users/jim/work/v2superbikeshed/Trikeshed/src/commonMain/kotlin/borg/trikeshed/net/http/HttpTypes.kt:95:41 Unresolved reference 'a'.
e: file:///Users/jim/work/v2superbikeshed/Trikeshed/src/commonMain/kotlin/borg/trikeshed/net/http/HttpTypes.kt:95:60 Unresolved reference 'b'.
e: file:///Users/jim/work/v2superbikeshed/Trikeshed/src/commonMain/kotlin/borg/trikeshed/net/http/HttpTypes.kt:141:9 Conflicting overloads:
suspend fun HttpRequest.send(): HttpResponse
e: file:///Users/jim/work/v2superbikeshed/Trikeshed/src/commonMain/kotlin/borg/trikeshed/net/http/HttpTypes.kt:144:8 Redeclaration:
object HttpUtils : Any
e: file:///Users/jim/work/v2superbikeshed/Trikeshed/src/commonMain/kotlin/borg/trikeshed/net/http/HttpTypes.kt:155:33 Unresolved reference 'size'.
e: file:///Users/jim/work/v2superbikeshed/Trikeshed/src/commonMain/kotlin/borg/trikeshed/net/http/HttpTypes.kt:156:24 Unresolved reference. None of the following candidates is applicable because of a receiver type mismatch:
fun MatchGroupCollection.get(name: String): MatchGroup?
e: file:///Users/jim/work/v2superbikeshed/Trikeshed/src/commonMain/kotlin/borg/trikeshed/net/http/HttpTypes.kt:157:21 Unresolved reference 'a'.
e: file:///Users/jim/work/v2superbikeshed/Trikeshed/src/commonMain/kotlin/borg/trikeshed/net/http/HttpTypes.kt:157:38 Unresolved reference 'b'.
e: file:///Users/jim/work/v2superbikeshed/Trikeshed/src/commonMain/kotlin/borg/trikeshed/net/quic/QuicClient.kt:19:39 Unresolved reference 'sessionCache'.
e: file:///Users/jim/work/v2superbikeshed/Trikeshed/src/commonMain/kotlin/borg/trikeshed/net/quic/QuicClient.kt:38:22 Unresolved reference 'isAlive'.
e: file:///Users/jim/work/v2superbikeshed/Trikeshed/src/commonMain/kotlin/borg/trikeshed/net/quic/QuicClient.kt:44:13 No parameter with name 'isClient' found.
e: file:///Users/jim/work/v2superbikeshed/Trikeshed/src/commonMain/kotlin/borg/trikeshed/net/quic/QuicClient.kt:46:13 No parameter with name 'ioContext' found.
e: file:///Users/jim/work/v2superbikeshed/Trikeshed/src/commonMain/kotlin/borg/trikeshed/net/quic/QuicClient.kt:46:13 No value passed for parameter 'sessionCache'.
e: file:///Users/jim/work/v2superbikeshed/Trikeshed/src/commonMain/kotlin/borg/trikeshed/net/quic/QuicClient.kt:46:13 No value passed for parameter 'coroutineScope'.
e: file:///Users/jim/work/v2superbikeshed/Trikeshed/src/commonMain/kotlin/borg/trikeshed/net/quic/QuicClient.kt:50:42 Cannot infer type for this parameter. Specify it explicitly.
e: file:///Users/jim/work/v2superbikeshed/Trikeshed/src/commonMain/kotlin/borg/trikeshed/net/quic/QuicClient.kt:50:46 Argument type mismatch: actual type is 'String', but 'Column<T (of fun <T> Join<Int, Function1<Int, Join<Any?, TypeMemento>>>.get)>' was expected.
e: file:///Users/jim/work/v2superbikeshed/Trikeshed/src/commonMain/kotlin/borg/trikeshed/net/quic/QuicClient.kt:50:52 Too many arguments for 'fun <T> Join<Int, Function1<Int, Join<Any?, TypeMemento>>>.get(column: Column<T>): T?'.
e: file:///Users/jim/work/v2superbikeshed/Trikeshed/src/commonMain/kotlin/borg/trikeshed/net/quic/QuicClient.kt:53:28 Unresolved reference 'connect0RTT'.
e: file:///Users/jim/work/v2superbikeshed/Trikeshed/src/commonMain/kotlin/borg/trikeshed/net/quic/QuicClient.kt:62:40 Too many arguments for 'suspend fun connect(serverAddress: String, port: Int): Boolean'.
e: file:///Users/jim/work/v2superbikeshed/Trikeshed/src/commonMain/kotlin/borg/trikeshed/net/quic/QuicClient.kt:65:20 Unresolved reference 'getSession'.
e: file:///Users/jim/work/v2superbikeshed/Trikeshed/src/commonMain/kotlin/borg/trikeshed/net/quic/QuicClient.kt:65:34 Cannot infer type for this parameter. Specify it explicitly.
e: file:///Users/jim/work/v2superbikeshed/Trikeshed/src/commonMain/kotlin/borg/trikeshed/net/quic/QuicClient.kt:65:40 Cannot infer type for this parameter. Specify it explicitly.
e: file:///Users/jim/work/v2superbikeshed/Trikeshed/src/commonMain/kotlin/borg/trikeshed/net/quic/QuicClient.kt:66:26 Unresolved reference 'put'.
e: file:///Users/jim/work/v2superbikeshed/Trikeshed/src/commonMain/kotlin/borg/trikeshed/net/quic/QuicClient.kt:77:27 Unresolved reference 'openBidirectionalStream'.
e: file:///Users/jim/work/v2superbikeshed/Trikeshed/src/commonMain/kotlin/borg/trikeshed/net/quic/QuicClient.kt:84:27 Unresolved reference 'openUnidirectionalStream'.
e: file:///Users/jim/work/v2superbikeshed/Trikeshed/src/commonMain/kotlin/borg/trikeshed/net/quic/QuicClient.kt:95:16 Unresolved reference 'send'.
e: file:///Users/jim/work/v2superbikeshed/Trikeshed/src/commonMain/kotlin/borg/trikeshed/net/quic/QuicClient.kt:113:68 Unresolved reference. None of the following candidates is applicable because of a receiver type mismatch:
fun Join<Int, Function1<Int, Byte>>.toByteArray(): ByteArray
e: file:///Users/jim/work/v2superbikeshed/Trikeshed/src/commonMain/kotlin/borg/trikeshed/net/quic/QuicClient.kt:114:24 Unresolved reference 'send'.
e: file:///Users/jim/work/v2superbikeshed/Trikeshed/src/commonMain/kotlin/borg/trikeshed/net/quic/QuicClient.kt:115:24 Unresolved reference 'send'.
e: file:///Users/jim/work/v2superbikeshed/Trikeshed/src/commonMain/kotlin/borg/trikeshed/net/quic/QuicClient.kt:128:23 Unresolved reference 'receive'.
e: file:///Users/jim/work/v2superbikeshed/Trikeshed/src/commonMain/kotlin/borg/trikeshed/net/quic/QuicClient.kt:139:31 Unresolved reference 'isAlive'.
e: file:///Users/jim/work/v2superbikeshed/Trikeshed/src/commonMain/kotlin/borg/trikeshed/net/quic/QuicClient.kt:140:41 Unresolved reference 'acceptStream'.
e: file:///Users/jim/work/v2superbikeshed/Trikeshed/src/commonMain/kotlin/borg/trikeshed/net/quic/QuicClient.kt:165:27 Unresolved reference 'migrateConnection'.
e: file:///Users/jim/work/v2superbikeshed/Trikeshed/src/commonMain/kotlin/borg/trikeshed/net/quic/QuicClient.kt:173:30 Unresolved reference 'getRTT'.
e: file:///Users/jim/work/v2superbikeshed/Trikeshed/src/commonMain/kotlin/borg/trikeshed/net/quic/QuicClient.kt:174:43 Unresolved reference 'getCongestionWindow'.
e: file:///Users/jim/work/v2superbikeshed/Trikeshed/src/commonMain/kotlin/borg/trikeshed/net/quic/QuicClient.kt:175:40 Unresolved reference 'getBytesInFlight'.
e: file:///Users/jim/work/v2superbikeshed/Trikeshed/src/commonMain/kotlin/borg/trikeshed/net/quic/QuicClient.kt:176:38 Unresolved reference 'getPacketsLost'.
e: file:///Users/jim/work/v2superbikeshed/Trikeshed/src/commonMain/kotlin/borg/trikeshed/net/quic/QuicClient.kt:177:40 Unresolved reference 'getActiveStreamCount'.
e: file:///Users/jim/work/v2superbikeshed/Trikeshed/src/commonMain/kotlin/borg/trikeshed/net/quic/QuicClient.kt:186:24 Too many arguments for 'suspend fun close(): Unit'.
e: file:///Users/jim/work/v2superbikeshed/Trikeshed/src/commonMain/kotlin/borg/trikeshed/net/quic/QuicClient.kt:186:35 Too many arguments for 'suspend fun close(): Unit'.
e: file:///Users/jim/work/v2superbikeshed/Trikeshed/src/commonMain/kotlin/borg/trikeshed/net/quic/QuicClient.kt:205:16 Unresolved reference 'send'.
e: file:///Users/jim/work/v2superbikeshed/Trikeshed/src/commonMain/kotlin/borg/trikeshed/net/quic/QuicClient.kt:207:15 Cannot infer type for this parameter. Specify it explicitly.
e: file:///Users/jim/work/v2superbikeshed/Trikeshed/src/commonMain/kotlin/borg/trikeshed/net/quic/QuicClient.kt:207:28 Unresolved reference 'send'.
e: file:///Users/jim/work/v2superbikeshed/Trikeshed/src/commonMain/kotlin/borg/trikeshed/net/quic/QuicClient.kt:235:14 Unresolved reference. None of the following candidates is applicable because of a receiver type mismatch:
fun Join<Int, Function1<Int, Byte>>.toByteArray(): ByteArray
e: file:///Users/jim/work/v2superbikeshed/Trikeshed/src/commonMain/kotlin/borg/trikeshed/net/quic/QuicClient.kt:267:48 Unresolved reference 'default'.
e: file:///Users/jim/work/v2superbikeshed/Trikeshed/src/commonMain/kotlin/borg/trikeshed/net/quic/QuicClient.kt:303:20 Unresolved reference 'isFinished'.
e: file:///Users/jim/work/v2superbikeshed/Trikeshed/src/commonMain/kotlin/borg/trikeshed/net/quic/QuicClient.kt:347:20 Unresolved reference 'isFinished'.
e: file:///Users/jim/work/v2superbikeshed/Trikeshed/src/commonMain/kotlin/borg/trikeshed/net/quic/QuicProtocol.kt:6:30 Unresolved reference 'json'.
e: file:///Users/jim/work/v2superbikeshed/Trikeshed/src/commonMain/kotlin/borg/trikeshed/net/quic/QuicStream.kt:55:49 Argument type mismatch: actual type is 'Byte?', but 'Byte' was expected.
e: file:///Users/jim/work/v2superbikeshed/Trikeshed/src/commonMain/kotlin/borg/trikeshed/net/quic/QuicStream.kt:55:49 Unresolved reference. None of the following candidates is applicable because of a receiver type mismatch:
fun <T> Join<Int, Function1<Int, Join<Any?, TypeMemento>>>.get(column: Column<T>): T?
e: file:///Users/jim/work/v2superbikeshed/Trikeshed/src/commonMain/kotlin/borg/trikeshed/net/quic/SecureQuicEngine.kt:12:31 Unresolved reference 'CryptoEngine'.
e: file:///Users/jim/work/v2superbikeshed/Trikeshed/src/commonMain/kotlin/borg/trikeshed/net/quic/SecureQuicEngine.kt:17:54 No value passed for parameter 'localConnectionId'.
e: file:///Users/jim/work/v2superbikeshed/Trikeshed/src/commonMain/kotlin/borg/trikeshed/net/quic/SecureQuicEngine.kt:17:54 No value passed for parameter 'remoteConnectionId'.
e: file:///Users/jim/work/v2superbikeshed/Trikeshed/src/commonMain/kotlin/borg/trikeshed/net/quic/SecureQuicEngine.kt:88:26 Unresolved reference 'encrypt'.
e: file:///Users/jim/work/v2superbikeshed/Trikeshed/src/commonMain/kotlin/borg/trikeshed/net/quic/SecureQuicEngine.kt:88:50 Unresolved reference 'EncryptionMode'.
e: file:///Users/jim/work/v2superbikeshed/Trikeshed/src/commonMain/kotlin/borg/trikeshed/net/quic/SecureQuicEngine.kt:112:56 Argument type mismatch: actual type is 'ConnectionId', but 'Join<Int, Function1<Int, Byte>>' was expected.
e: file:///Users/jim/work/v2superbikeshed/Trikeshed/src/commonMain/kotlin/borg/trikeshed/net/quic/SecureQuicEngine.kt:113:51 Argument type mismatch: actual type is 'ConnectionId', but 'Join<Int, Function1<Int, Byte>>' was expected.
e: file:///Users/jim/work/v2superbikeshed/Trikeshed/src/commonMain/kotlin/borg/trikeshed/net/quic/SecureQuicEngine.kt:153:34 Unresolved reference 'decrypt'.
e: file:///Users/jim/work/v2superbikeshed/Trikeshed/src/commonMain/kotlin/borg/trikeshed/net/quic/SecureQuicEngine.kt:153:63 Unresolved reference 'EncryptionMode'.
e: file:///Users/jim/work/v2superbikeshed/Trikeshed/src/commonMain/kotlin/borg/trikeshed/net/quic/SecureQuicEngine.kt:243:52 Argument type mismatch: actual type is 'ConnectionId', but 'Join<Int, Function1<Int, Byte>>' was expected.
e: file:///Users/jim/work/v2superbikeshed/Trikeshed/src/commonMain/kotlin/borg/trikeshed/net/quic/SecureQuicEngine.kt:244:47 Argument type mismatch: actual type is 'ConnectionId', but 'Join<Int, Function1<Int, Byte>>' was expected.
e: file:///Users/jim/work/v2superbikeshed/Trikeshed/src/commonMain/kotlin/borg/trikeshed/net/socks/Socks5Client.kt:46:39 No value passed for parameter 'offset'.
e: file:///Users/jim/work/v2superbikeshed/Trikeshed/src/commonMain/kotlin/borg/trikeshed/net/socks/Socks5Client.kt:46:39 No value passed for parameter 'length'.
e: file:///Users/jim/work/v2superbikeshed/Trikeshed/src/commonMain/kotlin/borg/trikeshed/net/socks/Socks5Client.kt:173:23 Suspend function 'expect suspend fun close(): Unit' can only be called from a coroutine or another suspend function.
e: file:///Users/jim/work/v2superbikeshed/Trikeshed/src/commonMain/kotlin/borg/trikeshed/net/socks/Socks5Client.kt:199:34 Unresolved reference. None of the following candidates is applicable because of a receiver type mismatch:
fun Join<Int, Function1<Int, Byte>>.toByteArray(): ByteArray
e: file:///Users/jim/work/v2superbikeshed/Trikeshed/src/commonMain/kotlin/borg/trikeshed/net/socks/Socks5Client.kt:200:34 Unresolved reference. None of the following candidates is applicable because of a receiver type mismatch:
fun Join<Int, Function1<Int, Byte>>.toByteArray(): ByteArray
e: file:///Users/jim/work/v2superbikeshed/Trikeshed/src/commonMain/kotlin/borg/trikeshed/net/socks/Socks5Client.kt:209:9 Unresolved reference 'System'.
e: file:///Users/jim/work/v2superbikeshed/Trikeshed/src/commonMain/kotlin/borg/trikeshed/net/socks/Socks5Client.kt:211:9 Unresolved reference 'System'.
e: file:///Users/jim/work/v2superbikeshed/Trikeshed/src/commonMain/kotlin/borg/trikeshed/net/socks/Socks5Client.kt:217:39 No value passed for parameter 'offset'.
e: file:///Users/jim/work/v2superbikeshed/Trikeshed/src/commonMain/kotlin/borg/trikeshed/net/socks/Socks5Client.kt:217:39 No value passed for parameter 'length'.
e: file:///Users/jim/work/v2superbikeshed/Trikeshed/src/commonMain/kotlin/borg/trikeshed/net/socks/Socks5Client.kt:244:30 Unresolved reference. None of the following candidates is applicable because of a receiver type mismatch:
fun Join<Int, Function1<Int, Byte>>.toByteArray(): ByteArray
e: file:///Users/jim/work/v2superbikeshed/Trikeshed/src/commonMain/kotlin/borg/trikeshed/net/socks/Socks5Client.kt:252:9 Unresolved reference 'System'.
e: file:///Users/jim/work/v2superbikeshed/Trikeshed/src/commonMain/kotlin/borg/trikeshed/net/socks/Socks5Client.kt:261:39 No value passed for parameter 'offset'.
e: file:///Users/jim/work/v2superbikeshed/Trikeshed/src/commonMain/kotlin/borg/trikeshed/net/socks/Socks5Client.kt:261:39 No value passed for parameter 'length'.
e: file:///Users/jim/work/v2superbikeshed/Trikeshed/src/commonMain/kotlin/borg/trikeshed/net/socks/Socks5Client.kt:277:36 No value passed for parameter 'offset'.
e: file:///Users/jim/work/v2superbikeshed/Trikeshed/src/commonMain/kotlin/borg/trikeshed/net/socks/Socks5Client.kt:277:36 No value passed for parameter 'length'.
e: file:///Users/jim/work/v2superbikeshed/Trikeshed/src/commonMain/kotlin/borg/trikeshed/net/socks/Socks5Client.kt:279:36 No value passed for parameter 'offset'.
e: file:///Users/jim/work/v2superbikeshed/Trikeshed/src/commonMain/kotlin/borg/trikeshed/net/socks/Socks5Client.kt:279:36 No value passed for parameter 'length'.
e: file:///Users/jim/work/v2superbikeshed/Trikeshed/src/commonMain/kotlin/borg/trikeshed/net/socks/Socks5Client.kt:286:36 No value passed for parameter 'offset'.
e: file:///Users/jim/work/v2superbikeshed/Trikeshed/src/commonMain/kotlin/borg/trikeshed/net/socks/Socks5Client.kt:286:36 No value passed for parameter 'length'.
e: file:///Users/jim/work/v2superbikeshed/Trikeshed/src/commonMain/kotlin/borg/trikeshed/net/socks/Socks5Client.kt:289:36 No value passed for parameter 'offset'.
e: file:///Users/jim/work/v2superbikeshed/Trikeshed/src/commonMain/kotlin/borg/trikeshed/net/socks/Socks5Client.kt:289:36 No value passed for parameter 'length'.
e: file:///Users/jim/work/v2superbikeshed/Trikeshed/src/commonMain/kotlin/borg/trikeshed/net/socks/Socks5Client.kt:291:36 No value passed for parameter 'offset'.
e: file:///Users/jim/work/v2superbikeshed/Trikeshed/src/commonMain/kotlin/borg/trikeshed/net/socks/Socks5Client.kt:291:36 No value passed for parameter 'length'.
e: file:///Users/jim/work/v2superbikeshed/Trikeshed/src/commonMain/kotlin/borg/trikeshed/net/socks/Socks5Client.kt:293:17 'fun String(chars: CharArray): String' is deprecated. Use CharArray.concatToString() instead.
e: file:///Users/jim/work/v2superbikeshed/Trikeshed/src/commonMain/kotlin/borg/trikeshed/net/socks/Socks5Client.kt:293:24 Argument type mismatch: actual type is 'ByteArray', but 'CharArray' was expected.
e: file:///Users/jim/work/v2superbikeshed/Trikeshed/src/commonMain/kotlin/borg/trikeshed/net/socks/Socks5Client.kt:298:36 No value passed for parameter 'offset'.
e: file:///Users/jim/work/v2superbikeshed/Trikeshed/src/commonMain/kotlin/borg/trikeshed/net/socks/Socks5Client.kt:298:36 No value passed for parameter 'length'.
e: file:///Users/jim/work/v2superbikeshed/Trikeshed/src/commonMain/kotlin/borg/trikeshed/net/socks/Socks5Client.kt:300:36 No value passed for parameter 'offset'.
e: file:///Users/jim/work/v2superbikeshed/Trikeshed/src/commonMain/kotlin/borg/trikeshed/net/socks/Socks5Client.kt:300:36 No value passed for parameter 'length'.
e: file:///Users/jim/work/v2superbikeshed/Trikeshed/src/commonMain/kotlin/borg/trikeshed/net/socks/Socks5Client.kt:347:56 No value passed for parameter 'offset'.
e: file:///Users/jim/work/v2superbikeshed/Trikeshed/src/commonMain/kotlin/borg/trikeshed/net/socks/Socks5Client.kt:347:56 No value passed for parameter 'length'.
e: file:///Users/jim/work/v2superbikeshed/Trikeshed/src/commonMain/kotlin/borg/trikeshed/net/socks/Socks5Client.kt:348:27 Suspend function 'expect suspend fun close(): Unit' can only be called from a coroutine or another suspend function.
e: file:///Users/jim/work/v2superbikeshed/Trikeshed/src/commonMain/kotlin/borg/trikeshed/net/socks/Socks5Client.kt:362:33 No value passed for parameter 'offset'.
e: file:///Users/jim/work/v2superbikeshed/Trikeshed/src/commonMain/kotlin/borg/trikeshed/net/socks/Socks5Client.kt:362:33 No value passed for parameter 'length'.
e: file:///Users/jim/work/v2superbikeshed/Trikeshed/src/commonMain/kotlin/borg/trikeshed/net/socks/Socks5Client.kt:367:27 Suspend function 'expect suspend fun close(): Unit' can only be called from a coroutine or another suspend function.
e: file:///Users/jim/work/v2superbikeshed/Trikeshed/src/commonMain/kotlin/borg/trikeshed/net/socks/Socks5Client.kt:394:20 Suspend function 'expect suspend fun close(): Unit' can only be called from a coroutine or another suspend function.
e: file:///Users/jim/work/v2superbikeshed/Trikeshed/src/commonMain/kotlin/borg/trikeshed/net/socks/Socks5Client.kt:400:30 Unresolved reference. None of the following candidates is applicable because of a receiver type mismatch:
fun Join<Int, Function1<Int, Byte>>.toByteArray(): ByteArray
e: file:///Users/jim/work/v2superbikeshed/Trikeshed/src/commonMain/kotlin/borg/trikeshed/net/socks/Socks5Client.kt:408:9 Unresolved reference 'System'.
e: file:///Users/jim/work/v2superbikeshed/Trikeshed/src/commonMain/kotlin/borg/trikeshed/net/socks/Socks5Server.kt:15:33 Unresolved reference 'Socks5Protocol'.
e: file:///Users/jim/work/v2superbikeshed/Trikeshed/src/commonMain/kotlin/borg/trikeshed/net/socks/Socks5Server.kt:198:16 None of the following candidates is applicable:
val CoroutineScope.isActive: Boolean
val CoroutineContext.isActive: Boolean
val FlowCollector<*>.isActive: Boolean
e: file:///Users/jim/work/v2superbikeshed/Trikeshed/src/commonMain/kotlin/borg/trikeshed/net/socks/Socks5Server.kt:202:65 Unresolved reference 'fd'.
e: file:///Users/jim/work/v2superbikeshed/Trikeshed/src/commonMain/kotlin/borg/trikeshed/net/socks/Socks5Server.kt:241:21 None of the following candidates is applicable:
val CoroutineScope.isActive: Boolean
val CoroutineContext.isActive: Boolean
val FlowCollector<*>.isActive: Boolean
e: file:///Users/jim/work/v2superbikeshed/Trikeshed/src/commonMain/kotlin/borg/trikeshed/net/socks/Socks5Server.kt:294:24 Unresolved reference 'VERSION'.
e: file:///Users/jim/work/v2superbikeshed/Trikeshed/src/commonMain/kotlin/borg/trikeshed/net/socks/Socks5Server.kt:296:42 Unresolved reference 'Methods'.
e: file:///Users/jim/work/v2superbikeshed/Trikeshed/src/commonMain/kotlin/borg/trikeshed/net/socks/Socks5Server.kt:297:13 'return' is prohibited here.
e: file:///Users/jim/work/v2superbikeshed/Trikeshed/src/commonMain/kotlin/borg/trikeshed/net/socks/Socks5Server.kt:301:65 Too many arguments for 'suspend fun read(buffer: ByteArray): Int'.
e: file:///Users/jim/work/v2superbikeshed/Trikeshed/src/commonMain/kotlin/borg/trikeshed/net/socks/Socks5Server.kt:301:68 Too many arguments for 'suspend fun read(buffer: ByteArray): Int'.
e: file:///Users/jim/work/v2superbikeshed/Trikeshed/src/commonMain/kotlin/borg/trikeshed/net/socks/Socks5Server.kt:304:13 'return' is prohibited here.
e: file:///Users/jim/work/v2superbikeshed/Trikeshed/src/commonMain/kotlin/borg/trikeshed/net/socks/Socks5Server.kt:310:34 Unresolved reference 'Methods'.
e: file:///Users/jim/work/v2superbikeshed/Trikeshed/src/commonMain/kotlin/borg/trikeshed/net/socks/Socks5Server.kt:318:42 Unresolved reference 'Methods'.
e: file:///Users/jim/work/v2superbikeshed/Trikeshed/src/commonMain/kotlin/borg/trikeshed/net/socks/Socks5Server.kt:319:13 'return' is prohibited here.
e: file:///Users/jim/work/v2superbikeshed/Trikeshed/src/commonMain/kotlin/borg/trikeshed/net/socks/Socks5Server.kt:323:38 Unresolved reference 'Methods'.
e: file:///Users/jim/work/v2superbikeshed/Trikeshed/src/commonMain/kotlin/borg/trikeshed/net/socks/Socks5Server.kt:325:9 'return' is prohibited here.
e: file:///Users/jim/work/v2superbikeshed/Trikeshed/src/commonMain/kotlin/borg/trikeshed/net/socks/Socks5Server.kt:332:36 Unresolved reference 'VERSION'.
e: file:///Users/jim/work/v2superbikeshed/Trikeshed/src/commonMain/kotlin/borg/trikeshed/net/socks/Socks5Server.kt:343:58 Too many arguments for 'suspend fun read(buffer: ByteArray): Int'.
e: file:///Users/jim/work/v2superbikeshed/Trikeshed/src/commonMain/kotlin/borg/trikeshed/net/socks/Socks5Server.kt:343:61 Too many arguments for 'suspend fun read(buffer: ByteArray): Int'.
e: file:///Users/jim/work/v2superbikeshed/Trikeshed/src/commonMain/kotlin/borg/trikeshed/net/socks/Socks5Server.kt:346:35 Unresolved reference 'ReplyCodes'.
e: file:///Users/jim/work/v2superbikeshed/Trikeshed/src/commonMain/kotlin/borg/trikeshed/net/socks/Socks5Server.kt:355:24 Unresolved reference 'VERSION'.
e: file:///Users/jim/work/v2superbikeshed/Trikeshed/src/commonMain/kotlin/borg/trikeshed/net/socks/Socks5Server.kt:357:35 Unresolved reference 'ReplyCodes'.
e: file:///Users/jim/work/v2superbikeshed/Trikeshed/src/commonMain/kotlin/borg/trikeshed/net/socks/Socks5Server.kt:365:35 Unresolved reference 'ReplyCodes'.
e: file:///Users/jim/work/v2superbikeshed/Trikeshed/src/commonMain/kotlin/borg/trikeshed/net/socks/Socks5Server.kt:371:13 Unresolved reference 'Commands'.
e: file:///Users/jim/work/v2superbikeshed/Trikeshed/src/commonMain/kotlin/borg/trikeshed/net/socks/Socks5Server.kt:372:13 Unresolved reference 'Commands'.
e: file:///Users/jim/work/v2superbikeshed/Trikeshed/src/commonMain/kotlin/borg/trikeshed/net/socks/Socks5Server.kt:373:13 Unresolved reference 'Commands'.
e: file:///Users/jim/work/v2superbikeshed/Trikeshed/src/commonMain/kotlin/borg/trikeshed/net/socks/Socks5Server.kt:376:39 Unresolved reference 'ReplyCodes'.
e: file:///Users/jim/work/v2superbikeshed/Trikeshed/src/commonMain/kotlin/borg/trikeshed/net/socks/Socks5Server.kt:393:33 Unresolved reference 'createClientChannel'.
e: file:///Users/jim/work/v2superbikeshed/Trikeshed/src/commonMain/kotlin/borg/trikeshed/net/socks/Socks5Server.kt:400:35 Unresolved reference 'ReplyCodes'.
e: file:///Users/jim/work/v2superbikeshed/Trikeshed/src/commonMain/kotlin/borg/trikeshed/net/socks/Socks5Server.kt:408:21 Unresolved reference 'ReplyCodes'.
e: file:///Users/jim/work/v2superbikeshed/Trikeshed/src/commonMain/kotlin/borg/trikeshed/net/socks/Socks5Server.kt:410:21 Unresolved reference 'ReplyCodes'.
e: file:///Users/jim/work/v2superbikeshed/Trikeshed/src/commonMain/kotlin/borg/trikeshed/net/socks/Socks5Server.kt:411:25 Unresolved reference 'ReplyCodes'.
e: file:///Users/jim/work/v2superbikeshed/Trikeshed/src/commonMain/kotlin/borg/trikeshed/net/socks/Socks5Server.kt:429:31 Unresolved reference 'createServerChannel'.
e: file:///Users/jim/work/v2superbikeshed/Trikeshed/src/commonMain/kotlin/borg/trikeshed/net/socks/Socks5Server.kt:437:35 Unresolved reference 'ReplyCodes'.
e: file:///Users/jim/work/v2superbikeshed/Trikeshed/src/commonMain/kotlin/borg/trikeshed/net/socks/Socks5Server.kt:450:43 Unresolved reference 'ReplyCodes'.
e: file:///Users/jim/work/v2superbikeshed/Trikeshed/src/commonMain/kotlin/borg/trikeshed/net/socks/Socks5Server.kt:457:43 Unresolved reference 'ReplyCodes'.
e: file:///Users/jim/work/v2superbikeshed/Trikeshed/src/commonMain/kotlin/borg/trikeshed/net/socks/Socks5Server.kt:463:35 Unresolved reference 'ReplyCodes'.
e: file:///Users/jim/work/v2superbikeshed/Trikeshed/src/commonMain/kotlin/borg/trikeshed/net/socks/Socks5Server.kt:479:30 Unresolved reference 'createUdpChannel'.
e: file:///Users/jim/work/v2superbikeshed/Trikeshed/src/commonMain/kotlin/borg/trikeshed/net/socks/Socks5Server.kt:487:35 Unresolved reference 'ReplyCodes'.
e: file:///Users/jim/work/v2superbikeshed/Trikeshed/src/commonMain/kotlin/borg/trikeshed/net/socks/Socks5Server.kt:496:35 Unresolved reference 'ReplyCodes'.
e: file:///Users/jim/work/v2superbikeshed/Trikeshed/src/commonMain/kotlin/borg/trikeshed/net/socks/Socks5Server.kt:550:20 None of the following candidates is applicable:
val CoroutineScope.isActive: Boolean
val CoroutineContext.isActive: Boolean
val FlowCollector<*>.isActive: Boolean
e: file:///Users/jim/work/v2superbikeshed/Trikeshed/src/commonMain/kotlin/borg/trikeshed/net/socks/Socks5Server.kt:600:22 Unresolved reference 'VERSION'.
e: file:///Users/jim/work/v2superbikeshed/Trikeshed/src/commonMain/kotlin/borg/trikeshed/net/socks/Socks5Server.kt:608:30 Unresolved reference 'AddressTypes'.
e: file:///Users/jim/work/v2superbikeshed/Trikeshed/src/commonMain/kotlin/borg/trikeshed/net/socks/Socks5Server.kt:614:30 Unresolved reference 'AddressTypes'.
e: file:///Users/jim/work/v2superbikeshed/Trikeshed/src/commonMain/kotlin/borg/trikeshed/net/socks/Socks5Server.kt:621:30 Unresolved reference 'AddressTypes'.
e: file:///Users/jim/work/v2superbikeshed/Trikeshed/src/commonMain/kotlin/borg/trikeshed/net/socks/Socks5Server.kt:622:42 Unresolved reference. None of the following candidates is applicable because of a receiver type mismatch:
fun Join<Int, Function1<Int, Byte>>.toByteArray(): ByteArray
e: file:///Users/jim/work/v2superbikeshed/Trikeshed/src/commonMain/kotlin/borg/trikeshed/net/socks/Socks5Server.kt:646:13 Unresolved reference 'AddressTypes'.
e: file:///Users/jim/work/v2superbikeshed/Trikeshed/src/commonMain/kotlin/borg/trikeshed/net/socks/Socks5Server.kt:655:13 Unresolved reference 'AddressTypes'.
e: file:///Users/jim/work/v2superbikeshed/Trikeshed/src/commonMain/kotlin/borg/trikeshed/net/socks/Socks5Server.kt:660:28 'fun String(chars: CharArray, offset: Int, length: Int): String' is deprecated. Use CharArray.concatToString(startIndex, endIndex) instead.
e: file:///Users/jim/work/v2superbikeshed/Trikeshed/src/commonMain/kotlin/borg/trikeshed/net/socks/Socks5Server.kt:660:35 Argument type mismatch: actual type is 'ByteArray', but 'CharArray' was expected.
e: file:///Users/jim/work/v2superbikeshed/Trikeshed/src/commonMain/kotlin/borg/trikeshed/net/socks/Socks5Server.kt:664:13 Unresolved reference 'AddressTypes'.
e: file:///Users/jim/work/v2superbikeshed/Trikeshed/src/commonMain/kotlin/borg/trikeshed/net/socks/Socks5Server.kt:685:13 Argument type mismatch: actual type is 'Pair<A (of fun <A, B> A.to), B (of fun <A, B> A.to)>', but 'K (of fun <K> WHEN_CALL)' was expected.
e: file:///Users/jim/work/v2superbikeshed/Trikeshed/src/commonMain/kotlin/borg/trikeshed/net/socks/Socks5Server.kt:685:42 Cannot infer type for this parameter. Specify it explicitly.
e: file:///Users/jim/work/v2superbikeshed/Trikeshed/src/commonMain/kotlin/borg/trikeshed/net/socks/Socks5Server.kt:685:42 Unresolved reference. None of the following candidates is applicable because of a receiver type mismatch:
fun <A, B> A.to(that: B): Pair<A, B>
e: file:///Users/jim/work/v2superbikeshed/Trikeshed/src/commonMain/kotlin/borg/trikeshed/net/socks/Socks5Server.kt:687:13 Argument type mismatch: actual type is 'Pair<String, Int>', but 'K (of fun <K> WHEN_CALL)' was expected.
e: file:///Users/jim/work/v2superbikeshed/Trikeshed/src/commonMain/kotlin/borg/trikeshed/net/socks/Socks5Server.kt:725:26 Unresolved reference 'System'.
e: file:///Users/jim/work/v2superbikeshed/Trikeshed/src/commonMain/kotlin/borg/trikeshed/net/socks/Socks5Server.kt:725:57 Unresolved reference 'Math'.
e: file:///Users/jim/work/v2superbikeshed/Trikeshed/src/commonMain/kotlin/borg/trikeshed/net/socks/Socks5Server.kt:725:80 None of the following candidates is applicable:
fun String.toInt(): Int
fun String.toInt(radix: Int): Int
fun Iterable<RegexOption>.toInt(): Int
e: file:///Users/jim/work/v2superbikeshed/Trikeshed/src/commonMain/kotlin/borg/trikeshed/net/socks/Socks5Server.kt:734:23 Unresolved reference 'submitBatch'.
e: file:///Users/jim/work/v2superbikeshed/Trikeshed/src/commonMain/kotlin/borg/trikeshed/net/socks/Socks5Server.kt:737:37 Unresolved reference 'waitCompletions'.
e: file:///Users/jim/work/v2superbikeshed/Trikeshed/src/commonMain/kotlin/borg/trikeshed/net/socks/Socks5Server.kt:769:43 Unresolved reference 'fd'.
e: file:///Users/jim/work/v2superbikeshed/Trikeshed/src/commonMain/kotlin/borg/trikeshed/net/socks/Socks5Server.kt:778:54 Smart cast to 'AsyncChannel' is impossible, because 'targetChannel' is a mutable property that could be mutated concurrently.
e: file:///Users/jim/work/v2superbikeshed/Trikeshed/src/commonMain/kotlin/borg/trikeshed/net/socks/Socks5Server.kt:791:67 Unresolved reference 'fd'.
e: file:///Users/jim/work/v2superbikeshed/Trikeshed/src/commonMain/kotlin/borg/trikeshed/net/socks/Socks5Server.kt:792:36 Unresolved reference 'context'.
e: file:///Users/jim/work/v2superbikeshed/Trikeshed/src/commonMain/kotlin/borg/trikeshed/net/socks/Socks5Server.kt:796:46 Unresolved reference 'fd'.
e: file:///Users/jim/work/v2superbikeshed/Trikeshed/src/commonMain/kotlin/borg/trikeshed/net/socks/Socks5Server.kt:796:68 Too many arguments for 'constructor(fd: Int, buffer: ByteArray, offset: Long): SqeOp.Write'.
e: file:///Users/jim/work/v2superbikeshed/Trikeshed/src/commonMain/kotlin/borg/trikeshed/net/socks/Socks5Server.kt:797:20 Unresolved reference 'context'.
e: file:///Users/jim/work/v2superbikeshed/Trikeshed/src/commonMain/kotlin/borg/trikeshed/net/socks/Socks5Server.kt:807:17 Conflicting declarations:
val fd: Int
e: file:///Users/jim/work/v2superbikeshed/Trikeshed/src/commonMain/kotlin/borg/trikeshed/net/socks/Socks5Server.kt:812:24 Overload resolution ambiguity between candidates:
val fd: Int
val fd: Int
e: file:///Users/jim/work/v2superbikeshed/Trikeshed/src/commonMain/kotlin/borg/trikeshed/net/socks/Socks5Server.kt:814:24 Unresolved reference 'submitAndWait'.
e: file:///Users/jim/work/v2superbikeshed/Trikeshed/src/commonMain/kotlin/borg/trikeshed/net/socks/Socks5Server.kt:819:25 Overload resolution ambiguity between candidates:
val fd: Int
val fd: Int
e: file:///Users/jim/work/v2superbikeshed/Trikeshed/src/commonMain/kotlin/borg/trikeshed/net/socks/Socks5Server.kt:821:24 Unresolved reference 'submitAndWait'.
e: file:///Users/jim/work/v2superbikeshed/Trikeshed/src/commonMain/kotlin/borg/trikeshed/net/socks/Socks5Server.kt:824:55 Unresolved reference 'getLocalAddress'.
e: file:///Users/jim/work/v2superbikeshed/Trikeshed/src/commonMain/kotlin/borg/trikeshed/net/socks/Socks5Server.kt:824:71 Overload resolution ambiguity between candidates:
val fd: Int
val fd: Int
e: file:///Users/jim/work/v2superbikeshed/Trikeshed/src/commonMain/kotlin/borg/trikeshed/net/socks/Socks5Server.kt:825:56 Unresolved reference 'getRemoteAddress'.
e: file:///Users/jim/work/v2superbikeshed/Trikeshed/src/commonMain/kotlin/borg/trikeshed/net/socks/Socks5Server.kt:825:73 Overload resolution ambiguity between candidates:
val fd: Int
val fd: Int
e: file:///Users/jim/work/v2superbikeshed/Trikeshed/src/commonMain/kotlin/borg/trikeshed/net/socks/Socks5Server.kt:826:50 Unresolved reference 'isOpen'.
e: file:///Users/jim/work/v2superbikeshed/Trikeshed/src/commonMain/kotlin/borg/trikeshed/net/socks/Socks5Server.kt:826:57 Overload resolution ambiguity between candidates:
val fd: Int
val fd: Int
e: file:///Users/jim/work/v2superbikeshed/Trikeshed/src/commonMain/kotlin/borg/trikeshed/net/socks/Socks5Server.kt:828:36 Unresolved reference 'close'.
e: file:///Users/jim/work/v2superbikeshed/Trikeshed/src/commonMain/kotlin/borg/trikeshed/net/socks/Socks5Server.kt:828:42 Overload resolution ambiguity between candidates:
val fd: Int
val fd: Int
e: file:///Users/jim/work/v2superbikeshed/Trikeshed/src/commonMain/kotlin/borg/trikeshed/net/socks/Socks5Server.kt:830:9 Conflicting declarations:
val fd: Int
e: file:///Users/jim/work/v2superbikeshed/Trikeshed/src/commonMain/kotlin/borg/trikeshed/net/socks/Socks5Server.kt:830:25 Overload resolution ambiguity between candidates:
val fd: Int
val fd: Int
e: file:///Users/jim/work/v2superbikeshed/Trikeshed/src/commonMain/kotlin/borg/trikeshed/net/socks/Socks5Server.kt:837:5 This type is final, so it cannot be extended.
e: file:///Users/jim/work/v2superbikeshed/Trikeshed/src/commonMain/kotlin/borg/trikeshed/net/socks/Socks5Server.kt:837:26 Unresolved reference 'createServerSocket'.
e: file:///Users/jim/work/v2superbikeshed/Trikeshed/src/commonMain/kotlin/borg/trikeshed/net/socks/Socks5Server.kt:840:22 Cannot access 'val context: IOContext.UringContext': it is private in 'borg/trikeshed/net/socks/UringChannel'.
e: file:///Users/jim/work/v2superbikeshed/Trikeshed/src/commonMain/kotlin/borg/trikeshed/net/socks/Socks5Server.kt:840:30 Unresolved reference 'submitAndWait'.
e: file:///Users/jim/work/v2superbikeshed/Trikeshed/src/commonMain/kotlin/borg/trikeshed/net/socks/Socks5Server.kt:841:42 Cannot access 'val context: IOContext.UringContext': it is private in 'borg/trikeshed/net/socks/UringChannel'.
e: file:///Users/jim/work/v2superbikeshed/Trikeshed/src/commonMain/kotlin/borg/trikeshed/net/socks/Socks5Server.kt:849:5 This type is final, so it cannot be extended.
e: file:///Users/jim/work/v2superbikeshed/Trikeshed/src/commonMain/kotlin/borg/trikeshed/net/socks/Socks5Server.kt:849:26 Unresolved reference 'createSocket'.
e: file:///Users/jim/work/v2superbikeshed/Trikeshed/src/commonMain/kotlin/borg/trikeshed/net/socks/Socks5Server.kt:852:9 Cannot infer type for this parameter. Specify it explicitly.
e: file:///Users/jim/work/v2superbikeshed/Trikeshed/src/commonMain/kotlin/borg/trikeshed/net/socks/Socks5Server.kt:854:21 Unresolved reference 'submitAndWait'.
e: file:///Users/jim/work/v2superbikeshed/Trikeshed/src/commonMain/kotlin/borg/trikeshed/net/socks/Socks5Server.kt:861:5 This type is final, so it cannot be extended.
e: file:///Users/jim/work/v2superbikeshed/Trikeshed/src/commonMain/kotlin/borg/trikeshed/net/socks/Socks5Server.kt:861:26 Unresolved reference 'createUdpSocket'.
e: file:///Users/jim/work/v2superbikeshed/Trikeshed/src/commonMain/kotlin/borg/trikeshed/net/socks/Socks5ServerExtensions.kt:19:25 Argument type mismatch: actual type is 'ByteArray', but 'ByteArray' was expected.
e: file:///Users/jim/work/v2superbikeshed/Trikeshed/src/commonMain/kotlin/borg/trikeshed/net/socks/Socks5ServerExtensions.kt:19:25 No value passed for parameter 'offset'.
e: file:///Users/jim/work/v2superbikeshed/Trikeshed/src/commonMain/kotlin/borg/trikeshed/net/socks/Socks5ServerExtensions.kt:19:25 No value passed for parameter 'length'.
e: file:///Users/jim/work/v2superbikeshed/Trikeshed/src/commonMain/kotlin/borg/trikeshed/net/socks/Socks5ServerExtensions.kt:21:13 Unresolved reference 'System'.
e: file:///Users/jim/work/v2superbikeshed/Trikeshed/src/commonMain/kotlin/borg/trikeshed/net/socks/Socks5ServerExtensions.kt:71:52 Argument type mismatch: actual type is 'IOContext', but 'IOContext.UringContext' was expected.
e: file:///Users/jim/work/v2superbikeshed/Trikeshed/src/commonMain/kotlin/borg/trikeshed/net/socks/Socks5ServerExtensions.kt:109:9 None of the following candidates is applicable:
fun Join<Int, Function1<Int, RowVec>>.select(vararg indices: Int): Join<Int, Function1<Int, RowVec>>
fun Join<Int, Function1<Int, RowVec>>.select(vararg names: String): Join<Int, Function1<Int, RowVec>>
e: file:///Users/jim/work/v2superbikeshed/Trikeshed/src/commonMain/kotlin/borg/trikeshed/net/socks/Socks5ServerExtensions.kt:110:28 Cannot infer type for this parameter. Specify it explicitly.
e: file:///Users/jim/work/v2superbikeshed/Trikeshed/src/commonMain/kotlin/borg/trikeshed/net/socks/Socks5ServerExtensions.kt:110:35 Passing value as a vararg is allowed only inside a parenthesized argument list.
e: file:///Users/jim/work/v2superbikeshed/Trikeshed/src/commonMain/kotlin/borg/trikeshed/net/socks/Socks5ServerExtensions.kt:111:28 Cannot infer type for this parameter. Specify it explicitly.
e: file:///Users/jim/work/v2superbikeshed/Trikeshed/src/commonMain/kotlin/borg/trikeshed/net/socks/Socks5ServerExtensions.kt:111:35 Passing value as a vararg is allowed only inside a parenthesized argument list.
e: file:///Users/jim/work/v2superbikeshed/Trikeshed/src/commonMain/kotlin/borg/trikeshed/net/ssh/SSHParser.kt:7:27 Unresolved reference 'toUInt'.
e: file:///Users/jim/work/v2superbikeshed/Trikeshed/src/commonMain/kotlin/borg/trikeshed/net/ssh/SSHParser.kt:8:39 Unresolved reference 'UnaryOperator'.
e: file:///Users/jim/work/v2superbikeshed/Trikeshed/src/commonMain/kotlin/borg/trikeshed/net/ssh/SSHParser.kt:14:22 Unresolved reference. None of the following candidates is applicable because of a receiver type mismatch:
fun MatchGroupCollection.get(name: String): MatchGroup?
e: file:///Users/jim/work/v2superbikeshed/Trikeshed/src/commonMain/kotlin/borg/trikeshed/net/ssh/SSHParser.kt:14:28 None of the following candidates is applicable:
fun Byte.toUInt(): UInt
fun Short.toUInt(): UInt
fun Int.toUInt(): UInt
fun Long.toUInt(): UInt
fun Float.toUInt(): UInt
fun Double.toUInt(): UInt
fun String.toUInt(): UInt
fun String.toUInt(radix: Int): UInt
e: file:///Users/jim/work/v2superbikeshed/Trikeshed/src/commonMain/kotlin/borg/trikeshed/net/ssh/SSHParser.kt:14:37 Unresolved reference 'shl'.
e: file:///Users/jim/work/v2superbikeshed/Trikeshed/src/commonMain/kotlin/borg/trikeshed/net/ssh/SSHParser.kt:15:19 Unresolved reference. None of the following candidates is applicable because of a receiver type mismatch:
fun MatchGroupCollection.get(name: String): MatchGroup?
e: file:///Users/jim/work/v2superbikeshed/Trikeshed/src/commonMain/kotlin/borg/trikeshed/net/ssh/SSHParser.kt:15:25 None of the following candidates is applicable:
fun Byte.toUInt(): UInt
fun Short.toUInt(): UInt
fun Int.toUInt(): UInt
fun Long.toUInt(): UInt
fun Float.toUInt(): UInt
fun Double.toUInt(): UInt
fun String.toUInt(): UInt
fun String.toUInt(radix: Int): UInt
e: file:///Users/jim/work/v2superbikeshed/Trikeshed/src/commonMain/kotlin/borg/trikeshed/net/ssh/SSHParser.kt:15:34 Unresolved reference 'shl'.
e: file:///Users/jim/work/v2superbikeshed/Trikeshed/src/commonMain/kotlin/borg/trikeshed/net/ssh/SSHParser.kt:16:19 Unresolved reference. None of the following candidates is applicable because of a receiver type mismatch:
fun MatchGroupCollection.get(name: String): MatchGroup?
e: file:///Users/jim/work/v2superbikeshed/Trikeshed/src/commonMain/kotlin/borg/trikeshed/net/ssh/SSHParser.kt:16:25 None of the following candidates is applicable:
fun Byte.toUInt(): UInt
fun Short.toUInt(): UInt
fun Int.toUInt(): UInt
fun Long.toUInt(): UInt
fun Float.toUInt(): UInt
fun Double.toUInt(): UInt
fun String.toUInt(): UInt
fun String.toUInt(radix: Int): UInt
e: file:///Users/jim/work/v2superbikeshed/Trikeshed/src/commonMain/kotlin/borg/trikeshed/net/ssh/SSHParser.kt:16:34 Unresolved reference 'shl'.
e: file:///Users/jim/work/v2superbikeshed/Trikeshed/src/commonMain/kotlin/borg/trikeshed/net/ssh/SSHParser.kt:17:18 Unresolved reference. None of the following candidates is applicable because of a receiver type mismatch:
fun MatchGroupCollection.get(name: String): MatchGroup?
e: file:///Users/jim/work/v2superbikeshed/Trikeshed/src/commonMain/kotlin/borg/trikeshed/net/ssh/SSHParser.kt:17:24 None of the following candidates is applicable:
fun Byte.toUInt(): UInt
fun Short.toUInt(): UInt
fun Int.toUInt(): UInt
fun Long.toUInt(): UInt
fun Float.toUInt(): UInt
fun Double.toUInt(): UInt
fun String.toUInt(): UInt
fun String.toUInt(radix: Int): UInt
e: file:///Users/jim/work/v2superbikeshed/Trikeshed/src/commonMain/kotlin/borg/trikeshed/net/ssh/SSHParser.kt:24:12 Return type mismatch: expected 'Byte?', actual 'MatchGroup?'.
e: file:///Users/jim/work/v2superbikeshed/Trikeshed/src/commonMain/kotlin/borg/trikeshed/net/ssh/SSHParser.kt:24:17 Unresolved reference. None of the following candidates is applicable because of a receiver type mismatch:
fun MatchGroupCollection.get(name: String): MatchGroup?
e: file:///Users/jim/work/v2superbikeshed/Trikeshed/src/commonMain/kotlin/borg/trikeshed/net/ssh/SSHParser.kt:30:22 None of the following candidates is applicable:
fun <T> Array<out T>.slice(indices: IntRange): List<T>
fun ByteArray.slice(indices: IntRange): List<Byte>
fun ShortArray.slice(indices: IntRange): List<Short>
fun IntArray.slice(indices: IntRange): List<Int>
fun LongArray.slice(indices: IntRange): List<Long>
fun FloatArray.slice(indices: IntRange): List<Float>
fun DoubleArray.slice(indices: IntRange): List<Double>
fun BooleanArray.slice(indices: IntRange): List<Boolean>
fun CharArray.slice(indices: IntRange): List<Char>
fun <T> Array<out T>.slice(indices: Iterable<Int>): List<T>
fun ByteArray.slice(indices: Iterable<Int>): List<Byte>
fun ShortArray.slice(indices: Iterable<Int>): List<Short>
fun IntArray.slice(indices: Iterable<Int>): List<Int>
fun LongArray.slice(indices: Iterable<Int>): List<Long>
fun FloatArray.slice(indices: Iterable<Int>): List<Float>
fun DoubleArray.slice(indices: Iterable<Int>): List<Double>
fun BooleanArray.slice(indices: Iterable<Int>): List<Boolean>
fun CharArray.slice(indices: Iterable<Int>): List<Char>
fun <T> List<T>.slice(indices: IntRange): List<T>
fun <T> List<T>.slice(indices: Iterable<Int>): List<T>
fun UIntArray.slice(indices: IntRange): List<UInt>
fun ULongArray.slice(indices: IntRange): List<ULong>
fun UByteArray.slice(indices: IntRange): List<UByte>
fun UShortArray.slice(indices: IntRange): List<UShort>
fun UIntArray.slice(indices: Iterable<Int>): List<UInt>
fun ULongArray.slice(indices: Iterable<Int>): List<ULong>
fun UByteArray.slice(indices: Iterable<Int>): List<UByte>
fun UShortArray.slice(indices: Iterable<Int>): List<UShort>
fun CharSequence.slice(indices: IntRange): CharSequence
fun String.slice(indices: IntRange): String
fun CharSequence.slice(indices: Iterable<Int>): CharSequence
fun String.slice(indices: Iterable<Int>): String
e: file:///Users/jim/work/v2superbikeshed/Trikeshed/src/commonMain/kotlin/borg/trikeshed/net/ssh/SSHParser.kt:36:24 Unresolved reference 'UnaryOperator'.
e: file:///Users/jim/work/v2superbikeshed/Trikeshed/src/commonMain/kotlin/borg/trikeshed/net/ssh/SSHParser.kt:37:5 'invoke' overrides nothing.
e: file:///Users/jim/work/v2superbikeshed/Trikeshed/src/commonMain/kotlin/borg/trikeshed/net/ssh/SSHParser.kt:50:26 Unresolved reference 'UnaryOperator'.
e: file:///Users/jim/work/v2superbikeshed/Trikeshed/src/commonMain/kotlin/borg/trikeshed/net/ssh/SSHParser.kt:51:5 'invoke' overrides nothing.
e: file:///Users/jim/work/v2superbikeshed/Trikeshed/src/commonMain/kotlin/borg/trikeshed/net/ssh/SSHParser.kt:78:41 None of the following candidates is applicable:
fun <T> Array<out T>.slice(indices: IntRange): List<T>
fun ByteArray.slice(indices: IntRange): List<Byte>
fun ShortArray.slice(indices: IntRange): List<Short>
fun IntArray.slice(indices: IntRange): List<Int>
fun LongArray.slice(indices: IntRange): List<Long>
fun FloatArray.slice(indices: IntRange): List<Float>
fun DoubleArray.slice(indices: IntRange): List<Double>
fun BooleanArray.slice(indices: IntRange): List<Boolean>
fun CharArray.slice(indices: IntRange): List<Char>
fun <T> Array<out T>.slice(indices: Iterable<Int>): List<T>
fun ByteArray.slice(indices: Iterable<Int>): List<Byte>
fun ShortArray.slice(indices: Iterable<Int>): List<Short>
fun IntArray.slice(indices: Iterable<Int>): List<Int>
fun LongArray.slice(indices: Iterable<Int>): List<Long>
fun FloatArray.slice(indices: Iterable<Int>): List<Float>
fun DoubleArray.slice(indices: Iterable<Int>): List<Double>
fun BooleanArray.slice(indices: Iterable<Int>): List<Boolean>
fun CharArray.slice(indices: Iterable<Int>): List<Char>
fun <T> List<T>.slice(indices: IntRange): List<T>
fun <T> List<T>.slice(indices: Iterable<Int>): List<T>
fun UIntArray.slice(indices: IntRange): List<UInt>
fun ULongArray.slice(indices: IntRange): List<ULong>
fun UByteArray.slice(indices: IntRange): List<UByte>
fun UShortArray.slice(indices: IntRange): List<UShort>
fun UIntArray.slice(indices: Iterable<Int>): List<UInt>
fun ULongArray.slice(indices: Iterable<Int>): List<ULong>
fun UByteArray.slice(indices: Iterable<Int>): List<UByte>
fun UShortArray.slice(indices: Iterable<Int>): List<UShort>
fun CharSequence.slice(indices: IntRange): CharSequence
fun String.slice(indices: IntRange): String
fun CharSequence.slice(indices: Iterable<Int>): CharSequence
fun String.slice(indices: Iterable<Int>): String
e: file:///Users/jim/work/v2superbikeshed/Trikeshed/src/commonMain/kotlin/borg/trikeshed/net/ssh/SSHParser.kt:79:41 None of the following candidates is applicable:
fun <T> Array<out T>.slice(indices: IntRange): List<T>
fun ByteArray.slice(indices: IntRange): List<Byte>
fun ShortArray.slice(indices: IntRange): List<Short>
fun IntArray.slice(indices: IntRange): List<Int>
fun LongArray.slice(indices: IntRange): List<Long>
fun FloatArray.slice(indices: IntRange): List<Float>
fun DoubleArray.slice(indices: IntRange): List<Double>
fun BooleanArray.slice(indices: IntRange): List<Boolean>
fun CharArray.slice(indices: IntRange): List<Char>
fun <T> Array<out T>.slice(indices: Iterable<Int>): List<T>
fun ByteArray.slice(indices: Iterable<Int>): List<Byte>
fun ShortArray.slice(indices: Iterable<Int>): List<Short>
fun IntArray.slice(indices: Iterable<Int>): List<Int>
fun LongArray.slice(indices: Iterable<Int>): List<Long>
fun FloatArray.slice(indices: Iterable<Int>): List<Float>
fun DoubleArray.slice(indices: Iterable<Int>): List<Double>
fun BooleanArray.slice(indices: Iterable<Int>): List<Boolean>
fun CharArray.slice(indices: Iterable<Int>): List<Char>
fun <T> List<T>.slice(indices: IntRange): List<T>
fun <T> List<T>.slice(indices: Iterable<Int>): List<T>
fun UIntArray.slice(indices: IntRange): List<UInt>
fun ULongArray.slice(indices: IntRange): List<ULong>
fun UByteArray.slice(indices: IntRange): List<UByte>
fun UShortArray.slice(indices: IntRange): List<UShort>
fun UIntArray.slice(indices: Iterable<Int>): List<UInt>
fun ULongArray.slice(indices: Iterable<Int>): List<ULong>
fun UByteArray.slice(indices: Iterable<Int>): List<UByte>
fun UShortArray.slice(indices: Iterable<Int>): List<UShort>
fun CharSequence.slice(indices: IntRange): CharSequence
fun String.slice(indices: IntRange): String
fun CharSequence.slice(indices: Iterable<Int>): CharSequence
fun String.slice(indices: Iterable<Int>): String
e: file:///Users/jim/work/v2superbikeshed/Trikeshed/src/commonMain/kotlin/borg/trikeshed/net/ssh/SSHParser.kt:83:21 Unresolved reference 'j'.
e: file:///Users/jim/work/v2superbikeshed/Trikeshed/src/commonMain/kotlin/borg/trikeshed/net/ssh/SSHParser.kt:111:36 Unresolved reference 'readSSHNameList'.
e: file:///Users/jim/work/v2superbikeshed/Trikeshed/src/commonMain/kotlin/borg/trikeshed/net/ssh/SSHParser.kt:111:69 Unresolved reference 'asString'.
e: file:///Users/jim/work/v2superbikeshed/Trikeshed/src/commonMain/kotlin/borg/trikeshed/net/ssh/SSHParser.kt:111:93 Unresolved reference 'toIdx'.
e: file:///Users/jim/work/v2superbikeshed/Trikeshed/src/commonMain/kotlin/borg/trikeshed/net/ssh/SSHParser.kt:112:46 Unresolved reference 'readSSHNameList'.
e: file:///Users/jim/work/v2superbikeshed/Trikeshed/src/commonMain/kotlin/borg/trikeshed/net/ssh/SSHParser.kt:112:79 Unresolved reference 'asString'.
e: file:///Users/jim/work/v2superbikeshed/Trikeshed/src/commonMain/kotlin/borg/trikeshed/net/ssh/SSHParser.kt:112:103 Unresolved reference 'toIdx'.
e: file:///Users/jim/work/v2superbikeshed/Trikeshed/src/commonMain/kotlin/borg/trikeshed/net/ssh/SSHParser.kt:113:57 Unresolved reference 'readSSHNameList'.
e: file:///Users/jim/work/v2superbikeshed/Trikeshed/src/commonMain/kotlin/borg/trikeshed/net/ssh/SSHParser.kt:113:90 Unresolved reference 'asString'.
e: file:///Users/jim/work/v2superbikeshed/Trikeshed/src/commonMain/kotlin/borg/trikeshed/net/ssh/SSHParser.kt:113:114 Unresolved reference 'toIdx'.
e: file:///Users/jim/work/v2superbikeshed/Trikeshed/src/commonMain/kotlin/borg/trikeshed/net/ssh/SSHParser.kt:114:57 Unresolved reference 'readSSHNameList'.
e: file:///Users/jim/work/v2superbikeshed/Trikeshed/src/commonMain/kotlin/borg/trikeshed/net/ssh/SSHParser.kt:114:90 Unresolved reference 'asString'.
e: file:///Users/jim/work/v2superbikeshed/Trikeshed/src/commonMain/kotlin/borg/trikeshed/net/ssh/SSHParser.kt:114:114 Unresolved reference 'toIdx'.
e: file:///Users/jim/work/v2superbikeshed/Trikeshed/src/commonMain/kotlin/borg/trikeshed/net/ssh/SSHParser.kt:115:50 Unresolved reference 'readSSHNameList'.
e: file:///Users/jim/work/v2superbikeshed/Trikeshed/src/commonMain/kotlin/borg/trikeshed/net/ssh/SSHParser.kt:115:83 Unresolved reference 'asString'.
e: file:///Users/jim/work/v2superbikeshed/Trikeshed/src/commonMain/kotlin/borg/trikeshed/net/ssh/SSHParser.kt:115:107 Unresolved reference 'toIdx'.
e: file:///Users/jim/work/v2superbikeshed/Trikeshed/src/commonMain/kotlin/borg/trikeshed/net/ssh/SSHParser.kt:116:50 Unresolved reference 'readSSHNameList'.
e: file:///Users/jim/work/v2superbikeshed/Trikeshed/src/commonMain/kotlin/borg/trikeshed/net/ssh/SSHParser.kt:116:83 Unresolved reference 'asString'.
e: file:///Users/jim/work/v2superbikeshed/Trikeshed/src/commonMain/kotlin/borg/trikeshed/net/ssh/SSHParser.kt:116:107 Unresolved reference 'toIdx'.
e: file:///Users/jim/work/v2superbikeshed/Trikeshed/src/commonMain/kotlin/borg/trikeshed/net/ssh/SSHParser.kt:117:58 Unresolved reference 'readSSHNameList'.
e: file:///Users/jim/work/v2superbikeshed/Trikeshed/src/commonMain/kotlin/borg/trikeshed/net/ssh/SSHParser.kt:117:91 Unresolved reference 'asString'.
e: file:///Users/jim/work/v2superbikeshed/Trikeshed/src/commonMain/kotlin/borg/trikeshed/net/ssh/SSHParser.kt:117:115 Unresolved reference 'toIdx'.
e: file:///Users/jim/work/v2superbikeshed/Trikeshed/src/commonMain/kotlin/borg/trikeshed/net/ssh/SSHParser.kt:118:58 Unresolved reference 'readSSHNameList'.
e: file:///Users/jim/work/v2superbikeshed/Trikeshed/src/commonMain/kotlin/borg/trikeshed/net/ssh/SSHParser.kt:118:91 Unresolved reference 'asString'.
e: file:///Users/jim/work/v2superbikeshed/Trikeshed/src/commonMain/kotlin/borg/trikeshed/net/ssh/SSHParser.kt:118:115 Unresolved reference 'toIdx'.
e: file:///Users/jim/work/v2superbikeshed/Trikeshed/src/commonMain/kotlin/borg/trikeshed/net/ssh/SSHParser.kt:119:46 Unresolved reference 'readSSHNameList'.
e: file:///Users/jim/work/v2superbikeshed/Trikeshed/src/commonMain/kotlin/borg/trikeshed/net/ssh/SSHParser.kt:119:79 Unresolved reference 'asString'.
e: file:///Users/jim/work/v2superbikeshed/Trikeshed/src/commonMain/kotlin/borg/trikeshed/net/ssh/SSHParser.kt:119:103 Unresolved reference 'toIdx'.
e: file:///Users/jim/work/v2superbikeshed/Trikeshed/src/commonMain/kotlin/borg/trikeshed/net/ssh/SSHParser.kt:120:46 Unresolved reference 'readSSHNameList'.
e: file:///Users/jim/work/v2superbikeshed/Trikeshed/src/commonMain/kotlin/borg/trikeshed/net/ssh/SSHParser.kt:120:79 Unresolved reference 'asString'.
e: file:///Users/jim/work/v2superbikeshed/Trikeshed/src/commonMain/kotlin/borg/trikeshed/net/ssh/SSHParser.kt:120:103 Unresolved reference 'toIdx'.
e: file:///Users/jim/work/v2superbikeshed/Trikeshed/src/commonMain/kotlin/borg/trikeshed/net/ssh/SSHParser.kt:159:30 Unresolved reference 'readSSHString'.
e: file:///Users/jim/work/v2superbikeshed/Trikeshed/src/commonMain/kotlin/borg/trikeshed/net/ssh/SSHParser.kt:162:41 Unresolved reference 'readSSHString'.
e: file:///Users/jim/work/v2superbikeshed/Trikeshed/src/commonMain/kotlin/borg/trikeshed/net/ssh/SSHParser.kt:165:32 Unresolved reference 'readSSHString'.
e: file:///Users/jim/work/v2superbikeshed/Trikeshed/src/commonMain/kotlin/borg/trikeshed/net/ssh/SSHProtocol.kt:149:20 None of the following candidates is applicable:
object State : Any
typealias State = Int
e: file:///Users/jim/work/v2superbikeshed/Trikeshed/src/commonMain/kotlin/borg/trikeshed/net/ssh/SSHProtocol.kt:152:9 Unresolved reference 'CoroutineContext'.
e: file:///Users/jim/work/v2superbikeshed/Trikeshed/src/commonMain/kotlin/borg/trikeshed/net/ssh/SSHProtocol.kt:153:9 'key' overrides nothing.
e: file:///Users/jim/work/v2superbikeshed/Trikeshed/src/commonMain/kotlin/borg/trikeshed/net/ssh/SSHProtocol.kt:153:27 Unresolved reference 'CoroutineContext'.
e: file:///Users/jim/work/v2superbikeshed/Trikeshed/src/commonMain/kotlin/borg/trikeshed/net/ssh/SSHProtocol.kt:155:32 Unresolved reference 'CoroutineContext'.
e: file:///Users/jim/work/v2superbikeshed/Trikeshed/src/commonMain/kotlin/borg/trikeshed/net/ssh/SSHProtocol.kt:184:24 Argument type mismatch: actual type is 'T? (of fun <T> Join<Int, Function1<Int, Join<Any?, TypeMemento>>>.get)', but 'Byte' was expected.
e: file:///Users/jim/work/v2superbikeshed/Trikeshed/src/commonMain/kotlin/borg/trikeshed/net/ssh/SSHProtocol.kt:184:24 Cannot infer type for this parameter. Specify it explicitly.
e: file:///Users/jim/work/v2superbikeshed/Trikeshed/src/commonMain/kotlin/borg/trikeshed/net/ssh/SSHProtocol.kt:184:24 Unresolved reference. None of the following candidates is applicable because of a receiver type mismatch:
fun <T> Join<Int, Function1<Int, Join<Any?, TypeMemento>>>.get(column: Column<T>): T?
e: file:///Users/jim/work/v2superbikeshed/Trikeshed/src/commonMain/kotlin/borg/trikeshed/net/ssh/SSHProtocol.kt:189:24 Argument type mismatch: actual type is 'T? (of fun <T> Join<Int, Function1<Int, Join<Any?, TypeMemento>>>.get)', but 'Byte' was expected.
e: file:///Users/jim/work/v2superbikeshed/Trikeshed/src/commonMain/kotlin/borg/trikeshed/net/ssh/SSHProtocol.kt:189:24 Cannot infer type for this parameter. Specify it explicitly.
e: file:///Users/jim/work/v2superbikeshed/Trikeshed/src/commonMain/kotlin/borg/trikeshed/net/ssh/SSHProtocol.kt:189:24 Unresolved reference. None of the following candidates is applicable because of a receiver type mismatch:
fun <T> Join<Int, Function1<Int, Join<Any?, TypeMemento>>>.get(column: Column<T>): T?
e: file:///Users/jim/work/v2superbikeshed/Trikeshed/src/commonMain/kotlin/borg/trikeshed/net/ssh/SSHProtocol.kt:194:24 Argument type mismatch: actual type is 'T? (of fun <T> Join<Int, Function1<Int, Join<Any?, TypeMemento>>>.get)', but 'Byte' was expected.
e: file:///Users/jim/work/v2superbikeshed/Trikeshed/src/commonMain/kotlin/borg/trikeshed/net/ssh/SSHProtocol.kt:194:24 Cannot infer type for this parameter. Specify it explicitly.
e: file:///Users/jim/work/v2superbikeshed/Trikeshed/src/commonMain/kotlin/borg/trikeshed/net/ssh/SSHProtocol.kt:194:24 Unresolved reference. None of the following candidates is applicable because of a receiver type mismatch:
fun <T> Join<Int, Function1<Int, Join<Any?, TypeMemento>>>.get(column: Column<T>): T?
e: file:///Users/jim/work/v2superbikeshed/Trikeshed/src/commonMain/kotlin/borg/trikeshed/net/ssh/SSHProtocol.kt:257:25 Argument type mismatch: actual type is 'K (of fun <K> WHEN_CALL)', but 'Byte' was expected.
e: file:///Users/jim/work/v2superbikeshed/Trikeshed/src/commonMain/kotlin/borg/trikeshed/net/ssh/SSHProtocol.kt:257:43 Argument type mismatch: actual type is 'T? (of fun <T> Join<Int, Function1<Int, Join<Any?, TypeMemento>>>.get)', but 'K (of fun <K> WHEN_CALL)' was expected.
e: file:///Users/jim/work/v2superbikeshed/Trikeshed/src/commonMain/kotlin/borg/trikeshed/net/ssh/SSHProtocol.kt:257:43 Cannot infer type for this parameter. Specify it explicitly.
e: file:///Users/jim/work/v2superbikeshed/Trikeshed/src/commonMain/kotlin/borg/trikeshed/net/ssh/SSHProtocol.kt:257:43 Unresolved reference. None of the following candidates is applicable because of a receiver type mismatch:
fun <T> Join<Int, Function1<Int, Join<Any?, TypeMemento>>>.get(column: Column<T>): T?
e: file:///Users/jim/work/v2superbikeshed/Trikeshed/src/commonMain/kotlin/borg/trikeshed/net/ssh/SSHProtocol.kt:257:58 Argument type mismatch: actual type is 'Byte', but 'K (of fun <K> WHEN_CALL)' was expected.
e: file:///Users/jim/work/v2superbikeshed/Trikeshed/src/commonMain/kotlin/borg/trikeshed/net/ssh/SSHProtocol.kt:300:34 Suspend function 'suspend fun parse(buffer: ByteIndexedBuffer): KexInit?' can only be called from a coroutine or another suspend function.
e: file:///Users/jim/work/v2superbikeshed/Trikeshed/src/commonMain/kotlin/borg/trikeshed/net/ssh/SSHProtocol.kt:348:2 Syntax error: imports are only allowed in the beginning of file.
e: file:///Users/jim/work/v2superbikeshed/Trikeshed/src/commonMain/kotlin/borg/trikeshed/net/ssh/SSHProtocol.kt:445:44 'fun plus(other: CoroutineDispatcher): CoroutineDispatcher' is deprecated. Operator '+' on two CoroutineDispatcher objects is meaningless. CoroutineDispatcher is a coroutine context element and `+` is a set-sum operator for coroutine contexts. The dispatcher to the right of `+` just replaces the dispatcher to the left.
e: file:///Users/jim/work/v2superbikeshed/Trikeshed/src/commonMain/kotlin/borg/trikeshed/net/ssh/SSHProtocol.kt:445:46 Argument type mismatch: actual type is 'SSHProtocol.SshSessionContext', but 'CoroutineDispatcher' was expected.
e: file:///Users/jim/work/v2superbikeshed/Trikeshed/src/commonMain/kotlin/borg/trikeshed/net/ssh/SSHProtocol.kt:463:26 Unresolved reference 'coroutineContext'.
e: file:///Users/jim/work/v2superbikeshed/Trikeshed/src/commonMain/kotlin/borg/trikeshed/net/ssh/SSHProtocol.kt:467:24 Unresolved reference 'remaining'.
e: file:///Users/jim/work/v2superbikeshed/Trikeshed/src/commonMain/kotlin/borg/trikeshed/net/ssh/SSHProtocol.kt:469:35 Unresolved reference 'array'.
e: file:///Users/jim/work/v2superbikeshed/Trikeshed/src/commonMain/kotlin/borg/trikeshed/net/ssh/SSHProtocol.kt:469:43 Cannot infer type for this parameter. Specify it explicitly.
e: file:///Users/jim/work/v2superbikeshed/Trikeshed/src/commonMain/kotlin/borg/trikeshed/net/ssh/SSHProtocol.kt:469:48 Cannot infer type for this parameter. Specify it explicitly.
e: file:///Users/jim/work/v2superbikeshed/Trikeshed/src/commonMain/kotlin/borg/trikeshed/net/ssh/SSHProtocol.kt:469:48 Not enough information to infer type argument for 'B'.
e: file:///Users/jim/work/v2superbikeshed/Trikeshed/src/commonMain/kotlin/borg/trikeshed/net/ssh/SSHProtocol.kt:469:62 Cannot infer type for this parameter. Specify it explicitly.
e: file:///Users/jim/work/v2superbikeshed/Trikeshed/src/commonMain/kotlin/borg/trikeshed/net/ssh/SSHProtocol.kt:469:62 Not enough information to infer type argument for 'V'.
e: file:///Users/jim/work/v2superbikeshed/Trikeshed/src/commonMain/kotlin/borg/trikeshed/net/ssh/SSHProtocol.kt:469:73 Unresolved reference 'array'.
e: file:///Users/jim/work/v2superbikeshed/Trikeshed/src/commonMain/kotlin/borg/trikeshed/net/ssh/SSHProtocol.kt:473:9 Unresolved reference 'coroutineContext'.
e: file:///Users/jim/work/v2superbikeshed/Trikeshed/src/commonMain/kotlin/borg/trikeshed/net/ssh/SSHProtocol.kt:473:9 Cannot infer type for this parameter. Specify it explicitly.
e: file:///Users/jim/work/v2superbikeshed/Trikeshed/src/commonMain/kotlin/borg/trikeshed/net/ssh/SSHProtocol.kt:473:62 Cannot infer type for this parameter. Specify it explicitly.
e: file:///Users/jim/work/v2superbikeshed/Trikeshed/src/commonMain/kotlin/borg/trikeshed/net/ssh/SSHProtocol.kt:473:62 Not enough information to infer type argument for 'T'.
e: file:///Users/jim/work/v2superbikeshed/Trikeshed/src/commonMain/kotlin/borg/trikeshed/net/ssh/SSHProtocol.kt:473:62 Not enough information to infer type argument for 'R'.
e: file:///Users/jim/work/v2superbikeshed/Trikeshed/src/commonMain/kotlin/borg/trikeshed/net/ssh/SSHProtocol.kt:473:68 Cannot infer type for this parameter. Specify it explicitly.
e: file:///Users/jim/work/v2superbikeshed/Trikeshed/src/commonMain/kotlin/borg/trikeshed/net/ssh/SSHProtocol.kt:474:17 Unresolved reference 'sequenceNumberIn'.
e: file:///Users/jim/work/v2superbikeshed/Trikeshed/src/commonMain/kotlin/borg/trikeshed/net/ssh/SSHProtocol.kt:474:55 Unresolved reference 'sequenceNumberIn'.
e: file:///Users/jim/work/v2superbikeshed/Trikeshed/src/commonMain/kotlin/borg/trikeshed/net/ssh/SSHProtocol.kt:483:72 Unresolved reference 'coroutineContext'.
e: file:///Users/jim/work/v2superbikeshed/Trikeshed/src/commonMain/kotlin/borg/trikeshed/net/ssh/SSHProtocol.kt:484:30 Cannot infer type for this parameter. Specify it explicitly.
e: file:///Users/jim/work/v2superbikeshed/Trikeshed/src/commonMain/kotlin/borg/trikeshed/net/ssh/SSHProtocol.kt:484:30 Not enough information to infer type argument for 'E'.
e: file:///Users/jim/work/v2superbikeshed/Trikeshed/src/commonMain/kotlin/borg/trikeshed/net/ssh/SSHProtocol.kt:484:30 Not enough information to infer type argument for 'K'.
e: file:///Users/jim/work/v2superbikeshed/Trikeshed/src/commonMain/kotlin/borg/trikeshed/net/ssh/SSHProtocol.kt:484:47 Argument type mismatch: actual type is 'SSHProtocol.SshSessionContext.Key', but 'CoroutineContext.Key<E (of fun <E : CoroutineContext.Element> get)>' was expected.
e: file:///Users/jim/work/v2superbikeshed/Trikeshed/src/commonMain/kotlin/borg/trikeshed/net/ssh/SSHProtocol.kt:485:27 Cannot infer type for this parameter. Specify it explicitly.
e: file:///Users/jim/work/v2superbikeshed/Trikeshed/src/commonMain/kotlin/borg/trikeshed/net/ssh/SSHProtocol.kt:485:27 Unresolved reference. None of the following candidates is applicable because of a receiver type mismatch:
fun <T> Join<Int, Function1<Int, Join<Any?, TypeMemento>>>.get(column: Column<T>): T?
e: file:///Users/jim/work/v2superbikeshed/Trikeshed/src/commonMain/kotlin/borg/trikeshed/net/ssh/SSHProtocol.kt:490:65 'return' is prohibited here.
e: file:///Users/jim/work/v2superbikeshed/Trikeshed/src/commonMain/kotlin/borg/trikeshed/net/ssh/SSHProtocol.kt:507:21 'return' is prohibited here.
e: file:///Users/jim/work/v2superbikeshed/Trikeshed/src/commonMain/kotlin/borg/trikeshed/net/ssh/SSHProtocol.kt:523:32 Unresolved reference 'state'.
e: file:///Users/jim/work/v2superbikeshed/Trikeshed/src/commonMain/kotlin/borg/trikeshed/net/ssh/SSHProtocol.kt:527:32 Unresolved reference 'state'.
e: file:///Users/jim/work/v2superbikeshed/Trikeshed/src/commonMain/kotlin/borg/trikeshed/net/ssh/SSHProtocol.kt:535:57 Argument type mismatch: actual type is 'Join<Int, Function1<Int, Byte>>', but 'ByteIndexedBuffer' was expected.
e: file:///Users/jim/work/v2superbikeshed/Trikeshed/src/commonMain/kotlin/borg/trikeshed/net/ssh/SSHProtocol.kt:535:76 'return' is prohibited here.
e: file:///Users/jim/work/v2superbikeshed/Trikeshed/src/commonMain/kotlin/borg/trikeshed/net/ssh/SSHProtocol.kt:541:32 Unresolved reference 'state'.
e: file:///Users/jim/work/v2superbikeshed/Trikeshed/src/commonMain/kotlin/borg/trikeshed/net/ssh/SSHProtocol.kt:583:22 Unresolved reference 'coroutineContext'.
e: file:///Users/jim/work/v2superbikeshed/Trikeshed/src/commonMain/kotlin/borg/trikeshed/net/ssh/SSHProtocol.kt:585:33 Unresolved reference 'toBytes'.
e: file:///Users/jim/work/v2superbikeshed/Trikeshed/src/commonMain/kotlin/borg/trikeshed/net/ssh/SSHProtocol.kt:589:20 Unresolved reference 'internalSendChannel'.
e: file:///Users/jim/work/v2superbikeshed/Trikeshed/src/commonMain/kotlin/borg/trikeshed/net/ssh/SSHProtocol.kt:589:53 Unresolved reference 'toBytes'.
e: file:///Users/jim/work/v2superbikeshed/Trikeshed/src/commonMain/kotlin/borg/trikeshed/net/ssh/SSHProtocol.kt:600:21 Unresolved reference 'coroutineContext'.
e: file:///Users/jim/work/v2superbikeshed/Trikeshed/src/commonMain/kotlin/borg/trikeshed/net/ssh/SSHProtocol.kt:601:30 Cannot infer type for this parameter. Specify it explicitly.
e: file:///Users/jim/work/v2superbikeshed/Trikeshed/src/commonMain/kotlin/borg/trikeshed/net/ssh/SSHProtocol.kt:601:30 Not enough information to infer type argument for 'E'.
e: file:///Users/jim/work/v2superbikeshed/Trikeshed/src/commonMain/kotlin/borg/trikeshed/net/ssh/SSHProtocol.kt:601:30 Not enough information to infer type argument for 'K'.
e: file:///Users/jim/work/v2superbikeshed/Trikeshed/src/commonMain/kotlin/borg/trikeshed/net/ssh/SSHProtocol.kt:601:47 Argument type mismatch: actual type is 'SSHProtocol.SshSessionContext.Key', but 'CoroutineContext.Key<E (of fun <E : CoroutineContext.Element> get)>' was expected.
e: file:///Users/jim/work/v2superbikeshed/Trikeshed/src/commonMain/kotlin/borg/trikeshed/net/ssh/SSHProtocol.kt:603:38 Unresolved reference 'nextChannelId'.
e: file:///Users/jim/work/v2superbikeshed/Trikeshed/src/commonMain/kotlin/borg/trikeshed/net/ssh/SSHProtocol.kt:604:24 Unresolved reference 'nextChannelId'.
e: file:///Users/jim/work/v2superbikeshed/Trikeshed/src/commonMain/kotlin/borg/trikeshed/net/ssh/SSHProtocol.kt:604:55 Unresolved reference 'nextChannelId'.
e: file:///Users/jim/work/v2superbikeshed/Trikeshed/src/commonMain/kotlin/borg/trikeshed/net/ssh/SSHProtocol.kt:616:24 Unresolved reference 'channels'.
e: file:///Users/jim/work/v2superbikeshed/Trikeshed/src/commonMain/kotlin/borg/trikeshed/net/ssh/SSHProtocol.kt:628:76 Unresolved reference 'coroutineContext'.
e: file:///Users/jim/work/v2superbikeshed/Trikeshed/src/commonMain/kotlin/borg/trikeshed/net/ssh/SSHProtocol.kt:666:93 Unresolved reference 'coroutineContext'.
e: file:///Users/jim/work/v2superbikeshed/Trikeshed/src/commonMain/kotlin/borg/trikeshed/net/ssh/SSHProtocol.kt:667:30 Cannot infer type for this parameter. Specify it explicitly.
e: file:///Users/jim/work/v2superbikeshed/Trikeshed/src/commonMain/kotlin/borg/trikeshed/net/ssh/SSHProtocol.kt:667:30 Not enough information to infer type argument for 'E'.
e: file:///Users/jim/work/v2superbikeshed/Trikeshed/src/commonMain/kotlin/borg/trikeshed/net/ssh/SSHProtocol.kt:667:30 Not enough information to infer type argument for 'K'.
e: file:///Users/jim/work/v2superbikeshed/Trikeshed/src/commonMain/kotlin/borg/trikeshed/net/ssh/SSHProtocol.kt:667:47 Argument type mismatch: actual type is 'SSHProtocol.SshSessionContext.Key', but 'CoroutineContext.Key<E (of fun <E : CoroutineContext.Element> get)>' was expected.
e: file:///Users/jim/work/v2superbikeshed/Trikeshed/src/commonMain/kotlin/borg/trikeshed/net/ssh/SSHProtocol.kt:668:38 Unresolved reference 'channels'.
e: file:///Users/jim/work/v2superbikeshed/Trikeshed/src/commonMain/kotlin/borg/trikeshed/net/ssh/SSHProtocol.kt:670:22 Unresolved reference 'canSend'.
e: file:///Users/jim/work/v2superbikeshed/Trikeshed/src/commonMain/kotlin/borg/trikeshed/net/ssh/SSHProtocol.kt:677:25 Unresolved reference 'remoteWindow'.
e: file:///Users/jim/work/v2superbikeshed/Trikeshed/src/commonMain/kotlin/borg/trikeshed/net/ssh/SSHProtocol.kt:678:25 Unresolved reference 'remoteMaxPacketSize'.
e: file:///Users/jim/work/v2superbikeshed/Trikeshed/src/commonMain/kotlin/borg/trikeshed/net/ssh/SSHProtocol.kt:683:35 Cannot infer type for this parameter. Specify it explicitly.
e: file:///Users/jim/work/v2superbikeshed/Trikeshed/src/commonMain/kotlin/borg/trikeshed/net/ssh/SSHProtocol.kt:683:49 Argument type mismatch: actual type is 'Join<Int, Function1<Int, Join<Any?, TypeMemento>>>', but 'Join<Int, Function1<Int, Byte>>' was expected.
e: file:///Users/jim/work/v2superbikeshed/Trikeshed/src/commonMain/kotlin/borg/trikeshed/net/ssh/SSHProtocol.kt:683:49 Cannot infer type for this parameter. Specify it explicitly.
e: file:///Users/jim/work/v2superbikeshed/Trikeshed/src/commonMain/kotlin/borg/trikeshed/net/ssh/SSHProtocol.kt:683:49 Unresolved reference. None of the following candidates is applicable because of a receiver type mismatch:
fun <T> Join<Int, Function1<Int, Join<Any?, TypeMemento>>>.get(column: Column<T>): T?
e: file:///Users/jim/work/v2superbikeshed/Trikeshed/src/commonMain/kotlin/borg/trikeshed/net/ssh/SSHProtocol.kt:684:43 Unresolved reference 'remoteId'.
e: file:///Users/jim/work/v2superbikeshed/Trikeshed/src/commonMain/kotlin/borg/trikeshed/net/ssh/SSHProtocol.kt:687:21 Unresolved reference 'adjustRemoteWindow'.
e: file:///Users/jim/work/v2superbikeshed/Trikeshed/src/commonMain/kotlin/borg/trikeshed/net/ssh/SSHProtocol.kt:696:107 Unresolved reference 'coroutineContext'.
e: file:///Users/jim/work/v2superbikeshed/Trikeshed/src/commonMain/kotlin/borg/trikeshed/net/ssh/SSHProtocol.kt:716:25 Argument type mismatch: actual type is 'T? (of fun <T> Join<Int, Function1<Int, Join<Any?, TypeMemento>>>.get)', but 'Byte' was expected.
e: file:///Users/jim/work/v2superbikeshed/Trikeshed/src/commonMain/kotlin/borg/trikeshed/net/ssh/SSHProtocol.kt:716:25 Cannot infer type for this parameter. Specify it explicitly.
e: file:///Users/jim/work/v2superbikeshed/Trikeshed/src/commonMain/kotlin/borg/trikeshed/net/ssh/SSHProtocol.kt:716:25 Unresolved reference. None of the following candidates is applicable because of a receiver type mismatch:
fun <T> Join<Int, Function1<Int, Join<Any?, TypeMemento>>>.get(column: Column<T>): T?
e: file:///Users/jim/work/v2superbikeshed/Trikeshed/src/commonMain/kotlin/borg/trikeshed/net/ssh/SSHProtocol.kt:725:88 Unresolved reference 'coroutineContext'.
e: file:///Users/jim/work/v2superbikeshed/Trikeshed/src/commonMain/kotlin/borg/trikeshed/net/ssh/SSHProtocol.kt:737:21 Unresolved reference 'coroutineContext'.
e: file:///Users/jim/work/v2superbikeshed/Trikeshed/src/commonMain/kotlin/borg/trikeshed/net/ssh/SSHProtocol.kt:774:125 Unresolved reference 'coroutineContext'.
e: file:///Users/jim/work/v2superbikeshed/Trikeshed/src/commonMain/kotlin/borg/trikeshed/net/ssh/SSHProtocol.kt:799:25 Argument type mismatch: actual type is 'T? (of fun <T> Join<Int, Function1<Int, Join<Any?, TypeMemento>>>.get)', but 'Byte' was expected.
e: file:///Users/jim/work/v2superbikeshed/Trikeshed/src/commonMain/kotlin/borg/trikeshed/net/ssh/SSHProtocol.kt:799:25 Cannot infer type for this parameter. Specify it explicitly.
e: file:///Users/jim/work/v2superbikeshed/Trikeshed/src/commonMain/kotlin/borg/trikeshed/net/ssh/SSHProtocol.kt:799:25 Unresolved reference. None of the following candidates is applicable because of a receiver type mismatch:
fun <T> Join<Int, Function1<Int, Join<Any?, TypeMemento>>>.get(column: Column<T>): T?
e: file:///Users/jim/work/v2superbikeshed/Trikeshed/src/commonMain/kotlin/borg/trikeshed/net/ssh/SSHProtocol.kt:814:21 Unresolved reference 'coroutineContext'.
e: file:///Users/jim/work/v2superbikeshed/Trikeshed/src/commonMain/kotlin/borg/trikeshed/net/ssh/SSHProtocol.kt:815:30 Cannot infer type for this parameter. Specify it explicitly.
e: file:///Users/jim/work/v2superbikeshed/Trikeshed/src/commonMain/kotlin/borg/trikeshed/net/ssh/SSHProtocol.kt:815:30 Not enough information to infer type argument for 'E'.
e: file:///Users/jim/work/v2superbikeshed/Trikeshed/src/commonMain/kotlin/borg/trikeshed/net/ssh/SSHProtocol.kt:815:30 Not enough information to infer type argument for 'K'.
e: file:///Users/jim/work/v2superbikeshed/Trikeshed/src/commonMain/kotlin/borg/trikeshed/net/ssh/SSHProtocol.kt:815:47 Argument type mismatch: actual type is 'SSHProtocol.SshSessionContext.Key', but 'CoroutineContext.Key<E (of fun <E : CoroutineContext.Element> get)>' was expected.
e: file:///Users/jim/work/v2superbikeshed/Trikeshed/src/commonMain/kotlin/borg/trikeshed/net/ssh/SSHProtocol.kt:820:39 Function invocation 'first(...)' expected.
e: file:///Users/jim/work/v2superbikeshed/Trikeshed/src/commonMain/kotlin/borg/trikeshed/net/ssh/SSHProtocol.kt:821:40 Unresolved reference 'second'.
e: file:///Users/jim/work/v2superbikeshed/Trikeshed/src/commonMain/kotlin/borg/trikeshed/net/ssh/SSHProtocol.kt:824:24 Unresolved reference 'ephemeralPrivateKey'.
e: file:///Users/jim/work/v2superbikeshed/Trikeshed/src/commonMain/kotlin/borg/trikeshed/net/ssh/SSHProtocol.kt:825:24 Unresolved reference 'negotiatedKexAlgorithm'.
e: file:///Users/jim/work/v2superbikeshed/Trikeshed/src/commonMain/kotlin/borg/trikeshed/net/ssh/SSHProtocol.kt:830:40 Cannot infer type for this parameter. Specify it explicitly.
e: file:///Users/jim/work/v2superbikeshed/Trikeshed/src/commonMain/kotlin/borg/trikeshed/net/ssh/SSHProtocol.kt:830:40 Not enough information to infer type argument for 'T'.
e: file:///Users/jim/work/v2superbikeshed/Trikeshed/src/commonMain/kotlin/borg/trikeshed/net/ssh/SSHProtocol.kt:834:24 Unresolved reference 'state'.
e: file:///Users/jim/work/v2superbikeshed/Trikeshed/src/commonMain/kotlin/borg/trikeshed/net/ssh/SSHProtocol.kt:837:81 Unresolved reference 'coroutineContext'.
e: file:///Users/jim/work/v2superbikeshed/Trikeshed/src/commonMain/kotlin/borg/trikeshed/net/ssh/SSHProtocol.kt:838:30 Cannot infer type for this parameter. Specify it explicitly.
e: file:///Users/jim/work/v2superbikeshed/Trikeshed/src/commonMain/kotlin/borg/trikeshed/net/ssh/SSHProtocol.kt:838:30 Not enough information to infer type argument for 'E'.
e: file:///Users/jim/work/v2superbikeshed/Trikeshed/src/commonMain/kotlin/borg/trikeshed/net/ssh/SSHProtocol.kt:838:30 Not enough information to infer type argument for 'K'.
e: file:///Users/jim/work/v2superbikeshed/Trikeshed/src/commonMain/kotlin/borg/trikeshed/net/ssh/SSHProtocol.kt:838:47 Argument type mismatch: actual type is 'SSHProtocol.SshSessionContext.Key', but 'CoroutineContext.Key<E (of fun <E : CoroutineContext.Element> get)>' was expected.
e: file:///Users/jim/work/v2superbikeshed/Trikeshed/src/commonMain/kotlin/borg/trikeshed/net/ssh/SSHProtocol.kt:841:43 Unresolved reference 'negotiatedKexAlgorithm'.
e: file:///Users/jim/work/v2superbikeshed/Trikeshed/src/commonMain/kotlin/borg/trikeshed/net/ssh/SSHProtocol.kt:843:67 Unresolved reference 'ephemeralPrivateKey'.
e: file:///Users/jim/work/v2superbikeshed/Trikeshed/src/commonMain/kotlin/borg/trikeshed/net/ssh/SSHProtocol.kt:848:24 Unresolved reference 'encryptionKey'.
e: file:///Users/jim/work/v2superbikeshed/Trikeshed/src/commonMain/kotlin/borg/trikeshed/net/ssh/SSHProtocol.kt:849:24 Unresolved reference 'decryptionKey'.
e: file:///Users/jim/work/v2superbikeshed/Trikeshed/src/commonMain/kotlin/borg/trikeshed/net/ssh/SSHProtocol.kt:850:24 Unresolved reference 'integrityKeyOut'.
e: file:///Users/jim/work/v2superbikeshed/Trikeshed/src/commonMain/kotlin/borg/trikeshed/net/ssh/SSHProtocol.kt:851:24 Unresolved reference 'integrityKeyIn'.
e: file:///Users/jim/work/v2superbikeshed/Trikeshed/src/commonMain/kotlin/borg/trikeshed/net/ssh/SSHProtocol.kt:858:24 Unresolved reference 'state'.
e: file:///Users/jim/work/v2superbikeshed/Trikeshed/src/commonMain/kotlin/borg/trikeshed/net/ssh/SSHProtocol.kt:869:21 Unresolved reference 'coroutineContext'.
e: file:///Users/jim/work/v2superbikeshed/Trikeshed/src/commonMain/kotlin/borg/trikeshed/net/ssh/SSHProtocol.kt:909:127 Unresolved reference 'coroutineContext'.
e: file:///Users/jim/work/v2superbikeshed/Trikeshed/src/commonMain/kotlin/borg/trikeshed/net/ssh/SSHProtocol.kt:910:30 Cannot infer type for this parameter. Specify it explicitly.
e: file:///Users/jim/work/v2superbikeshed/Trikeshed/src/commonMain/kotlin/borg/trikeshed/net/ssh/SSHProtocol.kt:910:30 Not enough information to infer type argument for 'E'.
e: file:///Users/jim/work/v2superbikeshed/Trikeshed/src/commonMain/kotlin/borg/trikeshed/net/ssh/SSHProtocol.kt:910:30 Not enough information to infer type argument for 'K'.
e: file:///Users/jim/work/v2superbikeshed/Trikeshed/src/commonMain/kotlin/borg/trikeshed/net/ssh/SSHProtocol.kt:910:47 Argument type mismatch: actual type is 'SSHProtocol.SshSessionContext.Key', but 'CoroutineContext.Key<E (of fun <E : CoroutineContext.Element> get)>' was expected.
e: file:///Users/jim/work/v2superbikeshed/Trikeshed/src/commonMain/kotlin/borg/trikeshed/net/ssh/SSHProtocol.kt:940:24 Unresolved reference 'state'.
e: file:///Users/jim/work/v2superbikeshed/Trikeshed/src/commonMain/kotlin/borg/trikeshed/net/ssh/SSHProtocol.kt:944:89 Unresolved reference 'coroutineContext'.
e: file:///Users/jim/work/v2superbikeshed/Trikeshed/src/commonMain/kotlin/borg/trikeshed/net/ssh/SSHProtocol.kt:945:30 Cannot infer type for this parameter. Specify it explicitly.
e: file:///Users/jim/work/v2superbikeshed/Trikeshed/src/commonMain/kotlin/borg/trikeshed/net/ssh/SSHProtocol.kt:945:30 Not enough information to infer type argument for 'E'.
e: file:///Users/jim/work/v2superbikeshed/Trikeshed/src/commonMain/kotlin/borg/trikeshed/net/ssh/SSHProtocol.kt:945:30 Not enough information to infer type argument for 'K'.
e: file:///Users/jim/work/v2superbikeshed/Trikeshed/src/commonMain/kotlin/borg/trikeshed/net/ssh/SSHProtocol.kt:945:47 Argument type mismatch: actual type is 'SSHProtocol.SshSessionContext.Key', but 'CoroutineContext.Key<E (of fun <E : CoroutineContext.Element> get)>' was expected.
e: file:///Users/jim/work/v2superbikeshed/Trikeshed/src/commonMain/kotlin/borg/trikeshed/net/ssh/SSHProtocol.kt:992:69 Unresolved reference 'coroutineContext'.
e: file:///Users/jim/work/v2superbikeshed/Trikeshed/src/commonMain/kotlin/borg/trikeshed/net/ssh/SSHProtocol.kt:1002:36 Unresolved reference 'internalReceiveChannel'.
e: file:///Users/jim/work/v2superbikeshed/Trikeshed/src/commonMain/kotlin/borg/trikeshed/net/ssh/SSHProtocol.kt:1055:23 Cannot access 'suspend fun sendChannelRequest(channelId: UInt, requestType: String, data: Join<Int, Function1<Int, Byte>>): Unit': it is private in 'borg/trikeshed/net/ssh/SSHConnection'.
e: file:///Users/jim/work/v2superbikeshed/Trikeshed/src/commonMain/kotlin/borg/trikeshed/net/ssh/SSHProtocol.kt:1075:46 Syntax error: Unexpected tokens (use ';' to separate expressions on the same line).
e: file:///Users/jim/work/v2superbikeshed/Trikeshed/src/commonMain/kotlin/borg/trikeshed/net/ssh/SSHProtocol.kt:1083:37 Cannot access 'var sessionContext: SSHProtocol.SshSessionContext': it is private in 'borg/trikeshed/net/ssh/SSHConnection'.
e: file:///Users/jim/work/v2superbikeshed/Trikeshed/src/commonMain/kotlin/borg/trikeshed/net/ssh/SSHProtocol.kt:1084:34 Unresolved reference 'internalReceiveChannel'.
e: file:///Users/jim/work/v2superbikeshed/Trikeshed/src/commonMain/kotlin/borg/trikeshed/net/ssh/SSHProtocol.kt:1087:43 Cannot infer type for this parameter. Specify it explicitly.
e: file:///Users/jim/work/v2superbikeshed/Trikeshed/src/commonMain/kotlin/borg/trikeshed/net/ssh/SSHProtocol.kt:1087:48 Cannot infer type for this parameter. Specify it explicitly.
e: file:///Users/jim/work/v2superbikeshed/Trikeshed/src/commonMain/kotlin/borg/trikeshed/net/ssh/SSHProtocol.kt:1087:48 Not enough information to infer type argument for 'B'.
e: file:///Users/jim/work/v2superbikeshed/Trikeshed/src/commonMain/kotlin/borg/trikeshed/net/ssh/SSHProtocol.kt:1087:62 Cannot infer type for this parameter. Specify it explicitly.
e: file:///Users/jim/work/v2superbikeshed/Trikeshed/src/commonMain/kotlin/borg/trikeshed/net/ssh/SSHProtocol.kt:1087:62 Not enough information to infer type argument for 'V'.
e: file:///Users/jim/work/v2superbikeshed/Trikeshed/src/commonMain/kotlin/borg/trikeshed/net/ssh/SSHProtocol.kt:1140:28 Cannot infer type for this parameter. Specify it explicitly.
e: file:///Users/jim/work/v2superbikeshed/Trikeshed/src/commonMain/kotlin/borg/trikeshed/net/ssh/SSHProtocol.kt:1140:28 Unresolved reference. None of the following candidates is applicable because of a receiver type mismatch:
fun <T> Join<Int, Function1<Int, Join<Any?, TypeMemento>>>.get(column: Column<T>): T?
e: file:///Users/jim/work/v2superbikeshed/Trikeshed/src/commonMain/kotlin/borg/trikeshed/net/ssh/SSHProtocol.kt:1141:27 Cannot infer type for this parameter. Specify it explicitly.
e: file:///Users/jim/work/v2superbikeshed/Trikeshed/src/commonMain/kotlin/borg/trikeshed/net/ssh/SSHProtocol.kt:1141:27 Unresolved reference. None of the following candidates is applicable because of a receiver type mismatch:
fun <T> Join<Int, Function1<Int, Join<Any?, TypeMemento>>>.get(column: Column<T>): T?
e: file:///Users/jim/work/v2superbikeshed/Trikeshed/src/commonMain/kotlin/borg/trikeshed/net/ssh/SSHProtocol.kt:1141:48 Unresolved reference 'shl'.
e: file:///Users/jim/work/v2superbikeshed/Trikeshed/src/commonMain/kotlin/borg/trikeshed/net/ssh/SSHProtocol.kt:1142:18 Cannot infer type for this parameter. Specify it explicitly.
e: file:///Users/jim/work/v2superbikeshed/Trikeshed/src/commonMain/kotlin/borg/trikeshed/net/ssh/SSHProtocol.kt:1142:18 Unresolved reference. None of the following candidates is applicable because of a receiver type mismatch:
fun <T> Join<Int, Function1<Int, Join<Any?, TypeMemento>>>.get(column: Column<T>): T?
e: file:///Users/jim/work/v2superbikeshed/Trikeshed/src/commonMain/kotlin/borg/trikeshed/net/ssh/SSHProtocol.kt:1142:39 Unresolved reference 'shl'.
e: file:///Users/jim/work/v2superbikeshed/Trikeshed/src/commonMain/kotlin/borg/trikeshed/net/ssh/SSHProtocol.kt:1143:18 Cannot infer type for this parameter. Specify it explicitly.
e: file:///Users/jim/work/v2superbikeshed/Trikeshed/src/commonMain/kotlin/borg/trikeshed/net/ssh/SSHProtocol.kt:1143:18 Unresolved reference. None of the following candidates is applicable because of a receiver type mismatch:
fun <T> Join<Int, Function1<Int, Join<Any?, TypeMemento>>>.get(column: Column<T>): T?
e: file:///Users/jim/work/v2superbikeshed/Trikeshed/src/commonMain/kotlin/borg/trikeshed/net/ssh/SSHProtocol.kt:1143:39 Unresolved reference 'shl'.
e: file:///Users/jim/work/v2superbikeshed/Trikeshed/src/commonMain/kotlin/borg/trikeshed/net/ssh/SSHProtocol.kt:1144:17 Cannot infer type for this parameter. Specify it explicitly.
e: file:///Users/jim/work/v2superbikeshed/Trikeshed/src/commonMain/kotlin/borg/trikeshed/net/ssh/SSHProtocol.kt:1144:17 Unresolved reference. None of the following candidates is applicable because of a receiver type mismatch:
fun <T> Join<Int, Function1<Int, Join<Any?, TypeMemento>>>.get(column: Column<T>): T?
e: file:///Users/jim/work/v2superbikeshed/Trikeshed/src/commonMain/kotlin/borg/trikeshed/net/ssh/SSHProtocol.kt:1153:37 Cannot infer type for this parameter. Specify it explicitly.
e: file:///Users/jim/work/v2superbikeshed/Trikeshed/src/commonMain/kotlin/borg/trikeshed/net/ssh/SSHProtocol.kt:1153:37 Unresolved reference. None of the following candidates is applicable because of a receiver type mismatch:
fun <T> Join<Int, Function1<Int, Join<Any?, TypeMemento>>>.get(column: Column<T>): T?
e: file:///Users/jim/work/v2superbikeshed/Trikeshed/src/commonMain/kotlin/borg/trikeshed/net/ssh/SSHProtocol.kt:1153:58 Unresolved reference 'shl'.
e: file:///Users/jim/work/v2superbikeshed/Trikeshed/src/commonMain/kotlin/borg/trikeshed/net/ssh/SSHProtocol.kt:1154:26 Cannot infer type for this parameter. Specify it explicitly.
e: file:///Users/jim/work/v2superbikeshed/Trikeshed/src/commonMain/kotlin/borg/trikeshed/net/ssh/SSHProtocol.kt:1154:26 Unresolved reference. None of the following candidates is applicable because of a receiver type mismatch:
fun <T> Join<Int, Function1<Int, Join<Any?, TypeMemento>>>.get(column: Column<T>): T?
e: file:///Users/jim/work/v2superbikeshed/Trikeshed/src/commonMain/kotlin/borg/trikeshed/net/ssh/SSHProtocol.kt:1154:47 Unresolved reference 'shl'.
e: file:///Users/jim/work/v2superbikeshed/Trikeshed/src/commonMain/kotlin/borg/trikeshed/net/ssh/SSHProtocol.kt:1155:26 Cannot infer type for this parameter. Specify it explicitly.
e: file:///Users/jim/work/v2superbikeshed/Trikeshed/src/commonMain/kotlin/borg/trikeshed/net/ssh/SSHProtocol.kt:1155:26 Unresolved reference. None of the following candidates is applicable because of a receiver type mismatch:
fun <T> Join<Int, Function1<Int, Join<Any?, TypeMemento>>>.get(column: Column<T>): T?
e: file:///Users/jim/work/v2superbikeshed/Trikeshed/src/commonMain/kotlin/borg/trikeshed/net/ssh/SSHProtocol.kt:1155:47 Unresolved reference 'shl'.
e: file:///Users/jim/work/v2superbikeshed/Trikeshed/src/commonMain/kotlin/borg/trikeshed/net/ssh/SSHProtocol.kt:1156:25 Cannot infer type for this parameter. Specify it explicitly.
e: file:///Users/jim/work/v2superbikeshed/Trikeshed/src/commonMain/kotlin/borg/trikeshed/net/ssh/SSHProtocol.kt:1156:25 Unresolved reference. None of the following candidates is applicable because of a receiver type mismatch:
fun <T> Join<Int, Function1<Int, Join<Any?, TypeMemento>>>.get(column: Column<T>): T?
e: file:///Users/jim/work/v2superbikeshed/Trikeshed/src/commonMain/kotlin/borg/trikeshed/net/ssh/SSHProtocol.kt:1157:45 Argument type mismatch: actual type is 'Int', but 'IntRange' was expected.
e: file:///Users/jim/work/v2superbikeshed/Trikeshed/src/commonMain/kotlin/borg/trikeshed/net/ssh/SSHProtocol.kt:1157:48 Too many arguments for 'fun <T> Join<Int, Function1<Int, T>>.slice(range: IntRange): Join<Int, Function1<Int, T>>'.
e: file:///Users/jim/work/v2superbikeshed/Trikeshed/src/commonMain/kotlin/borg/trikeshed/net/ssh/SSHProtocol.kt:1157:83 Unresolved reference. None of the following candidates is applicable because of a receiver type mismatch:
fun Join<Int, Function1<Int, Byte>>.asString(): String
e: file:///Users/jim/work/v2superbikeshed/Trikeshed/src/commonMain/kotlin/borg/trikeshed/net/ssh/SSHProtocol.kt:1162:35 Cannot infer type for this parameter. Specify it explicitly.
e: file:///Users/jim/work/v2superbikeshed/Trikeshed/src/commonMain/kotlin/borg/trikeshed/net/ssh/SSHProtocol.kt:1162:35 Unresolved reference. None of the following candidates is applicable because of a receiver type mismatch:
fun <T> Join<Int, Function1<Int, Join<Any?, TypeMemento>>>.get(column: Column<T>): T?
e: file:///Users/jim/work/v2superbikeshed/Trikeshed/src/commonMain/kotlin/borg/trikeshed/net/ssh/SSHProtocol.kt:1162:56 Unresolved reference 'shl'.
e: file:///Users/jim/work/v2superbikeshed/Trikeshed/src/commonMain/kotlin/borg/trikeshed/net/ssh/SSHProtocol.kt:1163:26 Cannot infer type for this parameter. Specify it explicitly.
e: file:///Users/jim/work/v2superbikeshed/Trikeshed/src/commonMain/kotlin/borg/trikeshed/net/ssh/SSHProtocol.kt:1163:26 Unresolved reference. None of the following candidates is applicable because of a receiver type mismatch:
fun <T> Join<Int, Function1<Int, Join<Any?, TypeMemento>>>.get(column: Column<T>): T?
e: file:///Users/jim/work/v2superbikeshed/Trikeshed/src/commonMain/kotlin/borg/trikeshed/net/ssh/SSHProtocol.kt:1163:47 Unresolved reference 'shl'.
e: file:///Users/jim/work/v2superbikeshed/Trikeshed/src/commonMain/kotlin/borg/trikeshed/net/ssh/SSHProtocol.kt:1164:26 Cannot infer type for this parameter. Specify it explicitly.
e: file:///Users/jim/work/v2superbikeshed/Trikeshed/src/commonMain/kotlin/borg/trikeshed/net/ssh/SSHProtocol.kt:1164:26 Unresolved reference. None of the following candidates is applicable because of a receiver type mismatch:
fun <T> Join<Int, Function1<Int, Join<Any?, TypeMemento>>>.get(column: Column<T>): T?
e: file:///Users/jim/work/v2superbikeshed/Trikeshed/src/commonMain/kotlin/borg/trikeshed/net/ssh/SSHProtocol.kt:1164:47 Unresolved reference 'shl'.
e: file:///Users/jim/work/v2superbikeshed/Trikeshed/src/commonMain/kotlin/borg/trikeshed/net/ssh/SSHProtocol.kt:1165:25 Cannot infer type for this parameter. Specify it explicitly.
e: file:///Users/jim/work/v2superbikeshed/Trikeshed/src/commonMain/kotlin/borg/trikeshed/net/ssh/SSHProtocol.kt:1165:25 Unresolved reference. None of the following candidates is applicable because of a receiver type mismatch:
fun <T> Join<Int, Function1<Int, Join<Any?, TypeMemento>>>.get(column: Column<T>): T?
e: file:///Users/jim/work/v2superbikeshed/Trikeshed/src/commonMain/kotlin/borg/trikeshed/net/ssh/SSHProtocol.kt:1166:43 Cannot infer type for this parameter. Specify it explicitly.
e: file:///Users/jim/work/v2superbikeshed/Trikeshed/src/commonMain/kotlin/borg/trikeshed/net/ssh/SSHProtocol.kt:1166:43 Unresolved reference. None of the following candidates is applicable because of a receiver type mismatch:
fun <T> Join<Int, Function1<Int, Join<Any?, TypeMemento>>>.get(column: Column<T>): T?
e: file:///Users/jim/work/v2superbikeshed/Trikeshed/src/commonMain/kotlin/borg/trikeshed/net/ssh/SSHProtocol.kt:1166:64 Unresolved reference 'shl'.
e: file:///Users/jim/work/v2superbikeshed/Trikeshed/src/commonMain/kotlin/borg/trikeshed/net/ssh/SSHProtocol.kt:1167:26 Cannot infer type for this parameter. Specify it explicitly.
e: file:///Users/jim/work/v2superbikeshed/Trikeshed/src/commonMain/kotlin/borg/trikeshed/net/ssh/SSHProtocol.kt:1167:26 Unresolved reference. None of the following candidates is applicable because of a receiver type mismatch:
fun <T> Join<Int, Function1<Int, Join<Any?, TypeMemento>>>.get(column: Column<T>): T?
e: file:///Users/jim/work/v2superbikeshed/Trikeshed/src/commonMain/kotlin/borg/trikeshed/net/ssh/SSHProtocol.kt:1167:48 Unresolved reference 'shl'.
e: file:///Users/jim/work/v2superbikeshed/Trikeshed/src/commonMain/kotlin/borg/trikeshed/net/ssh/SSHProtocol.kt:1168:26 Cannot infer type for this parameter. Specify it explicitly.
e: file:///Users/jim/work/v2superbikeshed/Trikeshed/src/commonMain/kotlin/borg/trikeshed/net/ssh/SSHProtocol.kt:1168:26 Unresolved reference. None of the following candidates is applicable because of a receiver type mismatch:
fun <T> Join<Int, Function1<Int, Join<Any?, TypeMemento>>>.get(column: Column<T>): T?
e: file:///Users/jim/work/v2superbikeshed/Trikeshed/src/commonMain/kotlin/borg/trikeshed/net/ssh/SSHProtocol.kt:1168:48 Unresolved reference 'shl'.
e: file:///Users/jim/work/v2superbikeshed/Trikeshed/src/commonMain/kotlin/borg/trikeshed/net/ssh/SSHProtocol.kt:1169:25 Cannot infer type for this parameter. Specify it explicitly.
e: file:///Users/jim/work/v2superbikeshed/Trikeshed/src/commonMain/kotlin/borg/trikeshed/net/ssh/SSHProtocol.kt:1169:25 Unresolved reference. None of the following candidates is applicable because of a receiver type mismatch:
fun <T> Join<Int, Function1<Int, Join<Any?, TypeMemento>>>.get(column: Column<T>): T?
e: file:///Users/jim/work/v2superbikeshed/Trikeshed/src/commonMain/kotlin/borg/trikeshed/net/ssh/SSHProtocol.kt:1170:51 Argument type mismatch: actual type is 'Int', but 'IntRange' was expected.
e: file:///Users/jim/work/v2superbikeshed/Trikeshed/src/commonMain/kotlin/borg/trikeshed/net/ssh/SSHProtocol.kt:1170:55 Too many arguments for 'fun <T> Join<Int, Function1<Int, T>>.slice(range: IntRange): Join<Int, Function1<Int, T>>'.
e: file:///Users/jim/work/v2superbikeshed/Trikeshed/src/commonMain/kotlin/borg/trikeshed/net/ssh/SSHProtocol.kt:1170:96 Unresolved reference. None of the following candidates is applicable because of a receiver type mismatch:
fun Join<Int, Function1<Int, Byte>>.asString(): String
e: file:///Users/jim/work/v2superbikeshed/Trikeshed/src/commonMain/kotlin/borg/trikeshed/net/ssh/SSHProtocol.kt:1180:2 Syntax error: imports are only allowed in the beginning of file.
e: file:///Users/jim/work/v2superbikeshed/Trikeshed/src/commonMain/kotlin/borg/trikeshed/net/ssh/SSHProtocol.kt:1186:26 Unresolved reference 'PlatformFileIOImpl'.
e: file:///Users/jim/work/v2superbikeshed/Trikeshed/src/commonMain/kotlin/borg/trikeshed/net/ssh/SSHProtocol.kt:1191:42 Unresolved reference 'PlatformFileIOImpl'.
e: file:///Users/jim/work/v2superbikeshed/Trikeshed/src/commonMain/kotlin/borg/trikeshed/net/ssh/SSHProtocol.kt:1202:21 Cannot infer type for this parameter. Specify it explicitly.
e: file:///Users/jim/work/v2superbikeshed/Trikeshed/src/commonMain/kotlin/borg/trikeshed/net/ssh/SSHProtocol.kt:1202:29 Unresolved reference 'internalReceiveChannel'.
e: file:///Users/jim/work/v2superbikeshed/Trikeshed/src/commonMain/kotlin/borg/trikeshed/net/ssh/SSHProtocol.kt:1218:20 Cannot infer type for this parameter. Specify it explicitly.
e: file:///Users/jim/work/v2superbikeshed/Trikeshed/src/commonMain/kotlin/borg/trikeshed/net/ssh/SSHProtocol.kt:1218:28 Unresolved reference 'internalReceiveChannel'.
e: file:///Users/jim/work/v2superbikeshed/Trikeshed/src/commonMain/kotlin/borg/trikeshed/net/ssh/SSHProtocol.kt:1225:81 Argument type mismatch: actual type is 'Join<Int, Function1<Int, Join<Any?, TypeMemento>>>', but 'Join<Int, Function1<Int, Byte>>' was expected.
e: file:///Users/jim/work/v2superbikeshed/Trikeshed/src/commonMain/kotlin/borg/trikeshed/net/ssh/SSHProtocol.kt:1225:81 Cannot infer type for this parameter. Specify it explicitly.
e: file:///Users/jim/work/v2superbikeshed/Trikeshed/src/commonMain/kotlin/borg/trikeshed/net/ssh/SSHProtocol.kt:1225:81 Unresolved reference. None of the following candidates is applicable because of a receiver type mismatch:
fun <T> Join<Int, Function1<Int, Join<Any?, TypeMemento>>>.get(column: Column<T>): T?
e: file:///Users/jim/work/v2superbikeshed/Trikeshed/src/commonMain/kotlin/borg/trikeshed/net/ssh/SSHProtocol.kt:1228:20 Cannot infer type for this parameter. Specify it explicitly.
e: file:///Users/jim/work/v2superbikeshed/Trikeshed/src/commonMain/kotlin/borg/trikeshed/net/ssh/SSHProtocol.kt:1228:28 Unresolved reference 'internalReceiveChannel'.
e: file:///Users/jim/work/v2superbikeshed/Trikeshed/src/commonMain/kotlin/borg/trikeshed/net/ssh/SSHProtocol.kt:1239:24 Cannot infer type for this parameter. Specify it explicitly.
e: file:///Users/jim/work/v2superbikeshed/Trikeshed/src/commonMain/kotlin/borg/trikeshed/net/ssh/SSHProtocol.kt:1239:32 Unresolved reference 'internalReceiveChannel'.
e: file:///Users/jim/work/v2superbikeshed/Trikeshed/src/commonMain/kotlin/borg/trikeshed/net/ssh/SSHProtocol.kt:1257:61 Cannot infer type for this parameter. Specify it explicitly.
e: file:///Users/jim/work/v2superbikeshed/Trikeshed/src/commonMain/kotlin/borg/trikeshed/net/ssh/SSHProtocol.kt:1257:61 Unresolved reference. None of the following candidates is applicable because of a receiver type mismatch:
val <T> Join<Int, Function1<Int, T>>.size: Int
e: file:///Users/jim/work/v2superbikeshed/Trikeshed/src/commonMain/kotlin/borg/trikeshed/net/ssh/SSHProtocol.kt:1260:38 Unresolved reference 'internalReceiveChannel'.
e: file:///Users/jim/work/v2superbikeshed/Trikeshed/src/commonMain/kotlin/borg/trikeshed/net/ssh/SSHProtocol.kt:1274:61 Cannot infer type for this parameter. Specify it explicitly.
e: file:///Users/jim/work/v2superbikeshed/Trikeshed/src/commonMain/kotlin/borg/trikeshed/net/ssh/SSHProtocol.kt:1274:61 Unresolved reference. None of the following candidates is applicable because of a receiver type mismatch:
val <T> Join<Int, Function1<Int, T>>.size: Int
e: file:///Users/jim/work/v2superbikeshed/Trikeshed/src/commonMain/kotlin/borg/trikeshed/net/ssh/SSHProtocol.kt:1277:41 Unresolved reference 'internalReceiveChannel'.
e: file:///Users/jim/work/v2superbikeshed/Trikeshed/src/commonMain/kotlin/borg/trikeshed/net/ssh/SSHProtocol.kt:1278:53 Cannot infer type for this parameter. Specify it explicitly.
e: file:///Users/jim/work/v2superbikeshed/Trikeshed/src/commonMain/kotlin/borg/trikeshed/net/ssh/SSHProtocol.kt:1278:58 Cannot infer type for this parameter. Specify it explicitly.
e: file:///Users/jim/work/v2superbikeshed/Trikeshed/src/commonMain/kotlin/borg/trikeshed/net/ssh/SSHProtocol.kt:1278:58 Not enough information to infer type argument for 'B'.
e: file:///Users/jim/work/v2superbikeshed/Trikeshed/src/commonMain/kotlin/borg/trikeshed/net/ssh/SSHProtocol.kt:1278:72 Cannot infer type for this parameter. Specify it explicitly.
e: file:///Users/jim/work/v2superbikeshed/Trikeshed/src/commonMain/kotlin/borg/trikeshed/net/ssh/SSHProtocol.kt:1278:72 Not enough information to infer type argument for 'V'.
e: file:///Users/jim/work/v2superbikeshed/Trikeshed/src/commonMain/kotlin/borg/trikeshed/net/ssh/SSHProtocol.kt:1287:61 Cannot infer type for this parameter. Specify it explicitly.
e: file:///Users/jim/work/v2superbikeshed/Trikeshed/src/commonMain/kotlin/borg/trikeshed/net/ssh/SSHProtocol.kt:1287:61 Unresolved reference. None of the following candidates is applicable because of a receiver type mismatch:
val <T> Join<Int, Function1<Int, T>>.size: Int
e: file:///Users/jim/work/v2superbikeshed/Trikeshed/src/commonMain/kotlin/borg/trikeshed/net/ssh/SSHProtocol.kt:1290:41 Unresolved reference 'internalReceiveChannel'.
e: file:///Users/jim/work/v2superbikeshed/Trikeshed/src/commonMain/kotlin/borg/trikeshed/net/ssh/SSHProtocol.kt:1291:27 Cannot infer type for this parameter. Specify it explicitly.
e: file:///Users/jim/work/v2superbikeshed/Trikeshed/src/commonMain/kotlin/borg/trikeshed/net/ssh/SSHProtocol.kt:1298:61 Cannot infer type for this parameter. Specify it explicitly.
e: file:///Users/jim/work/v2superbikeshed/Trikeshed/src/commonMain/kotlin/borg/trikeshed/net/ssh/SSHProtocol.kt:1298:61 Unresolved reference. None of the following candidates is applicable because of a receiver type mismatch:
val <T> Join<Int, Function1<Int, T>>.size: Int
e: file:///Users/jim/work/v2superbikeshed/Trikeshed/src/commonMain/kotlin/borg/trikeshed/net/ssh/SSHProtocol.kt:1303:1 Syntax error: Expecting a top level declaration.
e: file:///Users/jim/work/v2superbikeshed/Trikeshed/src/commonMain/kotlin/borg/trikeshed/net/tls/TLS13Protocol.kt:195:25 Argument type mismatch: actual type is 'T? (of fun <T> Join<Int, Function1<Int, Join<Any?, TypeMemento>>>.get)', but 'Byte' was expected.
e: file:///Users/jim/work/v2superbikeshed/Trikeshed/src/commonMain/kotlin/borg/trikeshed/net/tls/TLS13Protocol.kt:195:25 Cannot infer type for this parameter. Specify it explicitly.
e: file:///Users/jim/work/v2superbikeshed/Trikeshed/src/commonMain/kotlin/borg/trikeshed/net/tls/TLS13Protocol.kt:195:25 Unresolved reference. None of the following candidates is applicable because of a receiver type mismatch:
fun <T> Join<Int, Function1<Int, Join<Any?, TypeMemento>>>.get(column: Column<T>): T?
e: file:///Users/jim/work/v2superbikeshed/Trikeshed/src/commonMain/kotlin/borg/trikeshed/net/tls/TLS13Protocol.kt:205:35 Argument type mismatch: actual type is 'T? (of fun <T> Join<Int, Function1<Int, Join<Any?, TypeMemento>>>.get)', but 'Byte' was expected.
e: file:///Users/jim/work/v2superbikeshed/Trikeshed/src/commonMain/kotlin/borg/trikeshed/net/tls/TLS13Protocol.kt:205:35 Cannot infer type for this parameter. Specify it explicitly.
e: file:///Users/jim/work/v2superbikeshed/Trikeshed/src/commonMain/kotlin/borg/trikeshed/net/tls/TLS13Protocol.kt:205:35 Unresolved reference. None of the following candidates is applicable because of a receiver type mismatch:
fun <T> Join<Int, Function1<Int, Join<Any?, TypeMemento>>>.get(column: Column<T>): T?
e: file:///Users/jim/work/v2superbikeshed/Trikeshed/src/commonMain/kotlin/borg/trikeshed/net/tls/TLS13Protocol.kt:207:19 Cannot infer type for this parameter. Specify it explicitly.
e: file:///Users/jim/work/v2superbikeshed/Trikeshed/src/commonMain/kotlin/borg/trikeshed/net/tls/TLS13Protocol.kt:207:19 Unresolved reference. None of the following candidates is applicable because of a receiver type mismatch:
fun <T> Join<Int, Function1<Int, Join<Any?, TypeMemento>>>.get(column: Column<T>): T?
e: file:///Users/jim/work/v2superbikeshed/Trikeshed/src/commonMain/kotlin/borg/trikeshed/net/tls/TLS13Protocol.kt:208:19 Cannot infer type for this parameter. Specify it explicitly.
e: file:///Users/jim/work/v2superbikeshed/Trikeshed/src/commonMain/kotlin/borg/trikeshed/net/tls/TLS13Protocol.kt:208:19 Unresolved reference. None of the following candidates is applicable because of a receiver type mismatch:
fun <T> Join<Int, Function1<Int, Join<Any?, TypeMemento>>>.get(column: Column<T>): T?
e: file:///Users/jim/work/v2superbikeshed/Trikeshed/src/commonMain/kotlin/borg/trikeshed/net/tls/TLS13Protocol.kt:210:27 Cannot infer type for this parameter. Specify it explicitly.
e: file:///Users/jim/work/v2superbikeshed/Trikeshed/src/commonMain/kotlin/borg/trikeshed/net/tls/TLS13Protocol.kt:210:27 Unresolved reference. None of the following candidates is applicable because of a receiver type mismatch:
fun <T> Join<Int, Function1<Int, Join<Any?, TypeMemento>>>.get(column: Column<T>): T?
e: file:///Users/jim/work/v2superbikeshed/Trikeshed/src/commonMain/kotlin/borg/trikeshed/net/tls/TLS13Protocol.kt:211:26 Cannot infer type for this parameter. Specify it explicitly.
e: file:///Users/jim/work/v2superbikeshed/Trikeshed/src/commonMain/kotlin/borg/trikeshed/net/tls/TLS13Protocol.kt:211:26 Unresolved reference. None of the following candidates is applicable because of a receiver type mismatch:
fun <T> Join<Int, Function1<Int, Join<Any?, TypeMemento>>>.get(column: Column<T>): T?
e: file:///Users/jim/work/v2superbikeshed/Trikeshed/src/commonMain/kotlin/borg/trikeshed/net/tls/TLS13Protocol.kt:215:35 Cannot infer type for this parameter. Specify it explicitly.
e: file:///Users/jim/work/v2superbikeshed/Trikeshed/src/commonMain/kotlin/borg/trikeshed/net/tls/TLS13Protocol.kt:215:49 Argument type mismatch: actual type is 'Join<Int, Function1<Int, Join<Any?, TypeMemento>>>', but 'Join<Int, Function1<Int, Byte>>' was expected.
e: file:///Users/jim/work/v2superbikeshed/Trikeshed/src/commonMain/kotlin/borg/trikeshed/net/tls/TLS13Protocol.kt:215:49 Cannot infer type for this parameter. Specify it explicitly.
e: file:///Users/jim/work/v2superbikeshed/Trikeshed/src/commonMain/kotlin/borg/trikeshed/net/tls/TLS13Protocol.kt:215:49 Unresolved reference. None of the following candidates is applicable because of a receiver type mismatch:
fun <T> Join<Int, Function1<Int, Join<Any?, TypeMemento>>>.get(column: Column<T>): T?
e: file:///Users/jim/work/v2superbikeshed/Trikeshed/src/commonMain/kotlin/borg/trikeshed/net/tls/TLS13Protocol.kt:242:25 Argument type mismatch: actual type is 'T? (of fun <T> Join<Int, Function1<Int, Join<Any?, TypeMemento>>>.get)', but 'Byte' was expected.
e: file:///Users/jim/work/v2superbikeshed/Trikeshed/src/commonMain/kotlin/borg/trikeshed/net/tls/TLS13Protocol.kt:242:25 Cannot infer type for this parameter. Specify it explicitly.
e: file:///Users/jim/work/v2superbikeshed/Trikeshed/src/commonMain/kotlin/borg/trikeshed/net/tls/TLS13Protocol.kt:242:25 Unresolved reference. None of the following candidates is applicable because of a receiver type mismatch:
fun <T> Join<Int, Function1<Int, Join<Any?, TypeMemento>>>.get(column: Column<T>): T?
e: file:///Users/jim/work/v2superbikeshed/Trikeshed/src/commonMain/kotlin/borg/trikeshed/net/tls/TLS13Protocol.kt:252:45 Argument type mismatch: actual type is 'T? (of fun <T> Join<Int, Function1<Int, Join<Any?, TypeMemento>>>.get)', but 'Byte' was expected.
e: file:///Users/jim/work/v2superbikeshed/Trikeshed/src/commonMain/kotlin/borg/trikeshed/net/tls/TLS13Protocol.kt:252:45 Cannot infer type for this parameter. Specify it explicitly.
e: file:///Users/jim/work/v2superbikeshed/Trikeshed/src/commonMain/kotlin/borg/trikeshed/net/tls/TLS13Protocol.kt:252:45 Unresolved reference. None of the following candidates is applicable because of a receiver type mismatch:
fun <T> Join<Int, Function1<Int, Join<Any?, TypeMemento>>>.get(column: Column<T>): T?
e: file:///Users/jim/work/v2superbikeshed/Trikeshed/src/commonMain/kotlin/borg/trikeshed/net/tls/TLS13Protocol.kt:253:28 Cannot infer type for this parameter. Specify it explicitly.
e: file:///Users/jim/work/v2superbikeshed/Trikeshed/src/commonMain/kotlin/borg/trikeshed/net/tls/TLS13Protocol.kt:253:28 Unresolved reference. None of the following candidates is applicable because of a receiver type mismatch:
fun <T> Join<Int, Function1<Int, Join<Any?, TypeMemento>>>.get(column: Column<T>): T?
e: file:///Users/jim/work/v2superbikeshed/Trikeshed/src/commonMain/kotlin/borg/trikeshed/net/tls/TLS13Protocol.kt:254:27 Cannot infer type for this parameter. Specify it explicitly.
e: file:///Users/jim/work/v2superbikeshed/Trikeshed/src/commonMain/kotlin/borg/trikeshed/net/tls/TLS13Protocol.kt:254:27 Unresolved reference. None of the following candidates is applicable because of a receiver type mismatch:
fun <T> Join<Int, Function1<Int, Join<Any?, TypeMemento>>>.get(column: Column<T>): T?
e: file:///Users/jim/work/v2superbikeshed/Trikeshed/src/commonMain/kotlin/borg/trikeshed/net/tls/TLS13Protocol.kt:255:26 Cannot infer type for this parameter. Specify it explicitly.
e: file:///Users/jim/work/v2superbikeshed/Trikeshed/src/commonMain/kotlin/borg/trikeshed/net/tls/TLS13Protocol.kt:255:26 Unresolved reference. None of the following candidates is applicable because of a receiver type mismatch:
fun <T> Join<Int, Function1<Int, Join<Any?, TypeMemento>>>.get(column: Column<T>): T?
e: file:///Users/jim/work/v2superbikeshed/Trikeshed/src/commonMain/kotlin/borg/trikeshed/net/tls/TLS13Protocol.kt:259:31 Cannot infer type for this parameter. Specify it explicitly.
e: file:///Users/jim/work/v2superbikeshed/Trikeshed/src/commonMain/kotlin/borg/trikeshed/net/tls/TLS13Protocol.kt:259:45 Argument type mismatch: actual type is 'Join<Int, Function1<Int, Join<Any?, TypeMemento>>>', but 'Join<Int, Function1<Int, Byte>>' was expected.
e: file:///Users/jim/work/v2superbikeshed/Trikeshed/src/commonMain/kotlin/borg/trikeshed/net/tls/TLS13Protocol.kt:259:45 Cannot infer type for this parameter. Specify it explicitly.
e: file:///Users/jim/work/v2superbikeshed/Trikeshed/src/commonMain/kotlin/borg/trikeshed/net/tls/TLS13Protocol.kt:259:45 Unresolved reference. None of the following candidates is applicable because of a receiver type mismatch:
fun <T> Join<Int, Function1<Int, Join<Any?, TypeMemento>>>.get(column: Column<T>): T?
e: file:///Users/jim/work/v2superbikeshed/Trikeshed/src/commonMain/kotlin/borg/trikeshed/net/tls/TLS13Protocol.kt:286:25 Argument type mismatch: actual type is 'T? (of fun <T> Join<Int, Function1<Int, Join<Any?, TypeMemento>>>.get)', but 'Byte' was expected.
e: file:///Users/jim/work/v2superbikeshed/Trikeshed/src/commonMain/kotlin/borg/trikeshed/net/tls/TLS13Protocol.kt:286:25 Cannot infer type for this parameter. Specify it explicitly.
e: file:///Users/jim/work/v2superbikeshed/Trikeshed/src/commonMain/kotlin/borg/trikeshed/net/tls/TLS13Protocol.kt:286:25 Unresolved reference. None of the following candidates is applicable because of a receiver type mismatch:
fun <T> Join<Int, Function1<Int, Join<Any?, TypeMemento>>>.get(column: Column<T>): T?
e: file:///Users/jim/work/v2superbikeshed/Trikeshed/src/commonMain/kotlin/borg/trikeshed/net/tls/TLS13Protocol.kt:313:22 Argument type mismatch: actual type is 'K (of fun <K> WHEN_CALL)', but 'Byte' was expected.
e: file:///Users/jim/work/v2superbikeshed/Trikeshed/src/commonMain/kotlin/borg/trikeshed/net/tls/TLS13Protocol.kt:313:40 Argument type mismatch: actual type is 'T? (of fun <T> Join<Int, Function1<Int, Join<Any?, TypeMemento>>>.get)', but 'K (of fun <K> WHEN_CALL)' was expected.
e: file:///Users/jim/work/v2superbikeshed/Trikeshed/src/commonMain/kotlin/borg/trikeshed/net/tls/TLS13Protocol.kt:313:40 Cannot infer type for this parameter. Specify it explicitly.
e: file:///Users/jim/work/v2superbikeshed/Trikeshed/src/commonMain/kotlin/borg/trikeshed/net/tls/TLS13Protocol.kt:313:40 Unresolved reference. None of the following candidates is applicable because of a receiver type mismatch:
fun <T> Join<Int, Function1<Int, Join<Any?, TypeMemento>>>.get(column: Column<T>): T?
e: file:///Users/jim/work/v2superbikeshed/Trikeshed/src/commonMain/kotlin/borg/trikeshed/net/tls/TLS13Protocol.kt:313:55 Argument type mismatch: actual type is 'Byte', but 'K (of fun <K> WHEN_CALL)' was expected.
e: file:///Users/jim/work/v2superbikeshed/Trikeshed/src/commonMain/kotlin/borg/trikeshed/net/tls/TLS13Protocol.kt:319:22 Argument type mismatch: actual type is 'T? (of fun <T> Join<Int, Function1<Int, Join<Any?, TypeMemento>>>.get)', but 'Byte' was expected.
e: file:///Users/jim/work/v2superbikeshed/Trikeshed/src/commonMain/kotlin/borg/trikeshed/net/tls/TLS13Protocol.kt:319:22 Cannot infer type for this parameter. Specify it explicitly.
e: file:///Users/jim/work/v2superbikeshed/Trikeshed/src/commonMain/kotlin/borg/trikeshed/net/tls/TLS13Protocol.kt:319:22 Unresolved reference. None of the following candidates is applicable because of a receiver type mismatch:
fun <T> Join<Int, Function1<Int, Join<Any?, TypeMemento>>>.get(column: Column<T>): T?
e: file:///Users/jim/work/v2superbikeshed/Trikeshed/src/commonMain/kotlin/borg/trikeshed/net/tls/TLS13Protocol.kt:327:25 Cannot infer type for this parameter. Specify it explicitly.
e: file:///Users/jim/work/v2superbikeshed/Trikeshed/src/commonMain/kotlin/borg/trikeshed/net/tls/TLS13Protocol.kt:327:25 Unresolved reference. None of the following candidates is applicable because of a receiver type mismatch:
fun <T> Join<Int, Function1<Int, Join<Any?, TypeMemento>>>.get(column: Column<T>): T?
e: file:///Users/jim/work/v2superbikeshed/Trikeshed/src/commonMain/kotlin/borg/trikeshed/net/tls/TLS13Protocol.kt:328:29 Unresolved reference 'value'.
e: file:///Users/jim/work/v2superbikeshed/Trikeshed/src/commonMain/kotlin/borg/trikeshed/net/tls/TLS13Protocol.kt:329:28 Unresolved reference 'value'.
e: file:///Users/jim/work/v2superbikeshed/Trikeshed/src/commonMain/kotlin/borg/trikeshed/net/tls/TLS13Protocol.kt:335:22 Argument type mismatch: actual type is 'T? (of fun <T> Join<Int, Function1<Int, Join<Any?, TypeMemento>>>.get)', but 'Byte' was expected.
e: file:///Users/jim/work/v2superbikeshed/Trikeshed/src/commonMain/kotlin/borg/trikeshed/net/tls/TLS13Protocol.kt:335:22 Cannot infer type for this parameter. Specify it explicitly.
e: file:///Users/jim/work/v2superbikeshed/Trikeshed/src/commonMain/kotlin/borg/trikeshed/net/tls/TLS13Protocol.kt:335:22 Unresolved reference. None of the following candidates is applicable because of a receiver type mismatch:
fun <T> Join<Int, Function1<Int, Join<Any?, TypeMemento>>>.get(column: Column<T>): T?
e: file:///Users/jim/work/v2superbikeshed/Trikeshed/src/commonMain/kotlin/borg/trikeshed/net/tls/TLS13Protocol.kt:341:27 Cannot infer type for this parameter. Specify it explicitly.
e: file:///Users/jim/work/v2superbikeshed/Trikeshed/src/commonMain/kotlin/borg/trikeshed/net/tls/TLS13Protocol.kt:341:27 Unresolved reference. None of the following candidates is applicable because of a receiver type mismatch:
fun <T> Join<Int, Function1<Int, Join<Any?, TypeMemento>>>.get(column: Column<T>): T?
e: file:///Users/jim/work/v2superbikeshed/Trikeshed/src/commonMain/kotlin/borg/trikeshed/net/tls/TLS13Protocol.kt:341:41 Unresolved reference 'encode'.
e: file:///Users/jim/work/v2superbikeshed/Trikeshed/src/commonMain/kotlin/borg/trikeshed/net/tls/TLS13Protocol.kt:343:39 Argument type mismatch: actual type is 'V? (of fun <K, V> Map<out K, V>.get)', but 'Byte' was expected.
e: file:///Users/jim/work/v2superbikeshed/Trikeshed/src/commonMain/kotlin/borg/trikeshed/net/tls/TLS13Protocol.kt:343:39 Cannot infer type for this parameter. Specify it explicitly.
e: file:///Users/jim/work/v2superbikeshed/Trikeshed/src/commonMain/kotlin/borg/trikeshed/net/tls/TLS13Protocol.kt:375:22 Argument type mismatch: actual type is 'K (of fun <K> WHEN_CALL)', but 'Byte' was expected.
e: file:///Users/jim/work/v2superbikeshed/Trikeshed/src/commonMain/kotlin/borg/trikeshed/net/tls/TLS13Protocol.kt:375:40 Argument type mismatch: actual type is 'T? (of fun <T> Join<Int, Function1<Int, Join<Any?, TypeMemento>>>.get)', but 'K (of fun <K> WHEN_CALL)' was expected.
e: file:///Users/jim/work/v2superbikeshed/Trikeshed/src/commonMain/kotlin/borg/trikeshed/net/tls/TLS13Protocol.kt:375:40 Cannot infer type for this parameter. Specify it explicitly.
e: file:///Users/jim/work/v2superbikeshed/Trikeshed/src/commonMain/kotlin/borg/trikeshed/net/tls/TLS13Protocol.kt:375:40 Unresolved reference. None of the following candidates is applicable because of a receiver type mismatch:
fun <T> Join<Int, Function1<Int, Join<Any?, TypeMemento>>>.get(column: Column<T>): T?
e: file:///Users/jim/work/v2superbikeshed/Trikeshed/src/commonMain/kotlin/borg/trikeshed/net/tls/TLS13Protocol.kt:375:55 Argument type mismatch: actual type is 'Byte', but 'K (of fun <K> WHEN_CALL)' was expected.
e: file:///Users/jim/work/v2superbikeshed/Trikeshed/src/commonMain/kotlin/borg/trikeshed/net/tls/TLS13Protocol.kt:381:22 Argument type mismatch: actual type is 'T? (of fun <T> Join<Int, Function1<Int, Join<Any?, TypeMemento>>>.get)', but 'Byte' was expected.
e: file:///Users/jim/work/v2superbikeshed/Trikeshed/src/commonMain/kotlin/borg/trikeshed/net/tls/TLS13Protocol.kt:381:22 Cannot infer type for this parameter. Specify it explicitly.
e: file:///Users/jim/work/v2superbikeshed/Trikeshed/src/commonMain/kotlin/borg/trikeshed/net/tls/TLS13Protocol.kt:381:22 Unresolved reference. None of the following candidates is applicable because of a receiver type mismatch:
fun <T> Join<Int, Function1<Int, Join<Any?, TypeMemento>>>.get(column: Column<T>): T?
e: file:///Users/jim/work/v2superbikeshed/Trikeshed/src/commonMain/kotlin/borg/trikeshed/net/tls/TLS13Protocol.kt:394:27 Cannot infer type for this parameter. Specify it explicitly.
e: file:///Users/jim/work/v2superbikeshed/Trikeshed/src/commonMain/kotlin/borg/trikeshed/net/tls/TLS13Protocol.kt:394:27 Unresolved reference. None of the following candidates is applicable because of a receiver type mismatch:
fun <T> Join<Int, Function1<Int, Join<Any?, TypeMemento>>>.get(column: Column<T>): T?
e: file:///Users/jim/work/v2superbikeshed/Trikeshed/src/commonMain/kotlin/borg/trikeshed/net/tls/TLS13Protocol.kt:394:41 Unresolved reference 'encode'.
e: file:///Users/jim/work/v2superbikeshed/Trikeshed/src/commonMain/kotlin/borg/trikeshed/net/tls/TLS13Protocol.kt:396:39 Argument type mismatch: actual type is 'V? (of fun <K, V> Map<out K, V>.get)', but 'Byte' was expected.
e: file:///Users/jim/work/v2superbikeshed/Trikeshed/src/commonMain/kotlin/borg/trikeshed/net/tls/TLS13Protocol.kt:396:39 Cannot infer type for this parameter. Specify it explicitly.
e: file:///Users/jim/work/v2superbikeshed/Trikeshed/src/commonMain/kotlin/borg/trikeshed/net/tls/TLS13Protocol.kt:532:30 Argument type mismatch: actual type is 'T? (of fun <T> Join<Int, Function1<Int, Join<Any?, TypeMemento>>>.get)', but 'Byte' was expected.
e: file:///Users/jim/work/v2superbikeshed/Trikeshed/src/commonMain/kotlin/borg/trikeshed/net/tls/TLS13Protocol.kt:532:30 Cannot infer type for this parameter. Specify it explicitly.
e: file:///Users/jim/work/v2superbikeshed/Trikeshed/src/commonMain/kotlin/borg/trikeshed/net/tls/TLS13Protocol.kt:532:30 Unresolved reference. None of the following candidates is applicable because of a receiver type mismatch:
fun <T> Join<Int, Function1<Int, Join<Any?, TypeMemento>>>.get(column: Column<T>): T?
e: file:///Users/jim/work/v2superbikeshed/Trikeshed/src/commonMain/kotlin/borg/trikeshed/net/tls/TLS13Protocol.kt:618:31 Cannot infer type for this parameter. Specify it explicitly.
e: file:///Users/jim/work/v2superbikeshed/Trikeshed/src/commonMain/kotlin/borg/trikeshed/net/tls/TLS13Protocol.kt:618:45 Argument type mismatch: actual type is 'Join<Int, Function1<Int, Join<Any?, TypeMemento>>>', but 'Join<Int, Function1<Int, Byte>>' was expected.
e: file:///Users/jim/work/v2superbikeshed/Trikeshed/src/commonMain/kotlin/borg/trikeshed/net/tls/TLS13Protocol.kt:618:45 Cannot infer type for this parameter. Specify it explicitly.
e: file:///Users/jim/work/v2superbikeshed/Trikeshed/src/commonMain/kotlin/borg/trikeshed/net/tls/TLS13Protocol.kt:618:45 Unresolved reference. None of the following candidates is applicable because of a receiver type mismatch:
fun <T> Join<Int, Function1<Int, Join<Any?, TypeMemento>>>.get(column: Column<T>): T?
e: file:///Users/jim/work/v2superbikeshed/Trikeshed/src/commonMain/kotlin/borg/trikeshed/net/tls/TLS13Protocol.kt:660:48 Cannot infer type for this parameter. Specify it explicitly.
e: file:///Users/jim/work/v2superbikeshed/Trikeshed/src/commonMain/kotlin/borg/trikeshed/net/tls/TLS13Protocol.kt:660:48 Not enough information to infer type argument for 'T'.
e: file:///Users/jim/work/v2superbikeshed/Trikeshed/src/commonMain/kotlin/borg/trikeshed/net/tls/TLS13Protocol.kt:660:53 Cannot infer type for this parameter. Specify it explicitly.
e: file:///Users/jim/work/v2superbikeshed/Trikeshed/src/commonMain/kotlin/borg/trikeshed/net/tls/TLS13Protocol.kt:660:53 Not enough information to infer type argument for 'T'.
e: file:///Users/jim/work/v2superbikeshed/Trikeshed/src/commonMain/kotlin/borg/trikeshed/net/tls/TLS13Protocol.kt:660:73 Cannot infer type for this parameter. Specify it explicitly.
e: file:///Users/jim/work/v2superbikeshed/Trikeshed/src/commonMain/kotlin/borg/trikeshed/net/tls/TLS13Protocol.kt:660:73 Not enough information to infer type argument for 'T'.
e: file:///Users/jim/work/v2superbikeshed/Trikeshed/src/commonMain/kotlin/borg/trikeshed/net/tls/TLS13Protocol.kt:660:79 Cannot infer type for this parameter. Specify it explicitly.
e: file:///Users/jim/work/v2superbikeshed/Trikeshed/src/commonMain/kotlin/borg/trikeshed/net/tls/TLS13Protocol.kt:660:79 Function 'component1()' is ambiguous for this expression: 
fun <T> Array<out T>.component1(): T
fun ByteArray.component1(): Byte
fun ShortArray.component1(): Short
fun IntArray.component1(): Int
fun LongArray.component1(): Long
fun FloatArray.component1(): Float
fun DoubleArray.component1(): Double
fun BooleanArray.component1(): Boolean
fun CharArray.component1(): Char
fun <T> List<T>.component1(): T
fun UIntArray.component1(): UInt
fun ULongArray.component1(): ULong
fun UByteArray.component1(): UByte
fun UShortArray.component1(): UShort
fun <K, V> Map.Entry<K, V>.component1(): K.
e: file:///Users/jim/work/v2superbikeshed/Trikeshed/src/commonMain/kotlin/borg/trikeshed/net/tls/TLS13Protocol.kt:660:79 Function 'component2()' is ambiguous for this expression: 
fun <T> Array<out T>.component2(): T
fun ByteArray.component2(): Byte
fun ShortArray.component2(): Short
fun IntArray.component2(): Int
fun LongArray.component2(): Long
fun FloatArray.component2(): Float
fun DoubleArray.component2(): Double
fun BooleanArray.component2(): Boolean
fun CharArray.component2(): Char
fun <T> List<T>.component2(): T
fun UIntArray.component2(): UInt
fun ULongArray.component2(): ULong
fun UByteArray.component2(): UByte
fun UShortArray.component2(): UShort
fun <K, V> Map.Entry<K, V>.component2(): V.
e: file:///Users/jim/work/v2superbikeshed/Trikeshed/src/commonMain/kotlin/borg/trikeshed/net/tls/TLS13Protocol.kt:670:31 Cannot infer type for this parameter. Specify it explicitly.
e: file:///Users/jim/work/v2superbikeshed/Trikeshed/src/commonMain/kotlin/borg/trikeshed/net/tls/TLS13Protocol.kt:670:31 Unresolved reference. None of the following candidates is applicable because of a receiver type mismatch:
fun <T> Join<Int, Function1<Int, Join<Any?, TypeMemento>>>.get(column: Column<T>): T?
e: file:///Users/jim/work/v2superbikeshed/Trikeshed/src/commonMain/kotlin/borg/trikeshed/net/tls/TLS13Protocol.kt:675:15 Cannot infer type for this parameter. Specify it explicitly.
e: file:///Users/jim/work/v2superbikeshed/Trikeshed/src/commonMain/kotlin/borg/trikeshed/net/tls/TLS13Protocol.kt:675:15 Unresolved reference. None of the following candidates is applicable because of a receiver type mismatch:
fun <T> Join<Int, Function1<Int, Join<Any?, TypeMemento>>>.get(column: Column<T>): T?
e: file:///Users/jim/work/v2superbikeshed/Trikeshed/src/commonMain/kotlin/borg/trikeshed/net/tls/TLS13Protocol.kt:676:14 Cannot infer type for this parameter. Specify it explicitly.
e: file:///Users/jim/work/v2superbikeshed/Trikeshed/src/commonMain/kotlin/borg/trikeshed/net/tls/TLS13Protocol.kt:676:14 Unresolved reference. None of the following candidates is applicable because of a receiver type mismatch:
fun <T> Join<Int, Function1<Int, Join<Any?, TypeMemento>>>.get(column: Column<T>): T?
e: file:///Users/jim/work/v2superbikeshed/Trikeshed/src/commonMain/kotlin/borg/trikeshed/net/tls/TLS13Protocol.kt:684:34 Cannot infer type for this parameter. Specify it explicitly.
e: file:///Users/jim/work/v2superbikeshed/Trikeshed/src/commonMain/kotlin/borg/trikeshed/net/tls/TLS13Protocol.kt:684:34 Unresolved reference. None of the following candidates is applicable because of a receiver type mismatch:
fun <T> Join<Int, Function1<Int, Join<Any?, TypeMemento>>>.get(column: Column<T>): T?
e: file:///Users/jim/work/v2superbikeshed/Trikeshed/src/commonMain/kotlin/borg/trikeshed/net/tls/TLS13Protocol.kt:685:31 Cannot infer type for this parameter. Specify it explicitly.
e: file:///Users/jim/work/v2superbikeshed/Trikeshed/src/commonMain/kotlin/borg/trikeshed/net/tls/TLS13Protocol.kt:685:31 Unresolved reference. None of the following candidates is applicable because of a receiver type mismatch:
fun <T> Join<Int, Function1<Int, Join<Any?, TypeMemento>>>.get(column: Column<T>): T?
e: file:///Users/jim/work/v2superbikeshed/Trikeshed/src/commonMain/kotlin/borg/trikeshed/net/tls/TLS13Protocol.kt:692:20 Cannot infer type for this parameter. Specify it explicitly.
e: file:///Users/jim/work/v2superbikeshed/Trikeshed/src/commonMain/kotlin/borg/trikeshed/net/tls/TLS13Protocol.kt:692:20 Unresolved reference. None of the following candidates is applicable because of a receiver type mismatch:
fun <T> Join<Int, Function1<Int, Join<Any?, TypeMemento>>>.get(column: Column<T>): T?
e: file:///Users/jim/work/v2superbikeshed/Trikeshed/src/commonMain/kotlin/borg/trikeshed/net/tls/TLS13Protocol.kt:693:18 Cannot infer type for this parameter. Specify it explicitly.
e: file:///Users/jim/work/v2superbikeshed/Trikeshed/src/commonMain/kotlin/borg/trikeshed/net/tls/TLS13Protocol.kt:693:18 Unresolved reference. None of the following candidates is applicable because of a receiver type mismatch:
fun <T> Join<Int, Function1<Int, Join<Any?, TypeMemento>>>.get(column: Column<T>): T?
e: file:///Users/jim/work/v2superbikeshed/Trikeshed/src/commonMain/kotlin/borg/trikeshed/net/tls/TLS13Protocol.kt:697:31 Cannot infer type for this parameter. Specify it explicitly.
e: file:///Users/jim/work/v2superbikeshed/Trikeshed/src/commonMain/kotlin/borg/trikeshed/net/tls/TLS13Protocol.kt:697:31 Unresolved reference. None of the following candidates is applicable because of a receiver type mismatch:
fun <T> Join<Int, Function1<Int, Join<Any?, TypeMemento>>>.get(column: Column<T>): T?
e: file:///Users/jim/work/v2superbikeshed/Trikeshed/src/commonMain/kotlin/borg/trikeshed/net/tls/TLS13Protocol.kt:698:28 Cannot infer type for this parameter. Specify it explicitly.
e: file:///Users/jim/work/v2superbikeshed/Trikeshed/src/commonMain/kotlin/borg/trikeshed/net/tls/TLS13Protocol.kt:698:28 Unresolved reference. None of the following candidates is applicable because of a receiver type mismatch:
fun <T> Join<Int, Function1<Int, Join<Any?, TypeMemento>>>.get(column: Column<T>): T?
e: file:///Users/jim/work/v2superbikeshed/Trikeshed/src/commonMain/kotlin/borg/trikeshed/net/tls/TLS13Protocol.kt:705:28 Cannot infer type for this parameter. Specify it explicitly.
e: file:///Users/jim/work/v2superbikeshed/Trikeshed/src/commonMain/kotlin/borg/trikeshed/net/tls/TLS13Protocol.kt:705:28 Unresolved reference. None of the following candidates is applicable because of a receiver type mismatch:
fun <T> Join<Int, Function1<Int, Join<Any?, TypeMemento>>>.get(column: Column<T>): T?
e: file:///Users/jim/work/v2superbikeshed/Trikeshed/src/commonMain/kotlin/borg/trikeshed/net/tls/TLS13Protocol.kt:706:26 Cannot infer type for this parameter. Specify it explicitly.
e: file:///Users/jim/work/v2superbikeshed/Trikeshed/src/commonMain/kotlin/borg/trikeshed/net/tls/TLS13Protocol.kt:706:26 Unresolved reference. None of the following candidates is applicable because of a receiver type mismatch:
fun <T> Join<Int, Function1<Int, Join<Any?, TypeMemento>>>.get(column: Column<T>): T?
e: file:///Users/jim/work/v2superbikeshed/Trikeshed/src/commonMain/kotlin/borg/trikeshed/net/tls/TLS13Protocol.kt:710:47 Cannot infer type for this parameter. Specify it explicitly.
e: file:///Users/jim/work/v2superbikeshed/Trikeshed/src/commonMain/kotlin/borg/trikeshed/net/tls/TLS13Protocol.kt:710:47 Unresolved reference. None of the following candidates is applicable because of a receiver type mismatch:
fun <T> Join<Int, Function1<Int, Join<Any?, TypeMemento>>>.get(column: Column<T>): T?
e: file:///Users/jim/work/v2superbikeshed/Trikeshed/src/commonMain/kotlin/borg/trikeshed/net/tls/TLS13Protocol.kt:711:44 Cannot infer type for this parameter. Specify it explicitly.
e: file:///Users/jim/work/v2superbikeshed/Trikeshed/src/commonMain/kotlin/borg/trikeshed/net/tls/TLS13Protocol.kt:711:44 Unresolved reference. None of the following candidates is applicable because of a receiver type mismatch:
fun <T> Join<Int, Function1<Int, Join<Any?, TypeMemento>>>.get(column: Column<T>): T?
e: file:///Users/jim/work/v2superbikeshed/Trikeshed/src/commonMain/kotlin/borg/trikeshed/net/tls/TLS13Protocol.kt:714:61 Cannot infer type for this parameter. Specify it explicitly.
e: file:///Users/jim/work/v2superbikeshed/Trikeshed/src/commonMain/kotlin/borg/trikeshed/net/tls/TLS13Protocol.kt:714:75 Argument type mismatch: actual type is 'Join<Int, Function1<Int, Join<Any?, TypeMemento>>>', but 'Join<Int, Function1<Int, Byte>>' was expected.
e: file:///Users/jim/work/v2superbikeshed/Trikeshed/src/commonMain/kotlin/borg/trikeshed/net/tls/TLS13Protocol.kt:714:75 Cannot infer type for this parameter. Specify it explicitly.
e: file:///Users/jim/work/v2superbikeshed/Trikeshed/src/commonMain/kotlin/borg/trikeshed/net/tls/TLS13Protocol.kt:714:75 Unresolved reference. None of the following candidates is applicable because of a receiver type mismatch:
fun <T> Join<Int, Function1<Int, Join<Any?, TypeMemento>>>.get(column: Column<T>): T?
e: file:///Users/jim/work/v2superbikeshed/Trikeshed/src/commonMain/kotlin/borg/trikeshed/net/tls/TLS13Protocol.kt:836:32 Argument type mismatch: actual type is 'T? (of fun <T> Join<Int, Function1<Int, Join<Any?, TypeMemento>>>.get)', but 'Byte' was expected.
e: file:///Users/jim/work/v2superbikeshed/Trikeshed/src/commonMain/kotlin/borg/trikeshed/net/tls/TLS13Protocol.kt:836:32 Cannot infer type for this parameter. Specify it explicitly.
e: file:///Users/jim/work/v2superbikeshed/Trikeshed/src/commonMain/kotlin/borg/trikeshed/net/tls/TLS13Protocol.kt:836:32 Unresolved reference. None of the following candidates is applicable because of a receiver type mismatch:
fun <T> Join<Int, Function1<Int, Join<Any?, TypeMemento>>>.get(column: Column<T>): T?
e: file:///Users/jim/work/v2superbikeshed/Trikeshed/src/commonMain/kotlin/borg/trikeshed/net/tls/TLS13Protocol.kt:909:22 Argument type mismatch: actual type is 'T? (of fun <T> Join<Int, Function1<Int, Join<Any?, TypeMemento>>>.get)', but 'Byte' was expected.
e: file:///Users/jim/work/v2superbikeshed/Trikeshed/src/commonMain/kotlin/borg/trikeshed/net/tls/TLS13Protocol.kt:909:22 Cannot infer type for this parameter. Specify it explicitly.
e: file:///Users/jim/work/v2superbikeshed/Trikeshed/src/commonMain/kotlin/borg/trikeshed/net/tls/TLS13Protocol.kt:909:22 Unresolved reference. None of the following candidates is applicable because of a receiver type mismatch:
fun <T> Join<Int, Function1<Int, Join<Any?, TypeMemento>>>.get(column: Column<T>): T?
e: file:///Users/jim/work/v2superbikeshed/Trikeshed/src/commonMain/kotlin/borg/trikeshed/net/tls/TLS13Protocol.kt:916:22 Argument type mismatch: actual type is 'T? (of fun <T> Join<Int, Function1<Int, Join<Any?, TypeMemento>>>.get)', but 'Byte' was expected.
e: file:///Users/jim/work/v2superbikeshed/Trikeshed/src/commonMain/kotlin/borg/trikeshed/net/tls/TLS13Protocol.kt:916:22 Cannot infer type for this parameter. Specify it explicitly.
e: file:///Users/jim/work/v2superbikeshed/Trikeshed/src/commonMain/kotlin/borg/trikeshed/net/tls/TLS13Protocol.kt:916:22 Unresolved reference. None of the following candidates is applicable because of a receiver type mismatch:
fun <T> Join<Int, Function1<Int, Join<Any?, TypeMemento>>>.get(column: Column<T>): T?
e: file:///Users/jim/work/v2superbikeshed/Trikeshed/src/commonMain/kotlin/borg/trikeshed/net/tls/TLS13Protocol.kt:922:27 Cannot infer type for this parameter. Specify it explicitly.
e: file:///Users/jim/work/v2superbikeshed/Trikeshed/src/commonMain/kotlin/borg/trikeshed/net/tls/TLS13Protocol.kt:922:27 Unresolved reference. None of the following candidates is applicable because of a receiver type mismatch:
fun <T> Join<Int, Function1<Int, Join<Any?, TypeMemento>>>.get(column: Column<T>): T?
e: file:///Users/jim/work/v2superbikeshed/Trikeshed/src/commonMain/kotlin/borg/trikeshed/net/tls/TLS13Protocol.kt:922:41 Unresolved reference 'encode'.
e: file:///Users/jim/work/v2superbikeshed/Trikeshed/src/commonMain/kotlin/borg/trikeshed/net/tls/TLS13Protocol.kt:924:39 Argument type mismatch: actual type is 'V? (of fun <K, V> Map<out K, V>.get)', but 'Byte' was expected.
e: file:///Users/jim/work/v2superbikeshed/Trikeshed/src/commonMain/kotlin/borg/trikeshed/net/tls/TLS13Protocol.kt:924:39 Cannot infer type for this parameter. Specify it explicitly.
e: file:///Users/jim/work/v2superbikeshed/Trikeshed/src/commonMain/kotlin/borg/trikeshed/nio/spi/SimpleNioDemo.kt:12:24 Unresolved reference 'JvmNioProvider'.
e: file:///Users/jim/work/v2superbikeshed/Trikeshed/src/commonMain/kotlin/borg/trikeshed/parse/BashBracePacker.kt:24:39 Cannot infer type for this parameter. Specify it explicitly.
e: file:///Users/jim/work/v2superbikeshed/Trikeshed/src/commonMain/kotlin/borg/trikeshed/parse/BashBracePacker.kt:24:39 Unresolved reference. None of the following candidates is applicable because of a receiver type mismatch:
fun <T> Join<Int, Function1<Int, Join<Any?, TypeMemento>>>.get(column: Column<T>): T?
e: file:///Users/jim/work/v2superbikeshed/Trikeshed/src/commonMain/kotlin/borg/trikeshed/parse/Parser.kt:26:33 Cannot infer type for this parameter. Specify it explicitly.
e: file:///Users/jim/work/v2superbikeshed/Trikeshed/src/commonMain/kotlin/borg/trikeshed/parse/Parser.kt:26:33 Unresolved reference. None of the following candidates is applicable because of a receiver type mismatch:
fun <T> Join<Int, Function1<Int, Join<Any?, TypeMemento>>>.get(column: Column<T>): T?
e: file:///Users/jim/work/v2superbikeshed/Trikeshed/src/commonMain/kotlin/borg/trikeshed/parse/Parser.kt:27:31 Unresolved reference 'type'.
e: file:///Users/jim/work/v2superbikeshed/Trikeshed/src/commonMain/kotlin/borg/trikeshed/parse/Parser.kt:28:74 Argument type mismatch: actual type is 'Token?', but 'Token' was expected.
e: file:///Users/jim/work/v2superbikeshed/Trikeshed/src/commonMain/kotlin/borg/trikeshed/parse/Parser.kt:28:74 Unresolved reference. None of the following candidates is applicable because of a receiver type mismatch:
fun <T> Join<Int, Function1<Int, Join<Any?, TypeMemento>>>.get(column: Column<T>): T?
e: file:///Users/jim/work/v2superbikeshed/Trikeshed/src/commonMain/kotlin/borg/trikeshed/parse/Parser.kt:73:33 None of the following candidates is applicable:
fun ByteArray.toIdx(): Join<Int, Function1<Int, Byte>>
fun IntArray.toIdx(): Join<Int, Function1<Int, Int>>
e: file:///Users/jim/work/v2superbikeshed/Trikeshed/src/commonMain/kotlin/borg/trikeshed/parse/Parser.kt:94:29 Cannot infer type for this parameter. Specify it explicitly.
e: file:///Users/jim/work/v2superbikeshed/Trikeshed/src/commonMain/kotlin/borg/trikeshed/parse/Parser.kt:94:29 Unresolved reference. None of the following candidates is applicable because of a receiver type mismatch:
fun <T> Join<Int, Function1<Int, Join<Any?, TypeMemento>>>.get(column: Column<T>): T?
e: file:///Users/jim/work/v2superbikeshed/Trikeshed/src/commonMain/kotlin/borg/trikeshed/parse/Parser.kt:95:27 Unresolved reference 'type'.
e: file:///Users/jim/work/v2superbikeshed/Trikeshed/src/commonMain/kotlin/borg/trikeshed/parse/Parser.kt:96:39 Unresolved reference 'literal'.
e: file:///Users/jim/work/v2superbikeshed/Trikeshed/src/commonMain/kotlin/borg/trikeshed/parse/Parser.kt:96:78 Argument type mismatch: actual type is 'Token?', but 'Token' was expected.
e: file:///Users/jim/work/v2superbikeshed/Trikeshed/src/commonMain/kotlin/borg/trikeshed/parse/Parser.kt:96:78 Unresolved reference. None of the following candidates is applicable because of a receiver type mismatch:
fun <T> Join<Int, Function1<Int, Join<Any?, TypeMemento>>>.get(column: Column<T>): T?
e: file:///Users/jim/work/v2superbikeshed/Trikeshed/src/commonMain/kotlin/borg/trikeshed/parse/Parser.kt:123:69 None of the following candidates is applicable:
fun ByteArray.toIdx(): Join<Int, Function1<Int, Byte>>
fun IntArray.toIdx(): Join<Int, Function1<Int, Int>>
e: file:///Users/jim/work/v2superbikeshed/Trikeshed/src/commonMain/kotlin/borg/trikeshed/parse/Parser.kt:130:69 None of the following candidates is applicable:
fun ByteArray.toIdx(): Join<Int, Function1<Int, Byte>>
fun IntArray.toIdx(): Join<Int, Function1<Int, Int>>
e: file:///Users/jim/work/v2superbikeshed/Trikeshed/src/commonMain/kotlin/borg/trikeshed/parse/Parser.kt:151:66 None of the following candidates is applicable:
fun ByteArray.toIdx(): Join<Int, Function1<Int, Byte>>
fun IntArray.toIdx(): Join<Int, Function1<Int, Int>>
e: file:///Users/jim/work/v2superbikeshed/Trikeshed/src/commonMain/kotlin/borg/trikeshed/parse/Parser.kt:171:30 Overload resolution ambiguity between candidates:
fun <X, C, V : Join<Int, Function1<Int, X>>> V.α(crossinline xform: (X) -> C): Join<Int, Function1<Int, C>>
fun <X, C, V : Join<Int, Function1<Int, X>>> V.α(crossinline xform: (X) -> C): Join<Int, Function1<Int, C>>
e: file:///Users/jim/work/v2superbikeshed/Trikeshed/src/commonMain/kotlin/borg/trikeshed/parse/Parser.kt:171:40 Unresolved reference 'it'.
e: file:///Users/jim/work/v2superbikeshed/Trikeshed/src/commonMain/kotlin/borg/trikeshed/parse/Parser.kt:184:55 None of the following candidates is applicable:
fun ByteArray.toIdx(): Join<Int, Function1<Int, Byte>>
fun IntArray.toIdx(): Join<Int, Function1<Int, Int>>
e: file:///Users/jim/work/v2superbikeshed/Trikeshed/src/commonMain/kotlin/borg/trikeshed/parse/bbcursive/Allocator.kt:5:27 Unresolved reference 'lim'.
e: file:///Users/jim/work/v2superbikeshed/Trikeshed/src/commonMain/kotlin/borg/trikeshed/parse/bbcursive/Allocator.kt:6:27 Unresolved reference 'pos'.
e: file:///Users/jim/work/v2superbikeshed/Trikeshed/src/commonMain/kotlin/borg/trikeshed/parse/bbcursive/Allocator.kt:8:27 Unresolved reference 'duplicate'.
e: file:///Users/jim/work/v2superbikeshed/Trikeshed/src/commonMain/kotlin/borg/trikeshed/parse/bbcursive/Allocator.kt:9:27 Unresolved reference 'put'.
e: file:///Users/jim/work/v2superbikeshed/Trikeshed/src/commonMain/kotlin/borg/trikeshed/parse/bbcursive/Allocator.kt:10:27 Unresolved reference 'rew'.
e: file:///Users/jim/work/v2superbikeshed/Trikeshed/src/commonMain/kotlin/borg/trikeshed/parse/bbcursive/Allocator.kt:23:35 Unresolved reference 'Runtime'.
e: file:///Users/jim/work/v2superbikeshed/Trikeshed/src/commonMain/kotlin/borg/trikeshed/parse/bbcursive/Allocator.kt:26:71 Overload resolution ambiguity between candidates:
fun ByteArray.toIndexed(): Join<Int, Function1<Int, Byte>>
fun <T> Any.toIndexed(): Join<Int, Function1<Int, T>>
fun ByteArray.toIndexed(): Join<Int, Function1<Int, Byte>>
e: file:///Users/jim/work/v2superbikeshed/Trikeshed/src/commonMain/kotlin/borg/trikeshed/parse/bbcursive/Allocator.kt:26:84 Unresolved reference 'ro'.
e: file:///Users/jim/work/v2superbikeshed/Trikeshed/src/commonMain/kotlin/borg/trikeshed/parse/bbcursive/Allocator.kt:43:60 Overload resolution ambiguity between candidates:
fun ByteArray.toIndexed(): Join<Int, Function1<Int, Byte>>
fun <T> Any.toIndexed(): Join<Int, Function1<Int, T>>
fun ByteArray.toIndexed(): Join<Int, Function1<Int, Byte>>
e: file:///Users/jim/work/v2superbikeshed/Trikeshed/src/commonMain/kotlin/borg/trikeshed/parse/bbcursive/Allocator.kt:43:73 Unresolved reference 'lim'.
e: file:///Users/jim/work/v2superbikeshed/Trikeshed/src/commonMain/kotlin/borg/trikeshed/parse/bbcursive/Allocator.kt:46:17 Unresolved reference 'System'.
e: file:///Users/jim/work/v2superbikeshed/Trikeshed/src/commonMain/kotlin/borg/trikeshed/parse/bbcursive/Allocator.kt:50:24 Unresolved reference 'Math'.
e: file:///Users/jim/work/v2superbikeshed/Trikeshed/src/commonMain/kotlin/borg/trikeshed/parse/bbcursive/Allocator.kt:51:17 Unresolved reference 'System'.
e: file:///Users/jim/work/v2superbikeshed/Trikeshed/src/commonMain/kotlin/borg/trikeshed/parse/bbcursive/Allocator.kt:53:24 Unresolved reference 'Math'.
e: file:///Users/jim/work/v2superbikeshed/Trikeshed/src/commonMain/kotlin/borg/trikeshed/parse/bbcursive/Allocator.kt:54:17 Unresolved reference 'System'.
e: file:///Users/jim/work/v2superbikeshed/Trikeshed/src/commonMain/kotlin/borg/trikeshed/parse/bbcursive/Allocator.kt:69:60 Overload resolution ambiguity between candidates:
fun ByteArray.toIndexed(): Join<Int, Function1<Int, Byte>>
fun <T> Any.toIndexed(): Join<Int, Function1<Int, T>>
fun ByteArray.toIndexed(): Join<Int, Function1<Int, Byte>>
e: file:///Users/jim/work/v2superbikeshed/Trikeshed/src/commonMain/kotlin/borg/trikeshed/parse/bbcursive/Allocator.kt:69:73 Unresolved reference 'lim'.
e: file:///Users/jim/work/v2superbikeshed/Trikeshed/src/commonMain/kotlin/borg/trikeshed/parse/bbcursive/Allocator.kt:72:17 Unresolved reference 'System'.
e: file:///Users/jim/work/v2superbikeshed/Trikeshed/src/commonMain/kotlin/borg/trikeshed/parse/bbcursive/Allocator.kt:76:24 Unresolved reference 'Math'.
e: file:///Users/jim/work/v2superbikeshed/Trikeshed/src/commonMain/kotlin/borg/trikeshed/parse/bbcursive/Allocator.kt:77:17 Unresolved reference 'System'.
e: file:///Users/jim/work/v2superbikeshed/Trikeshed/src/commonMain/kotlin/borg/trikeshed/parse/bbcursive/Allocator.kt:79:24 Unresolved reference 'Math'.
e: file:///Users/jim/work/v2superbikeshed/Trikeshed/src/commonMain/kotlin/borg/trikeshed/parse/bbcursive/Allocator.kt:80:17 Unresolved reference 'System'.
e: file:///Users/jim/work/v2superbikeshed/Trikeshed/src/commonMain/kotlin/borg/trikeshed/parse/bbcursive/Allocator.kt:92:38 No value passed for parameter 'range'.
e: file:///Users/jim/work/v2superbikeshed/Trikeshed/src/commonMain/kotlin/borg/trikeshed/parse/bbcursive/Allocator.kt:92:41 Unresolved reference 'lim'.
e: file:///Users/jim/work/v2superbikeshed/Trikeshed/src/commonMain/kotlin/borg/trikeshed/parse/bbcursive/Cursive.kt:6:27 Unresolved reference 'pos'.
e: file:///Users/jim/work/v2superbikeshed/Trikeshed/src/commonMain/kotlin/borg/trikeshed/parse/bbcursive/Cursive.kt:7:27 Unresolved reference 'rem'.
e: file:///Users/jim/work/v2superbikeshed/Trikeshed/src/commonMain/kotlin/borg/trikeshed/parse/bbcursive/Cursive.kt:8:27 Unresolved reference 'rew'.
e: file:///Users/jim/work/v2superbikeshed/Trikeshed/src/commonMain/kotlin/borg/trikeshed/parse/bbcursive/Cursive.kt:15:1 Functional interface must have exactly one abstract function.
e: file:///Users/jim/work/v2superbikeshed/Trikeshed/src/commonMain/kotlin/borg/trikeshed/parse/bbcursive/Cursive.kt:15:25 Unresolved reference 'UnaryOperator'.
e: file:///Users/jim/work/v2superbikeshed/Trikeshed/src/commonMain/kotlin/borg/trikeshed/parse/bbcursive/Cursive.kt:18:13 'invoke' overrides nothing.
e: file:///Users/jim/work/v2superbikeshed/Trikeshed/src/commonMain/kotlin/borg/trikeshed/parse/bbcursive/Cursive.kt:18:88 Unresolved reference 'duplicate'.
e: file:///Users/jim/work/v2superbikeshed/Trikeshed/src/commonMain/kotlin/borg/trikeshed/parse/bbcursive/Cursive.kt:21:13 'invoke' overrides nothing.
e: file:///Users/jim/work/v2superbikeshed/Trikeshed/src/commonMain/kotlin/borg/trikeshed/parse/bbcursive/Cursive.kt:24:13 'invoke' overrides nothing.
e: file:///Users/jim/work/v2superbikeshed/Trikeshed/src/commonMain/kotlin/borg/trikeshed/parse/bbcursive/Cursive.kt:24:88 None of the following candidates is applicable:
fun <T> Array<out T>.slice(indices: IntRange): List<T>
fun ByteArray.slice(indices: IntRange): List<Byte>
fun ShortArray.slice(indices: IntRange): List<Short>
fun IntArray.slice(indices: IntRange): List<Int>
fun LongArray.slice(indices: IntRange): List<Long>
fun FloatArray.slice(indices: IntRange): List<Float>
fun DoubleArray.slice(indices: IntRange): List<Double>
fun BooleanArray.slice(indices: IntRange): List<Boolean>
fun CharArray.slice(indices: IntRange): List<Char>
fun <T> Array<out T>.slice(indices: Iterable<Int>): List<T>
fun ByteArray.slice(indices: Iterable<Int>): List<Byte>
fun ShortArray.slice(indices: Iterable<Int>): List<Short>
fun IntArray.slice(indices: Iterable<Int>): List<Int>
fun LongArray.slice(indices: Iterable<Int>): List<Long>
fun FloatArray.slice(indices: Iterable<Int>): List<Float>
fun DoubleArray.slice(indices: Iterable<Int>): List<Double>
fun BooleanArray.slice(indices: Iterable<Int>): List<Boolean>
fun CharArray.slice(indices: Iterable<Int>): List<Char>
fun <T> List<T>.slice(indices: IntRange): List<T>
fun <T> List<T>.slice(indices: Iterable<Int>): List<T>
fun UIntArray.slice(indices: IntRange): List<UInt>
fun ULongArray.slice(indices: IntRange): List<ULong>
fun UByteArray.slice(indices: IntRange): List<UByte>
fun UShortArray.slice(indices: IntRange): List<UShort>
fun UIntArray.slice(indices: Iterable<Int>): List<UInt>
fun ULongArray.slice(indices: Iterable<Int>): List<ULong>
fun UByteArray.slice(indices: Iterable<Int>): List<UByte>
fun UShortArray.slice(indices: Iterable<Int>): List<UShort>
fun CharSequence.slice(indices: IntRange): CharSequence
fun String.slice(indices: IntRange): String
fun CharSequence.slice(indices: Iterable<Int>): CharSequence
fun String.slice(indices: Iterable<Int>): String
e: file:///Users/jim/work/v2superbikeshed/Trikeshed/src/commonMain/kotlin/borg/trikeshed/parse/bbcursive/Cursive.kt:27:13 'invoke' overrides nothing.
e: file:///Users/jim/work/v2superbikeshed/Trikeshed/src/commonMain/kotlin/borg/trikeshed/parse/bbcursive/Cursive.kt:30:13 'invoke' overrides nothing.
e: file:///Users/jim/work/v2superbikeshed/Trikeshed/src/commonMain/kotlin/borg/trikeshed/parse/bbcursive/Cursive.kt:30:88 Cannot infer type for this parameter. Specify it explicitly.
e: file:///Users/jim/work/v2superbikeshed/Trikeshed/src/commonMain/kotlin/borg/trikeshed/parse/bbcursive/Cursive.kt:30:91 No value passed for parameter 'value'.
e: file:///Users/jim/work/v2superbikeshed/Trikeshed/src/commonMain/kotlin/borg/trikeshed/parse/bbcursive/Cursive.kt:36:13 'invoke' overrides nothing.
e: file:///Users/jim/work/v2superbikeshed/Trikeshed/src/commonMain/kotlin/borg/trikeshed/parse/bbcursive/Cursive.kt:36:88 Cannot infer type for this parameter. Specify it explicitly.
e: file:///Users/jim/work/v2superbikeshed/Trikeshed/src/commonMain/kotlin/borg/trikeshed/parse/bbcursive/Cursive.kt:36:91 No value passed for parameter 'value'.
e: file:///Users/jim/work/v2superbikeshed/Trikeshed/src/commonMain/kotlin/borg/trikeshed/parse/bbcursive/Cursive.kt:42:13 'invoke' overrides nothing.
e: file:///Users/jim/work/v2superbikeshed/Trikeshed/src/commonMain/kotlin/borg/trikeshed/parse/bbcursive/Cursive.kt:43:17 Unresolved reference 'System'.
e: file:///Users/jim/work/v2superbikeshed/Trikeshed/src/commonMain/kotlin/borg/trikeshed/parse/bbcursive/Cursive.kt:48:13 'invoke' overrides nothing.
e: file:///Users/jim/work/v2superbikeshed/Trikeshed/src/commonMain/kotlin/borg/trikeshed/parse/bbcursive/Cursive.kt:48:88 Unresolved reference 'ro'.
e: file:///Users/jim/work/v2superbikeshed/Trikeshed/src/commonMain/kotlin/borg/trikeshed/parse/bbcursive/Cursive.kt:57:13 'invoke' overrides nothing.
e: file:///Users/jim/work/v2superbikeshed/Trikeshed/src/commonMain/kotlin/borg/trikeshed/parse/bbcursive/Cursive.kt:59:54 Cannot infer type for this parameter. Specify it explicitly.
e: file:///Users/jim/work/v2superbikeshed/Trikeshed/src/commonMain/kotlin/borg/trikeshed/parse/bbcursive/Cursive.kt:59:57 No value passed for parameter 'column'.
e: file:///Users/jim/work/v2superbikeshed/Trikeshed/src/commonMain/kotlin/borg/trikeshed/parse/bbcursive/Cursive.kt:64:28 Suspend function 'suspend fun bb(b: ByteIndexedBuffer, vararg ops: ERROR CLASS: Symbol not found for UnaryOperator): ByteIndexedBuffer?' can only be called from a coroutine or another suspend function.
e: file:///Users/jim/work/v2superbikeshed/Trikeshed/src/commonMain/kotlin/borg/trikeshed/parse/bbcursive/Cursive.kt:68:13 'invoke' overrides nothing.
e: file:///Users/jim/work/v2superbikeshed/Trikeshed/src/commonMain/kotlin/borg/trikeshed/parse/bbcursive/Cursive.kt:71:13 'invoke' overrides nothing.
e: file:///Users/jim/work/v2superbikeshed/Trikeshed/src/commonMain/kotlin/borg/trikeshed/parse/bbcursive/Cursive.kt:72:55 Cannot infer type for this parameter. Specify it explicitly.
e: file:///Users/jim/work/v2superbikeshed/Trikeshed/src/commonMain/kotlin/borg/trikeshed/parse/bbcursive/Cursive.kt:72:58 No value passed for parameter 'column'.
e: file:///Users/jim/work/v2superbikeshed/Trikeshed/src/commonMain/kotlin/borg/trikeshed/parse/bbcursive/Cursive.kt:81:13 'invoke' overrides nothing.
e: file:///Users/jim/work/v2superbikeshed/Trikeshed/src/commonMain/kotlin/borg/trikeshed/parse/bbcursive/Cursive.kt:82:62 Cannot infer type for this parameter. Specify it explicitly.
e: file:///Users/jim/work/v2superbikeshed/Trikeshed/src/commonMain/kotlin/borg/trikeshed/parse/bbcursive/Cursive.kt:82:65 No value passed for parameter 'column'.
e: file:///Users/jim/work/v2superbikeshed/Trikeshed/src/commonMain/kotlin/borg/trikeshed/parse/bbcursive/Cursive.kt:91:13 'invoke' overrides nothing.
e: file:///Users/jim/work/v2superbikeshed/Trikeshed/src/commonMain/kotlin/borg/trikeshed/parse/bbcursive/Cursive.kt:92:62 Cannot infer type for this parameter. Specify it explicitly.
e: file:///Users/jim/work/v2superbikeshed/Trikeshed/src/commonMain/kotlin/borg/trikeshed/parse/bbcursive/Cursive.kt:92:65 No value passed for parameter 'column'.
e: file:///Users/jim/work/v2superbikeshed/Trikeshed/src/commonMain/kotlin/borg/trikeshed/parse/bbcursive/Cursive.kt:97:13 'invoke' overrides nothing.
e: file:///Users/jim/work/v2superbikeshed/Trikeshed/src/commonMain/kotlin/borg/trikeshed/parse/bbcursive/Cursive.kt:103:13 'invoke' overrides nothing.
e: file:///Users/jim/work/v2superbikeshed/Trikeshed/src/commonMain/kotlin/borg/trikeshed/parse/bbcursive/Cursive.kt:109:13 'invoke' overrides nothing.
e: file:///Users/jim/work/v2superbikeshed/Trikeshed/src/commonMain/kotlin/borg/trikeshed/parse/bbcursive/Cursive.kt:116:13 'invoke' overrides nothing.
e: file:///Users/jim/work/v2superbikeshed/Trikeshed/src/commonMain/kotlin/borg/trikeshed/parse/bbcursive/Cursive.kt:119:13 'invoke' overrides nothing.
e: file:///Users/jim/work/v2superbikeshed/Trikeshed/src/commonMain/kotlin/borg/trikeshed/parse/bbcursive/Cursive.kt:120:47 Unresolved reference 'Character'.
e: file:///Users/jim/work/v2superbikeshed/Trikeshed/src/commonMain/kotlin/borg/trikeshed/parse/bbcursive/Cursive.kt:120:72 Cannot infer type for this parameter. Specify it explicitly.
e: file:///Users/jim/work/v2superbikeshed/Trikeshed/src/commonMain/kotlin/borg/trikeshed/parse/bbcursive/Cursive.kt:120:75 No value passed for parameter 'column'.
e: file:///Users/jim/work/v2superbikeshed/Trikeshed/src/commonMain/kotlin/borg/trikeshed/parse/bbcursive/Cursive.kt:129:13 'invoke' overrides nothing.
e: file:///Users/jim/work/v2superbikeshed/Trikeshed/src/commonMain/kotlin/borg/trikeshed/parse/bbcursive/Cursive.kt:129:88 Unresolved reference 'compact'.
e: file:///Users/jim/work/v2superbikeshed/Trikeshed/src/commonMain/kotlin/borg/trikeshed/parse/bbcursive/Cursive.kt:132:13 'invoke' overrides nothing.
e: file:///Users/jim/work/v2superbikeshed/Trikeshed/src/commonMain/kotlin/borg/trikeshed/parse/bbcursive/Cursive.kt:132:88 Cannot infer type for this parameter. Specify it explicitly.
e: file:///Users/jim/work/v2superbikeshed/Trikeshed/src/commonMain/kotlin/borg/trikeshed/parse/bbcursive/Cursive.kt:132:91 No value passed for parameter 'value'.
e: file:///Users/jim/work/v2superbikeshed/Trikeshed/src/commonMain/kotlin/borg/trikeshed/parse/bbcursive/Cursive.kt:135:13 'invoke' overrides nothing.
e: file:///Users/jim/work/v2superbikeshed/Trikeshed/src/commonMain/kotlin/borg/trikeshed/parse/bbcursive/Cursive.kt:135:88 Cannot infer type for this parameter. Specify it explicitly.
e: file:///Users/jim/work/v2superbikeshed/Trikeshed/src/commonMain/kotlin/borg/trikeshed/parse/bbcursive/Cursive.kt:135:91 No value passed for parameter 'value'.
e: file:///Users/jim/work/v2superbikeshed/Trikeshed/src/commonMain/kotlin/borg/trikeshed/parse/bbcursive/Cursive.kt:138:13 'invoke' overrides nothing.
e: file:///Users/jim/work/v2superbikeshed/Trikeshed/src/commonMain/kotlin/borg/trikeshed/parse/bbcursive/Cursive.kt:141:13 'invoke' overrides nothing.
e: file:///Users/jim/work/v2superbikeshed/Trikeshed/src/commonMain/kotlin/borg/trikeshed/parse/bbcursive/Cursive.kt:144:13 'invoke' overrides nothing.
e: file:///Users/jim/work/v2superbikeshed/Trikeshed/src/commonMain/kotlin/borg/trikeshed/parse/bbcursive/Cursive.kt:144:88 Unresolved reference 'ro'.
e: file:///Users/jim/work/v2superbikeshed/Trikeshed/src/commonMain/kotlin/borg/trikeshed/parse/bbcursive/Cursive.kt:150:13 'invoke' overrides nothing.
e: file:///Users/jim/work/v2superbikeshed/Trikeshed/src/commonMain/kotlin/borg/trikeshed/parse/bbcursive/Cursive.kt:152:28 Unresolved reference 'put'.
e: file:///Users/jim/work/v2superbikeshed/Trikeshed/src/commonMain/kotlin/borg/trikeshed/parse/bbcursive/Cursive.kt:161:13 'invoke' overrides nothing.
e: file:///Users/jim/work/v2superbikeshed/Trikeshed/src/commonMain/kotlin/borg/trikeshed/parse/bbcursive/Cursive.kt:165:28 Unresolved reference 'put'.
e: file:///Users/jim/work/v2superbikeshed/Trikeshed/src/commonMain/kotlin/borg/trikeshed/parse/bbcursive/lib/Int.kt:3:8 Unresolved reference 'java'.
e: file:///Users/jim/work/v2superbikeshed/Trikeshed/src/commonMain/kotlin/borg/trikeshed/parse/bbcursive/lib/Int.kt:9:21 Unresolved reference 'ByteBuffer'.
e: file:///Users/jim/work/v2superbikeshed/Trikeshed/src/commonMain/kotlin/borg/trikeshed/parse/bbcursive/lib/Int.kt:14:15 Unresolved reference 'hasRemaining'.
e: file:///Users/jim/work/v2superbikeshed/Trikeshed/src/commonMain/kotlin/borg/trikeshed/parse/bbcursive/lib/Int.kt:15:26 No value passed for parameter 'name'.
e: file:///Users/jim/work/v2superbikeshed/Trikeshed/src/commonMain/kotlin/borg/trikeshed/parse/bbcursive/lib/Int.kt:15:29 None of the following candidates is applicable:
fun String.toInt(): Int
fun String.toInt(radix: Int): Int
fun Iterable<RegexOption>.toInt(): Int
e: file:///Users/jim/work/v2superbikeshed/Trikeshed/src/commonMain/kotlin/borg/trikeshed/parse/bbcursive/lib/Int.kt:28:22 Unresolved reference 'hasRemaining'.
e: file:///Users/jim/work/v2superbikeshed/Trikeshed/src/commonMain/kotlin/borg/trikeshed/parse/bbcursive/lib/Int.kt:29:26 No value passed for parameter 'name'.
e: file:///Users/jim/work/v2superbikeshed/Trikeshed/src/commonMain/kotlin/borg/trikeshed/parse/bbcursive/lib/Int.kt:29:29 None of the following candidates is applicable:
fun String.toInt(): Int
fun String.toInt(radix: Int): Int
fun Iterable<RegexOption>.toInt(): Int
e: file:///Users/jim/work/v2superbikeshed/Trikeshed/src/commonMain/kotlin/borg/trikeshed/parse/bbcursive/lib/Int.kt:45:19 Assignment type mismatch: actual type is 'kotlin.Int', but 'borg.trikeshed.parse.bbcursive.lib.Int?' was expected.
e: file:///Users/jim/work/v2superbikeshed/Trikeshed/src/commonMain/kotlin/borg/trikeshed/parse/bbcursive/lib/Int.kt:92:19 Assignment type mismatch: actual type is 'kotlin.Int', but 'borg.trikeshed.parse.bbcursive.lib.Int?' was expected.
e: file:///Users/jim/work/v2superbikeshed/Trikeshed/src/commonMain/kotlin/borg/trikeshed/parse/bbcursive/lib/abort.kt:3:23 Unresolved reference 'std'.
e: file:///Users/jim/work/v2superbikeshed/Trikeshed/src/commonMain/kotlin/borg/trikeshed/parse/bbcursive/lib/abort.kt:5:8 Unresolved reference 'java'.
e: file:///Users/jim/work/v2superbikeshed/Trikeshed/src/commonMain/kotlin/borg/trikeshed/parse/bbcursive/lib/abort.kt:6:8 Unresolved reference 'java'.
e: file:///Users/jim/work/v2superbikeshed/Trikeshed/src/commonMain/kotlin/borg/trikeshed/parse/bbcursive/lib/abort.kt:12:39 Unresolved reference 'UnaryOperator'.
e: file:///Users/jim/work/v2superbikeshed/Trikeshed/src/commonMain/kotlin/borg/trikeshed/parse/bbcursive/lib/abort.kt:12:53 Unresolved reference 'ByteBuffer'.
e: file:///Users/jim/work/v2superbikeshed/Trikeshed/src/commonMain/kotlin/borg/trikeshed/parse/bbcursive/lib/abort.kt:13:16 Unresolved reference 'UnaryOperator'.
e: file:///Users/jim/work/v2superbikeshed/Trikeshed/src/commonMain/kotlin/borg/trikeshed/parse/bbcursive/lib/abort.kt:13:30 Unresolved reference 'ByteBuffer'.
e: file:///Users/jim/work/v2superbikeshed/Trikeshed/src/commonMain/kotlin/borg/trikeshed/parse/bbcursive/lib/abort.kt:13:44 Cannot infer type for this parameter. Specify it explicitly.
e: file:///Users/jim/work/v2superbikeshed/Trikeshed/src/commonMain/kotlin/borg/trikeshed/parse/bbcursive/lib/abort.kt:13:71 Unresolved reference 'std'.
e: file:///Users/jim/work/v2superbikeshed/Trikeshed/src/commonMain/kotlin/borg/trikeshed/parse/bbcursive/lib/advance.kt:3:8 Unresolved reference 'java'.
e: file:///Users/jim/work/v2superbikeshed/Trikeshed/src/commonMain/kotlin/borg/trikeshed/parse/bbcursive/lib/advance.kt:4:8 Unresolved reference 'java'.
e: file:///Users/jim/work/v2superbikeshed/Trikeshed/src/commonMain/kotlin/borg/trikeshed/parse/bbcursive/lib/advance.kt:16:48 Unresolved reference 'UnaryOperator'.
e: file:///Users/jim/work/v2superbikeshed/Trikeshed/src/commonMain/kotlin/borg/trikeshed/parse/bbcursive/lib/advance.kt:16:62 Unresolved reference 'ByteBuffer'.
e: file:///Users/jim/work/v2superbikeshed/Trikeshed/src/commonMain/kotlin/borg/trikeshed/parse/bbcursive/lib/advance.kt:18:25 Unresolved reference 'UnaryOperator'.
e: file:///Users/jim/work/v2superbikeshed/Trikeshed/src/commonMain/kotlin/borg/trikeshed/parse/bbcursive/lib/advance.kt:18:39 Unresolved reference 'ByteBuffer'.
e: file:///Users/jim/work/v2superbikeshed/Trikeshed/src/commonMain/kotlin/borg/trikeshed/parse/bbcursive/lib/advance.kt:22:13 'toString' overrides nothing.
e: file:///Users/jim/work/v2superbikeshed/Trikeshed/src/commonMain/kotlin/borg/trikeshed/parse/bbcursive/lib/advance.kt:28:38 'fun String(chars: CharArray): String' is deprecated. Use CharArray.concatToString() instead.
e: file:///Users/jim/work/v2superbikeshed/Trikeshed/src/commonMain/kotlin/borg/trikeshed/parse/bbcursive/lib/advance.kt:28:51 None of the following candidates is applicable:
fun Array<out Byte>.toByteArray(): ByteArray
fun Collection<Byte>.toByteArray(): ByteArray
fun UByteArray.toByteArray(): ByteArray
fun ImmutableBlob.toByteArray(startIndex: Int = ..., endIndex: Int = ...): ByteArray
e: file:///Users/jim/work/v2superbikeshed/Trikeshed/src/commonMain/kotlin/borg/trikeshed/parse/bbcursive/lib/advance.kt:31:13 'apply' overrides nothing.
e: file:///Users/jim/work/v2superbikeshed/Trikeshed/src/commonMain/kotlin/borg/trikeshed/parse/bbcursive/lib/advance.kt:31:40 Unresolved reference 'ByteBuffer'.
e: file:///Users/jim/work/v2superbikeshed/Trikeshed/src/commonMain/kotlin/borg/trikeshed/parse/bbcursive/lib/advance.kt:31:53 Unresolved reference 'ByteBuffer'.
e: file:///Users/jim/work/v2superbikeshed/Trikeshed/src/commonMain/kotlin/borg/trikeshed/parse/bbcursive/lib/advance.kt:33:31 Unresolved reference 'hasRemaining'.
e: file:///Users/jim/work/v2superbikeshed/Trikeshed/src/commonMain/kotlin/borg/trikeshed/parse/bbcursive/lib/advance.kt:33:70 Operator '==' cannot be applied to 'Byte' and 'MatchGroup?'.
e: file:///Users/jim/work/v2superbikeshed/Trikeshed/src/commonMain/kotlin/borg/trikeshed/parse/bbcursive/lib/advance.kt:33:95 No value passed for parameter 'name'.
e: file:///Users/jim/work/v2superbikeshed/Trikeshed/src/commonMain/kotlin/borg/trikeshed/parse/bbcursive/lib/allOf_.kt:3:23 Unresolved reference 'std'.
e: file:///Users/jim/work/v2superbikeshed/Trikeshed/src/commonMain/kotlin/borg/trikeshed/parse/bbcursive/lib/allOf_.kt:5:8 Unresolved reference 'java'.
e: file:///Users/jim/work/v2superbikeshed/Trikeshed/src/commonMain/kotlin/borg/trikeshed/parse/bbcursive/lib/allOf_.kt:6:8 Unresolved reference 'java'.
e: file:///Users/jim/work/v2superbikeshed/Trikeshed/src/commonMain/kotlin/borg/trikeshed/parse/bbcursive/lib/allOf_.kt:7:8 Unresolved reference 'java'.
e: file:///Users/jim/work/v2superbikeshed/Trikeshed/src/commonMain/kotlin/borg/trikeshed/parse/bbcursive/lib/allOf_.kt:20:29 Unresolved reference 'UnaryOperator'.
e: file:///Users/jim/work/v2superbikeshed/Trikeshed/src/commonMain/kotlin/borg/trikeshed/parse/bbcursive/lib/allOf_.kt:20:43 Unresolved reference 'ByteBuffer'.
e: file:///Users/jim/work/v2superbikeshed/Trikeshed/src/commonMain/kotlin/borg/trikeshed/parse/bbcursive/lib/allOf_.kt:20:57 Unresolved reference 'UnaryOperator'.
e: file:///Users/jim/work/v2superbikeshed/Trikeshed/src/commonMain/kotlin/borg/trikeshed/parse/bbcursive/lib/allOf_.kt:20:71 Unresolved reference 'ByteBuffer'.
e: file:///Users/jim/work/v2superbikeshed/Trikeshed/src/commonMain/kotlin/borg/trikeshed/parse/bbcursive/lib/allOf_.kt:21:25 Unresolved reference 'UnaryOperator'.
e: file:///Users/jim/work/v2superbikeshed/Trikeshed/src/commonMain/kotlin/borg/trikeshed/parse/bbcursive/lib/allOf_.kt:21:39 Unresolved reference 'ByteBuffer'.
e: file:///Users/jim/work/v2superbikeshed/Trikeshed/src/commonMain/kotlin/borg/trikeshed/parse/bbcursive/lib/allOf_.kt:22:13 'toString' overrides nothing.
e: file:///Users/jim/work/v2superbikeshed/Trikeshed/src/commonMain/kotlin/borg/trikeshed/parse/bbcursive/lib/allOf_.kt:23:32 Unresolved reference 'Arrays'.
e: file:///Users/jim/work/v2superbikeshed/Trikeshed/src/commonMain/kotlin/borg/trikeshed/parse/bbcursive/lib/allOf_.kt:26:13 'apply' overrides nothing.
e: file:///Users/jim/work/v2superbikeshed/Trikeshed/src/commonMain/kotlin/borg/trikeshed/parse/bbcursive/lib/allOf_.kt:26:40 Unresolved reference 'ByteBuffer'.
e: file:///Users/jim/work/v2superbikeshed/Trikeshed/src/commonMain/kotlin/borg/trikeshed/parse/bbcursive/lib/allOf_.kt:26:53 Unresolved reference 'ByteBuffer'.
e: file:///Users/jim/work/v2superbikeshed/Trikeshed/src/commonMain/kotlin/borg/trikeshed/parse/bbcursive/lib/allOf_.kt:27:24 Unresolved reference 'std'.
e: file:///Users/jim/work/v2superbikeshed/Trikeshed/src/commonMain/kotlin/borg/trikeshed/parse/bbcursive/lib/anyOf_.kt:7:39 Unresolved reference 'ParseResult'.
e: file:///Users/jim/work/v2superbikeshed/Trikeshed/src/commonMain/kotlin/borg/trikeshed/parse/bbcursive/lib/anyOf_.kt:8:39 Unresolved reference 'SessionContext'.
e: file:///Users/jim/work/v2superbikeshed/Trikeshed/src/commonMain/kotlin/borg/trikeshed/parse/bbcursive/lib/anyOf_.kt:9:39 Unresolved reference 'Traits'.
e: file:///Users/jim/work/v2superbikeshed/Trikeshed/src/commonMain/kotlin/borg/trikeshed/parse/bbcursive/lib/anyOf_.kt:10:39 Unresolved reference 'UnaryOperator'.
e: file:///Users/jim/work/v2superbikeshed/Trikeshed/src/commonMain/kotlin/borg/trikeshed/parse/bbcursive/lib/anyOf_.kt:14:15 Unresolved reference 'streams'.
e: file:///Users/jim/work/v2superbikeshed/Trikeshed/src/commonMain/kotlin/borg/trikeshed/parse/bbcursive/lib/anyOf_.kt:21:26 Unresolved reference 'Traits'.
e: file:///Users/jim/work/v2superbikeshed/Trikeshed/src/commonMain/kotlin/borg/trikeshed/parse/bbcursive/lib/anyOf_.kt:21:36 Cannot infer type for this parameter. Specify it explicitly.
e: file:///Users/jim/work/v2superbikeshed/Trikeshed/src/commonMain/kotlin/borg/trikeshed/parse/bbcursive/lib/anyOf_.kt:23:41 Unresolved reference 'UnaryOperator'.
e: file:///Users/jim/work/v2superbikeshed/Trikeshed/src/commonMain/kotlin/borg/trikeshed/parse/bbcursive/lib/anyOf_.kt:23:76 Unresolved reference 'UnaryOperator'.
e: file:///Users/jim/work/v2superbikeshed/Trikeshed/src/commonMain/kotlin/borg/trikeshed/parse/bbcursive/lib/anyOf_.kt:26:29 Unresolved reference 'UnaryOperator'.
e: file:///Users/jim/work/v2superbikeshed/Trikeshed/src/commonMain/kotlin/borg/trikeshed/parse/bbcursive/lib/anyOf_.kt:28:17 'invoke' overrides nothing.
e: file:///Users/jim/work/v2superbikeshed/Trikeshed/src/commonMain/kotlin/borg/trikeshed/parse/bbcursive/lib/anyOf_.kt:29:59 Unresolved reference 'SessionContext'.
e: file:///Users/jim/work/v2superbikeshed/Trikeshed/src/commonMain/kotlin/borg/trikeshed/parse/bbcursive/lib/anyOf_.kt:33:40 Unresolved reference 'flags'.
e: file:///Users/jim/work/v2superbikeshed/Trikeshed/src/commonMain/kotlin/borg/trikeshed/parse/bbcursive/lib/anyOf_.kt:33:55 Unresolved reference 'Traits'.
e: file:///Users/jim/work/v2superbikeshed/Trikeshed/src/commonMain/kotlin/borg/trikeshed/parse/bbcursive/lib/anyOf_.kt:34:56 Cannot infer type for this parameter. Specify it explicitly.
e: file:///Users/jim/work/v2superbikeshed/Trikeshed/src/commonMain/kotlin/borg/trikeshed/parse/bbcursive/lib/anyOf_.kt:34:56 Unresolved reference. None of the following candidates is applicable because of a receiver type mismatch:
fun <T, R> DeepRecursiveFunction<T, R>.invoke(value: T): R
e: file:///Users/jim/work/v2superbikeshed/Trikeshed/src/commonMain/kotlin/borg/trikeshed/parse/bbcursive/lib/anyOf_.kt:51:29 Class '<anonymous>' is not abstract and does not implement abstract base class member:
fun goTo(addressType: addressType): addressType
e: file:///Users/jim/work/v2superbikeshed/Trikeshed/src/commonMain/kotlin/borg/trikeshed/parse/bbcursive/lib/anyOf_.kt:51:48 Unresolved reference 'Traits'.
e: file:///Users/jim/work/v2superbikeshed/Trikeshed/src/commonMain/kotlin/borg/trikeshed/parse/bbcursive/lib/anyOf_.kt:51:63 Unresolved reference 'UnaryOperator'.
e: file:///Users/jim/work/v2superbikeshed/Trikeshed/src/commonMain/kotlin/borg/trikeshed/parse/bbcursive/lib/anyOf_.kt:54:52 Return type of 'at' is not a subtype of the return type of the overridden member 'fun at(): _edge<ERROR CLASS: Symbol not found for UnaryOperator, Int>' defined in 'borg/trikeshed/parse/bbcursive/lib/<anonymous>'.
e: file:///Users/jim/work/v2superbikeshed/Trikeshed/src/commonMain/kotlin/borg/trikeshed/parse/bbcursive/lib/anyOf_.kt:54:58 Return type mismatch: expected 'Int', actual 'Array<ByteIndexedBuffer?>'.
e: file:///Users/jim/work/v2superbikeshed/Trikeshed/src/commonMain/kotlin/borg/trikeshed/parse/bbcursive/lib/anyOf_.kt:54:59 Syntax error: Expecting member declaration.
e: file:///Users/jim/work/v2superbikeshed/Trikeshed/src/commonMain/kotlin/borg/trikeshed/parse/bbcursive/lib/anyOf_.kt:54:60 Syntax error: Expecting member declaration.
e: file:///Users/jim/work/v2superbikeshed/Trikeshed/src/commonMain/kotlin/borg/trikeshed/parse/bbcursive/lib/anyOf_.kt:54:61 Syntax error: Expecting member declaration.
e: file:///Users/jim/work/v2superbikeshed/Trikeshed/src/commonMain/kotlin/borg/trikeshed/parse/bbcursive/lib/anyOf_.kt:56:33 'goTo' overrides nothing. Potential signatures for overriding:
fun goTo(addressType: _edge<ERROR CLASS: Symbol not found for UnaryOperator, Int>): _edge<ERROR CLASS: Symbol not found for UnaryOperator, Int>
e: file:///Users/jim/work/v2superbikeshed/Trikeshed/src/commonMain/kotlin/borg/trikeshed/parse/bbcursive/lib/anyOf_.kt:60:42 Function 'r' without a body must be abstract.
e: file:///Users/jim/work/v2superbikeshed/Trikeshed/src/commonMain/kotlin/borg/trikeshed/parse/bbcursive/lib/anyOf_.kt:60:47 Syntax error: Expecting '('.
e: file:///Users/jim/work/v2superbikeshed/Trikeshed/src/commonMain/kotlin/borg/trikeshed/parse/bbcursive/lib/anyOf_.kt:60:47 Syntax error: Expecting member declaration.
e: file:///Users/jim/work/v2superbikeshed/Trikeshed/src/commonMain/kotlin/borg/trikeshed/parse/bbcursive/lib/anyOf_.kt:60:48 Syntax error: Expecting member declaration.
e: file:///Users/jim/work/v2superbikeshed/Trikeshed/src/commonMain/kotlin/borg/trikeshed/parse/bbcursive/lib/anyOf_.kt:60:49 Syntax error: Expecting member declaration.
e: file:///Users/jim/work/v2superbikeshed/Trikeshed/src/commonMain/kotlin/borg/trikeshed/parse/bbcursive/lib/anyOf_.kt:60:50 Syntax error: Expecting member declaration.
e: file:///Users/jim/work/v2superbikeshed/Trikeshed/src/commonMain/kotlin/borg/trikeshed/parse/bbcursive/lib/anyOf_.kt:60:52 Syntax error: Expecting member declaration.
e: file:///Users/jim/work/v2superbikeshed/Trikeshed/src/commonMain/kotlin/borg/trikeshed/parse/bbcursive/lib/anyOf_.kt:60:56 Syntax error: Expecting member declaration.
e: file:///Users/jim/work/v2superbikeshed/Trikeshed/src/commonMain/kotlin/borg/trikeshed/parse/bbcursive/lib/anyOf_.kt:60:56 Function declaration must have a name.
e: file:///Users/jim/work/v2superbikeshed/Trikeshed/src/commonMain/kotlin/borg/trikeshed/parse/bbcursive/lib/anyOf_.kt:61:44 Return type mismatch: expected 'Unit', actual 'Int'.
e: file:///Users/jim/work/v2superbikeshed/Trikeshed/src/commonMain/kotlin/borg/trikeshed/parse/bbcursive/lib/anyOf_.kt:64:33 'core' overrides nothing.
e: file:///Users/jim/work/v2superbikeshed/Trikeshed/src/commonMain/kotlin/borg/trikeshed/parse/bbcursive/lib/anyOf_.kt:64:71 Unresolved reference 'Traits'.
e: file:///Users/jim/work/v2superbikeshed/Trikeshed/src/commonMain/kotlin/borg/trikeshed/parse/bbcursive/lib/anyOf_.kt:64:86 Unresolved reference 'UnaryOperator'.
e: file:///Users/jim/work/v2superbikeshed/Trikeshed/src/commonMain/kotlin/borg/trikeshed/parse/bbcursive/lib/anyOf_.kt:64:134 Unresolved reference 'UnaryOperator'.
e: file:///Users/jim/work/v2superbikeshed/Trikeshed/src/commonMain/kotlin/borg/trikeshed/parse/bbcursive/lib/anyOf_.kt:65:59 Unresolved reference 'UnaryOperator'.
e: file:///Users/jim/work/v2superbikeshed/Trikeshed/src/commonMain/kotlin/borg/trikeshed/parse/bbcursive/lib/anyOf_.kt:66:66 Return type mismatch: expected 'Int', actual 'Array<ByteIndexedBuffer?>'.
e: file:///Users/jim/work/v2superbikeshed/Trikeshed/src/commonMain/kotlin/borg/trikeshed/parse/bbcursive/lib/anyOf_.kt:66:67 Syntax error: Expecting member declaration.
e: file:///Users/jim/work/v2superbikeshed/Trikeshed/src/commonMain/kotlin/borg/trikeshed/parse/bbcursive/lib/anyOf_.kt:66:68 Syntax error: Expecting member declaration.
e: file:///Users/jim/work/v2superbikeshed/Trikeshed/src/commonMain/kotlin/borg/trikeshed/parse/bbcursive/lib/anyOf_.kt:66:69 Syntax error: Expecting member declaration.
e: file:///Users/jim/work/v2superbikeshed/Trikeshed/src/commonMain/kotlin/borg/trikeshed/parse/bbcursive/lib/anyOf_.kt:72:50 Function 'r' without a body must be abstract.
e: file:///Users/jim/work/v2superbikeshed/Trikeshed/src/commonMain/kotlin/borg/trikeshed/parse/bbcursive/lib/anyOf_.kt:72:55 Syntax error: Expecting '('.
e: file:///Users/jim/work/v2superbikeshed/Trikeshed/src/commonMain/kotlin/borg/trikeshed/parse/bbcursive/lib/anyOf_.kt:72:55 Syntax error: Expecting member declaration.
e: file:///Users/jim/work/v2superbikeshed/Trikeshed/src/commonMain/kotlin/borg/trikeshed/parse/bbcursive/lib/anyOf_.kt:72:56 Syntax error: Expecting member declaration.
e: file:///Users/jim/work/v2superbikeshed/Trikeshed/src/commonMain/kotlin/borg/trikeshed/parse/bbcursive/lib/anyOf_.kt:72:57 Syntax error: Expecting member declaration.
e: file:///Users/jim/work/v2superbikeshed/Trikeshed/src/commonMain/kotlin/borg/trikeshed/parse/bbcursive/lib/anyOf_.kt:72:58 Syntax error: Expecting member declaration.
e: file:///Users/jim/work/v2superbikeshed/Trikeshed/src/commonMain/kotlin/borg/trikeshed/parse/bbcursive/lib/anyOf_.kt:72:60 Syntax error: Expecting member declaration.
e: file:///Users/jim/work/v2superbikeshed/Trikeshed/src/commonMain/kotlin/borg/trikeshed/parse/bbcursive/lib/anyOf_.kt:72:64 Syntax error: Expecting member declaration.
e: file:///Users/jim/work/v2superbikeshed/Trikeshed/src/commonMain/kotlin/borg/trikeshed/parse/bbcursive/lib/anyOf_.kt:72:66 Syntax error: Expecting member declaration.
e: file:///Users/jim/work/v2superbikeshed/Trikeshed/src/commonMain/kotlin/borg/trikeshed/parse/bbcursive/lib/anyOf_.kt:72:73 Syntax error: Expecting member declaration.
e: file:///Users/jim/work/v2superbikeshed/Trikeshed/src/commonMain/kotlin/borg/trikeshed/parse/bbcursive/lib/anyOf_.kt:72:74 Syntax error: Expecting member declaration.
e: file:///Users/jim/work/v2superbikeshed/Trikeshed/src/commonMain/kotlin/borg/trikeshed/parse/bbcursive/lib/anyOf_.kt:72:75 Syntax error: Expecting member declaration.
e: file:///Users/jim/work/v2superbikeshed/Trikeshed/src/commonMain/kotlin/borg/trikeshed/parse/bbcursive/lib/anyOf_.kt:74:41 'core' overrides nothing.
e: file:///Users/jim/work/v2superbikeshed/Trikeshed/src/commonMain/kotlin/borg/trikeshed/parse/bbcursive/lib/anyOf_.kt:74:75 Unresolved reference 'UnaryOperator'.
e: file:///Users/jim/work/v2superbikeshed/Trikeshed/src/commonMain/kotlin/borg/trikeshed/parse/bbcursive/lib/anyOf_.kt:74:116 Unresolved reference 'UnaryOperator'.
e: file:///Users/jim/work/v2superbikeshed/Trikeshed/src/commonMain/kotlin/borg/trikeshed/parse/bbcursive/lib/anyOf_.kt:80:41 Overload resolution ambiguity between candidates:
fun core(vararg e: _edge<Set<ERROR CLASS: Symbol not found for Traits>, _edge<ERROR CLASS: Symbol not found for UnaryOperator, Int>>): _edge<ERROR CLASS: Symbol not found for UnaryOperator, Int>
fun core(vararg e: _edge<Set<ERROR CLASS: Symbol not found for Traits>, _edge<ERROR CLASS: Symbol not found for UnaryOperator, Int>>): Set<ERROR CLASS: Symbol not found for Traits>?
e: file:///Users/jim/work/v2superbikeshed/Trikeshed/src/commonMain/kotlin/borg/trikeshed/parse/bbcursive/lib/anyOf_.kt:80:49 Unresolved reference 'core'.
e: file:///Users/jim/work/v2superbikeshed/Trikeshed/src/commonMain/kotlin/borg/trikeshed/parse/bbcursive/lib/anyOf_.kt:81:50 Overload resolution ambiguity between candidates:
fun core(vararg e: _edge<Set<ERROR CLASS: Symbol not found for Traits>, _edge<ERROR CLASS: Symbol not found for UnaryOperator, Int>>): _edge<ERROR CLASS: Symbol not found for UnaryOperator, Int>
fun core(vararg e: _edge<Set<ERROR CLASS: Symbol not found for Traits>, _edge<ERROR CLASS: Symbol not found for UnaryOperator, Int>>): Set<ERROR CLASS: Symbol not found for Traits>?
e: file:///Users/jim/work/v2superbikeshed/Trikeshed/src/commonMain/kotlin/borg/trikeshed/parse/bbcursive/lib/anyOf_.kt:81:58 Unresolved reference 'at'.
e: file:///Users/jim/work/v2superbikeshed/Trikeshed/src/commonMain/kotlin/borg/trikeshed/parse/bbcursive/lib/anyOf_.kt:82:69 Unresolved reference 'duplicate'.
e: file:///Users/jim/work/v2superbikeshed/Trikeshed/src/commonMain/kotlin/borg/trikeshed/parse/bbcursive/lib/anyOf_.kt:83:43 Cannot infer type for this parameter. Specify it explicitly.
e: file:///Users/jim/work/v2superbikeshed/Trikeshed/src/commonMain/kotlin/borg/trikeshed/parse/bbcursive/lib/anyOf_.kt:86:50 Unresolved reference 'pos'.
e: file:///Users/jim/work/v2superbikeshed/Trikeshed/src/commonMain/kotlin/borg/trikeshed/parse/bbcursive/lib/anyOf_.kt:87:60 Unresolved reference 'flags'.
e: file:///Users/jim/work/v2superbikeshed/Trikeshed/src/commonMain/kotlin/borg/trikeshed/parse/bbcursive/lib/anyOf_.kt:95:44 Unresolved reference 'outbox'.
e: file:///Users/jim/work/v2superbikeshed/Trikeshed/src/commonMain/kotlin/borg/trikeshed/parse/bbcursive/lib/anyOf_.kt:96:33 Unresolved reference 'ParseResult'.
e: file:///Users/jim/work/v2superbikeshed/Trikeshed/src/commonMain/kotlin/borg/trikeshed/parse/bbcursive/lib/anyOf_.kt:98:51 Overload resolution ambiguity between candidates:
fun core(vararg e: _edge<Set<ERROR CLASS: Symbol not found for Traits>, _edge<ERROR CLASS: Symbol not found for UnaryOperator, Int>>): _edge<ERROR CLASS: Symbol not found for UnaryOperator, Int>
fun core(vararg e: _edge<Set<ERROR CLASS: Symbol not found for Traits>, _edge<ERROR CLASS: Symbol not found for UnaryOperator, Int>>): Set<ERROR CLASS: Symbol not found for Traits>?
e: file:///Users/jim/work/v2superbikeshed/Trikeshed/src/commonMain/kotlin/borg/trikeshed/parse/bbcursive/lib/anyOf_.kt:98:59 Unresolved reference 'core'.
e: file:///Users/jim/work/v2superbikeshed/Trikeshed/src/commonMain/kotlin/borg/trikeshed/parse/bbcursive/lib/anyOf_.kt:110:17 'toString' overrides nothing.
e: file:///Users/jim/work/v2superbikeshed/Trikeshed/src/commonMain/kotlin/borg/trikeshed/parse/bbcursive/lib/anyOf_.kt:117:37 Unresolved reference 'UnaryOperator'.
e: file:///Users/jim/work/v2superbikeshed/Trikeshed/src/commonMain/kotlin/borg/trikeshed/parse/bbcursive/lib/anyOf_.kt:118:26 Unresolved reference 'chars'.
e: file:///Users/jim/work/v2superbikeshed/Trikeshed/src/commonMain/kotlin/borg/trikeshed/parse/bbcursive/lib/anyOf_.kt:119:29 Unresolved reference 'UnaryOperator'.
e: file:///Users/jim/work/v2superbikeshed/Trikeshed/src/commonMain/kotlin/borg/trikeshed/parse/bbcursive/lib/anyOf_.kt:120:17 'invoke' overrides nothing.
e: file:///Users/jim/work/v2superbikeshed/Trikeshed/src/commonMain/kotlin/borg/trikeshed/parse/bbcursive/lib/anyOf_.kt:123:36 Unresolved reference. None of the following candidates is applicable because of a receiver type mismatch:
fun MatchGroupCollection.get(name: String): MatchGroup?
e: file:///Users/jim/work/v2superbikeshed/Trikeshed/src/commonMain/kotlin/borg/trikeshed/parse/bbcursive/lib/anyOf_.kt:124:39 Cannot infer type for this parameter. Specify it explicitly.
e: file:///Users/jim/work/v2superbikeshed/Trikeshed/src/commonMain/kotlin/borg/trikeshed/parse/bbcursive/lib/anyOf_.kt:124:55 None of the following candidates is applicable:
fun String.toInt(): Int
fun String.toInt(radix: Int): Int
fun Iterable<RegexOption>.toInt(): Int
e: file:///Users/jim/work/v2superbikeshed/Trikeshed/src/commonMain/kotlin/borg/trikeshed/parse/bbcursive/lib/anyOf_.kt:130:17 'toString' overrides nothing.
e: file:///Users/jim/work/v2superbikeshed/Trikeshed/src/commonMain/kotlin/borg/trikeshed/parse/bbcursive/lib/anyOf_.kt:132:36 Cannot infer type for this parameter. Specify it explicitly.
e: file:///Users/jim/work/v2superbikeshed/Trikeshed/src/commonMain/kotlin/borg/trikeshed/parse/bbcursive/lib/anyOf_.kt:132:54 Unresolved reference 'and'.
e: file:///Users/jim/work/v2superbikeshed/Trikeshed/src/commonMain/kotlin/borg/trikeshed/parse/bbcursive/lib/anyOf_.kt:133:35 Unresolved reference 'Arrays'.
e: file:///Users/jim/work/v2superbikeshed/Trikeshed/src/commonMain/kotlin/borg/trikeshed/parse/bbcursive/lib/backtrack_.kt:3:23 Unresolved reference 'ann'.
e: file:///Users/jim/work/v2superbikeshed/Trikeshed/src/commonMain/kotlin/borg/trikeshed/parse/bbcursive/lib/backtrack_.kt:4:23 Unresolved reference 'std'.
e: file:///Users/jim/work/v2superbikeshed/Trikeshed/src/commonMain/kotlin/borg/trikeshed/parse/bbcursive/lib/backtrack_.kt:6:8 Unresolved reference 'java'.
e: file:///Users/jim/work/v2superbikeshed/Trikeshed/src/commonMain/kotlin/borg/trikeshed/parse/bbcursive/lib/backtrack_.kt:7:8 Unresolved reference 'java'.
e: file:///Users/jim/work/v2superbikeshed/Trikeshed/src/commonMain/kotlin/borg/trikeshed/parse/bbcursive/lib/backtrack_.kt:8:8 Unresolved reference 'java'.
e: file:///Users/jim/work/v2superbikeshed/Trikeshed/src/commonMain/kotlin/borg/trikeshed/parse/bbcursive/lib/backtrack_.kt:10:8 Unresolved reference 'bbcursive'.
e: file:///Users/jim/work/v2superbikeshed/Trikeshed/src/commonMain/kotlin/borg/trikeshed/parse/bbcursive/lib/backtrack_.kt:12:2 Unresolved reference 'Backtracking'.
e: file:///Users/jim/work/v2superbikeshed/Trikeshed/src/commonMain/kotlin/borg/trikeshed/parse/bbcursive/lib/backtrack_.kt:15:6 Unresolved reference 'Backtracking'.
e: file:///Users/jim/work/v2superbikeshed/Trikeshed/src/commonMain/kotlin/borg/trikeshed/parse/bbcursive/lib/backtrack_.kt:16:35 Unresolved reference 'UnaryOperator'.
e: file:///Users/jim/work/v2superbikeshed/Trikeshed/src/commonMain/kotlin/borg/trikeshed/parse/bbcursive/lib/backtrack_.kt:16:49 Unresolved reference 'ByteBuffer'.
e: file:///Users/jim/work/v2superbikeshed/Trikeshed/src/commonMain/kotlin/borg/trikeshed/parse/bbcursive/lib/backtrack_.kt:16:63 Unresolved reference 'UnaryOperator'.
e: file:///Users/jim/work/v2superbikeshed/Trikeshed/src/commonMain/kotlin/borg/trikeshed/parse/bbcursive/lib/backtrack_.kt:16:77 Unresolved reference 'ByteBuffer'.
e: file:///Users/jim/work/v2superbikeshed/Trikeshed/src/commonMain/kotlin/borg/trikeshed/parse/bbcursive/lib/backtrack_.kt:20:6 Unresolved reference 'Backtracking'.
e: file:///Users/jim/work/v2superbikeshed/Trikeshed/src/commonMain/kotlin/borg/trikeshed/parse/bbcursive/lib/backtrack_.kt:21:60 Unresolved reference 'UnaryOperator'.
e: file:///Users/jim/work/v2superbikeshed/Trikeshed/src/commonMain/kotlin/borg/trikeshed/parse/bbcursive/lib/backtrack_.kt:21:74 Unresolved reference 'ByteBuffer'.
e: file:///Users/jim/work/v2superbikeshed/Trikeshed/src/commonMain/kotlin/borg/trikeshed/parse/bbcursive/lib/backtrack_.kt:21:90 Unresolved reference 'UnaryOperator'.
e: file:///Users/jim/work/v2superbikeshed/Trikeshed/src/commonMain/kotlin/borg/trikeshed/parse/bbcursive/lib/backtrack_.kt:21:104 Unresolved reference 'ByteBuffer'.
e: file:///Users/jim/work/v2superbikeshed/Trikeshed/src/commonMain/kotlin/borg/trikeshed/parse/bbcursive/lib/backtrack_.kt:23:9 'toString' overrides nothing.
e: file:///Users/jim/work/v2superbikeshed/Trikeshed/src/commonMain/kotlin/borg/trikeshed/parse/bbcursive/lib/backtrack_.kt:24:36 Unresolved reference 'Arrays'.
e: file:///Users/jim/work/v2superbikeshed/Trikeshed/src/commonMain/kotlin/borg/trikeshed/parse/bbcursive/lib/backtrack_.kt:28:9 'apply' overrides nothing.
e: file:///Users/jim/work/v2superbikeshed/Trikeshed/src/commonMain/kotlin/borg/trikeshed/parse/bbcursive/lib/backtrack_.kt:28:36 Unresolved reference 'ByteBuffer'.
e: file:///Users/jim/work/v2superbikeshed/Trikeshed/src/commonMain/kotlin/borg/trikeshed/parse/bbcursive/lib/backtrack_.kt:28:49 Unresolved reference 'ByteBuffer'.
e: file:///Users/jim/work/v2superbikeshed/Trikeshed/src/commonMain/kotlin/borg/trikeshed/parse/bbcursive/lib/backtrack_.kt:29:13 Unresolved reference 'std'.
e: file:///Users/jim/work/v2superbikeshed/Trikeshed/src/commonMain/kotlin/borg/trikeshed/parse/bbcursive/lib/backtrack_.kt:29:29 Unresolved reference 'add'.
e: file:///Users/jim/work/v2superbikeshed/Trikeshed/src/commonMain/kotlin/borg/trikeshed/parse/bbcursive/lib/backtrack_.kt:29:33 Unresolved reference 'std'.
e: file:///Users/jim/work/v2superbikeshed/Trikeshed/src/commonMain/kotlin/borg/trikeshed/parse/bbcursive/lib/backtrack_.kt:31:20 Unresolved reference 'bb'.
e: file:///Users/jim/work/v2superbikeshed/Trikeshed/src/commonMain/kotlin/borg/trikeshed/parse/bbcursive/lib/chlit_.kt:4:39 Unresolved reference 'UnaryOperator'.
e: file:///Users/jim/work/v2superbikeshed/Trikeshed/src/commonMain/kotlin/borg/trikeshed/parse/bbcursive/lib/chlit_.kt:10:25 Unresolved reference 'UnaryOperator'.
e: file:///Users/jim/work/v2superbikeshed/Trikeshed/src/commonMain/kotlin/borg/trikeshed/parse/bbcursive/lib/chlit_.kt:14:33 Unresolved reference 'UnaryOperator'.
e: file:///Users/jim/work/v2superbikeshed/Trikeshed/src/commonMain/kotlin/borg/trikeshed/parse/bbcursive/lib/chlit_.kt:19:66 Unresolved reference 'UnaryOperator'.
e: file:///Users/jim/work/v2superbikeshed/Trikeshed/src/commonMain/kotlin/borg/trikeshed/parse/bbcursive/lib/chlit_.kt:21:9 'toString' overrides nothing.
e: file:///Users/jim/work/v2superbikeshed/Trikeshed/src/commonMain/kotlin/borg/trikeshed/parse/bbcursive/lib/chlit_.kt:26:9 'invoke' overrides nothing.
e: file:///Users/jim/work/v2superbikeshed/Trikeshed/src/commonMain/kotlin/borg/trikeshed/parse/bbcursive/lib/chlit_.kt:30:25 Unresolved reference. None of the following candidates is applicable because of a receiver type mismatch:
fun MatchGroupCollection.get(name: String): MatchGroup?
e: file:///Users/jim/work/v2superbikeshed/Trikeshed/src/commonMain/kotlin/borg/trikeshed/parse/bbcursive/lib/chlit_.kt:31:51 None of the following candidates is applicable:
fun String.toInt(): Int
fun String.toInt(radix: Int): Int
fun Iterable<RegexOption>.toInt(): Int
e: file:///Users/jim/work/v2superbikeshed/Trikeshed/src/commonMain/kotlin/borg/trikeshed/parse/bbcursive/lib/chlit_.kt:31:59 Unresolved reference 'and'.
e: file:///Users/jim/work/v2superbikeshed/Trikeshed/src/commonMain/kotlin/borg/trikeshed/parse/bbcursive/lib/confix_.kt:3:8 Unresolved reference 'java'.
e: file:///Users/jim/work/v2superbikeshed/Trikeshed/src/commonMain/kotlin/borg/trikeshed/parse/bbcursive/lib/confix_.kt:4:8 Unresolved reference 'java'.
e: file:///Users/jim/work/v2superbikeshed/Trikeshed/src/commonMain/kotlin/borg/trikeshed/parse/bbcursive/lib/confix_.kt:5:8 Unresolved reference 'java'.
e: file:///Users/jim/work/v2superbikeshed/Trikeshed/src/commonMain/kotlin/borg/trikeshed/parse/bbcursive/lib/confix_.kt:7:8 Unresolved reference 'bbcursive'.
e: file:///Users/jim/work/v2superbikeshed/Trikeshed/src/commonMain/kotlin/borg/trikeshed/parse/bbcursive/lib/confix_.kt:8:8 Unresolved reference 'bbcursive'.
e: file:///Users/jim/work/v2superbikeshed/Trikeshed/src/commonMain/kotlin/borg/trikeshed/parse/bbcursive/lib/confix_.kt:14:26 Unresolved reference 'UnaryOperator'.
e: file:///Users/jim/work/v2superbikeshed/Trikeshed/src/commonMain/kotlin/borg/trikeshed/parse/bbcursive/lib/confix_.kt:14:40 Unresolved reference 'ByteBuffer'.
e: file:///Users/jim/work/v2superbikeshed/Trikeshed/src/commonMain/kotlin/borg/trikeshed/parse/bbcursive/lib/confix_.kt:14:74 Unresolved reference 'UnaryOperator'.
e: file:///Users/jim/work/v2superbikeshed/Trikeshed/src/commonMain/kotlin/borg/trikeshed/parse/bbcursive/lib/confix_.kt:14:88 Unresolved reference 'ByteBuffer'.
e: file:///Users/jim/work/v2superbikeshed/Trikeshed/src/commonMain/kotlin/borg/trikeshed/parse/bbcursive/lib/confix_.kt:15:25 Unresolved reference 'UnaryOperator'.
e: file:///Users/jim/work/v2superbikeshed/Trikeshed/src/commonMain/kotlin/borg/trikeshed/parse/bbcursive/lib/confix_.kt:15:39 Unresolved reference 'ByteBuffer'.
e: file:///Users/jim/work/v2superbikeshed/Trikeshed/src/commonMain/kotlin/borg/trikeshed/parse/bbcursive/lib/confix_.kt:16:13 'toString' overrides nothing.
e: file:///Users/jim/work/v2superbikeshed/Trikeshed/src/commonMain/kotlin/borg/trikeshed/parse/bbcursive/lib/confix_.kt:17:36 Unresolved reference 'Arrays'.
e: file:///Users/jim/work/v2superbikeshed/Trikeshed/src/commonMain/kotlin/borg/trikeshed/parse/bbcursive/lib/confix_.kt:20:13 'apply' overrides nothing.
e: file:///Users/jim/work/v2superbikeshed/Trikeshed/src/commonMain/kotlin/borg/trikeshed/parse/bbcursive/lib/confix_.kt:20:40 Unresolved reference 'ByteBuffer'.
e: file:///Users/jim/work/v2superbikeshed/Trikeshed/src/commonMain/kotlin/borg/trikeshed/parse/bbcursive/lib/confix_.kt:20:53 Unresolved reference 'ByteBuffer'.
e: file:///Users/jim/work/v2superbikeshed/Trikeshed/src/commonMain/kotlin/borg/trikeshed/parse/bbcursive/lib/confix_.kt:24:24 Unresolved reference 'bb'.
e: file:///Users/jim/work/v2superbikeshed/Trikeshed/src/commonMain/kotlin/borg/trikeshed/parse/bbcursive/lib/confix_.kt:29:24 Unresolved reference 'UnaryOperator'.
e: file:///Users/jim/work/v2superbikeshed/Trikeshed/src/commonMain/kotlin/borg/trikeshed/parse/bbcursive/lib/confix_.kt:29:38 Unresolved reference 'ByteBuffer'.
e: file:///Users/jim/work/v2superbikeshed/Trikeshed/src/commonMain/kotlin/borg/trikeshed/parse/bbcursive/lib/confix_.kt:29:58 Unresolved reference 'UnaryOperator'.
e: file:///Users/jim/work/v2superbikeshed/Trikeshed/src/commonMain/kotlin/borg/trikeshed/parse/bbcursive/lib/confix_.kt:29:72 Unresolved reference 'ByteBuffer'.
e: file:///Users/jim/work/v2superbikeshed/Trikeshed/src/commonMain/kotlin/borg/trikeshed/parse/bbcursive/lib/confix_.kt:29:95 Unresolved reference 'UnaryOperator'.
e: file:///Users/jim/work/v2superbikeshed/Trikeshed/src/commonMain/kotlin/borg/trikeshed/parse/bbcursive/lib/confix_.kt:29:109 Unresolved reference 'ByteBuffer'.
e: file:///Users/jim/work/v2superbikeshed/Trikeshed/src/commonMain/kotlin/borg/trikeshed/parse/bbcursive/lib/confix_.kt:29:123 Unresolved reference 'UnaryOperator'.
e: file:///Users/jim/work/v2superbikeshed/Trikeshed/src/commonMain/kotlin/borg/trikeshed/parse/bbcursive/lib/confix_.kt:29:137 Unresolved reference 'ByteBuffer'.
e: file:///Users/jim/work/v2superbikeshed/Trikeshed/src/commonMain/kotlin/borg/trikeshed/parse/bbcursive/lib/confix_.kt:31:25 Unresolved reference 'UnaryOperator'.
e: file:///Users/jim/work/v2superbikeshed/Trikeshed/src/commonMain/kotlin/borg/trikeshed/parse/bbcursive/lib/confix_.kt:31:39 Unresolved reference 'ByteBuffer'.
e: file:///Users/jim/work/v2superbikeshed/Trikeshed/src/commonMain/kotlin/borg/trikeshed/parse/bbcursive/lib/confix_.kt:33:13 'toString' overrides nothing.
e: file:///Users/jim/work/v2superbikeshed/Trikeshed/src/commonMain/kotlin/borg/trikeshed/parse/bbcursive/lib/confix_.kt:34:35 Unresolved reference 'Arrays'.
e: file:///Users/jim/work/v2superbikeshed/Trikeshed/src/commonMain/kotlin/borg/trikeshed/parse/bbcursive/lib/confix_.kt:34:55 Cannot infer type for this parameter. Specify it explicitly.
e: file:///Users/jim/work/v2superbikeshed/Trikeshed/src/commonMain/kotlin/borg/trikeshed/parse/bbcursive/lib/confix_.kt:37:13 'apply' overrides nothing.
e: file:///Users/jim/work/v2superbikeshed/Trikeshed/src/commonMain/kotlin/borg/trikeshed/parse/bbcursive/lib/confix_.kt:37:40 Unresolved reference 'ByteBuffer'.
e: file:///Users/jim/work/v2superbikeshed/Trikeshed/src/commonMain/kotlin/borg/trikeshed/parse/bbcursive/lib/confix_.kt:37:53 Unresolved reference 'ByteBuffer'.
e: file:///Users/jim/work/v2superbikeshed/Trikeshed/src/commonMain/kotlin/borg/trikeshed/parse/bbcursive/lib/confix_.kt:38:24 Unresolved reference 'bb'.
e: file:///Users/jim/work/v2superbikeshed/Trikeshed/src/commonMain/kotlin/borg/trikeshed/parse/bbcursive/lib/confix_.kt:38:35 Unresolved reference 'allOf'.
e: file:///Users/jim/work/v2superbikeshed/Trikeshed/src/commonMain/kotlin/borg/trikeshed/parse/bbcursive/lib/infix_.kt:3:23 Unresolved reference 'ann'.
e: file:///Users/jim/work/v2superbikeshed/Trikeshed/src/commonMain/kotlin/borg/trikeshed/parse/bbcursive/lib/infix_.kt:4:23 Unresolved reference 'std'.
e: file:///Users/jim/work/v2superbikeshed/Trikeshed/src/commonMain/kotlin/borg/trikeshed/parse/bbcursive/lib/infix_.kt:6:8 Unresolved reference 'java'.
e: file:///Users/jim/work/v2superbikeshed/Trikeshed/src/commonMain/kotlin/borg/trikeshed/parse/bbcursive/lib/infix_.kt:7:8 Unresolved reference 'java'.
e: file:///Users/jim/work/v2superbikeshed/Trikeshed/src/commonMain/kotlin/borg/trikeshed/parse/bbcursive/lib/infix_.kt:8:8 Unresolved reference 'java'.
e: file:///Users/jim/work/v2superbikeshed/Trikeshed/src/commonMain/kotlin/borg/trikeshed/parse/bbcursive/lib/infix_.kt:10:2 Unresolved reference 'Infix'.
e: file:///Users/jim/work/v2superbikeshed/Trikeshed/src/commonMain/kotlin/borg/trikeshed/parse/bbcursive/lib/infix_.kt:13:6 Unresolved reference 'Infix'.
e: file:///Users/jim/work/v2superbikeshed/Trikeshed/src/commonMain/kotlin/borg/trikeshed/parse/bbcursive/lib/infix_.kt:14:29 Unresolved reference 'UnaryOperator'.
e: file:///Users/jim/work/v2superbikeshed/Trikeshed/src/commonMain/kotlin/borg/trikeshed/parse/bbcursive/lib/infix_.kt:14:43 Unresolved reference 'ByteBuffer'.
e: file:///Users/jim/work/v2superbikeshed/Trikeshed/src/commonMain/kotlin/borg/trikeshed/parse/bbcursive/lib/infix_.kt:14:57 Unresolved reference 'UnaryOperator'.
e: file:///Users/jim/work/v2superbikeshed/Trikeshed/src/commonMain/kotlin/borg/trikeshed/parse/bbcursive/lib/infix_.kt:14:71 Unresolved reference 'ByteBuffer'.
e: file:///Users/jim/work/v2superbikeshed/Trikeshed/src/commonMain/kotlin/borg/trikeshed/parse/bbcursive/lib/infix_.kt:19:6 Unresolved reference 'Infix'.
e: file:///Users/jim/work/v2superbikeshed/Trikeshed/src/commonMain/kotlin/borg/trikeshed/parse/bbcursive/lib/infix_.kt:20:64 Unresolved reference 'UnaryOperator'.
e: file:///Users/jim/work/v2superbikeshed/Trikeshed/src/commonMain/kotlin/borg/trikeshed/parse/bbcursive/lib/infix_.kt:20:78 Unresolved reference 'ByteBuffer'.
e: file:///Users/jim/work/v2superbikeshed/Trikeshed/src/commonMain/kotlin/borg/trikeshed/parse/bbcursive/lib/infix_.kt:20:94 Unresolved reference 'UnaryOperator'.
e: file:///Users/jim/work/v2superbikeshed/Trikeshed/src/commonMain/kotlin/borg/trikeshed/parse/bbcursive/lib/infix_.kt:20:108 Unresolved reference 'ByteBuffer'.
e: file:///Users/jim/work/v2superbikeshed/Trikeshed/src/commonMain/kotlin/borg/trikeshed/parse/bbcursive/lib/infix_.kt:22:9 'toString' overrides nothing.
e: file:///Users/jim/work/v2superbikeshed/Trikeshed/src/commonMain/kotlin/borg/trikeshed/parse/bbcursive/lib/infix_.kt:23:30 Unresolved reference 'Arrays'.
e: file:///Users/jim/work/v2superbikeshed/Trikeshed/src/commonMain/kotlin/borg/trikeshed/parse/bbcursive/lib/infix_.kt:26:9 'apply' overrides nothing.
e: file:///Users/jim/work/v2superbikeshed/Trikeshed/src/commonMain/kotlin/borg/trikeshed/parse/bbcursive/lib/infix_.kt:26:36 Unresolved reference 'ByteBuffer'.
e: file:///Users/jim/work/v2superbikeshed/Trikeshed/src/commonMain/kotlin/borg/trikeshed/parse/bbcursive/lib/infix_.kt:26:49 Unresolved reference 'ByteBuffer'.
e: file:///Users/jim/work/v2superbikeshed/Trikeshed/src/commonMain/kotlin/borg/trikeshed/parse/bbcursive/lib/infix_.kt:28:20 Unresolved reference 'std'.
e: file:///Users/jim/work/v2superbikeshed/Trikeshed/src/commonMain/kotlin/borg/trikeshed/parse/bbcursive/lib/lim.kt:4:39 Unresolved reference 'UnaryOperator'.
e: file:///Users/jim/work/v2superbikeshed/Trikeshed/src/commonMain/kotlin/borg/trikeshed/parse/bbcursive/lib/lim.kt:9:40 Unresolved reference 'UnaryOperator'.
e: file:///Users/jim/work/v2superbikeshed/Trikeshed/src/commonMain/kotlin/borg/trikeshed/parse/bbcursive/lib/lim.kt:17:29 Unresolved reference 'UnaryOperator'.
e: file:///Users/jim/work/v2superbikeshed/Trikeshed/src/commonMain/kotlin/borg/trikeshed/parse/bbcursive/lib/lim.kt:22:5 'invoke' overrides nothing.
e: file:///Users/jim/work/v2superbikeshed/Trikeshed/src/commonMain/kotlin/borg/trikeshed/parse/bbcursive/lib/lim.kt:23:22 Argument type mismatch: actual type is 'borg.trikeshed.parse.bbcursive.lib.Int', but 'kotlin.Int' was expected.
e: file:///Users/jim/work/v2superbikeshed/Trikeshed/src/commonMain/kotlin/borg/trikeshed/parse/bbcursive/lib/log.kt:21:9 This declaration needs opt-in. Its usage must be marked with '@kotlin.experimental.ExperimentalNativeApi' or '@OptIn(kotlin.experimental.ExperimentalNativeApi::class)'
e: file:///Users/jim/work/v2superbikeshed/Trikeshed/src/commonMain/kotlin/borg/trikeshed/parse/bbcursive/lib/log.kt:21:9 Cannot infer type for this parameter. Specify it explicitly.
e: file:///Users/jim/work/v2superbikeshed/Trikeshed/src/commonMain/kotlin/borg/trikeshed/parse/bbcursive/lib/log.kt:21:16 Argument type mismatch: actual type is 'log', but 'Boolean' was expected.
e: file:///Users/jim/work/v2superbikeshed/Trikeshed/src/commonMain/kotlin/borg/trikeshed/parse/bbcursive/lib/log.kt:21:19 Syntax error: Expecting ')'.
e: file:///Users/jim/work/v2superbikeshed/Trikeshed/src/commonMain/kotlin/borg/trikeshed/parse/bbcursive/lib/log.kt:21:21 Argument type mismatch: actual type is 'Any', but 'T (of fun <T, R> DeepRecursiveFunction<T, R>.invoke)' was expected.
e: file:///Users/jim/work/v2superbikeshed/Trikeshed/src/commonMain/kotlin/borg/trikeshed/parse/bbcursive/lib/log.kt:21:25 Too many arguments for 'fun <T, R> DeepRecursiveFunction<T, R>.invoke(value: T): R'.
e: file:///Users/jim/work/v2superbikeshed/Trikeshed/src/commonMain/kotlin/borg/trikeshed/parse/bbcursive/lib/log.kt:21:39 Syntax error: Unexpected tokens (use ';' to separate expressions on the same line).
e: file:///Users/jim/work/v2superbikeshed/Trikeshed/src/commonMain/kotlin/borg/trikeshed/parse/bbcursive/lib/log.kt:31:5 Function 'log' without a body must be abstract.
e: file:///Users/jim/work/v2superbikeshed/Trikeshed/src/commonMain/kotlin/borg/trikeshed/parse/bbcursive/lib/log.kt:31:12 Syntax error: Expecting '('.
e: file:///Users/jim/work/v2superbikeshed/Trikeshed/src/commonMain/kotlin/borg/trikeshed/parse/bbcursive/lib/log.kt:31:12 Syntax error: Expecting member declaration.
e: file:///Users/jim/work/v2superbikeshed/Trikeshed/src/commonMain/kotlin/borg/trikeshed/parse/bbcursive/lib/log.kt:31:13 Syntax error: Expecting member declaration.
e: file:///Users/jim/work/v2superbikeshed/Trikeshed/src/commonMain/kotlin/borg/trikeshed/parse/bbcursive/lib/log.kt:31:14 Syntax error: Expecting member declaration.
e: file:///Users/jim/work/v2superbikeshed/Trikeshed/src/commonMain/kotlin/borg/trikeshed/parse/bbcursive/lib/log.kt:31:16 Syntax error: Expecting member declaration.
e: file:///Users/jim/work/v2superbikeshed/Trikeshed/src/commonMain/kotlin/borg/trikeshed/parse/bbcursive/lib/log.kt:31:18 Syntax error: Expecting member declaration.
e: file:///Users/jim/work/v2superbikeshed/Trikeshed/src/commonMain/kotlin/borg/trikeshed/parse/bbcursive/lib/log.kt:31:21 Syntax error: Expecting member declaration.
e: file:///Users/jim/work/v2superbikeshed/Trikeshed/src/commonMain/kotlin/borg/trikeshed/parse/bbcursive/lib/log.kt:31:30 Syntax error: Expecting member declaration.
e: file:///Users/jim/work/v2superbikeshed/Trikeshed/src/commonMain/kotlin/borg/trikeshed/parse/bbcursive/lib/log.kt:31:42 Syntax error: Expecting member declaration.
e: file:///Users/jim/work/v2superbikeshed/Trikeshed/src/commonMain/kotlin/borg/trikeshed/parse/bbcursive/lib/log.kt:31:44 Syntax error: Expecting member declaration.
e: file:///Users/jim/work/v2superbikeshed/Trikeshed/src/commonMain/kotlin/borg/trikeshed/parse/bbcursive/lib/log.kt:31:50 Syntax error: Expecting member declaration.
e: file:///Users/jim/work/v2superbikeshed/Trikeshed/src/commonMain/kotlin/borg/trikeshed/parse/bbcursive/lib/log.kt:31:51 Syntax error: Expecting member declaration.
e: file:///Users/jim/work/v2superbikeshed/Trikeshed/src/commonMain/kotlin/borg/trikeshed/parse/bbcursive/lib/log.kt:31:53 Syntax error: Expecting member declaration.
e: file:///Users/jim/work/v2superbikeshed/Trikeshed/src/commonMain/kotlin/borg/trikeshed/parse/bbcursive/lib/log.kt:31:61 Syntax error: Expecting member declaration.
e: file:///Users/jim/work/v2superbikeshed/Trikeshed/src/commonMain/kotlin/borg/trikeshed/parse/bbcursive/lib/log.kt:31:61 Function declaration must have a name.
e: file:///Users/jim/work/v2superbikeshed/Trikeshed/src/commonMain/kotlin/borg/trikeshed/parse/bbcursive/lib/log.kt:32:29 Unresolved reference 'prefixSuffix'.
e: file:///Users/jim/work/v2superbikeshed/Trikeshed/src/commonMain/kotlin/borg/trikeshed/parse/bbcursive/lib/log.kt:33:17 Unresolved reference 'prefixSuffix'.
e: file:///Users/jim/work/v2superbikeshed/Trikeshed/src/commonMain/kotlin/borg/trikeshed/parse/bbcursive/lib/log.kt:34:13 Unresolved reference 'System'.
e: file:///Users/jim/work/v2superbikeshed/Trikeshed/src/commonMain/kotlin/borg/trikeshed/parse/bbcursive/lib/log.kt:34:30 Unresolved reference 'prefixSuffix'.
e: file:///Users/jim/work/v2superbikeshed/Trikeshed/src/commonMain/kotlin/borg/trikeshed/parse/bbcursive/lib/log.kt:34:30 Cannot infer type for this parameter. Specify it explicitly.
e: file:///Users/jim/work/v2superbikeshed/Trikeshed/src/commonMain/kotlin/borg/trikeshed/parse/bbcursive/lib/log.kt:35:13 Unresolved reference 'ob'.
e: file:///Users/jim/work/v2superbikeshed/Trikeshed/src/commonMain/kotlin/borg/trikeshed/parse/bbcursive/lib/log.kt:36:17 Unresolved reference 'ob'.
e: file:///Users/jim/work/v2superbikeshed/Trikeshed/src/commonMain/kotlin/borg/trikeshed/parse/bbcursive/lib/log.kt:37:37 Unresolved reference 'ob'.
e: file:///Users/jim/work/v2superbikeshed/Trikeshed/src/commonMain/kotlin/borg/trikeshed/parse/bbcursive/lib/log.kt:38:21 Suspend function 'suspend fun bb(b: ByteIndexedBuffer, vararg ops: ERROR CLASS: Symbol not found for UnaryOperator): ByteIndexedBuffer?' can only be called from a coroutine or another suspend function.
e: file:///Users/jim/work/v2superbikeshed/Trikeshed/src/commonMain/kotlin/borg/trikeshed/parse/bbcursive/lib/log.kt:40:21 Suspend function 'suspend fun bb(b: ByteIndexedBuffer, vararg ops: ERROR CLASS: Symbol not found for UnaryOperator): ByteIndexedBuffer?' can only be called from a coroutine or another suspend function.
e: file:///Users/jim/work/v2superbikeshed/Trikeshed/src/commonMain/kotlin/borg/trikeshed/parse/bbcursive/lib/log.kt:40:24 Unresolved reference 'ob'.
e: file:///Users/jim/work/v2superbikeshed/Trikeshed/src/commonMain/kotlin/borg/trikeshed/parse/bbcursive/lib/log.kt:40:58 Unresolved reference. None of the following candidates is applicable because of a receiver type mismatch:
fun Join<Int, Function1<Int, Byte>>.toByteIndexedBuffer(pos: Int = ..., limit: Int = ...): ByteIndexedBuffer
e: file:///Users/jim/work/v2superbikeshed/Trikeshed/src/commonMain/kotlin/borg/trikeshed/parse/bbcursive/lib/log.kt:43:17 Suspend function 'suspend fun bb(b: ByteIndexedBuffer, vararg ops: ERROR CLASS: Symbol not found for UnaryOperator): ByteIndexedBuffer?' can only be called from a coroutine or another suspend function.
e: file:///Users/jim/work/v2superbikeshed/Trikeshed/src/commonMain/kotlin/borg/trikeshed/parse/bbcursive/lib/log.kt:43:20 Unresolved reference 'ob'.
e: file:///Users/jim/work/v2superbikeshed/Trikeshed/src/commonMain/kotlin/borg/trikeshed/parse/bbcursive/lib/log.kt:46:13 Unresolved reference 'System'.
e: file:///Users/jim/work/v2superbikeshed/Trikeshed/src/commonMain/kotlin/borg/trikeshed/parse/bbcursive/lib/log.kt:46:32 Unresolved reference 'prefixSuffix'.
e: file:///Users/jim/work/v2superbikeshed/Trikeshed/src/commonMain/kotlin/borg/trikeshed/parse/bbcursive/lib/log.kt:46:32 Cannot infer type for this parameter. Specify it explicitly.
e: file:///Users/jim/work/v2superbikeshed/Trikeshed/src/commonMain/kotlin/borg/trikeshed/parse/bbcursive/lib/log.kt:48:16 Return type mismatch: expected 'Unit', actual 'Boolean'.
e: file:///Users/jim/work/v2superbikeshed/Trikeshed/src/commonMain/kotlin/borg/trikeshed/parse/bbcursive/lib/opt_.kt:3:8 Unresolved reference 'java'.
e: file:///Users/jim/work/v2superbikeshed/Trikeshed/src/commonMain/kotlin/borg/trikeshed/parse/bbcursive/lib/opt_.kt:4:8 Unresolved reference 'java'.
e: file:///Users/jim/work/v2superbikeshed/Trikeshed/src/commonMain/kotlin/borg/trikeshed/parse/bbcursive/lib/opt_.kt:5:8 Unresolved reference 'java'.
e: file:///Users/jim/work/v2superbikeshed/Trikeshed/src/commonMain/kotlin/borg/trikeshed/parse/bbcursive/lib/opt_.kt:7:8 Unresolved reference 'bbcursive'.
e: file:///Users/jim/work/v2superbikeshed/Trikeshed/src/commonMain/kotlin/borg/trikeshed/parse/bbcursive/lib/opt_.kt:14:36 Unresolved reference 'UnaryOperator'.
e: file:///Users/jim/work/v2superbikeshed/Trikeshed/src/commonMain/kotlin/borg/trikeshed/parse/bbcursive/lib/opt_.kt:14:50 Unresolved reference 'ByteBuffer'.
e: file:///Users/jim/work/v2superbikeshed/Trikeshed/src/commonMain/kotlin/borg/trikeshed/parse/bbcursive/lib/opt_.kt:14:64 Unresolved reference 'UnaryOperator'.
e: file:///Users/jim/work/v2superbikeshed/Trikeshed/src/commonMain/kotlin/borg/trikeshed/parse/bbcursive/lib/opt_.kt:14:78 Unresolved reference 'ByteBuffer'.
e: file:///Users/jim/work/v2superbikeshed/Trikeshed/src/commonMain/kotlin/borg/trikeshed/parse/bbcursive/lib/opt_.kt:18:72 Unresolved reference 'UnaryOperator'.
e: file:///Users/jim/work/v2superbikeshed/Trikeshed/src/commonMain/kotlin/borg/trikeshed/parse/bbcursive/lib/opt_.kt:18:86 Unresolved reference 'ByteBuffer'.
e: file:///Users/jim/work/v2superbikeshed/Trikeshed/src/commonMain/kotlin/borg/trikeshed/parse/bbcursive/lib/opt_.kt:18:102 Unresolved reference 'UnaryOperator'.
e: file:///Users/jim/work/v2superbikeshed/Trikeshed/src/commonMain/kotlin/borg/trikeshed/parse/bbcursive/lib/opt_.kt:18:116 Unresolved reference 'ByteBuffer'.
e: file:///Users/jim/work/v2superbikeshed/Trikeshed/src/commonMain/kotlin/borg/trikeshed/parse/bbcursive/lib/opt_.kt:20:9 'toString' overrides nothing.
e: file:///Users/jim/work/v2superbikeshed/Trikeshed/src/commonMain/kotlin/borg/trikeshed/parse/bbcursive/lib/opt_.kt:21:29 Unresolved reference 'Arrays'.
e: file:///Users/jim/work/v2superbikeshed/Trikeshed/src/commonMain/kotlin/borg/trikeshed/parse/bbcursive/lib/opt_.kt:24:9 'apply' overrides nothing.
e: file:///Users/jim/work/v2superbikeshed/Trikeshed/src/commonMain/kotlin/borg/trikeshed/parse/bbcursive/lib/opt_.kt:24:36 Unresolved reference 'ByteBuffer'.
e: file:///Users/jim/work/v2superbikeshed/Trikeshed/src/commonMain/kotlin/borg/trikeshed/parse/bbcursive/lib/opt_.kt:24:49 Unresolved reference 'ByteBuffer'.
e: file:///Users/jim/work/v2superbikeshed/Trikeshed/src/commonMain/kotlin/borg/trikeshed/parse/bbcursive/lib/opt_.kt:25:35 Unresolved reference 'position'.
e: file:///Users/jim/work/v2superbikeshed/Trikeshed/src/commonMain/kotlin/borg/trikeshed/parse/bbcursive/lib/opt_.kt:26:21 Unresolved reference 'bb'.
e: file:///Users/jim/work/v2superbikeshed/Trikeshed/src/commonMain/kotlin/borg/trikeshed/parse/bbcursive/lib/opt_.kt:28:24 Unresolved reference 'position'.
e: file:///Users/jim/work/v2superbikeshed/Trikeshed/src/commonMain/kotlin/borg/trikeshed/parse/bbcursive/lib/pos.kt:4:39 Unresolved reference 'UnaryOperator'.
e: file:///Users/jim/work/v2superbikeshed/Trikeshed/src/commonMain/kotlin/borg/trikeshed/parse/bbcursive/lib/pos.kt:9:40 Unresolved reference 'UnaryOperator'.
e: file:///Users/jim/work/v2superbikeshed/Trikeshed/src/commonMain/kotlin/borg/trikeshed/parse/bbcursive/lib/pos.kt:18:33 Unresolved reference 'UnaryOperator'.
e: file:///Users/jim/work/v2superbikeshed/Trikeshed/src/commonMain/kotlin/borg/trikeshed/parse/bbcursive/lib/pos.kt:19:20 'operator' modifier is required on 'FirNamedFunctionSymbol borg/trikeshed/parse/bbcursive/lib/pos.invoke' in 'invoke'.
e: file:///Users/jim/work/v2superbikeshed/Trikeshed/src/commonMain/kotlin/borg/trikeshed/parse/bbcursive/lib/pos.kt:19:29 This type is final, so it cannot be extended.
e: file:///Users/jim/work/v2superbikeshed/Trikeshed/src/commonMain/kotlin/borg/trikeshed/parse/bbcursive/lib/pos.kt:19:42 Syntax error: Expecting a class body.
e: file:///Users/jim/work/v2superbikeshed/Trikeshed/src/commonMain/kotlin/borg/trikeshed/parse/bbcursive/lib/pos.kt:19:45 Argument type mismatch: actual type is 'Function0<Unit>', but 'ByteIndexedBuffer' was expected.
e: file:///Users/jim/work/v2superbikeshed/Trikeshed/src/commonMain/kotlin/borg/trikeshed/parse/bbcursive/lib/pos.kt:20:17 Modifier 'override' is not applicable to 'local function'.
e: file:///Users/jim/work/v2superbikeshed/Trikeshed/src/commonMain/kotlin/borg/trikeshed/parse/bbcursive/lib/pos.kt:27:5 'invoke' overrides nothing.
e: file:///Users/jim/work/v2superbikeshed/Trikeshed/src/commonMain/kotlin/borg/trikeshed/parse/bbcursive/lib/pos.kt:28:44 Argument type mismatch: actual type is 'borg.trikeshed.parse.bbcursive.lib.Int', but 'kotlin.Int' was expected.
e: file:///Users/jim/work/v2superbikeshed/Trikeshed/src/commonMain/kotlin/borg/trikeshed/parse/bbcursive/lib/push.kt:3:8 Unresolved reference 'java'.
e: file:///Users/jim/work/v2superbikeshed/Trikeshed/src/commonMain/kotlin/borg/trikeshed/parse/bbcursive/lib/push.kt:15:19 Unresolved reference 'ByteBuffer'.
e: file:///Users/jim/work/v2superbikeshed/Trikeshed/src/commonMain/kotlin/borg/trikeshed/parse/bbcursive/lib/push.kt:15:37 Unresolved reference 'ByteBuffer'.
e: file:///Users/jim/work/v2superbikeshed/Trikeshed/src/commonMain/kotlin/borg/trikeshed/parse/bbcursive/lib/push.kt:15:50 Unresolved reference 'ByteBuffer'.
e: file:///Users/jim/work/v2superbikeshed/Trikeshed/src/commonMain/kotlin/borg/trikeshed/parse/bbcursive/lib/push.kt:16:24 Unresolved reference 'remaining'.
e: file:///Users/jim/work/v2superbikeshed/Trikeshed/src/commonMain/kotlin/borg/trikeshed/parse/bbcursive/lib/push.kt:17:25 Unresolved reference 'remaining'.
e: file:///Users/jim/work/v2superbikeshed/Trikeshed/src/commonMain/kotlin/borg/trikeshed/parse/bbcursive/lib/push.kt:19:25 Unresolved reference 'put'.
e: file:///Users/jim/work/v2superbikeshed/Trikeshed/src/commonMain/kotlin/borg/trikeshed/parse/bbcursive/lib/push.kt:21:14 Unresolved reference 'put'.
e: file:///Users/jim/work/v2superbikeshed/Trikeshed/src/commonMain/kotlin/borg/trikeshed/parse/bbcursive/lib/push.kt:21:30 Unresolved reference 'limit'.
e: file:///Users/jim/work/v2superbikeshed/Trikeshed/src/commonMain/kotlin/borg/trikeshed/parse/bbcursive/lib/push.kt:21:45 Unresolved reference 'ByteBuffer'.
e: file:///Users/jim/work/v2superbikeshed/Trikeshed/src/commonMain/kotlin/borg/trikeshed/parse/bbcursive/lib/push.kt:22:13 Unresolved reference 'position'.
e: file:///Users/jim/work/v2superbikeshed/Trikeshed/src/commonMain/kotlin/borg/trikeshed/parse/bbcursive/lib/push.kt:22:26 Unresolved reference 'position'.
e: file:///Users/jim/work/v2superbikeshed/Trikeshed/src/commonMain/kotlin/borg/trikeshed/parse/bbcursive/lib/repeat_.kt:3:8 Unresolved reference 'org'.
e: file:///Users/jim/work/v2superbikeshed/Trikeshed/src/commonMain/kotlin/borg/trikeshed/parse/bbcursive/lib/repeat_.kt:5:8 Unresolved reference 'java'.
e: file:///Users/jim/work/v2superbikeshed/Trikeshed/src/commonMain/kotlin/borg/trikeshed/parse/bbcursive/lib/repeat_.kt:6:8 Unresolved reference 'java'.
e: file:///Users/jim/work/v2superbikeshed/Trikeshed/src/commonMain/kotlin/borg/trikeshed/parse/bbcursive/lib/repeat_.kt:7:8 Unresolved reference 'java'.
e: file:///Users/jim/work/v2superbikeshed/Trikeshed/src/commonMain/kotlin/borg/trikeshed/parse/bbcursive/lib/repeat_.kt:9:8 Unresolved reference 'bbcursive'.
e: file:///Users/jim/work/v2superbikeshed/Trikeshed/src/commonMain/kotlin/borg/trikeshed/parse/bbcursive/lib/repeat_.kt:16:6 Unresolved reference 'NotNull'.
e: file:///Users/jim/work/v2superbikeshed/Trikeshed/src/commonMain/kotlin/borg/trikeshed/parse/bbcursive/lib/repeat_.kt:17:27 Unresolved reference 'UnaryOperator'.
e: file:///Users/jim/work/v2superbikeshed/Trikeshed/src/commonMain/kotlin/borg/trikeshed/parse/bbcursive/lib/repeat_.kt:17:41 Unresolved reference 'ByteBuffer'.
e: file:///Users/jim/work/v2superbikeshed/Trikeshed/src/commonMain/kotlin/borg/trikeshed/parse/bbcursive/lib/repeat_.kt:17:55 Unresolved reference 'UnaryOperator'.
e: file:///Users/jim/work/v2superbikeshed/Trikeshed/src/commonMain/kotlin/borg/trikeshed/parse/bbcursive/lib/repeat_.kt:17:69 Unresolved reference 'ByteBuffer'.
e: file:///Users/jim/work/v2superbikeshed/Trikeshed/src/commonMain/kotlin/borg/trikeshed/parse/bbcursive/lib/repeat_.kt:18:25 Unresolved reference 'UnaryOperator'.
e: file:///Users/jim/work/v2superbikeshed/Trikeshed/src/commonMain/kotlin/borg/trikeshed/parse/bbcursive/lib/repeat_.kt:18:39 Unresolved reference 'ByteBuffer'.
e: file:///Users/jim/work/v2superbikeshed/Trikeshed/src/commonMain/kotlin/borg/trikeshed/parse/bbcursive/lib/repeat_.kt:21:13 'toString' overrides nothing.
e: file:///Users/jim/work/v2superbikeshed/Trikeshed/src/commonMain/kotlin/borg/trikeshed/parse/bbcursive/lib/repeat_.kt:22:33 Unresolved reference 'Arrays'.
e: file:///Users/jim/work/v2superbikeshed/Trikeshed/src/commonMain/kotlin/borg/trikeshed/parse/bbcursive/lib/repeat_.kt:25:13 'apply' overrides nothing.
e: file:///Users/jim/work/v2superbikeshed/Trikeshed/src/commonMain/kotlin/borg/trikeshed/parse/bbcursive/lib/repeat_.kt:25:44 Unresolved reference 'ByteBuffer'.
e: file:///Users/jim/work/v2superbikeshed/Trikeshed/src/commonMain/kotlin/borg/trikeshed/parse/bbcursive/lib/repeat_.kt:25:57 Unresolved reference 'ByteBuffer'.
e: file:///Users/jim/work/v2superbikeshed/Trikeshed/src/commonMain/kotlin/borg/trikeshed/parse/bbcursive/lib/repeat_.kt:26:39 Unresolved reference 'position'.
e: file:///Users/jim/work/v2superbikeshed/Trikeshed/src/commonMain/kotlin/borg/trikeshed/parse/bbcursive/lib/repeat_.kt:28:29 Unresolved reference 'ByteBuffer'.
e: file:///Users/jim/work/v2superbikeshed/Trikeshed/src/commonMain/kotlin/borg/trikeshed/parse/bbcursive/lib/repeat_.kt:29:27 Unresolved reference 'ByteBuffer'.
e: file:///Users/jim/work/v2superbikeshed/Trikeshed/src/commonMain/kotlin/borg/trikeshed/parse/bbcursive/lib/repeat_.kt:30:49 Unresolved reference 'hasRemaining'.
e: file:///Users/jim/work/v2superbikeshed/Trikeshed/src/commonMain/kotlin/borg/trikeshed/parse/bbcursive/lib/repeat_.kt:33:25 Unresolved reference 'bb'.
e: file:///Users/jim/work/v2superbikeshed/Trikeshed/src/commonMain/kotlin/borg/trikeshed/parse/bbcursive/lib/repeat_.kt:35:39 Unresolved reference 'position'.
e: file:///Users/jim/work/v2superbikeshed/Trikeshed/src/commonMain/kotlin/borg/trikeshed/parse/bbcursive/lib/repeat_.kt:40:57 Unresolved reference 'hasRemaining'.
e: file:///Users/jim/work/v2superbikeshed/Trikeshed/src/commonMain/kotlin/borg/trikeshed/parse/bbcursive/lib/repeat_.kt:41:26 Unresolved reference 'position'.
e: file:///Users/jim/work/v2superbikeshed/Trikeshed/src/commonMain/kotlin/borg/trikeshed/parse/bbcursive/lib/skipper_.kt:3:23 Unresolved reference 'ann'.
e: file:///Users/jim/work/v2superbikeshed/Trikeshed/src/commonMain/kotlin/borg/trikeshed/parse/bbcursive/lib/skipper_.kt:4:23 Unresolved reference 'std'.
e: file:///Users/jim/work/v2superbikeshed/Trikeshed/src/commonMain/kotlin/borg/trikeshed/parse/bbcursive/lib/skipper_.kt:6:8 Unresolved reference 'java'.
e: file:///Users/jim/work/v2superbikeshed/Trikeshed/src/commonMain/kotlin/borg/trikeshed/parse/bbcursive/lib/skipper_.kt:7:8 Unresolved reference 'java'.
e: file:///Users/jim/work/v2superbikeshed/Trikeshed/src/commonMain/kotlin/borg/trikeshed/parse/bbcursive/lib/skipper_.kt:8:8 Unresolved reference 'java'.
e: file:///Users/jim/work/v2superbikeshed/Trikeshed/src/commonMain/kotlin/borg/trikeshed/parse/bbcursive/lib/skipper_.kt:10:8 Unresolved reference 'bbcursive'.
e: file:///Users/jim/work/v2superbikeshed/Trikeshed/src/commonMain/kotlin/borg/trikeshed/parse/bbcursive/lib/skipper_.kt:12:2 Unresolved reference 'Skipper'.
e: file:///Users/jim/work/v2superbikeshed/Trikeshed/src/commonMain/kotlin/borg/trikeshed/parse/bbcursive/lib/skipper_.kt:15:6 Unresolved reference 'Skipper'.
e: file:///Users/jim/work/v2superbikeshed/Trikeshed/src/commonMain/kotlin/borg/trikeshed/parse/bbcursive/lib/skipper_.kt:16:31 Unresolved reference 'UnaryOperator'.
e: file:///Users/jim/work/v2superbikeshed/Trikeshed/src/commonMain/kotlin/borg/trikeshed/parse/bbcursive/lib/skipper_.kt:16:45 Unresolved reference 'ByteBuffer'.
e: file:///Users/jim/work/v2superbikeshed/Trikeshed/src/commonMain/kotlin/borg/trikeshed/parse/bbcursive/lib/skipper_.kt:16:59 Unresolved reference 'UnaryOperator'.
e: file:///Users/jim/work/v2superbikeshed/Trikeshed/src/commonMain/kotlin/borg/trikeshed/parse/bbcursive/lib/skipper_.kt:16:73 Unresolved reference 'ByteBuffer'.
e: file:///Users/jim/work/v2superbikeshed/Trikeshed/src/commonMain/kotlin/borg/trikeshed/parse/bbcursive/lib/skipper_.kt:21:6 Unresolved reference 'Skipper'.
e: file:///Users/jim/work/v2superbikeshed/Trikeshed/src/commonMain/kotlin/borg/trikeshed/parse/bbcursive/lib/skipper_.kt:22:64 Unresolved reference 'UnaryOperator'.
e: file:///Users/jim/work/v2superbikeshed/Trikeshed/src/commonMain/kotlin/borg/trikeshed/parse/bbcursive/lib/skipper_.kt:22:78 Unresolved reference 'ByteBuffer'.
e: file:///Users/jim/work/v2superbikeshed/Trikeshed/src/commonMain/kotlin/borg/trikeshed/parse/bbcursive/lib/skipper_.kt:22:94 Unresolved reference 'UnaryOperator'.
e: file:///Users/jim/work/v2superbikeshed/Trikeshed/src/commonMain/kotlin/borg/trikeshed/parse/bbcursive/lib/skipper_.kt:22:108 Unresolved reference 'ByteBuffer'.
e: file:///Users/jim/work/v2superbikeshed/Trikeshed/src/commonMain/kotlin/borg/trikeshed/parse/bbcursive/lib/skipper_.kt:24:9 'toString' overrides nothing.
e: file:///Users/jim/work/v2superbikeshed/Trikeshed/src/commonMain/kotlin/borg/trikeshed/parse/bbcursive/lib/skipper_.kt:25:32 Unresolved reference 'Arrays'.
e: file:///Users/jim/work/v2superbikeshed/Trikeshed/src/commonMain/kotlin/borg/trikeshed/parse/bbcursive/lib/skipper_.kt:29:9 'apply' overrides nothing.
e: file:///Users/jim/work/v2superbikeshed/Trikeshed/src/commonMain/kotlin/borg/trikeshed/parse/bbcursive/lib/skipper_.kt:29:36 Unresolved reference 'ByteBuffer'.
e: file:///Users/jim/work/v2superbikeshed/Trikeshed/src/commonMain/kotlin/borg/trikeshed/parse/bbcursive/lib/skipper_.kt:29:49 Unresolved reference 'ByteBuffer'.
e: file:///Users/jim/work/v2superbikeshed/Trikeshed/src/commonMain/kotlin/borg/trikeshed/parse/bbcursive/lib/skipper_.kt:30:13 Unresolved reference 'std'.
e: file:///Users/jim/work/v2superbikeshed/Trikeshed/src/commonMain/kotlin/borg/trikeshed/parse/bbcursive/lib/skipper_.kt:30:29 Unresolved reference 'add'.
e: file:///Users/jim/work/v2superbikeshed/Trikeshed/src/commonMain/kotlin/borg/trikeshed/parse/bbcursive/lib/skipper_.kt:30:33 Unresolved reference 'std'.
e: file:///Users/jim/work/v2superbikeshed/Trikeshed/src/commonMain/kotlin/borg/trikeshed/parse/bbcursive/lib/skipper_.kt:32:20 Unresolved reference 'bb'.
e: file:///Users/jim/work/v2superbikeshed/Trikeshed/src/commonMain/kotlin/borg/trikeshed/parse/bbcursive/lib/strlit.kt:6:39 Unresolved reference 'UnaryOperator'.
e: file:///Users/jim/work/v2superbikeshed/Trikeshed/src/commonMain/kotlin/borg/trikeshed/parse/bbcursive/lib/strlit.kt:7:8 Unresolved reference 'java'.
e: file:///Users/jim/work/v2superbikeshed/Trikeshed/src/commonMain/kotlin/borg/trikeshed/parse/bbcursive/lib/strlit.kt:14:34 Unresolved reference 'UnaryOperator'.
e: file:///Users/jim/work/v2superbikeshed/Trikeshed/src/commonMain/kotlin/borg/trikeshed/parse/bbcursive/lib/strlit.kt:18:74 Unresolved reference 'UnaryOperator'.
e: file:///Users/jim/work/v2superbikeshed/Trikeshed/src/commonMain/kotlin/borg/trikeshed/parse/bbcursive/lib/strlit.kt:20:9 'toString' overrides nothing.
e: file:///Users/jim/work/v2superbikeshed/Trikeshed/src/commonMain/kotlin/borg/trikeshed/parse/bbcursive/lib/strlit.kt:21:20 Unresolved reference 'MessageFormat'.
e: file:///Users/jim/work/v2superbikeshed/Trikeshed/src/commonMain/kotlin/borg/trikeshed/parse/bbcursive/lib/strlit.kt:24:9 'invoke' overrides nothing.
e: file:///Users/jim/work/v2superbikeshed/Trikeshed/src/commonMain/kotlin/borg/trikeshed/parse/bbcursive/lib/strlit.kt:25:59 Unresolved reference. None of the following candidates is applicable because of a receiver type mismatch:
fun Join<Int, Function1<Int, Byte>>.toByteIndexedBuffer(pos: Int = ..., limit: Int = ...): ByteIndexedBuffer
e: file:///Users/jim/work/v2superbikeshed/Trikeshed/src/commonMain/kotlin/borg/trikeshed/parse/bbcursive/lib/u8tf.kt:3:8 Unresolved reference 'java'.
e: file:///Users/jim/work/v2superbikeshed/Trikeshed/src/commonMain/kotlin/borg/trikeshed/parse/bbcursive/lib/u8tf.kt:4:8 Unresolved reference 'java'.
e: file:///Users/jim/work/v2superbikeshed/Trikeshed/src/commonMain/kotlin/borg/trikeshed/parse/bbcursive/lib/u8tf.kt:15:31 Unresolved reference 'ByteBuffer'.
e: file:///Users/jim/work/v2superbikeshed/Trikeshed/src/commonMain/kotlin/borg/trikeshed/parse/bbcursive/lib/u8tf.kt:16:16 Unresolved reference 'StandardCharsets'.
e: file:///Users/jim/work/v2superbikeshed/Trikeshed/src/commonMain/kotlin/borg/trikeshed/parse/bbcursive/lib/u8tf.kt:25:21 Unresolved reference 'ByteBuffer'.
e: file:///Users/jim/work/v2superbikeshed/Trikeshed/src/commonMain/kotlin/borg/trikeshed/parse/bbcursive/lib/u8tf.kt:26:16 Unresolved reference 'StandardCharsets'.
e: file:///Users/jim/work/v2superbikeshed/Trikeshed/src/commonMain/kotlin/borg/trikeshed/parse/bbcursive/lib/value_.kt:3:23 Unresolved reference 'ann'.
e: file:///Users/jim/work/v2superbikeshed/Trikeshed/src/commonMain/kotlin/borg/trikeshed/parse/bbcursive/lib/value_.kt:4:23 Unresolved reference 'ann'.
e: file:///Users/jim/work/v2superbikeshed/Trikeshed/src/commonMain/kotlin/borg/trikeshed/parse/bbcursive/lib/value_.kt:6:39 Unresolved reference 'UnaryOperator'.
e: file:///Users/jim/work/v2superbikeshed/Trikeshed/src/commonMain/kotlin/borg/trikeshed/parse/bbcursive/lib/value_.kt:8:50 Cannot import 'infix'. Functions and properties can only be imported from packages or objects.
e: file:///Users/jim/work/v2superbikeshed/Trikeshed/src/commonMain/kotlin/borg/trikeshed/parse/bbcursive/lib/value_.kt:15:2 Unresolved reference 'Infix'.
e: file:///Users/jim/work/v2superbikeshed/Trikeshed/src/commonMain/kotlin/borg/trikeshed/parse/bbcursive/lib/value_.kt:16:2 Unresolved reference 'ForwardOnly'.
e: file:///Users/jim/work/v2superbikeshed/Trikeshed/src/commonMain/kotlin/borg/trikeshed/parse/bbcursive/lib/value_.kt:17:38 Unresolved reference 'UnaryOperator'.
e: file:///Users/jim/work/v2superbikeshed/Trikeshed/src/commonMain/kotlin/borg/trikeshed/parse/bbcursive/lib/value_.kt:27:5 'invoke' overrides nothing.
e: file:///Users/jim/work/v2superbikeshed/Trikeshed/src/commonMain/kotlin/borg/trikeshed/parse/bbcursive/lib/value_.kt:28:16 Unresolved reference 'infix'.
e: file:///Users/jim/work/v2superbikeshed/Trikeshed/src/commonMain/kotlin/borg/trikeshed/parse/bbcursive/std.kt:7:27 Unresolved reference 'pos'.
e: file:///Users/jim/work/v2superbikeshed/Trikeshed/src/commonMain/kotlin/borg/trikeshed/parse/bbcursive/std.kt:8:27 Unresolved reference 'rem'.
e: file:///Users/jim/work/v2superbikeshed/Trikeshed/src/commonMain/kotlin/borg/trikeshed/parse/bbcursive/std.kt:9:27 Unresolved reference 'rew'.
e: file:///Users/jim/work/v2superbikeshed/Trikeshed/src/commonMain/kotlin/borg/trikeshed/parse/bbcursive/std.kt:10:27 Unresolved reference 'lim'.
e: file:///Users/jim/work/v2superbikeshed/Trikeshed/src/commonMain/kotlin/borg/trikeshed/parse/bbcursive/std.kt:11:27 Unresolved reference 'mk'.
e: file:///Users/jim/work/v2superbikeshed/Trikeshed/src/commonMain/kotlin/borg/trikeshed/parse/bbcursive/std.kt:12:27 Unresolved reference 'clr'.
e: file:///Users/jim/work/v2superbikeshed/Trikeshed/src/commonMain/kotlin/borg/trikeshed/parse/bbcursive/std.kt:13:27 Unresolved reference 'rtrim'.
e: file:///Users/jim/work/v2superbikeshed/Trikeshed/src/commonMain/kotlin/borg/trikeshed/parse/bbcursive/std.kt:14:27 Unresolved reference 'dec'.
e: file:///Users/jim/work/v2superbikeshed/Trikeshed/src/commonMain/kotlin/borg/trikeshed/parse/bbcursive/std.kt:15:27 Unresolved reference 'inc'.
e: file:///Users/jim/work/v2superbikeshed/Trikeshed/src/commonMain/kotlin/borg/trikeshed/parse/bbcursive/std.kt:17:27 Unresolved reference 'duplicate'.
e: file:///Users/jim/work/v2superbikeshed/Trikeshed/src/commonMain/kotlin/borg/trikeshed/parse/bbcursive/std.kt:18:27 Unresolved reference 'flip'.
e: file:///Users/jim/work/v2superbikeshed/Trikeshed/src/commonMain/kotlin/borg/trikeshed/parse/bbcursive/std.kt:19:27 Unresolved reference 'ro'.
e: file:///Users/jim/work/v2superbikeshed/Trikeshed/src/commonMain/kotlin/borg/trikeshed/parse/bbcursive/std.kt:20:27 Unresolved reference 'hasRemaining'.
e: file:///Users/jim/work/v2superbikeshed/Trikeshed/src/commonMain/kotlin/borg/trikeshed/parse/bbcursive/std.kt:21:27 Unresolved reference 'put'.
e: file:///Users/jim/work/v2superbikeshed/Trikeshed/src/commonMain/kotlin/borg/trikeshed/parse/bbcursive/std.kt:22:27 Unresolved reference 'a'.
e: file:///Users/jim/work/v2superbikeshed/Trikeshed/src/commonMain/kotlin/borg/trikeshed/parse/bbcursive/std.kt:23:27 Unresolved reference 'b'.
e: file:///Users/jim/work/v2superbikeshed/Trikeshed/src/commonMain/kotlin/borg/trikeshed/parse/bbcursive/std.kt:25:27 Unresolved reference 'encodeToByteArray'.
e: file:///Users/jim/work/v2superbikeshed/Trikeshed/src/commonMain/kotlin/borg/trikeshed/parse/bbcursive/std.kt:27:27 Unresolved reference 'decodeToChars'.
e: file:///Users/jim/work/v2superbikeshed/Trikeshed/src/commonMain/kotlin/borg/trikeshed/parse/bbcursive/std.kt:34:39 Unresolved reference 'SessionContext'.
e: file:///Users/jim/work/v2superbikeshed/Trikeshed/src/commonMain/kotlin/borg/trikeshed/parse/bbcursive/std.kt:41:23 Unresolved reference 'full'.
e: file:///Users/jim/work/v2superbikeshed/Trikeshed/src/commonMain/kotlin/borg/trikeshed/parse/bbcursive/std.kt:42:23 Unresolved reference 'full'.
e: file:///Users/jim/work/v2superbikeshed/Trikeshed/src/commonMain/kotlin/borg/trikeshed/parse/bbcursive/std.kt:70:54 Unresolved reference 'UnaryOperator'.
e: file:///Users/jim/work/v2superbikeshed/Trikeshed/src/commonMain/kotlin/borg/trikeshed/parse/bbcursive/std.kt:72:37 Unresolved reference 'Traits'.
e: file:///Users/jim/work/v2superbikeshed/Trikeshed/src/commonMain/kotlin/borg/trikeshed/parse/bbcursive/std.kt:73:17 Unresolved reference 'UnaryOperator'.
e: file:///Users/jim/work/v2superbikeshed/Trikeshed/src/commonMain/kotlin/borg/trikeshed/parse/bbcursive/std.kt:75:47 Unresolved reference 'Key'.
e: file:///Users/jim/work/v2superbikeshed/Trikeshed/src/commonMain/kotlin/borg/trikeshed/parse/bbcursive/std.kt:80:34 Unresolved reference 'System'.
e: file:///Users/jim/work/v2superbikeshed/Trikeshed/src/commonMain/kotlin/borg/trikeshed/parse/bbcursive/std.kt:83:32 Unresolved reference 'flags'.
e: file:///Users/jim/work/v2superbikeshed/Trikeshed/src/commonMain/kotlin/borg/trikeshed/parse/bbcursive/std.kt:83:47 Unresolved reference 'Traits'.
e: file:///Users/jim/work/v2superbikeshed/Trikeshed/src/commonMain/kotlin/borg/trikeshed/parse/bbcursive/std.kt:90:22 Argument type mismatch: actual type is 'ByteIndexedBuffer', but 'K (of fun <K> WHEN_CALL)' was expected.
e: file:///Users/jim/work/v2superbikeshed/Trikeshed/src/commonMain/kotlin/borg/trikeshed/parse/bbcursive/std.kt:91:22 Argument type mismatch: actual type is 'R (of fun <T, R> DeepRecursiveFunction<T, R>.invoke)', but 'K (of fun <K> WHEN_CALL)' was expected.
e: file:///Users/jim/work/v2superbikeshed/Trikeshed/src/commonMain/kotlin/borg/trikeshed/parse/bbcursive/std.kt:91:25 Cannot infer type for this parameter. Specify it explicitly.
e: file:///Users/jim/work/v2superbikeshed/Trikeshed/src/commonMain/kotlin/borg/trikeshed/parse/bbcursive/std.kt:91:25 Unresolved reference. None of the following candidates is applicable because of a receiver type mismatch:
fun <T, R> DeepRecursiveFunction<T, R>.invoke(value: T): R
e: file:///Users/jim/work/v2superbikeshed/Trikeshed/src/commonMain/kotlin/borg/trikeshed/parse/bbcursive/std.kt:92:25 Argument type mismatch: actual type is 'ByteIndexedBuffer?', but 'K (of fun <K> WHEN_CALL)' was expected.
e: file:///Users/jim/work/v2superbikeshed/Trikeshed/src/commonMain/kotlin/borg/trikeshed/parse/bbcursive/std.kt:95:45 Unresolved reference 'flags'.
e: file:///Users/jim/work/v2superbikeshed/Trikeshed/src/commonMain/kotlin/borg/trikeshed/parse/bbcursive/std.kt:95:60 Unresolved reference 'Traits'.
e: file:///Users/jim/work/v2superbikeshed/Trikeshed/src/commonMain/kotlin/borg/trikeshed/parse/bbcursive/std.kt:97:21 Unresolved reference 'System'.
e: file:///Users/jim/work/v2superbikeshed/Trikeshed/src/commonMain/kotlin/borg/trikeshed/parse/bbcursive/std.kt:100:32 Unresolved reference 'outbox'.
e: file:///Users/jim/work/v2superbikeshed/Trikeshed/src/commonMain/kotlin/borg/trikeshed/parse/bbcursive/std.kt:100:39 Unresolved reference 'ParseResult'.
e: file:///Users/jim/work/v2superbikeshed/Trikeshed/src/commonMain/kotlin/borg/trikeshed/parse/bbcursive/std.kt:100:95 Unresolved reference 'flags'.
e: file:///Users/jim/work/v2superbikeshed/Trikeshed/src/commonMain/kotlin/borg/trikeshed/parse/bbcursive/std.kt:103:22 Cannot infer type for this parameter. Specify it explicitly.
e: file:///Users/jim/work/v2superbikeshed/Trikeshed/src/commonMain/kotlin/borg/trikeshed/parse/bbcursive/std.kt:103:22 Not enough information to infer type argument for 'R'.
e: file:///Users/jim/work/v2superbikeshed/Trikeshed/src/commonMain/kotlin/borg/trikeshed/parse/bbcursive/std.kt:103:43 Unresolved reference 'flags'.
e: file:///Users/jim/work/v2superbikeshed/Trikeshed/src/commonMain/kotlin/borg/trikeshed/parse/bbcursive/std.kt:103:49 Cannot infer type for this parameter. Specify it explicitly.
e: file:///Users/jim/work/v2superbikeshed/Trikeshed/src/commonMain/kotlin/borg/trikeshed/parse/bbcursive/std.kt:103:55 Cannot infer type for this parameter. Specify it explicitly.
e: file:///Users/jim/work/v2superbikeshed/Trikeshed/src/commonMain/kotlin/borg/trikeshed/parse/bbcursive/std.kt:107:35 Unresolved reference 'UnaryOperator'.
e: file:///Users/jim/work/v2superbikeshed/Trikeshed/src/commonMain/kotlin/borg/trikeshed/parse/bbcursive/std.kt:107:82 Unresolved reference 'Traits'.
e: file:///Users/jim/work/v2superbikeshed/Trikeshed/src/commonMain/kotlin/borg/trikeshed/parse/bbcursive/std.kt:108:30 Suspend property 'val coroutineContext: CoroutineContext' can only be accessed from a coroutine or suspend function.
e: file:///Users/jim/work/v2superbikeshed/Trikeshed/src/commonMain/kotlin/borg/trikeshed/parse/bbcursive/std.kt:108:47 Unresolved reference 'Key'.
e: file:///Users/jim/work/v2superbikeshed/Trikeshed/src/commonMain/kotlin/borg/trikeshed/parse/bbcursive/std.kt:111:32 Unresolved reference 'flags'.
e: file:///Users/jim/work/v2superbikeshed/Trikeshed/src/commonMain/kotlin/borg/trikeshed/parse/bbcursive/std.kt:115:20 Unresolved reference 'hasAnnotation'.
e: file:///Users/jim/work/v2superbikeshed/Trikeshed/src/commonMain/kotlin/borg/trikeshed/parse/bbcursive/std.kt:117:19 Unresolved reference 'Traits'.
e: file:///Users/jim/work/v2superbikeshed/Trikeshed/src/commonMain/kotlin/borg/trikeshed/parse/bbcursive/std.kt:118:16 Not enough information to infer type argument for 'K'.
e: file:///Users/jim/work/v2superbikeshed/Trikeshed/src/commonMain/kotlin/borg/trikeshed/parse/bbcursive/std.kt:118:27 Unresolved reference 'hasAnnotation'.
e: file:///Users/jim/work/v2superbikeshed/Trikeshed/src/commonMain/kotlin/borg/trikeshed/parse/bbcursive/std.kt:120:15 Cannot infer type for this parameter. Specify it explicitly.
e: file:///Users/jim/work/v2superbikeshed/Trikeshed/src/commonMain/kotlin/borg/trikeshed/parse/bbcursive/std.kt:120:15 'fun <T> MutableList<T>.remove(index: Int): T' is deprecated. Use removeAt(index) instead.
e: file:///Users/jim/work/v2superbikeshed/Trikeshed/src/commonMain/kotlin/borg/trikeshed/parse/bbcursive/std.kt:120:15 Not enough information to infer type argument for 'T'.
e: file:///Users/jim/work/v2superbikeshed/Trikeshed/src/commonMain/kotlin/borg/trikeshed/parse/bbcursive/std.kt:120:22 Unresolved reference 'Traits'.
e: file:///Users/jim/work/v2superbikeshed/Trikeshed/src/commonMain/kotlin/borg/trikeshed/parse/bbcursive/std.kt:122:20 Unresolved reference 'hasAnnotation'.
e: file:///Users/jim/work/v2superbikeshed/Trikeshed/src/commonMain/kotlin/borg/trikeshed/parse/bbcursive/std.kt:124:19 Unresolved reference 'Traits'.
e: file:///Users/jim/work/v2superbikeshed/Trikeshed/src/commonMain/kotlin/borg/trikeshed/parse/bbcursive/std.kt:125:16 Not enough information to infer type argument for 'K'.
e: file:///Users/jim/work/v2superbikeshed/Trikeshed/src/commonMain/kotlin/borg/trikeshed/parse/bbcursive/std.kt:125:27 Unresolved reference 'hasAnnotation'.
e: file:///Users/jim/work/v2superbikeshed/Trikeshed/src/commonMain/kotlin/borg/trikeshed/parse/bbcursive/std.kt:127:15 Cannot infer type for this parameter. Specify it explicitly.
e: file:///Users/jim/work/v2superbikeshed/Trikeshed/src/commonMain/kotlin/borg/trikeshed/parse/bbcursive/std.kt:127:15 'fun <T> MutableList<T>.remove(index: Int): T' is deprecated. Use removeAt(index) instead.
e: file:///Users/jim/work/v2superbikeshed/Trikeshed/src/commonMain/kotlin/borg/trikeshed/parse/bbcursive/std.kt:127:15 Not enough information to infer type argument for 'T'.
e: file:///Users/jim/work/v2superbikeshed/Trikeshed/src/commonMain/kotlin/borg/trikeshed/parse/bbcursive/std.kt:127:22 Unresolved reference 'Traits'.
e: file:///Users/jim/work/v2superbikeshed/Trikeshed/src/commonMain/kotlin/borg/trikeshed/parse/bbcursive/std.kt:129:28 Cannot infer type for this parameter. Specify it explicitly.
e: file:///Users/jim/work/v2superbikeshed/Trikeshed/src/commonMain/kotlin/borg/trikeshed/parse/bbcursive/std.kt:132:58 Unresolved reference 'UnaryOperator'.
e: file:///Users/jim/work/v2superbikeshed/Trikeshed/src/commonMain/kotlin/borg/trikeshed/parse/bbcursive/std.kt:136:21 Cannot infer type for this parameter. Specify it explicitly.
e: file:///Users/jim/work/v2superbikeshed/Trikeshed/src/commonMain/kotlin/borg/trikeshed/parse/bbcursive/std.kt:136:21 Unresolved reference. None of the following candidates is applicable because of a receiver type mismatch:
fun <T, R> DeepRecursiveFunction<T, R>.invoke(value: T): R
e: file:///Users/jim/work/v2superbikeshed/Trikeshed/src/commonMain/kotlin/borg/trikeshed/parse/bbcursive/std.kt:163:58 Unresolved reference 'UnaryOperator'.
e: file:///Users/jim/work/v2superbikeshed/Trikeshed/src/commonMain/kotlin/borg/trikeshed/parse/bbcursive/std.kt:164:18 Suspend function 'suspend fun bb(b: ByteIndexedBuffer, vararg ops: ERROR CLASS: Symbol not found for UnaryOperator): ByteIndexedBuffer?' can only be called from a coroutine or another suspend function.
e: file:///Users/jim/work/v2superbikeshed/Trikeshed/src/commonMain/kotlin/borg/trikeshed/parse/bbcursive/std.kt:165:34 Unresolved reference. None of the following candidates is applicable because of a receiver type mismatch:
fun Join<Int, Function1<Int, Byte>>.asString(): String
e: file:///Users/jim/work/v2superbikeshed/Trikeshed/src/commonMain/kotlin/borg/trikeshed/parse/bbcursive/std.kt:168:53 Unresolved reference 'UnaryOperator'.
e: file:///Users/jim/work/v2superbikeshed/Trikeshed/src/commonMain/kotlin/borg/trikeshed/parse/bbcursive/std.kt:172:52 Unresolved reference 'UnaryOperator'.
e: file:///Users/jim/work/v2superbikeshed/Trikeshed/src/commonMain/kotlin/borg/trikeshed/parse/bbcursive/std.kt:173:61 Unresolved reference. None of the following candidates is applicable because of a receiver type mismatch:
fun Join<Int, Function1<Int, Byte>>.toByteIndexedBuffer(pos: Int = ..., limit: Int = ...): ByteIndexedBuffer
e: file:///Users/jim/work/v2superbikeshed/Trikeshed/src/commonMain/kotlin/borg/trikeshed/parse/bbcursive/std.kt:180:58 Unresolved reference 'UnaryOperator'.
e: file:///Users/jim/work/v2superbikeshed/Trikeshed/src/commonMain/kotlin/borg/trikeshed/parse/bbcursive/std.kt:181:16 Suspend function 'suspend fun bb(b: ByteIndexedBuffer, vararg ops: ERROR CLASS: Symbol not found for UnaryOperator): ByteIndexedBuffer?' can only be called from a coroutine or another suspend function.
e: file:///Users/jim/work/v2superbikeshed/Trikeshed/src/commonMain/kotlin/borg/trikeshed/parse/bbcursive/std.kt:181:54 Unresolved reference. None of the following candidates is applicable because of a receiver type mismatch:
fun Join<Int, Function1<Int, Byte>>.toByteIndexedBuffer(pos: Int = ..., limit: Int = ...): ByteIndexedBuffer
e: file:///Users/jim/work/v2superbikeshed/Trikeshed/src/commonMain/kotlin/borg/trikeshed/parse/bbcursive/std.kt:188:66 Overload resolution ambiguity between candidates:
fun ByteArray.toIndexed(): Join<Int, Function1<Int, Byte>>
fun <T> Any.toIndexed(): Join<Int, Function1<Int, T>>
fun ByteArray.toIndexed(): Join<Int, Function1<Int, Byte>>
e: file:///Users/jim/work/v2superbikeshed/Trikeshed/src/commonMain/kotlin/borg/trikeshed/parse/bbcursive/std.kt:189:13 Cannot infer type for this parameter. Specify it explicitly.
e: file:///Users/jim/work/v2superbikeshed/Trikeshed/src/commonMain/kotlin/borg/trikeshed/parse/bbcursive/std.kt:189:16 No value passed for parameter 'value'.
e: file:///Users/jim/work/v2superbikeshed/Trikeshed/src/commonMain/kotlin/borg/trikeshed/parse/bbcursive/std.kt:189:19 Unresolved reference 'duplicate'.
e: file:///Users/jim/work/v2superbikeshed/Trikeshed/src/commonMain/kotlin/borg/trikeshed/parse/bbcursive/std.kt:189:31 Cannot infer type for this parameter. Specify it explicitly.
e: file:///Users/jim/work/v2superbikeshed/Trikeshed/src/commonMain/kotlin/borg/trikeshed/parse/bbcursive/std.kt:189:37 Cannot infer type for this parameter. Specify it explicitly.
e: file:///Users/jim/work/v2superbikeshed/Trikeshed/src/commonMain/kotlin/borg/trikeshed/parse/bbcursive/std.kt:190:23 Unresolved reference 'hasRemaining'.
e: file:///Users/jim/work/v2superbikeshed/Trikeshed/src/commonMain/kotlin/borg/trikeshed/parse/bbcursive/std.kt:190:47 Unresolved reference 'put'.
e: file:///Users/jim/work/v2superbikeshed/Trikeshed/src/commonMain/kotlin/borg/trikeshed/parse/bbcursive/std.kt:190:55 Cannot infer type for this parameter. Specify it explicitly.
e: file:///Users/jim/work/v2superbikeshed/Trikeshed/src/commonMain/kotlin/borg/trikeshed/parse/bbcursive/std.kt:190:58 No value passed for parameter 'column'.
e: file:///Users/jim/work/v2superbikeshed/Trikeshed/src/commonMain/kotlin/borg/trikeshed/parse/bbcursive/std.kt:192:26 Unresolved reference 'rew'.
e: file:///Users/jim/work/v2superbikeshed/Trikeshed/src/commonMain/kotlin/borg/trikeshed/parse/bbcursive/std.kt:202:28 Argument type mismatch: actual type is 'Unit', but 'K (of fun <K> WHEN_CALL)' was expected.
e: file:///Users/jim/work/v2superbikeshed/Trikeshed/src/commonMain/kotlin/borg/trikeshed/parse/bbcursive/std.kt:210:57 Overload resolution ambiguity between candidates:
fun ByteArray.toIndexed(): Join<Int, Function1<Int, Byte>>
fun <T> Any.toIndexed(): Join<Int, Function1<Int, T>>
fun ByteArray.toIndexed(): Join<Int, Function1<Int, Byte>>
e: file:///Users/jim/work/v2superbikeshed/Trikeshed/src/commonMain/kotlin/borg/trikeshed/parse/bbcursive/std.kt:212:35 Cannot infer type for this parameter. Specify it explicitly.
e: file:///Users/jim/work/v2superbikeshed/Trikeshed/src/commonMain/kotlin/borg/trikeshed/parse/bbcursive/std.kt:212:38 No value passed for parameter 'value'.
e: file:///Users/jim/work/v2superbikeshed/Trikeshed/src/commonMain/kotlin/borg/trikeshed/parse/bbcursive/std.kt:212:41 Unresolved reference 'duplicate'.
e: file:///Users/jim/work/v2superbikeshed/Trikeshed/src/commonMain/kotlin/borg/trikeshed/parse/bbcursive/std.kt:212:53 Cannot infer type for this parameter. Specify it explicitly.
e: file:///Users/jim/work/v2superbikeshed/Trikeshed/src/commonMain/kotlin/borg/trikeshed/parse/bbcursive/std.kt:212:59 Cannot infer type for this parameter. Specify it explicitly.
e: file:///Users/jim/work/v2superbikeshed/Trikeshed/src/commonMain/kotlin/borg/trikeshed/parse/bbcursive/std.kt:213:31 Unresolved reference 'hasRemaining'.
e: file:///Users/jim/work/v2superbikeshed/Trikeshed/src/commonMain/kotlin/borg/trikeshed/parse/bbcursive/std.kt:213:52 Unresolved reference 'put'.
e: file:///Users/jim/work/v2superbikeshed/Trikeshed/src/commonMain/kotlin/borg/trikeshed/parse/bbcursive/std.kt:213:60 Cannot infer type for this parameter. Specify it explicitly.
e: file:///Users/jim/work/v2superbikeshed/Trikeshed/src/commonMain/kotlin/borg/trikeshed/parse/bbcursive/std.kt:213:63 No value passed for parameter 'column'.
e: file:///Users/jim/work/v2superbikeshed/Trikeshed/src/commonMain/kotlin/borg/trikeshed/parse/bbcursive/std.kt:216:13 Argument type mismatch: actual type is 'R (of fun <T, R> DeepRecursiveFunction<T, R>.invoke)', but 'K (of fun <K> WHEN_CALL)' was expected.
e: file:///Users/jim/work/v2superbikeshed/Trikeshed/src/commonMain/kotlin/borg/trikeshed/parse/bbcursive/std.kt:216:20 Cannot infer type for this parameter. Specify it explicitly.
e: file:///Users/jim/work/v2superbikeshed/Trikeshed/src/commonMain/kotlin/borg/trikeshed/parse/bbcursive/std.kt:216:23 No value passed for parameter 'value'.
e: file:///Users/jim/work/v2superbikeshed/Trikeshed/src/commonMain/kotlin/borg/trikeshed/parse/bbcursive/std.kt:243:34 Cannot infer type for this parameter. Specify it explicitly.
e: file:///Users/jim/work/v2superbikeshed/Trikeshed/src/commonMain/kotlin/borg/trikeshed/parse/bbcursive/std.kt:243:37 No value passed for parameter 'column'.
e: file:///Users/jim/work/v2superbikeshed/Trikeshed/src/commonMain/kotlin/borg/trikeshed/parse/bbcursive/std.kt:247:39 Cannot infer type for this parameter. Specify it explicitly.
e: file:///Users/jim/work/v2superbikeshed/Trikeshed/src/commonMain/kotlin/borg/trikeshed/parse/bbcursive/std.kt:247:42 No value passed for parameter 'column'.
e: file:///Users/jim/work/v2superbikeshed/Trikeshed/src/commonMain/kotlin/borg/trikeshed/parse/bbcursive/std.kt:263:19 Cannot infer type for this parameter. Specify it explicitly.
e: file:///Users/jim/work/v2superbikeshed/Trikeshed/src/commonMain/kotlin/borg/trikeshed/parse/bbcursive/std.kt:263:22 No value passed for parameter 'value'.
e: file:///Users/jim/work/v2superbikeshed/Trikeshed/src/commonMain/kotlin/borg/trikeshed/parse/bbcursive/std.kt:271:42 Unresolved reference 'Character'.
e: file:///Users/jim/work/v2superbikeshed/Trikeshed/src/commonMain/kotlin/borg/trikeshed/parse/bbcursive/std.kt:276:21 This declaration needs opt-in. Its usage must be marked with '@kotlin.experimental.ExperimentalNativeApi' or '@OptIn(kotlin.experimental.ExperimentalNativeApi::class)'
e: file:///Users/jim/work/v2superbikeshed/Trikeshed/src/commonMain/kotlin/borg/trikeshed/parse/bbcursive/std.kt:280:21 This declaration needs opt-in. Its usage must be marked with '@kotlin.experimental.ExperimentalNativeApi' or '@OptIn(kotlin.experimental.ExperimentalNativeApi::class)'
e: file:///Users/jim/work/v2superbikeshed/Trikeshed/src/commonMain/kotlin/borg/trikeshed/parse/bbcursive/std.kt:284:21 This declaration needs opt-in. Its usage must be marked with '@kotlin.experimental.ExperimentalNativeApi' or '@OptIn(kotlin.experimental.ExperimentalNativeApi::class)'
e: file:///Users/jim/work/v2superbikeshed/Trikeshed/src/commonMain/kotlin/borg/trikeshed/parse/bbcursive/std.kt:288:26 Unresolved reference 'Character'.
e: file:///Users/jim/work/v2superbikeshed/Trikeshed/src/commonMain/kotlin/borg/trikeshed/parse/bbcursive/std.kt:288:75 Cannot infer type for this parameter. Specify it explicitly.
e: file:///Users/jim/work/v2superbikeshed/Trikeshed/src/commonMain/kotlin/borg/trikeshed/parse/bbcursive/std.kt:288:78 No value passed for parameter 'value'.
e: file:///Users/jim/work/v2superbikeshed/Trikeshed/src/commonMain/kotlin/borg/trikeshed/parse/bbcursive/vtables/CString.kt:3:23 Unresolved reference 'std'.
e: file:///Users/jim/work/v2superbikeshed/Trikeshed/src/commonMain/kotlin/borg/trikeshed/parse/bbcursive/vtables/CString.kt:5:8 Unresolved reference 'java'.
e: file:///Users/jim/work/v2superbikeshed/Trikeshed/src/commonMain/kotlin/borg/trikeshed/parse/bbcursive/vtables/CString.kt:6:8 Unresolved reference 'java'.
e: file:///Users/jim/work/v2superbikeshed/Trikeshed/src/commonMain/kotlin/borg/trikeshed/parse/bbcursive/vtables/CString.kt:8:8 Unresolved reference 'bbcursive'.
e: file:///Users/jim/work/v2superbikeshed/Trikeshed/src/commonMain/kotlin/borg/trikeshed/parse/bbcursive/vtables/CString.kt:9:8 Unresolved reference 'bbcursive'.
e: file:///Users/jim/work/v2superbikeshed/Trikeshed/src/commonMain/kotlin/borg/trikeshed/parse/bbcursive/vtables/CString.kt:10:8 Unresolved reference 'bbcursive'.
e: file:///Users/jim/work/v2superbikeshed/Trikeshed/src/commonMain/kotlin/borg/trikeshed/parse/bbcursive/vtables/CString.kt:17:27 Classifier 'inner class _mutator : Any' does not have a companion object, so it cannot be used as an expression.
e: file:///Users/jim/work/v2superbikeshed/Trikeshed/src/commonMain/kotlin/borg/trikeshed/parse/bbcursive/vtables/CString.kt:17:35 Syntax error: Property getter or setter expected.
e: file:///Users/jim/work/v2superbikeshed/Trikeshed/src/commonMain/kotlin/borg/trikeshed/parse/bbcursive/vtables/CString.kt:18:27 Classifier 'inner class _reifier : Any' does not have a companion object, so it cannot be used as an expression.
e: file:///Users/jim/work/v2superbikeshed/Trikeshed/src/commonMain/kotlin/borg/trikeshed/parse/bbcursive/vtables/CString.kt:18:35 Syntax error: Property getter or setter expected.
e: file:///Users/jim/work/v2superbikeshed/Trikeshed/src/commonMain/kotlin/borg/trikeshed/parse/bbcursive/vtables/CString.kt:19:31 No type arguments expected for inner class _mutator : Any.
e: file:///Users/jim/work/v2superbikeshed/Trikeshed/src/commonMain/kotlin/borg/trikeshed/parse/bbcursive/vtables/CString.kt:22:31 No type arguments expected for inner class _reifier : Any.
e: file:///Users/jim/work/v2superbikeshed/Trikeshed/src/commonMain/kotlin/borg/trikeshed/parse/bbcursive/vtables/CString.kt:24:33 Syntax error: Expecting member declaration.
e: file:///Users/jim/work/v2superbikeshed/Trikeshed/src/commonMain/kotlin/borg/trikeshed/parse/bbcursive/vtables/CString.kt:24:35 Syntax error: Expecting member declaration.
e: file:///Users/jim/work/v2superbikeshed/Trikeshed/src/commonMain/kotlin/borg/trikeshed/parse/bbcursive/vtables/CString.kt:24:37 Syntax error: Expecting member declaration.
e: file:///Users/jim/work/v2superbikeshed/Trikeshed/src/commonMain/kotlin/borg/trikeshed/parse/bbcursive/vtables/CString.kt:24:45 Syntax error: Expecting member declaration.
e: file:///Users/jim/work/v2superbikeshed/Trikeshed/src/commonMain/kotlin/borg/trikeshed/parse/bbcursive/vtables/CString.kt:24:46 Syntax error: Expecting member declaration.
e: file:///Users/jim/work/v2superbikeshed/Trikeshed/src/commonMain/kotlin/borg/trikeshed/parse/bbcursive/vtables/CString.kt:24:52 Syntax error: Expecting member declaration.
e: file:///Users/jim/work/v2superbikeshed/Trikeshed/src/commonMain/kotlin/borg/trikeshed/parse/bbcursive/vtables/CString.kt:24:53 Syntax error: Expecting member declaration.
e: file:///Users/jim/work/v2superbikeshed/Trikeshed/src/commonMain/kotlin/borg/trikeshed/parse/bbcursive/vtables/CString.kt:24:54 Syntax error: Expecting member declaration.
e: file:///Users/jim/work/v2superbikeshed/Trikeshed/src/commonMain/kotlin/borg/trikeshed/parse/bbcursive/vtables/CString.kt:24:56 Syntax error: Expecting member declaration.
e: file:///Users/jim/work/v2superbikeshed/Trikeshed/src/commonMain/kotlin/borg/trikeshed/parse/bbcursive/vtables/CString.kt:24:56 Function declaration must have a name.
e: file:///Users/jim/work/v2superbikeshed/Trikeshed/src/commonMain/kotlin/borg/trikeshed/parse/bbcursive/vtables/CString.kt:25:9 Modifier 'override' is not applicable to 'local function'.
e: file:///Users/jim/work/v2superbikeshed/Trikeshed/src/commonMain/kotlin/borg/trikeshed/parse/bbcursive/vtables/CString.kt:27:27 Unresolved reference 'getContext'.
e: file:///Users/jim/work/v2superbikeshed/Trikeshed/src/commonMain/kotlin/borg/trikeshed/parse/bbcursive/vtables/CString.kt:29:13 Unresolved reference 'bb'.
e: file:///Users/jim/work/v2superbikeshed/Trikeshed/src/commonMain/kotlin/borg/trikeshed/parse/bbcursive/vtables/CString.kt:29:16 Unresolved reference 'std'.
e: file:///Users/jim/work/v2superbikeshed/Trikeshed/src/commonMain/kotlin/borg/trikeshed/parse/bbcursive/vtables/CString.kt:29:24 Unresolved reference 'bb'.
e: file:///Users/jim/work/v2superbikeshed/Trikeshed/src/commonMain/kotlin/borg/trikeshed/parse/bbcursive/vtables/CString.kt:29:38 Unresolved reference 'mark'.
e: file:///Users/jim/work/v2superbikeshed/Trikeshed/src/commonMain/kotlin/borg/trikeshed/parse/bbcursive/vtables/CString.kt:29:45 Unresolved reference 'StandardCharsets'.
e: file:///Users/jim/work/v2superbikeshed/Trikeshed/src/commonMain/kotlin/borg/trikeshed/parse/bbcursive/vtables/CString.kt:29:80 Unresolved reference 'duplicate'.
e: file:///Users/jim/work/v2superbikeshed/Trikeshed/src/commonMain/kotlin/borg/trikeshed/parse/bbcursive/vtables/CString.kt:29:91 Unresolved reference 'reset'.
e: file:///Users/jim/work/v2superbikeshed/Trikeshed/src/commonMain/kotlin/borg/trikeshed/parse/bbcursive/vtables/CString.kt:29:98 Function invocation 'slice(...)' expected.
e: file:///Users/jim/work/v2superbikeshed/Trikeshed/src/commonMain/kotlin/borg/trikeshed/parse/bbcursive/vtables/CString.kt:29:105 Unresolved reference 'debug'.
e: file:///Users/jim/work/v2superbikeshed/Trikeshed/src/commonMain/kotlin/borg/trikeshed/parse/bbcursive/vtables/CString.kt:30:20 Unresolved reference 'getContext'.
e: file:///Users/jim/work/v2superbikeshed/Trikeshed/src/commonMain/kotlin/borg/trikeshed/parse/bbcursive/vtables/CString.kt:33:33 Syntax error: Expecting member declaration.
e: file:///Users/jim/work/v2superbikeshed/Trikeshed/src/commonMain/kotlin/borg/trikeshed/parse/bbcursive/vtables/CString.kt:33:35 Syntax error: Expecting member declaration.
e: file:///Users/jim/work/v2superbikeshed/Trikeshed/src/commonMain/kotlin/borg/trikeshed/parse/bbcursive/vtables/CString.kt:33:37 Syntax error: Expecting member declaration.
e: file:///Users/jim/work/v2superbikeshed/Trikeshed/src/commonMain/kotlin/borg/trikeshed/parse/bbcursive/vtables/CString.kt:33:45 Syntax error: Expecting member declaration.
e: file:///Users/jim/work/v2superbikeshed/Trikeshed/src/commonMain/kotlin/borg/trikeshed/parse/bbcursive/vtables/CString.kt:33:46 Syntax error: Expecting member declaration.
e: file:///Users/jim/work/v2superbikeshed/Trikeshed/src/commonMain/kotlin/borg/trikeshed/parse/bbcursive/vtables/CString.kt:33:52 Syntax error: Expecting member declaration.
e: file:///Users/jim/work/v2superbikeshed/Trikeshed/src/commonMain/kotlin/borg/trikeshed/parse/bbcursive/vtables/CString.kt:33:54 Syntax error: Expecting member declaration.
e: file:///Users/jim/work/v2superbikeshed/Trikeshed/src/commonMain/kotlin/borg/trikeshed/parse/bbcursive/vtables/CString.kt:33:54 Function declaration must have a name.
e: file:///Users/jim/work/v2superbikeshed/Trikeshed/src/commonMain/kotlin/borg/trikeshed/parse/bbcursive/vtables/CString.kt:34:9 Modifier 'override' is not applicable to 'local function'.
e: file:///Users/jim/work/v2superbikeshed/Trikeshed/src/commonMain/kotlin/borg/trikeshed/parse/bbcursive/vtables/CString.kt:35:21 Unresolved reference 'bb'.
e: file:///Users/jim/work/v2superbikeshed/Trikeshed/src/commonMain/kotlin/borg/trikeshed/parse/bbcursive/vtables/CString.kt:35:39 Unresolved reference 'mark'.
e: file:///Users/jim/work/v2superbikeshed/Trikeshed/src/commonMain/kotlin/borg/trikeshed/parse/bbcursive/vtables/CString.kt:35:45 Function invocation 'slice(...)' expected.
e: file:///Users/jim/work/v2superbikeshed/Trikeshed/src/commonMain/kotlin/borg/trikeshed/parse/bbcursive/vtables/CString.kt:36:48 Unresolved reference. None of the following candidates is applicable because of a receiver type mismatch:
fun String.compareTo(other: String, ignoreCase: Boolean = ...): Int
e: file:///Users/jim/work/v2superbikeshed/Trikeshed/src/commonMain/kotlin/borg/trikeshed/parse/bbcursive/vtables/CString.kt:37:20 Unresolved reference 'str'.
e: file:///Users/jim/work/v2superbikeshed/Trikeshed/src/commonMain/kotlin/borg/trikeshed/parse/bbcursive/vtables/_edge.kt:46:16 Return type mismatch: expected 'addressType (of class _edge<coreType, addressType>)', actual 'Any?'.
e: file:///Users/jim/work/v2superbikeshed/Trikeshed/src/commonMain/kotlin/borg/trikeshed/parse/bbcursive/vtables/_edge.kt:46:96 Function invocation 'r()' expected.
e: file:///Users/jim/work/v2superbikeshed/Trikeshed/src/commonMain/kotlin/borg/trikeshed/parse/bbcursive/vtables/_edge.kt:46:97 Syntax error: Unexpected tokens (use ';' to separate expressions on the same line).
e: file:///Users/jim/work/v2superbikeshed/Trikeshed/src/commonMain/kotlin/borg/trikeshed/parse/bbcursive/vtables/_edge.kt:52:29 Syntax error: Expecting '('.
e: file:///Users/jim/work/v2superbikeshed/Trikeshed/src/commonMain/kotlin/borg/trikeshed/parse/bbcursive/vtables/_edge.kt:52:29 Syntax error: Expecting member declaration.
e: file:///Users/jim/work/v2superbikeshed/Trikeshed/src/commonMain/kotlin/borg/trikeshed/parse/bbcursive/vtables/_edge.kt:52:30 Syntax error: Expecting member declaration.
e: file:///Users/jim/work/v2superbikeshed/Trikeshed/src/commonMain/kotlin/borg/trikeshed/parse/bbcursive/vtables/_edge.kt:52:31 Syntax error: Expecting member declaration.
e: file:///Users/jim/work/v2superbikeshed/Trikeshed/src/commonMain/kotlin/borg/trikeshed/parse/bbcursive/vtables/_edge.kt:52:32 Syntax error: Expecting member declaration.
e: file:///Users/jim/work/v2superbikeshed/Trikeshed/src/commonMain/kotlin/borg/trikeshed/parse/bbcursive/vtables/_edge.kt:52:34 Syntax error: Expecting member declaration.
e: file:///Users/jim/work/v2superbikeshed/Trikeshed/src/commonMain/kotlin/borg/trikeshed/parse/bbcursive/vtables/_mutator.kt:3:8 Unresolved reference 'java'.
e: file:///Users/jim/work/v2superbikeshed/Trikeshed/src/commonMain/kotlin/borg/trikeshed/parse/bbcursive/vtables/_mutator.kt:4:8 Unresolved reference 'java'.
e: file:///Users/jim/work/v2superbikeshed/Trikeshed/src/commonMain/kotlin/borg/trikeshed/parse/bbcursive/vtables/_mutator.kt:22:44 One type argument expected for interface Function<out R> : Any.
e: file:///Users/jim/work/v2superbikeshed/Trikeshed/src/commonMain/kotlin/borg/trikeshed/parse/bbcursive/vtables/_mutator.kt:25:9 'public' function exposes its 'protected (in _mutator)' return type 'ByteBufferContext'.
e: file:///Users/jim/work/v2superbikeshed/Trikeshed/src/commonMain/kotlin/borg/trikeshed/parse/bbcursive/vtables/_mutator.kt:41:18 Function 'r' without a body must be abstract.
e: file:///Users/jim/work/v2superbikeshed/Trikeshed/src/commonMain/kotlin/borg/trikeshed/parse/bbcursive/vtables/_mutator.kt:41:23 Syntax error: Expecting '('.
e: file:///Users/jim/work/v2superbikeshed/Trikeshed/src/commonMain/kotlin/borg/trikeshed/parse/bbcursive/vtables/_mutator.kt:41:23 Syntax error: Expecting member declaration.
e: file:///Users/jim/work/v2superbikeshed/Trikeshed/src/commonMain/kotlin/borg/trikeshed/parse/bbcursive/vtables/_mutator.kt:41:24 Syntax error: Expecting member declaration.
e: file:///Users/jim/work/v2superbikeshed/Trikeshed/src/commonMain/kotlin/borg/trikeshed/parse/bbcursive/vtables/_mutator.kt:41:25 Syntax error: Expecting member declaration.
e: file:///Users/jim/work/v2superbikeshed/Trikeshed/src/commonMain/kotlin/borg/trikeshed/parse/bbcursive/vtables/_mutator.kt:41:26 Syntax error: Expecting member declaration.
e: file:///Users/jim/work/v2superbikeshed/Trikeshed/src/commonMain/kotlin/borg/trikeshed/parse/bbcursive/vtables/_mutator.kt:41:28 Syntax error: Expecting member declaration.
e: file:///Users/jim/work/v2superbikeshed/Trikeshed/src/commonMain/kotlin/borg/trikeshed/parse/bbcursive/vtables/_mutator.kt:41:33 Syntax error: Expecting member declaration.
e: file:///Users/jim/work/v2superbikeshed/Trikeshed/src/commonMain/kotlin/borg/trikeshed/parse/bbcursive/vtables/_mutator.kt:41:33 Function declaration must have a name.
e: file:///Users/jim/work/v2superbikeshed/Trikeshed/src/commonMain/kotlin/borg/trikeshed/parse/bbcursive/vtables/_mutator.kt:42:20 Function invocation 'r()' expected.
e: file:///Users/jim/work/v2superbikeshed/Trikeshed/src/commonMain/kotlin/borg/trikeshed/parse/bbcursive/vtables/_mutator.kt:42:21 Syntax error: Unexpected tokens (use ';' to separate expressions on the same line).
e: file:///Users/jim/work/v2superbikeshed/Trikeshed/src/commonMain/kotlin/borg/trikeshed/parse/bbcursive/vtables/_mutator.kt:50:28 Return type of 'at' is not a subtype of the return type of the overridden member 'fun at(): _mutator.ByteBufferContext<endPojo>' defined in 'borg/trikeshed/parse/bbcursive/vtables/_mutator.StringifiedContext'.
e: file:///Users/jim/work/v2superbikeshed/Trikeshed/src/commonMain/kotlin/borg/trikeshed/parse/bbcursive/vtables/_mutator.kt:54:66 Return type of 'goTo' is not a subtype of the return type of the overridden member 'fun goTo(addressType: _mutator.ByteBufferContext<endPojo>): _mutator.ByteBufferContext<endPojo>' defined in 'borg/trikeshed/parse/bbcursive/vtables/_mutator.StringifiedContext'.
e: file:///Users/jim/work/v2superbikeshed/Trikeshed/src/commonMain/kotlin/borg/trikeshed/parse/bbcursive/vtables/_mutator.kt:58:18 Function 'r' without a body must be abstract.
e: file:///Users/jim/work/v2superbikeshed/Trikeshed/src/commonMain/kotlin/borg/trikeshed/parse/bbcursive/vtables/_mutator.kt:58:23 Syntax error: Expecting '('.
e: file:///Users/jim/work/v2superbikeshed/Trikeshed/src/commonMain/kotlin/borg/trikeshed/parse/bbcursive/vtables/_mutator.kt:58:23 Syntax error: Expecting member declaration.
e: file:///Users/jim/work/v2superbikeshed/Trikeshed/src/commonMain/kotlin/borg/trikeshed/parse/bbcursive/vtables/_mutator.kt:58:24 Syntax error: Expecting member declaration.
e: file:///Users/jim/work/v2superbikeshed/Trikeshed/src/commonMain/kotlin/borg/trikeshed/parse/bbcursive/vtables/_mutator.kt:58:25 Syntax error: Expecting member declaration.
e: file:///Users/jim/work/v2superbikeshed/Trikeshed/src/commonMain/kotlin/borg/trikeshed/parse/bbcursive/vtables/_mutator.kt:58:26 Syntax error: Expecting member declaration.
e: file:///Users/jim/work/v2superbikeshed/Trikeshed/src/commonMain/kotlin/borg/trikeshed/parse/bbcursive/vtables/_mutator.kt:58:28 Syntax error: Expecting member declaration.
e: file:///Users/jim/work/v2superbikeshed/Trikeshed/src/commonMain/kotlin/borg/trikeshed/parse/bbcursive/vtables/_mutator.kt:58:45 Syntax error: Expecting member declaration.
e: file:///Users/jim/work/v2superbikeshed/Trikeshed/src/commonMain/kotlin/borg/trikeshed/parse/bbcursive/vtables/_mutator.kt:58:47 Syntax error: Expecting member declaration.
e: file:///Users/jim/work/v2superbikeshed/Trikeshed/src/commonMain/kotlin/borg/trikeshed/parse/bbcursive/vtables/_mutator.kt:58:47 Function declaration must have a name.
e: file:///Users/jim/work/v2superbikeshed/Trikeshed/src/commonMain/kotlin/borg/trikeshed/parse/bbcursive/vtables/_mutator.kt:59:20 Null cannot be a value of a non-null type 'Unit'.
e: file:///Users/jim/work/v2superbikeshed/Trikeshed/src/commonMain/kotlin/borg/trikeshed/parse/bbcursive/vtables/_ptr.kt:12:16 Function invocation 'r()' expected.
e: file:///Users/jim/work/v2superbikeshed/Trikeshed/src/commonMain/kotlin/borg/trikeshed/parse/bbcursive/vtables/_ptr.kt:12:16 Return type mismatch: expected 'Int', actual 'Unit'.
e: file:///Users/jim/work/v2superbikeshed/Trikeshed/src/commonMain/kotlin/borg/trikeshed/parse/bbcursive/vtables/_ptr.kt:12:17 Syntax error: Unexpected tokens (use ';' to separate expressions on the same line).
e: file:///Users/jim/work/v2superbikeshed/Trikeshed/src/commonMain/kotlin/borg/trikeshed/parse/bbcursive/vtables/_ptr.kt:23:14 Function 'r' without a body must be abstract.
e: file:///Users/jim/work/v2superbikeshed/Trikeshed/src/commonMain/kotlin/borg/trikeshed/parse/bbcursive/vtables/_ptr.kt:23:19 Syntax error: Expecting '('.
e: file:///Users/jim/work/v2superbikeshed/Trikeshed/src/commonMain/kotlin/borg/trikeshed/parse/bbcursive/vtables/_ptr.kt:23:19 Syntax error: Expecting member declaration.
e: file:///Users/jim/work/v2superbikeshed/Trikeshed/src/commonMain/kotlin/borg/trikeshed/parse/bbcursive/vtables/_ptr.kt:23:20 Syntax error: Expecting member declaration.
e: file:///Users/jim/work/v2superbikeshed/Trikeshed/src/commonMain/kotlin/borg/trikeshed/parse/bbcursive/vtables/_ptr.kt:23:21 Syntax error: Expecting member declaration.
e: file:///Users/jim/work/v2superbikeshed/Trikeshed/src/commonMain/kotlin/borg/trikeshed/parse/bbcursive/vtables/_ptr.kt:23:22 Syntax error: Expecting member declaration.
e: file:///Users/jim/work/v2superbikeshed/Trikeshed/src/commonMain/kotlin/borg/trikeshed/parse/bbcursive/vtables/_ptr.kt:23:24 Syntax error: Expecting member declaration.
e: file:///Users/jim/work/v2superbikeshed/Trikeshed/src/commonMain/kotlin/borg/trikeshed/parse/bbcursive/vtables/_ptr.kt:23:28 Syntax error: Expecting member declaration.
e: file:///Users/jim/work/v2superbikeshed/Trikeshed/src/commonMain/kotlin/borg/trikeshed/parse/bbcursive/vtables/_ptr.kt:23:28 Function declaration must have a name.
e: file:///Users/jim/work/v2superbikeshed/Trikeshed/src/commonMain/kotlin/borg/trikeshed/parse/bbcursive/vtables/_ptr.kt:24:16 Return type mismatch: expected 'Unit', actual 'Int'.
e: file:///Users/jim/work/v2superbikeshed/Trikeshed/src/commonMain/kotlin/borg/trikeshed/parse/bbcursive/vtables/_reifier.kt:3:8 Unresolved reference 'java'.
e: file:///Users/jim/work/v2superbikeshed/Trikeshed/src/commonMain/kotlin/borg/trikeshed/parse/bbcursive/vtables/_reifier.kt:14:39 One type argument expected for interface Function<out R> : Any.
e: file:///Users/jim/work/v2superbikeshed/Trikeshed/src/commonMain/kotlin/borg/trikeshed/parse/bbcursive/vtables/_reifier.kt:21:5 'apply' overrides nothing.
e: file:///Users/jim/work/v2superbikeshed/Trikeshed/src/commonMain/kotlin/borg/trikeshed/parse/grpc/GrpcHttp2Bridge.kt:233:44 Cannot access 'fun <T> emptyIndexed(): Join<Int, Function1<Int, T>>': it is private in file.
e: file:///Users/jim/work/v2superbikeshed/Trikeshed/src/commonMain/kotlin/borg/trikeshed/parse/grpc/GrpcParser.kt:47:50 Cannot access 'fun <T> emptyIndexed(): Join<Int, Function1<Int, T>>': it is private in file.
e: file:///Users/jim/work/v2superbikeshed/Trikeshed/src/commonMain/kotlin/borg/trikeshed/parse/grpc/GrpcScanner.kt:151:16 Overload resolution ambiguity between candidates:
fun <X, C, V : Join<Int, Function1<Int, X>>> V.α(crossinline xform: (X) -> C): Join<Int, Function1<Int, C>>
fun <X, C, V : Join<Int, Function1<Int, X>>> V.α(crossinline xform: (X) -> C): Join<Int, Function1<Int, C>>
e: file:///Users/jim/work/v2superbikeshed/Trikeshed/src/commonMain/kotlin/borg/trikeshed/parse/grpc/GrpcScanner.kt:151:20 Cannot infer type for this parameter. Specify it explicitly.
e: file:///Users/jim/work/v2superbikeshed/Trikeshed/src/commonMain/kotlin/borg/trikeshed/parse/grpc/GrpcScanner.kt:152:40 Function 'component1()' is ambiguous for this expression: 
fun <T> Array<out T>.component1(): T
fun ByteArray.component1(): Byte
fun ShortArray.component1(): Short
fun IntArray.component1(): Int
fun LongArray.component1(): Long
fun FloatArray.component1(): Float
fun DoubleArray.component1(): Double
fun BooleanArray.component1(): Boolean
fun CharArray.component1(): Char
fun <T> List<T>.component1(): T
fun UIntArray.component1(): UInt
fun ULongArray.component1(): ULong
fun UByteArray.component1(): UByte
fun UShortArray.component1(): UShort
fun <K, V> Map.Entry<K, V>.component1(): K.
e: file:///Users/jim/work/v2superbikeshed/Trikeshed/src/commonMain/kotlin/borg/trikeshed/parse/grpc/GrpcScanner.kt:152:40 Function 'component2()' is ambiguous for this expression: 
fun <T> Array<out T>.component2(): T
fun ByteArray.component2(): Byte
fun ShortArray.component2(): Short
fun IntArray.component2(): Int
fun LongArray.component2(): Long
fun FloatArray.component2(): Float
fun DoubleArray.component2(): Double
fun BooleanArray.component2(): Boolean
fun CharArray.component2(): Char
fun <T> List<T>.component2(): T
fun UIntArray.component2(): UInt
fun ULongArray.component2(): ULong
fun UByteArray.component2(): UByte
fun UShortArray.component2(): UShort
fun <K, V> Map.Entry<K, V>.component2(): V.
e: file:///Users/jim/work/v2superbikeshed/Trikeshed/src/commonMain/kotlin/borg/trikeshed/parse/grpc/GrpcScanner.kt:153:43 Function 'component1()' is ambiguous for this expression: 
fun <T> Array<out T>.component1(): T
fun ByteArray.component1(): Byte
fun ShortArray.component1(): Short
fun IntArray.component1(): Int
fun LongArray.component1(): Long
fun FloatArray.component1(): Float
fun DoubleArray.component1(): Double
fun BooleanArray.component1(): Boolean
fun CharArray.component1(): Char
fun <T> List<T>.component1(): T
fun UIntArray.component1(): UInt
fun ULongArray.component1(): ULong
fun UByteArray.component1(): UByte
fun UShortArray.component1(): UShort
fun <K, V> Map.Entry<K, V>.component1(): K.
e: file:///Users/jim/work/v2superbikeshed/Trikeshed/src/commonMain/kotlin/borg/trikeshed/parse/grpc/GrpcScanner.kt:153:43 Function 'component2()' is ambiguous for this expression: 
fun <T> Array<out T>.component2(): T
fun ByteArray.component2(): Byte
fun ShortArray.component2(): Short
fun IntArray.component2(): Int
fun LongArray.component2(): Long
fun FloatArray.component2(): Float
fun DoubleArray.component2(): Double
fun BooleanArray.component2(): Boolean
fun CharArray.component2(): Char
fun <T> List<T>.component2(): T
fun UIntArray.component2(): UInt
fun ULongArray.component2(): ULong
fun UByteArray.component2(): UByte
fun UShortArray.component2(): UShort
fun <K, V> Map.Entry<K, V>.component2(): V.
e: file:///Users/jim/work/v2superbikeshed/Trikeshed/src/commonMain/kotlin/borg/trikeshed/parse/grpc/GrpcScanner.kt:154:35 Function 'component1()' is ambiguous for this expression: 
fun <T> Array<out T>.component1(): T
fun ByteArray.component1(): Byte
fun ShortArray.component1(): Short
fun IntArray.component1(): Int
fun LongArray.component1(): Long
fun FloatArray.component1(): Float
fun DoubleArray.component1(): Double
fun BooleanArray.component1(): Boolean
fun CharArray.component1(): Char
fun <T> List<T>.component1(): T
fun UIntArray.component1(): UInt
fun ULongArray.component1(): ULong
fun UByteArray.component1(): UByte
fun UShortArray.component1(): UShort
fun <K, V> Map.Entry<K, V>.component1(): K.
e: file:///Users/jim/work/v2superbikeshed/Trikeshed/src/commonMain/kotlin/borg/trikeshed/parse/grpc/GrpcScanner.kt:154:35 Function 'component2()' is ambiguous for this expression: 
fun <T> Array<out T>.component2(): T
fun ByteArray.component2(): Byte
fun ShortArray.component2(): Short
fun IntArray.component2(): Int
fun LongArray.component2(): Long
fun FloatArray.component2(): Float
fun DoubleArray.component2(): Double
fun BooleanArray.component2(): Boolean
fun CharArray.component2(): Char
fun <T> List<T>.component2(): T
fun UIntArray.component2(): UInt
fun ULongArray.component2(): ULong
fun UByteArray.component2(): UByte
fun UShortArray.component2(): UShort
fun <K, V> Map.Entry<K, V>.component2(): V.
e: file:///Users/jim/work/v2superbikeshed/Trikeshed/src/commonMain/kotlin/borg/trikeshed/parse/grpc/GrpcScanner.kt:167:34 Cannot infer type for this parameter. Specify it explicitly.
e: file:///Users/jim/work/v2superbikeshed/Trikeshed/src/commonMain/kotlin/borg/trikeshed/parse/grpc/GrpcScanner.kt:167:34 Not enough information to infer type argument for 'T'.
e: file:///Users/jim/work/v2superbikeshed/Trikeshed/src/commonMain/kotlin/borg/trikeshed/parse/grpc/GrpcScanner.kt:168:22 Cannot infer type for this parameter. Specify it explicitly.
e: file:///Users/jim/work/v2superbikeshed/Trikeshed/src/commonMain/kotlin/borg/trikeshed/parse/grpc/GrpcScanner.kt:168:22 Unresolved reference. None of the following candidates is applicable because of a receiver type mismatch:
fun <A, B> A.j(b: B): Join<A, B>
e: file:///Users/jim/work/v2superbikeshed/Trikeshed/src/commonMain/kotlin/borg/trikeshed/parse/grpc/GrpcScanner.kt:168:36 Cannot infer type for this parameter. Specify it explicitly.
e: file:///Users/jim/work/v2superbikeshed/Trikeshed/src/commonMain/kotlin/borg/trikeshed/parse/grpc/GrpcScanner.kt:264:53 None of the following candidates is applicable:
fun <T> Array<T>.toIdx(): Join<Int, Function1<Int, T>>
fun <T> List<T>.toIdx(): Join<Int, Function1<Int, T>>
e: file:///Users/jim/work/v2superbikeshed/Trikeshed/src/commonMain/kotlin/borg/trikeshed/parse/grpc/GrpcTransform.kt:193:55 Cannot access 'fun <T> emptyIndexed(): Join<Int, Function1<Int, T>>': it is private in file.
e: file:///Users/jim/work/v2superbikeshed/Trikeshed/src/commonMain/kotlin/borg/trikeshed/parse/grpc/GrpcTransform.kt:200:53 Cannot access 'fun <T> emptyIndexed(): Join<Int, Function1<Int, T>>': it is private in file.
e: file:///Users/jim/work/v2superbikeshed/Trikeshed/src/commonMain/kotlin/borg/trikeshed/parse/grpc/GrpcTransform.kt:258:34 Argument type mismatch: actual type is 'Join<Int, Function1<Int, Byte>>', but 'String?' was expected.
e: file:///Users/jim/work/v2superbikeshed/Trikeshed/src/commonMain/kotlin/borg/trikeshed/parse/grpc/GrpcTransform.kt:258:34 No value passed for parameter 'width'.
e: file:///Users/jim/work/v2superbikeshed/Trikeshed/src/commonMain/kotlin/borg/trikeshed/parse/grpc/GrpcTransform.kt:258:34 No value passed for parameter 'nullable'.
e: file:///Users/jim/work/v2superbikeshed/Trikeshed/src/commonMain/kotlin/borg/trikeshed/parse/grpc/GrpcTransform.kt:258:34 No value passed for parameter 'encoding'.
e: file:///Users/jim/work/v2superbikeshed/Trikeshed/src/commonMain/kotlin/borg/trikeshed/parse/grpc/GrpcTransform.kt:258:34 No value passed for parameter 'format'.
e: file:///Users/jim/work/v2superbikeshed/Trikeshed/src/commonMain/kotlin/borg/trikeshed/parse/grpc/GrpcTransform.kt:265:31 Unresolved reference 'data'.
e: file:///Users/jim/work/v2superbikeshed/Trikeshed/src/commonMain/kotlin/borg/trikeshed/parse/grpc/GrpcTransform.kt:364:42 Unresolved reference 'id'.
e: file:///Users/jim/work/v2superbikeshed/Trikeshed/src/commonMain/kotlin/borg/trikeshed/parse/grpc/GrpcTransform.kt:364:68 Unresolved reference 'data'.
e: file:///Users/jim/work/v2superbikeshed/Trikeshed/src/commonMain/kotlin/borg/trikeshed/parse/json/JsPath.kt:30:16 Return type mismatch: expected 'Join<Int, Function1<Int, JsPathElement>>', actual 'Join<Int, Function1<Int, CapturedType(out Either<String, Int>)>>'.
e: file:///Users/jim/work/v2superbikeshed/Trikeshed/src/commonMain/kotlin/borg/trikeshed/parse/json/JsPath.kt:64:37 Cannot infer type for this parameter. Specify it explicitly.
e: file:///Users/jim/work/v2superbikeshed/Trikeshed/src/commonMain/kotlin/borg/trikeshed/parse/json/JsPath.kt:64:37 Unresolved reference. None of the following candidates is applicable because of a receiver type mismatch:
fun <T> Join<Int, Function1<Int, Join<Any?, TypeMemento>>>.get(column: Column<T>): T?
e: file:///Users/jim/work/v2superbikeshed/Trikeshed/src/commonMain/kotlin/borg/trikeshed/parse/json/JsPath.kt:65:55 Argument type mismatch: actual type is 'Join<Int, Function1<Int, Join<Any?, TypeMemento>>>', but 'Join<Int, Function1<Int, JsPathElement>>' was expected.
e: file:///Users/jim/work/v2superbikeshed/Trikeshed/src/commonMain/kotlin/borg/trikeshed/parse/json/JsPath.kt:65:55 Cannot infer type for this parameter. Specify it explicitly.
e: file:///Users/jim/work/v2superbikeshed/Trikeshed/src/commonMain/kotlin/borg/trikeshed/parse/json/JsPath.kt:65:55 Unresolved reference. None of the following candidates is applicable because of a receiver type mismatch:
fun <T> Join<Int, Function1<Int, Join<Any?, TypeMemento>>>.get(column: Column<T>): T?
e: file:///Users/jim/work/v2superbikeshed/Trikeshed/src/commonMain/kotlin/borg/trikeshed/parse/json/JsPath.kt:66:59 Argument type mismatch: actual type is 'Join<Int, Function1<Int, Join<Any?, TypeMemento>>>', but 'Join<Int, Function1<Int, JsPathElement>>' was expected.
e: file:///Users/jim/work/v2superbikeshed/Trikeshed/src/commonMain/kotlin/borg/trikeshed/parse/json/JsPath.kt:66:59 Cannot infer type for this parameter. Specify it explicitly.
e: file:///Users/jim/work/v2superbikeshed/Trikeshed/src/commonMain/kotlin/borg/trikeshed/parse/json/JsPath.kt:66:59 Unresolved reference. None of the following candidates is applicable because of a receiver type mismatch:
fun <T> Join<Int, Function1<Int, Join<Any?, TypeMemento>>>.get(column: Column<T>): T?
e: file:///Users/jim/work/v2superbikeshed/Trikeshed/src/commonMain/kotlin/borg/trikeshed/parse/json/Json.kt:23:13 Overload resolution ambiguity between candidates:
fun createBitmapAsIndexed(data: UByteArray): Join<Int, Function1<Int, UByte>>
fun createBitmapAsIndexed(input: UByteArray): Join<Int, Function1<Int, UByte>>
e: file:///Users/jim/work/v2superbikeshed/Trikeshed/src/commonMain/kotlin/borg/trikeshed/parse/json/Json.kt:117:1 Conflicting overloads:
fun createBitmapAsIndexed(input: UByteArray): Join<Int, Function1<Int, UByte>>
e: file:///Users/jim/work/v2superbikeshed/Trikeshed/src/commonMain/kotlin/borg/trikeshed/parse/json/Json.kt:145:13 Redeclaration:
typealias JsPath = Join<Int, Function1<Int, JsPathElement>>
e: file:///Users/jim/work/v2superbikeshed/Trikeshed/src/commonMain/kotlin/borg/trikeshed/parse/json/JsonTensorFactory.kt:18:1 Conflicting overloads:
fun createBitmapAsIndexed(data: UByteArray): Join<Int, Function1<Int, UByte>>
e: file:///Users/jim/work/v2superbikeshed/Trikeshed/src/commonMain/kotlin/borg/trikeshed/parse/json/JsonTensorFactory.kt:45:16 Overload resolution ambiguity between candidates:
fun createBitmapAsIndexed(data: UByteArray): Join<Int, Function1<Int, UByte>>
fun createBitmapAsIndexed(input: UByteArray): Join<Int, Function1<Int, UByte>>
e: file:///Users/jim/work/v2superbikeshed/Trikeshed/src/commonMain/kotlin/borg/trikeshed/parse/json/JsonTensorFactory.kt:70:36 Cannot infer type for this parameter. Specify it explicitly.
e: file:///Users/jim/work/v2superbikeshed/Trikeshed/src/commonMain/kotlin/borg/trikeshed/parse/json/JsonTensorFactory.kt:70:36 Not enough information to infer type argument for 'T'.
e: file:///Users/jim/work/v2superbikeshed/Trikeshed/src/commonMain/kotlin/borg/trikeshed/parse/json/JsonTensorFactory.kt:77:27 Unresolved reference. None of the following candidates is applicable because of a receiver type mismatch:
fun MatchGroupCollection.get(name: String): MatchGroup?
e: file:///Users/jim/work/v2superbikeshed/Trikeshed/src/commonMain/kotlin/borg/trikeshed/parse/json/JsonTensorFactory.kt:78:33 Cannot infer type for this parameter. Specify it explicitly.
e: file:///Users/jim/work/v2superbikeshed/Trikeshed/src/commonMain/kotlin/borg/trikeshed/parse/json/JsonTensorFactory.kt:78:33 Unresolved reference. None of the following candidates is applicable because of a receiver type mismatch:
val <T> Join<Int, Function1<Int, T>>.play: IterableIndexed<T>
e: file:///Users/jim/work/v2superbikeshed/Trikeshed/src/commonMain/kotlin/borg/trikeshed/parse/json/JsonTensorFactory.kt:78:38 Cannot infer type for this parameter. Specify it explicitly.
e: file:///Users/jim/work/v2superbikeshed/Trikeshed/src/commonMain/kotlin/borg/trikeshed/parse/json/JsonTensorFactory.kt:78:38 Not enough information to infer type argument for 'T'.
e: file:///Users/jim/work/v2superbikeshed/Trikeshed/src/commonMain/kotlin/borg/trikeshed/parse/json/JsonTensorFactory.kt:91:32 Cannot infer type for this parameter. Specify it explicitly.
e: file:///Users/jim/work/v2superbikeshed/Trikeshed/src/commonMain/kotlin/borg/trikeshed/parse/json/JsonTensorFactory.kt:91:32 Not enough information to infer type argument for 'T'.
e: file:///Users/jim/work/v2superbikeshed/Trikeshed/src/commonMain/kotlin/borg/trikeshed/parse/json/JsonTensorFactory.kt:99:15 Cannot infer type for this parameter. Specify it explicitly.
e: file:///Users/jim/work/v2superbikeshed/Trikeshed/src/commonMain/kotlin/borg/trikeshed/parse/json/JsonTensorFactory.kt:99:15 Not enough information to infer type argument for 'T'.
e: file:///Users/jim/work/v2superbikeshed/Trikeshed/src/commonMain/kotlin/borg/trikeshed/parse/json/JsonTensorFactory.kt:99:20 Cannot infer type for this parameter. Specify it explicitly.
e: file:///Users/jim/work/v2superbikeshed/Trikeshed/src/commonMain/kotlin/borg/trikeshed/parse/json/JsonTensorFactory.kt:99:20 Not enough information to infer type argument for 'T'.
e: file:///Users/jim/work/v2superbikeshed/Trikeshed/src/commonMain/kotlin/borg/trikeshed/parse/json/JsonTensorFactory.kt:99:40 Cannot infer type for this parameter. Specify it explicitly.
e: file:///Users/jim/work/v2superbikeshed/Trikeshed/src/commonMain/kotlin/borg/trikeshed/parse/json/JsonTensorFactory.kt:133:39 Cannot infer type for this parameter. Specify it explicitly.
e: file:///Users/jim/work/v2superbikeshed/Trikeshed/src/commonMain/kotlin/borg/trikeshed/parse/json/JsonTensorFactory.kt:133:39 Not enough information to infer type argument for 'T'.
e: file:///Users/jim/work/v2superbikeshed/Trikeshed/src/commonMain/kotlin/borg/trikeshed/parse/json/JsonTensorFactory.kt:134:19 Unresolved reference 'size'.
e: file:///Users/jim/work/v2superbikeshed/Trikeshed/src/commonMain/kotlin/borg/trikeshed/parse/json/JsonTensorFactory.kt:136:22 Unresolved reference. None of the following candidates is applicable because of a receiver type mismatch:
fun MatchGroupCollection.get(name: String): MatchGroup?
e: file:///Users/jim/work/v2superbikeshed/Trikeshed/src/commonMain/kotlin/borg/trikeshed/parse/json/JsonTensorFactory.kt:137:13 Incompatible types 'MatchGroup?' and 'Char'.
e: file:///Users/jim/work/v2superbikeshed/Trikeshed/src/commonMain/kotlin/borg/trikeshed/parse/json/JsonTensorFactory.kt:137:18 Incompatible types 'MatchGroup?' and 'Char'.
e: file:///Users/jim/work/v2superbikeshed/Trikeshed/src/commonMain/kotlin/borg/trikeshed/parse/json/JsonTensorFactory.kt:142:29 Unresolved reference. None of the following candidates is applicable because of a receiver type mismatch:
fun MatchGroupCollection.get(name: String): MatchGroup?
e: file:///Users/jim/work/v2superbikeshed/Trikeshed/src/commonMain/kotlin/borg/trikeshed/parse/json/JsonTensorFactory.kt:142:29 Operator '==' cannot be applied to 'MatchGroup?' and 'Char'.
e: file:///Users/jim/work/v2superbikeshed/Trikeshed/src/commonMain/kotlin/borg/trikeshed/parse/json/JsonTensorFactory.kt:144:31 Unresolved reference 'size'.
e: file:///Users/jim/work/v2superbikeshed/Trikeshed/src/commonMain/kotlin/borg/trikeshed/parse/json/JsonTensorFactory.kt:156:35 Unresolved reference. None of the following candidates is applicable because of a receiver type mismatch:
fun MatchGroupCollection.get(name: String): MatchGroup?
e: file:///Users/jim/work/v2superbikeshed/Trikeshed/src/commonMain/kotlin/borg/trikeshed/parse/json/JsonTensorFactory.kt:157:43 Cannot infer type for this parameter. Specify it explicitly.
e: file:///Users/jim/work/v2superbikeshed/Trikeshed/src/commonMain/kotlin/borg/trikeshed/parse/json/JsonTensorFactory.kt:157:43 Unresolved reference. None of the following candidates is applicable because of a receiver type mismatch:
val <T> Join<Int, Function1<Int, T>>.play: IterableIndexed<T>
e: file:///Users/jim/work/v2superbikeshed/Trikeshed/src/commonMain/kotlin/borg/trikeshed/parse/json/JsonTensorFactory.kt:157:48 Cannot infer type for this parameter. Specify it explicitly.
e: file:///Users/jim/work/v2superbikeshed/Trikeshed/src/commonMain/kotlin/borg/trikeshed/parse/json/JsonTensorFactory.kt:157:48 Not enough information to infer type argument for 'T'.
e: file:///Users/jim/work/v2superbikeshed/Trikeshed/src/commonMain/kotlin/borg/trikeshed/parse/json/JsonTensorFactory.kt:174:13 Incompatible types 'MatchGroup?' and 'Char'.
e: file:///Users/jim/work/v2superbikeshed/Trikeshed/src/commonMain/kotlin/borg/trikeshed/parse/json/JsonTensorFactory.kt:176:37 Cannot infer type for this parameter. Specify it explicitly.
e: file:///Users/jim/work/v2superbikeshed/Trikeshed/src/commonMain/kotlin/borg/trikeshed/parse/json/JsonTensorFactory.kt:176:37 Not enough information to infer type argument for 'T'.
e: file:///Users/jim/work/v2superbikeshed/Trikeshed/src/commonMain/kotlin/borg/trikeshed/parse/json/JsonTensorFactory.kt:176:50 None of the following candidates is applicable:
fun <T> Array<out T>.takeWhile(predicate: (T) -> Boolean): List<T>
fun ByteArray.takeWhile(predicate: (Byte) -> Boolean): List<Byte>
fun ShortArray.takeWhile(predicate: (Short) -> Boolean): List<Short>
fun IntArray.takeWhile(predicate: (Int) -> Boolean): List<Int>
fun LongArray.takeWhile(predicate: (Long) -> Boolean): List<Long>
fun FloatArray.takeWhile(predicate: (Float) -> Boolean): List<Float>
fun DoubleArray.takeWhile(predicate: (Double) -> Boolean): List<Double>
fun BooleanArray.takeWhile(predicate: (Boolean) -> Boolean): List<Boolean>
fun CharArray.takeWhile(predicate: (Char) -> Boolean): List<Char>
fun <T> Iterable<T>.takeWhile(predicate: (T) -> Boolean): List<T>
fun UIntArray.takeWhile(predicate: (UInt) -> Boolean): List<UInt>
fun ULongArray.takeWhile(predicate: (ULong) -> Boolean): List<ULong>
fun UByteArray.takeWhile(predicate: (UByte) -> Boolean): List<UByte>
fun UShortArray.takeWhile(predicate: (UShort) -> Boolean): List<UShort>
fun <T> Sequence<T>.takeWhile(predicate: (T) -> Boolean): Sequence<T>
fun CharSequence.takeWhile(predicate: (Char) -> Boolean): CharSequence
fun String.takeWhile(predicate: (Char) -> Boolean): String
e: file:///Users/jim/work/v2superbikeshed/Trikeshed/src/commonMain/kotlin/borg/trikeshed/parse/json/JsonTensorFactory.kt:176:62 Unresolved reference 'it'.
e: file:///Users/jim/work/v2superbikeshed/Trikeshed/src/commonMain/kotlin/borg/trikeshed/parse/json/JsonTensorFactory.kt:179:13 Incompatible types 'MatchGroup?' and 'Char'.
e: file:///Users/jim/work/v2superbikeshed/Trikeshed/src/commonMain/kotlin/borg/trikeshed/parse/json/JsonTensorFactory.kt:180:13 Incompatible types 'MatchGroup?' and 'Char'.
e: file:///Users/jim/work/v2superbikeshed/Trikeshed/src/commonMain/kotlin/borg/trikeshed/parse/json/JsonTensorFactory.kt:181:13 Incompatible types 'MatchGroup?' and 'Char'.
e: file:///Users/jim/work/v2superbikeshed/Trikeshed/src/commonMain/kotlin/borg/trikeshed/parse/json/JsonTensorFactory.kt:184:37 Cannot infer type for this parameter. Specify it explicitly.
e: file:///Users/jim/work/v2superbikeshed/Trikeshed/src/commonMain/kotlin/borg/trikeshed/parse/json/JsonTensorFactory.kt:184:37 Not enough information to infer type argument for 'T'.
e: file:///Users/jim/work/v2superbikeshed/Trikeshed/src/commonMain/kotlin/borg/trikeshed/parse/json/JsonTensorFactory.kt:184:42 Cannot infer type for this parameter. Specify it explicitly.
e: file:///Users/jim/work/v2superbikeshed/Trikeshed/src/commonMain/kotlin/borg/trikeshed/parse/json/JsonTensorFactory.kt:184:42 Not enough information to infer type argument for 'T'.
e: file:///Users/jim/work/v2superbikeshed/Trikeshed/src/commonMain/kotlin/borg/trikeshed/parse/json/JsonTensorFactory.kt:194:18 Unresolved reference 'size'.
e: file:///Users/jim/work/v2superbikeshed/Trikeshed/src/commonMain/kotlin/borg/trikeshed/parse/json/JsonTensorFactory.kt:201:9 'when' expression must be exhaustive. Add the 'is Left<*>', 'is Right<*>' branches or an 'else' branch.
e: file:///Users/jim/work/v2superbikeshed/Trikeshed/src/commonMain/kotlin/borg/trikeshed/parse/json/JsonTensorFactory.kt:202:16 Unresolved reference 'Either'.
e: file:///Users/jim/work/v2superbikeshed/Trikeshed/src/commonMain/kotlin/borg/trikeshed/parse/json/JsonTensorFactory.kt:203:36 Unresolved reference 'value'.
e: file:///Users/jim/work/v2superbikeshed/Trikeshed/src/commonMain/kotlin/borg/trikeshed/parse/json/JsonTensorFactory.kt:216:16 Unresolved reference 'Either'.
e: file:///Users/jim/work/v2superbikeshed/Trikeshed/src/commonMain/kotlin/borg/trikeshed/parse/json/JsonTensorFactory.kt:217:38 Unresolved reference 'value'.
e: file:///Users/jim/work/v2superbikeshed/Trikeshed/src/commonMain/kotlin/borg/trikeshed/parse/json/JsonTensorFactory.kt:221:38 Unresolved reference 'size'.
e: file:///Users/jim/work/v2superbikeshed/Trikeshed/src/commonMain/kotlin/borg/trikeshed/parse/json/JsonTensorFactory.kt:222:35 Unresolved reference. None of the following candidates is applicable because of a receiver type mismatch:
fun MatchGroupCollection.get(name: String): MatchGroup?
e: file:///Users/jim/work/v2superbikeshed/Trikeshed/src/commonMain/kotlin/borg/trikeshed/parse/json/JsonTensorFactory.kt:223:52 Cannot infer type for this parameter. Specify it explicitly.
e: file:///Users/jim/work/v2superbikeshed/Trikeshed/src/commonMain/kotlin/borg/trikeshed/parse/json/JsonTensorFactory.kt:223:52 Unresolved reference. None of the following candidates is applicable because of a receiver type mismatch:
val <T> Join<Int, Function1<Int, T>>.play: IterableIndexed<T>
e: file:///Users/jim/work/v2superbikeshed/Trikeshed/src/commonMain/kotlin/borg/trikeshed/parse/json/JsonTensorFactory.kt:223:57 Cannot infer type for this parameter. Specify it explicitly.
e: file:///Users/jim/work/v2superbikeshed/Trikeshed/src/commonMain/kotlin/borg/trikeshed/parse/json/JsonTensorFactory.kt:223:57 Not enough information to infer type argument for 'T'.
e: file:///Users/jim/work/v2superbikeshed/Trikeshed/src/commonMain/kotlin/borg/trikeshed/parse/json/JsonTensorFactory.kt:229:5 Missing return statement.
e: file:///Users/jim/work/v2superbikeshed/Trikeshed/src/commonMain/kotlin/borg/trikeshed/parse/json/JsonTensorFactory.kt:277:41 Cannot infer type for this parameter. Specify it explicitly.
e: file:///Users/jim/work/v2superbikeshed/Trikeshed/src/commonMain/kotlin/borg/trikeshed/parse/json/JsonTensorFactory.kt:277:41 Not enough information to infer type argument for 'T'.
e: file:///Users/jim/work/v2superbikeshed/Trikeshed/src/commonMain/kotlin/borg/trikeshed/parse/json/JsonTensorFactory.kt:277:53 Unresolved reference 'α'.
e: file:///Users/jim/work/v2superbikeshed/Trikeshed/src/commonMain/kotlin/borg/trikeshed/parse/json/JsonTensorFactory.kt:277:57 Cannot infer type for this parameter. Specify it explicitly.
e: file:///Users/jim/work/v2superbikeshed/Trikeshed/src/commonMain/kotlin/borg/trikeshed/parse/json/JsonTensorFactory.kt:277:57 Function 'component1()' is ambiguous for this expression: 
fun <T> Array<out T>.component1(): T
fun ByteArray.component1(): Byte
fun ShortArray.component1(): Short
fun IntArray.component1(): Int
fun LongArray.component1(): Long
fun FloatArray.component1(): Float
fun DoubleArray.component1(): Double
fun BooleanArray.component1(): Boolean
fun CharArray.component1(): Char
fun <T> List<T>.component1(): T
fun UIntArray.component1(): UInt
fun ULongArray.component1(): ULong
fun UByteArray.component1(): UByte
fun UShortArray.component1(): UShort
fun <K, V> Map.Entry<K, V>.component1(): K.
e: file:///Users/jim/work/v2superbikeshed/Trikeshed/src/commonMain/kotlin/borg/trikeshed/parse/json/JsonTensorFactory.kt:277:57 Function 'component2()' is ambiguous for this expression: 
fun <T> Array<out T>.component2(): T
fun ByteArray.component2(): Byte
fun ShortArray.component2(): Short
fun IntArray.component2(): Int
fun LongArray.component2(): Long
fun FloatArray.component2(): Float
fun DoubleArray.component2(): Double
fun BooleanArray.component2(): Boolean
fun CharArray.component2(): Char
fun <T> List<T>.component2(): T
fun UIntArray.component2(): UInt
fun ULongArray.component2(): ULong
fun UByteArray.component2(): UByte
fun UShortArray.component2(): UShort
fun <K, V> Map.Entry<K, V>.component2(): V.
e: file:///Users/jim/work/v2superbikeshed/Trikeshed/src/commonMain/kotlin/borg/trikeshed/parse/json/JsonTensorFactory.kt:278:27 Unresolved reference. None of the following candidates is applicable because of a receiver type mismatch:
fun MatchGroupCollection.get(name: String): MatchGroup?
e: file:///Users/jim/work/v2superbikeshed/Trikeshed/src/commonMain/kotlin/borg/trikeshed/parse/json/JsonTensorFactory.kt:294:33 Return type mismatch: expected 'T (of fun <T> Join<Int, Function1<Int, T>>.first)', actual 'MatchGroup?'.
e: file:///Users/jim/work/v2superbikeshed/Trikeshed/src/commonMain/kotlin/borg/trikeshed/parse/json/JsonTensorFactory.kt:294:33 Unresolved reference. None of the following candidates is applicable because of a receiver type mismatch:
fun MatchGroupCollection.get(name: String): MatchGroup?
e: file:///Users/jim/work/v2superbikeshed/Trikeshed/src/commonMain/kotlin/borg/trikeshed/parse/json/JsonTensorFactory.kt:295:48 Unresolved reference 'size'.
e: file:///Users/jim/work/v2superbikeshed/Trikeshed/src/commonMain/kotlin/borg/trikeshed/parse/json/JsonTensorFactory.kt:295:58 Cannot infer type for this parameter. Specify it explicitly.
e: file:///Users/jim/work/v2superbikeshed/Trikeshed/src/commonMain/kotlin/borg/trikeshed/parse/json/JsonTensorFactory.kt:295:58 Unresolved reference. None of the following candidates is applicable because of a receiver type mismatch:
fun <A, B> A.j(b: B): Join<A, B>
e: file:///Users/jim/work/v2superbikeshed/Trikeshed/src/commonMain/kotlin/borg/trikeshed/parse/json/JsonTensorFactory.kt:295:62 Cannot infer type for this parameter. Specify it explicitly.
e: file:///Users/jim/work/v2superbikeshed/Trikeshed/src/commonMain/kotlin/borg/trikeshed/parse/json/JsonTensorFactory.kt:295:67 Unresolved reference. None of the following candidates is applicable because of a receiver type mismatch:
fun MatchGroupCollection.get(name: String): MatchGroup?
e: file:///Users/jim/work/v2superbikeshed/Trikeshed/src/commonMain/kotlin/borg/trikeshed/parse/json/TrikeShedJsonScanner.kt:114:20 Cannot infer type for this parameter. Specify it explicitly.
e: file:///Users/jim/work/v2superbikeshed/Trikeshed/src/commonMain/kotlin/borg/trikeshed/parse/json/TrikeShedJsonScanner.kt:114:20 Unresolved reference. None of the following candidates is applicable because of a receiver type mismatch:
fun <T> Join<Int, Function1<Int, Join<Any?, TypeMemento>>>.get(column: Column<T>): T?
e: file:///Users/jim/work/v2superbikeshed/Trikeshed/src/commonMain/kotlin/borg/trikeshed/parse/json/TrikeShedJsonScanner.kt:137:36 Cannot infer type for this parameter. Specify it explicitly.
e: file:///Users/jim/work/v2superbikeshed/Trikeshed/src/commonMain/kotlin/borg/trikeshed/parse/json/TrikeShedJsonScanner.kt:137:36 Unresolved reference. None of the following candidates is applicable because of a receiver type mismatch:
fun <T> Join<Int, Function1<Int, Join<Any?, TypeMemento>>>.get(column: Column<T>): T?
e: file:///Users/jim/work/v2superbikeshed/Trikeshed/src/commonMain/kotlin/borg/trikeshed/parse/json/TrikeShedJsonScanner.kt:151:24 Cannot infer type for this parameter. Specify it explicitly.
e: file:///Users/jim/work/v2superbikeshed/Trikeshed/src/commonMain/kotlin/borg/trikeshed/parse/json/TrikeShedJsonScanner.kt:151:24 Unresolved reference. None of the following candidates is applicable because of a receiver type mismatch:
fun <T> Join<Int, Function1<Int, Join<Any?, TypeMemento>>>.get(column: Column<T>): T?
e: file:///Users/jim/work/v2superbikeshed/Trikeshed/src/commonMain/kotlin/borg/trikeshed/parse/json/TrikeShedJsonScanner.kt:173:33 Cannot infer type for this parameter. Specify it explicitly.
e: file:///Users/jim/work/v2superbikeshed/Trikeshed/src/commonMain/kotlin/borg/trikeshed/parse/json/TrikeShedJsonScanner.kt:173:33 Unresolved reference. None of the following candidates is applicable because of a receiver type mismatch:
fun <T> Join<Int, Function1<Int, Join<Any?, TypeMemento>>>.get(column: Column<T>): T?
e: file:///Users/jim/work/v2superbikeshed/Trikeshed/src/commonMain/kotlin/borg/trikeshed/parse/json/TrikeShedJsonScanner.kt:176:36 Cannot infer type for this parameter. Specify it explicitly.
e: file:///Users/jim/work/v2superbikeshed/Trikeshed/src/commonMain/kotlin/borg/trikeshed/parse/json/TrikeShedJsonScanner.kt:176:36 Unresolved reference. None of the following candidates is applicable because of a receiver type mismatch:
fun <T> Join<Int, Function1<Int, Join<Any?, TypeMemento>>>.get(column: Column<T>): T?
e: file:///Users/jim/work/v2superbikeshed/Trikeshed/src/commonMain/kotlin/borg/trikeshed/parse/json/TrikeShedJsonScanner.kt:179:33 Cannot infer type for this parameter. Specify it explicitly.
e: file:///Users/jim/work/v2superbikeshed/Trikeshed/src/commonMain/kotlin/borg/trikeshed/parse/json/TrikeShedJsonScanner.kt:179:33 Unresolved reference. None of the following candidates is applicable because of a receiver type mismatch:
fun <T> Join<Int, Function1<Int, Join<Any?, TypeMemento>>>.get(column: Column<T>): T?
e: file:///Users/jim/work/v2superbikeshed/Trikeshed/src/commonMain/kotlin/borg/trikeshed/parse/json/TrikeShedJsonScanner.kt:181:40 Cannot infer type for this parameter. Specify it explicitly.
e: file:///Users/jim/work/v2superbikeshed/Trikeshed/src/commonMain/kotlin/borg/trikeshed/parse/json/TrikeShedJsonScanner.kt:181:40 Unresolved reference. None of the following candidates is applicable because of a receiver type mismatch:
fun <T> Join<Int, Function1<Int, Join<Any?, TypeMemento>>>.get(column: Column<T>): T?
e: file:///Users/jim/work/v2superbikeshed/Trikeshed/src/commonMain/kotlin/borg/trikeshed/parse/json/TrikeShedJsonScanner.kt:185:34 Cannot infer type for this parameter. Specify it explicitly.
e: file:///Users/jim/work/v2superbikeshed/Trikeshed/src/commonMain/kotlin/borg/trikeshed/parse/json/TrikeShedJsonScanner.kt:185:34 Unresolved reference. None of the following candidates is applicable because of a receiver type mismatch:
fun <T> Join<Int, Function1<Int, Join<Any?, TypeMemento>>>.get(column: Column<T>): T?
e: file:///Users/jim/work/v2superbikeshed/Trikeshed/src/commonMain/kotlin/borg/trikeshed/parse/json/TrikeShedJsonScanner.kt:185:55 Cannot infer type for this parameter. Specify it explicitly.
e: file:///Users/jim/work/v2superbikeshed/Trikeshed/src/commonMain/kotlin/borg/trikeshed/parse/json/TrikeShedJsonScanner.kt:185:55 Unresolved reference. None of the following candidates is applicable because of a receiver type mismatch:
fun <T> Join<Int, Function1<Int, Join<Any?, TypeMemento>>>.get(column: Column<T>): T?
e: file:///Users/jim/work/v2superbikeshed/Trikeshed/src/commonMain/kotlin/borg/trikeshed/parse/json/TrikeShedJsonScanner.kt:187:38 Cannot infer type for this parameter. Specify it explicitly.
e: file:///Users/jim/work/v2superbikeshed/Trikeshed/src/commonMain/kotlin/borg/trikeshed/parse/json/TrikeShedJsonScanner.kt:187:38 Unresolved reference. None of the following candidates is applicable because of a receiver type mismatch:
fun <T> Join<Int, Function1<Int, Join<Any?, TypeMemento>>>.get(column: Column<T>): T?
e: file:///Users/jim/work/v2superbikeshed/Trikeshed/src/commonMain/kotlin/borg/trikeshed/parse/json/TrikeShedJsonScanner.kt:187:59 Cannot infer type for this parameter. Specify it explicitly.
e: file:///Users/jim/work/v2superbikeshed/Trikeshed/src/commonMain/kotlin/borg/trikeshed/parse/json/TrikeShedJsonScanner.kt:187:59 Unresolved reference. None of the following candidates is applicable because of a receiver type mismatch:
fun <T> Join<Int, Function1<Int, Join<Any?, TypeMemento>>>.get(column: Column<T>): T?
e: file:///Users/jim/work/v2superbikeshed/Trikeshed/src/commonMain/kotlin/borg/trikeshed/parse/json/TrikeShedJsonScanner.kt:188:40 Cannot infer type for this parameter. Specify it explicitly.
e: file:///Users/jim/work/v2superbikeshed/Trikeshed/src/commonMain/kotlin/borg/trikeshed/parse/json/TrikeShedJsonScanner.kt:188:40 Unresolved reference. None of the following candidates is applicable because of a receiver type mismatch:
fun <T> Join<Int, Function1<Int, Join<Any?, TypeMemento>>>.get(column: Column<T>): T?
e: file:///Users/jim/work/v2superbikeshed/Trikeshed/src/commonMain/kotlin/borg/trikeshed/parse/json/TrikeShedJsonScanner.kt:205:56 Cannot infer type for this parameter. Specify it explicitly.
e: file:///Users/jim/work/v2superbikeshed/Trikeshed/src/commonMain/kotlin/borg/trikeshed/parse/json/TrikeShedJsonScanner.kt:205:56 Unresolved reference. None of the following candidates is applicable because of a receiver type mismatch:
fun <T> Join<Int, Function1<Int, Join<Any?, TypeMemento>>>.get(column: Column<T>): T?
e: file:///Users/jim/work/v2superbikeshed/Trikeshed/src/commonMain/kotlin/borg/trikeshed/parse/json/TrikeShedJsonScanner.kt:216:23 Overload resolution ambiguity between candidates:
fun <X, C, V : Join<Int, Function1<Int, X>>> V.α(crossinline xform: (X) -> C): Join<Int, Function1<Int, C>>
fun <X, C, V : Join<Int, Function1<Int, X>>> V.α(crossinline xform: (X) -> C): Join<Int, Function1<Int, C>>
e: file:///Users/jim/work/v2superbikeshed/Trikeshed/src/commonMain/kotlin/borg/trikeshed/parse/json/TrikeShedJsonScanner.kt:216:27 Cannot infer type for this parameter. Specify it explicitly.
e: file:///Users/jim/work/v2superbikeshed/Trikeshed/src/commonMain/kotlin/borg/trikeshed/parse/json/TrikeShedJsonScanner.kt:217:34 Function 'component1()' is ambiguous for this expression: 
fun <T> Array<out T>.component1(): T
fun ByteArray.component1(): Byte
fun ShortArray.component1(): Short
fun IntArray.component1(): Int
fun LongArray.component1(): Long
fun FloatArray.component1(): Float
fun DoubleArray.component1(): Double
fun BooleanArray.component1(): Boolean
fun CharArray.component1(): Char
fun <T> List<T>.component1(): T
fun UIntArray.component1(): UInt
fun ULongArray.component1(): ULong
fun UByteArray.component1(): UByte
fun UShortArray.component1(): UShort
fun <K, V> Map.Entry<K, V>.component1(): K.
e: file:///Users/jim/work/v2superbikeshed/Trikeshed/src/commonMain/kotlin/borg/trikeshed/parse/json/TrikeShedJsonScanner.kt:217:34 Function 'component2()' is ambiguous for this expression: 
fun <T> Array<out T>.component2(): T
fun ByteArray.component2(): Byte
fun ShortArray.component2(): Short
fun IntArray.component2(): Int
fun LongArray.component2(): Long
fun FloatArray.component2(): Float
fun DoubleArray.component2(): Double
fun BooleanArray.component2(): Boolean
fun CharArray.component2(): Char
fun <T> List<T>.component2(): T
fun UIntArray.component2(): UInt
fun ULongArray.component2(): ULong
fun UByteArray.component2(): UByte
fun UShortArray.component2(): UShort
fun <K, V> Map.Entry<K, V>.component2(): V.
e: file:///Users/jim/work/v2superbikeshed/Trikeshed/src/commonMain/kotlin/borg/trikeshed/parse/json/TrikeShedJsonScanner.kt:227:18 Cannot infer type for this parameter. Specify it explicitly.
e: file:///Users/jim/work/v2superbikeshed/Trikeshed/src/commonMain/kotlin/borg/trikeshed/parse/json/TrikeShedJsonScanner.kt:227:27 Unresolved reference 'a'.
e: file:///Users/jim/work/v2superbikeshed/Trikeshed/src/commonMain/kotlin/borg/trikeshed/parse/json/TrikeShedJsonScanner.kt:236:32 Overload resolution ambiguity between candidates:
fun <X, C, V : Join<Int, Function1<Int, X>>> V.α(crossinline xform: (X) -> C): Join<Int, Function1<Int, C>>
fun <X, C, V : Join<Int, Function1<Int, X>>> V.α(crossinline xform: (X) -> C): Join<Int, Function1<Int, C>>
e: file:///Users/jim/work/v2superbikeshed/Trikeshed/src/commonMain/kotlin/borg/trikeshed/parse/json/TrikeShedJsonScanner.kt:236:36 Cannot infer type for this parameter. Specify it explicitly.
e: file:///Users/jim/work/v2superbikeshed/Trikeshed/src/commonMain/kotlin/borg/trikeshed/parse/json/TrikeShedJsonScanner.kt:236:36 Function 'component1()' is ambiguous for this expression: 
fun <T> Array<out T>.component1(): T
fun ByteArray.component1(): Byte
fun ShortArray.component1(): Short
fun IntArray.component1(): Int
fun LongArray.component1(): Long
fun FloatArray.component1(): Float
fun DoubleArray.component1(): Double
fun BooleanArray.component1(): Boolean
fun CharArray.component1(): Char
fun <T> List<T>.component1(): T
fun UIntArray.component1(): UInt
fun ULongArray.component1(): ULong
fun UByteArray.component1(): UByte
fun UShortArray.component1(): UShort
fun <K, V> Map.Entry<K, V>.component1(): K.
e: file:///Users/jim/work/v2superbikeshed/Trikeshed/src/commonMain/kotlin/borg/trikeshed/parse/json/TrikeShedJsonScanner.kt:236:36 Function 'component2()' is ambiguous for this expression: 
fun <T> Array<out T>.component2(): T
fun ByteArray.component2(): Byte
fun ShortArray.component2(): Short
fun IntArray.component2(): Int
fun LongArray.component2(): Long
fun FloatArray.component2(): Float
fun DoubleArray.component2(): Double
fun BooleanArray.component2(): Boolean
fun CharArray.component2(): Char
fun <T> List<T>.component2(): T
fun UIntArray.component2(): UInt
fun ULongArray.component2(): ULong
fun UByteArray.component2(): UByte
fun UShortArray.component2(): UShort
fun <K, V> Map.Entry<K, V>.component2(): V.
e: file:///Users/jim/work/v2superbikeshed/Trikeshed/src/commonMain/kotlin/borg/trikeshed/parse/json/TrikeShedJsonScanner.kt:237:13 Not enough information to infer type argument for 'K'.
e: file:///Users/jim/work/v2superbikeshed/Trikeshed/src/commonMain/kotlin/borg/trikeshed/parse/json/TrikeShedJsonScanner.kt:241:34 Cannot infer type for this parameter. Specify it explicitly.
e: file:///Users/jim/work/v2superbikeshed/Trikeshed/src/commonMain/kotlin/borg/trikeshed/parse/json/TrikeShedJsonScanner.kt:241:34 Not enough information to infer type argument for 'B'.
e: file:///Users/jim/work/v2superbikeshed/Trikeshed/src/commonMain/kotlin/borg/trikeshed/parse/json/TrikeShedJsonScanner.kt:245:27 Cannot infer type for this parameter. Specify it explicitly.
e: file:///Users/jim/work/v2superbikeshed/Trikeshed/src/commonMain/kotlin/borg/trikeshed/parse/json/TrikeShedJsonScanner.kt:245:27 Not enough information to infer type argument for 'B'.
e: file:///Users/jim/work/v2superbikeshed/Trikeshed/src/commonMain/kotlin/borg/trikeshed/parse/json/TrikeShedJsonScanner.kt:247:31 Cannot infer type for this parameter. Specify it explicitly.
e: file:///Users/jim/work/v2superbikeshed/Trikeshed/src/commonMain/kotlin/borg/trikeshed/parse/json/TrikeShedJsonScanner.kt:247:31 Not enough information to infer type argument for 'B'.
e: file:///Users/jim/work/v2superbikeshed/Trikeshed/src/commonMain/kotlin/borg/trikeshed/parse/json/TrikeShedJsonScanner.kt:256:23 Overload resolution ambiguity between candidates:
fun <X, C, V : Join<Int, Function1<Int, X>>> V.α(crossinline xform: (X) -> C): Join<Int, Function1<Int, C>>
fun <X, C, V : Join<Int, Function1<Int, X>>> V.α(crossinline xform: (X) -> C): Join<Int, Function1<Int, C>>
e: file:///Users/jim/work/v2superbikeshed/Trikeshed/src/commonMain/kotlin/borg/trikeshed/parse/json/TrikeShedJsonScanner.kt:256:27 Cannot infer type for this parameter. Specify it explicitly.
e: file:///Users/jim/work/v2superbikeshed/Trikeshed/src/commonMain/kotlin/borg/trikeshed/parse/json/TrikeShedJsonScanner.kt:257:34 Function 'component1()' is ambiguous for this expression: 
fun <T> Array<out T>.component1(): T
fun ByteArray.component1(): Byte
fun ShortArray.component1(): Short
fun IntArray.component1(): Int
fun LongArray.component1(): Long
fun FloatArray.component1(): Float
fun DoubleArray.component1(): Double
fun BooleanArray.component1(): Boolean
fun CharArray.component1(): Char
fun <T> List<T>.component1(): T
fun UIntArray.component1(): UInt
fun ULongArray.component1(): ULong
fun UByteArray.component1(): UByte
fun UShortArray.component1(): UShort
fun <K, V> Map.Entry<K, V>.component1(): K.
e: file:///Users/jim/work/v2superbikeshed/Trikeshed/src/commonMain/kotlin/borg/trikeshed/parse/json/TrikeShedJsonScanner.kt:257:34 Function 'component2()' is ambiguous for this expression: 
fun <T> Array<out T>.component2(): T
fun ByteArray.component2(): Byte
fun ShortArray.component2(): Short
fun IntArray.component2(): Int
fun LongArray.component2(): Long
fun FloatArray.component2(): Float
fun DoubleArray.component2(): Double
fun BooleanArray.component2(): Boolean
fun CharArray.component2(): Char
fun <T> List<T>.component2(): T
fun UIntArray.component2(): UInt
fun ULongArray.component2(): ULong
fun UByteArray.component2(): UByte
fun UShortArray.component2(): UShort
fun <K, V> Map.Entry<K, V>.component2(): V.
e: file:///Users/jim/work/v2superbikeshed/Trikeshed/src/commonMain/kotlin/borg/trikeshed/parse/json/TrikeShedJsonScanner.kt:267:35 Unresolved reference 'a'.
e: file:///Users/jim/work/v2superbikeshed/Trikeshed/src/commonMain/kotlin/borg/trikeshed/parse/json/TrikeShedJsonScanner.kt:268:35 Cannot infer type for this parameter. Specify it explicitly.
e: file:///Users/jim/work/v2superbikeshed/Trikeshed/src/commonMain/kotlin/borg/trikeshed/parse/json/TrikeShedJsonScanner.kt:268:44 Unresolved reference 'b'.
e: file:///Users/jim/work/v2superbikeshed/Trikeshed/src/commonMain/kotlin/borg/trikeshed/parse/json/TrikeShedJsonScanner.kt:269:23 Cannot infer type for this parameter. Specify it explicitly.
e: file:///Users/jim/work/v2superbikeshed/Trikeshed/src/commonMain/kotlin/borg/trikeshed/parse/json/TrikeShedJsonScanner.kt:269:26 Argument type mismatch: actual type is 'Join<A (of fun <A, B> A.j), B (of fun <A, B> A.j)>', but 'B (of fun <A, B> A.j)' was expected.
e: file:///Users/jim/work/v2superbikeshed/Trikeshed/src/commonMain/kotlin/borg/trikeshed/parse/json/TrikeShedJsonScanner.kt:269:35 Cannot infer type for this parameter. Specify it explicitly.
e: file:///Users/jim/work/v2superbikeshed/Trikeshed/src/commonMain/kotlin/borg/trikeshed/parse/markdown/MarkdownCodeBlock.kt:142:24 Cannot infer type for this parameter. Specify it explicitly.
e: file:///Users/jim/work/v2superbikeshed/Trikeshed/src/commonMain/kotlin/borg/trikeshed/parse/markdown/MarkdownCodeBlock.kt:142:24 Unresolved reference. None of the following candidates is applicable because of a receiver type mismatch:
fun <T> Join<Int, Function1<Int, Join<Any?, TypeMemento>>>.get(column: Column<T>): T?
e: file:///Users/jim/work/v2superbikeshed/Trikeshed/src/commonMain/kotlin/borg/trikeshed/parse/markdown/MarkdownCodeBlock.kt:156:35 Cannot infer type for this parameter. Specify it explicitly.
e: file:///Users/jim/work/v2superbikeshed/Trikeshed/src/commonMain/kotlin/borg/trikeshed/parse/markdown/MarkdownCodeBlock.kt:156:35 Not enough information to infer type argument for 'B'.
e: file:///Users/jim/work/v2superbikeshed/Trikeshed/src/commonMain/kotlin/borg/trikeshed/parse/markdown/MarkdownCodeBlock.kt:156:39 Cannot infer type for this parameter. Specify it explicitly.
e: file:///Users/jim/work/v2superbikeshed/Trikeshed/src/commonMain/kotlin/borg/trikeshed/parse/markdown/MarkdownCodeBlock.kt:156:44 Cannot infer type for this parameter. Specify it explicitly.
e: file:///Users/jim/work/v2superbikeshed/Trikeshed/src/commonMain/kotlin/borg/trikeshed/parse/markdown/MarkdownCodeBlock.kt:156:44 Unresolved reference. None of the following candidates is applicable because of a receiver type mismatch:
fun <T> Join<Int, Function1<Int, Join<Any?, TypeMemento>>>.get(column: Column<T>): T?
e: file:///Users/jim/work/v2superbikeshed/Trikeshed/src/commonMain/kotlin/borg/trikeshed/parse/markdown/MarkdownCodeBlock.kt:158:25 Cannot infer type for this parameter. Specify it explicitly.
e: file:///Users/jim/work/v2superbikeshed/Trikeshed/src/commonMain/kotlin/borg/trikeshed/parse/markdown/MarkdownCodeBlock.kt:158:25 Not enough information to infer type argument for 'T'.
e: file:///Users/jim/work/v2superbikeshed/Trikeshed/src/commonMain/kotlin/borg/trikeshed/parse/markdown/MarkdownCodeBlock.kt:158:25 Type arguments are not allowed on implicit invoke call.
e: file:///Users/jim/work/v2superbikeshed/Trikeshed/src/commonMain/kotlin/borg/trikeshed/parse/markdown/MarkdownCodeBlock.kt:158:25 Unresolved reference. None of the following candidates is applicable because of a receiver type mismatch:
fun <T> Join<Shape, Function1<Shape, T>>.invoke(index: Int): T
e: file:///Users/jim/work/v2superbikeshed/Trikeshed/src/commonMain/kotlin/borg/trikeshed/parse/markdown/MarkdownCodeBlock.kt:161:54 Cannot infer type for this parameter. Specify it explicitly.
e: file:///Users/jim/work/v2superbikeshed/Trikeshed/src/commonMain/kotlin/borg/trikeshed/parse/markdown/MarkdownCodeBlock.kt:161:54 Unresolved reference. None of the following candidates is applicable because of a receiver type mismatch:
val <T> Join<Int, Function1<Int, T>>.play: IterableIndexed<T>
e: file:///Users/jim/work/v2superbikeshed/Trikeshed/src/commonMain/kotlin/borg/trikeshed/parse/markdown/MarkdownCodeBlock.kt:161:59 Cannot infer type for this parameter. Specify it explicitly.
e: file:///Users/jim/work/v2superbikeshed/Trikeshed/src/commonMain/kotlin/borg/trikeshed/parse/markdown/MarkdownCodeBlock.kt:161:59 Not enough information to infer type argument for 'T'.
e: file:///Users/jim/work/v2superbikeshed/Trikeshed/src/commonMain/kotlin/borg/trikeshed/reactor/ProtocolChannelContextService.kt:23:74 Unresolved reference 'CoroutineContext'.
e: file:///Users/jim/work/v2superbikeshed/Trikeshed/src/commonMain/kotlin/borg/trikeshed/reactor/ProtocolChannelContextService.kt:24:9 Class '<anonymous>' is not abstract and does not implement abstract members:
actual fun isOpen(): Boolean
actual fun close(): Unit
actual fun configureBlocking(block: Boolean): SelectableChannel
actual fun isBlocking(): Boolean
e: file:///Users/jim/work/v2superbikeshed/Trikeshed/src/commonMain/kotlin/borg/trikeshed/reactor/ProtocolChannelContextService.kt:30:27 Unresolved reference 'CoroutineContext'.
e: file:///Users/jim/work/v2superbikeshed/Trikeshed/src/commonMain/kotlin/borg/trikeshed/reactor/ProtocolChannelContextService.kt:35:59 Unresolved reference 'CoroutineContext'.
e: file:///Users/jim/work/v2superbikeshed/Trikeshed/src/commonMain/kotlin/borg/trikeshed/reactor/ProtocolChannelContextService.kt:38:30 Cannot infer type for this parameter. Specify it explicitly.
e: file:///Users/jim/work/v2superbikeshed/Trikeshed/src/commonMain/kotlin/borg/trikeshed/reactor/ProtocolChannelContextService.kt:39:29 Cannot infer type for this parameter. Specify it explicitly.
e: file:///Users/jim/work/v2superbikeshed/Trikeshed/src/commonMain/kotlin/borg/trikeshed/reactor/ProtocolChannelContextService.kt:40:29 Cannot infer type for this parameter. Specify it explicitly.
e: file:///Users/jim/work/v2superbikeshed/Trikeshed/src/commonMain/kotlin/borg/trikeshed/reactor/ProtocolChannelContextService.kt:41:28 Cannot infer type for this parameter. Specify it explicitly.
e: file:///Users/jim/work/v2superbikeshed/Trikeshed/src/commonMain/kotlin/borg/trikeshed/reactor/ProtocolChannelContextService.kt:42:27 Cannot infer type for this parameter. Specify it explicitly.
e: file:///Users/jim/work/v2superbikeshed/Trikeshed/src/commonMain/kotlin/borg/trikeshed/reactor/ProtocolChannelContextService.kt:71:58 Unresolved reference 'CoroutineContext'.
e: file:///Users/jim/work/v2superbikeshed/Trikeshed/src/commonMain/kotlin/borg/trikeshed/reactor/ProtocolChannelContextService.kt:71:76 Unresolved reference 'CoroutineContext'.
e: file:///Users/jim/work/v2superbikeshed/Trikeshed/src/commonMain/kotlin/borg/trikeshed/reactor/ProtocolChannelContextService.kt:71:101 Unresolved reference 'CoroutineContext'.
e: file:///Users/jim/work/v2superbikeshed/Trikeshed/src/commonMain/kotlin/borg/trikeshed/reactor/ProtocolChannelContextService.kt:73:13 Unresolved reference 'CoroutineContext'.
e: file:///Users/jim/work/v2superbikeshed/Trikeshed/src/commonMain/kotlin/borg/trikeshed/reactor/ProtocolChannelContextService.kt:81:59 Unresolved reference 'CoroutineContext'.
e: file:///Users/jim/work/v2superbikeshed/Trikeshed/src/commonMain/kotlin/borg/trikeshed/reactor/ProtocolChannelContextService.kt:88:50 Unresolved reference 'CoroutineContext'.
e: file:///Users/jim/work/v2superbikeshed/Trikeshed/src/commonMain/kotlin/borg/trikeshed/reactor/ProtocolChannelContextService.kt:109:31 Unresolved reference 'CoroutineContext'.
e: file:///Users/jim/work/v2superbikeshed/Trikeshed/src/commonMain/kotlin/borg/trikeshed/reactor/ProtocolChannelContextService.kt:109:61 Unresolved reference 'CoroutineContext'.
e: file:///Users/jim/work/v2superbikeshed/Trikeshed/src/commonMain/kotlin/borg/trikeshed/reactor/ProtocolChannelContextService.kt:109:80 Unresolved reference 'CoroutineContext'.
e: file:///Users/jim/work/v2superbikeshed/Trikeshed/src/commonMain/kotlin/borg/trikeshed/reactor/ProtocolChannelContextService.kt:110:42 Argument type mismatch: actual type is 'Join<A (of fun <A, B> A.j), B (of fun <A, B> A.j)>', but 'Join<ERROR CLASS: Symbol not found for CoroutineContext, ERROR CLASS: Symbol not found for CoroutineContext>' was expected.
e: file:///Users/jim/work/v2superbikeshed/Trikeshed/src/commonMain/kotlin/borg/trikeshed/reactor/ProtocolChannelContextService.kt:110:47 Cannot infer type for this parameter. Specify it explicitly.
e: file:///Users/jim/work/v2superbikeshed/Trikeshed/src/commonMain/kotlin/borg/trikeshed/reactor/ProtocolChannelContextService.kt:110:47 Unresolved reference. None of the following candidates is applicable because of a receiver type mismatch:
fun <A, B> A.j(b: B): Join<A, B>
e: file:///Users/jim/work/v2superbikeshed/Trikeshed/src/commonMain/kotlin/borg/trikeshed/reactor/ProtocolChannelContextService.kt:120:8 Unresolved reference 'CoroutineContext'.
e: file:///Users/jim/work/v2superbikeshed/Trikeshed/src/commonMain/kotlin/borg/trikeshed/reactor/ProtocolChannelContextService.kt:127:23 Assignment type mismatch: actual type is 'CoroutineContext', but 'CoroutineDispatcher' was expected.
e: file:///Users/jim/work/v2superbikeshed/Trikeshed/src/commonMain/kotlin/borg/trikeshed/reactor/ProtocolChannelContextService.kt:131:23 Assignment type mismatch: actual type is 'CoroutineContext', but 'CoroutineDispatcher' was expected.
e: file:///Users/jim/work/v2superbikeshed/Trikeshed/src/commonMain/kotlin/borg/trikeshed/reactor/ProtocolChannelContextService.kt:139:60 Unresolved reference 'CoroutineContext'.
e: file:///Users/jim/work/v2superbikeshed/Trikeshed/src/commonMain/kotlin/borg/trikeshed/reactor/ProtocolChannelContextService.kt:140:31 'fun plus(other: CoroutineDispatcher): CoroutineDispatcher' is deprecated. Operator '+' on two CoroutineDispatcher objects is meaningless. CoroutineDispatcher is a coroutine context element and `+` is a set-sum operator for coroutine contexts. The dispatcher to the right of `+` just replaces the dispatcher to the left.
e: file:///Users/jim/work/v2superbikeshed/Trikeshed/src/commonMain/kotlin/borg/trikeshed/reactor/ProtocolChannelContextService.kt:143:58 Unresolved reference 'CoroutineContext'.
e: file:///Users/jim/work/v2superbikeshed/Trikeshed/src/commonMain/kotlin/borg/trikeshed/reactor/ProtocolChannelContextService.kt:144:31 'fun plus(other: CoroutineDispatcher): CoroutineDispatcher' is deprecated. Operator '+' on two CoroutineDispatcher objects is meaningless. CoroutineDispatcher is a coroutine context element and `+` is a set-sum operator for coroutine contexts. The dispatcher to the right of `+` just replaces the dispatcher to the left.
e: file:///Users/jim/work/v2superbikeshed/Trikeshed/src/commonMain/kotlin/borg/trikeshed/reactor/ProtocolChannelContextService.kt:147:58 Unresolved reference 'CoroutineContext'.
e: file:///Users/jim/work/v2superbikeshed/Trikeshed/src/commonMain/kotlin/borg/trikeshed/reactor/ProtocolChannelContextService.kt:148:31 'fun plus(other: CoroutineDispatcher): CoroutineDispatcher' is deprecated. Operator '+' on two CoroutineDispatcher objects is meaningless. CoroutineDispatcher is a coroutine context element and `+` is a set-sum operator for coroutine contexts. The dispatcher to the right of `+` just replaces the dispatcher to the left.
e: file:///Users/jim/work/v2superbikeshed/Trikeshed/src/commonMain/kotlin/borg/trikeshed/reactor/ProtocolChannelContextService.kt:151:56 Unresolved reference 'CoroutineContext'.
e: file:///Users/jim/work/v2superbikeshed/Trikeshed/src/commonMain/kotlin/borg/trikeshed/reactor/ProtocolChannelContextService.kt:152:31 'fun plus(other: CoroutineDispatcher): CoroutineDispatcher' is deprecated. Operator '+' on two CoroutineDispatcher objects is meaningless. CoroutineDispatcher is a coroutine context element and `+` is a set-sum operator for coroutine contexts. The dispatcher to the right of `+` just replaces the dispatcher to the left.
e: file:///Users/jim/work/v2superbikeshed/Trikeshed/src/commonMain/kotlin/borg/trikeshed/reactor/ProtocolChannelContextService.kt:159:41 Unresolved reference 'CoroutineContext'.
e: file:///Users/jim/work/v2superbikeshed/Trikeshed/src/commonMain/kotlin/borg/trikeshed/reactor/ProtocolChannelContextService.kt:160:26 Unresolved reference 'CoroutineContext'.
e: file:///Users/jim/work/v2superbikeshed/Trikeshed/src/commonMain/kotlin/borg/trikeshed/reactor/ProtocolChannelContextService.kt:161:25 Unresolved reference 'CoroutineContext'.
e: file:///Users/jim/work/v2superbikeshed/Trikeshed/src/commonMain/kotlin/borg/trikeshed/reactor/ProtocolChannelContextService.kt:162:25 Unresolved reference 'CoroutineContext'.
e: file:///Users/jim/work/v2superbikeshed/Trikeshed/src/commonMain/kotlin/borg/trikeshed/reactor/ProtocolChannelContextService.kt:163:24 Unresolved reference 'CoroutineContext'.
e: file:///Users/jim/work/v2superbikeshed/Trikeshed/src/commonMain/kotlin/borg/trikeshed/reactor/ProtocolChannelContextService.kt:164:28 Unresolved reference 'CoroutineContext'.
e: file:///Users/jim/work/v2superbikeshed/Trikeshed/src/commonMain/kotlin/borg/trikeshed/reactor/ProtocolChannelContextService.kt:171:31 Unresolved reference 'CoroutineContext'.
e: file:///Users/jim/work/v2superbikeshed/Trikeshed/src/commonMain/kotlin/borg/trikeshed/reactor/ProtocolChannelContextService.kt:175:30 Unresolved reference 'CoroutineContext'.
e: file:///Users/jim/work/v2superbikeshed/Trikeshed/src/commonMain/kotlin/borg/trikeshed/reactor/ProtocolChannelContextService.kt:179:30 Unresolved reference 'CoroutineContext'.
e: file:///Users/jim/work/v2superbikeshed/Trikeshed/src/commonMain/kotlin/borg/trikeshed/reactor/ProtocolChannelContextService.kt:183:29 Unresolved reference 'CoroutineContext'.
e: file:///Users/jim/work/v2superbikeshed/Trikeshed/src/commonMain/kotlin/borg/trikeshed/reactor/ProtocolIngressEgressRouter.kt:24:64 Unresolved reference 'CoroutineContext'.
e: file:///Users/jim/work/v2superbikeshed/Trikeshed/src/commonMain/kotlin/borg/trikeshed/reactor/ProtocolIngressEgressRouter.kt:25:34 No value passed for parameter 'a'.
e: file:///Users/jim/work/v2superbikeshed/Trikeshed/src/commonMain/kotlin/borg/trikeshed/reactor/ProtocolIngressEgressRouter.kt:25:34 No value passed for parameter 'b'.
e: file:///Users/jim/work/v2superbikeshed/Trikeshed/src/commonMain/kotlin/borg/trikeshed/reactor/ProtocolIngressEgressRouter.kt:27:43 Cannot infer type for this parameter. Specify it explicitly.
e: file:///Users/jim/work/v2superbikeshed/Trikeshed/src/commonMain/kotlin/borg/trikeshed/reactor/ProtocolIngressEgressRouter.kt:34:46 Cannot infer type for this parameter. Specify it explicitly.
e: file:///Users/jim/work/v2superbikeshed/Trikeshed/src/commonMain/kotlin/borg/trikeshed/reactor/ProtocolIngressEgressRouter.kt:37:44 Cannot infer type for this parameter. Specify it explicitly.
e: file:///Users/jim/work/v2superbikeshed/Trikeshed/src/commonMain/kotlin/borg/trikeshed/reactor/ProtocolIngressEgressRouter.kt:44:62 Unresolved reference 'CoroutineContext'.
e: file:///Users/jim/work/v2superbikeshed/Trikeshed/src/commonMain/kotlin/borg/trikeshed/reactor/ProtocolIngressEgressRouter.kt:45:33 No value passed for parameter 'a'.
e: file:///Users/jim/work/v2superbikeshed/Trikeshed/src/commonMain/kotlin/borg/trikeshed/reactor/ProtocolIngressEgressRouter.kt:45:33 No value passed for parameter 'b'.
e: file:///Users/jim/work/v2superbikeshed/Trikeshed/src/commonMain/kotlin/borg/trikeshed/reactor/ProtocolIngressEgressRouter.kt:47:42 Cannot infer type for this parameter. Specify it explicitly.
e: file:///Users/jim/work/v2superbikeshed/Trikeshed/src/commonMain/kotlin/borg/trikeshed/reactor/ProtocolIngressEgressRouter.kt:54:45 Cannot infer type for this parameter. Specify it explicitly.
e: file:///Users/jim/work/v2superbikeshed/Trikeshed/src/commonMain/kotlin/borg/trikeshed/reactor/ProtocolIngressEgressRouter.kt:57:43 Cannot infer type for this parameter. Specify it explicitly.
e: file:///Users/jim/work/v2superbikeshed/Trikeshed/src/commonMain/kotlin/borg/trikeshed/reactor/ProtocolIngressEgressRouter.kt:64:90 Unresolved reference 'CoroutineContext'.
e: file:///Users/jim/work/v2superbikeshed/Trikeshed/src/commonMain/kotlin/borg/trikeshed/reactor/ProtocolIngressEgressRouter.kt:65:9 Type mismatch: inferred type is 'Join<IngressRoute.DEFAULT, EgressRoute.DEFAULT>', but 'Join<IngressRoute, EgressRoute>' was expected.
e: file:///Users/jim/work/v2superbikeshed/Trikeshed/src/commonMain/kotlin/borg/trikeshed/reactor/ProtocolIngressEgressRouter.kt:65:54 No value passed for parameter 'a'.
e: file:///Users/jim/work/v2superbikeshed/Trikeshed/src/commonMain/kotlin/borg/trikeshed/reactor/ProtocolIngressEgressRouter.kt:65:54 No value passed for parameter 'b'.
e: file:///Users/jim/work/v2superbikeshed/Trikeshed/src/commonMain/kotlin/borg/trikeshed/reactor/ProtocolIngressEgressRouter.kt:65:103 No value passed for parameter 'a'.
e: file:///Users/jim/work/v2superbikeshed/Trikeshed/src/commonMain/kotlin/borg/trikeshed/reactor/ProtocolIngressEgressRouter.kt:65:103 No value passed for parameter 'b'.
e: file:///Users/jim/work/v2superbikeshed/Trikeshed/src/commonMain/kotlin/borg/trikeshed/reactor/ProtocolIngressEgressRouter.kt:68:21 Unresolved reference 'CoroutineContext'.
e: file:///Users/jim/work/v2superbikeshed/Trikeshed/src/commonMain/kotlin/borg/trikeshed/reactor/ProtocolIngressEgressRouter.kt:77:21 Unresolved reference 'CoroutineContext'.
e: file:///Users/jim/work/v2superbikeshed/Trikeshed/src/commonMain/kotlin/borg/trikeshed/reactor/ProtocolIngressEgressRouter.kt:83:49 Unresolved reference 'CoroutineContext'.
e: file:///Users/jim/work/v2superbikeshed/Trikeshed/src/commonMain/kotlin/borg/trikeshed/reactor/ProtocolIngressEgressRouter.kt:84:28 Cannot infer type for this parameter. Specify it explicitly.
e: file:///Users/jim/work/v2superbikeshed/Trikeshed/src/commonMain/kotlin/borg/trikeshed/reactor/ProtocolIngressEgressRouter.kt:85:13 Not enough information to infer type argument for 'K'.
e: file:///Users/jim/work/v2superbikeshed/Trikeshed/src/commonMain/kotlin/borg/trikeshed/reactor/ProtocolIngressEgressRouter.kt:106:52 Unresolved reference 'CoroutineContext'.
e: file:///Users/jim/work/v2superbikeshed/Trikeshed/src/commonMain/kotlin/borg/trikeshed/reactor/ProtocolIngressEgressRouter.kt:113:50 Unresolved reference 'CoroutineContext'.
e: file:///Users/jim/work/v2superbikeshed/Trikeshed/src/commonMain/kotlin/borg/trikeshed/reactor/ProtocolIngressEgressRouter.kt:120:85 Unresolved reference 'CoroutineContext'.
e: file:///Users/jim/work/v2superbikeshed/Trikeshed/src/commonMain/kotlin/borg/trikeshed/reactor/ProtocolIngressEgressRouter.kt:127:31 Unresolved reference 'CoroutineContext'.
e: file:///Users/jim/work/v2superbikeshed/Trikeshed/src/commonMain/kotlin/borg/trikeshed/reactor/ProtocolIngressEgressRouter.kt:137:18 Unresolved reference 'CoroutineContext'.
e: file:///Users/jim/work/v2superbikeshed/Trikeshed/src/commonMain/kotlin/borg/trikeshed/reactor/ProtocolIngressEgressRouter.kt:145:46 Unresolved reference 'ingressChannel'.
e: file:///Users/jim/work/v2superbikeshed/Trikeshed/src/commonMain/kotlin/borg/trikeshed/reactor/ProtocolIngressEgressRouter.kt:147:44 Unresolved reference 'receive'.
e: file:///Users/jim/work/v2superbikeshed/Trikeshed/src/commonMain/kotlin/borg/trikeshed/reactor/ProtocolIngressEgressRouter.kt:171:18 Unresolved reference 'CoroutineContext'.
e: file:///Users/jim/work/v2superbikeshed/Trikeshed/src/commonMain/kotlin/borg/trikeshed/reactor/ProtocolIngressEgressRouter.kt:179:45 Unresolved reference 'egressChannel'.
e: file:///Users/jim/work/v2superbikeshed/Trikeshed/src/commonMain/kotlin/borg/trikeshed/reactor/ProtocolIngressEgressRouter.kt:181:39 Unresolved reference 'send'.
e: file:///Users/jim/work/v2superbikeshed/Trikeshed/src/commonMain/kotlin/borg/trikeshed/reactor/ProtocolIngressEgressRouter.kt:216:40 Unresolved reference 'CoroutineContext'.
e: file:///Users/jim/work/v2superbikeshed/Trikeshed/src/commonMain/kotlin/borg/trikeshed/reactor/ProtocolIngressEgressRouter.kt:217:26 'context' hides member of supertype 'IngressRoute' and needs an 'override' modifier.
e: file:///Users/jim/work/v2superbikeshed/Trikeshed/src/commonMain/kotlin/borg/trikeshed/reactor/ProtocolIngressEgressRouter.kt:217:35 Unresolved reference 'CoroutineContext'.
e: file:///Users/jim/work/v2superbikeshed/Trikeshed/src/commonMain/kotlin/borg/trikeshed/reactor/ProtocolIngressEgressRouter.kt:218:28 'context' hides member of supertype 'IngressRoute' and needs an 'override' modifier.
e: file:///Users/jim/work/v2superbikeshed/Trikeshed/src/commonMain/kotlin/borg/trikeshed/reactor/ProtocolIngressEgressRouter.kt:218:37 Unresolved reference 'CoroutineContext'.
e: file:///Users/jim/work/v2superbikeshed/Trikeshed/src/commonMain/kotlin/borg/trikeshed/reactor/ProtocolIngressEgressRouter.kt:219:26 'context' hides member of supertype 'IngressRoute' and needs an 'override' modifier.
e: file:///Users/jim/work/v2superbikeshed/Trikeshed/src/commonMain/kotlin/borg/trikeshed/reactor/ProtocolIngressEgressRouter.kt:219:35 Unresolved reference 'CoroutineContext'.
e: file:///Users/jim/work/v2superbikeshed/Trikeshed/src/commonMain/kotlin/borg/trikeshed/reactor/ProtocolIngressEgressRouter.kt:220:28 'context' hides member of supertype 'IngressRoute' and needs an 'override' modifier.
e: file:///Users/jim/work/v2superbikeshed/Trikeshed/src/commonMain/kotlin/borg/trikeshed/reactor/ProtocolIngressEgressRouter.kt:220:37 Unresolved reference 'CoroutineContext'.
e: file:///Users/jim/work/v2superbikeshed/Trikeshed/src/commonMain/kotlin/borg/trikeshed/reactor/ProtocolIngressEgressRouter.kt:223:39 Unresolved reference 'CoroutineContext'.
e: file:///Users/jim/work/v2superbikeshed/Trikeshed/src/commonMain/kotlin/borg/trikeshed/reactor/ProtocolIngressEgressRouter.kt:224:26 'context' hides member of supertype 'EgressRoute' and needs an 'override' modifier.
e: file:///Users/jim/work/v2superbikeshed/Trikeshed/src/commonMain/kotlin/borg/trikeshed/reactor/ProtocolIngressEgressRouter.kt:224:35 Unresolved reference 'CoroutineContext'.
e: file:///Users/jim/work/v2superbikeshed/Trikeshed/src/commonMain/kotlin/borg/trikeshed/reactor/ProtocolIngressEgressRouter.kt:225:28 'context' hides member of supertype 'EgressRoute' and needs an 'override' modifier.
e: file:///Users/jim/work/v2superbikeshed/Trikeshed/src/commonMain/kotlin/borg/trikeshed/reactor/ProtocolIngressEgressRouter.kt:225:37 Unresolved reference 'CoroutineContext'.
e: file:///Users/jim/work/v2superbikeshed/Trikeshed/src/commonMain/kotlin/borg/trikeshed/reactor/ProtocolIngressEgressRouter.kt:226:26 'context' hides member of supertype 'EgressRoute' and needs an 'override' modifier.
e: file:///Users/jim/work/v2superbikeshed/Trikeshed/src/commonMain/kotlin/borg/trikeshed/reactor/ProtocolIngressEgressRouter.kt:226:35 Unresolved reference 'CoroutineContext'.
e: file:///Users/jim/work/v2superbikeshed/Trikeshed/src/commonMain/kotlin/borg/trikeshed/reactor/ProtocolIngressEgressRouter.kt:227:28 'context' hides member of supertype 'EgressRoute' and needs an 'override' modifier.
e: file:///Users/jim/work/v2superbikeshed/Trikeshed/src/commonMain/kotlin/borg/trikeshed/reactor/ProtocolIngressEgressRouter.kt:227:37 Unresolved reference 'CoroutineContext'.
e: file:///Users/jim/work/v2superbikeshed/Trikeshed/src/commonMain/kotlin/borg/trikeshed/reactor/Reactor.kt:162:27 Syntax error: Unexpected tokens (use ';' to separate expressions on the same line).
e: file:///Users/jim/work/v2superbikeshed/Trikeshed/src/commonMain/kotlin/borg/trikeshed/reactor/Reactor.kt:243:16 Cannot infer type for this parameter. Specify it explicitly.
e: file:///Users/jim/work/v2superbikeshed/Trikeshed/src/commonMain/kotlin/borg/trikeshed/reactor/Reactor.kt:243:16 Unresolved reference. None of the following candidates is applicable because of a receiver type mismatch:
fun <T> Join<Int, Function1<Int, Join<Any?, TypeMemento>>>.get(column: Column<T>): T?
e: file:///Users/jim/work/v2superbikeshed/Trikeshed/src/commonMain/kotlin/borg/trikeshed/reactor/Reactor.kt:408:76 Unresolved reference 'CoroutineContext'.
e: file:///Users/jim/work/v2superbikeshed/Trikeshed/src/commonMain/kotlin/borg/trikeshed/reactor/Reactor.kt:409:5 Class '<anonymous>' is not abstract and does not implement abstract members:
actual fun isOpen(): Boolean
actual fun close(): Unit
actual fun configureBlocking(block: Boolean): SelectableChannel
actual fun isBlocking(): Boolean
e: file:///Users/jim/work/v2superbikeshed/Trikeshed/src/commonMain/kotlin/borg/trikeshed/reactor/Reactor.kt:424:17 Unresolved reference 'CoroutineContext'.
e: file:///Users/jim/work/v2superbikeshed/Trikeshed/src/commonMain/kotlin/borg/trikeshed/reactor/Reactor.kt:430:72 Unresolved reference 'CoroutineContext'.
e: file:///Users/jim/work/v2superbikeshed/Trikeshed/src/commonMain/kotlin/borg/trikeshed/reactor/Reactor.kt:433:38 Cannot infer type for this parameter. Specify it explicitly.
e: file:///Users/jim/work/v2superbikeshed/Trikeshed/src/commonMain/kotlin/borg/trikeshed/reactor/Reactor.kt:441:41 Cannot infer type for this parameter. Specify it explicitly.
e: file:///Users/jim/work/v2superbikeshed/Trikeshed/src/commonMain/kotlin/borg/trikeshed/reactor/Reactor.kt:444:39 Cannot infer type for this parameter. Specify it explicitly.
e: file:///Users/jim/work/v2superbikeshed/Trikeshed/src/commonMain/kotlin/borg/trikeshed/reactor/Reactor.kt:447:41 Cannot infer type for this parameter. Specify it explicitly.
e: file:///Users/jim/work/v2superbikeshed/Trikeshed/src/commonMain/kotlin/borg/trikeshed/reactor/Reactor.kt:450:44 Cannot infer type for this parameter. Specify it explicitly.
e: file:///Users/jim/work/v2superbikeshed/Trikeshed/src/commonMain/kotlin/borg/trikeshed/reactor/Reactor.kt:453:41 Cannot infer type for this parameter. Specify it explicitly.
e: file:///Users/jim/work/v2superbikeshed/Trikeshed/src/commonMain/kotlin/borg/trikeshed/reactor/Reactor.kt:456:41 Cannot infer type for this parameter. Specify it explicitly.
e: file:///Users/jim/work/v2superbikeshed/Trikeshed/src/commonMain/kotlin/borg/trikeshed/reactor/Reactor.kt:459:42 Cannot infer type for this parameter. Specify it explicitly.
e: file:///Users/jim/work/v2superbikeshed/Trikeshed/src/commonMain/kotlin/borg/trikeshed/reactor/Reactor.kt:462:43 Cannot infer type for this parameter. Specify it explicitly.
e: file:///Users/jim/work/v2superbikeshed/Trikeshed/src/commonMain/kotlin/borg/trikeshed/reactor/Reactor.kt:465:41 Cannot infer type for this parameter. Specify it explicitly.
e: file:///Users/jim/work/v2superbikeshed/Trikeshed/src/commonMain/kotlin/borg/trikeshed/reactor/Reactor.kt:472:54 Unresolved reference 'CoroutineContext'.
e: file:///Users/jim/work/v2superbikeshed/Trikeshed/src/commonMain/kotlin/borg/trikeshed/reactor/Reactor.kt:472:72 Unresolved reference 'CoroutineContext'.
e: file:///Users/jim/work/v2superbikeshed/Trikeshed/src/commonMain/kotlin/borg/trikeshed/reactor/Reactor.kt:472:97 Unresolved reference 'CoroutineContext'.
e: file:///Users/jim/work/v2superbikeshed/Trikeshed/src/commonMain/kotlin/borg/trikeshed/reactor/Reactor.kt:474:9 Unresolved reference 'CoroutineContext'.
e: file:///Users/jim/work/v2superbikeshed/Trikeshed/src/commonMain/kotlin/borg/trikeshed/reactor/Reactor.kt:478:63 Unresolved reference 'CoroutineContext'.
e: file:///Users/jim/work/v2superbikeshed/Trikeshed/src/commonMain/kotlin/borg/trikeshed/reactor/Reactor.kt:478:113 Unresolved reference 'SocksIngressChannel'.
e: file:///Users/jim/work/v2superbikeshed/Trikeshed/src/commonMain/kotlin/borg/trikeshed/reactor/Reactor.kt:481:24 Unresolved reference 'borg.trikeshed.reactor.socks.SocksIngressChannel'.
e: file:///Users/jim/work/v2superbikeshed/Trikeshed/src/commonMain/kotlin/borg/trikeshed/reactor/Reactor.kt:481:26 Cannot infer type for this parameter. Specify it explicitly.
e: file:///Users/jim/work/v2superbikeshed/Trikeshed/src/commonMain/kotlin/borg/trikeshed/reactor/Reactor.kt:482:23 Unresolved reference 'borg.trikeshed.reactor.socks.SocksIngressChannel'.
e: file:///Users/jim/work/v2superbikeshed/Trikeshed/src/commonMain/kotlin/borg/trikeshed/reactor/Reactor.kt:482:25 Cannot infer type for this parameter. Specify it explicitly.
e: file:///Users/jim/work/v2superbikeshed/Trikeshed/src/commonMain/kotlin/borg/trikeshed/reactor/Reactor.kt:483:23 Unresolved reference 'borg.trikeshed.reactor.socks.SocksIngressChannel'.
e: file:///Users/jim/work/v2superbikeshed/Trikeshed/src/commonMain/kotlin/borg/trikeshed/reactor/Reactor.kt:483:25 Cannot infer type for this parameter. Specify it explicitly.
e: file:///Users/jim/work/v2superbikeshed/Trikeshed/src/commonMain/kotlin/borg/trikeshed/reactor/Reactor.kt:484:21 Unresolved reference 'borg.trikeshed.reactor.socks.SocksIngressChannel'.
e: file:///Users/jim/work/v2superbikeshed/Trikeshed/src/commonMain/kotlin/borg/trikeshed/reactor/Reactor.kt:484:23 Cannot infer type for this parameter. Specify it explicitly.
e: file:///Users/jim/work/v2superbikeshed/Trikeshed/src/commonMain/kotlin/borg/trikeshed/reactor/Reactor.kt:489:62 Unresolved reference 'CoroutineContext'.
e: file:///Users/jim/work/v2superbikeshed/Trikeshed/src/commonMain/kotlin/borg/trikeshed/reactor/Reactor.kt:489:112 Unresolved reference 'SocksEgressChannel'.
e: file:///Users/jim/work/v2superbikeshed/Trikeshed/src/commonMain/kotlin/borg/trikeshed/reactor/Reactor.kt:492:24 Unresolved reference 'borg.trikeshed.reactor.socks.SocksEgressChannel'.
e: file:///Users/jim/work/v2superbikeshed/Trikeshed/src/commonMain/kotlin/borg/trikeshed/reactor/Reactor.kt:492:26 Cannot infer type for this parameter. Specify it explicitly.
e: file:///Users/jim/work/v2superbikeshed/Trikeshed/src/commonMain/kotlin/borg/trikeshed/reactor/Reactor.kt:493:23 Unresolved reference 'borg.trikeshed.reactor.socks.SocksEgressChannel'.
e: file:///Users/jim/work/v2superbikeshed/Trikeshed/src/commonMain/kotlin/borg/trikeshed/reactor/Reactor.kt:493:25 Cannot infer type for this parameter. Specify it explicitly.
e: file:///Users/jim/work/v2superbikeshed/Trikeshed/src/commonMain/kotlin/borg/trikeshed/reactor/Reactor.kt:494:23 Unresolved reference 'borg.trikeshed.reactor.socks.SocksEgressChannel'.
e: file:///Users/jim/work/v2superbikeshed/Trikeshed/src/commonMain/kotlin/borg/trikeshed/reactor/Reactor.kt:494:25 Cannot infer type for this parameter. Specify it explicitly.
e: file:///Users/jim/work/v2superbikeshed/Trikeshed/src/commonMain/kotlin/borg/trikeshed/reactor/Reactor.kt:495:21 Unresolved reference 'borg.trikeshed.reactor.socks.SocksEgressChannel'.
e: file:///Users/jim/work/v2superbikeshed/Trikeshed/src/commonMain/kotlin/borg/trikeshed/reactor/Reactor.kt:495:23 Cannot infer type for this parameter. Specify it explicitly.
e: file:///Users/jim/work/v2superbikeshed/Trikeshed/src/commonMain/kotlin/borg/trikeshed/reactor/Reactor.kt:501:63 Unresolved reference 'CoroutineContext'.
e: file:///Users/jim/work/v2superbikeshed/Trikeshed/src/commonMain/kotlin/borg/trikeshed/reactor/Reactor.kt:505:82 Unresolved reference 'CoroutineContext'.
e: file:///Users/jim/work/v2superbikeshed/Trikeshed/src/commonMain/kotlin/borg/trikeshed/reactor/Reactor.kt:509:35 Unresolved reference 'CoroutineContext'.
e: file:///Users/jim/work/v2superbikeshed/Trikeshed/src/commonMain/kotlin/borg/trikeshed/reactor/Reactor.kt:509:65 Unresolved reference 'CoroutineContext'.
e: file:///Users/jim/work/v2superbikeshed/Trikeshed/src/commonMain/kotlin/borg/trikeshed/reactor/Reactor.kt:509:84 Unresolved reference 'CoroutineContext'.
e: file:///Users/jim/work/v2superbikeshed/Trikeshed/src/commonMain/kotlin/borg/trikeshed/reactor/Reactor.kt:510:38 Argument type mismatch: actual type is 'Join<A (of fun <A, B> A.j), B (of fun <A, B> A.j)>', but 'Join<ERROR CLASS: Symbol not found for CoroutineContext, ERROR CLASS: Symbol not found for CoroutineContext>' was expected.
e: file:///Users/jim/work/v2superbikeshed/Trikeshed/src/commonMain/kotlin/borg/trikeshed/reactor/Reactor.kt:510:43 Cannot infer type for this parameter. Specify it explicitly.
e: file:///Users/jim/work/v2superbikeshed/Trikeshed/src/commonMain/kotlin/borg/trikeshed/reactor/Reactor.kt:510:43 Unresolved reference. None of the following candidates is applicable because of a receiver type mismatch:
fun <A, B> A.j(b: B): Join<A, B>
e: file:///Users/jim/work/v2superbikeshed/Trikeshed/src/commonMain/kotlin/borg/trikeshed/reactor/Reactor.kt:513:61 Unresolved reference 'CoroutineContext'.
e: file:///Users/jim/work/v2superbikeshed/Trikeshed/src/commonMain/kotlin/borg/trikeshed/reactor/Reactor.kt:513:109 Unresolved reference 'SocksIngressChannel'.
e: file:///Users/jim/work/v2superbikeshed/Trikeshed/src/commonMain/kotlin/borg/trikeshed/reactor/Reactor.kt:517:60 Unresolved reference 'CoroutineContext'.
e: file:///Users/jim/work/v2superbikeshed/Trikeshed/src/commonMain/kotlin/borg/trikeshed/reactor/Reactor.kt:517:108 Unresolved reference 'SocksEgressChannel'.
e: file:///Users/jim/work/v2superbikeshed/Trikeshed/src/commonMain/kotlin/borg/trikeshed/reactor/Reactor.kt:523:68 Unresolved reference 'CoroutineContext'.
e: file:///Users/jim/work/v2superbikeshed/Trikeshed/src/commonMain/kotlin/borg/trikeshed/reactor/Reactor.kt:524:21 Anonymous object cannot extend a sealed class.
e: file:///Users/jim/work/v2superbikeshed/Trikeshed/src/commonMain/kotlin/borg/trikeshed/reactor/Reactor.kt:524:21 This type has a constructor, so it must be initialized here.
e: file:///Users/jim/work/v2superbikeshed/Trikeshed/src/commonMain/kotlin/borg/trikeshed/reactor/Reactor.kt:525:9 'execute' overrides nothing.
e: file:///Users/jim/work/v2superbikeshed/Trikeshed/src/commonMain/kotlin/borg/trikeshed/reactor/Reactor.kt:535:67 Unresolved reference 'CoroutineContext'.
e: file:///Users/jim/work/v2superbikeshed/Trikeshed/src/commonMain/kotlin/borg/trikeshed/reactor/Reactor.kt:536:21 Anonymous object cannot extend a sealed class.
e: file:///Users/jim/work/v2superbikeshed/Trikeshed/src/commonMain/kotlin/borg/trikeshed/reactor/Reactor.kt:536:21 This type has a constructor, so it must be initialized here.
e: file:///Users/jim/work/v2superbikeshed/Trikeshed/src/commonMain/kotlin/borg/trikeshed/reactor/Reactor.kt:537:9 'execute' overrides nothing.
e: file:///Users/jim/work/v2superbikeshed/Trikeshed/src/commonMain/kotlin/borg/trikeshed/reactor/Reactor.kt:546:67 Unresolved reference 'CoroutineContext'.
e: file:///Users/jim/work/v2superbikeshed/Trikeshed/src/commonMain/kotlin/borg/trikeshed/reactor/Reactor.kt:547:21 Anonymous object cannot extend a sealed class.
e: file:///Users/jim/work/v2superbikeshed/Trikeshed/src/commonMain/kotlin/borg/trikeshed/reactor/Reactor.kt:547:21 This type has a constructor, so it must be initialized here.
e: file:///Users/jim/work/v2superbikeshed/Trikeshed/src/commonMain/kotlin/borg/trikeshed/reactor/Reactor.kt:548:9 'execute' overrides nothing.
e: file:///Users/jim/work/v2superbikeshed/Trikeshed/src/commonMain/kotlin/borg/trikeshed/reactor/Reactor.kt:554:63 Unresolved reference 'CoroutineContext'.
e: file:///Users/jim/work/v2superbikeshed/Trikeshed/src/commonMain/kotlin/borg/trikeshed/reactor/Reactor.kt:555:21 Anonymous object cannot extend a sealed class.
e: file:///Users/jim/work/v2superbikeshed/Trikeshed/src/commonMain/kotlin/borg/trikeshed/reactor/Reactor.kt:555:21 This type has a constructor, so it must be initialized here.
e: file:///Users/jim/work/v2superbikeshed/Trikeshed/src/commonMain/kotlin/borg/trikeshed/reactor/Reactor.kt:556:9 'execute' overrides nothing.
e: file:///Users/jim/work/v2superbikeshed/Trikeshed/src/commonMain/kotlin/borg/trikeshed/reactor/Reactor.kt:562:61 Unresolved reference 'CoroutineContext'.
e: file:///Users/jim/work/v2superbikeshed/Trikeshed/src/commonMain/kotlin/borg/trikeshed/reactor/Reactor.kt:563:21 Anonymous object cannot extend a sealed class.
e: file:///Users/jim/work/v2superbikeshed/Trikeshed/src/commonMain/kotlin/borg/trikeshed/reactor/Reactor.kt:563:21 This type has a constructor, so it must be initialized here.
e: file:///Users/jim/work/v2superbikeshed/Trikeshed/src/commonMain/kotlin/borg/trikeshed/reactor/Reactor.kt:564:9 'execute' overrides nothing.
e: file:///Users/jim/work/v2superbikeshed/Trikeshed/src/commonMain/kotlin/borg/trikeshed/reactor/Reactor.kt:570:63 Unresolved reference 'CoroutineContext'.
e: file:///Users/jim/work/v2superbikeshed/Trikeshed/src/commonMain/kotlin/borg/trikeshed/reactor/Reactor.kt:571:21 Anonymous object cannot extend a sealed class.
e: file:///Users/jim/work/v2superbikeshed/Trikeshed/src/commonMain/kotlin/borg/trikeshed/reactor/Reactor.kt:571:21 This type has a constructor, so it must be initialized here.
e: file:///Users/jim/work/v2superbikeshed/Trikeshed/src/commonMain/kotlin/borg/trikeshed/reactor/Reactor.kt:572:9 'execute' overrides nothing.
e: file:///Users/jim/work/v2superbikeshed/Trikeshed/src/commonMain/kotlin/borg/trikeshed/reactor/Reactor.kt:578:66 Unresolved reference 'CoroutineContext'.
e: file:///Users/jim/work/v2superbikeshed/Trikeshed/src/commonMain/kotlin/borg/trikeshed/reactor/Reactor.kt:579:21 Anonymous object cannot extend a sealed class.
e: file:///Users/jim/work/v2superbikeshed/Trikeshed/src/commonMain/kotlin/borg/trikeshed/reactor/Reactor.kt:579:21 This type has a constructor, so it must be initialized here.
e: file:///Users/jim/work/v2superbikeshed/Trikeshed/src/commonMain/kotlin/borg/trikeshed/reactor/Reactor.kt:580:9 'execute' overrides nothing.
e: file:///Users/jim/work/v2superbikeshed/Trikeshed/src/commonMain/kotlin/borg/trikeshed/reactor/Reactor.kt:586:63 Unresolved reference 'CoroutineContext'.
e: file:///Users/jim/work/v2superbikeshed/Trikeshed/src/commonMain/kotlin/borg/trikeshed/reactor/Reactor.kt:587:21 Anonymous object cannot extend a sealed class.
e: file:///Users/jim/work/v2superbikeshed/Trikeshed/src/commonMain/kotlin/borg/trikeshed/reactor/Reactor.kt:587:21 This type has a constructor, so it must be initialized here.
e: file:///Users/jim/work/v2superbikeshed/Trikeshed/src/commonMain/kotlin/borg/trikeshed/reactor/Reactor.kt:588:9 'execute' overrides nothing.
e: file:///Users/jim/work/v2superbikeshed/Trikeshed/src/commonMain/kotlin/borg/trikeshed/reactor/Reactor.kt:594:63 Unresolved reference 'CoroutineContext'.
e: file:///Users/jim/work/v2superbikeshed/Trikeshed/src/commonMain/kotlin/borg/trikeshed/reactor/Reactor.kt:595:21 Anonymous object cannot extend a sealed class.
e: file:///Users/jim/work/v2superbikeshed/Trikeshed/src/commonMain/kotlin/borg/trikeshed/reactor/Reactor.kt:595:21 This type has a constructor, so it must be initialized here.
e: file:///Users/jim/work/v2superbikeshed/Trikeshed/src/commonMain/kotlin/borg/trikeshed/reactor/Reactor.kt:596:9 'execute' overrides nothing.
e: file:///Users/jim/work/v2superbikeshed/Trikeshed/src/commonMain/kotlin/borg/trikeshed/reactor/Reactor.kt:602:64 Unresolved reference 'CoroutineContext'.
e: file:///Users/jim/work/v2superbikeshed/Trikeshed/src/commonMain/kotlin/borg/trikeshed/reactor/Reactor.kt:603:21 Anonymous object cannot extend a sealed class.
e: file:///Users/jim/work/v2superbikeshed/Trikeshed/src/commonMain/kotlin/borg/trikeshed/reactor/Reactor.kt:603:21 This type has a constructor, so it must be initialized here.
e: file:///Users/jim/work/v2superbikeshed/Trikeshed/src/commonMain/kotlin/borg/trikeshed/reactor/Reactor.kt:604:9 'execute' overrides nothing.
e: file:///Users/jim/work/v2superbikeshed/Trikeshed/src/commonMain/kotlin/borg/trikeshed/reactor/Reactor.kt:610:65 Unresolved reference 'CoroutineContext'.
e: file:///Users/jim/work/v2superbikeshed/Trikeshed/src/commonMain/kotlin/borg/trikeshed/reactor/Reactor.kt:611:21 Anonymous object cannot extend a sealed class.
e: file:///Users/jim/work/v2superbikeshed/Trikeshed/src/commonMain/kotlin/borg/trikeshed/reactor/Reactor.kt:611:21 This type has a constructor, so it must be initialized here.
e: file:///Users/jim/work/v2superbikeshed/Trikeshed/src/commonMain/kotlin/borg/trikeshed/reactor/Reactor.kt:612:9 'execute' overrides nothing.
e: file:///Users/jim/work/v2superbikeshed/Trikeshed/src/commonMain/kotlin/borg/trikeshed/reactor/Reactor.kt:618:63 Unresolved reference 'CoroutineContext'.
e: file:///Users/jim/work/v2superbikeshed/Trikeshed/src/commonMain/kotlin/borg/trikeshed/reactor/Reactor.kt:619:21 Anonymous object cannot extend a sealed class.
e: file:///Users/jim/work/v2superbikeshed/Trikeshed/src/commonMain/kotlin/borg/trikeshed/reactor/Reactor.kt:619:21 This type has a constructor, so it must be initialized here.
e: file:///Users/jim/work/v2superbikeshed/Trikeshed/src/commonMain/kotlin/borg/trikeshed/reactor/Reactor.kt:620:9 'execute' overrides nothing.
e: file:///Users/jim/work/v2superbikeshed/Trikeshed/src/commonMain/kotlin/borg/trikeshed/reactor/SelectableChannel.kt:30:11 Redeclaration:
actual interface ServerChannel : SelectableChannel
e: file:///Users/jim/work/v2superbikeshed/Trikeshed/src/commonMain/kotlin/borg/trikeshed/reactor/SelectableChannel.kt:35:11 Redeclaration:
actual class ClientChannel : Any
e: file:///Users/jim/work/v2superbikeshed/Trikeshed/src/commonMain/kotlin/borg/trikeshed/reactor/http/Http2ProxyReactor.kt:12:12 No type arguments expected for class Reactor : Any.
e: file:///Users/jim/work/v2superbikeshed/Trikeshed/src/commonMain/kotlin/borg/trikeshed/reactor/http/HttpChannel.kt:11:1 Class 'HttpChannel' is not abstract and does not implement abstract members:
actual fun configureBlocking(block: Boolean): SelectableChannel
actual fun isBlocking(): Boolean
e: file:///Users/jim/work/v2superbikeshed/Trikeshed/src/commonMain/kotlin/borg/trikeshed/reactor/http/HttpChannel.kt:16:39 Unresolved reference 'CoroutineContext'.
e: file:///Users/jim/work/v2superbikeshed/Trikeshed/src/commonMain/kotlin/borg/trikeshed/reactor/http/HttpChannel.kt:20:23 Assignment type mismatch: actual type is 'CoroutineContext', but 'CoroutineDispatcher' was expected.
e: file:///Users/jim/work/v2superbikeshed/Trikeshed/src/commonMain/kotlin/borg/trikeshed/reactor/http/HttpChannel.kt:24:23 Assignment type mismatch: actual type is 'CoroutineContext', but 'CoroutineDispatcher' was expected.
e: file:///Users/jim/work/v2superbikeshed/Trikeshed/src/commonMain/kotlin/borg/trikeshed/reactor/http/HttpChannel.kt:36:5 'register' overrides nothing.
e: file:///Users/jim/work/v2superbikeshed/Trikeshed/src/commonMain/kotlin/borg/trikeshed/reactor/http/HttpStateMachine.kt:4:36 Unresolved reference 'formatRfc1123'.
e: file:///Users/jim/work/v2superbikeshed/Trikeshed/src/commonMain/kotlin/borg/trikeshed/reactor/http/HttpStateMachine.kt:19:23 Function invocation 'OP_READ(...)' expected.
e: file:///Users/jim/work/v2superbikeshed/Trikeshed/src/commonMain/kotlin/borg/trikeshed/reactor/http/HttpStateMachine.kt:19:23 Return type mismatch: expected 'Join<Int, UnaryAsyncReaction>?', actual 'Join<Operation, Function0<Join<Int, UnaryAsyncReaction>?>>'.
e: file:///Users/jim/work/v2superbikeshed/Trikeshed/src/commonMain/kotlin/borg/trikeshed/reactor/http/HttpStateMachine.kt:30:62 None of the following candidates is applicable:
fun Array<out Byte>.toByteArray(): ByteArray
fun Collection<Byte>.toByteArray(): ByteArray
fun UByteArray.toByteArray(): ByteArray
fun ImmutableBlob.toByteArray(startIndex: Int = ..., endIndex: Int = ...): ByteArray
e: file:///Users/jim/work/v2superbikeshed/Trikeshed/src/commonMain/kotlin/borg/trikeshed/reactor/http/HttpStateMachine.kt:31:16 Function invocation 'OP_WRITE(...)' expected.
e: file:///Users/jim/work/v2superbikeshed/Trikeshed/src/commonMain/kotlin/borg/trikeshed/reactor/http/HttpStateMachine.kt:31:16 Return type mismatch: expected 'Join<Int, UnaryAsyncReaction>?', actual 'Join<Operation, Function1<Int, Join<Int, UnaryAsyncReaction>?>>'.
e: file:///Users/jim/work/v2superbikeshed/Trikeshed/src/commonMain/kotlin/borg/trikeshed/reactor/http/HttpStateMachine.kt:32:20 Unresolved reference 'write'.
e: file:///Users/jim/work/v2superbikeshed/Trikeshed/src/commonMain/kotlin/borg/trikeshed/reactor/http/HttpStateMachine.kt:45:23 Unresolved reference 'formatRfc1123'.
e: file:///Users/jim/work/v2superbikeshed/Trikeshed/src/commonMain/kotlin/borg/trikeshed/reactor/ipc/IpcChannel.kt:11:1 Class 'IpcChannel' is not abstract and does not implement abstract members:
actual fun configureBlocking(block: Boolean): SelectableChannel
actual fun isBlocking(): Boolean
e: file:///Users/jim/work/v2superbikeshed/Trikeshed/src/commonMain/kotlin/borg/trikeshed/reactor/ipc/IpcChannel.kt:16:38 Unresolved reference 'CoroutineContext'.
e: file:///Users/jim/work/v2superbikeshed/Trikeshed/src/commonMain/kotlin/borg/trikeshed/reactor/ipc/IpcChannel.kt:20:23 Assignment type mismatch: actual type is 'CoroutineContext', but 'CoroutineDispatcher' was expected.
e: file:///Users/jim/work/v2superbikeshed/Trikeshed/src/commonMain/kotlin/borg/trikeshed/reactor/ipc/IpcChannel.kt:24:23 Assignment type mismatch: actual type is 'CoroutineContext', but 'CoroutineDispatcher' was expected.
e: file:///Users/jim/work/v2superbikeshed/Trikeshed/src/commonMain/kotlin/borg/trikeshed/reactor/ipc/IpcChannel.kt:36:5 'register' overrides nothing.
e: file:///Users/jim/work/v2superbikeshed/Trikeshed/src/commonMain/kotlin/borg/trikeshed/reactor/ipc/IpcRouter.kt:10:12 No type arguments expected for class Reactor : Any.
e: file:///Users/jim/work/v2superbikeshed/Trikeshed/src/commonMain/kotlin/borg/trikeshed/reactor/quic/QuicChannel.kt:11:1 Class 'QuicChannel' is not abstract and does not implement abstract members:
actual fun configureBlocking(block: Boolean): SelectableChannel
actual fun isBlocking(): Boolean
e: file:///Users/jim/work/v2superbikeshed/Trikeshed/src/commonMain/kotlin/borg/trikeshed/reactor/quic/QuicChannel.kt:16:39 Unresolved reference 'CoroutineContext'.
e: file:///Users/jim/work/v2superbikeshed/Trikeshed/src/commonMain/kotlin/borg/trikeshed/reactor/quic/QuicChannel.kt:20:23 Assignment type mismatch: actual type is 'CoroutineContext', but 'CoroutineDispatcher' was expected.
e: file:///Users/jim/work/v2superbikeshed/Trikeshed/src/commonMain/kotlin/borg/trikeshed/reactor/quic/QuicChannel.kt:24:23 Assignment type mismatch: actual type is 'CoroutineContext', but 'CoroutineDispatcher' was expected.
e: file:///Users/jim/work/v2superbikeshed/Trikeshed/src/commonMain/kotlin/borg/trikeshed/reactor/quic/QuicChannel.kt:36:5 'register' overrides nothing.
e: file:///Users/jim/work/v2superbikeshed/Trikeshed/src/commonMain/kotlin/borg/trikeshed/reactor/quic/QuicDsl.kt:30:5 Cannot infer type for this parameter. Specify it explicitly.
e: file:///Users/jim/work/v2superbikeshed/Trikeshed/src/commonMain/kotlin/borg/trikeshed/reactor/quic/QuicDsl.kt:31:9 Interface 'interface QuicServer : Any' does not have constructors.
e: file:///Users/jim/work/v2superbikeshed/Trikeshed/src/commonMain/kotlin/borg/trikeshed/reactor/quic/QuicDsl.kt:31:28 Unresolved reference 'start'.
e: file:///Users/jim/work/v2superbikeshed/Trikeshed/src/commonMain/kotlin/borg/trikeshed/reactor/quic/QuicServer.kt:4:27 Unresolved reference 's_'.
e: file:///Users/jim/work/v2superbikeshed/Trikeshed/src/commonMain/kotlin/borg/trikeshed/reactor/quic/QuicServer.kt:9:8 Unresolved reference 'java'.
e: file:///Users/jim/work/v2superbikeshed/Trikeshed/src/commonMain/kotlin/borg/trikeshed/reactor/quic/QuicServer.kt:10:8 Unresolved reference 'java'.
e: file:///Users/jim/work/v2superbikeshed/Trikeshed/src/commonMain/kotlin/borg/trikeshed/reactor/quic/QuicServer.kt:11:8 Unresolved reference 'java'.
e: file:///Users/jim/work/v2superbikeshed/Trikeshed/src/commonMain/kotlin/borg/trikeshed/reactor/quic/QuicServer.kt:22:11 Redeclaration:
class QuicServer : Any
e: file:///Users/jim/work/v2superbikeshed/Trikeshed/src/commonMain/kotlin/borg/trikeshed/reactor/quic/QuicServer.kt:28:7 Redeclaration:
interface QuicServer : Any
e: file:///Users/jim/work/v2superbikeshed/Trikeshed/src/commonMain/kotlin/borg/trikeshed/reactor/quic/QuicServer.kt:31:23 Unresolved reference 'DatagramChannel'.
e: file:///Users/jim/work/v2superbikeshed/Trikeshed/src/commonMain/kotlin/borg/trikeshed/reactor/quic/QuicServer.kt:33:22 Unresolved reference 'InetSocketAddress'.
e: file:///Users/jim/work/v2superbikeshed/Trikeshed/src/commonMain/kotlin/borg/trikeshed/reactor/quic/QuicServer.kt:33:40 Unresolved reference 'config'.
e: file:///Users/jim/work/v2superbikeshed/Trikeshed/src/commonMain/kotlin/borg/trikeshed/reactor/quic/QuicServer.kt:33:53 Unresolved reference 'config'.
e: file:///Users/jim/work/v2superbikeshed/Trikeshed/src/commonMain/kotlin/borg/trikeshed/reactor/quic/QuicServer.kt:35:48 Unresolved reference 'config'.
e: file:///Users/jim/work/v2superbikeshed/Trikeshed/src/commonMain/kotlin/borg/trikeshed/reactor/quic/QuicServer.kt:37:40 Unresolved reference 'InetSocketAddress'.
e: file:///Users/jim/work/v2superbikeshed/Trikeshed/src/commonMain/kotlin/borg/trikeshed/reactor/quic/QuicServer.kt:40:37 Unresolved reference 'allocate'.
e: file:///Users/jim/work/v2superbikeshed/Trikeshed/src/commonMain/kotlin/borg/trikeshed/reactor/quic/QuicServer.kt:40:46 Unresolved reference 'config'.
e: file:///Users/jim/work/v2superbikeshed/Trikeshed/src/commonMain/kotlin/borg/trikeshed/reactor/quic/QuicServer.kt:41:61 Unresolved reference 'InetSocketAddress'.
e: file:///Users/jim/work/v2superbikeshed/Trikeshed/src/commonMain/kotlin/borg/trikeshed/reactor/quic/QuicServer.kt:46:60 Unresolved reference 'config'.
e: file:///Users/jim/work/v2superbikeshed/Trikeshed/src/commonMain/kotlin/borg/trikeshed/reactor/quic/QuicServer.kt:56:32 Unresolved reference 'InetSocketAddress'.
e: file:///Users/jim/work/v2superbikeshed/Trikeshed/src/commonMain/kotlin/borg/trikeshed/reactor/quic/QuicServer.kt:57:26 Unresolved reference 'DatagramChannel'.
e: file:///Users/jim/work/v2superbikeshed/Trikeshed/src/commonMain/kotlin/borg/trikeshed/reactor/quic/QuicServer.kt:76:17 Unresolved reference 'send'.
e: file:///Users/jim/work/v2superbikeshed/Trikeshed/src/commonMain/kotlin/borg/trikeshed/reactor/quic/QuicServer.kt:92:31 Unresolved reference 'allocate'.
e: file:///Users/jim/work/v2superbikeshed/Trikeshed/src/commonMain/kotlin/borg/trikeshed/reactor/quic/QuicServer.kt:107:35 Unresolved reference 's_'.
e: file:///Users/jim/work/v2superbikeshed/Trikeshed/src/commonMain/kotlin/borg/trikeshed/reactor/quic/QuicServer.kt:113:46 Unresolved reference 'wrap'.
e: file:///Users/jim/work/v2superbikeshed/Trikeshed/src/commonMain/kotlin/borg/trikeshed/reactor/socks/Socks5Demo.kt:33:9 Unresolved reference 'Socks5Evolution'.
e: file:///Users/jim/work/v2superbikeshed/Trikeshed/src/commonMain/kotlin/borg/trikeshed/reactor/socks/Socks5Demo.kt:44:54 Overload resolution ambiguity between candidates:
fun ByteArray.toIndexed(): Join<Int, Function1<Int, Byte>>
fun <T> Any.toIndexed(): Join<Int, Function1<Int, T>>
fun ByteArray.toIndexed(): Join<Int, Function1<Int, Byte>>
e: file:///Users/jim/work/v2superbikeshed/Trikeshed/src/commonMain/kotlin/borg/trikeshed/reactor/socks/Socks5Demo.kt:46:23 Unresolved reference 'Socks5Evolution'.
e: file:///Users/jim/work/v2superbikeshed/Trikeshed/src/commonMain/kotlin/borg/trikeshed/reactor/socks/Socks5Demo.kt:49:44 Unresolved reference 'format'.
e: file:///Users/jim/work/v2superbikeshed/Trikeshed/src/commonMain/kotlin/borg/trikeshed/reactor/socks/Socks5Demo.kt:49:59 Unresolved reference 'version'.
e: file:///Users/jim/work/v2superbikeshed/Trikeshed/src/commonMain/kotlin/borg/trikeshed/reactor/socks/Socks5Demo.kt:50:46 Unresolved reference 'methods'.
e: file:///Users/jim/work/v2superbikeshed/Trikeshed/src/commonMain/kotlin/borg/trikeshed/reactor/socks/Socks5Demo.kt:51:49 Unresolved reference 'scanCount'.
e: file:///Users/jim/work/v2superbikeshed/Trikeshed/src/commonMain/kotlin/borg/trikeshed/reactor/socks/Socks5Demo.kt:53:28 Unresolved reference 'Socks5Evolution'.
e: file:///Users/jim/work/v2superbikeshed/Trikeshed/src/commonMain/kotlin/borg/trikeshed/reactor/socks/Socks5Demo.kt:53:68 Unresolved reference 'Socks5Evolution'.
e: file:///Users/jim/work/v2superbikeshed/Trikeshed/src/commonMain/kotlin/borg/trikeshed/reactor/socks/Socks5Demo.kt:70:52 Overload resolution ambiguity between candidates:
fun ByteArray.toIndexed(): Join<Int, Function1<Int, Byte>>
fun <T> Any.toIndexed(): Join<Int, Function1<Int, T>>
fun ByteArray.toIndexed(): Join<Int, Function1<Int, Byte>>
e: file:///Users/jim/work/v2superbikeshed/Trikeshed/src/commonMain/kotlin/borg/trikeshed/reactor/socks/Socks5Demo.kt:72:23 Unresolved reference 'Socks5Evolution'.
e: file:///Users/jim/work/v2superbikeshed/Trikeshed/src/commonMain/kotlin/borg/trikeshed/reactor/socks/Socks5Demo.kt:75:44 Unresolved reference 'format'.
e: file:///Users/jim/work/v2superbikeshed/Trikeshed/src/commonMain/kotlin/borg/trikeshed/reactor/socks/Socks5Demo.kt:75:59 Unresolved reference 'version'.
e: file:///Users/jim/work/v2superbikeshed/Trikeshed/src/commonMain/kotlin/borg/trikeshed/reactor/socks/Socks5Demo.kt:76:69 Unresolved reference 'command'.
e: file:///Users/jim/work/v2superbikeshed/Trikeshed/src/commonMain/kotlin/borg/trikeshed/reactor/socks/Socks5Demo.kt:76:81 Unresolved reference 'format'.
e: file:///Users/jim/work/v2superbikeshed/Trikeshed/src/commonMain/kotlin/borg/trikeshed/reactor/socks/Socks5Demo.kt:76:96 Unresolved reference 'command'.
e: file:///Users/jim/work/v2superbikeshed/Trikeshed/src/commonMain/kotlin/borg/trikeshed/reactor/socks/Socks5Demo.kt:77:78 Unresolved reference 'addressType'.
e: file:///Users/jim/work/v2superbikeshed/Trikeshed/src/commonMain/kotlin/borg/trikeshed/reactor/socks/Socks5Demo.kt:77:94 Unresolved reference 'format'.
e: file:///Users/jim/work/v2superbikeshed/Trikeshed/src/commonMain/kotlin/borg/trikeshed/reactor/socks/Socks5Demo.kt:77:109 Unresolved reference 'addressType'.
e: file:///Users/jim/work/v2superbikeshed/Trikeshed/src/commonMain/kotlin/borg/trikeshed/reactor/socks/Socks5Demo.kt:78:50 Unresolved reference 'destinationAddress'.
e: file:///Users/jim/work/v2superbikeshed/Trikeshed/src/commonMain/kotlin/borg/trikeshed/reactor/socks/Socks5Demo.kt:78:94 Unresolved reference 'destinationPort'.
e: file:///Users/jim/work/v2superbikeshed/Trikeshed/src/commonMain/kotlin/borg/trikeshed/reactor/socks/Socks5Demo.kt:79:49 Unresolved reference 'scanCount'.
e: file:///Users/jim/work/v2superbikeshed/Trikeshed/src/commonMain/kotlin/borg/trikeshed/reactor/socks/Socks5Demo.kt:81:28 Unresolved reference 'Socks5Evolution'.
e: file:///Users/jim/work/v2superbikeshed/Trikeshed/src/commonMain/kotlin/borg/trikeshed/reactor/socks/Socks5Demo.kt:82:25 Unresolved reference 'Socks5Evolution'.
e: file:///Users/jim/work/v2superbikeshed/Trikeshed/src/commonMain/kotlin/borg/trikeshed/reactor/socks/Socks5Demo.kt:83:39 Unresolved reference 'addressType'.
e: file:///Users/jim/work/v2superbikeshed/Trikeshed/src/commonMain/kotlin/borg/trikeshed/reactor/socks/Socks5Demo.kt:84:40 Unresolved reference 'destinationAddress'.
e: file:///Users/jim/work/v2superbikeshed/Trikeshed/src/commonMain/kotlin/borg/trikeshed/reactor/socks/Socks5Demo.kt:85:37 Unresolved reference 'destinationPort'.
e: file:///Users/jim/work/v2superbikeshed/Trikeshed/src/commonMain/kotlin/borg/trikeshed/reactor/socks/Socks5Demo.kt:103:63 Overload resolution ambiguity between candidates:
fun ByteArray.toIndexed(): Join<Int, Function1<Int, Byte>>
fun <T> Any.toIndexed(): Join<Int, Function1<Int, T>>
fun ByteArray.toIndexed(): Join<Int, Function1<Int, Byte>>
e: file:///Users/jim/work/v2superbikeshed/Trikeshed/src/commonMain/kotlin/borg/trikeshed/reactor/socks/Socks5Demo.kt:105:32 Unresolved reference 'Socks5Evolution'.
e: file:///Users/jim/work/v2superbikeshed/Trikeshed/src/commonMain/kotlin/borg/trikeshed/reactor/socks/Socks5Demo.kt:107:44 Unresolved reference 'scanCount'.
e: file:///Users/jim/work/v2superbikeshed/Trikeshed/src/commonMain/kotlin/borg/trikeshed/reactor/socks/Socks5Demo.kt:108:65 Unresolved reference 'scanCount'.
e: file:///Users/jim/work/v2superbikeshed/Trikeshed/src/commonMain/kotlin/borg/trikeshed/reactor/socks/Socks5Demo.kt:110:37 Unresolved reference 'Socks5Evolution'.
e: file:///Users/jim/work/v2superbikeshed/Trikeshed/src/commonMain/kotlin/borg/trikeshed/reactor/socks/Socks5Demo.kt:110:77 Unresolved reference 'Socks5Evolution'.
e: file:///Users/jim/work/v2superbikeshed/Trikeshed/src/commonMain/kotlin/borg/trikeshed/reactor/socks/Socks5Demo.kt:121:59 Overload resolution ambiguity between candidates:
fun ByteArray.toIndexed(): Join<Int, Function1<Int, Byte>>
fun <T> Any.toIndexed(): Join<Int, Function1<Int, T>>
fun ByteArray.toIndexed(): Join<Int, Function1<Int, Byte>>
e: file:///Users/jim/work/v2superbikeshed/Trikeshed/src/commonMain/kotlin/borg/trikeshed/reactor/socks/Socks5Demo.kt:123:28 Unresolved reference 'Socks5Evolution'.
e: file:///Users/jim/work/v2superbikeshed/Trikeshed/src/commonMain/kotlin/borg/trikeshed/reactor/socks/Socks5Demo.kt:125:40 Unresolved reference 'scanCount'.
e: file:///Users/jim/work/v2superbikeshed/Trikeshed/src/commonMain/kotlin/borg/trikeshed/reactor/socks/Socks5Demo.kt:126:57 Unresolved reference 'scanCount'.
e: file:///Users/jim/work/v2superbikeshed/Trikeshed/src/commonMain/kotlin/borg/trikeshed/reactor/socks/Socks5Demo.kt:128:33 Unresolved reference 'Socks5Evolution'.
e: file:///Users/jim/work/v2superbikeshed/Trikeshed/src/commonMain/kotlin/borg/trikeshed/reactor/socks/Socks5Demo.kt:129:25 Unresolved reference 'Socks5Evolution'.
e: file:///Users/jim/work/v2superbikeshed/Trikeshed/src/commonMain/kotlin/borg/trikeshed/reactor/socks/Socks5Demo.kt:130:44 Unresolved reference 'addressType'.
e: file:///Users/jim/work/v2superbikeshed/Trikeshed/src/commonMain/kotlin/borg/trikeshed/reactor/socks/Socks5Demo.kt:131:45 Unresolved reference 'destinationAddress'.
e: file:///Users/jim/work/v2superbikeshed/Trikeshed/src/commonMain/kotlin/borg/trikeshed/reactor/socks/Socks5Demo.kt:132:42 Unresolved reference 'destinationPort'.
e: file:///Users/jim/work/v2superbikeshed/Trikeshed/src/commonMain/kotlin/borg/trikeshed/reactor/socks/Socks5Demo.kt:176:67 Unresolved reference 'format'.
e: file:///Users/jim/work/v2superbikeshed/Trikeshed/src/commonMain/kotlin/borg/trikeshed/reactor/socks/Socks5Demo.kt:178:45 Overload resolution ambiguity between candidates:
fun ByteArray.toIndexed(): Join<Int, Function1<Int, Byte>>
fun <T> Any.toIndexed(): Join<Int, Function1<Int, T>>
fun ByteArray.toIndexed(): Join<Int, Function1<Int, Byte>>
e: file:///Users/jim/work/v2superbikeshed/Trikeshed/src/commonMain/kotlin/borg/trikeshed/reactor/socks/Socks5Demo.kt:179:23 Unresolved reference 'Socks5Evolution'.
e: file:///Users/jim/work/v2superbikeshed/Trikeshed/src/commonMain/kotlin/borg/trikeshed/reactor/socks/Socks5Demo.kt:182:41 Unresolved reference 'addressType'.
e: file:///Users/jim/work/v2superbikeshed/Trikeshed/src/commonMain/kotlin/borg/trikeshed/reactor/socks/Socks5Demo.kt:183:17 Unresolved reference 'Socks5Evolution'.
e: file:///Users/jim/work/v2superbikeshed/Trikeshed/src/commonMain/kotlin/borg/trikeshed/reactor/socks/Socks5Demo.kt:183:54 Unresolved reference 'destinationAddress'.
e: file:///Users/jim/work/v2superbikeshed/Trikeshed/src/commonMain/kotlin/borg/trikeshed/reactor/socks/Socks5Demo.kt:184:17 Unresolved reference 'Socks5Evolution'.
e: file:///Users/jim/work/v2superbikeshed/Trikeshed/src/commonMain/kotlin/borg/trikeshed/reactor/socks/Socks5Demo.kt:184:56 Unresolved reference 'destinationAddress'.
e: file:///Users/jim/work/v2superbikeshed/Trikeshed/src/commonMain/kotlin/borg/trikeshed/reactor/socks/Socks5Demo.kt:185:17 Unresolved reference 'Socks5Evolution'.
e: file:///Users/jim/work/v2superbikeshed/Trikeshed/src/commonMain/kotlin/borg/trikeshed/reactor/socks/Socks5Demo.kt:185:54 Unresolved reference 'destinationAddress'.
e: file:///Users/jim/work/v2superbikeshed/Trikeshed/src/commonMain/kotlin/borg/trikeshed/reactor/socks/Socks5Demo.kt:188:54 Unresolved reference 'destinationPort'.
e: file:///Users/jim/work/v2superbikeshed/Trikeshed/src/commonMain/kotlin/borg/trikeshed/reactor/socks/Socks5Demo.kt:188:82 Unresolved reference 'scanCount'.
e: file:///Users/jim/work/v2superbikeshed/Trikeshed/src/commonMain/kotlin/borg/trikeshed/reactor/socks/Socks5Demo.kt:196:13 Unresolved reference 'Socks5Evolution'.
e: file:///Users/jim/work/v2superbikeshed/Trikeshed/src/commonMain/kotlin/borg/trikeshed/reactor/socks/Socks5Demo.kt:197:13 Unresolved reference 'Socks5Evolution'.
e: file:///Users/jim/work/v2superbikeshed/Trikeshed/src/commonMain/kotlin/borg/trikeshed/reactor/socks/Socks5Demo.kt:198:13 Unresolved reference 'Socks5Evolution'.
e: file:///Users/jim/work/v2superbikeshed/Trikeshed/src/commonMain/kotlin/borg/trikeshed/reactor/socks/Socks5Demo.kt:205:13 Unresolved reference 'Socks5Evolution'.
e: file:///Users/jim/work/v2superbikeshed/Trikeshed/src/commonMain/kotlin/borg/trikeshed/reactor/socks/Socks5Demo.kt:206:13 Unresolved reference 'Socks5Evolution'.
e: file:///Users/jim/work/v2superbikeshed/Trikeshed/src/commonMain/kotlin/borg/trikeshed/reactor/socks/Socks5Demo.kt:207:13 Unresolved reference 'Socks5Evolution'.
e: file:///Users/jim/work/v2superbikeshed/Trikeshed/src/commonMain/kotlin/borg/trikeshed/reactor/socks/Socks5Demo.kt:218:20 Unresolved reference 'Socks5Evolution'.
e: file:///Users/jim/work/v2superbikeshed/Trikeshed/src/commonMain/kotlin/borg/trikeshed/reactor/socks/Socks5Demo.kt:218:49 Unresolved reference 'Socks5Evolution'.
e: file:///Users/jim/work/v2superbikeshed/Trikeshed/src/commonMain/kotlin/borg/trikeshed/reactor/socks/Socks5Demo.kt:219:36 Unresolved reference 'Socks5Evolution'.
e: file:///Users/jim/work/v2superbikeshed/Trikeshed/src/commonMain/kotlin/borg/trikeshed/reactor/socks/Socks5Demo.kt:220:22 Unresolved reference 'Socks5Evolution'.
e: file:///Users/jim/work/v2superbikeshed/Trikeshed/src/commonMain/kotlin/borg/trikeshed/reactor/socks/Socks5Recursive.kt:221:25 Cannot infer type for this parameter. Specify it explicitly.
e: file:///Users/jim/work/v2superbikeshed/Trikeshed/src/commonMain/kotlin/borg/trikeshed/reactor/socks/Socks5Recursive.kt:221:25 Not enough information to infer type argument for 'B'.
e: file:///Users/jim/work/v2superbikeshed/Trikeshed/src/commonMain/kotlin/borg/trikeshed/reactor/socks/Socks5Recursive.kt:221:29 Cannot infer type for this parameter. Specify it explicitly.
e: file:///Users/jim/work/v2superbikeshed/Trikeshed/src/commonMain/kotlin/borg/trikeshed/reactor/socks/Socks5Recursive.kt:223:16 Cannot infer type for this parameter. Specify it explicitly.
e: file:///Users/jim/work/v2superbikeshed/Trikeshed/src/commonMain/kotlin/borg/trikeshed/reactor/socks/Socks5Recursive.kt:223:16 Not enough information to infer type argument for 'A'.
e: file:///Users/jim/work/v2superbikeshed/Trikeshed/src/commonMain/kotlin/borg/trikeshed/reactor/socks/Socks5Recursive.kt:266:28 Cannot infer type for this parameter. Specify it explicitly.
e: file:///Users/jim/work/v2superbikeshed/Trikeshed/src/commonMain/kotlin/borg/trikeshed/reactor/socks/Socks5Recursive.kt:266:28 Unresolved reference. None of the following candidates is applicable because of a receiver type mismatch:
fun <T> Join<Int, Function1<Int, Join<Any?, TypeMemento>>>.get(column: Column<T>): T?
e: file:///Users/jim/work/v2superbikeshed/Trikeshed/src/commonMain/kotlin/borg/trikeshed/reactor/socks/Socks5Recursive.kt:267:36 Unresolved reference 'scanCount'.
e: file:///Users/jim/work/v2superbikeshed/Trikeshed/src/commonMain/kotlin/borg/trikeshed/reactor/socks/Socks5Recursive.kt:341:56 Unresolved reference 'format'.
e: file:///Users/jim/work/v2superbikeshed/Trikeshed/src/commonMain/kotlin/borg/trikeshed/reactor/socks/Socks5Recursive.kt:369:54 Overload resolution ambiguity between candidates:
fun ByteArray.toIndexed(): Join<Int, Function1<Int, Byte>>
fun <T> Any.toIndexed(): Join<Int, Function1<Int, T>>
fun ByteArray.toIndexed(): Join<Int, Function1<Int, Byte>>
e: file:///Users/jim/work/v2superbikeshed/Trikeshed/src/commonMain/kotlin/borg/trikeshed/reactor/socks/Socks5Recursive.kt:388:63 Overload resolution ambiguity between candidates:
fun ByteArray.toIndexed(): Join<Int, Function1<Int, Byte>>
fun <T> Any.toIndexed(): Join<Int, Function1<Int, T>>
fun ByteArray.toIndexed(): Join<Int, Function1<Int, Byte>>
e: file:///Users/jim/work/v2superbikeshed/Trikeshed/src/commonMain/kotlin/borg/trikeshed/reactor/socks/Socks5Recursive.kt:393:59 Overload resolution ambiguity between candidates:
fun ByteArray.toIndexed(): Join<Int, Function1<Int, Byte>>
fun <T> Any.toIndexed(): Join<Int, Function1<Int, T>>
fun ByteArray.toIndexed(): Join<Int, Function1<Int, Byte>>
e: file:///Users/jim/work/v2superbikeshed/Trikeshed/src/commonMain/kotlin/borg/trikeshed/reactor/socks/Socks5Recursive.kt:405:76 Overload resolution ambiguity between candidates:
fun ByteArray.toIndexed(): Join<Int, Function1<Int, Byte>>
fun <T> Any.toIndexed(): Join<Int, Function1<Int, T>>
fun ByteArray.toIndexed(): Join<Int, Function1<Int, Byte>>
e: file:///Users/jim/work/v2superbikeshed/Trikeshed/src/commonMain/kotlin/borg/trikeshed/reactor/socks/Socks5Simple.kt:33:35 Cannot infer type for this parameter. Specify it explicitly.
e: file:///Users/jim/work/v2superbikeshed/Trikeshed/src/commonMain/kotlin/borg/trikeshed/reactor/socks/Socks5Simple.kt:33:35 Not enough information to infer type argument for 'B'.
e: file:///Users/jim/work/v2superbikeshed/Trikeshed/src/commonMain/kotlin/borg/trikeshed/reactor/socks/Socks5Simple.kt:33:39 Cannot infer type for this parameter. Specify it explicitly.
e: file:///Users/jim/work/v2superbikeshed/Trikeshed/src/commonMain/kotlin/borg/trikeshed/reactor/socks/Socks5Simple.kt:55:33 Cannot infer type for this parameter. Specify it explicitly.
e: file:///Users/jim/work/v2superbikeshed/Trikeshed/src/commonMain/kotlin/borg/trikeshed/reactor/socks/Socks5Simple.kt:55:33 Not enough information to infer type argument for 'B'.
e: file:///Users/jim/work/v2superbikeshed/Trikeshed/src/commonMain/kotlin/borg/trikeshed/reactor/socks/Socks5Simple.kt:55:37 Cannot infer type for this parameter. Specify it explicitly.
e: file:///Users/jim/work/v2superbikeshed/Trikeshed/src/commonMain/kotlin/borg/trikeshed/reactor/socks/Socks5Simple.kt:95:27 Argument type mismatch: actual type is 'Byte', but 'K (of fun <K> WHEN_CALL)' was expected.
e: file:///Users/jim/work/v2superbikeshed/Trikeshed/src/commonMain/kotlin/borg/trikeshed/reactor/socks/Socks5Simple.kt:96:27 Argument type mismatch: actual type is 'Byte', but 'K (of fun <K> WHEN_CALL)' was expected.
e: file:///Users/jim/work/v2superbikeshed/Trikeshed/src/commonMain/kotlin/borg/trikeshed/reactor/socks/Socks5Simple.kt:97:27 Argument type mismatch: actual type is 'Int', but 'K (of fun <K> WHEN_CALL)' was expected.
e: file:///Users/jim/work/v2superbikeshed/Trikeshed/src/commonMain/kotlin/borg/trikeshed/reactor/socks/Socks5Simple.kt:98:27 Argument type mismatch: actual type is 'Byte', but 'K (of fun <K> WHEN_CALL)' was expected.
e: file:///Users/jim/work/v2superbikeshed/Trikeshed/src/commonMain/kotlin/borg/trikeshed/reactor/socks/Socks5Simple.kt:99:49 Argument type mismatch: actual type is 'T? (of fun <T> Join<Int, Function1<Int, Join<Any?, TypeMemento>>>.get)', but 'K (of fun <K> WHEN_CALL)' was expected.
e: file:///Users/jim/work/v2superbikeshed/Trikeshed/src/commonMain/kotlin/borg/trikeshed/reactor/socks/Socks5Simple.kt:99:49 Argument type mismatch: actual type is 'Join<Int, Function1<Int, Join<Any?, TypeMemento>>>', but 'Join<Int, Function1<Int, Byte>>' was expected.
e: file:///Users/jim/work/v2superbikeshed/Trikeshed/src/commonMain/kotlin/borg/trikeshed/reactor/socks/Socks5Simple.kt:99:49 Cannot infer type for this parameter. Specify it explicitly.
e: file:///Users/jim/work/v2superbikeshed/Trikeshed/src/commonMain/kotlin/borg/trikeshed/reactor/socks/Socks5Simple.kt:99:49 Unresolved reference. None of the following candidates is applicable because of a receiver type mismatch:
fun <T> Join<Int, Function1<Int, Join<Any?, TypeMemento>>>.get(column: Column<T>): T?
e: file:///Users/jim/work/v2superbikeshed/Trikeshed/src/commonMain/kotlin/borg/trikeshed/reactor/socks/Socks5Simple.kt:102:21 Argument type mismatch: actual type is 'Byte', but 'K (of fun <K> WHEN_CALL)' was expected.
e: file:///Users/jim/work/v2superbikeshed/Trikeshed/src/commonMain/kotlin/borg/trikeshed/reactor/socks/Socks5Simple.kt:126:56 Unresolved reference 'format'.
e: file:///Users/jim/work/v2superbikeshed/Trikeshed/src/commonMain/kotlin/borg/trikeshed/reactor/socks/Socks5Simple.kt:172:54 Overload resolution ambiguity between candidates:
fun ByteArray.toIndexed(): Join<Int, Function1<Int, Byte>>
fun <T> Any.toIndexed(): Join<Int, Function1<Int, T>>
fun ByteArray.toIndexed(): Join<Int, Function1<Int, Byte>>
e: file:///Users/jim/work/v2superbikeshed/Trikeshed/src/commonMain/kotlin/borg/trikeshed/reactor/socks/Socks5Simple.kt:177:44 Unresolved reference 'format'.
e: file:///Users/jim/work/v2superbikeshed/Trikeshed/src/commonMain/kotlin/borg/trikeshed/reactor/socks/Socks5Simple.kt:195:52 Overload resolution ambiguity between candidates:
fun ByteArray.toIndexed(): Join<Int, Function1<Int, Byte>>
fun <T> Any.toIndexed(): Join<Int, Function1<Int, T>>
fun ByteArray.toIndexed(): Join<Int, Function1<Int, Byte>>
e: file:///Users/jim/work/v2superbikeshed/Trikeshed/src/commonMain/kotlin/borg/trikeshed/reactor/socks/Socks5Simple.kt:200:44 Unresolved reference 'format'.
e: file:///Users/jim/work/v2superbikeshed/Trikeshed/src/commonMain/kotlin/borg/trikeshed/reactor/socks/Socks5Simple.kt:201:54 Unresolved reference 'format'.
e: file:///Users/jim/work/v2superbikeshed/Trikeshed/src/commonMain/kotlin/borg/trikeshed/reactor/socks/Socks5Simple.kt:202:56 Unresolved reference 'format'.
e: file:///Users/jim/work/v2superbikeshed/Trikeshed/src/commonMain/kotlin/borg/trikeshed/reactor/socks/Socks5Simple.kt:223:63 Overload resolution ambiguity between candidates:
fun ByteArray.toIndexed(): Join<Int, Function1<Int, Byte>>
fun <T> Any.toIndexed(): Join<Int, Function1<Int, T>>
fun ByteArray.toIndexed(): Join<Int, Function1<Int, Byte>>
e: file:///Users/jim/work/v2superbikeshed/Trikeshed/src/commonMain/kotlin/borg/trikeshed/reactor/socks/Socks5Simple.kt:237:59 Overload resolution ambiguity between candidates:
fun ByteArray.toIndexed(): Join<Int, Function1<Int, Byte>>
fun <T> Any.toIndexed(): Join<Int, Function1<Int, T>>
fun ByteArray.toIndexed(): Join<Int, Function1<Int, Byte>>
e: file:///Users/jim/work/v2superbikeshed/Trikeshed/src/commonMain/kotlin/borg/trikeshed/reactor/socks/Socks5Simple.kt:256:21 Not enough information to infer type argument for 'K'.
e: file:///Users/jim/work/v2superbikeshed/Trikeshed/src/commonMain/kotlin/borg/trikeshed/reactor/socks/Socks5Simple.kt:257:41 Cannot infer type for this parameter. Specify it explicitly.
e: file:///Users/jim/work/v2superbikeshed/Trikeshed/src/commonMain/kotlin/borg/trikeshed/reactor/socks/Socks5Simple.kt:257:41 Not enough information to infer type argument for 'B'.
e: file:///Users/jim/work/v2superbikeshed/Trikeshed/src/commonMain/kotlin/borg/trikeshed/reactor/socks/Socks5Simple.kt:257:45 Cannot infer type for this parameter. Specify it explicitly.
e: file:///Users/jim/work/v2superbikeshed/Trikeshed/src/commonMain/kotlin/borg/trikeshed/reactor/socks/Socks5Simple.kt:261:33 Cannot infer type for this parameter. Specify it explicitly.
e: file:///Users/jim/work/v2superbikeshed/Trikeshed/src/commonMain/kotlin/borg/trikeshed/reactor/socks/Socks5Simple.kt:261:33 Not enough information to infer type argument for 'A'.
e: file:///Users/jim/work/v2superbikeshed/Trikeshed/src/commonMain/kotlin/borg/trikeshed/reactor/socks/Socks5Simple.kt:264:17 Unresolved reference 'ATYP_DOMAINNAME'.
e: file:///Users/jim/work/v2superbikeshed/Trikeshed/src/commonMain/kotlin/borg/trikeshed/reactor/socks/Socks5Simple.kt:267:25 Not enough information to infer type argument for 'K'.
e: file:///Users/jim/work/v2superbikeshed/Trikeshed/src/commonMain/kotlin/borg/trikeshed/reactor/socks/Socks5Simple.kt:268:55 Cannot infer type for this parameter. Specify it explicitly.
e: file:///Users/jim/work/v2superbikeshed/Trikeshed/src/commonMain/kotlin/borg/trikeshed/reactor/socks/Socks5Simple.kt:268:55 Not enough information to infer type argument for 'B'.
e: file:///Users/jim/work/v2superbikeshed/Trikeshed/src/commonMain/kotlin/borg/trikeshed/reactor/socks/Socks5Simple.kt:268:59 Cannot infer type for this parameter. Specify it explicitly.
e: file:///Users/jim/work/v2superbikeshed/Trikeshed/src/commonMain/kotlin/borg/trikeshed/reactor/socks/Socks5Simple.kt:272:36 Cannot infer type for this parameter. Specify it explicitly.
e: file:///Users/jim/work/v2superbikeshed/Trikeshed/src/commonMain/kotlin/borg/trikeshed/reactor/socks/Socks5Simple.kt:272:36 Not enough information to infer type argument for 'A'.
e: file:///Users/jim/work/v2superbikeshed/Trikeshed/src/commonMain/kotlin/borg/trikeshed/reactor/socks/Socks5Simple.kt:276:17 Unresolved reference 'ATYP_IPV6'.
e: file:///Users/jim/work/v2superbikeshed/Trikeshed/src/commonMain/kotlin/borg/trikeshed/reactor/socks/Socks5Simple.kt:277:21 Not enough information to infer type argument for 'K'.
e: file:///Users/jim/work/v2superbikeshed/Trikeshed/src/commonMain/kotlin/borg/trikeshed/reactor/socks/Socks5Simple.kt:278:42 Cannot infer type for this parameter. Specify it explicitly.
e: file:///Users/jim/work/v2superbikeshed/Trikeshed/src/commonMain/kotlin/borg/trikeshed/reactor/socks/Socks5Simple.kt:278:42 Not enough information to infer type argument for 'B'.
e: file:///Users/jim/work/v2superbikeshed/Trikeshed/src/commonMain/kotlin/borg/trikeshed/reactor/socks/Socks5Simple.kt:278:46 Cannot infer type for this parameter. Specify it explicitly.
e: file:///Users/jim/work/v2superbikeshed/Trikeshed/src/commonMain/kotlin/borg/trikeshed/reactor/socks/Socks5Simple.kt:282:33 Cannot infer type for this parameter. Specify it explicitly.
e: file:///Users/jim/work/v2superbikeshed/Trikeshed/src/commonMain/kotlin/borg/trikeshed/reactor/socks/Socks5Simple.kt:282:33 Not enough information to infer type argument for 'A'.
e: file:///Users/jim/work/v2superbikeshed/Trikeshed/src/commonMain/kotlin/borg/trikeshed/reactor/socks/Socks5Simple.kt:308:35 Argument type mismatch: actual type is 'Byte', but 'K (of fun <K> WHEN_CALL)' was expected.
e: file:///Users/jim/work/v2superbikeshed/Trikeshed/src/commonMain/kotlin/borg/trikeshed/reactor/socks/Socks5Simple.kt:309:35 Argument type mismatch: actual type is 'Byte', but 'K (of fun <K> WHEN_CALL)' was expected.
e: file:///Users/jim/work/v2superbikeshed/Trikeshed/src/commonMain/kotlin/borg/trikeshed/reactor/socks/Socks5Simple.kt:310:35 Argument type mismatch: actual type is 'Int', but 'K (of fun <K> WHEN_CALL)' was expected.
e: file:///Users/jim/work/v2superbikeshed/Trikeshed/src/commonMain/kotlin/borg/trikeshed/reactor/socks/Socks5Simple.kt:311:35 Argument type mismatch: actual type is 'Byte', but 'K (of fun <K> WHEN_CALL)' was expected.
e: file:///Users/jim/work/v2superbikeshed/Trikeshed/src/commonMain/kotlin/borg/trikeshed/reactor/socks/Socks5Simple.kt:312:57 Argument type mismatch: actual type is 'T? (of fun <T> Join<Int, Function1<Int, Join<Any?, TypeMemento>>>.get)', but 'K (of fun <K> WHEN_CALL)' was expected.
e: file:///Users/jim/work/v2superbikeshed/Trikeshed/src/commonMain/kotlin/borg/trikeshed/reactor/socks/Socks5Simple.kt:312:57 Argument type mismatch: actual type is 'Join<Int, Function1<Int, Join<Any?, TypeMemento>>>', but 'Join<Int, Function1<Int, Byte>>' was expected.
e: file:///Users/jim/work/v2superbikeshed/Trikeshed/src/commonMain/kotlin/borg/trikeshed/reactor/socks/Socks5Simple.kt:312:57 Cannot infer type for this parameter. Specify it explicitly.
e: file:///Users/jim/work/v2superbikeshed/Trikeshed/src/commonMain/kotlin/borg/trikeshed/reactor/socks/Socks5Simple.kt:312:57 Unresolved reference. None of the following candidates is applicable because of a receiver type mismatch:
fun <T> Join<Int, Function1<Int, Join<Any?, TypeMemento>>>.get(column: Column<T>): T?
e: file:///Users/jim/work/v2superbikeshed/Trikeshed/src/commonMain/kotlin/borg/trikeshed/reactor/socks/Socks5Simple.kt:315:25 Argument type mismatch: actual type is 'Byte', but 'K (of fun <K> WHEN_CALL)' was expected.
e: file:///Users/jim/work/v2superbikeshed/Trikeshed/src/commonMain/kotlin/borg/trikeshed/reactor/socks/SocksChannel.kt:11:1 Class 'SocksChannel' is not abstract and does not implement abstract members:
actual fun configureBlocking(block: Boolean): SelectableChannel
actual fun isBlocking(): Boolean
e: file:///Users/jim/work/v2superbikeshed/Trikeshed/src/commonMain/kotlin/borg/trikeshed/reactor/socks/SocksChannel.kt:16:40 Unresolved reference 'CoroutineContext'.
e: file:///Users/jim/work/v2superbikeshed/Trikeshed/src/commonMain/kotlin/borg/trikeshed/reactor/socks/SocksChannel.kt:28:5 'register' overrides nothing.
e: file:///Users/jim/work/v2superbikeshed/Trikeshed/src/commonMain/kotlin/borg/trikeshed/reactor/socks/SocksChannel.kt:52:68 No value passed for parameter 'a'.
e: file:///Users/jim/work/v2superbikeshed/Trikeshed/src/commonMain/kotlin/borg/trikeshed/reactor/socks/SocksChannel.kt:52:68 No value passed for parameter 'b'.
e: file:///Users/jim/work/v2superbikeshed/Trikeshed/src/commonMain/kotlin/borg/trikeshed/reactor/socks/SocksFactory.kt:442:23 Cannot infer type for this parameter. Specify it explicitly.
e: file:///Users/jim/work/v2superbikeshed/Trikeshed/src/commonMain/kotlin/borg/trikeshed/reactor/socks/SocksFactory.kt:442:23 Unresolved reference. None of the following candidates is applicable because of a receiver type mismatch:
fun <T> Join<Int, Function1<Int, Join<Any?, TypeMemento>>>.get(column: Column<T>): T?
e: file:///Users/jim/work/v2superbikeshed/Trikeshed/src/commonMain/kotlin/borg/trikeshed/reactor/socks/SocksFactory.kt:443:23 Cannot infer type for this parameter. Specify it explicitly.
e: file:///Users/jim/work/v2superbikeshed/Trikeshed/src/commonMain/kotlin/borg/trikeshed/reactor/socks/SocksFactory.kt:443:23 Unresolved reference. None of the following candidates is applicable because of a receiver type mismatch:
fun <T> Join<Int, Function1<Int, Join<Any?, TypeMemento>>>.get(column: Column<T>): T?
e: file:///Users/jim/work/v2superbikeshed/Trikeshed/src/commonMain/kotlin/borg/trikeshed/reactor/socks/SocksFactory.kt:444:24 Cannot infer type for this parameter. Specify it explicitly.
e: file:///Users/jim/work/v2superbikeshed/Trikeshed/src/commonMain/kotlin/borg/trikeshed/reactor/socks/SocksFactory.kt:444:24 Unresolved reference. None of the following candidates is applicable because of a receiver type mismatch:
fun <T> Join<Int, Function1<Int, Join<Any?, TypeMemento>>>.get(column: Column<T>): T?
e: file:///Users/jim/work/v2superbikeshed/Trikeshed/src/commonMain/kotlin/borg/trikeshed/reactor/socks/SocksFactory.kt:445:27 Cannot infer type for this parameter. Specify it explicitly.
e: file:///Users/jim/work/v2superbikeshed/Trikeshed/src/commonMain/kotlin/borg/trikeshed/reactor/socks/SocksFactory.kt:445:27 Unresolved reference. None of the following candidates is applicable because of a receiver type mismatch:
fun <T> Join<Int, Function1<Int, Join<Any?, TypeMemento>>>.get(column: Column<T>): T?
e: file:///Users/jim/work/v2superbikeshed/Trikeshed/src/commonMain/kotlin/borg/trikeshed/reactor/socks/SocksFactory.kt:484:21 Cannot infer type for this parameter. Specify it explicitly.
e: file:///Users/jim/work/v2superbikeshed/Trikeshed/src/commonMain/kotlin/borg/trikeshed/reactor/socks/SocksFactory.kt:484:21 Unresolved reference. None of the following candidates is applicable because of a receiver type mismatch:
fun <T> Join<Int, Function1<Int, Join<Any?, TypeMemento>>>.get(column: Column<T>): T?
e: file:///Users/jim/work/v2superbikeshed/Trikeshed/src/commonMain/kotlin/borg/trikeshed/reactor/socks/SocksFactory.kt:484:34 Unresolved reference 'and'.
e: file:///Users/jim/work/v2superbikeshed/Trikeshed/src/commonMain/kotlin/borg/trikeshed/reactor/socks/SocksFactory.kt:484:46 Cannot infer type for this parameter. Specify it explicitly.
e: file:///Users/jim/work/v2superbikeshed/Trikeshed/src/commonMain/kotlin/borg/trikeshed/reactor/socks/SocksFactory.kt:484:46 Unresolved reference. None of the following candidates is applicable because of a receiver type mismatch:
fun <T> Join<Int, Function1<Int, Join<Any?, TypeMemento>>>.get(column: Column<T>): T?
e: file:///Users/jim/work/v2superbikeshed/Trikeshed/src/commonMain/kotlin/borg/trikeshed/reactor/socks/SocksFactory.kt:484:63 Unresolved reference 'and'.
e: file:///Users/jim/work/v2superbikeshed/Trikeshed/src/commonMain/kotlin/borg/trikeshed/reactor/socks/SocksFactory.kt:484:75 Cannot infer type for this parameter. Specify it explicitly.
e: file:///Users/jim/work/v2superbikeshed/Trikeshed/src/commonMain/kotlin/borg/trikeshed/reactor/socks/SocksFactory.kt:484:75 Unresolved reference. None of the following candidates is applicable because of a receiver type mismatch:
fun <T> Join<Int, Function1<Int, Join<Any?, TypeMemento>>>.get(column: Column<T>): T?
e: file:///Users/jim/work/v2superbikeshed/Trikeshed/src/commonMain/kotlin/borg/trikeshed/reactor/socks/SocksFactory.kt:484:92 Unresolved reference 'and'.
e: file:///Users/jim/work/v2superbikeshed/Trikeshed/src/commonMain/kotlin/borg/trikeshed/reactor/socks/SocksFactory.kt:484:104 Cannot infer type for this parameter. Specify it explicitly.
e: file:///Users/jim/work/v2superbikeshed/Trikeshed/src/commonMain/kotlin/borg/trikeshed/reactor/socks/SocksFactory.kt:484:104 Unresolved reference. None of the following candidates is applicable because of a receiver type mismatch:
fun <T> Join<Int, Function1<Int, Join<Any?, TypeMemento>>>.get(column: Column<T>): T?
e: file:///Users/jim/work/v2superbikeshed/Trikeshed/src/commonMain/kotlin/borg/trikeshed/reactor/socks/SocksFactory.kt:484:121 Unresolved reference 'and'.
e: file:///Users/jim/work/v2superbikeshed/Trikeshed/src/commonMain/kotlin/borg/trikeshed/reactor/socks/SocksFactory.kt:485:22 Cannot infer type for this parameter. Specify it explicitly.
e: file:///Users/jim/work/v2superbikeshed/Trikeshed/src/commonMain/kotlin/borg/trikeshed/reactor/socks/SocksFactory.kt:485:22 Unresolved reference. None of the following candidates is applicable because of a receiver type mismatch:
fun <T> Join<Int, Function1<Int, Join<Any?, TypeMemento>>>.get(column: Column<T>): T?
e: file:///Users/jim/work/v2superbikeshed/Trikeshed/src/commonMain/kotlin/borg/trikeshed/reactor/socks/SocksFactory.kt:485:68 Cannot infer type for this parameter. Specify it explicitly.
e: file:///Users/jim/work/v2superbikeshed/Trikeshed/src/commonMain/kotlin/borg/trikeshed/reactor/socks/SocksFactory.kt:485:68 Unresolved reference. None of the following candidates is applicable because of a receiver type mismatch:
fun <T> Join<Int, Function1<Int, Join<Any?, TypeMemento>>>.get(column: Column<T>): T?
e: file:///Users/jim/work/v2superbikeshed/Trikeshed/src/commonMain/kotlin/borg/trikeshed/reactor/socks/SocksFactory.kt:486:55 Argument type mismatch: actual type is 'UShort', but 'Int' was expected.
e: file:///Users/jim/work/v2superbikeshed/Trikeshed/src/commonMain/kotlin/borg/trikeshed/reactor/socks/SocksFactory.kt:490:28 Cannot infer type for this parameter. Specify it explicitly.
e: file:///Users/jim/work/v2superbikeshed/Trikeshed/src/commonMain/kotlin/borg/trikeshed/reactor/socks/SocksFactory.kt:490:28 Unresolved reference. None of the following candidates is applicable because of a receiver type mismatch:
fun <T> Join<Int, Function1<Int, Join<Any?, TypeMemento>>>.get(column: Column<T>): T?
e: file:///Users/jim/work/v2superbikeshed/Trikeshed/src/commonMain/kotlin/borg/trikeshed/reactor/socks/SocksFactory.kt:491:22 'fun String(chars: CharArray): String' is deprecated. Use CharArray.concatToString() instead.
e: file:///Users/jim/work/v2superbikeshed/Trikeshed/src/commonMain/kotlin/borg/trikeshed/reactor/socks/SocksFactory.kt:491:29 Argument type mismatch: actual type is 'ByteArray', but 'CharArray' was expected.
e: file:///Users/jim/work/v2superbikeshed/Trikeshed/src/commonMain/kotlin/borg/trikeshed/reactor/socks/SocksFactory.kt:491:60 Argument type mismatch: actual type is 'Byte?', but 'Byte' was expected.
e: file:///Users/jim/work/v2superbikeshed/Trikeshed/src/commonMain/kotlin/borg/trikeshed/reactor/socks/SocksFactory.kt:491:60 Unresolved reference. None of the following candidates is applicable because of a receiver type mismatch:
fun <T> Join<Int, Function1<Int, Join<Any?, TypeMemento>>>.get(column: Column<T>): T?
e: file:///Users/jim/work/v2superbikeshed/Trikeshed/src/commonMain/kotlin/borg/trikeshed/reactor/socks/SocksFactory.kt:492:22 Cannot infer type for this parameter. Specify it explicitly.
e: file:///Users/jim/work/v2superbikeshed/Trikeshed/src/commonMain/kotlin/borg/trikeshed/reactor/socks/SocksFactory.kt:492:22 Unresolved reference. None of the following candidates is applicable because of a receiver type mismatch:
fun <T> Join<Int, Function1<Int, Join<Any?, TypeMemento>>>.get(column: Column<T>): T?
e: file:///Users/jim/work/v2superbikeshed/Trikeshed/src/commonMain/kotlin/borg/trikeshed/reactor/socks/SocksFactory.kt:492:83 Cannot infer type for this parameter. Specify it explicitly.
e: file:///Users/jim/work/v2superbikeshed/Trikeshed/src/commonMain/kotlin/borg/trikeshed/reactor/socks/SocksFactory.kt:492:83 Unresolved reference. None of the following candidates is applicable because of a receiver type mismatch:
fun <T> Join<Int, Function1<Int, Join<Any?, TypeMemento>>>.get(column: Column<T>): T?
e: file:///Users/jim/work/v2superbikeshed/Trikeshed/src/commonMain/kotlin/borg/trikeshed/reactor/socks/SocksFactory.kt:493:59 Argument type mismatch: actual type is 'UShort', but 'Int' was expected.
e: file:///Users/jim/work/v2superbikeshed/Trikeshed/src/commonMain/kotlin/borg/trikeshed/reactor/socks/SocksFactory.kt:499:22 Cannot infer type for this parameter. Specify it explicitly.
e: file:///Users/jim/work/v2superbikeshed/Trikeshed/src/commonMain/kotlin/borg/trikeshed/reactor/socks/SocksFactory.kt:499:22 Unresolved reference. None of the following candidates is applicable because of a receiver type mismatch:
fun <T> Join<Int, Function1<Int, Join<Any?, TypeMemento>>>.get(column: Column<T>): T?
e: file:///Users/jim/work/v2superbikeshed/Trikeshed/src/commonMain/kotlin/borg/trikeshed/reactor/socks/SocksFactory.kt:499:69 Cannot infer type for this parameter. Specify it explicitly.
e: file:///Users/jim/work/v2superbikeshed/Trikeshed/src/commonMain/kotlin/borg/trikeshed/reactor/socks/SocksFactory.kt:499:69 Unresolved reference. None of the following candidates is applicable because of a receiver type mismatch:
fun <T> Join<Int, Function1<Int, Join<Any?, TypeMemento>>>.get(column: Column<T>): T?
e: file:///Users/jim/work/v2superbikeshed/Trikeshed/src/commonMain/kotlin/borg/trikeshed/reactor/socks/SocksFactory.kt:500:55 Argument type mismatch: actual type is 'UShort', but 'Int' was expected.
e: file:///Users/jim/work/v2superbikeshed/Trikeshed/src/commonMain/kotlin/borg/trikeshed/reactor/socks/SocksTransformEngine.kt:57:35 Cannot infer type for this parameter. Specify it explicitly.
e: file:///Users/jim/work/v2superbikeshed/Trikeshed/src/commonMain/kotlin/borg/trikeshed/reactor/socks/SocksTransformEngine.kt:57:35 Unresolved reference. None of the following candidates is applicable because of a receiver type mismatch:
fun <T> Join<Int, Function1<Int, Join<Any?, TypeMemento>>>.get(column: Column<T>): T?
e: file:///Users/jim/work/v2superbikeshed/Trikeshed/src/commonMain/kotlin/borg/trikeshed/reactor/socks/SocksTransformEngine.kt:58:65 Argument type mismatch: actual type is 'Join<Int, Function1<Int, Join<Any?, TypeMemento>>>', but 'Join<Int, Function1<Int, Byte>>' was expected.
e: file:///Users/jim/work/v2superbikeshed/Trikeshed/src/commonMain/kotlin/borg/trikeshed/reactor/socks/SocksTransformEngine.kt:58:65 Cannot infer type for this parameter. Specify it explicitly.
e: file:///Users/jim/work/v2superbikeshed/Trikeshed/src/commonMain/kotlin/borg/trikeshed/reactor/socks/SocksTransformEngine.kt:58:65 Unresolved reference. None of the following candidates is applicable because of a receiver type mismatch:
fun <T> Join<Int, Function1<Int, Join<Any?, TypeMemento>>>.get(column: Column<T>): T?
e: file:///Users/jim/work/v2superbikeshed/Trikeshed/src/commonMain/kotlin/borg/trikeshed/reactor/socks/SocksTransformEngine.kt:64:39 Cannot infer type for this parameter. Specify it explicitly.
e: file:///Users/jim/work/v2superbikeshed/Trikeshed/src/commonMain/kotlin/borg/trikeshed/reactor/socks/SocksTransformEngine.kt:64:39 Unresolved reference. None of the following candidates is applicable because of a receiver type mismatch:
fun <T> Join<Int, Function1<Int, Join<Any?, TypeMemento>>>.get(column: Column<T>): T?
e: file:///Users/jim/work/v2superbikeshed/Trikeshed/src/commonMain/kotlin/borg/trikeshed/reactor/socks/SocksTransformEngine.kt:65:81 Argument type mismatch: actual type is 'Join<Int, Function1<Int, Join<Any?, TypeMemento>>>', but 'Join<Int, Function1<Int, Byte>>' was expected.
e: file:///Users/jim/work/v2superbikeshed/Trikeshed/src/commonMain/kotlin/borg/trikeshed/reactor/socks/SocksTransformEngine.kt:65:81 Cannot infer type for this parameter. Specify it explicitly.
e: file:///Users/jim/work/v2superbikeshed/Trikeshed/src/commonMain/kotlin/borg/trikeshed/reactor/socks/SocksTransformEngine.kt:65:81 Unresolved reference. None of the following candidates is applicable because of a receiver type mismatch:
fun <T> Join<Int, Function1<Int, Join<Any?, TypeMemento>>>.get(column: Column<T>): T?
e: file:///Users/jim/work/v2superbikeshed/Trikeshed/src/commonMain/kotlin/borg/trikeshed/reactor/socks/SocksTransformEngine.kt:72:72 Argument type mismatch: actual type is 'Join<Int, Function1<Int, Join<Any?, TypeMemento>>>', but 'Join<Int, Function1<Int, Byte>>' was expected.
e: file:///Users/jim/work/v2superbikeshed/Trikeshed/src/commonMain/kotlin/borg/trikeshed/reactor/socks/SocksTransformEngine.kt:72:72 Cannot infer type for this parameter. Specify it explicitly.
e: file:///Users/jim/work/v2superbikeshed/Trikeshed/src/commonMain/kotlin/borg/trikeshed/reactor/socks/SocksTransformEngine.kt:72:72 Unresolved reference. None of the following candidates is applicable because of a receiver type mismatch:
fun <T> Join<Int, Function1<Int, Join<Any?, TypeMemento>>>.get(column: Column<T>): T?
e: file:///Users/jim/work/v2superbikeshed/Trikeshed/src/commonMain/kotlin/borg/trikeshed/reactor/socks/SocksTransformEngine.kt:79:73 Argument type mismatch: actual type is 'Join<Int, Function1<Int, Join<Any?, TypeMemento>>>', but 'Join<Int, Function1<Int, Byte>>' was expected.
e: file:///Users/jim/work/v2superbikeshed/Trikeshed/src/commonMain/kotlin/borg/trikeshed/reactor/socks/SocksTransformEngine.kt:79:73 Cannot infer type for this parameter. Specify it explicitly.
e: file:///Users/jim/work/v2superbikeshed/Trikeshed/src/commonMain/kotlin/borg/trikeshed/reactor/socks/SocksTransformEngine.kt:79:73 Unresolved reference. None of the following candidates is applicable because of a receiver type mismatch:
fun <T> Join<Int, Function1<Int, Join<Any?, TypeMemento>>>.get(column: Column<T>): T?
e: file:///Users/jim/work/v2superbikeshed/Trikeshed/src/commonMain/kotlin/borg/trikeshed/reactor/socks/SocksTransformEngine.kt:88:77 Argument type mismatch: actual type is 'Join<Int, Function1<Int, Join<Any?, TypeMemento>>>', but 'Join<Int, Function1<Int, Byte>>' was expected.
e: file:///Users/jim/work/v2superbikeshed/Trikeshed/src/commonMain/kotlin/borg/trikeshed/reactor/socks/SocksTransformEngine.kt:88:77 Cannot infer type for this parameter. Specify it explicitly.
e: file:///Users/jim/work/v2superbikeshed/Trikeshed/src/commonMain/kotlin/borg/trikeshed/reactor/socks/SocksTransformEngine.kt:88:77 Unresolved reference. None of the following candidates is applicable because of a receiver type mismatch:
fun <T> Join<Int, Function1<Int, Join<Any?, TypeMemento>>>.get(column: Column<T>): T?
e: file:///Users/jim/work/v2superbikeshed/Trikeshed/src/commonMain/kotlin/borg/trikeshed/reactor/socks/SocksTransformEngine.kt:92:68 Argument type mismatch: actual type is 'Join<Int, Function1<Int, Join<Any?, TypeMemento>>>', but 'Join<Int, Function1<Int, Byte>>' was expected.
e: file:///Users/jim/work/v2superbikeshed/Trikeshed/src/commonMain/kotlin/borg/trikeshed/reactor/socks/SocksTransformEngine.kt:92:68 Cannot infer type for this parameter. Specify it explicitly.
e: file:///Users/jim/work/v2superbikeshed/Trikeshed/src/commonMain/kotlin/borg/trikeshed/reactor/socks/SocksTransformEngine.kt:92:68 Unresolved reference. None of the following candidates is applicable because of a receiver type mismatch:
fun <T> Join<Int, Function1<Int, Join<Any?, TypeMemento>>>.get(column: Column<T>): T?
e: file:///Users/jim/work/v2superbikeshed/Trikeshed/src/commonMain/kotlin/borg/trikeshed/reactor/socks/SocksTransformEngine.kt:111:16 Cannot infer type for this parameter. Specify it explicitly.
e: file:///Users/jim/work/v2superbikeshed/Trikeshed/src/commonMain/kotlin/borg/trikeshed/reactor/socks/SocksTransformEngine.kt:111:16 Unresolved reference. None of the following candidates is applicable because of a receiver type mismatch:
fun <T> Join<Int, Function1<Int, Join<Any?, TypeMemento>>>.get(column: Column<T>): T?
e: file:///Users/jim/work/v2superbikeshed/Trikeshed/src/commonMain/kotlin/borg/trikeshed/reactor/socks/SocksTransformEngine.kt:112:16 Argument type mismatch: actual type is 'T? (of fun <T> Join<Int, Function1<Int, Join<Any?, TypeMemento>>>.get)', but 'Byte' was expected.
e: file:///Users/jim/work/v2superbikeshed/Trikeshed/src/commonMain/kotlin/borg/trikeshed/reactor/socks/SocksTransformEngine.kt:112:16 Cannot infer type for this parameter. Specify it explicitly.
e: file:///Users/jim/work/v2superbikeshed/Trikeshed/src/commonMain/kotlin/borg/trikeshed/reactor/socks/SocksTransformEngine.kt:112:16 Unresolved reference. None of the following candidates is applicable because of a receiver type mismatch:
fun <T> Join<Int, Function1<Int, Join<Any?, TypeMemento>>>.get(column: Column<T>): T?
e: file:///Users/jim/work/v2superbikeshed/Trikeshed/src/commonMain/kotlin/borg/trikeshed/reactor/socks/SocksTransformEngine.kt:120:16 Cannot infer type for this parameter. Specify it explicitly.
e: file:///Users/jim/work/v2superbikeshed/Trikeshed/src/commonMain/kotlin/borg/trikeshed/reactor/socks/SocksTransformEngine.kt:120:16 Unresolved reference. None of the following candidates is applicable because of a receiver type mismatch:
fun <T> Join<Int, Function1<Int, Join<Any?, TypeMemento>>>.get(column: Column<T>): T?
e: file:///Users/jim/work/v2superbikeshed/Trikeshed/src/commonMain/kotlin/borg/trikeshed/reactor/socks/SocksTransformEngine.kt:121:16 Argument type mismatch: actual type is 'T? (of fun <T> Join<Int, Function1<Int, Join<Any?, TypeMemento>>>.get)', but 'Int' was expected.
e: file:///Users/jim/work/v2superbikeshed/Trikeshed/src/commonMain/kotlin/borg/trikeshed/reactor/socks/SocksTransformEngine.kt:121:16 Cannot infer type for this parameter. Specify it explicitly.
e: file:///Users/jim/work/v2superbikeshed/Trikeshed/src/commonMain/kotlin/borg/trikeshed/reactor/socks/SocksTransformEngine.kt:121:16 Unresolved reference. None of the following candidates is applicable because of a receiver type mismatch:
fun <T> Join<Int, Function1<Int, Join<Any?, TypeMemento>>>.get(column: Column<T>): T?
e: file:///Users/jim/work/v2superbikeshed/Trikeshed/src/commonMain/kotlin/borg/trikeshed/reactor/socks/SocksTransformEngine.kt:130:27 Cannot infer type for this parameter. Specify it explicitly.
e: file:///Users/jim/work/v2superbikeshed/Trikeshed/src/commonMain/kotlin/borg/trikeshed/reactor/socks/SocksTransformEngine.kt:130:27 Unresolved reference. None of the following candidates is applicable because of a receiver type mismatch:
fun <T> Join<Int, Function1<Int, Join<Any?, TypeMemento>>>.get(column: Column<T>): T?
e: file:///Users/jim/work/v2superbikeshed/Trikeshed/src/commonMain/kotlin/borg/trikeshed/reactor/socks/SocksTransformEngine.kt:135:36 Cannot infer type for this parameter. Specify it explicitly.
e: file:///Users/jim/work/v2superbikeshed/Trikeshed/src/commonMain/kotlin/borg/trikeshed/reactor/socks/SocksTransformEngine.kt:135:36 Unresolved reference. None of the following candidates is applicable because of a receiver type mismatch:
fun <T> Join<Int, Function1<Int, Join<Any?, TypeMemento>>>.get(column: Column<T>): T?
e: file:///Users/jim/work/v2superbikeshed/Trikeshed/src/commonMain/kotlin/borg/trikeshed/reactor/socks/SocksTransformEngine.kt:149:27 Cannot infer type for this parameter. Specify it explicitly.
e: file:///Users/jim/work/v2superbikeshed/Trikeshed/src/commonMain/kotlin/borg/trikeshed/reactor/socks/SocksTransformEngine.kt:149:27 Unresolved reference. None of the following candidates is applicable because of a receiver type mismatch:
fun <T> Join<Int, Function1<Int, Join<Any?, TypeMemento>>>.get(column: Column<T>): T?
e: file:///Users/jim/work/v2superbikeshed/Trikeshed/src/commonMain/kotlin/borg/trikeshed/reactor/socks/SocksTransformEngine.kt:154:36 Cannot infer type for this parameter. Specify it explicitly.
e: file:///Users/jim/work/v2superbikeshed/Trikeshed/src/commonMain/kotlin/borg/trikeshed/reactor/socks/SocksTransformEngine.kt:154:36 Unresolved reference. None of the following candidates is applicable because of a receiver type mismatch:
fun <T> Join<Int, Function1<Int, Join<Any?, TypeMemento>>>.get(column: Column<T>): T?
e: file:///Users/jim/work/v2superbikeshed/Trikeshed/src/commonMain/kotlin/borg/trikeshed/reactor/socks/SocksTransformEngine.kt:168:17 Cannot infer type for this parameter. Specify it explicitly.
e: file:///Users/jim/work/v2superbikeshed/Trikeshed/src/commonMain/kotlin/borg/trikeshed/reactor/socks/SocksTransformEngine.kt:168:17 Unresolved reference. None of the following candidates is applicable because of a receiver type mismatch:
fun <T> Join<Int, Function1<Int, Join<Any?, TypeMemento>>>.get(column: Column<T>): T?
e: file:///Users/jim/work/v2superbikeshed/Trikeshed/src/commonMain/kotlin/borg/trikeshed/reactor/socks/SocksTransformEngine.kt:170:41 Argument type mismatch: actual type is 'T? (of fun <T> Join<Int, Function1<Int, Join<Any?, TypeMemento>>>.get)', but 'Int' was expected.
e: file:///Users/jim/work/v2superbikeshed/Trikeshed/src/commonMain/kotlin/borg/trikeshed/reactor/socks/SocksTransformEngine.kt:170:41 Cannot infer type for this parameter. Specify it explicitly.
e: file:///Users/jim/work/v2superbikeshed/Trikeshed/src/commonMain/kotlin/borg/trikeshed/reactor/socks/SocksTransformEngine.kt:170:41 Unresolved reference. None of the following candidates is applicable because of a receiver type mismatch:
fun <T> Join<Int, Function1<Int, Join<Any?, TypeMemento>>>.get(column: Column<T>): T?
e: file:///Users/jim/work/v2superbikeshed/Trikeshed/src/commonMain/kotlin/borg/trikeshed/reactor/socks/SocksTransformEngine.kt:190:23 Cannot infer type for this parameter. Specify it explicitly.
e: file:///Users/jim/work/v2superbikeshed/Trikeshed/src/commonMain/kotlin/borg/trikeshed/reactor/socks/SocksTransformEngine.kt:190:23 Unresolved reference. None of the following candidates is applicable because of a receiver type mismatch:
fun <T> Join<Int, Function1<Int, Join<Any?, TypeMemento>>>.get(column: Column<T>): T?
e: file:///Users/jim/work/v2superbikeshed/Trikeshed/src/commonMain/kotlin/borg/trikeshed/reactor/socks/SocksTransformEngine.kt:191:27 Cannot infer type for this parameter. Specify it explicitly.
e: file:///Users/jim/work/v2superbikeshed/Trikeshed/src/commonMain/kotlin/borg/trikeshed/reactor/socks/SocksTransformEngine.kt:191:27 Unresolved reference. None of the following candidates is applicable because of a receiver type mismatch:
fun <T> Join<Int, Function1<Int, Join<Any?, TypeMemento>>>.get(column: Column<T>): T?
e: file:///Users/jim/work/v2superbikeshed/Trikeshed/src/commonMain/kotlin/borg/trikeshed/reactor/socks/SocksTransformEngine.kt:195:35 Cannot infer type for this parameter. Specify it explicitly.
e: file:///Users/jim/work/v2superbikeshed/Trikeshed/src/commonMain/kotlin/borg/trikeshed/reactor/socks/SocksTransformEngine.kt:195:35 Not enough information to infer type argument for 'B'.
e: file:///Users/jim/work/v2superbikeshed/Trikeshed/src/commonMain/kotlin/borg/trikeshed/reactor/socks/SocksTransformEngine.kt:195:39 Cannot infer type for this parameter. Specify it explicitly.
e: file:///Users/jim/work/v2superbikeshed/Trikeshed/src/commonMain/kotlin/borg/trikeshed/reactor/socks/SocksTransformEngine.kt:195:44 Cannot infer type for this parameter. Specify it explicitly.
e: file:///Users/jim/work/v2superbikeshed/Trikeshed/src/commonMain/kotlin/borg/trikeshed/reactor/socks/SocksTransformEngine.kt:195:44 Unresolved reference. None of the following candidates is applicable because of a receiver type mismatch:
fun <T> Join<Int, Function1<Int, Join<Any?, TypeMemento>>>.get(column: Column<T>): T?
e: file:///Users/jim/work/v2superbikeshed/Trikeshed/src/commonMain/kotlin/borg/trikeshed/reactor/socks/SocksTransformEngine.kt:206:23 Cannot infer type for this parameter. Specify it explicitly.
e: file:///Users/jim/work/v2superbikeshed/Trikeshed/src/commonMain/kotlin/borg/trikeshed/reactor/socks/SocksTransformEngine.kt:206:23 Unresolved reference. None of the following candidates is applicable because of a receiver type mismatch:
fun <T> Join<Int, Function1<Int, Join<Any?, TypeMemento>>>.get(column: Column<T>): T?
e: file:///Users/jim/work/v2superbikeshed/Trikeshed/src/commonMain/kotlin/borg/trikeshed/reactor/socks/SocksTransformEngine.kt:207:23 Cannot infer type for this parameter. Specify it explicitly.
e: file:///Users/jim/work/v2superbikeshed/Trikeshed/src/commonMain/kotlin/borg/trikeshed/reactor/socks/SocksTransformEngine.kt:207:23 Unresolved reference. None of the following candidates is applicable because of a receiver type mismatch:
fun <T> Join<Int, Function1<Int, Join<Any?, TypeMemento>>>.get(column: Column<T>): T?
e: file:///Users/jim/work/v2superbikeshed/Trikeshed/src/commonMain/kotlin/borg/trikeshed/reactor/socks/SocksTransformEngine.kt:208:24 Cannot infer type for this parameter. Specify it explicitly.
e: file:///Users/jim/work/v2superbikeshed/Trikeshed/src/commonMain/kotlin/borg/trikeshed/reactor/socks/SocksTransformEngine.kt:208:24 Unresolved reference. None of the following candidates is applicable because of a receiver type mismatch:
fun <T> Join<Int, Function1<Int, Join<Any?, TypeMemento>>>.get(column: Column<T>): T?
e: file:///Users/jim/work/v2superbikeshed/Trikeshed/src/commonMain/kotlin/borg/trikeshed/reactor/socks/SocksTransformEngine.kt:209:27 Cannot infer type for this parameter. Specify it explicitly.
e: file:///Users/jim/work/v2superbikeshed/Trikeshed/src/commonMain/kotlin/borg/trikeshed/reactor/socks/SocksTransformEngine.kt:209:27 Unresolved reference. None of the following candidates is applicable because of a receiver type mismatch:
fun <T> Join<Int, Function1<Int, Join<Any?, TypeMemento>>>.get(column: Column<T>): T?
e: file:///Users/jim/work/v2superbikeshed/Trikeshed/src/commonMain/kotlin/borg/trikeshed/reactor/socks/SocksTransformEngine.kt:227:23 Cannot infer type for this parameter. Specify it explicitly.
e: file:///Users/jim/work/v2superbikeshed/Trikeshed/src/commonMain/kotlin/borg/trikeshed/reactor/socks/SocksTransformEngine.kt:227:23 Unresolved reference. None of the following candidates is applicable because of a receiver type mismatch:
fun <T> Join<Int, Function1<Int, Join<Any?, TypeMemento>>>.get(column: Column<T>): T?
e: file:///Users/jim/work/v2superbikeshed/Trikeshed/src/commonMain/kotlin/borg/trikeshed/reactor/socks/SocksTransformEngine.kt:228:25 Cannot infer type for this parameter. Specify it explicitly.
e: file:///Users/jim/work/v2superbikeshed/Trikeshed/src/commonMain/kotlin/borg/trikeshed/reactor/socks/SocksTransformEngine.kt:228:25 Unresolved reference. None of the following candidates is applicable because of a receiver type mismatch:
fun <T> Join<Int, Function1<Int, Join<Any?, TypeMemento>>>.get(column: Column<T>): T?
e: file:///Users/jim/work/v2superbikeshed/Trikeshed/src/commonMain/kotlin/borg/trikeshed/reactor/socks/SocksTransformEngine.kt:229:24 Cannot infer type for this parameter. Specify it explicitly.
e: file:///Users/jim/work/v2superbikeshed/Trikeshed/src/commonMain/kotlin/borg/trikeshed/reactor/socks/SocksTransformEngine.kt:229:24 Unresolved reference. None of the following candidates is applicable because of a receiver type mismatch:
fun <T> Join<Int, Function1<Int, Join<Any?, TypeMemento>>>.get(column: Column<T>): T?
e: file:///Users/jim/work/v2superbikeshed/Trikeshed/src/commonMain/kotlin/borg/trikeshed/reactor/socks/SocksTransformEngine.kt:230:27 Cannot infer type for this parameter. Specify it explicitly.
e: file:///Users/jim/work/v2superbikeshed/Trikeshed/src/commonMain/kotlin/borg/trikeshed/reactor/socks/SocksTransformEngine.kt:230:27 Unresolved reference. None of the following candidates is applicable because of a receiver type mismatch:
fun <T> Join<Int, Function1<Int, Join<Any?, TypeMemento>>>.get(column: Column<T>): T?
e: file:///Users/jim/work/v2superbikeshed/Trikeshed/src/commonMain/kotlin/borg/trikeshed/reactor/socks/SocksTransformEngine.kt:239:73 Argument type mismatch: actual type is 'SocksTargetHost', but 'SocksBindAddress' was expected.
e: file:///Users/jim/work/v2superbikeshed/Trikeshed/src/commonMain/kotlin/borg/trikeshed/reactor/socks/SocksTransformEngine.kt:239:86 Argument type mismatch: actual type is 'SocksTargetPort', but 'SocksBindPort' was expected.
e: file:///Users/jim/work/v2superbikeshed/Trikeshed/src/commonMain/kotlin/borg/trikeshed/reactor/socks/SocksTransformEngine.kt:243:21 Cannot infer type for this parameter. Specify it explicitly.
e: file:///Users/jim/work/v2superbikeshed/Trikeshed/src/commonMain/kotlin/borg/trikeshed/reactor/socks/SocksTransformEngine.kt:243:21 Unresolved reference. None of the following candidates is applicable because of a receiver type mismatch:
fun <T> Join<Int, Function1<Int, Join<Any?, TypeMemento>>>.get(column: Column<T>): T?
e: file:///Users/jim/work/v2superbikeshed/Trikeshed/src/commonMain/kotlin/borg/trikeshed/reactor/socks/SocksTransformEngine.kt:243:35 Unresolved reference 'and'.
e: file:///Users/jim/work/v2superbikeshed/Trikeshed/src/commonMain/kotlin/borg/trikeshed/reactor/socks/SocksTransformEngine.kt:243:47 Cannot infer type for this parameter. Specify it explicitly.
e: file:///Users/jim/work/v2superbikeshed/Trikeshed/src/commonMain/kotlin/borg/trikeshed/reactor/socks/SocksTransformEngine.kt:243:47 Unresolved reference. None of the following candidates is applicable because of a receiver type mismatch:
fun <T> Join<Int, Function1<Int, Join<Any?, TypeMemento>>>.get(column: Column<T>): T?
e: file:///Users/jim/work/v2superbikeshed/Trikeshed/src/commonMain/kotlin/borg/trikeshed/reactor/socks/SocksTransformEngine.kt:243:65 Unresolved reference 'and'.
e: file:///Users/jim/work/v2superbikeshed/Trikeshed/src/commonMain/kotlin/borg/trikeshed/reactor/socks/SocksTransformEngine.kt:243:77 Cannot infer type for this parameter. Specify it explicitly.
e: file:///Users/jim/work/v2superbikeshed/Trikeshed/src/commonMain/kotlin/borg/trikeshed/reactor/socks/SocksTransformEngine.kt:243:77 Unresolved reference. None of the following candidates is applicable because of a receiver type mismatch:
fun <T> Join<Int, Function1<Int, Join<Any?, TypeMemento>>>.get(column: Column<T>): T?
e: file:///Users/jim/work/v2superbikeshed/Trikeshed/src/commonMain/kotlin/borg/trikeshed/reactor/socks/SocksTransformEngine.kt:243:95 Unresolved reference 'and'.
e: file:///Users/jim/work/v2superbikeshed/Trikeshed/src/commonMain/kotlin/borg/trikeshed/reactor/socks/SocksTransformEngine.kt:243:107 Cannot infer type for this parameter. Specify it explicitly.
e: file:///Users/jim/work/v2superbikeshed/Trikeshed/src/commonMain/kotlin/borg/trikeshed/reactor/socks/SocksTransformEngine.kt:243:107 Unresolved reference. None of the following candidates is applicable because of a receiver type mismatch:
fun <T> Join<Int, Function1<Int, Join<Any?, TypeMemento>>>.get(column: Column<T>): T?
e: file:///Users/jim/work/v2superbikeshed/Trikeshed/src/commonMain/kotlin/borg/trikeshed/reactor/socks/SocksTransformEngine.kt:243:125 Unresolved reference 'and'.
e: file:///Users/jim/work/v2superbikeshed/Trikeshed/src/commonMain/kotlin/borg/trikeshed/reactor/socks/SocksTransformEngine.kt:244:22 Cannot infer type for this parameter. Specify it explicitly.
e: file:///Users/jim/work/v2superbikeshed/Trikeshed/src/commonMain/kotlin/borg/trikeshed/reactor/socks/SocksTransformEngine.kt:244:22 Unresolved reference. None of the following candidates is applicable because of a receiver type mismatch:
fun <T> Join<Int, Function1<Int, Join<Any?, TypeMemento>>>.get(column: Column<T>): T?
e: file:///Users/jim/work/v2superbikeshed/Trikeshed/src/commonMain/kotlin/borg/trikeshed/reactor/socks/SocksTransformEngine.kt:244:69 Cannot infer type for this parameter. Specify it explicitly.
e: file:///Users/jim/work/v2superbikeshed/Trikeshed/src/commonMain/kotlin/borg/trikeshed/reactor/socks/SocksTransformEngine.kt:244:69 Unresolved reference. None of the following candidates is applicable because of a receiver type mismatch:
fun <T> Join<Int, Function1<Int, Join<Any?, TypeMemento>>>.get(column: Column<T>): T?
e: file:///Users/jim/work/v2superbikeshed/Trikeshed/src/commonMain/kotlin/borg/trikeshed/reactor/socks/SocksTransformEngine.kt:245:55 Argument type mismatch: actual type is 'UShort', but 'Int' was expected.
e: file:///Users/jim/work/v2superbikeshed/Trikeshed/src/commonMain/kotlin/borg/trikeshed/reactor/socks/SocksTransformEngine.kt:249:28 Cannot infer type for this parameter. Specify it explicitly.
e: file:///Users/jim/work/v2superbikeshed/Trikeshed/src/commonMain/kotlin/borg/trikeshed/reactor/socks/SocksTransformEngine.kt:249:28 Unresolved reference. None of the following candidates is applicable because of a receiver type mismatch:
fun <T> Join<Int, Function1<Int, Join<Any?, TypeMemento>>>.get(column: Column<T>): T?
e: file:///Users/jim/work/v2superbikeshed/Trikeshed/src/commonMain/kotlin/borg/trikeshed/reactor/socks/SocksTransformEngine.kt:250:22 'fun String(chars: CharArray): String' is deprecated. Use CharArray.concatToString() instead.
e: file:///Users/jim/work/v2superbikeshed/Trikeshed/src/commonMain/kotlin/borg/trikeshed/reactor/socks/SocksTransformEngine.kt:250:29 Argument type mismatch: actual type is 'ByteArray', but 'CharArray' was expected.
e: file:///Users/jim/work/v2superbikeshed/Trikeshed/src/commonMain/kotlin/borg/trikeshed/reactor/socks/SocksTransformEngine.kt:250:60 Argument type mismatch: actual type is 'Byte?', but 'Byte' was expected.
e: file:///Users/jim/work/v2superbikeshed/Trikeshed/src/commonMain/kotlin/borg/trikeshed/reactor/socks/SocksTransformEngine.kt:250:60 Unresolved reference. None of the following candidates is applicable because of a receiver type mismatch:
fun <T> Join<Int, Function1<Int, Join<Any?, TypeMemento>>>.get(column: Column<T>): T?
e: file:///Users/jim/work/v2superbikeshed/Trikeshed/src/commonMain/kotlin/borg/trikeshed/reactor/socks/SocksTransformEngine.kt:251:22 Cannot infer type for this parameter. Specify it explicitly.
e: file:///Users/jim/work/v2superbikeshed/Trikeshed/src/commonMain/kotlin/borg/trikeshed/reactor/socks/SocksTransformEngine.kt:251:22 Unresolved reference. None of the following candidates is applicable because of a receiver type mismatch:
fun <T> Join<Int, Function1<Int, Join<Any?, TypeMemento>>>.get(column: Column<T>): T?
e: file:///Users/jim/work/v2superbikeshed/Trikeshed/src/commonMain/kotlin/borg/trikeshed/reactor/socks/SocksTransformEngine.kt:251:84 Cannot infer type for this parameter. Specify it explicitly.
e: file:///Users/jim/work/v2superbikeshed/Trikeshed/src/commonMain/kotlin/borg/trikeshed/reactor/socks/SocksTransformEngine.kt:251:84 Unresolved reference. None of the following candidates is applicable because of a receiver type mismatch:
fun <T> Join<Int, Function1<Int, Join<Any?, TypeMemento>>>.get(column: Column<T>): T?
e: file:///Users/jim/work/v2superbikeshed/Trikeshed/src/commonMain/kotlin/borg/trikeshed/reactor/socks/SocksTransformEngine.kt:252:59 Argument type mismatch: actual type is 'UShort', but 'Int' was expected.
e: file:///Users/jim/work/v2superbikeshed/Trikeshed/src/commonMain/kotlin/borg/trikeshed/reactor/socks/SocksTransformEngine.kt:258:22 Cannot infer type for this parameter. Specify it explicitly.
e: file:///Users/jim/work/v2superbikeshed/Trikeshed/src/commonMain/kotlin/borg/trikeshed/reactor/socks/SocksTransformEngine.kt:258:22 Unresolved reference. None of the following candidates is applicable because of a receiver type mismatch:
fun <T> Join<Int, Function1<Int, Join<Any?, TypeMemento>>>.get(column: Column<T>): T?
e: file:///Users/jim/work/v2superbikeshed/Trikeshed/src/commonMain/kotlin/borg/trikeshed/reactor/socks/SocksTransformEngine.kt:258:70 Cannot infer type for this parameter. Specify it explicitly.
e: file:///Users/jim/work/v2superbikeshed/Trikeshed/src/commonMain/kotlin/borg/trikeshed/reactor/socks/SocksTransformEngine.kt:258:70 Unresolved reference. None of the following candidates is applicable because of a receiver type mismatch:
fun <T> Join<Int, Function1<Int, Join<Any?, TypeMemento>>>.get(column: Column<T>): T?
e: file:///Users/jim/work/v2superbikeshed/Trikeshed/src/commonMain/kotlin/borg/trikeshed/reactor/socks/SocksTransformEngine.kt:259:55 Argument type mismatch: actual type is 'UShort', but 'Int' was expected.
e: file:///Users/jim/work/v2superbikeshed/Trikeshed/src/commonMain/kotlin/borg/trikeshed/reactor/socks/SocksTransformEngine.kt:291:28 Cannot infer type for this parameter. Specify it explicitly.
e: file:///Users/jim/work/v2superbikeshed/Trikeshed/src/commonMain/kotlin/borg/trikeshed/reactor/socks/SocksTransformEngine.kt:291:28 Unresolved reference. None of the following candidates is applicable because of a receiver type mismatch:
fun <T> Join<Int, Function1<Int, Join<Any?, TypeMemento>>>.get(column: Column<T>): T?
e: file:///Users/jim/work/v2superbikeshed/Trikeshed/src/commonMain/kotlin/borg/trikeshed/reactor/socks/SocksTransformEngine.kt:294:26 Unresolved reference 'bytes'.
e: file:///Users/jim/work/v2superbikeshed/Trikeshed/src/commonMain/kotlin/borg/trikeshed/reactor/socks/SocksTransformEngine.kt:294:41 Cannot infer type for this parameter. Specify it explicitly.
e: file:///Users/jim/work/v2superbikeshed/Trikeshed/src/commonMain/kotlin/borg/trikeshed/reactor/socks/SocksTransformEngine.kt:294:50 Unresolved reference 'bytes'.
e: file:///Users/jim/work/v2superbikeshed/Trikeshed/src/commonMain/kotlin/borg/trikeshed/reactor/socks/SocksTransformEngine.kt:296:34 Unresolved reference 'bytes'.
e: file:///Users/jim/work/v2superbikeshed/Trikeshed/src/commonMain/kotlin/borg/trikeshed/reactor/socks/SocksTransformEngine.kt:296:58 Unresolved reference 'bytes'.
e: file:///Users/jim/work/v2superbikeshed/Trikeshed/src/commonMain/kotlin/borg/trikeshed/reactor/socks/SocksTransformEngine.kt:300:34 Unresolved reference 'bytes'.
e: file:///Users/jim/work/v2superbikeshed/Trikeshed/src/commonMain/kotlin/borg/trikeshed/reactor/socks/SocksTransformEngine.kt:300:58 Unresolved reference 'bytes'.
e: file:///Users/jim/work/v2superbikeshed/Trikeshed/src/commonMain/kotlin/borg/trikeshed/reactor/socks/SocksTransformEngine.kt:346:34 Cannot infer type for this parameter. Specify it explicitly.
e: file:///Users/jim/work/v2superbikeshed/Trikeshed/src/commonMain/kotlin/borg/trikeshed/reactor/socks/SocksTransformEngine.kt:346:34 Unresolved reference. None of the following candidates is applicable because of a receiver type mismatch:
fun <T> Join<Int, Function1<Int, Join<Any?, TypeMemento>>>.get(column: Column<T>): T?
e: file:///Users/jim/work/v2superbikeshed/Trikeshed/src/commonMain/kotlin/borg/trikeshed/reactor/socks/SocksTransformEngine.kt:352:34 Argument type mismatch: actual type is 'T? (of fun <T> Join<Int, Function1<Int, Join<Any?, TypeMemento>>>.get)', but 'Byte' was expected.
e: file:///Users/jim/work/v2superbikeshed/Trikeshed/src/commonMain/kotlin/borg/trikeshed/reactor/socks/SocksTransformEngine.kt:352:34 Cannot infer type for this parameter. Specify it explicitly.
e: file:///Users/jim/work/v2superbikeshed/Trikeshed/src/commonMain/kotlin/borg/trikeshed/reactor/socks/SocksTransformEngine.kt:352:34 Unresolved reference. None of the following candidates is applicable because of a receiver type mismatch:
fun <T> Join<Int, Function1<Int, Join<Any?, TypeMemento>>>.get(column: Column<T>): T?
e: file:///Users/jim/work/v2superbikeshed/Trikeshed/src/commonMain/kotlin/borg/trikeshed/reactor/socks/SocksTransformEngine.kt:353:66 Argument type mismatch: actual type is 'T? (of fun <T> Join<Int, Function1<Int, Join<Any?, TypeMemento>>>.get)', but 'Byte' was expected.
e: file:///Users/jim/work/v2superbikeshed/Trikeshed/src/commonMain/kotlin/borg/trikeshed/reactor/socks/SocksTransformEngine.kt:353:66 Cannot infer type for this parameter. Specify it explicitly.
e: file:///Users/jim/work/v2superbikeshed/Trikeshed/src/commonMain/kotlin/borg/trikeshed/reactor/socks/SocksTransformEngine.kt:353:66 Unresolved reference. None of the following candidates is applicable because of a receiver type mismatch:
fun <T> Join<Int, Function1<Int, Join<Any?, TypeMemento>>>.get(column: Column<T>): T?
e: file:///Users/jim/work/v2superbikeshed/Trikeshed/src/commonMain/kotlin/borg/trikeshed/reactor/socks/SocksTransformEngine.kt:353:88 Argument type mismatch: actual type is 'Int', but 'Int' was expected.
e: file:///Users/jim/work/v2superbikeshed/Trikeshed/src/commonMain/kotlin/borg/trikeshed/reactor/socks/SocksTransformEngine.kt:354:39 Cannot infer type for this parameter. Specify it explicitly.
e: file:///Users/jim/work/v2superbikeshed/Trikeshed/src/commonMain/kotlin/borg/trikeshed/reactor/socks/SocksTransformEngine.kt:354:39 Unresolved reference. None of the following candidates is applicable because of a receiver type mismatch:
fun <T> Join<Int, Function1<Int, Join<Any?, TypeMemento>>>.get(column: Column<T>): T?
e: file:///Users/jim/work/v2superbikeshed/Trikeshed/src/commonMain/kotlin/borg/trikeshed/reactor/socks/SocksTransformEngine.kt:356:59 Cannot infer type for this parameter. Specify it explicitly.
e: file:///Users/jim/work/v2superbikeshed/Trikeshed/src/commonMain/kotlin/borg/trikeshed/reactor/socks/SocksTransformEngine.kt:356:59 Unresolved reference. None of the following candidates is applicable because of a receiver type mismatch:
fun <T> Join<Int, Function1<Int, Join<Any?, TypeMemento>>>.get(column: Column<T>): T?
e: file:///Users/jim/work/v2superbikeshed/Trikeshed/src/commonMain/kotlin/borg/trikeshed/reactor/socks/SocksTransformEngine.kt:405:17 Cannot infer type for this parameter. Specify it explicitly.
e: file:///Users/jim/work/v2superbikeshed/Trikeshed/src/commonMain/kotlin/borg/trikeshed/reactor/socks/SocksTransformEngine.kt:405:17 Unresolved reference. None of the following candidates is applicable because of a receiver type mismatch:
fun <T> Join<Int, Function1<Int, Join<Any?, TypeMemento>>>.get(column: Column<T>): T?
e: file:///Users/jim/work/v2superbikeshed/Trikeshed/src/commonMain/kotlin/borg/trikeshed/reactor/socks/SocksTransformEngine.kt:410:34 Argument type mismatch: actual type is 'T? (of fun <T> Join<Int, Function1<Int, Join<Any?, TypeMemento>>>.get)', but 'Byte' was expected.
e: file:///Users/jim/work/v2superbikeshed/Trikeshed/src/commonMain/kotlin/borg/trikeshed/reactor/socks/SocksTransformEngine.kt:410:34 Cannot infer type for this parameter. Specify it explicitly.
e: file:///Users/jim/work/v2superbikeshed/Trikeshed/src/commonMain/kotlin/borg/trikeshed/reactor/socks/SocksTransformEngine.kt:410:34 Unresolved reference. None of the following candidates is applicable because of a receiver type mismatch:
fun <T> Join<Int, Function1<Int, Join<Any?, TypeMemento>>>.get(column: Column<T>): T?
e: file:///Users/jim/work/v2superbikeshed/Trikeshed/src/commonMain/kotlin/borg/trikeshed/reactor/socks/SocksTransformEngine.kt:411:39 Cannot infer type for this parameter. Specify it explicitly.
e: file:///Users/jim/work/v2superbikeshed/Trikeshed/src/commonMain/kotlin/borg/trikeshed/reactor/socks/SocksTransformEngine.kt:411:39 Unresolved reference. None of the following candidates is applicable because of a receiver type mismatch:
fun <T> Join<Int, Function1<Int, Join<Any?, TypeMemento>>>.get(column: Column<T>): T?
e: file:///Users/jim/work/v2superbikeshed/Trikeshed/src/commonMain/kotlin/borg/trikeshed/reactor/socks/SocksTransformEngine.kt:413:59 Cannot infer type for this parameter. Specify it explicitly.
e: file:///Users/jim/work/v2superbikeshed/Trikeshed/src/commonMain/kotlin/borg/trikeshed/reactor/socks/SocksTransformEngine.kt:413:59 Unresolved reference. None of the following candidates is applicable because of a receiver type mismatch:
fun <T> Join<Int, Function1<Int, Join<Any?, TypeMemento>>>.get(column: Column<T>): T?
e: file:///Users/jim/work/v2superbikeshed/Trikeshed/src/commonMain/kotlin/borg/trikeshed/reactor/socks/SocksTransformEngine.kt:440:17 Cannot infer type for this parameter. Specify it explicitly.
e: file:///Users/jim/work/v2superbikeshed/Trikeshed/src/commonMain/kotlin/borg/trikeshed/reactor/socks/SocksTransformEngine.kt:440:17 Unresolved reference. None of the following candidates is applicable because of a receiver type mismatch:
fun <T> Join<Int, Function1<Int, Join<Any?, TypeMemento>>>.get(column: Column<T>): T?
e: file:///Users/jim/work/v2superbikeshed/Trikeshed/src/commonMain/kotlin/borg/trikeshed/reactor/socks/SocksTransformEngine.kt:443:34 Argument type mismatch: actual type is 'T? (of fun <T> Join<Int, Function1<Int, Join<Any?, TypeMemento>>>.get)', but 'Byte' was expected.
e: file:///Users/jim/work/v2superbikeshed/Trikeshed/src/commonMain/kotlin/borg/trikeshed/reactor/socks/SocksTransformEngine.kt:443:34 Cannot infer type for this parameter. Specify it explicitly.
e: file:///Users/jim/work/v2superbikeshed/Trikeshed/src/commonMain/kotlin/borg/trikeshed/reactor/socks/SocksTransformEngine.kt:443:34 Unresolved reference. None of the following candidates is applicable because of a receiver type mismatch:
fun <T> Join<Int, Function1<Int, Join<Any?, TypeMemento>>>.get(column: Column<T>): T?
e: file:///Users/jim/work/v2superbikeshed/Trikeshed/src/commonMain/kotlin/borg/trikeshed/reactor/socks/SocksTransformEngine.kt:444:39 Cannot infer type for this parameter. Specify it explicitly.
e: file:///Users/jim/work/v2superbikeshed/Trikeshed/src/commonMain/kotlin/borg/trikeshed/reactor/socks/SocksTransformEngine.kt:444:39 Unresolved reference. None of the following candidates is applicable because of a receiver type mismatch:
fun <T> Join<Int, Function1<Int, Join<Any?, TypeMemento>>>.get(column: Column<T>): T?
e: file:///Users/jim/work/v2superbikeshed/Trikeshed/src/commonMain/kotlin/borg/trikeshed/reactor/socks/SocksTransformEngine.kt:446:59 Cannot infer type for this parameter. Specify it explicitly.
e: file:///Users/jim/work/v2superbikeshed/Trikeshed/src/commonMain/kotlin/borg/trikeshed/reactor/socks/SocksTransformEngine.kt:446:59 Unresolved reference. None of the following candidates is applicable because of a receiver type mismatch:
fun <T> Join<Int, Function1<Int, Join<Any?, TypeMemento>>>.get(column: Column<T>): T?
e: file:///Users/jim/work/v2superbikeshed/Trikeshed/src/commonMain/kotlin/borg/trikeshed/services/CouchRequestFactoryService.kt:13:1 Class 'CouchRequestFactoryService' is not abstract and does not implement abstract member:
suspend fun invokeService(serviceName: String, data: Join<Int, Function1<Int, Byte>>): Join<Int, Function1<Int, Byte>>
e: file:///Users/jim/work/v2superbikeshed/Trikeshed/src/commonMain/kotlin/borg/trikeshed/services/CouchRequestFactoryService.kt:69:5 'invokeService' overrides nothing. Potential signatures for overriding:
suspend fun invokeService(serviceName: String, data: Join<Int, Function1<Int, Byte>>): Join<Int, Function1<Int, Byte>>
e: file:///Users/jim/work/v2superbikeshed/Trikeshed/src/commonMain/kotlin/borg/trikeshed/services/RequestFactoryBroker.kt:148:33 Cannot infer type for this parameter. Specify it explicitly.
e: file:///Users/jim/work/v2superbikeshed/Trikeshed/src/commonMain/kotlin/borg/trikeshed/services/RequestFactoryBroker.kt:148:33 Unresolved reference. None of the following candidates is applicable because of a receiver type mismatch:
val <T> Join<Int, Function1<Int, T>>.play: IterableIndexed<T>
e: file:///Users/jim/work/v2superbikeshed/Trikeshed/src/commonMain/kotlin/borg/trikeshed/services/RequestFactoryBroker.kt:148:52 Overload resolution ambiguity between candidates:
fun ByteArray.toIndexed(): Join<Int, Function1<Int, Byte>>
fun <T> Any.toIndexed(): Join<Int, Function1<Int, T>>
fun ByteArray.toIndexed(): Join<Int, Function1<Int, Byte>>
e: file:///Users/jim/work/v2superbikeshed/Trikeshed/src/commonMain/kotlin/borg/trikeshed/services/RequestFactoryBroker.kt:153:37 Unresolved reference 'parse'.
e: file:///Users/jim/work/v2superbikeshed/Trikeshed/src/commonMain/kotlin/borg/trikeshed/services/RequestFactoryBroker.kt:190:36 Unresolved reference 'parse'.
e: file:///Users/jim/work/v2superbikeshed/Trikeshed/src/commonMain/kotlin/borg/trikeshed/services/RequestFactoryBroker.kt:204:29 Unresolved reference 'stringify'.
e: file:///Users/jim/work/v2superbikeshed/Trikeshed/src/commonMain/kotlin/borg/trikeshed/services/RequestFactoryBroker.kt:204:65 Overload resolution ambiguity between candidates:
fun ByteArray.toIndexed(): Join<Int, Function1<Int, Byte>>
fun <T> Any.toIndexed(): Join<Int, Function1<Int, T>>
fun ByteArray.toIndexed(): Join<Int, Function1<Int, Byte>>
e: file:///Users/jim/work/v2superbikeshed/Trikeshed/src/commonMain/kotlin/borg/trikeshed/services/RequestFactoryBroker.kt:218:45 Suspend function 'suspend fun invokeService(serviceName: String, data: ByteArray): ByteArray' can only be called from a coroutine or another suspend function.
e: file:///Users/jim/work/v2superbikeshed/Trikeshed/src/commonMain/kotlin/borg/trikeshed/services/RequestFactoryBroker.kt:219:21 Argument type mismatch: actual type is 'Any', but 'String' was expected.
e: file:///Users/jim/work/v2superbikeshed/Trikeshed/src/commonMain/kotlin/borg/trikeshed/services/RequestFactoryBroker.kt:220:21 Argument type mismatch: actual type is 'String', but 'ByteArray' was expected.
e: file:///Users/jim/work/v2superbikeshed/Trikeshed/src/commonMain/kotlin/borg/trikeshed/services/RequestFactoryBroker.kt:221:21 Too many arguments for 'suspend fun invokeService(serviceName: String, data: ByteArray): ByteArray'.
e: file:///Users/jim/work/v2superbikeshed/Trikeshed/src/commonMain/kotlin/borg/trikeshed/services/RequestFactoryService.kt:36:11 Redeclaration:
interface DealService : Any
e: file:///Users/jim/work/v2superbikeshed/Trikeshed/src/commonMain/kotlin/borg/trikeshed/services/RequestFactoryService.kt:37:67 Type argument is not within its bounds: must be subtype of 'CoroutineContext.Element'.
e: file:///Users/jim/work/v2superbikeshed/Trikeshed/src/commonMain/kotlin/borg/trikeshed/services/RequestFactoryService.kt:62:74 Cannot infer type for this parameter. Specify it explicitly.
e: file:///Users/jim/work/v2superbikeshed/Trikeshed/src/commonMain/kotlin/borg/trikeshed/services/RequestFactoryService.kt:62:74 Not enough information to infer type argument for 'T'.
e: file:///Users/jim/work/v2superbikeshed/Trikeshed/src/commonMain/kotlin/borg/trikeshed/services/RequestFactoryService.kt:62:74 Unresolved reference. None of the following candidates is applicable because of a receiver type mismatch:
fun <T> Join<Shape, Function1<Shape, T>>.invoke(index: Int): T
e: file:///Users/jim/work/v2superbikeshed/Trikeshed/src/commonMain/kotlin/borg/trikeshed/services/RequestFactoryService.kt:65:99 Cannot infer type for this parameter. Specify it explicitly.
e: file:///Users/jim/work/v2superbikeshed/Trikeshed/src/commonMain/kotlin/borg/trikeshed/services/RequestFactoryService.kt:65:99 Not enough information to infer type argument for 'T'.
e: file:///Users/jim/work/v2superbikeshed/Trikeshed/src/commonMain/kotlin/borg/trikeshed/services/RequestFactoryService.kt:65:99 Unresolved reference. None of the following candidates is applicable because of a receiver type mismatch:
fun <T> Join<Shape, Function1<Shape, T>>.invoke(index: Int): T
e: file:///Users/jim/work/v2superbikeshed/Trikeshed/src/commonMain/kotlin/borg/trikeshed/services/RequestFactoryServiceImpl.kt:51:63 Cannot infer type for this parameter. Specify it explicitly.
e: file:///Users/jim/work/v2superbikeshed/Trikeshed/src/commonMain/kotlin/borg/trikeshed/services/RequestFactoryServiceImpl.kt:52:50 Argument type mismatch: actual type is 'T? (of fun <T> Join<Int, Function1<Int, Join<Any?, TypeMemento>>>.get)', but 'K (of fun <K> WHEN_CALL)' was expected.
e: file:///Users/jim/work/v2superbikeshed/Trikeshed/src/commonMain/kotlin/borg/trikeshed/services/RequestFactoryServiceImpl.kt:52:50 Argument type mismatch: actual type is 'Join<Int, Function1<Int, Join<Any?, TypeMemento>>>', but 'Join<Int, Function1<Int, Join<String, CoroutineContext.Element>>>' was expected.
e: file:///Users/jim/work/v2superbikeshed/Trikeshed/src/commonMain/kotlin/borg/trikeshed/services/RequestFactoryServiceImpl.kt:52:50 Cannot infer type for this parameter. Specify it explicitly.
e: file:///Users/jim/work/v2superbikeshed/Trikeshed/src/commonMain/kotlin/borg/trikeshed/services/RequestFactoryServiceImpl.kt:52:50 Unresolved reference. None of the following candidates is applicable because of a receiver type mismatch:
fun <T> Join<Int, Function1<Int, Join<Any?, TypeMemento>>>.get(column: Column<T>): T?
e: file:///Users/jim/work/v2superbikeshed/Trikeshed/src/commonMain/kotlin/borg/trikeshed/services/RequestFactoryServiceImpl.kt:52:77 Argument type mismatch: actual type is 'Join<String, CoroutineContext.Element>', but 'K (of fun <K> WHEN_CALL)' was expected.
e: file:///Users/jim/work/v2superbikeshed/Trikeshed/src/commonMain/kotlin/borg/trikeshed/services/RequestFactoryServiceImpl.kt:65:41 Cannot infer type for this parameter. Specify it explicitly.
e: file:///Users/jim/work/v2superbikeshed/Trikeshed/src/commonMain/kotlin/borg/trikeshed/services/RequestFactoryServiceImpl.kt:65:41 Not enough information to infer type argument for 'T'.
e: file:///Users/jim/work/v2superbikeshed/Trikeshed/src/commonMain/kotlin/borg/trikeshed/services/RequestFactoryServiceImpl.kt:65:41 Unresolved reference. None of the following candidates is applicable because of a receiver type mismatch:
fun <T> Join<Shape, Function1<Shape, T>>.invoke(index: Int): T
e: file:///Users/jim/work/v2superbikeshed/Trikeshed/src/commonMain/kotlin/borg/trikeshed/services/RequestFactoryServiceImpl.kt:93:39 Unresolved reference 'process'.
e: file:///Users/jim/work/v2superbikeshed/Trikeshed/src/commonMain/kotlin/borg/trikeshed/services/RequestFactoryServiceImpl.kt:122:10 Class 'ReactorDealService' is not abstract and does not implement abstract members:
suspend fun findDeal(id: String): DealProxy?
suspend fun findDealsByProduct(query: String): Join<Int, Function1<Int, DealProxy>>
suspend fun persistDeal(deal: DealProxy): CouchTxProxy
suspend fun getVendors(): Join<Int, Function1<Int, VendorProxy>>
e: file:///Users/jim/work/v2superbikeshed/Trikeshed/src/commonMain/kotlin/borg/trikeshed/services/RequestFactoryServiceImpl.kt:126:5 'key' overrides nothing.
e: file:///Users/jim/work/v2superbikeshed/Trikeshed/src/commonMain/kotlin/borg/trikeshed/services/RequestFactoryServiceImpl.kt:127:29 Unresolved reference 'Key'.
e: file:///Users/jim/work/v2superbikeshed/Trikeshed/src/commonMain/kotlin/borg/trikeshed/services/RequestFactoryServiceImpl.kt:129:5 'process' overrides nothing.
e: file:///Users/jim/work/v2superbikeshed/Trikeshed/src/commonMain/kotlin/borg/trikeshed/services/RequestFactoryServiceImpl.kt:147:5 'getDealInfo' overrides nothing.
e: file:///Users/jim/work/v2superbikeshed/Trikeshed/src/commonMain/kotlin/borg/trikeshed/services/RequestFactoryServiceImpl.kt:151:5 'createDeal' overrides nothing.
e: file:///Users/jim/work/v2superbikeshed/Trikeshed/src/commonMain/kotlin/borg/trikeshed/strace/StraceExample.kt:14:22 Interface 'interface StraceAttention : Any' does not have constructors.
e: file:///Users/jim/work/v2superbikeshed/Trikeshed/src/commonMain/kotlin/borg/trikeshed/strace/StraceExample.kt:17:16 Unresolved reference 'monitorWithAttention'.
e: file:///Users/jim/work/v2superbikeshed/Trikeshed/src/commonMain/kotlin/borg/trikeshed/strace/StraceExample.kt:26:21 Cannot infer type for this parameter. Specify it explicitly.
e: file:///Users/jim/work/v2superbikeshed/Trikeshed/src/commonMain/kotlin/borg/trikeshed/strace/StraceExample.kt:28:30 Unresolved reference 'summary'.
e: file:///Users/jim/work/v2superbikeshed/Trikeshed/src/commonMain/kotlin/borg/trikeshed/strace/StraceExample.kt:31:22 Unresolved reference 'attentionWeights'.
e: file:///Users/jim/work/v2superbikeshed/Trikeshed/src/commonMain/kotlin/borg/trikeshed/strace/StraceExample.kt:31:39 Cannot infer type for this parameter. Specify it explicitly.
e: file:///Users/jim/work/v2superbikeshed/Trikeshed/src/commonMain/kotlin/borg/trikeshed/strace/StraceExample.kt:31:47 Cannot infer type for this parameter. Specify it explicitly.
e: file:///Users/jim/work/v2superbikeshed/Trikeshed/src/commonMain/kotlin/borg/trikeshed/strace/StraceExample.kt:31:47 'fun <T> Flow<T>.forEach(action: suspend (@ParameterName(...) T) -> Unit): Unit' is deprecated. Flow analogue of 'forEach' is 'collect'.
e: file:///Users/jim/work/v2superbikeshed/Trikeshed/src/commonMain/kotlin/borg/trikeshed/strace/StraceExample.kt:31:47 Not enough information to infer type argument for 'T'.
e: file:///Users/jim/work/v2superbikeshed/Trikeshed/src/commonMain/kotlin/borg/trikeshed/strace/StraceExample.kt:31:57 Cannot infer type for this parameter. Specify it explicitly.
e: file:///Users/jim/work/v2superbikeshed/Trikeshed/src/commonMain/kotlin/borg/trikeshed/strace/StraceExample.kt:32:37 Unresolved reference 'syscall'.
e: file:///Users/jim/work/v2superbikeshed/Trikeshed/src/commonMain/kotlin/borg/trikeshed/strace/StraceExample.kt:32:56 Unresolved reference 'weight'.
e: file:///Users/jim/work/v2superbikeshed/Trikeshed/src/commonMain/kotlin/borg/trikeshed/strace/StraceExample.kt:32:74 Unresolved reference 'reason'.
e: file:///Users/jim/work/v2superbikeshed/Trikeshed/src/commonMain/kotlin/borg/trikeshed/strace/StraceExample.kt:36:22 Unresolved reference 'dataPatterns'.
e: file:///Users/jim/work/v2superbikeshed/Trikeshed/src/commonMain/kotlin/borg/trikeshed/strace/StraceExample.kt:36:45 Cannot infer type for this parameter. Specify it explicitly.
e: file:///Users/jim/work/v2superbikeshed/Trikeshed/src/commonMain/kotlin/borg/trikeshed/strace/StraceExample.kt:37:38 Unresolved reference 'pattern'.
e: file:///Users/jim/work/v2superbikeshed/Trikeshed/src/commonMain/kotlin/borg/trikeshed/strace/StraceExample.kt:37:58 Unresolved reference 'dataSize'.
e: file:///Users/jim/work/v2superbikeshed/Trikeshed/src/commonMain/kotlin/borg/trikeshed/strace/StraceExample.kt:37:97 Unresolved reference 'confidence'.
e: file:///Users/jim/work/v2superbikeshed/Trikeshed/src/commonMain/kotlin/borg/trikeshed/strace/StraceExample.kt:41:30 Unresolved reference 'llmPrompt'.
e: file:///Users/jim/work/v2superbikeshed/Trikeshed/src/commonMain/kotlin/borg/trikeshed/strace/StraceExample.kt:49:22 Interface 'interface StraceAttention : Any' does not have constructors.
e: file:///Users/jim/work/v2superbikeshed/Trikeshed/src/commonMain/kotlin/borg/trikeshed/strace/StraceExample.kt:52:16 Unresolved reference 'execWithStrace'.
e: file:///Users/jim/work/v2superbikeshed/Trikeshed/src/commonMain/kotlin/borg/trikeshed/strace/StraceExample.kt:60:21 Cannot infer type for this parameter. Specify it explicitly.
e: file:///Users/jim/work/v2superbikeshed/Trikeshed/src/commonMain/kotlin/borg/trikeshed/strace/StraceExample.kt:61:62 Unresolved reference 'syscall'.
e: file:///Users/jim/work/v2superbikeshed/Trikeshed/src/commonMain/kotlin/borg/trikeshed/strace/StraceExample.kt:64:31 Unresolved reference 'timestamp'.
e: file:///Users/jim/work/v2superbikeshed/Trikeshed/src/commonMain/kotlin/borg/trikeshed/strace/StraceExample.kt:64:51 Unresolved reference 'pid'.
e: file:///Users/jim/work/v2superbikeshed/Trikeshed/src/commonMain/kotlin/borg/trikeshed/strace/StraceExample.kt:64:64 Unresolved reference 'syscall'.
e: file:///Users/jim/work/v2superbikeshed/Trikeshed/src/commonMain/kotlin/borg/trikeshed/strace/StraceExample.kt:64:83 Unresolved reference 'result'.
e: file:///Users/jim/work/v2superbikeshed/Trikeshed/src/commonMain/kotlin/borg/trikeshed/strace/StraceExample.kt:68:23 Unresolved reference 'error'.
e: file:///Users/jim/work/v2superbikeshed/Trikeshed/src/commonMain/kotlin/borg/trikeshed/strace/StraceExample.kt:69:57 Unresolved reference 'result'.
e: file:///Users/jim/work/v2superbikeshed/Trikeshed/src/commonMain/kotlin/borg/trikeshed/strace/StraceExample.kt:80:22 Interface 'interface StraceAttention : Any' does not have constructors.
e: file:///Users/jim/work/v2superbikeshed/Trikeshed/src/commonMain/kotlin/borg/trikeshed/strace/StraceExample.kt:83:16 Unresolved reference 'execWithStrace'.
e: file:///Users/jim/work/v2superbikeshed/Trikeshed/src/commonMain/kotlin/borg/trikeshed/strace/StraceExample.kt:91:11 Cannot infer type for this parameter. Specify it explicitly.
e: file:///Users/jim/work/v2superbikeshed/Trikeshed/src/commonMain/kotlin/borg/trikeshed/strace/StraceExample.kt:92:20 Cannot infer type for this parameter. Specify it explicitly.
e: file:///Users/jim/work/v2superbikeshed/Trikeshed/src/commonMain/kotlin/borg/trikeshed/strace/StraceExample.kt:93:32 Cannot infer type for this parameter. Specify it explicitly.
e: file:///Users/jim/work/v2superbikeshed/Trikeshed/src/commonMain/kotlin/borg/trikeshed/strace/StraceExample.kt:93:32 Not enough information to infer type argument for 'T'.
e: file:///Users/jim/work/v2superbikeshed/Trikeshed/src/commonMain/kotlin/borg/trikeshed/strace/StraceExample.kt:96:37 Cannot infer type for this parameter. Specify it explicitly.
e: file:///Users/jim/work/v2superbikeshed/Trikeshed/src/commonMain/kotlin/borg/trikeshed/strace/StraceExample.kt:96:37 Not enough information to infer type argument for 'T'.
e: file:///Users/jim/work/v2superbikeshed/Trikeshed/src/commonMain/kotlin/borg/trikeshed/strace/StraceExample.kt:96:37 Not enough information to infer type argument for 'K'.
e: file:///Users/jim/work/v2superbikeshed/Trikeshed/src/commonMain/kotlin/borg/trikeshed/strace/StraceExample.kt:96:45 Cannot infer type for this parameter. Specify it explicitly.
e: file:///Users/jim/work/v2superbikeshed/Trikeshed/src/commonMain/kotlin/borg/trikeshed/strace/StraceExample.kt:96:50 Unresolved reference 'syscall'.
e: file:///Users/jim/work/v2superbikeshed/Trikeshed/src/commonMain/kotlin/borg/trikeshed/strace/StraceExample.kt:96:60 Cannot infer type for this parameter. Specify it explicitly.
e: file:///Users/jim/work/v2superbikeshed/Trikeshed/src/commonMain/kotlin/borg/trikeshed/strace/StraceExample.kt:96:60 Not enough information to infer type argument for 'K'.
e: file:///Users/jim/work/v2superbikeshed/Trikeshed/src/commonMain/kotlin/borg/trikeshed/strace/StraceExample.kt:96:60 Not enough information to infer type argument for 'V'.
e: file:///Users/jim/work/v2superbikeshed/Trikeshed/src/commonMain/kotlin/borg/trikeshed/strace/StraceExample.kt:96:81 Unresolved reference 'size'.
e: file:///Users/jim/work/v2superbikeshed/Trikeshed/src/commonMain/kotlin/borg/trikeshed/strace/StraceExample.kt:97:59 Cannot infer type for this parameter. Specify it explicitly.
e: file:///Users/jim/work/v2superbikeshed/Trikeshed/src/commonMain/kotlin/borg/trikeshed/strace/StraceExample.kt:97:59 Not enough information to infer type argument for 'T'.
e: file:///Users/jim/work/v2superbikeshed/Trikeshed/src/commonMain/kotlin/borg/trikeshed/strace/StraceExample.kt:97:63 Cannot infer type for this parameter. Specify it explicitly.
e: file:///Users/jim/work/v2superbikeshed/Trikeshed/src/commonMain/kotlin/borg/trikeshed/strace/StraceExample.kt:97:68 Unresolved reference 'syscall'.
e: file:///Users/jim/work/v2superbikeshed/Trikeshed/src/commonMain/kotlin/borg/trikeshed/strace/StraceExample.kt:102:58 Cannot infer type for this parameter. Specify it explicitly.
e: file:///Users/jim/work/v2superbikeshed/Trikeshed/src/commonMain/kotlin/borg/trikeshed/strace/StraceExample.kt:102:58 Not enough information to infer type argument for 'T'.
e: file:///Users/jim/work/v2superbikeshed/Trikeshed/src/commonMain/kotlin/borg/trikeshed/strace/StraceExample.kt:102:58 Not enough information to infer type argument for 'R'.
e: file:///Users/jim/work/v2superbikeshed/Trikeshed/src/commonMain/kotlin/borg/trikeshed/strace/StraceExample.kt:102:77 Cannot infer type for this parameter. Specify it explicitly.
e: file:///Users/jim/work/v2superbikeshed/Trikeshed/src/commonMain/kotlin/borg/trikeshed/strace/StraceExample.kt:102:82 Unresolved reference 'value'.
e: file:///Users/jim/work/v2superbikeshed/Trikeshed/src/commonMain/kotlin/borg/trikeshed/strace/StraceExample.kt:102:90 Cannot infer type for this parameter. Specify it explicitly.
e: file:///Users/jim/work/v2superbikeshed/Trikeshed/src/commonMain/kotlin/borg/trikeshed/strace/StraceExample.kt:102:90 Not enough information to infer type argument for 'T'.
e: file:///Users/jim/work/v2superbikeshed/Trikeshed/src/commonMain/kotlin/borg/trikeshed/strace/StraceExample.kt:111:22 Interface 'interface StraceAttention : Any' does not have constructors.
e: file:///Users/jim/work/v2superbikeshed/Trikeshed/src/commonMain/kotlin/borg/trikeshed/strace/StraceExample.kt:115:16 Unresolved reference 'execWithStrace'.
e: file:///Users/jim/work/v2superbikeshed/Trikeshed/src/commonMain/kotlin/borg/trikeshed/strace/StraceExample.kt:119:21 Cannot infer type for this parameter. Specify it explicitly.
e: file:///Users/jim/work/v2superbikeshed/Trikeshed/src/commonMain/kotlin/borg/trikeshed/strace/StraceExample.kt:125:16 Unresolved reference 'analyzeAttention'.
e: file:///Users/jim/work/v2superbikeshed/Trikeshed/src/commonMain/kotlin/borg/trikeshed/strace/StraceExample.kt:125:77 Cannot infer type for this parameter. Specify it explicitly.
e: file:///Users/jim/work/v2superbikeshed/Trikeshed/src/commonMain/kotlin/borg/trikeshed/strace/StraceExample.kt:130:29 Unresolved reference 'generateLLMPrompt'.
e: file:///Users/jim/work/v2superbikeshed/Trikeshed/src/commonMain/kotlin/borg/trikeshed/strace/StraceExample.kt:140:22 Interface 'interface StraceAttention : Any' does not have constructors.
e: file:///Users/jim/work/v2superbikeshed/Trikeshed/src/commonMain/kotlin/borg/trikeshed/strace/StraceExample.kt:142:16 Unresolved reference 'execWithStrace'.
e: file:///Users/jim/work/v2superbikeshed/Trikeshed/src/commonMain/kotlin/borg/trikeshed/strace/StraceExample.kt:150:21 Cannot infer type for this parameter. Specify it explicitly.
e: file:///Users/jim/work/v2superbikeshed/Trikeshed/src/commonMain/kotlin/borg/trikeshed/strace/StraceExample.kt:151:62 Unresolved reference 'syscall'.
e: file:///Users/jim/work/v2superbikeshed/Trikeshed/src/commonMain/kotlin/borg/trikeshed/strace/StraceExample.kt:154:53 Unresolved reference 'syscall'.
e: file:///Users/jim/work/v2superbikeshed/Trikeshed/src/commonMain/kotlin/borg/trikeshed/strace/StraceExample.kt:155:41 Unresolved reference 'pid'.
e: file:///Users/jim/work/v2superbikeshed/Trikeshed/src/commonMain/kotlin/borg/trikeshed/strace/StraceExample.kt:156:42 Unresolved reference 'args'.
e: file:///Users/jim/work/v2superbikeshed/Trikeshed/src/commonMain/kotlin/borg/trikeshed/strace/StraceExample.kt:157:44 Unresolved reference 'result'.
e: file:///Users/jim/work/v2superbikeshed/Trikeshed/src/commonMain/kotlin/borg/trikeshed/strace/StraceExample.kt:168:22 Interface 'interface StraceAttention : Any' does not have constructors.
e: file:///Users/jim/work/v2superbikeshed/Trikeshed/src/commonMain/kotlin/borg/trikeshed/strace/StraceExample.kt:170:16 Unresolved reference 'execWithStrace'.
e: file:///Users/jim/work/v2superbikeshed/Trikeshed/src/commonMain/kotlin/borg/trikeshed/strace/StraceExample.kt:177:21 Cannot infer type for this parameter. Specify it explicitly.
e: file:///Users/jim/work/v2superbikeshed/Trikeshed/src/commonMain/kotlin/borg/trikeshed/strace/StraceExample.kt:179:23 Unresolved reference 'syscall'.
e: file:///Users/jim/work/v2superbikeshed/Trikeshed/src/commonMain/kotlin/borg/trikeshed/strace/StraceExample.kt:180:38 Unresolved reference 'duration'.
e: file:///Users/jim/work/v2superbikeshed/Trikeshed/src/commonMain/kotlin/borg/trikeshed/strace/StraceExample.kt:181:38 Unresolved reference 'args'.
e: file:///Users/jim/work/v2superbikeshed/Trikeshed/src/commonMain/kotlin/borg/trikeshed/strace/StraceExample.kt:184:51 Unresolved reference 'syscall'.
e: file:///Users/jim/work/v2superbikeshed/Trikeshed/src/commonMain/kotlin/borg/trikeshed/torrent/TorrentKettle.kt:3:27 Conflicting import: imported name 'Indexed' is ambiguous.
e: file:///Users/jim/work/v2superbikeshed/Trikeshed/src/commonMain/kotlin/borg/trikeshed/torrent/TorrentKettle.kt:4:27 Conflicting import: imported name 'Indexed' is ambiguous.
e: file:///Users/jim/work/v2superbikeshed/Trikeshed/src/commonMain/kotlin/borg/trikeshed/torrent/TorrentKettle.kt:140:53 Type mismatch: inferred type is 'IntRange', but 'Int' was expected.
e: file:///Users/jim/work/v2superbikeshed/Trikeshed/src/commonMain/kotlin/borg/trikeshed/torrent/TorrentKettle.kt:224:25 Unresolved reference. None of the following candidates is applicable because of a receiver type mismatch:
fun MatchGroupCollection.get(name: String): MatchGroup?
e: file:///Users/jim/work/v2superbikeshed/Trikeshed/src/commonMain/kotlin/borg/trikeshed/torrent/TorrentKettle.kt:225:30 Type inference failed. The value of the type parameter 'K' must be mentioned in input types (argument types, receiver type, or expected type). Try to specify it explicitly.
e: file:///Users/jim/work/v2superbikeshed/Trikeshed/src/commonMain/kotlin/borg/trikeshed/torrent/TorrentKettle.kt:228:41 Argument type mismatch: actual type is 'MatchGroup?', but 'Int' was expected.
e: file:///Users/jim/work/v2superbikeshed/Trikeshed/src/commonMain/kotlin/borg/trikeshed/torrent/TorrentKettle.kt:263:38 Type mismatch: inferred type is 'IntRange', but 'Int' was expected.
e: file:///Users/jim/work/v2superbikeshed/Trikeshed/src/commonMain/kotlin/borg/trikeshed/torrent/TorrentKettle.kt:264:13 Suspension functions can only be called within coroutine body.
e: file:///Users/jim/work/v2superbikeshed/Trikeshed/src/commonMain/kotlin/borg/trikeshed/torrent/TorrentKettle.kt:272:13 Unresolved reference. None of the following candidates is applicable because of a receiver type mismatch:
fun MatchGroupCollection.get(name: String): MatchGroup?
e: file:///Users/jim/work/v2superbikeshed/Trikeshed/src/commonMain/kotlin/borg/trikeshed/torrent/TorrentKettle.kt:272:13 Argument type mismatch: actual type is 'V? (of fun <K, V> Map<out K, V>.get)', but 'Byte' was expected.
e: file:///Users/jim/work/v2superbikeshed/Trikeshed/src/commonMain/kotlin/borg/trikeshed/torrent/TorrentKettle.kt:272:13 Cannot infer type for this parameter. Specify it explicitly.
e: file:///Users/jim/work/v2superbikeshed/Trikeshed/src/commonMain/kotlin/borg/trikeshed/torrent/TorrentKettle.kt:272:30 Unresolved reference 'data'.
e: file:///Users/jim/work/v2superbikeshed/Trikeshed/src/commonMain/kotlin/borg/trikeshed/torrent/TorrentKettle.kt:278:32 Argument type mismatch: actual type is 'MatchGroup?', but 'Byte' was expected.
e: file:///Users/jim/work/v2superbikeshed/Trikeshed/src/commonMain/kotlin/borg/trikeshed/torrent/TorrentKettle.kt:278:32 Unresolved reference. None of the following candidates is applicable because of a receiver type mismatch:
fun MatchGroupCollection.get(name: String): MatchGroup?
e: file:///Users/jim/work/v2superbikeshed/Trikeshed/src/commonMain/kotlin/borg/trikeshed/torrent/TorrentKettle.kt:296:29 Argument type mismatch: actual type is 'Join<ByteArray, Function0<Byte>>', but 'Join<Int, Function1<Int, Byte>>' was expected.
e: file:///Users/jim/work/v2superbikeshed/Trikeshed/src/commonMain/kotlin/borg/trikeshed/torrent/TorrentKettle.kt:296:54 Unresolved reference 'it'.
e: file:///Users/jim/work/v2superbikeshed/Trikeshed/src/commonMain/kotlin/borg/trikeshed/torrent/TorrentKettle.kt:305:24 Argument type mismatch: actual type is 'Join<IntArray, B (of fun <A, B> A.j)>', but 'Join<Int, Function1<Int, Int>>' was expected.
e: file:///Users/jim/work/v2superbikeshed/Trikeshed/src/commonMain/kotlin/borg/trikeshed/torrent/TorrentKettle.kt:305:64 Cannot infer type for this parameter. Specify it explicitly.
e: file:///Users/jim/work/v2superbikeshed/Trikeshed/src/commonMain/kotlin/borg/trikeshed/torrent/TorrentKettle.kt:305:68 Unresolved reference 'it'.
e: file:///Users/jim/work/v2superbikeshed/Trikeshed/src/commonMain/kotlin/borg/trikeshed/torrent/TorrentKettle.kt:350:16 Unresolved reference 'System'.
e: file:///Users/jim/work/v2superbikeshed/Trikeshed/src/commonMain/kotlin/borg/trikeshed/torrent/TorrentKettle.kt:354:16 Unresolved reference 'System'.
e: file:///Users/jim/work/v2superbikeshed/Trikeshed/src/commonMain/kotlin/borg/trikeshed/trie/OuroborosPatriciaTrie.kt:93:28 Cannot infer type for this parameter. Specify it explicitly.
e: file:///Users/jim/work/v2superbikeshed/Trikeshed/src/commonMain/kotlin/borg/trikeshed/trie/OuroborosPatriciaTrie.kt:94:40 Cannot infer type for this parameter. Specify it explicitly.
e: file:///Users/jim/work/v2superbikeshed/Trikeshed/src/commonMain/kotlin/borg/trikeshed/trie/OuroborosPatriciaTrie.kt:94:40 Unresolved reference. None of the following candidates is applicable because of a receiver type mismatch:
fun <T> Join<Int, Function1<Int, Join<Any?, TypeMemento>>>.get(column: Column<T>): T?
e: file:///Users/jim/work/v2superbikeshed/Trikeshed/src/commonMain/kotlin/borg/trikeshed/trie/OuroborosPatriciaTrie.kt:94:85 Argument type mismatch: actual type is 'Join<Int, Function1<Int, Join<Any?, TypeMemento>>>', but 'Join<Int, Function1<Int, CompressedPatriciaNode<V (of fun <V, M> CompressedPatriciaNode<V, M>.insert), M (of fun <V, M> CompressedPatriciaNode<V, M>.insert)>>>' was expected.
e: file:///Users/jim/work/v2superbikeshed/Trikeshed/src/commonMain/kotlin/borg/trikeshed/trie/OuroborosPatriciaTrie.kt:94:85 Argument type mismatch: actual type is 'T? (of fun <T> Join<Int, Function1<Int, Join<Any?, TypeMemento>>>.get)', but 'K (of fun <K> WHEN_CALL)' was expected.
e: file:///Users/jim/work/v2superbikeshed/Trikeshed/src/commonMain/kotlin/borg/trikeshed/trie/OuroborosPatriciaTrie.kt:94:85 Cannot infer type for this parameter. Specify it explicitly.
e: file:///Users/jim/work/v2superbikeshed/Trikeshed/src/commonMain/kotlin/borg/trikeshed/trie/OuroborosPatriciaTrie.kt:94:85 Unresolved reference. None of the following candidates is applicable because of a receiver type mismatch:
fun <T> Join<Int, Function1<Int, Join<Any?, TypeMemento>>>.get(column: Column<T>): T?
e: file:///Users/jim/work/v2superbikeshed/Trikeshed/src/commonMain/kotlin/borg/trikeshed/trie/OuroborosPatriciaTrie.kt:100:25 Cannot infer type for this parameter. Specify it explicitly.
e: file:///Users/jim/work/v2superbikeshed/Trikeshed/src/commonMain/kotlin/borg/trikeshed/trie/OuroborosPatriciaTrie.kt:100:59 Argument type mismatch: actual type is 'Join<Int, Function1<Int, Join<Any?, TypeMemento>>>', but 'Join<Int, Function1<Int, CompressedPatriciaNode<V (of fun <V, M> CompressedPatriciaNode<V, M>.insert), M (of fun <V, M> CompressedPatriciaNode<V, M>.insert)>>>' was expected.
e: file:///Users/jim/work/v2superbikeshed/Trikeshed/src/commonMain/kotlin/borg/trikeshed/trie/OuroborosPatriciaTrie.kt:100:59 Argument type mismatch: actual type is 'T? (of fun <T> Join<Int, Function1<Int, Join<Any?, TypeMemento>>>.get)', but 'K (of fun <K> WHEN_CALL)' was expected.
e: file:///Users/jim/work/v2superbikeshed/Trikeshed/src/commonMain/kotlin/borg/trikeshed/trie/OuroborosPatriciaTrie.kt:100:59 Cannot infer type for this parameter. Specify it explicitly.
e: file:///Users/jim/work/v2superbikeshed/Trikeshed/src/commonMain/kotlin/borg/trikeshed/trie/OuroborosPatriciaTrie.kt:100:59 Unresolved reference. None of the following candidates is applicable because of a receiver type mismatch:
fun <T> Join<Int, Function1<Int, Join<Any?, TypeMemento>>>.get(column: Column<T>): T?
e: file:///Users/jim/work/v2superbikeshed/Trikeshed/src/commonMain/kotlin/borg/trikeshed/trie/OuroborosPatriciaTrie.kt:100:76 Argument type mismatch: actual type is 'CompressedPatriciaNode<V (of fun <V, M> CompressedPatriciaNode<V, M>.insert), M (of fun <V, M> CompressedPatriciaNode<V, M>.insert)>', but 'K (of fun <K> WHEN_CALL)' was expected.
e: file:///Users/jim/work/v2superbikeshed/Trikeshed/src/commonMain/kotlin/borg/trikeshed/wireproto/TrikeShedWireProto.kt:141:31 Cannot infer type for this parameter. Specify it explicitly.
e: file:///Users/jim/work/v2superbikeshed/Trikeshed/src/commonMain/kotlin/borg/trikeshed/wireproto/TrikeShedWireProto.kt:141:31 Unresolved reference. None of the following candidates is applicable because of a receiver type mismatch:
fun <T> Join<Int, Function1<Int, Join<Any?, TypeMemento>>>.get(column: Column<T>): T?
e: file:///Users/jim/work/v2superbikeshed/Trikeshed/src/commonMain/kotlin/borg/trikeshed/wireproto/TrikeShedWireProto.kt:413:9 Cannot infer type for this parameter. Specify it explicitly.
e: file:///Users/jim/work/v2superbikeshed/Trikeshed/src/commonMain/kotlin/borg/trikeshed/wireproto/TrikeShedWireProto.kt:413:9 Unresolved reference. None of the following candidates is applicable because of a receiver type mismatch:
fun <T> Join<Int, Function1<Int, Join<Any?, TypeMemento>>>.get(column: Column<T>): T?
e: file:///Users/jim/work/v2superbikeshed/Trikeshed/src/commonMain/kotlin/borg/trikeshed/wireproto/TrikeShedWireProto.kt:447:54 Argument type mismatch: actual type is 'Join<Int, Function1<Int, Byte>>', but 'K (of fun <K> WHEN_CALL)' was expected.
e: file:///Users/jim/work/v2superbikeshed/Trikeshed/src/commonMain/kotlin/borg/trikeshed/wireproto/TrikeShedWireProto.kt:448:16 Cannot check for instance of erased type 'Join<Int, Function1<Int, *>>'.
e: file:///Users/jim/work/v2superbikeshed/Trikeshed/src/commonMain/kotlin/borg/trikeshed/wireproto/TrikeShedWireProto.kt:448:30 Argument type mismatch: actual type is 'Join<Int, Function1<Int, Byte>>', but 'K (of fun <K> WHEN_CALL)' was expected.
e: file:///Users/jim/work/v2superbikeshed/Trikeshed/src/commonMain/kotlin/borg/trikeshed/wireproto/TrikeShedWireProto.kt:449:21 Cannot infer type for this parameter. Specify it explicitly.
e: file:///Users/jim/work/v2superbikeshed/Trikeshed/src/commonMain/kotlin/borg/trikeshed/wireproto/TrikeShedWireProto.kt:449:21 Not enough information to infer type argument for 'T'.
e: file:///Users/jim/work/v2superbikeshed/Trikeshed/src/commonMain/kotlin/borg/trikeshed/wireproto/TrikeShedWireProto.kt:449:21 Unresolved reference. None of the following candidates is applicable because of a receiver type mismatch:
fun <T> Join<Shape, Function1<Shape, T>>.invoke(index: Int): T
e: file:///Users/jim/work/v2superbikeshed/Trikeshed/src/commonMain/kotlin/borg/trikeshed/wireproto/TrikeShedWireProto.kt:449:21 Argument type mismatch: actual type is 'T (of fun <T> Join<Shape, Function1<Shape, T>>.invoke)', but 'K (of fun <K> WHEN_CALL)' was expected.
e: file:///Users/jim/work/v2superbikeshed/Trikeshed/src/commonMain/kotlin/borg/trikeshed/wireproto/TrikeShedWireProto.kt:454:50 Cannot infer type for this parameter. Specify it explicitly.
e: file:///Users/jim/work/v2superbikeshed/Trikeshed/src/commonMain/kotlin/borg/trikeshed/wireproto/TrikeShedWireProto.kt:454:50 Unresolved reference. None of the following candidates is applicable because of a receiver type mismatch:
fun <T> Join<Int, Function1<Int, Join<Any?, TypeMemento>>>.get(column: Column<T>): T?
e: file:///Users/jim/work/v2superbikeshed/Trikeshed/src/commonMain/kotlin/borg/trikeshed/wireproto/WireProto.kt:32:16 Cannot infer type for this parameter. Specify it explicitly.
e: file:///Users/jim/work/v2superbikeshed/Trikeshed/src/commonMain/kotlin/borg/trikeshed/wireproto/WireProto.kt:32:16 Not enough information to infer type argument for 'T'.
e: file:///Users/jim/work/v2superbikeshed/Trikeshed/src/commonMain/kotlin/borg/trikeshed/wireproto/WireProto.kt:32:16 Unresolved reference. None of the following candidates is applicable because of a receiver type mismatch:
fun <T> Join<Shape, Function1<Shape, T>>.invoke(index: Int): T
e: file:///Users/jim/work/v2superbikeshed/Trikeshed/src/macosMain/kotlin/borg/trikeshed/io/KQueueAsyncIOEngine.kt:21:14 Unresolved reference 'kqueue'.
e: file:///Users/jim/work/v2superbikeshed/Trikeshed/src/macosMain/kotlin/borg/trikeshed/io/KQueueAsyncIOEngine.kt:23:59 This declaration needs opt-in. Its usage must be marked with '@kotlinx.cinterop.ExperimentalForeignApi' or '@OptIn(kotlinx.cinterop.ExperimentalForeignApi::class)'
e: file:///Users/jim/work/v2superbikeshed/Trikeshed/src/macosMain/kotlin/borg/trikeshed/io/KQueueAsyncIOEngine.kt:23:76 This declaration needs opt-in. Its usage must be marked with '@kotlinx.cinterop.ExperimentalForeignApi' or '@OptIn(kotlinx.cinterop.ExperimentalForeignApi::class)'
e: file:///Users/jim/work/v2superbikeshed/Trikeshed/src/macosMain/kotlin/borg/trikeshed/io/KQueueAsyncIOEngine.kt:35:33 This declaration needs opt-in. Its usage must be marked with '@kotlinx.cinterop.ExperimentalForeignApi' or '@OptIn(kotlinx.cinterop.ExperimentalForeignApi::class)'
e: file:///Users/jim/work/v2superbikeshed/Trikeshed/src/macosMain/kotlin/borg/trikeshed/io/KQueueAsyncIOEngine.kt:36:22 This declaration needs opt-in. Its usage must be marked with '@kotlinx.cinterop.ExperimentalForeignApi' or '@OptIn(kotlinx.cinterop.ExperimentalForeignApi::class)'
e: file:///Users/jim/work/v2superbikeshed/Trikeshed/src/macosMain/kotlin/borg/trikeshed/io/KQueueAsyncIOEngine.kt:36:22 Unresolved reference. None of the following candidates is applicable because of a receiver type mismatch:
fun <reified T : CVariable> NativePlacement.allocArray(length: Int): CPointer<T>
e: file:///Users/jim/work/v2superbikeshed/Trikeshed/src/macosMain/kotlin/borg/trikeshed/io/KQueueAsyncIOEngine.kt:36:33 Unresolved reference 'kevent'.
e: file:///Users/jim/work/v2superbikeshed/Trikeshed/src/macosMain/kotlin/borg/trikeshed/io/KQueueAsyncIOEngine.kt:38:16 None of the following candidates is applicable:
val CoroutineScope.isActive: Boolean
val CoroutineContext.isActive: Boolean
e: file:///Users/jim/work/v2superbikeshed/Trikeshed/src/macosMain/kotlin/borg/trikeshed/io/KQueueAsyncIOEngine.kt:39:21 Unresolved reference 'kevent'.
e: file:///Users/jim/work/v2superbikeshed/Trikeshed/src/macosMain/kotlin/borg/trikeshed/io/KQueueAsyncIOEngine.kt:39:41 This declaration needs opt-in. Its usage must be marked with '@kotlinx.cinterop.ExperimentalForeignApi' or '@OptIn(kotlinx.cinterop.ExperimentalForeignApi::class)'
e: file:///Users/jim/work/v2superbikeshed/Trikeshed/src/macosMain/kotlin/borg/trikeshed/io/KQueueAsyncIOEngine.kt:43:53 This declaration needs opt-in. Its usage must be marked with '@kotlinx.cinterop.ExperimentalForeignApi' or '@OptIn(kotlinx.cinterop.ExperimentalForeignApi::class)'
e: file:///Users/jim/work/v2superbikeshed/Trikeshed/src/macosMain/kotlin/borg/trikeshed/io/KQueueAsyncIOEngine.kt:43:70 This declaration needs opt-in. Its usage must be marked with '@kotlinx.cinterop.ExperimentalForeignApi' or '@OptIn(kotlinx.cinterop.ExperimentalForeignApi::class)'
e: file:///Users/jim/work/v2superbikeshed/Trikeshed/src/macosMain/kotlin/borg/trikeshed/io/KQueueAsyncIOEngine.kt:47:29 This declaration needs opt-in. Its usage must be marked with '@kotlinx.cinterop.ExperimentalForeignApi' or '@OptIn(kotlinx.cinterop.ExperimentalForeignApi::class)'
e: file:///Users/jim/work/v2superbikeshed/Trikeshed/src/macosMain/kotlin/borg/trikeshed/io/KQueueAsyncIOEngine.kt:48:35 Unresolved reference 'udata'.
e: file:///Users/jim/work/v2superbikeshed/Trikeshed/src/macosMain/kotlin/borg/trikeshed/io/KQueueAsyncIOEngine.kt:48:42 This declaration needs opt-in. Its usage must be marked with '@kotlinx.cinterop.ExperimentalForeignApi' or '@OptIn(kotlinx.cinterop.ExperimentalForeignApi::class)'
e: file:///Users/jim/work/v2superbikeshed/Trikeshed/src/macosMain/kotlin/borg/trikeshed/io/KQueueAsyncIOEngine.kt:48:73 This declaration needs opt-in. Its usage must be marked with '@kotlinx.cinterop.ExperimentalForeignApi' or '@OptIn(kotlinx.cinterop.ExperimentalForeignApi::class)'
e: file:///Users/jim/work/v2superbikeshed/Trikeshed/src/macosMain/kotlin/borg/trikeshed/io/KQueueAsyncIOEngine.kt:50:50 Unresolved reference 'data'.
e: file:///Users/jim/work/v2superbikeshed/Trikeshed/src/macosMain/kotlin/borg/trikeshed/io/KQueueAsyncIOEngine.kt:51:43 Unresolved reference 'flags'.
e: file:///Users/jim/work/v2superbikeshed/Trikeshed/src/macosMain/kotlin/borg/trikeshed/io/KQueueAsyncIOEngine.kt:51:61 Unresolved reference 'EV_ERROR'.
e: file:///Users/jim/work/v2superbikeshed/Trikeshed/src/macosMain/kotlin/borg/trikeshed/io/KQueueAsyncIOEngine.kt:51:82 Unresolved reference 'data'.
e: file:///Users/jim/work/v2superbikeshed/Trikeshed/src/macosMain/kotlin/borg/trikeshed/io/KQueueAsyncIOEngine.kt:55:27 This declaration needs opt-in. Its usage must be marked with '@kotlinx.cinterop.ExperimentalForeignApi' or '@OptIn(kotlinx.cinterop.ExperimentalForeignApi::class)'
e: file:///Users/jim/work/v2superbikeshed/Trikeshed/src/macosMain/kotlin/borg/trikeshed/io/KQueueAsyncIOEngine.kt:55:31 This declaration needs opt-in. Its usage must be marked with '@kotlinx.cinterop.ExperimentalForeignApi' or '@OptIn(kotlinx.cinterop.ExperimentalForeignApi::class)'
e: file:///Users/jim/work/v2superbikeshed/Trikeshed/src/macosMain/kotlin/borg/trikeshed/io/KQueueAsyncIOEngine.kt:64:25 This declaration needs opt-in. Its usage must be marked with '@kotlinx.cinterop.ExperimentalForeignApi' or '@OptIn(kotlinx.cinterop.ExperimentalForeignApi::class)'
e: file:///Users/jim/work/v2superbikeshed/Trikeshed/src/macosMain/kotlin/borg/trikeshed/io/KQueueAsyncIOEngine.kt:64:35 This declaration needs opt-in. Its usage must be marked with '@kotlinx.cinterop.ExperimentalForeignApi' or '@OptIn(kotlinx.cinterop.ExperimentalForeignApi::class)'
e: file:///Users/jim/work/v2superbikeshed/Trikeshed/src/macosMain/kotlin/borg/trikeshed/io/KQueueAsyncIOEngine.kt:64:50 This declaration needs opt-in. Its usage must be marked with '@kotlinx.cinterop.ExperimentalForeignApi' or '@OptIn(kotlinx.cinterop.ExperimentalForeignApi::class)'
e: file:///Users/jim/work/v2superbikeshed/Trikeshed/src/macosMain/kotlin/borg/trikeshed/io/KQueueAsyncIOEngine.kt:66:13 This declaration needs opt-in. Its usage must be marked with '@kotlinx.cinterop.ExperimentalForeignApi' or '@OptIn(kotlinx.cinterop.ExperimentalForeignApi::class)'
e: file:///Users/jim/work/v2superbikeshed/Trikeshed/src/macosMain/kotlin/borg/trikeshed/io/KQueueAsyncIOEngine.kt:67:26 None of the following candidates is applicable:
fun alloc(size: Long, align: Int): NativePointed
fun alloc(size: Int, align: Int): NativePointed
fun NativePlacement.alloc(type: CVariable.Type): NativePointed
e: file:///Users/jim/work/v2superbikeshed/Trikeshed/src/macosMain/kotlin/borg/trikeshed/io/KQueueAsyncIOEngine.kt:67:32 Unresolved reference 'kevent'.
e: file:///Users/jim/work/v2superbikeshed/Trikeshed/src/macosMain/kotlin/borg/trikeshed/io/KQueueAsyncIOEngine.kt:69:48 Unresolved reference 'EVFILT_READ'.
e: file:///Users/jim/work/v2superbikeshed/Trikeshed/src/macosMain/kotlin/borg/trikeshed/io/KQueueAsyncIOEngine.kt:70:49 Unresolved reference 'EVFILT_WRITE'.
e: file:///Users/jim/work/v2superbikeshed/Trikeshed/src/macosMain/kotlin/borg/trikeshed/io/KQueueAsyncIOEngine.kt:73:17 Unresolved reference 'EV_SET'.
e: file:///Users/jim/work/v2superbikeshed/Trikeshed/src/macosMain/kotlin/borg/trikeshed/io/KQueueAsyncIOEngine.kt:73:27 Cannot infer type for this parameter. Specify it explicitly.
e: file:///Users/jim/work/v2superbikeshed/Trikeshed/src/macosMain/kotlin/borg/trikeshed/io/KQueueAsyncIOEngine.kt:73:27 This declaration needs opt-in. Its usage must be marked with '@kotlinx.cinterop.ExperimentalForeignApi' or '@OptIn(kotlinx.cinterop.ExperimentalForeignApi::class)'
e: file:///Users/jim/work/v2superbikeshed/Trikeshed/src/macosMain/kotlin/borg/trikeshed/io/KQueueAsyncIOEngine.kt:73:35 Unresolved reference 'fd'.
e: file:///Users/jim/work/v2superbikeshed/Trikeshed/src/macosMain/kotlin/borg/trikeshed/io/KQueueAsyncIOEngine.kt:73:38 Cannot infer type for this parameter. Specify it explicitly.
e: file:///Users/jim/work/v2superbikeshed/Trikeshed/src/macosMain/kotlin/borg/trikeshed/io/KQueueAsyncIOEngine.kt:73:38 This declaration needs opt-in. Its usage must be marked with '@kotlinx.cinterop.ExperimentalForeignApi' or '@OptIn(kotlinx.cinterop.ExperimentalForeignApi::class)'
e: file:///Users/jim/work/v2superbikeshed/Trikeshed/src/macosMain/kotlin/borg/trikeshed/io/KQueueAsyncIOEngine.kt:73:56 Cannot infer type for this parameter. Specify it explicitly.
e: file:///Users/jim/work/v2superbikeshed/Trikeshed/src/macosMain/kotlin/borg/trikeshed/io/KQueueAsyncIOEngine.kt:73:56 This declaration needs opt-in. Its usage must be marked with '@kotlinx.cinterop.ExperimentalForeignApi' or '@OptIn(kotlinx.cinterop.ExperimentalForeignApi::class)'
e: file:///Users/jim/work/v2superbikeshed/Trikeshed/src/macosMain/kotlin/borg/trikeshed/io/KQueueAsyncIOEngine.kt:73:68 Unresolved reference 'EV_ADD'.
e: file:///Users/jim/work/v2superbikeshed/Trikeshed/src/macosMain/kotlin/borg/trikeshed/io/KQueueAsyncIOEngine.kt:73:78 Unresolved reference 'EV_ONESHOT'.
e: file:///Users/jim/work/v2superbikeshed/Trikeshed/src/macosMain/kotlin/borg/trikeshed/io/KQueueAsyncIOEngine.kt:73:90 Cannot infer type for this parameter. Specify it explicitly.
e: file:///Users/jim/work/v2superbikeshed/Trikeshed/src/macosMain/kotlin/borg/trikeshed/io/KQueueAsyncIOEngine.kt:73:90 This declaration needs opt-in. Its usage must be marked with '@kotlinx.cinterop.ExperimentalForeignApi' or '@OptIn(kotlinx.cinterop.ExperimentalForeignApi::class)'
e: file:///Users/jim/work/v2superbikeshed/Trikeshed/src/macosMain/kotlin/borg/trikeshed/io/KQueueAsyncIOEngine.kt:73:107 This declaration needs opt-in. Its usage must be marked with '@kotlinx.cinterop.ExperimentalForeignApi' or '@OptIn(kotlinx.cinterop.ExperimentalForeignApi::class)'
e: file:///Users/jim/work/v2superbikeshed/Trikeshed/src/macosMain/kotlin/borg/trikeshed/io/KQueueAsyncIOEngine.kt:75:21 Unresolved reference 'kevent'.
e: file:///Users/jim/work/v2superbikeshed/Trikeshed/src/macosMain/kotlin/borg/trikeshed/io/KQueueAsyncIOEngine.kt:75:35 Cannot infer type for this parameter. Specify it explicitly.
e: file:///Users/jim/work/v2superbikeshed/Trikeshed/src/macosMain/kotlin/borg/trikeshed/io/KQueueAsyncIOEngine.kt:75:35 This declaration needs opt-in. Its usage must be marked with '@kotlinx.cinterop.ExperimentalForeignApi' or '@OptIn(kotlinx.cinterop.ExperimentalForeignApi::class)'
e: file:///Users/jim/work/v2superbikeshed/Trikeshed/src/macosMain/kotlin/borg/trikeshed/io/KQueueAsyncIOEngine.kt:76:70 Unresolved reference 'fd'.
e: file:///Users/jim/work/v2superbikeshed/Trikeshed/src/macosMain/kotlin/borg/trikeshed/io/KQueueAsyncIOEngine.kt:76:89 This declaration needs opt-in. Its usage must be marked with '@kotlinx.cinterop.ExperimentalForeignApi' or '@OptIn(kotlinx.cinterop.ExperimentalForeignApi::class)'
e: file:///Users/jim/work/v2superbikeshed/Trikeshed/src/macosMain/kotlin/borg/trikeshed/io/KQueueAsyncIOEngine.kt:76:106 This declaration needs opt-in. Its usage must be marked with '@kotlinx.cinterop.ExperimentalForeignApi' or '@OptIn(kotlinx.cinterop.ExperimentalForeignApi::class)'
e: file:///Users/jim/work/v2superbikeshed/Trikeshed/src/macosMain/kotlin/borg/trikeshed/io/KQueueAsyncIOEngine.kt:83:24 This declaration needs opt-in. Its usage must be marked with '@kotlinx.cinterop.ExperimentalForeignApi' or '@OptIn(kotlinx.cinterop.ExperimentalForeignApi::class)'
e: file:///Users/jim/work/v2superbikeshed/Trikeshed/src/macosMain/kotlin/borg/trikeshed/io/KQueueAsyncIOEngine.kt:83:28 This declaration needs opt-in. Its usage must be marked with '@kotlinx.cinterop.ExperimentalForeignApi' or '@OptIn(kotlinx.cinterop.ExperimentalForeignApi::class)'
e: file:///Users/jim/work/v2superbikeshed/Trikeshed/src/macosMain/kotlin/borg/trikeshed/io/KQueueAsyncIOEngine.kt:93:15 This declaration needs opt-in. Its usage must be marked with '@kotlinx.cinterop.ExperimentalForeignApi' or '@OptIn(kotlinx.cinterop.ExperimentalForeignApi::class)'
e: file:///Users/jim/work/v2superbikeshed/Trikeshed/src/macosMain/kotlin/borg/trikeshed/io/KQueueAsyncIOEngine.kt:93:25 This declaration needs opt-in. Its usage must be marked with '@kotlinx.cinterop.ExperimentalForeignApi' or '@OptIn(kotlinx.cinterop.ExperimentalForeignApi::class)'
e: file:///Users/jim/work/v2superbikeshed/Trikeshed/src/nativeMain/kotlin/borg/trikeshed/common/HomedirGet.kt:11:16 Conflicting declarations:
actual val homedirGet: String
e: file:///Users/jim/work/v2superbikeshed/Trikeshed/src/nativeMain/kotlin/borg/trikeshed/common/ReadLines.kt:6:12 'actual fun readLinesSeq(path: String): Sequence<String>' has no corresponding expected declaration
e: file:///Users/jim/work/v2superbikeshed/Trikeshed/src/nativeMain/kotlin/borg/trikeshed/common/ReadLines.kt:10:12 'actual fun readLines(path: String): List<String>' has no corresponding expected declaration
e: file:///Users/jim/work/v2superbikeshed/Trikeshed/src/nativeMain/kotlin/borg/trikeshed/common/ReadLines.kt:10:52 Return type mismatch: expected 'List<String>', actual 'Join<Int, Function1<Int, String>>'.
e: file:///Users/jim/work/v2superbikeshed/Trikeshed/src/nativeMain/kotlin/borg/trikeshed/common/mktemp.kt:13:8 Conflicting overloads:
actual fun mktemp(): String
e: file:///Users/jim/work/v2superbikeshed/Trikeshed/src/nativeMain/kotlin/borg/trikeshed/common/mktemp.kt:21:8 Conflicting overloads:
actual fun rm(path: String): Boolean
e: file:///Users/jim/work/v2superbikeshed/Trikeshed/src/nativeMain/kotlin/borg/trikeshed/common/mktemp.kt:26:8 Conflicting overloads:
actual fun mkdir(path: String): Boolean
e: file:///Users/jim/work/v2superbikeshed/Trikeshed/src/nativeMain/kotlin/borg/trikeshed/common/mktemp.kt:28:46 Unresolved reference 'fromOctal'.
e: file:///Users/jim/work/v2superbikeshed/Trikeshed/src/nativeMain/kotlin/borg/trikeshed/io/Files.kt:10:59 This declaration needs opt-in. Its usage must be marked with '@kotlinx.cinterop.ExperimentalForeignApi' or '@OptIn(kotlinx.cinterop.ExperimentalForeignApi::class)'
e: file:///Users/jim/work/v2superbikeshed/Trikeshed/src/nativeMain/kotlin/borg/trikeshed/io/Files.kt:12:20 This declaration needs opt-in. Its usage must be marked with '@kotlinx.cinterop.ExperimentalForeignApi' or '@OptIn(kotlinx.cinterop.ExperimentalForeignApi::class)'
e: file:///Users/jim/work/v2superbikeshed/Trikeshed/src/nativeMain/kotlin/borg/trikeshed/io/Files.kt:13:13 This declaration needs opt-in. Its usage must be marked with '@kotlinx.cinterop.ExperimentalForeignApi' or '@OptIn(kotlinx.cinterop.ExperimentalForeignApi::class)'
e: file:///Users/jim/work/v2superbikeshed/Trikeshed/src/nativeMain/kotlin/borg/trikeshed/io/Files.kt:14:23 This declaration needs opt-in. Its usage must be marked with '@kotlinx.cinterop.ExperimentalForeignApi' or '@OptIn(kotlinx.cinterop.ExperimentalForeignApi::class)'
e: file:///Users/jim/work/v2superbikeshed/Trikeshed/src/nativeMain/kotlin/borg/trikeshed/io/Files.kt:14:32 This declaration needs opt-in. Its usage must be marked with '@kotlinx.cinterop.ExperimentalForeignApi' or '@OptIn(kotlinx.cinterop.ExperimentalForeignApi::class)'
e: file:///Users/jim/work/v2superbikeshed/Trikeshed/src/nativeMain/kotlin/borg/trikeshed/io/Files.kt:15:20 This declaration needs opt-in. Its usage must be marked with '@kotlinx.cinterop.ExperimentalForeignApi' or '@OptIn(kotlinx.cinterop.ExperimentalForeignApi::class)'
e: file:///Users/jim/work/v2superbikeshed/Trikeshed/src/nativeMain/kotlin/borg/trikeshed/io/Files.kt:15:26 This declaration needs opt-in. Its usage must be marked with '@kotlinx.cinterop.ExperimentalForeignApi' or '@OptIn(kotlinx.cinterop.ExperimentalForeignApi::class)'
e: file:///Users/jim/work/v2superbikeshed/Trikeshed/src/nativeMain/kotlin/borg/trikeshed/io/Files.kt:15:26 Argument type mismatch: actual type is 'CPointer<T (of val <T : CVariable> CValues<T>.ptr)>?', but 'CValuesRef<ByteVarOf<Byte>>?' was expected.
e: file:///Users/jim/work/v2superbikeshed/Trikeshed/src/nativeMain/kotlin/borg/trikeshed/io/Files.kt:15:32 Cannot infer type for this parameter. Specify it explicitly.
e: file:///Users/jim/work/v2superbikeshed/Trikeshed/src/nativeMain/kotlin/borg/trikeshed/io/Files.kt:15:32 This declaration needs opt-in. Its usage must be marked with '@kotlinx.cinterop.ExperimentalForeignApi' or '@OptIn(kotlinx.cinterop.ExperimentalForeignApi::class)'
e: file:///Users/jim/work/v2superbikeshed/Trikeshed/src/nativeMain/kotlin/borg/trikeshed/io/Files.kt:15:32 Unresolved reference. None of the following candidates is applicable because of a receiver type mismatch:
val <T : CVariable> CValues<T>.ptr: CPointer<T>
e: file:///Users/jim/work/v2superbikeshed/Trikeshed/src/nativeMain/kotlin/borg/trikeshed/io/Files.kt:15:37 Argument type mismatch: actual type is 'Int', but 'Int' was expected.
e: file:///Users/jim/work/v2superbikeshed/Trikeshed/src/nativeMain/kotlin/borg/trikeshed/io/Files.kt:15:40 Argument type mismatch: actual type is 'CPointer<__sFILE>', but 'CValuesRef<__sFILE>?' was expected.
e: file:///Users/jim/work/v2superbikeshed/Trikeshed/src/nativeMain/kotlin/borg/trikeshed/io/Files.kt:15:40 This declaration needs opt-in. Its usage must be marked with '@kotlinx.cinterop.ExperimentalForeignApi' or '@OptIn(kotlinx.cinterop.ExperimentalForeignApi::class)'
e: file:///Users/jim/work/v2superbikeshed/Trikeshed/src/nativeMain/kotlin/borg/trikeshed/io/Files.kt:16:27 This declaration needs opt-in. Its usage must be marked with '@kotlinx.cinterop.ExperimentalForeignApi' or '@OptIn(kotlinx.cinterop.ExperimentalForeignApi::class)'
e: file:///Users/jim/work/v2superbikeshed/Trikeshed/src/nativeMain/kotlin/borg/trikeshed/io/Files.kt:16:34 This declaration needs opt-in. Its usage must be marked with '@kotlinx.cinterop.ExperimentalForeignApi' or '@OptIn(kotlinx.cinterop.ExperimentalForeignApi::class)'
e: file:///Users/jim/work/v2superbikeshed/Trikeshed/src/nativeMain/kotlin/borg/trikeshed/io/Files.kt:18:13 This declaration needs opt-in. Its usage must be marked with '@kotlinx.cinterop.ExperimentalForeignApi' or '@OptIn(kotlinx.cinterop.ExperimentalForeignApi::class)'
e: file:///Users/jim/work/v2superbikeshed/Trikeshed/src/nativeMain/kotlin/borg/trikeshed/io/Files.kt:18:20 This declaration needs opt-in. Its usage must be marked with '@kotlinx.cinterop.ExperimentalForeignApi' or '@OptIn(kotlinx.cinterop.ExperimentalForeignApi::class)'
e: file:///Users/jim/work/v2superbikeshed/Trikeshed/src/nativeMain/kotlin/borg/trikeshed/io/Files.kt:29:9 This declaration needs opt-in. Its usage must be marked with '@kotlinx.cinterop.ExperimentalForeignApi' or '@OptIn(kotlinx.cinterop.ExperimentalForeignApi::class)'
e: file:///Users/jim/work/v2superbikeshed/Trikeshed/src/nativeMain/kotlin/borg/trikeshed/io/Files.kt:29:25 This declaration needs opt-in. Its usage must be marked with '@kotlinx.cinterop.ExperimentalForeignApi' or '@OptIn(kotlinx.cinterop.ExperimentalForeignApi::class)'
e: file:///Users/jim/work/v2superbikeshed/Trikeshed/src/nativeMain/kotlin/borg/trikeshed/io/Files.kt:41:9 This declaration needs opt-in. Its usage must be marked with '@kotlinx.cinterop.ExperimentalForeignApi' or '@OptIn(kotlinx.cinterop.ExperimentalForeignApi::class)'
e: file:///Users/jim/work/v2superbikeshed/Trikeshed/src/nativeMain/kotlin/borg/trikeshed/io/Files.kt:41:27 This declaration needs opt-in. Its usage must be marked with '@kotlinx.cinterop.ExperimentalForeignApi' or '@OptIn(kotlinx.cinterop.ExperimentalForeignApi::class)'
e: file:///Users/jim/work/v2superbikeshed/Trikeshed/src/nativeMain/kotlin/borg/trikeshed/io/Files.kt:55:32 This declaration needs opt-in. Its usage must be marked with '@kotlinx.cinterop.ExperimentalForeignApi' or '@OptIn(kotlinx.cinterop.ExperimentalForeignApi::class)'
e: file:///Users/jim/work/v2superbikeshed/Trikeshed/src/nativeMain/kotlin/borg/trikeshed/io/Files.kt:56:22 This declaration needs opt-in. Its usage must be marked with '@kotlinx.cinterop.ExperimentalForeignApi' or '@OptIn(kotlinx.cinterop.ExperimentalForeignApi::class)'
e: file:///Users/jim/work/v2superbikeshed/Trikeshed/src/nativeMain/kotlin/borg/trikeshed/io/Files.kt:56:33 This declaration needs opt-in. Its usage must be marked with '@kotlinx.cinterop.ExperimentalForeignApi' or '@OptIn(kotlinx.cinterop.ExperimentalForeignApi::class)'
e: file:///Users/jim/work/v2superbikeshed/Trikeshed/src/nativeMain/kotlin/borg/trikeshed/io/Files.kt:57:9 This declaration needs opt-in. Its usage must be marked with '@kotlinx.cinterop.ExperimentalForeignApi' or '@OptIn(kotlinx.cinterop.ExperimentalForeignApi::class)'
e: file:///Users/jim/work/v2superbikeshed/Trikeshed/src/nativeMain/kotlin/borg/trikeshed/io/Files.kt:57:16 This declaration needs opt-in. Its usage must be marked with '@kotlinx.cinterop.ExperimentalForeignApi' or '@OptIn(kotlinx.cinterop.ExperimentalForeignApi::class)'
e: file:///Users/jim/work/v2superbikeshed/Trikeshed/src/nativeMain/kotlin/borg/trikeshed/io/Files.kt:58:9 This declaration needs opt-in. Its usage must be marked with '@kotlinx.cinterop.ExperimentalForeignApi' or '@OptIn(kotlinx.cinterop.ExperimentalForeignApi::class)'
e: file:///Users/jim/work/v2superbikeshed/Trikeshed/src/nativeMain/kotlin/borg/trikeshed/io/Files.kt:58:16 This declaration needs opt-in. Its usage must be marked with '@kotlinx.cinterop.ExperimentalForeignApi' or '@OptIn(kotlinx.cinterop.ExperimentalForeignApi::class)'
e: file:///Users/jim/work/v2superbikeshed/Trikeshed/src/nativeMain/kotlin/borg/trikeshed/io/Files.kt:68:16 'actual fun iterateLines(fileName: String, bufsize: Int): Iterable<Join<Long, ERROR CLASS: Symbol not found for Indexed>>' has no corresponding expected declaration
The following declaration is incompatible because return type is different:
    expect fun iterateLines(fileName: String, bufsize: Int): Iterable<Join<Long, Join<Int, Function1<Int, Byte>>>>

e: file:///Users/jim/work/v2superbikeshed/Trikeshed/src/nativeMain/kotlin/borg/trikeshed/io/Files.kt:68:82 Unresolved reference 'Indexed'.
e: file:///Users/jim/work/v2superbikeshed/Trikeshed/src/nativeMain/kotlin/borg/trikeshed/io/Files.kt:71:13 Cannot infer type for this parameter. Specify it explicitly.
e: file:///Users/jim/work/v2superbikeshed/Trikeshed/src/nativeMain/kotlin/borg/trikeshed/io/Files.kt:71:13 Argument type mismatch: actual type is 'Join<Long, B (of fun <A, B> invoke)>', but 'Join<Long, ERROR CLASS: Symbol not found for Indexed>' was expected.
e: file:///Users/jim/work/v2superbikeshed/Trikeshed/src/nativeMain/kotlin/borg/trikeshed/io/Files.kt:71:59 Overload resolution ambiguity between candidates:
fun ByteArray.toIndexed(): Join<Int, Function1<Int, Byte>>
fun <T> Any.toIndexed(): Join<Int, Function1<Int, T>>
fun ByteArray.toIndexed(): Join<Int, Function1<Int, Byte>>
e: file:///Users/jim/work/v2superbikeshed/Trikeshed/src/nativeMain/kotlin/borg/trikeshed/io/HomeDir.native.kt:6:12 Conflicting declarations:
actual val homedirGet: String
e: file:///Users/jim/work/v2superbikeshed/Trikeshed/src/nativeMain/kotlin/borg/trikeshed/io/HomeDir.native.kt:6:33 This declaration needs opt-in. Its usage must be marked with '@kotlinx.cinterop.ExperimentalForeignApi' or '@OptIn(kotlinx.cinterop.ExperimentalForeignApi::class)'
e: file:///Users/jim/work/v2superbikeshed/Trikeshed/src/nativeMain/kotlin/borg/trikeshed/io/HomeDir.native.kt:6:49 This declaration needs opt-in. Its usage must be marked with '@kotlinx.cinterop.ExperimentalForeignApi' or '@OptIn(kotlinx.cinterop.ExperimentalForeignApi::class)'
e: file:///Users/jim/work/v2superbikeshed/Trikeshed/src/nativeMain/kotlin/borg/trikeshed/io/HomeDir.native.kt:8:8 Conflicting overloads:
actual fun mktemp(): String
e: file:///Users/jim/work/v2superbikeshed/Trikeshed/src/nativeMain/kotlin/borg/trikeshed/io/HomeDir.native.kt:13:12 This declaration needs opt-in. Its usage must be marked with '@kotlinx.cinterop.ExperimentalForeignApi' or '@OptIn(kotlinx.cinterop.ExperimentalForeignApi::class)'
e: file:///Users/jim/work/v2superbikeshed/Trikeshed/src/nativeMain/kotlin/borg/trikeshed/io/HomeDir.native.kt:14:25 This declaration needs opt-in. Its usage must be marked with '@kotlinx.cinterop.ExperimentalForeignApi' or '@OptIn(kotlinx.cinterop.ExperimentalForeignApi::class)'
e: file:///Users/jim/work/v2superbikeshed/Trikeshed/src/nativeMain/kotlin/borg/trikeshed/io/HomeDir.native.kt:14:36 This declaration needs opt-in. Its usage must be marked with '@kotlinx.cinterop.ExperimentalForeignApi' or '@OptIn(kotlinx.cinterop.ExperimentalForeignApi::class)'
e: file:///Users/jim/work/v2superbikeshed/Trikeshed/src/nativeMain/kotlin/borg/trikeshed/io/HomeDir.native.kt:16:13 This declaration needs opt-in. Its usage must be marked with '@kotlinx.cinterop.ExperimentalForeignApi' or '@OptIn(kotlinx.cinterop.ExperimentalForeignApi::class)'
e: file:///Users/jim/work/v2superbikeshed/Trikeshed/src/nativeMain/kotlin/borg/trikeshed/io/HomeDir.native.kt:16:13 This declaration needs opt-in. Its usage must be marked with '@kotlinx.cinterop.ExperimentalForeignApi' or '@OptIn(kotlinx.cinterop.ExperimentalForeignApi::class)'
e: file:///Users/jim/work/v2superbikeshed/Trikeshed/src/nativeMain/kotlin/borg/trikeshed/io/HomeDir.native.kt:18:9 This declaration needs opt-in. Its usage must be marked with '@kotlinx.cinterop.ExperimentalForeignApi' or '@OptIn(kotlinx.cinterop.ExperimentalForeignApi::class)'
e: file:///Users/jim/work/v2superbikeshed/Trikeshed/src/nativeMain/kotlin/borg/trikeshed/io/HomeDir.native.kt:18:9 This declaration needs opt-in. Its usage must be marked with '@kotlinx.cinterop.ExperimentalForeignApi' or '@OptIn(kotlinx.cinterop.ExperimentalForeignApi::class)'
e: file:///Users/jim/work/v2superbikeshed/Trikeshed/src/nativeMain/kotlin/borg/trikeshed/io/HomeDir.native.kt:20:22 This declaration needs opt-in. Its usage must be marked with '@kotlinx.cinterop.ExperimentalForeignApi' or '@OptIn(kotlinx.cinterop.ExperimentalForeignApi::class)'
e: file:///Users/jim/work/v2superbikeshed/Trikeshed/src/nativeMain/kotlin/borg/trikeshed/io/HomeDir.native.kt:20:30 This declaration needs opt-in. Its usage must be marked with '@kotlinx.cinterop.ExperimentalForeignApi' or '@OptIn(kotlinx.cinterop.ExperimentalForeignApi::class)'
e: file:///Users/jim/work/v2superbikeshed/Trikeshed/src/nativeMain/kotlin/borg/trikeshed/io/HomeDir.native.kt:21:9 This declaration needs opt-in. Its usage must be marked with '@kotlinx.cinterop.ExperimentalForeignApi' or '@OptIn(kotlinx.cinterop.ExperimentalForeignApi::class)'
e: file:///Users/jim/work/v2superbikeshed/Trikeshed/src/nativeMain/kotlin/borg/trikeshed/io/HomeDir.native.kt:21:17 This declaration needs opt-in. Its usage must be marked with '@kotlinx.cinterop.ExperimentalForeignApi' or '@OptIn(kotlinx.cinterop.ExperimentalForeignApi::class)'
e: file:///Users/jim/work/v2superbikeshed/Trikeshed/src/nativeMain/kotlin/borg/trikeshed/io/HomeDir.native.kt:25:8 Conflicting overloads:
actual fun rm(path: String): Boolean
e: file:///Users/jim/work/v2superbikeshed/Trikeshed/src/nativeMain/kotlin/borg/trikeshed/io/HomeDir.native.kt:29:8 Conflicting overloads:
actual fun mkdir(path: String): Boolean
e: file:///Users/jim/work/v2superbikeshed/Trikeshed/src/nativeMain/kotlin/borg/trikeshed/io/PlatformFileIO.kt:8:14 'actual class PlatformFileIOImpl : PlatformFileIO' has no corresponding expected declaration
e: file:///Users/jim/work/v2superbikeshed/Trikeshed/src/nativeMain/kotlin/borg/trikeshed/io/PlatformFileIO.kt:9:33 'actual suspend fun readFile(path: String): Join<Int, Function1<Int, Byte>>?' has no corresponding expected declaration
e: file:///Users/jim/work/v2superbikeshed/Trikeshed/src/nativeMain/kotlin/borg/trikeshed/io/PlatformFileIO.kt:17:42 Unresolved reference 'toIndexed'.
e: file:///Users/jim/work/v2superbikeshed/Trikeshed/src/nativeMain/kotlin/borg/trikeshed/io/PlatformFileIO.kt:18:29 This declaration needs opt-in. Its usage must be marked with '@kotlinx.cinterop.ExperimentalForeignApi' or '@OptIn(kotlinx.cinterop.ExperimentalForeignApi::class)'
e: file:///Users/jim/work/v2superbikeshed/Trikeshed/src/nativeMain/kotlin/borg/trikeshed/io/PlatformFileIO.kt:32:33 'actual suspend fun writeFile(path: String, content: Join<Int, Function1<Int, Byte>>): Boolean' has no corresponding expected declaration
e: file:///Users/jim/work/v2superbikeshed/Trikeshed/src/nativeMain/kotlin/borg/trikeshed/io/PlatformFileIO.kt:40:32 This declaration needs opt-in. Its usage must be marked with '@kotlinx.cinterop.ExperimentalForeignApi' or '@OptIn(kotlinx.cinterop.ExperimentalForeignApi::class)'
e: file:///Users/jim/work/v2superbikeshed/Trikeshed/src/nativeMain/kotlin/borg/trikeshed/io/PlatformFileIO.kt:40:62 Unresolved reference 'play'.
e: file:///Users/jim/work/v2superbikeshed/Trikeshed/src/nativeMain/kotlin/borg/trikeshed/ipc/NativeIPCHost.kt:159:33 None of the following candidates is applicable:
fun <T> Join<Int, Function1<Int, Join<Any?, TypeMemento>>>.get(column: Column<T>): T?
fun <T : Byte> CPointer<ByteVarOf<T>>.get(index: Int): T
fun <T : Byte> CPointer<ByteVarOf<T>>.get(index: Long): T
fun <T : Short> CPointer<ShortVarOf<T>>.get(index: Int): T
fun <T : Short> CPointer<ShortVarOf<T>>.get(index: Long): T
fun <T : Int> CPointer<IntVarOf<T>>.get(index: Int): T
fun <T : Int> CPointer<IntVarOf<T>>.get(index: Long): T
fun <T : Long> CPointer<LongVarOf<T>>.get(index: Int): T
fun <T : Long> CPointer<LongVarOf<T>>.get(index: Long): T
fun <T : UByte> CPointer<UByteVarOf<T>>.get(index: Int): T
fun <T : UByte> CPointer<UByteVarOf<T>>.get(index: Long): T
fun <T : UShort> CPointer<UShortVarOf<T>>.get(index: Int): T
fun <T : UShort> CPointer<UShortVarOf<T>>.get(index: Long): T
fun <T : UInt> CPointer<UIntVarOf<T>>.get(index: Int): T
fun <T : UInt> CPointer<UIntVarOf<T>>.get(index: Long): T
fun <T : ULong> CPointer<ULongVarOf<T>>.get(index: Int): T
fun <T : ULong> CPointer<ULongVarOf<T>>.get(index: Long): T
fun <T : Float> CPointer<FloatVarOf<T>>.get(index: Int): T
fun <T : Float> CPointer<FloatVarOf<T>>.get(index: Long): T
fun <T : Double> CPointer<DoubleVarOf<T>>.get(index: Int): T
fun <T : Double> CPointer<DoubleVarOf<T>>.get(index: Long): T
fun <reified T : CVariable> CPointer<T>.get(index: Long): T
fun <reified T : CVariable> CPointer<T>.get(index: Int): T
fun <T : CPointer<*>> CPointer<CPointerVarOf<T>>.get(index: Int): T?
fun <T : CPointer<*>> CPointer<CPointerVarOf<T>>.get(index: Long): T?
e: file:///Users/jim/work/v2superbikeshed/Trikeshed/src/nativeMain/kotlin/borg/trikeshed/ipc/NativeIPCHost.kt:348:24 None of the following candidates is applicable:
fun <T> Join<Int, Function1<Int, Join<Any?, TypeMemento>>>.get(column: Column<T>): T?
fun <T : Byte> CPointer<ByteVarOf<T>>.get(index: Int): T
fun <T : Byte> CPointer<ByteVarOf<T>>.get(index: Long): T
fun <T : Short> CPointer<ShortVarOf<T>>.get(index: Int): T
fun <T : Short> CPointer<ShortVarOf<T>>.get(index: Long): T
fun <T : Int> CPointer<IntVarOf<T>>.get(index: Int): T
fun <T : Int> CPointer<IntVarOf<T>>.get(index: Long): T
fun <T : Long> CPointer<LongVarOf<T>>.get(index: Int): T
fun <T : Long> CPointer<LongVarOf<T>>.get(index: Long): T
fun <T : UByte> CPointer<UByteVarOf<T>>.get(index: Int): T
fun <T : UByte> CPointer<UByteVarOf<T>>.get(index: Long): T
fun <T : UShort> CPointer<UShortVarOf<T>>.get(index: Int): T
fun <T : UShort> CPointer<UShortVarOf<T>>.get(index: Long): T
fun <T : UInt> CPointer<UIntVarOf<T>>.get(index: Int): T
fun <T : UInt> CPointer<UIntVarOf<T>>.get(index: Long): T
fun <T : ULong> CPointer<ULongVarOf<T>>.get(index: Int): T
fun <T : ULong> CPointer<ULongVarOf<T>>.get(index: Long): T
fun <T : Float> CPointer<FloatVarOf<T>>.get(index: Int): T
fun <T : Float> CPointer<FloatVarOf<T>>.get(index: Long): T
fun <T : Double> CPointer<DoubleVarOf<T>>.get(index: Int): T
fun <T : Double> CPointer<DoubleVarOf<T>>.get(index: Long): T
fun <reified T : CVariable> CPointer<T>.get(index: Long): T
fun <reified T : CVariable> CPointer<T>.get(index: Int): T
fun <T : CPointer<*>> CPointer<CPointerVarOf<T>>.get(index: Int): T?
fun <T : CPointer<*>> CPointer<CPointerVarOf<T>>.get(index: Long): T?
e: file:///Users/jim/work/v2superbikeshed/Trikeshed/src/nativeMain/kotlin/borg/trikeshed/lib/L1CacheSizeInInts.kt:20:43 Unresolved reference 'readableUnitsToNumber'.
e: file:///Users/jim/work/v2superbikeshed/Trikeshed/src/nativeMain/kotlin/borg/trikeshed/lib/assert.kt:3:8 Conflicting overloads:
actual fun assert(value: Boolean): Unit
e: file:///Users/jim/work/v2superbikeshed/Trikeshed/src/nativeMain/kotlin/borg/trikeshed/lib/assert.kt:9:8 Conflicting overloads:
actual fun assert(value: Boolean, lazyMessage: () -> Any): Unit
e: file:///Users/jim/work/v2superbikeshed/Trikeshed/src/nativeMain/kotlin/borg/trikeshed/lib/datetime/DateTimeFormatter.kt:8:12 'actual fun getCurrentDateTime(): DateTimeComponents' has no corresponding expected declaration
e: file:///Users/jim/work/v2superbikeshed/Trikeshed/src/nativeMain/kotlin/borg/trikeshed/lib/datetime/DateTimeFormatter.kt:10:24 Argument type mismatch: actual type is 'Long', but 'CValuesRef<LongVarOf<Long>>?' was expected.
e: file:///Users/jim/work/v2superbikeshed/Trikeshed/src/nativeMain/kotlin/borg/trikeshed/lib/datetime/DateTimeFormatter.kt:19:13 No parameter with name 'millisecond' found.
e: file:///Users/jim/work/v2superbikeshed/Trikeshed/src/nativeMain/kotlin/borg/trikeshed/lib/datetime/DateTimeFormatter.kt:22:49 Too many arguments for 'constructor(year: Int, month: Int, day: Int, hour: Int, minute: Int, second: Int): DateTimeComponents'.
e: file:///Users/jim/work/v2superbikeshed/Trikeshed/src/nativeMain/kotlin/borg/trikeshed/nio/PlatformNio.native.kt:113:14 'actual class PlatformInetSocketAddress : Any' has no corresponding members for expected class members:

    expect constructor(address: PlatformInetAddress, port: Int): PlatformInetSocketAddress

    The following declaration is incompatible because parameter types are different:
        actual constructor(host: String, port: Int): PlatformInetSocketAddress

e: file:///Users/jim/work/v2superbikeshed/Trikeshed/src/nativeMain/kotlin/borg/trikeshed/nio/PlatformNio.native.kt:120:14 'actual class PlatformDatagramPacket : Any' has no corresponding members for expected class members:

    expect val socketAddress: PlatformInetSocketAddress?

    expect val port: Int

    expect constructor(data: ByteArray, length: Int): PlatformDatagramPacket

    The following declarations are incompatible because number of value parameters is different:
        actual constructor(data: ByteArray, length: Int, address: PlatformInetSocketAddress): PlatformDatagramPacket
        actual constructor(data: ByteArray, offset: Int, length: Int, address: PlatformInetSocketAddress): PlatformDatagramPacket

    expect constructor(data: ByteArray, length: Int, address: PlatformSocketAddress): PlatformDatagramPacket

    The following declaration is incompatible because parameter types are different:
        actual constructor(data: ByteArray, length: Int, address: PlatformInetSocketAddress): PlatformDatagramPacket
    The following declaration is incompatible because number of value parameters is different:
        actual constructor(data: ByteArray, offset: Int, length: Int, address: PlatformInetSocketAddress): PlatformDatagramPacket

e: file:///Users/jim/work/v2superbikeshed/Trikeshed/src/nativeMain/kotlin/borg/trikeshed/nio/PlatformNio.native.kt:122:16 'actual val length: Int' has no corresponding expected declaration
The following declaration is incompatible because property kinds are different (val vs var):
    expect var length: Int

e: file:///Users/jim/work/v2superbikeshed/Trikeshed/src/nativeMain/kotlin/borg/trikeshed/nio/PlatformNio.native.kt:123:16 'actual val address: PlatformInetSocketAddress' has no corresponding expected declaration
The following declaration is incompatible because return type is different:
    expect val address: PlatformSocketAddress?

e: file:///Users/jim/work/v2superbikeshed/Trikeshed/src/nativeMain/kotlin/borg/trikeshed/nio/PlatformNio.native.kt:132:14 'actual class PlatformDatagramSocket : Any' has no corresponding members for expected class members:

    expect val remoteSocketAddress: PlatformSocketAddress?

    expect val inetAddress: PlatformInetAddress?

    expect val port: Int

e: file:///Users/jim/work/v2superbikeshed/Trikeshed/src/nativeMain/kotlin/borg/trikeshed/nio/PlatformNio.native.kt:185:14 'actual class PlatformChannel : Any' has no corresponding members for expected class members:

    expect fun read(buffer: PlatformByteBuffer): Int

    expect fun write(buffer: PlatformByteBuffer): Int

    expect val isOpen: Boolean

    The following declaration is incompatible because callable kinds are different (function vs property):
        actual fun isOpen(): Boolean

e: file:///Users/jim/work/v2superbikeshed/Trikeshed/src/nativeMain/kotlin/borg/trikeshed/reactor/PlatformIO.native.kt:14:12 'actual val IO: CoroutineDispatcher' has no corresponding expected declaration
e: file:///Users/jim/work/v2superbikeshed/Trikeshed/src/nativeMain/kotlin/borg/trikeshed/reactor/PlatformIO.native.kt:17:15 'actual object System : Any' has no corresponding expected declaration
e: file:///Users/jim/work/v2superbikeshed/Trikeshed/src/nativeMain/kotlin/borg/trikeshed/reactor/PlatformIO.native.kt:18:16 'actual fun currentTimeMillis(): Long' has no corresponding expected declaration
e: file:///Users/jim/work/v2superbikeshed/Trikeshed/src/nativeMain/kotlin/borg/trikeshed/reactor/PlatformIO.native.kt:19:16 'actual fun nanoTime(): Long' has no corresponding expected declaration
e: file:///Users/jim/work/v2superbikeshed/Trikeshed/src/nativeMain/kotlin/borg/trikeshed/reactor/PlatformIO.native.kt:21:23 Argument type mismatch: actual type is 'UInt', but 'UInt' was expected.
e: file:///Users/jim/work/v2superbikeshed/Trikeshed/src/nativeMain/kotlin/borg/trikeshed/reactor/PlatformIO.native.kt:21:49 Argument type mismatch: actual type is 'CPointer<T (of val <T : CVariable> CValues<T>.ptr)>', but 'CValuesRef<timespec>?' was expected.
e: file:///Users/jim/work/v2superbikeshed/Trikeshed/src/nativeMain/kotlin/borg/trikeshed/reactor/PlatformIO.native.kt:21:58 Cannot infer type for this parameter. Specify it explicitly.
e: file:///Users/jim/work/v2superbikeshed/Trikeshed/src/nativeMain/kotlin/borg/trikeshed/reactor/PlatformIO.native.kt:21:58 Unresolved reference. None of the following candidates is applicable because of a receiver type mismatch:
val <T : CVariable> CValues<T>.ptr: CPointer<T>
e: file:///Users/jim/work/v2superbikeshed/Trikeshed/src/nativeMain/kotlin/borg/trikeshed/reactor/PlatformIO.native.kt:26:14 'actual class PlatformIO : Any' has no corresponding expected declaration
e: file:///Users/jim/work/v2superbikeshed/Trikeshed/src/nativeMain/kotlin/borg/trikeshed/reactor/PlatformIO.native.kt:27:16 'actual fun createSelector(): SelectorInterface' has no corresponding expected declaration
e: file:///Users/jim/work/v2superbikeshed/Trikeshed/src/nativeMain/kotlin/borg/trikeshed/reactor/PlatformIO.native.kt:29:16 'actual fun createServerChannel(): ServerChannel' has no corresponding expected declaration
e: file:///Users/jim/work/v2superbikeshed/Trikeshed/src/nativeMain/kotlin/borg/trikeshed/reactor/PlatformIO.native.kt:31:16 'actual fun createClientChannel(): ClientChannel' has no corresponding expected declaration
e: file:///Users/jim/work/v2superbikeshed/Trikeshed/src/nativeMain/kotlin/borg/trikeshed/reactor/PlatformIO.native.kt:33:16 'actual fun createBufferPool(bufferSize: Int): BufferPool' has no corresponding expected declaration
e: file:///Users/jim/work/v2superbikeshed/Trikeshed/src/nativeMain/kotlin/borg/trikeshed/reactor/PlatformIO.native.kt:35:22 'actual companion object Companion : Any' has no corresponding expected declaration
e: file:///Users/jim/work/v2superbikeshed/Trikeshed/src/nativeMain/kotlin/borg/trikeshed/reactor/PlatformIO.native.kt:36:20 'actual fun create(): PlatformIO' has no corresponding expected declaration
e: file:///Users/jim/work/v2superbikeshed/Trikeshed/src/nativeMain/kotlin/borg/trikeshed/reactor/PlatformIO.native.kt:57:29 This type is final, so it cannot be extended.
e: file:///Users/jim/work/v2superbikeshed/Trikeshed/src/nativeMain/kotlin/borg/trikeshed/reactor/PlatformIO.native.kt:57:29 This type has a constructor, so it must be initialized here.
e: file:///Users/jim/work/v2superbikeshed/Trikeshed/src/nativeMain/kotlin/borg/trikeshed/reactor/PlatformIO.native.kt:60:5 'isOpen' overrides nothing.
e: file:///Users/jim/work/v2superbikeshed/Trikeshed/src/nativeMain/kotlin/borg/trikeshed/reactor/PlatformIO.native.kt:61:5 'close' in 'ClientChannel' is final and cannot be overridden.
e: file:///Users/jim/work/v2superbikeshed/Trikeshed/src/nativeMain/kotlin/borg/trikeshed/reactor/PlatformIO.native.kt:62:5 'configureBlocking' overrides nothing.
e: file:///Users/jim/work/v2superbikeshed/Trikeshed/src/nativeMain/kotlin/borg/trikeshed/reactor/PlatformIO.native.kt:63:5 'isBlocking' overrides nothing.
e: file:///Users/jim/work/v2superbikeshed/Trikeshed/src/nativeMain/kotlin/borg/trikeshed/reactor/PlatformIO.native.kt:65:5 'connect' overrides nothing.
e: file:///Users/jim/work/v2superbikeshed/Trikeshed/src/nativeMain/kotlin/borg/trikeshed/reactor/PlatformIO.native.kt:69:5 'read' overrides nothing.
e: file:///Users/jim/work/v2superbikeshed/Trikeshed/src/nativeMain/kotlin/borg/trikeshed/reactor/PlatformIO.native.kt:73:5 'write' overrides nothing.
e: file:///Users/jim/work/v2superbikeshed/Trikeshed/src/nativeMain/kotlin/borg/trikeshed/reactor/PlatformIO.native.kt:78:1 Class 'NativeBufferPool' is not abstract and does not implement abstract members:
suspend fun acquire(): PlatformByteBuffer
suspend fun release(buffer: PlatformByteBuffer): Unit
suspend fun accept(): ClientChannel?
e: file:///Users/jim/work/v2superbikeshed/Trikeshed/src/nativeMain/kotlin/borg/trikeshed/reactor/PlatformIO.native.kt:79:5 'acquire' overrides nothing. Potential signatures for overriding:
suspend fun acquire(): PlatformByteBuffer
e: file:///Users/jim/work/v2superbikeshed/Trikeshed/src/nativeMain/kotlin/borg/trikeshed/reactor/PlatformIO.native.kt:79:14 Conflicting overloads:
fun acquire(): ByteBuffer
suspend fun acquire(): PlatformByteBuffer
e: file:///Users/jim/work/v2superbikeshed/Trikeshed/src/nativeMain/kotlin/borg/trikeshed/reactor/PlatformIO.native.kt:80:16 Return type mismatch: expected 'borg.trikeshed.reactor.ByteBuffer', actual 'borg.trikeshed.nio.ByteBuffer'.
e: file:///Users/jim/work/v2superbikeshed/Trikeshed/src/nativeMain/kotlin/borg/trikeshed/reactor/PlatformIO.native.kt:83:5 'release' overrides nothing. Potential signatures for overriding:
suspend fun release(buffer: PlatformByteBuffer): Unit
e: file:///Users/jim/work/v2superbikeshed/Trikeshed/src/nativeMain/kotlin/borg/trikeshed/reactor/PlatformIO.native.kt:88:18 'actual interface ServerChannel : SelectableChannel' has no corresponding expected declaration
e: file:///Users/jim/work/v2superbikeshed/Trikeshed/src/nativeMain/kotlin/borg/trikeshed/reactor/PlatformIO.native.kt:89:16 'actual fun bind(port: Int): Unit' has no corresponding expected declaration
e: file:///Users/jim/work/v2superbikeshed/Trikeshed/src/nativeMain/kotlin/borg/trikeshed/reactor/PlatformIO.native.kt:90:16 'actual fun accept(): ClientChannel?' has no corresponding expected declaration
e: file:///Users/jim/work/v2superbikeshed/Trikeshed/src/nativeMain/kotlin/borg/trikeshed/reactor/PlatformIO.native.kt:93:18 'actual interface ClientChannel : SelectableChannel' has no corresponding expected declaration
The following declaration is incompatible because class kinds are different (class, interface, object, enum, annotation):
    expect class ClientChannel : Any

e: file:///Users/jim/work/v2superbikeshed/Trikeshed/src/nativeMain/kotlin/borg/trikeshed/reactor/PlatformIO.native.kt:93:18 Redeclaration:
actual class ClientChannel : Any
e: file:///Users/jim/work/v2superbikeshed/Trikeshed/src/nativeMain/kotlin/borg/trikeshed/reactor/PlatformIO.native.kt:94:16 'actual fun connect(host: String, port: Int): Unit' has no corresponding expected declaration
e: file:///Users/jim/work/v2superbikeshed/Trikeshed/src/nativeMain/kotlin/borg/trikeshed/reactor/PlatformIO.native.kt:95:16 'actual fun read(buffer: ByteBuffer): Int' has no corresponding expected declaration
e: file:///Users/jim/work/v2superbikeshed/Trikeshed/src/nativeMain/kotlin/borg/trikeshed/reactor/PlatformIO.native.kt:96:16 'actual fun write(buffer: ByteBuffer): Int' has no corresponding expected declaration
e: file:///Users/jim/work/v2superbikeshed/Trikeshed/src/nativeMain/kotlin/borg/trikeshed/reactor/PlatformTypes.kt:7:12 Unresolved reference 'getTimeMillis'.
e: file:///Users/jim/work/v2superbikeshed/Trikeshed/src/nativeMain/kotlin/borg/trikeshed/reactor/SelectableChannel.native.kt:4:18 'actual interface SelectableChannel : Any' has no corresponding members for expected class members:

    expect val isOpen: Boolean

    The following declaration is incompatible because callable kinds are different (function vs property):
        actual fun isOpen(): Boolean

    expect val isBlocking: Boolean

    The following declaration is incompatible because callable kinds are different (function vs property):
        actual fun isBlocking(): Boolean

e: file:///Users/jim/work/v2superbikeshed/Trikeshed/src/nativeMain/kotlin/borg/trikeshed/reactor/SelectableChannel.native.kt:5:16 'actual fun isOpen(): Boolean' has no corresponding expected declaration
The following declaration is incompatible because callable kinds are different (function vs property):
    expect val isOpen: Boolean

e: file:///Users/jim/work/v2superbikeshed/Trikeshed/src/nativeMain/kotlin/borg/trikeshed/reactor/SelectableChannel.native.kt:6:16 'actual fun close(): Unit' has no corresponding expected declaration
The following declaration is incompatible because modifiers are different (suspend):
    expect suspend fun close(): Unit

e: file:///Users/jim/work/v2superbikeshed/Trikeshed/src/nativeMain/kotlin/borg/trikeshed/reactor/SelectableChannel.native.kt:8:16 'actual fun isBlocking(): Boolean' has no corresponding expected declaration
The following declaration is incompatible because callable kinds are different (function vs property):
    expect val isBlocking: Boolean

e: file:///Users/jim/work/v2superbikeshed/Trikeshed/src/nativeMain/kotlin/borg/trikeshed/reactor/SelectableChannel.native.kt:24:14 Redeclaration:
actual class SelectionKey : Any
e: file:///Users/jim/work/v2superbikeshed/Trikeshed/src/nativeMain/kotlin/borg/trikeshed/reactor/SelectableChannel.native.kt:40:14 Redeclaration:
actual class SelectorInterface : Any
e: file:///Users/jim/work/v2superbikeshed/Trikeshed/src/nativeMain/kotlin/borg/trikeshed/reactor/SelectableChannel.native.kt:45:16 'actual fun close(): Unit' has no corresponding expected declaration
The following declaration is incompatible because modifiers are different (suspend):
    expect suspend fun close(): Unit

e: file:///Users/jim/work/v2superbikeshed/Trikeshed/src/nativeMain/kotlin/borg/trikeshed/reactor/SelectionKey.native.kt:7:14 Redeclaration:
actual class SelectionKey : Any
e: file:///Users/jim/work/v2superbikeshed/Trikeshed/src/nativeMain/kotlin/borg/trikeshed/tilting/zran/kzran.kt:8:33 Unresolved reference 'PlatformCodec'.
e: file:///Users/jim/work/v2superbikeshed/Trikeshed/src/nativeMain/kotlin/borg/trikeshed/tilting/zran/kzran.kt:9:33 Unresolved reference 'PlatformCodec'.
e: file:///Users/jim/work/v2superbikeshed/Trikeshed/src/nativeMain/kotlin/borg/trikeshed/tilting/zran/kzran.kt:10:33 Unresolved reference 'PlatformCodec'.
e: file:///Users/jim/work/v2superbikeshed/Trikeshed/src/nativeMain/kotlin/borg/trikeshed/tilting/zran/kzran.kt:11:33 Unresolved reference 'PlatformCodec'.
e: file:///Users/jim/work/v2superbikeshed/Trikeshed/src/nativeMain/kotlin/borg/trikeshed/tilting/zran/kzran.kt:55:28 Unresolved reference 'window'.
e: file:///Users/jim/work/v2superbikeshed/Trikeshed/src/nativeMain/kotlin/borg/trikeshed/tilting/zran/kzran.kt:129:29 Expected class 'expect class Point : Any' does not have default constructor.
e: file:///Users/jim/work/v2superbikeshed/Trikeshed/src/nativeMain/kotlin/borg/trikeshed/tilting/zran/kzran.kt:150:39 No value passed for parameter 'file'.
e: file:///Users/jim/work/v2superbikeshed/Trikeshed/src/nativeMain/kotlin/borg/trikeshed/tilting/zran/kzran.kt:150:42 Unresolved reference 'output'.
e: file:///Users/jim/work/v2superbikeshed/Trikeshed/src/nativeMain/kotlin/borg/trikeshed/tilting/zran/kzran.kt:150:72 None of the following candidates is applicable:
fun Pinned<ByteArray>.addressOf(index: Int): CPointer<ByteVarOf<Byte>>
fun Pinned<String>.addressOf(index: Int): CPointer<COpaque>
fun Pinned<CharArray>.addressOf(index: Int): CPointer<COpaque>
fun Pinned<ShortArray>.addressOf(index: Int): CPointer<ShortVarOf<Short>>
fun Pinned<IntArray>.addressOf(index: Int): CPointer<IntVarOf<Int>>
fun Pinned<LongArray>.addressOf(index: Int): CPointer<LongVarOf<Long>>
fun Pinned<UByteArray>.addressOf(index: Int): CPointer<UByteVarOf<UByte>>
fun Pinned<UShortArray>.addressOf(index: Int): CPointer<UShortVarOf<UShort>>
fun Pinned<UIntArray>.addressOf(index: Int): CPointer<UIntVarOf<UInt>>
fun Pinned<ULongArray>.addressOf(index: Int): CPointer<ULongVarOf<ULong>>
fun Pinned<FloatArray>.addressOf(index: Int): CPointer<FloatVarOf<Float>>
fun Pinned<DoubleArray>.addressOf(index: Int): CPointer<DoubleVarOf<Double>>
e: file:///Users/jim/work/v2superbikeshed/Trikeshed/src/nativeMain/kotlin/borg/trikeshed/tilting/zran/kzran.kt:151:24 No value passed for parameter 'file'.
e: file:///Users/jim/work/v2superbikeshed/Trikeshed/src/nativeMain/kotlin/borg/trikeshed/tilting/zran/kzran.kt:151:63 None of the following candidates is applicable:
fun Pinned<ByteArray>.addressOf(index: Int): CPointer<ByteVarOf<Byte>>
fun Pinned<String>.addressOf(index: Int): CPointer<COpaque>
fun Pinned<CharArray>.addressOf(index: Int): CPointer<COpaque>
fun Pinned<ShortArray>.addressOf(index: Int): CPointer<ShortVarOf<Short>>
fun Pinned<IntArray>.addressOf(index: Int): CPointer<IntVarOf<Int>>
fun Pinned<LongArray>.addressOf(index: Int): CPointer<LongVarOf<Long>>
fun Pinned<UByteArray>.addressOf(index: Int): CPointer<UByteVarOf<UByte>>
fun Pinned<UShortArray>.addressOf(index: Int): CPointer<UShortVarOf<UShort>>
fun Pinned<UIntArray>.addressOf(index: Int): CPointer<UIntVarOf<UInt>>
fun Pinned<ULongArray>.addressOf(index: Int): CPointer<ULongVarOf<ULong>>
fun Pinned<FloatArray>.addressOf(index: Int): CPointer<FloatVarOf<Float>>
fun Pinned<DoubleArray>.addressOf(index: Int): CPointer<DoubleVarOf<Double>>
e: file:///Users/jim/work/v2superbikeshed/Trikeshed/src/nativeMain/kotlin/borg/trikeshed/tilting/zran/kzran.kt:152:39 No value passed for parameter 'file'.
e: file:///Users/jim/work/v2superbikeshed/Trikeshed/src/nativeMain/kotlin/borg/trikeshed/tilting/zran/kzran.kt:152:42 Unresolved reference 'input'.
e: file:///Users/jim/work/v2superbikeshed/Trikeshed/src/nativeMain/kotlin/borg/trikeshed/tilting/zran/kzran.kt:152:71 None of the following candidates is applicable:
fun Pinned<ByteArray>.addressOf(index: Int): CPointer<ByteVarOf<Byte>>
fun Pinned<String>.addressOf(index: Int): CPointer<COpaque>
fun Pinned<CharArray>.addressOf(index: Int): CPointer<COpaque>
fun Pinned<ShortArray>.addressOf(index: Int): CPointer<ShortVarOf<Short>>
fun Pinned<IntArray>.addressOf(index: Int): CPointer<IntVarOf<Int>>
fun Pinned<LongArray>.addressOf(index: Int): CPointer<LongVarOf<Long>>
fun Pinned<UByteArray>.addressOf(index: Int): CPointer<UByteVarOf<UByte>>
fun Pinned<UShortArray>.addressOf(index: Int): CPointer<UShortVarOf<UShort>>
fun Pinned<UIntArray>.addressOf(index: Int): CPointer<UIntVarOf<UInt>>
fun Pinned<ULongArray>.addressOf(index: Int): CPointer<ULongVarOf<ULong>>
fun Pinned<FloatArray>.addressOf(index: Int): CPointer<FloatVarOf<Float>>
fun Pinned<DoubleArray>.addressOf(index: Int): CPointer<DoubleVarOf<Double>>
e: file:///Users/jim/work/v2superbikeshed/Trikeshed/src/nativeMain/kotlin/borg/trikeshed/tilting/zran/kzran.kt:153:40 No value passed for parameter 'file'.
e: file:///Users/jim/work/v2superbikeshed/Trikeshed/src/nativeMain/kotlin/borg/trikeshed/tilting/zran/kzran.kt:153:43 Unresolved reference 'winsize'.
e: file:///Users/jim/work/v2superbikeshed/Trikeshed/src/nativeMain/kotlin/borg/trikeshed/tilting/zran/kzran.kt:153:74 None of the following candidates is applicable:
fun Pinned<ByteArray>.addressOf(index: Int): CPointer<ByteVarOf<Byte>>
fun Pinned<String>.addressOf(index: Int): CPointer<COpaque>
fun Pinned<CharArray>.addressOf(index: Int): CPointer<COpaque>
fun Pinned<ShortArray>.addressOf(index: Int): CPointer<ShortVarOf<Short>>
fun Pinned<IntArray>.addressOf(index: Int): CPointer<IntVarOf<Int>>
fun Pinned<LongArray>.addressOf(index: Int): CPointer<LongVarOf<Long>>
fun Pinned<UByteArray>.addressOf(index: Int): CPointer<UByteVarOf<UByte>>
fun Pinned<UShortArray>.addressOf(index: Int): CPointer<UShortVarOf<UShort>>
fun Pinned<UIntArray>.addressOf(index: Int): CPointer<UIntVarOf<UInt>>
fun Pinned<ULongArray>.addressOf(index: Int): CPointer<ULongVarOf<ULong>>
fun Pinned<FloatArray>.addressOf(index: Int): CPointer<FloatVarOf<Float>>
fun Pinned<DoubleArray>.addressOf(index: Int): CPointer<DoubleVarOf<Double>>
e: file:///Users/jim/work/v2superbikeshed/Trikeshed/src/nativeMain/kotlin/borg/trikeshed/tilting/zran/kzran.kt:154:31 Unresolved reference 'window'.
e: file:///Users/jim/work/v2superbikeshed/Trikeshed/src/nativeMain/kotlin/borg/trikeshed/tilting/zran/kzran.kt:154:38 Cannot infer type for this parameter. Specify it explicitly.
e: file:///Users/jim/work/v2superbikeshed/Trikeshed/src/nativeMain/kotlin/borg/trikeshed/tilting/zran/kzran.kt:154:44 Cannot infer type for this parameter. Specify it explicitly.
e: file:///Users/jim/work/v2superbikeshed/Trikeshed/src/nativeMain/kotlin/borg/trikeshed/tilting/zran/kzran.kt:154:46 Cannot infer type for this parameter. Specify it explicitly.
e: file:///Users/jim/work/v2superbikeshed/Trikeshed/src/nativeMain/kotlin/borg/trikeshed/tilting/zran/kzran.kt:154:46 Not enough information to infer type argument for 'T'.
e: file:///Users/jim/work/v2superbikeshed/Trikeshed/src/nativeMain/kotlin/borg/trikeshed/tilting/zran/kzran.kt:154:86 Cannot infer type for this parameter. Specify it explicitly.
e: file:///Users/jim/work/v2superbikeshed/Trikeshed/src/nativeMain/kotlin/borg/trikeshed/tilting/zran/kzran.kt:154:86 Not enough information to infer type argument for 'T'.
e: file:///Users/jim/work/v2superbikeshed/Trikeshed/src/nativeMain/kotlin/borg/trikeshed/tilting/zran/kzran.kt:179:39 Argument type mismatch: actual type is 'ByteArray', but 'CPointer<out CPointed>?' was expected.
e: file:///Users/jim/work/v2superbikeshed/Trikeshed/src/nativeMain/kotlin/borg/trikeshed/tilting/zran/kzran.kt:186:42 Argument type mismatch: actual type is 'ByteArray', but 'CPointer<out CPointed>?' was expected.
e: file:///Users/jim/work/v2superbikeshed/Trikeshed/src/nativeMain/kotlin/borg/trikeshed/tilting/zran/kzran.kt:191:41 Argument type mismatch: actual type is 'ByteArray', but 'CPointer<out CPointed>?' was expected.
e: file:///Users/jim/work/v2superbikeshed/Trikeshed/src/nativeMain/kotlin/borg/trikeshed/tilting/zran/kzran.kt:207:21 Expected class 'expect class Point : Any' does not have default constructor.
e: file:///Users/jim/work/v2superbikeshed/Trikeshed/src/nativeMain/kotlin/borg/trikeshed/tilting/zran/kzran.kt:211:28 Unresolved reference '↺'.
e: file:///Users/jim/work/v2superbikeshed/Trikeshed/src/nativeMain/kotlin/borg/trikeshed/tilting/zran/kzran.kt:251:38 Unresolved reference 'winsize'.
e: file:///Users/jim/work/v2superbikeshed/Trikeshed/src/nativeMain/kotlin/borg/trikeshed/tilting/zran/kzran.kt:252:40 Unresolved reference 'window'.
e: file:///Users/jim/work/v2superbikeshed/Trikeshed/src/nativeMain/kotlin/borg/trikeshed/tilting/zran/kzran.kt:257:22 Cannot infer type for this parameter. Specify it explicitly.
e: file:///Users/jim/work/v2superbikeshed/Trikeshed/src/nativeMain/kotlin/borg/trikeshed/tilting/zran/kzran.kt:261:23 Cannot infer type for this parameter. Specify it explicitly.
e: file:///Users/jim/work/v2superbikeshed/Trikeshed/src/nativeMain/kotlin/borg/trikeshed/tilting/zran/kzran.kt:261:33 Argument type mismatch: actual type is 'Function1<Pinned<UByteArray>, Unit>', but 'Function1<Pinned<UByteArray>, R (of fun <T : Any, R> T.usePinned)>' was expected.
e: file:///Users/jim/work/v2superbikeshed/Trikeshed/src/nativeMain/kotlin/borg/trikeshed/tilting/zran/kzran.kt:268:26 Argument type mismatch: actual type is 'Function0<String>', but 'Function0<String>' was expected.
e: file:///Users/jim/work/v2superbikeshed/Trikeshed/src/nativeMain/kotlin/borg/trikeshed/tilting/zran/kzran.kt:269:43 Cannot infer type for this parameter. Specify it explicitly.
e: file:///Users/jim/work/v2superbikeshed/Trikeshed/src/nativeMain/kotlin/borg/trikeshed/tilting/zran/kzran.kt:269:43 Not enough information to infer type argument for 'T'.
e: file:///Users/jim/work/v2superbikeshed/Trikeshed/src/nativeMain/kotlin/borg/trikeshed/tilting/zran/kzran.kt:272:31 Argument type mismatch: actual type is 'Boolean', but 'Boolean' was expected.
e: file:///Users/jim/work/v2superbikeshed/Trikeshed/src/nativeMain/kotlin/borg/trikeshed/tilting/zran/kzran.kt:272:52 Argument type mismatch: actual type is 'Function0<Any?>', but 'Function0<Any?>' was expected.
e: file:///Users/jim/work/v2superbikeshed/Trikeshed/src/nativeMain/kotlin/simple/PosixFile.kt:18:27 Unresolved reference 's_'.
e: file:///Users/jim/work/v2superbikeshed/Trikeshed/src/nativeMain/kotlin/simple/PosixFile.kt:493:29 Unresolved reference 's_'.
e: file:///Users/jim/work/v2superbikeshed/Trikeshed/src/nativeMain/kotlin/simple/PosixFile.kt:493:52 Unresolved reference 's_'.
e: file:///Users/jim/work/v2superbikeshed/Trikeshed/src/nativeMain/kotlin/simple/PosixFile.kt:546:25 Cannot infer type for this parameter. Specify it explicitly.
e: file:///Users/jim/work/v2superbikeshed/Trikeshed/src/nativeMain/kotlin/simple/PosixFile.kt:546:25 Not enough information to infer type argument for 'T'.
e: file:///Users/jim/work/v2superbikeshed/Trikeshed/src/nativeMain/kotlin/simple/PosixFile.kt:546:37 Cannot infer type for this parameter. Specify it explicitly.
e: file:///Users/jim/work/v2superbikeshed/Trikeshed/src/nativeMain/kotlin/simple/PosixFile.kt:546:37 Not enough information to infer type argument for 'T'.
e: file:///Users/jim/work/v2superbikeshed/Trikeshed/src/nativeMain/kotlin/simple/PosixFile.kt:546:42 Cannot infer type for this parameter. Specify it explicitly.

> Task :Trikeshed:compileKotlinMacosX64 FAILED

> Task :Trikeshed:compileKotlinMacosArm64 FAILED
e: file:///Users/jim/work/v2superbikeshed/Trikeshed/src/commonMain/kotlin/borg/trikeshed/MainRouter.kt:281:28 Unresolved reference. None of the following candidates is applicable because of a receiver type mismatch:
fun Join<Int, Function1<Int, Byte>>.toByteArray(): ByteArray
e: file:///Users/jim/work/v2superbikeshed/Trikeshed/src/commonMain/kotlin/borg/trikeshed/MainRouter.kt:294:28 Unresolved reference. None of the following candidates is applicable because of a receiver type mismatch:
fun Join<Int, Function1<Int, Byte>>.toByteArray(): ByteArray
e: file:///Users/jim/work/v2superbikeshed/Trikeshed/src/commonMain/kotlin/borg/trikeshed/attention/InlineDoubleDispatch.kt:16:2 Unresolved reference 'JvmInline'.
e: file:///Users/jim/work/v2superbikeshed/Trikeshed/src/commonMain/kotlin/borg/trikeshed/attention/InlineDoubleDispatch.kt:17:2 Unresolved reference 'JvmInline'.
e: file:///Users/jim/work/v2superbikeshed/Trikeshed/src/commonMain/kotlin/borg/trikeshed/attention/InlineDoubleDispatch.kt:18:2 Unresolved reference 'JvmInline'.
e: file:///Users/jim/work/v2superbikeshed/Trikeshed/src/commonMain/kotlin/borg/trikeshed/attention/InlineDoubleDispatch.kt:21:2 Unresolved reference 'JvmInline'.
e: file:///Users/jim/work/v2superbikeshed/Trikeshed/src/commonMain/kotlin/borg/trikeshed/attention/InlineDoubleDispatch.kt:22:2 Unresolved reference 'JvmInline'.
e: file:///Users/jim/work/v2superbikeshed/Trikeshed/src/commonMain/kotlin/borg/trikeshed/attention/InlineDoubleDispatch.kt:23:2 Unresolved reference 'JvmInline'.
e: file:///Users/jim/work/v2superbikeshed/Trikeshed/src/commonMain/kotlin/borg/trikeshed/autovec/CryptoAutovec.kt:717:27 Argument type mismatch: actual type is 'Int', but 'Int' was expected.
e: file:///Users/jim/work/v2superbikeshed/Trikeshed/src/commonMain/kotlin/borg/trikeshed/autovec/CryptoAutovec.kt:717:32 Argument type mismatch: actual type is 'T? (of fun <T> Join<Int, Function1<Int, Join<Any?, TypeMemento>>>.get)', but 'Byte' was expected.
e: file:///Users/jim/work/v2superbikeshed/Trikeshed/src/commonMain/kotlin/borg/trikeshed/autovec/CryptoAutovec.kt:717:32 Cannot infer type for this parameter. Specify it explicitly.
e: file:///Users/jim/work/v2superbikeshed/Trikeshed/src/commonMain/kotlin/borg/trikeshed/autovec/CryptoAutovec.kt:717:32 Unresolved reference. None of the following candidates is applicable because of a receiver type mismatch:
fun <T> Join<Int, Function1<Int, Join<Any?, TypeMemento>>>.get(column: Column<T>): T?
e: file:///Users/jim/work/v2superbikeshed/Trikeshed/src/commonMain/kotlin/borg/trikeshed/ccek/CCEK.kt:115:5 Unresolved reference 'coroutineContext'.
e: file:///Users/jim/work/v2superbikeshed/Trikeshed/src/commonMain/kotlin/borg/trikeshed/ccek/CCEK.kt:121:5 Unresolved reference 'coroutineContext'.
e: file:///Users/jim/work/v2superbikeshed/Trikeshed/src/commonMain/kotlin/borg/trikeshed/ccek/CCEK.kt:127:5 Unresolved reference 'coroutineContext'.
e: file:///Users/jim/work/v2superbikeshed/Trikeshed/src/commonMain/kotlin/borg/trikeshed/ccek/CCEK.kt:277:47 No parameter with name 'phase' found.
e: file:///Users/jim/work/v2superbikeshed/Trikeshed/src/commonMain/kotlin/borg/trikeshed/ccek/CCEK.kt:280:54 No parameter with name 'phase' found.
e: file:///Users/jim/work/v2superbikeshed/Trikeshed/src/commonMain/kotlin/borg/trikeshed/ccek/CCEK.kt:285:50 No parameter with name 'phase' found.
e: file:///Users/jim/work/v2superbikeshed/Trikeshed/src/commonMain/kotlin/borg/trikeshed/ccek/CCEK.kt:289:45 No parameter with name 'phase' found.
e: file:///Users/jim/work/v2superbikeshed/Trikeshed/src/commonMain/kotlin/borg/trikeshed/ccek/CCEK.kt:296:19 Unresolved reference 'constraints'.
e: file:///Users/jim/work/v2superbikeshed/Trikeshed/src/commonMain/kotlin/borg/trikeshed/ccek/CCEK.kt:296:41 Cannot infer type for this parameter. Specify it explicitly.
e: file:///Users/jim/work/v2superbikeshed/Trikeshed/src/commonMain/kotlin/borg/trikeshed/ccek/CCEK.kt:304:43 None of the following candidates is applicable:
fun <T, R : Comparable<R>> Array<out T>.sortedByDescending(crossinline selector: (T) -> R?): List<T>
fun <R : Comparable<R>> ByteArray.sortedByDescending(crossinline selector: (Byte) -> R?): List<Byte>
fun <R : Comparable<R>> ShortArray.sortedByDescending(crossinline selector: (Short) -> R?): List<Short>
fun <R : Comparable<R>> IntArray.sortedByDescending(crossinline selector: (Int) -> R?): List<Int>
fun <R : Comparable<R>> LongArray.sortedByDescending(crossinline selector: (Long) -> R?): List<Long>
fun <R : Comparable<R>> FloatArray.sortedByDescending(crossinline selector: (Float) -> R?): List<Float>
fun <R : Comparable<R>> DoubleArray.sortedByDescending(crossinline selector: (Double) -> R?): List<Double>
fun <R : Comparable<R>> BooleanArray.sortedByDescending(crossinline selector: (Boolean) -> R?): List<Boolean>
fun <R : Comparable<R>> CharArray.sortedByDescending(crossinline selector: (Char) -> R?): List<Char>
fun <T, R : Comparable<R>> Iterable<T>.sortedByDescending(crossinline selector: (T) -> R?): List<T>
fun <T, R : Comparable<R>> Sequence<T>.sortedByDescending(crossinline selector: (T) -> R?): Sequence<T>
e: file:///Users/jim/work/v2superbikeshed/Trikeshed/src/commonMain/kotlin/borg/trikeshed/ccek/CCEK.kt:304:64 Unresolved reference 'it'.
e: file:///Users/jim/work/v2superbikeshed/Trikeshed/src/commonMain/kotlin/borg/trikeshed/ccek/CCEK.kt:308:57 Unresolved reference 'condition'.
e: file:///Users/jim/work/v2superbikeshed/Trikeshed/src/commonMain/kotlin/borg/trikeshed/ccek/CCEK.kt:309:69 Unresolved reference 'action'.
e: file:///Users/jim/work/v2superbikeshed/Trikeshed/src/commonMain/kotlin/borg/trikeshed/ccek/CCEK.kt:321:65 Argument type mismatch: actual type is 'String?', but 'String' was expected.
e: file:///Users/jim/work/v2superbikeshed/Trikeshed/src/commonMain/kotlin/borg/trikeshed/ccek/CCEK.kt:499:31 No value passed for parameter 'executionId'.
e: file:///Users/jim/work/v2superbikeshed/Trikeshed/src/commonMain/kotlin/borg/trikeshed/ccek/CCEK.kt:514:44 Unresolved reference 'executeValidation'.
e: file:///Users/jim/work/v2superbikeshed/Trikeshed/src/commonMain/kotlin/borg/trikeshed/ccek/CCEK.kt:515:48 Unresolved reference 'executeTransformation'.
e: file:///Users/jim/work/v2superbikeshed/Trikeshed/src/commonMain/kotlin/borg/trikeshed/ccek/CCEK.kt:525:51 Unresolved reference 'serializeToJson'.
e: file:///Users/jim/work/v2superbikeshed/Trikeshed/src/commonMain/kotlin/borg/trikeshed/ccek/CCEK.kt:526:55 Unresolved reference 'serializeToProtobuf'.
e: file:///Users/jim/work/v2superbikeshed/Trikeshed/src/commonMain/kotlin/borg/trikeshed/ccek/CCEK.kt:527:53 Unresolved reference 'serializeCustom'.
e: file:///Users/jim/work/v2superbikeshed/Trikeshed/src/commonMain/kotlin/borg/trikeshed/ccek/CCEKChunkedDecodingChordSheet.kt:21:13 Argument type mismatch: actual type is 'ChunkParsingStrategy', but 'Function0<ChunkParsingStrategy>' was expected.
e: file:///Users/jim/work/v2superbikeshed/Trikeshed/src/commonMain/kotlin/borg/trikeshed/ccek/CCEKChunkedDecodingChordSheet.kt:35:13 Argument type mismatch: actual type is 'ChunkDecompressionStrategy', but 'Function0<ChunkDecompressionStrategy>' was expected.
e: file:///Users/jim/work/v2superbikeshed/Trikeshed/src/commonMain/kotlin/borg/trikeshed/ccek/CCEKChunkedDecodingChordSheet.kt:46:13 Argument type mismatch: actual type is 'ChunkValidationStrategy', but 'Function0<ChunkValidationStrategy>' was expected.
e: file:///Users/jim/work/v2superbikeshed/Trikeshed/src/commonMain/kotlin/borg/trikeshed/ccek/CCEKChunkedDecodingChordSheet.kt:60:13 Argument type mismatch: actual type is 'ChunkReassemblyStrategy', but 'Function0<ChunkReassemblyStrategy>' was expected.
e: file:///Users/jim/work/v2superbikeshed/Trikeshed/src/commonMain/kotlin/borg/trikeshed/ccek/CCEKChunkedDecodingChordSheet.kt:74:13 Argument type mismatch: actual type is 'ChunkErrorRecoveryStrategy', but 'Function0<ChunkErrorRecoveryStrategy>' was expected.
e: file:///Users/jim/work/v2superbikeshed/Trikeshed/src/commonMain/kotlin/borg/trikeshed/ccek/CCEKChunkedDecodingChordSheet.kt:91:18 Unresolved reference 'CoroutineContext'.
e: file:///Users/jim/work/v2superbikeshed/Trikeshed/src/commonMain/kotlin/borg/trikeshed/ccek/CCEKChunkedDecodingChordSheet.kt:114:18 Unresolved reference 'CoroutineContext'.
e: file:///Users/jim/work/v2superbikeshed/Trikeshed/src/commonMain/kotlin/borg/trikeshed/ccek/CCEKChunkedDecodingChordSheet.kt:131:11 Unresolved reference 'flowOn'.
e: file:///Users/jim/work/v2superbikeshed/Trikeshed/src/commonMain/kotlin/borg/trikeshed/ccek/CCEKChunkedDecodingChordSheet.kt:139:18 Unresolved reference 'CoroutineContext'.
e: file:///Users/jim/work/v2superbikeshed/Trikeshed/src/commonMain/kotlin/borg/trikeshed/ccek/CCEKChunkedDecodingChordSheet.kt:160:18 Unresolved reference 'CoroutineContext'.
e: file:///Users/jim/work/v2superbikeshed/Trikeshed/src/commonMain/kotlin/borg/trikeshed/ccek/CCEKChunkedDecodingChordSheet.kt:181:18 Unresolved reference 'CoroutineContext'.
e: file:///Users/jim/work/v2superbikeshed/Trikeshed/src/commonMain/kotlin/borg/trikeshed/ccek/CCEKChunkedDecodingChordSheet.kt:202:18 Unresolved reference 'CoroutineContext'.
e: file:///Users/jim/work/v2superbikeshed/Trikeshed/src/commonMain/kotlin/borg/trikeshed/ccek/CCEKChunkedDecodingChordSheet.kt:210:37 None of the following candidates is applicable:
fun <T> Iterable<T>.forEach(action: (T) -> Unit): Unit
fun <K, V> Map<out K, V>.forEach(action: (Map.Entry<K, V>) -> Unit): Unit
e: file:///Users/jim/work/v2superbikeshed/Trikeshed/src/commonMain/kotlin/borg/trikeshed/ccek/CCEKChunkedDecodingChordSheet.kt:210:47 Cannot infer type for this parameter. Specify it explicitly.
e: file:///Users/jim/work/v2superbikeshed/Trikeshed/src/commonMain/kotlin/borg/trikeshed/ccek/CCEKChunkedDecodingChordSheet.kt:211:33 Suspension functions can only be called within coroutine body.
e: file:///Users/jim/work/v2superbikeshed/Trikeshed/src/commonMain/kotlin/borg/trikeshed/ccek/CCEKChunkedDecodingChordSheet.kt:219:11 Unresolved reference 'flowOn'.
e: file:///Users/jim/work/v2superbikeshed/Trikeshed/src/commonMain/kotlin/borg/trikeshed/ccek/CCEKChunkedDecodingChordSheet.kt:236:47 Cannot infer type for this parameter. Specify it explicitly.
e: file:///Users/jim/work/v2superbikeshed/Trikeshed/src/commonMain/kotlin/borg/trikeshed/ccek/CCEKChunkedDecodingChordSheet.kt:236:47 Not enough information to infer type argument for 'B'.
e: file:///Users/jim/work/v2superbikeshed/Trikeshed/src/commonMain/kotlin/borg/trikeshed/ccek/CCEKChunkedDecodingChordSheet.kt:236:51 Cannot infer type for this parameter. Specify it explicitly.
e: file:///Users/jim/work/v2superbikeshed/Trikeshed/src/commonMain/kotlin/borg/trikeshed/ccek/CCEKChunkedDecodingChordSheet.kt:239:40 Suspension functions can only be called within coroutine body.
e: file:///Users/jim/work/v2superbikeshed/Trikeshed/src/commonMain/kotlin/borg/trikeshed/ccek/CCEKChunkedDecodingChordSheet.kt:244:58 Cannot infer type for this parameter. Specify it explicitly.
e: file:///Users/jim/work/v2superbikeshed/Trikeshed/src/commonMain/kotlin/borg/trikeshed/ccek/CCEKChunkedDecodingChordSheet.kt:244:58 Not enough information to infer type argument for 'B'.
e: file:///Users/jim/work/v2superbikeshed/Trikeshed/src/commonMain/kotlin/borg/trikeshed/ccek/CCEKChunkedDecodingChordSheet.kt:244:62 Cannot infer type for this parameter. Specify it explicitly.
e: file:///Users/jim/work/v2superbikeshed/Trikeshed/src/commonMain/kotlin/borg/trikeshed/ccek/CCEKChunkedDecodingChordSheet.kt:245:48 Expression 'b' of type 'ERROR CLASS: Cannot infer argument for type parameter B' cannot be invoked as a function. Function 'invoke()' is not found.
e: file:///Users/jim/work/v2superbikeshed/Trikeshed/src/commonMain/kotlin/borg/trikeshed/ccek/CCEKChunkedDecodingChordSheet.kt:250:54 Cannot infer type for this parameter. Specify it explicitly.
e: file:///Users/jim/work/v2superbikeshed/Trikeshed/src/commonMain/kotlin/borg/trikeshed/ccek/CCEKChunkedDecodingChordSheet.kt:250:54 Not enough information to infer type argument for 'T'.
e: file:///Users/jim/work/v2superbikeshed/Trikeshed/src/commonMain/kotlin/borg/trikeshed/ccek/CCEKChunkedDecodingChordSheet.kt:250:61 Cannot infer type for this parameter. Specify it explicitly.
e: file:///Users/jim/work/v2superbikeshed/Trikeshed/src/commonMain/kotlin/borg/trikeshed/ccek/CCEKChunkedDecodingChordSheet.kt:252:91 Cannot infer type for this parameter. Specify it explicitly.
e: file:///Users/jim/work/v2superbikeshed/Trikeshed/src/commonMain/kotlin/borg/trikeshed/ccek/CCEKChunkedDecodingChordSheet.kt:252:91 Not enough information to infer type argument for 'T'.
e: file:///Users/jim/work/v2superbikeshed/Trikeshed/src/commonMain/kotlin/borg/trikeshed/ccek/CCEKChunkedDecodingChordSheet.kt:299:45 Argument type mismatch: actual type is 'Int', but 'IntRange' was expected.
e: file:///Users/jim/work/v2superbikeshed/Trikeshed/src/commonMain/kotlin/borg/trikeshed/ccek/CCEKChunkedDecodingChordSheet.kt:299:53 Too many arguments for 'fun <T> Join<Int, Function1<Int, T>>.slice(range: IntRange): Join<Int, Function1<Int, T>>'.
e: file:///Users/jim/work/v2superbikeshed/Trikeshed/src/commonMain/kotlin/borg/trikeshed/ccek/CCEKChunkedDecodingChordSheet.kt:299:71 Unresolved reference 'Charsets'.
e: file:///Users/jim/work/v2superbikeshed/Trikeshed/src/commonMain/kotlin/borg/trikeshed/ccek/CCEKChunkedDecodingChordSheet.kt:299:71 Too many arguments for 'fun toString(): String'.
e: file:///Users/jim/work/v2superbikeshed/Trikeshed/src/commonMain/kotlin/borg/trikeshed/ccek/CCEKChunkedDecodingChordSheet.kt:312:47 Argument type mismatch: actual type is 'Int', but 'IntRange' was expected.
e: file:///Users/jim/work/v2superbikeshed/Trikeshed/src/commonMain/kotlin/borg/trikeshed/ccek/CCEKChunkedDecodingChordSheet.kt:312:58 Too many arguments for 'fun <T> Join<Int, Function1<Int, T>>.slice(range: IntRange): Join<Int, Function1<Int, T>>'.
e: file:///Users/jim/work/v2superbikeshed/Trikeshed/src/commonMain/kotlin/borg/trikeshed/ccek/CCEKChunkedDecodingChordSheet.kt:343:63 Unresolved reference 'ZSTD'.
e: file:///Users/jim/work/v2superbikeshed/Trikeshed/src/commonMain/kotlin/borg/trikeshed/ccek/CCEKChunkedDecodingChordSheet.kt:344:62 Unresolved reference 'LZ4'.
e: file:///Users/jim/work/v2superbikeshed/Trikeshed/src/commonMain/kotlin/borg/trikeshed/ccek/CCEKChunkedDecodingChordSheet.kt:359:32 None of the following candidates is applicable:
fun <T> Array<out T>.sumOf(selector: (T) -> Double): Double
fun ByteArray.sumOf(selector: (Byte) -> Double): Double
fun ShortArray.sumOf(selector: (Short) -> Double): Double
fun IntArray.sumOf(selector: (Int) -> Double): Double
fun LongArray.sumOf(selector: (Long) -> Double): Double
fun FloatArray.sumOf(selector: (Float) -> Double): Double
fun DoubleArray.sumOf(selector: (Double) -> Double): Double
fun BooleanArray.sumOf(selector: (Boolean) -> Double): Double
fun CharArray.sumOf(selector: (Char) -> Double): Double
fun <T> Array<out T>.sumOf(selector: (T) -> Int): Int
fun ByteArray.sumOf(selector: (Byte) -> Int): Int
fun ShortArray.sumOf(selector: (Short) -> Int): Int
fun IntArray.sumOf(selector: (Int) -> Int): Int
fun LongArray.sumOf(selector: (Long) -> Int): Int
fun FloatArray.sumOf(selector: (Float) -> Int): Int
fun DoubleArray.sumOf(selector: (Double) -> Int): Int
fun BooleanArray.sumOf(selector: (Boolean) -> Int): Int
fun CharArray.sumOf(selector: (Char) -> Int): Int
fun <T> Array<out T>.sumOf(selector: (T) -> Long): Long
fun ByteArray.sumOf(selector: (Byte) -> Long): Long
fun ShortArray.sumOf(selector: (Short) -> Long): Long
fun IntArray.sumOf(selector: (Int) -> Long): Long
fun LongArray.sumOf(selector: (Long) -> Long): Long
fun FloatArray.sumOf(selector: (Float) -> Long): Long
fun DoubleArray.sumOf(selector: (Double) -> Long): Long
fun BooleanArray.sumOf(selector: (Boolean) -> Long): Long
fun CharArray.sumOf(selector: (Char) -> Long): Long
fun <T> Array<out T>.sumOf(selector: (T) -> UInt): UInt
fun ByteArray.sumOf(selector: (Byte) -> UInt): UInt
fun ShortArray.sumOf(selector: (Short) -> UInt): UInt
fun IntArray.sumOf(selector: (Int) -> UInt): UInt
fun LongArray.sumOf(selector: (Long) -> UInt): UInt
fun FloatArray.sumOf(selector: (Float) -> UInt): UInt
fun DoubleArray.sumOf(selector: (Double) -> UInt): UInt
fun BooleanArray.sumOf(selector: (Boolean) -> UInt): UInt
fun CharArray.sumOf(selector: (Char) -> UInt): UInt
fun <T> Array<out T>.sumOf(selector: (T) -> ULong): ULong
fun ByteArray.sumOf(selector: (Byte) -> ULong): ULong
fun ShortArray.sumOf(selector: (Short) -> ULong): ULong
fun IntArray.sumOf(selector: (Int) -> ULong): ULong
fun LongArray.sumOf(selector: (Long) -> ULong): ULong
fun FloatArray.sumOf(selector: (Float) -> ULong): ULong
fun DoubleArray.sumOf(selector: (Double) -> ULong): ULong
fun BooleanArray.sumOf(selector: (Boolean) -> ULong): ULong
fun CharArray.sumOf(selector: (Char) -> ULong): ULong
fun <T> Iterable<T>.sumOf(selector: (T) -> Double): Double
fun <T> Iterable<T>.sumOf(selector: (T) -> Int): Int
fun <T> Iterable<T>.sumOf(selector: (T) -> Long): Long
fun <T> Iterable<T>.sumOf(selector: (T) -> UInt): UInt
fun <T> Iterable<T>.sumOf(selector: (T) -> ULong): ULong
fun UIntArray.sumOf(selector: (UInt) -> Double): Double
fun ULongArray.sumOf(selector: (ULong) -> Double): Double
fun UByteArray.sumOf(selector: (UByte) -> Double): Double
fun UShortArray.sumOf(selector: (UShort) -> Double): Double
fun UIntArray.sumOf(selector: (UInt) -> Int): Int
fun ULongArray.sumOf(selector: (ULong) -> Int): Int
fun UByteArray.sumOf(selector: (UByte) -> Int): Int
fun UShortArray.sumOf(selector: (UShort) -> Int): Int
fun UIntArray.sumOf(selector: (UInt) -> Long): Long
fun ULongArray.sumOf(selector: (ULong) -> Long): Long
fun UByteArray.sumOf(selector: (UByte) -> Long): Long
fun UShortArray.sumOf(selector: (UShort) -> Long): Long
fun UIntArray.sumOf(selector: (UInt) -> UInt): UInt
fun ULongArray.sumOf(selector: (ULong) -> UInt): UInt
fun UByteArray.sumOf(selector: (UByte) -> UInt): UInt
fun UShortArray.sumOf(selector: (UShort) -> UInt): UInt
fun UIntArray.sumOf(selector: (UInt) -> ULong): ULong
fun ULongArray.sumOf(selector: (ULong) -> ULong): ULong
fun UByteArray.sumOf(selector: (UByte) -> ULong): ULong
fun UShortArray.sumOf(selector: (UShort) -> ULong): ULong
fun <T> Sequence<T>.sumOf(selector: (T) -> Double): Double
fun <T> Sequence<T>.sumOf(selector: (T) -> Int): Int
fun <T> Sequence<T>.sumOf(selector: (T) -> Long): Long
fun <T> Sequence<T>.sumOf(selector: (T) -> UInt): UInt
fun <T> Sequence<T>.sumOf(selector: (T) -> ULong): ULong
fun CharSequence.sumOf(selector: (Char) -> Double): Double
fun CharSequence.sumOf(selector: (Char) -> Int): Int
fun CharSequence.sumOf(selector: (Char) -> Long): Long
fun CharSequence.sumOf(selector: (Char) -> UInt): UInt
fun CharSequence.sumOf(selector: (Char) -> ULong): ULong
e: file:///Users/jim/work/v2superbikeshed/Trikeshed/src/commonMain/kotlin/borg/trikeshed/ccek/CCEKChunkedDecodingChordSheet.kt:359:40 Unresolved reference 'it'.
e: file:///Users/jim/work/v2superbikeshed/Trikeshed/src/commonMain/kotlin/borg/trikeshed/ccek/CCEKChunkedDecodingChordSheet.kt:359:48 Cannot infer type for this parameter. Specify it explicitly.
e: file:///Users/jim/work/v2superbikeshed/Trikeshed/src/commonMain/kotlin/borg/trikeshed/ccek/CCEKChunkedDecodingChordSheet.kt:367:26 Cannot infer type for this parameter. Specify it explicitly.
e: file:///Users/jim/work/v2superbikeshed/Trikeshed/src/commonMain/kotlin/borg/trikeshed/ccek/CCEKChunkedDecodingChordSheet.kt:367:26 Unresolved reference. None of the following candidates is applicable because of a receiver type mismatch:
fun <A, B> A.j(b: B): Join<A, B>
e: file:///Users/jim/work/v2superbikeshed/Trikeshed/src/commonMain/kotlin/borg/trikeshed/ccek/CCEKChunkedDecodingChordSheet.kt:367:30 Cannot infer type for this parameter. Specify it explicitly.
e: file:///Users/jim/work/v2superbikeshed/Trikeshed/src/commonMain/kotlin/borg/trikeshed/ccek/CCEKChunkedDecodingChordSheet.kt:372:63 No value passed for parameter 'a'.
e: file:///Users/jim/work/v2superbikeshed/Trikeshed/src/commonMain/kotlin/borg/trikeshed/ccek/CCEKChunkedDecodingChordSheet.kt:372:63 No value passed for parameter 'b'.
e: file:///Users/jim/work/v2superbikeshed/Trikeshed/src/commonMain/kotlin/borg/trikeshed/ccek/CCEKChunkedDecodingChordSheet.kt:377:17 Cannot infer type for this parameter. Specify it explicitly.
e: file:///Users/jim/work/v2superbikeshed/Trikeshed/src/commonMain/kotlin/borg/trikeshed/ccek/CCEKChunkedDecodingChordSheet.kt:377:17 Unresolved reference. None of the following candidates is applicable because of a receiver type mismatch:
fun <T> Join<Int, Function1<Int, Join<Any?, TypeMemento>>>.get(column: Column<T>): T?
e: file:///Users/jim/work/v2superbikeshed/Trikeshed/src/commonMain/kotlin/borg/trikeshed/ccek/CCEKChunkedDecodingChordSheet.kt:377:50 Cannot infer type for this parameter. Specify it explicitly.
e: file:///Users/jim/work/v2superbikeshed/Trikeshed/src/commonMain/kotlin/borg/trikeshed/ccek/CCEKChunkedDecodingChordSheet.kt:377:50 Unresolved reference. None of the following candidates is applicable because of a receiver type mismatch:
fun <T> Join<Int, Function1<Int, Join<Any?, TypeMemento>>>.get(column: Column<T>): T?
e: file:///Users/jim/work/v2superbikeshed/Trikeshed/src/commonMain/kotlin/borg/trikeshed/ccek/CCEKChunkedDecodingChordSheet.kt:406:57 No value passed for parameter 'a'.
e: file:///Users/jim/work/v2superbikeshed/Trikeshed/src/commonMain/kotlin/borg/trikeshed/ccek/CCEKChunkedDecodingChordSheet.kt:406:57 No value passed for parameter 'b'.
e: file:///Users/jim/work/v2superbikeshed/Trikeshed/src/commonMain/kotlin/borg/trikeshed/ccek/CCEKChunkedDecodingChordSheet.kt:411:23 No value passed for parameter 'a'.
e: file:///Users/jim/work/v2superbikeshed/Trikeshed/src/commonMain/kotlin/borg/trikeshed/ccek/CCEKChunkedDecodingChordSheet.kt:411:23 No value passed for parameter 'b'.
e: file:///Users/jim/work/v2superbikeshed/Trikeshed/src/commonMain/kotlin/borg/trikeshed/ccek/CCEKChunkedEncodingChordSheet.kt:21:13 Argument type mismatch: actual type is 'Int#1', but 'Function0<kotlin.Int>' was expected.
e: file:///Users/jim/work/v2superbikeshed/Trikeshed/src/commonMain/kotlin/borg/trikeshed/ccek/CCEKChunkedEncodingChordSheet.kt:35:13 Argument type mismatch: actual type is 'ChunkEncodingStrategy', but 'Function0<ChunkEncodingStrategy>' was expected.
e: file:///Users/jim/work/v2superbikeshed/Trikeshed/src/commonMain/kotlin/borg/trikeshed/ccek/CCEKChunkedEncodingChordSheet.kt:49:13 Argument type mismatch: actual type is 'ChunkCompressionStrategy', but 'Function0<ChunkCompressionStrategy>' was expected.
e: file:///Users/jim/work/v2superbikeshed/Trikeshed/src/commonMain/kotlin/borg/trikeshed/ccek/CCEKChunkedEncodingChordSheet.kt:63:13 Argument type mismatch: actual type is 'ChunkBoundaryStrategy', but 'Function0<ChunkBoundaryStrategy>' was expected.
e: file:///Users/jim/work/v2superbikeshed/Trikeshed/src/commonMain/kotlin/borg/trikeshed/ccek/CCEKChunkedEncodingChordSheet.kt:77:13 Argument type mismatch: actual type is 'ChunkHeaderGenerator', but 'Function0<ChunkHeaderGenerator>' was expected.
e: file:///Users/jim/work/v2superbikeshed/Trikeshed/src/commonMain/kotlin/borg/trikeshed/ccek/CCEKChunkedEncodingChordSheet.kt:89:13 Argument type mismatch: actual type is 'ChunkTrailerGenerator', but 'Function0<ChunkTrailerGenerator>' was expected.
e: file:///Users/jim/work/v2superbikeshed/Trikeshed/src/commonMain/kotlin/borg/trikeshed/ccek/CCEKChunkedEncodingChordSheet.kt:108:18 Unresolved reference 'CoroutineContext'.
e: file:///Users/jim/work/v2superbikeshed/Trikeshed/src/commonMain/kotlin/borg/trikeshed/ccek/CCEKChunkedEncodingChordSheet.kt:135:18 Unresolved reference 'CoroutineContext'.
e: file:///Users/jim/work/v2superbikeshed/Trikeshed/src/commonMain/kotlin/borg/trikeshed/ccek/CCEKChunkedEncodingChordSheet.kt:148:18 Unresolved reference 'CoroutineContext'.
e: file:///Users/jim/work/v2superbikeshed/Trikeshed/src/commonMain/kotlin/borg/trikeshed/ccek/CCEKChunkedEncodingChordSheet.kt:161:18 Unresolved reference 'CoroutineContext'.
e: file:///Users/jim/work/v2superbikeshed/Trikeshed/src/commonMain/kotlin/borg/trikeshed/ccek/CCEKChunkedEncodingChordSheet.kt:174:18 Unresolved reference 'CoroutineContext'.
e: file:///Users/jim/work/v2superbikeshed/Trikeshed/src/commonMain/kotlin/borg/trikeshed/ccek/CCEKChunkedEncodingChordSheet.kt:198:40 Argument type mismatch: actual type is 'Int', but 'IntRange' was expected.
e: file:///Users/jim/work/v2superbikeshed/Trikeshed/src/commonMain/kotlin/borg/trikeshed/ccek/CCEKChunkedEncodingChordSheet.kt:198:48 Too many arguments for 'fun <T> Join<Int, Function1<Int, T>>.slice(range: IntRange): Join<Int, Function1<Int, T>>'.
e: file:///Users/jim/work/v2superbikeshed/Trikeshed/src/commonMain/kotlin/borg/trikeshed/ccek/CCEKChunkedEncodingChordSheet.kt:202:65 Unresolved reference 'ZSTD'.
e: file:///Users/jim/work/v2superbikeshed/Trikeshed/src/commonMain/kotlin/borg/trikeshed/ccek/CCEKChunkedEncodingChordSheet.kt:203:64 Unresolved reference 'LZ4'.
e: file:///Users/jim/work/v2superbikeshed/Trikeshed/src/commonMain/kotlin/borg/trikeshed/ccek/CCEKChunkedEncodingChordSheet.kt:208:42 Unresolved reference 'generateHeader'.
e: file:///Users/jim/work/v2superbikeshed/Trikeshed/src/commonMain/kotlin/borg/trikeshed/ccek/CCEKChunkedEncodingChordSheet.kt:214:45 Unresolved reference 'determineBoundary'.
e: file:///Users/jim/work/v2superbikeshed/Trikeshed/src/commonMain/kotlin/borg/trikeshed/ccek/CCEKChunkedEncodingChordSheet.kt:222:40 Unresolved reference 'generateTrailer'.
e: file:///Users/jim/work/v2superbikeshed/Trikeshed/src/commonMain/kotlin/borg/trikeshed/ccek/CCEKChunkedEncodingChordSheet.kt:248:12 Redeclaration:
object ChunkBoundaryStrategy : Any
e: file:///Users/jim/work/v2superbikeshed/Trikeshed/src/commonMain/kotlin/borg/trikeshed/ccek/CCEKChunkedEncodingChordSheet.kt:252:12 Redeclaration:
object ChunkHeaderGenerator : Any
e: file:///Users/jim/work/v2superbikeshed/Trikeshed/src/commonMain/kotlin/borg/trikeshed/ccek/CCEKChunkedEncodingChordSheet.kt:256:12 Redeclaration:
object ChunkTrailerGenerator : Any
e: file:///Users/jim/work/v2superbikeshed/Trikeshed/src/commonMain/kotlin/borg/trikeshed/ccek/CCEKChunkedEncodingChordSheet.kt:312:23 No value passed for parameter 'a'.
e: file:///Users/jim/work/v2superbikeshed/Trikeshed/src/commonMain/kotlin/borg/trikeshed/ccek/CCEKChunkedEncodingChordSheet.kt:312:23 No value passed for parameter 'b'.
e: file:///Users/jim/work/v2superbikeshed/Trikeshed/src/commonMain/kotlin/borg/trikeshed/ccek/CCEKChunkedEncodingChordSheet.kt:330:23 No value passed for parameter 'a'.
e: file:///Users/jim/work/v2superbikeshed/Trikeshed/src/commonMain/kotlin/borg/trikeshed/ccek/CCEKChunkedEncodingChordSheet.kt:330:23 No value passed for parameter 'b'.
e: file:///Users/jim/work/v2superbikeshed/Trikeshed/src/commonMain/kotlin/borg/trikeshed/ccek/CCEKChunkedEncodingChordSheet.kt:355:19 No value passed for parameter 'a'.
e: file:///Users/jim/work/v2superbikeshed/Trikeshed/src/commonMain/kotlin/borg/trikeshed/ccek/CCEKChunkedEncodingChordSheet.kt:355:19 No value passed for parameter 'b'.
e: file:///Users/jim/work/v2superbikeshed/Trikeshed/src/commonMain/kotlin/borg/trikeshed/ccek/CCEKChunkedEncodingChordSheet.kt:360:8 Redeclaration:
enum class ChunkHeaderGenerator : Enum<ChunkHeaderGenerator>
e: file:///Users/jim/work/v2superbikeshed/Trikeshed/src/commonMain/kotlin/borg/trikeshed/ccek/CCEKChunkedEncodingChordSheet.kt:361:9 Unresolved reference 'COMPRESSED_JSON'.
e: file:///Users/jim/work/v2superbikeshed/Trikeshed/src/commonMain/kotlin/borg/trikeshed/ccek/CCEKChunkedEncodingChordSheet.kt:370:9 Unresolved reference 'COMPRESSED_BINARY'.
e: file:///Users/jim/work/v2superbikeshed/Trikeshed/src/commonMain/kotlin/borg/trikeshed/ccek/CCEKChunkedEncodingChordSheet.kt:379:9 Unresolved reference 'STREAMING_JSON'.
e: file:///Users/jim/work/v2superbikeshed/Trikeshed/src/commonMain/kotlin/borg/trikeshed/ccek/CCEKChunkedEncodingChordSheet.kt:388:9 Unresolved reference 'RAW_BINARY'.
e: file:///Users/jim/work/v2superbikeshed/Trikeshed/src/commonMain/kotlin/borg/trikeshed/ccek/CCEKChunkedEncodingChordSheet.kt:397:9 Unresolved reference 'DEFAULT'.
e: file:///Users/jim/work/v2superbikeshed/Trikeshed/src/commonMain/kotlin/borg/trikeshed/ccek/CCEKChunkedEncodingChordSheet.kt:409:8 Redeclaration:
enum class ChunkTrailerGenerator : Enum<ChunkTrailerGenerator>
e: file:///Users/jim/work/v2superbikeshed/Trikeshed/src/commonMain/kotlin/borg/trikeshed/ccek/CCEKChunkedEncodingChordSheet.kt:410:9 Unresolved reference 'JSON_DOCUMENT'.
e: file:///Users/jim/work/v2superbikeshed/Trikeshed/src/commonMain/kotlin/borg/trikeshed/ccek/CCEKChunkedEncodingChordSheet.kt:419:9 Unresolved reference 'BINARY_ATTACHMENT'.
e: file:///Users/jim/work/v2superbikeshed/Trikeshed/src/commonMain/kotlin/borg/trikeshed/ccek/CCEKChunkedEncodingChordSheet.kt:428:9 Unresolved reference 'JSON_DESIGN'.
e: file:///Users/jim/work/v2superbikeshed/Trikeshed/src/commonMain/kotlin/borg/trikeshed/ccek/CCEKChunkedEncodingChordSheet.kt:437:9 Unresolved reference 'JSON_REVISION'.
e: file:///Users/jim/work/v2superbikeshed/Trikeshed/src/commonMain/kotlin/borg/trikeshed/ccek/CCEKChunkedEncodingChordSheet.kt:446:9 Unresolved reference 'JSON_REPLICATION'.
e: file:///Users/jim/work/v2superbikeshed/Trikeshed/src/commonMain/kotlin/borg/trikeshed/ccek/CCEKChunkedEncodingChordSheet.kt:455:9 Unresolved reference 'JSON_CHANGES'.
e: file:///Users/jim/work/v2superbikeshed/Trikeshed/src/commonMain/kotlin/borg/trikeshed/ccek/CCEKChunkedEncodingChordSheet.kt:464:9 Unresolved reference 'DEFAULT'.
e: file:///Users/jim/work/v2superbikeshed/Trikeshed/src/commonMain/kotlin/borg/trikeshed/ccek/CCEKChunkedEncodingChordSheet.kt:476:8 Redeclaration:
enum class ChunkBoundaryStrategy : Enum<ChunkBoundaryStrategy>
e: file:///Users/jim/work/v2superbikeshed/Trikeshed/src/commonMain/kotlin/borg/trikeshed/ccek/CCEKChunkedEncodingChordSheet.kt:477:9 Unresolved reference 'JSON_OBJECT'.
e: file:///Users/jim/work/v2superbikeshed/Trikeshed/src/commonMain/kotlin/borg/trikeshed/ccek/CCEKChunkedEncodingChordSheet.kt:485:9 Unresolved reference 'FIXED_SIZE'.
e: file:///Users/jim/work/v2superbikeshed/Trikeshed/src/commonMain/kotlin/borg/trikeshed/ccek/CCEKChunkedEncodingChordSheet.kt:493:9 Unresolved reference 'JSON_LINE'.
e: file:///Users/jim/work/v2superbikeshed/Trikeshed/src/commonMain/kotlin/borg/trikeshed/ccek/CCEKProtocolChoreographer.kt:26:13 Argument type mismatch: actual type is 'ChoreographyStrategy', but 'Function0<ChoreographyStrategy>' was expected.
e: file:///Users/jim/work/v2superbikeshed/Trikeshed/src/commonMain/kotlin/borg/trikeshed/ccek/CCEKProtocolChoreographer.kt:38:9 Cannot infer type for this parameter. Specify it explicitly.
e: file:///Users/jim/work/v2superbikeshed/Trikeshed/src/commonMain/kotlin/borg/trikeshed/ccek/CCEKProtocolChoreographer.kt:38:9 Type mismatch: inferred type is 'Join<String, ERROR CLASS: Cannot infer argument for type parameter B>', but 'Join<Int, Function1<Int, String>>' was expected.
e: file:///Users/jim/work/v2superbikeshed/Trikeshed/src/commonMain/kotlin/borg/trikeshed/ccek/CCEKProtocolChoreographer.kt:38:17 No value passed for parameter 'b'.
e: file:///Users/jim/work/v2superbikeshed/Trikeshed/src/commonMain/kotlin/borg/trikeshed/ccek/CCEKProtocolChoreographer.kt:38:25 Cannot infer type for this parameter. Specify it explicitly.
e: file:///Users/jim/work/v2superbikeshed/Trikeshed/src/commonMain/kotlin/borg/trikeshed/ccek/CCEKProtocolChoreographer.kt:41:27 None of the following candidates is applicable:
fun <T> Array<out T>.contains(element: T): Boolean
fun ByteArray.contains(element: Byte): Boolean
fun ShortArray.contains(element: Short): Boolean
fun IntArray.contains(element: Int): Boolean
fun LongArray.contains(element: Long): Boolean
fun BooleanArray.contains(element: Boolean): Boolean
fun CharArray.contains(element: Char): Boolean
fun <T> Iterable<T>.contains(element: T): Boolean
fun <K, V> Map<out K, V>.contains(key: K): Boolean
fun IntRange.contains(element: Int?): Boolean
fun LongRange.contains(element: Long?): Boolean
fun CharRange.contains(element: Char?): Boolean
fun ClosedRange<Int>.contains(value: Byte): Boolean
fun ClosedRange<Long>.contains(value: Byte): Boolean
fun ClosedRange<Short>.contains(value: Byte): Boolean
fun OpenEndRange<Int>.contains(value: Byte): Boolean
fun OpenEndRange<Long>.contains(value: Byte): Boolean
fun OpenEndRange<Short>.contains(value: Byte): Boolean
fun IntRange.contains(value: Byte): Boolean
fun LongRange.contains(value: Byte): Boolean
fun ClosedRange<Float>.contains(value: Double): Boolean
fun ClosedRange<Double>.contains(value: Float): Boolean
fun OpenEndRange<Double>.contains(value: Float): Boolean
fun ClosedRange<Long>.contains(value: Int): Boolean
fun ClosedRange<Byte>.contains(value: Int): Boolean
fun ClosedRange<Short>.contains(value: Int): Boolean
fun OpenEndRange<Long>.contains(value: Int): Boolean
fun OpenEndRange<Byte>.contains(value: Int): Boolean
fun OpenEndRange<Short>.contains(value: Int): Boolean
fun LongRange.contains(value: Int): Boolean
fun ClosedRange<Int>.contains(value: Long): Boolean
fun ClosedRange<Byte>.contains(value: Long): Boolean
fun ClosedRange<Short>.contains(value: Long): Boolean
fun OpenEndRange<Int>.contains(value: Long): Boolean
fun OpenEndRange<Byte>.contains(value: Long): Boolean
fun OpenEndRange<Short>.contains(value: Long): Boolean
fun IntRange.contains(value: Long): Boolean
fun ClosedRange<Int>.contains(value: Short): Boolean
fun ClosedRange<Long>.contains(value: Short): Boolean
fun ClosedRange<Byte>.contains(value: Short): Boolean
fun OpenEndRange<Int>.contains(value: Short): Boolean
fun OpenEndRange<Long>.contains(value: Short): Boolean
fun OpenEndRange<Byte>.contains(value: Short): Boolean
fun IntRange.contains(value: Short): Boolean
fun LongRange.contains(value: Short): Boolean
fun UIntRange.contains(element: UInt?): Boolean
fun ULongRange.contains(element: ULong?): Boolean
fun UIntRange.contains(value: UByte): Boolean
fun ULongRange.contains(value: UByte): Boolean
fun ULongRange.contains(value: UInt): Boolean
fun UIntRange.contains(value: ULong): Boolean
fun UIntRange.contains(value: UShort): Boolean
fun ULongRange.contains(value: UShort): Boolean
fun <T : Any, R : ClosedRange<T>, Iterable<T>> R.contains(element: T?): Boolean
fun <T : Any, R : OpenEndRange<T>, Iterable<T>> R.contains(element: T?): Boolean
fun <T> Sequence<T>.contains(element: T): Boolean
fun CharSequence.contains(other: CharSequence, ignoreCase: Boolean = ...): Boolean
fun CharSequence.contains(char: Char, ignoreCase: Boolean = ...): Boolean
fun CharSequence.contains(regex: Regex): Boolean
e: file:///Users/jim/work/v2superbikeshed/Trikeshed/src/commonMain/kotlin/borg/trikeshed/ccek/CCEKProtocolChoreographer.kt:41:57 None of the following candidates is applicable:
fun <T> Array<out T>.contains(element: T): Boolean
fun ByteArray.contains(element: Byte): Boolean
fun ShortArray.contains(element: Short): Boolean
fun IntArray.contains(element: Int): Boolean
fun LongArray.contains(element: Long): Boolean
fun BooleanArray.contains(element: Boolean): Boolean
fun CharArray.contains(element: Char): Boolean
fun <T> Iterable<T>.contains(element: T): Boolean
fun <K, V> Map<out K, V>.contains(key: K): Boolean
fun IntRange.contains(element: Int?): Boolean
fun LongRange.contains(element: Long?): Boolean
fun CharRange.contains(element: Char?): Boolean
fun ClosedRange<Int>.contains(value: Byte): Boolean
fun ClosedRange<Long>.contains(value: Byte): Boolean
fun ClosedRange<Short>.contains(value: Byte): Boolean
fun OpenEndRange<Int>.contains(value: Byte): Boolean
fun OpenEndRange<Long>.contains(value: Byte): Boolean
fun OpenEndRange<Short>.contains(value: Byte): Boolean
fun IntRange.contains(value: Byte): Boolean
fun LongRange.contains(value: Byte): Boolean
fun ClosedRange<Float>.contains(value: Double): Boolean
fun ClosedRange<Double>.contains(value: Float): Boolean
fun OpenEndRange<Double>.contains(value: Float): Boolean
fun ClosedRange<Long>.contains(value: Int): Boolean
fun ClosedRange<Byte>.contains(value: Int): Boolean
fun ClosedRange<Short>.contains(value: Int): Boolean
fun OpenEndRange<Long>.contains(value: Int): Boolean
fun OpenEndRange<Byte>.contains(value: Int): Boolean
fun OpenEndRange<Short>.contains(value: Int): Boolean
fun LongRange.contains(value: Int): Boolean
fun ClosedRange<Int>.contains(value: Long): Boolean
fun ClosedRange<Byte>.contains(value: Long): Boolean
fun ClosedRange<Short>.contains(value: Long): Boolean
fun OpenEndRange<Int>.contains(value: Long): Boolean
fun OpenEndRange<Byte>.contains(value: Long): Boolean
fun OpenEndRange<Short>.contains(value: Long): Boolean
fun IntRange.contains(value: Long): Boolean
fun ClosedRange<Int>.contains(value: Short): Boolean
fun ClosedRange<Long>.contains(value: Short): Boolean
fun ClosedRange<Byte>.contains(value: Short): Boolean
fun OpenEndRange<Int>.contains(value: Short): Boolean
fun OpenEndRange<Long>.contains(value: Short): Boolean
fun OpenEndRange<Byte>.contains(value: Short): Boolean
fun IntRange.contains(value: Short): Boolean
fun LongRange.contains(value: Short): Boolean
fun UIntRange.contains(element: UInt?): Boolean
fun ULongRange.contains(element: ULong?): Boolean
fun UIntRange.contains(value: UByte): Boolean
fun ULongRange.contains(value: UByte): Boolean
fun ULongRange.contains(value: UInt): Boolean
fun UIntRange.contains(value: ULong): Boolean
fun UIntRange.contains(value: UShort): Boolean
fun ULongRange.contains(value: UShort): Boolean
fun <T : Any, R : ClosedRange<T>, Iterable<T>> R.contains(element: T?): Boolean
fun <T : Any, R : OpenEndRange<T>, Iterable<T>> R.contains(element: T?): Boolean
fun <T> Sequence<T>.contains(element: T): Boolean
fun CharSequence.contains(other: CharSequence, ignoreCase: Boolean = ...): Boolean
fun CharSequence.contains(char: Char, ignoreCase: Boolean = ...): Boolean
fun CharSequence.contains(regex: Regex): Boolean
e: file:///Users/jim/work/v2superbikeshed/Trikeshed/src/commonMain/kotlin/borg/trikeshed/ccek/CCEKProtocolChoreographer.kt:42:27 None of the following candidates is applicable:
fun <T> Array<out T>.contains(element: T): Boolean
fun ByteArray.contains(element: Byte): Boolean
fun ShortArray.contains(element: Short): Boolean
fun IntArray.contains(element: Int): Boolean
fun LongArray.contains(element: Long): Boolean
fun BooleanArray.contains(element: Boolean): Boolean
fun CharArray.contains(element: Char): Boolean
fun <T> Iterable<T>.contains(element: T): Boolean
fun <K, V> Map<out K, V>.contains(key: K): Boolean
fun IntRange.contains(element: Int?): Boolean
fun LongRange.contains(element: Long?): Boolean
fun CharRange.contains(element: Char?): Boolean
fun ClosedRange<Int>.contains(value: Byte): Boolean
fun ClosedRange<Long>.contains(value: Byte): Boolean
fun ClosedRange<Short>.contains(value: Byte): Boolean
fun OpenEndRange<Int>.contains(value: Byte): Boolean
fun OpenEndRange<Long>.contains(value: Byte): Boolean
fun OpenEndRange<Short>.contains(value: Byte): Boolean
fun IntRange.contains(value: Byte): Boolean
fun LongRange.contains(value: Byte): Boolean
fun ClosedRange<Float>.contains(value: Double): Boolean
fun ClosedRange<Double>.contains(value: Float): Boolean
fun OpenEndRange<Double>.contains(value: Float): Boolean
fun ClosedRange<Long>.contains(value: Int): Boolean
fun ClosedRange<Byte>.contains(value: Int): Boolean
fun ClosedRange<Short>.contains(value: Int): Boolean
fun OpenEndRange<Long>.contains(value: Int): Boolean
fun OpenEndRange<Byte>.contains(value: Int): Boolean
fun OpenEndRange<Short>.contains(value: Int): Boolean
fun LongRange.contains(value: Int): Boolean
fun ClosedRange<Int>.contains(value: Long): Boolean
fun ClosedRange<Byte>.contains(value: Long): Boolean
fun ClosedRange<Short>.contains(value: Long): Boolean
fun OpenEndRange<Int>.contains(value: Long): Boolean
fun OpenEndRange<Byte>.contains(value: Long): Boolean
fun OpenEndRange<Short>.contains(value: Long): Boolean
fun IntRange.contains(value: Long): Boolean
fun ClosedRange<Int>.contains(value: Short): Boolean
fun ClosedRange<Long>.contains(value: Short): Boolean
fun ClosedRange<Byte>.contains(value: Short): Boolean
fun OpenEndRange<Int>.contains(value: Short): Boolean
fun OpenEndRange<Long>.contains(value: Short): Boolean
fun OpenEndRange<Byte>.contains(value: Short): Boolean
fun IntRange.contains(value: Short): Boolean
fun LongRange.contains(value: Short): Boolean
fun UIntRange.contains(element: UInt?): Boolean
fun ULongRange.contains(element: ULong?): Boolean
fun UIntRange.contains(value: UByte): Boolean
fun ULongRange.contains(value: UByte): Boolean
fun ULongRange.contains(value: UInt): Boolean
fun UIntRange.contains(value: ULong): Boolean
fun UIntRange.contains(value: UShort): Boolean
fun ULongRange.contains(value: UShort): Boolean
fun <T : Any, R : ClosedRange<T>, Iterable<T>> R.contains(element: T?): Boolean
fun <T : Any, R : OpenEndRange<T>, Iterable<T>> R.contains(element: T?): Boolean
fun <T> Sequence<T>.contains(element: T): Boolean
fun CharSequence.contains(other: CharSequence, ignoreCase: Boolean = ...): Boolean
fun CharSequence.contains(char: Char, ignoreCase: Boolean = ...): Boolean
fun CharSequence.contains(regex: Regex): Boolean
e: file:///Users/jim/work/v2superbikeshed/Trikeshed/src/commonMain/kotlin/borg/trikeshed/ccek/CCEKProtocolChoreographer.kt:42:57 None of the following candidates is applicable:
fun <T> Array<out T>.contains(element: T): Boolean
fun ByteArray.contains(element: Byte): Boolean
fun ShortArray.contains(element: Short): Boolean
fun IntArray.contains(element: Int): Boolean
fun LongArray.contains(element: Long): Boolean
fun BooleanArray.contains(element: Boolean): Boolean
fun CharArray.contains(element: Char): Boolean
fun <T> Iterable<T>.contains(element: T): Boolean
fun <K, V> Map<out K, V>.contains(key: K): Boolean
fun IntRange.contains(element: Int?): Boolean
fun LongRange.contains(element: Long?): Boolean
fun CharRange.contains(element: Char?): Boolean
fun ClosedRange<Int>.contains(value: Byte): Boolean
fun ClosedRange<Long>.contains(value: Byte): Boolean
fun ClosedRange<Short>.contains(value: Byte): Boolean
fun OpenEndRange<Int>.contains(value: Byte): Boolean
fun OpenEndRange<Long>.contains(value: Byte): Boolean
fun OpenEndRange<Short>.contains(value: Byte): Boolean
fun IntRange.contains(value: Byte): Boolean
fun LongRange.contains(value: Byte): Boolean
fun ClosedRange<Float>.contains(value: Double): Boolean
fun ClosedRange<Double>.contains(value: Float): Boolean
fun OpenEndRange<Double>.contains(value: Float): Boolean
fun ClosedRange<Long>.contains(value: Int): Boolean
fun ClosedRange<Byte>.contains(value: Int): Boolean
fun ClosedRange<Short>.contains(value: Int): Boolean
fun OpenEndRange<Long>.contains(value: Int): Boolean
fun OpenEndRange<Byte>.contains(value: Int): Boolean
fun OpenEndRange<Short>.contains(value: Int): Boolean
fun LongRange.contains(value: Int): Boolean
fun ClosedRange<Int>.contains(value: Long): Boolean
fun ClosedRange<Byte>.contains(value: Long): Boolean
fun ClosedRange<Short>.contains(value: Long): Boolean
fun OpenEndRange<Int>.contains(value: Long): Boolean
fun OpenEndRange<Byte>.contains(value: Long): Boolean
fun OpenEndRange<Short>.contains(value: Long): Boolean
fun IntRange.contains(value: Long): Boolean
fun ClosedRange<Int>.contains(value: Short): Boolean
fun ClosedRange<Long>.contains(value: Short): Boolean
fun ClosedRange<Byte>.contains(value: Short): Boolean
fun OpenEndRange<Int>.contains(value: Short): Boolean
fun OpenEndRange<Long>.contains(value: Short): Boolean
fun OpenEndRange<Byte>.contains(value: Short): Boolean
fun IntRange.contains(value: Short): Boolean
fun LongRange.contains(value: Short): Boolean
fun UIntRange.contains(element: UInt?): Boolean
fun ULongRange.contains(element: ULong?): Boolean
fun UIntRange.contains(value: UByte): Boolean
fun ULongRange.contains(value: UByte): Boolean
fun ULongRange.contains(value: UInt): Boolean
fun UIntRange.contains(value: ULong): Boolean
fun UIntRange.contains(value: UShort): Boolean
fun ULongRange.contains(value: UShort): Boolean
fun <T : Any, R : ClosedRange<T>, Iterable<T>> R.contains(element: T?): Boolean
fun <T : Any, R : OpenEndRange<T>, Iterable<T>> R.contains(element: T?): Boolean
fun <T> Sequence<T>.contains(element: T): Boolean
fun CharSequence.contains(other: CharSequence, ignoreCase: Boolean = ...): Boolean
fun CharSequence.contains(char: Char, ignoreCase: Boolean = ...): Boolean
fun CharSequence.contains(regex: Regex): Boolean
e: file:///Users/jim/work/v2superbikeshed/Trikeshed/src/commonMain/kotlin/borg/trikeshed/ccek/CCEKProtocolChoreographer.kt:43:27 None of the following candidates is applicable:
fun <T> Array<out T>.contains(element: T): Boolean
fun ByteArray.contains(element: Byte): Boolean
fun ShortArray.contains(element: Short): Boolean
fun IntArray.contains(element: Int): Boolean
fun LongArray.contains(element: Long): Boolean
fun BooleanArray.contains(element: Boolean): Boolean
fun CharArray.contains(element: Char): Boolean
fun <T> Iterable<T>.contains(element: T): Boolean
fun <K, V> Map<out K, V>.contains(key: K): Boolean
fun IntRange.contains(element: Int?): Boolean
fun LongRange.contains(element: Long?): Boolean
fun CharRange.contains(element: Char?): Boolean
fun ClosedRange<Int>.contains(value: Byte): Boolean
fun ClosedRange<Long>.contains(value: Byte): Boolean
fun ClosedRange<Short>.contains(value: Byte): Boolean
fun OpenEndRange<Int>.contains(value: Byte): Boolean
fun OpenEndRange<Long>.contains(value: Byte): Boolean
fun OpenEndRange<Short>.contains(value: Byte): Boolean
fun IntRange.contains(value: Byte): Boolean
fun LongRange.contains(value: Byte): Boolean
fun ClosedRange<Float>.contains(value: Double): Boolean
fun ClosedRange<Double>.contains(value: Float): Boolean
fun OpenEndRange<Double>.contains(value: Float): Boolean
fun ClosedRange<Long>.contains(value: Int): Boolean
fun ClosedRange<Byte>.contains(value: Int): Boolean
fun ClosedRange<Short>.contains(value: Int): Boolean
fun OpenEndRange<Long>.contains(value: Int): Boolean
fun OpenEndRange<Byte>.contains(value: Int): Boolean
fun OpenEndRange<Short>.contains(value: Int): Boolean
fun LongRange.contains(value: Int): Boolean
fun ClosedRange<Int>.contains(value: Long): Boolean
fun ClosedRange<Byte>.contains(value: Long): Boolean
fun ClosedRange<Short>.contains(value: Long): Boolean
fun OpenEndRange<Int>.contains(value: Long): Boolean
fun OpenEndRange<Byte>.contains(value: Long): Boolean
fun OpenEndRange<Short>.contains(value: Long): Boolean
fun IntRange.contains(value: Long): Boolean
fun ClosedRange<Int>.contains(value: Short): Boolean
fun ClosedRange<Long>.contains(value: Short): Boolean
fun ClosedRange<Byte>.contains(value: Short): Boolean
fun OpenEndRange<Int>.contains(value: Short): Boolean
fun OpenEndRange<Long>.contains(value: Short): Boolean
fun OpenEndRange<Byte>.contains(value: Short): Boolean
fun IntRange.contains(value: Short): Boolean
fun LongRange.contains(value: Short): Boolean
fun UIntRange.contains(element: UInt?): Boolean
fun ULongRange.contains(element: ULong?): Boolean
fun UIntRange.contains(value: UByte): Boolean
fun ULongRange.contains(value: UByte): Boolean
fun ULongRange.contains(value: UInt): Boolean
fun UIntRange.contains(value: ULong): Boolean
fun UIntRange.contains(value: UShort): Boolean
fun ULongRange.contains(value: UShort): Boolean
fun <T : Any, R : ClosedRange<T>, Iterable<T>> R.contains(element: T?): Boolean
fun <T : Any, R : OpenEndRange<T>, Iterable<T>> R.contains(element: T?): Boolean
fun <T> Sequence<T>.contains(element: T): Boolean
fun CharSequence.contains(other: CharSequence, ignoreCase: Boolean = ...): Boolean
fun CharSequence.contains(char: Char, ignoreCase: Boolean = ...): Boolean
fun CharSequence.contains(regex: Regex): Boolean
e: file:///Users/jim/work/v2superbikeshed/Trikeshed/src/commonMain/kotlin/borg/trikeshed/ccek/CCEKProtocolChoreographer.kt:43:60 None of the following candidates is applicable:
fun <T> Array<out T>.contains(element: T): Boolean
fun ByteArray.contains(element: Byte): Boolean
fun ShortArray.contains(element: Short): Boolean
fun IntArray.contains(element: Int): Boolean
fun LongArray.contains(element: Long): Boolean
fun BooleanArray.contains(element: Boolean): Boolean
fun CharArray.contains(element: Char): Boolean
fun <T> Iterable<T>.contains(element: T): Boolean
fun <K, V> Map<out K, V>.contains(key: K): Boolean
fun IntRange.contains(element: Int?): Boolean
fun LongRange.contains(element: Long?): Boolean
fun CharRange.contains(element: Char?): Boolean
fun ClosedRange<Int>.contains(value: Byte): Boolean
fun ClosedRange<Long>.contains(value: Byte): Boolean
fun ClosedRange<Short>.contains(value: Byte): Boolean
fun OpenEndRange<Int>.contains(value: Byte): Boolean
fun OpenEndRange<Long>.contains(value: Byte): Boolean
fun OpenEndRange<Short>.contains(value: Byte): Boolean
fun IntRange.contains(value: Byte): Boolean
fun LongRange.contains(value: Byte): Boolean
fun ClosedRange<Float>.contains(value: Double): Boolean
fun ClosedRange<Double>.contains(value: Float): Boolean
fun OpenEndRange<Double>.contains(value: Float): Boolean
fun ClosedRange<Long>.contains(value: Int): Boolean
fun ClosedRange<Byte>.contains(value: Int): Boolean
fun ClosedRange<Short>.contains(value: Int): Boolean
fun OpenEndRange<Long>.contains(value: Int): Boolean
fun OpenEndRange<Byte>.contains(value: Int): Boolean
fun OpenEndRange<Short>.contains(value: Int): Boolean
fun LongRange.contains(value: Int): Boolean
fun ClosedRange<Int>.contains(value: Long): Boolean
fun ClosedRange<Byte>.contains(value: Long): Boolean
fun ClosedRange<Short>.contains(value: Long): Boolean
fun OpenEndRange<Int>.contains(value: Long): Boolean
fun OpenEndRange<Byte>.contains(value: Long): Boolean
fun OpenEndRange<Short>.contains(value: Long): Boolean
fun IntRange.contains(value: Long): Boolean
fun ClosedRange<Int>.contains(value: Short): Boolean
fun ClosedRange<Long>.contains(value: Short): Boolean
fun ClosedRange<Byte>.contains(value: Short): Boolean
fun OpenEndRange<Int>.contains(value: Short): Boolean
fun OpenEndRange<Long>.contains(value: Short): Boolean
fun OpenEndRange<Byte>.contains(value: Short): Boolean
fun IntRange.contains(value: Short): Boolean
fun LongRange.contains(value: Short): Boolean
fun UIntRange.contains(element: UInt?): Boolean
fun ULongRange.contains(element: ULong?): Boolean
fun UIntRange.contains(value: UByte): Boolean
fun ULongRange.contains(value: UByte): Boolean
fun ULongRange.contains(value: UInt): Boolean
fun UIntRange.contains(value: ULong): Boolean
fun UIntRange.contains(value: UShort): Boolean
fun ULongRange.contains(value: UShort): Boolean
fun <T : Any, R : ClosedRange<T>, Iterable<T>> R.contains(element: T?): Boolean
fun <T : Any, R : OpenEndRange<T>, Iterable<T>> R.contains(element: T?): Boolean
fun <T> Sequence<T>.contains(element: T): Boolean
fun CharSequence.contains(other: CharSequence, ignoreCase: Boolean = ...): Boolean
fun CharSequence.contains(char: Char, ignoreCase: Boolean = ...): Boolean
fun CharSequence.contains(regex: Regex): Boolean
e: file:///Users/jim/work/v2superbikeshed/Trikeshed/src/commonMain/kotlin/borg/trikeshed/ccek/CCEKProtocolChoreographer.kt:52:13 Argument type mismatch: actual type is 'ContextOrchestration', but 'Function0<ContextOrchestration>' was expected.
e: file:///Users/jim/work/v2superbikeshed/Trikeshed/src/commonMain/kotlin/borg/trikeshed/ccek/CCEKProtocolChoreographer.kt:71:18 Unresolved reference 'CoroutineContext'.
e: file:///Users/jim/work/v2superbikeshed/Trikeshed/src/commonMain/kotlin/borg/trikeshed/ccek/CCEKProtocolChoreographer.kt:95:54 No value passed for parameter 'b'.
e: file:///Users/jim/work/v2superbikeshed/Trikeshed/src/commonMain/kotlin/borg/trikeshed/ccek/CCEKProtocolChoreographer.kt:97:35 Cannot infer type for this parameter. Specify it explicitly.
e: file:///Users/jim/work/v2superbikeshed/Trikeshed/src/commonMain/kotlin/borg/trikeshed/ccek/CCEKProtocolChoreographer.kt:97:35 Not enough information to infer type argument for 'B'.
e: file:///Users/jim/work/v2superbikeshed/Trikeshed/src/commonMain/kotlin/borg/trikeshed/ccek/CCEKProtocolChoreographer.kt:97:39 Cannot infer type for this parameter. Specify it explicitly.
e: file:///Users/jim/work/v2superbikeshed/Trikeshed/src/commonMain/kotlin/borg/trikeshed/ccek/CCEKProtocolChoreographer.kt:99:35 'operator' modifier is required on 'FirNamedFunctionSymbol kotlin/compareTo' in 'compareTo'.
e: file:///Users/jim/work/v2superbikeshed/Trikeshed/src/commonMain/kotlin/borg/trikeshed/ccek/CCEKProtocolChoreographer.kt:100:26 Suspension functions can only be called within coroutine body.
e: file:///Users/jim/work/v2superbikeshed/Trikeshed/src/commonMain/kotlin/borg/trikeshed/ccek/CCEKProtocolChoreographer.kt:116:57 No value passed for parameter 'b'.
e: file:///Users/jim/work/v2superbikeshed/Trikeshed/src/commonMain/kotlin/borg/trikeshed/ccek/CCEKProtocolChoreographer.kt:118:39 Cannot infer type for this parameter. Specify it explicitly.
e: file:///Users/jim/work/v2superbikeshed/Trikeshed/src/commonMain/kotlin/borg/trikeshed/ccek/CCEKProtocolChoreographer.kt:118:39 Not enough information to infer type argument for 'B'.
e: file:///Users/jim/work/v2superbikeshed/Trikeshed/src/commonMain/kotlin/borg/trikeshed/ccek/CCEKProtocolChoreographer.kt:118:43 Cannot infer type for this parameter. Specify it explicitly.
e: file:///Users/jim/work/v2superbikeshed/Trikeshed/src/commonMain/kotlin/borg/trikeshed/ccek/CCEKProtocolChoreographer.kt:120:35 'operator' modifier is required on 'FirNamedFunctionSymbol kotlin/compareTo' in 'compareTo'.
e: file:///Users/jim/work/v2superbikeshed/Trikeshed/src/commonMain/kotlin/borg/trikeshed/ccek/CCEKProtocolChoreographer.kt:121:26 Suspension functions can only be called within coroutine body.
e: file:///Users/jim/work/v2superbikeshed/Trikeshed/src/commonMain/kotlin/borg/trikeshed/ccek/CCEKProtocolChoreographer.kt:137:58 No value passed for parameter 'b'.
e: file:///Users/jim/work/v2superbikeshed/Trikeshed/src/commonMain/kotlin/borg/trikeshed/ccek/CCEKProtocolChoreographer.kt:139:36 Cannot infer type for this parameter. Specify it explicitly.
e: file:///Users/jim/work/v2superbikeshed/Trikeshed/src/commonMain/kotlin/borg/trikeshed/ccek/CCEKProtocolChoreographer.kt:139:36 Not enough information to infer type argument for 'B'.
e: file:///Users/jim/work/v2superbikeshed/Trikeshed/src/commonMain/kotlin/borg/trikeshed/ccek/CCEKProtocolChoreographer.kt:139:40 Cannot infer type for this parameter. Specify it explicitly.
e: file:///Users/jim/work/v2superbikeshed/Trikeshed/src/commonMain/kotlin/borg/trikeshed/ccek/CCEKProtocolChoreographer.kt:141:37 'operator' modifier is required on 'FirNamedFunctionSymbol kotlin/compareTo' in 'compareTo'.
e: file:///Users/jim/work/v2superbikeshed/Trikeshed/src/commonMain/kotlin/borg/trikeshed/ccek/CCEKProtocolChoreographer.kt:142:26 Suspension functions can only be called within coroutine body.
e: file:///Users/jim/work/v2superbikeshed/Trikeshed/src/commonMain/kotlin/borg/trikeshed/ccek/CCEKProtocolChoreographer.kt:165:31 Argument type mismatch: actual type is 'Join<CCEKResult, CCEKResult>', but 'Join<Int, Function1<Int, CCEKResult>>' was expected.
e: file:///Users/jim/work/v2superbikeshed/Trikeshed/src/commonMain/kotlin/borg/trikeshed/ccek/CCEKProtocolChoreographer.kt:176:31 Argument type mismatch: actual type is 'Join<CCEKResult, CCEKResult>', but 'Join<Int, Function1<Int, CCEKResult>>' was expected.
e: file:///Users/jim/work/v2superbikeshed/Trikeshed/src/commonMain/kotlin/borg/trikeshed/ccek/CCEKProtocolChoreographer.kt:187:31 Argument type mismatch: actual type is 'Join<CCEKResult, CCEKResult>', but 'Join<Int, Function1<Int, CCEKResult>>' was expected.
e: file:///Users/jim/work/v2superbikeshed/Trikeshed/src/commonMain/kotlin/borg/trikeshed/ccek/CCEKProtocolChoreographer.kt:202:35 Cannot infer type for this parameter. Specify it explicitly.
e: file:///Users/jim/work/v2superbikeshed/Trikeshed/src/commonMain/kotlin/borg/trikeshed/ccek/CCEKProtocolChoreographer.kt:202:35 Not enough information to infer type argument for 'B'.
e: file:///Users/jim/work/v2superbikeshed/Trikeshed/src/commonMain/kotlin/borg/trikeshed/ccek/CCEKProtocolChoreographer.kt:202:39 Cannot infer type for this parameter. Specify it explicitly.
e: file:///Users/jim/work/v2superbikeshed/Trikeshed/src/commonMain/kotlin/borg/trikeshed/ccek/CCEKProtocolChoreographer.kt:205:40 Suspension functions can only be called within coroutine body.
e: file:///Users/jim/work/v2superbikeshed/Trikeshed/src/commonMain/kotlin/borg/trikeshed/ccek/CCEKProtocolChoreographer.kt:206:43 Suspension functions can only be called within coroutine body.
e: file:///Users/jim/work/v2superbikeshed/Trikeshed/src/commonMain/kotlin/borg/trikeshed/ccek/CCEKProtocolChoreographer.kt:207:40 Suspension functions can only be called within coroutine body.
e: file:///Users/jim/work/v2superbikeshed/Trikeshed/src/commonMain/kotlin/borg/trikeshed/ccek/CCEKProtocolChoreographer.kt:224:23 Cannot infer type for this parameter. Specify it explicitly.
e: file:///Users/jim/work/v2superbikeshed/Trikeshed/src/commonMain/kotlin/borg/trikeshed/ccek/CCEKProtocolChoreographer.kt:225:25 Cannot infer type for this parameter. Specify it explicitly.
e: file:///Users/jim/work/v2superbikeshed/Trikeshed/src/commonMain/kotlin/borg/trikeshed/ccek/CCEKProtocolChoreographer.kt:225:27 Argument type mismatch: actual type is 'List<T (of fun <T> Collection<Deferred<T>>.awaitAll)>', but 'B (of fun <A, B> A.j)' was expected.
e: file:///Users/jim/work/v2superbikeshed/Trikeshed/src/commonMain/kotlin/borg/trikeshed/ccek/CCEKProtocolChoreographer.kt:225:27 Argument type mismatch: actual type is 'Collection<Deferred<T (of fun <T> Collection<Deferred<T>>.awaitAll)>>', but 'Function1<ERROR CLASS: No type for parameter, Deferred<CCEKResult>>' was expected.
e: file:///Users/jim/work/v2superbikeshed/Trikeshed/src/commonMain/kotlin/borg/trikeshed/ccek/CCEKProtocolChoreographer.kt:225:29 An explicit type is required on a value parameter.
e: file:///Users/jim/work/v2superbikeshed/Trikeshed/src/commonMain/kotlin/borg/trikeshed/ccek/CCEKProtocolChoreographer.kt:235:15 Cannot infer type for this parameter. Specify it explicitly.
e: file:///Users/jim/work/v2superbikeshed/Trikeshed/src/commonMain/kotlin/borg/trikeshed/ccek/CCEKProtocolChoreographer.kt:235:15 Unresolved reference. None of the following candidates is applicable because of a receiver type mismatch:
suspend fun <T> Collection<Deferred<T>>.awaitAll(): List<T>
e: file:///Users/jim/work/v2superbikeshed/Trikeshed/src/commonMain/kotlin/borg/trikeshed/ccek/CCEKProtocolChoreographer.kt:239:31 Cannot infer type for this parameter. Specify it explicitly.
e: file:///Users/jim/work/v2superbikeshed/Trikeshed/src/commonMain/kotlin/borg/trikeshed/ccek/CCEKProtocolChoreographer.kt:239:31 Not enough information to infer type argument for 'T'.
e: file:///Users/jim/work/v2superbikeshed/Trikeshed/src/commonMain/kotlin/borg/trikeshed/ccek/CCEKProtocolChoreographer.kt:239:45 Argument type mismatch: actual type is 'V? (of fun <K, V> Map<out K, V>.get)', but 'CCEKResult' was expected.
e: file:///Users/jim/work/v2superbikeshed/Trikeshed/src/commonMain/kotlin/borg/trikeshed/ccek/CCEKProtocolChoreographer.kt:239:45 Cannot infer type for this parameter. Specify it explicitly.
e: file:///Users/jim/work/v2superbikeshed/Trikeshed/src/commonMain/kotlin/borg/trikeshed/ccek/CCEKProtocolChoreographer.kt:282:38 Cannot infer type for this parameter. Specify it explicitly.
e: file:///Users/jim/work/v2superbikeshed/Trikeshed/src/commonMain/kotlin/borg/trikeshed/ccek/CCEKProtocolChoreographer.kt:282:38 Not enough information to infer type argument for 'B'.
e: file:///Users/jim/work/v2superbikeshed/Trikeshed/src/commonMain/kotlin/borg/trikeshed/ccek/CCEKProtocolChoreographer.kt:282:42 Cannot infer type for this parameter. Specify it explicitly.
e: file:///Users/jim/work/v2superbikeshed/Trikeshed/src/commonMain/kotlin/borg/trikeshed/ccek/CCEKProtocolChoreographer.kt:311:35 Cannot infer type for this parameter. Specify it explicitly.
e: file:///Users/jim/work/v2superbikeshed/Trikeshed/src/commonMain/kotlin/borg/trikeshed/ccek/CCEKProtocolChoreographer.kt:311:35 Not enough information to infer type argument for 'B'.
e: file:///Users/jim/work/v2superbikeshed/Trikeshed/src/commonMain/kotlin/borg/trikeshed/ccek/CCEKProtocolChoreographer.kt:311:39 Cannot infer type for this parameter. Specify it explicitly.
e: file:///Users/jim/work/v2superbikeshed/Trikeshed/src/commonMain/kotlin/borg/trikeshed/ccek/CCEKProtocolChoreographer.kt:314:40 Suspension functions can only be called within coroutine body.
e: file:///Users/jim/work/v2superbikeshed/Trikeshed/src/commonMain/kotlin/borg/trikeshed/ccek/CCEKProtocolChoreographer.kt:315:43 Suspension functions can only be called within coroutine body.
e: file:///Users/jim/work/v2superbikeshed/Trikeshed/src/commonMain/kotlin/borg/trikeshed/ccek/CCEKProtocolChoreographer.kt:316:40 Suspension functions can only be called within coroutine body.
e: file:///Users/jim/work/v2superbikeshed/Trikeshed/src/commonMain/kotlin/borg/trikeshed/ccek/CCEKProtocolIntegrationService.kt:25:9 Cannot infer type for this parameter. Specify it explicitly.
e: file:///Users/jim/work/v2superbikeshed/Trikeshed/src/commonMain/kotlin/borg/trikeshed/ccek/CCEKProtocolIntegrationService.kt:25:9 Type mismatch: inferred type is 'Join<String, ERROR CLASS: Cannot infer argument for type parameter B>', but 'Join<Int, Function1<Int, String>>' was expected.
e: file:///Users/jim/work/v2superbikeshed/Trikeshed/src/commonMain/kotlin/borg/trikeshed/ccek/CCEKProtocolIntegrationService.kt:25:17 No value passed for parameter 'b'.
e: file:///Users/jim/work/v2superbikeshed/Trikeshed/src/commonMain/kotlin/borg/trikeshed/ccek/CCEKProtocolIntegrationService.kt:25:25 Cannot infer type for this parameter. Specify it explicitly.
e: file:///Users/jim/work/v2superbikeshed/Trikeshed/src/commonMain/kotlin/borg/trikeshed/ccek/CCEKProtocolIntegrationService.kt:27:27 None of the following candidates is applicable:
fun <T> Array<out T>.contains(element: T): Boolean
fun ByteArray.contains(element: Byte): Boolean
fun ShortArray.contains(element: Short): Boolean
fun IntArray.contains(element: Int): Boolean
fun LongArray.contains(element: Long): Boolean
fun BooleanArray.contains(element: Boolean): Boolean
fun CharArray.contains(element: Char): Boolean
fun <T> Iterable<T>.contains(element: T): Boolean
fun <K, V> Map<out K, V>.contains(key: K): Boolean
fun IntRange.contains(element: Int?): Boolean
fun LongRange.contains(element: Long?): Boolean
fun CharRange.contains(element: Char?): Boolean
fun ClosedRange<Int>.contains(value: Byte): Boolean
fun ClosedRange<Long>.contains(value: Byte): Boolean
fun ClosedRange<Short>.contains(value: Byte): Boolean
fun OpenEndRange<Int>.contains(value: Byte): Boolean
fun OpenEndRange<Long>.contains(value: Byte): Boolean
fun OpenEndRange<Short>.contains(value: Byte): Boolean
fun IntRange.contains(value: Byte): Boolean
fun LongRange.contains(value: Byte): Boolean
fun ClosedRange<Float>.contains(value: Double): Boolean
fun ClosedRange<Double>.contains(value: Float): Boolean
fun OpenEndRange<Double>.contains(value: Float): Boolean
fun ClosedRange<Long>.contains(value: Int): Boolean
fun ClosedRange<Byte>.contains(value: Int): Boolean
fun ClosedRange<Short>.contains(value: Int): Boolean
fun OpenEndRange<Long>.contains(value: Int): Boolean
fun OpenEndRange<Byte>.contains(value: Int): Boolean
fun OpenEndRange<Short>.contains(value: Int): Boolean
fun LongRange.contains(value: Int): Boolean
fun ClosedRange<Int>.contains(value: Long): Boolean
fun ClosedRange<Byte>.contains(value: Long): Boolean
fun ClosedRange<Short>.contains(value: Long): Boolean
fun OpenEndRange<Int>.contains(value: Long): Boolean
fun OpenEndRange<Byte>.contains(value: Long): Boolean
fun OpenEndRange<Short>.contains(value: Long): Boolean
fun IntRange.contains(value: Long): Boolean
fun ClosedRange<Int>.contains(value: Short): Boolean
fun ClosedRange<Long>.contains(value: Short): Boolean
fun ClosedRange<Byte>.contains(value: Short): Boolean
fun OpenEndRange<Int>.contains(value: Short): Boolean
fun OpenEndRange<Long>.contains(value: Short): Boolean
fun OpenEndRange<Byte>.contains(value: Short): Boolean
fun IntRange.contains(value: Short): Boolean
fun LongRange.contains(value: Short): Boolean
fun UIntRange.contains(element: UInt?): Boolean
fun ULongRange.contains(element: ULong?): Boolean
fun UIntRange.contains(value: UByte): Boolean
fun ULongRange.contains(value: UByte): Boolean
fun ULongRange.contains(value: UInt): Boolean
fun UIntRange.contains(value: ULong): Boolean
fun UIntRange.contains(value: UShort): Boolean
fun ULongRange.contains(value: UShort): Boolean
fun <T : Any, R : ClosedRange<T>, Iterable<T>> R.contains(element: T?): Boolean
fun <T : Any, R : OpenEndRange<T>, Iterable<T>> R.contains(element: T?): Boolean
fun <T> Sequence<T>.contains(element: T): Boolean
fun CharSequence.contains(other: CharSequence, ignoreCase: Boolean = ...): Boolean
fun CharSequence.contains(char: Char, ignoreCase: Boolean = ...): Boolean
fun CharSequence.contains(regex: Regex): Boolean
e: file:///Users/jim/work/v2superbikeshed/Trikeshed/src/commonMain/kotlin/borg/trikeshed/ccek/CCEKProtocolIntegrationService.kt:27:57 None of the following candidates is applicable:
fun <T> Array<out T>.contains(element: T): Boolean
fun ByteArray.contains(element: Byte): Boolean
fun ShortArray.contains(element: Short): Boolean
fun IntArray.contains(element: Int): Boolean
fun LongArray.contains(element: Long): Boolean
fun BooleanArray.contains(element: Boolean): Boolean
fun CharArray.contains(element: Char): Boolean
fun <T> Iterable<T>.contains(element: T): Boolean
fun <K, V> Map<out K, V>.contains(key: K): Boolean
fun IntRange.contains(element: Int?): Boolean
fun LongRange.contains(element: Long?): Boolean
fun CharRange.contains(element: Char?): Boolean
fun ClosedRange<Int>.contains(value: Byte): Boolean
fun ClosedRange<Long>.contains(value: Byte): Boolean
fun ClosedRange<Short>.contains(value: Byte): Boolean
fun OpenEndRange<Int>.contains(value: Byte): Boolean
fun OpenEndRange<Long>.contains(value: Byte): Boolean
fun OpenEndRange<Short>.contains(value: Byte): Boolean
fun IntRange.contains(value: Byte): Boolean
fun LongRange.contains(value: Byte): Boolean
fun ClosedRange<Float>.contains(value: Double): Boolean
fun ClosedRange<Double>.contains(value: Float): Boolean
fun OpenEndRange<Double>.contains(value: Float): Boolean
fun ClosedRange<Long>.contains(value: Int): Boolean
fun ClosedRange<Byte>.contains(value: Int): Boolean
fun ClosedRange<Short>.contains(value: Int): Boolean
fun OpenEndRange<Long>.contains(value: Int): Boolean
fun OpenEndRange<Byte>.contains(value: Int): Boolean
fun OpenEndRange<Short>.contains(value: Int): Boolean
fun LongRange.contains(value: Int): Boolean
fun ClosedRange<Int>.contains(value: Long): Boolean
fun ClosedRange<Byte>.contains(value: Long): Boolean
fun ClosedRange<Short>.contains(value: Long): Boolean
fun OpenEndRange<Int>.contains(value: Long): Boolean
fun OpenEndRange<Byte>.contains(value: Long): Boolean
fun OpenEndRange<Short>.contains(value: Long): Boolean
fun IntRange.contains(value: Long): Boolean
fun ClosedRange<Int>.contains(value: Short): Boolean
fun ClosedRange<Long>.contains(value: Short): Boolean
fun ClosedRange<Byte>.contains(value: Short): Boolean
fun OpenEndRange<Int>.contains(value: Short): Boolean
fun OpenEndRange<Long>.contains(value: Short): Boolean
fun OpenEndRange<Byte>.contains(value: Short): Boolean
fun IntRange.contains(value: Short): Boolean
fun LongRange.contains(value: Short): Boolean
fun UIntRange.contains(element: UInt?): Boolean
fun ULongRange.contains(element: ULong?): Boolean
fun UIntRange.contains(value: UByte): Boolean
fun ULongRange.contains(value: UByte): Boolean
fun ULongRange.contains(value: UInt): Boolean
fun UIntRange.contains(value: ULong): Boolean
fun UIntRange.contains(value: UShort): Boolean
fun ULongRange.contains(value: UShort): Boolean
fun <T : Any, R : ClosedRange<T>, Iterable<T>> R.contains(element: T?): Boolean
fun <T : Any, R : OpenEndRange<T>, Iterable<T>> R.contains(element: T?): Boolean
fun <T> Sequence<T>.contains(element: T): Boolean
fun CharSequence.contains(other: CharSequence, ignoreCase: Boolean = ...): Boolean
fun CharSequence.contains(char: Char, ignoreCase: Boolean = ...): Boolean
fun CharSequence.contains(regex: Regex): Boolean
e: file:///Users/jim/work/v2superbikeshed/Trikeshed/src/commonMain/kotlin/borg/trikeshed/ccek/CCEKProtocolIntegrationService.kt:28:27 None of the following candidates is applicable:
fun <T> Array<out T>.contains(element: T): Boolean
fun ByteArray.contains(element: Byte): Boolean
fun ShortArray.contains(element: Short): Boolean
fun IntArray.contains(element: Int): Boolean
fun LongArray.contains(element: Long): Boolean
fun BooleanArray.contains(element: Boolean): Boolean
fun CharArray.contains(element: Char): Boolean
fun <T> Iterable<T>.contains(element: T): Boolean
fun <K, V> Map<out K, V>.contains(key: K): Boolean
fun IntRange.contains(element: Int?): Boolean
fun LongRange.contains(element: Long?): Boolean
fun CharRange.contains(element: Char?): Boolean
fun ClosedRange<Int>.contains(value: Byte): Boolean
fun ClosedRange<Long>.contains(value: Byte): Boolean
fun ClosedRange<Short>.contains(value: Byte): Boolean
fun OpenEndRange<Int>.contains(value: Byte): Boolean
fun OpenEndRange<Long>.contains(value: Byte): Boolean
fun OpenEndRange<Short>.contains(value: Byte): Boolean
fun IntRange.contains(value: Byte): Boolean
fun LongRange.contains(value: Byte): Boolean
fun ClosedRange<Float>.contains(value: Double): Boolean
fun ClosedRange<Double>.contains(value: Float): Boolean
fun OpenEndRange<Double>.contains(value: Float): Boolean
fun ClosedRange<Long>.contains(value: Int): Boolean
fun ClosedRange<Byte>.contains(value: Int): Boolean
fun ClosedRange<Short>.contains(value: Int): Boolean
fun OpenEndRange<Long>.contains(value: Int): Boolean
fun OpenEndRange<Byte>.contains(value: Int): Boolean
fun OpenEndRange<Short>.contains(value: Int): Boolean
fun LongRange.contains(value: Int): Boolean
fun ClosedRange<Int>.contains(value: Long): Boolean
fun ClosedRange<Byte>.contains(value: Long): Boolean
fun ClosedRange<Short>.contains(value: Long): Boolean
fun OpenEndRange<Int>.contains(value: Long): Boolean
fun OpenEndRange<Byte>.contains(value: Long): Boolean
fun OpenEndRange<Short>.contains(value: Long): Boolean
fun IntRange.contains(value: Long): Boolean
fun ClosedRange<Int>.contains(value: Short): Boolean
fun ClosedRange<Long>.contains(value: Short): Boolean
fun ClosedRange<Byte>.contains(value: Short): Boolean
fun OpenEndRange<Int>.contains(value: Short): Boolean
fun OpenEndRange<Long>.contains(value: Short): Boolean
fun OpenEndRange<Byte>.contains(value: Short): Boolean
fun IntRange.contains(value: Short): Boolean
fun LongRange.contains(value: Short): Boolean
fun UIntRange.contains(element: UInt?): Boolean
fun ULongRange.contains(element: ULong?): Boolean
fun UIntRange.contains(value: UByte): Boolean
fun ULongRange.contains(value: UByte): Boolean
fun ULongRange.contains(value: UInt): Boolean
fun UIntRange.contains(value: ULong): Boolean
fun UIntRange.contains(value: UShort): Boolean
fun ULongRange.contains(value: UShort): Boolean
fun <T : Any, R : ClosedRange<T>, Iterable<T>> R.contains(element: T?): Boolean
fun <T : Any, R : OpenEndRange<T>, Iterable<T>> R.contains(element: T?): Boolean
fun <T> Sequence<T>.contains(element: T): Boolean
fun CharSequence.contains(other: CharSequence, ignoreCase: Boolean = ...): Boolean
fun CharSequence.contains(char: Char, ignoreCase: Boolean = ...): Boolean
fun CharSequence.contains(regex: Regex): Boolean
e: file:///Users/jim/work/v2superbikeshed/Trikeshed/src/commonMain/kotlin/borg/trikeshed/ccek/CCEKProtocolIntegrationService.kt:28:57 None of the following candidates is applicable:
fun <T> Array<out T>.contains(element: T): Boolean
fun ByteArray.contains(element: Byte): Boolean
fun ShortArray.contains(element: Short): Boolean
fun IntArray.contains(element: Int): Boolean
fun LongArray.contains(element: Long): Boolean
fun BooleanArray.contains(element: Boolean): Boolean
fun CharArray.contains(element: Char): Boolean
fun <T> Iterable<T>.contains(element: T): Boolean
fun <K, V> Map<out K, V>.contains(key: K): Boolean
fun IntRange.contains(element: Int?): Boolean
fun LongRange.contains(element: Long?): Boolean
fun CharRange.contains(element: Char?): Boolean
fun ClosedRange<Int>.contains(value: Byte): Boolean
fun ClosedRange<Long>.contains(value: Byte): Boolean
fun ClosedRange<Short>.contains(value: Byte): Boolean
fun OpenEndRange<Int>.contains(value: Byte): Boolean
fun OpenEndRange<Long>.contains(value: Byte): Boolean
fun OpenEndRange<Short>.contains(value: Byte): Boolean
fun IntRange.contains(value: Byte): Boolean
fun LongRange.contains(value: Byte): Boolean
fun ClosedRange<Float>.contains(value: Double): Boolean
fun ClosedRange<Double>.contains(value: Float): Boolean
fun OpenEndRange<Double>.contains(value: Float): Boolean
fun ClosedRange<Long>.contains(value: Int): Boolean
fun ClosedRange<Byte>.contains(value: Int): Boolean
fun ClosedRange<Short>.contains(value: Int): Boolean
fun OpenEndRange<Long>.contains(value: Int): Boolean
fun OpenEndRange<Byte>.contains(value: Int): Boolean
fun OpenEndRange<Short>.contains(value: Int): Boolean
fun LongRange.contains(value: Int): Boolean
fun ClosedRange<Int>.contains(value: Long): Boolean
fun ClosedRange<Byte>.contains(value: Long): Boolean
fun ClosedRange<Short>.contains(value: Long): Boolean
fun OpenEndRange<Int>.contains(value: Long): Boolean
fun OpenEndRange<Byte>.contains(value: Long): Boolean
fun OpenEndRange<Short>.contains(value: Long): Boolean
fun IntRange.contains(value: Long): Boolean
fun ClosedRange<Int>.contains(value: Short): Boolean
fun ClosedRange<Long>.contains(value: Short): Boolean
fun ClosedRange<Byte>.contains(value: Short): Boolean
fun OpenEndRange<Int>.contains(value: Short): Boolean
fun OpenEndRange<Long>.contains(value: Short): Boolean
fun OpenEndRange<Byte>.contains(value: Short): Boolean
fun IntRange.contains(value: Short): Boolean
fun LongRange.contains(value: Short): Boolean
fun UIntRange.contains(element: UInt?): Boolean
fun ULongRange.contains(element: ULong?): Boolean
fun UIntRange.contains(value: UByte): Boolean
fun ULongRange.contains(value: UByte): Boolean
fun ULongRange.contains(value: UInt): Boolean
fun UIntRange.contains(value: ULong): Boolean
fun UIntRange.contains(value: UShort): Boolean
fun ULongRange.contains(value: UShort): Boolean
fun <T : Any, R : ClosedRange<T>, Iterable<T>> R.contains(element: T?): Boolean
fun <T : Any, R : OpenEndRange<T>, Iterable<T>> R.contains(element: T?): Boolean
fun <T> Sequence<T>.contains(element: T): Boolean
fun CharSequence.contains(other: CharSequence, ignoreCase: Boolean = ...): Boolean
fun CharSequence.contains(char: Char, ignoreCase: Boolean = ...): Boolean
fun CharSequence.contains(regex: Regex): Boolean
e: file:///Users/jim/work/v2superbikeshed/Trikeshed/src/commonMain/kotlin/borg/trikeshed/ccek/CCEKProtocolIntegrationService.kt:29:27 None of the following candidates is applicable:
fun <T> Array<out T>.contains(element: T): Boolean
fun ByteArray.contains(element: Byte): Boolean
fun ShortArray.contains(element: Short): Boolean
fun IntArray.contains(element: Int): Boolean
fun LongArray.contains(element: Long): Boolean
fun BooleanArray.contains(element: Boolean): Boolean
fun CharArray.contains(element: Char): Boolean
fun <T> Iterable<T>.contains(element: T): Boolean
fun <K, V> Map<out K, V>.contains(key: K): Boolean
fun IntRange.contains(element: Int?): Boolean
fun LongRange.contains(element: Long?): Boolean
fun CharRange.contains(element: Char?): Boolean
fun ClosedRange<Int>.contains(value: Byte): Boolean
fun ClosedRange<Long>.contains(value: Byte): Boolean
fun ClosedRange<Short>.contains(value: Byte): Boolean
fun OpenEndRange<Int>.contains(value: Byte): Boolean
fun OpenEndRange<Long>.contains(value: Byte): Boolean
fun OpenEndRange<Short>.contains(value: Byte): Boolean
fun IntRange.contains(value: Byte): Boolean
fun LongRange.contains(value: Byte): Boolean
fun ClosedRange<Float>.contains(value: Double): Boolean
fun ClosedRange<Double>.contains(value: Float): Boolean
fun OpenEndRange<Double>.contains(value: Float): Boolean
fun ClosedRange<Long>.contains(value: Int): Boolean
fun ClosedRange<Byte>.contains(value: Int): Boolean
fun ClosedRange<Short>.contains(value: Int): Boolean
fun OpenEndRange<Long>.contains(value: Int): Boolean
fun OpenEndRange<Byte>.contains(value: Int): Boolean
fun OpenEndRange<Short>.contains(value: Int): Boolean
fun LongRange.contains(value: Int): Boolean
fun ClosedRange<Int>.contains(value: Long): Boolean
fun ClosedRange<Byte>.contains(value: Long): Boolean
fun ClosedRange<Short>.contains(value: Long): Boolean
fun OpenEndRange<Int>.contains(value: Long): Boolean
fun OpenEndRange<Byte>.contains(value: Long): Boolean
fun OpenEndRange<Short>.contains(value: Long): Boolean
fun IntRange.contains(value: Long): Boolean
fun ClosedRange<Int>.contains(value: Short): Boolean
fun ClosedRange<Long>.contains(value: Short): Boolean
fun ClosedRange<Byte>.contains(value: Short): Boolean
fun OpenEndRange<Int>.contains(value: Short): Boolean
fun OpenEndRange<Long>.contains(value: Short): Boolean
fun OpenEndRange<Byte>.contains(value: Short): Boolean
fun IntRange.contains(value: Short): Boolean
fun LongRange.contains(value: Short): Boolean
fun UIntRange.contains(element: UInt?): Boolean
fun ULongRange.contains(element: ULong?): Boolean
fun UIntRange.contains(value: UByte): Boolean
fun ULongRange.contains(value: UByte): Boolean
fun ULongRange.contains(value: UInt): Boolean
fun UIntRange.contains(value: ULong): Boolean
fun UIntRange.contains(value: UShort): Boolean
fun ULongRange.contains(value: UShort): Boolean
fun <T : Any, R : ClosedRange<T>, Iterable<T>> R.contains(element: T?): Boolean
fun <T : Any, R : OpenEndRange<T>, Iterable<T>> R.contains(element: T?): Boolean
fun <T> Sequence<T>.contains(element: T): Boolean
fun CharSequence.contains(other: CharSequence, ignoreCase: Boolean = ...): Boolean
fun CharSequence.contains(char: Char, ignoreCase: Boolean = ...): Boolean
fun CharSequence.contains(regex: Regex): Boolean
e: file:///Users/jim/work/v2superbikeshed/Trikeshed/src/commonMain/kotlin/borg/trikeshed/ccek/CCEKProtocolIntegrationService.kt:29:60 None of the following candidates is applicable:
fun <T> Array<out T>.contains(element: T): Boolean
fun ByteArray.contains(element: Byte): Boolean
fun ShortArray.contains(element: Short): Boolean
fun IntArray.contains(element: Int): Boolean
fun LongArray.contains(element: Long): Boolean
fun BooleanArray.contains(element: Boolean): Boolean
fun CharArray.contains(element: Char): Boolean
fun <T> Iterable<T>.contains(element: T): Boolean
fun <K, V> Map<out K, V>.contains(key: K): Boolean
fun IntRange.contains(element: Int?): Boolean
fun LongRange.contains(element: Long?): Boolean
fun CharRange.contains(element: Char?): Boolean
fun ClosedRange<Int>.contains(value: Byte): Boolean
fun ClosedRange<Long>.contains(value: Byte): Boolean
fun ClosedRange<Short>.contains(value: Byte): Boolean
fun OpenEndRange<Int>.contains(value: Byte): Boolean
fun OpenEndRange<Long>.contains(value: Byte): Boolean
fun OpenEndRange<Short>.contains(value: Byte): Boolean
fun IntRange.contains(value: Byte): Boolean
fun LongRange.contains(value: Byte): Boolean
fun ClosedRange<Float>.contains(value: Double): Boolean
fun ClosedRange<Double>.contains(value: Float): Boolean
fun OpenEndRange<Double>.contains(value: Float): Boolean
fun ClosedRange<Long>.contains(value: Int): Boolean
fun ClosedRange<Byte>.contains(value: Int): Boolean
fun ClosedRange<Short>.contains(value: Int): Boolean
fun OpenEndRange<Long>.contains(value: Int): Boolean
fun OpenEndRange<Byte>.contains(value: Int): Boolean
fun OpenEndRange<Short>.contains(value: Int): Boolean
fun LongRange.contains(value: Int): Boolean
fun ClosedRange<Int>.contains(value: Long): Boolean
fun ClosedRange<Byte>.contains(value: Long): Boolean
fun ClosedRange<Short>.contains(value: Long): Boolean
fun OpenEndRange<Int>.contains(value: Long): Boolean
fun OpenEndRange<Byte>.contains(value: Long): Boolean
fun OpenEndRange<Short>.contains(value: Long): Boolean
fun IntRange.contains(value: Long): Boolean
fun ClosedRange<Int>.contains(value: Short): Boolean
fun ClosedRange<Long>.contains(value: Short): Boolean
fun ClosedRange<Byte>.contains(value: Short): Boolean
fun OpenEndRange<Int>.contains(value: Short): Boolean
fun OpenEndRange<Long>.contains(value: Short): Boolean
fun OpenEndRange<Byte>.contains(value: Short): Boolean
fun IntRange.contains(value: Short): Boolean
fun LongRange.contains(value: Short): Boolean
fun UIntRange.contains(element: UInt?): Boolean
fun ULongRange.contains(element: ULong?): Boolean
fun UIntRange.contains(value: UByte): Boolean
fun ULongRange.contains(value: UByte): Boolean
fun ULongRange.contains(value: UInt): Boolean
fun UIntRange.contains(value: ULong): Boolean
fun UIntRange.contains(value: UShort): Boolean
fun ULongRange.contains(value: UShort): Boolean
fun <T : Any, R : ClosedRange<T>, Iterable<T>> R.contains(element: T?): Boolean
fun <T : Any, R : OpenEndRange<T>, Iterable<T>> R.contains(element: T?): Boolean
fun <T> Sequence<T>.contains(element: T): Boolean
fun CharSequence.contains(other: CharSequence, ignoreCase: Boolean = ...): Boolean
fun CharSequence.contains(char: Char, ignoreCase: Boolean = ...): Boolean
fun CharSequence.contains(regex: Regex): Boolean
e: file:///Users/jim/work/v2superbikeshed/Trikeshed/src/commonMain/kotlin/borg/trikeshed/ccek/CCEKProtocolIntegrationService.kt:30:27 None of the following candidates is applicable:
fun <T> Array<out T>.contains(element: T): Boolean
fun ByteArray.contains(element: Byte): Boolean
fun ShortArray.contains(element: Short): Boolean
fun IntArray.contains(element: Int): Boolean
fun LongArray.contains(element: Long): Boolean
fun BooleanArray.contains(element: Boolean): Boolean
fun CharArray.contains(element: Char): Boolean
fun <T> Iterable<T>.contains(element: T): Boolean
fun <K, V> Map<out K, V>.contains(key: K): Boolean
fun IntRange.contains(element: Int?): Boolean
fun LongRange.contains(element: Long?): Boolean
fun CharRange.contains(element: Char?): Boolean
fun ClosedRange<Int>.contains(value: Byte): Boolean
fun ClosedRange<Long>.contains(value: Byte): Boolean
fun ClosedRange<Short>.contains(value: Byte): Boolean
fun OpenEndRange<Int>.contains(value: Byte): Boolean
fun OpenEndRange<Long>.contains(value: Byte): Boolean
fun OpenEndRange<Short>.contains(value: Byte): Boolean
fun IntRange.contains(value: Byte): Boolean
fun LongRange.contains(value: Byte): Boolean
fun ClosedRange<Float>.contains(value: Double): Boolean
fun ClosedRange<Double>.contains(value: Float): Boolean
fun OpenEndRange<Double>.contains(value: Float): Boolean
fun ClosedRange<Long>.contains(value: Int): Boolean
fun ClosedRange<Byte>.contains(value: Int): Boolean
fun ClosedRange<Short>.contains(value: Int): Boolean
fun OpenEndRange<Long>.contains(value: Int): Boolean
fun OpenEndRange<Byte>.contains(value: Int): Boolean
fun OpenEndRange<Short>.contains(value: Int): Boolean
fun LongRange.contains(value: Int): Boolean
fun ClosedRange<Int>.contains(value: Long): Boolean
fun ClosedRange<Byte>.contains(value: Long): Boolean
fun ClosedRange<Short>.contains(value: Long): Boolean
fun OpenEndRange<Int>.contains(value: Long): Boolean
fun OpenEndRange<Byte>.contains(value: Long): Boolean
fun OpenEndRange<Short>.contains(value: Long): Boolean
fun IntRange.contains(value: Long): Boolean
fun ClosedRange<Int>.contains(value: Short): Boolean
fun ClosedRange<Long>.contains(value: Short): Boolean
fun ClosedRange<Byte>.contains(value: Short): Boolean
fun OpenEndRange<Int>.contains(value: Short): Boolean
fun OpenEndRange<Long>.contains(value: Short): Boolean
fun OpenEndRange<Byte>.contains(value: Short): Boolean
fun IntRange.contains(value: Short): Boolean
fun LongRange.contains(value: Short): Boolean
fun UIntRange.contains(element: UInt?): Boolean
fun ULongRange.contains(element: ULong?): Boolean
fun UIntRange.contains(value: UByte): Boolean
fun ULongRange.contains(value: UByte): Boolean
fun ULongRange.contains(value: UInt): Boolean
fun UIntRange.contains(value: ULong): Boolean
fun UIntRange.contains(value: UShort): Boolean
fun ULongRange.contains(value: UShort): Boolean
fun <T : Any, R : ClosedRange<T>, Iterable<T>> R.contains(element: T?): Boolean
fun <T : Any, R : OpenEndRange<T>, Iterable<T>> R.contains(element: T?): Boolean
fun <T> Sequence<T>.contains(element: T): Boolean
fun CharSequence.contains(other: CharSequence, ignoreCase: Boolean = ...): Boolean
fun CharSequence.contains(char: Char, ignoreCase: Boolean = ...): Boolean
fun CharSequence.contains(regex: Regex): Boolean
e: file:///Users/jim/work/v2superbikeshed/Trikeshed/src/commonMain/kotlin/borg/trikeshed/ccek/CCEKProtocolIntegrationService.kt:31:27 None of the following candidates is applicable:
fun <T> Array<out T>.contains(element: T): Boolean
fun ByteArray.contains(element: Byte): Boolean
fun ShortArray.contains(element: Short): Boolean
fun IntArray.contains(element: Int): Boolean
fun LongArray.contains(element: Long): Boolean
fun BooleanArray.contains(element: Boolean): Boolean
fun CharArray.contains(element: Char): Boolean
fun <T> Iterable<T>.contains(element: T): Boolean
fun <K, V> Map<out K, V>.contains(key: K): Boolean
fun IntRange.contains(element: Int?): Boolean
fun LongRange.contains(element: Long?): Boolean
fun CharRange.contains(element: Char?): Boolean
fun ClosedRange<Int>.contains(value: Byte): Boolean
fun ClosedRange<Long>.contains(value: Byte): Boolean
fun ClosedRange<Short>.contains(value: Byte): Boolean
fun OpenEndRange<Int>.contains(value: Byte): Boolean
fun OpenEndRange<Long>.contains(value: Byte): Boolean
fun OpenEndRange<Short>.contains(value: Byte): Boolean
fun IntRange.contains(value: Byte): Boolean
fun LongRange.contains(value: Byte): Boolean
fun ClosedRange<Float>.contains(value: Double): Boolean
fun ClosedRange<Double>.contains(value: Float): Boolean
fun OpenEndRange<Double>.contains(value: Float): Boolean
fun ClosedRange<Long>.contains(value: Int): Boolean
fun ClosedRange<Byte>.contains(value: Int): Boolean
fun ClosedRange<Short>.contains(value: Int): Boolean
fun OpenEndRange<Long>.contains(value: Int): Boolean
fun OpenEndRange<Byte>.contains(value: Int): Boolean
fun OpenEndRange<Short>.contains(value: Int): Boolean
fun LongRange.contains(value: Int): Boolean
fun ClosedRange<Int>.contains(value: Long): Boolean
fun ClosedRange<Byte>.contains(value: Long): Boolean
fun ClosedRange<Short>.contains(value: Long): Boolean
fun OpenEndRange<Int>.contains(value: Long): Boolean
fun OpenEndRange<Byte>.contains(value: Long): Boolean
fun OpenEndRange<Short>.contains(value: Long): Boolean
fun IntRange.contains(value: Long): Boolean
fun ClosedRange<Int>.contains(value: Short): Boolean
fun ClosedRange<Long>.contains(value: Short): Boolean
fun ClosedRange<Byte>.contains(value: Short): Boolean
fun OpenEndRange<Int>.contains(value: Short): Boolean
fun OpenEndRange<Long>.contains(value: Short): Boolean
fun OpenEndRange<Byte>.contains(value: Short): Boolean
fun IntRange.contains(value: Short): Boolean
fun LongRange.contains(value: Short): Boolean
fun UIntRange.contains(element: UInt?): Boolean
fun ULongRange.contains(element: ULong?): Boolean
fun UIntRange.contains(value: UByte): Boolean
fun ULongRange.contains(value: UByte): Boolean
fun ULongRange.contains(value: UInt): Boolean
fun UIntRange.contains(value: ULong): Boolean
fun UIntRange.contains(value: UShort): Boolean
fun ULongRange.contains(value: UShort): Boolean
fun <T : Any, R : ClosedRange<T>, Iterable<T>> R.contains(element: T?): Boolean
fun <T : Any, R : OpenEndRange<T>, Iterable<T>> R.contains(element: T?): Boolean
fun <T> Sequence<T>.contains(element: T): Boolean
fun CharSequence.contains(other: CharSequence, ignoreCase: Boolean = ...): Boolean
fun CharSequence.contains(char: Char, ignoreCase: Boolean = ...): Boolean
fun CharSequence.contains(regex: Regex): Boolean
e: file:///Users/jim/work/v2superbikeshed/Trikeshed/src/commonMain/kotlin/borg/trikeshed/ccek/CCEKProtocolIntegrationService.kt:32:27 None of the following candidates is applicable:
fun <T> Array<out T>.contains(element: T): Boolean
fun ByteArray.contains(element: Byte): Boolean
fun ShortArray.contains(element: Short): Boolean
fun IntArray.contains(element: Int): Boolean
fun LongArray.contains(element: Long): Boolean
fun BooleanArray.contains(element: Boolean): Boolean
fun CharArray.contains(element: Char): Boolean
fun <T> Iterable<T>.contains(element: T): Boolean
fun <K, V> Map<out K, V>.contains(key: K): Boolean
fun IntRange.contains(element: Int?): Boolean
fun LongRange.contains(element: Long?): Boolean
fun CharRange.contains(element: Char?): Boolean
fun ClosedRange<Int>.contains(value: Byte): Boolean
fun ClosedRange<Long>.contains(value: Byte): Boolean
fun ClosedRange<Short>.contains(value: Byte): Boolean
fun OpenEndRange<Int>.contains(value: Byte): Boolean
fun OpenEndRange<Long>.contains(value: Byte): Boolean
fun OpenEndRange<Short>.contains(value: Byte): Boolean
fun IntRange.contains(value: Byte): Boolean
fun LongRange.contains(value: Byte): Boolean
fun ClosedRange<Float>.contains(value: Double): Boolean
fun ClosedRange<Double>.contains(value: Float): Boolean
fun OpenEndRange<Double>.contains(value: Float): Boolean
fun ClosedRange<Long>.contains(value: Int): Boolean
fun ClosedRange<Byte>.contains(value: Int): Boolean
fun ClosedRange<Short>.contains(value: Int): Boolean
fun OpenEndRange<Long>.contains(value: Int): Boolean
fun OpenEndRange<Byte>.contains(value: Int): Boolean
fun OpenEndRange<Short>.contains(value: Int): Boolean
fun LongRange.contains(value: Int): Boolean
fun ClosedRange<Int>.contains(value: Long): Boolean
fun ClosedRange<Byte>.contains(value: Long): Boolean
fun ClosedRange<Short>.contains(value: Long): Boolean
fun OpenEndRange<Int>.contains(value: Long): Boolean
fun OpenEndRange<Byte>.contains(value: Long): Boolean
fun OpenEndRange<Short>.contains(value: Long): Boolean
fun IntRange.contains(value: Long): Boolean
fun ClosedRange<Int>.contains(value: Short): Boolean
fun ClosedRange<Long>.contains(value: Short): Boolean
fun ClosedRange<Byte>.contains(value: Short): Boolean
fun OpenEndRange<Int>.contains(value: Short): Boolean
fun OpenEndRange<Long>.contains(value: Short): Boolean
fun OpenEndRange<Byte>.contains(value: Short): Boolean
fun IntRange.contains(value: Short): Boolean
fun LongRange.contains(value: Short): Boolean
fun UIntRange.contains(element: UInt?): Boolean
fun ULongRange.contains(element: ULong?): Boolean
fun UIntRange.contains(value: UByte): Boolean
fun ULongRange.contains(value: UByte): Boolean
fun ULongRange.contains(value: UInt): Boolean
fun UIntRange.contains(value: ULong): Boolean
fun UIntRange.contains(value: UShort): Boolean
fun ULongRange.contains(value: UShort): Boolean
fun <T : Any, R : ClosedRange<T>, Iterable<T>> R.contains(element: T?): Boolean
fun <T : Any, R : OpenEndRange<T>, Iterable<T>> R.contains(element: T?): Boolean
fun <T> Sequence<T>.contains(element: T): Boolean
fun CharSequence.contains(other: CharSequence, ignoreCase: Boolean = ...): Boolean
fun CharSequence.contains(char: Char, ignoreCase: Boolean = ...): Boolean
fun CharSequence.contains(regex: Regex): Boolean
e: file:///Users/jim/work/v2superbikeshed/Trikeshed/src/commonMain/kotlin/borg/trikeshed/ccek/CCEKProtocolIntegrationService.kt:40:13 Argument type mismatch: actual type is 'CCEKContext', but 'Function0<CCEKContext>' was expected.
e: file:///Users/jim/work/v2superbikeshed/Trikeshed/src/commonMain/kotlin/borg/trikeshed/ccek/CCEKProtocolIntegrationService.kt:59:18 Unresolved reference 'CoroutineContext'.
e: file:///Users/jim/work/v2superbikeshed/Trikeshed/src/commonMain/kotlin/borg/trikeshed/ccek/CCEKProtocolIntegrationService.kt:115:18 Unresolved reference 'CoroutineContext'.
e: file:///Users/jim/work/v2superbikeshed/Trikeshed/src/commonMain/kotlin/borg/trikeshed/ccek/CCEKProtocolIntegrationService.kt:121:31 Suspension functions can only be called within coroutine body.
e: file:///Users/jim/work/v2superbikeshed/Trikeshed/src/commonMain/kotlin/borg/trikeshed/ccek/CCEKProtocolIntegrationService.kt:122:34 Suspension functions can only be called within coroutine body.
e: file:///Users/jim/work/v2superbikeshed/Trikeshed/src/commonMain/kotlin/borg/trikeshed/ccek/CCEKProtocolIntegrationService.kt:123:31 Suspension functions can only be called within coroutine body.
e: file:///Users/jim/work/v2superbikeshed/Trikeshed/src/commonMain/kotlin/borg/trikeshed/ccek/CCEKProtocolIntegrationService.kt:135:23 Cannot infer type for this parameter. Specify it explicitly.
e: file:///Users/jim/work/v2superbikeshed/Trikeshed/src/commonMain/kotlin/borg/trikeshed/ccek/CCEKProtocolIntegrationService.kt:135:23 Argument type mismatch: actual type is 'Join<CCEKResult, B (of fun <A, B> invoke)>', but 'Join<Int, Function1<Int, CCEKResult>>' was expected.
e: file:///Users/jim/work/v2superbikeshed/Trikeshed/src/commonMain/kotlin/borg/trikeshed/ccek/CCEKProtocolIntegrationService.kt:135:31 No value passed for parameter 'b'.
e: file:///Users/jim/work/v2superbikeshed/Trikeshed/src/commonMain/kotlin/borg/trikeshed/ccek/CCEKProtocolIntegrationService.kt:144:23 Cannot infer type for this parameter. Specify it explicitly.
e: file:///Users/jim/work/v2superbikeshed/Trikeshed/src/commonMain/kotlin/borg/trikeshed/ccek/CCEKProtocolIntegrationService.kt:144:23 Argument type mismatch: actual type is 'Join<CCEKResult, B (of fun <A, B> invoke)>', but 'Join<Int, Function1<Int, CCEKResult>>' was expected.
e: file:///Users/jim/work/v2superbikeshed/Trikeshed/src/commonMain/kotlin/borg/trikeshed/ccek/CCEKProtocolIntegrationService.kt:144:31 No value passed for parameter 'b'.
e: file:///Users/jim/work/v2superbikeshed/Trikeshed/src/commonMain/kotlin/borg/trikeshed/ccek/CCEKProtocolIntegrationService.kt:153:23 Cannot infer type for this parameter. Specify it explicitly.
e: file:///Users/jim/work/v2superbikeshed/Trikeshed/src/commonMain/kotlin/borg/trikeshed/ccek/CCEKProtocolIntegrationService.kt:153:23 Argument type mismatch: actual type is 'Join<CCEKResult, B (of fun <A, B> invoke)>', but 'Join<Int, Function1<Int, CCEKResult>>' was expected.
e: file:///Users/jim/work/v2superbikeshed/Trikeshed/src/commonMain/kotlin/borg/trikeshed/ccek/CCEKProtocolIntegrationService.kt:153:31 No value passed for parameter 'b'.
e: file:///Users/jim/work/v2superbikeshed/Trikeshed/src/commonMain/kotlin/borg/trikeshed/ccek/CCEKProtocolIntegrationService.kt:164:23 Argument type mismatch: actual type is 'Join<CCEKResult, CCEKResult>', but 'Join<Int, Function1<Int, CCEKResult>>' was expected.
e: file:///Users/jim/work/v2superbikeshed/Trikeshed/src/commonMain/kotlin/borg/trikeshed/ccek/CCEKProtocolIntegrationService.kt:175:23 Argument type mismatch: actual type is 'Join<CCEKResult, CCEKResult>', but 'Join<Int, Function1<Int, CCEKResult>>' was expected.
e: file:///Users/jim/work/v2superbikeshed/Trikeshed/src/commonMain/kotlin/borg/trikeshed/ccek/CCEKProtocolIntegrationService.kt:186:23 Argument type mismatch: actual type is 'Join<CCEKResult, CCEKResult>', but 'Join<Int, Function1<Int, CCEKResult>>' was expected.
e: file:///Users/jim/work/v2superbikeshed/Trikeshed/src/commonMain/kotlin/borg/trikeshed/ccek/CCEKProtocolIntegrationService.kt:193:60 Cannot infer type for this parameter. Specify it explicitly.
e: file:///Users/jim/work/v2superbikeshed/Trikeshed/src/commonMain/kotlin/borg/trikeshed/ccek/CCEKProtocolIntegrationService.kt:193:60 Argument type mismatch: actual type is 'Join<String, B (of fun <A, B> invoke)>', but 'Join<Int, Function1<Int, String>>' was expected.
e: file:///Users/jim/work/v2superbikeshed/Trikeshed/src/commonMain/kotlin/borg/trikeshed/ccek/CCEKProtocolIntegrationService.kt:193:68 No value passed for parameter 'b'.
e: file:///Users/jim/work/v2superbikeshed/Trikeshed/src/commonMain/kotlin/borg/trikeshed/ccek/CCEKProtocolOrchestrator.kt:8:27 Unresolved reference 'PackingStrategies'.
e: file:///Users/jim/work/v2superbikeshed/Trikeshed/src/commonMain/kotlin/borg/trikeshed/ccek/CCEKProtocolOrchestrator.kt:23:13 Argument type mismatch: actual type is 'ProtocolTarget', but 'Function0<ProtocolTarget>' was expected.
e: file:///Users/jim/work/v2superbikeshed/Trikeshed/src/commonMain/kotlin/borg/trikeshed/ccek/CCEKProtocolOrchestrator.kt:32:76 Unresolved reference 'PackingStrategies'.
e: file:///Users/jim/work/v2superbikeshed/Trikeshed/src/commonMain/kotlin/borg/trikeshed/ccek/CCEKProtocolOrchestrator.kt:35:42 Unresolved reference 'PackingStrategies'.
e: file:///Users/jim/work/v2superbikeshed/Trikeshed/src/commonMain/kotlin/borg/trikeshed/ccek/CCEKProtocolOrchestrator.kt:36:45 Unresolved reference 'PackingStrategies'.
e: file:///Users/jim/work/v2superbikeshed/Trikeshed/src/commonMain/kotlin/borg/trikeshed/ccek/CCEKProtocolOrchestrator.kt:37:42 Unresolved reference 'PackingStrategies'.
e: file:///Users/jim/work/v2superbikeshed/Trikeshed/src/commonMain/kotlin/borg/trikeshed/ccek/CCEKProtocolOrchestrator.kt:38:45 Unresolved reference 'PackingStrategies'.
e: file:///Users/jim/work/v2superbikeshed/Trikeshed/src/commonMain/kotlin/borg/trikeshed/ccek/CCEKProtocolOrchestrator.kt:45:13 Argument type mismatch: actual type is 'EncodingStrategy', but 'Function0<EncodingStrategy>' was expected.
e: file:///Users/jim/work/v2superbikeshed/Trikeshed/src/commonMain/kotlin/borg/trikeshed/ccek/CCEKProtocolOrchestrator.kt:56:13 Argument type mismatch: actual type is 'CCEKContext', but 'Function0<CCEKContext>' was expected.
e: file:///Users/jim/work/v2superbikeshed/Trikeshed/src/commonMain/kotlin/borg/trikeshed/ccek/CCEKProtocolOrchestrator.kt:69:13 Argument type mismatch: actual type is 'QuicFrameHandler', but 'Function0<QuicFrameHandler>' was expected.
e: file:///Users/jim/work/v2superbikeshed/Trikeshed/src/commonMain/kotlin/borg/trikeshed/ccek/CCEKProtocolOrchestrator.kt:82:13 Argument type mismatch: actual type is 'QuicCompressionContext', but 'Function0<QuicCompressionContext>' was expected.
e: file:///Users/jim/work/v2superbikeshed/Trikeshed/src/commonMain/kotlin/borg/trikeshed/ccek/CCEKProtocolOrchestrator.kt:94:13 Argument type mismatch: actual type is 'CouchDBDocumentHandler', but 'Function0<CouchDBDocumentHandler>' was expected.
e: file:///Users/jim/work/v2superbikeshed/Trikeshed/src/commonMain/kotlin/borg/trikeshed/ccek/CCEKProtocolOrchestrator.kt:106:13 Argument type mismatch: actual type is 'CouchDBCompressionContext', but 'Function0<CouchDBCompressionContext>' was expected.
e: file:///Users/jim/work/v2superbikeshed/Trikeshed/src/commonMain/kotlin/borg/trikeshed/ccek/CCEKProtocolOrchestrator.kt:120:13 Argument type mismatch: actual type is 'IPFSBlockHandler', but 'Function0<IPFSBlockHandler>' was expected.
e: file:///Users/jim/work/v2superbikeshed/Trikeshed/src/commonMain/kotlin/borg/trikeshed/ccek/CCEKProtocolOrchestrator.kt:132:13 Argument type mismatch: actual type is 'IPFSCompressionContext', but 'Function0<IPFSCompressionContext>' was expected.
e: file:///Users/jim/work/v2superbikeshed/Trikeshed/src/commonMain/kotlin/borg/trikeshed/ccek/CCEKProtocolOrchestrator.kt:157:13 Suspension functions can only be called within coroutine body.
e: file:///Users/jim/work/v2superbikeshed/Trikeshed/src/commonMain/kotlin/borg/trikeshed/ccek/CCEKProtocolOrchestrator.kt:227:22 Unresolved reference 'PackingStrategies'.
e: file:///Users/jim/work/v2superbikeshed/Trikeshed/src/commonMain/kotlin/borg/trikeshed/ccek/CCEKProtocolOrchestrator.kt:244:73 Unresolved reference 'PackingStrategies'.
e: file:///Users/jim/work/v2superbikeshed/Trikeshed/src/commonMain/kotlin/borg/trikeshed/ccek/CCEKProtocolOrchestrator.kt:245:16 'when' expression must be exhaustive. Add an 'else' branch.
e: file:///Users/jim/work/v2superbikeshed/Trikeshed/src/commonMain/kotlin/borg/trikeshed/ccek/CCEKProtocolOrchestrator.kt:246:13 Unresolved reference 'PackingStrategies'.
e: file:///Users/jim/work/v2superbikeshed/Trikeshed/src/commonMain/kotlin/borg/trikeshed/ccek/CCEKProtocolOrchestrator.kt:246:53 Unresolved reference 'LZ4'.
e: file:///Users/jim/work/v2superbikeshed/Trikeshed/src/commonMain/kotlin/borg/trikeshed/ccek/CCEKProtocolOrchestrator.kt:247:13 Unresolved reference 'PackingStrategies'.
e: file:///Users/jim/work/v2superbikeshed/Trikeshed/src/commonMain/kotlin/borg/trikeshed/ccek/CCEKProtocolOrchestrator.kt:247:54 Unresolved reference 'ZSTD'.
e: file:///Users/jim/work/v2superbikeshed/Trikeshed/src/commonMain/kotlin/borg/trikeshed/ccek/CCEKProtocolOrchestrator.kt:248:13 Unresolved reference 'PackingStrategies'.
e: file:///Users/jim/work/v2superbikeshed/Trikeshed/src/commonMain/kotlin/borg/trikeshed/ccek/CCEKProtocolOrchestrator.kt:248:56 Unresolved reference 'BROTLI'.
e: file:///Users/jim/work/v2superbikeshed/Trikeshed/src/commonMain/kotlin/borg/trikeshed/ccek/CCEKProtocolOrchestrator.kt:249:13 Unresolved reference 'PackingStrategies'.
e: file:///Users/jim/work/v2superbikeshed/Trikeshed/src/commonMain/kotlin/borg/trikeshed/ccek/CCEKProtocolOrchestrator.kt:355:12 Redeclaration:
enum class CCEKContext : Enum<CCEKContext>
e: file:///Users/jim/work/v2superbikeshed/Trikeshed/src/commonMain/kotlin/borg/trikeshed/common/FileSystem.kt:3:12 readLinesSeq: expect and corresponding actual are declared in the same module.
e: file:///Users/jim/work/v2superbikeshed/Trikeshed/src/commonMain/kotlin/borg/trikeshed/common/FileSystem.kt:4:12 readLines: expect and corresponding actual are declared in the same module.
e: file:///Users/jim/work/v2superbikeshed/Trikeshed/src/commonMain/kotlin/borg/trikeshed/common/ReadLines.kt:3:5 readLinesSeq: expect and corresponding actual are declared in the same module.
e: file:///Users/jim/work/v2superbikeshed/Trikeshed/src/commonMain/kotlin/borg/trikeshed/common/ReadLines.kt:7:5 readLines: expect and corresponding actual are declared in the same module.
e: file:///Users/jim/work/v2superbikeshed/Trikeshed/src/commonMain/kotlin/borg/trikeshed/common/collections/BinarySearch.kt:19:25 Cannot infer type for this parameter. Specify it explicitly.
e: file:///Users/jim/work/v2superbikeshed/Trikeshed/src/commonMain/kotlin/borg/trikeshed/common/collections/BinarySearch.kt:19:25 Unresolved reference. None of the following candidates is applicable because of a receiver type mismatch:
fun <T> Join<Int, Function1<Int, Join<Any?, TypeMemento>>>.get(column: Column<T>): T?
e: file:///Users/jim/work/v2superbikeshed/Trikeshed/src/commonMain/kotlin/borg/trikeshed/common/collections/BinarySearch.kt:19:25 Argument type mismatch: actual type is 'T#1? (of fun <T> Join<Int, Function1<Int, Join<Any?, TypeMemento>>>.get)', but 'T#2 (of fun <T : Comparable<T>> Join<Int, Function1<Int, T>>.binarySearch)' was expected.
e: file:///Users/jim/work/v2superbikeshed/Trikeshed/src/commonMain/kotlin/borg/trikeshed/common/collections/BinarySearch.kt:19:35 Argument type mismatch: actual type is 'T (of fun <T : Comparable<T>> Join<Int, Function1<Int, T>>.binarySearch)', but 'T (of fun <T : Comparable<T>> Join<Int, Function1<Int, T>>.binarySearch)' was expected.
e: file:///Users/jim/work/v2superbikeshed/Trikeshed/src/commonMain/kotlin/borg/trikeshed/common/collections/BinarySearch.kt:34:22 Cannot infer type for this parameter. Specify it explicitly.
e: file:///Users/jim/work/v2superbikeshed/Trikeshed/src/commonMain/kotlin/borg/trikeshed/common/collections/BinarySearch.kt:34:22 Unresolved reference. None of the following candidates is applicable because of a receiver type mismatch:
fun <T> Join<Int, Function1<Int, Join<Any?, TypeMemento>>>.get(column: Column<T>): T?
e: file:///Users/jim/work/v2superbikeshed/Trikeshed/src/commonMain/kotlin/borg/trikeshed/common/collections/BinarySearch.kt:37:20 'operator' modifier is required on 'FirNamedFunctionSymbol kotlin/compareTo' in 'compareTo'.
e: file:///Users/jim/work/v2superbikeshed/Trikeshed/src/commonMain/kotlin/borg/trikeshed/common/collections/BinarySearch.kt:38:20 'operator' modifier is required on 'FirNamedFunctionSymbol kotlin/compareTo' in 'compareTo'.
e: file:///Users/jim/work/v2superbikeshed/Trikeshed/src/commonMain/kotlin/borg/trikeshed/common/collections/BinarySearch.kt:52:22 Cannot infer type for this parameter. Specify it explicitly.
e: file:///Users/jim/work/v2superbikeshed/Trikeshed/src/commonMain/kotlin/borg/trikeshed/common/collections/BinarySearch.kt:52:22 Unresolved reference. None of the following candidates is applicable because of a receiver type mismatch:
fun <T> Join<Int, Function1<Int, Join<Any?, TypeMemento>>>.get(column: Column<T>): T?
e: file:///Users/jim/work/v2superbikeshed/Trikeshed/src/commonMain/kotlin/borg/trikeshed/common/collections/BinarySearch.kt:55:20 'operator' modifier is required on 'FirNamedFunctionSymbol kotlin/compareTo' in 'compareTo'.
e: file:///Users/jim/work/v2superbikeshed/Trikeshed/src/commonMain/kotlin/borg/trikeshed/common/collections/BinarySearch.kt:56:20 'operator' modifier is required on 'FirNamedFunctionSymbol kotlin/compareTo' in 'compareTo'.
e: file:///Users/jim/work/v2superbikeshed/Trikeshed/src/commonMain/kotlin/borg/trikeshed/common/collections/BinarySearch.kt:69:22 Cannot infer type for this parameter. Specify it explicitly.
e: file:///Users/jim/work/v2superbikeshed/Trikeshed/src/commonMain/kotlin/borg/trikeshed/common/collections/BinarySearch.kt:69:22 Unresolved reference. None of the following candidates is applicable because of a receiver type mismatch:
fun <T> Join<Int, Function1<Int, Join<Any?, TypeMemento>>>.get(column: Column<T>): T?
e: file:///Users/jim/work/v2superbikeshed/Trikeshed/src/commonMain/kotlin/borg/trikeshed/common/collections/BinarySearch.kt:72:20 'operator' modifier is required on 'FirNamedFunctionSymbol kotlin/compareTo' in 'compareTo'.
e: file:///Users/jim/work/v2superbikeshed/Trikeshed/src/commonMain/kotlin/borg/trikeshed/common/collections/BinarySearch.kt:73:20 'operator' modifier is required on 'FirNamedFunctionSymbol kotlin/compareTo' in 'compareTo'.
e: file:///Users/jim/work/v2superbikeshed/Trikeshed/src/commonMain/kotlin/borg/trikeshed/common/collections/BinarySearch.kt:87:22 Cannot infer type for this parameter. Specify it explicitly.
e: file:///Users/jim/work/v2superbikeshed/Trikeshed/src/commonMain/kotlin/borg/trikeshed/common/collections/BinarySearch.kt:87:22 Unresolved reference. None of the following candidates is applicable because of a receiver type mismatch:
fun <T> Join<Int, Function1<Int, Join<Any?, TypeMemento>>>.get(column: Column<T>): T?
e: file:///Users/jim/work/v2superbikeshed/Trikeshed/src/commonMain/kotlin/borg/trikeshed/common/collections/BinarySearch.kt:90:20 'operator' modifier is required on 'FirNamedFunctionSymbol kotlin/compareTo' in 'compareTo'.
e: file:///Users/jim/work/v2superbikeshed/Trikeshed/src/commonMain/kotlin/borg/trikeshed/common/collections/BinarySearch.kt:91:20 'operator' modifier is required on 'FirNamedFunctionSymbol kotlin/compareTo' in 'compareTo'.
e: file:///Users/jim/work/v2superbikeshed/Trikeshed/src/commonMain/kotlin/borg/trikeshed/common/collections/BinarySearch.kt:105:22 Cannot infer type for this parameter. Specify it explicitly.
e: file:///Users/jim/work/v2superbikeshed/Trikeshed/src/commonMain/kotlin/borg/trikeshed/common/collections/BinarySearch.kt:105:22 Unresolved reference. None of the following candidates is applicable because of a receiver type mismatch:
fun <T> Join<Int, Function1<Int, Join<Any?, TypeMemento>>>.get(column: Column<T>): T?
e: file:///Users/jim/work/v2superbikeshed/Trikeshed/src/commonMain/kotlin/borg/trikeshed/common/collections/BinarySearch.kt:108:20 'operator' modifier is required on 'FirNamedFunctionSymbol kotlin/compareTo' in 'compareTo'.
e: file:///Users/jim/work/v2superbikeshed/Trikeshed/src/commonMain/kotlin/borg/trikeshed/common/collections/BinarySearch.kt:109:20 'operator' modifier is required on 'FirNamedFunctionSymbol kotlin/compareTo' in 'compareTo'.
e: file:///Users/jim/work/v2superbikeshed/Trikeshed/src/commonMain/kotlin/borg/trikeshed/common/collections/BinarySearch.kt:123:22 Cannot infer type for this parameter. Specify it explicitly.
e: file:///Users/jim/work/v2superbikeshed/Trikeshed/src/commonMain/kotlin/borg/trikeshed/common/collections/BinarySearch.kt:123:22 Unresolved reference. None of the following candidates is applicable because of a receiver type mismatch:
fun <T> Join<Int, Function1<Int, Join<Any?, TypeMemento>>>.get(column: Column<T>): T?
e: file:///Users/jim/work/v2superbikeshed/Trikeshed/src/commonMain/kotlin/borg/trikeshed/common/collections/BinarySearch.kt:126:20 'operator' modifier is required on 'FirNamedFunctionSymbol kotlin/compareTo' in 'compareTo'.
e: file:///Users/jim/work/v2superbikeshed/Trikeshed/src/commonMain/kotlin/borg/trikeshed/common/collections/BinarySearch.kt:127:20 'operator' modifier is required on 'FirNamedFunctionSymbol kotlin/compareTo' in 'compareTo'.
e: file:///Users/jim/work/v2superbikeshed/Trikeshed/src/commonMain/kotlin/borg/trikeshed/common/collections/BinarySearch.kt:141:22 Cannot infer type for this parameter. Specify it explicitly.
e: file:///Users/jim/work/v2superbikeshed/Trikeshed/src/commonMain/kotlin/borg/trikeshed/common/collections/BinarySearch.kt:141:22 Unresolved reference. None of the following candidates is applicable because of a receiver type mismatch:
fun <T> Join<Int, Function1<Int, Join<Any?, TypeMemento>>>.get(column: Column<T>): T?
e: file:///Users/jim/work/v2superbikeshed/Trikeshed/src/commonMain/kotlin/borg/trikeshed/common/collections/BinarySearch.kt:144:20 'operator' modifier is required on 'FirNamedFunctionSymbol kotlin/compareTo' in 'compareTo'.
e: file:///Users/jim/work/v2superbikeshed/Trikeshed/src/commonMain/kotlin/borg/trikeshed/common/collections/BinarySearch.kt:145:20 'operator' modifier is required on 'FirNamedFunctionSymbol kotlin/compareTo' in 'compareTo'.
e: file:///Users/jim/work/v2superbikeshed/Trikeshed/src/commonMain/kotlin/borg/trikeshed/common/collections/BinarySearch.kt:160:22 Cannot infer type for this parameter. Specify it explicitly.
e: file:///Users/jim/work/v2superbikeshed/Trikeshed/src/commonMain/kotlin/borg/trikeshed/common/collections/BinarySearch.kt:160:22 Unresolved reference. None of the following candidates is applicable because of a receiver type mismatch:
fun <T> Join<Int, Function1<Int, Join<Any?, TypeMemento>>>.get(column: Column<T>): T?
e: file:///Users/jim/work/v2superbikeshed/Trikeshed/src/commonMain/kotlin/borg/trikeshed/common/collections/BinarySearch.kt:163:20 'operator' modifier is required on 'FirNamedFunctionSymbol kotlin/compareTo' in 'compareTo'.
e: file:///Users/jim/work/v2superbikeshed/Trikeshed/src/commonMain/kotlin/borg/trikeshed/common/collections/BinarySearch.kt:164:20 'operator' modifier is required on 'FirNamedFunctionSymbol kotlin/compareTo' in 'compareTo'.
e: file:///Users/jim/work/v2superbikeshed/Trikeshed/src/commonMain/kotlin/borg/trikeshed/common/collections/BinarySearch.kt:178:22 Cannot infer type for this parameter. Specify it explicitly.
e: file:///Users/jim/work/v2superbikeshed/Trikeshed/src/commonMain/kotlin/borg/trikeshed/common/collections/BinarySearch.kt:178:22 Unresolved reference. None of the following candidates is applicable because of a receiver type mismatch:
fun <T> Join<Int, Function1<Int, Join<Any?, TypeMemento>>>.get(column: Column<T>): T?
e: file:///Users/jim/work/v2superbikeshed/Trikeshed/src/commonMain/kotlin/borg/trikeshed/common/collections/BinarySearch.kt:181:20 'operator' modifier is required on 'FirNamedFunctionSymbol kotlin/compareTo' in 'compareTo'.
e: file:///Users/jim/work/v2superbikeshed/Trikeshed/src/commonMain/kotlin/borg/trikeshed/common/collections/BinarySearch.kt:182:20 'operator' modifier is required on 'FirNamedFunctionSymbol kotlin/compareTo' in 'compareTo'.
e: file:///Users/jim/work/v2superbikeshed/Trikeshed/src/commonMain/kotlin/borg/trikeshed/common/collections/BinarySearch.kt:196:22 Cannot infer type for this parameter. Specify it explicitly.
e: file:///Users/jim/work/v2superbikeshed/Trikeshed/src/commonMain/kotlin/borg/trikeshed/common/collections/BinarySearch.kt:196:22 Unresolved reference. None of the following candidates is applicable because of a receiver type mismatch:
fun <T> Join<Int, Function1<Int, Join<Any?, TypeMemento>>>.get(column: Column<T>): T?
e: file:///Users/jim/work/v2superbikeshed/Trikeshed/src/commonMain/kotlin/borg/trikeshed/common/collections/BinarySearch.kt:198:20 'operator' modifier is required on 'FirNamedFunctionSymbol kotlin/compareTo' in 'compareTo'.
e: file:///Users/jim/work/v2superbikeshed/Trikeshed/src/commonMain/kotlin/borg/trikeshed/common/collections/BinarySearch.kt:199:20 'operator' modifier is required on 'FirNamedFunctionSymbol kotlin/compareTo' in 'compareTo'.
e: file:///Users/jim/work/v2superbikeshed/Trikeshed/src/commonMain/kotlin/borg/trikeshed/common/collections/BinarySearch.kt:216:22 Cannot infer type for this parameter. Specify it explicitly.
e: file:///Users/jim/work/v2superbikeshed/Trikeshed/src/commonMain/kotlin/borg/trikeshed/common/collections/BinarySearch.kt:216:22 Unresolved reference. None of the following candidates is applicable because of a receiver type mismatch:
fun <T> Join<Int, Function1<Int, Join<Any?, TypeMemento>>>.get(column: Column<T>): T?
e: file:///Users/jim/work/v2superbikeshed/Trikeshed/src/commonMain/kotlin/borg/trikeshed/common/collections/BinarySearch.kt:219:20 'operator' modifier is required on 'FirNamedFunctionSymbol kotlin/compareTo' in 'compareTo'.
e: file:///Users/jim/work/v2superbikeshed/Trikeshed/src/commonMain/kotlin/borg/trikeshed/common/collections/BinarySearch.kt:220:20 'operator' modifier is required on 'FirNamedFunctionSymbol kotlin/compareTo' in 'compareTo'.
e: file:///Users/jim/work/v2superbikeshed/Trikeshed/src/commonMain/kotlin/borg/trikeshed/compression/BitStream.kt:3:27 Conflicting import: imported name 'Indexed' is ambiguous.
e: file:///Users/jim/work/v2superbikeshed/Trikeshed/src/commonMain/kotlin/borg/trikeshed/compression/BitStream.kt:4:27 Conflicting import: imported name 'Indexed' is ambiguous.
e: file:///Users/jim/work/v2superbikeshed/Trikeshed/src/commonMain/kotlin/borg/trikeshed/compression/BitStream.kt:44:34 Unresolved reference 'size'.
e: file:///Users/jim/work/v2superbikeshed/Trikeshed/src/commonMain/kotlin/borg/trikeshed/compression/BitStream.kt:54:40 Unresolved reference 'size'.
e: file:///Users/jim/work/v2superbikeshed/Trikeshed/src/commonMain/kotlin/borg/trikeshed/compression/BitStream.kt:58:31 Unresolved reference. None of the following candidates is applicable because of a receiver type mismatch:
fun MatchGroupCollection.get(name: String): MatchGroup?
e: file:///Users/jim/work/v2superbikeshed/Trikeshed/src/commonMain/kotlin/borg/trikeshed/compression/BitStream.kt:58:52 None of the following candidates is applicable:
fun String.toInt(): Int
fun String.toInt(radix: Int): Int
fun Iterable<RegexOption>.toInt(): Int
e: file:///Users/jim/work/v2superbikeshed/Trikeshed/src/commonMain/kotlin/borg/trikeshed/compression/BitStream.kt:58:60 Unresolved reference 'and'.
e: file:///Users/jim/work/v2superbikeshed/Trikeshed/src/commonMain/kotlin/borg/trikeshed/compression/BitStream.kt:95:33 Unresolved reference 'size'.
e: file:///Users/jim/work/v2superbikeshed/Trikeshed/src/commonMain/kotlin/borg/trikeshed/compression/BitStream.kt:95:63 Unresolved reference 'size'.
e: file:///Users/jim/work/v2superbikeshed/Trikeshed/src/commonMain/kotlin/borg/trikeshed/compression/BitStream.kt:114:34 Unresolved reference 'size'.
e: file:///Users/jim/work/v2superbikeshed/Trikeshed/src/commonMain/kotlin/borg/trikeshed/compression/BitStream.kt:118:16 Unresolved reference. None of the following candidates is applicable because of a receiver type mismatch:
fun MatchGroupCollection.get(name: String): MatchGroup?
e: file:///Users/jim/work/v2superbikeshed/Trikeshed/src/commonMain/kotlin/borg/trikeshed/compression/BitStream.kt:118:37 None of the following candidates is applicable:
fun String.toInt(): Int
fun String.toInt(radix: Int): Int
fun Iterable<RegexOption>.toInt(): Int
e: file:///Users/jim/work/v2superbikeshed/Trikeshed/src/commonMain/kotlin/borg/trikeshed/compression/BitStream.kt:118:45 Unresolved reference 'and'.
e: file:///Users/jim/work/v2superbikeshed/Trikeshed/src/commonMain/kotlin/borg/trikeshed/compression/BitStream.kt:135:36 Unresolved reference 'size'.
e: file:///Users/jim/work/v2superbikeshed/Trikeshed/src/commonMain/kotlin/borg/trikeshed/compression/BitStream.kt:135:70 Unresolved reference 'size'.
e: file:///Users/jim/work/v2superbikeshed/Trikeshed/src/commonMain/kotlin/borg/trikeshed/compression/BitStream.kt:141:28 Unresolved reference 'size'.
e: file:///Users/jim/work/v2superbikeshed/Trikeshed/src/commonMain/kotlin/borg/trikeshed/compression/Huffman.kt:3:27 Conflicting import: imported name 'Indexed' is ambiguous.
e: file:///Users/jim/work/v2superbikeshed/Trikeshed/src/commonMain/kotlin/borg/trikeshed/compression/Huffman.kt:4:27 Conflicting import: imported name 'Indexed' is ambiguous.
e: file:///Users/jim/work/v2superbikeshed/Trikeshed/src/commonMain/kotlin/borg/trikeshed/compression/Huffman.kt:28:29 Unresolved reference 'size'.
e: file:///Users/jim/work/v2superbikeshed/Trikeshed/src/commonMain/kotlin/borg/trikeshed/compression/Huffman.kt:29:96 Unresolved reference 'size'.
e: file:///Users/jim/work/v2superbikeshed/Trikeshed/src/commonMain/kotlin/borg/trikeshed/compression/Huffman.kt:49:16 Unresolved reference. None of the following candidates is applicable because of a receiver type mismatch:
fun MatchGroupCollection.get(name: String): MatchGroup?
e: file:///Users/jim/work/v2superbikeshed/Trikeshed/src/commonMain/kotlin/borg/trikeshed/compression/Huffman.kt:86:12 Return type mismatch: expected 'Int', actual 'String'.
e: file:///Users/jim/work/v2superbikeshed/Trikeshed/src/commonMain/kotlin/borg/trikeshed/couchdb/CouchClient.kt:8:30 Unresolved reference 'json'.
e: file:///Users/jim/work/v2superbikeshed/Trikeshed/src/commonMain/kotlin/borg/trikeshed/couchdb/CouchClient.kt:9:30 Unresolved reference 'json'.
e: file:///Users/jim/work/v2superbikeshed/Trikeshed/src/commonMain/kotlin/borg/trikeshed/couchdb/CouchClient.kt:10:30 Unresolved reference 'json'.
e: file:///Users/jim/work/v2superbikeshed/Trikeshed/src/commonMain/kotlin/borg/trikeshed/couchdb/CouchClient.kt:11:30 Unresolved reference 'json'.
e: file:///Users/jim/work/v2superbikeshed/Trikeshed/src/commonMain/kotlin/borg/trikeshed/couchdb/CouchClient.kt:12:30 Unresolved reference 'json'.
e: file:///Users/jim/work/v2superbikeshed/Trikeshed/src/commonMain/kotlin/borg/trikeshed/couchdb/CouchClient.kt:13:30 Unresolved reference 'json'.
e: file:///Users/jim/work/v2superbikeshed/Trikeshed/src/commonMain/kotlin/borg/trikeshed/couchdb/CouchClient.kt:14:30 Unresolved reference 'json'.
e: file:///Users/jim/work/v2superbikeshed/Trikeshed/src/commonMain/kotlin/borg/trikeshed/couchdb/CouchClient.kt:15:30 Unresolved reference 'json'.
e: file:///Users/jim/work/v2superbikeshed/Trikeshed/src/commonMain/kotlin/borg/trikeshed/couchdb/CouchClient.kt:29:24 Unresolved reference 'Json'.
e: file:///Users/jim/work/v2superbikeshed/Trikeshed/src/commonMain/kotlin/borg/trikeshed/couchdb/CouchClient.kt:29:31 Unresolved reference 'ignoreUnknownKeys'.
e: file:///Users/jim/work/v2superbikeshed/Trikeshed/src/commonMain/kotlin/borg/trikeshed/couchdb/CouchClient.kt:308:53 Unresolved reference 'serializer'.
e: file:///Users/jim/work/v2superbikeshed/Trikeshed/src/commonMain/kotlin/borg/trikeshed/couchdb/CouchClient.kt:315:53 Unresolved reference 'serializer'.
e: file:///Users/jim/work/v2superbikeshed/Trikeshed/src/commonMain/kotlin/borg/trikeshed/couchdb/CouchClient.kt:320:37 Unresolved reference 'jsonPrimitive'.
e: file:///Users/jim/work/v2superbikeshed/Trikeshed/src/commonMain/kotlin/borg/trikeshed/couchdb/CouchClient.kt:321:39 Unresolved reference 'jsonPrimitive'.
e: file:///Users/jim/work/v2superbikeshed/Trikeshed/src/commonMain/kotlin/borg/trikeshed/couchdb/CouchClient.kt:322:31 Cannot infer type for this parameter. Specify it explicitly.
e: file:///Users/jim/work/v2superbikeshed/Trikeshed/src/commonMain/kotlin/borg/trikeshed/couchdb/CouchClient.kt:322:42 Cannot infer type for this parameter. Specify it explicitly.
e: file:///Users/jim/work/v2superbikeshed/Trikeshed/src/commonMain/kotlin/borg/trikeshed/couchdb/CouchClient.kt:323:14 Cannot infer type for this parameter. Specify it explicitly.
e: file:///Users/jim/work/v2superbikeshed/Trikeshed/src/commonMain/kotlin/borg/trikeshed/couchdb/CouchClient.kt:323:14 Not enough information to infer type argument for 'K'.
e: file:///Users/jim/work/v2superbikeshed/Trikeshed/src/commonMain/kotlin/borg/trikeshed/couchdb/CouchClient.kt:323:27 Not enough information to infer type argument for 'K'.
e: file:///Users/jim/work/v2superbikeshed/Trikeshed/src/commonMain/kotlin/borg/trikeshed/couchdb/CouchClient.kt:323:30 Not enough information to infer type argument for 'K'.
e: file:///Users/jim/work/v2superbikeshed/Trikeshed/src/commonMain/kotlin/borg/trikeshed/couchdb/CouchClient.kt:323:40 The type of a receiver hasn't been inferred yet. Specify type argument for generic parameter 'V' of 'component2' explicitly.
e: file:///Users/jim/work/v2superbikeshed/Trikeshed/src/commonMain/kotlin/borg/trikeshed/couchdb/CouchClient.kt:328:38 Cannot infer type for this parameter. Specify it explicitly.
e: file:///Users/jim/work/v2superbikeshed/Trikeshed/src/commonMain/kotlin/borg/trikeshed/couchdb/CouchClient.kt:328:69 Unresolved reference 'serializer'.
e: file:///Users/jim/work/v2superbikeshed/Trikeshed/src/commonMain/kotlin/borg/trikeshed/couchdb/CouchClient.kt:333:46 Unresolved reference 'jsonArray'.
e: file:///Users/jim/work/v2superbikeshed/Trikeshed/src/commonMain/kotlin/borg/trikeshed/couchdb/CouchClient.kt:334:16 Return type mismatch: expected 'List<CouchChange>', actual 'Join<Int, Function1<Int, ERROR CLASS: Cannot infer argument for type parameter R>>'.
e: file:///Users/jim/work/v2superbikeshed/Trikeshed/src/commonMain/kotlin/borg/trikeshed/couchdb/CouchClient.kt:334:24 Cannot infer type for this parameter. Specify it explicitly.
e: file:///Users/jim/work/v2superbikeshed/Trikeshed/src/commonMain/kotlin/borg/trikeshed/couchdb/CouchClient.kt:334:30 Cannot infer type for this parameter. Specify it explicitly.
e: file:///Users/jim/work/v2superbikeshed/Trikeshed/src/commonMain/kotlin/borg/trikeshed/couchdb/CouchClient.kt:335:52 Unresolved reference 'serializer'.
e: file:///Users/jim/work/v2superbikeshed/Trikeshed/src/commonMain/kotlin/borg/trikeshed/couchdb/CouchClient.kt:340:61 Unresolved reference 'serializer'.
e: file:///Users/jim/work/v2superbikeshed/Trikeshed/src/commonMain/kotlin/borg/trikeshed/couchdb/CouchClient.kt:344:54 Unresolved reference 'serializer'.
e: file:///Users/jim/work/v2superbikeshed/Trikeshed/src/commonMain/kotlin/borg/trikeshed/couchdb/CouchClient.kt:348:52 Unresolved reference 'serializer'.
e: file:///Users/jim/work/v2superbikeshed/Trikeshed/src/commonMain/kotlin/borg/trikeshed/couchdb/CouchClient.kt:509:24 Overload resolution ambiguity between candidates:
suspend fun HttpRequest.send(): HttpResponse
suspend fun HttpRequest.send(): HttpResponse
e: file:///Users/jim/work/v2superbikeshed/Trikeshed/src/commonMain/kotlin/borg/trikeshed/couchdb/CouchClient.kt:524:24 Overload resolution ambiguity between candidates:
suspend fun HttpRequest.send(): HttpResponse
suspend fun HttpRequest.send(): HttpResponse
e: file:///Users/jim/work/v2superbikeshed/Trikeshed/src/commonMain/kotlin/borg/trikeshed/couchdb/CouchClient.kt:539:24 Overload resolution ambiguity between candidates:
suspend fun HttpRequest.send(): HttpResponse
suspend fun HttpRequest.send(): HttpResponse
e: file:///Users/jim/work/v2superbikeshed/Trikeshed/src/commonMain/kotlin/borg/trikeshed/couchdb/CouchClient.kt:551:24 Overload resolution ambiguity between candidates:
suspend fun HttpRequest.send(): HttpResponse
suspend fun HttpRequest.send(): HttpResponse
e: file:///Users/jim/work/v2superbikeshed/Trikeshed/src/commonMain/kotlin/borg/trikeshed/couchdb/CouchClient.kt:565:22 Unresolved reference 'buildJsonObject'.
e: file:///Users/jim/work/v2superbikeshed/Trikeshed/src/commonMain/kotlin/borg/trikeshed/couchdb/CouchClient.kt:566:31 Unresolved reference 'put'.
e: file:///Users/jim/work/v2superbikeshed/Trikeshed/src/commonMain/kotlin/borg/trikeshed/couchdb/CouchClient.kt:567:32 Unresolved reference 'put'.
e: file:///Users/jim/work/v2superbikeshed/Trikeshed/src/commonMain/kotlin/borg/trikeshed/couchdb/CouchClient.kt:568:23 Unresolved reference 'put'.
e: file:///Users/jim/work/v2superbikeshed/Trikeshed/src/commonMain/kotlin/borg/trikeshed/couchdb/CouchClient.kt:568:53 Argument type mismatch: actual type is 'Boolean', but 'String' was expected.
e: file:///Users/jim/work/v2superbikeshed/Trikeshed/src/commonMain/kotlin/borg/trikeshed/couchdb/CouchClient.kt:569:40 Unresolved reference 'put'.
e: file:///Users/jim/work/v2superbikeshed/Trikeshed/src/commonMain/kotlin/borg/trikeshed/couchdb/CouchClient.kt:571:12 Unresolved reference 'Json'.
e: file:///Users/jim/work/v2superbikeshed/Trikeshed/src/commonMain/kotlin/borg/trikeshed/couchdb/CouchClient.kt:571:32 Unresolved reference 'JsonElement'.
e: file:///Users/jim/work/v2superbikeshed/Trikeshed/src/commonMain/kotlin/borg/trikeshed/couchdb/CouchClient.kt:575:22 Unresolved reference 'buildJsonObject'.
e: file:///Users/jim/work/v2superbikeshed/Trikeshed/src/commonMain/kotlin/borg/trikeshed/couchdb/CouchClient.kt:576:9 Unresolved reference 'put'.
e: file:///Users/jim/work/v2superbikeshed/Trikeshed/src/commonMain/kotlin/borg/trikeshed/couchdb/CouchClient.kt:577:9 Unresolved reference 'put'.
e: file:///Users/jim/work/v2superbikeshed/Trikeshed/src/commonMain/kotlin/borg/trikeshed/couchdb/CouchClient.kt:578:40 Unresolved reference 'put'.
e: file:///Users/jim/work/v2superbikeshed/Trikeshed/src/commonMain/kotlin/borg/trikeshed/couchdb/CouchClient.kt:580:12 Unresolved reference 'Json'.
e: file:///Users/jim/work/v2superbikeshed/Trikeshed/src/commonMain/kotlin/borg/trikeshed/couchdb/CouchClient.kt:580:32 Unresolved reference 'JsonElement'.
e: file:///Users/jim/work/v2superbikeshed/Trikeshed/src/commonMain/kotlin/borg/trikeshed/couchdb/CouchClient.kt:584:12 Unresolved reference 'Json'.
e: file:///Users/jim/work/v2superbikeshed/Trikeshed/src/commonMain/kotlin/borg/trikeshed/couchdb/CouchClient.kt:584:49 Unresolved reference 'serializer'.
e: file:///Users/jim/work/v2superbikeshed/Trikeshed/src/commonMain/kotlin/borg/trikeshed/couchdb/CouchClient.kt:588:12 Unresolved reference 'Json'.
e: file:///Users/jim/work/v2superbikeshed/Trikeshed/src/commonMain/kotlin/borg/trikeshed/couchdb/CouchClient.kt:588:56 Unresolved reference 'serializer'.
e: file:///Users/jim/work/v2superbikeshed/Trikeshed/src/commonMain/kotlin/borg/trikeshed/couchdb/CouchClient.kt:592:12 Unresolved reference 'Json'.
e: file:///Users/jim/work/v2superbikeshed/Trikeshed/src/commonMain/kotlin/borg/trikeshed/couchdb/CouchClient.kt:592:46 Unresolved reference 'serializer'.
e: file:///Users/jim/work/v2superbikeshed/Trikeshed/src/commonMain/kotlin/borg/trikeshed/couchdb/CouchProtocol.kt:5:30 Unresolved reference 'json'.
e: file:///Users/jim/work/v2superbikeshed/Trikeshed/src/commonMain/kotlin/borg/trikeshed/couchdb/CouchProtocol.kt:25:12 Redeclaration:
data class CouchDocument : Any
e: file:///Users/jim/work/v2superbikeshed/Trikeshed/src/commonMain/kotlin/borg/trikeshed/couchdb/CouchProtocol.kt:30:39 Cannot infer type for this parameter. Specify it explicitly.
e: file:///Users/jim/work/v2superbikeshed/Trikeshed/src/commonMain/kotlin/borg/trikeshed/couchdb/CouchProtocol.kt:30:39 Argument type mismatch: actual type is 'Map<K (of fun <K, V> emptyMap), V (of fun <K, V> emptyMap)>', but 'String' was expected.
e: file:///Users/jim/work/v2superbikeshed/Trikeshed/src/commonMain/kotlin/borg/trikeshed/couchdb/CouchProtocol.kt:32:32 Unresolved reference 'buildJsonObject'.
e: file:///Users/jim/work/v2superbikeshed/Trikeshed/src/commonMain/kotlin/borg/trikeshed/couchdb/CouchProtocol.kt:33:9 Unresolved reference 'id'.
e: file:///Users/jim/work/v2superbikeshed/Trikeshed/src/commonMain/kotlin/borg/trikeshed/couchdb/CouchProtocol.kt:33:13 Cannot infer type for this parameter. Specify it explicitly.
e: file:///Users/jim/work/v2superbikeshed/Trikeshed/src/commonMain/kotlin/borg/trikeshed/couchdb/CouchProtocol.kt:33:17 Cannot infer type for this parameter. Specify it explicitly.
e: file:///Users/jim/work/v2superbikeshed/Trikeshed/src/commonMain/kotlin/borg/trikeshed/couchdb/CouchProtocol.kt:33:19 Unresolved reference 'put'.
e: file:///Users/jim/work/v2superbikeshed/Trikeshed/src/commonMain/kotlin/borg/trikeshed/couchdb/CouchProtocol.kt:34:9 Unresolved reference 'rev'.
e: file:///Users/jim/work/v2superbikeshed/Trikeshed/src/commonMain/kotlin/borg/trikeshed/couchdb/CouchProtocol.kt:34:14 Cannot infer type for this parameter. Specify it explicitly.
e: file:///Users/jim/work/v2superbikeshed/Trikeshed/src/commonMain/kotlin/borg/trikeshed/couchdb/CouchProtocol.kt:34:18 Cannot infer type for this parameter. Specify it explicitly.
e: file:///Users/jim/work/v2superbikeshed/Trikeshed/src/commonMain/kotlin/borg/trikeshed/couchdb/CouchProtocol.kt:34:20 Unresolved reference 'put'.
e: file:///Users/jim/work/v2superbikeshed/Trikeshed/src/commonMain/kotlin/borg/trikeshed/couchdb/CouchProtocol.kt:35:9 Unresolved reference 'deleted'.
e: file:///Users/jim/work/v2superbikeshed/Trikeshed/src/commonMain/kotlin/borg/trikeshed/couchdb/CouchProtocol.kt:35:18 Cannot infer type for this parameter. Specify it explicitly.
e: file:///Users/jim/work/v2superbikeshed/Trikeshed/src/commonMain/kotlin/borg/trikeshed/couchdb/CouchProtocol.kt:35:22 Cannot infer type for this parameter. Specify it explicitly.
e: file:///Users/jim/work/v2superbikeshed/Trikeshed/src/commonMain/kotlin/borg/trikeshed/couchdb/CouchProtocol.kt:35:24 Unresolved reference 'put'.
e: file:///Users/jim/work/v2superbikeshed/Trikeshed/src/commonMain/kotlin/borg/trikeshed/couchdb/CouchProtocol.kt:36:9 Unresolved reference 'attachments'.
e: file:///Users/jim/work/v2superbikeshed/Trikeshed/src/commonMain/kotlin/borg/trikeshed/couchdb/CouchProtocol.kt:36:22 Cannot infer type for this parameter. Specify it explicitly.
e: file:///Users/jim/work/v2superbikeshed/Trikeshed/src/commonMain/kotlin/borg/trikeshed/couchdb/CouchProtocol.kt:36:26 Cannot infer type for this parameter. Specify it explicitly.
e: file:///Users/jim/work/v2superbikeshed/Trikeshed/src/commonMain/kotlin/borg/trikeshed/couchdb/CouchProtocol.kt:36:28 Unresolved reference 'put'.
e: file:///Users/jim/work/v2superbikeshed/Trikeshed/src/commonMain/kotlin/borg/trikeshed/couchdb/CouchProtocol.kt:37:40 Unresolved reference 'put'.
e: file:///Users/jim/work/v2superbikeshed/Trikeshed/src/commonMain/kotlin/borg/trikeshed/couchdb/CouchProtocol.kt:43:12 Redeclaration:
data class CouchDatabaseInfo : Any
e: file:///Users/jim/work/v2superbikeshed/Trikeshed/src/commonMain/kotlin/borg/trikeshed/couchdb/CouchProtocol.kt:60:14 Unresolved reference 'JsonElement'.
e: file:///Users/jim/work/v2superbikeshed/Trikeshed/src/commonMain/kotlin/borg/trikeshed/couchdb/CouchProtocol.kt:61:19 Unresolved reference 'JsonElement'.
e: file:///Users/jim/work/v2superbikeshed/Trikeshed/src/commonMain/kotlin/borg/trikeshed/couchdb/CouchProtocol.kt:62:17 Unresolved reference 'JsonElement'.
e: file:///Users/jim/work/v2superbikeshed/Trikeshed/src/commonMain/kotlin/borg/trikeshed/couchdb/CouchProtocol.kt:74:14 Cannot infer type for this parameter. Specify it explicitly.
e: file:///Users/jim/work/v2superbikeshed/Trikeshed/src/commonMain/kotlin/borg/trikeshed/couchdb/CouchProtocol.kt:74:14 Unresolved reference. None of the following candidates is applicable because of a receiver type mismatch:
fun <T, R> T.let(block: (T) -> R): R
    [R|Contract description]
     <
        CallsInPlace(block, EXACTLY_ONCE)
    >
e: file:///Users/jim/work/v2superbikeshed/Trikeshed/src/commonMain/kotlin/borg/trikeshed/couchdb/CouchProtocol.kt:74:18 Cannot infer type for this parameter. Specify it explicitly.
e: file:///Users/jim/work/v2superbikeshed/Trikeshed/src/commonMain/kotlin/borg/trikeshed/couchdb/CouchProtocol.kt:74:38 Unresolved reference 'Json'.
e: file:///Users/jim/work/v2superbikeshed/Trikeshed/src/commonMain/kotlin/borg/trikeshed/couchdb/CouchProtocol.kt:74:43 Cannot infer type for this parameter. Specify it explicitly.
e: file:///Users/jim/work/v2superbikeshed/Trikeshed/src/commonMain/kotlin/borg/trikeshed/couchdb/CouchProtocol.kt:75:19 Cannot infer type for this parameter. Specify it explicitly.
e: file:///Users/jim/work/v2superbikeshed/Trikeshed/src/commonMain/kotlin/borg/trikeshed/couchdb/CouchProtocol.kt:75:19 Unresolved reference. None of the following candidates is applicable because of a receiver type mismatch:
fun <T, R> T.let(block: (T) -> R): R
    [R|Contract description]
     <
        CallsInPlace(block, EXACTLY_ONCE)
    >
e: file:///Users/jim/work/v2superbikeshed/Trikeshed/src/commonMain/kotlin/borg/trikeshed/couchdb/CouchProtocol.kt:75:23 Cannot infer type for this parameter. Specify it explicitly.
e: file:///Users/jim/work/v2superbikeshed/Trikeshed/src/commonMain/kotlin/borg/trikeshed/couchdb/CouchProtocol.kt:75:48 Unresolved reference 'Json'.
e: file:///Users/jim/work/v2superbikeshed/Trikeshed/src/commonMain/kotlin/borg/trikeshed/couchdb/CouchProtocol.kt:75:53 Cannot infer type for this parameter. Specify it explicitly.
e: file:///Users/jim/work/v2superbikeshed/Trikeshed/src/commonMain/kotlin/borg/trikeshed/couchdb/CouchProtocol.kt:76:17 Cannot infer type for this parameter. Specify it explicitly.
e: file:///Users/jim/work/v2superbikeshed/Trikeshed/src/commonMain/kotlin/borg/trikeshed/couchdb/CouchProtocol.kt:76:17 Unresolved reference. None of the following candidates is applicable because of a receiver type mismatch:
fun <T, R> T.let(block: (T) -> R): R
    [R|Contract description]
     <
        CallsInPlace(block, EXACTLY_ONCE)
    >
e: file:///Users/jim/work/v2superbikeshed/Trikeshed/src/commonMain/kotlin/borg/trikeshed/couchdb/CouchProtocol.kt:76:21 Cannot infer type for this parameter. Specify it explicitly.
e: file:///Users/jim/work/v2superbikeshed/Trikeshed/src/commonMain/kotlin/borg/trikeshed/couchdb/CouchProtocol.kt:76:44 Unresolved reference 'Json'.
e: file:///Users/jim/work/v2superbikeshed/Trikeshed/src/commonMain/kotlin/borg/trikeshed/couchdb/CouchProtocol.kt:76:49 Cannot infer type for this parameter. Specify it explicitly.
e: file:///Users/jim/work/v2superbikeshed/Trikeshed/src/commonMain/kotlin/borg/trikeshed/couchdb/CouchProtocol.kt:112:32 Unresolved reference 'buildJsonObject'.
e: file:///Users/jim/work/v2superbikeshed/Trikeshed/src/commonMain/kotlin/borg/trikeshed/couchdb/CouchProtocol.kt:113:9 Unresolved reference 'putJsonArray'.
e: file:///Users/jim/work/v2superbikeshed/Trikeshed/src/commonMain/kotlin/borg/trikeshed/couchdb/CouchProtocol.kt:115:17 Unresolved reference 'add'.
e: file:///Users/jim/work/v2superbikeshed/Trikeshed/src/commonMain/kotlin/borg/trikeshed/couchdb/CouchProtocol.kt:118:9 Unresolved reference 'put'.
e: file:///Users/jim/work/v2superbikeshed/Trikeshed/src/commonMain/kotlin/borg/trikeshed/couchdb/CouchProtocol.kt:119:9 Unresolved reference 'put'.
e: file:///Users/jim/work/v2superbikeshed/Trikeshed/src/commonMain/kotlin/borg/trikeshed/couchdb/CouchProtocol.kt:181:32 Unresolved reference 'buildJsonObject'.
e: file:///Users/jim/work/v2superbikeshed/Trikeshed/src/commonMain/kotlin/borg/trikeshed/couchdb/CouchProtocol.kt:182:9 Unresolved reference 'put'.
e: file:///Users/jim/work/v2superbikeshed/Trikeshed/src/commonMain/kotlin/borg/trikeshed/couchdb/CouchProtocol.kt:183:9 Unresolved reference 'put'.
e: file:///Users/jim/work/v2superbikeshed/Trikeshed/src/commonMain/kotlin/borg/trikeshed/couchdb/CouchProtocol.kt:184:9 Unresolved reference 'put'.
e: file:///Users/jim/work/v2superbikeshed/Trikeshed/src/commonMain/kotlin/borg/trikeshed/couchdb/CouchProtocol.kt:185:9 Unresolved reference 'put'.
e: file:///Users/jim/work/v2superbikeshed/Trikeshed/src/commonMain/kotlin/borg/trikeshed/couchdb/CouchProtocol.kt:186:17 Cannot infer type for this parameter. Specify it explicitly.
e: file:///Users/jim/work/v2superbikeshed/Trikeshed/src/commonMain/kotlin/borg/trikeshed/couchdb/CouchProtocol.kt:186:23 Unresolved reference 'put'.
e: file:///Users/jim/work/v2superbikeshed/Trikeshed/src/commonMain/kotlin/borg/trikeshed/couchdb/CouchProtocol.kt:187:23 Cannot infer type for this parameter. Specify it explicitly.
e: file:///Users/jim/work/v2superbikeshed/Trikeshed/src/commonMain/kotlin/borg/trikeshed/couchdb/CouchProtocol.kt:187:29 Unresolved reference 'put'.
e: file:///Users/jim/work/v2superbikeshed/Trikeshed/src/commonMain/kotlin/borg/trikeshed/couchdb/CouchProtocol.kt:188:18 Cannot infer type for this parameter. Specify it explicitly.
e: file:///Users/jim/work/v2superbikeshed/Trikeshed/src/commonMain/kotlin/borg/trikeshed/couchdb/CouchProtocol.kt:189:13 Unresolved reference 'putJsonArray'.
e: file:///Users/jim/work/v2superbikeshed/Trikeshed/src/commonMain/kotlin/borg/trikeshed/couchdb/CouchProtocol.kt:191:21 Unresolved reference 'add'.
e: file:///Users/jim/work/v2superbikeshed/Trikeshed/src/commonMain/kotlin/borg/trikeshed/couchdb/CouchProtocol.kt:233:42 Unresolved reference 'emptyIndex'.
e: file:///Users/jim/work/v2superbikeshed/Trikeshed/src/commonMain/kotlin/borg/trikeshed/couchdb/CouchProtocol.kt:252:11 Redeclaration:
class CouchClient : Any
e: file:///Users/jim/work/v2superbikeshed/Trikeshed/src/commonMain/kotlin/borg/trikeshed/couchdb/CouchProtocol.kt:271:21 Unresolved reference 'JsonElement'.
e: file:///Users/jim/work/v2superbikeshed/Trikeshed/src/commonMain/kotlin/borg/trikeshed/couchdb/CouchProtocol.kt:271:34 Unresolved reference 'JsonElement'.
e: file:///Users/jim/work/v2superbikeshed/Trikeshed/src/commonMain/kotlin/borg/trikeshed/crypto/CommonCrypto.kt:237:40 Argument type mismatch: actual type is 'T? (of fun <T> Join<Int, Function1<Int, Join<Any?, TypeMemento>>>.get)', but 'K (of fun <K> WHEN_CALL)' was expected.
e: file:///Users/jim/work/v2superbikeshed/Trikeshed/src/commonMain/kotlin/borg/trikeshed/crypto/CommonCrypto.kt:237:40 Argument type mismatch: actual type is 'Join<Int, Function1<Int, Join<Any?, TypeMemento>>>', but 'Join<Int, Function1<Int, Byte>>' was expected.
e: file:///Users/jim/work/v2superbikeshed/Trikeshed/src/commonMain/kotlin/borg/trikeshed/crypto/CommonCrypto.kt:237:40 Cannot infer type for this parameter. Specify it explicitly.
e: file:///Users/jim/work/v2superbikeshed/Trikeshed/src/commonMain/kotlin/borg/trikeshed/crypto/CommonCrypto.kt:237:40 Unresolved reference. None of the following candidates is applicable because of a receiver type mismatch:
fun <T> Join<Int, Function1<Int, Join<Any?, TypeMemento>>>.get(column: Column<T>): T?
e: file:///Users/jim/work/v2superbikeshed/Trikeshed/src/commonMain/kotlin/borg/trikeshed/crypto/CommonCrypto.kt:238:22 Argument type mismatch: actual type is 'T? (of fun <T> Join<Int, Function1<Int, Join<Any?, TypeMemento>>>.get)', but 'K (of fun <K> WHEN_CALL)' was expected.
e: file:///Users/jim/work/v2superbikeshed/Trikeshed/src/commonMain/kotlin/borg/trikeshed/crypto/CommonCrypto.kt:238:22 Argument type mismatch: actual type is 'Join<Int, Function1<Int, Join<Any?, TypeMemento>>>', but 'Join<Int, Function1<Int, Byte>>' was expected.
e: file:///Users/jim/work/v2superbikeshed/Trikeshed/src/commonMain/kotlin/borg/trikeshed/crypto/CommonCrypto.kt:238:22 Cannot infer type for this parameter. Specify it explicitly.
e: file:///Users/jim/work/v2superbikeshed/Trikeshed/src/commonMain/kotlin/borg/trikeshed/crypto/CommonCrypto.kt:238:22 Unresolved reference. None of the following candidates is applicable because of a receiver type mismatch:
fun <T> Join<Int, Function1<Int, Join<Any?, TypeMemento>>>.get(column: Column<T>): T?
e: file:///Users/jim/work/v2superbikeshed/Trikeshed/src/commonMain/kotlin/borg/trikeshed/crypto/CommonCrypto.kt:393:26 Argument type mismatch: actual type is 'T? (of fun <T> Join<Int, Function1<Int, Join<Any?, TypeMemento>>>.get)', but 'Byte' was expected.
e: file:///Users/jim/work/v2superbikeshed/Trikeshed/src/commonMain/kotlin/borg/trikeshed/crypto/CommonCrypto.kt:393:26 Cannot infer type for this parameter. Specify it explicitly.
e: file:///Users/jim/work/v2superbikeshed/Trikeshed/src/commonMain/kotlin/borg/trikeshed/crypto/CommonCrypto.kt:393:26 Unresolved reference. None of the following candidates is applicable because of a receiver type mismatch:
fun <T> Join<Int, Function1<Int, Join<Any?, TypeMemento>>>.get(column: Column<T>): T?
e: file:///Users/jim/work/v2superbikeshed/Trikeshed/src/commonMain/kotlin/borg/trikeshed/cursor/ColumnMeta.kt:12:13 Redeclaration:
data class ColumnMeta : Any
e: file:///Users/jim/work/v2superbikeshed/Trikeshed/src/commonMain/kotlin/borg/trikeshed/cursor/ColumnMeta.kt:30:12 Redeclaration:
class ColumnMeta : Any
e: file:///Users/jim/work/v2superbikeshed/Trikeshed/src/commonMain/kotlin/borg/trikeshed/cursor/Cursor.kt:69:12 Return type mismatch: expected 'Join<Int, Function1<Int, Join<Any?, Function0<ColumnMeta>>>>', actual 'Join<Int, Function1<Int, RowVec>>'.
e: file:///Users/jim/work/v2superbikeshed/Trikeshed/src/commonMain/kotlin/borg/trikeshed/cursor/Cursor.kt:73:53 Overload resolution ambiguity between candidates:
fun <X, C, V : Join<Int, Function1<Int, X>>> V.α(crossinline xform: (X) -> C): Join<Int, Function1<Int, C>>
fun <X, C, V : Join<Int, Function1<Int, X>>> V.α(crossinline xform: (X) -> C): Join<Int, Function1<Int, C>>
e: file:///Users/jim/work/v2superbikeshed/Trikeshed/src/commonMain/kotlin/borg/trikeshed/cursor/Cursor.kt:73:57 Cannot infer type for this parameter. Specify it explicitly.
e: file:///Users/jim/work/v2superbikeshed/Trikeshed/src/commonMain/kotlin/borg/trikeshed/cursor/Cursor.kt:73:68 Cannot infer type for this parameter. Specify it explicitly.
e: file:///Users/jim/work/v2superbikeshed/Trikeshed/src/commonMain/kotlin/borg/trikeshed/cursor/Cursor.kt:73:68 Not enough information to infer type argument for 'X'.
e: file:///Users/jim/work/v2superbikeshed/Trikeshed/src/commonMain/kotlin/borg/trikeshed/cursor/Cursor.kt:73:68 Not enough information to infer type argument for 'C'.
e: file:///Users/jim/work/v2superbikeshed/Trikeshed/src/commonMain/kotlin/borg/trikeshed/cursor/Cursor.kt:73:70 Cannot infer type for this parameter. Specify it explicitly.
e: file:///Users/jim/work/v2superbikeshed/Trikeshed/src/commonMain/kotlin/borg/trikeshed/cursor/Cursor.kt:73:75 Unresolved reference 'a'.
e: file:///Users/jim/work/v2superbikeshed/Trikeshed/src/commonMain/kotlin/borg/trikeshed/cursor/Cursor.kt:89:29 Argument type mismatch: actual type is 'Join<Int, Function1<Int, RowVec>>', but 'Join<Int, Function1<Int, Join<Any?, Function0<ColumnMeta>>>>' was expected.
e: file:///Users/jim/work/v2superbikeshed/Trikeshed/src/commonMain/kotlin/borg/trikeshed/cursor/Cursor.kt:103:17 Overload resolution ambiguity between candidates:
fun <X, C, V : Join<Int, Function1<Int, X>>> V.α(crossinline xform: (X) -> C): Join<Int, Function1<Int, C>>
fun <X, C, V : Join<Int, Function1<Int, X>>> V.α(crossinline xform: (X) -> C): Join<Int, Function1<Int, C>>
e: file:///Users/jim/work/v2superbikeshed/Trikeshed/src/commonMain/kotlin/borg/trikeshed/cursor/Cursor.kt:103:21 Cannot infer type for this parameter. Specify it explicitly.
e: file:///Users/jim/work/v2superbikeshed/Trikeshed/src/commonMain/kotlin/borg/trikeshed/cursor/Cursor.kt:104:25 Cannot infer type for this parameter. Specify it explicitly.
e: file:///Users/jim/work/v2superbikeshed/Trikeshed/src/commonMain/kotlin/borg/trikeshed/cursor/Cursor.kt:104:25 Not enough information to infer type argument for 'B'.
e: file:///Users/jim/work/v2superbikeshed/Trikeshed/src/commonMain/kotlin/borg/trikeshed/cursor/Cursor.kt:104:29 Cannot infer type for this parameter. Specify it explicitly.
e: file:///Users/jim/work/v2superbikeshed/Trikeshed/src/commonMain/kotlin/borg/trikeshed/cursor/Cursor.kt:106:36 Cannot infer type for this parameter. Specify it explicitly.
e: file:///Users/jim/work/v2superbikeshed/Trikeshed/src/commonMain/kotlin/borg/trikeshed/cursor/Cursor.kt:106:36 Not enough information to infer type argument for 'T'.
e: file:///Users/jim/work/v2superbikeshed/Trikeshed/src/commonMain/kotlin/borg/trikeshed/cursor/Cursor.kt:128:21 None of the following candidates is applicable:
fun Join<Int, Function1<Int, RowVec>>.get(rowRange: IntRange): Join<Int, Function1<Int, RowVec>>
fun Join<Int, Function1<Int, RowVec>>.get(vararg colIndices: Int): Join<Int, Function1<Int, RowVec>>
e: file:///Users/jim/work/v2superbikeshed/Trikeshed/src/commonMain/kotlin/borg/trikeshed/cursor/Cursor.kt:129:35 Cannot infer type for this parameter. Specify it explicitly.
e: file:///Users/jim/work/v2superbikeshed/Trikeshed/src/commonMain/kotlin/borg/trikeshed/cursor/Cursor.kt:129:35 Not enough information to infer type argument for 'B'.
e: file:///Users/jim/work/v2superbikeshed/Trikeshed/src/commonMain/kotlin/borg/trikeshed/cursor/Cursor.kt:129:39 Cannot infer type for this parameter. Specify it explicitly.
e: file:///Users/jim/work/v2superbikeshed/Trikeshed/src/commonMain/kotlin/borg/trikeshed/cursor/Cursor.kt:129:44 None of the following candidates is applicable:
fun Join<Int, Function1<Int, RowVec>>.get(rowRange: IntRange): Join<Int, Function1<Int, RowVec>>
fun Join<Int, Function1<Int, RowVec>>.get(vararg colIndices: Int): Join<Int, Function1<Int, RowVec>>
fun Join<Cursor, Indexed<ColumnMeta>>.get(vararg columnNames: String): Join<Cursor, Indexed<ColumnMeta>>
e: file:///Users/jim/work/v2superbikeshed/Trikeshed/src/commonMain/kotlin/borg/trikeshed/cursor/Cursor.kt:131:22 Cannot infer type for this parameter. Specify it explicitly.
e: file:///Users/jim/work/v2superbikeshed/Trikeshed/src/commonMain/kotlin/borg/trikeshed/cursor/Cursor.kt:131:22 Unresolved reference. None of the following candidates is applicable because of a receiver type mismatch:
fun <A, B> A.j(b: B): Join<A, B>
e: file:///Users/jim/work/v2superbikeshed/Trikeshed/src/commonMain/kotlin/borg/trikeshed/cursor/Cursor.kt:156:28 Prohibited vararg parameter type 'ColumnExclusion'.
e: file:///Users/jim/work/v2superbikeshed/Trikeshed/src/commonMain/kotlin/borg/trikeshed/cursor/Cursor.kt:165:21 None of the following candidates is applicable:
fun Join<Int, Function1<Int, RowVec>>.get(rowRange: IntRange): Join<Int, Function1<Int, RowVec>>
fun Join<Int, Function1<Int, RowVec>>.get(vararg colIndices: Int): Join<Int, Function1<Int, RowVec>>
e: file:///Users/jim/work/v2superbikeshed/Trikeshed/src/commonMain/kotlin/borg/trikeshed/cursor/Cursor.kt:166:40 Cannot infer type for this parameter. Specify it explicitly.
e: file:///Users/jim/work/v2superbikeshed/Trikeshed/src/commonMain/kotlin/borg/trikeshed/cursor/Cursor.kt:166:40 Not enough information to infer type argument for 'B'.
e: file:///Users/jim/work/v2superbikeshed/Trikeshed/src/commonMain/kotlin/borg/trikeshed/cursor/Cursor.kt:166:44 Cannot infer type for this parameter. Specify it explicitly.
e: file:///Users/jim/work/v2superbikeshed/Trikeshed/src/commonMain/kotlin/borg/trikeshed/cursor/Cursor.kt:166:49 None of the following candidates is applicable:
fun Join<Int, Function1<Int, RowVec>>.get(rowRange: IntRange): Join<Int, Function1<Int, RowVec>>
fun Join<Int, Function1<Int, RowVec>>.get(vararg colIndices: Int): Join<Int, Function1<Int, RowVec>>
fun Join<Cursor, Indexed<ColumnMeta>>.get(vararg columnNames: String): Join<Cursor, Indexed<ColumnMeta>>
e: file:///Users/jim/work/v2superbikeshed/Trikeshed/src/commonMain/kotlin/borg/trikeshed/cursor/Cursor.kt:168:22 Cannot infer type for this parameter. Specify it explicitly.
e: file:///Users/jim/work/v2superbikeshed/Trikeshed/src/commonMain/kotlin/borg/trikeshed/cursor/Cursor.kt:168:22 Unresolved reference. None of the following candidates is applicable because of a receiver type mismatch:
fun <A, B> A.j(b: B): Join<A, B>
e: file:///Users/jim/work/v2superbikeshed/Trikeshed/src/commonMain/kotlin/borg/trikeshed/cursor/Cursor.kt:178:1 Conflicting overloads:
fun Join<Int, Function1<Int, RowVec>>.head(last: Int = ...): Unit
e: file:///Users/jim/work/v2superbikeshed/Trikeshed/src/commonMain/kotlin/borg/trikeshed/cursor/Cursor.kt:195:1 Conflicting overloads:
fun Join<Int, Function1<Int, RowVec>>.head(count: Int = ...): Unit
e: file:///Users/jim/work/v2superbikeshed/Trikeshed/src/commonMain/kotlin/borg/trikeshed/cursor/Cursor.kt:195:40 Unresolved reference. None of the following candidates is applicable because of a receiver type mismatch:
fun Join<Cursor, Indexed<ColumnMeta>>.show(range: IntRange = ...): Unit
e: file:///Users/jim/work/v2superbikeshed/Trikeshed/src/commonMain/kotlin/borg/trikeshed/cursor/Cursor.kt:199:5 Overload resolution ambiguity between candidates:
fun Join<Int, Function1<Int, RowVec>>.head(count: Int = ...): Unit
fun Join<Int, Function1<Int, RowVec>>.head(last: Int = ...): Unit
e: file:///Users/jim/work/v2superbikeshed/Trikeshed/src/commonMain/kotlin/borg/trikeshed/cursor/Cursor.kt:200:23 Unresolved reference. None of the following candidates is applicable because of a receiver type mismatch:
fun Join<Cursor, Indexed<ColumnMeta>>.showValues(range: IntRange): Unit
e: file:///Users/jim/work/v2superbikeshed/Trikeshed/src/commonMain/kotlin/borg/trikeshed/cursor/Cursor.kt:236:27 Unresolved reference 'IoByte'.
e: file:///Users/jim/work/v2superbikeshed/Trikeshed/src/commonMain/kotlin/borg/trikeshed/cursor/Cursor.kt:236:45 Unresolved reference 'IoShort'.
e: file:///Users/jim/work/v2superbikeshed/Trikeshed/src/commonMain/kotlin/borg/trikeshed/cursor/Cursor.kt:236:64 Unresolved reference 'IoInt'.
e: file:///Users/jim/work/v2superbikeshed/Trikeshed/src/commonMain/kotlin/borg/trikeshed/cursor/Cursor.kt:237:27 Unresolved reference 'IoFloat'.
e: file:///Users/jim/work/v2superbikeshed/Trikeshed/src/commonMain/kotlin/borg/trikeshed/cursor/Cursor.kt:237:46 Unresolved reference 'IoDouble'.
e: file:///Users/jim/work/v2superbikeshed/Trikeshed/src/commonMain/kotlin/borg/trikeshed/cursor/Cursor.kt:237:66 Unresolved reference 'IoLong'.
e: file:///Users/jim/work/v2superbikeshed/Trikeshed/src/commonMain/kotlin/borg/trikeshed/cursor/Cursor.kt:247:25 None of the following candidates is applicable:
fun Join<Int, Function1<Int, RowVec>>.get(rowRange: IntRange): Join<Int, Function1<Int, RowVec>>
fun Join<Int, Function1<Int, RowVec>>.get(vararg colIndices: Int): Join<Int, Function1<Int, RowVec>>
fun Join<Cursor, Indexed<ColumnMeta>>.get(vararg columnNames: String): Join<Cursor, Indexed<ColumnMeta>>
e: file:///Users/jim/work/v2superbikeshed/Trikeshed/src/commonMain/kotlin/borg/trikeshed/cursor/Cursor.kt:247:33 Unresolved reference 'type'.
e: file:///Users/jim/work/v2superbikeshed/Trikeshed/src/commonMain/kotlin/borg/trikeshed/cursor/Cursor.kt:261:103 Unresolved reference 'KClass'.
e: file:///Users/jim/work/v2superbikeshed/Trikeshed/src/commonMain/kotlin/borg/trikeshed/cursor/Cursor.kt:262:8 Unresolved reference 'KClass'.
e: file:///Users/jim/work/v2superbikeshed/Trikeshed/src/commonMain/kotlin/borg/trikeshed/cursor/Cursor.kt:263:32 Overload resolution ambiguity between candidates:
fun <X, C, V : Join<Int, Function1<Int, X>>> V.α(crossinline xform: (X) -> C): Join<Int, Function1<Int, C>>
fun <X, C, V : Join<Int, Function1<Int, X>>> V.α(crossinline xform: (X) -> C): Join<Int, Function1<Int, C>>
e: file:///Users/jim/work/v2superbikeshed/Trikeshed/src/commonMain/kotlin/borg/trikeshed/cursor/Cursor.kt:263:36 Unresolved reference 'it'.
e: file:///Users/jim/work/v2superbikeshed/Trikeshed/src/commonMain/kotlin/borg/trikeshed/cursor/Cursor.kt:263:57 Cannot infer type for this parameter. Specify it explicitly.
e: file:///Users/jim/work/v2superbikeshed/Trikeshed/src/commonMain/kotlin/borg/trikeshed/cursor/Cursor.kt:263:57 Not enough information to infer type argument for 'X'.
e: file:///Users/jim/work/v2superbikeshed/Trikeshed/src/commonMain/kotlin/borg/trikeshed/cursor/Cursor.kt:263:57 Not enough information to infer type argument for 'C'.
e: file:///Users/jim/work/v2superbikeshed/Trikeshed/src/commonMain/kotlin/borg/trikeshed/cursor/Cursor.kt:263:59 Cannot infer type for this parameter. Specify it explicitly.
e: file:///Users/jim/work/v2superbikeshed/Trikeshed/src/commonMain/kotlin/borg/trikeshed/cursor/Cursor.kt:263:79 Unresolved reference 'it'.
e: file:///Users/jim/work/v2superbikeshed/Trikeshed/src/commonMain/kotlin/borg/trikeshed/cursor/Cursor.kt:263:82 Cannot infer type for this parameter. Specify it explicitly.
e: file:///Users/jim/work/v2superbikeshed/Trikeshed/src/commonMain/kotlin/borg/trikeshed/cursor/Cursor.kt:263:84 Cannot infer type for this parameter. Specify it explicitly.
e: file:///Users/jim/work/v2superbikeshed/Trikeshed/src/commonMain/kotlin/borg/trikeshed/dht/gossip/GossipService.kt:138:30 Cannot infer type for this parameter. Specify it explicitly.
e: file:///Users/jim/work/v2superbikeshed/Trikeshed/src/commonMain/kotlin/borg/trikeshed/dht/gossip/GossipService.kt:138:30 Unresolved reference. None of the following candidates is applicable because of a receiver type mismatch:
fun <T> Join<Int, Function1<Int, Join<Any?, TypeMemento>>>.get(column: Column<T>): T?
e: file:///Users/jim/work/v2superbikeshed/Trikeshed/src/commonMain/kotlin/borg/trikeshed/dht/gossip/GossipService.kt:149:30 Cannot infer type for this parameter. Specify it explicitly.
e: file:///Users/jim/work/v2superbikeshed/Trikeshed/src/commonMain/kotlin/borg/trikeshed/dht/gossip/GossipService.kt:149:30 Unresolved reference. None of the following candidates is applicable because of a receiver type mismatch:
fun <T> Join<Int, Function1<Int, Join<Any?, TypeMemento>>>.get(column: Column<T>): T?
e: file:///Users/jim/work/v2superbikeshed/Trikeshed/src/commonMain/kotlin/borg/trikeshed/dht/integration/DHTQuicIntegration.kt:44:27 Unresolved reference 'ReactorNetwork'.
e: file:///Users/jim/work/v2superbikeshed/Trikeshed/src/commonMain/kotlin/borg/trikeshed/dht/integration/DHTQuicIntegration.kt:45:45 No type arguments expected for class Reactor : Any.
e: file:///Users/jim/work/v2superbikeshed/Trikeshed/src/commonMain/kotlin/borg/trikeshed/dht/integration/DHTQuicIntegration.kt:56:70 Argument type mismatch: actual type is 'Join<Int, Function1<Int, Join<Any?, TypeMemento>>>', but 'Join<Int, Function1<Int, Byte>>' was expected.
e: file:///Users/jim/work/v2superbikeshed/Trikeshed/src/commonMain/kotlin/borg/trikeshed/dht/integration/DHTQuicIntegration.kt:56:70 Cannot infer type for this parameter. Specify it explicitly.
e: file:///Users/jim/work/v2superbikeshed/Trikeshed/src/commonMain/kotlin/borg/trikeshed/dht/integration/DHTQuicIntegration.kt:56:70 Unresolved reference. None of the following candidates is applicable because of a receiver type mismatch:
fun <T> Join<Int, Function1<Int, Join<Any?, TypeMemento>>>.get(column: Column<T>): T?
e: file:///Users/jim/work/v2superbikeshed/Trikeshed/src/commonMain/kotlin/borg/trikeshed/dht/integration/DHTQuicIntegration.kt:84:33 No type arguments expected for constructor(dispatcher: CoroutineDispatcher = ..., numSelectorThreads: Int = ...): Reactor.
e: file:///Users/jim/work/v2superbikeshed/Trikeshed/src/commonMain/kotlin/borg/trikeshed/dht/integration/DHTQuicIntegration.kt:84:49 Argument type mismatch: actual type is 'String', but 'CoroutineDispatcher' was expected.
e: file:///Users/jim/work/v2superbikeshed/Trikeshed/src/commonMain/kotlin/borg/trikeshed/dht/integration/DHTQuicIntegration.kt:85:24 Unresolved reference 'on'.
e: file:///Users/jim/work/v2superbikeshed/Trikeshed/src/commonMain/kotlin/borg/trikeshed/dht/integration/DHTQuicIntegration.kt:85:48 Cannot infer type for this parameter. Specify it explicitly.
e: file:///Users/jim/work/v2superbikeshed/Trikeshed/src/commonMain/kotlin/borg/trikeshed/dht/integration/DHTQuicIntegration.kt:86:17 Suspension functions can only be called within coroutine body.
e: file:///Users/jim/work/v2superbikeshed/Trikeshed/src/commonMain/kotlin/borg/trikeshed/dht/integration/DHTQuicIntegration.kt:86:38 Unresolved reference 'data'.
e: file:///Users/jim/work/v2superbikeshed/Trikeshed/src/commonMain/kotlin/borg/trikeshed/dht/integration/DHTQuicIntegration.kt:108:24 Cannot infer type for this parameter. Specify it explicitly.
e: file:///Users/jim/work/v2superbikeshed/Trikeshed/src/commonMain/kotlin/borg/trikeshed/dht/integration/DHTQuicIntegration.kt:108:24 Unresolved reference. None of the following candidates is applicable because of a receiver type mismatch:
fun <T> Join<Int, Function1<Int, Join<Any?, TypeMemento>>>.get(column: Column<T>): T?
e: file:///Users/jim/work/v2superbikeshed/Trikeshed/src/commonMain/kotlin/borg/trikeshed/dht/integration/DHTQuicIntegration.kt:109:22 Unresolved reference 'nodeId'.
e: file:///Users/jim/work/v2superbikeshed/Trikeshed/src/commonMain/kotlin/borg/trikeshed/dht/integration/DHTQuicIntegration.kt:111:35 Unresolved reference 'nodeId'.
e: file:///Users/jim/work/v2superbikeshed/Trikeshed/src/commonMain/kotlin/borg/trikeshed/dht/integration/DHTQuicIntegration.kt:162:24 Unresolved reference 'emit'.
e: file:///Users/jim/work/v2superbikeshed/Trikeshed/src/commonMain/kotlin/borg/trikeshed/dht/integration/DHTQuicIntegration.kt:239:24 Cannot infer type for this parameter. Specify it explicitly.
e: file:///Users/jim/work/v2superbikeshed/Trikeshed/src/commonMain/kotlin/borg/trikeshed/dht/integration/DHTQuicIntegration.kt:239:24 Unresolved reference. None of the following candidates is applicable because of a receiver type mismatch:
fun <T> Join<Int, Function1<Int, Join<Any?, TypeMemento>>>.get(column: Column<T>): T?
e: file:///Users/jim/work/v2superbikeshed/Trikeshed/src/commonMain/kotlin/borg/trikeshed/dht/integration/DHTQuicIntegration.kt:250:38 Unresolved reference 'nodeId'.
e: file:///Users/jim/work/v2superbikeshed/Trikeshed/src/commonMain/kotlin/borg/trikeshed/dht/integration/DHTQuicIntegration.kt:268:24 Cannot infer type for this parameter. Specify it explicitly.
e: file:///Users/jim/work/v2superbikeshed/Trikeshed/src/commonMain/kotlin/borg/trikeshed/dht/integration/DHTQuicIntegration.kt:268:24 Unresolved reference. None of the following candidates is applicable because of a receiver type mismatch:
fun <T> Join<Int, Function1<Int, Join<Any?, TypeMemento>>>.get(column: Column<T>): T?
e: file:///Users/jim/work/v2superbikeshed/Trikeshed/src/commonMain/kotlin/borg/trikeshed/dht/integration/DHTQuicIntegration.kt:278:34 Unresolved reference 'nodeId'.
e: file:///Users/jim/work/v2superbikeshed/Trikeshed/src/commonMain/kotlin/borg/trikeshed/dht/integration/DHTQuicIntegration.kt:344:24 Cannot infer type for this parameter. Specify it explicitly.
e: file:///Users/jim/work/v2superbikeshed/Trikeshed/src/commonMain/kotlin/borg/trikeshed/dht/integration/DHTQuicIntegration.kt:344:24 Unresolved reference. None of the following candidates is applicable because of a receiver type mismatch:
fun <T> Join<Int, Function1<Int, Join<Any?, TypeMemento>>>.get(column: Column<T>): T?
e: file:///Users/jim/work/v2superbikeshed/Trikeshed/src/commonMain/kotlin/borg/trikeshed/dht/integration/DHTQuicIntegration.kt:471:67 Argument type mismatch: actual type is 'Byte?', but 'Byte' was expected.
e: file:///Users/jim/work/v2superbikeshed/Trikeshed/src/commonMain/kotlin/borg/trikeshed/dht/integration/DHTQuicIntegration.kt:471:67 Unresolved reference. None of the following candidates is applicable because of a receiver type mismatch:
fun <T> Join<Int, Function1<Int, Join<Any?, TypeMemento>>>.get(column: Column<T>): T?
e: file:///Users/jim/work/v2superbikeshed/Trikeshed/src/commonMain/kotlin/borg/trikeshed/dht/kademlia/codec/KademliaCodec.kt:55:70 Argument type mismatch: actual type is 'Byte?', but 'Byte' was expected.
e: file:///Users/jim/work/v2superbikeshed/Trikeshed/src/commonMain/kotlin/borg/trikeshed/dht/kademlia/codec/KademliaCodec.kt:55:70 Unresolved reference. None of the following candidates is applicable because of a receiver type mismatch:
fun <T> Join<Int, Function1<Int, Join<Any?, TypeMemento>>>.get(column: Column<T>): T?
e: file:///Users/jim/work/v2superbikeshed/Trikeshed/src/commonMain/kotlin/borg/trikeshed/dht/kademlia/codec/KademliaCodec.kt:56:76 Argument type mismatch: actual type is 'Byte?', but 'Byte' was expected.
e: file:///Users/jim/work/v2superbikeshed/Trikeshed/src/commonMain/kotlin/borg/trikeshed/dht/kademlia/codec/KademliaCodec.kt:56:76 Unresolved reference. None of the following candidates is applicable because of a receiver type mismatch:
fun <T> Join<Int, Function1<Int, Join<Any?, TypeMemento>>>.get(column: Column<T>): T?
e: file:///Users/jim/work/v2superbikeshed/Trikeshed/src/commonMain/kotlin/borg/trikeshed/dht/kademlia/codec/KademliaCodec.kt:61:84 Argument type mismatch: actual type is 'Byte?', but 'Byte' was expected.
e: file:///Users/jim/work/v2superbikeshed/Trikeshed/src/commonMain/kotlin/borg/trikeshed/dht/kademlia/codec/KademliaCodec.kt:61:84 Unresolved reference. None of the following candidates is applicable because of a receiver type mismatch:
fun <T> Join<Int, Function1<Int, Join<Any?, TypeMemento>>>.get(column: Column<T>): T?
e: file:///Users/jim/work/v2superbikeshed/Trikeshed/src/commonMain/kotlin/borg/trikeshed/dht/kademlia/codec/KademliaCodec.kt:65:102 Argument type mismatch: actual type is 'Byte?', but 'Byte' was expected.
e: file:///Users/jim/work/v2superbikeshed/Trikeshed/src/commonMain/kotlin/borg/trikeshed/dht/kademlia/codec/KademliaCodec.kt:65:102 Unresolved reference. None of the following candidates is applicable because of a receiver type mismatch:
fun <T> Join<Int, Function1<Int, Join<Any?, TypeMemento>>>.get(column: Column<T>): T?
e: file:///Users/jim/work/v2superbikeshed/Trikeshed/src/commonMain/kotlin/borg/trikeshed/dht/kademlia/codec/KademliaCodec.kt:66:96 Argument type mismatch: actual type is 'Byte?', but 'Byte' was expected.
e: file:///Users/jim/work/v2superbikeshed/Trikeshed/src/commonMain/kotlin/borg/trikeshed/dht/kademlia/codec/KademliaCodec.kt:66:96 Unresolved reference. None of the following candidates is applicable because of a receiver type mismatch:
fun <T> Join<Int, Function1<Int, Join<Any?, TypeMemento>>>.get(column: Column<T>): T?
e: file:///Users/jim/work/v2superbikeshed/Trikeshed/src/commonMain/kotlin/borg/trikeshed/dht/kademlia/codec/KademliaCodec.kt:71:84 Argument type mismatch: actual type is 'Byte?', but 'Byte' was expected.
e: file:///Users/jim/work/v2superbikeshed/Trikeshed/src/commonMain/kotlin/borg/trikeshed/dht/kademlia/codec/KademliaCodec.kt:71:84 Unresolved reference. None of the following candidates is applicable because of a receiver type mismatch:
fun <T> Join<Int, Function1<Int, Join<Any?, TypeMemento>>>.get(column: Column<T>): T?
e: file:///Users/jim/work/v2superbikeshed/Trikeshed/src/commonMain/kotlin/borg/trikeshed/dht/kademlia/codec/KademliaCodec.kt:76:102 Argument type mismatch: actual type is 'Byte?', but 'Byte' was expected.
e: file:///Users/jim/work/v2superbikeshed/Trikeshed/src/commonMain/kotlin/borg/trikeshed/dht/kademlia/codec/KademliaCodec.kt:76:102 Unresolved reference. None of the following candidates is applicable because of a receiver type mismatch:
fun <T> Join<Int, Function1<Int, Join<Any?, TypeMemento>>>.get(column: Column<T>): T?
e: file:///Users/jim/work/v2superbikeshed/Trikeshed/src/commonMain/kotlin/borg/trikeshed/dht/kademlia/codec/KademliaCodec.kt:77:84 Argument type mismatch: actual type is 'Byte?', but 'Byte' was expected.
e: file:///Users/jim/work/v2superbikeshed/Trikeshed/src/commonMain/kotlin/borg/trikeshed/dht/kademlia/codec/KademliaCodec.kt:77:84 Unresolved reference. None of the following candidates is applicable because of a receiver type mismatch:
fun <T> Join<Int, Function1<Int, Join<Any?, TypeMemento>>>.get(column: Column<T>): T?
e: file:///Users/jim/work/v2superbikeshed/Trikeshed/src/commonMain/kotlin/borg/trikeshed/dht/kademlia/codec/KademliaCodec.kt:80:76 Argument type mismatch: actual type is 'Byte?', but 'Byte' was expected.
e: file:///Users/jim/work/v2superbikeshed/Trikeshed/src/commonMain/kotlin/borg/trikeshed/dht/kademlia/codec/KademliaCodec.kt:80:76 Unresolved reference. None of the following candidates is applicable because of a receiver type mismatch:
fun <T> Join<Int, Function1<Int, Join<Any?, TypeMemento>>>.get(column: Column<T>): T?
e: file:///Users/jim/work/v2superbikeshed/Trikeshed/src/commonMain/kotlin/borg/trikeshed/dht/kademlia/codec/KademliaCodec.kt:84:79 Argument type mismatch: actual type is 'Byte?', but 'Byte' was expected.
e: file:///Users/jim/work/v2superbikeshed/Trikeshed/src/commonMain/kotlin/borg/trikeshed/dht/kademlia/codec/KademliaCodec.kt:84:79 Unresolved reference. None of the following candidates is applicable because of a receiver type mismatch:
fun <T> Join<Int, Function1<Int, Join<Any?, TypeMemento>>>.get(column: Column<T>): T?
e: file:///Users/jim/work/v2superbikeshed/Trikeshed/src/commonMain/kotlin/borg/trikeshed/dht/kademlia/codec/KademliaCodec.kt:91:63 Argument type mismatch: actual type is 'Byte?', but 'Byte' was expected.
e: file:///Users/jim/work/v2superbikeshed/Trikeshed/src/commonMain/kotlin/borg/trikeshed/dht/kademlia/codec/KademliaCodec.kt:91:63 Unresolved reference. None of the following candidates is applicable because of a receiver type mismatch:
fun <T> Join<Int, Function1<Int, Join<Any?, TypeMemento>>>.get(column: Column<T>): T?
e: file:///Users/jim/work/v2superbikeshed/Trikeshed/src/commonMain/kotlin/borg/trikeshed/dht/kademlia/codec/KademliaCodec.kt:92:67 Argument type mismatch: actual type is 'Byte?', but 'Byte' was expected.
e: file:///Users/jim/work/v2superbikeshed/Trikeshed/src/commonMain/kotlin/borg/trikeshed/dht/kademlia/codec/KademliaCodec.kt:92:67 Unresolved reference. None of the following candidates is applicable because of a receiver type mismatch:
fun <T> Join<Int, Function1<Int, Join<Any?, TypeMemento>>>.get(column: Column<T>): T?
e: file:///Users/jim/work/v2superbikeshed/Trikeshed/src/commonMain/kotlin/borg/trikeshed/dht/kademlia/codec/KademliaCodec.kt:97:102 Argument type mismatch: actual type is 'Byte?', but 'Byte' was expected.
e: file:///Users/jim/work/v2superbikeshed/Trikeshed/src/commonMain/kotlin/borg/trikeshed/dht/kademlia/codec/KademliaCodec.kt:97:102 Unresolved reference. None of the following candidates is applicable because of a receiver type mismatch:
fun <T> Join<Int, Function1<Int, Join<Any?, TypeMemento>>>.get(column: Column<T>): T?
e: file:///Users/jim/work/v2superbikeshed/Trikeshed/src/commonMain/kotlin/borg/trikeshed/dht/kademlia/codec/KademliaCodec.kt:98:63 Argument type mismatch: actual type is 'Byte?', but 'Byte' was expected.
e: file:///Users/jim/work/v2superbikeshed/Trikeshed/src/commonMain/kotlin/borg/trikeshed/dht/kademlia/codec/KademliaCodec.kt:98:63 Unresolved reference. None of the following candidates is applicable because of a receiver type mismatch:
fun <T> Join<Int, Function1<Int, Join<Any?, TypeMemento>>>.get(column: Column<T>): T?
e: file:///Users/jim/work/v2superbikeshed/Trikeshed/src/commonMain/kotlin/borg/trikeshed/dht/kademlia/codec/KademliaCodec.kt:103:63 Argument type mismatch: actual type is 'Byte?', but 'Byte' was expected.
e: file:///Users/jim/work/v2superbikeshed/Trikeshed/src/commonMain/kotlin/borg/trikeshed/dht/kademlia/codec/KademliaCodec.kt:103:63 Unresolved reference. None of the following candidates is applicable because of a receiver type mismatch:
fun <T> Join<Int, Function1<Int, Join<Any?, TypeMemento>>>.get(column: Column<T>): T?
e: file:///Users/jim/work/v2superbikeshed/Trikeshed/src/commonMain/kotlin/borg/trikeshed/dht/kademlia/codec/KademliaCodec.kt:107:102 Argument type mismatch: actual type is 'Byte?', but 'Byte' was expected.
e: file:///Users/jim/work/v2superbikeshed/Trikeshed/src/commonMain/kotlin/borg/trikeshed/dht/kademlia/codec/KademliaCodec.kt:107:102 Unresolved reference. None of the following candidates is applicable because of a receiver type mismatch:
fun <T> Join<Int, Function1<Int, Join<Any?, TypeMemento>>>.get(column: Column<T>): T?
e: file:///Users/jim/work/v2superbikeshed/Trikeshed/src/commonMain/kotlin/borg/trikeshed/dht/kademlia/codec/KademliaCodec.kt:108:63 Argument type mismatch: actual type is 'Byte?', but 'Byte' was expected.
e: file:///Users/jim/work/v2superbikeshed/Trikeshed/src/commonMain/kotlin/borg/trikeshed/dht/kademlia/codec/KademliaCodec.kt:108:63 Unresolved reference. None of the following candidates is applicable because of a receiver type mismatch:
fun <T> Join<Int, Function1<Int, Join<Any?, TypeMemento>>>.get(column: Column<T>): T?
e: file:///Users/jim/work/v2superbikeshed/Trikeshed/src/commonMain/kotlin/borg/trikeshed/dht/kademlia/codec/KademliaCodec.kt:109:67 Argument type mismatch: actual type is 'Byte?', but 'Byte' was expected.
e: file:///Users/jim/work/v2superbikeshed/Trikeshed/src/commonMain/kotlin/borg/trikeshed/dht/kademlia/codec/KademliaCodec.kt:109:67 Unresolved reference. None of the following candidates is applicable because of a receiver type mismatch:
fun <T> Join<Int, Function1<Int, Join<Any?, TypeMemento>>>.get(column: Column<T>): T?
e: file:///Users/jim/work/v2superbikeshed/Trikeshed/src/commonMain/kotlin/borg/trikeshed/dht/kademlia/codec/KademliaCodec.kt:112:76 Argument type mismatch: actual type is 'Byte?', but 'Byte' was expected.
e: file:///Users/jim/work/v2superbikeshed/Trikeshed/src/commonMain/kotlin/borg/trikeshed/dht/kademlia/codec/KademliaCodec.kt:112:76 Unresolved reference. None of the following candidates is applicable because of a receiver type mismatch:
fun <T> Join<Int, Function1<Int, Join<Any?, TypeMemento>>>.get(column: Column<T>): T?
e: file:///Users/jim/work/v2superbikeshed/Trikeshed/src/commonMain/kotlin/borg/trikeshed/dht/kademlia/codec/KademliaCodec.kt:116:79 Argument type mismatch: actual type is 'Byte?', but 'Byte' was expected.
e: file:///Users/jim/work/v2superbikeshed/Trikeshed/src/commonMain/kotlin/borg/trikeshed/dht/kademlia/codec/KademliaCodec.kt:116:79 Unresolved reference. None of the following candidates is applicable because of a receiver type mismatch:
fun <T> Join<Int, Function1<Int, Join<Any?, TypeMemento>>>.get(column: Column<T>): T?
e: file:///Users/jim/work/v2superbikeshed/Trikeshed/src/commonMain/kotlin/borg/trikeshed/dht/kademlia/codec/KademliaCodec.kt:123:88 Argument type mismatch: actual type is 'Byte?', but 'Byte' was expected.
e: file:///Users/jim/work/v2superbikeshed/Trikeshed/src/commonMain/kotlin/borg/trikeshed/dht/kademlia/codec/KademliaCodec.kt:123:88 Unresolved reference. None of the following candidates is applicable because of a receiver type mismatch:
fun <T> Join<Int, Function1<Int, Join<Any?, TypeMemento>>>.get(column: Column<T>): T?
e: file:///Users/jim/work/v2superbikeshed/Trikeshed/src/commonMain/kotlin/borg/trikeshed/dht/kademlia/codec/KademliaCodec.kt:124:75 Argument type mismatch: actual type is 'Byte?', but 'Byte' was expected.
e: file:///Users/jim/work/v2superbikeshed/Trikeshed/src/commonMain/kotlin/borg/trikeshed/dht/kademlia/codec/KademliaCodec.kt:124:75 Unresolved reference. None of the following candidates is applicable because of a receiver type mismatch:
fun <T> Join<Int, Function1<Int, Join<Any?, TypeMemento>>>.get(column: Column<T>): T?
e: file:///Users/jim/work/v2superbikeshed/Trikeshed/src/commonMain/kotlin/borg/trikeshed/dht/kademlia/codec/KademliaCodec.kt:125:94 Argument type mismatch: actual type is 'Byte?', but 'Byte' was expected.
e: file:///Users/jim/work/v2superbikeshed/Trikeshed/src/commonMain/kotlin/borg/trikeshed/dht/kademlia/codec/KademliaCodec.kt:125:94 Unresolved reference. None of the following candidates is applicable because of a receiver type mismatch:
fun <T> Join<Int, Function1<Int, Join<Any?, TypeMemento>>>.get(column: Column<T>): T?
e: file:///Users/jim/work/v2superbikeshed/Trikeshed/src/commonMain/kotlin/borg/trikeshed/dht/kademlia/codec/KademliaCodec.kt:128:102 Argument type mismatch: actual type is 'Byte?', but 'Byte' was expected.
e: file:///Users/jim/work/v2superbikeshed/Trikeshed/src/commonMain/kotlin/borg/trikeshed/dht/kademlia/codec/KademliaCodec.kt:128:102 Unresolved reference. None of the following candidates is applicable because of a receiver type mismatch:
fun <T> Join<Int, Function1<Int, Join<Any?, TypeMemento>>>.get(column: Column<T>): T?
e: file:///Users/jim/work/v2superbikeshed/Trikeshed/src/commonMain/kotlin/borg/trikeshed/dht/kademlia/codec/KademliaCodec.kt:133:76 Argument type mismatch: actual type is 'Byte?', but 'Byte' was expected.
e: file:///Users/jim/work/v2superbikeshed/Trikeshed/src/commonMain/kotlin/borg/trikeshed/dht/kademlia/codec/KademliaCodec.kt:133:76 Unresolved reference. None of the following candidates is applicable because of a receiver type mismatch:
fun <T> Join<Int, Function1<Int, Join<Any?, TypeMemento>>>.get(column: Column<T>): T?
e: file:///Users/jim/work/v2superbikeshed/Trikeshed/src/commonMain/kotlin/borg/trikeshed/dht/kademlia/codec/KademliaCodec.kt:137:79 Argument type mismatch: actual type is 'Byte?', but 'Byte' was expected.
e: file:///Users/jim/work/v2superbikeshed/Trikeshed/src/commonMain/kotlin/borg/trikeshed/dht/kademlia/codec/KademliaCodec.kt:137:79 Unresolved reference. None of the following candidates is applicable because of a receiver type mismatch:
fun <T> Join<Int, Function1<Int, Join<Any?, TypeMemento>>>.get(column: Column<T>): T?
e: file:///Users/jim/work/v2superbikeshed/Trikeshed/src/commonMain/kotlin/borg/trikeshed/dht/kademlia/codec/KademliaCodec.kt:245:31 Cannot infer type for this parameter. Specify it explicitly.
e: file:///Users/jim/work/v2superbikeshed/Trikeshed/src/commonMain/kotlin/borg/trikeshed/dht/kademlia/codec/KademliaCodec.kt:245:31 Unresolved reference. None of the following candidates is applicable because of a receiver type mismatch:
fun <T> Join<Int, Function1<Int, Join<Any?, TypeMemento>>>.get(column: Column<T>): T?
e: file:///Users/jim/work/v2superbikeshed/Trikeshed/src/commonMain/kotlin/borg/trikeshed/dht/kademlia/codec/KademliaCodec.kt:247:64 Argument type mismatch: actual type is 'Byte?', but 'Byte' was expected.
e: file:///Users/jim/work/v2superbikeshed/Trikeshed/src/commonMain/kotlin/borg/trikeshed/dht/kademlia/codec/KademliaCodec.kt:247:64 Unresolved reference. None of the following candidates is applicable because of a receiver type mismatch:
fun <T> Join<Int, Function1<Int, Join<Any?, TypeMemento>>>.get(column: Column<T>): T?
e: file:///Users/jim/work/v2superbikeshed/Trikeshed/src/commonMain/kotlin/borg/trikeshed/dht/kademlia/codec/KademliaCodec.kt:252:26 Cannot infer type for this parameter. Specify it explicitly.
e: file:///Users/jim/work/v2superbikeshed/Trikeshed/src/commonMain/kotlin/borg/trikeshed/dht/kademlia/codec/KademliaCodec.kt:252:26 Unresolved reference. None of the following candidates is applicable because of a receiver type mismatch:
fun <T> Join<Int, Function1<Int, Join<Any?, TypeMemento>>>.get(column: Column<T>): T?
e: file:///Users/jim/work/v2superbikeshed/Trikeshed/src/commonMain/kotlin/borg/trikeshed/dht/kademlia/codec/KademliaCodec.kt:270:25 Cannot infer type for this parameter. Specify it explicitly.
e: file:///Users/jim/work/v2superbikeshed/Trikeshed/src/commonMain/kotlin/borg/trikeshed/dht/kademlia/codec/KademliaCodec.kt:270:25 Unresolved reference. None of the following candidates is applicable because of a receiver type mismatch:
fun <T> Join<Int, Function1<Int, Join<Any?, TypeMemento>>>.get(column: Column<T>): T?
e: file:///Users/jim/work/v2superbikeshed/Trikeshed/src/commonMain/kotlin/borg/trikeshed/dht/kademlia/codec/KademliaCodec.kt:272:52 Argument type mismatch: actual type is 'Byte?', but 'Byte' was expected.
e: file:///Users/jim/work/v2superbikeshed/Trikeshed/src/commonMain/kotlin/borg/trikeshed/dht/kademlia/codec/KademliaCodec.kt:272:52 Unresolved reference. None of the following candidates is applicable because of a receiver type mismatch:
fun <T> Join<Int, Function1<Int, Join<Any?, TypeMemento>>>.get(column: Column<T>): T?
e: file:///Users/jim/work/v2superbikeshed/Trikeshed/src/commonMain/kotlin/borg/trikeshed/dht/kademlia/codec/KademliaCodec.kt:277:23 Cannot infer type for this parameter. Specify it explicitly.
e: file:///Users/jim/work/v2superbikeshed/Trikeshed/src/commonMain/kotlin/borg/trikeshed/dht/kademlia/codec/KademliaCodec.kt:277:23 Unresolved reference. None of the following candidates is applicable because of a receiver type mismatch:
fun <T> Join<Int, Function1<Int, Join<Any?, TypeMemento>>>.get(column: Column<T>): T?
e: file:///Users/jim/work/v2superbikeshed/Trikeshed/src/commonMain/kotlin/borg/trikeshed/dht/kademlia/codec/KademliaCodec.kt:295:57 Argument type mismatch: actual type is 'Byte?', but 'Byte' was expected.
e: file:///Users/jim/work/v2superbikeshed/Trikeshed/src/commonMain/kotlin/borg/trikeshed/dht/kademlia/codec/KademliaCodec.kt:295:57 Unresolved reference. None of the following candidates is applicable because of a receiver type mismatch:
fun <T> Join<Int, Function1<Int, Join<Any?, TypeMemento>>>.get(column: Column<T>): T?
e: file:///Users/jim/work/v2superbikeshed/Trikeshed/src/commonMain/kotlin/borg/trikeshed/dht/kademlia/codec/KademliaCodec.kt:302:55 Argument type mismatch: actual type is 'Byte?', but 'Byte' was expected.
e: file:///Users/jim/work/v2superbikeshed/Trikeshed/src/commonMain/kotlin/borg/trikeshed/dht/kademlia/codec/KademliaCodec.kt:302:55 Unresolved reference. None of the following candidates is applicable because of a receiver type mismatch:
fun <T> Join<Int, Function1<Int, Join<Any?, TypeMemento>>>.get(column: Column<T>): T?
e: file:///Users/jim/work/v2superbikeshed/Trikeshed/src/commonMain/kotlin/borg/trikeshed/dht/kademlia/codec/KademliaCodec.kt:307:30 Cannot infer type for this parameter. Specify it explicitly.
e: file:///Users/jim/work/v2superbikeshed/Trikeshed/src/commonMain/kotlin/borg/trikeshed/dht/kademlia/codec/KademliaCodec.kt:307:30 Unresolved reference. None of the following candidates is applicable because of a receiver type mismatch:
fun <T> Join<Int, Function1<Int, Join<Any?, TypeMemento>>>.get(column: Column<T>): T?
e: file:///Users/jim/work/v2superbikeshed/Trikeshed/src/commonMain/kotlin/borg/trikeshed/dht/kademlia/codec/KademliaCodec.kt:336:42 Cannot infer type for this parameter. Specify it explicitly.
e: file:///Users/jim/work/v2superbikeshed/Trikeshed/src/commonMain/kotlin/borg/trikeshed/dht/kademlia/codec/KademliaCodec.kt:336:42 Unresolved reference. None of the following candidates is applicable because of a receiver type mismatch:
fun <T> Join<Int, Function1<Int, Join<Any?, TypeMemento>>>.get(column: Column<T>): T?
e: file:///Users/jim/work/v2superbikeshed/Trikeshed/src/commonMain/kotlin/borg/trikeshed/dht/kademlia/codec/KademliaCodec.kt:344:41 Cannot infer type for this parameter. Specify it explicitly.
e: file:///Users/jim/work/v2superbikeshed/Trikeshed/src/commonMain/kotlin/borg/trikeshed/dht/kademlia/codec/KademliaCodec.kt:344:41 Unresolved reference. None of the following candidates is applicable because of a receiver type mismatch:
fun <T> Join<Int, Function1<Int, Join<Any?, TypeMemento>>>.get(column: Column<T>): T?
e: file:///Users/jim/work/v2superbikeshed/Trikeshed/src/commonMain/kotlin/borg/trikeshed/dht/kademlia/id/NUID.kt:26:47 Argument type mismatch: actual type is 'T? (of fun <T> Join<Int, Function1<Int, Join<Any?, TypeMemento>>>.get)', but 'K (of fun <K> WHEN_CALL)' was expected.
e: file:///Users/jim/work/v2superbikeshed/Trikeshed/src/commonMain/kotlin/borg/trikeshed/dht/kademlia/id/NUID.kt:26:47 Cannot infer type for this parameter. Specify it explicitly.
e: file:///Users/jim/work/v2superbikeshed/Trikeshed/src/commonMain/kotlin/borg/trikeshed/dht/kademlia/id/NUID.kt:26:47 Unresolved reference. None of the following candidates is applicable because of a receiver type mismatch:
fun <T> Join<Int, Function1<Int, Join<Any?, TypeMemento>>>.get(column: Column<T>): T?
e: file:///Users/jim/work/v2superbikeshed/Trikeshed/src/commonMain/kotlin/borg/trikeshed/dht/kademlia/id/NUID.kt:26:66 Argument type mismatch: actual type is 'Byte', but 'K (of fun <K> WHEN_CALL)' was expected.
e: file:///Users/jim/work/v2superbikeshed/Trikeshed/src/commonMain/kotlin/borg/trikeshed/dht/kademlia/id/NUID.kt:27:49 Argument type mismatch: actual type is 'T? (of fun <T> Join<Int, Function1<Int, Join<Any?, TypeMemento>>>.get)', but 'K (of fun <K> WHEN_CALL)' was expected.
e: file:///Users/jim/work/v2superbikeshed/Trikeshed/src/commonMain/kotlin/borg/trikeshed/dht/kademlia/id/NUID.kt:27:49 Cannot infer type for this parameter. Specify it explicitly.
e: file:///Users/jim/work/v2superbikeshed/Trikeshed/src/commonMain/kotlin/borg/trikeshed/dht/kademlia/id/NUID.kt:27:49 Unresolved reference. None of the following candidates is applicable because of a receiver type mismatch:
fun <T> Join<Int, Function1<Int, Join<Any?, TypeMemento>>>.get(column: Column<T>): T?
e: file:///Users/jim/work/v2superbikeshed/Trikeshed/src/commonMain/kotlin/borg/trikeshed/dht/kademlia/id/NUID.kt:27:69 Argument type mismatch: actual type is 'Byte', but 'K (of fun <K> WHEN_CALL)' was expected.
e: file:///Users/jim/work/v2superbikeshed/Trikeshed/src/commonMain/kotlin/borg/trikeshed/dht/kademlia/id/NUID.kt:41:28 Cannot infer type for this parameter. Specify it explicitly.
e: file:///Users/jim/work/v2superbikeshed/Trikeshed/src/commonMain/kotlin/borg/trikeshed/dht/kademlia/id/NUID.kt:41:28 Unresolved reference. None of the following candidates is applicable because of a receiver type mismatch:
fun <T> Join<Int, Function1<Int, Join<Any?, TypeMemento>>>.get(column: Column<T>): T?
e: file:///Users/jim/work/v2superbikeshed/Trikeshed/src/commonMain/kotlin/borg/trikeshed/dht/kademlia/id/NUID.kt:42:29 Cannot infer type for this parameter. Specify it explicitly.
e: file:///Users/jim/work/v2superbikeshed/Trikeshed/src/commonMain/kotlin/borg/trikeshed/dht/kademlia/id/NUID.kt:42:29 Unresolved reference. None of the following candidates is applicable because of a receiver type mismatch:
fun <T> Join<Int, Function1<Int, Join<Any?, TypeMemento>>>.get(column: Column<T>): T?
e: file:///Users/jim/work/v2superbikeshed/Trikeshed/src/commonMain/kotlin/borg/trikeshed/dht/kademlia/id/NUID.kt:80:49 Argument type mismatch: actual type is 'Byte?', but 'Byte' was expected.
e: file:///Users/jim/work/v2superbikeshed/Trikeshed/src/commonMain/kotlin/borg/trikeshed/dht/kademlia/id/NUID.kt:80:49 Unresolved reference. None of the following candidates is applicable because of a receiver type mismatch:
fun <T> Join<Int, Function1<Int, Join<Any?, TypeMemento>>>.get(column: Column<T>): T?
e: file:///Users/jim/work/v2superbikeshed/Trikeshed/src/commonMain/kotlin/borg/trikeshed/dht/kademlia/id/NUID.kt:114:59 Argument type mismatch: actual type is 'Byte?', but 'Byte' was expected.
e: file:///Users/jim/work/v2superbikeshed/Trikeshed/src/commonMain/kotlin/borg/trikeshed/dht/kademlia/id/NUID.kt:114:59 Unresolved reference. None of the following candidates is applicable because of a receiver type mismatch:
fun <T> Join<Int, Function1<Int, Join<Any?, TypeMemento>>>.get(column: Column<T>): T?
e: file:///Users/jim/work/v2superbikeshed/Trikeshed/src/commonMain/kotlin/borg/trikeshed/dht/kademlia/routing/AdaptiveKademliaRouting.kt:210:16 Return type mismatch: expected 'List<WeightedNode>', actual 'Join<Int, Function1<Int, ERROR CLASS: Cannot infer argument for type parameter T>>'.
e: file:///Users/jim/work/v2superbikeshed/Trikeshed/src/commonMain/kotlin/borg/trikeshed/dht/kademlia/routing/AdaptiveKademliaRouting.kt:211:14 None of the following candidates is applicable:
fun <T, R : Comparable<R>> Array<out T>.sortedBy(crossinline selector: (T) -> R?): List<T>
fun <R : Comparable<R>> ByteArray.sortedBy(crossinline selector: (Byte) -> R?): List<Byte>
fun <R : Comparable<R>> ShortArray.sortedBy(crossinline selector: (Short) -> R?): List<Short>
fun <R : Comparable<R>> IntArray.sortedBy(crossinline selector: (Int) -> R?): List<Int>
fun <R : Comparable<R>> LongArray.sortedBy(crossinline selector: (Long) -> R?): List<Long>
fun <R : Comparable<R>> FloatArray.sortedBy(crossinline selector: (Float) -> R?): List<Float>
fun <R : Comparable<R>> DoubleArray.sortedBy(crossinline selector: (Double) -> R?): List<Double>
fun <R : Comparable<R>> BooleanArray.sortedBy(crossinline selector: (Boolean) -> R?): List<Boolean>
fun <R : Comparable<R>> CharArray.sortedBy(crossinline selector: (Char) -> R?): List<Char>
fun <T, R : Comparable<R>> Iterable<T>.sortedBy(crossinline selector: (T) -> R?): List<T>
fun <T, R : Comparable<R>> Sequence<T>.sortedBy(crossinline selector: (T) -> R?): Sequence<T>
e: file:///Users/jim/work/v2superbikeshed/Trikeshed/src/commonMain/kotlin/borg/trikeshed/dht/kademlia/routing/AdaptiveKademliaRouting.kt:211:25 Unresolved reference 'it'.
e: file:///Users/jim/work/v2superbikeshed/Trikeshed/src/commonMain/kotlin/borg/trikeshed/dht/kademlia/routing/AdaptiveKademliaRouting.kt:212:14 Cannot infer type for this parameter. Specify it explicitly.
e: file:///Users/jim/work/v2superbikeshed/Trikeshed/src/commonMain/kotlin/borg/trikeshed/dht/kademlia/routing/AdaptiveKademliaRouting.kt:212:14 Not enough information to infer type argument for 'T'.
e: file:///Users/jim/work/v2superbikeshed/Trikeshed/src/commonMain/kotlin/borg/trikeshed/dht/kademlia/subnet/ConcentricSubnet.kt:194:34 Argument type mismatch: actual type is 'T? (of fun <T> Join<Int, Function1<Int, Join<Any?, TypeMemento>>>.get)', but 'String' was expected.
e: file:///Users/jim/work/v2superbikeshed/Trikeshed/src/commonMain/kotlin/borg/trikeshed/dht/kademlia/subnet/ConcentricSubnet.kt:194:34 Cannot infer type for this parameter. Specify it explicitly.
e: file:///Users/jim/work/v2superbikeshed/Trikeshed/src/commonMain/kotlin/borg/trikeshed/dht/kademlia/subnet/ConcentricSubnet.kt:194:34 Unresolved reference. None of the following candidates is applicable because of a receiver type mismatch:
fun <T> Join<Int, Function1<Int, Join<Any?, TypeMemento>>>.get(column: Column<T>): T?
e: file:///Users/jim/work/v2superbikeshed/Trikeshed/src/commonMain/kotlin/borg/trikeshed/dht/kademlia/subnet/ConcentricSubnet.kt:216:44 Argument type mismatch: actual type is 'Join<Int, Function1<Int, Join<Any?, TypeMemento>>>', but 'Join<Int, Function1<Int, NUID>>' was expected.
e: file:///Users/jim/work/v2superbikeshed/Trikeshed/src/commonMain/kotlin/borg/trikeshed/dht/kademlia/subnet/ConcentricSubnet.kt:216:44 Cannot infer type for this parameter. Specify it explicitly.
e: file:///Users/jim/work/v2superbikeshed/Trikeshed/src/commonMain/kotlin/borg/trikeshed/dht/kademlia/subnet/ConcentricSubnet.kt:216:44 Unresolved reference. None of the following candidates is applicable because of a receiver type mismatch:
fun <T> Join<Int, Function1<Int, Join<Any?, TypeMemento>>>.get(column: Column<T>): T?
e: file:///Users/jim/work/v2superbikeshed/Trikeshed/src/commonMain/kotlin/borg/trikeshed/dht/kademlia/subnet/ConcentricSubnet.kt:230:32 Cannot infer type for this parameter. Specify it explicitly.
e: file:///Users/jim/work/v2superbikeshed/Trikeshed/src/commonMain/kotlin/borg/trikeshed/dht/kademlia/subnet/ConcentricSubnet.kt:230:32 Unresolved reference. None of the following candidates is applicable because of a receiver type mismatch:
fun <T> Join<Int, Function1<Int, Join<Any?, TypeMemento>>>.get(column: Column<T>): T?
e: file:///Users/jim/work/v2superbikeshed/Trikeshed/src/commonMain/kotlin/borg/trikeshed/dht/kademlia/subnet/ConcentricSubnet.kt:247:28 Argument type mismatch: actual type is 'SubnetPath.Type', but 'SubnetPath.Type' was expected.
e: file:///Users/jim/work/v2superbikeshed/Trikeshed/src/commonMain/kotlin/borg/trikeshed/dht/kademlia/subnet/ConcentricSubnet.kt:248:28 Cannot infer type for this parameter. Specify it explicitly.
e: file:///Users/jim/work/v2superbikeshed/Trikeshed/src/commonMain/kotlin/borg/trikeshed/dht/kademlia/subnet/ConcentricSubnet.kt:248:28 Argument type mismatch: actual type is 'List<T (of fun <T> listOf)>', but 'List<NUID>' was expected.
e: file:///Users/jim/work/v2superbikeshed/Trikeshed/src/commonMain/kotlin/borg/trikeshed/dht/kademlia/subnet/ConcentricSubnet.kt:248:35 Argument type mismatch: actual type is 'NUID', but 'T (of fun <T> listOf)' was expected.
e: file:///Users/jim/work/v2superbikeshed/Trikeshed/src/commonMain/kotlin/borg/trikeshed/dht/kademlia/subnet/ConcentricSubnet.kt:248:48 Argument type mismatch: actual type is 'T#1? (of fun <T> Join<Int, Function1<Int, Join<Any?, TypeMemento>>>.get)', but 'T#2 (of fun <T> listOf)' was expected.
e: file:///Users/jim/work/v2superbikeshed/Trikeshed/src/commonMain/kotlin/borg/trikeshed/dht/kademlia/subnet/ConcentricSubnet.kt:248:48 Cannot infer type for this parameter. Specify it explicitly.
e: file:///Users/jim/work/v2superbikeshed/Trikeshed/src/commonMain/kotlin/borg/trikeshed/dht/kademlia/subnet/ConcentricSubnet.kt:248:48 Unresolved reference. None of the following candidates is applicable because of a receiver type mismatch:
fun <T> Join<Int, Function1<Int, Join<Any?, TypeMemento>>>.get(column: Column<T>): T?
e: file:///Users/jim/work/v2superbikeshed/Trikeshed/src/commonMain/kotlin/borg/trikeshed/dht/kademlia/subnet/ConcentricSubnet.kt:249:31 Argument type mismatch: actual type is 'List<String>', but 'List<String>' was expected.
e: file:///Users/jim/work/v2superbikeshed/Trikeshed/src/commonMain/kotlin/borg/trikeshed/distributed/DistributedStorage.kt:8:23 Unresolved reference 'jetsam'.
e: file:///Users/jim/work/v2superbikeshed/Trikeshed/src/commonMain/kotlin/borg/trikeshed/distributed/DistributedStorage.kt:10:30 Unresolved reference 'json'.
e: file:///Users/jim/work/v2superbikeshed/Trikeshed/src/commonMain/kotlin/borg/trikeshed/distributed/DistributedStorage.kt:125:61 Unresolved reference 'Transport'.
e: file:///Users/jim/work/v2superbikeshed/Trikeshed/src/commonMain/kotlin/borg/trikeshed/distributed/DistributedStorage.kt:128:9 Unresolved reference 'JetsamGossipManager'.
e: file:///Users/jim/work/v2superbikeshed/Trikeshed/src/commonMain/kotlin/borg/trikeshed/distributed/DistributedStorage.kt:153:48 Unresolved reference 'encode'.
e: file:///Users/jim/work/v2superbikeshed/Trikeshed/src/commonMain/kotlin/borg/trikeshed/distributed/DistributedStorage.kt:159:21 No parameter with name 'id' found.
e: file:///Users/jim/work/v2superbikeshed/Trikeshed/src/commonMain/kotlin/borg/trikeshed/distributed/DistributedStorage.kt:160:28 Unresolved reference 'buildJsonObject'.
e: file:///Users/jim/work/v2superbikeshed/Trikeshed/src/commonMain/kotlin/borg/trikeshed/distributed/DistributedStorage.kt:161:25 Unresolved reference 'put'.
e: file:///Users/jim/work/v2superbikeshed/Trikeshed/src/commonMain/kotlin/borg/trikeshed/distributed/DistributedStorage.kt:162:25 Unresolved reference 'put'.
e: file:///Users/jim/work/v2superbikeshed/Trikeshed/src/commonMain/kotlin/borg/trikeshed/distributed/DistributedStorage.kt:166:44 Argument type mismatch: actual type is 'String', but 'Join<Int, Function1<Int, Byte>>' was expected.
e: file:///Users/jim/work/v2superbikeshed/Trikeshed/src/commonMain/kotlin/borg/trikeshed/distributed/DistributedStorage.kt:166:53 Unresolved reference 'rev'.
e: file:///Users/jim/work/v2superbikeshed/Trikeshed/src/commonMain/kotlin/borg/trikeshed/distributed/DistributedStorage.kt:177:25 No parameter with name 'id' found.
e: file:///Users/jim/work/v2superbikeshed/Trikeshed/src/commonMain/kotlin/borg/trikeshed/distributed/DistributedStorage.kt:178:32 Unresolved reference 'buildJsonObject'.
e: file:///Users/jim/work/v2superbikeshed/Trikeshed/src/commonMain/kotlin/borg/trikeshed/distributed/DistributedStorage.kt:179:29 Unresolved reference 'put'.
e: file:///Users/jim/work/v2superbikeshed/Trikeshed/src/commonMain/kotlin/borg/trikeshed/distributed/DistributedStorage.kt:180:29 Unresolved reference 'put'.
e: file:///Users/jim/work/v2superbikeshed/Trikeshed/src/commonMain/kotlin/borg/trikeshed/distributed/DistributedStorage.kt:187:49 Unresolved reference 'rev'.
e: file:///Users/jim/work/v2superbikeshed/Trikeshed/src/commonMain/kotlin/borg/trikeshed/distributed/DistributedStorage.kt:190:17 Unresolved reference 'JetsamGossipManager'.
e: file:///Users/jim/work/v2superbikeshed/Trikeshed/src/commonMain/kotlin/borg/trikeshed/distributed/DistributedStorage.kt:190:51 Unresolved reference 'buildJsonObject'.
e: file:///Users/jim/work/v2superbikeshed/Trikeshed/src/commonMain/kotlin/borg/trikeshed/distributed/DistributedStorage.kt:191:21 Unresolved reference 'put'.
e: file:///Users/jim/work/v2superbikeshed/Trikeshed/src/commonMain/kotlin/borg/trikeshed/distributed/DistributedStorage.kt:191:41 Unresolved reference 'encode'.
e: file:///Users/jim/work/v2superbikeshed/Trikeshed/src/commonMain/kotlin/borg/trikeshed/distributed/DistributedStorage.kt:192:21 Unresolved reference 'put'.
e: file:///Users/jim/work/v2superbikeshed/Trikeshed/src/commonMain/kotlin/borg/trikeshed/distributed/DistributedStorage.kt:195:44 Argument type mismatch: actual type is 'String', but 'Join<Int, Function1<Int, Byte>>' was expected.
e: file:///Users/jim/work/v2superbikeshed/Trikeshed/src/commonMain/kotlin/borg/trikeshed/distributed/DistributedStorage.kt:195:60 Unresolved reference 'encode'.
e: file:///Users/jim/work/v2superbikeshed/Trikeshed/src/commonMain/kotlin/borg/trikeshed/distributed/DistributedStorage.kt:211:37 Argument type mismatch: actual type is 'String', but 'CID' was expected.
e: file:///Users/jim/work/v2superbikeshed/Trikeshed/src/commonMain/kotlin/borg/trikeshed/distributed/DistributedStorage.kt:223:49 Unresolved reference 'data'.
e: file:///Users/jim/work/v2superbikeshed/Trikeshed/src/commonMain/kotlin/borg/trikeshed/distributed/DistributedStorage.kt:223:63 Unresolved reference 'jsonPrimitive'.
e: file:///Users/jim/work/v2superbikeshed/Trikeshed/src/commonMain/kotlin/borg/trikeshed/distributed/DistributedStorage.kt:235:49 Argument type mismatch: actual type is 'String', but 'CID' was expected.
e: file:///Users/jim/work/v2superbikeshed/Trikeshed/src/commonMain/kotlin/borg/trikeshed/distributed/DistributedStorage.kt:244:58 Unresolved reference 'data'.
e: file:///Users/jim/work/v2superbikeshed/Trikeshed/src/commonMain/kotlin/borg/trikeshed/distributed/DistributedStorage.kt:244:72 Unresolved reference 'jsonPrimitive'.
e: file:///Users/jim/work/v2superbikeshed/Trikeshed/src/commonMain/kotlin/borg/trikeshed/distributed/DistributedStorage.kt:295:103 Argument type mismatch: actual type is 'ViewQueryParams', but 'CouchViewParams' was expected.
e: file:///Users/jim/work/v2superbikeshed/Trikeshed/src/commonMain/kotlin/borg/trikeshed/distributed/DistributedStorage.kt:391:35 Unresolved reference 'it'.
e: file:///Users/jim/work/v2superbikeshed/Trikeshed/src/commonMain/kotlin/borg/trikeshed/distributed/DistributedStorage.kt:392:18 Unresolved reference. None of the following candidates is applicable because of a receiver type mismatch:
fun String.encodeToByteArray(): ByteArray
e: file:///Users/jim/work/v2superbikeshed/Trikeshed/src/commonMain/kotlin/borg/trikeshed/distributed/DistributedStorage.kt:392:38 Cannot infer type for this parameter. Specify it explicitly.
e: file:///Users/jim/work/v2superbikeshed/Trikeshed/src/commonMain/kotlin/borg/trikeshed/distributed/DistributedStorage.kt:392:38 Not enough information to infer type argument for 'R'.
e: file:///Users/jim/work/v2superbikeshed/Trikeshed/src/commonMain/kotlin/borg/trikeshed/distributed/DistributedStorage.kt:392:52 Cannot infer type for this parameter. Specify it explicitly.
e: file:///Users/jim/work/v2superbikeshed/Trikeshed/src/commonMain/kotlin/borg/trikeshed/distributed/DistributedStorage.kt:392:52 Not enough information to infer type argument for 'B'.
e: file:///Users/jim/work/v2superbikeshed/Trikeshed/src/commonMain/kotlin/borg/trikeshed/distributed/DistributedStorage.kt:392:56 Cannot infer type for this parameter. Specify it explicitly.
e: file:///Users/jim/work/v2superbikeshed/Trikeshed/src/commonMain/kotlin/borg/trikeshed/functional/CouchDBFunctional.kt:165:18 Cannot infer type for this parameter. Specify it explicitly.
e: file:///Users/jim/work/v2superbikeshed/Trikeshed/src/commonMain/kotlin/borg/trikeshed/functional/CouchDBFunctional.kt:165:18 Unresolved reference. None of the following candidates is applicable because of a receiver type mismatch:
fun <T> Join<Int, Function1<Int, Join<Any?, TypeMemento>>>.get(column: Column<T>): T?
e: file:///Users/jim/work/v2superbikeshed/Trikeshed/src/commonMain/kotlin/borg/trikeshed/functional/CouchDBFunctional.kt:165:26 Unresolved reference 'id'.
e: file:///Users/jim/work/v2superbikeshed/Trikeshed/src/commonMain/kotlin/borg/trikeshed/io/AsyncIOEngine.kt:40:9 Function 'create' without a body must be abstract.
e: file:///Users/jim/work/v2superbikeshed/Trikeshed/src/commonMain/kotlin/borg/trikeshed/io/AsyncIOEngine.kt:60:13 Unresolved reference 'javaClass'.
e: file:///Users/jim/work/v2superbikeshed/Trikeshed/src/commonMain/kotlin/borg/trikeshed/io/AsyncIOEngine.kt:60:33 Unresolved reference 'javaClass'.
e: file:///Users/jim/work/v2superbikeshed/Trikeshed/src/commonMain/kotlin/borg/trikeshed/io/CCekEngine.kt:39:58 Unresolved reference 'Class'.
e: file:///Users/jim/work/v2superbikeshed/Trikeshed/src/commonMain/kotlin/borg/trikeshed/io/CCekEngine.kt:83:27 Unresolved reference 'System'.
e: file:///Users/jim/work/v2superbikeshed/Trikeshed/src/commonMain/kotlin/borg/trikeshed/io/CCekEngine.kt:88:13 Unresolved reference 'javaClass'.
e: file:///Users/jim/work/v2superbikeshed/Trikeshed/src/commonMain/kotlin/borg/trikeshed/io/CCekEngine.kt:88:33 Unresolved reference 'javaClass'.
e: file:///Users/jim/work/v2superbikeshed/Trikeshed/src/commonMain/kotlin/borg/trikeshed/io/CoroutineRouter.kt:372:25 Unresolved reference 'System'.
e: file:///Users/jim/work/v2superbikeshed/Trikeshed/src/commonMain/kotlin/borg/trikeshed/io/CoroutineRouter.kt:375:43 Unresolved reference 'System'.
e: file:///Users/jim/work/v2superbikeshed/Trikeshed/src/commonMain/kotlin/borg/trikeshed/io/CoroutineRouter.kt:378:39 Unresolved reference 'System'.
e: file:///Users/jim/work/v2superbikeshed/Trikeshed/src/commonMain/kotlin/borg/trikeshed/io/CoroutineRouter.kt:449:29 Unresolved reference 'System'.
e: file:///Users/jim/work/v2superbikeshed/Trikeshed/src/commonMain/kotlin/borg/trikeshed/io/CoroutineRouter.kt:454:23 Unresolved reference 'System'.
e: file:///Users/jim/work/v2superbikeshed/Trikeshed/src/commonMain/kotlin/borg/trikeshed/io/CoroutineRouter.kt:456:73 Unresolved reference 'times' for operator '*'.
e: file:///Users/jim/work/v2superbikeshed/Trikeshed/src/commonMain/kotlin/borg/trikeshed/io/CoroutineRouter.kt:461:17 Unresolved reference 'Thread'.
e: file:///Users/jim/work/v2superbikeshed/Trikeshed/src/commonMain/kotlin/borg/trikeshed/io/FileBuffer.kt:7:11 FileBuffer: expect and corresponding actual are declared in the same module.
e: file:///Users/jim/work/v2superbikeshed/Trikeshed/src/commonMain/kotlin/borg/trikeshed/io/FileBuffer.kt:7:24 One type argument expected for typealias LongIndexed<T> = Join<Long, Function1<Long, T>>.
e: file:///Users/jim/work/v2superbikeshed/Trikeshed/src/commonMain/kotlin/borg/trikeshed/io/FileBuffer.kt:11:9 'open' hides member of supertype 'Usable' and needs an 'override' modifier.
e: file:///Users/jim/work/v2superbikeshed/Trikeshed/src/commonMain/kotlin/borg/trikeshed/io/FileBuffer.kt:12:9 'close' hides member of supertype 'Usable' and needs an 'override' modifier.
e: file:///Users/jim/work/v2superbikeshed/Trikeshed/src/commonMain/kotlin/borg/trikeshed/io/FileBuffer.kt:15:14 FileBuffer: expect and corresponding actual are declared in the same module.
e: file:///Users/jim/work/v2superbikeshed/Trikeshed/src/commonMain/kotlin/borg/trikeshed/io/IOContext.kt:3:27 Conflicting import: imported name 'Indexed' is ambiguous.
e: file:///Users/jim/work/v2superbikeshed/Trikeshed/src/commonMain/kotlin/borg/trikeshed/io/IOContext.kt:4:38 Conflicting import: imported name 'Indexed' is ambiguous.
e: file:///Users/jim/work/v2superbikeshed/Trikeshed/src/commonMain/kotlin/borg/trikeshed/io/IOContext.kt:241:47 Initializer type mismatch: expected 'Set<IOCapability>', actual 'Set<MatchGroup?>'.
e: file:///Users/jim/work/v2superbikeshed/Trikeshed/src/commonMain/kotlin/borg/trikeshed/io/IOContext.kt:241:47 Type mismatch: inferred type is 'MatchGroup?', but 'IOCapability' was expected.
e: file:///Users/jim/work/v2superbikeshed/Trikeshed/src/commonMain/kotlin/borg/trikeshed/io/IOContext.kt:242:13 Unresolved reference. None of the following candidates is applicable because of a receiver type mismatch:
fun MatchGroupCollection.get(name: String): MatchGroup?
e: file:///Users/jim/work/v2superbikeshed/Trikeshed/src/commonMain/kotlin/borg/trikeshed/io/IOContext.kt:246:31 Type inference failed. The value of the type parameter 'T' must be mentioned in input types (argument types, receiver type, or expected type). Try to specify it explicitly.
e: file:///Users/jim/work/v2superbikeshed/Trikeshed/src/commonMain/kotlin/borg/trikeshed/io/IOContext.kt:246:40 Unresolved reference. None of the following candidates is applicable because of a receiver type mismatch:
fun MatchGroupCollection.get(name: String): MatchGroup?
e: file:///Users/jim/work/v2superbikeshed/Trikeshed/src/commonMain/kotlin/borg/trikeshed/io/IOContext.kt:257:46 Initializer type mismatch: expected 'Set<IOCapability>', actual 'Set<MatchGroup?>'.
e: file:///Users/jim/work/v2superbikeshed/Trikeshed/src/commonMain/kotlin/borg/trikeshed/io/IOContext.kt:257:46 Type mismatch: inferred type is 'MatchGroup?', but 'IOCapability' was expected.
e: file:///Users/jim/work/v2superbikeshed/Trikeshed/src/commonMain/kotlin/borg/trikeshed/io/IOContext.kt:258:13 Unresolved reference. None of the following candidates is applicable because of a receiver type mismatch:
fun MatchGroupCollection.get(name: String): MatchGroup?
e: file:///Users/jim/work/v2superbikeshed/Trikeshed/src/commonMain/kotlin/borg/trikeshed/io/IOContext.kt:265:35 Unresolved reference 'System'.
e: file:///Users/jim/work/v2superbikeshed/Trikeshed/src/commonMain/kotlin/borg/trikeshed/io/IOContext.kt:271:36 Unresolved reference 'System'.
e: file:///Users/jim/work/v2superbikeshed/Trikeshed/src/commonMain/kotlin/borg/trikeshed/io/IOContext.kt:276:35 Unresolved reference 'System'.
e: file:///Users/jim/work/v2superbikeshed/Trikeshed/src/commonMain/kotlin/borg/trikeshed/io/IOContext.kt:281:33 Unresolved reference 'System'.
e: file:///Users/jim/work/v2superbikeshed/Trikeshed/src/commonMain/kotlin/borg/trikeshed/io/IOContext.kt:318:9 Unresolved reference 'System'.
e: file:///Users/jim/work/v2superbikeshed/Trikeshed/src/commonMain/kotlin/borg/trikeshed/io/IOContext.kt:321:9 Unresolved reference 'System'.
e: file:///Users/jim/work/v2superbikeshed/Trikeshed/src/commonMain/kotlin/borg/trikeshed/io/IODSL.kt:21:75 Cannot access 'constructor(): Int': it is private in 'kotlin/Int'.
e: file:///Users/jim/work/v2superbikeshed/Trikeshed/src/commonMain/kotlin/borg/trikeshed/io/IODSL.kt:141:7 Redeclaration:
typealias IOHandle = Int
e: file:///Users/jim/work/v2superbikeshed/Trikeshed/src/commonMain/kotlin/borg/trikeshed/io/IODSL.kt:152:20 Unresolved reference 'operationId'.
e: file:///Users/jim/work/v2superbikeshed/Trikeshed/src/commonMain/kotlin/borg/trikeshed/io/IODSL.kt:153:20 Unresolved reference 'type'.
e: file:///Users/jim/work/v2superbikeshed/Trikeshed/src/commonMain/kotlin/borg/trikeshed/io/IODSL.kt:159:16 Unresolved reference 'daemon'.
e: file:///Users/jim/work/v2superbikeshed/Trikeshed/src/commonMain/kotlin/borg/trikeshed/io/IODaemon.kt:80:13 Unresolved reference 'javaClass'.
e: file:///Users/jim/work/v2superbikeshed/Trikeshed/src/commonMain/kotlin/borg/trikeshed/io/IODaemon.kt:80:33 Unresolved reference 'javaClass'.
e: file:///Users/jim/work/v2superbikeshed/Trikeshed/src/commonMain/kotlin/borg/trikeshed/io/IODaemon.kt:115:27 Unresolved reference 'System'.
e: file:///Users/jim/work/v2superbikeshed/Trikeshed/src/commonMain/kotlin/borg/trikeshed/io/IOHandle.kt:9:11 Redeclaration:
typealias IOHandle = Int
e: file:///Users/jim/work/v2superbikeshed/Trikeshed/src/commonMain/kotlin/borg/trikeshed/io/PosixFile.kt:5:11 PosixFile: expect and corresponding actual are declared in the same module.
e: file:///Users/jim/work/v2superbikeshed/Trikeshed/src/commonMain/kotlin/borg/trikeshed/io/PosixFile.kt:8:9 'open' hides member of supertype 'Usable' and needs an 'override' modifier.
e: file:///Users/jim/work/v2superbikeshed/Trikeshed/src/commonMain/kotlin/borg/trikeshed/io/PosixFile.kt:9:9 'close' hides member of supertype 'Usable' and needs an 'override' modifier.
e: file:///Users/jim/work/v2superbikeshed/Trikeshed/src/commonMain/kotlin/borg/trikeshed/io/PosixFile.kt:14:14 PosixFile: expect and corresponding actual are declared in the same module.
e: file:///Users/jim/work/v2superbikeshed/Trikeshed/src/commonMain/kotlin/borg/trikeshed/io/PosixFile.kt:26:14 MappedPointer: expect and corresponding actual are declared in the same module.
e: file:///Users/jim/work/v2superbikeshed/Trikeshed/src/commonMain/kotlin/borg/trikeshed/ipc/examples/IPCExample.kt:103:73 Argument type mismatch: actual type is 'Byte?', but 'Byte' was expected.
e: file:///Users/jim/work/v2superbikeshed/Trikeshed/src/commonMain/kotlin/borg/trikeshed/ipc/examples/IPCExample.kt:103:73 Unresolved reference. None of the following candidates is applicable because of a receiver type mismatch:
fun <T> Join<Int, Function1<Int, Join<Any?, TypeMemento>>>.get(column: Column<T>): T?
e: file:///Users/jim/work/v2superbikeshed/Trikeshed/src/commonMain/kotlin/borg/trikeshed/ipfs/IpfsClient.kt:66:50 Unresolved reference 'it'.
e: file:///Users/jim/work/v2superbikeshed/Trikeshed/src/commonMain/kotlin/borg/trikeshed/ipfs/IpfsClient.kt:67:32 Argument type mismatch: actual type is 'Join<Int, Function0<Byte>>', but 'Join<Int, Function1<Int, Byte>>' was expected.
e: file:///Users/jim/work/v2superbikeshed/Trikeshed/src/commonMain/kotlin/borg/trikeshed/ipfs/IpfsClient.kt:73:33 Cannot infer type for this parameter. Specify it explicitly.
e: file:///Users/jim/work/v2superbikeshed/Trikeshed/src/commonMain/kotlin/borg/trikeshed/ipfs/IpfsClient.kt:73:33 Not enough information to infer type argument for 'B'.
e: file:///Users/jim/work/v2superbikeshed/Trikeshed/src/commonMain/kotlin/borg/trikeshed/ipfs/IpfsClient.kt:73:37 Cannot infer type for this parameter. Specify it explicitly.
e: file:///Users/jim/work/v2superbikeshed/Trikeshed/src/commonMain/kotlin/borg/trikeshed/ipfs/IpfsCore.kt:5:30 Unresolved reference 'json'.
e: file:///Users/jim/work/v2superbikeshed/Trikeshed/src/commonMain/kotlin/borg/trikeshed/ipfs/IpfsCore.kt:16:12 Redeclaration:
data class Multihash : Any
e: file:///Users/jim/work/v2superbikeshed/Trikeshed/src/commonMain/kotlin/borg/trikeshed/ipfs/IpfsCore.kt:50:47 Unresolved reference 'it'.
e: file:///Users/jim/work/v2superbikeshed/Trikeshed/src/commonMain/kotlin/borg/trikeshed/ipfs/IpfsCore.kt:51:36 Argument type mismatch: actual type is 'Join<Int, Function0<Byte>>', but 'Join<Int, Function1<Int, Byte>>' was expected.
e: file:///Users/jim/work/v2superbikeshed/Trikeshed/src/commonMain/kotlin/borg/trikeshed/ipfs/IpfsCore.kt:58:12 Redeclaration:
data class CID : Any
e: file:///Users/jim/work/v2superbikeshed/Trikeshed/src/commonMain/kotlin/borg/trikeshed/ipfs/IpfsCore.kt:73:28 Unresolved reference 'encode'.
e: file:///Users/jim/work/v2superbikeshed/Trikeshed/src/commonMain/kotlin/borg/trikeshed/ipfs/IpfsCore.kt:74:18 Unresolved reference 'encodeCIDv1'.
e: file:///Users/jim/work/v2superbikeshed/Trikeshed/src/commonMain/kotlin/borg/trikeshed/ipfs/IpfsCore.kt:82:35 Unresolved reference 'encode'.
e: file:///Users/jim/work/v2superbikeshed/Trikeshed/src/commonMain/kotlin/borg/trikeshed/ipfs/IpfsCore.kt:85:21 Cannot infer type for this parameter. Specify it explicitly.
e: file:///Users/jim/work/v2superbikeshed/Trikeshed/src/commonMain/kotlin/borg/trikeshed/ipfs/IpfsCore.kt:85:21 Unresolved reference. None of the following candidates is applicable because of a receiver type mismatch:
fun <A, B> A.j(b: B): Join<A, B>
e: file:///Users/jim/work/v2superbikeshed/Trikeshed/src/commonMain/kotlin/borg/trikeshed/ipfs/IpfsCore.kt:85:25 Cannot infer type for this parameter. Specify it explicitly.
e: file:///Users/jim/work/v2superbikeshed/Trikeshed/src/commonMain/kotlin/borg/trikeshed/ipfs/IpfsCore.kt:88:19 'operator' modifier is required on 'FirNamedFunctionSymbol kotlin/compareTo' in 'compareTo'.
e: file:///Users/jim/work/v2superbikeshed/Trikeshed/src/commonMain/kotlin/borg/trikeshed/ipfs/IpfsCore.kt:88:54 Argument type mismatch: actual type is 'Join<Shape, Function1<Shape, Int>>', but 'Int' was expected.
e: file:///Users/jim/work/v2superbikeshed/Trikeshed/src/commonMain/kotlin/borg/trikeshed/ipfs/IpfsCore.kt:97:12 Redeclaration:
data class IpfsBlock : Any
e: file:///Users/jim/work/v2superbikeshed/Trikeshed/src/commonMain/kotlin/borg/trikeshed/ipfs/IpfsCore.kt:100:36 Unresolved reference 'emptyIndex'.
e: file:///Users/jim/work/v2superbikeshed/Trikeshed/src/commonMain/kotlin/borg/trikeshed/ipfs/IpfsCore.kt:105:12 Redeclaration:
data class IpfsLink : Any
e: file:///Users/jim/work/v2superbikeshed/Trikeshed/src/commonMain/kotlin/borg/trikeshed/ipfs/IpfsCore.kt:113:12 Redeclaration:
data class MerkleNode : Any
e: file:///Users/jim/work/v2superbikeshed/Trikeshed/src/commonMain/kotlin/borg/trikeshed/ipfs/IpfsCore.kt:119:20 Unresolved reference 'buildJsonObject'.
e: file:///Users/jim/work/v2superbikeshed/Trikeshed/src/commonMain/kotlin/borg/trikeshed/ipfs/IpfsCore.kt:120:13 Unresolved reference 'put'.
e: file:///Users/jim/work/v2superbikeshed/Trikeshed/src/commonMain/kotlin/borg/trikeshed/ipfs/IpfsCore.kt:121:13 Unresolved reference 'putJsonArray'.
e: file:///Users/jim/work/v2superbikeshed/Trikeshed/src/commonMain/kotlin/borg/trikeshed/ipfs/IpfsCore.kt:124:21 Unresolved reference 'add'.
e: file:///Users/jim/work/v2superbikeshed/Trikeshed/src/commonMain/kotlin/borg/trikeshed/ipfs/IpfsCore.kt:124:25 Unresolved reference 'buildJsonObject'.
e: file:///Users/jim/work/v2superbikeshed/Trikeshed/src/commonMain/kotlin/borg/trikeshed/ipfs/IpfsCore.kt:125:25 Unresolved reference 'put'.
e: file:///Users/jim/work/v2superbikeshed/Trikeshed/src/commonMain/kotlin/borg/trikeshed/ipfs/IpfsCore.kt:125:42 Unresolved reference 'a'.
e: file:///Users/jim/work/v2superbikeshed/Trikeshed/src/commonMain/kotlin/borg/trikeshed/ipfs/IpfsCore.kt:126:25 Unresolved reference 'put'.
e: file:///Users/jim/work/v2superbikeshed/Trikeshed/src/commonMain/kotlin/borg/trikeshed/ipfs/IpfsCore.kt:126:41 Unresolved reference 'b'.
e: file:///Users/jim/work/v2superbikeshed/Trikeshed/src/commonMain/kotlin/borg/trikeshed/ipfs/IpfsCore.kt:139:12 Redeclaration:
data class PeerId : Any
e: file:///Users/jim/work/v2superbikeshed/Trikeshed/src/commonMain/kotlin/borg/trikeshed/ipfs/IpfsCore.kt:230:11 Redeclaration:
class IpfsStorage : Any
e: file:///Users/jim/work/v2superbikeshed/Trikeshed/src/commonMain/kotlin/borg/trikeshed/ipfs/IpfsCore.kt:239:29 This type is final, so it cannot be extended.
e: file:///Users/jim/work/v2superbikeshed/Trikeshed/src/commonMain/kotlin/borg/trikeshed/ipfs/IpfsCore.kt:239:29 This type has a constructor, so it must be initialized here.
e: file:///Users/jim/work/v2superbikeshed/Trikeshed/src/commonMain/kotlin/borg/trikeshed/ipfs/IpfsCore.kt:240:17 'blocks' hides member of supertype 'IpfsStorage' and needs an 'override' modifier.
e: file:///Users/jim/work/v2superbikeshed/Trikeshed/src/commonMain/kotlin/borg/trikeshed/ipfs/IpfsCore.kt:242:5 'put' overrides nothing.
e: file:///Users/jim/work/v2superbikeshed/Trikeshed/src/commonMain/kotlin/borg/trikeshed/ipfs/IpfsCore.kt:243:26 Unresolved reference 'encode'.
e: file:///Users/jim/work/v2superbikeshed/Trikeshed/src/commonMain/kotlin/borg/trikeshed/ipfs/IpfsCore.kt:247:5 'get' overrides nothing.
e: file:///Users/jim/work/v2superbikeshed/Trikeshed/src/commonMain/kotlin/borg/trikeshed/ipfs/IpfsCore.kt:248:27 Unresolved reference 'encode'.
e: file:///Users/jim/work/v2superbikeshed/Trikeshed/src/commonMain/kotlin/borg/trikeshed/ipfs/IpfsCore.kt:251:5 'has' overrides nothing.
e: file:///Users/jim/work/v2superbikeshed/Trikeshed/src/commonMain/kotlin/borg/trikeshed/ipfs/IpfsCore.kt:252:39 Unresolved reference 'encode'.
e: file:///Users/jim/work/v2superbikeshed/Trikeshed/src/commonMain/kotlin/borg/trikeshed/ipfs/IpfsCore.kt:255:5 'delete' overrides nothing.
e: file:///Users/jim/work/v2superbikeshed/Trikeshed/src/commonMain/kotlin/borg/trikeshed/ipfs/IpfsCore.kt:256:34 Unresolved reference 'encode'.
e: file:///Users/jim/work/v2superbikeshed/Trikeshed/src/commonMain/kotlin/borg/trikeshed/ipfs/IpfsCore.kt:259:5 'list' overrides nothing.
e: file:///Users/jim/work/v2superbikeshed/Trikeshed/src/commonMain/kotlin/borg/trikeshed/isam/IsamDataFile.kt:13:9 'open' hides member of supertype 'Usable' and needs an 'override' modifier.
e: file:///Users/jim/work/v2superbikeshed/Trikeshed/src/commonMain/kotlin/borg/trikeshed/isam/IsamDataFile.kt:14:9 'close' hides member of supertype 'Usable' and needs an 'override' modifier.
e: file:///Users/jim/work/v2superbikeshed/Trikeshed/src/commonMain/kotlin/borg/trikeshed/isam/IsamDataFile.kt:17:9 Function 'write' without a body must be abstract.
e: file:///Users/jim/work/v2superbikeshed/Trikeshed/src/commonMain/kotlin/borg/trikeshed/isam/IsamDataFile.kt:19:9 Function 'append' without a body must be abstract.
e: file:///Users/jim/work/v2superbikeshed/Trikeshed/src/commonMain/kotlin/borg/trikeshed/isam/RecordMeta.kt:4:30 Unresolved reference 'TypeMemento'.
e: file:///Users/jim/work/v2superbikeshed/Trikeshed/src/commonMain/kotlin/borg/trikeshed/isam/RecordMeta.kt:18:17 No value passed for parameter 'memento'.
e: file:///Users/jim/work/v2superbikeshed/Trikeshed/src/commonMain/kotlin/borg/trikeshed/isam/RecordMeta.kt:19:5 'name' in 'ColumnMeta' is final and cannot be overridden.
e: file:///Users/jim/work/v2superbikeshed/Trikeshed/src/commonMain/kotlin/borg/trikeshed/isam/RecordMeta.kt:21:5 'type' in 'ColumnMeta' is final and cannot be overridden.
e: file:///Users/jim/work/v2superbikeshed/Trikeshed/src/commonMain/kotlin/borg/trikeshed/isam/RecordMeta.kt:21:24 Type of 'type' is not a subtype of overridden property 'val type: String' defined in 'borg/trikeshed/cursor/ColumnMeta'.
e: file:///Users/jim/work/v2superbikeshed/Trikeshed/src/commonMain/kotlin/borg/trikeshed/isam/RecordMeta.kt:27:45 Unresolved reference 'createDecoder'.
e: file:///Users/jim/work/v2superbikeshed/Trikeshed/src/commonMain/kotlin/borg/trikeshed/isam/RecordMeta.kt:29:45 Unresolved reference 'createEncoder'.
e: file:///Users/jim/work/v2superbikeshed/Trikeshed/src/commonMain/kotlin/borg/trikeshed/isam/RecordMeta.kt:32:5 This type is final, so it cannot be extended.
e: file:///Users/jim/work/v2superbikeshed/Trikeshed/src/commonMain/kotlin/borg/trikeshed/isam/RecordMeta.kt:32:5 This type has a constructor, so it must be initialized here.
e: file:///Users/jim/work/v2superbikeshed/Trikeshed/src/commonMain/kotlin/borg/trikeshed/lib/AlphaConversion.kt:26:14 Conflicting overloads:
fun <X, C, V : Join<Int, Function1<Int, X>>> V.α(crossinline xform: (X) -> C): Join<Int, Function1<Int, C>>
e: file:///Users/jim/work/v2superbikeshed/Trikeshed/src/commonMain/kotlin/borg/trikeshed/lib/AlphaConversion.kt:31:10 Overload resolution ambiguity between candidates:
fun <X, C, V : Join<Int, Function1<Int, X>>> V.α(crossinline xform: (X) -> C): Join<Int, Function1<Int, C>>
fun <X, C, V : Join<Int, Function1<Int, X>>> V.α(crossinline xform: (X) -> C): Join<Int, Function1<Int, C>>
e: file:///Users/jim/work/v2superbikeshed/Trikeshed/src/commonMain/kotlin/borg/trikeshed/lib/AlphaConversion.kt:35:10 Overload resolution ambiguity between candidates:
fun <X, C, V : Join<Int, Function1<Int, X>>> V.α(crossinline xform: (X) -> C): Join<Int, Function1<Int, C>>
fun <X, C, V : Join<Int, Function1<Int, X>>> V.α(crossinline xform: (X) -> C): Join<Int, Function1<Int, C>>
e: file:///Users/jim/work/v2superbikeshed/Trikeshed/src/commonMain/kotlin/borg/trikeshed/lib/AlphaConversion.kt:105:1 Conflicting overloads:
fun ByteArray.toIndexed(): Join<Int, Function1<Int, Byte>>
e: file:///Users/jim/work/v2superbikeshed/Trikeshed/src/commonMain/kotlin/borg/trikeshed/lib/AlphaConversion.kt:118:10 Overload resolution ambiguity between candidates:
fun <X, C, V : Join<Int, Function1<Int, X>>> V.α(crossinline xform: (X) -> C): Join<Int, Function1<Int, C>>
fun <X, C, V : Join<Int, Function1<Int, X>>> V.α(crossinline xform: (X) -> C): Join<Int, Function1<Int, C>>
e: file:///Users/jim/work/v2superbikeshed/Trikeshed/src/commonMain/kotlin/borg/trikeshed/lib/AlphaConversion.kt:249:12 Return type mismatch: expected 'Join<Join<Int, Function1<Int, T (of fun <T> Join<Int, Function1<Int, T>>.partition)>>, Join<Int, Function1<Int, T (of fun <T> Join<Int, Function1<Int, T>>.partition)>>>', actual 'Join<Join<Int, KFunction1<Int, T (of fun <T> Join<Int, Function1<Int, T>>.partition)>>, Join<Int, KFunction1<Int, T (of fun <T> Join<Int, Function1<Int, T>>.partition)>>>'.
e: file:///Users/jim/work/v2superbikeshed/Trikeshed/src/commonMain/kotlin/borg/trikeshed/lib/ByteIndexed.kt:33:37 Cannot infer type for this parameter. Specify it explicitly.
e: file:///Users/jim/work/v2superbikeshed/Trikeshed/src/commonMain/kotlin/borg/trikeshed/lib/ByteIndexed.kt:33:37 Not enough information to infer type argument for 'T'.
e: file:///Users/jim/work/v2superbikeshed/Trikeshed/src/commonMain/kotlin/borg/trikeshed/lib/ByteIndexed.kt:33:49 Unresolved reference. None of the following candidates is applicable because of a receiver type mismatch:
fun String.encodeToByteArray(): ByteArray
e: file:///Users/jim/work/v2superbikeshed/Trikeshed/src/commonMain/kotlin/borg/trikeshed/lib/ByteIndexed.kt:33:69 Overload resolution ambiguity between candidates:
fun ByteArray.toIndexed(): Join<Int, Function1<Int, Byte>>
fun <T> Any.toIndexed(): Join<Int, Function1<Int, T>>
fun ByteArray.toIndexed(): Join<Int, Function1<Int, Byte>>
e: file:///Users/jim/work/v2superbikeshed/Trikeshed/src/commonMain/kotlin/borg/trikeshed/lib/ByteIndexed.kt:93:23 Cannot infer type for this parameter. Specify it explicitly.
e: file:///Users/jim/work/v2superbikeshed/Trikeshed/src/commonMain/kotlin/borg/trikeshed/lib/ByteIndexed.kt:93:23 Unresolved reference. None of the following candidates is applicable because of a receiver type mismatch:
fun <T> Join<Int, Function1<Int, Join<Any?, TypeMemento>>>.get(column: Column<T>): T?
e: file:///Users/jim/work/v2superbikeshed/Trikeshed/src/commonMain/kotlin/borg/trikeshed/lib/ByteIndexed.kt:143:65 Unresolved reference 'decodeToChars'.
e: file:///Users/jim/work/v2superbikeshed/Trikeshed/src/commonMain/kotlin/borg/trikeshed/lib/ByteIndexed.kt:155:39 Cannot infer type for this parameter. Specify it explicitly.
e: file:///Users/jim/work/v2superbikeshed/Trikeshed/src/commonMain/kotlin/borg/trikeshed/lib/ByteIndexed.kt:155:39 Unresolved reference. None of the following candidates is applicable because of a receiver type mismatch:
fun <T> Join<Int, Function1<Int, Join<Any?, TypeMemento>>>.get(column: Column<T>): T?
e: file:///Users/jim/work/v2superbikeshed/Trikeshed/src/commonMain/kotlin/borg/trikeshed/lib/ByteIndexed.kt:156:39 Cannot infer type for this parameter. Specify it explicitly.
e: file:///Users/jim/work/v2superbikeshed/Trikeshed/src/commonMain/kotlin/borg/trikeshed/lib/ByteIndexed.kt:156:39 Unresolved reference. None of the following candidates is applicable because of a receiver type mismatch:
fun <T> Join<Int, Function1<Int, Join<Any?, TypeMemento>>>.get(column: Column<T>): T?
e: file:///Users/jim/work/v2superbikeshed/Trikeshed/src/commonMain/kotlin/borg/trikeshed/lib/ByteIndexed.kt:206:24 Unresolved reference. None of the following candidates is applicable because of a receiver type mismatch:
fun <T> Join<Int, Function1<Int, Join<Any?, TypeMemento>>>.get(column: Column<T>): T?
e: file:///Users/jim/work/v2superbikeshed/Trikeshed/src/commonMain/kotlin/borg/trikeshed/lib/ByteIndexed.kt:226:49 Inapplicable candidate(s): val get: Byte
e: file:///Users/jim/work/v2superbikeshed/Trikeshed/src/commonMain/kotlin/borg/trikeshed/lib/ByteIndexed.kt:243:25 Operator '==' cannot be applied to 'Byte' and 'Int'.
e: file:///Users/jim/work/v2superbikeshed/Trikeshed/src/commonMain/kotlin/borg/trikeshed/lib/ByteIndexed.kt:261:25 Incompatible types 'Byte' and 'Int'.
e: file:///Users/jim/work/v2superbikeshed/Trikeshed/src/commonMain/kotlin/borg/trikeshed/lib/ByteIndexed.kt:262:25 Incompatible types 'Byte' and 'Int'.
e: file:///Users/jim/work/v2superbikeshed/Trikeshed/src/commonMain/kotlin/borg/trikeshed/lib/ByteIndexed.kt:271:25 Incompatible types 'Byte' and 'Int'.
e: file:///Users/jim/work/v2superbikeshed/Trikeshed/src/commonMain/kotlin/borg/trikeshed/lib/ByteIndexed.kt:309:95 Overload resolution ambiguity between candidates:
fun <X, C, V : Join<Int, Function1<Int, X>>> V.α(crossinline xform: (X) -> C): Join<Int, Function1<Int, C>>
fun <X, C, V : Join<Int, Function1<Int, X>>> V.α(crossinline xform: (X) -> C): Join<Int, Function1<Int, C>>
e: file:///Users/jim/work/v2superbikeshed/Trikeshed/src/commonMain/kotlin/borg/trikeshed/lib/ByteIndexed.kt:310:9 Unresolved reference 'it'.
e: file:///Users/jim/work/v2superbikeshed/Trikeshed/src/commonMain/kotlin/borg/trikeshed/lib/ByteIndexed.kt:318:17 Cannot infer type for this parameter. Specify it explicitly.
e: file:///Users/jim/work/v2superbikeshed/Trikeshed/src/commonMain/kotlin/borg/trikeshed/lib/ByteIndexed.kt:318:17 Unresolved reference. None of the following candidates is applicable because of a receiver type mismatch:
fun <T> Join<Int, Function1<Int, Join<Any?, TypeMemento>>>.get(column: Column<T>): T?
e: file:///Users/jim/work/v2superbikeshed/Trikeshed/src/commonMain/kotlin/borg/trikeshed/lib/ByteIndexed.kt:325:26 Cannot infer type for this parameter. Specify it explicitly.
e: file:///Users/jim/work/v2superbikeshed/Trikeshed/src/commonMain/kotlin/borg/trikeshed/lib/ByteIndexed.kt:325:26 Unresolved reference. None of the following candidates is applicable because of a receiver type mismatch:
fun <T> Join<Int, Function1<Int, Join<Any?, TypeMemento>>>.get(column: Column<T>): T?
e: file:///Users/jim/work/v2superbikeshed/Trikeshed/src/commonMain/kotlin/borg/trikeshed/lib/ByteIndexed.kt:331:26 Cannot infer type for this parameter. Specify it explicitly.
e: file:///Users/jim/work/v2superbikeshed/Trikeshed/src/commonMain/kotlin/borg/trikeshed/lib/ByteIndexed.kt:331:26 Unresolved reference. None of the following candidates is applicable because of a receiver type mismatch:
fun <T> Join<Int, Function1<Int, Join<Any?, TypeMemento>>>.get(column: Column<T>): T?
e: file:///Users/jim/work/v2superbikeshed/Trikeshed/src/commonMain/kotlin/borg/trikeshed/lib/ByteIndexed.kt:332:26 Cannot infer type for this parameter. Specify it explicitly.
e: file:///Users/jim/work/v2superbikeshed/Trikeshed/src/commonMain/kotlin/borg/trikeshed/lib/ByteIndexed.kt:332:26 Unresolved reference. None of the following candidates is applicable because of a receiver type mismatch:
fun <T> Join<Int, Function1<Int, Join<Any?, TypeMemento>>>.get(column: Column<T>): T?
e: file:///Users/jim/work/v2superbikeshed/Trikeshed/src/commonMain/kotlin/borg/trikeshed/lib/ByteIndexed.kt:340:50 Unresolved reference. None of the following candidates is applicable because of a receiver type mismatch:
fun ByteIndexedBuffer.decodeToString(): String
e: file:///Users/jim/work/v2superbikeshed/Trikeshed/src/commonMain/kotlin/borg/trikeshed/lib/ByteIndexed.kt:355:14 Cannot infer type for this parameter. Specify it explicitly.
e: file:///Users/jim/work/v2superbikeshed/Trikeshed/src/commonMain/kotlin/borg/trikeshed/lib/ByteIndexed.kt:355:14 Unresolved reference. None of the following candidates is applicable because of a receiver type mismatch:
fun <T> Join<Int, Function1<Int, Join<Any?, TypeMemento>>>.get(column: Column<T>): T?
e: file:///Users/jim/work/v2superbikeshed/Trikeshed/src/commonMain/kotlin/borg/trikeshed/lib/ByteIndexed.kt:357:24 Cannot infer type for this parameter. Specify it explicitly.
e: file:///Users/jim/work/v2superbikeshed/Trikeshed/src/commonMain/kotlin/borg/trikeshed/lib/ByteIndexed.kt:357:24 Unresolved reference. None of the following candidates is applicable because of a receiver type mismatch:
fun <T> Join<Int, Function1<Int, Join<Any?, TypeMemento>>>.get(column: Column<T>): T?
e: file:///Users/jim/work/v2superbikeshed/Trikeshed/src/commonMain/kotlin/borg/trikeshed/lib/ByteIndexed.kt:367:55 Unresolved reference. None of the following candidates is applicable because of a receiver type mismatch:
fun Join<Int, Function1<Int, Byte>>.asString(): String
e: file:///Users/jim/work/v2superbikeshed/Trikeshed/src/commonMain/kotlin/borg/trikeshed/lib/ByteIndexed.kt:370:38 None of the following candidates is applicable:
fun <X, C, V : Join<Int, Function1<Int, X>>> V.α(crossinline xform: (X) -> C): Join<Int, Function1<Int, C>>
fun <X, C> Array<X>.α(crossinline xform: (X) -> C): Join<Int, Function1<Int, C>>
fun <X, C, Subject : Iterable<X>> Subject.α(xform: (X) -> C): Iterable<C>
fun <X, C, V : Join<Int, Function1<Int, X>>> V.α(crossinline xform: (X) -> C): Join<Int, Function1<Int, C>>
e: file:///Users/jim/work/v2superbikeshed/Trikeshed/src/commonMain/kotlin/borg/trikeshed/lib/ByteIndexed.kt:370:42 Unresolved reference 'it'.
e: file:///Users/jim/work/v2superbikeshed/Trikeshed/src/commonMain/kotlin/borg/trikeshed/lib/ByteIndexed.kt:371:17 Unresolved reference 'a'.
e: file:///Users/jim/work/v2superbikeshed/Trikeshed/src/commonMain/kotlin/borg/trikeshed/lib/ByteIndexed.kt:371:32 Cannot infer type for this parameter. Specify it explicitly.
e: file:///Users/jim/work/v2superbikeshed/Trikeshed/src/commonMain/kotlin/borg/trikeshed/lib/ByteIndexed.kt:371:32 Not enough information to infer type argument for 'T'.
e: file:///Users/jim/work/v2superbikeshed/Trikeshed/src/commonMain/kotlin/borg/trikeshed/lib/ByteIndexed.kt:371:42 Unresolved reference '▶'.
e: file:///Users/jim/work/v2superbikeshed/Trikeshed/src/commonMain/kotlin/borg/trikeshed/lib/ByteIndexed.kt:371:46 Cannot infer type for this parameter. Specify it explicitly.
e: file:///Users/jim/work/v2superbikeshed/Trikeshed/src/commonMain/kotlin/borg/trikeshed/lib/ByteIndexed.kt:371:50 Cannot infer type for this parameter. Specify it explicitly.
e: file:///Users/jim/work/v2superbikeshed/Trikeshed/src/commonMain/kotlin/borg/trikeshed/lib/ByteIndexed.kt:371:55 Function invocation 'first()' expected.
e: file:///Users/jim/work/v2superbikeshed/Trikeshed/src/commonMain/kotlin/borg/trikeshed/lib/ByteIndexed.kt:371:67 Unresolved reference 'second'.
e: file:///Users/jim/work/v2superbikeshed/Trikeshed/src/commonMain/kotlin/borg/trikeshed/lib/ByteIndexed.kt:375:38 None of the following candidates is applicable:
fun <X, C, V : Join<Int, Function1<Int, X>>> V.α(crossinline xform: (X) -> C): Join<Int, Function1<Int, C>>
fun <X, C> Array<X>.α(crossinline xform: (X) -> C): Join<Int, Function1<Int, C>>
fun <X, C, Subject : Iterable<X>> Subject.α(xform: (X) -> C): Iterable<C>
fun <X, C, V : Join<Int, Function1<Int, X>>> V.α(crossinline xform: (X) -> C): Join<Int, Function1<Int, C>>
e: file:///Users/jim/work/v2superbikeshed/Trikeshed/src/commonMain/kotlin/borg/trikeshed/lib/ByteIndexed.kt:375:42 Unresolved reference 'it'.
e: file:///Users/jim/work/v2superbikeshed/Trikeshed/src/commonMain/kotlin/borg/trikeshed/lib/ByteIndexed.kt:376:17 Unresolved reference 'a'.
e: file:///Users/jim/work/v2superbikeshed/Trikeshed/src/commonMain/kotlin/borg/trikeshed/lib/ByteIndexed.kt:376:32 Cannot infer type for this parameter. Specify it explicitly.
e: file:///Users/jim/work/v2superbikeshed/Trikeshed/src/commonMain/kotlin/borg/trikeshed/lib/ByteIndexed.kt:376:32 Not enough information to infer type argument for 'T'.
e: file:///Users/jim/work/v2superbikeshed/Trikeshed/src/commonMain/kotlin/borg/trikeshed/lib/ByteIndexed.kt:376:53 Unresolved reference '▶'.
e: file:///Users/jim/work/v2superbikeshed/Trikeshed/src/commonMain/kotlin/borg/trikeshed/lib/ByteIndexed.kt:376:57 Cannot infer type for this parameter. Specify it explicitly.
e: file:///Users/jim/work/v2superbikeshed/Trikeshed/src/commonMain/kotlin/borg/trikeshed/lib/ByteIndexed.kt:376:61 Cannot infer type for this parameter. Specify it explicitly.
e: file:///Users/jim/work/v2superbikeshed/Trikeshed/src/commonMain/kotlin/borg/trikeshed/lib/ByteIndexed.kt:376:66 Function invocation 'first()' expected.
e: file:///Users/jim/work/v2superbikeshed/Trikeshed/src/commonMain/kotlin/borg/trikeshed/lib/ByteIndexed.kt:376:78 Unresolved reference 'second'.
e: file:///Users/jim/work/v2superbikeshed/Trikeshed/src/commonMain/kotlin/borg/trikeshed/lib/ByteIndexed.kt:390:30 Cannot infer type for this parameter. Specify it explicitly.
e: file:///Users/jim/work/v2superbikeshed/Trikeshed/src/commonMain/kotlin/borg/trikeshed/lib/ByteIndexed.kt:390:30 Unresolved reference. None of the following candidates is applicable because of a receiver type mismatch:
fun <T> Join<Int, Function1<Int, Join<Any?, TypeMemento>>>.get(column: Column<T>): T?
e: file:///Users/jim/work/v2superbikeshed/Trikeshed/src/commonMain/kotlin/borg/trikeshed/lib/ByteIndexed.kt:398:17 None of the following candidates is applicable:
fun <X, C, V : Join<Int, Function1<Int, X>>> V.α(crossinline xform: (X) -> C): Join<Int, Function1<Int, C>>
fun <X, C> Array<X>.α(crossinline xform: (X) -> C): Join<Int, Function1<Int, C>>
fun <X, C, Subject : Iterable<X>> Subject.α(xform: (X) -> C): Iterable<C>
fun <X, C, V : Join<Int, Function1<Int, X>>> V.α(crossinline xform: (X) -> C): Join<Int, Function1<Int, C>>
e: file:///Users/jim/work/v2superbikeshed/Trikeshed/src/commonMain/kotlin/borg/trikeshed/lib/ByteIndexed.kt:398:21 Cannot infer type for this parameter. Specify it explicitly.
e: file:///Users/jim/work/v2superbikeshed/Trikeshed/src/commonMain/kotlin/borg/trikeshed/lib/ByteIndexed.kt:400:43 Unresolved reference 'dec'.
e: file:///Users/jim/work/v2superbikeshed/Trikeshed/src/commonMain/kotlin/borg/trikeshed/lib/ByteIndexed.kt:408:9 Cannot infer type for this parameter. Specify it explicitly.
e: file:///Users/jim/work/v2superbikeshed/Trikeshed/src/commonMain/kotlin/borg/trikeshed/lib/ByteIndexed.kt:408:9 Unresolved reference. None of the following candidates is applicable because of a receiver type mismatch:
fun <T> Join<Int, Function1<Int, Join<Any?, TypeMemento>>>.get(column: Column<T>): T?
e: file:///Users/jim/work/v2superbikeshed/Trikeshed/src/commonMain/kotlin/borg/trikeshed/lib/CharIndexed.kt:88:23 Cannot infer type for this parameter. Specify it explicitly.
e: file:///Users/jim/work/v2superbikeshed/Trikeshed/src/commonMain/kotlin/borg/trikeshed/lib/CharIndexed.kt:88:23 Unresolved reference. None of the following candidates is applicable because of a receiver type mismatch:
fun <T> Join<Int, Function1<Int, Join<Any?, TypeMemento>>>.get(column: Column<T>): T?
e: file:///Users/jim/work/v2superbikeshed/Trikeshed/src/commonMain/kotlin/borg/trikeshed/lib/CharIndexed.kt:139:51 Argument type mismatch: actual type is 'Char?', but 'Char' was expected.
e: file:///Users/jim/work/v2superbikeshed/Trikeshed/src/commonMain/kotlin/borg/trikeshed/lib/CharIndexed.kt:139:51 Unresolved reference. None of the following candidates is applicable because of a receiver type mismatch:
fun <T> Join<Int, Function1<Int, Join<Any?, TypeMemento>>>.get(column: Column<T>): T?
e: file:///Users/jim/work/v2superbikeshed/Trikeshed/src/commonMain/kotlin/borg/trikeshed/lib/CharIndexed.kt:168:30 Cannot infer type for this parameter. Specify it explicitly.
e: file:///Users/jim/work/v2superbikeshed/Trikeshed/src/commonMain/kotlin/borg/trikeshed/lib/CharIndexed.kt:168:30 Unresolved reference. None of the following candidates is applicable because of a receiver type mismatch:
fun <T> Join<Int, Function1<Int, Join<Any?, TypeMemento>>>.get(column: Column<T>): T?
e: file:///Users/jim/work/v2superbikeshed/Trikeshed/src/commonMain/kotlin/borg/trikeshed/lib/CharIndexed.kt:168:30 Argument type mismatch: actual type is 'T? (of fun <T> Join<Int, Function1<Int, Join<Any?, TypeMemento>>>.get)', but 'Char' was expected.
e: file:///Users/jim/work/v2superbikeshed/Trikeshed/src/commonMain/kotlin/borg/trikeshed/lib/CharIndexed.kt:170:30 Cannot infer type for this parameter. Specify it explicitly.
e: file:///Users/jim/work/v2superbikeshed/Trikeshed/src/commonMain/kotlin/borg/trikeshed/lib/CharIndexed.kt:170:30 Unresolved reference. None of the following candidates is applicable because of a receiver type mismatch:
fun <T> Join<Int, Function1<Int, Join<Any?, TypeMemento>>>.get(column: Column<T>): T?
e: file:///Users/jim/work/v2superbikeshed/Trikeshed/src/commonMain/kotlin/borg/trikeshed/lib/CharIndexed.kt:170:30 Argument type mismatch: actual type is 'T? (of fun <T> Join<Int, Function1<Int, Join<Any?, TypeMemento>>>.get)', but 'Char' was expected.
e: file:///Users/jim/work/v2superbikeshed/Trikeshed/src/commonMain/kotlin/borg/trikeshed/lib/CharIndexed.kt:239:24 Unresolved reference. None of the following candidates is applicable because of a receiver type mismatch:
fun <T> Join<Int, Function1<Int, Join<Any?, TypeMemento>>>.get(column: Column<T>): T?
e: file:///Users/jim/work/v2superbikeshed/Trikeshed/src/commonMain/kotlin/borg/trikeshed/lib/CharIndexed.kt:274:33 Inapplicable candidate(s): val get: Char
e: file:///Users/jim/work/v2superbikeshed/Trikeshed/src/commonMain/kotlin/borg/trikeshed/lib/CharIndexed.kt:335:56 Unresolved reference 'CharIndexed'.
e: file:///Users/jim/work/v2superbikeshed/Trikeshed/src/commonMain/kotlin/borg/trikeshed/lib/CharIndexed.kt:338:38 Cannot infer type for this parameter. Specify it explicitly.
e: file:///Users/jim/work/v2superbikeshed/Trikeshed/src/commonMain/kotlin/borg/trikeshed/lib/CharIndexed.kt:338:38 Not enough information to infer type argument for 'B'.
e: file:///Users/jim/work/v2superbikeshed/Trikeshed/src/commonMain/kotlin/borg/trikeshed/lib/CharIndexed.kt:338:42 Cannot infer type for this parameter. Specify it explicitly.
e: file:///Users/jim/work/v2superbikeshed/Trikeshed/src/commonMain/kotlin/borg/trikeshed/lib/CharIndexed.kt:345:24 Unresolved reference 'CharIndexed'.
e: file:///Users/jim/work/v2superbikeshed/Trikeshed/src/commonMain/kotlin/borg/trikeshed/lib/CharIndexed.kt:352:23 Unresolved reference 'CharIndexed'.
e: file:///Users/jim/work/v2superbikeshed/Trikeshed/src/commonMain/kotlin/borg/trikeshed/lib/CharIndexed.kt:359:30 Unresolved reference 'CharIndexed'.
e: file:///Users/jim/work/v2superbikeshed/Trikeshed/src/commonMain/kotlin/borg/trikeshed/lib/CharIndexed.kt:360:26 Unresolved reference 'a'.
e: file:///Users/jim/work/v2superbikeshed/Trikeshed/src/commonMain/kotlin/borg/trikeshed/lib/CharIndexed.kt:382:28 Unresolved reference 'CharIndexed'.
e: file:///Users/jim/work/v2superbikeshed/Trikeshed/src/commonMain/kotlin/borg/trikeshed/lib/CharIndexed.kt:383:20 Unresolved reference 'a'.
e: file:///Users/jim/work/v2superbikeshed/Trikeshed/src/commonMain/kotlin/borg/trikeshed/lib/CharIndexed.kt:384:34 Unresolved reference 'a'.
e: file:///Users/jim/work/v2superbikeshed/Trikeshed/src/commonMain/kotlin/borg/trikeshed/lib/CharIndexed.kt:393:26 Unresolved reference 'CharIndexed'.
e: file:///Users/jim/work/v2superbikeshed/Trikeshed/src/commonMain/kotlin/borg/trikeshed/lib/CharIndexed.kt:394:20 Unresolved reference 'a'.
e: file:///Users/jim/work/v2superbikeshed/Trikeshed/src/commonMain/kotlin/borg/trikeshed/lib/CharIndexed.kt:395:40 Unresolved reference 'a'.
e: file:///Users/jim/work/v2superbikeshed/Trikeshed/src/commonMain/kotlin/borg/trikeshed/lib/CharIndexed.kt:396:34 Unresolved reference 'a'.
e: file:///Users/jim/work/v2superbikeshed/Trikeshed/src/commonMain/kotlin/borg/trikeshed/lib/CharIndexed.kt:397:19 Argument type mismatch: actual type is 'Join<Shape, Function1<Shape, Int>>', but 'Int' was expected.
e: file:///Users/jim/work/v2superbikeshed/Trikeshed/src/commonMain/kotlin/borg/trikeshed/lib/CharIndexed.kt:406:52 Unresolved reference 'CharIndexed'.
e: file:///Users/jim/work/v2superbikeshed/Trikeshed/src/commonMain/kotlin/borg/trikeshed/lib/CharIndexed.kt:409:38 Cannot infer type for this parameter. Specify it explicitly.
e: file:///Users/jim/work/v2superbikeshed/Trikeshed/src/commonMain/kotlin/borg/trikeshed/lib/CharIndexed.kt:409:38 Not enough information to infer type argument for 'B'.
e: file:///Users/jim/work/v2superbikeshed/Trikeshed/src/commonMain/kotlin/borg/trikeshed/lib/CharIndexed.kt:409:42 Cannot infer type for this parameter. Specify it explicitly.
e: file:///Users/jim/work/v2superbikeshed/Trikeshed/src/commonMain/kotlin/borg/trikeshed/lib/CharIndexed.kt:416:22 Unresolved reference 'CharIndexed'.
e: file:///Users/jim/work/v2superbikeshed/Trikeshed/src/commonMain/kotlin/borg/trikeshed/lib/CharIndexed.kt:427:34 Cannot infer type for this parameter. Specify it explicitly.
e: file:///Users/jim/work/v2superbikeshed/Trikeshed/src/commonMain/kotlin/borg/trikeshed/lib/CharIndexed.kt:427:34 Not enough information to infer type argument for 'B'.
e: file:///Users/jim/work/v2superbikeshed/Trikeshed/src/commonMain/kotlin/borg/trikeshed/lib/CharIndexed.kt:427:38 Cannot infer type for this parameter. Specify it explicitly.
e: file:///Users/jim/work/v2superbikeshed/Trikeshed/src/commonMain/kotlin/borg/trikeshed/lib/CharIndexed.kt:434:45 Unresolved reference 'CharIndexed'.
e: file:///Users/jim/work/v2superbikeshed/Trikeshed/src/commonMain/kotlin/borg/trikeshed/lib/CharIndexed.kt:443:39 Unresolved reference 'CharIndexed'.
e: file:///Users/jim/work/v2superbikeshed/Trikeshed/src/commonMain/kotlin/borg/trikeshed/lib/CharIndexed.kt:446:41 Cannot infer type for this parameter. Specify it explicitly.
e: file:///Users/jim/work/v2superbikeshed/Trikeshed/src/commonMain/kotlin/borg/trikeshed/lib/CharIndexed.kt:446:41 Not enough information to infer type argument for 'B'.
e: file:///Users/jim/work/v2superbikeshed/Trikeshed/src/commonMain/kotlin/borg/trikeshed/lib/CharIndexed.kt:446:45 Cannot infer type for this parameter. Specify it explicitly.
e: file:///Users/jim/work/v2superbikeshed/Trikeshed/src/commonMain/kotlin/borg/trikeshed/lib/CharIndexed.kt:523:30 Cannot infer type for this parameter. Specify it explicitly.
e: file:///Users/jim/work/v2superbikeshed/Trikeshed/src/commonMain/kotlin/borg/trikeshed/lib/CharIndexed.kt:523:30 Unresolved reference. None of the following candidates is applicable because of a receiver type mismatch:
fun <T> Join<Int, Function1<Int, Join<Any?, TypeMemento>>>.get(column: Column<T>): T?
e: file:///Users/jim/work/v2superbikeshed/Trikeshed/src/commonMain/kotlin/borg/trikeshed/lib/CharIndexed.kt:531:17 None of the following candidates is applicable:
fun <X, C, V : Join<Int, Function1<Int, X>>> V.α(crossinline xform: (X) -> C): Join<Int, Function1<Int, C>>
fun <X, C> Array<X>.α(crossinline xform: (X) -> C): Join<Int, Function1<Int, C>>
fun <X, C, Subject : Iterable<X>> Subject.α(xform: (X) -> C): Iterable<C>
fun <X, C, V : Join<Int, Function1<Int, X>>> V.α(crossinline xform: (X) -> C): Join<Int, Function1<Int, C>>
e: file:///Users/jim/work/v2superbikeshed/Trikeshed/src/commonMain/kotlin/borg/trikeshed/lib/CharIndexed.kt:531:21 Cannot infer type for this parameter. Specify it explicitly.
e: file:///Users/jim/work/v2superbikeshed/Trikeshed/src/commonMain/kotlin/borg/trikeshed/lib/CharIndexed.kt:533:43 Unresolved reference 'dec'.
e: file:///Users/jim/work/v2superbikeshed/Trikeshed/src/commonMain/kotlin/borg/trikeshed/lib/CharIndexed.kt:541:9 Cannot infer type for this parameter. Specify it explicitly.
e: file:///Users/jim/work/v2superbikeshed/Trikeshed/src/commonMain/kotlin/borg/trikeshed/lib/CharIndexed.kt:541:9 Unresolved reference. None of the following candidates is applicable because of a receiver type mismatch:
fun <T> Join<Int, Function1<Int, Join<Any?, TypeMemento>>>.get(column: Column<T>): T?
e: file:///Users/jim/work/v2superbikeshed/Trikeshed/src/commonMain/kotlin/borg/trikeshed/lib/CharIndexed.kt:549:53 Unresolved reference. None of the following candidates is applicable because of a receiver type mismatch:
fun CharArray.concatToString(): String
e: file:///Users/jim/work/v2superbikeshed/Trikeshed/src/commonMain/kotlin/borg/trikeshed/lib/CharIndexed.kt:550:82 Cannot infer type for this parameter. Specify it explicitly.
e: file:///Users/jim/work/v2superbikeshed/Trikeshed/src/commonMain/kotlin/borg/trikeshed/lib/CharIndexed.kt:550:82 Unresolved reference. None of the following candidates is applicable because of a receiver type mismatch:
fun <T> Join<Int, Function1<Int, Join<Any?, TypeMemento>>>.get(column: Column<T>): T?
e: file:///Users/jim/work/v2superbikeshed/Trikeshed/src/commonMain/kotlin/borg/trikeshed/lib/ColumnarExtensions.kt:106:41 Return type mismatch: expected 'Join<A (of fun <A, T> T.lift), Function1<A (of fun <A, T> T.lift), T (of fun <A, T> T.lift)>>', actual 'Join<Int, ERROR CLASS: Cannot infer argument for type parameter B>'.
e: file:///Users/jim/work/v2superbikeshed/Trikeshed/src/commonMain/kotlin/borg/trikeshed/lib/ColumnarExtensions.kt:106:43 Cannot infer type for this parameter. Specify it explicitly.
e: file:///Users/jim/work/v2superbikeshed/Trikeshed/src/commonMain/kotlin/borg/trikeshed/lib/ColumnarExtensions.kt:106:43 Not enough information to infer type argument for 'B'.
e: file:///Users/jim/work/v2superbikeshed/Trikeshed/src/commonMain/kotlin/borg/trikeshed/lib/ColumnarExtensions.kt:106:47 Cannot infer type for this parameter. Specify it explicitly.
e: file:///Users/jim/work/v2superbikeshed/Trikeshed/src/commonMain/kotlin/borg/trikeshed/lib/ColumnarExtensions.kt:162:35 None of the following candidates is applicable:
fun <T, R> Array<out T>.mapIndexed(transform: (@ParameterName(...) Int, T) -> R): List<R>
fun <R> ByteArray.mapIndexed(transform: (@ParameterName(...) Int, Byte) -> R): List<R>
fun <R> ShortArray.mapIndexed(transform: (@ParameterName(...) Int, Short) -> R): List<R>
fun <R> IntArray.mapIndexed(transform: (@ParameterName(...) Int, Int) -> R): List<R>
fun <R> LongArray.mapIndexed(transform: (@ParameterName(...) Int, Long) -> R): List<R>
fun <R> FloatArray.mapIndexed(transform: (@ParameterName(...) Int, Float) -> R): List<R>
fun <R> DoubleArray.mapIndexed(transform: (@ParameterName(...) Int, Double) -> R): List<R>
fun <R> BooleanArray.mapIndexed(transform: (@ParameterName(...) Int, Boolean) -> R): List<R>
fun <R> CharArray.mapIndexed(transform: (@ParameterName(...) Int, Char) -> R): List<R>
fun <T, R> Iterable<T>.mapIndexed(transform: (@ParameterName(...) Int, T) -> R): List<R>
fun <R> UIntArray.mapIndexed(transform: (@ParameterName(...) Int, UInt) -> R): List<R>
fun <R> ULongArray.mapIndexed(transform: (@ParameterName(...) Int, ULong) -> R): List<R>
fun <R> UByteArray.mapIndexed(transform: (@ParameterName(...) Int, UByte) -> R): List<R>
fun <R> UShortArray.mapIndexed(transform: (@ParameterName(...) Int, UShort) -> R): List<R>
fun <T, R> Sequence<T>.mapIndexed(transform: (@ParameterName(...) Int, T) -> R): Sequence<R>
fun <R> CharSequence.mapIndexed(transform: (@ParameterName(...) Int, Char) -> R): List<R>
e: file:///Users/jim/work/v2superbikeshed/Trikeshed/src/commonMain/kotlin/borg/trikeshed/lib/ColumnarExtensions.kt:162:48 Cannot infer type for this parameter. Specify it explicitly.
e: file:///Users/jim/work/v2superbikeshed/Trikeshed/src/commonMain/kotlin/borg/trikeshed/lib/ColumnarExtensions.kt:162:51 Cannot infer type for this parameter. Specify it explicitly.
e: file:///Users/jim/work/v2superbikeshed/Trikeshed/src/commonMain/kotlin/borg/trikeshed/lib/ColumnarExtensions.kt:162:64 Cannot infer type for this parameter. Specify it explicitly.
e: file:///Users/jim/work/v2superbikeshed/Trikeshed/src/commonMain/kotlin/borg/trikeshed/lib/ColumnarExtensions.kt:162:64 Unresolved reference. None of the following candidates is applicable because of a receiver type mismatch:
fun <A, B> A.to(that: B): Pair<A, B>
e: file:///Users/jim/work/v2superbikeshed/Trikeshed/src/commonMain/kotlin/borg/trikeshed/lib/ColumnarExtensions.kt:163:56 Unresolved reference. None of the following candidates is applicable because of a receiver type mismatch:
fun Join<Int, Function1<Int, Int>>.toIntArray(): IntArray
e: file:///Users/jim/work/v2superbikeshed/Trikeshed/src/commonMain/kotlin/borg/trikeshed/lib/ColumnarExtensions.kt:183:16 Cannot inline 'transform: (Join<Int, Function1<Int, Join<Any?, TypeMemento>>>) -> Join<Int, Function1<Int, Join<Any?, TypeMemento>>>' here: it might contain non-local returns. Add 'crossinline' modifier to parameter declaration 'transform: (Join<Int, Function1<Int, Join<Any?, TypeMemento>>>) -> Join<Int, Function1<Int, Join<Any?, TypeMemento>>>'.
e: file:///Users/jim/work/v2superbikeshed/Trikeshed/src/commonMain/kotlin/borg/trikeshed/lib/ColumnarExtensions.kt:390:33 Unresolved reference 'b1'.
e: file:///Users/jim/work/v2superbikeshed/Trikeshed/src/commonMain/kotlin/borg/trikeshed/lib/ColumnarExtensions.kt:391:36 Unresolved reference 'b2'.
e: file:///Users/jim/work/v2superbikeshed/Trikeshed/src/commonMain/kotlin/borg/trikeshed/lib/ColumnarExtensions.kt:406:29 Unresolved reference 'b1'.
e: file:///Users/jim/work/v2superbikeshed/Trikeshed/src/commonMain/kotlin/borg/trikeshed/lib/ColumnarExtensions.kt:407:32 Unresolved reference 'b2'.
e: file:///Users/jim/work/v2superbikeshed/Trikeshed/src/commonMain/kotlin/borg/trikeshed/lib/ColumnarExtensions.kt:441:60 Cannot infer type for this parameter. Specify it explicitly.
e: file:///Users/jim/work/v2superbikeshed/Trikeshed/src/commonMain/kotlin/borg/trikeshed/lib/ColumnarExtensions.kt:441:60 Not enough information to infer type argument for 'B'.
e: file:///Users/jim/work/v2superbikeshed/Trikeshed/src/commonMain/kotlin/borg/trikeshed/lib/ColumnarExtensions.kt:441:64 Cannot infer type for this parameter. Specify it explicitly.
e: file:///Users/jim/work/v2superbikeshed/Trikeshed/src/commonMain/kotlin/borg/trikeshed/lib/ColumnarExtensions.kt:442:29 'operator' modifier is required on 'FirNamedFunctionSymbol kotlin/compareTo' in 'compareTo'.
e: file:///Users/jim/work/v2superbikeshed/Trikeshed/src/commonMain/kotlin/borg/trikeshed/lib/ColumnarExtensions.kt:442:73 Argument type mismatch: actual type is 'Join<Shape, Function1<Shape, Int>>', but 'Int' was expected.
e: file:///Users/jim/work/v2superbikeshed/Trikeshed/src/commonMain/kotlin/borg/trikeshed/lib/CoreTypes.kt:44:11 Redeclaration:
typealias RowVec = Join<Int, Function1<Int, Join<Any?, TypeMemento>>>
e: file:///Users/jim/work/v2superbikeshed/Trikeshed/src/commonMain/kotlin/borg/trikeshed/lib/CoreTypes.kt:114:64 None of the following candidates is applicable:
fun <K, V> mapOf(pair: Pair<K, V>): Map<K, V>
fun <K, V> mapOf(vararg pairs: Pair<K, V>): Map<K, V>
e: file:///Users/jim/work/v2superbikeshed/Trikeshed/src/commonMain/kotlin/borg/trikeshed/lib/CoreTypes.kt:119:14 Conflicting overloads:
fun <X, C, V : Join<Int, Function1<Int, X>>> V.α(crossinline xform: (X) -> C): Join<Int, Function1<Int, C>>
e: file:///Users/jim/work/v2superbikeshed/Trikeshed/src/commonMain/kotlin/borg/trikeshed/lib/CoreTypes.kt:144:61 None of the following candidates is applicable:
fun <T> Join<Int, Function1<Int, T>>.any(predicate: (T) -> Boolean): Boolean
fun <T> Array<out T>.any(): Boolean
fun ByteArray.any(): Boolean
fun ShortArray.any(): Boolean
fun IntArray.any(): Boolean
fun LongArray.any(): Boolean
fun FloatArray.any(): Boolean
fun DoubleArray.any(): Boolean
fun BooleanArray.any(): Boolean
fun CharArray.any(): Boolean
fun <T> Array<out T>.any(predicate: (T) -> Boolean): Boolean
fun ByteArray.any(predicate: (Byte) -> Boolean): Boolean
fun ShortArray.any(predicate: (Short) -> Boolean): Boolean
fun IntArray.any(predicate: (Int) -> Boolean): Boolean
fun LongArray.any(predicate: (Long) -> Boolean): Boolean
fun FloatArray.any(predicate: (Float) -> Boolean): Boolean
fun DoubleArray.any(predicate: (Double) -> Boolean): Boolean
fun BooleanArray.any(predicate: (Boolean) -> Boolean): Boolean
fun CharArray.any(predicate: (Char) -> Boolean): Boolean
fun <T> Iterable<T>.any(): Boolean
fun <T> Iterable<T>.any(predicate: (T) -> Boolean): Boolean
fun <K, V> Map<out K, V>.any(): Boolean
fun <K, V> Map<out K, V>.any(predicate: (Map.Entry<K, V>) -> Boolean): Boolean
fun UIntArray.any(): Boolean
fun ULongArray.any(): Boolean
fun UByteArray.any(): Boolean
fun UShortArray.any(): Boolean
fun UIntArray.any(predicate: (UInt) -> Boolean): Boolean
fun ULongArray.any(predicate: (ULong) -> Boolean): Boolean
fun UByteArray.any(predicate: (UByte) -> Boolean): Boolean
fun UShortArray.any(predicate: (UShort) -> Boolean): Boolean
fun <T> Sequence<T>.any(): Boolean
fun <T> Sequence<T>.any(predicate: (T) -> Boolean): Boolean
fun CharSequence.any(): Boolean
fun CharSequence.any(predicate: (Char) -> Boolean): Boolean
e: file:///Users/jim/work/v2superbikeshed/Trikeshed/src/commonMain/kotlin/borg/trikeshed/lib/CoreTypes.kt:144:67 Unresolved reference 'it'.
e: file:///Users/jim/work/v2superbikeshed/Trikeshed/src/commonMain/kotlin/borg/trikeshed/lib/CoreTypes.kt:190:1 Conflicting overloads:
fun ByteArray.toIndexed(): Join<Int, Function1<Int, Byte>>
e: file:///Users/jim/work/v2superbikeshed/Trikeshed/src/commonMain/kotlin/borg/trikeshed/lib/CoreTypes.kt:192:13 Annotation argument must be a compile-time constant.
e: file:///Users/jim/work/v2superbikeshed/Trikeshed/src/commonMain/kotlin/borg/trikeshed/lib/CoreTypes.kt:192:75 Unresolved reference 'it'.
e: file:///Users/jim/work/v2superbikeshed/Trikeshed/src/commonMain/kotlin/borg/trikeshed/lib/CoreTypes.kt:193:6 Type parameter of a property must be used in its receiver type.
e: file:///Users/jim/work/v2superbikeshed/Trikeshed/src/commonMain/kotlin/borg/trikeshed/lib/CoreTypes.kt:196:45 Overload resolution ambiguity between candidates:
fun ByteArray.toIndexed(): Join<Int, Function1<Int, Byte>>
fun <T> Any.toIndexed(): Join<Int, Function1<Int, T>>
fun ByteArray.toIndexed(): Join<Int, Function1<Int, Byte>>
e: file:///Users/jim/work/v2superbikeshed/Trikeshed/src/commonMain/kotlin/borg/trikeshed/lib/PackingStrategies.kt:310:17 Unresolved reference 'isArray'.
e: file:///Users/jim/work/v2superbikeshed/Trikeshed/src/commonMain/kotlin/borg/trikeshed/lib/PackingStrategies.kt:316:17 Unresolved reference 'isArray'.
e: file:///Users/jim/work/v2superbikeshed/Trikeshed/src/commonMain/kotlin/borg/trikeshed/lib/PackingStrategies.kt:332:17 Unresolved reference 'isArray'.
e: file:///Users/jim/work/v2superbikeshed/Trikeshed/src/commonMain/kotlin/borg/trikeshed/lib/PackingStrategies.kt:637:9 'when' expression must be exhaustive. Add the 'ADAPTIVE' branch or an 'else' branch.
e: file:///Users/jim/work/v2superbikeshed/Trikeshed/src/commonMain/kotlin/borg/trikeshed/lib/PackingStrategies.kt:637:9 Argument type mismatch: actual type is 'Unit', but 'Function2<Any?, Any?, Boolean>' was expected.
e: file:///Users/jim/work/v2superbikeshed/Trikeshed/src/commonMain/kotlin/borg/trikeshed/lib/PackingStrategies.kt:637:9 Not enough information to infer type argument for 'K'.
e: file:///Users/jim/work/v2superbikeshed/Trikeshed/src/commonMain/kotlin/borg/trikeshed/lib/PackingStrategies.kt:638:42 Cannot infer type for this parameter. Specify it explicitly.
e: file:///Users/jim/work/v2superbikeshed/Trikeshed/src/commonMain/kotlin/borg/trikeshed/lib/PackingStrategies.kt:638:45 Cannot infer type for this parameter. Specify it explicitly.
e: file:///Users/jim/work/v2superbikeshed/Trikeshed/src/commonMain/kotlin/borg/trikeshed/lib/PackingStrategies.kt:638:50 Cannot infer type for this parameter. Specify it explicitly.
e: file:///Users/jim/work/v2superbikeshed/Trikeshed/src/commonMain/kotlin/borg/trikeshed/lib/PackingStrategies.kt:639:43 Cannot infer type for this parameter. Specify it explicitly.
e: file:///Users/jim/work/v2superbikeshed/Trikeshed/src/commonMain/kotlin/borg/trikeshed/lib/PackingStrategies.kt:639:46 Cannot infer type for this parameter. Specify it explicitly.
e: file:///Users/jim/work/v2superbikeshed/Trikeshed/src/commonMain/kotlin/borg/trikeshed/lib/PackingStrategies.kt:639:51 Cannot infer type for this parameter. Specify it explicitly.
e: file:///Users/jim/work/v2superbikeshed/Trikeshed/src/commonMain/kotlin/borg/trikeshed/lib/PackingStrategies.kt:639:76 Cannot infer type for this parameter. Specify it explicitly.
e: file:///Users/jim/work/v2superbikeshed/Trikeshed/src/commonMain/kotlin/borg/trikeshed/lib/PackingStrategies.kt:640:45 Cannot infer type for this parameter. Specify it explicitly.
e: file:///Users/jim/work/v2superbikeshed/Trikeshed/src/commonMain/kotlin/borg/trikeshed/lib/PackingStrategies.kt:640:48 Cannot infer type for this parameter. Specify it explicitly.
e: file:///Users/jim/work/v2superbikeshed/Trikeshed/src/commonMain/kotlin/borg/trikeshed/lib/PackingStrategies.kt:640:53 Cannot infer type for this parameter. Specify it explicitly.
e: file:///Users/jim/work/v2superbikeshed/Trikeshed/src/commonMain/kotlin/borg/trikeshed/lib/PackingStrategies.kt:640:77 Cannot infer type for this parameter. Specify it explicitly.
e: file:///Users/jim/work/v2superbikeshed/Trikeshed/src/commonMain/kotlin/borg/trikeshed/lib/PackingStrategies.kt:641:29 Unresolved reference 'EXPERIMENTAL'.
e: file:///Users/jim/work/v2superbikeshed/Trikeshed/src/commonMain/kotlin/borg/trikeshed/lib/PackingStrategies.kt:641:47 Cannot infer type for this parameter. Specify it explicitly.
e: file:///Users/jim/work/v2superbikeshed/Trikeshed/src/commonMain/kotlin/borg/trikeshed/lib/PackingStrategies.kt:641:50 Cannot infer type for this parameter. Specify it explicitly.
e: file:///Users/jim/work/v2superbikeshed/Trikeshed/src/commonMain/kotlin/borg/trikeshed/lib/PackingStrategies.kt:647:5 Type mismatch: inferred type is 'Join<Int, Int>', but 'Join<Any?, Any?>' was expected.
e: file:///Users/jim/work/v2superbikeshed/Trikeshed/src/commonMain/kotlin/borg/trikeshed/lib/PackingStrategies.kt:667:5 Type mismatch: inferred type is 'Join<Int, Int>', but 'Join<Any?, Any?>' was expected.
e: file:///Users/jim/work/v2superbikeshed/Trikeshed/src/commonMain/kotlin/borg/trikeshed/lib/PackingStrategies.kt:681:5 Type mismatch: inferred type is 'Join<Int, Int>', but 'Join<Any?, Any?>' was expected.
e: file:///Users/jim/work/v2superbikeshed/Trikeshed/src/commonMain/kotlin/borg/trikeshed/lib/PackingStrategies.kt:684:19 Unresolved reference 'a'.
e: file:///Users/jim/work/v2superbikeshed/Trikeshed/src/commonMain/kotlin/borg/trikeshed/lib/PackingStrategies.kt:686:18 Cannot check for instance of erased type 'Join<Int, Function1<Int, *>>'.
e: file:///Users/jim/work/v2superbikeshed/Trikeshed/src/commonMain/kotlin/borg/trikeshed/lib/PackingStrategies.kt:695:5 Type mismatch: inferred type is 'Join<Int, Int>', but 'Join<Any?, Any?>' was expected.
e: file:///Users/jim/work/v2superbikeshed/Trikeshed/src/commonMain/kotlin/borg/trikeshed/lib/PackingStrategies.kt:698:19 Unresolved reference 'a'.
e: file:///Users/jim/work/v2superbikeshed/Trikeshed/src/commonMain/kotlin/borg/trikeshed/lib/PackingStrategies.kt:700:18 Cannot check for instance of erased type 'Join<Int, Function1<Int, *>>'.
e: file:///Users/jim/work/v2superbikeshed/Trikeshed/src/commonMain/kotlin/borg/trikeshed/lib/PackingStrategies.kt:709:5 Type mismatch: inferred type is 'Join<Int, Int>', but 'Join<Any?, Any?>' was expected.
e: file:///Users/jim/work/v2superbikeshed/Trikeshed/src/commonMain/kotlin/borg/trikeshed/lib/PackingStrategies.kt:712:19 Unresolved reference 'a'.
e: file:///Users/jim/work/v2superbikeshed/Trikeshed/src/commonMain/kotlin/borg/trikeshed/lib/PackingStrategies.kt:712:38 Unresolved reference 'a'.
e: file:///Users/jim/work/v2superbikeshed/Trikeshed/src/commonMain/kotlin/borg/trikeshed/lib/PackingStrategies.kt:712:44 Unresolved reference 'a'.
e: file:///Users/jim/work/v2superbikeshed/Trikeshed/src/commonMain/kotlin/borg/trikeshed/lib/PackingStrategies.kt:714:18 Cannot check for instance of erased type 'Join<Int, Function1<Int, *>>'.
e: file:///Users/jim/work/v2superbikeshed/Trikeshed/src/commonMain/kotlin/borg/trikeshed/lib/PackingStrategies.kt:716:77 Unresolved reference 'a'.
e: file:///Users/jim/work/v2superbikeshed/Trikeshed/src/commonMain/kotlin/borg/trikeshed/lib/PackingStrategies.kt:726:5 Type mismatch: inferred type is 'Join<Int, Int>', but 'Join<Any?, Any?>' was expected.
e: file:///Users/jim/work/v2superbikeshed/Trikeshed/src/commonMain/kotlin/borg/trikeshed/lib/PackingStrategies.kt:729:19 Unresolved reference 'a'.
e: file:///Users/jim/work/v2superbikeshed/Trikeshed/src/commonMain/kotlin/borg/trikeshed/lib/PackingStrategies.kt:729:39 Unresolved reference 'a'.
e: file:///Users/jim/work/v2superbikeshed/Trikeshed/src/commonMain/kotlin/borg/trikeshed/lib/PackingStrategies.kt:731:18 Cannot check for instance of erased type 'Join<Int, Function1<Int, *>>'.
e: file:///Users/jim/work/v2superbikeshed/Trikeshed/src/commonMain/kotlin/borg/trikeshed/lib/PackingStrategies.kt:732:67 Unresolved reference 'a'.
e: file:///Users/jim/work/v2superbikeshed/Trikeshed/src/commonMain/kotlin/borg/trikeshed/lib/PackingStrategies.kt:739:92 2 type arguments expected for interface PackedResult<A, B> : Join<A, B>.
e: file:///Users/jim/work/v2superbikeshed/Trikeshed/src/commonMain/kotlin/borg/trikeshed/lib/PackingStrategies.kt:741:9 'when' expression must be exhaustive. Add the 'ADAPTIVE' branch or an 'else' branch.
e: file:///Users/jim/work/v2superbikeshed/Trikeshed/src/commonMain/kotlin/borg/trikeshed/lib/PackingStrategies.kt:741:9 Argument type mismatch: actual type is 'Unit', but 'Function2<Any?, Any?, Either<Any, ERROR CLASS: Wrong number of type arguments>>' was expected.
e: file:///Users/jim/work/v2superbikeshed/Trikeshed/src/commonMain/kotlin/borg/trikeshed/lib/PackingStrategies.kt:741:9 Not enough information to infer type argument for 'K'.
e: file:///Users/jim/work/v2superbikeshed/Trikeshed/src/commonMain/kotlin/borg/trikeshed/lib/PackingStrategies.kt:742:42 Cannot infer type for this parameter. Specify it explicitly.
e: file:///Users/jim/work/v2superbikeshed/Trikeshed/src/commonMain/kotlin/borg/trikeshed/lib/PackingStrategies.kt:742:45 Cannot infer type for this parameter. Specify it explicitly.
e: file:///Users/jim/work/v2superbikeshed/Trikeshed/src/commonMain/kotlin/borg/trikeshed/lib/PackingStrategies.kt:743:21 Cannot infer type for this parameter. Specify it explicitly.
e: file:///Users/jim/work/v2superbikeshed/Trikeshed/src/commonMain/kotlin/borg/trikeshed/lib/PackingStrategies.kt:743:72 Unresolved reference 'packDiagonal'.
e: file:///Users/jim/work/v2superbikeshed/Trikeshed/src/commonMain/kotlin/borg/trikeshed/lib/PackingStrategies.kt:746:43 Cannot infer type for this parameter. Specify it explicitly.
e: file:///Users/jim/work/v2superbikeshed/Trikeshed/src/commonMain/kotlin/borg/trikeshed/lib/PackingStrategies.kt:746:46 Cannot infer type for this parameter. Specify it explicitly.
e: file:///Users/jim/work/v2superbikeshed/Trikeshed/src/commonMain/kotlin/borg/trikeshed/lib/PackingStrategies.kt:748:21 Cannot infer type for this parameter. Specify it explicitly.
e: file:///Users/jim/work/v2superbikeshed/Trikeshed/src/commonMain/kotlin/borg/trikeshed/lib/PackingStrategies.kt:748:46 Unresolved reference 'packPrefixed'.
e: file:///Users/jim/work/v2superbikeshed/Trikeshed/src/commonMain/kotlin/borg/trikeshed/lib/PackingStrategies.kt:748:46 Argument type mismatch: actual type is 'R (of fun <T, R> T.let)', but 'K (of fun <K> WHEN_CALL)' was expected.
e: file:///Users/jim/work/v2superbikeshed/Trikeshed/src/commonMain/kotlin/borg/trikeshed/lib/PackingStrategies.kt:748:65 Cannot infer type for this parameter. Specify it explicitly.
e: file:///Users/jim/work/v2superbikeshed/Trikeshed/src/commonMain/kotlin/borg/trikeshed/lib/PackingStrategies.kt:748:69 Cannot infer type for this parameter. Specify it explicitly.
e: file:///Users/jim/work/v2superbikeshed/Trikeshed/src/commonMain/kotlin/borg/trikeshed/lib/PackingStrategies.kt:748:102 Function invocation 'first()' expected.
e: file:///Users/jim/work/v2superbikeshed/Trikeshed/src/commonMain/kotlin/borg/trikeshed/lib/PackingStrategies.kt:748:112 Unresolved reference 'second'.
e: file:///Users/jim/work/v2superbikeshed/Trikeshed/src/commonMain/kotlin/borg/trikeshed/lib/PackingStrategies.kt:749:21 Cannot infer type for this parameter. Specify it explicitly.
e: file:///Users/jim/work/v2superbikeshed/Trikeshed/src/commonMain/kotlin/borg/trikeshed/lib/PackingStrategies.kt:749:49 Unresolved reference 'packRangeOffset'.
e: file:///Users/jim/work/v2superbikeshed/Trikeshed/src/commonMain/kotlin/borg/trikeshed/lib/PackingStrategies.kt:749:49 Argument type mismatch: actual type is 'R (of fun <T, R> T.let)', but 'K (of fun <K> WHEN_CALL)' was expected.
e: file:///Users/jim/work/v2superbikeshed/Trikeshed/src/commonMain/kotlin/borg/trikeshed/lib/PackingStrategies.kt:749:71 Cannot infer type for this parameter. Specify it explicitly.
e: file:///Users/jim/work/v2superbikeshed/Trikeshed/src/commonMain/kotlin/borg/trikeshed/lib/PackingStrategies.kt:749:75 Cannot infer type for this parameter. Specify it explicitly.
e: file:///Users/jim/work/v2superbikeshed/Trikeshed/src/commonMain/kotlin/borg/trikeshed/lib/PackingStrategies.kt:749:111 Function invocation 'first()' expected.
e: file:///Users/jim/work/v2superbikeshed/Trikeshed/src/commonMain/kotlin/borg/trikeshed/lib/PackingStrategies.kt:749:121 Unresolved reference 'second'.
e: file:///Users/jim/work/v2superbikeshed/Trikeshed/src/commonMain/kotlin/borg/trikeshed/lib/PackingStrategies.kt:750:21 Cannot infer type for this parameter. Specify it explicitly.
e: file:///Users/jim/work/v2superbikeshed/Trikeshed/src/commonMain/kotlin/borg/trikeshed/lib/PackingStrategies.kt:750:55 Unresolved reference 'packRelativeIncrement'.
e: file:///Users/jim/work/v2superbikeshed/Trikeshed/src/commonMain/kotlin/borg/trikeshed/lib/PackingStrategies.kt:750:55 Argument type mismatch: actual type is 'R (of fun <T, R> T.let)', but 'K (of fun <K> WHEN_CALL)' was expected.
e: file:///Users/jim/work/v2superbikeshed/Trikeshed/src/commonMain/kotlin/borg/trikeshed/lib/PackingStrategies.kt:750:83 Cannot infer type for this parameter. Specify it explicitly.
e: file:///Users/jim/work/v2superbikeshed/Trikeshed/src/commonMain/kotlin/borg/trikeshed/lib/PackingStrategies.kt:750:87 Cannot infer type for this parameter. Specify it explicitly.
e: file:///Users/jim/work/v2superbikeshed/Trikeshed/src/commonMain/kotlin/borg/trikeshed/lib/PackingStrategies.kt:750:129 Function invocation 'first()' expected.
e: file:///Users/jim/work/v2superbikeshed/Trikeshed/src/commonMain/kotlin/borg/trikeshed/lib/PackingStrategies.kt:750:139 Unresolved reference 'second'.
e: file:///Users/jim/work/v2superbikeshed/Trikeshed/src/commonMain/kotlin/borg/trikeshed/lib/PackingStrategies.kt:751:29 Argument type mismatch: actual type is 'Either<String, Nothing>', but 'K (of fun <K> WHEN_CALL)' was expected.
e: file:///Users/jim/work/v2superbikeshed/Trikeshed/src/commonMain/kotlin/borg/trikeshed/lib/PackingStrategies.kt:754:45 Cannot infer type for this parameter. Specify it explicitly.
e: file:///Users/jim/work/v2superbikeshed/Trikeshed/src/commonMain/kotlin/borg/trikeshed/lib/PackingStrategies.kt:754:48 Cannot infer type for this parameter. Specify it explicitly.
e: file:///Users/jim/work/v2superbikeshed/Trikeshed/src/commonMain/kotlin/borg/trikeshed/lib/PackingStrategies.kt:756:21 Cannot infer type for this parameter. Specify it explicitly.
e: file:///Users/jim/work/v2superbikeshed/Trikeshed/src/commonMain/kotlin/borg/trikeshed/lib/PackingStrategies.kt:756:45 Unresolved reference 'packPalette'.
e: file:///Users/jim/work/v2superbikeshed/Trikeshed/src/commonMain/kotlin/borg/trikeshed/lib/PackingStrategies.kt:756:45 Argument type mismatch: actual type is 'R (of fun <T, R> T.let)', but 'K (of fun <K> WHEN_CALL)' was expected.
e: file:///Users/jim/work/v2superbikeshed/Trikeshed/src/commonMain/kotlin/borg/trikeshed/lib/PackingStrategies.kt:756:63 Cannot infer type for this parameter. Specify it explicitly.
e: file:///Users/jim/work/v2superbikeshed/Trikeshed/src/commonMain/kotlin/borg/trikeshed/lib/PackingStrategies.kt:756:67 Cannot infer type for this parameter. Specify it explicitly.
e: file:///Users/jim/work/v2superbikeshed/Trikeshed/src/commonMain/kotlin/borg/trikeshed/lib/PackingStrategies.kt:756:99 Function invocation 'first()' expected.
e: file:///Users/jim/work/v2superbikeshed/Trikeshed/src/commonMain/kotlin/borg/trikeshed/lib/PackingStrategies.kt:756:109 Unresolved reference 'second'.
e: file:///Users/jim/work/v2superbikeshed/Trikeshed/src/commonMain/kotlin/borg/trikeshed/lib/PackingStrategies.kt:757:21 Cannot infer type for this parameter. Specify it explicitly.
e: file:///Users/jim/work/v2superbikeshed/Trikeshed/src/commonMain/kotlin/borg/trikeshed/lib/PackingStrategies.kt:757:50 Unresolved reference 'packMultiCluster'.
e: file:///Users/jim/work/v2superbikeshed/Trikeshed/src/commonMain/kotlin/borg/trikeshed/lib/PackingStrategies.kt:757:50 Argument type mismatch: actual type is 'R (of fun <T, R> T.let)', but 'K (of fun <K> WHEN_CALL)' was expected.
e: file:///Users/jim/work/v2superbikeshed/Trikeshed/src/commonMain/kotlin/borg/trikeshed/lib/PackingStrategies.kt:757:73 Cannot infer type for this parameter. Specify it explicitly.
e: file:///Users/jim/work/v2superbikeshed/Trikeshed/src/commonMain/kotlin/borg/trikeshed/lib/PackingStrategies.kt:757:77 Cannot infer type for this parameter. Specify it explicitly.
e: file:///Users/jim/work/v2superbikeshed/Trikeshed/src/commonMain/kotlin/borg/trikeshed/lib/PackingStrategies.kt:757:114 Function invocation 'first()' expected.
e: file:///Users/jim/work/v2superbikeshed/Trikeshed/src/commonMain/kotlin/borg/trikeshed/lib/PackingStrategies.kt:757:124 Unresolved reference 'second'.
e: file:///Users/jim/work/v2superbikeshed/Trikeshed/src/commonMain/kotlin/borg/trikeshed/lib/PackingStrategies.kt:758:29 Argument type mismatch: actual type is 'Either<String, Nothing>', but 'K (of fun <K> WHEN_CALL)' was expected.
e: file:///Users/jim/work/v2superbikeshed/Trikeshed/src/commonMain/kotlin/borg/trikeshed/lib/PackingStrategies.kt:761:29 Unresolved reference 'EXPERIMENTAL'.
e: file:///Users/jim/work/v2superbikeshed/Trikeshed/src/commonMain/kotlin/borg/trikeshed/lib/PackingStrategies.kt:761:47 Cannot infer type for this parameter. Specify it explicitly.
e: file:///Users/jim/work/v2superbikeshed/Trikeshed/src/commonMain/kotlin/borg/trikeshed/lib/PackingStrategies.kt:761:50 Cannot infer type for this parameter. Specify it explicitly.
e: file:///Users/jim/work/v2superbikeshed/Trikeshed/src/commonMain/kotlin/borg/trikeshed/lib/PackingStrategies.kt:764:21 Cannot infer type for this parameter. Specify it explicitly.
e: file:///Users/jim/work/v2superbikeshed/Trikeshed/src/commonMain/kotlin/borg/trikeshed/lib/PackingStrategies.kt:764:46 Argument type mismatch: actual type is 'Either<Nothing, DiagonalPacked>', but 'K (of fun <K> WHEN_CALL)' was expected.
e: file:///Users/jim/work/v2superbikeshed/Trikeshed/src/commonMain/kotlin/borg/trikeshed/lib/PackingStrategies.kt:764:74 Unresolved reference 'packDiagonal'.
e: file:///Users/jim/work/v2superbikeshed/Trikeshed/src/commonMain/kotlin/borg/trikeshed/lib/PackingStrategies.kt:765:21 Cannot infer type for this parameter. Specify it explicitly.
e: file:///Users/jim/work/v2superbikeshed/Trikeshed/src/commonMain/kotlin/borg/trikeshed/lib/PackingStrategies.kt:765:46 Unresolved reference 'packPrefixed'.
e: file:///Users/jim/work/v2superbikeshed/Trikeshed/src/commonMain/kotlin/borg/trikeshed/lib/PackingStrategies.kt:765:46 Argument type mismatch: actual type is 'R (of fun <T, R> T.let)', but 'K (of fun <K> WHEN_CALL)' was expected.
e: file:///Users/jim/work/v2superbikeshed/Trikeshed/src/commonMain/kotlin/borg/trikeshed/lib/PackingStrategies.kt:765:65 Cannot infer type for this parameter. Specify it explicitly.
e: file:///Users/jim/work/v2superbikeshed/Trikeshed/src/commonMain/kotlin/borg/trikeshed/lib/PackingStrategies.kt:765:69 Cannot infer type for this parameter. Specify it explicitly.
e: file:///Users/jim/work/v2superbikeshed/Trikeshed/src/commonMain/kotlin/borg/trikeshed/lib/PackingStrategies.kt:765:102 Function invocation 'first()' expected.
e: file:///Users/jim/work/v2superbikeshed/Trikeshed/src/commonMain/kotlin/borg/trikeshed/lib/PackingStrategies.kt:765:112 Unresolved reference 'second'.
e: file:///Users/jim/work/v2superbikeshed/Trikeshed/src/commonMain/kotlin/borg/trikeshed/lib/PackingStrategies.kt:766:21 Cannot infer type for this parameter. Specify it explicitly.
e: file:///Users/jim/work/v2superbikeshed/Trikeshed/src/commonMain/kotlin/borg/trikeshed/lib/PackingStrategies.kt:766:49 Unresolved reference 'packRangeOffset'.
e: file:///Users/jim/work/v2superbikeshed/Trikeshed/src/commonMain/kotlin/borg/trikeshed/lib/PackingStrategies.kt:766:49 Argument type mismatch: actual type is 'R (of fun <T, R> T.let)', but 'K (of fun <K> WHEN_CALL)' was expected.
e: file:///Users/jim/work/v2superbikeshed/Trikeshed/src/commonMain/kotlin/borg/trikeshed/lib/PackingStrategies.kt:766:71 Cannot infer type for this parameter. Specify it explicitly.
e: file:///Users/jim/work/v2superbikeshed/Trikeshed/src/commonMain/kotlin/borg/trikeshed/lib/PackingStrategies.kt:766:75 Cannot infer type for this parameter. Specify it explicitly.
e: file:///Users/jim/work/v2superbikeshed/Trikeshed/src/commonMain/kotlin/borg/trikeshed/lib/PackingStrategies.kt:766:111 Function invocation 'first()' expected.
e: file:///Users/jim/work/v2superbikeshed/Trikeshed/src/commonMain/kotlin/borg/trikeshed/lib/PackingStrategies.kt:766:121 Unresolved reference 'second'.
e: file:///Users/jim/work/v2superbikeshed/Trikeshed/src/commonMain/kotlin/borg/trikeshed/lib/PackingStrategies.kt:767:21 Cannot infer type for this parameter. Specify it explicitly.
e: file:///Users/jim/work/v2superbikeshed/Trikeshed/src/commonMain/kotlin/borg/trikeshed/lib/PackingStrategies.kt:767:55 Unresolved reference 'packRelativeIncrement'.
e: file:///Users/jim/work/v2superbikeshed/Trikeshed/src/commonMain/kotlin/borg/trikeshed/lib/PackingStrategies.kt:767:55 Argument type mismatch: actual type is 'R (of fun <T, R> T.let)', but 'K (of fun <K> WHEN_CALL)' was expected.
e: file:///Users/jim/work/v2superbikeshed/Trikeshed/src/commonMain/kotlin/borg/trikeshed/lib/PackingStrategies.kt:767:83 Cannot infer type for this parameter. Specify it explicitly.
e: file:///Users/jim/work/v2superbikeshed/Trikeshed/src/commonMain/kotlin/borg/trikeshed/lib/PackingStrategies.kt:767:87 Cannot infer type for this parameter. Specify it explicitly.
e: file:///Users/jim/work/v2superbikeshed/Trikeshed/src/commonMain/kotlin/borg/trikeshed/lib/PackingStrategies.kt:767:129 Function invocation 'first()' expected.
e: file:///Users/jim/work/v2superbikeshed/Trikeshed/src/commonMain/kotlin/borg/trikeshed/lib/PackingStrategies.kt:767:139 Unresolved reference 'second'.
e: file:///Users/jim/work/v2superbikeshed/Trikeshed/src/commonMain/kotlin/borg/trikeshed/lib/PackingStrategies.kt:768:21 Cannot infer type for this parameter. Specify it explicitly.
e: file:///Users/jim/work/v2superbikeshed/Trikeshed/src/commonMain/kotlin/borg/trikeshed/lib/PackingStrategies.kt:768:45 Unresolved reference 'packPalette'.
e: file:///Users/jim/work/v2superbikeshed/Trikeshed/src/commonMain/kotlin/borg/trikeshed/lib/PackingStrategies.kt:768:45 Argument type mismatch: actual type is 'R (of fun <T, R> T.let)', but 'K (of fun <K> WHEN_CALL)' was expected.
e: file:///Users/jim/work/v2superbikeshed/Trikeshed/src/commonMain/kotlin/borg/trikeshed/lib/PackingStrategies.kt:768:63 Cannot infer type for this parameter. Specify it explicitly.
e: file:///Users/jim/work/v2superbikeshed/Trikeshed/src/commonMain/kotlin/borg/trikeshed/lib/PackingStrategies.kt:768:67 Cannot infer type for this parameter. Specify it explicitly.
e: file:///Users/jim/work/v2superbikeshed/Trikeshed/src/commonMain/kotlin/borg/trikeshed/lib/PackingStrategies.kt:768:99 Function invocation 'first()' expected.
e: file:///Users/jim/work/v2superbikeshed/Trikeshed/src/commonMain/kotlin/borg/trikeshed/lib/PackingStrategies.kt:768:109 Unresolved reference 'second'.
e: file:///Users/jim/work/v2superbikeshed/Trikeshed/src/commonMain/kotlin/borg/trikeshed/lib/PackingStrategies.kt:769:21 Cannot infer type for this parameter. Specify it explicitly.
e: file:///Users/jim/work/v2superbikeshed/Trikeshed/src/commonMain/kotlin/borg/trikeshed/lib/PackingStrategies.kt:769:50 Unresolved reference 'packMultiCluster'.
e: file:///Users/jim/work/v2superbikeshed/Trikeshed/src/commonMain/kotlin/borg/trikeshed/lib/PackingStrategies.kt:769:50 Argument type mismatch: actual type is 'R (of fun <T, R> T.let)', but 'K (of fun <K> WHEN_CALL)' was expected.
e: file:///Users/jim/work/v2superbikeshed/Trikeshed/src/commonMain/kotlin/borg/trikeshed/lib/PackingStrategies.kt:769:73 Cannot infer type for this parameter. Specify it explicitly.
e: file:///Users/jim/work/v2superbikeshed/Trikeshed/src/commonMain/kotlin/borg/trikeshed/lib/PackingStrategies.kt:769:77 Cannot infer type for this parameter. Specify it explicitly.
e: file:///Users/jim/work/v2superbikeshed/Trikeshed/src/commonMain/kotlin/borg/trikeshed/lib/PackingStrategies.kt:769:114 Function invocation 'first()' expected.
e: file:///Users/jim/work/v2superbikeshed/Trikeshed/src/commonMain/kotlin/borg/trikeshed/lib/PackingStrategies.kt:769:124 Unresolved reference 'second'.
e: file:///Users/jim/work/v2superbikeshed/Trikeshed/src/commonMain/kotlin/borg/trikeshed/lib/PackingStrategies.kt:770:29 Argument type mismatch: actual type is 'Either<String, Nothing>', but 'K (of fun <K> WHEN_CALL)' was expected.
e: file:///Users/jim/work/v2superbikeshed/Trikeshed/src/commonMain/kotlin/borg/trikeshed/lib/SafeStringExample.kt:17:37 Unresolved reference 'CharIndexed'.
e: file:///Users/jim/work/v2superbikeshed/Trikeshed/src/commonMain/kotlin/borg/trikeshed/lib/SafeStringExample.kt:21:46 Argument type mismatch: actual type is 'Boolean', but 'Int' was expected.
e: file:///Users/jim/work/v2superbikeshed/Trikeshed/src/commonMain/kotlin/borg/trikeshed/lib/SafeStringExample.kt:25:44 Argument type mismatch: actual type is 'Boolean', but 'Int' was expected.
e: file:///Users/jim/work/v2superbikeshed/Trikeshed/src/commonMain/kotlin/borg/trikeshed/lib/SafeStringExample.kt:29:47 Argument type mismatch: actual type is 'Boolean', but 'Int' was expected.
e: file:///Users/jim/work/v2superbikeshed/Trikeshed/src/commonMain/kotlin/borg/trikeshed/lib/SafeStringExample.kt:37:29 Unresolved reference 'CharIndexed'.
e: file:///Users/jim/work/v2superbikeshed/Trikeshed/src/commonMain/kotlin/borg/trikeshed/lib/SafeStringExample.kt:37:51 Unresolved reference 'CharIndexed'.
e: file:///Users/jim/work/v2superbikeshed/Trikeshed/src/commonMain/kotlin/borg/trikeshed/lib/SafeStringExample.kt:47:29 Unresolved reference 'CharIndexed'.
e: file:///Users/jim/work/v2superbikeshed/Trikeshed/src/commonMain/kotlin/borg/trikeshed/lib/SafeStringExample.kt:51:31 Cannot infer type for this parameter. Specify it explicitly.
e: file:///Users/jim/work/v2superbikeshed/Trikeshed/src/commonMain/kotlin/borg/trikeshed/lib/SafeStringExample.kt:51:31 Not enough information to infer type argument for 'T'.
e: file:///Users/jim/work/v2superbikeshed/Trikeshed/src/commonMain/kotlin/borg/trikeshed/lib/SafeStringExample.kt:58:30 Unresolved reference 'CharIndexed'.
e: file:///Users/jim/work/v2superbikeshed/Trikeshed/src/commonMain/kotlin/borg/trikeshed/lib/SafeStringExample.kt:58:44 Unresolved reference 'CharIndexed'.
e: file:///Users/jim/work/v2superbikeshed/Trikeshed/src/commonMain/kotlin/borg/trikeshed/lib/SafeStringExample.kt:70:17 Unresolved reference 'CharIndexed'.
e: file:///Users/jim/work/v2superbikeshed/Trikeshed/src/commonMain/kotlin/borg/trikeshed/lib/SafeStringExample.kt:71:15 Unresolved reference 'CharIndexed'.
e: file:///Users/jim/work/v2superbikeshed/Trikeshed/src/commonMain/kotlin/borg/trikeshed/lib/SafeStringExample.kt:72:18 Unresolved reference 'CharIndexed'.
e: file:///Users/jim/work/v2superbikeshed/Trikeshed/src/commonMain/kotlin/borg/trikeshed/lib/SafeStringExample.kt:78:37 Cannot infer type for this parameter. Specify it explicitly.
e: file:///Users/jim/work/v2superbikeshed/Trikeshed/src/commonMain/kotlin/borg/trikeshed/lib/SafeStringExample.kt:78:37 Not enough information to infer type argument for 'T'.
e: file:///Users/jim/work/v2superbikeshed/Trikeshed/src/commonMain/kotlin/borg/trikeshed/lib/SafeStringExample.kt:78:47 Cannot infer type for this parameter. Specify it explicitly.
e: file:///Users/jim/work/v2superbikeshed/Trikeshed/src/commonMain/kotlin/borg/trikeshed/lib/SafeStringExample.kt:78:47 Not enough information to infer type argument for 'T'.
e: file:///Users/jim/work/v2superbikeshed/Trikeshed/src/commonMain/kotlin/borg/trikeshed/lib/SafeStringExample.kt:79:22 Cannot infer type for this parameter. Specify it explicitly.
e: file:///Users/jim/work/v2superbikeshed/Trikeshed/src/commonMain/kotlin/borg/trikeshed/lib/SafeStringExample.kt:79:22 Not enough information to infer type argument for 'T'.
e: file:///Users/jim/work/v2superbikeshed/Trikeshed/src/commonMain/kotlin/borg/trikeshed/lib/SafeStringExample.kt:79:32 Cannot infer type for this parameter. Specify it explicitly.
e: file:///Users/jim/work/v2superbikeshed/Trikeshed/src/commonMain/kotlin/borg/trikeshed/lib/SafeStringExample.kt:79:32 Not enough information to infer type argument for 'T'.
e: file:///Users/jim/work/v2superbikeshed/Trikeshed/src/commonMain/kotlin/borg/trikeshed/lib/SafeStringExample.kt:80:28 Cannot infer type for this parameter. Specify it explicitly.
e: file:///Users/jim/work/v2superbikeshed/Trikeshed/src/commonMain/kotlin/borg/trikeshed/lib/SafeStringExample.kt:80:28 Not enough information to infer type argument for 'T'.
e: file:///Users/jim/work/v2superbikeshed/Trikeshed/src/commonMain/kotlin/borg/trikeshed/lib/SafeStringExample.kt:80:38 Cannot infer type for this parameter. Specify it explicitly.
e: file:///Users/jim/work/v2superbikeshed/Trikeshed/src/commonMain/kotlin/borg/trikeshed/lib/SafeStringExample.kt:80:38 Not enough information to infer type argument for 'T'.
e: file:///Users/jim/work/v2superbikeshed/Trikeshed/src/commonMain/kotlin/borg/trikeshed/lib/SafeStringExample.kt:87:5 Unresolved reference 'CharIndexed'.
e: file:///Users/jim/work/v2superbikeshed/Trikeshed/src/commonMain/kotlin/borg/trikeshed/lib/SafeStringExample.kt:87:50 Unresolved reference 'CharIndexed'.
e: file:///Users/jim/work/v2superbikeshed/Trikeshed/src/commonMain/kotlin/borg/trikeshed/lib/SafeStringExample.kt:88:39 Unresolved reference 'a'.
e: file:///Users/jim/work/v2superbikeshed/Trikeshed/src/commonMain/kotlin/borg/trikeshed/lib/SafeStringExample.kt:89:43 Unresolved reference 'a'.
e: file:///Users/jim/work/v2superbikeshed/Trikeshed/src/commonMain/kotlin/borg/trikeshed/lib/SafeStringExample.kt:90:34 Cannot infer type for this parameter. Specify it explicitly.
e: file:///Users/jim/work/v2superbikeshed/Trikeshed/src/commonMain/kotlin/borg/trikeshed/lib/SafeStringExample.kt:90:34 Not enough information to infer type argument for 'B'.
e: file:///Users/jim/work/v2superbikeshed/Trikeshed/src/commonMain/kotlin/borg/trikeshed/lib/SafeStringExample.kt:90:38 Cannot infer type for this parameter. Specify it explicitly.
e: file:///Users/jim/work/v2superbikeshed/Trikeshed/src/commonMain/kotlin/borg/trikeshed/lib/SafeStringExample.kt:90:43 Unresolved reference 'b'.
e: file:///Users/jim/work/v2superbikeshed/Trikeshed/src/commonMain/kotlin/borg/trikeshed/lib/SafeStringExample.kt:93:5 Unresolved reference 'CharIndexed'.
e: file:///Users/jim/work/v2superbikeshed/Trikeshed/src/commonMain/kotlin/borg/trikeshed/lib/SafeStringExample.kt:94:23 Unresolved reference 'a'.
e: file:///Users/jim/work/v2superbikeshed/Trikeshed/src/commonMain/kotlin/borg/trikeshed/lib/SafeStringExample.kt:95:13 Unresolved reference 'b'.
e: file:///Users/jim/work/v2superbikeshed/Trikeshed/src/commonMain/kotlin/borg/trikeshed/lib/SafeStringExample.kt:97:12 Unresolved reference 'a'.
e: file:///Users/jim/work/v2superbikeshed/Trikeshed/src/commonMain/kotlin/borg/trikeshed/lib/SafeStringExample.kt:100:5 Unresolved reference 'CharIndexed'.
e: file:///Users/jim/work/v2superbikeshed/Trikeshed/src/commonMain/kotlin/borg/trikeshed/lib/SafeStringExample.kt:100:36 Unresolved reference 'CharIndexed'.
e: file:///Users/jim/work/v2superbikeshed/Trikeshed/src/commonMain/kotlin/borg/trikeshed/lib/SafeStringExample.kt:101:16 Unresolved reference 'a'.
e: file:///Users/jim/work/v2superbikeshed/Trikeshed/src/commonMain/kotlin/borg/trikeshed/lib/SafeStringExample.kt:101:20 Unresolved reference 'a'.
e: file:///Users/jim/work/v2superbikeshed/Trikeshed/src/commonMain/kotlin/borg/trikeshed/lib/SafeStringExample.kt:102:30 Unresolved reference 'a'.
e: file:///Users/jim/work/v2superbikeshed/Trikeshed/src/commonMain/kotlin/borg/trikeshed/lib/SafeStringExample.kt:103:13 Unresolved reference 'b'.
e: file:///Users/jim/work/v2superbikeshed/Trikeshed/src/commonMain/kotlin/borg/trikeshed/lib/SafeStringExample.kt:108:5 Unresolved reference 'CharIndexed'.
e: file:///Users/jim/work/v2superbikeshed/Trikeshed/src/commonMain/kotlin/borg/trikeshed/lib/SafeStringExample.kt:108:53 Unresolved reference 'CharIndexed'.
e: file:///Users/jim/work/v2superbikeshed/Trikeshed/src/commonMain/kotlin/borg/trikeshed/lib/SafeStringExample.kt:112:23 Unresolved reference 'a'.
e: file:///Users/jim/work/v2superbikeshed/Trikeshed/src/commonMain/kotlin/borg/trikeshed/lib/SafeStringExample.kt:113:13 Unresolved reference 'b'.
e: file:///Users/jim/work/v2superbikeshed/Trikeshed/src/commonMain/kotlin/borg/trikeshed/lib/SafeStringExample.kt:117:35 Unresolved reference 'CharIndexed'.
e: file:///Users/jim/work/v2superbikeshed/Trikeshed/src/commonMain/kotlin/borg/trikeshed/lib/SafeStringExample.kt:119:62 Unresolved reference 'a'.
e: file:///Users/jim/work/v2superbikeshed/Trikeshed/src/commonMain/kotlin/borg/trikeshed/lib/SafeStringExample.kt:120:37 Cannot infer type for this parameter. Specify it explicitly.
e: file:///Users/jim/work/v2superbikeshed/Trikeshed/src/commonMain/kotlin/borg/trikeshed/lib/SafeStringExample.kt:120:37 Not enough information to infer type argument for 'B'.
e: file:///Users/jim/work/v2superbikeshed/Trikeshed/src/commonMain/kotlin/borg/trikeshed/lib/SafeStringExample.kt:120:41 Cannot infer type for this parameter. Specify it explicitly.
e: file:///Users/jim/work/v2superbikeshed/Trikeshed/src/commonMain/kotlin/borg/trikeshed/lib/SafeStringExample.kt:120:46 Unresolved reference 'b'.
e: file:///Users/jim/work/v2superbikeshed/Trikeshed/src/commonMain/kotlin/borg/trikeshed/lib/SafeStringExample.kt:124:5 Unresolved reference 'CharIndexed'.
e: file:///Users/jim/work/v2superbikeshed/Trikeshed/src/commonMain/kotlin/borg/trikeshed/lib/SafeStringExample.kt:124:30 Unresolved reference 'CharIndexed'.
e: file:///Users/jim/work/v2superbikeshed/Trikeshed/src/commonMain/kotlin/borg/trikeshed/lib/SafeStringExample.kt:127:19 Unresolved reference 'a'.
e: file:///Users/jim/work/v2superbikeshed/Trikeshed/src/commonMain/kotlin/borg/trikeshed/lib/SafeStringExample.kt:130:31 Unresolved reference 'b'.
e: file:///Users/jim/work/v2superbikeshed/Trikeshed/src/commonMain/kotlin/borg/trikeshed/lib/SafeStringExample.kt:133:31 Unresolved reference 'b'.
e: file:///Users/jim/work/v2superbikeshed/Trikeshed/src/commonMain/kotlin/borg/trikeshed/lib/SafeStringExample.kt:133:61 Unresolved reference 'a'.
e: file:///Users/jim/work/v2superbikeshed/Trikeshed/src/commonMain/kotlin/borg/trikeshed/lib/SafeStringExample.kt:135:30 Cannot infer type for this parameter. Specify it explicitly.
e: file:///Users/jim/work/v2superbikeshed/Trikeshed/src/commonMain/kotlin/borg/trikeshed/lib/SafeStringExample.kt:135:30 Not enough information to infer type argument for 'B'.
e: file:///Users/jim/work/v2superbikeshed/Trikeshed/src/commonMain/kotlin/borg/trikeshed/lib/SafeStringExample.kt:135:34 Cannot infer type for this parameter. Specify it explicitly.
e: file:///Users/jim/work/v2superbikeshed/Trikeshed/src/commonMain/kotlin/borg/trikeshed/lib/SafeStringExample.kt:135:39 Unresolved reference 'b'.
e: file:///Users/jim/work/v2superbikeshed/Trikeshed/src/commonMain/kotlin/borg/trikeshed/lib/Tensor.kt:8:50 Return type mismatch: expected 'IntArray', actual 'Shape'.
e: file:///Users/jim/work/v2superbikeshed/Trikeshed/src/commonMain/kotlin/borg/trikeshed/lib/Tensor.kt:9:60 Return type mismatch: expected 'Function1<IntArray, T (of val <T> Join<Shape, Function1<Shape, T>>.accessor)>', actual 'Function1<Shape, T (of val <T> Join<Shape, Function1<Shape, T>>.accessor)>'.
e: file:///Users/jim/work/v2superbikeshed/Trikeshed/src/commonMain/kotlin/borg/trikeshed/lib/TensorConstruction.kt:11:12 Return type mismatch: expected 'Join<Shape, Function1<Shape, T (of fun <T> TensorIndexed)>>', actual 'Join<IntArray, ERROR CLASS: Cannot infer argument for type parameter B>'.
e: file:///Users/jim/work/v2superbikeshed/Trikeshed/src/commonMain/kotlin/borg/trikeshed/lib/TensorConstruction.kt:11:29 Cannot infer type for this parameter. Specify it explicitly.
e: file:///Users/jim/work/v2superbikeshed/Trikeshed/src/commonMain/kotlin/borg/trikeshed/lib/TensorConstruction.kt:11:29 Not enough information to infer type argument for 'B'.
e: file:///Users/jim/work/v2superbikeshed/Trikeshed/src/commonMain/kotlin/borg/trikeshed/lib/TensorConstruction.kt:11:33 Cannot infer type for this parameter. Specify it explicitly.
e: file:///Users/jim/work/v2superbikeshed/Trikeshed/src/commonMain/kotlin/borg/trikeshed/lib/TensorConstruction.kt:11:52 Argument type mismatch: actual type is 'V? (of fun <K, V> Map<out K, V>.get)', but 'Int' was expected.
e: file:///Users/jim/work/v2superbikeshed/Trikeshed/src/commonMain/kotlin/borg/trikeshed/lib/TensorConstruction.kt:11:52 Cannot infer type for this parameter. Specify it explicitly.
e: file:///Users/jim/work/v2superbikeshed/Trikeshed/src/commonMain/kotlin/borg/trikeshed/lib/TensorConstruction.kt:19:12 Return type mismatch: expected 'Join<Shape, Function1<Shape, T (of fun <T> TensorCursor)>>', actual 'Join<IntArray, ERROR CLASS: Cannot infer argument for type parameter B>'.
e: file:///Users/jim/work/v2superbikeshed/Trikeshed/src/commonMain/kotlin/borg/trikeshed/lib/TensorConstruction.kt:19:35 Cannot infer type for this parameter. Specify it explicitly.
e: file:///Users/jim/work/v2superbikeshed/Trikeshed/src/commonMain/kotlin/borg/trikeshed/lib/TensorConstruction.kt:19:35 Not enough information to infer type argument for 'B'.
e: file:///Users/jim/work/v2superbikeshed/Trikeshed/src/commonMain/kotlin/borg/trikeshed/lib/TensorConstruction.kt:19:39 Cannot infer type for this parameter. Specify it explicitly.
e: file:///Users/jim/work/v2superbikeshed/Trikeshed/src/commonMain/kotlin/borg/trikeshed/lib/TensorConstruction.kt:19:58 Argument type mismatch: actual type is 'V? (of fun <K, V> Map<out K, V>.get)', but 'Int' was expected.
e: file:///Users/jim/work/v2superbikeshed/Trikeshed/src/commonMain/kotlin/borg/trikeshed/lib/TensorConstruction.kt:19:58 Cannot infer type for this parameter. Specify it explicitly.
e: file:///Users/jim/work/v2superbikeshed/Trikeshed/src/commonMain/kotlin/borg/trikeshed/lib/TensorConstruction.kt:19:69 Argument type mismatch: actual type is 'V? (of fun <K, V> Map<out K, V>.get)', but 'Int' was expected.
e: file:///Users/jim/work/v2superbikeshed/Trikeshed/src/commonMain/kotlin/borg/trikeshed/lib/TensorConstruction.kt:19:69 Cannot infer type for this parameter. Specify it explicitly.
e: file:///Users/jim/work/v2superbikeshed/Trikeshed/src/commonMain/kotlin/borg/trikeshed/lib/TensorConstruction.kt:49:12 Return type mismatch: expected 'Join<Shape, Function1<Shape, T (of fun <T> fillTensor)>>', actual 'Join<IntArray, ERROR CLASS: Cannot infer argument for type parameter B>'.
e: file:///Users/jim/work/v2superbikeshed/Trikeshed/src/commonMain/kotlin/borg/trikeshed/lib/TensorConstruction.kt:49:18 Cannot infer type for this parameter. Specify it explicitly.
e: file:///Users/jim/work/v2superbikeshed/Trikeshed/src/commonMain/kotlin/borg/trikeshed/lib/TensorConstruction.kt:49:18 Not enough information to infer type argument for 'B'.
e: file:///Users/jim/work/v2superbikeshed/Trikeshed/src/commonMain/kotlin/borg/trikeshed/lib/TensorConstruction.kt:49:22 Cannot infer type for this parameter. Specify it explicitly.
e: file:///Users/jim/work/v2superbikeshed/Trikeshed/src/commonMain/kotlin/borg/trikeshed/lib/TensorConstruction.kt:56:12 Return type mismatch: expected 'Join<Shape, Function1<Shape, T (of fun <T> generateTensor)>>', actual 'Join<IntArray, Function1<IntArray, T (of fun <T> generateTensor)>>'.
e: file:///Users/jim/work/v2superbikeshed/Trikeshed/src/commonMain/kotlin/borg/trikeshed/lib/TensorMath.kt:18:52 Argument type mismatch: actual type is 'IntArray', but 'Int' was expected.
e: file:///Users/jim/work/v2superbikeshed/Trikeshed/src/commonMain/kotlin/borg/trikeshed/lib/TensorMath.kt:18:79 Argument type mismatch: actual type is 'IntArray', but 'Int' was expected.
e: file:///Users/jim/work/v2superbikeshed/Trikeshed/src/commonMain/kotlin/borg/trikeshed/lib/TensorMath.kt:23:52 Argument type mismatch: actual type is 'IntArray', but 'Int' was expected.
e: file:///Users/jim/work/v2superbikeshed/Trikeshed/src/commonMain/kotlin/borg/trikeshed/lib/TensorMath.kt:23:79 Argument type mismatch: actual type is 'IntArray', but 'Int' was expected.
e: file:///Users/jim/work/v2superbikeshed/Trikeshed/src/commonMain/kotlin/borg/trikeshed/lib/TensorMath.kt:28:45 Argument type mismatch: actual type is 'IntArray', but 'Int' was expected.
e: file:///Users/jim/work/v2superbikeshed/Trikeshed/src/commonMain/kotlin/borg/trikeshed/lib/TensorMath.kt:31:45 Argument type mismatch: actual type is 'IntArray', but 'Int' was expected.
e: file:///Users/jim/work/v2superbikeshed/Trikeshed/src/commonMain/kotlin/borg/trikeshed/lib/TensorMath.kt:34:45 Argument type mismatch: actual type is 'IntArray', but 'Int' was expected.
e: file:///Users/jim/work/v2superbikeshed/Trikeshed/src/commonMain/kotlin/borg/trikeshed/lib/TensorMath.kt:37:45 Argument type mismatch: actual type is 'IntArray', but 'Int' was expected.
e: file:///Users/jim/work/v2superbikeshed/Trikeshed/src/commonMain/kotlin/borg/trikeshed/lib/TensorMath.kt:41:46 Argument type mismatch: actual type is 'IntArray', but 'Int' was expected.
e: file:///Users/jim/work/v2superbikeshed/Trikeshed/src/commonMain/kotlin/borg/trikeshed/lib/TensorMath.kt:48:23 Argument type mismatch: actual type is 'IntArray', but 'Int' was expected.
e: file:///Users/jim/work/v2superbikeshed/Trikeshed/src/commonMain/kotlin/borg/trikeshed/lib/TensorMath.kt:60:56 Argument type mismatch: actual type is 'IntArray', but 'Int' was expected.
e: file:///Users/jim/work/v2superbikeshed/Trikeshed/src/commonMain/kotlin/borg/trikeshed/lib/TensorSlicing.kt:16:12 Return type mismatch: expected 'Join<Shape, Function1<Shape, T (of fun <T> Join<Shape, Function1<Shape, T>>.slice)>>', actual 'Join<IntArray, ERROR CLASS: Cannot infer argument for type parameter B>'.
e: file:///Users/jim/work/v2superbikeshed/Trikeshed/src/commonMain/kotlin/borg/trikeshed/lib/TensorSlicing.kt:16:21 Cannot infer type for this parameter. Specify it explicitly.
e: file:///Users/jim/work/v2superbikeshed/Trikeshed/src/commonMain/kotlin/borg/trikeshed/lib/TensorSlicing.kt:16:21 Not enough information to infer type argument for 'B'.
e: file:///Users/jim/work/v2superbikeshed/Trikeshed/src/commonMain/kotlin/borg/trikeshed/lib/TensorSlicing.kt:16:25 Cannot infer type for this parameter. Specify it explicitly.
e: file:///Users/jim/work/v2superbikeshed/Trikeshed/src/commonMain/kotlin/borg/trikeshed/lib/TensorSlicing.kt:23:37 Argument type mismatch: actual type is 'V? (of fun <K, V> Map<out K, V>.get)', but 'Int' was expected.
e: file:///Users/jim/work/v2superbikeshed/Trikeshed/src/commonMain/kotlin/borg/trikeshed/lib/TensorSlicing.kt:23:37 Cannot infer type for this parameter. Specify it explicitly.
e: file:///Users/jim/work/v2superbikeshed/Trikeshed/src/commonMain/kotlin/borg/trikeshed/lib/TensorSlicing.kt:26:14 Argument type mismatch: actual type is 'IntArray', but 'Int' was expected.
e: file:///Users/jim/work/v2superbikeshed/Trikeshed/src/commonMain/kotlin/borg/trikeshed/lib/TensorSlicing.kt:45:12 Return type mismatch: expected 'Join<Shape, Function1<Shape, T (of fun <T> Join<Shape, Function1<Shape, T>>.reshape)>>', actual 'Join<IntArray, ERROR CLASS: Cannot infer argument for type parameter B>'.
e: file:///Users/jim/work/v2superbikeshed/Trikeshed/src/commonMain/kotlin/borg/trikeshed/lib/TensorSlicing.kt:45:21 Cannot infer type for this parameter. Specify it explicitly.
e: file:///Users/jim/work/v2superbikeshed/Trikeshed/src/commonMain/kotlin/borg/trikeshed/lib/TensorSlicing.kt:45:21 Not enough information to infer type argument for 'B'.
e: file:///Users/jim/work/v2superbikeshed/Trikeshed/src/commonMain/kotlin/borg/trikeshed/lib/TensorSlicing.kt:45:25 Cannot infer type for this parameter. Specify it explicitly.
e: file:///Users/jim/work/v2superbikeshed/Trikeshed/src/commonMain/kotlin/borg/trikeshed/lib/TensorSlicing.kt:49:29 Cannot infer type for this parameter. Specify it explicitly.
e: file:///Users/jim/work/v2superbikeshed/Trikeshed/src/commonMain/kotlin/borg/trikeshed/lib/TensorSlicing.kt:49:29 Not enough information to infer type argument for 'T'.
e: file:///Users/jim/work/v2superbikeshed/Trikeshed/src/commonMain/kotlin/borg/trikeshed/lib/TensorSlicing.kt:50:25 None of the following candidates is applicable:
fun <K, V> MutableMap<in K, in V>.plusAssign(pair: Pair<K, V>): Unit
fun <K, V> MutableMap<in K, in V>.plusAssign(pairs: Iterable<Pair<K, V>>): Unit
fun <K, V> MutableMap<in K, in V>.plusAssign(pairs: Array<out Pair<K, V>>): Unit
fun <K, V> MutableMap<in K, in V>.plusAssign(pairs: Sequence<Pair<K, V>>): Unit
fun <K, V> MutableMap<in K, in V>.plusAssign(map: Map<K, V>): Unit
fun <T> MutableCollection<in T>.plusAssign(element: T): Unit
fun <T> MutableCollection<in T>.plusAssign(elements: Iterable<T>): Unit
fun <T> MutableCollection<in T>.plusAssign(elements: Array<T>): Unit
fun <T> MutableCollection<in T>.plusAssign(elements: Sequence<T>): Unit
e: file:///Users/jim/work/v2superbikeshed/Trikeshed/src/commonMain/kotlin/borg/trikeshed/lib/TensorSlicing.kt:50:28 Cannot infer type for this parameter. Specify it explicitly.
e: file:///Users/jim/work/v2superbikeshed/Trikeshed/src/commonMain/kotlin/borg/trikeshed/lib/TensorSlicing.kt:50:28 Not enough information to infer type argument for 'V'.
e: file:///Users/jim/work/v2superbikeshed/Trikeshed/src/commonMain/kotlin/borg/trikeshed/lib/datetime/DateTimeFormatter.kt:12:12 Unresolved reference 'System'.
e: file:///Users/jim/work/v2superbikeshed/Trikeshed/src/commonMain/kotlin/borg/trikeshed/lib/datetime/DateTimeFormatter.kt:24:1 Conflicting overloads:
actual fun getCurrentDateTime(): DateTimeComponents
e: file:///Users/jim/work/v2superbikeshed/Trikeshed/src/commonMain/kotlin/borg/trikeshed/lib/trie/PatriciaTrie.kt:47:32 Cannot infer type for this parameter. Specify it explicitly.
e: file:///Users/jim/work/v2superbikeshed/Trikeshed/src/commonMain/kotlin/borg/trikeshed/lib/trie/PatriciaTrie.kt:47:32 Unresolved reference. None of the following candidates is applicable because of a receiver type mismatch:
fun <T, K : Comparable<K>> List<T>.binarySearchBy(key: K?, fromIndex: Int = ..., toIndex: Int = ..., crossinline selector: (T) -> K?): Int
e: file:///Users/jim/work/v2superbikeshed/Trikeshed/src/commonMain/kotlin/borg/trikeshed/lib/trie/PatriciaTrie.kt:47:56 Cannot infer type for this parameter. Specify it explicitly.
e: file:///Users/jim/work/v2superbikeshed/Trikeshed/src/commonMain/kotlin/borg/trikeshed/lib/trie/PatriciaTrie.kt:47:61 Function invocation 'first()' expected.
e: file:///Users/jim/work/v2superbikeshed/Trikeshed/src/commonMain/kotlin/borg/trikeshed/lib/trie/PatriciaTrie.kt:60:32 Cannot infer type for this parameter. Specify it explicitly.
e: file:///Users/jim/work/v2superbikeshed/Trikeshed/src/commonMain/kotlin/borg/trikeshed/lib/trie/PatriciaTrie.kt:60:32 Unresolved reference. None of the following candidates is applicable because of a receiver type mismatch:
fun <T, K : Comparable<K>> List<T>.binarySearchBy(key: K?, fromIndex: Int = ..., toIndex: Int = ..., crossinline selector: (T) -> K?): Int
e: file:///Users/jim/work/v2superbikeshed/Trikeshed/src/commonMain/kotlin/borg/trikeshed/lib/trie/PatriciaTrie.kt:60:57 Cannot infer type for this parameter. Specify it explicitly.
e: file:///Users/jim/work/v2superbikeshed/Trikeshed/src/commonMain/kotlin/borg/trikeshed/lib/trie/PatriciaTrie.kt:60:62 Function invocation 'first()' expected.
e: file:///Users/jim/work/v2superbikeshed/Trikeshed/src/commonMain/kotlin/borg/trikeshed/lib/trie/PatriciaTrie.kt:63:32 Argument type mismatch: actual type is 'Pair<Any, PatriciaTrie<K (of class ArrayMapPatriciaTrie<K, V>), V (of class ArrayMapPatriciaTrie<K, V>)>>', but 'Pair<Any, ArrayMapPatriciaTrie<K (of class ArrayMapPatriciaTrie<K, V>), V (of class ArrayMapPatriciaTrie<K, V>)>>' was expected.
e: file:///Users/jim/work/v2superbikeshed/Trikeshed/src/commonMain/kotlin/borg/trikeshed/lib/trie/PatriciaTrie.kt:101:28 Cannot infer type for this parameter. Specify it explicitly.
e: file:///Users/jim/work/v2superbikeshed/Trikeshed/src/commonMain/kotlin/borg/trikeshed/lib/trie/PatriciaTrie.kt:101:28 Unresolved reference. None of the following candidates is applicable because of a receiver type mismatch:
fun <T, K : Comparable<K>> List<T>.binarySearchBy(key: K?, fromIndex: Int = ..., toIndex: Int = ..., crossinline selector: (T) -> K?): Int
e: file:///Users/jim/work/v2superbikeshed/Trikeshed/src/commonMain/kotlin/borg/trikeshed/lib/trie/PatriciaTrie.kt:101:52 Cannot infer type for this parameter. Specify it explicitly.
e: file:///Users/jim/work/v2superbikeshed/Trikeshed/src/commonMain/kotlin/borg/trikeshed/lib/trie/PatriciaTrie.kt:101:57 Function invocation 'first()' expected.
e: file:///Users/jim/work/v2superbikeshed/Trikeshed/src/commonMain/kotlin/borg/trikeshed/lib/trie/PatriciaTrie.kt:104:48 None of the following candidates is applicable:
fun <T> Array<out T>.isEmpty(): Boolean
fun ByteArray.isEmpty(): Boolean
fun ShortArray.isEmpty(): Boolean
fun IntArray.isEmpty(): Boolean
fun LongArray.isEmpty(): Boolean
fun FloatArray.isEmpty(): Boolean
fun DoubleArray.isEmpty(): Boolean
fun BooleanArray.isEmpty(): Boolean
fun CharArray.isEmpty(): Boolean
fun CharSequence.isEmpty(): Boolean
e: file:///Users/jim/work/v2superbikeshed/Trikeshed/src/commonMain/kotlin/borg/trikeshed/lib/trie/PatriciaTrie.kt:107:51 Argument type mismatch: actual type is 'Pair<Any, PatriciaTrie<K (of class ArrayMapPatriciaTrie<K, V>), V (of class ArrayMapPatriciaTrie<K, V>)>>', but 'Pair<Any, ArrayMapPatriciaTrie<K (of class ArrayMapPatriciaTrie<K, V>), V (of class ArrayMapPatriciaTrie<K, V>)>>' was expected.
e: file:///Users/jim/work/v2superbikeshed/Trikeshed/src/commonMain/kotlin/borg/trikeshed/lib/utils.kt:29:22 Unresolved reference 'format'.
e: file:///Users/jim/work/v2superbikeshed/Trikeshed/src/commonMain/kotlin/borg/trikeshed/lib/utils.kt:40:22 Unresolved reference 'format'.
e: file:///Users/jim/work/v2superbikeshed/Trikeshed/src/commonMain/kotlin/borg/trikeshed/lib/utils.kt:43:43 This declaration needs opt-in. Its usage must be marked with '@kotlinx.cinterop.ExperimentalForeignApi' or '@OptIn(kotlinx.cinterop.ExperimentalForeignApi::class)'
e: file:///Users/jim/work/v2superbikeshed/Trikeshed/src/commonMain/kotlin/borg/trikeshed/lib/utils.kt:43:56 This declaration needs opt-in. Its usage must be marked with '@kotlinx.cinterop.ExperimentalForeignApi' or '@OptIn(kotlinx.cinterop.ExperimentalForeignApi::class)'
e: file:///Users/jim/work/v2superbikeshed/Trikeshed/src/commonMain/kotlin/borg/trikeshed/lib/utils.kt:44:45 This declaration needs opt-in. Its usage must be marked with '@kotlinx.cinterop.ExperimentalForeignApi' or '@OptIn(kotlinx.cinterop.ExperimentalForeignApi::class)'
e: file:///Users/jim/work/v2superbikeshed/Trikeshed/src/commonMain/kotlin/borg/trikeshed/lib/utils.kt:44:58 This declaration needs opt-in. Its usage must be marked with '@kotlinx.cinterop.ExperimentalForeignApi' or '@OptIn(kotlinx.cinterop.ExperimentalForeignApi::class)'
e: file:///Users/jim/work/v2superbikeshed/Trikeshed/src/commonMain/kotlin/borg/trikeshed/lib/utils.kt:45:28 This declaration needs opt-in. Its usage must be marked with '@kotlinx.cinterop.ExperimentalForeignApi' or '@OptIn(kotlinx.cinterop.ExperimentalForeignApi::class)'
e: file:///Users/jim/work/v2superbikeshed/Trikeshed/src/commonMain/kotlin/borg/trikeshed/lib/utils.kt:45:41 This declaration needs opt-in. Its usage must be marked with '@kotlinx.cinterop.ExperimentalForeignApi' or '@OptIn(kotlinx.cinterop.ExperimentalForeignApi::class)'
e: file:///Users/jim/work/v2superbikeshed/Trikeshed/src/commonMain/kotlin/borg/trikeshed/lib/utils.kt:46:29 This declaration needs opt-in. Its usage must be marked with '@kotlinx.cinterop.ExperimentalForeignApi' or '@OptIn(kotlinx.cinterop.ExperimentalForeignApi::class)'
e: file:///Users/jim/work/v2superbikeshed/Trikeshed/src/commonMain/kotlin/borg/trikeshed/lib/utils.kt:46:42 This declaration needs opt-in. Its usage must be marked with '@kotlinx.cinterop.ExperimentalForeignApi' or '@OptIn(kotlinx.cinterop.ExperimentalForeignApi::class)'
e: file:///Users/jim/work/v2superbikeshed/Trikeshed/src/commonMain/kotlin/borg/trikeshed/ljson/KzranGzipReader.kt:255:44 Cannot infer type for this parameter. Specify it explicitly.
e: file:///Users/jim/work/v2superbikeshed/Trikeshed/src/commonMain/kotlin/borg/trikeshed/ljson/KzranGzipReader.kt:255:44 Unresolved reference. None of the following candidates is applicable because of a receiver type mismatch:
fun <T> Join<Int, Function1<Int, Join<Any?, TypeMemento>>>.get(column: Column<T>): T?
e: file:///Users/jim/work/v2superbikeshed/Trikeshed/src/commonMain/kotlin/borg/trikeshed/ljson/KzranGzipReader.kt:266:41 Argument type mismatch: actual type is 'Int', but 'Int' was expected.
e: file:///Users/jim/work/v2superbikeshed/Trikeshed/src/commonMain/kotlin/borg/trikeshed/ljson/KzranGzipReader.kt:266:60 Argument type mismatch: actual type is 'T? (of fun <T> Join<Int, Function1<Int, Join<Any?, TypeMemento>>>.get)', but 'Byte' was expected.
e: file:///Users/jim/work/v2superbikeshed/Trikeshed/src/commonMain/kotlin/borg/trikeshed/ljson/KzranGzipReader.kt:266:60 Cannot infer type for this parameter. Specify it explicitly.
e: file:///Users/jim/work/v2superbikeshed/Trikeshed/src/commonMain/kotlin/borg/trikeshed/ljson/KzranGzipReader.kt:266:60 Unresolved reference. None of the following candidates is applicable because of a receiver type mismatch:
fun <T> Join<Int, Function1<Int, Join<Any?, TypeMemento>>>.get(column: Column<T>): T?
e: file:///Users/jim/work/v2superbikeshed/Trikeshed/src/commonMain/kotlin/borg/trikeshed/ljson/KzranGzipReader.kt:354:2 Syntax error: imports are only allowed in the beginning of file.
e: file:///Users/jim/work/v2superbikeshed/Trikeshed/src/commonMain/kotlin/borg/trikeshed/ljson/KzranGzipReader.kt:357:28 Unresolved reference 'Zlib'.
e: file:///Users/jim/work/v2superbikeshed/Trikeshed/src/commonMain/kotlin/borg/trikeshed/ljson/KzranGzipReader.kt:385:28 Unresolved reference 'Zlib'.
e: file:///Users/jim/work/v2superbikeshed/Trikeshed/src/commonMain/kotlin/borg/trikeshed/ljson/KzranGzipReader.kt:385:50 Overload resolution ambiguity between candidates:
fun ByteArray.toIndexed(): Join<Int, Function1<Int, Byte>>
fun <T> Any.toIndexed(): Join<Int, Function1<Int, T>>
fun ByteArray.toIndexed(): Join<Int, Function1<Int, Byte>>
e: file:///Users/jim/work/v2superbikeshed/Trikeshed/src/commonMain/kotlin/borg/trikeshed/ljson/KzranGzipReader.kt:388:25 Argument type mismatch: actual type is 'V? (of fun <K, V> Map<out K, V>.get)', but 'Byte' was expected.
e: file:///Users/jim/work/v2superbikeshed/Trikeshed/src/commonMain/kotlin/borg/trikeshed/ljson/KzranGzipReader.kt:388:25 Cannot infer type for this parameter. Specify it explicitly.
e: file:///Users/jim/work/v2superbikeshed/Trikeshed/src/commonMain/kotlin/borg/trikeshed/ljson/KzranGzipReader.kt:439:21 Cannot infer type for this parameter. Specify it explicitly.
e: file:///Users/jim/work/v2superbikeshed/Trikeshed/src/commonMain/kotlin/borg/trikeshed/ljson/KzranGzipReader.kt:439:21 Unresolved reference. None of the following candidates is applicable because of a receiver type mismatch:
fun <T> Join<Int, Function1<Int, Join<Any?, TypeMemento>>>.get(column: Column<T>): T?
e: file:///Users/jim/work/v2superbikeshed/Trikeshed/src/commonMain/kotlin/borg/trikeshed/ljson/Lz4FileAttention.kt:3:27 Conflicting import: imported name 'Indexed' is ambiguous.
e: file:///Users/jim/work/v2superbikeshed/Trikeshed/src/commonMain/kotlin/borg/trikeshed/ljson/Lz4FileAttention.kt:4:27 Conflicting import: imported name 'Indexed' is ambiguous.
e: file:///Users/jim/work/v2superbikeshed/Trikeshed/src/commonMain/kotlin/borg/trikeshed/ljson/Lz4FileAttention.kt:43:95 Overload resolution ambiguity between candidates:
fun ByteArray.toIndexed(): Join<Int, Function1<Int, Byte>>
fun <T> Any.toIndexed(): Join<Int, Function1<Int, T>>
fun ByteArray.toIndexed(): Join<Int, Function1<Int, Byte>>
e: file:///Users/jim/work/v2superbikeshed/Trikeshed/src/commonMain/kotlin/borg/trikeshed/ljson/Lz4FileAttention.kt:62:9 Missing return statement.
e: file:///Users/jim/work/v2superbikeshed/Trikeshed/src/commonMain/kotlin/borg/trikeshed/ljson/Lz4FileAttention.kt:64:9 Syntax error: Expecting member declaration.
e: file:///Users/jim/work/v2superbikeshed/Trikeshed/src/commonMain/kotlin/borg/trikeshed/ljson/Lz4FileAttention.kt:64:16 Syntax error: Expecting member declaration.
e: file:///Users/jim/work/v2superbikeshed/Trikeshed/src/commonMain/kotlin/borg/trikeshed/ljson/Lz4FileAttention.kt:64:23 Syntax error: Expecting member declaration.
e: file:///Users/jim/work/v2superbikeshed/Trikeshed/src/commonMain/kotlin/borg/trikeshed/ljson/Lz4FileAttention.kt:64:24 Syntax error: Expecting member declaration.
e: file:///Users/jim/work/v2superbikeshed/Trikeshed/src/commonMain/kotlin/borg/trikeshed/ljson/Lz4FileAttention.kt:64:33 Syntax error: Expecting member declaration.
e: file:///Users/jim/work/v2superbikeshed/Trikeshed/src/commonMain/kotlin/borg/trikeshed/ljson/Lz4FileAttention.kt:64:34 Syntax error: Expecting member declaration.
e: file:///Users/jim/work/v2superbikeshed/Trikeshed/src/commonMain/kotlin/borg/trikeshed/ljson/Lz4FileAttention.kt:76:55 Unresolved reference 'Lz4FrameIndexEntry'.
e: file:///Users/jim/work/v2superbikeshed/Trikeshed/src/commonMain/kotlin/borg/trikeshed/ljson/Lz4FileAttention.kt:80:36 Unresolved reference 'play'.
e: file:///Users/jim/work/v2superbikeshed/Trikeshed/src/commonMain/kotlin/borg/trikeshed/ljson/Lz4FileAttention.kt:80:50 Cannot infer type for this parameter. Specify it explicitly.
e: file:///Users/jim/work/v2superbikeshed/Trikeshed/src/commonMain/kotlin/borg/trikeshed/ljson/Lz4FileAttention.kt:81:20 Unresolved reference 'uncompressedOffset'.
e: file:///Users/jim/work/v2superbikeshed/Trikeshed/src/commonMain/kotlin/borg/trikeshed/ljson/Lz4FileAttention.kt:81:62 Unresolved reference 'uncompressedOffset'.
e: file:///Users/jim/work/v2superbikeshed/Trikeshed/src/commonMain/kotlin/borg/trikeshed/ljson/Lz4FileAttention.kt:81:89 Unresolved reference 'uncompressedSize'.
e: file:///Users/jim/work/v2superbikeshed/Trikeshed/src/commonMain/kotlin/borg/trikeshed/ljson/Lz4FileAttention.kt:81:106 'operator' modifier is required on 'FirNamedFunctionSymbol kotlin/compareTo' in 'compareTo'.
e: file:///Users/jim/work/v2superbikeshed/Trikeshed/src/commonMain/kotlin/borg/trikeshed/ljson/Lz4FileAttention.kt:86:34 Unresolved reference 'httpClient'.
e: file:///Users/jim/work/v2superbikeshed/Trikeshed/src/commonMain/kotlin/borg/trikeshed/ljson/Lz4FileAttention.kt:86:67 Unresolved reference 'compressedOffset'.
e: file:///Users/jim/work/v2superbikeshed/Trikeshed/src/commonMain/kotlin/borg/trikeshed/ljson/Lz4FileAttention.kt:86:91 Unresolved reference 'compressedOffset'.
e: file:///Users/jim/work/v2superbikeshed/Trikeshed/src/commonMain/kotlin/borg/trikeshed/ljson/Lz4FileAttention.kt:86:116 Unresolved reference 'compressedSize'.
e: file:///Users/jim/work/v2superbikeshed/Trikeshed/src/commonMain/kotlin/borg/trikeshed/ljson/Lz4FileAttention.kt:90:63 Unresolved reference 'uncompressedOffset'.
e: file:///Users/jim/work/v2superbikeshed/Trikeshed/src/commonMain/kotlin/borg/trikeshed/ljson/Lz4FileAttention.kt:91:43 Unresolved reference 'uncompressedSize'.
e: file:///Users/jim/work/v2superbikeshed/Trikeshed/src/commonMain/kotlin/borg/trikeshed/ljson/Lz4FileAttention.kt:91:79 Unresolved reference 'uncompressedOffset'.
e: file:///Users/jim/work/v2superbikeshed/Trikeshed/src/commonMain/kotlin/borg/trikeshed/ljson/Lz4FileAttention.kt:95:39 None of the following candidates is applicable:
fun <T> Array<out T>.drop(n: Int): List<T>
fun ByteArray.drop(n: Int): List<Byte>
fun ShortArray.drop(n: Int): List<Short>
fun IntArray.drop(n: Int): List<Int>
fun LongArray.drop(n: Int): List<Long>
fun FloatArray.drop(n: Int): List<Float>
fun DoubleArray.drop(n: Int): List<Double>
fun BooleanArray.drop(n: Int): List<Boolean>
fun CharArray.drop(n: Int): List<Char>
fun <T> Iterable<T>.drop(n: Int): List<T>
fun UIntArray.drop(n: Int): List<UInt>
fun ULongArray.drop(n: Int): List<ULong>
fun UByteArray.drop(n: Int): List<UByte>
fun UShortArray.drop(n: Int): List<UShort>
fun <T> Sequence<T>.drop(n: Int): Sequence<T>
fun CharSequence.drop(n: Int): CharSequence
fun String.drop(n: Int): String
e: file:///Users/jim/work/v2superbikeshed/Trikeshed/src/commonMain/kotlin/borg/trikeshed/ljson/Lz4FileAttention.kt:99:1 Syntax error: Expecting a top level declaration.
e: file:///Users/jim/work/v2superbikeshed/Trikeshed/src/commonMain/kotlin/borg/trikeshed/ljson/PosixLineReader.kt:71:17 Cannot infer type for this parameter. Specify it explicitly.
e: file:///Users/jim/work/v2superbikeshed/Trikeshed/src/commonMain/kotlin/borg/trikeshed/ljson/PosixLineReader.kt:71:17 Unresolved reference. None of the following candidates is applicable because of a receiver type mismatch:
fun <T> Join<Int, Function1<Int, Join<Any?, TypeMemento>>>.get(column: Column<T>): T?
e: file:///Users/jim/work/v2superbikeshed/Trikeshed/src/commonMain/kotlin/borg/trikeshed/ljson/PosixLineReader.kt:76:43 Cannot infer type for this parameter. Specify it explicitly.
e: file:///Users/jim/work/v2superbikeshed/Trikeshed/src/commonMain/kotlin/borg/trikeshed/ljson/PosixLineReader.kt:76:57 Argument type mismatch: actual type is 'Join<Int, Function1<Int, Join<Any?, TypeMemento>>>', but 'Join<Int, Function1<Int, Byte>>' was expected.
e: file:///Users/jim/work/v2superbikeshed/Trikeshed/src/commonMain/kotlin/borg/trikeshed/ljson/PosixLineReader.kt:76:57 Cannot infer type for this parameter. Specify it explicitly.
e: file:///Users/jim/work/v2superbikeshed/Trikeshed/src/commonMain/kotlin/borg/trikeshed/ljson/PosixLineReader.kt:76:57 Unresolved reference. None of the following candidates is applicable because of a receiver type mismatch:
fun <T> Join<Int, Function1<Int, Join<Any?, TypeMemento>>>.get(column: Column<T>): T?
e: file:///Users/jim/work/v2superbikeshed/Trikeshed/src/commonMain/kotlin/borg/trikeshed/ljson/PosixLineReader.kt:87:35 Cannot infer type for this parameter. Specify it explicitly.
e: file:///Users/jim/work/v2superbikeshed/Trikeshed/src/commonMain/kotlin/borg/trikeshed/ljson/PosixLineReader.kt:87:49 Argument type mismatch: actual type is 'Join<Int, Function1<Int, Join<Any?, TypeMemento>>>', but 'Join<Int, Function1<Int, Byte>>' was expected.
e: file:///Users/jim/work/v2superbikeshed/Trikeshed/src/commonMain/kotlin/borg/trikeshed/ljson/PosixLineReader.kt:87:49 Cannot infer type for this parameter. Specify it explicitly.
e: file:///Users/jim/work/v2superbikeshed/Trikeshed/src/commonMain/kotlin/borg/trikeshed/ljson/PosixLineReader.kt:87:49 Unresolved reference. None of the following candidates is applicable because of a receiver type mismatch:
fun <T> Join<Int, Function1<Int, Join<Any?, TypeMemento>>>.get(column: Column<T>): T?
e: file:///Users/jim/work/v2superbikeshed/Trikeshed/src/commonMain/kotlin/borg/trikeshed/ljson/RemoteFileAttention.kt:3:27 Conflicting import: imported name 'Indexed' is ambiguous.
e: file:///Users/jim/work/v2superbikeshed/Trikeshed/src/commonMain/kotlin/borg/trikeshed/ljson/RemoteFileAttention.kt:4:27 Conflicting import: imported name 'Indexed' is ambiguous.
e: file:///Users/jim/work/v2superbikeshed/Trikeshed/src/commonMain/kotlin/borg/trikeshed/ljson/RemoteFileAttention.kt:34:52 Overload resolution ambiguity between candidates:
fun ByteArray.toIndexed(): Join<Int, Function1<Int, Byte>>
fun <T> Any.toIndexed(): Join<Int, Function1<Int, T>>
fun ByteArray.toIndexed(): Join<Int, Function1<Int, Byte>>
e: file:///Users/jim/work/v2superbikeshed/Trikeshed/src/commonMain/kotlin/borg/trikeshed/ljson/RemoteFileAttention.kt:39:41 Overload resolution ambiguity between candidates:
fun ByteArray.toIndexed(): Join<Int, Function1<Int, Byte>>
fun <T> Any.toIndexed(): Join<Int, Function1<Int, T>>
fun ByteArray.toIndexed(): Join<Int, Function1<Int, Byte>>
e: file:///Users/jim/work/v2superbikeshed/Trikeshed/src/commonMain/kotlin/borg/trikeshed/ljson/RemoteFileAttention.kt:41:16 Unresolved reference 'flow'.
e: file:///Users/jim/work/v2superbikeshed/Trikeshed/src/commonMain/kotlin/borg/trikeshed/ljson/RemoteFileAttention.kt:47:36 None of the following candidates is applicable:
fun Array<out Double>.min(): Double
fun Array<out Float>.min(): Float
fun <T : Comparable<T>> Array<out T>.min(): T
fun ByteArray.min(): Byte
fun ShortArray.min(): Short
fun IntArray.min(): Int
fun LongArray.min(): Long
fun FloatArray.min(): Float
fun DoubleArray.min(): Double
fun CharArray.min(): Char
fun Iterable<Double>.min(): Double
fun Iterable<Float>.min(): Float
fun <T : Comparable<T>> Iterable<T>.min(): T
fun UIntArray.min(): UInt
fun ULongArray.min(): ULong
fun UByteArray.min(): UByte
fun UShortArray.min(): UShort
fun Sequence<Double>.min(): Double
fun Sequence<Float>.min(): Float
fun <T : Comparable<T>> Sequence<T>.min(): T
fun CharSequence.min(): Char
e: file:///Users/jim/work/v2superbikeshed/Trikeshed/src/commonMain/kotlin/borg/trikeshed/ljson/RemoteFileAttention.kt:48:40 Suspension functions can only be called within coroutine body.
e: file:///Users/jim/work/v2superbikeshed/Trikeshed/src/commonMain/kotlin/borg/trikeshed/ljson/RemoteFileAttention.kt:59:73 Overload resolution ambiguity between candidates:
fun ByteArray.toIndexed(): Join<Int, Function1<Int, Byte>>
fun <T> Any.toIndexed(): Join<Int, Function1<Int, T>>
fun ByteArray.toIndexed(): Join<Int, Function1<Int, Byte>>
e: file:///Users/jim/work/v2superbikeshed/Trikeshed/src/commonMain/kotlin/borg/trikeshed/ljson/RemoteFileAttention.kt:67:21 Unresolved reference 'emit'.
e: file:///Users/jim/work/v2superbikeshed/Trikeshed/src/commonMain/kotlin/borg/trikeshed/ljson/RemoteFileAttention.kt:84:66 Overload resolution ambiguity between candidates:
fun ByteArray.toIndexed(): Join<Int, Function1<Int, Byte>>
fun <T> Any.toIndexed(): Join<Int, Function1<Int, T>>
fun ByteArray.toIndexed(): Join<Int, Function1<Int, Byte>>
e: file:///Users/jim/work/v2superbikeshed/Trikeshed/src/commonMain/kotlin/borg/trikeshed/ljson/RemoteFileAttention.kt:89:16 Unresolved reference 'Zlib'.
e: file:///Users/jim/work/v2superbikeshed/Trikeshed/src/commonMain/kotlin/borg/trikeshed/ljson/RemoteFileAttention.kt:89:47 Overload resolution ambiguity between candidates:
fun ByteArray.toIndexed(): Join<Int, Function1<Int, Byte>>
fun <T> Any.toIndexed(): Join<Int, Function1<Int, T>>
fun ByteArray.toIndexed(): Join<Int, Function1<Int, Byte>>
e: file:///Users/jim/work/v2superbikeshed/Trikeshed/src/commonMain/kotlin/borg/trikeshed/ljson/RemoteFileAttention.kt:105:26 Unresolved reference 'size'.
e: file:///Users/jim/work/v2superbikeshed/Trikeshed/src/commonMain/kotlin/borg/trikeshed/ljson/RemoteFileAttention.kt:106:17 Unresolved reference. None of the following candidates is applicable because of a receiver type mismatch:
fun MatchGroupCollection.get(name: String): MatchGroup?
e: file:///Users/jim/work/v2superbikeshed/Trikeshed/src/commonMain/kotlin/borg/trikeshed/ljson/RemoteFileAttention.kt:106:17 Operator '==' cannot be applied to 'MatchGroup?' and 'Byte'.
e: file:///Users/jim/work/v2superbikeshed/Trikeshed/src/commonMain/kotlin/borg/trikeshed/ljson/RemoteFileAttention.kt:106:47 Unresolved reference. None of the following candidates is applicable because of a receiver type mismatch:
fun MatchGroupCollection.get(name: String): MatchGroup?
e: file:///Users/jim/work/v2superbikeshed/Trikeshed/src/commonMain/kotlin/borg/trikeshed/ljson/RemoteFileAttention.kt:106:47 Operator '==' cannot be applied to 'MatchGroup?' and 'Byte'.
e: file:///Users/jim/work/v2superbikeshed/Trikeshed/src/commonMain/kotlin/borg/trikeshed/ljson/RemoteFileAttention.kt:106:81 Unresolved reference. None of the following candidates is applicable because of a receiver type mismatch:
fun MatchGroupCollection.get(name: String): MatchGroup?
e: file:///Users/jim/work/v2superbikeshed/Trikeshed/src/commonMain/kotlin/borg/trikeshed/ljson/RemoteFileAttention.kt:106:81 Operator '==' cannot be applied to 'MatchGroup?' and 'Byte'.
e: file:///Users/jim/work/v2superbikeshed/Trikeshed/src/commonMain/kotlin/borg/trikeshed/ljson/RemoteFileAttention.kt:106:115 Unresolved reference. None of the following candidates is applicable because of a receiver type mismatch:
fun MatchGroupCollection.get(name: String): MatchGroup?
e: file:///Users/jim/work/v2superbikeshed/Trikeshed/src/commonMain/kotlin/borg/trikeshed/ljson/RemoteFileAttention.kt:106:115 Operator '==' cannot be applied to 'MatchGroup?' and 'Byte'.
e: file:///Users/jim/work/v2superbikeshed/Trikeshed/src/commonMain/kotlin/borg/trikeshed/ljson/RemoteFileAttention.kt:128:39 Unresolved reference 'size'.
e: file:///Users/jim/work/v2superbikeshed/Trikeshed/src/commonMain/kotlin/borg/trikeshed/ljson/RemoteFileAttention.kt:129:66 None of the following candidates is applicable:
fun <T> Array<out T>.drop(n: Int): List<T>
fun ByteArray.drop(n: Int): List<Byte>
fun ShortArray.drop(n: Int): List<Short>
fun IntArray.drop(n: Int): List<Int>
fun LongArray.drop(n: Int): List<Long>
fun FloatArray.drop(n: Int): List<Float>
fun DoubleArray.drop(n: Int): List<Double>
fun BooleanArray.drop(n: Int): List<Boolean>
fun CharArray.drop(n: Int): List<Char>
fun <T> Iterable<T>.drop(n: Int): List<T>
fun UIntArray.drop(n: Int): List<UInt>
fun ULongArray.drop(n: Int): List<ULong>
fun UByteArray.drop(n: Int): List<UByte>
fun UShortArray.drop(n: Int): List<UShort>
fun <T> Sequence<T>.drop(n: Int): Sequence<T>
fun CharSequence.drop(n: Int): CharSequence
fun String.drop(n: Int): String
e: file:///Users/jim/work/v2superbikeshed/Trikeshed/src/commonMain/kotlin/borg/trikeshed/ljson/RemoteFileAttention.kt:143:32 Argument type mismatch: actual type is 'MatchGroup?', but 'Byte' was expected.
e: file:///Users/jim/work/v2superbikeshed/Trikeshed/src/commonMain/kotlin/borg/trikeshed/ljson/RemoteFileAttention.kt:143:32 Unresolved reference. None of the following candidates is applicable because of a receiver type mismatch:
fun MatchGroupCollection.get(name: String): MatchGroup?
e: file:///Users/jim/work/v2superbikeshed/Trikeshed/src/commonMain/kotlin/borg/trikeshed/ljson/RemoteFileAttention.kt:171:18 Unresolved reference. None of the following candidates is applicable because of a receiver type mismatch:
fun MatchGroupCollection.get(name: String): MatchGroup?
e: file:///Users/jim/work/v2superbikeshed/Trikeshed/src/commonMain/kotlin/borg/trikeshed/ljson/RemoteFileAttention.kt:171:35 None of the following candidates is applicable:
fun String.toInt(): Int
fun String.toInt(radix: Int): Int
fun Iterable<RegexOption>.toInt(): Int
e: file:///Users/jim/work/v2superbikeshed/Trikeshed/src/commonMain/kotlin/borg/trikeshed/ljson/RemoteFileAttention.kt:171:43 Unresolved reference 'and'.
e: file:///Users/jim/work/v2superbikeshed/Trikeshed/src/commonMain/kotlin/borg/trikeshed/ljson/RemoteFileAttention.kt:171:63 Unresolved reference. None of the following candidates is applicable because of a receiver type mismatch:
fun MatchGroupCollection.get(name: String): MatchGroup?
e: file:///Users/jim/work/v2superbikeshed/Trikeshed/src/commonMain/kotlin/borg/trikeshed/ljson/RemoteFileAttention.kt:171:76 None of the following candidates is applicable:
fun String.toInt(): Int
fun String.toInt(radix: Int): Int
fun Iterable<RegexOption>.toInt(): Int
e: file:///Users/jim/work/v2superbikeshed/Trikeshed/src/commonMain/kotlin/borg/trikeshed/ljson/RemoteFileAttention.kt:171:84 Unresolved reference 'and'.
e: file:///Users/jim/work/v2superbikeshed/Trikeshed/src/commonMain/kotlin/borg/trikeshed/ljson/RemoteFileAttention.kt:175:18 Unresolved reference. None of the following candidates is applicable because of a receiver type mismatch:
fun MatchGroupCollection.get(name: String): MatchGroup?
e: file:///Users/jim/work/v2superbikeshed/Trikeshed/src/commonMain/kotlin/borg/trikeshed/ljson/RemoteFileAttention.kt:175:35 None of the following candidates is applicable:
fun String.toInt(): Int
fun String.toInt(radix: Int): Int
fun Iterable<RegexOption>.toInt(): Int
e: file:///Users/jim/work/v2superbikeshed/Trikeshed/src/commonMain/kotlin/borg/trikeshed/ljson/RemoteFileAttention.kt:175:43 Unresolved reference 'and'.
e: file:///Users/jim/work/v2superbikeshed/Trikeshed/src/commonMain/kotlin/borg/trikeshed/ljson/RemoteFileAttention.kt:176:19 Unresolved reference. None of the following candidates is applicable because of a receiver type mismatch:
fun MatchGroupCollection.get(name: String): MatchGroup?
e: file:///Users/jim/work/v2superbikeshed/Trikeshed/src/commonMain/kotlin/borg/trikeshed/ljson/RemoteFileAttention.kt:176:36 None of the following candidates is applicable:
fun String.toInt(): Int
fun String.toInt(radix: Int): Int
fun Iterable<RegexOption>.toInt(): Int
e: file:///Users/jim/work/v2superbikeshed/Trikeshed/src/commonMain/kotlin/borg/trikeshed/ljson/RemoteFileAttention.kt:176:44 Unresolved reference 'and'.
e: file:///Users/jim/work/v2superbikeshed/Trikeshed/src/commonMain/kotlin/borg/trikeshed/ljson/RemoteFileAttention.kt:177:19 Unresolved reference. None of the following candidates is applicable because of a receiver type mismatch:
fun MatchGroupCollection.get(name: String): MatchGroup?
e: file:///Users/jim/work/v2superbikeshed/Trikeshed/src/commonMain/kotlin/borg/trikeshed/ljson/RemoteFileAttention.kt:177:36 None of the following candidates is applicable:
fun String.toInt(): Int
fun String.toInt(radix: Int): Int
fun Iterable<RegexOption>.toInt(): Int
e: file:///Users/jim/work/v2superbikeshed/Trikeshed/src/commonMain/kotlin/borg/trikeshed/ljson/RemoteFileAttention.kt:177:44 Unresolved reference 'and'.
e: file:///Users/jim/work/v2superbikeshed/Trikeshed/src/commonMain/kotlin/borg/trikeshed/ljson/RemoteFileAttention.kt:178:18 Unresolved reference. None of the following candidates is applicable because of a receiver type mismatch:
fun MatchGroupCollection.get(name: String): MatchGroup?
e: file:///Users/jim/work/v2superbikeshed/Trikeshed/src/commonMain/kotlin/borg/trikeshed/ljson/RemoteFileAttention.kt:178:31 None of the following candidates is applicable:
fun String.toInt(): Int
fun String.toInt(radix: Int): Int
fun Iterable<RegexOption>.toInt(): Int
e: file:///Users/jim/work/v2superbikeshed/Trikeshed/src/commonMain/kotlin/borg/trikeshed/ljson/RemoteFileAttention.kt:178:39 Unresolved reference 'and'.
e: file:///Users/jim/work/v2superbikeshed/Trikeshed/src/commonMain/kotlin/borg/trikeshed/ljson/SpanshGalaxyMapReader.kt:364:20 Argument type mismatch: actual type is 'Int', but 'Int' was expected.
e: file:///Users/jim/work/v2superbikeshed/Trikeshed/src/commonMain/kotlin/borg/trikeshed/ljson/SpanshGalaxyMapReader.kt:364:25 Argument type mismatch: actual type is 'T? (of fun <T> Join<Int, Function1<Int, Join<Any?, TypeMemento>>>.get)', but 'Byte' was expected.
e: file:///Users/jim/work/v2superbikeshed/Trikeshed/src/commonMain/kotlin/borg/trikeshed/ljson/SpanshGalaxyMapReader.kt:364:25 Cannot infer type for this parameter. Specify it explicitly.
e: file:///Users/jim/work/v2superbikeshed/Trikeshed/src/commonMain/kotlin/borg/trikeshed/ljson/SpanshGalaxyMapReader.kt:364:25 Unresolved reference. None of the following candidates is applicable because of a receiver type mismatch:
fun <T> Join<Int, Function1<Int, Join<Any?, TypeMemento>>>.get(column: Column<T>): T?
e: file:///Users/jim/work/v2superbikeshed/Trikeshed/src/commonMain/kotlin/borg/trikeshed/ljson/ZstdFileAttention.kt:3:27 Conflicting import: imported name 'Indexed' is ambiguous.
e: file:///Users/jim/work/v2superbikeshed/Trikeshed/src/commonMain/kotlin/borg/trikeshed/ljson/ZstdFileAttention.kt:4:27 Conflicting import: imported name 'Indexed' is ambiguous.
e: file:///Users/jim/work/v2superbikeshed/Trikeshed/src/commonMain/kotlin/borg/trikeshed/ljson/ZstdFileAttention.kt:44:45 Overload resolution ambiguity between candidates:
fun ByteArray.toIndexed(): Join<Int, Function1<Int, Byte>>
fun <T> Any.toIndexed(): Join<Int, Function1<Int, T>>
fun ByteArray.toIndexed(): Join<Int, Function1<Int, Byte>>
e: file:///Users/jim/work/v2superbikeshed/Trikeshed/src/commonMain/kotlin/borg/trikeshed/ljson/ZstdFileAttention.kt:82:36 Unresolved reference 'play'.
e: file:///Users/jim/work/v2superbikeshed/Trikeshed/src/commonMain/kotlin/borg/trikeshed/ljson/ZstdFileAttention.kt:82:50 Cannot infer type for this parameter. Specify it explicitly.
e: file:///Users/jim/work/v2superbikeshed/Trikeshed/src/commonMain/kotlin/borg/trikeshed/ljson/ZstdFileAttention.kt:83:20 Unresolved reference 'uncompressedOffset'.
e: file:///Users/jim/work/v2superbikeshed/Trikeshed/src/commonMain/kotlin/borg/trikeshed/ljson/ZstdFileAttention.kt:83:62 Unresolved reference 'uncompressedOffset'.
e: file:///Users/jim/work/v2superbikeshed/Trikeshed/src/commonMain/kotlin/borg/trikeshed/ljson/ZstdFileAttention.kt:83:89 Unresolved reference 'uncompressedSize'.
e: file:///Users/jim/work/v2superbikeshed/Trikeshed/src/commonMain/kotlin/borg/trikeshed/ljson/ZstdFileAttention.kt:83:106 'operator' modifier is required on 'FirNamedFunctionSymbol kotlin/compareTo' in 'compareTo'.
e: file:///Users/jim/work/v2superbikeshed/Trikeshed/src/commonMain/kotlin/borg/trikeshed/ljson/ZstdFileAttention.kt:87:67 Unresolved reference 'compressedOffset'.
e: file:///Users/jim/work/v2superbikeshed/Trikeshed/src/commonMain/kotlin/borg/trikeshed/ljson/ZstdFileAttention.kt:87:91 Unresolved reference 'compressedOffset'.
e: file:///Users/jim/work/v2superbikeshed/Trikeshed/src/commonMain/kotlin/borg/trikeshed/ljson/ZstdFileAttention.kt:87:116 Unresolved reference 'compressedSize'.
e: file:///Users/jim/work/v2superbikeshed/Trikeshed/src/commonMain/kotlin/borg/trikeshed/ljson/ZstdFileAttention.kt:88:67 Overload resolution ambiguity between candidates:
fun ByteArray.toIndexed(): Join<Int, Function1<Int, Byte>>
fun <T> Any.toIndexed(): Join<Int, Function1<Int, T>>
fun ByteArray.toIndexed(): Join<Int, Function1<Int, Byte>>
e: file:///Users/jim/work/v2superbikeshed/Trikeshed/src/commonMain/kotlin/borg/trikeshed/ljson/ZstdFileAttention.kt:91:63 Unresolved reference 'uncompressedOffset'.
e: file:///Users/jim/work/v2superbikeshed/Trikeshed/src/commonMain/kotlin/borg/trikeshed/ljson/ZstdFileAttention.kt:92:43 Unresolved reference 'uncompressedSize'.
e: file:///Users/jim/work/v2superbikeshed/Trikeshed/src/commonMain/kotlin/borg/trikeshed/ljson/ZstdFileAttention.kt:92:79 Unresolved reference 'uncompressedOffset'.
e: file:///Users/jim/work/v2superbikeshed/Trikeshed/src/commonMain/kotlin/borg/trikeshed/ljson/ZstdFileAttention.kt:96:39 None of the following candidates is applicable:
fun <T> Array<out T>.drop(n: Int): List<T>
fun ByteArray.drop(n: Int): List<Byte>
fun ShortArray.drop(n: Int): List<Short>
fun IntArray.drop(n: Int): List<Int>
fun LongArray.drop(n: Int): List<Long>
fun FloatArray.drop(n: Int): List<Float>
fun DoubleArray.drop(n: Int): List<Double>
fun BooleanArray.drop(n: Int): List<Boolean>
fun CharArray.drop(n: Int): List<Char>
fun <T> Iterable<T>.drop(n: Int): List<T>
fun UIntArray.drop(n: Int): List<UInt>
fun ULongArray.drop(n: Int): List<ULong>
fun UByteArray.drop(n: Int): List<UByte>
fun UShortArray.drop(n: Int): List<UShort>
fun <T> Sequence<T>.drop(n: Int): Sequence<T>
fun CharSequence.drop(n: Int): CharSequence
fun String.drop(n: Int): String
e: file:///Users/jim/work/v2superbikeshed/Trikeshed/src/commonMain/kotlin/borg/trikeshed/net/C10KServer.kt:172:66 Unresolved reference 'System'.
e: file:///Users/jim/work/v2superbikeshed/Trikeshed/src/commonMain/kotlin/borg/trikeshed/net/C10KServer.kt:204:59 Unresolved reference 'System'.
e: file:///Users/jim/work/v2superbikeshed/Trikeshed/src/commonMain/kotlin/borg/trikeshed/net/C10KServer.kt:267:16 None of the following candidates is applicable:
val CoroutineScope.isActive: Boolean
val CoroutineContext.isActive: Boolean
e: file:///Users/jim/work/v2superbikeshed/Trikeshed/src/commonMain/kotlin/borg/trikeshed/net/C10KServer.kt:279:16 None of the following candidates is applicable:
val CoroutineScope.isActive: Boolean
val CoroutineContext.isActive: Boolean
e: file:///Users/jim/work/v2superbikeshed/Trikeshed/src/commonMain/kotlin/borg/trikeshed/net/C10KServer.kt:292:77 Unresolved reference 'System'.
e: file:///Users/jim/work/v2superbikeshed/Trikeshed/src/commonMain/kotlin/borg/trikeshed/net/C10KServer.kt:303:16 None of the following candidates is applicable:
val CoroutineScope.isActive: Boolean
val CoroutineContext.isActive: Boolean
e: file:///Users/jim/work/v2superbikeshed/Trikeshed/src/commonMain/kotlin/borg/trikeshed/net/C10KServer.kt:391:30 Unresolved reference 'System'.
e: file:///Users/jim/work/v2superbikeshed/Trikeshed/src/commonMain/kotlin/borg/trikeshed/net/C10KServer.kt:391:69 Unresolved reference. None of the following candidates is applicable because of a receiver type mismatch:
fun String.compareTo(other: String, ignoreCase: Boolean = ...): Int
e: file:///Users/jim/work/v2superbikeshed/Trikeshed/src/commonMain/kotlin/borg/trikeshed/net/http/Http.kt:144:69 None of the following candidates is applicable:
fun ByteArray.toIdx(): Join<Int, Function1<Int, Byte>>
fun IntArray.toIdx(): Join<Int, Function1<Int, Int>>
e: file:///Users/jim/work/v2superbikeshed/Trikeshed/src/commonMain/kotlin/borg/trikeshed/net/http/Http.kt:146:9 Conflicting overloads:
suspend fun HttpRequest.send(): HttpResponse
e: file:///Users/jim/work/v2superbikeshed/Trikeshed/src/commonMain/kotlin/borg/trikeshed/net/http/Http2Protocol.kt:105:24 Argument type mismatch: actual type is 'Int', but 'Int' was expected.
e: file:///Users/jim/work/v2superbikeshed/Trikeshed/src/commonMain/kotlin/borg/trikeshed/net/http/Http2Protocol.kt:105:33 Argument type mismatch: actual type is 'T? (of fun <T> Join<Int, Function1<Int, Join<Any?, TypeMemento>>>.get)', but 'Byte' was expected.
e: file:///Users/jim/work/v2superbikeshed/Trikeshed/src/commonMain/kotlin/borg/trikeshed/net/http/Http2Protocol.kt:105:33 Cannot infer type for this parameter. Specify it explicitly.
e: file:///Users/jim/work/v2superbikeshed/Trikeshed/src/commonMain/kotlin/borg/trikeshed/net/http/Http2Protocol.kt:105:33 Unresolved reference. None of the following candidates is applicable because of a receiver type mismatch:
fun <T> Join<Int, Function1<Int, Join<Any?, TypeMemento>>>.get(column: Column<T>): T?
e: file:///Users/jim/work/v2superbikeshed/Trikeshed/src/commonMain/kotlin/borg/trikeshed/net/http/Http2Protocol.kt:343:39 Cannot infer type for this parameter. Specify it explicitly.
e: file:///Users/jim/work/v2superbikeshed/Trikeshed/src/commonMain/kotlin/borg/trikeshed/net/http/Http2Protocol.kt:343:53 Argument type mismatch: actual type is 'Join<Int, Function1<Int, Join<Any?, TypeMemento>>>', but 'Join<Int, Function1<Int, Byte>>' was expected.
e: file:///Users/jim/work/v2superbikeshed/Trikeshed/src/commonMain/kotlin/borg/trikeshed/net/http/Http2Protocol.kt:343:53 Cannot infer type for this parameter. Specify it explicitly.
e: file:///Users/jim/work/v2superbikeshed/Trikeshed/src/commonMain/kotlin/borg/trikeshed/net/http/Http2Protocol.kt:343:53 Unresolved reference. None of the following candidates is applicable because of a receiver type mismatch:
fun <T> Join<Int, Function1<Int, Join<Any?, TypeMemento>>>.get(column: Column<T>): T?
e: file:///Users/jim/work/v2superbikeshed/Trikeshed/src/commonMain/kotlin/borg/trikeshed/net/http/Http2Protocol.kt:396:29 Argument type mismatch: actual type is 'T? (of fun <T> Join<Int, Function1<Int, Join<Any?, TypeMemento>>>.get)', but 'Byte' was expected.
e: file:///Users/jim/work/v2superbikeshed/Trikeshed/src/commonMain/kotlin/borg/trikeshed/net/http/Http2Protocol.kt:396:29 Cannot infer type for this parameter. Specify it explicitly.
e: file:///Users/jim/work/v2superbikeshed/Trikeshed/src/commonMain/kotlin/borg/trikeshed/net/http/Http2Protocol.kt:396:29 Unresolved reference. None of the following candidates is applicable because of a receiver type mismatch:
fun <T> Join<Int, Function1<Int, Join<Any?, TypeMemento>>>.get(column: Column<T>): T?
e: file:///Users/jim/work/v2superbikeshed/Trikeshed/src/commonMain/kotlin/borg/trikeshed/net/http/Http2Protocol.kt:454:26 Cannot infer type for this parameter. Specify it explicitly.
e: file:///Users/jim/work/v2superbikeshed/Trikeshed/src/commonMain/kotlin/borg/trikeshed/net/http/Http2Protocol.kt:454:26 Unresolved reference. None of the following candidates is applicable because of a receiver type mismatch:
fun <T> Join<Int, Function1<Int, Join<Any?, TypeMemento>>>.get(column: Column<T>): T?
e: file:///Users/jim/work/v2superbikeshed/Trikeshed/src/commonMain/kotlin/borg/trikeshed/net/http/Http2Protocol.kt:455:31 Unresolved reference 'a'.
e: file:///Users/jim/work/v2superbikeshed/Trikeshed/src/commonMain/kotlin/borg/trikeshed/net/http/Http2Protocol.kt:456:32 Unresolved reference 'b'.
e: file:///Users/jim/work/v2superbikeshed/Trikeshed/src/commonMain/kotlin/borg/trikeshed/net/http/Http2Protocol.kt:532:24 Cannot infer type for this parameter. Specify it explicitly.
e: file:///Users/jim/work/v2superbikeshed/Trikeshed/src/commonMain/kotlin/borg/trikeshed/net/http/Http2Protocol.kt:532:24 Unresolved reference. None of the following candidates is applicable because of a receiver type mismatch:
fun <T> Join<Int, Function1<Int, Join<Any?, TypeMemento>>>.get(column: Column<T>): T?
e: file:///Users/jim/work/v2superbikeshed/Trikeshed/src/commonMain/kotlin/borg/trikeshed/net/http/Http2Protocol.kt:559:35 Argument type mismatch: actual type is 'Int', but 'Int' was expected.
e: file:///Users/jim/work/v2superbikeshed/Trikeshed/src/commonMain/kotlin/borg/trikeshed/net/http/Http2Protocol.kt:559:40 Argument type mismatch: actual type is 'T? (of fun <T> Join<Int, Function1<Int, Join<Any?, TypeMemento>>>.get)', but 'Byte' was expected.
e: file:///Users/jim/work/v2superbikeshed/Trikeshed/src/commonMain/kotlin/borg/trikeshed/net/http/Http2Protocol.kt:559:40 Cannot infer type for this parameter. Specify it explicitly.
e: file:///Users/jim/work/v2superbikeshed/Trikeshed/src/commonMain/kotlin/borg/trikeshed/net/http/Http2Protocol.kt:559:40 Unresolved reference. None of the following candidates is applicable because of a receiver type mismatch:
fun <T> Join<Int, Function1<Int, Join<Any?, TypeMemento>>>.get(column: Column<T>): T?
e: file:///Users/jim/work/v2superbikeshed/Trikeshed/src/commonMain/kotlin/borg/trikeshed/net/http/Http2Protocol.kt:571:36 Argument type mismatch: actual type is 'Int', but 'Int' was expected.
e: file:///Users/jim/work/v2superbikeshed/Trikeshed/src/commonMain/kotlin/borg/trikeshed/net/http/Http2Protocol.kt:571:41 Argument type mismatch: actual type is 'T? (of fun <T> Join<Int, Function1<Int, Join<Any?, TypeMemento>>>.get)', but 'Byte' was expected.
e: file:///Users/jim/work/v2superbikeshed/Trikeshed/src/commonMain/kotlin/borg/trikeshed/net/http/Http2Protocol.kt:571:41 Cannot infer type for this parameter. Specify it explicitly.
e: file:///Users/jim/work/v2superbikeshed/Trikeshed/src/commonMain/kotlin/borg/trikeshed/net/http/Http2Protocol.kt:571:41 Unresolved reference. None of the following candidates is applicable because of a receiver type mismatch:
fun <T> Join<Int, Function1<Int, Join<Any?, TypeMemento>>>.get(column: Column<T>): T?
e: file:///Users/jim/work/v2superbikeshed/Trikeshed/src/commonMain/kotlin/borg/trikeshed/net/http/Http2Protocol.kt:590:25 Cannot infer type for this parameter. Specify it explicitly.
e: file:///Users/jim/work/v2superbikeshed/Trikeshed/src/commonMain/kotlin/borg/trikeshed/net/http/Http2Protocol.kt:590:25 Unresolved reference. None of the following candidates is applicable because of a receiver type mismatch:
fun <T> Join<Int, Function1<Int, Join<Any?, TypeMemento>>>.get(column: Column<T>): T?
e: file:///Users/jim/work/v2superbikeshed/Trikeshed/src/commonMain/kotlin/borg/trikeshed/net/http/Http2Protocol.kt:601:24 Cannot infer type for this parameter. Specify it explicitly.
e: file:///Users/jim/work/v2superbikeshed/Trikeshed/src/commonMain/kotlin/borg/trikeshed/net/http/Http2Protocol.kt:601:24 Unresolved reference. None of the following candidates is applicable because of a receiver type mismatch:
fun <T> Join<Int, Function1<Int, Join<Any?, TypeMemento>>>.get(column: Column<T>): T?
e: file:///Users/jim/work/v2superbikeshed/Trikeshed/src/commonMain/kotlin/borg/trikeshed/net/http/Http3Protocol.kt:103:25 Argument type mismatch: actual type is 'T? (of fun <T> Join<Int, Function1<Int, Join<Any?, TypeMemento>>>.get)', but 'Byte' was expected.
e: file:///Users/jim/work/v2superbikeshed/Trikeshed/src/commonMain/kotlin/borg/trikeshed/net/http/Http3Protocol.kt:103:25 Cannot infer type for this parameter. Specify it explicitly.
e: file:///Users/jim/work/v2superbikeshed/Trikeshed/src/commonMain/kotlin/borg/trikeshed/net/http/Http3Protocol.kt:103:25 Unresolved reference. None of the following candidates is applicable because of a receiver type mismatch:
fun <T> Join<Int, Function1<Int, Join<Any?, TypeMemento>>>.get(column: Column<T>): T?
e: file:///Users/jim/work/v2superbikeshed/Trikeshed/src/commonMain/kotlin/borg/trikeshed/net/http/Http3Protocol.kt:126:49 Cannot infer type for this parameter. Specify it explicitly.
e: file:///Users/jim/work/v2superbikeshed/Trikeshed/src/commonMain/kotlin/borg/trikeshed/net/http/Http3Protocol.kt:126:63 Argument type mismatch: actual type is 'Join<Int, Function1<Int, Join<Any?, TypeMemento>>>', but 'Join<Int, Function1<Int, Byte>>' was expected.
e: file:///Users/jim/work/v2superbikeshed/Trikeshed/src/commonMain/kotlin/borg/trikeshed/net/http/Http3Protocol.kt:126:63 Cannot infer type for this parameter. Specify it explicitly.
e: file:///Users/jim/work/v2superbikeshed/Trikeshed/src/commonMain/kotlin/borg/trikeshed/net/http/Http3Protocol.kt:126:63 Unresolved reference. None of the following candidates is applicable because of a receiver type mismatch:
fun <T> Join<Int, Function1<Int, Join<Any?, TypeMemento>>>.get(column: Column<T>): T?
e: file:///Users/jim/work/v2superbikeshed/Trikeshed/src/commonMain/kotlin/borg/trikeshed/net/http/Http3Protocol.kt:206:25 Argument type mismatch: actual type is 'T? (of fun <T> Join<Int, Function1<Int, Join<Any?, TypeMemento>>>.get)', but 'Join<HttpHeaderName, HttpHeaderValue>' was expected.
e: file:///Users/jim/work/v2superbikeshed/Trikeshed/src/commonMain/kotlin/borg/trikeshed/net/http/Http3Protocol.kt:206:25 Cannot infer type for this parameter. Specify it explicitly.
e: file:///Users/jim/work/v2superbikeshed/Trikeshed/src/commonMain/kotlin/borg/trikeshed/net/http/Http3Protocol.kt:206:25 Unresolved reference. None of the following candidates is applicable because of a receiver type mismatch:
fun <T> Join<Int, Function1<Int, Join<Any?, TypeMemento>>>.get(column: Column<T>): T?
e: file:///Users/jim/work/v2superbikeshed/Trikeshed/src/commonMain/kotlin/borg/trikeshed/net/http/Http3Protocol.kt:324:39 Argument type mismatch: actual type is 'T? (of fun <T> Join<Int, Function1<Int, Join<Any?, TypeMemento>>>.get)', but 'Byte' was expected.
e: file:///Users/jim/work/v2superbikeshed/Trikeshed/src/commonMain/kotlin/borg/trikeshed/net/http/Http3Protocol.kt:324:39 Cannot infer type for this parameter. Specify it explicitly.
e: file:///Users/jim/work/v2superbikeshed/Trikeshed/src/commonMain/kotlin/borg/trikeshed/net/http/Http3Protocol.kt:324:39 Unresolved reference. None of the following candidates is applicable because of a receiver type mismatch:
fun <T> Join<Int, Function1<Int, Join<Any?, TypeMemento>>>.get(column: Column<T>): T?
e: file:///Users/jim/work/v2superbikeshed/Trikeshed/src/commonMain/kotlin/borg/trikeshed/net/http/Http3Protocol.kt:349:26 Cannot infer type for this parameter. Specify it explicitly.
e: file:///Users/jim/work/v2superbikeshed/Trikeshed/src/commonMain/kotlin/borg/trikeshed/net/http/Http3Protocol.kt:349:26 Unresolved reference. None of the following candidates is applicable because of a receiver type mismatch:
fun <T> Join<Int, Function1<Int, Join<Any?, TypeMemento>>>.get(column: Column<T>): T?
e: file:///Users/jim/work/v2superbikeshed/Trikeshed/src/commonMain/kotlin/borg/trikeshed/net/http/Http3Protocol.kt:350:26 Unresolved reference 'a'.
e: file:///Users/jim/work/v2superbikeshed/Trikeshed/src/commonMain/kotlin/borg/trikeshed/net/http/Http3Protocol.kt:351:65 Unresolved reference 'b'.
e: file:///Users/jim/work/v2superbikeshed/Trikeshed/src/commonMain/kotlin/borg/trikeshed/net/http/Http3Protocol.kt:352:58 Unresolved reference 'b'.
e: file:///Users/jim/work/v2superbikeshed/Trikeshed/src/commonMain/kotlin/borg/trikeshed/net/http/Http3Protocol.kt:561:26 Cannot infer type for this parameter. Specify it explicitly.
e: file:///Users/jim/work/v2superbikeshed/Trikeshed/src/commonMain/kotlin/borg/trikeshed/net/http/Http3Protocol.kt:561:26 Unresolved reference. None of the following candidates is applicable because of a receiver type mismatch:
fun <T> Join<Int, Function1<Int, Join<Any?, TypeMemento>>>.get(column: Column<T>): T?
e: file:///Users/jim/work/v2superbikeshed/Trikeshed/src/commonMain/kotlin/borg/trikeshed/net/http/Http3Protocol.kt:562:31 Unresolved reference 'a'.
e: file:///Users/jim/work/v2superbikeshed/Trikeshed/src/commonMain/kotlin/borg/trikeshed/net/http/Http3Protocol.kt:563:32 Unresolved reference 'b'.
e: file:///Users/jim/work/v2superbikeshed/Trikeshed/src/commonMain/kotlin/borg/trikeshed/net/http/Http3Protocol.kt:634:24 Cannot infer type for this parameter. Specify it explicitly.
e: file:///Users/jim/work/v2superbikeshed/Trikeshed/src/commonMain/kotlin/borg/trikeshed/net/http/Http3Protocol.kt:634:24 Unresolved reference. None of the following candidates is applicable because of a receiver type mismatch:
fun <T> Join<Int, Function1<Int, Join<Any?, TypeMemento>>>.get(column: Column<T>): T?
e: file:///Users/jim/work/v2superbikeshed/Trikeshed/src/commonMain/kotlin/borg/trikeshed/net/http/Http3Protocol.kt:697:25 Cannot infer type for this parameter. Specify it explicitly.
e: file:///Users/jim/work/v2superbikeshed/Trikeshed/src/commonMain/kotlin/borg/trikeshed/net/http/Http3Protocol.kt:697:25 Unresolved reference. None of the following candidates is applicable because of a receiver type mismatch:
fun <T> Join<Int, Function1<Int, Join<Any?, TypeMemento>>>.get(column: Column<T>): T?
e: file:///Users/jim/work/v2superbikeshed/Trikeshed/src/commonMain/kotlin/borg/trikeshed/net/http/Http3Protocol.kt:713:25 Argument type mismatch: actual type is 'Int', but 'Int' was expected.
e: file:///Users/jim/work/v2superbikeshed/Trikeshed/src/commonMain/kotlin/borg/trikeshed/net/http/Http3Protocol.kt:713:30 Argument type mismatch: actual type is 'T? (of fun <T> Join<Int, Function1<Int, Join<Any?, TypeMemento>>>.get)', but 'Byte' was expected.
e: file:///Users/jim/work/v2superbikeshed/Trikeshed/src/commonMain/kotlin/borg/trikeshed/net/http/Http3Protocol.kt:713:30 Cannot infer type for this parameter. Specify it explicitly.
e: file:///Users/jim/work/v2superbikeshed/Trikeshed/src/commonMain/kotlin/borg/trikeshed/net/http/Http3Protocol.kt:713:30 Unresolved reference. None of the following candidates is applicable because of a receiver type mismatch:
fun <T> Join<Int, Function1<Int, Join<Any?, TypeMemento>>>.get(column: Column<T>): T?
e: file:///Users/jim/work/v2superbikeshed/Trikeshed/src/commonMain/kotlin/borg/trikeshed/net/http/Http3Protocol.kt:901:21 Cannot infer type for this parameter. Specify it explicitly.
e: file:///Users/jim/work/v2superbikeshed/Trikeshed/src/commonMain/kotlin/borg/trikeshed/net/http/Http3Protocol.kt:901:21 Unresolved reference. None of the following candidates is applicable because of a receiver type mismatch:
fun <T> Join<Int, Function1<Int, Join<Any?, TypeMemento>>>.get(column: Column<T>): T?
e: file:///Users/jim/work/v2superbikeshed/Trikeshed/src/commonMain/kotlin/borg/trikeshed/net/http/Http3Protocol.kt:909:25 Cannot infer type for this parameter. Specify it explicitly.
e: file:///Users/jim/work/v2superbikeshed/Trikeshed/src/commonMain/kotlin/borg/trikeshed/net/http/Http3Protocol.kt:909:25 Unresolved reference. None of the following candidates is applicable because of a receiver type mismatch:
fun <T> Join<Int, Function1<Int, Join<Any?, TypeMemento>>>.get(column: Column<T>): T?
e: file:///Users/jim/work/v2superbikeshed/Trikeshed/src/commonMain/kotlin/borg/trikeshed/net/http/Http3Protocol.kt:915:26 Cannot infer type for this parameter. Specify it explicitly.
e: file:///Users/jim/work/v2superbikeshed/Trikeshed/src/commonMain/kotlin/borg/trikeshed/net/http/Http3Protocol.kt:915:26 Unresolved reference. None of the following candidates is applicable because of a receiver type mismatch:
fun <T> Join<Int, Function1<Int, Join<Any?, TypeMemento>>>.get(column: Column<T>): T?
e: file:///Users/jim/work/v2superbikeshed/Trikeshed/src/commonMain/kotlin/borg/trikeshed/net/http/Http3Protocol.kt:916:26 Cannot infer type for this parameter. Specify it explicitly.
e: file:///Users/jim/work/v2superbikeshed/Trikeshed/src/commonMain/kotlin/borg/trikeshed/net/http/Http3Protocol.kt:916:26 Unresolved reference. None of the following candidates is applicable because of a receiver type mismatch:
fun <T> Join<Int, Function1<Int, Join<Any?, TypeMemento>>>.get(column: Column<T>): T?
e: file:///Users/jim/work/v2superbikeshed/Trikeshed/src/commonMain/kotlin/borg/trikeshed/net/http/Http3Protocol.kt:917:25 Cannot infer type for this parameter. Specify it explicitly.
e: file:///Users/jim/work/v2superbikeshed/Trikeshed/src/commonMain/kotlin/borg/trikeshed/net/http/Http3Protocol.kt:917:25 Unresolved reference. None of the following candidates is applicable because of a receiver type mismatch:
fun <T> Join<Int, Function1<Int, Join<Any?, TypeMemento>>>.get(column: Column<T>): T?
e: file:///Users/jim/work/v2superbikeshed/Trikeshed/src/commonMain/kotlin/borg/trikeshed/net/http/Http3Protocol.kt:924:36 Cannot infer type for this parameter. Specify it explicitly.
e: file:///Users/jim/work/v2superbikeshed/Trikeshed/src/commonMain/kotlin/borg/trikeshed/net/http/Http3Protocol.kt:924:36 Unresolved reference. None of the following candidates is applicable because of a receiver type mismatch:
fun <T> Join<Int, Function1<Int, Join<Any?, TypeMemento>>>.get(column: Column<T>): T?
e: file:///Users/jim/work/v2superbikeshed/Trikeshed/src/commonMain/kotlin/borg/trikeshed/net/http/HttpClient.kt:140:13 Argument type mismatch: actual type is 'Pair<String, String>', but 'K (of fun <K> WHEN_CALL)' was expected.
e: file:///Users/jim/work/v2superbikeshed/Trikeshed/src/commonMain/kotlin/borg/trikeshed/net/http/HttpClient.kt:142:13 Argument type mismatch: actual type is 'Pair<A (of fun <A, B> A.to), B (of fun <A, B> A.to)>', but 'K (of fun <K> WHEN_CALL)' was expected.
e: file:///Users/jim/work/v2superbikeshed/Trikeshed/src/commonMain/kotlin/borg/trikeshed/net/http/HttpClient.kt:142:54 Cannot infer type for this parameter. Specify it explicitly.
e: file:///Users/jim/work/v2superbikeshed/Trikeshed/src/commonMain/kotlin/borg/trikeshed/net/http/HttpClient.kt:142:54 Unresolved reference. None of the following candidates is applicable because of a receiver type mismatch:
fun <A, B> A.to(that: B): Pair<A, B>
e: file:///Users/jim/work/v2superbikeshed/Trikeshed/src/commonMain/kotlin/borg/trikeshed/net/http/HttpClient.kt:147:62 Unresolved reference 'coroutineContext'.
e: file:///Users/jim/work/v2superbikeshed/Trikeshed/src/commonMain/kotlin/borg/trikeshed/net/http/HttpClient.kt:151:9 Unresolved reference 'requestQueue'.
e: file:///Users/jim/work/v2superbikeshed/Trikeshed/src/commonMain/kotlin/borg/trikeshed/net/http/HttpClient.kt:154:18 Cannot infer type for this parameter. Specify it explicitly.
e: file:///Users/jim/work/v2superbikeshed/Trikeshed/src/commonMain/kotlin/borg/trikeshed/net/http/HttpClient.kt:155:16 Unresolved reference 'write'.
e: file:///Users/jim/work/v2superbikeshed/Trikeshed/src/commonMain/kotlin/borg/trikeshed/net/http/HttpClient.kt:156:23 Unresolved reference 'write'.
e: file:///Users/jim/work/v2superbikeshed/Trikeshed/src/commonMain/kotlin/borg/trikeshed/net/http/HttpClient.kt:157:9 Unresolved reference 'lastActivity'.
e: file:///Users/jim/work/v2superbikeshed/Trikeshed/src/commonMain/kotlin/borg/trikeshed/net/http/HttpClient.kt:157:24 Unresolved reference 'System'.
e: file:///Users/jim/work/v2superbikeshed/Trikeshed/src/commonMain/kotlin/borg/trikeshed/net/http/HttpClient.kt:167:18 Unresolved reference 'write'.
e: file:///Users/jim/work/v2superbikeshed/Trikeshed/src/commonMain/kotlin/borg/trikeshed/net/http/HttpClient.kt:170:33 Unresolved reference 'read'.
e: file:///Users/jim/work/v2superbikeshed/Trikeshed/src/commonMain/kotlin/borg/trikeshed/net/http/HttpClient.kt:173:13 Unresolved reference 'lastActivity'.
e: file:///Users/jim/work/v2superbikeshed/Trikeshed/src/commonMain/kotlin/borg/trikeshed/net/http/HttpClient.kt:173:28 Unresolved reference 'System'.
e: file:///Users/jim/work/v2superbikeshed/Trikeshed/src/commonMain/kotlin/borg/trikeshed/net/http/HttpClient.kt:187:38 Unresolved reference 'System'.
e: file:///Users/jim/work/v2superbikeshed/Trikeshed/src/commonMain/kotlin/borg/trikeshed/net/http/HttpClient.kt:198:26 Unresolved reference 'KQueueContext'.
e: file:///Users/jim/work/v2superbikeshed/Trikeshed/src/commonMain/kotlin/borg/trikeshed/net/http/HttpClient.kt:212:23 Unresolved reference 'getChannel'.
e: file:///Users/jim/work/v2superbikeshed/Trikeshed/src/commonMain/kotlin/borg/trikeshed/net/http/HttpClient.kt:214:9 Argument type mismatch: actual type is 'R? (of fun <T, R> T.let)', but 'K? (of fun <K> ELVIS_CALL)' was expected.
e: file:///Users/jim/work/v2superbikeshed/Trikeshed/src/commonMain/kotlin/borg/trikeshed/net/http/HttpClient.kt:214:18 Cannot infer type for this parameter. Specify it explicitly.
e: file:///Users/jim/work/v2superbikeshed/Trikeshed/src/commonMain/kotlin/borg/trikeshed/net/http/HttpClient.kt:214:22 Cannot infer type for this parameter. Specify it explicitly.
e: file:///Users/jim/work/v2superbikeshed/Trikeshed/src/commonMain/kotlin/borg/trikeshed/net/http/HttpClient.kt:215:16 Unresolved reference 'write'.
e: file:///Users/jim/work/v2superbikeshed/Trikeshed/src/commonMain/kotlin/borg/trikeshed/net/http/HttpClient.kt:217:24 Unresolved reference 'System'.
e: file:///Users/jim/work/v2superbikeshed/Trikeshed/src/commonMain/kotlin/borg/trikeshed/net/http/HttpClient.kt:225:23 Unresolved reference 'getChannel'.
e: file:///Users/jim/work/v2superbikeshed/Trikeshed/src/commonMain/kotlin/borg/trikeshed/net/http/HttpClient.kt:233:28 Unresolved reference 'System'.
e: file:///Users/jim/work/v2superbikeshed/Trikeshed/src/commonMain/kotlin/borg/trikeshed/net/http/HttpClient.kt:238:20 Unresolved reference 'System'.
e: file:///Users/jim/work/v2superbikeshed/Trikeshed/src/commonMain/kotlin/borg/trikeshed/net/http/HttpClient.kt:239:40 Unresolved reference. None of the following candidates is applicable because of a receiver type mismatch:
fun String.compareTo(other: String, ignoreCase: Boolean = ...): Int
e: file:///Users/jim/work/v2superbikeshed/Trikeshed/src/commonMain/kotlin/borg/trikeshed/net/http/HttpClient.kt:244:18 Suspend function 'expect suspend fun close(): Unit' can only be called from a coroutine or another suspend function.
e: file:///Users/jim/work/v2superbikeshed/Trikeshed/src/commonMain/kotlin/borg/trikeshed/net/http/HttpClient.kt:258:16 None of the following candidates is applicable:
val CoroutineScope.isActive: Boolean
val CoroutineContext.isActive: Boolean
e: file:///Users/jim/work/v2superbikeshed/Trikeshed/src/commonMain/kotlin/borg/trikeshed/net/http/HttpClient.kt:260:37 Unresolved reference 'read'.
e: file:///Users/jim/work/v2superbikeshed/Trikeshed/src/commonMain/kotlin/borg/trikeshed/net/http/HttpClient.kt:304:13 Argument type mismatch: actual type is 'Pair<A (of fun <A, B> A.to), B (of fun <A, B> A.to)>', but 'K (of fun <K> WHEN_CALL)' was expected.
e: file:///Users/jim/work/v2superbikeshed/Trikeshed/src/commonMain/kotlin/borg/trikeshed/net/http/HttpClient.kt:304:43 Cannot infer type for this parameter. Specify it explicitly.
e: file:///Users/jim/work/v2superbikeshed/Trikeshed/src/commonMain/kotlin/borg/trikeshed/net/http/HttpClient.kt:304:43 Unresolved reference. None of the following candidates is applicable because of a receiver type mismatch:
fun <A, B> A.to(that: B): Pair<A, B>
e: file:///Users/jim/work/v2superbikeshed/Trikeshed/src/commonMain/kotlin/borg/trikeshed/net/http/HttpClient.kt:306:13 Argument type mismatch: actual type is 'Pair<String, Int>', but 'K (of fun <K> WHEN_CALL)' was expected.
e: file:///Users/jim/work/v2superbikeshed/Trikeshed/src/commonMain/kotlin/borg/trikeshed/net/http/HttpClient.kt:353:46 Unresolved reference 'createDefault'.
e: file:///Users/jim/work/v2superbikeshed/Trikeshed/src/commonMain/kotlin/borg/trikeshed/net/http/HttpClient.kt:363:23 Unresolved reference 'Companion'.
e: file:///Users/jim/work/v2superbikeshed/Trikeshed/src/commonMain/kotlin/borg/trikeshed/net/http/HttpClient.kt:369:30 Unresolved reference. None of the following candidates is applicable because of a receiver type mismatch:
fun Join<Int, Function1<Int, Byte>>.toByteArray(): ByteArray
e: file:///Users/jim/work/v2superbikeshed/Trikeshed/src/commonMain/kotlin/borg/trikeshed/net/http/HttpQuicIntegration.kt:331:26 Cannot infer type for this parameter. Specify it explicitly.
e: file:///Users/jim/work/v2superbikeshed/Trikeshed/src/commonMain/kotlin/borg/trikeshed/net/http/HttpQuicIntegration.kt:331:26 Unresolved reference. None of the following candidates is applicable because of a receiver type mismatch:
fun <T> Join<Int, Function1<Int, Join<Any?, TypeMemento>>>.get(column: Column<T>): T?
e: file:///Users/jim/work/v2superbikeshed/Trikeshed/src/commonMain/kotlin/borg/trikeshed/net/http/HttpQuicIntegration.kt:332:24 Unresolved reference 'a'.
e: file:///Users/jim/work/v2superbikeshed/Trikeshed/src/commonMain/kotlin/borg/trikeshed/net/http/HttpQuicIntegration.kt:333:24 Unresolved reference 'b'.
e: file:///Users/jim/work/v2superbikeshed/Trikeshed/src/commonMain/kotlin/borg/trikeshed/net/http/HttpQuicIntegration.kt:345:26 Cannot infer type for this parameter. Specify it explicitly.
e: file:///Users/jim/work/v2superbikeshed/Trikeshed/src/commonMain/kotlin/borg/trikeshed/net/http/HttpQuicIntegration.kt:345:26 Unresolved reference. None of the following candidates is applicable because of a receiver type mismatch:
fun <T> Join<Int, Function1<Int, Join<Any?, TypeMemento>>>.get(column: Column<T>): T?
e: file:///Users/jim/work/v2superbikeshed/Trikeshed/src/commonMain/kotlin/borg/trikeshed/net/http/HttpQuicIntegration.kt:346:24 Unresolved reference 'a'.
e: file:///Users/jim/work/v2superbikeshed/Trikeshed/src/commonMain/kotlin/borg/trikeshed/net/http/HttpQuicIntegration.kt:347:24 Unresolved reference 'b'.
e: file:///Users/jim/work/v2superbikeshed/Trikeshed/src/commonMain/kotlin/borg/trikeshed/net/http/HttpQuicServer.kt:107:30 Argument type mismatch: actual type is 'HttpStatusCode', but 'HttpStatusCode' was expected.
e: file:///Users/jim/work/v2superbikeshed/Trikeshed/src/commonMain/kotlin/borg/trikeshed/net/http/HttpQuicServer.kt:108:31 Cannot infer type for this parameter. Specify it explicitly.
e: file:///Users/jim/work/v2superbikeshed/Trikeshed/src/commonMain/kotlin/borg/trikeshed/net/http/HttpQuicServer.kt:108:31 Not enough information to infer type argument for 'T'.
e: file:///Users/jim/work/v2superbikeshed/Trikeshed/src/commonMain/kotlin/borg/trikeshed/net/http/HttpQuicServer.kt:108:31 Unresolved reference. None of the following candidates is applicable because of a receiver type mismatch:
fun <T> Join<Shape, Function1<Shape, T>>.invoke(index: Int): T
e: file:///Users/jim/work/v2superbikeshed/Trikeshed/src/commonMain/kotlin/borg/trikeshed/net/http/HttpQuicServer.kt:108:31 Argument type mismatch: actual type is 'T (of fun <T> Join<Shape, Function1<Shape, T>>.invoke)', but 'Join<Int, Function1<Int, Join<HttpHeaderName, HttpHeaderValue>>>' was expected.
e: file:///Users/jim/work/v2superbikeshed/Trikeshed/src/commonMain/kotlin/borg/trikeshed/net/http/HttpQuicServer.kt:109:28 Argument type mismatch: actual type is 'ByteArray', but 'ByteArray' was expected.
e: file:///Users/jim/work/v2superbikeshed/Trikeshed/src/commonMain/kotlin/borg/trikeshed/net/http/HttpQuicServer.kt:130:30 Cannot infer type for this parameter. Specify it explicitly.
e: file:///Users/jim/work/v2superbikeshed/Trikeshed/src/commonMain/kotlin/borg/trikeshed/net/http/HttpQuicServer.kt:130:30 Unresolved reference. None of the following candidates is applicable because of a receiver type mismatch:
fun <T> Join<Int, Function1<Int, Join<Any?, TypeMemento>>>.get(column: Column<T>): T?
e: file:///Users/jim/work/v2superbikeshed/Trikeshed/src/commonMain/kotlin/borg/trikeshed/net/http/HttpQuicServer.kt:136:31 Cannot infer type for this parameter. Specify it explicitly.
e: file:///Users/jim/work/v2superbikeshed/Trikeshed/src/commonMain/kotlin/borg/trikeshed/net/http/HttpQuicServer.kt:136:31 Unresolved reference. None of the following candidates is applicable because of a receiver type mismatch:
fun <T> Join<Int, Function1<Int, Join<Any?, TypeMemento>>>.get(column: Column<T>): T?
e: file:///Users/jim/work/v2superbikeshed/Trikeshed/src/commonMain/kotlin/borg/trikeshed/net/http/HttpQuicServer.kt:145:24 None of the following candidates is applicable:
fun ByteArray.toIdx(): Join<Int, Function1<Int, Byte>>
fun IntArray.toIdx(): Join<Int, Function1<Int, Int>>
e: file:///Users/jim/work/v2superbikeshed/Trikeshed/src/commonMain/kotlin/borg/trikeshed/net/http/HttpQuicServer.kt:154:71 Cannot infer type for this parameter. Specify it explicitly.
e: file:///Users/jim/work/v2superbikeshed/Trikeshed/src/commonMain/kotlin/borg/trikeshed/net/http/HttpQuicServer.kt:154:71 Not enough information to infer type argument for 'T'.
e: file:///Users/jim/work/v2superbikeshed/Trikeshed/src/commonMain/kotlin/borg/trikeshed/net/http/HttpQuicServer.kt:154:71 Unresolved reference. None of the following candidates is applicable because of a receiver type mismatch:
fun <T> Join<Shape, Function1<Shape, T>>.invoke(index: Int): T
e: file:///Users/jim/work/v2superbikeshed/Trikeshed/src/commonMain/kotlin/borg/trikeshed/net/http/HttpQuicServer.kt:232:26 None of the following candidates is applicable:
fun ByteArray.toIdx(): Join<Int, Function1<Int, Byte>>
fun IntArray.toIdx(): Join<Int, Function1<Int, Int>>
e: file:///Users/jim/work/v2superbikeshed/Trikeshed/src/commonMain/kotlin/borg/trikeshed/net/http/HttpQuicServer.kt:244:26 None of the following candidates is applicable:
fun ByteArray.toIdx(): Join<Int, Function1<Int, Byte>>
fun IntArray.toIdx(): Join<Int, Function1<Int, Int>>
e: file:///Users/jim/work/v2superbikeshed/Trikeshed/src/commonMain/kotlin/borg/trikeshed/net/http/HttpQuicServer.kt:262:12 Cannot infer type for this parameter. Specify it explicitly.
e: file:///Users/jim/work/v2superbikeshed/Trikeshed/src/commonMain/kotlin/borg/trikeshed/net/http/HttpQuicServer.kt:262:12 Unresolved reference. None of the following candidates is applicable because of a receiver type mismatch:
fun <T> Join<Int, Function1<Int, Join<Any?, TypeMemento>>>.get(column: Column<T>): T?
e: file:///Users/jim/work/v2superbikeshed/Trikeshed/src/commonMain/kotlin/borg/trikeshed/net/http/HttpQuicServer.kt:280:9 Unresolved reference. None of the following candidates is applicable because of a receiver type mismatch:
suspend fun QuicStream.writeByte(byte: Byte): Unit
e: file:///Users/jim/work/v2superbikeshed/Trikeshed/src/commonMain/kotlin/borg/trikeshed/net/http/HttpQuicServer.kt:280:19 Cannot infer type for this parameter. Specify it explicitly.
e: file:///Users/jim/work/v2superbikeshed/Trikeshed/src/commonMain/kotlin/borg/trikeshed/net/http/HttpQuicServer.kt:280:19 Unresolved reference. None of the following candidates is applicable because of a receiver type mismatch:
fun <T> Join<Int, Function1<Int, Join<Any?, TypeMemento>>>.get(column: Column<T>): T?
e: file:///Users/jim/work/v2superbikeshed/Trikeshed/src/commonMain/kotlin/borg/trikeshed/net/http/HttpSerializer.kt:29:33 Unresolved reference 'size'.
e: file:///Users/jim/work/v2superbikeshed/Trikeshed/src/commonMain/kotlin/borg/trikeshed/net/http/HttpSerializer.kt:30:26 Unresolved reference. None of the following candidates is applicable because of a receiver type mismatch:
fun MatchGroupCollection.get(name: String): MatchGroup?
e: file:///Users/jim/work/v2superbikeshed/Trikeshed/src/commonMain/kotlin/borg/trikeshed/net/http/HttpSerializer.kt:31:23 Unresolved reference 'a'.
e: file:///Users/jim/work/v2superbikeshed/Trikeshed/src/commonMain/kotlin/borg/trikeshed/net/http/HttpSerializer.kt:31:36 Unresolved reference 'b'.
e: file:///Users/jim/work/v2superbikeshed/Trikeshed/src/commonMain/kotlin/borg/trikeshed/net/http/HttpServer.kt:20:11 Redeclaration:
typealias HttpHandler = suspend (HttpRequest) -> HttpResponse
e: file:///Users/jim/work/v2superbikeshed/Trikeshed/src/commonMain/kotlin/borg/trikeshed/net/http/HttpServer.kt:25:12 Redeclaration:
data class HttpServerConfig : Any
e: file:///Users/jim/work/v2superbikeshed/Trikeshed/src/commonMain/kotlin/borg/trikeshed/net/http/HttpServer.kt:86:25 Unresolved reference 'PlatformIO'.
e: file:///Users/jim/work/v2superbikeshed/Trikeshed/src/commonMain/kotlin/borg/trikeshed/net/http/HttpServer.kt:88:40 Unresolved reference 'value'.
e: file:///Users/jim/work/v2superbikeshed/Trikeshed/src/commonMain/kotlin/borg/trikeshed/net/http/HttpServer.kt:89:65 Unresolved reference 'value'.
e: file:///Users/jim/work/v2superbikeshed/Trikeshed/src/commonMain/kotlin/borg/trikeshed/net/http/HttpServer.kt:89:86 Unresolved reference 'value'.
e: file:///Users/jim/work/v2superbikeshed/Trikeshed/src/commonMain/kotlin/borg/trikeshed/net/http/HttpServer.kt:91:17 Unresolved reference 'register'.
e: file:///Users/jim/work/v2superbikeshed/Trikeshed/src/commonMain/kotlin/borg/trikeshed/net/http/HttpServer.kt:92:47 Suspension functions can only be called within coroutine body.
e: file:///Users/jim/work/v2superbikeshed/Trikeshed/src/commonMain/kotlin/borg/trikeshed/net/http/HttpServer.kt:94:31 Unresolved reference 'configureBlocking'.
e: file:///Users/jim/work/v2superbikeshed/Trikeshed/src/commonMain/kotlin/borg/trikeshed/net/http/HttpServer.kt:98:71 Unresolved reference 'remoteAddress'.
e: file:///Users/jim/work/v2superbikeshed/Trikeshed/src/commonMain/kotlin/borg/trikeshed/net/http/HttpServer.kt:105:70 Unresolved reference 'value'.
e: file:///Users/jim/work/v2superbikeshed/Trikeshed/src/commonMain/kotlin/borg/trikeshed/net/http/HttpServer.kt:106:17 Cannot infer type for this parameter. Specify it explicitly.
e: file:///Users/jim/work/v2superbikeshed/Trikeshed/src/commonMain/kotlin/borg/trikeshed/net/http/HttpServer.kt:106:20 No value passed for parameter 'block'.
e: file:///Users/jim/work/v2superbikeshed/Trikeshed/src/commonMain/kotlin/borg/trikeshed/net/http/HttpServer.kt:112:21 Unresolved reference 'stop'.
e: file:///Users/jim/work/v2superbikeshed/Trikeshed/src/commonMain/kotlin/borg/trikeshed/net/http/HttpServer.kt:128:37 Unresolved reference 'read'.
e: file:///Users/jim/work/v2superbikeshed/Trikeshed/src/commonMain/kotlin/borg/trikeshed/net/http/HttpServer.kt:138:62 Argument type mismatch: actual type is 'Join<Int, Function1<Int, Char>>', but 'String' was expected.
e: file:///Users/jim/work/v2superbikeshed/Trikeshed/src/commonMain/kotlin/borg/trikeshed/net/http/HttpServer.kt:158:21 Unresolved reference 'write'.
e: file:///Users/jim/work/v2superbikeshed/Trikeshed/src/commonMain/kotlin/borg/trikeshed/net/http/HttpServer.kt:168:44 Overload resolution ambiguity between candidates:
fun <X, C, V : Join<Int, Function1<Int, X>>> V.α(crossinline xform: (X) -> C): Join<Int, Function1<Int, C>>
fun <X, C, V : Join<Int, Function1<Int, X>>> V.α(crossinline xform: (X) -> C): Join<Int, Function1<Int, C>>
e: file:///Users/jim/work/v2superbikeshed/Trikeshed/src/commonMain/kotlin/borg/trikeshed/net/http/HttpServer.kt:168:63 Unresolved reference 'it'.
e: file:///Users/jim/work/v2superbikeshed/Trikeshed/src/commonMain/kotlin/borg/trikeshed/net/http/HttpServer.kt:168:93 Unresolved reference 'it'.
e: file:///Users/jim/work/v2superbikeshed/Trikeshed/src/commonMain/kotlin/borg/trikeshed/net/http/HttpServer.kt:169:28 Argument type mismatch: actual type is 'String', but 'HttpMethod' was expected.
e: file:///Users/jim/work/v2superbikeshed/Trikeshed/src/commonMain/kotlin/borg/trikeshed/net/http/HttpServer.kt:169:86 Unresolved reference 'value'.
e: file:///Users/jim/work/v2superbikeshed/Trikeshed/src/commonMain/kotlin/borg/trikeshed/net/http/HttpServer.kt:169:103 Argument type mismatch: actual type is 'String', but 'ByteArray' was expected.
e: file:///Users/jim/work/v2superbikeshed/Trikeshed/src/commonMain/kotlin/borg/trikeshed/net/http/HttpServer.kt:169:124 Argument type mismatch: actual type is 'String', but 'HttpVersion' was expected.
e: file:///Users/jim/work/v2superbikeshed/Trikeshed/src/commonMain/kotlin/borg/trikeshed/net/http/HttpServer.kt:175:17 Unresolved reference 'write'.
e: file:///Users/jim/work/v2superbikeshed/Trikeshed/src/commonMain/kotlin/borg/trikeshed/net/http/HttpServer.kt:195:47 Unresolved reference 'path'.
e: file:///Users/jim/work/v2superbikeshed/Trikeshed/src/commonMain/kotlin/borg/trikeshed/net/http/HttpServer.kt:206:91 Unresolved reference 'path'.
e: file:///Users/jim/work/v2superbikeshed/Trikeshed/src/commonMain/kotlin/borg/trikeshed/net/http/HttpServer.kt:262:34 Unresolved reference 'Series2'.
e: file:///Users/jim/work/v2superbikeshed/Trikeshed/src/commonMain/kotlin/borg/trikeshed/net/http/HttpServer.kt:262:42 Unresolved reference 'HttpFieldName'.
e: file:///Users/jim/work/v2superbikeshed/Trikeshed/src/commonMain/kotlin/borg/trikeshed/net/http/HttpServer.kt:262:57 Unresolved reference 'HttpFieldValue'.
e: file:///Users/jim/work/v2superbikeshed/Trikeshed/src/commonMain/kotlin/borg/trikeshed/net/http/HttpServer.kt:263:40 Cannot infer type for this parameter. Specify it explicitly.
e: file:///Users/jim/work/v2superbikeshed/Trikeshed/src/commonMain/kotlin/borg/trikeshed/net/http/HttpServer.kt:263:40 Not enough information to infer type argument for 'T'.
e: file:///Users/jim/work/v2superbikeshed/Trikeshed/src/commonMain/kotlin/borg/trikeshed/net/http/HttpServer.kt:263:47 Cannot infer type for this parameter. Specify it explicitly.
e: file:///Users/jim/work/v2superbikeshed/Trikeshed/src/commonMain/kotlin/borg/trikeshed/net/http/HttpServer.kt:263:47 Not enough information to infer type argument for 'T'.
e: file:///Users/jim/work/v2superbikeshed/Trikeshed/src/commonMain/kotlin/borg/trikeshed/net/http/HttpServer.kt:263:52 Cannot infer type for this parameter. Specify it explicitly.
e: file:///Users/jim/work/v2superbikeshed/Trikeshed/src/commonMain/kotlin/borg/trikeshed/net/http/HttpServer.kt:264:16 Unresolved reference 'a'.
e: file:///Users/jim/work/v2superbikeshed/Trikeshed/src/commonMain/kotlin/borg/trikeshed/net/http/HttpServer.kt:265:12 Unresolved reference 'b'.
e: file:///Users/jim/work/v2superbikeshed/Trikeshed/src/commonMain/kotlin/borg/trikeshed/net/http/HttpServer.kt:276:18 Unresolved reference 'Series2'.
e: file:///Users/jim/work/v2superbikeshed/Trikeshed/src/commonMain/kotlin/borg/trikeshed/net/http/HttpServer.kt:276:26 Unresolved reference 'HttpFieldName'.
e: file:///Users/jim/work/v2superbikeshed/Trikeshed/src/commonMain/kotlin/borg/trikeshed/net/http/HttpServer.kt:276:41 Unresolved reference 'HttpFieldValue'.
e: file:///Users/jim/work/v2superbikeshed/Trikeshed/src/commonMain/kotlin/borg/trikeshed/net/http/HttpServer.kt:278:45 Cannot infer type for this parameter. Specify it explicitly.
e: file:///Users/jim/work/v2superbikeshed/Trikeshed/src/commonMain/kotlin/borg/trikeshed/net/http/HttpServer.kt:278:45 Not enough information to infer type argument for 'X'.
e: file:///Users/jim/work/v2superbikeshed/Trikeshed/src/commonMain/kotlin/borg/trikeshed/net/http/HttpServer.kt:278:49 Cannot infer type for this parameter. Specify it explicitly.
e: file:///Users/jim/work/v2superbikeshed/Trikeshed/src/commonMain/kotlin/borg/trikeshed/net/http/HttpServer.kt:279:17 Unresolved reference 'HttpFieldName'.
e: file:///Users/jim/work/v2superbikeshed/Trikeshed/src/commonMain/kotlin/borg/trikeshed/net/http/HttpServer.kt:279:36 Unresolved reference 'a'.
e: file:///Users/jim/work/v2superbikeshed/Trikeshed/src/commonMain/kotlin/borg/trikeshed/net/http/HttpServer.kt:279:47 Unresolved reference 'HttpFieldValue'.
e: file:///Users/jim/work/v2superbikeshed/Trikeshed/src/commonMain/kotlin/borg/trikeshed/net/http/HttpServer.kt:279:67 Unresolved reference 'b'.
e: file:///Users/jim/work/v2superbikeshed/Trikeshed/src/commonMain/kotlin/borg/trikeshed/net/http/HttpServer.kt:323:38 Unresolved reference 'parseChunkedBody'.
e: file:///Users/jim/work/v2superbikeshed/Trikeshed/src/commonMain/kotlin/borg/trikeshed/net/http/HttpServer.kt:326:28 Cannot infer type for this parameter. Specify it explicitly.
e: file:///Users/jim/work/v2superbikeshed/Trikeshed/src/commonMain/kotlin/borg/trikeshed/net/http/HttpServer.kt:326:35 Cannot infer type for this parameter. Specify it explicitly.
e: file:///Users/jim/work/v2superbikeshed/Trikeshed/src/commonMain/kotlin/borg/trikeshed/net/http/HttpServer.kt:326:35 Not enough information to infer type argument for 'T'.
e: file:///Users/jim/work/v2superbikeshed/Trikeshed/src/commonMain/kotlin/borg/trikeshed/net/http/HttpServer.kt:326:45 Cannot infer type for this parameter. Specify it explicitly.
e: file:///Users/jim/work/v2superbikeshed/Trikeshed/src/commonMain/kotlin/borg/trikeshed/net/http/HttpServer.kt:327:34 Unresolved reference 'data'.
e: file:///Users/jim/work/v2superbikeshed/Trikeshed/src/commonMain/kotlin/borg/trikeshed/net/http/HttpServer.kt:342:37 Unresolved reference 'DealService'.
e: file:///Users/jim/work/v2superbikeshed/Trikeshed/src/commonMain/kotlin/borg/trikeshed/net/http/HttpServer.kt:357:56 Unresolved reference 'RequestFactoryService'.
e: file:///Users/jim/work/v2superbikeshed/Trikeshed/src/commonMain/kotlin/borg/trikeshed/net/http/HttpServer.kt:359:65 Unresolved reference 'it'.
e: file:///Users/jim/work/v2superbikeshed/Trikeshed/src/commonMain/kotlin/borg/trikeshed/net/http/HttpServer.kt:360:56 Unresolved reference 'process'.
e: file:///Users/jim/work/v2superbikeshed/Trikeshed/src/commonMain/kotlin/borg/trikeshed/net/http/HttpServer.kt:361:50 Cannot infer type for this parameter. Specify it explicitly.
e: file:///Users/jim/work/v2superbikeshed/Trikeshed/src/commonMain/kotlin/borg/trikeshed/net/http/HttpServer.kt:361:55 Cannot infer type for this parameter. Specify it explicitly.
e: file:///Users/jim/work/v2superbikeshed/Trikeshed/src/commonMain/kotlin/borg/trikeshed/net/http/HttpServer.kt:361:55 Not enough information to infer type argument for 'T'.
e: file:///Users/jim/work/v2superbikeshed/Trikeshed/src/commonMain/kotlin/borg/trikeshed/net/http/HttpServer.kt:378:19 Unresolved reference 'coroutineContext'.
e: file:///Users/jim/work/v2superbikeshed/Trikeshed/src/commonMain/kotlin/borg/trikeshed/net/http/HttpServer.kt:378:19 Cannot infer type for this parameter. Specify it explicitly.
e: file:///Users/jim/work/v2superbikeshed/Trikeshed/src/commonMain/kotlin/borg/trikeshed/net/http/HttpServer.kt:381:24 No value passed for parameter 'status'.
e: file:///Users/jim/work/v2superbikeshed/Trikeshed/src/commonMain/kotlin/borg/trikeshed/net/http/HttpTypes.kt:6:27 Unresolved reference 'Series2'.
e: file:///Users/jim/work/v2superbikeshed/Trikeshed/src/commonMain/kotlin/borg/trikeshed/net/http/HttpTypes.kt:11:24 Redeclaration:
class HttpHeaderName : Any
e: file:///Users/jim/work/v2superbikeshed/Trikeshed/src/commonMain/kotlin/borg/trikeshed/net/http/HttpTypes.kt:12:24 Redeclaration:
class HttpHeaderValue : Any
e: file:///Users/jim/work/v2superbikeshed/Trikeshed/src/commonMain/kotlin/borg/trikeshed/net/http/HttpTypes.kt:13:24 Redeclaration:
class HttpRequestPath : Any
e: file:///Users/jim/work/v2superbikeshed/Trikeshed/src/commonMain/kotlin/borg/trikeshed/net/http/HttpTypes.kt:14:24 Redeclaration:
class HttpStatusCode : Any
e: file:///Users/jim/work/v2superbikeshed/Trikeshed/src/commonMain/kotlin/borg/trikeshed/net/http/HttpTypes.kt:15:24 Redeclaration:
class HttpReasonPhrase : Any
e: file:///Users/jim/work/v2superbikeshed/Trikeshed/src/commonMain/kotlin/borg/trikeshed/net/http/HttpTypes.kt:16:24 Redeclaration:
class HttpVersion : Any
e: file:///Users/jim/work/v2superbikeshed/Trikeshed/src/commonMain/kotlin/borg/trikeshed/net/http/HttpTypes.kt:19:12 Redeclaration:
enum class HttpMethod : Enum<HttpMethod>
e: file:///Users/jim/work/v2superbikeshed/Trikeshed/src/commonMain/kotlin/borg/trikeshed/net/http/HttpTypes.kt:24:12 Redeclaration:
data class HttpRequest : Any
e: file:///Users/jim/work/v2superbikeshed/Trikeshed/src/commonMain/kotlin/borg/trikeshed/net/http/HttpTypes.kt:34:26 Unresolved reference 'size'.
e: file:///Users/jim/work/v2superbikeshed/Trikeshed/src/commonMain/kotlin/borg/trikeshed/net/http/HttpTypes.kt:35:26 Unresolved reference. None of the following candidates is applicable because of a receiver type mismatch:
fun MatchGroupCollection.get(name: String): MatchGroup?
e: file:///Users/jim/work/v2superbikeshed/Trikeshed/src/commonMain/kotlin/borg/trikeshed/net/http/HttpTypes.kt:36:41 Unresolved reference 'a'.
e: file:///Users/jim/work/v2superbikeshed/Trikeshed/src/commonMain/kotlin/borg/trikeshed/net/http/HttpTypes.kt:36:60 Unresolved reference 'b'.
e: file:///Users/jim/work/v2superbikeshed/Trikeshed/src/commonMain/kotlin/borg/trikeshed/net/http/HttpTypes.kt:62:26 Unresolved reference 'Series2'.
e: file:///Users/jim/work/v2superbikeshed/Trikeshed/src/commonMain/kotlin/borg/trikeshed/net/http/HttpTypes.kt:81:12 Redeclaration:
data class HttpResponse : Any
e: file:///Users/jim/work/v2superbikeshed/Trikeshed/src/commonMain/kotlin/borg/trikeshed/net/http/HttpTypes.kt:93:26 Unresolved reference 'size'.
e: file:///Users/jim/work/v2superbikeshed/Trikeshed/src/commonMain/kotlin/borg/trikeshed/net/http/HttpTypes.kt:94:26 Unresolved reference. None of the following candidates is applicable because of a receiver type mismatch:
fun MatchGroupCollection.get(name: String): MatchGroup?
e: file:///Users/jim/work/v2superbikeshed/Trikeshed/src/commonMain/kotlin/borg/trikeshed/net/http/HttpTypes.kt:95:41 Unresolved reference 'a'.
e: file:///Users/jim/work/v2superbikeshed/Trikeshed/src/commonMain/kotlin/borg/trikeshed/net/http/HttpTypes.kt:95:60 Unresolved reference 'b'.
e: file:///Users/jim/work/v2superbikeshed/Trikeshed/src/commonMain/kotlin/borg/trikeshed/net/http/HttpTypes.kt:141:9 Conflicting overloads:
suspend fun HttpRequest.send(): HttpResponse
e: file:///Users/jim/work/v2superbikeshed/Trikeshed/src/commonMain/kotlin/borg/trikeshed/net/http/HttpTypes.kt:144:8 Redeclaration:
object HttpUtils : Any
e: file:///Users/jim/work/v2superbikeshed/Trikeshed/src/commonMain/kotlin/borg/trikeshed/net/http/HttpTypes.kt:155:33 Unresolved reference 'size'.
e: file:///Users/jim/work/v2superbikeshed/Trikeshed/src/commonMain/kotlin/borg/trikeshed/net/http/HttpTypes.kt:156:24 Unresolved reference. None of the following candidates is applicable because of a receiver type mismatch:
fun MatchGroupCollection.get(name: String): MatchGroup?
e: file:///Users/jim/work/v2superbikeshed/Trikeshed/src/commonMain/kotlin/borg/trikeshed/net/http/HttpTypes.kt:157:21 Unresolved reference 'a'.
e: file:///Users/jim/work/v2superbikeshed/Trikeshed/src/commonMain/kotlin/borg/trikeshed/net/http/HttpTypes.kt:157:38 Unresolved reference 'b'.
e: file:///Users/jim/work/v2superbikeshed/Trikeshed/src/commonMain/kotlin/borg/trikeshed/net/quic/QuicClient.kt:19:39 Unresolved reference 'sessionCache'.
e: file:///Users/jim/work/v2superbikeshed/Trikeshed/src/commonMain/kotlin/borg/trikeshed/net/quic/QuicClient.kt:38:22 Unresolved reference 'isAlive'.
e: file:///Users/jim/work/v2superbikeshed/Trikeshed/src/commonMain/kotlin/borg/trikeshed/net/quic/QuicClient.kt:44:13 No parameter with name 'isClient' found.
e: file:///Users/jim/work/v2superbikeshed/Trikeshed/src/commonMain/kotlin/borg/trikeshed/net/quic/QuicClient.kt:46:13 No parameter with name 'ioContext' found.
e: file:///Users/jim/work/v2superbikeshed/Trikeshed/src/commonMain/kotlin/borg/trikeshed/net/quic/QuicClient.kt:46:13 No value passed for parameter 'sessionCache'.
e: file:///Users/jim/work/v2superbikeshed/Trikeshed/src/commonMain/kotlin/borg/trikeshed/net/quic/QuicClient.kt:46:13 No value passed for parameter 'coroutineScope'.
e: file:///Users/jim/work/v2superbikeshed/Trikeshed/src/commonMain/kotlin/borg/trikeshed/net/quic/QuicClient.kt:50:42 Cannot infer type for this parameter. Specify it explicitly.
e: file:///Users/jim/work/v2superbikeshed/Trikeshed/src/commonMain/kotlin/borg/trikeshed/net/quic/QuicClient.kt:50:46 Argument type mismatch: actual type is 'String', but 'Column<T (of fun <T> Join<Int, Function1<Int, Join<Any?, TypeMemento>>>.get)>' was expected.
e: file:///Users/jim/work/v2superbikeshed/Trikeshed/src/commonMain/kotlin/borg/trikeshed/net/quic/QuicClient.kt:50:52 Too many arguments for 'fun <T> Join<Int, Function1<Int, Join<Any?, TypeMemento>>>.get(column: Column<T>): T?'.
e: file:///Users/jim/work/v2superbikeshed/Trikeshed/src/commonMain/kotlin/borg/trikeshed/net/quic/QuicClient.kt:53:28 Unresolved reference 'connect0RTT'.
e: file:///Users/jim/work/v2superbikeshed/Trikeshed/src/commonMain/kotlin/borg/trikeshed/net/quic/QuicClient.kt:62:40 Too many arguments for 'suspend fun connect(serverAddress: String, port: Int): Boolean'.
e: file:///Users/jim/work/v2superbikeshed/Trikeshed/src/commonMain/kotlin/borg/trikeshed/net/quic/QuicClient.kt:65:20 Unresolved reference 'getSession'.
e: file:///Users/jim/work/v2superbikeshed/Trikeshed/src/commonMain/kotlin/borg/trikeshed/net/quic/QuicClient.kt:65:34 Cannot infer type for this parameter. Specify it explicitly.
e: file:///Users/jim/work/v2superbikeshed/Trikeshed/src/commonMain/kotlin/borg/trikeshed/net/quic/QuicClient.kt:65:40 Cannot infer type for this parameter. Specify it explicitly.
e: file:///Users/jim/work/v2superbikeshed/Trikeshed/src/commonMain/kotlin/borg/trikeshed/net/quic/QuicClient.kt:66:26 Unresolved reference 'put'.
e: file:///Users/jim/work/v2superbikeshed/Trikeshed/src/commonMain/kotlin/borg/trikeshed/net/quic/QuicClient.kt:77:27 Unresolved reference 'openBidirectionalStream'.
e: file:///Users/jim/work/v2superbikeshed/Trikeshed/src/commonMain/kotlin/borg/trikeshed/net/quic/QuicClient.kt:84:27 Unresolved reference 'openUnidirectionalStream'.
e: file:///Users/jim/work/v2superbikeshed/Trikeshed/src/commonMain/kotlin/borg/trikeshed/net/quic/QuicClient.kt:95:16 Unresolved reference 'send'.
e: file:///Users/jim/work/v2superbikeshed/Trikeshed/src/commonMain/kotlin/borg/trikeshed/net/quic/QuicClient.kt:113:68 Unresolved reference. None of the following candidates is applicable because of a receiver type mismatch:
fun Join<Int, Function1<Int, Byte>>.toByteArray(): ByteArray
e: file:///Users/jim/work/v2superbikeshed/Trikeshed/src/commonMain/kotlin/borg/trikeshed/net/quic/QuicClient.kt:114:24 Unresolved reference 'send'.
e: file:///Users/jim/work/v2superbikeshed/Trikeshed/src/commonMain/kotlin/borg/trikeshed/net/quic/QuicClient.kt:115:24 Unresolved reference 'send'.
e: file:///Users/jim/work/v2superbikeshed/Trikeshed/src/commonMain/kotlin/borg/trikeshed/net/quic/QuicClient.kt:128:23 Unresolved reference 'receive'.
e: file:///Users/jim/work/v2superbikeshed/Trikeshed/src/commonMain/kotlin/borg/trikeshed/net/quic/QuicClient.kt:139:31 Unresolved reference 'isAlive'.
e: file:///Users/jim/work/v2superbikeshed/Trikeshed/src/commonMain/kotlin/borg/trikeshed/net/quic/QuicClient.kt:140:41 Unresolved reference 'acceptStream'.
e: file:///Users/jim/work/v2superbikeshed/Trikeshed/src/commonMain/kotlin/borg/trikeshed/net/quic/QuicClient.kt:165:27 Unresolved reference 'migrateConnection'.
e: file:///Users/jim/work/v2superbikeshed/Trikeshed/src/commonMain/kotlin/borg/trikeshed/net/quic/QuicClient.kt:173:30 Unresolved reference 'getRTT'.
e: file:///Users/jim/work/v2superbikeshed/Trikeshed/src/commonMain/kotlin/borg/trikeshed/net/quic/QuicClient.kt:174:43 Unresolved reference 'getCongestionWindow'.
e: file:///Users/jim/work/v2superbikeshed/Trikeshed/src/commonMain/kotlin/borg/trikeshed/net/quic/QuicClient.kt:175:40 Unresolved reference 'getBytesInFlight'.
e: file:///Users/jim/work/v2superbikeshed/Trikeshed/src/commonMain/kotlin/borg/trikeshed/net/quic/QuicClient.kt:176:38 Unresolved reference 'getPacketsLost'.
e: file:///Users/jim/work/v2superbikeshed/Trikeshed/src/commonMain/kotlin/borg/trikeshed/net/quic/QuicClient.kt:177:40 Unresolved reference 'getActiveStreamCount'.
e: file:///Users/jim/work/v2superbikeshed/Trikeshed/src/commonMain/kotlin/borg/trikeshed/net/quic/QuicClient.kt:186:24 Too many arguments for 'suspend fun close(): Unit'.
e: file:///Users/jim/work/v2superbikeshed/Trikeshed/src/commonMain/kotlin/borg/trikeshed/net/quic/QuicClient.kt:186:35 Too many arguments for 'suspend fun close(): Unit'.
e: file:///Users/jim/work/v2superbikeshed/Trikeshed/src/commonMain/kotlin/borg/trikeshed/net/quic/QuicClient.kt:205:16 Unresolved reference 'send'.
e: file:///Users/jim/work/v2superbikeshed/Trikeshed/src/commonMain/kotlin/borg/trikeshed/net/quic/QuicClient.kt:207:15 Cannot infer type for this parameter. Specify it explicitly.
e: file:///Users/jim/work/v2superbikeshed/Trikeshed/src/commonMain/kotlin/borg/trikeshed/net/quic/QuicClient.kt:207:28 Unresolved reference 'send'.
e: file:///Users/jim/work/v2superbikeshed/Trikeshed/src/commonMain/kotlin/borg/trikeshed/net/quic/QuicClient.kt:235:14 Unresolved reference. None of the following candidates is applicable because of a receiver type mismatch:
fun Join<Int, Function1<Int, Byte>>.toByteArray(): ByteArray
e: file:///Users/jim/work/v2superbikeshed/Trikeshed/src/commonMain/kotlin/borg/trikeshed/net/quic/QuicClient.kt:267:48 Unresolved reference 'default'.
e: file:///Users/jim/work/v2superbikeshed/Trikeshed/src/commonMain/kotlin/borg/trikeshed/net/quic/QuicClient.kt:303:20 Unresolved reference 'isFinished'.
e: file:///Users/jim/work/v2superbikeshed/Trikeshed/src/commonMain/kotlin/borg/trikeshed/net/quic/QuicClient.kt:347:20 Unresolved reference 'isFinished'.
e: file:///Users/jim/work/v2superbikeshed/Trikeshed/src/commonMain/kotlin/borg/trikeshed/net/quic/QuicProtocol.kt:6:30 Unresolved reference 'json'.
e: file:///Users/jim/work/v2superbikeshed/Trikeshed/src/commonMain/kotlin/borg/trikeshed/net/quic/QuicStream.kt:55:49 Argument type mismatch: actual type is 'Byte?', but 'Byte' was expected.
e: file:///Users/jim/work/v2superbikeshed/Trikeshed/src/commonMain/kotlin/borg/trikeshed/net/quic/QuicStream.kt:55:49 Unresolved reference. None of the following candidates is applicable because of a receiver type mismatch:
fun <T> Join<Int, Function1<Int, Join<Any?, TypeMemento>>>.get(column: Column<T>): T?
e: file:///Users/jim/work/v2superbikeshed/Trikeshed/src/commonMain/kotlin/borg/trikeshed/net/quic/SecureQuicEngine.kt:12:31 Unresolved reference 'CryptoEngine'.
e: file:///Users/jim/work/v2superbikeshed/Trikeshed/src/commonMain/kotlin/borg/trikeshed/net/quic/SecureQuicEngine.kt:17:54 No value passed for parameter 'localConnectionId'.
e: file:///Users/jim/work/v2superbikeshed/Trikeshed/src/commonMain/kotlin/borg/trikeshed/net/quic/SecureQuicEngine.kt:17:54 No value passed for parameter 'remoteConnectionId'.
e: file:///Users/jim/work/v2superbikeshed/Trikeshed/src/commonMain/kotlin/borg/trikeshed/net/quic/SecureQuicEngine.kt:88:26 Unresolved reference 'encrypt'.
e: file:///Users/jim/work/v2superbikeshed/Trikeshed/src/commonMain/kotlin/borg/trikeshed/net/quic/SecureQuicEngine.kt:88:50 Unresolved reference 'EncryptionMode'.
e: file:///Users/jim/work/v2superbikeshed/Trikeshed/src/commonMain/kotlin/borg/trikeshed/net/quic/SecureQuicEngine.kt:112:56 Argument type mismatch: actual type is 'ConnectionId', but 'Join<Int, Function1<Int, Byte>>' was expected.
e: file:///Users/jim/work/v2superbikeshed/Trikeshed/src/commonMain/kotlin/borg/trikeshed/net/quic/SecureQuicEngine.kt:113:51 Argument type mismatch: actual type is 'ConnectionId', but 'Join<Int, Function1<Int, Byte>>' was expected.
e: file:///Users/jim/work/v2superbikeshed/Trikeshed/src/commonMain/kotlin/borg/trikeshed/net/quic/SecureQuicEngine.kt:153:34 Unresolved reference 'decrypt'.
e: file:///Users/jim/work/v2superbikeshed/Trikeshed/src/commonMain/kotlin/borg/trikeshed/net/quic/SecureQuicEngine.kt:153:63 Unresolved reference 'EncryptionMode'.
e: file:///Users/jim/work/v2superbikeshed/Trikeshed/src/commonMain/kotlin/borg/trikeshed/net/quic/SecureQuicEngine.kt:243:52 Argument type mismatch: actual type is 'ConnectionId', but 'Join<Int, Function1<Int, Byte>>' was expected.
e: file:///Users/jim/work/v2superbikeshed/Trikeshed/src/commonMain/kotlin/borg/trikeshed/net/quic/SecureQuicEngine.kt:244:47 Argument type mismatch: actual type is 'ConnectionId', but 'Join<Int, Function1<Int, Byte>>' was expected.
e: file:///Users/jim/work/v2superbikeshed/Trikeshed/src/commonMain/kotlin/borg/trikeshed/net/socks/Socks5Client.kt:46:39 No value passed for parameter 'offset'.
e: file:///Users/jim/work/v2superbikeshed/Trikeshed/src/commonMain/kotlin/borg/trikeshed/net/socks/Socks5Client.kt:46:39 No value passed for parameter 'length'.
e: file:///Users/jim/work/v2superbikeshed/Trikeshed/src/commonMain/kotlin/borg/trikeshed/net/socks/Socks5Client.kt:173:23 Suspend function 'expect suspend fun close(): Unit' can only be called from a coroutine or another suspend function.
e: file:///Users/jim/work/v2superbikeshed/Trikeshed/src/commonMain/kotlin/borg/trikeshed/net/socks/Socks5Client.kt:199:34 Unresolved reference. None of the following candidates is applicable because of a receiver type mismatch:
fun Join<Int, Function1<Int, Byte>>.toByteArray(): ByteArray
e: file:///Users/jim/work/v2superbikeshed/Trikeshed/src/commonMain/kotlin/borg/trikeshed/net/socks/Socks5Client.kt:200:34 Unresolved reference. None of the following candidates is applicable because of a receiver type mismatch:
fun Join<Int, Function1<Int, Byte>>.toByteArray(): ByteArray
e: file:///Users/jim/work/v2superbikeshed/Trikeshed/src/commonMain/kotlin/borg/trikeshed/net/socks/Socks5Client.kt:209:9 Unresolved reference 'System'.
e: file:///Users/jim/work/v2superbikeshed/Trikeshed/src/commonMain/kotlin/borg/trikeshed/net/socks/Socks5Client.kt:211:9 Unresolved reference 'System'.
e: file:///Users/jim/work/v2superbikeshed/Trikeshed/src/commonMain/kotlin/borg/trikeshed/net/socks/Socks5Client.kt:217:39 No value passed for parameter 'offset'.
e: file:///Users/jim/work/v2superbikeshed/Trikeshed/src/commonMain/kotlin/borg/trikeshed/net/socks/Socks5Client.kt:217:39 No value passed for parameter 'length'.
e: file:///Users/jim/work/v2superbikeshed/Trikeshed/src/commonMain/kotlin/borg/trikeshed/net/socks/Socks5Client.kt:244:30 Unresolved reference. None of the following candidates is applicable because of a receiver type mismatch:
fun Join<Int, Function1<Int, Byte>>.toByteArray(): ByteArray
e: file:///Users/jim/work/v2superbikeshed/Trikeshed/src/commonMain/kotlin/borg/trikeshed/net/socks/Socks5Client.kt:252:9 Unresolved reference 'System'.
e: file:///Users/jim/work/v2superbikeshed/Trikeshed/src/commonMain/kotlin/borg/trikeshed/net/socks/Socks5Client.kt:261:39 No value passed for parameter 'offset'.
e: file:///Users/jim/work/v2superbikeshed/Trikeshed/src/commonMain/kotlin/borg/trikeshed/net/socks/Socks5Client.kt:261:39 No value passed for parameter 'length'.
e: file:///Users/jim/work/v2superbikeshed/Trikeshed/src/commonMain/kotlin/borg/trikeshed/net/socks/Socks5Client.kt:277:36 No value passed for parameter 'offset'.
e: file:///Users/jim/work/v2superbikeshed/Trikeshed/src/commonMain/kotlin/borg/trikeshed/net/socks/Socks5Client.kt:277:36 No value passed for parameter 'length'.
e: file:///Users/jim/work/v2superbikeshed/Trikeshed/src/commonMain/kotlin/borg/trikeshed/net/socks/Socks5Client.kt:279:36 No value passed for parameter 'offset'.
e: file:///Users/jim/work/v2superbikeshed/Trikeshed/src/commonMain/kotlin/borg/trikeshed/net/socks/Socks5Client.kt:279:36 No value passed for parameter 'length'.
e: file:///Users/jim/work/v2superbikeshed/Trikeshed/src/commonMain/kotlin/borg/trikeshed/net/socks/Socks5Client.kt:286:36 No value passed for parameter 'offset'.
e: file:///Users/jim/work/v2superbikeshed/Trikeshed/src/commonMain/kotlin/borg/trikeshed/net/socks/Socks5Client.kt:286:36 No value passed for parameter 'length'.
e: file:///Users/jim/work/v2superbikeshed/Trikeshed/src/commonMain/kotlin/borg/trikeshed/net/socks/Socks5Client.kt:289:36 No value passed for parameter 'offset'.
e: file:///Users/jim/work/v2superbikeshed/Trikeshed/src/commonMain/kotlin/borg/trikeshed/net/socks/Socks5Client.kt:289:36 No value passed for parameter 'length'.
e: file:///Users/jim/work/v2superbikeshed/Trikeshed/src/commonMain/kotlin/borg/trikeshed/net/socks/Socks5Client.kt:291:36 No value passed for parameter 'offset'.
e: file:///Users/jim/work/v2superbikeshed/Trikeshed/src/commonMain/kotlin/borg/trikeshed/net/socks/Socks5Client.kt:291:36 No value passed for parameter 'length'.
e: file:///Users/jim/work/v2superbikeshed/Trikeshed/src/commonMain/kotlin/borg/trikeshed/net/socks/Socks5Client.kt:293:17 'fun String(chars: CharArray): String' is deprecated. Use CharArray.concatToString() instead.
e: file:///Users/jim/work/v2superbikeshed/Trikeshed/src/commonMain/kotlin/borg/trikeshed/net/socks/Socks5Client.kt:293:24 Argument type mismatch: actual type is 'ByteArray', but 'CharArray' was expected.
e: file:///Users/jim/work/v2superbikeshed/Trikeshed/src/commonMain/kotlin/borg/trikeshed/net/socks/Socks5Client.kt:298:36 No value passed for parameter 'offset'.
e: file:///Users/jim/work/v2superbikeshed/Trikeshed/src/commonMain/kotlin/borg/trikeshed/net/socks/Socks5Client.kt:298:36 No value passed for parameter 'length'.
e: file:///Users/jim/work/v2superbikeshed/Trikeshed/src/commonMain/kotlin/borg/trikeshed/net/socks/Socks5Client.kt:300:36 No value passed for parameter 'offset'.
e: file:///Users/jim/work/v2superbikeshed/Trikeshed/src/commonMain/kotlin/borg/trikeshed/net/socks/Socks5Client.kt:300:36 No value passed for parameter 'length'.
e: file:///Users/jim/work/v2superbikeshed/Trikeshed/src/commonMain/kotlin/borg/trikeshed/net/socks/Socks5Client.kt:347:56 No value passed for parameter 'offset'.
e: file:///Users/jim/work/v2superbikeshed/Trikeshed/src/commonMain/kotlin/borg/trikeshed/net/socks/Socks5Client.kt:347:56 No value passed for parameter 'length'.
e: file:///Users/jim/work/v2superbikeshed/Trikeshed/src/commonMain/kotlin/borg/trikeshed/net/socks/Socks5Client.kt:348:27 Suspend function 'expect suspend fun close(): Unit' can only be called from a coroutine or another suspend function.
e: file:///Users/jim/work/v2superbikeshed/Trikeshed/src/commonMain/kotlin/borg/trikeshed/net/socks/Socks5Client.kt:362:33 No value passed for parameter 'offset'.
e: file:///Users/jim/work/v2superbikeshed/Trikeshed/src/commonMain/kotlin/borg/trikeshed/net/socks/Socks5Client.kt:362:33 No value passed for parameter 'length'.
e: file:///Users/jim/work/v2superbikeshed/Trikeshed/src/commonMain/kotlin/borg/trikeshed/net/socks/Socks5Client.kt:367:27 Suspend function 'expect suspend fun close(): Unit' can only be called from a coroutine or another suspend function.
e: file:///Users/jim/work/v2superbikeshed/Trikeshed/src/commonMain/kotlin/borg/trikeshed/net/socks/Socks5Client.kt:394:20 Suspend function 'expect suspend fun close(): Unit' can only be called from a coroutine or another suspend function.
e: file:///Users/jim/work/v2superbikeshed/Trikeshed/src/commonMain/kotlin/borg/trikeshed/net/socks/Socks5Client.kt:400:30 Unresolved reference. None of the following candidates is applicable because of a receiver type mismatch:
fun Join<Int, Function1<Int, Byte>>.toByteArray(): ByteArray
e: file:///Users/jim/work/v2superbikeshed/Trikeshed/src/commonMain/kotlin/borg/trikeshed/net/socks/Socks5Client.kt:408:9 Unresolved reference 'System'.
e: file:///Users/jim/work/v2superbikeshed/Trikeshed/src/commonMain/kotlin/borg/trikeshed/net/socks/Socks5Server.kt:15:33 Unresolved reference 'Socks5Protocol'.
e: file:///Users/jim/work/v2superbikeshed/Trikeshed/src/commonMain/kotlin/borg/trikeshed/net/socks/Socks5Server.kt:198:16 None of the following candidates is applicable:
val CoroutineScope.isActive: Boolean
val CoroutineContext.isActive: Boolean
val FlowCollector<*>.isActive: Boolean
e: file:///Users/jim/work/v2superbikeshed/Trikeshed/src/commonMain/kotlin/borg/trikeshed/net/socks/Socks5Server.kt:202:65 Unresolved reference 'fd'.
e: file:///Users/jim/work/v2superbikeshed/Trikeshed/src/commonMain/kotlin/borg/trikeshed/net/socks/Socks5Server.kt:241:21 None of the following candidates is applicable:
val CoroutineScope.isActive: Boolean
val CoroutineContext.isActive: Boolean
val FlowCollector<*>.isActive: Boolean
e: file:///Users/jim/work/v2superbikeshed/Trikeshed/src/commonMain/kotlin/borg/trikeshed/net/socks/Socks5Server.kt:294:24 Unresolved reference 'VERSION'.
e: file:///Users/jim/work/v2superbikeshed/Trikeshed/src/commonMain/kotlin/borg/trikeshed/net/socks/Socks5Server.kt:296:42 Unresolved reference 'Methods'.
e: file:///Users/jim/work/v2superbikeshed/Trikeshed/src/commonMain/kotlin/borg/trikeshed/net/socks/Socks5Server.kt:297:13 'return' is prohibited here.
e: file:///Users/jim/work/v2superbikeshed/Trikeshed/src/commonMain/kotlin/borg/trikeshed/net/socks/Socks5Server.kt:301:65 Too many arguments for 'suspend fun read(buffer: ByteArray): Int'.
e: file:///Users/jim/work/v2superbikeshed/Trikeshed/src/commonMain/kotlin/borg/trikeshed/net/socks/Socks5Server.kt:301:68 Too many arguments for 'suspend fun read(buffer: ByteArray): Int'.
e: file:///Users/jim/work/v2superbikeshed/Trikeshed/src/commonMain/kotlin/borg/trikeshed/net/socks/Socks5Server.kt:304:13 'return' is prohibited here.
e: file:///Users/jim/work/v2superbikeshed/Trikeshed/src/commonMain/kotlin/borg/trikeshed/net/socks/Socks5Server.kt:310:34 Unresolved reference 'Methods'.
e: file:///Users/jim/work/v2superbikeshed/Trikeshed/src/commonMain/kotlin/borg/trikeshed/net/socks/Socks5Server.kt:318:42 Unresolved reference 'Methods'.
e: file:///Users/jim/work/v2superbikeshed/Trikeshed/src/commonMain/kotlin/borg/trikeshed/net/socks/Socks5Server.kt:319:13 'return' is prohibited here.
e: file:///Users/jim/work/v2superbikeshed/Trikeshed/src/commonMain/kotlin/borg/trikeshed/net/socks/Socks5Server.kt:323:38 Unresolved reference 'Methods'.
e: file:///Users/jim/work/v2superbikeshed/Trikeshed/src/commonMain/kotlin/borg/trikeshed/net/socks/Socks5Server.kt:325:9 'return' is prohibited here.
e: file:///Users/jim/work/v2superbikeshed/Trikeshed/src/commonMain/kotlin/borg/trikeshed/net/socks/Socks5Server.kt:332:36 Unresolved reference 'VERSION'.
e: file:///Users/jim/work/v2superbikeshed/Trikeshed/src/commonMain/kotlin/borg/trikeshed/net/socks/Socks5Server.kt:343:58 Too many arguments for 'suspend fun read(buffer: ByteArray): Int'.
e: file:///Users/jim/work/v2superbikeshed/Trikeshed/src/commonMain/kotlin/borg/trikeshed/net/socks/Socks5Server.kt:343:61 Too many arguments for 'suspend fun read(buffer: ByteArray): Int'.
e: file:///Users/jim/work/v2superbikeshed/Trikeshed/src/commonMain/kotlin/borg/trikeshed/net/socks/Socks5Server.kt:346:35 Unresolved reference 'ReplyCodes'.
e: file:///Users/jim/work/v2superbikeshed/Trikeshed/src/commonMain/kotlin/borg/trikeshed/net/socks/Socks5Server.kt:355:24 Unresolved reference 'VERSION'.
e: file:///Users/jim/work/v2superbikeshed/Trikeshed/src/commonMain/kotlin/borg/trikeshed/net/socks/Socks5Server.kt:357:35 Unresolved reference 'ReplyCodes'.
e: file:///Users/jim/work/v2superbikeshed/Trikeshed/src/commonMain/kotlin/borg/trikeshed/net/socks/Socks5Server.kt:365:35 Unresolved reference 'ReplyCodes'.
e: file:///Users/jim/work/v2superbikeshed/Trikeshed/src/commonMain/kotlin/borg/trikeshed/net/socks/Socks5Server.kt:371:13 Unresolved reference 'Commands'.
e: file:///Users/jim/work/v2superbikeshed/Trikeshed/src/commonMain/kotlin/borg/trikeshed/net/socks/Socks5Server.kt:372:13 Unresolved reference 'Commands'.
e: file:///Users/jim/work/v2superbikeshed/Trikeshed/src/commonMain/kotlin/borg/trikeshed/net/socks/Socks5Server.kt:373:13 Unresolved reference 'Commands'.
e: file:///Users/jim/work/v2superbikeshed/Trikeshed/src/commonMain/kotlin/borg/trikeshed/net/socks/Socks5Server.kt:376:39 Unresolved reference 'ReplyCodes'.
e: file:///Users/jim/work/v2superbikeshed/Trikeshed/src/commonMain/kotlin/borg/trikeshed/net/socks/Socks5Server.kt:393:33 Unresolved reference 'createClientChannel'.
e: file:///Users/jim/work/v2superbikeshed/Trikeshed/src/commonMain/kotlin/borg/trikeshed/net/socks/Socks5Server.kt:400:35 Unresolved reference 'ReplyCodes'.
e: file:///Users/jim/work/v2superbikeshed/Trikeshed/src/commonMain/kotlin/borg/trikeshed/net/socks/Socks5Server.kt:408:21 Unresolved reference 'ReplyCodes'.
e: file:///Users/jim/work/v2superbikeshed/Trikeshed/src/commonMain/kotlin/borg/trikeshed/net/socks/Socks5Server.kt:410:21 Unresolved reference 'ReplyCodes'.
e: file:///Users/jim/work/v2superbikeshed/Trikeshed/src/commonMain/kotlin/borg/trikeshed/net/socks/Socks5Server.kt:411:25 Unresolved reference 'ReplyCodes'.
e: file:///Users/jim/work/v2superbikeshed/Trikeshed/src/commonMain/kotlin/borg/trikeshed/net/socks/Socks5Server.kt:429:31 Unresolved reference 'createServerChannel'.
e: file:///Users/jim/work/v2superbikeshed/Trikeshed/src/commonMain/kotlin/borg/trikeshed/net/socks/Socks5Server.kt:437:35 Unresolved reference 'ReplyCodes'.
e: file:///Users/jim/work/v2superbikeshed/Trikeshed/src/commonMain/kotlin/borg/trikeshed/net/socks/Socks5Server.kt:450:43 Unresolved reference 'ReplyCodes'.
e: file:///Users/jim/work/v2superbikeshed/Trikeshed/src/commonMain/kotlin/borg/trikeshed/net/socks/Socks5Server.kt:457:43 Unresolved reference 'ReplyCodes'.
e: file:///Users/jim/work/v2superbikeshed/Trikeshed/src/commonMain/kotlin/borg/trikeshed/net/socks/Socks5Server.kt:463:35 Unresolved reference 'ReplyCodes'.
e: file:///Users/jim/work/v2superbikeshed/Trikeshed/src/commonMain/kotlin/borg/trikeshed/net/socks/Socks5Server.kt:479:30 Unresolved reference 'createUdpChannel'.
e: file:///Users/jim/work/v2superbikeshed/Trikeshed/src/commonMain/kotlin/borg/trikeshed/net/socks/Socks5Server.kt:487:35 Unresolved reference 'ReplyCodes'.
e: file:///Users/jim/work/v2superbikeshed/Trikeshed/src/commonMain/kotlin/borg/trikeshed/net/socks/Socks5Server.kt:496:35 Unresolved reference 'ReplyCodes'.
e: file:///Users/jim/work/v2superbikeshed/Trikeshed/src/commonMain/kotlin/borg/trikeshed/net/socks/Socks5Server.kt:550:20 None of the following candidates is applicable:
val CoroutineScope.isActive: Boolean
val CoroutineContext.isActive: Boolean
val FlowCollector<*>.isActive: Boolean
e: file:///Users/jim/work/v2superbikeshed/Trikeshed/src/commonMain/kotlin/borg/trikeshed/net/socks/Socks5Server.kt:600:22 Unresolved reference 'VERSION'.
e: file:///Users/jim/work/v2superbikeshed/Trikeshed/src/commonMain/kotlin/borg/trikeshed/net/socks/Socks5Server.kt:608:30 Unresolved reference 'AddressTypes'.
e: file:///Users/jim/work/v2superbikeshed/Trikeshed/src/commonMain/kotlin/borg/trikeshed/net/socks/Socks5Server.kt:614:30 Unresolved reference 'AddressTypes'.
e: file:///Users/jim/work/v2superbikeshed/Trikeshed/src/commonMain/kotlin/borg/trikeshed/net/socks/Socks5Server.kt:621:30 Unresolved reference 'AddressTypes'.
e: file:///Users/jim/work/v2superbikeshed/Trikeshed/src/commonMain/kotlin/borg/trikeshed/net/socks/Socks5Server.kt:622:42 Unresolved reference. None of the following candidates is applicable because of a receiver type mismatch:
fun Join<Int, Function1<Int, Byte>>.toByteArray(): ByteArray
e: file:///Users/jim/work/v2superbikeshed/Trikeshed/src/commonMain/kotlin/borg/trikeshed/net/socks/Socks5Server.kt:646:13 Unresolved reference 'AddressTypes'.
e: file:///Users/jim/work/v2superbikeshed/Trikeshed/src/commonMain/kotlin/borg/trikeshed/net/socks/Socks5Server.kt:655:13 Unresolved reference 'AddressTypes'.
e: file:///Users/jim/work/v2superbikeshed/Trikeshed/src/commonMain/kotlin/borg/trikeshed/net/socks/Socks5Server.kt:660:28 'fun String(chars: CharArray, offset: Int, length: Int): String' is deprecated. Use CharArray.concatToString(startIndex, endIndex) instead.
e: file:///Users/jim/work/v2superbikeshed/Trikeshed/src/commonMain/kotlin/borg/trikeshed/net/socks/Socks5Server.kt:660:35 Argument type mismatch: actual type is 'ByteArray', but 'CharArray' was expected.
e: file:///Users/jim/work/v2superbikeshed/Trikeshed/src/commonMain/kotlin/borg/trikeshed/net/socks/Socks5Server.kt:664:13 Unresolved reference 'AddressTypes'.
e: file:///Users/jim/work/v2superbikeshed/Trikeshed/src/commonMain/kotlin/borg/trikeshed/net/socks/Socks5Server.kt:685:13 Argument type mismatch: actual type is 'Pair<A (of fun <A, B> A.to), B (of fun <A, B> A.to)>', but 'K (of fun <K> WHEN_CALL)' was expected.
e: file:///Users/jim/work/v2superbikeshed/Trikeshed/src/commonMain/kotlin/borg/trikeshed/net/socks/Socks5Server.kt:685:42 Cannot infer type for this parameter. Specify it explicitly.
e: file:///Users/jim/work/v2superbikeshed/Trikeshed/src/commonMain/kotlin/borg/trikeshed/net/socks/Socks5Server.kt:685:42 Unresolved reference. None of the following candidates is applicable because of a receiver type mismatch:
fun <A, B> A.to(that: B): Pair<A, B>
e: file:///Users/jim/work/v2superbikeshed/Trikeshed/src/commonMain/kotlin/borg/trikeshed/net/socks/Socks5Server.kt:687:13 Argument type mismatch: actual type is 'Pair<String, Int>', but 'K (of fun <K> WHEN_CALL)' was expected.
e: file:///Users/jim/work/v2superbikeshed/Trikeshed/src/commonMain/kotlin/borg/trikeshed/net/socks/Socks5Server.kt:725:26 Unresolved reference 'System'.
e: file:///Users/jim/work/v2superbikeshed/Trikeshed/src/commonMain/kotlin/borg/trikeshed/net/socks/Socks5Server.kt:725:57 Unresolved reference 'Math'.
e: file:///Users/jim/work/v2superbikeshed/Trikeshed/src/commonMain/kotlin/borg/trikeshed/net/socks/Socks5Server.kt:725:80 None of the following candidates is applicable:
fun String.toInt(): Int
fun String.toInt(radix: Int): Int
fun Iterable<RegexOption>.toInt(): Int
e: file:///Users/jim/work/v2superbikeshed/Trikeshed/src/commonMain/kotlin/borg/trikeshed/net/socks/Socks5Server.kt:734:23 Unresolved reference 'submitBatch'.
e: file:///Users/jim/work/v2superbikeshed/Trikeshed/src/commonMain/kotlin/borg/trikeshed/net/socks/Socks5Server.kt:737:37 Unresolved reference 'waitCompletions'.
e: file:///Users/jim/work/v2superbikeshed/Trikeshed/src/commonMain/kotlin/borg/trikeshed/net/socks/Socks5Server.kt:769:43 Unresolved reference 'fd'.
e: file:///Users/jim/work/v2superbikeshed/Trikeshed/src/commonMain/kotlin/borg/trikeshed/net/socks/Socks5Server.kt:778:54 Smart cast to 'AsyncChannel' is impossible, because 'targetChannel' is a mutable property that could be mutated concurrently.
e: file:///Users/jim/work/v2superbikeshed/Trikeshed/src/commonMain/kotlin/borg/trikeshed/net/socks/Socks5Server.kt:791:67 Unresolved reference 'fd'.
e: file:///Users/jim/work/v2superbikeshed/Trikeshed/src/commonMain/kotlin/borg/trikeshed/net/socks/Socks5Server.kt:792:36 Unresolved reference 'context'.
e: file:///Users/jim/work/v2superbikeshed/Trikeshed/src/commonMain/kotlin/borg/trikeshed/net/socks/Socks5Server.kt:796:46 Unresolved reference 'fd'.
e: file:///Users/jim/work/v2superbikeshed/Trikeshed/src/commonMain/kotlin/borg/trikeshed/net/socks/Socks5Server.kt:796:68 Too many arguments for 'constructor(fd: Int, buffer: ByteArray, offset: Long): SqeOp.Write'.
e: file:///Users/jim/work/v2superbikeshed/Trikeshed/src/commonMain/kotlin/borg/trikeshed/net/socks/Socks5Server.kt:797:20 Unresolved reference 'context'.
e: file:///Users/jim/work/v2superbikeshed/Trikeshed/src/commonMain/kotlin/borg/trikeshed/net/socks/Socks5Server.kt:807:17 Conflicting declarations:
val fd: Int
e: file:///Users/jim/work/v2superbikeshed/Trikeshed/src/commonMain/kotlin/borg/trikeshed/net/socks/Socks5Server.kt:812:24 Overload resolution ambiguity between candidates:
val fd: Int
val fd: Int
e: file:///Users/jim/work/v2superbikeshed/Trikeshed/src/commonMain/kotlin/borg/trikeshed/net/socks/Socks5Server.kt:814:24 Unresolved reference 'submitAndWait'.
e: file:///Users/jim/work/v2superbikeshed/Trikeshed/src/commonMain/kotlin/borg/trikeshed/net/socks/Socks5Server.kt:819:25 Overload resolution ambiguity between candidates:
val fd: Int
val fd: Int
e: file:///Users/jim/work/v2superbikeshed/Trikeshed/src/commonMain/kotlin/borg/trikeshed/net/socks/Socks5Server.kt:821:24 Unresolved reference 'submitAndWait'.
e: file:///Users/jim/work/v2superbikeshed/Trikeshed/src/commonMain/kotlin/borg/trikeshed/net/socks/Socks5Server.kt:824:55 Unresolved reference 'getLocalAddress'.
e: file:///Users/jim/work/v2superbikeshed/Trikeshed/src/commonMain/kotlin/borg/trikeshed/net/socks/Socks5Server.kt:824:71 Overload resolution ambiguity between candidates:
val fd: Int
val fd: Int
e: file:///Users/jim/work/v2superbikeshed/Trikeshed/src/commonMain/kotlin/borg/trikeshed/net/socks/Socks5Server.kt:825:56 Unresolved reference 'getRemoteAddress'.
e: file:///Users/jim/work/v2superbikeshed/Trikeshed/src/commonMain/kotlin/borg/trikeshed/net/socks/Socks5Server.kt:825:73 Overload resolution ambiguity between candidates:
val fd: Int
val fd: Int
e: file:///Users/jim/work/v2superbikeshed/Trikeshed/src/commonMain/kotlin/borg/trikeshed/net/socks/Socks5Server.kt:826:50 Unresolved reference 'isOpen'.
e: file:///Users/jim/work/v2superbikeshed/Trikeshed/src/commonMain/kotlin/borg/trikeshed/net/socks/Socks5Server.kt:826:57 Overload resolution ambiguity between candidates:
val fd: Int
val fd: Int
e: file:///Users/jim/work/v2superbikeshed/Trikeshed/src/commonMain/kotlin/borg/trikeshed/net/socks/Socks5Server.kt:828:36 Unresolved reference 'close'.
e: file:///Users/jim/work/v2superbikeshed/Trikeshed/src/commonMain/kotlin/borg/trikeshed/net/socks/Socks5Server.kt:828:42 Overload resolution ambiguity between candidates:
val fd: Int
val fd: Int
e: file:///Users/jim/work/v2superbikeshed/Trikeshed/src/commonMain/kotlin/borg/trikeshed/net/socks/Socks5Server.kt:830:9 Conflicting declarations:
val fd: Int
e: file:///Users/jim/work/v2superbikeshed/Trikeshed/src/commonMain/kotlin/borg/trikeshed/net/socks/Socks5Server.kt:830:25 Overload resolution ambiguity between candidates:
val fd: Int
val fd: Int
e: file:///Users/jim/work/v2superbikeshed/Trikeshed/src/commonMain/kotlin/borg/trikeshed/net/socks/Socks5Server.kt:837:5 This type is final, so it cannot be extended.
e: file:///Users/jim/work/v2superbikeshed/Trikeshed/src/commonMain/kotlin/borg/trikeshed/net/socks/Socks5Server.kt:837:26 Unresolved reference 'createServerSocket'.
e: file:///Users/jim/work/v2superbikeshed/Trikeshed/src/commonMain/kotlin/borg/trikeshed/net/socks/Socks5Server.kt:840:22 Cannot access 'val context: IOContext.UringContext': it is private in 'borg/trikeshed/net/socks/UringChannel'.
e: file:///Users/jim/work/v2superbikeshed/Trikeshed/src/commonMain/kotlin/borg/trikeshed/net/socks/Socks5Server.kt:840:30 Unresolved reference 'submitAndWait'.
e: file:///Users/jim/work/v2superbikeshed/Trikeshed/src/commonMain/kotlin/borg/trikeshed/net/socks/Socks5Server.kt:841:42 Cannot access 'val context: IOContext.UringContext': it is private in 'borg/trikeshed/net/socks/UringChannel'.
e: file:///Users/jim/work/v2superbikeshed/Trikeshed/src/commonMain/kotlin/borg/trikeshed/net/socks/Socks5Server.kt:849:5 This type is final, so it cannot be extended.
e: file:///Users/jim/work/v2superbikeshed/Trikeshed/src/commonMain/kotlin/borg/trikeshed/net/socks/Socks5Server.kt:849:26 Unresolved reference 'createSocket'.
e: file:///Users/jim/work/v2superbikeshed/Trikeshed/src/commonMain/kotlin/borg/trikeshed/net/socks/Socks5Server.kt:852:9 Cannot infer type for this parameter. Specify it explicitly.
e: file:///Users/jim/work/v2superbikeshed/Trikeshed/src/commonMain/kotlin/borg/trikeshed/net/socks/Socks5Server.kt:854:21 Unresolved reference 'submitAndWait'.
e: file:///Users/jim/work/v2superbikeshed/Trikeshed/src/commonMain/kotlin/borg/trikeshed/net/socks/Socks5Server.kt:861:5 This type is final, so it cannot be extended.
e: file:///Users/jim/work/v2superbikeshed/Trikeshed/src/commonMain/kotlin/borg/trikeshed/net/socks/Socks5Server.kt:861:26 Unresolved reference 'createUdpSocket'.
e: file:///Users/jim/work/v2superbikeshed/Trikeshed/src/commonMain/kotlin/borg/trikeshed/net/socks/Socks5ServerExtensions.kt:19:25 Argument type mismatch: actual type is 'ByteArray', but 'ByteArray' was expected.
e: file:///Users/jim/work/v2superbikeshed/Trikeshed/src/commonMain/kotlin/borg/trikeshed/net/socks/Socks5ServerExtensions.kt:19:25 No value passed for parameter 'offset'.
e: file:///Users/jim/work/v2superbikeshed/Trikeshed/src/commonMain/kotlin/borg/trikeshed/net/socks/Socks5ServerExtensions.kt:19:25 No value passed for parameter 'length'.
e: file:///Users/jim/work/v2superbikeshed/Trikeshed/src/commonMain/kotlin/borg/trikeshed/net/socks/Socks5ServerExtensions.kt:21:13 Unresolved reference 'System'.
e: file:///Users/jim/work/v2superbikeshed/Trikeshed/src/commonMain/kotlin/borg/trikeshed/net/socks/Socks5ServerExtensions.kt:71:52 Argument type mismatch: actual type is 'IOContext', but 'IOContext.UringContext' was expected.
e: file:///Users/jim/work/v2superbikeshed/Trikeshed/src/commonMain/kotlin/borg/trikeshed/net/socks/Socks5ServerExtensions.kt:109:9 None of the following candidates is applicable:
fun Join<Int, Function1<Int, RowVec>>.select(vararg indices: Int): Join<Int, Function1<Int, RowVec>>
fun Join<Int, Function1<Int, RowVec>>.select(vararg names: String): Join<Int, Function1<Int, RowVec>>
e: file:///Users/jim/work/v2superbikeshed/Trikeshed/src/commonMain/kotlin/borg/trikeshed/net/socks/Socks5ServerExtensions.kt:110:28 Cannot infer type for this parameter. Specify it explicitly.
e: file:///Users/jim/work/v2superbikeshed/Trikeshed/src/commonMain/kotlin/borg/trikeshed/net/socks/Socks5ServerExtensions.kt:110:35 Passing value as a vararg is allowed only inside a parenthesized argument list.
e: file:///Users/jim/work/v2superbikeshed/Trikeshed/src/commonMain/kotlin/borg/trikeshed/net/socks/Socks5ServerExtensions.kt:111:28 Cannot infer type for this parameter. Specify it explicitly.
e: file:///Users/jim/work/v2superbikeshed/Trikeshed/src/commonMain/kotlin/borg/trikeshed/net/socks/Socks5ServerExtensions.kt:111:35 Passing value as a vararg is allowed only inside a parenthesized argument list.
e: file:///Users/jim/work/v2superbikeshed/Trikeshed/src/commonMain/kotlin/borg/trikeshed/net/ssh/SSHParser.kt:7:27 Unresolved reference 'toUInt'.
e: file:///Users/jim/work/v2superbikeshed/Trikeshed/src/commonMain/kotlin/borg/trikeshed/net/ssh/SSHParser.kt:8:39 Unresolved reference 'UnaryOperator'.
e: file:///Users/jim/work/v2superbikeshed/Trikeshed/src/commonMain/kotlin/borg/trikeshed/net/ssh/SSHParser.kt:14:22 Unresolved reference. None of the following candidates is applicable because of a receiver type mismatch:
fun MatchGroupCollection.get(name: String): MatchGroup?
e: file:///Users/jim/work/v2superbikeshed/Trikeshed/src/commonMain/kotlin/borg/trikeshed/net/ssh/SSHParser.kt:14:28 None of the following candidates is applicable:
fun Byte.toUInt(): UInt
fun Short.toUInt(): UInt
fun Int.toUInt(): UInt
fun Long.toUInt(): UInt
fun Float.toUInt(): UInt
fun Double.toUInt(): UInt
fun String.toUInt(): UInt
fun String.toUInt(radix: Int): UInt
e: file:///Users/jim/work/v2superbikeshed/Trikeshed/src/commonMain/kotlin/borg/trikeshed/net/ssh/SSHParser.kt:14:37 Unresolved reference 'shl'.
e: file:///Users/jim/work/v2superbikeshed/Trikeshed/src/commonMain/kotlin/borg/trikeshed/net/ssh/SSHParser.kt:15:19 Unresolved reference. None of the following candidates is applicable because of a receiver type mismatch:
fun MatchGroupCollection.get(name: String): MatchGroup?
e: file:///Users/jim/work/v2superbikeshed/Trikeshed/src/commonMain/kotlin/borg/trikeshed/net/ssh/SSHParser.kt:15:25 None of the following candidates is applicable:
fun Byte.toUInt(): UInt
fun Short.toUInt(): UInt
fun Int.toUInt(): UInt
fun Long.toUInt(): UInt
fun Float.toUInt(): UInt
fun Double.toUInt(): UInt
fun String.toUInt(): UInt
fun String.toUInt(radix: Int): UInt
e: file:///Users/jim/work/v2superbikeshed/Trikeshed/src/commonMain/kotlin/borg/trikeshed/net/ssh/SSHParser.kt:15:34 Unresolved reference 'shl'.
e: file:///Users/jim/work/v2superbikeshed/Trikeshed/src/commonMain/kotlin/borg/trikeshed/net/ssh/SSHParser.kt:16:19 Unresolved reference. None of the following candidates is applicable because of a receiver type mismatch:
fun MatchGroupCollection.get(name: String): MatchGroup?
e: file:///Users/jim/work/v2superbikeshed/Trikeshed/src/commonMain/kotlin/borg/trikeshed/net/ssh/SSHParser.kt:16:25 None of the following candidates is applicable:
fun Byte.toUInt(): UInt
fun Short.toUInt(): UInt
fun Int.toUInt(): UInt
fun Long.toUInt(): UInt
fun Float.toUInt(): UInt
fun Double.toUInt(): UInt
fun String.toUInt(): UInt
fun String.toUInt(radix: Int): UInt
e: file:///Users/jim/work/v2superbikeshed/Trikeshed/src/commonMain/kotlin/borg/trikeshed/net/ssh/SSHParser.kt:16:34 Unresolved reference 'shl'.
e: file:///Users/jim/work/v2superbikeshed/Trikeshed/src/commonMain/kotlin/borg/trikeshed/net/ssh/SSHParser.kt:17:18 Unresolved reference. None of the following candidates is applicable because of a receiver type mismatch:
fun MatchGroupCollection.get(name: String): MatchGroup?
e: file:///Users/jim/work/v2superbikeshed/Trikeshed/src/commonMain/kotlin/borg/trikeshed/net/ssh/SSHParser.kt:17:24 None of the following candidates is applicable:
fun Byte.toUInt(): UInt
fun Short.toUInt(): UInt
fun Int.toUInt(): UInt
fun Long.toUInt(): UInt
fun Float.toUInt(): UInt
fun Double.toUInt(): UInt
fun String.toUInt(): UInt
fun String.toUInt(radix: Int): UInt
e: file:///Users/jim/work/v2superbikeshed/Trikeshed/src/commonMain/kotlin/borg/trikeshed/net/ssh/SSHParser.kt:24:12 Return type mismatch: expected 'Byte?', actual 'MatchGroup?'.
e: file:///Users/jim/work/v2superbikeshed/Trikeshed/src/commonMain/kotlin/borg/trikeshed/net/ssh/SSHParser.kt:24:17 Unresolved reference. None of the following candidates is applicable because of a receiver type mismatch:
fun MatchGroupCollection.get(name: String): MatchGroup?
e: file:///Users/jim/work/v2superbikeshed/Trikeshed/src/commonMain/kotlin/borg/trikeshed/net/ssh/SSHParser.kt:30:22 None of the following candidates is applicable:
fun <T> Array<out T>.slice(indices: IntRange): List<T>
fun ByteArray.slice(indices: IntRange): List<Byte>
fun ShortArray.slice(indices: IntRange): List<Short>
fun IntArray.slice(indices: IntRange): List<Int>
fun LongArray.slice(indices: IntRange): List<Long>
fun FloatArray.slice(indices: IntRange): List<Float>
fun DoubleArray.slice(indices: IntRange): List<Double>
fun BooleanArray.slice(indices: IntRange): List<Boolean>
fun CharArray.slice(indices: IntRange): List<Char>
fun <T> Array<out T>.slice(indices: Iterable<Int>): List<T>
fun ByteArray.slice(indices: Iterable<Int>): List<Byte>
fun ShortArray.slice(indices: Iterable<Int>): List<Short>
fun IntArray.slice(indices: Iterable<Int>): List<Int>
fun LongArray.slice(indices: Iterable<Int>): List<Long>
fun FloatArray.slice(indices: Iterable<Int>): List<Float>
fun DoubleArray.slice(indices: Iterable<Int>): List<Double>
fun BooleanArray.slice(indices: Iterable<Int>): List<Boolean>
fun CharArray.slice(indices: Iterable<Int>): List<Char>
fun <T> List<T>.slice(indices: IntRange): List<T>
fun <T> List<T>.slice(indices: Iterable<Int>): List<T>
fun UIntArray.slice(indices: IntRange): List<UInt>
fun ULongArray.slice(indices: IntRange): List<ULong>
fun UByteArray.slice(indices: IntRange): List<UByte>
fun UShortArray.slice(indices: IntRange): List<UShort>
fun UIntArray.slice(indices: Iterable<Int>): List<UInt>
fun ULongArray.slice(indices: Iterable<Int>): List<ULong>
fun UByteArray.slice(indices: Iterable<Int>): List<UByte>
fun UShortArray.slice(indices: Iterable<Int>): List<UShort>
fun CharSequence.slice(indices: IntRange): CharSequence
fun String.slice(indices: IntRange): String
fun CharSequence.slice(indices: Iterable<Int>): CharSequence
fun String.slice(indices: Iterable<Int>): String
e: file:///Users/jim/work/v2superbikeshed/Trikeshed/src/commonMain/kotlin/borg/trikeshed/net/ssh/SSHParser.kt:36:24 Unresolved reference 'UnaryOperator'.
e: file:///Users/jim/work/v2superbikeshed/Trikeshed/src/commonMain/kotlin/borg/trikeshed/net/ssh/SSHParser.kt:37:5 'invoke' overrides nothing.
e: file:///Users/jim/work/v2superbikeshed/Trikeshed/src/commonMain/kotlin/borg/trikeshed/net/ssh/SSHParser.kt:50:26 Unresolved reference 'UnaryOperator'.
e: file:///Users/jim/work/v2superbikeshed/Trikeshed/src/commonMain/kotlin/borg/trikeshed/net/ssh/SSHParser.kt:51:5 'invoke' overrides nothing.
e: file:///Users/jim/work/v2superbikeshed/Trikeshed/src/commonMain/kotlin/borg/trikeshed/net/ssh/SSHParser.kt:78:41 None of the following candidates is applicable:
fun <T> Array<out T>.slice(indices: IntRange): List<T>
fun ByteArray.slice(indices: IntRange): List<Byte>
fun ShortArray.slice(indices: IntRange): List<Short>
fun IntArray.slice(indices: IntRange): List<Int>
fun LongArray.slice(indices: IntRange): List<Long>
fun FloatArray.slice(indices: IntRange): List<Float>
fun DoubleArray.slice(indices: IntRange): List<Double>
fun BooleanArray.slice(indices: IntRange): List<Boolean>
fun CharArray.slice(indices: IntRange): List<Char>
fun <T> Array<out T>.slice(indices: Iterable<Int>): List<T>
fun ByteArray.slice(indices: Iterable<Int>): List<Byte>
fun ShortArray.slice(indices: Iterable<Int>): List<Short>
fun IntArray.slice(indices: Iterable<Int>): List<Int>
fun LongArray.slice(indices: Iterable<Int>): List<Long>
fun FloatArray.slice(indices: Iterable<Int>): List<Float>
fun DoubleArray.slice(indices: Iterable<Int>): List<Double>
fun BooleanArray.slice(indices: Iterable<Int>): List<Boolean>
fun CharArray.slice(indices: Iterable<Int>): List<Char>
fun <T> List<T>.slice(indices: IntRange): List<T>
fun <T> List<T>.slice(indices: Iterable<Int>): List<T>
fun UIntArray.slice(indices: IntRange): List<UInt>
fun ULongArray.slice(indices: IntRange): List<ULong>
fun UByteArray.slice(indices: IntRange): List<UByte>
fun UShortArray.slice(indices: IntRange): List<UShort>
fun UIntArray.slice(indices: Iterable<Int>): List<UInt>
fun ULongArray.slice(indices: Iterable<Int>): List<ULong>
fun UByteArray.slice(indices: Iterable<Int>): List<UByte>
fun UShortArray.slice(indices: Iterable<Int>): List<UShort>
fun CharSequence.slice(indices: IntRange): CharSequence
fun String.slice(indices: IntRange): String
fun CharSequence.slice(indices: Iterable<Int>): CharSequence
fun String.slice(indices: Iterable<Int>): String
e: file:///Users/jim/work/v2superbikeshed/Trikeshed/src/commonMain/kotlin/borg/trikeshed/net/ssh/SSHParser.kt:79:41 None of the following candidates is applicable:
fun <T> Array<out T>.slice(indices: IntRange): List<T>
fun ByteArray.slice(indices: IntRange): List<Byte>
fun ShortArray.slice(indices: IntRange): List<Short>
fun IntArray.slice(indices: IntRange): List<Int>
fun LongArray.slice(indices: IntRange): List<Long>
fun FloatArray.slice(indices: IntRange): List<Float>
fun DoubleArray.slice(indices: IntRange): List<Double>
fun BooleanArray.slice(indices: IntRange): List<Boolean>
fun CharArray.slice(indices: IntRange): List<Char>
fun <T> Array<out T>.slice(indices: Iterable<Int>): List<T>
fun ByteArray.slice(indices: Iterable<Int>): List<Byte>
fun ShortArray.slice(indices: Iterable<Int>): List<Short>
fun IntArray.slice(indices: Iterable<Int>): List<Int>
fun LongArray.slice(indices: Iterable<Int>): List<Long>
fun FloatArray.slice(indices: Iterable<Int>): List<Float>
fun DoubleArray.slice(indices: Iterable<Int>): List<Double>
fun BooleanArray.slice(indices: Iterable<Int>): List<Boolean>
fun CharArray.slice(indices: Iterable<Int>): List<Char>
fun <T> List<T>.slice(indices: IntRange): List<T>
fun <T> List<T>.slice(indices: Iterable<Int>): List<T>
fun UIntArray.slice(indices: IntRange): List<UInt>
fun ULongArray.slice(indices: IntRange): List<ULong>
fun UByteArray.slice(indices: IntRange): List<UByte>
fun UShortArray.slice(indices: IntRange): List<UShort>
fun UIntArray.slice(indices: Iterable<Int>): List<UInt>
fun ULongArray.slice(indices: Iterable<Int>): List<ULong>
fun UByteArray.slice(indices: Iterable<Int>): List<UByte>
fun UShortArray.slice(indices: Iterable<Int>): List<UShort>
fun CharSequence.slice(indices: IntRange): CharSequence
fun String.slice(indices: IntRange): String
fun CharSequence.slice(indices: Iterable<Int>): CharSequence
fun String.slice(indices: Iterable<Int>): String
e: file:///Users/jim/work/v2superbikeshed/Trikeshed/src/commonMain/kotlin/borg/trikeshed/net/ssh/SSHParser.kt:83:21 Unresolved reference 'j'.
e: file:///Users/jim/work/v2superbikeshed/Trikeshed/src/commonMain/kotlin/borg/trikeshed/net/ssh/SSHParser.kt:111:36 Unresolved reference 'readSSHNameList'.
e: file:///Users/jim/work/v2superbikeshed/Trikeshed/src/commonMain/kotlin/borg/trikeshed/net/ssh/SSHParser.kt:111:69 Unresolved reference 'asString'.
e: file:///Users/jim/work/v2superbikeshed/Trikeshed/src/commonMain/kotlin/borg/trikeshed/net/ssh/SSHParser.kt:111:93 Unresolved reference 'toIdx'.
e: file:///Users/jim/work/v2superbikeshed/Trikeshed/src/commonMain/kotlin/borg/trikeshed/net/ssh/SSHParser.kt:112:46 Unresolved reference 'readSSHNameList'.
e: file:///Users/jim/work/v2superbikeshed/Trikeshed/src/commonMain/kotlin/borg/trikeshed/net/ssh/SSHParser.kt:112:79 Unresolved reference 'asString'.
e: file:///Users/jim/work/v2superbikeshed/Trikeshed/src/commonMain/kotlin/borg/trikeshed/net/ssh/SSHParser.kt:112:103 Unresolved reference 'toIdx'.
e: file:///Users/jim/work/v2superbikeshed/Trikeshed/src/commonMain/kotlin/borg/trikeshed/net/ssh/SSHParser.kt:113:57 Unresolved reference 'readSSHNameList'.
e: file:///Users/jim/work/v2superbikeshed/Trikeshed/src/commonMain/kotlin/borg/trikeshed/net/ssh/SSHParser.kt:113:90 Unresolved reference 'asString'.
e: file:///Users/jim/work/v2superbikeshed/Trikeshed/src/commonMain/kotlin/borg/trikeshed/net/ssh/SSHParser.kt:113:114 Unresolved reference 'toIdx'.
e: file:///Users/jim/work/v2superbikeshed/Trikeshed/src/commonMain/kotlin/borg/trikeshed/net/ssh/SSHParser.kt:114:57 Unresolved reference 'readSSHNameList'.
e: file:///Users/jim/work/v2superbikeshed/Trikeshed/src/commonMain/kotlin/borg/trikeshed/net/ssh/SSHParser.kt:114:90 Unresolved reference 'asString'.
e: file:///Users/jim/work/v2superbikeshed/Trikeshed/src/commonMain/kotlin/borg/trikeshed/net/ssh/SSHParser.kt:114:114 Unresolved reference 'toIdx'.
e: file:///Users/jim/work/v2superbikeshed/Trikeshed/src/commonMain/kotlin/borg/trikeshed/net/ssh/SSHParser.kt:115:50 Unresolved reference 'readSSHNameList'.
e: file:///Users/jim/work/v2superbikeshed/Trikeshed/src/commonMain/kotlin/borg/trikeshed/net/ssh/SSHParser.kt:115:83 Unresolved reference 'asString'.
e: file:///Users/jim/work/v2superbikeshed/Trikeshed/src/commonMain/kotlin/borg/trikeshed/net/ssh/SSHParser.kt:115:107 Unresolved reference 'toIdx'.
e: file:///Users/jim/work/v2superbikeshed/Trikeshed/src/commonMain/kotlin/borg/trikeshed/net/ssh/SSHParser.kt:116:50 Unresolved reference 'readSSHNameList'.
e: file:///Users/jim/work/v2superbikeshed/Trikeshed/src/commonMain/kotlin/borg/trikeshed/net/ssh/SSHParser.kt:116:83 Unresolved reference 'asString'.
e: file:///Users/jim/work/v2superbikeshed/Trikeshed/src/commonMain/kotlin/borg/trikeshed/net/ssh/SSHParser.kt:116:107 Unresolved reference 'toIdx'.
e: file:///Users/jim/work/v2superbikeshed/Trikeshed/src/commonMain/kotlin/borg/trikeshed/net/ssh/SSHParser.kt:117:58 Unresolved reference 'readSSHNameList'.
e: file:///Users/jim/work/v2superbikeshed/Trikeshed/src/commonMain/kotlin/borg/trikeshed/net/ssh/SSHParser.kt:117:91 Unresolved reference 'asString'.
e: file:///Users/jim/work/v2superbikeshed/Trikeshed/src/commonMain/kotlin/borg/trikeshed/net/ssh/SSHParser.kt:117:115 Unresolved reference 'toIdx'.
e: file:///Users/jim/work/v2superbikeshed/Trikeshed/src/commonMain/kotlin/borg/trikeshed/net/ssh/SSHParser.kt:118:58 Unresolved reference 'readSSHNameList'.
e: file:///Users/jim/work/v2superbikeshed/Trikeshed/src/commonMain/kotlin/borg/trikeshed/net/ssh/SSHParser.kt:118:91 Unresolved reference 'asString'.
e: file:///Users/jim/work/v2superbikeshed/Trikeshed/src/commonMain/kotlin/borg/trikeshed/net/ssh/SSHParser.kt:118:115 Unresolved reference 'toIdx'.
e: file:///Users/jim/work/v2superbikeshed/Trikeshed/src/commonMain/kotlin/borg/trikeshed/net/ssh/SSHParser.kt:119:46 Unresolved reference 'readSSHNameList'.
e: file:///Users/jim/work/v2superbikeshed/Trikeshed/src/commonMain/kotlin/borg/trikeshed/net/ssh/SSHParser.kt:119:79 Unresolved reference 'asString'.
e: file:///Users/jim/work/v2superbikeshed/Trikeshed/src/commonMain/kotlin/borg/trikeshed/net/ssh/SSHParser.kt:119:103 Unresolved reference 'toIdx'.
e: file:///Users/jim/work/v2superbikeshed/Trikeshed/src/commonMain/kotlin/borg/trikeshed/net/ssh/SSHParser.kt:120:46 Unresolved reference 'readSSHNameList'.
e: file:///Users/jim/work/v2superbikeshed/Trikeshed/src/commonMain/kotlin/borg/trikeshed/net/ssh/SSHParser.kt:120:79 Unresolved reference 'asString'.
e: file:///Users/jim/work/v2superbikeshed/Trikeshed/src/commonMain/kotlin/borg/trikeshed/net/ssh/SSHParser.kt:120:103 Unresolved reference 'toIdx'.
e: file:///Users/jim/work/v2superbikeshed/Trikeshed/src/commonMain/kotlin/borg/trikeshed/net/ssh/SSHParser.kt:159:30 Unresolved reference 'readSSHString'.
e: file:///Users/jim/work/v2superbikeshed/Trikeshed/src/commonMain/kotlin/borg/trikeshed/net/ssh/SSHParser.kt:162:41 Unresolved reference 'readSSHString'.
e: file:///Users/jim/work/v2superbikeshed/Trikeshed/src/commonMain/kotlin/borg/trikeshed/net/ssh/SSHParser.kt:165:32 Unresolved reference 'readSSHString'.
e: file:///Users/jim/work/v2superbikeshed/Trikeshed/src/commonMain/kotlin/borg/trikeshed/net/ssh/SSHProtocol.kt:149:20 None of the following candidates is applicable:
object State : Any
typealias State = Int
e: file:///Users/jim/work/v2superbikeshed/Trikeshed/src/commonMain/kotlin/borg/trikeshed/net/ssh/SSHProtocol.kt:152:9 Unresolved reference 'CoroutineContext'.
e: file:///Users/jim/work/v2superbikeshed/Trikeshed/src/commonMain/kotlin/borg/trikeshed/net/ssh/SSHProtocol.kt:153:9 'key' overrides nothing.
e: file:///Users/jim/work/v2superbikeshed/Trikeshed/src/commonMain/kotlin/borg/trikeshed/net/ssh/SSHProtocol.kt:153:27 Unresolved reference 'CoroutineContext'.
e: file:///Users/jim/work/v2superbikeshed/Trikeshed/src/commonMain/kotlin/borg/trikeshed/net/ssh/SSHProtocol.kt:155:32 Unresolved reference 'CoroutineContext'.
e: file:///Users/jim/work/v2superbikeshed/Trikeshed/src/commonMain/kotlin/borg/trikeshed/net/ssh/SSHProtocol.kt:184:24 Argument type mismatch: actual type is 'T? (of fun <T> Join<Int, Function1<Int, Join<Any?, TypeMemento>>>.get)', but 'Byte' was expected.
e: file:///Users/jim/work/v2superbikeshed/Trikeshed/src/commonMain/kotlin/borg/trikeshed/net/ssh/SSHProtocol.kt:184:24 Cannot infer type for this parameter. Specify it explicitly.
e: file:///Users/jim/work/v2superbikeshed/Trikeshed/src/commonMain/kotlin/borg/trikeshed/net/ssh/SSHProtocol.kt:184:24 Unresolved reference. None of the following candidates is applicable because of a receiver type mismatch:
fun <T> Join<Int, Function1<Int, Join<Any?, TypeMemento>>>.get(column: Column<T>): T?
e: file:///Users/jim/work/v2superbikeshed/Trikeshed/src/commonMain/kotlin/borg/trikeshed/net/ssh/SSHProtocol.kt:189:24 Argument type mismatch: actual type is 'T? (of fun <T> Join<Int, Function1<Int, Join<Any?, TypeMemento>>>.get)', but 'Byte' was expected.
e: file:///Users/jim/work/v2superbikeshed/Trikeshed/src/commonMain/kotlin/borg/trikeshed/net/ssh/SSHProtocol.kt:189:24 Cannot infer type for this parameter. Specify it explicitly.
e: file:///Users/jim/work/v2superbikeshed/Trikeshed/src/commonMain/kotlin/borg/trikeshed/net/ssh/SSHProtocol.kt:189:24 Unresolved reference. None of the following candidates is applicable because of a receiver type mismatch:
fun <T> Join<Int, Function1<Int, Join<Any?, TypeMemento>>>.get(column: Column<T>): T?
e: file:///Users/jim/work/v2superbikeshed/Trikeshed/src/commonMain/kotlin/borg/trikeshed/net/ssh/SSHProtocol.kt:194:24 Argument type mismatch: actual type is 'T? (of fun <T> Join<Int, Function1<Int, Join<Any?, TypeMemento>>>.get)', but 'Byte' was expected.
e: file:///Users/jim/work/v2superbikeshed/Trikeshed/src/commonMain/kotlin/borg/trikeshed/net/ssh/SSHProtocol.kt:194:24 Cannot infer type for this parameter. Specify it explicitly.
e: file:///Users/jim/work/v2superbikeshed/Trikeshed/src/commonMain/kotlin/borg/trikeshed/net/ssh/SSHProtocol.kt:194:24 Unresolved reference. None of the following candidates is applicable because of a receiver type mismatch:
fun <T> Join<Int, Function1<Int, Join<Any?, TypeMemento>>>.get(column: Column<T>): T?
e: file:///Users/jim/work/v2superbikeshed/Trikeshed/src/commonMain/kotlin/borg/trikeshed/net/ssh/SSHProtocol.kt:257:25 Argument type mismatch: actual type is 'K (of fun <K> WHEN_CALL)', but 'Byte' was expected.
e: file:///Users/jim/work/v2superbikeshed/Trikeshed/src/commonMain/kotlin/borg/trikeshed/net/ssh/SSHProtocol.kt:257:43 Argument type mismatch: actual type is 'T? (of fun <T> Join<Int, Function1<Int, Join<Any?, TypeMemento>>>.get)', but 'K (of fun <K> WHEN_CALL)' was expected.
e: file:///Users/jim/work/v2superbikeshed/Trikeshed/src/commonMain/kotlin/borg/trikeshed/net/ssh/SSHProtocol.kt:257:43 Cannot infer type for this parameter. Specify it explicitly.
e: file:///Users/jim/work/v2superbikeshed/Trikeshed/src/commonMain/kotlin/borg/trikeshed/net/ssh/SSHProtocol.kt:257:43 Unresolved reference. None of the following candidates is applicable because of a receiver type mismatch:
fun <T> Join<Int, Function1<Int, Join<Any?, TypeMemento>>>.get(column: Column<T>): T?
e: file:///Users/jim/work/v2superbikeshed/Trikeshed/src/commonMain/kotlin/borg/trikeshed/net/ssh/SSHProtocol.kt:257:58 Argument type mismatch: actual type is 'Byte', but 'K (of fun <K> WHEN_CALL)' was expected.
e: file:///Users/jim/work/v2superbikeshed/Trikeshed/src/commonMain/kotlin/borg/trikeshed/net/ssh/SSHProtocol.kt:300:34 Suspend function 'suspend fun parse(buffer: ByteIndexedBuffer): KexInit?' can only be called from a coroutine or another suspend function.
e: file:///Users/jim/work/v2superbikeshed/Trikeshed/src/commonMain/kotlin/borg/trikeshed/net/ssh/SSHProtocol.kt:348:2 Syntax error: imports are only allowed in the beginning of file.
e: file:///Users/jim/work/v2superbikeshed/Trikeshed/src/commonMain/kotlin/borg/trikeshed/net/ssh/SSHProtocol.kt:445:44 'fun plus(other: CoroutineDispatcher): CoroutineDispatcher' is deprecated. Operator '+' on two CoroutineDispatcher objects is meaningless. CoroutineDispatcher is a coroutine context element and `+` is a set-sum operator for coroutine contexts. The dispatcher to the right of `+` just replaces the dispatcher to the left.
e: file:///Users/jim/work/v2superbikeshed/Trikeshed/src/commonMain/kotlin/borg/trikeshed/net/ssh/SSHProtocol.kt:445:46 Argument type mismatch: actual type is 'SSHProtocol.SshSessionContext', but 'CoroutineDispatcher' was expected.
e: file:///Users/jim/work/v2superbikeshed/Trikeshed/src/commonMain/kotlin/borg/trikeshed/net/ssh/SSHProtocol.kt:463:26 Unresolved reference 'coroutineContext'.
e: file:///Users/jim/work/v2superbikeshed/Trikeshed/src/commonMain/kotlin/borg/trikeshed/net/ssh/SSHProtocol.kt:467:24 Unresolved reference 'remaining'.
e: file:///Users/jim/work/v2superbikeshed/Trikeshed/src/commonMain/kotlin/borg/trikeshed/net/ssh/SSHProtocol.kt:469:35 Unresolved reference 'array'.
e: file:///Users/jim/work/v2superbikeshed/Trikeshed/src/commonMain/kotlin/borg/trikeshed/net/ssh/SSHProtocol.kt:469:43 Cannot infer type for this parameter. Specify it explicitly.
e: file:///Users/jim/work/v2superbikeshed/Trikeshed/src/commonMain/kotlin/borg/trikeshed/net/ssh/SSHProtocol.kt:469:48 Cannot infer type for this parameter. Specify it explicitly.
e: file:///Users/jim/work/v2superbikeshed/Trikeshed/src/commonMain/kotlin/borg/trikeshed/net/ssh/SSHProtocol.kt:469:48 Not enough information to infer type argument for 'B'.
e: file:///Users/jim/work/v2superbikeshed/Trikeshed/src/commonMain/kotlin/borg/trikeshed/net/ssh/SSHProtocol.kt:469:62 Cannot infer type for this parameter. Specify it explicitly.
e: file:///Users/jim/work/v2superbikeshed/Trikeshed/src/commonMain/kotlin/borg/trikeshed/net/ssh/SSHProtocol.kt:469:62 Not enough information to infer type argument for 'V'.
e: file:///Users/jim/work/v2superbikeshed/Trikeshed/src/commonMain/kotlin/borg/trikeshed/net/ssh/SSHProtocol.kt:469:73 Unresolved reference 'array'.
e: file:///Users/jim/work/v2superbikeshed/Trikeshed/src/commonMain/kotlin/borg/trikeshed/net/ssh/SSHProtocol.kt:473:9 Unresolved reference 'coroutineContext'.
e: file:///Users/jim/work/v2superbikeshed/Trikeshed/src/commonMain/kotlin/borg/trikeshed/net/ssh/SSHProtocol.kt:473:9 Cannot infer type for this parameter. Specify it explicitly.
e: file:///Users/jim/work/v2superbikeshed/Trikeshed/src/commonMain/kotlin/borg/trikeshed/net/ssh/SSHProtocol.kt:473:62 Cannot infer type for this parameter. Specify it explicitly.
e: file:///Users/jim/work/v2superbikeshed/Trikeshed/src/commonMain/kotlin/borg/trikeshed/net/ssh/SSHProtocol.kt:473:62 Not enough information to infer type argument for 'T'.
e: file:///Users/jim/work/v2superbikeshed/Trikeshed/src/commonMain/kotlin/borg/trikeshed/net/ssh/SSHProtocol.kt:473:62 Not enough information to infer type argument for 'R'.
e: file:///Users/jim/work/v2superbikeshed/Trikeshed/src/commonMain/kotlin/borg/trikeshed/net/ssh/SSHProtocol.kt:473:68 Cannot infer type for this parameter. Specify it explicitly.
e: file:///Users/jim/work/v2superbikeshed/Trikeshed/src/commonMain/kotlin/borg/trikeshed/net/ssh/SSHProtocol.kt:474:17 Unresolved reference 'sequenceNumberIn'.
e: file:///Users/jim/work/v2superbikeshed/Trikeshed/src/commonMain/kotlin/borg/trikeshed/net/ssh/SSHProtocol.kt:474:55 Unresolved reference 'sequenceNumberIn'.
e: file:///Users/jim/work/v2superbikeshed/Trikeshed/src/commonMain/kotlin/borg/trikeshed/net/ssh/SSHProtocol.kt:483:72 Unresolved reference 'coroutineContext'.
e: file:///Users/jim/work/v2superbikeshed/Trikeshed/src/commonMain/kotlin/borg/trikeshed/net/ssh/SSHProtocol.kt:484:30 Cannot infer type for this parameter. Specify it explicitly.
e: file:///Users/jim/work/v2superbikeshed/Trikeshed/src/commonMain/kotlin/borg/trikeshed/net/ssh/SSHProtocol.kt:484:30 Not enough information to infer type argument for 'E'.
e: file:///Users/jim/work/v2superbikeshed/Trikeshed/src/commonMain/kotlin/borg/trikeshed/net/ssh/SSHProtocol.kt:484:30 Not enough information to infer type argument for 'K'.
e: file:///Users/jim/work/v2superbikeshed/Trikeshed/src/commonMain/kotlin/borg/trikeshed/net/ssh/SSHProtocol.kt:484:47 Argument type mismatch: actual type is 'SSHProtocol.SshSessionContext.Key', but 'CoroutineContext.Key<E (of fun <E : CoroutineContext.Element> get)>' was expected.
e: file:///Users/jim/work/v2superbikeshed/Trikeshed/src/commonMain/kotlin/borg/trikeshed/net/ssh/SSHProtocol.kt:485:27 Cannot infer type for this parameter. Specify it explicitly.
e: file:///Users/jim/work/v2superbikeshed/Trikeshed/src/commonMain/kotlin/borg/trikeshed/net/ssh/SSHProtocol.kt:485:27 Unresolved reference. None of the following candidates is applicable because of a receiver type mismatch:
fun <T> Join<Int, Function1<Int, Join<Any?, TypeMemento>>>.get(column: Column<T>): T?
e: file:///Users/jim/work/v2superbikeshed/Trikeshed/src/commonMain/kotlin/borg/trikeshed/net/ssh/SSHProtocol.kt:490:65 'return' is prohibited here.
e: file:///Users/jim/work/v2superbikeshed/Trikeshed/src/commonMain/kotlin/borg/trikeshed/net/ssh/SSHProtocol.kt:507:21 'return' is prohibited here.
e: file:///Users/jim/work/v2superbikeshed/Trikeshed/src/commonMain/kotlin/borg/trikeshed/net/ssh/SSHProtocol.kt:523:32 Unresolved reference 'state'.
e: file:///Users/jim/work/v2superbikeshed/Trikeshed/src/commonMain/kotlin/borg/trikeshed/net/ssh/SSHProtocol.kt:527:32 Unresolved reference 'state'.
e: file:///Users/jim/work/v2superbikeshed/Trikeshed/src/commonMain/kotlin/borg/trikeshed/net/ssh/SSHProtocol.kt:535:57 Argument type mismatch: actual type is 'Join<Int, Function1<Int, Byte>>', but 'ByteIndexedBuffer' was expected.
e: file:///Users/jim/work/v2superbikeshed/Trikeshed/src/commonMain/kotlin/borg/trikeshed/net/ssh/SSHProtocol.kt:535:76 'return' is prohibited here.
e: file:///Users/jim/work/v2superbikeshed/Trikeshed/src/commonMain/kotlin/borg/trikeshed/net/ssh/SSHProtocol.kt:541:32 Unresolved reference 'state'.
e: file:///Users/jim/work/v2superbikeshed/Trikeshed/src/commonMain/kotlin/borg/trikeshed/net/ssh/SSHProtocol.kt:583:22 Unresolved reference 'coroutineContext'.
e: file:///Users/jim/work/v2superbikeshed/Trikeshed/src/commonMain/kotlin/borg/trikeshed/net/ssh/SSHProtocol.kt:585:33 Unresolved reference 'toBytes'.
e: file:///Users/jim/work/v2superbikeshed/Trikeshed/src/commonMain/kotlin/borg/trikeshed/net/ssh/SSHProtocol.kt:589:20 Unresolved reference 'internalSendChannel'.
e: file:///Users/jim/work/v2superbikeshed/Trikeshed/src/commonMain/kotlin/borg/trikeshed/net/ssh/SSHProtocol.kt:589:53 Unresolved reference 'toBytes'.
e: file:///Users/jim/work/v2superbikeshed/Trikeshed/src/commonMain/kotlin/borg/trikeshed/net/ssh/SSHProtocol.kt:600:21 Unresolved reference 'coroutineContext'.
e: file:///Users/jim/work/v2superbikeshed/Trikeshed/src/commonMain/kotlin/borg/trikeshed/net/ssh/SSHProtocol.kt:601:30 Cannot infer type for this parameter. Specify it explicitly.
e: file:///Users/jim/work/v2superbikeshed/Trikeshed/src/commonMain/kotlin/borg/trikeshed/net/ssh/SSHProtocol.kt:601:30 Not enough information to infer type argument for 'E'.
e: file:///Users/jim/work/v2superbikeshed/Trikeshed/src/commonMain/kotlin/borg/trikeshed/net/ssh/SSHProtocol.kt:601:30 Not enough information to infer type argument for 'K'.
e: file:///Users/jim/work/v2superbikeshed/Trikeshed/src/commonMain/kotlin/borg/trikeshed/net/ssh/SSHProtocol.kt:601:47 Argument type mismatch: actual type is 'SSHProtocol.SshSessionContext.Key', but 'CoroutineContext.Key<E (of fun <E : CoroutineContext.Element> get)>' was expected.
e: file:///Users/jim/work/v2superbikeshed/Trikeshed/src/commonMain/kotlin/borg/trikeshed/net/ssh/SSHProtocol.kt:603:38 Unresolved reference 'nextChannelId'.
e: file:///Users/jim/work/v2superbikeshed/Trikeshed/src/commonMain/kotlin/borg/trikeshed/net/ssh/SSHProtocol.kt:604:24 Unresolved reference 'nextChannelId'.
e: file:///Users/jim/work/v2superbikeshed/Trikeshed/src/commonMain/kotlin/borg/trikeshed/net/ssh/SSHProtocol.kt:604:55 Unresolved reference 'nextChannelId'.
e: file:///Users/jim/work/v2superbikeshed/Trikeshed/src/commonMain/kotlin/borg/trikeshed/net/ssh/SSHProtocol.kt:616:24 Unresolved reference 'channels'.
e: file:///Users/jim/work/v2superbikeshed/Trikeshed/src/commonMain/kotlin/borg/trikeshed/net/ssh/SSHProtocol.kt:628:76 Unresolved reference 'coroutineContext'.
e: file:///Users/jim/work/v2superbikeshed/Trikeshed/src/commonMain/kotlin/borg/trikeshed/net/ssh/SSHProtocol.kt:666:93 Unresolved reference 'coroutineContext'.
e: file:///Users/jim/work/v2superbikeshed/Trikeshed/src/commonMain/kotlin/borg/trikeshed/net/ssh/SSHProtocol.kt:667:30 Cannot infer type for this parameter. Specify it explicitly.
e: file:///Users/jim/work/v2superbikeshed/Trikeshed/src/commonMain/kotlin/borg/trikeshed/net/ssh/SSHProtocol.kt:667:30 Not enough information to infer type argument for 'E'.
e: file:///Users/jim/work/v2superbikeshed/Trikeshed/src/commonMain/kotlin/borg/trikeshed/net/ssh/SSHProtocol.kt:667:30 Not enough information to infer type argument for 'K'.
e: file:///Users/jim/work/v2superbikeshed/Trikeshed/src/commonMain/kotlin/borg/trikeshed/net/ssh/SSHProtocol.kt:667:47 Argument type mismatch: actual type is 'SSHProtocol.SshSessionContext.Key', but 'CoroutineContext.Key<E (of fun <E : CoroutineContext.Element> get)>' was expected.
e: file:///Users/jim/work/v2superbikeshed/Trikeshed/src/commonMain/kotlin/borg/trikeshed/net/ssh/SSHProtocol.kt:668:38 Unresolved reference 'channels'.
e: file:///Users/jim/work/v2superbikeshed/Trikeshed/src/commonMain/kotlin/borg/trikeshed/net/ssh/SSHProtocol.kt:670:22 Unresolved reference 'canSend'.
e: file:///Users/jim/work/v2superbikeshed/Trikeshed/src/commonMain/kotlin/borg/trikeshed/net/ssh/SSHProtocol.kt:677:25 Unresolved reference 'remoteWindow'.
e: file:///Users/jim/work/v2superbikeshed/Trikeshed/src/commonMain/kotlin/borg/trikeshed/net/ssh/SSHProtocol.kt:678:25 Unresolved reference 'remoteMaxPacketSize'.
e: file:///Users/jim/work/v2superbikeshed/Trikeshed/src/commonMain/kotlin/borg/trikeshed/net/ssh/SSHProtocol.kt:683:35 Cannot infer type for this parameter. Specify it explicitly.
e: file:///Users/jim/work/v2superbikeshed/Trikeshed/src/commonMain/kotlin/borg/trikeshed/net/ssh/SSHProtocol.kt:683:49 Argument type mismatch: actual type is 'Join<Int, Function1<Int, Join<Any?, TypeMemento>>>', but 'Join<Int, Function1<Int, Byte>>' was expected.
e: file:///Users/jim/work/v2superbikeshed/Trikeshed/src/commonMain/kotlin/borg/trikeshed/net/ssh/SSHProtocol.kt:683:49 Cannot infer type for this parameter. Specify it explicitly.
e: file:///Users/jim/work/v2superbikeshed/Trikeshed/src/commonMain/kotlin/borg/trikeshed/net/ssh/SSHProtocol.kt:683:49 Unresolved reference. None of the following candidates is applicable because of a receiver type mismatch:
fun <T> Join<Int, Function1<Int, Join<Any?, TypeMemento>>>.get(column: Column<T>): T?
e: file:///Users/jim/work/v2superbikeshed/Trikeshed/src/commonMain/kotlin/borg/trikeshed/net/ssh/SSHProtocol.kt:684:43 Unresolved reference 'remoteId'.
e: file:///Users/jim/work/v2superbikeshed/Trikeshed/src/commonMain/kotlin/borg/trikeshed/net/ssh/SSHProtocol.kt:687:21 Unresolved reference 'adjustRemoteWindow'.
e: file:///Users/jim/work/v2superbikeshed/Trikeshed/src/commonMain/kotlin/borg/trikeshed/net/ssh/SSHProtocol.kt:696:107 Unresolved reference 'coroutineContext'.
e: file:///Users/jim/work/v2superbikeshed/Trikeshed/src/commonMain/kotlin/borg/trikeshed/net/ssh/SSHProtocol.kt:716:25 Argument type mismatch: actual type is 'T? (of fun <T> Join<Int, Function1<Int, Join<Any?, TypeMemento>>>.get)', but 'Byte' was expected.
e: file:///Users/jim/work/v2superbikeshed/Trikeshed/src/commonMain/kotlin/borg/trikeshed/net/ssh/SSHProtocol.kt:716:25 Cannot infer type for this parameter. Specify it explicitly.
e: file:///Users/jim/work/v2superbikeshed/Trikeshed/src/commonMain/kotlin/borg/trikeshed/net/ssh/SSHProtocol.kt:716:25 Unresolved reference. None of the following candidates is applicable because of a receiver type mismatch:
fun <T> Join<Int, Function1<Int, Join<Any?, TypeMemento>>>.get(column: Column<T>): T?
e: file:///Users/jim/work/v2superbikeshed/Trikeshed/src/commonMain/kotlin/borg/trikeshed/net/ssh/SSHProtocol.kt:725:88 Unresolved reference 'coroutineContext'.
e: file:///Users/jim/work/v2superbikeshed/Trikeshed/src/commonMain/kotlin/borg/trikeshed/net/ssh/SSHProtocol.kt:737:21 Unresolved reference 'coroutineContext'.
e: file:///Users/jim/work/v2superbikeshed/Trikeshed/src/commonMain/kotlin/borg/trikeshed/net/ssh/SSHProtocol.kt:774:125 Unresolved reference 'coroutineContext'.
e: file:///Users/jim/work/v2superbikeshed/Trikeshed/src/commonMain/kotlin/borg/trikeshed/net/ssh/SSHProtocol.kt:799:25 Argument type mismatch: actual type is 'T? (of fun <T> Join<Int, Function1<Int, Join<Any?, TypeMemento>>>.get)', but 'Byte' was expected.
e: file:///Users/jim/work/v2superbikeshed/Trikeshed/src/commonMain/kotlin/borg/trikeshed/net/ssh/SSHProtocol.kt:799:25 Cannot infer type for this parameter. Specify it explicitly.
e: file:///Users/jim/work/v2superbikeshed/Trikeshed/src/commonMain/kotlin/borg/trikeshed/net/ssh/SSHProtocol.kt:799:25 Unresolved reference. None of the following candidates is applicable because of a receiver type mismatch:
fun <T> Join<Int, Function1<Int, Join<Any?, TypeMemento>>>.get(column: Column<T>): T?
e: file:///Users/jim/work/v2superbikeshed/Trikeshed/src/commonMain/kotlin/borg/trikeshed/net/ssh/SSHProtocol.kt:814:21 Unresolved reference 'coroutineContext'.
e: file:///Users/jim/work/v2superbikeshed/Trikeshed/src/commonMain/kotlin/borg/trikeshed/net/ssh/SSHProtocol.kt:815:30 Cannot infer type for this parameter. Specify it explicitly.
e: file:///Users/jim/work/v2superbikeshed/Trikeshed/src/commonMain/kotlin/borg/trikeshed/net/ssh/SSHProtocol.kt:815:30 Not enough information to infer type argument for 'E'.
e: file:///Users/jim/work/v2superbikeshed/Trikeshed/src/commonMain/kotlin/borg/trikeshed/net/ssh/SSHProtocol.kt:815:30 Not enough information to infer type argument for 'K'.
e: file:///Users/jim/work/v2superbikeshed/Trikeshed/src/commonMain/kotlin/borg/trikeshed/net/ssh/SSHProtocol.kt:815:47 Argument type mismatch: actual type is 'SSHProtocol.SshSessionContext.Key', but 'CoroutineContext.Key<E (of fun <E : CoroutineContext.Element> get)>' was expected.
e: file:///Users/jim/work/v2superbikeshed/Trikeshed/src/commonMain/kotlin/borg/trikeshed/net/ssh/SSHProtocol.kt:820:39 Function invocation 'first(...)' expected.
e: file:///Users/jim/work/v2superbikeshed/Trikeshed/src/commonMain/kotlin/borg/trikeshed/net/ssh/SSHProtocol.kt:821:40 Unresolved reference 'second'.
e: file:///Users/jim/work/v2superbikeshed/Trikeshed/src/commonMain/kotlin/borg/trikeshed/net/ssh/SSHProtocol.kt:824:24 Unresolved reference 'ephemeralPrivateKey'.
e: file:///Users/jim/work/v2superbikeshed/Trikeshed/src/commonMain/kotlin/borg/trikeshed/net/ssh/SSHProtocol.kt:825:24 Unresolved reference 'negotiatedKexAlgorithm'.
e: file:///Users/jim/work/v2superbikeshed/Trikeshed/src/commonMain/kotlin/borg/trikeshed/net/ssh/SSHProtocol.kt:830:40 Cannot infer type for this parameter. Specify it explicitly.
e: file:///Users/jim/work/v2superbikeshed/Trikeshed/src/commonMain/kotlin/borg/trikeshed/net/ssh/SSHProtocol.kt:830:40 Not enough information to infer type argument for 'T'.
e: file:///Users/jim/work/v2superbikeshed/Trikeshed/src/commonMain/kotlin/borg/trikeshed/net/ssh/SSHProtocol.kt:834:24 Unresolved reference 'state'.
e: file:///Users/jim/work/v2superbikeshed/Trikeshed/src/commonMain/kotlin/borg/trikeshed/net/ssh/SSHProtocol.kt:837:81 Unresolved reference 'coroutineContext'.
e: file:///Users/jim/work/v2superbikeshed/Trikeshed/src/commonMain/kotlin/borg/trikeshed/net/ssh/SSHProtocol.kt:838:30 Cannot infer type for this parameter. Specify it explicitly.
e: file:///Users/jim/work/v2superbikeshed/Trikeshed/src/commonMain/kotlin/borg/trikeshed/net/ssh/SSHProtocol.kt:838:30 Not enough information to infer type argument for 'E'.
e: file:///Users/jim/work/v2superbikeshed/Trikeshed/src/commonMain/kotlin/borg/trikeshed/net/ssh/SSHProtocol.kt:838:30 Not enough information to infer type argument for 'K'.
e: file:///Users/jim/work/v2superbikeshed/Trikeshed/src/commonMain/kotlin/borg/trikeshed/net/ssh/SSHProtocol.kt:838:47 Argument type mismatch: actual type is 'SSHProtocol.SshSessionContext.Key', but 'CoroutineContext.Key<E (of fun <E : CoroutineContext.Element> get)>' was expected.
e: file:///Users/jim/work/v2superbikeshed/Trikeshed/src/commonMain/kotlin/borg/trikeshed/net/ssh/SSHProtocol.kt:841:43 Unresolved reference 'negotiatedKexAlgorithm'.
e: file:///Users/jim/work/v2superbikeshed/Trikeshed/src/commonMain/kotlin/borg/trikeshed/net/ssh/SSHProtocol.kt:843:67 Unresolved reference 'ephemeralPrivateKey'.
e: file:///Users/jim/work/v2superbikeshed/Trikeshed/src/commonMain/kotlin/borg/trikeshed/net/ssh/SSHProtocol.kt:848:24 Unresolved reference 'encryptionKey'.
e: file:///Users/jim/work/v2superbikeshed/Trikeshed/src/commonMain/kotlin/borg/trikeshed/net/ssh/SSHProtocol.kt:849:24 Unresolved reference 'decryptionKey'.
e: file:///Users/jim/work/v2superbikeshed/Trikeshed/src/commonMain/kotlin/borg/trikeshed/net/ssh/SSHProtocol.kt:850:24 Unresolved reference 'integrityKeyOut'.
e: file:///Users/jim/work/v2superbikeshed/Trikeshed/src/commonMain/kotlin/borg/trikeshed/net/ssh/SSHProtocol.kt:851:24 Unresolved reference 'integrityKeyIn'.
e: file:///Users/jim/work/v2superbikeshed/Trikeshed/src/commonMain/kotlin/borg/trikeshed/net/ssh/SSHProtocol.kt:858:24 Unresolved reference 'state'.
e: file:///Users/jim/work/v2superbikeshed/Trikeshed/src/commonMain/kotlin/borg/trikeshed/net/ssh/SSHProtocol.kt:869:21 Unresolved reference 'coroutineContext'.
e: file:///Users/jim/work/v2superbikeshed/Trikeshed/src/commonMain/kotlin/borg/trikeshed/net/ssh/SSHProtocol.kt:909:127 Unresolved reference 'coroutineContext'.
e: file:///Users/jim/work/v2superbikeshed/Trikeshed/src/commonMain/kotlin/borg/trikeshed/net/ssh/SSHProtocol.kt:910:30 Cannot infer type for this parameter. Specify it explicitly.
e: file:///Users/jim/work/v2superbikeshed/Trikeshed/src/commonMain/kotlin/borg/trikeshed/net/ssh/SSHProtocol.kt:910:30 Not enough information to infer type argument for 'E'.
e: file:///Users/jim/work/v2superbikeshed/Trikeshed/src/commonMain/kotlin/borg/trikeshed/net/ssh/SSHProtocol.kt:910:30 Not enough information to infer type argument for 'K'.
e: file:///Users/jim/work/v2superbikeshed/Trikeshed/src/commonMain/kotlin/borg/trikeshed/net/ssh/SSHProtocol.kt:910:47 Argument type mismatch: actual type is 'SSHProtocol.SshSessionContext.Key', but 'CoroutineContext.Key<E (of fun <E : CoroutineContext.Element> get)>' was expected.
e: file:///Users/jim/work/v2superbikeshed/Trikeshed/src/commonMain/kotlin/borg/trikeshed/net/ssh/SSHProtocol.kt:940:24 Unresolved reference 'state'.
e: file:///Users/jim/work/v2superbikeshed/Trikeshed/src/commonMain/kotlin/borg/trikeshed/net/ssh/SSHProtocol.kt:944:89 Unresolved reference 'coroutineContext'.
e: file:///Users/jim/work/v2superbikeshed/Trikeshed/src/commonMain/kotlin/borg/trikeshed/net/ssh/SSHProtocol.kt:945:30 Cannot infer type for this parameter. Specify it explicitly.
e: file:///Users/jim/work/v2superbikeshed/Trikeshed/src/commonMain/kotlin/borg/trikeshed/net/ssh/SSHProtocol.kt:945:30 Not enough information to infer type argument for 'E'.
e: file:///Users/jim/work/v2superbikeshed/Trikeshed/src/commonMain/kotlin/borg/trikeshed/net/ssh/SSHProtocol.kt:945:30 Not enough information to infer type argument for 'K'.
e: file:///Users/jim/work/v2superbikeshed/Trikeshed/src/commonMain/kotlin/borg/trikeshed/net/ssh/SSHProtocol.kt:945:47 Argument type mismatch: actual type is 'SSHProtocol.SshSessionContext.Key', but 'CoroutineContext.Key<E (of fun <E : CoroutineContext.Element> get)>' was expected.
e: file:///Users/jim/work/v2superbikeshed/Trikeshed/src/commonMain/kotlin/borg/trikeshed/net/ssh/SSHProtocol.kt:992:69 Unresolved reference 'coroutineContext'.
e: file:///Users/jim/work/v2superbikeshed/Trikeshed/src/commonMain/kotlin/borg/trikeshed/net/ssh/SSHProtocol.kt:1002:36 Unresolved reference 'internalReceiveChannel'.
e: file:///Users/jim/work/v2superbikeshed/Trikeshed/src/commonMain/kotlin/borg/trikeshed/net/ssh/SSHProtocol.kt:1055:23 Cannot access 'suspend fun sendChannelRequest(channelId: UInt, requestType: String, data: Join<Int, Function1<Int, Byte>>): Unit': it is private in 'borg/trikeshed/net/ssh/SSHConnection'.
e: file:///Users/jim/work/v2superbikeshed/Trikeshed/src/commonMain/kotlin/borg/trikeshed/net/ssh/SSHProtocol.kt:1075:46 Syntax error: Unexpected tokens (use ';' to separate expressions on the same line).
e: file:///Users/jim/work/v2superbikeshed/Trikeshed/src/commonMain/kotlin/borg/trikeshed/net/ssh/SSHProtocol.kt:1083:37 Cannot access 'var sessionContext: SSHProtocol.SshSessionContext': it is private in 'borg/trikeshed/net/ssh/SSHConnection'.
e: file:///Users/jim/work/v2superbikeshed/Trikeshed/src/commonMain/kotlin/borg/trikeshed/net/ssh/SSHProtocol.kt:1084:34 Unresolved reference 'internalReceiveChannel'.
e: file:///Users/jim/work/v2superbikeshed/Trikeshed/src/commonMain/kotlin/borg/trikeshed/net/ssh/SSHProtocol.kt:1087:43 Cannot infer type for this parameter. Specify it explicitly.
e: file:///Users/jim/work/v2superbikeshed/Trikeshed/src/commonMain/kotlin/borg/trikeshed/net/ssh/SSHProtocol.kt:1087:48 Cannot infer type for this parameter. Specify it explicitly.
e: file:///Users/jim/work/v2superbikeshed/Trikeshed/src/commonMain/kotlin/borg/trikeshed/net/ssh/SSHProtocol.kt:1087:48 Not enough information to infer type argument for 'B'.
e: file:///Users/jim/work/v2superbikeshed/Trikeshed/src/commonMain/kotlin/borg/trikeshed/net/ssh/SSHProtocol.kt:1087:62 Cannot infer type for this parameter. Specify it explicitly.
e: file:///Users/jim/work/v2superbikeshed/Trikeshed/src/commonMain/kotlin/borg/trikeshed/net/ssh/SSHProtocol.kt:1087:62 Not enough information to infer type argument for 'V'.
e: file:///Users/jim/work/v2superbikeshed/Trikeshed/src/commonMain/kotlin/borg/trikeshed/net/ssh/SSHProtocol.kt:1140:28 Cannot infer type for this parameter. Specify it explicitly.
e: file:///Users/jim/work/v2superbikeshed/Trikeshed/src/commonMain/kotlin/borg/trikeshed/net/ssh/SSHProtocol.kt:1140:28 Unresolved reference. None of the following candidates is applicable because of a receiver type mismatch:
fun <T> Join<Int, Function1<Int, Join<Any?, TypeMemento>>>.get(column: Column<T>): T?
e: file:///Users/jim/work/v2superbikeshed/Trikeshed/src/commonMain/kotlin/borg/trikeshed/net/ssh/SSHProtocol.kt:1141:27 Cannot infer type for this parameter. Specify it explicitly.
e: file:///Users/jim/work/v2superbikeshed/Trikeshed/src/commonMain/kotlin/borg/trikeshed/net/ssh/SSHProtocol.kt:1141:27 Unresolved reference. None of the following candidates is applicable because of a receiver type mismatch:
fun <T> Join<Int, Function1<Int, Join<Any?, TypeMemento>>>.get(column: Column<T>): T?
e: file:///Users/jim/work/v2superbikeshed/Trikeshed/src/commonMain/kotlin/borg/trikeshed/net/ssh/SSHProtocol.kt:1141:48 Unresolved reference 'shl'.
e: file:///Users/jim/work/v2superbikeshed/Trikeshed/src/commonMain/kotlin/borg/trikeshed/net/ssh/SSHProtocol.kt:1142:18 Cannot infer type for this parameter. Specify it explicitly.
e: file:///Users/jim/work/v2superbikeshed/Trikeshed/src/commonMain/kotlin/borg/trikeshed/net/ssh/SSHProtocol.kt:1142:18 Unresolved reference. None of the following candidates is applicable because of a receiver type mismatch:
fun <T> Join<Int, Function1<Int, Join<Any?, TypeMemento>>>.get(column: Column<T>): T?
e: file:///Users/jim/work/v2superbikeshed/Trikeshed/src/commonMain/kotlin/borg/trikeshed/net/ssh/SSHProtocol.kt:1142:39 Unresolved reference 'shl'.
e: file:///Users/jim/work/v2superbikeshed/Trikeshed/src/commonMain/kotlin/borg/trikeshed/net/ssh/SSHProtocol.kt:1143:18 Cannot infer type for this parameter. Specify it explicitly.
e: file:///Users/jim/work/v2superbikeshed/Trikeshed/src/commonMain/kotlin/borg/trikeshed/net/ssh/SSHProtocol.kt:1143:18 Unresolved reference. None of the following candidates is applicable because of a receiver type mismatch:
fun <T> Join<Int, Function1<Int, Join<Any?, TypeMemento>>>.get(column: Column<T>): T?
e: file:///Users/jim/work/v2superbikeshed/Trikeshed/src/commonMain/kotlin/borg/trikeshed/net/ssh/SSHProtocol.kt:1143:39 Unresolved reference 'shl'.
e: file:///Users/jim/work/v2superbikeshed/Trikeshed/src/commonMain/kotlin/borg/trikeshed/net/ssh/SSHProtocol.kt:1144:17 Cannot infer type for this parameter. Specify it explicitly.
e: file:///Users/jim/work/v2superbikeshed/Trikeshed/src/commonMain/kotlin/borg/trikeshed/net/ssh/SSHProtocol.kt:1144:17 Unresolved reference. None of the following candidates is applicable because of a receiver type mismatch:
fun <T> Join<Int, Function1<Int, Join<Any?, TypeMemento>>>.get(column: Column<T>): T?
e: file:///Users/jim/work/v2superbikeshed/Trikeshed/src/commonMain/kotlin/borg/trikeshed/net/ssh/SSHProtocol.kt:1153:37 Cannot infer type for this parameter. Specify it explicitly.
e: file:///Users/jim/work/v2superbikeshed/Trikeshed/src/commonMain/kotlin/borg/trikeshed/net/ssh/SSHProtocol.kt:1153:37 Unresolved reference. None of the following candidates is applicable because of a receiver type mismatch:
fun <T> Join<Int, Function1<Int, Join<Any?, TypeMemento>>>.get(column: Column<T>): T?
e: file:///Users/jim/work/v2superbikeshed/Trikeshed/src/commonMain/kotlin/borg/trikeshed/net/ssh/SSHProtocol.kt:1153:58 Unresolved reference 'shl'.
e: file:///Users/jim/work/v2superbikeshed/Trikeshed/src/commonMain/kotlin/borg/trikeshed/net/ssh/SSHProtocol.kt:1154:26 Cannot infer type for this parameter. Specify it explicitly.
e: file:///Users/jim/work/v2superbikeshed/Trikeshed/src/commonMain/kotlin/borg/trikeshed/net/ssh/SSHProtocol.kt:1154:26 Unresolved reference. None of the following candidates is applicable because of a receiver type mismatch:
fun <T> Join<Int, Function1<Int, Join<Any?, TypeMemento>>>.get(column: Column<T>): T?
e: file:///Users/jim/work/v2superbikeshed/Trikeshed/src/commonMain/kotlin/borg/trikeshed/net/ssh/SSHProtocol.kt:1154:47 Unresolved reference 'shl'.
e: file:///Users/jim/work/v2superbikeshed/Trikeshed/src/commonMain/kotlin/borg/trikeshed/net/ssh/SSHProtocol.kt:1155:26 Cannot infer type for this parameter. Specify it explicitly.
e: file:///Users/jim/work/v2superbikeshed/Trikeshed/src/commonMain/kotlin/borg/trikeshed/net/ssh/SSHProtocol.kt:1155:26 Unresolved reference. None of the following candidates is applicable because of a receiver type mismatch:
fun <T> Join<Int, Function1<Int, Join<Any?, TypeMemento>>>.get(column: Column<T>): T?
e: file:///Users/jim/work/v2superbikeshed/Trikeshed/src/commonMain/kotlin/borg/trikeshed/net/ssh/SSHProtocol.kt:1155:47 Unresolved reference 'shl'.
e: file:///Users/jim/work/v2superbikeshed/Trikeshed/src/commonMain/kotlin/borg/trikeshed/net/ssh/SSHProtocol.kt:1156:25 Cannot infer type for this parameter. Specify it explicitly.
e: file:///Users/jim/work/v2superbikeshed/Trikeshed/src/commonMain/kotlin/borg/trikeshed/net/ssh/SSHProtocol.kt:1156:25 Unresolved reference. None of the following candidates is applicable because of a receiver type mismatch:
fun <T> Join<Int, Function1<Int, Join<Any?, TypeMemento>>>.get(column: Column<T>): T?
e: file:///Users/jim/work/v2superbikeshed/Trikeshed/src/commonMain/kotlin/borg/trikeshed/net/ssh/SSHProtocol.kt:1157:45 Argument type mismatch: actual type is 'Int', but 'IntRange' was expected.
e: file:///Users/jim/work/v2superbikeshed/Trikeshed/src/commonMain/kotlin/borg/trikeshed/net/ssh/SSHProtocol.kt:1157:48 Too many arguments for 'fun <T> Join<Int, Function1<Int, T>>.slice(range: IntRange): Join<Int, Function1<Int, T>>'.
e: file:///Users/jim/work/v2superbikeshed/Trikeshed/src/commonMain/kotlin/borg/trikeshed/net/ssh/SSHProtocol.kt:1157:83 Unresolved reference. None of the following candidates is applicable because of a receiver type mismatch:
fun Join<Int, Function1<Int, Byte>>.asString(): String
e: file:///Users/jim/work/v2superbikeshed/Trikeshed/src/commonMain/kotlin/borg/trikeshed/net/ssh/SSHProtocol.kt:1162:35 Cannot infer type for this parameter. Specify it explicitly.
e: file:///Users/jim/work/v2superbikeshed/Trikeshed/src/commonMain/kotlin/borg/trikeshed/net/ssh/SSHProtocol.kt:1162:35 Unresolved reference. None of the following candidates is applicable because of a receiver type mismatch:
fun <T> Join<Int, Function1<Int, Join<Any?, TypeMemento>>>.get(column: Column<T>): T?
e: file:///Users/jim/work/v2superbikeshed/Trikeshed/src/commonMain/kotlin/borg/trikeshed/net/ssh/SSHProtocol.kt:1162:56 Unresolved reference 'shl'.
e: file:///Users/jim/work/v2superbikeshed/Trikeshed/src/commonMain/kotlin/borg/trikeshed/net/ssh/SSHProtocol.kt:1163:26 Cannot infer type for this parameter. Specify it explicitly.
e: file:///Users/jim/work/v2superbikeshed/Trikeshed/src/commonMain/kotlin/borg/trikeshed/net/ssh/SSHProtocol.kt:1163:26 Unresolved reference. None of the following candidates is applicable because of a receiver type mismatch:
fun <T> Join<Int, Function1<Int, Join<Any?, TypeMemento>>>.get(column: Column<T>): T?
e: file:///Users/jim/work/v2superbikeshed/Trikeshed/src/commonMain/kotlin/borg/trikeshed/net/ssh/SSHProtocol.kt:1163:47 Unresolved reference 'shl'.
e: file:///Users/jim/work/v2superbikeshed/Trikeshed/src/commonMain/kotlin/borg/trikeshed/net/ssh/SSHProtocol.kt:1164:26 Cannot infer type for this parameter. Specify it explicitly.
e: file:///Users/jim/work/v2superbikeshed/Trikeshed/src/commonMain/kotlin/borg/trikeshed/net/ssh/SSHProtocol.kt:1164:26 Unresolved reference. None of the following candidates is applicable because of a receiver type mismatch:
fun <T> Join<Int, Function1<Int, Join<Any?, TypeMemento>>>.get(column: Column<T>): T?
e: file:///Users/jim/work/v2superbikeshed/Trikeshed/src/commonMain/kotlin/borg/trikeshed/net/ssh/SSHProtocol.kt:1164:47 Unresolved reference 'shl'.
e: file:///Users/jim/work/v2superbikeshed/Trikeshed/src/commonMain/kotlin/borg/trikeshed/net/ssh/SSHProtocol.kt:1165:25 Cannot infer type for this parameter. Specify it explicitly.
e: file:///Users/jim/work/v2superbikeshed/Trikeshed/src/commonMain/kotlin/borg/trikeshed/net/ssh/SSHProtocol.kt:1165:25 Unresolved reference. None of the following candidates is applicable because of a receiver type mismatch:
fun <T> Join<Int, Function1<Int, Join<Any?, TypeMemento>>>.get(column: Column<T>): T?
e: file:///Users/jim/work/v2superbikeshed/Trikeshed/src/commonMain/kotlin/borg/trikeshed/net/ssh/SSHProtocol.kt:1166:43 Cannot infer type for this parameter. Specify it explicitly.
e: file:///Users/jim/work/v2superbikeshed/Trikeshed/src/commonMain/kotlin/borg/trikeshed/net/ssh/SSHProtocol.kt:1166:43 Unresolved reference. None of the following candidates is applicable because of a receiver type mismatch:
fun <T> Join<Int, Function1<Int, Join<Any?, TypeMemento>>>.get(column: Column<T>): T?
e: file:///Users/jim/work/v2superbikeshed/Trikeshed/src/commonMain/kotlin/borg/trikeshed/net/ssh/SSHProtocol.kt:1166:64 Unresolved reference 'shl'.
e: file:///Users/jim/work/v2superbikeshed/Trikeshed/src/commonMain/kotlin/borg/trikeshed/net/ssh/SSHProtocol.kt:1167:26 Cannot infer type for this parameter. Specify it explicitly.
e: file:///Users/jim/work/v2superbikeshed/Trikeshed/src/commonMain/kotlin/borg/trikeshed/net/ssh/SSHProtocol.kt:1167:26 Unresolved reference. None of the following candidates is applicable because of a receiver type mismatch:
fun <T> Join<Int, Function1<Int, Join<Any?, TypeMemento>>>.get(column: Column<T>): T?
e: file:///Users/jim/work/v2superbikeshed/Trikeshed/src/commonMain/kotlin/borg/trikeshed/net/ssh/SSHProtocol.kt:1167:48 Unresolved reference 'shl'.
e: file:///Users/jim/work/v2superbikeshed/Trikeshed/src/commonMain/kotlin/borg/trikeshed/net/ssh/SSHProtocol.kt:1168:26 Cannot infer type for this parameter. Specify it explicitly.
e: file:///Users/jim/work/v2superbikeshed/Trikeshed/src/commonMain/kotlin/borg/trikeshed/net/ssh/SSHProtocol.kt:1168:26 Unresolved reference. None of the following candidates is applicable because of a receiver type mismatch:
fun <T> Join<Int, Function1<Int, Join<Any?, TypeMemento>>>.get(column: Column<T>): T?
e: file:///Users/jim/work/v2superbikeshed/Trikeshed/src/commonMain/kotlin/borg/trikeshed/net/ssh/SSHProtocol.kt:1168:48 Unresolved reference 'shl'.
e: file:///Users/jim/work/v2superbikeshed/Trikeshed/src/commonMain/kotlin/borg/trikeshed/net/ssh/SSHProtocol.kt:1169:25 Cannot infer type for this parameter. Specify it explicitly.
e: file:///Users/jim/work/v2superbikeshed/Trikeshed/src/commonMain/kotlin/borg/trikeshed/net/ssh/SSHProtocol.kt:1169:25 Unresolved reference. None of the following candidates is applicable because of a receiver type mismatch:
fun <T> Join<Int, Function1<Int, Join<Any?, TypeMemento>>>.get(column: Column<T>): T?
e: file:///Users/jim/work/v2superbikeshed/Trikeshed/src/commonMain/kotlin/borg/trikeshed/net/ssh/SSHProtocol.kt:1170:51 Argument type mismatch: actual type is 'Int', but 'IntRange' was expected.
e: file:///Users/jim/work/v2superbikeshed/Trikeshed/src/commonMain/kotlin/borg/trikeshed/net/ssh/SSHProtocol.kt:1170:55 Too many arguments for 'fun <T> Join<Int, Function1<Int, T>>.slice(range: IntRange): Join<Int, Function1<Int, T>>'.
e: file:///Users/jim/work/v2superbikeshed/Trikeshed/src/commonMain/kotlin/borg/trikeshed/net/ssh/SSHProtocol.kt:1170:96 Unresolved reference. None of the following candidates is applicable because of a receiver type mismatch:
fun Join<Int, Function1<Int, Byte>>.asString(): String
e: file:///Users/jim/work/v2superbikeshed/Trikeshed/src/commonMain/kotlin/borg/trikeshed/net/ssh/SSHProtocol.kt:1180:2 Syntax error: imports are only allowed in the beginning of file.
e: file:///Users/jim/work/v2superbikeshed/Trikeshed/src/commonMain/kotlin/borg/trikeshed/net/ssh/SSHProtocol.kt:1186:26 Unresolved reference 'PlatformFileIOImpl'.
e: file:///Users/jim/work/v2superbikeshed/Trikeshed/src/commonMain/kotlin/borg/trikeshed/net/ssh/SSHProtocol.kt:1191:42 Unresolved reference 'PlatformFileIOImpl'.
e: file:///Users/jim/work/v2superbikeshed/Trikeshed/src/commonMain/kotlin/borg/trikeshed/net/ssh/SSHProtocol.kt:1202:21 Cannot infer type for this parameter. Specify it explicitly.
e: file:///Users/jim/work/v2superbikeshed/Trikeshed/src/commonMain/kotlin/borg/trikeshed/net/ssh/SSHProtocol.kt:1202:29 Unresolved reference 'internalReceiveChannel'.
e: file:///Users/jim/work/v2superbikeshed/Trikeshed/src/commonMain/kotlin/borg/trikeshed/net/ssh/SSHProtocol.kt:1218:20 Cannot infer type for this parameter. Specify it explicitly.
e: file:///Users/jim/work/v2superbikeshed/Trikeshed/src/commonMain/kotlin/borg/trikeshed/net/ssh/SSHProtocol.kt:1218:28 Unresolved reference 'internalReceiveChannel'.
e: file:///Users/jim/work/v2superbikeshed/Trikeshed/src/commonMain/kotlin/borg/trikeshed/net/ssh/SSHProtocol.kt:1225:81 Argument type mismatch: actual type is 'Join<Int, Function1<Int, Join<Any?, TypeMemento>>>', but 'Join<Int, Function1<Int, Byte>>' was expected.
e: file:///Users/jim/work/v2superbikeshed/Trikeshed/src/commonMain/kotlin/borg/trikeshed/net/ssh/SSHProtocol.kt:1225:81 Cannot infer type for this parameter. Specify it explicitly.
e: file:///Users/jim/work/v2superbikeshed/Trikeshed/src/commonMain/kotlin/borg/trikeshed/net/ssh/SSHProtocol.kt:1225:81 Unresolved reference. None of the following candidates is applicable because of a receiver type mismatch:
fun <T> Join<Int, Function1<Int, Join<Any?, TypeMemento>>>.get(column: Column<T>): T?
e: file:///Users/jim/work/v2superbikeshed/Trikeshed/src/commonMain/kotlin/borg/trikeshed/net/ssh/SSHProtocol.kt:1228:20 Cannot infer type for this parameter. Specify it explicitly.
e: file:///Users/jim/work/v2superbikeshed/Trikeshed/src/commonMain/kotlin/borg/trikeshed/net/ssh/SSHProtocol.kt:1228:28 Unresolved reference 'internalReceiveChannel'.
e: file:///Users/jim/work/v2superbikeshed/Trikeshed/src/commonMain/kotlin/borg/trikeshed/net/ssh/SSHProtocol.kt:1239:24 Cannot infer type for this parameter. Specify it explicitly.
e: file:///Users/jim/work/v2superbikeshed/Trikeshed/src/commonMain/kotlin/borg/trikeshed/net/ssh/SSHProtocol.kt:1239:32 Unresolved reference 'internalReceiveChannel'.
e: file:///Users/jim/work/v2superbikeshed/Trikeshed/src/commonMain/kotlin/borg/trikeshed/net/ssh/SSHProtocol.kt:1257:61 Cannot infer type for this parameter. Specify it explicitly.
e: file:///Users/jim/work/v2superbikeshed/Trikeshed/src/commonMain/kotlin/borg/trikeshed/net/ssh/SSHProtocol.kt:1257:61 Unresolved reference. None of the following candidates is applicable because of a receiver type mismatch:
val <T> Join<Int, Function1<Int, T>>.size: Int
e: file:///Users/jim/work/v2superbikeshed/Trikeshed/src/commonMain/kotlin/borg/trikeshed/net/ssh/SSHProtocol.kt:1260:38 Unresolved reference 'internalReceiveChannel'.
e: file:///Users/jim/work/v2superbikeshed/Trikeshed/src/commonMain/kotlin/borg/trikeshed/net/ssh/SSHProtocol.kt:1274:61 Cannot infer type for this parameter. Specify it explicitly.
e: file:///Users/jim/work/v2superbikeshed/Trikeshed/src/commonMain/kotlin/borg/trikeshed/net/ssh/SSHProtocol.kt:1274:61 Unresolved reference. None of the following candidates is applicable because of a receiver type mismatch:
val <T> Join<Int, Function1<Int, T>>.size: Int
e: file:///Users/jim/work/v2superbikeshed/Trikeshed/src/commonMain/kotlin/borg/trikeshed/net/ssh/SSHProtocol.kt:1277:41 Unresolved reference 'internalReceiveChannel'.
e: file:///Users/jim/work/v2superbikeshed/Trikeshed/src/commonMain/kotlin/borg/trikeshed/net/ssh/SSHProtocol.kt:1278:53 Cannot infer type for this parameter. Specify it explicitly.
e: file:///Users/jim/work/v2superbikeshed/Trikeshed/src/commonMain/kotlin/borg/trikeshed/net/ssh/SSHProtocol.kt:1278:58 Cannot infer type for this parameter. Specify it explicitly.
e: file:///Users/jim/work/v2superbikeshed/Trikeshed/src/commonMain/kotlin/borg/trikeshed/net/ssh/SSHProtocol.kt:1278:58 Not enough information to infer type argument for 'B'.
e: file:///Users/jim/work/v2superbikeshed/Trikeshed/src/commonMain/kotlin/borg/trikeshed/net/ssh/SSHProtocol.kt:1278:72 Cannot infer type for this parameter. Specify it explicitly.
e: file:///Users/jim/work/v2superbikeshed/Trikeshed/src/commonMain/kotlin/borg/trikeshed/net/ssh/SSHProtocol.kt:1278:72 Not enough information to infer type argument for 'V'.
e: file:///Users/jim/work/v2superbikeshed/Trikeshed/src/commonMain/kotlin/borg/trikeshed/net/ssh/SSHProtocol.kt:1287:61 Cannot infer type for this parameter. Specify it explicitly.
e: file:///Users/jim/work/v2superbikeshed/Trikeshed/src/commonMain/kotlin/borg/trikeshed/net/ssh/SSHProtocol.kt:1287:61 Unresolved reference. None of the following candidates is applicable because of a receiver type mismatch:
val <T> Join<Int, Function1<Int, T>>.size: Int
e: file:///Users/jim/work/v2superbikeshed/Trikeshed/src/commonMain/kotlin/borg/trikeshed/net/ssh/SSHProtocol.kt:1290:41 Unresolved reference 'internalReceiveChannel'.
e: file:///Users/jim/work/v2superbikeshed/Trikeshed/src/commonMain/kotlin/borg/trikeshed/net/ssh/SSHProtocol.kt:1291:27 Cannot infer type for this parameter. Specify it explicitly.
e: file:///Users/jim/work/v2superbikeshed/Trikeshed/src/commonMain/kotlin/borg/trikeshed/net/ssh/SSHProtocol.kt:1298:61 Cannot infer type for this parameter. Specify it explicitly.
e: file:///Users/jim/work/v2superbikeshed/Trikeshed/src/commonMain/kotlin/borg/trikeshed/net/ssh/SSHProtocol.kt:1298:61 Unresolved reference. None of the following candidates is applicable because of a receiver type mismatch:
val <T> Join<Int, Function1<Int, T>>.size: Int
e: file:///Users/jim/work/v2superbikeshed/Trikeshed/src/commonMain/kotlin/borg/trikeshed/net/ssh/SSHProtocol.kt:1303:1 Syntax error: Expecting a top level declaration.
e: file:///Users/jim/work/v2superbikeshed/Trikeshed/src/commonMain/kotlin/borg/trikeshed/net/tls/TLS13Protocol.kt:195:25 Argument type mismatch: actual type is 'T? (of fun <T> Join<Int, Function1<Int, Join<Any?, TypeMemento>>>.get)', but 'Byte' was expected.
e: file:///Users/jim/work/v2superbikeshed/Trikeshed/src/commonMain/kotlin/borg/trikeshed/net/tls/TLS13Protocol.kt:195:25 Cannot infer type for this parameter. Specify it explicitly.
e: file:///Users/jim/work/v2superbikeshed/Trikeshed/src/commonMain/kotlin/borg/trikeshed/net/tls/TLS13Protocol.kt:195:25 Unresolved reference. None of the following candidates is applicable because of a receiver type mismatch:
fun <T> Join<Int, Function1<Int, Join<Any?, TypeMemento>>>.get(column: Column<T>): T?
e: file:///Users/jim/work/v2superbikeshed/Trikeshed/src/commonMain/kotlin/borg/trikeshed/net/tls/TLS13Protocol.kt:205:35 Argument type mismatch: actual type is 'T? (of fun <T> Join<Int, Function1<Int, Join<Any?, TypeMemento>>>.get)', but 'Byte' was expected.
e: file:///Users/jim/work/v2superbikeshed/Trikeshed/src/commonMain/kotlin/borg/trikeshed/net/tls/TLS13Protocol.kt:205:35 Cannot infer type for this parameter. Specify it explicitly.
e: file:///Users/jim/work/v2superbikeshed/Trikeshed/src/commonMain/kotlin/borg/trikeshed/net/tls/TLS13Protocol.kt:205:35 Unresolved reference. None of the following candidates is applicable because of a receiver type mismatch:
fun <T> Join<Int, Function1<Int, Join<Any?, TypeMemento>>>.get(column: Column<T>): T?
e: file:///Users/jim/work/v2superbikeshed/Trikeshed/src/commonMain/kotlin/borg/trikeshed/net/tls/TLS13Protocol.kt:207:19 Cannot infer type for this parameter. Specify it explicitly.
e: file:///Users/jim/work/v2superbikeshed/Trikeshed/src/commonMain/kotlin/borg/trikeshed/net/tls/TLS13Protocol.kt:207:19 Unresolved reference. None of the following candidates is applicable because of a receiver type mismatch:
fun <T> Join<Int, Function1<Int, Join<Any?, TypeMemento>>>.get(column: Column<T>): T?
e: file:///Users/jim/work/v2superbikeshed/Trikeshed/src/commonMain/kotlin/borg/trikeshed/net/tls/TLS13Protocol.kt:208:19 Cannot infer type for this parameter. Specify it explicitly.
e: file:///Users/jim/work/v2superbikeshed/Trikeshed/src/commonMain/kotlin/borg/trikeshed/net/tls/TLS13Protocol.kt:208:19 Unresolved reference. None of the following candidates is applicable because of a receiver type mismatch:
fun <T> Join<Int, Function1<Int, Join<Any?, TypeMemento>>>.get(column: Column<T>): T?
e: file:///Users/jim/work/v2superbikeshed/Trikeshed/src/commonMain/kotlin/borg/trikeshed/net/tls/TLS13Protocol.kt:210:27 Cannot infer type for this parameter. Specify it explicitly.
e: file:///Users/jim/work/v2superbikeshed/Trikeshed/src/commonMain/kotlin/borg/trikeshed/net/tls/TLS13Protocol.kt:210:27 Unresolved reference. None of the following candidates is applicable because of a receiver type mismatch:
fun <T> Join<Int, Function1<Int, Join<Any?, TypeMemento>>>.get(column: Column<T>): T?
e: file:///Users/jim/work/v2superbikeshed/Trikeshed/src/commonMain/kotlin/borg/trikeshed/net/tls/TLS13Protocol.kt:211:26 Cannot infer type for this parameter. Specify it explicitly.
e: file:///Users/jim/work/v2superbikeshed/Trikeshed/src/commonMain/kotlin/borg/trikeshed/net/tls/TLS13Protocol.kt:211:26 Unresolved reference. None of the following candidates is applicable because of a receiver type mismatch:
fun <T> Join<Int, Function1<Int, Join<Any?, TypeMemento>>>.get(column: Column<T>): T?
e: file:///Users/jim/work/v2superbikeshed/Trikeshed/src/commonMain/kotlin/borg/trikeshed/net/tls/TLS13Protocol.kt:215:35 Cannot infer type for this parameter. Specify it explicitly.
e: file:///Users/jim/work/v2superbikeshed/Trikeshed/src/commonMain/kotlin/borg/trikeshed/net/tls/TLS13Protocol.kt:215:49 Argument type mismatch: actual type is 'Join<Int, Function1<Int, Join<Any?, TypeMemento>>>', but 'Join<Int, Function1<Int, Byte>>' was expected.
e: file:///Users/jim/work/v2superbikeshed/Trikeshed/src/commonMain/kotlin/borg/trikeshed/net/tls/TLS13Protocol.kt:215:49 Cannot infer type for this parameter. Specify it explicitly.
e: file:///Users/jim/work/v2superbikeshed/Trikeshed/src/commonMain/kotlin/borg/trikeshed/net/tls/TLS13Protocol.kt:215:49 Unresolved reference. None of the following candidates is applicable because of a receiver type mismatch:
fun <T> Join<Int, Function1<Int, Join<Any?, TypeMemento>>>.get(column: Column<T>): T?
e: file:///Users/jim/work/v2superbikeshed/Trikeshed/src/commonMain/kotlin/borg/trikeshed/net/tls/TLS13Protocol.kt:242:25 Argument type mismatch: actual type is 'T? (of fun <T> Join<Int, Function1<Int, Join<Any?, TypeMemento>>>.get)', but 'Byte' was expected.
e: file:///Users/jim/work/v2superbikeshed/Trikeshed/src/commonMain/kotlin/borg/trikeshed/net/tls/TLS13Protocol.kt:242:25 Cannot infer type for this parameter. Specify it explicitly.
e: file:///Users/jim/work/v2superbikeshed/Trikeshed/src/commonMain/kotlin/borg/trikeshed/net/tls/TLS13Protocol.kt:242:25 Unresolved reference. None of the following candidates is applicable because of a receiver type mismatch:
fun <T> Join<Int, Function1<Int, Join<Any?, TypeMemento>>>.get(column: Column<T>): T?
e: file:///Users/jim/work/v2superbikeshed/Trikeshed/src/commonMain/kotlin/borg/trikeshed/net/tls/TLS13Protocol.kt:252:45 Argument type mismatch: actual type is 'T? (of fun <T> Join<Int, Function1<Int, Join<Any?, TypeMemento>>>.get)', but 'Byte' was expected.
e: file:///Users/jim/work/v2superbikeshed/Trikeshed/src/commonMain/kotlin/borg/trikeshed/net/tls/TLS13Protocol.kt:252:45 Cannot infer type for this parameter. Specify it explicitly.
e: file:///Users/jim/work/v2superbikeshed/Trikeshed/src/commonMain/kotlin/borg/trikeshed/net/tls/TLS13Protocol.kt:252:45 Unresolved reference. None of the following candidates is applicable because of a receiver type mismatch:
fun <T> Join<Int, Function1<Int, Join<Any?, TypeMemento>>>.get(column: Column<T>): T?
e: file:///Users/jim/work/v2superbikeshed/Trikeshed/src/commonMain/kotlin/borg/trikeshed/net/tls/TLS13Protocol.kt:253:28 Cannot infer type for this parameter. Specify it explicitly.
e: file:///Users/jim/work/v2superbikeshed/Trikeshed/src/commonMain/kotlin/borg/trikeshed/net/tls/TLS13Protocol.kt:253:28 Unresolved reference. None of the following candidates is applicable because of a receiver type mismatch:
fun <T> Join<Int, Function1<Int, Join<Any?, TypeMemento>>>.get(column: Column<T>): T?
e: file:///Users/jim/work/v2superbikeshed/Trikeshed/src/commonMain/kotlin/borg/trikeshed/net/tls/TLS13Protocol.kt:254:27 Cannot infer type for this parameter. Specify it explicitly.
e: file:///Users/jim/work/v2superbikeshed/Trikeshed/src/commonMain/kotlin/borg/trikeshed/net/tls/TLS13Protocol.kt:254:27 Unresolved reference. None of the following candidates is applicable because of a receiver type mismatch:
fun <T> Join<Int, Function1<Int, Join<Any?, TypeMemento>>>.get(column: Column<T>): T?
e: file:///Users/jim/work/v2superbikeshed/Trikeshed/src/commonMain/kotlin/borg/trikeshed/net/tls/TLS13Protocol.kt:255:26 Cannot infer type for this parameter. Specify it explicitly.
e: file:///Users/jim/work/v2superbikeshed/Trikeshed/src/commonMain/kotlin/borg/trikeshed/net/tls/TLS13Protocol.kt:255:26 Unresolved reference. None of the following candidates is applicable because of a receiver type mismatch:
fun <T> Join<Int, Function1<Int, Join<Any?, TypeMemento>>>.get(column: Column<T>): T?
e: file:///Users/jim/work/v2superbikeshed/Trikeshed/src/commonMain/kotlin/borg/trikeshed/net/tls/TLS13Protocol.kt:259:31 Cannot infer type for this parameter. Specify it explicitly.
e: file:///Users/jim/work/v2superbikeshed/Trikeshed/src/commonMain/kotlin/borg/trikeshed/net/tls/TLS13Protocol.kt:259:45 Argument type mismatch: actual type is 'Join<Int, Function1<Int, Join<Any?, TypeMemento>>>', but 'Join<Int, Function1<Int, Byte>>' was expected.
e: file:///Users/jim/work/v2superbikeshed/Trikeshed/src/commonMain/kotlin/borg/trikeshed/net/tls/TLS13Protocol.kt:259:45 Cannot infer type for this parameter. Specify it explicitly.
e: file:///Users/jim/work/v2superbikeshed/Trikeshed/src/commonMain/kotlin/borg/trikeshed/net/tls/TLS13Protocol.kt:259:45 Unresolved reference. None of the following candidates is applicable because of a receiver type mismatch:
fun <T> Join<Int, Function1<Int, Join<Any?, TypeMemento>>>.get(column: Column<T>): T?
e: file:///Users/jim/work/v2superbikeshed/Trikeshed/src/commonMain/kotlin/borg/trikeshed/net/tls/TLS13Protocol.kt:286:25 Argument type mismatch: actual type is 'T? (of fun <T> Join<Int, Function1<Int, Join<Any?, TypeMemento>>>.get)', but 'Byte' was expected.
e: file:///Users/jim/work/v2superbikeshed/Trikeshed/src/commonMain/kotlin/borg/trikeshed/net/tls/TLS13Protocol.kt:286:25 Cannot infer type for this parameter. Specify it explicitly.
e: file:///Users/jim/work/v2superbikeshed/Trikeshed/src/commonMain/kotlin/borg/trikeshed/net/tls/TLS13Protocol.kt:286:25 Unresolved reference. None of the following candidates is applicable because of a receiver type mismatch:
fun <T> Join<Int, Function1<Int, Join<Any?, TypeMemento>>>.get(column: Column<T>): T?
e: file:///Users/jim/work/v2superbikeshed/Trikeshed/src/commonMain/kotlin/borg/trikeshed/net/tls/TLS13Protocol.kt:313:22 Argument type mismatch: actual type is 'K (of fun <K> WHEN_CALL)', but 'Byte' was expected.
e: file:///Users/jim/work/v2superbikeshed/Trikeshed/src/commonMain/kotlin/borg/trikeshed/net/tls/TLS13Protocol.kt:313:40 Argument type mismatch: actual type is 'T? (of fun <T> Join<Int, Function1<Int, Join<Any?, TypeMemento>>>.get)', but 'K (of fun <K> WHEN_CALL)' was expected.
e: file:///Users/jim/work/v2superbikeshed/Trikeshed/src/commonMain/kotlin/borg/trikeshed/net/tls/TLS13Protocol.kt:313:40 Cannot infer type for this parameter. Specify it explicitly.
e: file:///Users/jim/work/v2superbikeshed/Trikeshed/src/commonMain/kotlin/borg/trikeshed/net/tls/TLS13Protocol.kt:313:40 Unresolved reference. None of the following candidates is applicable because of a receiver type mismatch:
fun <T> Join<Int, Function1<Int, Join<Any?, TypeMemento>>>.get(column: Column<T>): T?
e: file:///Users/jim/work/v2superbikeshed/Trikeshed/src/commonMain/kotlin/borg/trikeshed/net/tls/TLS13Protocol.kt:313:55 Argument type mismatch: actual type is 'Byte', but 'K (of fun <K> WHEN_CALL)' was expected.
e: file:///Users/jim/work/v2superbikeshed/Trikeshed/src/commonMain/kotlin/borg/trikeshed/net/tls/TLS13Protocol.kt:319:22 Argument type mismatch: actual type is 'T? (of fun <T> Join<Int, Function1<Int, Join<Any?, TypeMemento>>>.get)', but 'Byte' was expected.
e: file:///Users/jim/work/v2superbikeshed/Trikeshed/src/commonMain/kotlin/borg/trikeshed/net/tls/TLS13Protocol.kt:319:22 Cannot infer type for this parameter. Specify it explicitly.
e: file:///Users/jim/work/v2superbikeshed/Trikeshed/src/commonMain/kotlin/borg/trikeshed/net/tls/TLS13Protocol.kt:319:22 Unresolved reference. None of the following candidates is applicable because of a receiver type mismatch:
fun <T> Join<Int, Function1<Int, Join<Any?, TypeMemento>>>.get(column: Column<T>): T?
e: file:///Users/jim/work/v2superbikeshed/Trikeshed/src/commonMain/kotlin/borg/trikeshed/net/tls/TLS13Protocol.kt:327:25 Cannot infer type for this parameter. Specify it explicitly.
e: file:///Users/jim/work/v2superbikeshed/Trikeshed/src/commonMain/kotlin/borg/trikeshed/net/tls/TLS13Protocol.kt:327:25 Unresolved reference. None of the following candidates is applicable because of a receiver type mismatch:
fun <T> Join<Int, Function1<Int, Join<Any?, TypeMemento>>>.get(column: Column<T>): T?
e: file:///Users/jim/work/v2superbikeshed/Trikeshed/src/commonMain/kotlin/borg/trikeshed/net/tls/TLS13Protocol.kt:328:29 Unresolved reference 'value'.
e: file:///Users/jim/work/v2superbikeshed/Trikeshed/src/commonMain/kotlin/borg/trikeshed/net/tls/TLS13Protocol.kt:329:28 Unresolved reference 'value'.
e: file:///Users/jim/work/v2superbikeshed/Trikeshed/src/commonMain/kotlin/borg/trikeshed/net/tls/TLS13Protocol.kt:335:22 Argument type mismatch: actual type is 'T? (of fun <T> Join<Int, Function1<Int, Join<Any?, TypeMemento>>>.get)', but 'Byte' was expected.
e: file:///Users/jim/work/v2superbikeshed/Trikeshed/src/commonMain/kotlin/borg/trikeshed/net/tls/TLS13Protocol.kt:335:22 Cannot infer type for this parameter. Specify it explicitly.
e: file:///Users/jim/work/v2superbikeshed/Trikeshed/src/commonMain/kotlin/borg/trikeshed/net/tls/TLS13Protocol.kt:335:22 Unresolved reference. None of the following candidates is applicable because of a receiver type mismatch:
fun <T> Join<Int, Function1<Int, Join<Any?, TypeMemento>>>.get(column: Column<T>): T?
e: file:///Users/jim/work/v2superbikeshed/Trikeshed/src/commonMain/kotlin/borg/trikeshed/net/tls/TLS13Protocol.kt:341:27 Cannot infer type for this parameter. Specify it explicitly.
e: file:///Users/jim/work/v2superbikeshed/Trikeshed/src/commonMain/kotlin/borg/trikeshed/net/tls/TLS13Protocol.kt:341:27 Unresolved reference. None of the following candidates is applicable because of a receiver type mismatch:
fun <T> Join<Int, Function1<Int, Join<Any?, TypeMemento>>>.get(column: Column<T>): T?
e: file:///Users/jim/work/v2superbikeshed/Trikeshed/src/commonMain/kotlin/borg/trikeshed/net/tls/TLS13Protocol.kt:341:41 Unresolved reference 'encode'.
e: file:///Users/jim/work/v2superbikeshed/Trikeshed/src/commonMain/kotlin/borg/trikeshed/net/tls/TLS13Protocol.kt:343:39 Argument type mismatch: actual type is 'V? (of fun <K, V> Map<out K, V>.get)', but 'Byte' was expected.
e: file:///Users/jim/work/v2superbikeshed/Trikeshed/src/commonMain/kotlin/borg/trikeshed/net/tls/TLS13Protocol.kt:343:39 Cannot infer type for this parameter. Specify it explicitly.
e: file:///Users/jim/work/v2superbikeshed/Trikeshed/src/commonMain/kotlin/borg/trikeshed/net/tls/TLS13Protocol.kt:375:22 Argument type mismatch: actual type is 'K (of fun <K> WHEN_CALL)', but 'Byte' was expected.
e: file:///Users/jim/work/v2superbikeshed/Trikeshed/src/commonMain/kotlin/borg/trikeshed/net/tls/TLS13Protocol.kt:375:40 Argument type mismatch: actual type is 'T? (of fun <T> Join<Int, Function1<Int, Join<Any?, TypeMemento>>>.get)', but 'K (of fun <K> WHEN_CALL)' was expected.
e: file:///Users/jim/work/v2superbikeshed/Trikeshed/src/commonMain/kotlin/borg/trikeshed/net/tls/TLS13Protocol.kt:375:40 Cannot infer type for this parameter. Specify it explicitly.
e: file:///Users/jim/work/v2superbikeshed/Trikeshed/src/commonMain/kotlin/borg/trikeshed/net/tls/TLS13Protocol.kt:375:40 Unresolved reference. None of the following candidates is applicable because of a receiver type mismatch:
fun <T> Join<Int, Function1<Int, Join<Any?, TypeMemento>>>.get(column: Column<T>): T?
e: file:///Users/jim/work/v2superbikeshed/Trikeshed/src/commonMain/kotlin/borg/trikeshed/net/tls/TLS13Protocol.kt:375:55 Argument type mismatch: actual type is 'Byte', but 'K (of fun <K> WHEN_CALL)' was expected.
e: file:///Users/jim/work/v2superbikeshed/Trikeshed/src/commonMain/kotlin/borg/trikeshed/net/tls/TLS13Protocol.kt:381:22 Argument type mismatch: actual type is 'T? (of fun <T> Join<Int, Function1<Int, Join<Any?, TypeMemento>>>.get)', but 'Byte' was expected.
e: file:///Users/jim/work/v2superbikeshed/Trikeshed/src/commonMain/kotlin/borg/trikeshed/net/tls/TLS13Protocol.kt:381:22 Cannot infer type for this parameter. Specify it explicitly.
e: file:///Users/jim/work/v2superbikeshed/Trikeshed/src/commonMain/kotlin/borg/trikeshed/net/tls/TLS13Protocol.kt:381:22 Unresolved reference. None of the following candidates is applicable because of a receiver type mismatch:
fun <T> Join<Int, Function1<Int, Join<Any?, TypeMemento>>>.get(column: Column<T>): T?
e: file:///Users/jim/work/v2superbikeshed/Trikeshed/src/commonMain/kotlin/borg/trikeshed/net/tls/TLS13Protocol.kt:394:27 Cannot infer type for this parameter. Specify it explicitly.
e: file:///Users/jim/work/v2superbikeshed/Trikeshed/src/commonMain/kotlin/borg/trikeshed/net/tls/TLS13Protocol.kt:394:27 Unresolved reference. None of the following candidates is applicable because of a receiver type mismatch:
fun <T> Join<Int, Function1<Int, Join<Any?, TypeMemento>>>.get(column: Column<T>): T?
e: file:///Users/jim/work/v2superbikeshed/Trikeshed/src/commonMain/kotlin/borg/trikeshed/net/tls/TLS13Protocol.kt:394:41 Unresolved reference 'encode'.
e: file:///Users/jim/work/v2superbikeshed/Trikeshed/src/commonMain/kotlin/borg/trikeshed/net/tls/TLS13Protocol.kt:396:39 Argument type mismatch: actual type is 'V? (of fun <K, V> Map<out K, V>.get)', but 'Byte' was expected.
e: file:///Users/jim/work/v2superbikeshed/Trikeshed/src/commonMain/kotlin/borg/trikeshed/net/tls/TLS13Protocol.kt:396:39 Cannot infer type for this parameter. Specify it explicitly.
e: file:///Users/jim/work/v2superbikeshed/Trikeshed/src/commonMain/kotlin/borg/trikeshed/net/tls/TLS13Protocol.kt:532:30 Argument type mismatch: actual type is 'T? (of fun <T> Join<Int, Function1<Int, Join<Any?, TypeMemento>>>.get)', but 'Byte' was expected.
e: file:///Users/jim/work/v2superbikeshed/Trikeshed/src/commonMain/kotlin/borg/trikeshed/net/tls/TLS13Protocol.kt:532:30 Cannot infer type for this parameter. Specify it explicitly.
e: file:///Users/jim/work/v2superbikeshed/Trikeshed/src/commonMain/kotlin/borg/trikeshed/net/tls/TLS13Protocol.kt:532:30 Unresolved reference. None of the following candidates is applicable because of a receiver type mismatch:
fun <T> Join<Int, Function1<Int, Join<Any?, TypeMemento>>>.get(column: Column<T>): T?
e: file:///Users/jim/work/v2superbikeshed/Trikeshed/src/commonMain/kotlin/borg/trikeshed/net/tls/TLS13Protocol.kt:618:31 Cannot infer type for this parameter. Specify it explicitly.
e: file:///Users/jim/work/v2superbikeshed/Trikeshed/src/commonMain/kotlin/borg/trikeshed/net/tls/TLS13Protocol.kt:618:45 Argument type mismatch: actual type is 'Join<Int, Function1<Int, Join<Any?, TypeMemento>>>', but 'Join<Int, Function1<Int, Byte>>' was expected.
e: file:///Users/jim/work/v2superbikeshed/Trikeshed/src/commonMain/kotlin/borg/trikeshed/net/tls/TLS13Protocol.kt:618:45 Cannot infer type for this parameter. Specify it explicitly.
e: file:///Users/jim/work/v2superbikeshed/Trikeshed/src/commonMain/kotlin/borg/trikeshed/net/tls/TLS13Protocol.kt:618:45 Unresolved reference. None of the following candidates is applicable because of a receiver type mismatch:
fun <T> Join<Int, Function1<Int, Join<Any?, TypeMemento>>>.get(column: Column<T>): T?
e: file:///Users/jim/work/v2superbikeshed/Trikeshed/src/commonMain/kotlin/borg/trikeshed/net/tls/TLS13Protocol.kt:660:48 Cannot infer type for this parameter. Specify it explicitly.
e: file:///Users/jim/work/v2superbikeshed/Trikeshed/src/commonMain/kotlin/borg/trikeshed/net/tls/TLS13Protocol.kt:660:48 Not enough information to infer type argument for 'T'.
e: file:///Users/jim/work/v2superbikeshed/Trikeshed/src/commonMain/kotlin/borg/trikeshed/net/tls/TLS13Protocol.kt:660:53 Cannot infer type for this parameter. Specify it explicitly.
e: file:///Users/jim/work/v2superbikeshed/Trikeshed/src/commonMain/kotlin/borg/trikeshed/net/tls/TLS13Protocol.kt:660:53 Not enough information to infer type argument for 'T'.
e: file:///Users/jim/work/v2superbikeshed/Trikeshed/src/commonMain/kotlin/borg/trikeshed/net/tls/TLS13Protocol.kt:660:73 Cannot infer type for this parameter. Specify it explicitly.
e: file:///Users/jim/work/v2superbikeshed/Trikeshed/src/commonMain/kotlin/borg/trikeshed/net/tls/TLS13Protocol.kt:660:73 Not enough information to infer type argument for 'T'.
e: file:///Users/jim/work/v2superbikeshed/Trikeshed/src/commonMain/kotlin/borg/trikeshed/net/tls/TLS13Protocol.kt:660:79 Cannot infer type for this parameter. Specify it explicitly.
e: file:///Users/jim/work/v2superbikeshed/Trikeshed/src/commonMain/kotlin/borg/trikeshed/net/tls/TLS13Protocol.kt:660:79 Function 'component1()' is ambiguous for this expression: 
fun <T> Array<out T>.component1(): T
fun ByteArray.component1(): Byte
fun ShortArray.component1(): Short
fun IntArray.component1(): Int
fun LongArray.component1(): Long
fun FloatArray.component1(): Float
fun DoubleArray.component1(): Double
fun BooleanArray.component1(): Boolean
fun CharArray.component1(): Char
fun <T> List<T>.component1(): T
fun UIntArray.component1(): UInt
fun ULongArray.component1(): ULong
fun UByteArray.component1(): UByte
fun UShortArray.component1(): UShort
fun <K, V> Map.Entry<K, V>.component1(): K.
e: file:///Users/jim/work/v2superbikeshed/Trikeshed/src/commonMain/kotlin/borg/trikeshed/net/tls/TLS13Protocol.kt:660:79 Function 'component2()' is ambiguous for this expression: 
fun <T> Array<out T>.component2(): T
fun ByteArray.component2(): Byte
fun ShortArray.component2(): Short
fun IntArray.component2(): Int
fun LongArray.component2(): Long
fun FloatArray.component2(): Float
fun DoubleArray.component2(): Double
fun BooleanArray.component2(): Boolean
fun CharArray.component2(): Char
fun <T> List<T>.component2(): T
fun UIntArray.component2(): UInt
fun ULongArray.component2(): ULong
fun UByteArray.component2(): UByte
fun UShortArray.component2(): UShort
fun <K, V> Map.Entry<K, V>.component2(): V.
e: file:///Users/jim/work/v2superbikeshed/Trikeshed/src/commonMain/kotlin/borg/trikeshed/net/tls/TLS13Protocol.kt:670:31 Cannot infer type for this parameter. Specify it explicitly.
e: file:///Users/jim/work/v2superbikeshed/Trikeshed/src/commonMain/kotlin/borg/trikeshed/net/tls/TLS13Protocol.kt:670:31 Unresolved reference. None of the following candidates is applicable because of a receiver type mismatch:
fun <T> Join<Int, Function1<Int, Join<Any?, TypeMemento>>>.get(column: Column<T>): T?
e: file:///Users/jim/work/v2superbikeshed/Trikeshed/src/commonMain/kotlin/borg/trikeshed/net/tls/TLS13Protocol.kt:675:15 Cannot infer type for this parameter. Specify it explicitly.
e: file:///Users/jim/work/v2superbikeshed/Trikeshed/src/commonMain/kotlin/borg/trikeshed/net/tls/TLS13Protocol.kt:675:15 Unresolved reference. None of the following candidates is applicable because of a receiver type mismatch:
fun <T> Join<Int, Function1<Int, Join<Any?, TypeMemento>>>.get(column: Column<T>): T?
e: file:///Users/jim/work/v2superbikeshed/Trikeshed/src/commonMain/kotlin/borg/trikeshed/net/tls/TLS13Protocol.kt:676:14 Cannot infer type for this parameter. Specify it explicitly.
e: file:///Users/jim/work/v2superbikeshed/Trikeshed/src/commonMain/kotlin/borg/trikeshed/net/tls/TLS13Protocol.kt:676:14 Unresolved reference. None of the following candidates is applicable because of a receiver type mismatch:
fun <T> Join<Int, Function1<Int, Join<Any?, TypeMemento>>>.get(column: Column<T>): T?
e: file:///Users/jim/work/v2superbikeshed/Trikeshed/src/commonMain/kotlin/borg/trikeshed/net/tls/TLS13Protocol.kt:684:34 Cannot infer type for this parameter. Specify it explicitly.
e: file:///Users/jim/work/v2superbikeshed/Trikeshed/src/commonMain/kotlin/borg/trikeshed/net/tls/TLS13Protocol.kt:684:34 Unresolved reference. None of the following candidates is applicable because of a receiver type mismatch:
fun <T> Join<Int, Function1<Int, Join<Any?, TypeMemento>>>.get(column: Column<T>): T?
e: file:///Users/jim/work/v2superbikeshed/Trikeshed/src/commonMain/kotlin/borg/trikeshed/net/tls/TLS13Protocol.kt:685:31 Cannot infer type for this parameter. Specify it explicitly.
e: file:///Users/jim/work/v2superbikeshed/Trikeshed/src/commonMain/kotlin/borg/trikeshed/net/tls/TLS13Protocol.kt:685:31 Unresolved reference. None of the following candidates is applicable because of a receiver type mismatch:
fun <T> Join<Int, Function1<Int, Join<Any?, TypeMemento>>>.get(column: Column<T>): T?
e: file:///Users/jim/work/v2superbikeshed/Trikeshed/src/commonMain/kotlin/borg/trikeshed/net/tls/TLS13Protocol.kt:692:20 Cannot infer type for this parameter. Specify it explicitly.
e: file:///Users/jim/work/v2superbikeshed/Trikeshed/src/commonMain/kotlin/borg/trikeshed/net/tls/TLS13Protocol.kt:692:20 Unresolved reference. None of the following candidates is applicable because of a receiver type mismatch:
fun <T> Join<Int, Function1<Int, Join<Any?, TypeMemento>>>.get(column: Column<T>): T?
e: file:///Users/jim/work/v2superbikeshed/Trikeshed/src/commonMain/kotlin/borg/trikeshed/net/tls/TLS13Protocol.kt:693:18 Cannot infer type for this parameter. Specify it explicitly.
e: file:///Users/jim/work/v2superbikeshed/Trikeshed/src/commonMain/kotlin/borg/trikeshed/net/tls/TLS13Protocol.kt:693:18 Unresolved reference. None of the following candidates is applicable because of a receiver type mismatch:
fun <T> Join<Int, Function1<Int, Join<Any?, TypeMemento>>>.get(column: Column<T>): T?
e: file:///Users/jim/work/v2superbikeshed/Trikeshed/src/commonMain/kotlin/borg/trikeshed/net/tls/TLS13Protocol.kt:697:31 Cannot infer type for this parameter. Specify it explicitly.
e: file:///Users/jim/work/v2superbikeshed/Trikeshed/src/commonMain/kotlin/borg/trikeshed/net/tls/TLS13Protocol.kt:697:31 Unresolved reference. None of the following candidates is applicable because of a receiver type mismatch:
fun <T> Join<Int, Function1<Int, Join<Any?, TypeMemento>>>.get(column: Column<T>): T?
e: file:///Users/jim/work/v2superbikeshed/Trikeshed/src/commonMain/kotlin/borg/trikeshed/net/tls/TLS13Protocol.kt:698:28 Cannot infer type for this parameter. Specify it explicitly.
e: file:///Users/jim/work/v2superbikeshed/Trikeshed/src/commonMain/kotlin/borg/trikeshed/net/tls/TLS13Protocol.kt:698:28 Unresolved reference. None of the following candidates is applicable because of a receiver type mismatch:
fun <T> Join<Int, Function1<Int, Join<Any?, TypeMemento>>>.get(column: Column<T>): T?
e: file:///Users/jim/work/v2superbikeshed/Trikeshed/src/commonMain/kotlin/borg/trikeshed/net/tls/TLS13Protocol.kt:705:28 Cannot infer type for this parameter. Specify it explicitly.
e: file:///Users/jim/work/v2superbikeshed/Trikeshed/src/commonMain/kotlin/borg/trikeshed/net/tls/TLS13Protocol.kt:705:28 Unresolved reference. None of the following candidates is applicable because of a receiver type mismatch:
fun <T> Join<Int, Function1<Int, Join<Any?, TypeMemento>>>.get(column: Column<T>): T?
e: file:///Users/jim/work/v2superbikeshed/Trikeshed/src/commonMain/kotlin/borg/trikeshed/net/tls/TLS13Protocol.kt:706:26 Cannot infer type for this parameter. Specify it explicitly.
e: file:///Users/jim/work/v2superbikeshed/Trikeshed/src/commonMain/kotlin/borg/trikeshed/net/tls/TLS13Protocol.kt:706:26 Unresolved reference. None of the following candidates is applicable because of a receiver type mismatch:
fun <T> Join<Int, Function1<Int, Join<Any?, TypeMemento>>>.get(column: Column<T>): T?
e: file:///Users/jim/work/v2superbikeshed/Trikeshed/src/commonMain/kotlin/borg/trikeshed/net/tls/TLS13Protocol.kt:710:47 Cannot infer type for this parameter. Specify it explicitly.
e: file:///Users/jim/work/v2superbikeshed/Trikeshed/src/commonMain/kotlin/borg/trikeshed/net/tls/TLS13Protocol.kt:710:47 Unresolved reference. None of the following candidates is applicable because of a receiver type mismatch:
fun <T> Join<Int, Function1<Int, Join<Any?, TypeMemento>>>.get(column: Column<T>): T?
e: file:///Users/jim/work/v2superbikeshed/Trikeshed/src/commonMain/kotlin/borg/trikeshed/net/tls/TLS13Protocol.kt:711:44 Cannot infer type for this parameter. Specify it explicitly.
e: file:///Users/jim/work/v2superbikeshed/Trikeshed/src/commonMain/kotlin/borg/trikeshed/net/tls/TLS13Protocol.kt:711:44 Unresolved reference. None of the following candidates is applicable because of a receiver type mismatch:
fun <T> Join<Int, Function1<Int, Join<Any?, TypeMemento>>>.get(column: Column<T>): T?
e: file:///Users/jim/work/v2superbikeshed/Trikeshed/src/commonMain/kotlin/borg/trikeshed/net/tls/TLS13Protocol.kt:714:61 Cannot infer type for this parameter. Specify it explicitly.
e: file:///Users/jim/work/v2superbikeshed/Trikeshed/src/commonMain/kotlin/borg/trikeshed/net/tls/TLS13Protocol.kt:714:75 Argument type mismatch: actual type is 'Join<Int, Function1<Int, Join<Any?, TypeMemento>>>', but 'Join<Int, Function1<Int, Byte>>' was expected.
e: file:///Users/jim/work/v2superbikeshed/Trikeshed/src/commonMain/kotlin/borg/trikeshed/net/tls/TLS13Protocol.kt:714:75 Cannot infer type for this parameter. Specify it explicitly.
e: file:///Users/jim/work/v2superbikeshed/Trikeshed/src/commonMain/kotlin/borg/trikeshed/net/tls/TLS13Protocol.kt:714:75 Unresolved reference. None of the following candidates is applicable because of a receiver type mismatch:
fun <T> Join<Int, Function1<Int, Join<Any?, TypeMemento>>>.get(column: Column<T>): T?
e: file:///Users/jim/work/v2superbikeshed/Trikeshed/src/commonMain/kotlin/borg/trikeshed/net/tls/TLS13Protocol.kt:836:32 Argument type mismatch: actual type is 'T? (of fun <T> Join<Int, Function1<Int, Join<Any?, TypeMemento>>>.get)', but 'Byte' was expected.
e: file:///Users/jim/work/v2superbikeshed/Trikeshed/src/commonMain/kotlin/borg/trikeshed/net/tls/TLS13Protocol.kt:836:32 Cannot infer type for this parameter. Specify it explicitly.
e: file:///Users/jim/work/v2superbikeshed/Trikeshed/src/commonMain/kotlin/borg/trikeshed/net/tls/TLS13Protocol.kt:836:32 Unresolved reference. None of the following candidates is applicable because of a receiver type mismatch:
fun <T> Join<Int, Function1<Int, Join<Any?, TypeMemento>>>.get(column: Column<T>): T?
e: file:///Users/jim/work/v2superbikeshed/Trikeshed/src/commonMain/kotlin/borg/trikeshed/net/tls/TLS13Protocol.kt:909:22 Argument type mismatch: actual type is 'T? (of fun <T> Join<Int, Function1<Int, Join<Any?, TypeMemento>>>.get)', but 'Byte' was expected.
e: file:///Users/jim/work/v2superbikeshed/Trikeshed/src/commonMain/kotlin/borg/trikeshed/net/tls/TLS13Protocol.kt:909:22 Cannot infer type for this parameter. Specify it explicitly.
e: file:///Users/jim/work/v2superbikeshed/Trikeshed/src/commonMain/kotlin/borg/trikeshed/net/tls/TLS13Protocol.kt:909:22 Unresolved reference. None of the following candidates is applicable because of a receiver type mismatch:
fun <T> Join<Int, Function1<Int, Join<Any?, TypeMemento>>>.get(column: Column<T>): T?
e: file:///Users/jim/work/v2superbikeshed/Trikeshed/src/commonMain/kotlin/borg/trikeshed/net/tls/TLS13Protocol.kt:916:22 Argument type mismatch: actual type is 'T? (of fun <T> Join<Int, Function1<Int, Join<Any?, TypeMemento>>>.get)', but 'Byte' was expected.
e: file:///Users/jim/work/v2superbikeshed/Trikeshed/src/commonMain/kotlin/borg/trikeshed/net/tls/TLS13Protocol.kt:916:22 Cannot infer type for this parameter. Specify it explicitly.
e: file:///Users/jim/work/v2superbikeshed/Trikeshed/src/commonMain/kotlin/borg/trikeshed/net/tls/TLS13Protocol.kt:916:22 Unresolved reference. None of the following candidates is applicable because of a receiver type mismatch:
fun <T> Join<Int, Function1<Int, Join<Any?, TypeMemento>>>.get(column: Column<T>): T?
e: file:///Users/jim/work/v2superbikeshed/Trikeshed/src/commonMain/kotlin/borg/trikeshed/net/tls/TLS13Protocol.kt:922:27 Cannot infer type for this parameter. Specify it explicitly.
e: file:///Users/jim/work/v2superbikeshed/Trikeshed/src/commonMain/kotlin/borg/trikeshed/net/tls/TLS13Protocol.kt:922:27 Unresolved reference. None of the following candidates is applicable because of a receiver type mismatch:
fun <T> Join<Int, Function1<Int, Join<Any?, TypeMemento>>>.get(column: Column<T>): T?
e: file:///Users/jim/work/v2superbikeshed/Trikeshed/src/commonMain/kotlin/borg/trikeshed/net/tls/TLS13Protocol.kt:922:41 Unresolved reference 'encode'.
e: file:///Users/jim/work/v2superbikeshed/Trikeshed/src/commonMain/kotlin/borg/trikeshed/net/tls/TLS13Protocol.kt:924:39 Argument type mismatch: actual type is 'V? (of fun <K, V> Map<out K, V>.get)', but 'Byte' was expected.
e: file:///Users/jim/work/v2superbikeshed/Trikeshed/src/commonMain/kotlin/borg/trikeshed/net/tls/TLS13Protocol.kt:924:39 Cannot infer type for this parameter. Specify it explicitly.
e: file:///Users/jim/work/v2superbikeshed/Trikeshed/src/commonMain/kotlin/borg/trikeshed/nio/spi/SimpleNioDemo.kt:12:24 Unresolved reference 'JvmNioProvider'.
e: file:///Users/jim/work/v2superbikeshed/Trikeshed/src/commonMain/kotlin/borg/trikeshed/parse/BashBracePacker.kt:24:39 Cannot infer type for this parameter. Specify it explicitly.
e: file:///Users/jim/work/v2superbikeshed/Trikeshed/src/commonMain/kotlin/borg/trikeshed/parse/BashBracePacker.kt:24:39 Unresolved reference. None of the following candidates is applicable because of a receiver type mismatch:
fun <T> Join<Int, Function1<Int, Join<Any?, TypeMemento>>>.get(column: Column<T>): T?
e: file:///Users/jim/work/v2superbikeshed/Trikeshed/src/commonMain/kotlin/borg/trikeshed/parse/Parser.kt:26:33 Cannot infer type for this parameter. Specify it explicitly.
e: file:///Users/jim/work/v2superbikeshed/Trikeshed/src/commonMain/kotlin/borg/trikeshed/parse/Parser.kt:26:33 Unresolved reference. None of the following candidates is applicable because of a receiver type mismatch:
fun <T> Join<Int, Function1<Int, Join<Any?, TypeMemento>>>.get(column: Column<T>): T?
e: file:///Users/jim/work/v2superbikeshed/Trikeshed/src/commonMain/kotlin/borg/trikeshed/parse/Parser.kt:27:31 Unresolved reference 'type'.
e: file:///Users/jim/work/v2superbikeshed/Trikeshed/src/commonMain/kotlin/borg/trikeshed/parse/Parser.kt:28:74 Argument type mismatch: actual type is 'Token?', but 'Token' was expected.
e: file:///Users/jim/work/v2superbikeshed/Trikeshed/src/commonMain/kotlin/borg/trikeshed/parse/Parser.kt:28:74 Unresolved reference. None of the following candidates is applicable because of a receiver type mismatch:
fun <T> Join<Int, Function1<Int, Join<Any?, TypeMemento>>>.get(column: Column<T>): T?
e: file:///Users/jim/work/v2superbikeshed/Trikeshed/src/commonMain/kotlin/borg/trikeshed/parse/Parser.kt:73:33 None of the following candidates is applicable:
fun ByteArray.toIdx(): Join<Int, Function1<Int, Byte>>
fun IntArray.toIdx(): Join<Int, Function1<Int, Int>>
e: file:///Users/jim/work/v2superbikeshed/Trikeshed/src/commonMain/kotlin/borg/trikeshed/parse/Parser.kt:94:29 Cannot infer type for this parameter. Specify it explicitly.
e: file:///Users/jim/work/v2superbikeshed/Trikeshed/src/commonMain/kotlin/borg/trikeshed/parse/Parser.kt:94:29 Unresolved reference. None of the following candidates is applicable because of a receiver type mismatch:
fun <T> Join<Int, Function1<Int, Join<Any?, TypeMemento>>>.get(column: Column<T>): T?
e: file:///Users/jim/work/v2superbikeshed/Trikeshed/src/commonMain/kotlin/borg/trikeshed/parse/Parser.kt:95:27 Unresolved reference 'type'.
e: file:///Users/jim/work/v2superbikeshed/Trikeshed/src/commonMain/kotlin/borg/trikeshed/parse/Parser.kt:96:39 Unresolved reference 'literal'.
e: file:///Users/jim/work/v2superbikeshed/Trikeshed/src/commonMain/kotlin/borg/trikeshed/parse/Parser.kt:96:78 Argument type mismatch: actual type is 'Token?', but 'Token' was expected.
e: file:///Users/jim/work/v2superbikeshed/Trikeshed/src/commonMain/kotlin/borg/trikeshed/parse/Parser.kt:96:78 Unresolved reference. None of the following candidates is applicable because of a receiver type mismatch:
fun <T> Join<Int, Function1<Int, Join<Any?, TypeMemento>>>.get(column: Column<T>): T?
e: file:///Users/jim/work/v2superbikeshed/Trikeshed/src/commonMain/kotlin/borg/trikeshed/parse/Parser.kt:123:69 None of the following candidates is applicable:
fun ByteArray.toIdx(): Join<Int, Function1<Int, Byte>>
fun IntArray.toIdx(): Join<Int, Function1<Int, Int>>
e: file:///Users/jim/work/v2superbikeshed/Trikeshed/src/commonMain/kotlin/borg/trikeshed/parse/Parser.kt:130:69 None of the following candidates is applicable:
fun ByteArray.toIdx(): Join<Int, Function1<Int, Byte>>
fun IntArray.toIdx(): Join<Int, Function1<Int, Int>>
e: file:///Users/jim/work/v2superbikeshed/Trikeshed/src/commonMain/kotlin/borg/trikeshed/parse/Parser.kt:151:66 None of the following candidates is applicable:
fun ByteArray.toIdx(): Join<Int, Function1<Int, Byte>>
fun IntArray.toIdx(): Join<Int, Function1<Int, Int>>
e: file:///Users/jim/work/v2superbikeshed/Trikeshed/src/commonMain/kotlin/borg/trikeshed/parse/Parser.kt:171:30 Overload resolution ambiguity between candidates:
fun <X, C, V : Join<Int, Function1<Int, X>>> V.α(crossinline xform: (X) -> C): Join<Int, Function1<Int, C>>
fun <X, C, V : Join<Int, Function1<Int, X>>> V.α(crossinline xform: (X) -> C): Join<Int, Function1<Int, C>>
e: file:///Users/jim/work/v2superbikeshed/Trikeshed/src/commonMain/kotlin/borg/trikeshed/parse/Parser.kt:171:40 Unresolved reference 'it'.
e: file:///Users/jim/work/v2superbikeshed/Trikeshed/src/commonMain/kotlin/borg/trikeshed/parse/Parser.kt:184:55 None of the following candidates is applicable:
fun ByteArray.toIdx(): Join<Int, Function1<Int, Byte>>
fun IntArray.toIdx(): Join<Int, Function1<Int, Int>>
e: file:///Users/jim/work/v2superbikeshed/Trikeshed/src/commonMain/kotlin/borg/trikeshed/parse/bbcursive/Allocator.kt:5:27 Unresolved reference 'lim'.
e: file:///Users/jim/work/v2superbikeshed/Trikeshed/src/commonMain/kotlin/borg/trikeshed/parse/bbcursive/Allocator.kt:6:27 Unresolved reference 'pos'.
e: file:///Users/jim/work/v2superbikeshed/Trikeshed/src/commonMain/kotlin/borg/trikeshed/parse/bbcursive/Allocator.kt:8:27 Unresolved reference 'duplicate'.
e: file:///Users/jim/work/v2superbikeshed/Trikeshed/src/commonMain/kotlin/borg/trikeshed/parse/bbcursive/Allocator.kt:9:27 Unresolved reference 'put'.
e: file:///Users/jim/work/v2superbikeshed/Trikeshed/src/commonMain/kotlin/borg/trikeshed/parse/bbcursive/Allocator.kt:10:27 Unresolved reference 'rew'.
e: file:///Users/jim/work/v2superbikeshed/Trikeshed/src/commonMain/kotlin/borg/trikeshed/parse/bbcursive/Allocator.kt:23:35 Unresolved reference 'Runtime'.
e: file:///Users/jim/work/v2superbikeshed/Trikeshed/src/commonMain/kotlin/borg/trikeshed/parse/bbcursive/Allocator.kt:26:71 Overload resolution ambiguity between candidates:
fun ByteArray.toIndexed(): Join<Int, Function1<Int, Byte>>
fun <T> Any.toIndexed(): Join<Int, Function1<Int, T>>
fun ByteArray.toIndexed(): Join<Int, Function1<Int, Byte>>
e: file:///Users/jim/work/v2superbikeshed/Trikeshed/src/commonMain/kotlin/borg/trikeshed/parse/bbcursive/Allocator.kt:26:84 Unresolved reference 'ro'.
e: file:///Users/jim/work/v2superbikeshed/Trikeshed/src/commonMain/kotlin/borg/trikeshed/parse/bbcursive/Allocator.kt:43:60 Overload resolution ambiguity between candidates:
fun ByteArray.toIndexed(): Join<Int, Function1<Int, Byte>>
fun <T> Any.toIndexed(): Join<Int, Function1<Int, T>>
fun ByteArray.toIndexed(): Join<Int, Function1<Int, Byte>>
e: file:///Users/jim/work/v2superbikeshed/Trikeshed/src/commonMain/kotlin/borg/trikeshed/parse/bbcursive/Allocator.kt:43:73 Unresolved reference 'lim'.
e: file:///Users/jim/work/v2superbikeshed/Trikeshed/src/commonMain/kotlin/borg/trikeshed/parse/bbcursive/Allocator.kt:46:17 Unresolved reference 'System'.
e: file:///Users/jim/work/v2superbikeshed/Trikeshed/src/commonMain/kotlin/borg/trikeshed/parse/bbcursive/Allocator.kt:50:24 Unresolved reference 'Math'.
e: file:///Users/jim/work/v2superbikeshed/Trikeshed/src/commonMain/kotlin/borg/trikeshed/parse/bbcursive/Allocator.kt:51:17 Unresolved reference 'System'.
e: file:///Users/jim/work/v2superbikeshed/Trikeshed/src/commonMain/kotlin/borg/trikeshed/parse/bbcursive/Allocator.kt:53:24 Unresolved reference 'Math'.
e: file:///Users/jim/work/v2superbikeshed/Trikeshed/src/commonMain/kotlin/borg/trikeshed/parse/bbcursive/Allocator.kt:54:17 Unresolved reference 'System'.
e: file:///Users/jim/work/v2superbikeshed/Trikeshed/src/commonMain/kotlin/borg/trikeshed/parse/bbcursive/Allocator.kt:69:60 Overload resolution ambiguity between candidates:
fun ByteArray.toIndexed(): Join<Int, Function1<Int, Byte>>
fun <T> Any.toIndexed(): Join<Int, Function1<Int, T>>
fun ByteArray.toIndexed(): Join<Int, Function1<Int, Byte>>
e: file:///Users/jim/work/v2superbikeshed/Trikeshed/src/commonMain/kotlin/borg/trikeshed/parse/bbcursive/Allocator.kt:69:73 Unresolved reference 'lim'.
e: file:///Users/jim/work/v2superbikeshed/Trikeshed/src/commonMain/kotlin/borg/trikeshed/parse/bbcursive/Allocator.kt:72:17 Unresolved reference 'System'.
e: file:///Users/jim/work/v2superbikeshed/Trikeshed/src/commonMain/kotlin/borg/trikeshed/parse/bbcursive/Allocator.kt:76:24 Unresolved reference 'Math'.
e: file:///Users/jim/work/v2superbikeshed/Trikeshed/src/commonMain/kotlin/borg/trikeshed/parse/bbcursive/Allocator.kt:77:17 Unresolved reference 'System'.
e: file:///Users/jim/work/v2superbikeshed/Trikeshed/src/commonMain/kotlin/borg/trikeshed/parse/bbcursive/Allocator.kt:79:24 Unresolved reference 'Math'.
e: file:///Users/jim/work/v2superbikeshed/Trikeshed/src/commonMain/kotlin/borg/trikeshed/parse/bbcursive/Allocator.kt:80:17 Unresolved reference 'System'.
e: file:///Users/jim/work/v2superbikeshed/Trikeshed/src/commonMain/kotlin/borg/trikeshed/parse/bbcursive/Allocator.kt:92:38 No value passed for parameter 'range'.
e: file:///Users/jim/work/v2superbikeshed/Trikeshed/src/commonMain/kotlin/borg/trikeshed/parse/bbcursive/Allocator.kt:92:41 Unresolved reference 'lim'.
e: file:///Users/jim/work/v2superbikeshed/Trikeshed/src/commonMain/kotlin/borg/trikeshed/parse/bbcursive/Cursive.kt:6:27 Unresolved reference 'pos'.
e: file:///Users/jim/work/v2superbikeshed/Trikeshed/src/commonMain/kotlin/borg/trikeshed/parse/bbcursive/Cursive.kt:7:27 Unresolved reference 'rem'.
e: file:///Users/jim/work/v2superbikeshed/Trikeshed/src/commonMain/kotlin/borg/trikeshed/parse/bbcursive/Cursive.kt:8:27 Unresolved reference 'rew'.
e: file:///Users/jim/work/v2superbikeshed/Trikeshed/src/commonMain/kotlin/borg/trikeshed/parse/bbcursive/Cursive.kt:15:1 Functional interface must have exactly one abstract function.
e: file:///Users/jim/work/v2superbikeshed/Trikeshed/src/commonMain/kotlin/borg/trikeshed/parse/bbcursive/Cursive.kt:15:25 Unresolved reference 'UnaryOperator'.
e: file:///Users/jim/work/v2superbikeshed/Trikeshed/src/commonMain/kotlin/borg/trikeshed/parse/bbcursive/Cursive.kt:18:13 'invoke' overrides nothing.
e: file:///Users/jim/work/v2superbikeshed/Trikeshed/src/commonMain/kotlin/borg/trikeshed/parse/bbcursive/Cursive.kt:18:88 Unresolved reference 'duplicate'.
e: file:///Users/jim/work/v2superbikeshed/Trikeshed/src/commonMain/kotlin/borg/trikeshed/parse/bbcursive/Cursive.kt:21:13 'invoke' overrides nothing.
e: file:///Users/jim/work/v2superbikeshed/Trikeshed/src/commonMain/kotlin/borg/trikeshed/parse/bbcursive/Cursive.kt:24:13 'invoke' overrides nothing.
e: file:///Users/jim/work/v2superbikeshed/Trikeshed/src/commonMain/kotlin/borg/trikeshed/parse/bbcursive/Cursive.kt:24:88 None of the following candidates is applicable:
fun <T> Array<out T>.slice(indices: IntRange): List<T>
fun ByteArray.slice(indices: IntRange): List<Byte>
fun ShortArray.slice(indices: IntRange): List<Short>
fun IntArray.slice(indices: IntRange): List<Int>
fun LongArray.slice(indices: IntRange): List<Long>
fun FloatArray.slice(indices: IntRange): List<Float>
fun DoubleArray.slice(indices: IntRange): List<Double>
fun BooleanArray.slice(indices: IntRange): List<Boolean>
fun CharArray.slice(indices: IntRange): List<Char>
fun <T> Array<out T>.slice(indices: Iterable<Int>): List<T>
fun ByteArray.slice(indices: Iterable<Int>): List<Byte>
fun ShortArray.slice(indices: Iterable<Int>): List<Short>
fun IntArray.slice(indices: Iterable<Int>): List<Int>
fun LongArray.slice(indices: Iterable<Int>): List<Long>
fun FloatArray.slice(indices: Iterable<Int>): List<Float>
fun DoubleArray.slice(indices: Iterable<Int>): List<Double>
fun BooleanArray.slice(indices: Iterable<Int>): List<Boolean>
fun CharArray.slice(indices: Iterable<Int>): List<Char>
fun <T> List<T>.slice(indices: IntRange): List<T>
fun <T> List<T>.slice(indices: Iterable<Int>): List<T>
fun UIntArray.slice(indices: IntRange): List<UInt>
fun ULongArray.slice(indices: IntRange): List<ULong>
fun UByteArray.slice(indices: IntRange): List<UByte>
fun UShortArray.slice(indices: IntRange): List<UShort>
fun UIntArray.slice(indices: Iterable<Int>): List<UInt>
fun ULongArray.slice(indices: Iterable<Int>): List<ULong>
fun UByteArray.slice(indices: Iterable<Int>): List<UByte>
fun UShortArray.slice(indices: Iterable<Int>): List<UShort>
fun CharSequence.slice(indices: IntRange): CharSequence
fun String.slice(indices: IntRange): String
fun CharSequence.slice(indices: Iterable<Int>): CharSequence
fun String.slice(indices: Iterable<Int>): String
e: file:///Users/jim/work/v2superbikeshed/Trikeshed/src/commonMain/kotlin/borg/trikeshed/parse/bbcursive/Cursive.kt:27:13 'invoke' overrides nothing.
e: file:///Users/jim/work/v2superbikeshed/Trikeshed/src/commonMain/kotlin/borg/trikeshed/parse/bbcursive/Cursive.kt:30:13 'invoke' overrides nothing.
e: file:///Users/jim/work/v2superbikeshed/Trikeshed/src/commonMain/kotlin/borg/trikeshed/parse/bbcursive/Cursive.kt:30:88 Cannot infer type for this parameter. Specify it explicitly.
e: file:///Users/jim/work/v2superbikeshed/Trikeshed/src/commonMain/kotlin/borg/trikeshed/parse/bbcursive/Cursive.kt:30:91 No value passed for parameter 'value'.
e: file:///Users/jim/work/v2superbikeshed/Trikeshed/src/commonMain/kotlin/borg/trikeshed/parse/bbcursive/Cursive.kt:36:13 'invoke' overrides nothing.
e: file:///Users/jim/work/v2superbikeshed/Trikeshed/src/commonMain/kotlin/borg/trikeshed/parse/bbcursive/Cursive.kt:36:88 Cannot infer type for this parameter. Specify it explicitly.
e: file:///Users/jim/work/v2superbikeshed/Trikeshed/src/commonMain/kotlin/borg/trikeshed/parse/bbcursive/Cursive.kt:36:91 No value passed for parameter 'value'.
e: file:///Users/jim/work/v2superbikeshed/Trikeshed/src/commonMain/kotlin/borg/trikeshed/parse/bbcursive/Cursive.kt:42:13 'invoke' overrides nothing.
e: file:///Users/jim/work/v2superbikeshed/Trikeshed/src/commonMain/kotlin/borg/trikeshed/parse/bbcursive/Cursive.kt:43:17 Unresolved reference 'System'.
e: file:///Users/jim/work/v2superbikeshed/Trikeshed/src/commonMain/kotlin/borg/trikeshed/parse/bbcursive/Cursive.kt:48:13 'invoke' overrides nothing.
e: file:///Users/jim/work/v2superbikeshed/Trikeshed/src/commonMain/kotlin/borg/trikeshed/parse/bbcursive/Cursive.kt:48:88 Unresolved reference 'ro'.
e: file:///Users/jim/work/v2superbikeshed/Trikeshed/src/commonMain/kotlin/borg/trikeshed/parse/bbcursive/Cursive.kt:57:13 'invoke' overrides nothing.
e: file:///Users/jim/work/v2superbikeshed/Trikeshed/src/commonMain/kotlin/borg/trikeshed/parse/bbcursive/Cursive.kt:59:54 Cannot infer type for this parameter. Specify it explicitly.
e: file:///Users/jim/work/v2superbikeshed/Trikeshed/src/commonMain/kotlin/borg/trikeshed/parse/bbcursive/Cursive.kt:59:57 No value passed for parameter 'column'.
e: file:///Users/jim/work/v2superbikeshed/Trikeshed/src/commonMain/kotlin/borg/trikeshed/parse/bbcursive/Cursive.kt:64:28 Suspend function 'suspend fun bb(b: ByteIndexedBuffer, vararg ops: ERROR CLASS: Symbol not found for UnaryOperator): ByteIndexedBuffer?' can only be called from a coroutine or another suspend function.
e: file:///Users/jim/work/v2superbikeshed/Trikeshed/src/commonMain/kotlin/borg/trikeshed/parse/bbcursive/Cursive.kt:68:13 'invoke' overrides nothing.
e: file:///Users/jim/work/v2superbikeshed/Trikeshed/src/commonMain/kotlin/borg/trikeshed/parse/bbcursive/Cursive.kt:71:13 'invoke' overrides nothing.
e: file:///Users/jim/work/v2superbikeshed/Trikeshed/src/commonMain/kotlin/borg/trikeshed/parse/bbcursive/Cursive.kt:72:55 Cannot infer type for this parameter. Specify it explicitly.
e: file:///Users/jim/work/v2superbikeshed/Trikeshed/src/commonMain/kotlin/borg/trikeshed/parse/bbcursive/Cursive.kt:72:58 No value passed for parameter 'column'.
e: file:///Users/jim/work/v2superbikeshed/Trikeshed/src/commonMain/kotlin/borg/trikeshed/parse/bbcursive/Cursive.kt:81:13 'invoke' overrides nothing.
e: file:///Users/jim/work/v2superbikeshed/Trikeshed/src/commonMain/kotlin/borg/trikeshed/parse/bbcursive/Cursive.kt:82:62 Cannot infer type for this parameter. Specify it explicitly.
e: file:///Users/jim/work/v2superbikeshed/Trikeshed/src/commonMain/kotlin/borg/trikeshed/parse/bbcursive/Cursive.kt:82:65 No value passed for parameter 'column'.
e: file:///Users/jim/work/v2superbikeshed/Trikeshed/src/commonMain/kotlin/borg/trikeshed/parse/bbcursive/Cursive.kt:91:13 'invoke' overrides nothing.
e: file:///Users/jim/work/v2superbikeshed/Trikeshed/src/commonMain/kotlin/borg/trikeshed/parse/bbcursive/Cursive.kt:92:62 Cannot infer type for this parameter. Specify it explicitly.
e: file:///Users/jim/work/v2superbikeshed/Trikeshed/src/commonMain/kotlin/borg/trikeshed/parse/bbcursive/Cursive.kt:92:65 No value passed for parameter 'column'.
e: file:///Users/jim/work/v2superbikeshed/Trikeshed/src/commonMain/kotlin/borg/trikeshed/parse/bbcursive/Cursive.kt:97:13 'invoke' overrides nothing.
e: file:///Users/jim/work/v2superbikeshed/Trikeshed/src/commonMain/kotlin/borg/trikeshed/parse/bbcursive/Cursive.kt:103:13 'invoke' overrides nothing.
e: file:///Users/jim/work/v2superbikeshed/Trikeshed/src/commonMain/kotlin/borg/trikeshed/parse/bbcursive/Cursive.kt:109:13 'invoke' overrides nothing.
e: file:///Users/jim/work/v2superbikeshed/Trikeshed/src/commonMain/kotlin/borg/trikeshed/parse/bbcursive/Cursive.kt:116:13 'invoke' overrides nothing.
e: file:///Users/jim/work/v2superbikeshed/Trikeshed/src/commonMain/kotlin/borg/trikeshed/parse/bbcursive/Cursive.kt:119:13 'invoke' overrides nothing.
e: file:///Users/jim/work/v2superbikeshed/Trikeshed/src/commonMain/kotlin/borg/trikeshed/parse/bbcursive/Cursive.kt:120:47 Unresolved reference 'Character'.
e: file:///Users/jim/work/v2superbikeshed/Trikeshed/src/commonMain/kotlin/borg/trikeshed/parse/bbcursive/Cursive.kt:120:72 Cannot infer type for this parameter. Specify it explicitly.
e: file:///Users/jim/work/v2superbikeshed/Trikeshed/src/commonMain/kotlin/borg/trikeshed/parse/bbcursive/Cursive.kt:120:75 No value passed for parameter 'column'.
e: file:///Users/jim/work/v2superbikeshed/Trikeshed/src/commonMain/kotlin/borg/trikeshed/parse/bbcursive/Cursive.kt:129:13 'invoke' overrides nothing.
e: file:///Users/jim/work/v2superbikeshed/Trikeshed/src/commonMain/kotlin/borg/trikeshed/parse/bbcursive/Cursive.kt:129:88 Unresolved reference 'compact'.
e: file:///Users/jim/work/v2superbikeshed/Trikeshed/src/commonMain/kotlin/borg/trikeshed/parse/bbcursive/Cursive.kt:132:13 'invoke' overrides nothing.
e: file:///Users/jim/work/v2superbikeshed/Trikeshed/src/commonMain/kotlin/borg/trikeshed/parse/bbcursive/Cursive.kt:132:88 Cannot infer type for this parameter. Specify it explicitly.
e: file:///Users/jim/work/v2superbikeshed/Trikeshed/src/commonMain/kotlin/borg/trikeshed/parse/bbcursive/Cursive.kt:132:91 No value passed for parameter 'value'.
e: file:///Users/jim/work/v2superbikeshed/Trikeshed/src/commonMain/kotlin/borg/trikeshed/parse/bbcursive/Cursive.kt:135:13 'invoke' overrides nothing.
e: file:///Users/jim/work/v2superbikeshed/Trikeshed/src/commonMain/kotlin/borg/trikeshed/parse/bbcursive/Cursive.kt:135:88 Cannot infer type for this parameter. Specify it explicitly.
e: file:///Users/jim/work/v2superbikeshed/Trikeshed/src/commonMain/kotlin/borg/trikeshed/parse/bbcursive/Cursive.kt:135:91 No value passed for parameter 'value'.
e: file:///Users/jim/work/v2superbikeshed/Trikeshed/src/commonMain/kotlin/borg/trikeshed/parse/bbcursive/Cursive.kt:138:13 'invoke' overrides nothing.
e: file:///Users/jim/work/v2superbikeshed/Trikeshed/src/commonMain/kotlin/borg/trikeshed/parse/bbcursive/Cursive.kt:141:13 'invoke' overrides nothing.
e: file:///Users/jim/work/v2superbikeshed/Trikeshed/src/commonMain/kotlin/borg/trikeshed/parse/bbcursive/Cursive.kt:144:13 'invoke' overrides nothing.
e: file:///Users/jim/work/v2superbikeshed/Trikeshed/src/commonMain/kotlin/borg/trikeshed/parse/bbcursive/Cursive.kt:144:88 Unresolved reference 'ro'.
e: file:///Users/jim/work/v2superbikeshed/Trikeshed/src/commonMain/kotlin/borg/trikeshed/parse/bbcursive/Cursive.kt:150:13 'invoke' overrides nothing.
e: file:///Users/jim/work/v2superbikeshed/Trikeshed/src/commonMain/kotlin/borg/trikeshed/parse/bbcursive/Cursive.kt:152:28 Unresolved reference 'put'.
e: file:///Users/jim/work/v2superbikeshed/Trikeshed/src/commonMain/kotlin/borg/trikeshed/parse/bbcursive/Cursive.kt:161:13 'invoke' overrides nothing.
e: file:///Users/jim/work/v2superbikeshed/Trikeshed/src/commonMain/kotlin/borg/trikeshed/parse/bbcursive/Cursive.kt:165:28 Unresolved reference 'put'.
e: file:///Users/jim/work/v2superbikeshed/Trikeshed/src/commonMain/kotlin/borg/trikeshed/parse/bbcursive/lib/Int.kt:3:8 Unresolved reference 'java'.
e: file:///Users/jim/work/v2superbikeshed/Trikeshed/src/commonMain/kotlin/borg/trikeshed/parse/bbcursive/lib/Int.kt:9:21 Unresolved reference 'ByteBuffer'.
e: file:///Users/jim/work/v2superbikeshed/Trikeshed/src/commonMain/kotlin/borg/trikeshed/parse/bbcursive/lib/Int.kt:14:15 Unresolved reference 'hasRemaining'.
e: file:///Users/jim/work/v2superbikeshed/Trikeshed/src/commonMain/kotlin/borg/trikeshed/parse/bbcursive/lib/Int.kt:15:26 No value passed for parameter 'name'.
e: file:///Users/jim/work/v2superbikeshed/Trikeshed/src/commonMain/kotlin/borg/trikeshed/parse/bbcursive/lib/Int.kt:15:29 None of the following candidates is applicable:
fun String.toInt(): Int
fun String.toInt(radix: Int): Int
fun Iterable<RegexOption>.toInt(): Int
e: file:///Users/jim/work/v2superbikeshed/Trikeshed/src/commonMain/kotlin/borg/trikeshed/parse/bbcursive/lib/Int.kt:28:22 Unresolved reference 'hasRemaining'.
e: file:///Users/jim/work/v2superbikeshed/Trikeshed/src/commonMain/kotlin/borg/trikeshed/parse/bbcursive/lib/Int.kt:29:26 No value passed for parameter 'name'.
e: file:///Users/jim/work/v2superbikeshed/Trikeshed/src/commonMain/kotlin/borg/trikeshed/parse/bbcursive/lib/Int.kt:29:29 None of the following candidates is applicable:
fun String.toInt(): Int
fun String.toInt(radix: Int): Int
fun Iterable<RegexOption>.toInt(): Int
e: file:///Users/jim/work/v2superbikeshed/Trikeshed/src/commonMain/kotlin/borg/trikeshed/parse/bbcursive/lib/Int.kt:45:19 Assignment type mismatch: actual type is 'kotlin.Int', but 'borg.trikeshed.parse.bbcursive.lib.Int?' was expected.
e: file:///Users/jim/work/v2superbikeshed/Trikeshed/src/commonMain/kotlin/borg/trikeshed/parse/bbcursive/lib/Int.kt:92:19 Assignment type mismatch: actual type is 'kotlin.Int', but 'borg.trikeshed.parse.bbcursive.lib.Int?' was expected.
e: file:///Users/jim/work/v2superbikeshed/Trikeshed/src/commonMain/kotlin/borg/trikeshed/parse/bbcursive/lib/abort.kt:3:23 Unresolved reference 'std'.
e: file:///Users/jim/work/v2superbikeshed/Trikeshed/src/commonMain/kotlin/borg/trikeshed/parse/bbcursive/lib/abort.kt:5:8 Unresolved reference 'java'.
e: file:///Users/jim/work/v2superbikeshed/Trikeshed/src/commonMain/kotlin/borg/trikeshed/parse/bbcursive/lib/abort.kt:6:8 Unresolved reference 'java'.
e: file:///Users/jim/work/v2superbikeshed/Trikeshed/src/commonMain/kotlin/borg/trikeshed/parse/bbcursive/lib/abort.kt:12:39 Unresolved reference 'UnaryOperator'.
e: file:///Users/jim/work/v2superbikeshed/Trikeshed/src/commonMain/kotlin/borg/trikeshed/parse/bbcursive/lib/abort.kt:12:53 Unresolved reference 'ByteBuffer'.
e: file:///Users/jim/work/v2superbikeshed/Trikeshed/src/commonMain/kotlin/borg/trikeshed/parse/bbcursive/lib/abort.kt:13:16 Unresolved reference 'UnaryOperator'.
e: file:///Users/jim/work/v2superbikeshed/Trikeshed/src/commonMain/kotlin/borg/trikeshed/parse/bbcursive/lib/abort.kt:13:30 Unresolved reference 'ByteBuffer'.
e: file:///Users/jim/work/v2superbikeshed/Trikeshed/src/commonMain/kotlin/borg/trikeshed/parse/bbcursive/lib/abort.kt:13:44 Cannot infer type for this parameter. Specify it explicitly.
e: file:///Users/jim/work/v2superbikeshed/Trikeshed/src/commonMain/kotlin/borg/trikeshed/parse/bbcursive/lib/abort.kt:13:71 Unresolved reference 'std'.
e: file:///Users/jim/work/v2superbikeshed/Trikeshed/src/commonMain/kotlin/borg/trikeshed/parse/bbcursive/lib/advance.kt:3:8 Unresolved reference 'java'.
e: file:///Users/jim/work/v2superbikeshed/Trikeshed/src/commonMain/kotlin/borg/trikeshed/parse/bbcursive/lib/advance.kt:4:8 Unresolved reference 'java'.
e: file:///Users/jim/work/v2superbikeshed/Trikeshed/src/commonMain/kotlin/borg/trikeshed/parse/bbcursive/lib/advance.kt:16:48 Unresolved reference 'UnaryOperator'.
e: file:///Users/jim/work/v2superbikeshed/Trikeshed/src/commonMain/kotlin/borg/trikeshed/parse/bbcursive/lib/advance.kt:16:62 Unresolved reference 'ByteBuffer'.
e: file:///Users/jim/work/v2superbikeshed/Trikeshed/src/commonMain/kotlin/borg/trikeshed/parse/bbcursive/lib/advance.kt:18:25 Unresolved reference 'UnaryOperator'.
e: file:///Users/jim/work/v2superbikeshed/Trikeshed/src/commonMain/kotlin/borg/trikeshed/parse/bbcursive/lib/advance.kt:18:39 Unresolved reference 'ByteBuffer'.
e: file:///Users/jim/work/v2superbikeshed/Trikeshed/src/commonMain/kotlin/borg/trikeshed/parse/bbcursive/lib/advance.kt:22:13 'toString' overrides nothing.
e: file:///Users/jim/work/v2superbikeshed/Trikeshed/src/commonMain/kotlin/borg/trikeshed/parse/bbcursive/lib/advance.kt:28:38 'fun String(chars: CharArray): String' is deprecated. Use CharArray.concatToString() instead.
e: file:///Users/jim/work/v2superbikeshed/Trikeshed/src/commonMain/kotlin/borg/trikeshed/parse/bbcursive/lib/advance.kt:28:51 None of the following candidates is applicable:
fun Array<out Byte>.toByteArray(): ByteArray
fun Collection<Byte>.toByteArray(): ByteArray
fun UByteArray.toByteArray(): ByteArray
fun ImmutableBlob.toByteArray(startIndex: Int = ..., endIndex: Int = ...): ByteArray
e: file:///Users/jim/work/v2superbikeshed/Trikeshed/src/commonMain/kotlin/borg/trikeshed/parse/bbcursive/lib/advance.kt:31:13 'apply' overrides nothing.
e: file:///Users/jim/work/v2superbikeshed/Trikeshed/src/commonMain/kotlin/borg/trikeshed/parse/bbcursive/lib/advance.kt:31:40 Unresolved reference 'ByteBuffer'.
e: file:///Users/jim/work/v2superbikeshed/Trikeshed/src/commonMain/kotlin/borg/trikeshed/parse/bbcursive/lib/advance.kt:31:53 Unresolved reference 'ByteBuffer'.
e: file:///Users/jim/work/v2superbikeshed/Trikeshed/src/commonMain/kotlin/borg/trikeshed/parse/bbcursive/lib/advance.kt:33:31 Unresolved reference 'hasRemaining'.
e: file:///Users/jim/work/v2superbikeshed/Trikeshed/src/commonMain/kotlin/borg/trikeshed/parse/bbcursive/lib/advance.kt:33:70 Operator '==' cannot be applied to 'Byte' and 'MatchGroup?'.
e: file:///Users/jim/work/v2superbikeshed/Trikeshed/src/commonMain/kotlin/borg/trikeshed/parse/bbcursive/lib/advance.kt:33:95 No value passed for parameter 'name'.
e: file:///Users/jim/work/v2superbikeshed/Trikeshed/src/commonMain/kotlin/borg/trikeshed/parse/bbcursive/lib/allOf_.kt:3:23 Unresolved reference 'std'.
e: file:///Users/jim/work/v2superbikeshed/Trikeshed/src/commonMain/kotlin/borg/trikeshed/parse/bbcursive/lib/allOf_.kt:5:8 Unresolved reference 'java'.
e: file:///Users/jim/work/v2superbikeshed/Trikeshed/src/commonMain/kotlin/borg/trikeshed/parse/bbcursive/lib/allOf_.kt:6:8 Unresolved reference 'java'.
e: file:///Users/jim/work/v2superbikeshed/Trikeshed/src/commonMain/kotlin/borg/trikeshed/parse/bbcursive/lib/allOf_.kt:7:8 Unresolved reference 'java'.
e: file:///Users/jim/work/v2superbikeshed/Trikeshed/src/commonMain/kotlin/borg/trikeshed/parse/bbcursive/lib/allOf_.kt:20:29 Unresolved reference 'UnaryOperator'.
e: file:///Users/jim/work/v2superbikeshed/Trikeshed/src/commonMain/kotlin/borg/trikeshed/parse/bbcursive/lib/allOf_.kt:20:43 Unresolved reference 'ByteBuffer'.
e: file:///Users/jim/work/v2superbikeshed/Trikeshed/src/commonMain/kotlin/borg/trikeshed/parse/bbcursive/lib/allOf_.kt:20:57 Unresolved reference 'UnaryOperator'.
e: file:///Users/jim/work/v2superbikeshed/Trikeshed/src/commonMain/kotlin/borg/trikeshed/parse/bbcursive/lib/allOf_.kt:20:71 Unresolved reference 'ByteBuffer'.
e: file:///Users/jim/work/v2superbikeshed/Trikeshed/src/commonMain/kotlin/borg/trikeshed/parse/bbcursive/lib/allOf_.kt:21:25 Unresolved reference 'UnaryOperator'.
e: file:///Users/jim/work/v2superbikeshed/Trikeshed/src/commonMain/kotlin/borg/trikeshed/parse/bbcursive/lib/allOf_.kt:21:39 Unresolved reference 'ByteBuffer'.
e: file:///Users/jim/work/v2superbikeshed/Trikeshed/src/commonMain/kotlin/borg/trikeshed/parse/bbcursive/lib/allOf_.kt:22:13 'toString' overrides nothing.
e: file:///Users/jim/work/v2superbikeshed/Trikeshed/src/commonMain/kotlin/borg/trikeshed/parse/bbcursive/lib/allOf_.kt:23:32 Unresolved reference 'Arrays'.
e: file:///Users/jim/work/v2superbikeshed/Trikeshed/src/commonMain/kotlin/borg/trikeshed/parse/bbcursive/lib/allOf_.kt:26:13 'apply' overrides nothing.
e: file:///Users/jim/work/v2superbikeshed/Trikeshed/src/commonMain/kotlin/borg/trikeshed/parse/bbcursive/lib/allOf_.kt:26:40 Unresolved reference 'ByteBuffer'.
e: file:///Users/jim/work/v2superbikeshed/Trikeshed/src/commonMain/kotlin/borg/trikeshed/parse/bbcursive/lib/allOf_.kt:26:53 Unresolved reference 'ByteBuffer'.
e: file:///Users/jim/work/v2superbikeshed/Trikeshed/src/commonMain/kotlin/borg/trikeshed/parse/bbcursive/lib/allOf_.kt:27:24 Unresolved reference 'std'.
e: file:///Users/jim/work/v2superbikeshed/Trikeshed/src/commonMain/kotlin/borg/trikeshed/parse/bbcursive/lib/anyOf_.kt:7:39 Unresolved reference 'ParseResult'.
e: file:///Users/jim/work/v2superbikeshed/Trikeshed/src/commonMain/kotlin/borg/trikeshed/parse/bbcursive/lib/anyOf_.kt:8:39 Unresolved reference 'SessionContext'.
e: file:///Users/jim/work/v2superbikeshed/Trikeshed/src/commonMain/kotlin/borg/trikeshed/parse/bbcursive/lib/anyOf_.kt:9:39 Unresolved reference 'Traits'.
e: file:///Users/jim/work/v2superbikeshed/Trikeshed/src/commonMain/kotlin/borg/trikeshed/parse/bbcursive/lib/anyOf_.kt:10:39 Unresolved reference 'UnaryOperator'.
e: file:///Users/jim/work/v2superbikeshed/Trikeshed/src/commonMain/kotlin/borg/trikeshed/parse/bbcursive/lib/anyOf_.kt:14:15 Unresolved reference 'streams'.
e: file:///Users/jim/work/v2superbikeshed/Trikeshed/src/commonMain/kotlin/borg/trikeshed/parse/bbcursive/lib/anyOf_.kt:21:26 Unresolved reference 'Traits'.
e: file:///Users/jim/work/v2superbikeshed/Trikeshed/src/commonMain/kotlin/borg/trikeshed/parse/bbcursive/lib/anyOf_.kt:21:36 Cannot infer type for this parameter. Specify it explicitly.
e: file:///Users/jim/work/v2superbikeshed/Trikeshed/src/commonMain/kotlin/borg/trikeshed/parse/bbcursive/lib/anyOf_.kt:23:41 Unresolved reference 'UnaryOperator'.
e: file:///Users/jim/work/v2superbikeshed/Trikeshed/src/commonMain/kotlin/borg/trikeshed/parse/bbcursive/lib/anyOf_.kt:23:76 Unresolved reference 'UnaryOperator'.
e: file:///Users/jim/work/v2superbikeshed/Trikeshed/src/commonMain/kotlin/borg/trikeshed/parse/bbcursive/lib/anyOf_.kt:26:29 Unresolved reference 'UnaryOperator'.
e: file:///Users/jim/work/v2superbikeshed/Trikeshed/src/commonMain/kotlin/borg/trikeshed/parse/bbcursive/lib/anyOf_.kt:28:17 'invoke' overrides nothing.
e: file:///Users/jim/work/v2superbikeshed/Trikeshed/src/commonMain/kotlin/borg/trikeshed/parse/bbcursive/lib/anyOf_.kt:29:59 Unresolved reference 'SessionContext'.
e: file:///Users/jim/work/v2superbikeshed/Trikeshed/src/commonMain/kotlin/borg/trikeshed/parse/bbcursive/lib/anyOf_.kt:33:40 Unresolved reference 'flags'.
e: file:///Users/jim/work/v2superbikeshed/Trikeshed/src/commonMain/kotlin/borg/trikeshed/parse/bbcursive/lib/anyOf_.kt:33:55 Unresolved reference 'Traits'.
e: file:///Users/jim/work/v2superbikeshed/Trikeshed/src/commonMain/kotlin/borg/trikeshed/parse/bbcursive/lib/anyOf_.kt:34:56 Cannot infer type for this parameter. Specify it explicitly.
e: file:///Users/jim/work/v2superbikeshed/Trikeshed/src/commonMain/kotlin/borg/trikeshed/parse/bbcursive/lib/anyOf_.kt:34:56 Unresolved reference. None of the following candidates is applicable because of a receiver type mismatch:
fun <T, R> DeepRecursiveFunction<T, R>.invoke(value: T): R
e: file:///Users/jim/work/v2superbikeshed/Trikeshed/src/commonMain/kotlin/borg/trikeshed/parse/bbcursive/lib/anyOf_.kt:51:29 Class '<anonymous>' is not abstract and does not implement abstract base class member:
fun goTo(addressType: addressType): addressType
e: file:///Users/jim/work/v2superbikeshed/Trikeshed/src/commonMain/kotlin/borg/trikeshed/parse/bbcursive/lib/anyOf_.kt:51:48 Unresolved reference 'Traits'.
e: file:///Users/jim/work/v2superbikeshed/Trikeshed/src/commonMain/kotlin/borg/trikeshed/parse/bbcursive/lib/anyOf_.kt:51:63 Unresolved reference 'UnaryOperator'.
e: file:///Users/jim/work/v2superbikeshed/Trikeshed/src/commonMain/kotlin/borg/trikeshed/parse/bbcursive/lib/anyOf_.kt:54:52 Return type of 'at' is not a subtype of the return type of the overridden member 'fun at(): _edge<ERROR CLASS: Symbol not found for UnaryOperator, Int>' defined in 'borg/trikeshed/parse/bbcursive/lib/<anonymous>'.
e: file:///Users/jim/work/v2superbikeshed/Trikeshed/src/commonMain/kotlin/borg/trikeshed/parse/bbcursive/lib/anyOf_.kt:54:58 Return type mismatch: expected 'Int', actual 'Array<ByteIndexedBuffer?>'.
e: file:///Users/jim/work/v2superbikeshed/Trikeshed/src/commonMain/kotlin/borg/trikeshed/parse/bbcursive/lib/anyOf_.kt:54:59 Syntax error: Expecting member declaration.
e: file:///Users/jim/work/v2superbikeshed/Trikeshed/src/commonMain/kotlin/borg/trikeshed/parse/bbcursive/lib/anyOf_.kt:54:60 Syntax error: Expecting member declaration.
e: file:///Users/jim/work/v2superbikeshed/Trikeshed/src/commonMain/kotlin/borg/trikeshed/parse/bbcursive/lib/anyOf_.kt:54:61 Syntax error: Expecting member declaration.
e: file:///Users/jim/work/v2superbikeshed/Trikeshed/src/commonMain/kotlin/borg/trikeshed/parse/bbcursive/lib/anyOf_.kt:56:33 'goTo' overrides nothing. Potential signatures for overriding:
fun goTo(addressType: _edge<ERROR CLASS: Symbol not found for UnaryOperator, Int>): _edge<ERROR CLASS: Symbol not found for UnaryOperator, Int>
e: file:///Users/jim/work/v2superbikeshed/Trikeshed/src/commonMain/kotlin/borg/trikeshed/parse/bbcursive/lib/anyOf_.kt:60:42 Function 'r' without a body must be abstract.
e: file:///Users/jim/work/v2superbikeshed/Trikeshed/src/commonMain/kotlin/borg/trikeshed/parse/bbcursive/lib/anyOf_.kt:60:47 Syntax error: Expecting '('.
e: file:///Users/jim/work/v2superbikeshed/Trikeshed/src/commonMain/kotlin/borg/trikeshed/parse/bbcursive/lib/anyOf_.kt:60:47 Syntax error: Expecting member declaration.
e: file:///Users/jim/work/v2superbikeshed/Trikeshed/src/commonMain/kotlin/borg/trikeshed/parse/bbcursive/lib/anyOf_.kt:60:48 Syntax error: Expecting member declaration.
e: file:///Users/jim/work/v2superbikeshed/Trikeshed/src/commonMain/kotlin/borg/trikeshed/parse/bbcursive/lib/anyOf_.kt:60:49 Syntax error: Expecting member declaration.
e: file:///Users/jim/work/v2superbikeshed/Trikeshed/src/commonMain/kotlin/borg/trikeshed/parse/bbcursive/lib/anyOf_.kt:60:50 Syntax error: Expecting member declaration.
e: file:///Users/jim/work/v2superbikeshed/Trikeshed/src/commonMain/kotlin/borg/trikeshed/parse/bbcursive/lib/anyOf_.kt:60:52 Syntax error: Expecting member declaration.
e: file:///Users/jim/work/v2superbikeshed/Trikeshed/src/commonMain/kotlin/borg/trikeshed/parse/bbcursive/lib/anyOf_.kt:60:56 Syntax error: Expecting member declaration.
e: file:///Users/jim/work/v2superbikeshed/Trikeshed/src/commonMain/kotlin/borg/trikeshed/parse/bbcursive/lib/anyOf_.kt:60:56 Function declaration must have a name.
e: file:///Users/jim/work/v2superbikeshed/Trikeshed/src/commonMain/kotlin/borg/trikeshed/parse/bbcursive/lib/anyOf_.kt:61:44 Return type mismatch: expected 'Unit', actual 'Int'.
e: file:///Users/jim/work/v2superbikeshed/Trikeshed/src/commonMain/kotlin/borg/trikeshed/parse/bbcursive/lib/anyOf_.kt:64:33 'core' overrides nothing.
e: file:///Users/jim/work/v2superbikeshed/Trikeshed/src/commonMain/kotlin/borg/trikeshed/parse/bbcursive/lib/anyOf_.kt:64:71 Unresolved reference 'Traits'.
e: file:///Users/jim/work/v2superbikeshed/Trikeshed/src/commonMain/kotlin/borg/trikeshed/parse/bbcursive/lib/anyOf_.kt:64:86 Unresolved reference 'UnaryOperator'.
e: file:///Users/jim/work/v2superbikeshed/Trikeshed/src/commonMain/kotlin/borg/trikeshed/parse/bbcursive/lib/anyOf_.kt:64:134 Unresolved reference 'UnaryOperator'.
e: file:///Users/jim/work/v2superbikeshed/Trikeshed/src/commonMain/kotlin/borg/trikeshed/parse/bbcursive/lib/anyOf_.kt:65:59 Unresolved reference 'UnaryOperator'.
e: file:///Users/jim/work/v2superbikeshed/Trikeshed/src/commonMain/kotlin/borg/trikeshed/parse/bbcursive/lib/anyOf_.kt:66:66 Return type mismatch: expected 'Int', actual 'Array<ByteIndexedBuffer?>'.
e: file:///Users/jim/work/v2superbikeshed/Trikeshed/src/commonMain/kotlin/borg/trikeshed/parse/bbcursive/lib/anyOf_.kt:66:67 Syntax error: Expecting member declaration.
e: file:///Users/jim/work/v2superbikeshed/Trikeshed/src/commonMain/kotlin/borg/trikeshed/parse/bbcursive/lib/anyOf_.kt:66:68 Syntax error: Expecting member declaration.
e: file:///Users/jim/work/v2superbikeshed/Trikeshed/src/commonMain/kotlin/borg/trikeshed/parse/bbcursive/lib/anyOf_.kt:66:69 Syntax error: Expecting member declaration.
e: file:///Users/jim/work/v2superbikeshed/Trikeshed/src/commonMain/kotlin/borg/trikeshed/parse/bbcursive/lib/anyOf_.kt:72:50 Function 'r' without a body must be abstract.
e: file:///Users/jim/work/v2superbikeshed/Trikeshed/src/commonMain/kotlin/borg/trikeshed/parse/bbcursive/lib/anyOf_.kt:72:55 Syntax error: Expecting '('.
e: file:///Users/jim/work/v2superbikeshed/Trikeshed/src/commonMain/kotlin/borg/trikeshed/parse/bbcursive/lib/anyOf_.kt:72:55 Syntax error: Expecting member declaration.
e: file:///Users/jim/work/v2superbikeshed/Trikeshed/src/commonMain/kotlin/borg/trikeshed/parse/bbcursive/lib/anyOf_.kt:72:56 Syntax error: Expecting member declaration.
e: file:///Users/jim/work/v2superbikeshed/Trikeshed/src/commonMain/kotlin/borg/trikeshed/parse/bbcursive/lib/anyOf_.kt:72:57 Syntax error: Expecting member declaration.
e: file:///Users/jim/work/v2superbikeshed/Trikeshed/src/commonMain/kotlin/borg/trikeshed/parse/bbcursive/lib/anyOf_.kt:72:58 Syntax error: Expecting member declaration.
e: file:///Users/jim/work/v2superbikeshed/Trikeshed/src/commonMain/kotlin/borg/trikeshed/parse/bbcursive/lib/anyOf_.kt:72:60 Syntax error: Expecting member declaration.
e: file:///Users/jim/work/v2superbikeshed/Trikeshed/src/commonMain/kotlin/borg/trikeshed/parse/bbcursive/lib/anyOf_.kt:72:64 Syntax error: Expecting member declaration.
e: file:///Users/jim/work/v2superbikeshed/Trikeshed/src/commonMain/kotlin/borg/trikeshed/parse/bbcursive/lib/anyOf_.kt:72:66 Syntax error: Expecting member declaration.
e: file:///Users/jim/work/v2superbikeshed/Trikeshed/src/commonMain/kotlin/borg/trikeshed/parse/bbcursive/lib/anyOf_.kt:72:73 Syntax error: Expecting member declaration.
e: file:///Users/jim/work/v2superbikeshed/Trikeshed/src/commonMain/kotlin/borg/trikeshed/parse/bbcursive/lib/anyOf_.kt:72:74 Syntax error: Expecting member declaration.
e: file:///Users/jim/work/v2superbikeshed/Trikeshed/src/commonMain/kotlin/borg/trikeshed/parse/bbcursive/lib/anyOf_.kt:72:75 Syntax error: Expecting member declaration.
e: file:///Users/jim/work/v2superbikeshed/Trikeshed/src/commonMain/kotlin/borg/trikeshed/parse/bbcursive/lib/anyOf_.kt:74:41 'core' overrides nothing.
e: file:///Users/jim/work/v2superbikeshed/Trikeshed/src/commonMain/kotlin/borg/trikeshed/parse/bbcursive/lib/anyOf_.kt:74:75 Unresolved reference 'UnaryOperator'.
e: file:///Users/jim/work/v2superbikeshed/Trikeshed/src/commonMain/kotlin/borg/trikeshed/parse/bbcursive/lib/anyOf_.kt:74:116 Unresolved reference 'UnaryOperator'.
e: file:///Users/jim/work/v2superbikeshed/Trikeshed/src/commonMain/kotlin/borg/trikeshed/parse/bbcursive/lib/anyOf_.kt:80:41 Overload resolution ambiguity between candidates:
fun core(vararg e: _edge<Set<ERROR CLASS: Symbol not found for Traits>, _edge<ERROR CLASS: Symbol not found for UnaryOperator, Int>>): _edge<ERROR CLASS: Symbol not found for UnaryOperator, Int>
fun core(vararg e: _edge<Set<ERROR CLASS: Symbol not found for Traits>, _edge<ERROR CLASS: Symbol not found for UnaryOperator, Int>>): Set<ERROR CLASS: Symbol not found for Traits>?
e: file:///Users/jim/work/v2superbikeshed/Trikeshed/src/commonMain/kotlin/borg/trikeshed/parse/bbcursive/lib/anyOf_.kt:80:49 Unresolved reference 'core'.
e: file:///Users/jim/work/v2superbikeshed/Trikeshed/src/commonMain/kotlin/borg/trikeshed/parse/bbcursive/lib/anyOf_.kt:81:50 Overload resolution ambiguity between candidates:
fun core(vararg e: _edge<Set<ERROR CLASS: Symbol not found for Traits>, _edge<ERROR CLASS: Symbol not found for UnaryOperator, Int>>): _edge<ERROR CLASS: Symbol not found for UnaryOperator, Int>
fun core(vararg e: _edge<Set<ERROR CLASS: Symbol not found for Traits>, _edge<ERROR CLASS: Symbol not found for UnaryOperator, Int>>): Set<ERROR CLASS: Symbol not found for Traits>?
e: file:///Users/jim/work/v2superbikeshed/Trikeshed/src/commonMain/kotlin/borg/trikeshed/parse/bbcursive/lib/anyOf_.kt:81:58 Unresolved reference 'at'.
e: file:///Users/jim/work/v2superbikeshed/Trikeshed/src/commonMain/kotlin/borg/trikeshed/parse/bbcursive/lib/anyOf_.kt:82:69 Unresolved reference 'duplicate'.
e: file:///Users/jim/work/v2superbikeshed/Trikeshed/src/commonMain/kotlin/borg/trikeshed/parse/bbcursive/lib/anyOf_.kt:83:43 Cannot infer type for this parameter. Specify it explicitly.
e: file:///Users/jim/work/v2superbikeshed/Trikeshed/src/commonMain/kotlin/borg/trikeshed/parse/bbcursive/lib/anyOf_.kt:86:50 Unresolved reference 'pos'.
e: file:///Users/jim/work/v2superbikeshed/Trikeshed/src/commonMain/kotlin/borg/trikeshed/parse/bbcursive/lib/anyOf_.kt:87:60 Unresolved reference 'flags'.
e: file:///Users/jim/work/v2superbikeshed/Trikeshed/src/commonMain/kotlin/borg/trikeshed/parse/bbcursive/lib/anyOf_.kt:95:44 Unresolved reference 'outbox'.
e: file:///Users/jim/work/v2superbikeshed/Trikeshed/src/commonMain/kotlin/borg/trikeshed/parse/bbcursive/lib/anyOf_.kt:96:33 Unresolved reference 'ParseResult'.
e: file:///Users/jim/work/v2superbikeshed/Trikeshed/src/commonMain/kotlin/borg/trikeshed/parse/bbcursive/lib/anyOf_.kt:98:51 Overload resolution ambiguity between candidates:
fun core(vararg e: _edge<Set<ERROR CLASS: Symbol not found for Traits>, _edge<ERROR CLASS: Symbol not found for UnaryOperator, Int>>): _edge<ERROR CLASS: Symbol not found for UnaryOperator, Int>
fun core(vararg e: _edge<Set<ERROR CLASS: Symbol not found for Traits>, _edge<ERROR CLASS: Symbol not found for UnaryOperator, Int>>): Set<ERROR CLASS: Symbol not found for Traits>?
e: file:///Users/jim/work/v2superbikeshed/Trikeshed/src/commonMain/kotlin/borg/trikeshed/parse/bbcursive/lib/anyOf_.kt:98:59 Unresolved reference 'core'.
e: file:///Users/jim/work/v2superbikeshed/Trikeshed/src/commonMain/kotlin/borg/trikeshed/parse/bbcursive/lib/anyOf_.kt:110:17 'toString' overrides nothing.
e: file:///Users/jim/work/v2superbikeshed/Trikeshed/src/commonMain/kotlin/borg/trikeshed/parse/bbcursive/lib/anyOf_.kt:117:37 Unresolved reference 'UnaryOperator'.
e: file:///Users/jim/work/v2superbikeshed/Trikeshed/src/commonMain/kotlin/borg/trikeshed/parse/bbcursive/lib/anyOf_.kt:118:26 Unresolved reference 'chars'.
e: file:///Users/jim/work/v2superbikeshed/Trikeshed/src/commonMain/kotlin/borg/trikeshed/parse/bbcursive/lib/anyOf_.kt:119:29 Unresolved reference 'UnaryOperator'.
e: file:///Users/jim/work/v2superbikeshed/Trikeshed/src/commonMain/kotlin/borg/trikeshed/parse/bbcursive/lib/anyOf_.kt:120:17 'invoke' overrides nothing.
e: file:///Users/jim/work/v2superbikeshed/Trikeshed/src/commonMain/kotlin/borg/trikeshed/parse/bbcursive/lib/anyOf_.kt:123:36 Unresolved reference. None of the following candidates is applicable because of a receiver type mismatch:
fun MatchGroupCollection.get(name: String): MatchGroup?
e: file:///Users/jim/work/v2superbikeshed/Trikeshed/src/commonMain/kotlin/borg/trikeshed/parse/bbcursive/lib/anyOf_.kt:124:39 Cannot infer type for this parameter. Specify it explicitly.
e: file:///Users/jim/work/v2superbikeshed/Trikeshed/src/commonMain/kotlin/borg/trikeshed/parse/bbcursive/lib/anyOf_.kt:124:55 None of the following candidates is applicable:
fun String.toInt(): Int
fun String.toInt(radix: Int): Int
fun Iterable<RegexOption>.toInt(): Int
e: file:///Users/jim/work/v2superbikeshed/Trikeshed/src/commonMain/kotlin/borg/trikeshed/parse/bbcursive/lib/anyOf_.kt:130:17 'toString' overrides nothing.
e: file:///Users/jim/work/v2superbikeshed/Trikeshed/src/commonMain/kotlin/borg/trikeshed/parse/bbcursive/lib/anyOf_.kt:132:36 Cannot infer type for this parameter. Specify it explicitly.
e: file:///Users/jim/work/v2superbikeshed/Trikeshed/src/commonMain/kotlin/borg/trikeshed/parse/bbcursive/lib/anyOf_.kt:132:54 Unresolved reference 'and'.
e: file:///Users/jim/work/v2superbikeshed/Trikeshed/src/commonMain/kotlin/borg/trikeshed/parse/bbcursive/lib/anyOf_.kt:133:35 Unresolved reference 'Arrays'.
e: file:///Users/jim/work/v2superbikeshed/Trikeshed/src/commonMain/kotlin/borg/trikeshed/parse/bbcursive/lib/backtrack_.kt:3:23 Unresolved reference 'ann'.
e: file:///Users/jim/work/v2superbikeshed/Trikeshed/src/commonMain/kotlin/borg/trikeshed/parse/bbcursive/lib/backtrack_.kt:4:23 Unresolved reference 'std'.
e: file:///Users/jim/work/v2superbikeshed/Trikeshed/src/commonMain/kotlin/borg/trikeshed/parse/bbcursive/lib/backtrack_.kt:6:8 Unresolved reference 'java'.
e: file:///Users/jim/work/v2superbikeshed/Trikeshed/src/commonMain/kotlin/borg/trikeshed/parse/bbcursive/lib/backtrack_.kt:7:8 Unresolved reference 'java'.
e: file:///Users/jim/work/v2superbikeshed/Trikeshed/src/commonMain/kotlin/borg/trikeshed/parse/bbcursive/lib/backtrack_.kt:8:8 Unresolved reference 'java'.
e: file:///Users/jim/work/v2superbikeshed/Trikeshed/src/commonMain/kotlin/borg/trikeshed/parse/bbcursive/lib/backtrack_.kt:10:8 Unresolved reference 'bbcursive'.
e: file:///Users/jim/work/v2superbikeshed/Trikeshed/src/commonMain/kotlin/borg/trikeshed/parse/bbcursive/lib/backtrack_.kt:12:2 Unresolved reference 'Backtracking'.
e: file:///Users/jim/work/v2superbikeshed/Trikeshed/src/commonMain/kotlin/borg/trikeshed/parse/bbcursive/lib/backtrack_.kt:15:6 Unresolved reference 'Backtracking'.
e: file:///Users/jim/work/v2superbikeshed/Trikeshed/src/commonMain/kotlin/borg/trikeshed/parse/bbcursive/lib/backtrack_.kt:16:35 Unresolved reference 'UnaryOperator'.
e: file:///Users/jim/work/v2superbikeshed/Trikeshed/src/commonMain/kotlin/borg/trikeshed/parse/bbcursive/lib/backtrack_.kt:16:49 Unresolved reference 'ByteBuffer'.
e: file:///Users/jim/work/v2superbikeshed/Trikeshed/src/commonMain/kotlin/borg/trikeshed/parse/bbcursive/lib/backtrack_.kt:16:63 Unresolved reference 'UnaryOperator'.
e: file:///Users/jim/work/v2superbikeshed/Trikeshed/src/commonMain/kotlin/borg/trikeshed/parse/bbcursive/lib/backtrack_.kt:16:77 Unresolved reference 'ByteBuffer'.
e: file:///Users/jim/work/v2superbikeshed/Trikeshed/src/commonMain/kotlin/borg/trikeshed/parse/bbcursive/lib/backtrack_.kt:20:6 Unresolved reference 'Backtracking'.
e: file:///Users/jim/work/v2superbikeshed/Trikeshed/src/commonMain/kotlin/borg/trikeshed/parse/bbcursive/lib/backtrack_.kt:21:60 Unresolved reference 'UnaryOperator'.
e: file:///Users/jim/work/v2superbikeshed/Trikeshed/src/commonMain/kotlin/borg/trikeshed/parse/bbcursive/lib/backtrack_.kt:21:74 Unresolved reference 'ByteBuffer'.
e: file:///Users/jim/work/v2superbikeshed/Trikeshed/src/commonMain/kotlin/borg/trikeshed/parse/bbcursive/lib/backtrack_.kt:21:90 Unresolved reference 'UnaryOperator'.
e: file:///Users/jim/work/v2superbikeshed/Trikeshed/src/commonMain/kotlin/borg/trikeshed/parse/bbcursive/lib/backtrack_.kt:21:104 Unresolved reference 'ByteBuffer'.
e: file:///Users/jim/work/v2superbikeshed/Trikeshed/src/commonMain/kotlin/borg/trikeshed/parse/bbcursive/lib/backtrack_.kt:23:9 'toString' overrides nothing.
e: file:///Users/jim/work/v2superbikeshed/Trikeshed/src/commonMain/kotlin/borg/trikeshed/parse/bbcursive/lib/backtrack_.kt:24:36 Unresolved reference 'Arrays'.
e: file:///Users/jim/work/v2superbikeshed/Trikeshed/src/commonMain/kotlin/borg/trikeshed/parse/bbcursive/lib/backtrack_.kt:28:9 'apply' overrides nothing.
e: file:///Users/jim/work/v2superbikeshed/Trikeshed/src/commonMain/kotlin/borg/trikeshed/parse/bbcursive/lib/backtrack_.kt:28:36 Unresolved reference 'ByteBuffer'.
e: file:///Users/jim/work/v2superbikeshed/Trikeshed/src/commonMain/kotlin/borg/trikeshed/parse/bbcursive/lib/backtrack_.kt:28:49 Unresolved reference 'ByteBuffer'.
e: file:///Users/jim/work/v2superbikeshed/Trikeshed/src/commonMain/kotlin/borg/trikeshed/parse/bbcursive/lib/backtrack_.kt:29:13 Unresolved reference 'std'.
e: file:///Users/jim/work/v2superbikeshed/Trikeshed/src/commonMain/kotlin/borg/trikeshed/parse/bbcursive/lib/backtrack_.kt:29:29 Unresolved reference 'add'.
e: file:///Users/jim/work/v2superbikeshed/Trikeshed/src/commonMain/kotlin/borg/trikeshed/parse/bbcursive/lib/backtrack_.kt:29:33 Unresolved reference 'std'.
e: file:///Users/jim/work/v2superbikeshed/Trikeshed/src/commonMain/kotlin/borg/trikeshed/parse/bbcursive/lib/backtrack_.kt:31:20 Unresolved reference 'bb'.
e: file:///Users/jim/work/v2superbikeshed/Trikeshed/src/commonMain/kotlin/borg/trikeshed/parse/bbcursive/lib/chlit_.kt:4:39 Unresolved reference 'UnaryOperator'.
e: file:///Users/jim/work/v2superbikeshed/Trikeshed/src/commonMain/kotlin/borg/trikeshed/parse/bbcursive/lib/chlit_.kt:10:25 Unresolved reference 'UnaryOperator'.
e: file:///Users/jim/work/v2superbikeshed/Trikeshed/src/commonMain/kotlin/borg/trikeshed/parse/bbcursive/lib/chlit_.kt:14:33 Unresolved reference 'UnaryOperator'.
e: file:///Users/jim/work/v2superbikeshed/Trikeshed/src/commonMain/kotlin/borg/trikeshed/parse/bbcursive/lib/chlit_.kt:19:66 Unresolved reference 'UnaryOperator'.
e: file:///Users/jim/work/v2superbikeshed/Trikeshed/src/commonMain/kotlin/borg/trikeshed/parse/bbcursive/lib/chlit_.kt:21:9 'toString' overrides nothing.
e: file:///Users/jim/work/v2superbikeshed/Trikeshed/src/commonMain/kotlin/borg/trikeshed/parse/bbcursive/lib/chlit_.kt:26:9 'invoke' overrides nothing.
e: file:///Users/jim/work/v2superbikeshed/Trikeshed/src/commonMain/kotlin/borg/trikeshed/parse/bbcursive/lib/chlit_.kt:30:25 Unresolved reference. None of the following candidates is applicable because of a receiver type mismatch:
fun MatchGroupCollection.get(name: String): MatchGroup?
e: file:///Users/jim/work/v2superbikeshed/Trikeshed/src/commonMain/kotlin/borg/trikeshed/parse/bbcursive/lib/chlit_.kt:31:51 None of the following candidates is applicable:
fun String.toInt(): Int
fun String.toInt(radix: Int): Int
fun Iterable<RegexOption>.toInt(): Int
e: file:///Users/jim/work/v2superbikeshed/Trikeshed/src/commonMain/kotlin/borg/trikeshed/parse/bbcursive/lib/chlit_.kt:31:59 Unresolved reference 'and'.
e: file:///Users/jim/work/v2superbikeshed/Trikeshed/src/commonMain/kotlin/borg/trikeshed/parse/bbcursive/lib/confix_.kt:3:8 Unresolved reference 'java'.
e: file:///Users/jim/work/v2superbikeshed/Trikeshed/src/commonMain/kotlin/borg/trikeshed/parse/bbcursive/lib/confix_.kt:4:8 Unresolved reference 'java'.
e: file:///Users/jim/work/v2superbikeshed/Trikeshed/src/commonMain/kotlin/borg/trikeshed/parse/bbcursive/lib/confix_.kt:5:8 Unresolved reference 'java'.
e: file:///Users/jim/work/v2superbikeshed/Trikeshed/src/commonMain/kotlin/borg/trikeshed/parse/bbcursive/lib/confix_.kt:7:8 Unresolved reference 'bbcursive'.
e: file:///Users/jim/work/v2superbikeshed/Trikeshed/src/commonMain/kotlin/borg/trikeshed/parse/bbcursive/lib/confix_.kt:8:8 Unresolved reference 'bbcursive'.
e: file:///Users/jim/work/v2superbikeshed/Trikeshed/src/commonMain/kotlin/borg/trikeshed/parse/bbcursive/lib/confix_.kt:14:26 Unresolved reference 'UnaryOperator'.
e: file:///Users/jim/work/v2superbikeshed/Trikeshed/src/commonMain/kotlin/borg/trikeshed/parse/bbcursive/lib/confix_.kt:14:40 Unresolved reference 'ByteBuffer'.
e: file:///Users/jim/work/v2superbikeshed/Trikeshed/src/commonMain/kotlin/borg/trikeshed/parse/bbcursive/lib/confix_.kt:14:74 Unresolved reference 'UnaryOperator'.
e: file:///Users/jim/work/v2superbikeshed/Trikeshed/src/commonMain/kotlin/borg/trikeshed/parse/bbcursive/lib/confix_.kt:14:88 Unresolved reference 'ByteBuffer'.
e: file:///Users/jim/work/v2superbikeshed/Trikeshed/src/commonMain/kotlin/borg/trikeshed/parse/bbcursive/lib/confix_.kt:15:25 Unresolved reference 'UnaryOperator'.
e: file:///Users/jim/work/v2superbikeshed/Trikeshed/src/commonMain/kotlin/borg/trikeshed/parse/bbcursive/lib/confix_.kt:15:39 Unresolved reference 'ByteBuffer'.
e: file:///Users/jim/work/v2superbikeshed/Trikeshed/src/commonMain/kotlin/borg/trikeshed/parse/bbcursive/lib/confix_.kt:16:13 'toString' overrides nothing.
e: file:///Users/jim/work/v2superbikeshed/Trikeshed/src/commonMain/kotlin/borg/trikeshed/parse/bbcursive/lib/confix_.kt:17:36 Unresolved reference 'Arrays'.
e: file:///Users/jim/work/v2superbikeshed/Trikeshed/src/commonMain/kotlin/borg/trikeshed/parse/bbcursive/lib/confix_.kt:20:13 'apply' overrides nothing.
e: file:///Users/jim/work/v2superbikeshed/Trikeshed/src/commonMain/kotlin/borg/trikeshed/parse/bbcursive/lib/confix_.kt:20:40 Unresolved reference 'ByteBuffer'.
e: file:///Users/jim/work/v2superbikeshed/Trikeshed/src/commonMain/kotlin/borg/trikeshed/parse/bbcursive/lib/confix_.kt:20:53 Unresolved reference 'ByteBuffer'.
e: file:///Users/jim/work/v2superbikeshed/Trikeshed/src/commonMain/kotlin/borg/trikeshed/parse/bbcursive/lib/confix_.kt:24:24 Unresolved reference 'bb'.
e: file:///Users/jim/work/v2superbikeshed/Trikeshed/src/commonMain/kotlin/borg/trikeshed/parse/bbcursive/lib/confix_.kt:29:24 Unresolved reference 'UnaryOperator'.
e: file:///Users/jim/work/v2superbikeshed/Trikeshed/src/commonMain/kotlin/borg/trikeshed/parse/bbcursive/lib/confix_.kt:29:38 Unresolved reference 'ByteBuffer'.
e: file:///Users/jim/work/v2superbikeshed/Trikeshed/src/commonMain/kotlin/borg/trikeshed/parse/bbcursive/lib/confix_.kt:29:58 Unresolved reference 'UnaryOperator'.
e: file:///Users/jim/work/v2superbikeshed/Trikeshed/src/commonMain/kotlin/borg/trikeshed/parse/bbcursive/lib/confix_.kt:29:72 Unresolved reference 'ByteBuffer'.
e: file:///Users/jim/work/v2superbikeshed/Trikeshed/src/commonMain/kotlin/borg/trikeshed/parse/bbcursive/lib/confix_.kt:29:95 Unresolved reference 'UnaryOperator'.
e: file:///Users/jim/work/v2superbikeshed/Trikeshed/src/commonMain/kotlin/borg/trikeshed/parse/bbcursive/lib/confix_.kt:29:109 Unresolved reference 'ByteBuffer'.
e: file:///Users/jim/work/v2superbikeshed/Trikeshed/src/commonMain/kotlin/borg/trikeshed/parse/bbcursive/lib/confix_.kt:29:123 Unresolved reference 'UnaryOperator'.
e: file:///Users/jim/work/v2superbikeshed/Trikeshed/src/commonMain/kotlin/borg/trikeshed/parse/bbcursive/lib/confix_.kt:29:137 Unresolved reference 'ByteBuffer'.
e: file:///Users/jim/work/v2superbikeshed/Trikeshed/src/commonMain/kotlin/borg/trikeshed/parse/bbcursive/lib/confix_.kt:31:25 Unresolved reference 'UnaryOperator'.
e: file:///Users/jim/work/v2superbikeshed/Trikeshed/src/commonMain/kotlin/borg/trikeshed/parse/bbcursive/lib/confix_.kt:31:39 Unresolved reference 'ByteBuffer'.
e: file:///Users/jim/work/v2superbikeshed/Trikeshed/src/commonMain/kotlin/borg/trikeshed/parse/bbcursive/lib/confix_.kt:33:13 'toString' overrides nothing.
e: file:///Users/jim/work/v2superbikeshed/Trikeshed/src/commonMain/kotlin/borg/trikeshed/parse/bbcursive/lib/confix_.kt:34:35 Unresolved reference 'Arrays'.
e: file:///Users/jim/work/v2superbikeshed/Trikeshed/src/commonMain/kotlin/borg/trikeshed/parse/bbcursive/lib/confix_.kt:34:55 Cannot infer type for this parameter. Specify it explicitly.
e: file:///Users/jim/work/v2superbikeshed/Trikeshed/src/commonMain/kotlin/borg/trikeshed/parse/bbcursive/lib/confix_.kt:37:13 'apply' overrides nothing.
e: file:///Users/jim/work/v2superbikeshed/Trikeshed/src/commonMain/kotlin/borg/trikeshed/parse/bbcursive/lib/confix_.kt:37:40 Unresolved reference 'ByteBuffer'.
e: file:///Users/jim/work/v2superbikeshed/Trikeshed/src/commonMain/kotlin/borg/trikeshed/parse/bbcursive/lib/confix_.kt:37:53 Unresolved reference 'ByteBuffer'.
e: file:///Users/jim/work/v2superbikeshed/Trikeshed/src/commonMain/kotlin/borg/trikeshed/parse/bbcursive/lib/confix_.kt:38:24 Unresolved reference 'bb'.
e: file:///Users/jim/work/v2superbikeshed/Trikeshed/src/commonMain/kotlin/borg/trikeshed/parse/bbcursive/lib/confix_.kt:38:35 Unresolved reference 'allOf'.
e: file:///Users/jim/work/v2superbikeshed/Trikeshed/src/commonMain/kotlin/borg/trikeshed/parse/bbcursive/lib/infix_.kt:3:23 Unresolved reference 'ann'.
e: file:///Users/jim/work/v2superbikeshed/Trikeshed/src/commonMain/kotlin/borg/trikeshed/parse/bbcursive/lib/infix_.kt:4:23 Unresolved reference 'std'.
e: file:///Users/jim/work/v2superbikeshed/Trikeshed/src/commonMain/kotlin/borg/trikeshed/parse/bbcursive/lib/infix_.kt:6:8 Unresolved reference 'java'.
e: file:///Users/jim/work/v2superbikeshed/Trikeshed/src/commonMain/kotlin/borg/trikeshed/parse/bbcursive/lib/infix_.kt:7:8 Unresolved reference 'java'.
e: file:///Users/jim/work/v2superbikeshed/Trikeshed/src/commonMain/kotlin/borg/trikeshed/parse/bbcursive/lib/infix_.kt:8:8 Unresolved reference 'java'.
e: file:///Users/jim/work/v2superbikeshed/Trikeshed/src/commonMain/kotlin/borg/trikeshed/parse/bbcursive/lib/infix_.kt:10:2 Unresolved reference 'Infix'.
e: file:///Users/jim/work/v2superbikeshed/Trikeshed/src/commonMain/kotlin/borg/trikeshed/parse/bbcursive/lib/infix_.kt:13:6 Unresolved reference 'Infix'.
e: file:///Users/jim/work/v2superbikeshed/Trikeshed/src/commonMain/kotlin/borg/trikeshed/parse/bbcursive/lib/infix_.kt:14:29 Unresolved reference 'UnaryOperator'.
e: file:///Users/jim/work/v2superbikeshed/Trikeshed/src/commonMain/kotlin/borg/trikeshed/parse/bbcursive/lib/infix_.kt:14:43 Unresolved reference 'ByteBuffer'.
e: file:///Users/jim/work/v2superbikeshed/Trikeshed/src/commonMain/kotlin/borg/trikeshed/parse/bbcursive/lib/infix_.kt:14:57 Unresolved reference 'UnaryOperator'.
e: file:///Users/jim/work/v2superbikeshed/Trikeshed/src/commonMain/kotlin/borg/trikeshed/parse/bbcursive/lib/infix_.kt:14:71 Unresolved reference 'ByteBuffer'.
e: file:///Users/jim/work/v2superbikeshed/Trikeshed/src/commonMain/kotlin/borg/trikeshed/parse/bbcursive/lib/infix_.kt:19:6 Unresolved reference 'Infix'.
e: file:///Users/jim/work/v2superbikeshed/Trikeshed/src/commonMain/kotlin/borg/trikeshed/parse/bbcursive/lib/infix_.kt:20:64 Unresolved reference 'UnaryOperator'.
e: file:///Users/jim/work/v2superbikeshed/Trikeshed/src/commonMain/kotlin/borg/trikeshed/parse/bbcursive/lib/infix_.kt:20:78 Unresolved reference 'ByteBuffer'.
e: file:///Users/jim/work/v2superbikeshed/Trikeshed/src/commonMain/kotlin/borg/trikeshed/parse/bbcursive/lib/infix_.kt:20:94 Unresolved reference 'UnaryOperator'.
e: file:///Users/jim/work/v2superbikeshed/Trikeshed/src/commonMain/kotlin/borg/trikeshed/parse/bbcursive/lib/infix_.kt:20:108 Unresolved reference 'ByteBuffer'.
e: file:///Users/jim/work/v2superbikeshed/Trikeshed/src/commonMain/kotlin/borg/trikeshed/parse/bbcursive/lib/infix_.kt:22:9 'toString' overrides nothing.
e: file:///Users/jim/work/v2superbikeshed/Trikeshed/src/commonMain/kotlin/borg/trikeshed/parse/bbcursive/lib/infix_.kt:23:30 Unresolved reference 'Arrays'.
e: file:///Users/jim/work/v2superbikeshed/Trikeshed/src/commonMain/kotlin/borg/trikeshed/parse/bbcursive/lib/infix_.kt:26:9 'apply' overrides nothing.
e: file:///Users/jim/work/v2superbikeshed/Trikeshed/src/commonMain/kotlin/borg/trikeshed/parse/bbcursive/lib/infix_.kt:26:36 Unresolved reference 'ByteBuffer'.
e: file:///Users/jim/work/v2superbikeshed/Trikeshed/src/commonMain/kotlin/borg/trikeshed/parse/bbcursive/lib/infix_.kt:26:49 Unresolved reference 'ByteBuffer'.
e: file:///Users/jim/work/v2superbikeshed/Trikeshed/src/commonMain/kotlin/borg/trikeshed/parse/bbcursive/lib/infix_.kt:28:20 Unresolved reference 'std'.
e: file:///Users/jim/work/v2superbikeshed/Trikeshed/src/commonMain/kotlin/borg/trikeshed/parse/bbcursive/lib/lim.kt:4:39 Unresolved reference 'UnaryOperator'.
e: file:///Users/jim/work/v2superbikeshed/Trikeshed/src/commonMain/kotlin/borg/trikeshed/parse/bbcursive/lib/lim.kt:9:40 Unresolved reference 'UnaryOperator'.
e: file:///Users/jim/work/v2superbikeshed/Trikeshed/src/commonMain/kotlin/borg/trikeshed/parse/bbcursive/lib/lim.kt:17:29 Unresolved reference 'UnaryOperator'.
e: file:///Users/jim/work/v2superbikeshed/Trikeshed/src/commonMain/kotlin/borg/trikeshed/parse/bbcursive/lib/lim.kt:22:5 'invoke' overrides nothing.
e: file:///Users/jim/work/v2superbikeshed/Trikeshed/src/commonMain/kotlin/borg/trikeshed/parse/bbcursive/lib/lim.kt:23:22 Argument type mismatch: actual type is 'borg.trikeshed.parse.bbcursive.lib.Int', but 'kotlin.Int' was expected.
e: file:///Users/jim/work/v2superbikeshed/Trikeshed/src/commonMain/kotlin/borg/trikeshed/parse/bbcursive/lib/log.kt:21:9 This declaration needs opt-in. Its usage must be marked with '@kotlin.experimental.ExperimentalNativeApi' or '@OptIn(kotlin.experimental.ExperimentalNativeApi::class)'
e: file:///Users/jim/work/v2superbikeshed/Trikeshed/src/commonMain/kotlin/borg/trikeshed/parse/bbcursive/lib/log.kt:21:9 Cannot infer type for this parameter. Specify it explicitly.
e: file:///Users/jim/work/v2superbikeshed/Trikeshed/src/commonMain/kotlin/borg/trikeshed/parse/bbcursive/lib/log.kt:21:16 Argument type mismatch: actual type is 'log', but 'Boolean' was expected.
e: file:///Users/jim/work/v2superbikeshed/Trikeshed/src/commonMain/kotlin/borg/trikeshed/parse/bbcursive/lib/log.kt:21:19 Syntax error: Expecting ')'.
e: file:///Users/jim/work/v2superbikeshed/Trikeshed/src/commonMain/kotlin/borg/trikeshed/parse/bbcursive/lib/log.kt:21:21 Argument type mismatch: actual type is 'Any', but 'T (of fun <T, R> DeepRecursiveFunction<T, R>.invoke)' was expected.
e: file:///Users/jim/work/v2superbikeshed/Trikeshed/src/commonMain/kotlin/borg/trikeshed/parse/bbcursive/lib/log.kt:21:25 Too many arguments for 'fun <T, R> DeepRecursiveFunction<T, R>.invoke(value: T): R'.
e: file:///Users/jim/work/v2superbikeshed/Trikeshed/src/commonMain/kotlin/borg/trikeshed/parse/bbcursive/lib/log.kt:21:39 Syntax error: Unexpected tokens (use ';' to separate expressions on the same line).
e: file:///Users/jim/work/v2superbikeshed/Trikeshed/src/commonMain/kotlin/borg/trikeshed/parse/bbcursive/lib/log.kt:31:5 Function 'log' without a body must be abstract.
e: file:///Users/jim/work/v2superbikeshed/Trikeshed/src/commonMain/kotlin/borg/trikeshed/parse/bbcursive/lib/log.kt:31:12 Syntax error: Expecting '('.
e: file:///Users/jim/work/v2superbikeshed/Trikeshed/src/commonMain/kotlin/borg/trikeshed/parse/bbcursive/lib/log.kt:31:12 Syntax error: Expecting member declaration.
e: file:///Users/jim/work/v2superbikeshed/Trikeshed/src/commonMain/kotlin/borg/trikeshed/parse/bbcursive/lib/log.kt:31:13 Syntax error: Expecting member declaration.
e: file:///Users/jim/work/v2superbikeshed/Trikeshed/src/commonMain/kotlin/borg/trikeshed/parse/bbcursive/lib/log.kt:31:14 Syntax error: Expecting member declaration.
e: file:///Users/jim/work/v2superbikeshed/Trikeshed/src/commonMain/kotlin/borg/trikeshed/parse/bbcursive/lib/log.kt:31:16 Syntax error: Expecting member declaration.
e: file:///Users/jim/work/v2superbikeshed/Trikeshed/src/commonMain/kotlin/borg/trikeshed/parse/bbcursive/lib/log.kt:31:18 Syntax error: Expecting member declaration.
e: file:///Users/jim/work/v2superbikeshed/Trikeshed/src/commonMain/kotlin/borg/trikeshed/parse/bbcursive/lib/log.kt:31:21 Syntax error: Expecting member declaration.
e: file:///Users/jim/work/v2superbikeshed/Trikeshed/src/commonMain/kotlin/borg/trikeshed/parse/bbcursive/lib/log.kt:31:30 Syntax error: Expecting member declaration.
e: file:///Users/jim/work/v2superbikeshed/Trikeshed/src/commonMain/kotlin/borg/trikeshed/parse/bbcursive/lib/log.kt:31:42 Syntax error: Expecting member declaration.
e: file:///Users/jim/work/v2superbikeshed/Trikeshed/src/commonMain/kotlin/borg/trikeshed/parse/bbcursive/lib/log.kt:31:44 Syntax error: Expecting member declaration.
e: file:///Users/jim/work/v2superbikeshed/Trikeshed/src/commonMain/kotlin/borg/trikeshed/parse/bbcursive/lib/log.kt:31:50 Syntax error: Expecting member declaration.
e: file:///Users/jim/work/v2superbikeshed/Trikeshed/src/commonMain/kotlin/borg/trikeshed/parse/bbcursive/lib/log.kt:31:51 Syntax error: Expecting member declaration.
e: file:///Users/jim/work/v2superbikeshed/Trikeshed/src/commonMain/kotlin/borg/trikeshed/parse/bbcursive/lib/log.kt:31:53 Syntax error: Expecting member declaration.
e: file:///Users/jim/work/v2superbikeshed/Trikeshed/src/commonMain/kotlin/borg/trikeshed/parse/bbcursive/lib/log.kt:31:61 Syntax error: Expecting member declaration.
e: file:///Users/jim/work/v2superbikeshed/Trikeshed/src/commonMain/kotlin/borg/trikeshed/parse/bbcursive/lib/log.kt:31:61 Function declaration must have a name.
e: file:///Users/jim/work/v2superbikeshed/Trikeshed/src/commonMain/kotlin/borg/trikeshed/parse/bbcursive/lib/log.kt:32:29 Unresolved reference 'prefixSuffix'.
e: file:///Users/jim/work/v2superbikeshed/Trikeshed/src/commonMain/kotlin/borg/trikeshed/parse/bbcursive/lib/log.kt:33:17 Unresolved reference 'prefixSuffix'.
e: file:///Users/jim/work/v2superbikeshed/Trikeshed/src/commonMain/kotlin/borg/trikeshed/parse/bbcursive/lib/log.kt:34:13 Unresolved reference 'System'.
e: file:///Users/jim/work/v2superbikeshed/Trikeshed/src/commonMain/kotlin/borg/trikeshed/parse/bbcursive/lib/log.kt:34:30 Unresolved reference 'prefixSuffix'.
e: file:///Users/jim/work/v2superbikeshed/Trikeshed/src/commonMain/kotlin/borg/trikeshed/parse/bbcursive/lib/log.kt:34:30 Cannot infer type for this parameter. Specify it explicitly.
e: file:///Users/jim/work/v2superbikeshed/Trikeshed/src/commonMain/kotlin/borg/trikeshed/parse/bbcursive/lib/log.kt:35:13 Unresolved reference 'ob'.
e: file:///Users/jim/work/v2superbikeshed/Trikeshed/src/commonMain/kotlin/borg/trikeshed/parse/bbcursive/lib/log.kt:36:17 Unresolved reference 'ob'.
e: file:///Users/jim/work/v2superbikeshed/Trikeshed/src/commonMain/kotlin/borg/trikeshed/parse/bbcursive/lib/log.kt:37:37 Unresolved reference 'ob'.
e: file:///Users/jim/work/v2superbikeshed/Trikeshed/src/commonMain/kotlin/borg/trikeshed/parse/bbcursive/lib/log.kt:38:21 Suspend function 'suspend fun bb(b: ByteIndexedBuffer, vararg ops: ERROR CLASS: Symbol not found for UnaryOperator): ByteIndexedBuffer?' can only be called from a coroutine or another suspend function.
e: file:///Users/jim/work/v2superbikeshed/Trikeshed/src/commonMain/kotlin/borg/trikeshed/parse/bbcursive/lib/log.kt:40:21 Suspend function 'suspend fun bb(b: ByteIndexedBuffer, vararg ops: ERROR CLASS: Symbol not found for UnaryOperator): ByteIndexedBuffer?' can only be called from a coroutine or another suspend function.
e: file:///Users/jim/work/v2superbikeshed/Trikeshed/src/commonMain/kotlin/borg/trikeshed/parse/bbcursive/lib/log.kt:40:24 Unresolved reference 'ob'.
e: file:///Users/jim/work/v2superbikeshed/Trikeshed/src/commonMain/kotlin/borg/trikeshed/parse/bbcursive/lib/log.kt:40:58 Unresolved reference. None of the following candidates is applicable because of a receiver type mismatch:
fun Join<Int, Function1<Int, Byte>>.toByteIndexedBuffer(pos: Int = ..., limit: Int = ...): ByteIndexedBuffer
e: file:///Users/jim/work/v2superbikeshed/Trikeshed/src/commonMain/kotlin/borg/trikeshed/parse/bbcursive/lib/log.kt:43:17 Suspend function 'suspend fun bb(b: ByteIndexedBuffer, vararg ops: ERROR CLASS: Symbol not found for UnaryOperator): ByteIndexedBuffer?' can only be called from a coroutine or another suspend function.
e: file:///Users/jim/work/v2superbikeshed/Trikeshed/src/commonMain/kotlin/borg/trikeshed/parse/bbcursive/lib/log.kt:43:20 Unresolved reference 'ob'.
e: file:///Users/jim/work/v2superbikeshed/Trikeshed/src/commonMain/kotlin/borg/trikeshed/parse/bbcursive/lib/log.kt:46:13 Unresolved reference 'System'.
e: file:///Users/jim/work/v2superbikeshed/Trikeshed/src/commonMain/kotlin/borg/trikeshed/parse/bbcursive/lib/log.kt:46:32 Unresolved reference 'prefixSuffix'.
e: file:///Users/jim/work/v2superbikeshed/Trikeshed/src/commonMain/kotlin/borg/trikeshed/parse/bbcursive/lib/log.kt:46:32 Cannot infer type for this parameter. Specify it explicitly.
e: file:///Users/jim/work/v2superbikeshed/Trikeshed/src/commonMain/kotlin/borg/trikeshed/parse/bbcursive/lib/log.kt:48:16 Return type mismatch: expected 'Unit', actual 'Boolean'.
e: file:///Users/jim/work/v2superbikeshed/Trikeshed/src/commonMain/kotlin/borg/trikeshed/parse/bbcursive/lib/opt_.kt:3:8 Unresolved reference 'java'.
e: file:///Users/jim/work/v2superbikeshed/Trikeshed/src/commonMain/kotlin/borg/trikeshed/parse/bbcursive/lib/opt_.kt:4:8 Unresolved reference 'java'.
e: file:///Users/jim/work/v2superbikeshed/Trikeshed/src/commonMain/kotlin/borg/trikeshed/parse/bbcursive/lib/opt_.kt:5:8 Unresolved reference 'java'.
e: file:///Users/jim/work/v2superbikeshed/Trikeshed/src/commonMain/kotlin/borg/trikeshed/parse/bbcursive/lib/opt_.kt:7:8 Unresolved reference 'bbcursive'.
e: file:///Users/jim/work/v2superbikeshed/Trikeshed/src/commonMain/kotlin/borg/trikeshed/parse/bbcursive/lib/opt_.kt:14:36 Unresolved reference 'UnaryOperator'.
e: file:///Users/jim/work/v2superbikeshed/Trikeshed/src/commonMain/kotlin/borg/trikeshed/parse/bbcursive/lib/opt_.kt:14:50 Unresolved reference 'ByteBuffer'.
e: file:///Users/jim/work/v2superbikeshed/Trikeshed/src/commonMain/kotlin/borg/trikeshed/parse/bbcursive/lib/opt_.kt:14:64 Unresolved reference 'UnaryOperator'.
e: file:///Users/jim/work/v2superbikeshed/Trikeshed/src/commonMain/kotlin/borg/trikeshed/parse/bbcursive/lib/opt_.kt:14:78 Unresolved reference 'ByteBuffer'.
e: file:///Users/jim/work/v2superbikeshed/Trikeshed/src/commonMain/kotlin/borg/trikeshed/parse/bbcursive/lib/opt_.kt:18:72 Unresolved reference 'UnaryOperator'.
e: file:///Users/jim/work/v2superbikeshed/Trikeshed/src/commonMain/kotlin/borg/trikeshed/parse/bbcursive/lib/opt_.kt:18:86 Unresolved reference 'ByteBuffer'.
e: file:///Users/jim/work/v2superbikeshed/Trikeshed/src/commonMain/kotlin/borg/trikeshed/parse/bbcursive/lib/opt_.kt:18:102 Unresolved reference 'UnaryOperator'.
e: file:///Users/jim/work/v2superbikeshed/Trikeshed/src/commonMain/kotlin/borg/trikeshed/parse/bbcursive/lib/opt_.kt:18:116 Unresolved reference 'ByteBuffer'.
e: file:///Users/jim/work/v2superbikeshed/Trikeshed/src/commonMain/kotlin/borg/trikeshed/parse/bbcursive/lib/opt_.kt:20:9 'toString' overrides nothing.
e: file:///Users/jim/work/v2superbikeshed/Trikeshed/src/commonMain/kotlin/borg/trikeshed/parse/bbcursive/lib/opt_.kt:21:29 Unresolved reference 'Arrays'.
e: file:///Users/jim/work/v2superbikeshed/Trikeshed/src/commonMain/kotlin/borg/trikeshed/parse/bbcursive/lib/opt_.kt:24:9 'apply' overrides nothing.
e: file:///Users/jim/work/v2superbikeshed/Trikeshed/src/commonMain/kotlin/borg/trikeshed/parse/bbcursive/lib/opt_.kt:24:36 Unresolved reference 'ByteBuffer'.
e: file:///Users/jim/work/v2superbikeshed/Trikeshed/src/commonMain/kotlin/borg/trikeshed/parse/bbcursive/lib/opt_.kt:24:49 Unresolved reference 'ByteBuffer'.
e: file:///Users/jim/work/v2superbikeshed/Trikeshed/src/commonMain/kotlin/borg/trikeshed/parse/bbcursive/lib/opt_.kt:25:35 Unresolved reference 'position'.
e: file:///Users/jim/work/v2superbikeshed/Trikeshed/src/commonMain/kotlin/borg/trikeshed/parse/bbcursive/lib/opt_.kt:26:21 Unresolved reference 'bb'.
e: file:///Users/jim/work/v2superbikeshed/Trikeshed/src/commonMain/kotlin/borg/trikeshed/parse/bbcursive/lib/opt_.kt:28:24 Unresolved reference 'position'.
e: file:///Users/jim/work/v2superbikeshed/Trikeshed/src/commonMain/kotlin/borg/trikeshed/parse/bbcursive/lib/pos.kt:4:39 Unresolved reference 'UnaryOperator'.
e: file:///Users/jim/work/v2superbikeshed/Trikeshed/src/commonMain/kotlin/borg/trikeshed/parse/bbcursive/lib/pos.kt:9:40 Unresolved reference 'UnaryOperator'.
e: file:///Users/jim/work/v2superbikeshed/Trikeshed/src/commonMain/kotlin/borg/trikeshed/parse/bbcursive/lib/pos.kt:18:33 Unresolved reference 'UnaryOperator'.
e: file:///Users/jim/work/v2superbikeshed/Trikeshed/src/commonMain/kotlin/borg/trikeshed/parse/bbcursive/lib/pos.kt:19:20 'operator' modifier is required on 'FirNamedFunctionSymbol borg/trikeshed/parse/bbcursive/lib/pos.invoke' in 'invoke'.
e: file:///Users/jim/work/v2superbikeshed/Trikeshed/src/commonMain/kotlin/borg/trikeshed/parse/bbcursive/lib/pos.kt:19:29 This type is final, so it cannot be extended.
e: file:///Users/jim/work/v2superbikeshed/Trikeshed/src/commonMain/kotlin/borg/trikeshed/parse/bbcursive/lib/pos.kt:19:42 Syntax error: Expecting a class body.
e: file:///Users/jim/work/v2superbikeshed/Trikeshed/src/commonMain/kotlin/borg/trikeshed/parse/bbcursive/lib/pos.kt:19:45 Argument type mismatch: actual type is 'Function0<Unit>', but 'ByteIndexedBuffer' was expected.
e: file:///Users/jim/work/v2superbikeshed/Trikeshed/src/commonMain/kotlin/borg/trikeshed/parse/bbcursive/lib/pos.kt:20:17 Modifier 'override' is not applicable to 'local function'.
e: file:///Users/jim/work/v2superbikeshed/Trikeshed/src/commonMain/kotlin/borg/trikeshed/parse/bbcursive/lib/pos.kt:27:5 'invoke' overrides nothing.
e: file:///Users/jim/work/v2superbikeshed/Trikeshed/src/commonMain/kotlin/borg/trikeshed/parse/bbcursive/lib/pos.kt:28:44 Argument type mismatch: actual type is 'borg.trikeshed.parse.bbcursive.lib.Int', but 'kotlin.Int' was expected.
e: file:///Users/jim/work/v2superbikeshed/Trikeshed/src/commonMain/kotlin/borg/trikeshed/parse/bbcursive/lib/push.kt:3:8 Unresolved reference 'java'.
e: file:///Users/jim/work/v2superbikeshed/Trikeshed/src/commonMain/kotlin/borg/trikeshed/parse/bbcursive/lib/push.kt:15:19 Unresolved reference 'ByteBuffer'.
e: file:///Users/jim/work/v2superbikeshed/Trikeshed/src/commonMain/kotlin/borg/trikeshed/parse/bbcursive/lib/push.kt:15:37 Unresolved reference 'ByteBuffer'.
e: file:///Users/jim/work/v2superbikeshed/Trikeshed/src/commonMain/kotlin/borg/trikeshed/parse/bbcursive/lib/push.kt:15:50 Unresolved reference 'ByteBuffer'.
e: file:///Users/jim/work/v2superbikeshed/Trikeshed/src/commonMain/kotlin/borg/trikeshed/parse/bbcursive/lib/push.kt:16:24 Unresolved reference 'remaining'.
e: file:///Users/jim/work/v2superbikeshed/Trikeshed/src/commonMain/kotlin/borg/trikeshed/parse/bbcursive/lib/push.kt:17:25 Unresolved reference 'remaining'.
e: file:///Users/jim/work/v2superbikeshed/Trikeshed/src/commonMain/kotlin/borg/trikeshed/parse/bbcursive/lib/push.kt:19:25 Unresolved reference 'put'.
e: file:///Users/jim/work/v2superbikeshed/Trikeshed/src/commonMain/kotlin/borg/trikeshed/parse/bbcursive/lib/push.kt:21:14 Unresolved reference 'put'.
e: file:///Users/jim/work/v2superbikeshed/Trikeshed/src/commonMain/kotlin/borg/trikeshed/parse/bbcursive/lib/push.kt:21:30 Unresolved reference 'limit'.
e: file:///Users/jim/work/v2superbikeshed/Trikeshed/src/commonMain/kotlin/borg/trikeshed/parse/bbcursive/lib/push.kt:21:45 Unresolved reference 'ByteBuffer'.
e: file:///Users/jim/work/v2superbikeshed/Trikeshed/src/commonMain/kotlin/borg/trikeshed/parse/bbcursive/lib/push.kt:22:13 Unresolved reference 'position'.
e: file:///Users/jim/work/v2superbikeshed/Trikeshed/src/commonMain/kotlin/borg/trikeshed/parse/bbcursive/lib/push.kt:22:26 Unresolved reference 'position'.
e: file:///Users/jim/work/v2superbikeshed/Trikeshed/src/commonMain/kotlin/borg/trikeshed/parse/bbcursive/lib/repeat_.kt:3:8 Unresolved reference 'org'.
e: file:///Users/jim/work/v2superbikeshed/Trikeshed/src/commonMain/kotlin/borg/trikeshed/parse/bbcursive/lib/repeat_.kt:5:8 Unresolved reference 'java'.
e: file:///Users/jim/work/v2superbikeshed/Trikeshed/src/commonMain/kotlin/borg/trikeshed/parse/bbcursive/lib/repeat_.kt:6:8 Unresolved reference 'java'.
e: file:///Users/jim/work/v2superbikeshed/Trikeshed/src/commonMain/kotlin/borg/trikeshed/parse/bbcursive/lib/repeat_.kt:7:8 Unresolved reference 'java'.
e: file:///Users/jim/work/v2superbikeshed/Trikeshed/src/commonMain/kotlin/borg/trikeshed/parse/bbcursive/lib/repeat_.kt:9:8 Unresolved reference 'bbcursive'.
e: file:///Users/jim/work/v2superbikeshed/Trikeshed/src/commonMain/kotlin/borg/trikeshed/parse/bbcursive/lib/repeat_.kt:16:6 Unresolved reference 'NotNull'.
e: file:///Users/jim/work/v2superbikeshed/Trikeshed/src/commonMain/kotlin/borg/trikeshed/parse/bbcursive/lib/repeat_.kt:17:27 Unresolved reference 'UnaryOperator'.
e: file:///Users/jim/work/v2superbikeshed/Trikeshed/src/commonMain/kotlin/borg/trikeshed/parse/bbcursive/lib/repeat_.kt:17:41 Unresolved reference 'ByteBuffer'.
e: file:///Users/jim/work/v2superbikeshed/Trikeshed/src/commonMain/kotlin/borg/trikeshed/parse/bbcursive/lib/repeat_.kt:17:55 Unresolved reference 'UnaryOperator'.
e: file:///Users/jim/work/v2superbikeshed/Trikeshed/src/commonMain/kotlin/borg/trikeshed/parse/bbcursive/lib/repeat_.kt:17:69 Unresolved reference 'ByteBuffer'.
e: file:///Users/jim/work/v2superbikeshed/Trikeshed/src/commonMain/kotlin/borg/trikeshed/parse/bbcursive/lib/repeat_.kt:18:25 Unresolved reference 'UnaryOperator'.
e: file:///Users/jim/work/v2superbikeshed/Trikeshed/src/commonMain/kotlin/borg/trikeshed/parse/bbcursive/lib/repeat_.kt:18:39 Unresolved reference 'ByteBuffer'.
e: file:///Users/jim/work/v2superbikeshed/Trikeshed/src/commonMain/kotlin/borg/trikeshed/parse/bbcursive/lib/repeat_.kt:21:13 'toString' overrides nothing.
e: file:///Users/jim/work/v2superbikeshed/Trikeshed/src/commonMain/kotlin/borg/trikeshed/parse/bbcursive/lib/repeat_.kt:22:33 Unresolved reference 'Arrays'.
e: file:///Users/jim/work/v2superbikeshed/Trikeshed/src/commonMain/kotlin/borg/trikeshed/parse/bbcursive/lib/repeat_.kt:25:13 'apply' overrides nothing.
e: file:///Users/jim/work/v2superbikeshed/Trikeshed/src/commonMain/kotlin/borg/trikeshed/parse/bbcursive/lib/repeat_.kt:25:44 Unresolved reference 'ByteBuffer'.
e: file:///Users/jim/work/v2superbikeshed/Trikeshed/src/commonMain/kotlin/borg/trikeshed/parse/bbcursive/lib/repeat_.kt:25:57 Unresolved reference 'ByteBuffer'.
e: file:///Users/jim/work/v2superbikeshed/Trikeshed/src/commonMain/kotlin/borg/trikeshed/parse/bbcursive/lib/repeat_.kt:26:39 Unresolved reference 'position'.
e: file:///Users/jim/work/v2superbikeshed/Trikeshed/src/commonMain/kotlin/borg/trikeshed/parse/bbcursive/lib/repeat_.kt:28:29 Unresolved reference 'ByteBuffer'.
e: file:///Users/jim/work/v2superbikeshed/Trikeshed/src/commonMain/kotlin/borg/trikeshed/parse/bbcursive/lib/repeat_.kt:29:27 Unresolved reference 'ByteBuffer'.
e: file:///Users/jim/work/v2superbikeshed/Trikeshed/src/commonMain/kotlin/borg/trikeshed/parse/bbcursive/lib/repeat_.kt:30:49 Unresolved reference 'hasRemaining'.
e: file:///Users/jim/work/v2superbikeshed/Trikeshed/src/commonMain/kotlin/borg/trikeshed/parse/bbcursive/lib/repeat_.kt:33:25 Unresolved reference 'bb'.
e: file:///Users/jim/work/v2superbikeshed/Trikeshed/src/commonMain/kotlin/borg/trikeshed/parse/bbcursive/lib/repeat_.kt:35:39 Unresolved reference 'position'.
e: file:///Users/jim/work/v2superbikeshed/Trikeshed/src/commonMain/kotlin/borg/trikeshed/parse/bbcursive/lib/repeat_.kt:40:57 Unresolved reference 'hasRemaining'.
e: file:///Users/jim/work/v2superbikeshed/Trikeshed/src/commonMain/kotlin/borg/trikeshed/parse/bbcursive/lib/repeat_.kt:41:26 Unresolved reference 'position'.
e: file:///Users/jim/work/v2superbikeshed/Trikeshed/src/commonMain/kotlin/borg/trikeshed/parse/bbcursive/lib/skipper_.kt:3:23 Unresolved reference 'ann'.
e: file:///Users/jim/work/v2superbikeshed/Trikeshed/src/commonMain/kotlin/borg/trikeshed/parse/bbcursive/lib/skipper_.kt:4:23 Unresolved reference 'std'.
e: file:///Users/jim/work/v2superbikeshed/Trikeshed/src/commonMain/kotlin/borg/trikeshed/parse/bbcursive/lib/skipper_.kt:6:8 Unresolved reference 'java'.
e: file:///Users/jim/work/v2superbikeshed/Trikeshed/src/commonMain/kotlin/borg/trikeshed/parse/bbcursive/lib/skipper_.kt:7:8 Unresolved reference 'java'.
e: file:///Users/jim/work/v2superbikeshed/Trikeshed/src/commonMain/kotlin/borg/trikeshed/parse/bbcursive/lib/skipper_.kt:8:8 Unresolved reference 'java'.
e: file:///Users/jim/work/v2superbikeshed/Trikeshed/src/commonMain/kotlin/borg/trikeshed/parse/bbcursive/lib/skipper_.kt:10:8 Unresolved reference 'bbcursive'.
e: file:///Users/jim/work/v2superbikeshed/Trikeshed/src/commonMain/kotlin/borg/trikeshed/parse/bbcursive/lib/skipper_.kt:12:2 Unresolved reference 'Skipper'.
e: file:///Users/jim/work/v2superbikeshed/Trikeshed/src/commonMain/kotlin/borg/trikeshed/parse/bbcursive/lib/skipper_.kt:15:6 Unresolved reference 'Skipper'.
e: file:///Users/jim/work/v2superbikeshed/Trikeshed/src/commonMain/kotlin/borg/trikeshed/parse/bbcursive/lib/skipper_.kt:16:31 Unresolved reference 'UnaryOperator'.
e: file:///Users/jim/work/v2superbikeshed/Trikeshed/src/commonMain/kotlin/borg/trikeshed/parse/bbcursive/lib/skipper_.kt:16:45 Unresolved reference 'ByteBuffer'.
e: file:///Users/jim/work/v2superbikeshed/Trikeshed/src/commonMain/kotlin/borg/trikeshed/parse/bbcursive/lib/skipper_.kt:16:59 Unresolved reference 'UnaryOperator'.
e: file:///Users/jim/work/v2superbikeshed/Trikeshed/src/commonMain/kotlin/borg/trikeshed/parse/bbcursive/lib/skipper_.kt:16:73 Unresolved reference 'ByteBuffer'.
e: file:///Users/jim/work/v2superbikeshed/Trikeshed/src/commonMain/kotlin/borg/trikeshed/parse/bbcursive/lib/skipper_.kt:21:6 Unresolved reference 'Skipper'.
e: file:///Users/jim/work/v2superbikeshed/Trikeshed/src/commonMain/kotlin/borg/trikeshed/parse/bbcursive/lib/skipper_.kt:22:64 Unresolved reference 'UnaryOperator'.
e: file:///Users/jim/work/v2superbikeshed/Trikeshed/src/commonMain/kotlin/borg/trikeshed/parse/bbcursive/lib/skipper_.kt:22:78 Unresolved reference 'ByteBuffer'.
e: file:///Users/jim/work/v2superbikeshed/Trikeshed/src/commonMain/kotlin/borg/trikeshed/parse/bbcursive/lib/skipper_.kt:22:94 Unresolved reference 'UnaryOperator'.
e: file:///Users/jim/work/v2superbikeshed/Trikeshed/src/commonMain/kotlin/borg/trikeshed/parse/bbcursive/lib/skipper_.kt:22:108 Unresolved reference 'ByteBuffer'.
e: file:///Users/jim/work/v2superbikeshed/Trikeshed/src/commonMain/kotlin/borg/trikeshed/parse/bbcursive/lib/skipper_.kt:24:9 'toString' overrides nothing.
e: file:///Users/jim/work/v2superbikeshed/Trikeshed/src/commonMain/kotlin/borg/trikeshed/parse/bbcursive/lib/skipper_.kt:25:32 Unresolved reference 'Arrays'.
e: file:///Users/jim/work/v2superbikeshed/Trikeshed/src/commonMain/kotlin/borg/trikeshed/parse/bbcursive/lib/skipper_.kt:29:9 'apply' overrides nothing.
e: file:///Users/jim/work/v2superbikeshed/Trikeshed/src/commonMain/kotlin/borg/trikeshed/parse/bbcursive/lib/skipper_.kt:29:36 Unresolved reference 'ByteBuffer'.
e: file:///Users/jim/work/v2superbikeshed/Trikeshed/src/commonMain/kotlin/borg/trikeshed/parse/bbcursive/lib/skipper_.kt:29:49 Unresolved reference 'ByteBuffer'.
e: file:///Users/jim/work/v2superbikeshed/Trikeshed/src/commonMain/kotlin/borg/trikeshed/parse/bbcursive/lib/skipper_.kt:30:13 Unresolved reference 'std'.
e: file:///Users/jim/work/v2superbikeshed/Trikeshed/src/commonMain/kotlin/borg/trikeshed/parse/bbcursive/lib/skipper_.kt:30:29 Unresolved reference 'add'.
e: file:///Users/jim/work/v2superbikeshed/Trikeshed/src/commonMain/kotlin/borg/trikeshed/parse/bbcursive/lib/skipper_.kt:30:33 Unresolved reference 'std'.
e: file:///Users/jim/work/v2superbikeshed/Trikeshed/src/commonMain/kotlin/borg/trikeshed/parse/bbcursive/lib/skipper_.kt:32:20 Unresolved reference 'bb'.
e: file:///Users/jim/work/v2superbikeshed/Trikeshed/src/commonMain/kotlin/borg/trikeshed/parse/bbcursive/lib/strlit.kt:6:39 Unresolved reference 'UnaryOperator'.
e: file:///Users/jim/work/v2superbikeshed/Trikeshed/src/commonMain/kotlin/borg/trikeshed/parse/bbcursive/lib/strlit.kt:7:8 Unresolved reference 'java'.
e: file:///Users/jim/work/v2superbikeshed/Trikeshed/src/commonMain/kotlin/borg/trikeshed/parse/bbcursive/lib/strlit.kt:14:34 Unresolved reference 'UnaryOperator'.
e: file:///Users/jim/work/v2superbikeshed/Trikeshed/src/commonMain/kotlin/borg/trikeshed/parse/bbcursive/lib/strlit.kt:18:74 Unresolved reference 'UnaryOperator'.
e: file:///Users/jim/work/v2superbikeshed/Trikeshed/src/commonMain/kotlin/borg/trikeshed/parse/bbcursive/lib/strlit.kt:20:9 'toString' overrides nothing.
e: file:///Users/jim/work/v2superbikeshed/Trikeshed/src/commonMain/kotlin/borg/trikeshed/parse/bbcursive/lib/strlit.kt:21:20 Unresolved reference 'MessageFormat'.
e: file:///Users/jim/work/v2superbikeshed/Trikeshed/src/commonMain/kotlin/borg/trikeshed/parse/bbcursive/lib/strlit.kt:24:9 'invoke' overrides nothing.
e: file:///Users/jim/work/v2superbikeshed/Trikeshed/src/commonMain/kotlin/borg/trikeshed/parse/bbcursive/lib/strlit.kt:25:59 Unresolved reference. None of the following candidates is applicable because of a receiver type mismatch:
fun Join<Int, Function1<Int, Byte>>.toByteIndexedBuffer(pos: Int = ..., limit: Int = ...): ByteIndexedBuffer
e: file:///Users/jim/work/v2superbikeshed/Trikeshed/src/commonMain/kotlin/borg/trikeshed/parse/bbcursive/lib/u8tf.kt:3:8 Unresolved reference 'java'.
e: file:///Users/jim/work/v2superbikeshed/Trikeshed/src/commonMain/kotlin/borg/trikeshed/parse/bbcursive/lib/u8tf.kt:4:8 Unresolved reference 'java'.
e: file:///Users/jim/work/v2superbikeshed/Trikeshed/src/commonMain/kotlin/borg/trikeshed/parse/bbcursive/lib/u8tf.kt:15:31 Unresolved reference 'ByteBuffer'.
e: file:///Users/jim/work/v2superbikeshed/Trikeshed/src/commonMain/kotlin/borg/trikeshed/parse/bbcursive/lib/u8tf.kt:16:16 Unresolved reference 'StandardCharsets'.
e: file:///Users/jim/work/v2superbikeshed/Trikeshed/src/commonMain/kotlin/borg/trikeshed/parse/bbcursive/lib/u8tf.kt:25:21 Unresolved reference 'ByteBuffer'.
e: file:///Users/jim/work/v2superbikeshed/Trikeshed/src/commonMain/kotlin/borg/trikeshed/parse/bbcursive/lib/u8tf.kt:26:16 Unresolved reference 'StandardCharsets'.
e: file:///Users/jim/work/v2superbikeshed/Trikeshed/src/commonMain/kotlin/borg/trikeshed/parse/bbcursive/lib/value_.kt:3:23 Unresolved reference 'ann'.
e: file:///Users/jim/work/v2superbikeshed/Trikeshed/src/commonMain/kotlin/borg/trikeshed/parse/bbcursive/lib/value_.kt:4:23 Unresolved reference 'ann'.
e: file:///Users/jim/work/v2superbikeshed/Trikeshed/src/commonMain/kotlin/borg/trikeshed/parse/bbcursive/lib/value_.kt:6:39 Unresolved reference 'UnaryOperator'.
e: file:///Users/jim/work/v2superbikeshed/Trikeshed/src/commonMain/kotlin/borg/trikeshed/parse/bbcursive/lib/value_.kt:8:50 Cannot import 'infix'. Functions and properties can only be imported from packages or objects.
e: file:///Users/jim/work/v2superbikeshed/Trikeshed/src/commonMain/kotlin/borg/trikeshed/parse/bbcursive/lib/value_.kt:15:2 Unresolved reference 'Infix'.
e: file:///Users/jim/work/v2superbikeshed/Trikeshed/src/commonMain/kotlin/borg/trikeshed/parse/bbcursive/lib/value_.kt:16:2 Unresolved reference 'ForwardOnly'.
e: file:///Users/jim/work/v2superbikeshed/Trikeshed/src/commonMain/kotlin/borg/trikeshed/parse/bbcursive/lib/value_.kt:17:38 Unresolved reference 'UnaryOperator'.
e: file:///Users/jim/work/v2superbikeshed/Trikeshed/src/commonMain/kotlin/borg/trikeshed/parse/bbcursive/lib/value_.kt:27:5 'invoke' overrides nothing.
e: file:///Users/jim/work/v2superbikeshed/Trikeshed/src/commonMain/kotlin/borg/trikeshed/parse/bbcursive/lib/value_.kt:28:16 Unresolved reference 'infix'.
e: file:///Users/jim/work/v2superbikeshed/Trikeshed/src/commonMain/kotlin/borg/trikeshed/parse/bbcursive/std.kt:7:27 Unresolved reference 'pos'.
e: file:///Users/jim/work/v2superbikeshed/Trikeshed/src/commonMain/kotlin/borg/trikeshed/parse/bbcursive/std.kt:8:27 Unresolved reference 'rem'.
e: file:///Users/jim/work/v2superbikeshed/Trikeshed/src/commonMain/kotlin/borg/trikeshed/parse/bbcursive/std.kt:9:27 Unresolved reference 'rew'.
e: file:///Users/jim/work/v2superbikeshed/Trikeshed/src/commonMain/kotlin/borg/trikeshed/parse/bbcursive/std.kt:10:27 Unresolved reference 'lim'.
e: file:///Users/jim/work/v2superbikeshed/Trikeshed/src/commonMain/kotlin/borg/trikeshed/parse/bbcursive/std.kt:11:27 Unresolved reference 'mk'.
e: file:///Users/jim/work/v2superbikeshed/Trikeshed/src/commonMain/kotlin/borg/trikeshed/parse/bbcursive/std.kt:12:27 Unresolved reference 'clr'.
e: file:///Users/jim/work/v2superbikeshed/Trikeshed/src/commonMain/kotlin/borg/trikeshed/parse/bbcursive/std.kt:13:27 Unresolved reference 'rtrim'.
e: file:///Users/jim/work/v2superbikeshed/Trikeshed/src/commonMain/kotlin/borg/trikeshed/parse/bbcursive/std.kt:14:27 Unresolved reference 'dec'.
e: file:///Users/jim/work/v2superbikeshed/Trikeshed/src/commonMain/kotlin/borg/trikeshed/parse/bbcursive/std.kt:15:27 Unresolved reference 'inc'.
e: file:///Users/jim/work/v2superbikeshed/Trikeshed/src/commonMain/kotlin/borg/trikeshed/parse/bbcursive/std.kt:17:27 Unresolved reference 'duplicate'.
e: file:///Users/jim/work/v2superbikeshed/Trikeshed/src/commonMain/kotlin/borg/trikeshed/parse/bbcursive/std.kt:18:27 Unresolved reference 'flip'.
e: file:///Users/jim/work/v2superbikeshed/Trikeshed/src/commonMain/kotlin/borg/trikeshed/parse/bbcursive/std.kt:19:27 Unresolved reference 'ro'.
e: file:///Users/jim/work/v2superbikeshed/Trikeshed/src/commonMain/kotlin/borg/trikeshed/parse/bbcursive/std.kt:20:27 Unresolved reference 'hasRemaining'.
e: file:///Users/jim/work/v2superbikeshed/Trikeshed/src/commonMain/kotlin/borg/trikeshed/parse/bbcursive/std.kt:21:27 Unresolved reference 'put'.
e: file:///Users/jim/work/v2superbikeshed/Trikeshed/src/commonMain/kotlin/borg/trikeshed/parse/bbcursive/std.kt:22:27 Unresolved reference 'a'.
e: file:///Users/jim/work/v2superbikeshed/Trikeshed/src/commonMain/kotlin/borg/trikeshed/parse/bbcursive/std.kt:23:27 Unresolved reference 'b'.
e: file:///Users/jim/work/v2superbikeshed/Trikeshed/src/commonMain/kotlin/borg/trikeshed/parse/bbcursive/std.kt:25:27 Unresolved reference 'encodeToByteArray'.
e: file:///Users/jim/work/v2superbikeshed/Trikeshed/src/commonMain/kotlin/borg/trikeshed/parse/bbcursive/std.kt:27:27 Unresolved reference 'decodeToChars'.
e: file:///Users/jim/work/v2superbikeshed/Trikeshed/src/commonMain/kotlin/borg/trikeshed/parse/bbcursive/std.kt:34:39 Unresolved reference 'SessionContext'.
e: file:///Users/jim/work/v2superbikeshed/Trikeshed/src/commonMain/kotlin/borg/trikeshed/parse/bbcursive/std.kt:41:23 Unresolved reference 'full'.
e: file:///Users/jim/work/v2superbikeshed/Trikeshed/src/commonMain/kotlin/borg/trikeshed/parse/bbcursive/std.kt:42:23 Unresolved reference 'full'.
e: file:///Users/jim/work/v2superbikeshed/Trikeshed/src/commonMain/kotlin/borg/trikeshed/parse/bbcursive/std.kt:70:54 Unresolved reference 'UnaryOperator'.
e: file:///Users/jim/work/v2superbikeshed/Trikeshed/src/commonMain/kotlin/borg/trikeshed/parse/bbcursive/std.kt:72:37 Unresolved reference 'Traits'.
e: file:///Users/jim/work/v2superbikeshed/Trikeshed/src/commonMain/kotlin/borg/trikeshed/parse/bbcursive/std.kt:73:17 Unresolved reference 'UnaryOperator'.
e: file:///Users/jim/work/v2superbikeshed/Trikeshed/src/commonMain/kotlin/borg/trikeshed/parse/bbcursive/std.kt:75:47 Unresolved reference 'Key'.
e: file:///Users/jim/work/v2superbikeshed/Trikeshed/src/commonMain/kotlin/borg/trikeshed/parse/bbcursive/std.kt:80:34 Unresolved reference 'System'.
e: file:///Users/jim/work/v2superbikeshed/Trikeshed/src/commonMain/kotlin/borg/trikeshed/parse/bbcursive/std.kt:83:32 Unresolved reference 'flags'.
e: file:///Users/jim/work/v2superbikeshed/Trikeshed/src/commonMain/kotlin/borg/trikeshed/parse/bbcursive/std.kt:83:47 Unresolved reference 'Traits'.
e: file:///Users/jim/work/v2superbikeshed/Trikeshed/src/commonMain/kotlin/borg/trikeshed/parse/bbcursive/std.kt:90:22 Argument type mismatch: actual type is 'ByteIndexedBuffer', but 'K (of fun <K> WHEN_CALL)' was expected.
e: file:///Users/jim/work/v2superbikeshed/Trikeshed/src/commonMain/kotlin/borg/trikeshed/parse/bbcursive/std.kt:91:22 Argument type mismatch: actual type is 'R (of fun <T, R> DeepRecursiveFunction<T, R>.invoke)', but 'K (of fun <K> WHEN_CALL)' was expected.
e: file:///Users/jim/work/v2superbikeshed/Trikeshed/src/commonMain/kotlin/borg/trikeshed/parse/bbcursive/std.kt:91:25 Cannot infer type for this parameter. Specify it explicitly.
e: file:///Users/jim/work/v2superbikeshed/Trikeshed/src/commonMain/kotlin/borg/trikeshed/parse/bbcursive/std.kt:91:25 Unresolved reference. None of the following candidates is applicable because of a receiver type mismatch:
fun <T, R> DeepRecursiveFunction<T, R>.invoke(value: T): R
e: file:///Users/jim/work/v2superbikeshed/Trikeshed/src/commonMain/kotlin/borg/trikeshed/parse/bbcursive/std.kt:92:25 Argument type mismatch: actual type is 'ByteIndexedBuffer?', but 'K (of fun <K> WHEN_CALL)' was expected.
e: file:///Users/jim/work/v2superbikeshed/Trikeshed/src/commonMain/kotlin/borg/trikeshed/parse/bbcursive/std.kt:95:45 Unresolved reference 'flags'.
e: file:///Users/jim/work/v2superbikeshed/Trikeshed/src/commonMain/kotlin/borg/trikeshed/parse/bbcursive/std.kt:95:60 Unresolved reference 'Traits'.
e: file:///Users/jim/work/v2superbikeshed/Trikeshed/src/commonMain/kotlin/borg/trikeshed/parse/bbcursive/std.kt:97:21 Unresolved reference 'System'.
e: file:///Users/jim/work/v2superbikeshed/Trikeshed/src/commonMain/kotlin/borg/trikeshed/parse/bbcursive/std.kt:100:32 Unresolved reference 'outbox'.
e: file:///Users/jim/work/v2superbikeshed/Trikeshed/src/commonMain/kotlin/borg/trikeshed/parse/bbcursive/std.kt:100:39 Unresolved reference 'ParseResult'.
e: file:///Users/jim/work/v2superbikeshed/Trikeshed/src/commonMain/kotlin/borg/trikeshed/parse/bbcursive/std.kt:100:95 Unresolved reference 'flags'.
e: file:///Users/jim/work/v2superbikeshed/Trikeshed/src/commonMain/kotlin/borg/trikeshed/parse/bbcursive/std.kt:103:22 Cannot infer type for this parameter. Specify it explicitly.
e: file:///Users/jim/work/v2superbikeshed/Trikeshed/src/commonMain/kotlin/borg/trikeshed/parse/bbcursive/std.kt:103:22 Not enough information to infer type argument for 'R'.
e: file:///Users/jim/work/v2superbikeshed/Trikeshed/src/commonMain/kotlin/borg/trikeshed/parse/bbcursive/std.kt:103:43 Unresolved reference 'flags'.
e: file:///Users/jim/work/v2superbikeshed/Trikeshed/src/commonMain/kotlin/borg/trikeshed/parse/bbcursive/std.kt:103:49 Cannot infer type for this parameter. Specify it explicitly.
e: file:///Users/jim/work/v2superbikeshed/Trikeshed/src/commonMain/kotlin/borg/trikeshed/parse/bbcursive/std.kt:103:55 Cannot infer type for this parameter. Specify it explicitly.
e: file:///Users/jim/work/v2superbikeshed/Trikeshed/src/commonMain/kotlin/borg/trikeshed/parse/bbcursive/std.kt:107:35 Unresolved reference 'UnaryOperator'.
e: file:///Users/jim/work/v2superbikeshed/Trikeshed/src/commonMain/kotlin/borg/trikeshed/parse/bbcursive/std.kt:107:82 Unresolved reference 'Traits'.
e: file:///Users/jim/work/v2superbikeshed/Trikeshed/src/commonMain/kotlin/borg/trikeshed/parse/bbcursive/std.kt:108:30 Suspend property 'val coroutineContext: CoroutineContext' can only be accessed from a coroutine or suspend function.
e: file:///Users/jim/work/v2superbikeshed/Trikeshed/src/commonMain/kotlin/borg/trikeshed/parse/bbcursive/std.kt:108:47 Unresolved reference 'Key'.
e: file:///Users/jim/work/v2superbikeshed/Trikeshed/src/commonMain/kotlin/borg/trikeshed/parse/bbcursive/std.kt:111:32 Unresolved reference 'flags'.
e: file:///Users/jim/work/v2superbikeshed/Trikeshed/src/commonMain/kotlin/borg/trikeshed/parse/bbcursive/std.kt:115:20 Unresolved reference 'hasAnnotation'.
e: file:///Users/jim/work/v2superbikeshed/Trikeshed/src/commonMain/kotlin/borg/trikeshed/parse/bbcursive/std.kt:117:19 Unresolved reference 'Traits'.
e: file:///Users/jim/work/v2superbikeshed/Trikeshed/src/commonMain/kotlin/borg/trikeshed/parse/bbcursive/std.kt:118:16 Not enough information to infer type argument for 'K'.
e: file:///Users/jim/work/v2superbikeshed/Trikeshed/src/commonMain/kotlin/borg/trikeshed/parse/bbcursive/std.kt:118:27 Unresolved reference 'hasAnnotation'.
e: file:///Users/jim/work/v2superbikeshed/Trikeshed/src/commonMain/kotlin/borg/trikeshed/parse/bbcursive/std.kt:120:15 Cannot infer type for this parameter. Specify it explicitly.
e: file:///Users/jim/work/v2superbikeshed/Trikeshed/src/commonMain/kotlin/borg/trikeshed/parse/bbcursive/std.kt:120:15 'fun <T> MutableList<T>.remove(index: Int): T' is deprecated. Use removeAt(index) instead.
e: file:///Users/jim/work/v2superbikeshed/Trikeshed/src/commonMain/kotlin/borg/trikeshed/parse/bbcursive/std.kt:120:15 Not enough information to infer type argument for 'T'.
e: file:///Users/jim/work/v2superbikeshed/Trikeshed/src/commonMain/kotlin/borg/trikeshed/parse/bbcursive/std.kt:120:22 Unresolved reference 'Traits'.
e: file:///Users/jim/work/v2superbikeshed/Trikeshed/src/commonMain/kotlin/borg/trikeshed/parse/bbcursive/std.kt:122:20 Unresolved reference 'hasAnnotation'.
e: file:///Users/jim/work/v2superbikeshed/Trikeshed/src/commonMain/kotlin/borg/trikeshed/parse/bbcursive/std.kt:124:19 Unresolved reference 'Traits'.
e: file:///Users/jim/work/v2superbikeshed/Trikeshed/src/commonMain/kotlin/borg/trikeshed/parse/bbcursive/std.kt:125:16 Not enough information to infer type argument for 'K'.
e: file:///Users/jim/work/v2superbikeshed/Trikeshed/src/commonMain/kotlin/borg/trikeshed/parse/bbcursive/std.kt:125:27 Unresolved reference 'hasAnnotation'.
e: file:///Users/jim/work/v2superbikeshed/Trikeshed/src/commonMain/kotlin/borg/trikeshed/parse/bbcursive/std.kt:127:15 Cannot infer type for this parameter. Specify it explicitly.
e: file:///Users/jim/work/v2superbikeshed/Trikeshed/src/commonMain/kotlin/borg/trikeshed/parse/bbcursive/std.kt:127:15 'fun <T> MutableList<T>.remove(index: Int): T' is deprecated. Use removeAt(index) instead.
e: file:///Users/jim/work/v2superbikeshed/Trikeshed/src/commonMain/kotlin/borg/trikeshed/parse/bbcursive/std.kt:127:15 Not enough information to infer type argument for 'T'.
e: file:///Users/jim/work/v2superbikeshed/Trikeshed/src/commonMain/kotlin/borg/trikeshed/parse/bbcursive/std.kt:127:22 Unresolved reference 'Traits'.
e: file:///Users/jim/work/v2superbikeshed/Trikeshed/src/commonMain/kotlin/borg/trikeshed/parse/bbcursive/std.kt:129:28 Cannot infer type for this parameter. Specify it explicitly.
e: file:///Users/jim/work/v2superbikeshed/Trikeshed/src/commonMain/kotlin/borg/trikeshed/parse/bbcursive/std.kt:132:58 Unresolved reference 'UnaryOperator'.
e: file:///Users/jim/work/v2superbikeshed/Trikeshed/src/commonMain/kotlin/borg/trikeshed/parse/bbcursive/std.kt:136:21 Cannot infer type for this parameter. Specify it explicitly.
e: file:///Users/jim/work/v2superbikeshed/Trikeshed/src/commonMain/kotlin/borg/trikeshed/parse/bbcursive/std.kt:136:21 Unresolved reference. None of the following candidates is applicable because of a receiver type mismatch:
fun <T, R> DeepRecursiveFunction<T, R>.invoke(value: T): R
e: file:///Users/jim/work/v2superbikeshed/Trikeshed/src/commonMain/kotlin/borg/trikeshed/parse/bbcursive/std.kt:163:58 Unresolved reference 'UnaryOperator'.
e: file:///Users/jim/work/v2superbikeshed/Trikeshed/src/commonMain/kotlin/borg/trikeshed/parse/bbcursive/std.kt:164:18 Suspend function 'suspend fun bb(b: ByteIndexedBuffer, vararg ops: ERROR CLASS: Symbol not found for UnaryOperator): ByteIndexedBuffer?' can only be called from a coroutine or another suspend function.
e: file:///Users/jim/work/v2superbikeshed/Trikeshed/src/commonMain/kotlin/borg/trikeshed/parse/bbcursive/std.kt:165:34 Unresolved reference. None of the following candidates is applicable because of a receiver type mismatch:
fun Join<Int, Function1<Int, Byte>>.asString(): String
e: file:///Users/jim/work/v2superbikeshed/Trikeshed/src/commonMain/kotlin/borg/trikeshed/parse/bbcursive/std.kt:168:53 Unresolved reference 'UnaryOperator'.
e: file:///Users/jim/work/v2superbikeshed/Trikeshed/src/commonMain/kotlin/borg/trikeshed/parse/bbcursive/std.kt:172:52 Unresolved reference 'UnaryOperator'.
e: file:///Users/jim/work/v2superbikeshed/Trikeshed/src/commonMain/kotlin/borg/trikeshed/parse/bbcursive/std.kt:173:61 Unresolved reference. None of the following candidates is applicable because of a receiver type mismatch:
fun Join<Int, Function1<Int, Byte>>.toByteIndexedBuffer(pos: Int = ..., limit: Int = ...): ByteIndexedBuffer
e: file:///Users/jim/work/v2superbikeshed/Trikeshed/src/commonMain/kotlin/borg/trikeshed/parse/bbcursive/std.kt:180:58 Unresolved reference 'UnaryOperator'.
e: file:///Users/jim/work/v2superbikeshed/Trikeshed/src/commonMain/kotlin/borg/trikeshed/parse/bbcursive/std.kt:181:16 Suspend function 'suspend fun bb(b: ByteIndexedBuffer, vararg ops: ERROR CLASS: Symbol not found for UnaryOperator): ByteIndexedBuffer?' can only be called from a coroutine or another suspend function.
e: file:///Users/jim/work/v2superbikeshed/Trikeshed/src/commonMain/kotlin/borg/trikeshed/parse/bbcursive/std.kt:181:54 Unresolved reference. None of the following candidates is applicable because of a receiver type mismatch:
fun Join<Int, Function1<Int, Byte>>.toByteIndexedBuffer(pos: Int = ..., limit: Int = ...): ByteIndexedBuffer
e: file:///Users/jim/work/v2superbikeshed/Trikeshed/src/commonMain/kotlin/borg/trikeshed/parse/bbcursive/std.kt:188:66 Overload resolution ambiguity between candidates:
fun ByteArray.toIndexed(): Join<Int, Function1<Int, Byte>>
fun <T> Any.toIndexed(): Join<Int, Function1<Int, T>>
fun ByteArray.toIndexed(): Join<Int, Function1<Int, Byte>>
e: file:///Users/jim/work/v2superbikeshed/Trikeshed/src/commonMain/kotlin/borg/trikeshed/parse/bbcursive/std.kt:189:13 Cannot infer type for this parameter. Specify it explicitly.
e: file:///Users/jim/work/v2superbikeshed/Trikeshed/src/commonMain/kotlin/borg/trikeshed/parse/bbcursive/std.kt:189:16 No value passed for parameter 'value'.
e: file:///Users/jim/work/v2superbikeshed/Trikeshed/src/commonMain/kotlin/borg/trikeshed/parse/bbcursive/std.kt:189:19 Unresolved reference 'duplicate'.
e: file:///Users/jim/work/v2superbikeshed/Trikeshed/src/commonMain/kotlin/borg/trikeshed/parse/bbcursive/std.kt:189:31 Cannot infer type for this parameter. Specify it explicitly.
e: file:///Users/jim/work/v2superbikeshed/Trikeshed/src/commonMain/kotlin/borg/trikeshed/parse/bbcursive/std.kt:189:37 Cannot infer type for this parameter. Specify it explicitly.
e: file:///Users/jim/work/v2superbikeshed/Trikeshed/src/commonMain/kotlin/borg/trikeshed/parse/bbcursive/std.kt:190:23 Unresolved reference 'hasRemaining'.
e: file:///Users/jim/work/v2superbikeshed/Trikeshed/src/commonMain/kotlin/borg/trikeshed/parse/bbcursive/std.kt:190:47 Unresolved reference 'put'.
e: file:///Users/jim/work/v2superbikeshed/Trikeshed/src/commonMain/kotlin/borg/trikeshed/parse/bbcursive/std.kt:190:55 Cannot infer type for this parameter. Specify it explicitly.
e: file:///Users/jim/work/v2superbikeshed/Trikeshed/src/commonMain/kotlin/borg/trikeshed/parse/bbcursive/std.kt:190:58 No value passed for parameter 'column'.
e: file:///Users/jim/work/v2superbikeshed/Trikeshed/src/commonMain/kotlin/borg/trikeshed/parse/bbcursive/std.kt:192:26 Unresolved reference 'rew'.
e: file:///Users/jim/work/v2superbikeshed/Trikeshed/src/commonMain/kotlin/borg/trikeshed/parse/bbcursive/std.kt:202:28 Argument type mismatch: actual type is 'Unit', but 'K (of fun <K> WHEN_CALL)' was expected.
e: file:///Users/jim/work/v2superbikeshed/Trikeshed/src/commonMain/kotlin/borg/trikeshed/parse/bbcursive/std.kt:210:57 Overload resolution ambiguity between candidates:
fun ByteArray.toIndexed(): Join<Int, Function1<Int, Byte>>
fun <T> Any.toIndexed(): Join<Int, Function1<Int, T>>
fun ByteArray.toIndexed(): Join<Int, Function1<Int, Byte>>
e: file:///Users/jim/work/v2superbikeshed/Trikeshed/src/commonMain/kotlin/borg/trikeshed/parse/bbcursive/std.kt:212:35 Cannot infer type for this parameter. Specify it explicitly.
e: file:///Users/jim/work/v2superbikeshed/Trikeshed/src/commonMain/kotlin/borg/trikeshed/parse/bbcursive/std.kt:212:38 No value passed for parameter 'value'.
e: file:///Users/jim/work/v2superbikeshed/Trikeshed/src/commonMain/kotlin/borg/trikeshed/parse/bbcursive/std.kt:212:41 Unresolved reference 'duplicate'.
e: file:///Users/jim/work/v2superbikeshed/Trikeshed/src/commonMain/kotlin/borg/trikeshed/parse/bbcursive/std.kt:212:53 Cannot infer type for this parameter. Specify it explicitly.
e: file:///Users/jim/work/v2superbikeshed/Trikeshed/src/commonMain/kotlin/borg/trikeshed/parse/bbcursive/std.kt:212:59 Cannot infer type for this parameter. Specify it explicitly.
e: file:///Users/jim/work/v2superbikeshed/Trikeshed/src/commonMain/kotlin/borg/trikeshed/parse/bbcursive/std.kt:213:31 Unresolved reference 'hasRemaining'.
e: file:///Users/jim/work/v2superbikeshed/Trikeshed/src/commonMain/kotlin/borg/trikeshed/parse/bbcursive/std.kt:213:52 Unresolved reference 'put'.
e: file:///Users/jim/work/v2superbikeshed/Trikeshed/src/commonMain/kotlin/borg/trikeshed/parse/bbcursive/std.kt:213:60 Cannot infer type for this parameter. Specify it explicitly.
e: file:///Users/jim/work/v2superbikeshed/Trikeshed/src/commonMain/kotlin/borg/trikeshed/parse/bbcursive/std.kt:213:63 No value passed for parameter 'column'.
e: file:///Users/jim/work/v2superbikeshed/Trikeshed/src/commonMain/kotlin/borg/trikeshed/parse/bbcursive/std.kt:216:13 Argument type mismatch: actual type is 'R (of fun <T, R> DeepRecursiveFunction<T, R>.invoke)', but 'K (of fun <K> WHEN_CALL)' was expected.
e: file:///Users/jim/work/v2superbikeshed/Trikeshed/src/commonMain/kotlin/borg/trikeshed/parse/bbcursive/std.kt:216:20 Cannot infer type for this parameter. Specify it explicitly.
e: file:///Users/jim/work/v2superbikeshed/Trikeshed/src/commonMain/kotlin/borg/trikeshed/parse/bbcursive/std.kt:216:23 No value passed for parameter 'value'.
e: file:///Users/jim/work/v2superbikeshed/Trikeshed/src/commonMain/kotlin/borg/trikeshed/parse/bbcursive/std.kt:243:34 Cannot infer type for this parameter. Specify it explicitly.
e: file:///Users/jim/work/v2superbikeshed/Trikeshed/src/commonMain/kotlin/borg/trikeshed/parse/bbcursive/std.kt:243:37 No value passed for parameter 'column'.
e: file:///Users/jim/work/v2superbikeshed/Trikeshed/src/commonMain/kotlin/borg/trikeshed/parse/bbcursive/std.kt:247:39 Cannot infer type for this parameter. Specify it explicitly.
e: file:///Users/jim/work/v2superbikeshed/Trikeshed/src/commonMain/kotlin/borg/trikeshed/parse/bbcursive/std.kt:247:42 No value passed for parameter 'column'.
e: file:///Users/jim/work/v2superbikeshed/Trikeshed/src/commonMain/kotlin/borg/trikeshed/parse/bbcursive/std.kt:263:19 Cannot infer type for this parameter. Specify it explicitly.
e: file:///Users/jim/work/v2superbikeshed/Trikeshed/src/commonMain/kotlin/borg/trikeshed/parse/bbcursive/std.kt:263:22 No value passed for parameter 'value'.
e: file:///Users/jim/work/v2superbikeshed/Trikeshed/src/commonMain/kotlin/borg/trikeshed/parse/bbcursive/std.kt:271:42 Unresolved reference 'Character'.
e: file:///Users/jim/work/v2superbikeshed/Trikeshed/src/commonMain/kotlin/borg/trikeshed/parse/bbcursive/std.kt:276:21 This declaration needs opt-in. Its usage must be marked with '@kotlin.experimental.ExperimentalNativeApi' or '@OptIn(kotlin.experimental.ExperimentalNativeApi::class)'
e: file:///Users/jim/work/v2superbikeshed/Trikeshed/src/commonMain/kotlin/borg/trikeshed/parse/bbcursive/std.kt:280:21 This declaration needs opt-in. Its usage must be marked with '@kotlin.experimental.ExperimentalNativeApi' or '@OptIn(kotlin.experimental.ExperimentalNativeApi::class)'
e: file:///Users/jim/work/v2superbikeshed/Trikeshed/src/commonMain/kotlin/borg/trikeshed/parse/bbcursive/std.kt:284:21 This declaration needs opt-in. Its usage must be marked with '@kotlin.experimental.ExperimentalNativeApi' or '@OptIn(kotlin.experimental.ExperimentalNativeApi::class)'
e: file:///Users/jim/work/v2superbikeshed/Trikeshed/src/commonMain/kotlin/borg/trikeshed/parse/bbcursive/std.kt:288:26 Unresolved reference 'Character'.
e: file:///Users/jim/work/v2superbikeshed/Trikeshed/src/commonMain/kotlin/borg/trikeshed/parse/bbcursive/std.kt:288:75 Cannot infer type for this parameter. Specify it explicitly.
e: file:///Users/jim/work/v2superbikeshed/Trikeshed/src/commonMain/kotlin/borg/trikeshed/parse/bbcursive/std.kt:288:78 No value passed for parameter 'value'.
e: file:///Users/jim/work/v2superbikeshed/Trikeshed/src/commonMain/kotlin/borg/trikeshed/parse/bbcursive/vtables/CString.kt:3:23 Unresolved reference 'std'.
e: file:///Users/jim/work/v2superbikeshed/Trikeshed/src/commonMain/kotlin/borg/trikeshed/parse/bbcursive/vtables/CString.kt:5:8 Unresolved reference 'java'.
e: file:///Users/jim/work/v2superbikeshed/Trikeshed/src/commonMain/kotlin/borg/trikeshed/parse/bbcursive/vtables/CString.kt:6:8 Unresolved reference 'java'.
e: file:///Users/jim/work/v2superbikeshed/Trikeshed/src/commonMain/kotlin/borg/trikeshed/parse/bbcursive/vtables/CString.kt:8:8 Unresolved reference 'bbcursive'.
e: file:///Users/jim/work/v2superbikeshed/Trikeshed/src/commonMain/kotlin/borg/trikeshed/parse/bbcursive/vtables/CString.kt:9:8 Unresolved reference 'bbcursive'.
e: file:///Users/jim/work/v2superbikeshed/Trikeshed/src/commonMain/kotlin/borg/trikeshed/parse/bbcursive/vtables/CString.kt:10:8 Unresolved reference 'bbcursive'.
e: file:///Users/jim/work/v2superbikeshed/Trikeshed/src/commonMain/kotlin/borg/trikeshed/parse/bbcursive/vtables/CString.kt:17:27 Classifier 'inner class _mutator : Any' does not have a companion object, so it cannot be used as an expression.
e: file:///Users/jim/work/v2superbikeshed/Trikeshed/src/commonMain/kotlin/borg/trikeshed/parse/bbcursive/vtables/CString.kt:17:35 Syntax error: Property getter or setter expected.
e: file:///Users/jim/work/v2superbikeshed/Trikeshed/src/commonMain/kotlin/borg/trikeshed/parse/bbcursive/vtables/CString.kt:18:27 Classifier 'inner class _reifier : Any' does not have a companion object, so it cannot be used as an expression.
e: file:///Users/jim/work/v2superbikeshed/Trikeshed/src/commonMain/kotlin/borg/trikeshed/parse/bbcursive/vtables/CString.kt:18:35 Syntax error: Property getter or setter expected.
e: file:///Users/jim/work/v2superbikeshed/Trikeshed/src/commonMain/kotlin/borg/trikeshed/parse/bbcursive/vtables/CString.kt:19:31 No type arguments expected for inner class _mutator : Any.
e: file:///Users/jim/work/v2superbikeshed/Trikeshed/src/commonMain/kotlin/borg/trikeshed/parse/bbcursive/vtables/CString.kt:22:31 No type arguments expected for inner class _reifier : Any.
e: file:///Users/jim/work/v2superbikeshed/Trikeshed/src/commonMain/kotlin/borg/trikeshed/parse/bbcursive/vtables/CString.kt:24:33 Syntax error: Expecting member declaration.
e: file:///Users/jim/work/v2superbikeshed/Trikeshed/src/commonMain/kotlin/borg/trikeshed/parse/bbcursive/vtables/CString.kt:24:35 Syntax error: Expecting member declaration.
e: file:///Users/jim/work/v2superbikeshed/Trikeshed/src/commonMain/kotlin/borg/trikeshed/parse/bbcursive/vtables/CString.kt:24:37 Syntax error: Expecting member declaration.
e: file:///Users/jim/work/v2superbikeshed/Trikeshed/src/commonMain/kotlin/borg/trikeshed/parse/bbcursive/vtables/CString.kt:24:45 Syntax error: Expecting member declaration.
e: file:///Users/jim/work/v2superbikeshed/Trikeshed/src/commonMain/kotlin/borg/trikeshed/parse/bbcursive/vtables/CString.kt:24:46 Syntax error: Expecting member declaration.
e: file:///Users/jim/work/v2superbikeshed/Trikeshed/src/commonMain/kotlin/borg/trikeshed/parse/bbcursive/vtables/CString.kt:24:52 Syntax error: Expecting member declaration.
e: file:///Users/jim/work/v2superbikeshed/Trikeshed/src/commonMain/kotlin/borg/trikeshed/parse/bbcursive/vtables/CString.kt:24:53 Syntax error: Expecting member declaration.
e: file:///Users/jim/work/v2superbikeshed/Trikeshed/src/commonMain/kotlin/borg/trikeshed/parse/bbcursive/vtables/CString.kt:24:54 Syntax error: Expecting member declaration.
e: file:///Users/jim/work/v2superbikeshed/Trikeshed/src/commonMain/kotlin/borg/trikeshed/parse/bbcursive/vtables/CString.kt:24:56 Syntax error: Expecting member declaration.
e: file:///Users/jim/work/v2superbikeshed/Trikeshed/src/commonMain/kotlin/borg/trikeshed/parse/bbcursive/vtables/CString.kt:24:56 Function declaration must have a name.
e: file:///Users/jim/work/v2superbikeshed/Trikeshed/src/commonMain/kotlin/borg/trikeshed/parse/bbcursive/vtables/CString.kt:25:9 Modifier 'override' is not applicable to 'local function'.
e: file:///Users/jim/work/v2superbikeshed/Trikeshed/src/commonMain/kotlin/borg/trikeshed/parse/bbcursive/vtables/CString.kt:27:27 Unresolved reference 'getContext'.
e: file:///Users/jim/work/v2superbikeshed/Trikeshed/src/commonMain/kotlin/borg/trikeshed/parse/bbcursive/vtables/CString.kt:29:13 Unresolved reference 'bb'.
e: file:///Users/jim/work/v2superbikeshed/Trikeshed/src/commonMain/kotlin/borg/trikeshed/parse/bbcursive/vtables/CString.kt:29:16 Unresolved reference 'std'.
e: file:///Users/jim/work/v2superbikeshed/Trikeshed/src/commonMain/kotlin/borg/trikeshed/parse/bbcursive/vtables/CString.kt:29:24 Unresolved reference 'bb'.
e: file:///Users/jim/work/v2superbikeshed/Trikeshed/src/commonMain/kotlin/borg/trikeshed/parse/bbcursive/vtables/CString.kt:29:38 Unresolved reference 'mark'.
e: file:///Users/jim/work/v2superbikeshed/Trikeshed/src/commonMain/kotlin/borg/trikeshed/parse/bbcursive/vtables/CString.kt:29:45 Unresolved reference 'StandardCharsets'.
e: file:///Users/jim/work/v2superbikeshed/Trikeshed/src/commonMain/kotlin/borg/trikeshed/parse/bbcursive/vtables/CString.kt:29:80 Unresolved reference 'duplicate'.
e: file:///Users/jim/work/v2superbikeshed/Trikeshed/src/commonMain/kotlin/borg/trikeshed/parse/bbcursive/vtables/CString.kt:29:91 Unresolved reference 'reset'.
e: file:///Users/jim/work/v2superbikeshed/Trikeshed/src/commonMain/kotlin/borg/trikeshed/parse/bbcursive/vtables/CString.kt:29:98 Function invocation 'slice(...)' expected.
e: file:///Users/jim/work/v2superbikeshed/Trikeshed/src/commonMain/kotlin/borg/trikeshed/parse/bbcursive/vtables/CString.kt:29:105 Unresolved reference 'debug'.
e: file:///Users/jim/work/v2superbikeshed/Trikeshed/src/commonMain/kotlin/borg/trikeshed/parse/bbcursive/vtables/CString.kt:30:20 Unresolved reference 'getContext'.
e: file:///Users/jim/work/v2superbikeshed/Trikeshed/src/commonMain/kotlin/borg/trikeshed/parse/bbcursive/vtables/CString.kt:33:33 Syntax error: Expecting member declaration.
e: file:///Users/jim/work/v2superbikeshed/Trikeshed/src/commonMain/kotlin/borg/trikeshed/parse/bbcursive/vtables/CString.kt:33:35 Syntax error: Expecting member declaration.
e: file:///Users/jim/work/v2superbikeshed/Trikeshed/src/commonMain/kotlin/borg/trikeshed/parse/bbcursive/vtables/CString.kt:33:37 Syntax error: Expecting member declaration.
e: file:///Users/jim/work/v2superbikeshed/Trikeshed/src/commonMain/kotlin/borg/trikeshed/parse/bbcursive/vtables/CString.kt:33:45 Syntax error: Expecting member declaration.
e: file:///Users/jim/work/v2superbikeshed/Trikeshed/src/commonMain/kotlin/borg/trikeshed/parse/bbcursive/vtables/CString.kt:33:46 Syntax error: Expecting member declaration.
e: file:///Users/jim/work/v2superbikeshed/Trikeshed/src/commonMain/kotlin/borg/trikeshed/parse/bbcursive/vtables/CString.kt:33:52 Syntax error: Expecting member declaration.
e: file:///Users/jim/work/v2superbikeshed/Trikeshed/src/commonMain/kotlin/borg/trikeshed/parse/bbcursive/vtables/CString.kt:33:54 Syntax error: Expecting member declaration.
e: file:///Users/jim/work/v2superbikeshed/Trikeshed/src/commonMain/kotlin/borg/trikeshed/parse/bbcursive/vtables/CString.kt:33:54 Function declaration must have a name.
e: file:///Users/jim/work/v2superbikeshed/Trikeshed/src/commonMain/kotlin/borg/trikeshed/parse/bbcursive/vtables/CString.kt:34:9 Modifier 'override' is not applicable to 'local function'.
e: file:///Users/jim/work/v2superbikeshed/Trikeshed/src/commonMain/kotlin/borg/trikeshed/parse/bbcursive/vtables/CString.kt:35:21 Unresolved reference 'bb'.
e: file:///Users/jim/work/v2superbikeshed/Trikeshed/src/commonMain/kotlin/borg/trikeshed/parse/bbcursive/vtables/CString.kt:35:39 Unresolved reference 'mark'.
e: file:///Users/jim/work/v2superbikeshed/Trikeshed/src/commonMain/kotlin/borg/trikeshed/parse/bbcursive/vtables/CString.kt:35:45 Function invocation 'slice(...)' expected.
e: file:///Users/jim/work/v2superbikeshed/Trikeshed/src/commonMain/kotlin/borg/trikeshed/parse/bbcursive/vtables/CString.kt:36:48 Unresolved reference. None of the following candidates is applicable because of a receiver type mismatch:
fun String.compareTo(other: String, ignoreCase: Boolean = ...): Int
e: file:///Users/jim/work/v2superbikeshed/Trikeshed/src/commonMain/kotlin/borg/trikeshed/parse/bbcursive/vtables/CString.kt:37:20 Unresolved reference 'str'.
e: file:///Users/jim/work/v2superbikeshed/Trikeshed/src/commonMain/kotlin/borg/trikeshed/parse/bbcursive/vtables/_edge.kt:46:16 Return type mismatch: expected 'addressType (of class _edge<coreType, addressType>)', actual 'Any?'.
e: file:///Users/jim/work/v2superbikeshed/Trikeshed/src/commonMain/kotlin/borg/trikeshed/parse/bbcursive/vtables/_edge.kt:46:96 Function invocation 'r()' expected.
e: file:///Users/jim/work/v2superbikeshed/Trikeshed/src/commonMain/kotlin/borg/trikeshed/parse/bbcursive/vtables/_edge.kt:46:97 Syntax error: Unexpected tokens (use ';' to separate expressions on the same line).
e: file:///Users/jim/work/v2superbikeshed/Trikeshed/src/commonMain/kotlin/borg/trikeshed/parse/bbcursive/vtables/_edge.kt:52:29 Syntax error: Expecting '('.
e: file:///Users/jim/work/v2superbikeshed/Trikeshed/src/commonMain/kotlin/borg/trikeshed/parse/bbcursive/vtables/_edge.kt:52:29 Syntax error: Expecting member declaration.
e: file:///Users/jim/work/v2superbikeshed/Trikeshed/src/commonMain/kotlin/borg/trikeshed/parse/bbcursive/vtables/_edge.kt:52:30 Syntax error: Expecting member declaration.
e: file:///Users/jim/work/v2superbikeshed/Trikeshed/src/commonMain/kotlin/borg/trikeshed/parse/bbcursive/vtables/_edge.kt:52:31 Syntax error: Expecting member declaration.
e: file:///Users/jim/work/v2superbikeshed/Trikeshed/src/commonMain/kotlin/borg/trikeshed/parse/bbcursive/vtables/_edge.kt:52:32 Syntax error: Expecting member declaration.
e: file:///Users/jim/work/v2superbikeshed/Trikeshed/src/commonMain/kotlin/borg/trikeshed/parse/bbcursive/vtables/_edge.kt:52:34 Syntax error: Expecting member declaration.
e: file:///Users/jim/work/v2superbikeshed/Trikeshed/src/commonMain/kotlin/borg/trikeshed/parse/bbcursive/vtables/_mutator.kt:3:8 Unresolved reference 'java'.
e: file:///Users/jim/work/v2superbikeshed/Trikeshed/src/commonMain/kotlin/borg/trikeshed/parse/bbcursive/vtables/_mutator.kt:4:8 Unresolved reference 'java'.
e: file:///Users/jim/work/v2superbikeshed/Trikeshed/src/commonMain/kotlin/borg/trikeshed/parse/bbcursive/vtables/_mutator.kt:22:44 One type argument expected for interface Function<out R> : Any.
e: file:///Users/jim/work/v2superbikeshed/Trikeshed/src/commonMain/kotlin/borg/trikeshed/parse/bbcursive/vtables/_mutator.kt:25:9 'public' function exposes its 'protected (in _mutator)' return type 'ByteBufferContext'.
e: file:///Users/jim/work/v2superbikeshed/Trikeshed/src/commonMain/kotlin/borg/trikeshed/parse/bbcursive/vtables/_mutator.kt:41:18 Function 'r' without a body must be abstract.
e: file:///Users/jim/work/v2superbikeshed/Trikeshed/src/commonMain/kotlin/borg/trikeshed/parse/bbcursive/vtables/_mutator.kt:41:23 Syntax error: Expecting '('.
e: file:///Users/jim/work/v2superbikeshed/Trikeshed/src/commonMain/kotlin/borg/trikeshed/parse/bbcursive/vtables/_mutator.kt:41:23 Syntax error: Expecting member declaration.
e: file:///Users/jim/work/v2superbikeshed/Trikeshed/src/commonMain/kotlin/borg/trikeshed/parse/bbcursive/vtables/_mutator.kt:41:24 Syntax error: Expecting member declaration.
e: file:///Users/jim/work/v2superbikeshed/Trikeshed/src/commonMain/kotlin/borg/trikeshed/parse/bbcursive/vtables/_mutator.kt:41:25 Syntax error: Expecting member declaration.
e: file:///Users/jim/work/v2superbikeshed/Trikeshed/src/commonMain/kotlin/borg/trikeshed/parse/bbcursive/vtables/_mutator.kt:41:26 Syntax error: Expecting member declaration.
e: file:///Users/jim/work/v2superbikeshed/Trikeshed/src/commonMain/kotlin/borg/trikeshed/parse/bbcursive/vtables/_mutator.kt:41:28 Syntax error: Expecting member declaration.
e: file:///Users/jim/work/v2superbikeshed/Trikeshed/src/commonMain/kotlin/borg/trikeshed/parse/bbcursive/vtables/_mutator.kt:41:33 Syntax error: Expecting member declaration.
e: file:///Users/jim/work/v2superbikeshed/Trikeshed/src/commonMain/kotlin/borg/trikeshed/parse/bbcursive/vtables/_mutator.kt:41:33 Function declaration must have a name.
e: file:///Users/jim/work/v2superbikeshed/Trikeshed/src/commonMain/kotlin/borg/trikeshed/parse/bbcursive/vtables/_mutator.kt:42:20 Function invocation 'r()' expected.
e: file:///Users/jim/work/v2superbikeshed/Trikeshed/src/commonMain/kotlin/borg/trikeshed/parse/bbcursive/vtables/_mutator.kt:42:21 Syntax error: Unexpected tokens (use ';' to separate expressions on the same line).
e: file:///Users/jim/work/v2superbikeshed/Trikeshed/src/commonMain/kotlin/borg/trikeshed/parse/bbcursive/vtables/_mutator.kt:50:28 Return type of 'at' is not a subtype of the return type of the overridden member 'fun at(): _mutator.ByteBufferContext<endPojo>' defined in 'borg/trikeshed/parse/bbcursive/vtables/_mutator.StringifiedContext'.
e: file:///Users/jim/work/v2superbikeshed/Trikeshed/src/commonMain/kotlin/borg/trikeshed/parse/bbcursive/vtables/_mutator.kt:54:66 Return type of 'goTo' is not a subtype of the return type of the overridden member 'fun goTo(addressType: _mutator.ByteBufferContext<endPojo>): _mutator.ByteBufferContext<endPojo>' defined in 'borg/trikeshed/parse/bbcursive/vtables/_mutator.StringifiedContext'.
e: file:///Users/jim/work/v2superbikeshed/Trikeshed/src/commonMain/kotlin/borg/trikeshed/parse/bbcursive/vtables/_mutator.kt:58:18 Function 'r' without a body must be abstract.
e: file:///Users/jim/work/v2superbikeshed/Trikeshed/src/commonMain/kotlin/borg/trikeshed/parse/bbcursive/vtables/_mutator.kt:58:23 Syntax error: Expecting '('.
e: file:///Users/jim/work/v2superbikeshed/Trikeshed/src/commonMain/kotlin/borg/trikeshed/parse/bbcursive/vtables/_mutator.kt:58:23 Syntax error: Expecting member declaration.
e: file:///Users/jim/work/v2superbikeshed/Trikeshed/src/commonMain/kotlin/borg/trikeshed/parse/bbcursive/vtables/_mutator.kt:58:24 Syntax error: Expecting member declaration.
e: file:///Users/jim/work/v2superbikeshed/Trikeshed/src/commonMain/kotlin/borg/trikeshed/parse/bbcursive/vtables/_mutator.kt:58:25 Syntax error: Expecting member declaration.
e: file:///Users/jim/work/v2superbikeshed/Trikeshed/src/commonMain/kotlin/borg/trikeshed/parse/bbcursive/vtables/_mutator.kt:58:26 Syntax error: Expecting member declaration.
e: file:///Users/jim/work/v2superbikeshed/Trikeshed/src/commonMain/kotlin/borg/trikeshed/parse/bbcursive/vtables/_mutator.kt:58:28 Syntax error: Expecting member declaration.
e: file:///Users/jim/work/v2superbikeshed/Trikeshed/src/commonMain/kotlin/borg/trikeshed/parse/bbcursive/vtables/_mutator.kt:58:45 Syntax error: Expecting member declaration.
e: file:///Users/jim/work/v2superbikeshed/Trikeshed/src/commonMain/kotlin/borg/trikeshed/parse/bbcursive/vtables/_mutator.kt:58:47 Syntax error: Expecting member declaration.
e: file:///Users/jim/work/v2superbikeshed/Trikeshed/src/commonMain/kotlin/borg/trikeshed/parse/bbcursive/vtables/_mutator.kt:58:47 Function declaration must have a name.
e: file:///Users/jim/work/v2superbikeshed/Trikeshed/src/commonMain/kotlin/borg/trikeshed/parse/bbcursive/vtables/_mutator.kt:59:20 Null cannot be a value of a non-null type 'Unit'.
e: file:///Users/jim/work/v2superbikeshed/Trikeshed/src/commonMain/kotlin/borg/trikeshed/parse/bbcursive/vtables/_ptr.kt:12:16 Function invocation 'r()' expected.
e: file:///Users/jim/work/v2superbikeshed/Trikeshed/src/commonMain/kotlin/borg/trikeshed/parse/bbcursive/vtables/_ptr.kt:12:16 Return type mismatch: expected 'Int', actual 'Unit'.
e: file:///Users/jim/work/v2superbikeshed/Trikeshed/src/commonMain/kotlin/borg/trikeshed/parse/bbcursive/vtables/_ptr.kt:12:17 Syntax error: Unexpected tokens (use ';' to separate expressions on the same line).
e: file:///Users/jim/work/v2superbikeshed/Trikeshed/src/commonMain/kotlin/borg/trikeshed/parse/bbcursive/vtables/_ptr.kt:23:14 Function 'r' without a body must be abstract.
e: file:///Users/jim/work/v2superbikeshed/Trikeshed/src/commonMain/kotlin/borg/trikeshed/parse/bbcursive/vtables/_ptr.kt:23:19 Syntax error: Expecting '('.
e: file:///Users/jim/work/v2superbikeshed/Trikeshed/src/commonMain/kotlin/borg/trikeshed/parse/bbcursive/vtables/_ptr.kt:23:19 Syntax error: Expecting member declaration.
e: file:///Users/jim/work/v2superbikeshed/Trikeshed/src/commonMain/kotlin/borg/trikeshed/parse/bbcursive/vtables/_ptr.kt:23:20 Syntax error: Expecting member declaration.
e: file:///Users/jim/work/v2superbikeshed/Trikeshed/src/commonMain/kotlin/borg/trikeshed/parse/bbcursive/vtables/_ptr.kt:23:21 Syntax error: Expecting member declaration.
e: file:///Users/jim/work/v2superbikeshed/Trikeshed/src/commonMain/kotlin/borg/trikeshed/parse/bbcursive/vtables/_ptr.kt:23:22 Syntax error: Expecting member declaration.
e: file:///Users/jim/work/v2superbikeshed/Trikeshed/src/commonMain/kotlin/borg/trikeshed/parse/bbcursive/vtables/_ptr.kt:23:24 Syntax error: Expecting member declaration.
e: file:///Users/jim/work/v2superbikeshed/Trikeshed/src/commonMain/kotlin/borg/trikeshed/parse/bbcursive/vtables/_ptr.kt:23:28 Syntax error: Expecting member declaration.
e: file:///Users/jim/work/v2superbikeshed/Trikeshed/src/commonMain/kotlin/borg/trikeshed/parse/bbcursive/vtables/_ptr.kt:23:28 Function declaration must have a name.
e: file:///Users/jim/work/v2superbikeshed/Trikeshed/src/commonMain/kotlin/borg/trikeshed/parse/bbcursive/vtables/_ptr.kt:24:16 Return type mismatch: expected 'Unit', actual 'Int'.
e: file:///Users/jim/work/v2superbikeshed/Trikeshed/src/commonMain/kotlin/borg/trikeshed/parse/bbcursive/vtables/_reifier.kt:3:8 Unresolved reference 'java'.
e: file:///Users/jim/work/v2superbikeshed/Trikeshed/src/commonMain/kotlin/borg/trikeshed/parse/bbcursive/vtables/_reifier.kt:14:39 One type argument expected for interface Function<out R> : Any.
e: file:///Users/jim/work/v2superbikeshed/Trikeshed/src/commonMain/kotlin/borg/trikeshed/parse/bbcursive/vtables/_reifier.kt:21:5 'apply' overrides nothing.
e: file:///Users/jim/work/v2superbikeshed/Trikeshed/src/commonMain/kotlin/borg/trikeshed/parse/grpc/GrpcHttp2Bridge.kt:233:44 Cannot access 'fun <T> emptyIndexed(): Join<Int, Function1<Int, T>>': it is private in file.
e: file:///Users/jim/work/v2superbikeshed/Trikeshed/src/commonMain/kotlin/borg/trikeshed/parse/grpc/GrpcParser.kt:47:50 Cannot access 'fun <T> emptyIndexed(): Join<Int, Function1<Int, T>>': it is private in file.
e: file:///Users/jim/work/v2superbikeshed/Trikeshed/src/commonMain/kotlin/borg/trikeshed/parse/grpc/GrpcScanner.kt:151:16 Overload resolution ambiguity between candidates:
fun <X, C, V : Join<Int, Function1<Int, X>>> V.α(crossinline xform: (X) -> C): Join<Int, Function1<Int, C>>
fun <X, C, V : Join<Int, Function1<Int, X>>> V.α(crossinline xform: (X) -> C): Join<Int, Function1<Int, C>>
e: file:///Users/jim/work/v2superbikeshed/Trikeshed/src/commonMain/kotlin/borg/trikeshed/parse/grpc/GrpcScanner.kt:151:20 Cannot infer type for this parameter. Specify it explicitly.
e: file:///Users/jim/work/v2superbikeshed/Trikeshed/src/commonMain/kotlin/borg/trikeshed/parse/grpc/GrpcScanner.kt:152:40 Function 'component1()' is ambiguous for this expression: 
fun <T> Array<out T>.component1(): T
fun ByteArray.component1(): Byte
fun ShortArray.component1(): Short
fun IntArray.component1(): Int
fun LongArray.component1(): Long
fun FloatArray.component1(): Float
fun DoubleArray.component1(): Double
fun BooleanArray.component1(): Boolean
fun CharArray.component1(): Char
fun <T> List<T>.component1(): T
fun UIntArray.component1(): UInt
fun ULongArray.component1(): ULong
fun UByteArray.component1(): UByte
fun UShortArray.component1(): UShort
fun <K, V> Map.Entry<K, V>.component1(): K.
e: file:///Users/jim/work/v2superbikeshed/Trikeshed/src/commonMain/kotlin/borg/trikeshed/parse/grpc/GrpcScanner.kt:152:40 Function 'component2()' is ambiguous for this expression: 
fun <T> Array<out T>.component2(): T
fun ByteArray.component2(): Byte
fun ShortArray.component2(): Short
fun IntArray.component2(): Int
fun LongArray.component2(): Long
fun FloatArray.component2(): Float
fun DoubleArray.component2(): Double
fun BooleanArray.component2(): Boolean
fun CharArray.component2(): Char
fun <T> List<T>.component2(): T
fun UIntArray.component2(): UInt
fun ULongArray.component2(): ULong
fun UByteArray.component2(): UByte
fun UShortArray.component2(): UShort
fun <K, V> Map.Entry<K, V>.component2(): V.
e: file:///Users/jim/work/v2superbikeshed/Trikeshed/src/commonMain/kotlin/borg/trikeshed/parse/grpc/GrpcScanner.kt:153:43 Function 'component1()' is ambiguous for this expression: 
fun <T> Array<out T>.component1(): T
fun ByteArray.component1(): Byte
fun ShortArray.component1(): Short
fun IntArray.component1(): Int
fun LongArray.component1(): Long
fun FloatArray.component1(): Float
fun DoubleArray.component1(): Double
fun BooleanArray.component1(): Boolean
fun CharArray.component1(): Char
fun <T> List<T>.component1(): T
fun UIntArray.component1(): UInt
fun ULongArray.component1(): ULong
fun UByteArray.component1(): UByte
fun UShortArray.component1(): UShort
fun <K, V> Map.Entry<K, V>.component1(): K.
e: file:///Users/jim/work/v2superbikeshed/Trikeshed/src/commonMain/kotlin/borg/trikeshed/parse/grpc/GrpcScanner.kt:153:43 Function 'component2()' is ambiguous for this expression: 
fun <T> Array<out T>.component2(): T
fun ByteArray.component2(): Byte
fun ShortArray.component2(): Short
fun IntArray.component2(): Int
fun LongArray.component2(): Long
fun FloatArray.component2(): Float
fun DoubleArray.component2(): Double
fun BooleanArray.component2(): Boolean
fun CharArray.component2(): Char
fun <T> List<T>.component2(): T
fun UIntArray.component2(): UInt
fun ULongArray.component2(): ULong
fun UByteArray.component2(): UByte
fun UShortArray.component2(): UShort
fun <K, V> Map.Entry<K, V>.component2(): V.
e: file:///Users/jim/work/v2superbikeshed/Trikeshed/src/commonMain/kotlin/borg/trikeshed/parse/grpc/GrpcScanner.kt:154:35 Function 'component1()' is ambiguous for this expression: 
fun <T> Array<out T>.component1(): T
fun ByteArray.component1(): Byte
fun ShortArray.component1(): Short
fun IntArray.component1(): Int
fun LongArray.component1(): Long
fun FloatArray.component1(): Float
fun DoubleArray.component1(): Double
fun BooleanArray.component1(): Boolean
fun CharArray.component1(): Char
fun <T> List<T>.component1(): T
fun UIntArray.component1(): UInt
fun ULongArray.component1(): ULong
fun UByteArray.component1(): UByte
fun UShortArray.component1(): UShort
fun <K, V> Map.Entry<K, V>.component1(): K.
e: file:///Users/jim/work/v2superbikeshed/Trikeshed/src/commonMain/kotlin/borg/trikeshed/parse/grpc/GrpcScanner.kt:154:35 Function 'component2()' is ambiguous for this expression: 
fun <T> Array<out T>.component2(): T
fun ByteArray.component2(): Byte
fun ShortArray.component2(): Short
fun IntArray.component2(): Int
fun LongArray.component2(): Long
fun FloatArray.component2(): Float
fun DoubleArray.component2(): Double
fun BooleanArray.component2(): Boolean
fun CharArray.component2(): Char
fun <T> List<T>.component2(): T
fun UIntArray.component2(): UInt
fun ULongArray.component2(): ULong
fun UByteArray.component2(): UByte
fun UShortArray.component2(): UShort
fun <K, V> Map.Entry<K, V>.component2(): V.
e: file:///Users/jim/work/v2superbikeshed/Trikeshed/src/commonMain/kotlin/borg/trikeshed/parse/grpc/GrpcScanner.kt:167:34 Cannot infer type for this parameter. Specify it explicitly.
e: file:///Users/jim/work/v2superbikeshed/Trikeshed/src/commonMain/kotlin/borg/trikeshed/parse/grpc/GrpcScanner.kt:167:34 Not enough information to infer type argument for 'T'.
e: file:///Users/jim/work/v2superbikeshed/Trikeshed/src/commonMain/kotlin/borg/trikeshed/parse/grpc/GrpcScanner.kt:168:22 Cannot infer type for this parameter. Specify it explicitly.
e: file:///Users/jim/work/v2superbikeshed/Trikeshed/src/commonMain/kotlin/borg/trikeshed/parse/grpc/GrpcScanner.kt:168:22 Unresolved reference. None of the following candidates is applicable because of a receiver type mismatch:
fun <A, B> A.j(b: B): Join<A, B>
e: file:///Users/jim/work/v2superbikeshed/Trikeshed/src/commonMain/kotlin/borg/trikeshed/parse/grpc/GrpcScanner.kt:168:36 Cannot infer type for this parameter. Specify it explicitly.
e: file:///Users/jim/work/v2superbikeshed/Trikeshed/src/commonMain/kotlin/borg/trikeshed/parse/grpc/GrpcScanner.kt:264:53 None of the following candidates is applicable:
fun <T> Array<T>.toIdx(): Join<Int, Function1<Int, T>>
fun <T> List<T>.toIdx(): Join<Int, Function1<Int, T>>
e: file:///Users/jim/work/v2superbikeshed/Trikeshed/src/commonMain/kotlin/borg/trikeshed/parse/grpc/GrpcTransform.kt:193:55 Cannot access 'fun <T> emptyIndexed(): Join<Int, Function1<Int, T>>': it is private in file.
e: file:///Users/jim/work/v2superbikeshed/Trikeshed/src/commonMain/kotlin/borg/trikeshed/parse/grpc/GrpcTransform.kt:200:53 Cannot access 'fun <T> emptyIndexed(): Join<Int, Function1<Int, T>>': it is private in file.
e: file:///Users/jim/work/v2superbikeshed/Trikeshed/src/commonMain/kotlin/borg/trikeshed/parse/grpc/GrpcTransform.kt:258:34 Argument type mismatch: actual type is 'Join<Int, Function1<Int, Byte>>', but 'String?' was expected.
e: file:///Users/jim/work/v2superbikeshed/Trikeshed/src/commonMain/kotlin/borg/trikeshed/parse/grpc/GrpcTransform.kt:258:34 No value passed for parameter 'width'.
e: file:///Users/jim/work/v2superbikeshed/Trikeshed/src/commonMain/kotlin/borg/trikeshed/parse/grpc/GrpcTransform.kt:258:34 No value passed for parameter 'nullable'.
e: file:///Users/jim/work/v2superbikeshed/Trikeshed/src/commonMain/kotlin/borg/trikeshed/parse/grpc/GrpcTransform.kt:258:34 No value passed for parameter 'encoding'.
e: file:///Users/jim/work/v2superbikeshed/Trikeshed/src/commonMain/kotlin/borg/trikeshed/parse/grpc/GrpcTransform.kt:258:34 No value passed for parameter 'format'.
e: file:///Users/jim/work/v2superbikeshed/Trikeshed/src/commonMain/kotlin/borg/trikeshed/parse/grpc/GrpcTransform.kt:265:31 Unresolved reference 'data'.
e: file:///Users/jim/work/v2superbikeshed/Trikeshed/src/commonMain/kotlin/borg/trikeshed/parse/grpc/GrpcTransform.kt:364:42 Unresolved reference 'id'.
e: file:///Users/jim/work/v2superbikeshed/Trikeshed/src/commonMain/kotlin/borg/trikeshed/parse/grpc/GrpcTransform.kt:364:68 Unresolved reference 'data'.
e: file:///Users/jim/work/v2superbikeshed/Trikeshed/src/commonMain/kotlin/borg/trikeshed/parse/json/JsPath.kt:30:16 Return type mismatch: expected 'Join<Int, Function1<Int, JsPathElement>>', actual 'Join<Int, Function1<Int, CapturedType(out Either<String, Int>)>>'.
e: file:///Users/jim/work/v2superbikeshed/Trikeshed/src/commonMain/kotlin/borg/trikeshed/parse/json/JsPath.kt:64:37 Cannot infer type for this parameter. Specify it explicitly.
e: file:///Users/jim/work/v2superbikeshed/Trikeshed/src/commonMain/kotlin/borg/trikeshed/parse/json/JsPath.kt:64:37 Unresolved reference. None of the following candidates is applicable because of a receiver type mismatch:
fun <T> Join<Int, Function1<Int, Join<Any?, TypeMemento>>>.get(column: Column<T>): T?
e: file:///Users/jim/work/v2superbikeshed/Trikeshed/src/commonMain/kotlin/borg/trikeshed/parse/json/JsPath.kt:65:55 Argument type mismatch: actual type is 'Join<Int, Function1<Int, Join<Any?, TypeMemento>>>', but 'Join<Int, Function1<Int, JsPathElement>>' was expected.
e: file:///Users/jim/work/v2superbikeshed/Trikeshed/src/commonMain/kotlin/borg/trikeshed/parse/json/JsPath.kt:65:55 Cannot infer type for this parameter. Specify it explicitly.
e: file:///Users/jim/work/v2superbikeshed/Trikeshed/src/commonMain/kotlin/borg/trikeshed/parse/json/JsPath.kt:65:55 Unresolved reference. None of the following candidates is applicable because of a receiver type mismatch:
fun <T> Join<Int, Function1<Int, Join<Any?, TypeMemento>>>.get(column: Column<T>): T?
e: file:///Users/jim/work/v2superbikeshed/Trikeshed/src/commonMain/kotlin/borg/trikeshed/parse/json/JsPath.kt:66:59 Argument type mismatch: actual type is 'Join<Int, Function1<Int, Join<Any?, TypeMemento>>>', but 'Join<Int, Function1<Int, JsPathElement>>' was expected.
e: file:///Users/jim/work/v2superbikeshed/Trikeshed/src/commonMain/kotlin/borg/trikeshed/parse/json/JsPath.kt:66:59 Cannot infer type for this parameter. Specify it explicitly.
e: file:///Users/jim/work/v2superbikeshed/Trikeshed/src/commonMain/kotlin/borg/trikeshed/parse/json/JsPath.kt:66:59 Unresolved reference. None of the following candidates is applicable because of a receiver type mismatch:
fun <T> Join<Int, Function1<Int, Join<Any?, TypeMemento>>>.get(column: Column<T>): T?
e: file:///Users/jim/work/v2superbikeshed/Trikeshed/src/commonMain/kotlin/borg/trikeshed/parse/json/Json.kt:23:13 Overload resolution ambiguity between candidates:
fun createBitmapAsIndexed(data: UByteArray): Join<Int, Function1<Int, UByte>>
fun createBitmapAsIndexed(input: UByteArray): Join<Int, Function1<Int, UByte>>
e: file:///Users/jim/work/v2superbikeshed/Trikeshed/src/commonMain/kotlin/borg/trikeshed/parse/json/Json.kt:117:1 Conflicting overloads:
fun createBitmapAsIndexed(input: UByteArray): Join<Int, Function1<Int, UByte>>
e: file:///Users/jim/work/v2superbikeshed/Trikeshed/src/commonMain/kotlin/borg/trikeshed/parse/json/Json.kt:145:13 Redeclaration:
typealias JsPath = Join<Int, Function1<Int, JsPathElement>>
e: file:///Users/jim/work/v2superbikeshed/Trikeshed/src/commonMain/kotlin/borg/trikeshed/parse/json/JsonTensorFactory.kt:18:1 Conflicting overloads:
fun createBitmapAsIndexed(data: UByteArray): Join<Int, Function1<Int, UByte>>
e: file:///Users/jim/work/v2superbikeshed/Trikeshed/src/commonMain/kotlin/borg/trikeshed/parse/json/JsonTensorFactory.kt:45:16 Overload resolution ambiguity between candidates:
fun createBitmapAsIndexed(data: UByteArray): Join<Int, Function1<Int, UByte>>
fun createBitmapAsIndexed(input: UByteArray): Join<Int, Function1<Int, UByte>>
e: file:///Users/jim/work/v2superbikeshed/Trikeshed/src/commonMain/kotlin/borg/trikeshed/parse/json/JsonTensorFactory.kt:70:36 Cannot infer type for this parameter. Specify it explicitly.
e: file:///Users/jim/work/v2superbikeshed/Trikeshed/src/commonMain/kotlin/borg/trikeshed/parse/json/JsonTensorFactory.kt:70:36 Not enough information to infer type argument for 'T'.
e: file:///Users/jim/work/v2superbikeshed/Trikeshed/src/commonMain/kotlin/borg/trikeshed/parse/json/JsonTensorFactory.kt:77:27 Unresolved reference. None of the following candidates is applicable because of a receiver type mismatch:
fun MatchGroupCollection.get(name: String): MatchGroup?
e: file:///Users/jim/work/v2superbikeshed/Trikeshed/src/commonMain/kotlin/borg/trikeshed/parse/json/JsonTensorFactory.kt:78:33 Cannot infer type for this parameter. Specify it explicitly.
e: file:///Users/jim/work/v2superbikeshed/Trikeshed/src/commonMain/kotlin/borg/trikeshed/parse/json/JsonTensorFactory.kt:78:33 Unresolved reference. None of the following candidates is applicable because of a receiver type mismatch:
val <T> Join<Int, Function1<Int, T>>.play: IterableIndexed<T>
e: file:///Users/jim/work/v2superbikeshed/Trikeshed/src/commonMain/kotlin/borg/trikeshed/parse/json/JsonTensorFactory.kt:78:38 Cannot infer type for this parameter. Specify it explicitly.
e: file:///Users/jim/work/v2superbikeshed/Trikeshed/src/commonMain/kotlin/borg/trikeshed/parse/json/JsonTensorFactory.kt:78:38 Not enough information to infer type argument for 'T'.
e: file:///Users/jim/work/v2superbikeshed/Trikeshed/src/commonMain/kotlin/borg/trikeshed/parse/json/JsonTensorFactory.kt:91:32 Cannot infer type for this parameter. Specify it explicitly.
e: file:///Users/jim/work/v2superbikeshed/Trikeshed/src/commonMain/kotlin/borg/trikeshed/parse/json/JsonTensorFactory.kt:91:32 Not enough information to infer type argument for 'T'.
e: file:///Users/jim/work/v2superbikeshed/Trikeshed/src/commonMain/kotlin/borg/trikeshed/parse/json/JsonTensorFactory.kt:99:15 Cannot infer type for this parameter. Specify it explicitly.
e: file:///Users/jim/work/v2superbikeshed/Trikeshed/src/commonMain/kotlin/borg/trikeshed/parse/json/JsonTensorFactory.kt:99:15 Not enough information to infer type argument for 'T'.
e: file:///Users/jim/work/v2superbikeshed/Trikeshed/src/commonMain/kotlin/borg/trikeshed/parse/json/JsonTensorFactory.kt:99:20 Cannot infer type for this parameter. Specify it explicitly.
e: file:///Users/jim/work/v2superbikeshed/Trikeshed/src/commonMain/kotlin/borg/trikeshed/parse/json/JsonTensorFactory.kt:99:20 Not enough information to infer type argument for 'T'.
e: file:///Users/jim/work/v2superbikeshed/Trikeshed/src/commonMain/kotlin/borg/trikeshed/parse/json/JsonTensorFactory.kt:99:40 Cannot infer type for this parameter. Specify it explicitly.
e: file:///Users/jim/work/v2superbikeshed/Trikeshed/src/commonMain/kotlin/borg/trikeshed/parse/json/JsonTensorFactory.kt:133:39 Cannot infer type for this parameter. Specify it explicitly.
e: file:///Users/jim/work/v2superbikeshed/Trikeshed/src/commonMain/kotlin/borg/trikeshed/parse/json/JsonTensorFactory.kt:133:39 Not enough information to infer type argument for 'T'.
e: file:///Users/jim/work/v2superbikeshed/Trikeshed/src/commonMain/kotlin/borg/trikeshed/parse/json/JsonTensorFactory.kt:134:19 Unresolved reference 'size'.
e: file:///Users/jim/work/v2superbikeshed/Trikeshed/src/commonMain/kotlin/borg/trikeshed/parse/json/JsonTensorFactory.kt:136:22 Unresolved reference. None of the following candidates is applicable because of a receiver type mismatch:
fun MatchGroupCollection.get(name: String): MatchGroup?
e: file:///Users/jim/work/v2superbikeshed/Trikeshed/src/commonMain/kotlin/borg/trikeshed/parse/json/JsonTensorFactory.kt:137:13 Incompatible types 'MatchGroup?' and 'Char'.
e: file:///Users/jim/work/v2superbikeshed/Trikeshed/src/commonMain/kotlin/borg/trikeshed/parse/json/JsonTensorFactory.kt:137:18 Incompatible types 'MatchGroup?' and 'Char'.
e: file:///Users/jim/work/v2superbikeshed/Trikeshed/src/commonMain/kotlin/borg/trikeshed/parse/json/JsonTensorFactory.kt:142:29 Unresolved reference. None of the following candidates is applicable because of a receiver type mismatch:
fun MatchGroupCollection.get(name: String): MatchGroup?
e: file:///Users/jim/work/v2superbikeshed/Trikeshed/src/commonMain/kotlin/borg/trikeshed/parse/json/JsonTensorFactory.kt:142:29 Operator '==' cannot be applied to 'MatchGroup?' and 'Char'.
e: file:///Users/jim/work/v2superbikeshed/Trikeshed/src/commonMain/kotlin/borg/trikeshed/parse/json/JsonTensorFactory.kt:144:31 Unresolved reference 'size'.
e: file:///Users/jim/work/v2superbikeshed/Trikeshed/src/commonMain/kotlin/borg/trikeshed/parse/json/JsonTensorFactory.kt:156:35 Unresolved reference. None of the following candidates is applicable because of a receiver type mismatch:
fun MatchGroupCollection.get(name: String): MatchGroup?
e: file:///Users/jim/work/v2superbikeshed/Trikeshed/src/commonMain/kotlin/borg/trikeshed/parse/json/JsonTensorFactory.kt:157:43 Cannot infer type for this parameter. Specify it explicitly.
e: file:///Users/jim/work/v2superbikeshed/Trikeshed/src/commonMain/kotlin/borg/trikeshed/parse/json/JsonTensorFactory.kt:157:43 Unresolved reference. None of the following candidates is applicable because of a receiver type mismatch:
val <T> Join<Int, Function1<Int, T>>.play: IterableIndexed<T>
e: file:///Users/jim/work/v2superbikeshed/Trikeshed/src/commonMain/kotlin/borg/trikeshed/parse/json/JsonTensorFactory.kt:157:48 Cannot infer type for this parameter. Specify it explicitly.
e: file:///Users/jim/work/v2superbikeshed/Trikeshed/src/commonMain/kotlin/borg/trikeshed/parse/json/JsonTensorFactory.kt:157:48 Not enough information to infer type argument for 'T'.
e: file:///Users/jim/work/v2superbikeshed/Trikeshed/src/commonMain/kotlin/borg/trikeshed/parse/json/JsonTensorFactory.kt:174:13 Incompatible types 'MatchGroup?' and 'Char'.
e: file:///Users/jim/work/v2superbikeshed/Trikeshed/src/commonMain/kotlin/borg/trikeshed/parse/json/JsonTensorFactory.kt:176:37 Cannot infer type for this parameter. Specify it explicitly.
e: file:///Users/jim/work/v2superbikeshed/Trikeshed/src/commonMain/kotlin/borg/trikeshed/parse/json/JsonTensorFactory.kt:176:37 Not enough information to infer type argument for 'T'.
e: file:///Users/jim/work/v2superbikeshed/Trikeshed/src/commonMain/kotlin/borg/trikeshed/parse/json/JsonTensorFactory.kt:176:50 None of the following candidates is applicable:
fun <T> Array<out T>.takeWhile(predicate: (T) -> Boolean): List<T>
fun ByteArray.takeWhile(predicate: (Byte) -> Boolean): List<Byte>
fun ShortArray.takeWhile(predicate: (Short) -> Boolean): List<Short>
fun IntArray.takeWhile(predicate: (Int) -> Boolean): List<Int>
fun LongArray.takeWhile(predicate: (Long) -> Boolean): List<Long>
fun FloatArray.takeWhile(predicate: (Float) -> Boolean): List<Float>
fun DoubleArray.takeWhile(predicate: (Double) -> Boolean): List<Double>
fun BooleanArray.takeWhile(predicate: (Boolean) -> Boolean): List<Boolean>
fun CharArray.takeWhile(predicate: (Char) -> Boolean): List<Char>
fun <T> Iterable<T>.takeWhile(predicate: (T) -> Boolean): List<T>
fun UIntArray.takeWhile(predicate: (UInt) -> Boolean): List<UInt>
fun ULongArray.takeWhile(predicate: (ULong) -> Boolean): List<ULong>
fun UByteArray.takeWhile(predicate: (UByte) -> Boolean): List<UByte>
fun UShortArray.takeWhile(predicate: (UShort) -> Boolean): List<UShort>
fun <T> Sequence<T>.takeWhile(predicate: (T) -> Boolean): Sequence<T>
fun CharSequence.takeWhile(predicate: (Char) -> Boolean): CharSequence
fun String.takeWhile(predicate: (Char) -> Boolean): String
e: file:///Users/jim/work/v2superbikeshed/Trikeshed/src/commonMain/kotlin/borg/trikeshed/parse/json/JsonTensorFactory.kt:176:62 Unresolved reference 'it'.
e: file:///Users/jim/work/v2superbikeshed/Trikeshed/src/commonMain/kotlin/borg/trikeshed/parse/json/JsonTensorFactory.kt:179:13 Incompatible types 'MatchGroup?' and 'Char'.
e: file:///Users/jim/work/v2superbikeshed/Trikeshed/src/commonMain/kotlin/borg/trikeshed/parse/json/JsonTensorFactory.kt:180:13 Incompatible types 'MatchGroup?' and 'Char'.
e: file:///Users/jim/work/v2superbikeshed/Trikeshed/src/commonMain/kotlin/borg/trikeshed/parse/json/JsonTensorFactory.kt:181:13 Incompatible types 'MatchGroup?' and 'Char'.
e: file:///Users/jim/work/v2superbikeshed/Trikeshed/src/commonMain/kotlin/borg/trikeshed/parse/json/JsonTensorFactory.kt:184:37 Cannot infer type for this parameter. Specify it explicitly.
e: file:///Users/jim/work/v2superbikeshed/Trikeshed/src/commonMain/kotlin/borg/trikeshed/parse/json/JsonTensorFactory.kt:184:37 Not enough information to infer type argument for 'T'.
e: file:///Users/jim/work/v2superbikeshed/Trikeshed/src/commonMain/kotlin/borg/trikeshed/parse/json/JsonTensorFactory.kt:184:42 Cannot infer type for this parameter. Specify it explicitly.
e: file:///Users/jim/work/v2superbikeshed/Trikeshed/src/commonMain/kotlin/borg/trikeshed/parse/json/JsonTensorFactory.kt:184:42 Not enough information to infer type argument for 'T'.
e: file:///Users/jim/work/v2superbikeshed/Trikeshed/src/commonMain/kotlin/borg/trikeshed/parse/json/JsonTensorFactory.kt:194:18 Unresolved reference 'size'.
e: file:///Users/jim/work/v2superbikeshed/Trikeshed/src/commonMain/kotlin/borg/trikeshed/parse/json/JsonTensorFactory.kt:201:9 'when' expression must be exhaustive. Add the 'is Left<*>', 'is Right<*>' branches or an 'else' branch.
e: file:///Users/jim/work/v2superbikeshed/Trikeshed/src/commonMain/kotlin/borg/trikeshed/parse/json/JsonTensorFactory.kt:202:16 Unresolved reference 'Either'.
e: file:///Users/jim/work/v2superbikeshed/Trikeshed/src/commonMain/kotlin/borg/trikeshed/parse/json/JsonTensorFactory.kt:203:36 Unresolved reference 'value'.
e: file:///Users/jim/work/v2superbikeshed/Trikeshed/src/commonMain/kotlin/borg/trikeshed/parse/json/JsonTensorFactory.kt:216:16 Unresolved reference 'Either'.
e: file:///Users/jim/work/v2superbikeshed/Trikeshed/src/commonMain/kotlin/borg/trikeshed/parse/json/JsonTensorFactory.kt:217:38 Unresolved reference 'value'.
e: file:///Users/jim/work/v2superbikeshed/Trikeshed/src/commonMain/kotlin/borg/trikeshed/parse/json/JsonTensorFactory.kt:221:38 Unresolved reference 'size'.
e: file:///Users/jim/work/v2superbikeshed/Trikeshed/src/commonMain/kotlin/borg/trikeshed/parse/json/JsonTensorFactory.kt:222:35 Unresolved reference. None of the following candidates is applicable because of a receiver type mismatch:
fun MatchGroupCollection.get(name: String): MatchGroup?
e: file:///Users/jim/work/v2superbikeshed/Trikeshed/src/commonMain/kotlin/borg/trikeshed/parse/json/JsonTensorFactory.kt:223:52 Cannot infer type for this parameter. Specify it explicitly.
e: file:///Users/jim/work/v2superbikeshed/Trikeshed/src/commonMain/kotlin/borg/trikeshed/parse/json/JsonTensorFactory.kt:223:52 Unresolved reference. None of the following candidates is applicable because of a receiver type mismatch:
val <T> Join<Int, Function1<Int, T>>.play: IterableIndexed<T>
e: file:///Users/jim/work/v2superbikeshed/Trikeshed/src/commonMain/kotlin/borg/trikeshed/parse/json/JsonTensorFactory.kt:223:57 Cannot infer type for this parameter. Specify it explicitly.
e: file:///Users/jim/work/v2superbikeshed/Trikeshed/src/commonMain/kotlin/borg/trikeshed/parse/json/JsonTensorFactory.kt:223:57 Not enough information to infer type argument for 'T'.
e: file:///Users/jim/work/v2superbikeshed/Trikeshed/src/commonMain/kotlin/borg/trikeshed/parse/json/JsonTensorFactory.kt:229:5 Missing return statement.
e: file:///Users/jim/work/v2superbikeshed/Trikeshed/src/commonMain/kotlin/borg/trikeshed/parse/json/JsonTensorFactory.kt:277:41 Cannot infer type for this parameter. Specify it explicitly.
e: file:///Users/jim/work/v2superbikeshed/Trikeshed/src/commonMain/kotlin/borg/trikeshed/parse/json/JsonTensorFactory.kt:277:41 Not enough information to infer type argument for 'T'.
e: file:///Users/jim/work/v2superbikeshed/Trikeshed/src/commonMain/kotlin/borg/trikeshed/parse/json/JsonTensorFactory.kt:277:53 Unresolved reference 'α'.
e: file:///Users/jim/work/v2superbikeshed/Trikeshed/src/commonMain/kotlin/borg/trikeshed/parse/json/JsonTensorFactory.kt:277:57 Cannot infer type for this parameter. Specify it explicitly.
e: file:///Users/jim/work/v2superbikeshed/Trikeshed/src/commonMain/kotlin/borg/trikeshed/parse/json/JsonTensorFactory.kt:277:57 Function 'component1()' is ambiguous for this expression: 
fun <T> Array<out T>.component1(): T
fun ByteArray.component1(): Byte
fun ShortArray.component1(): Short
fun IntArray.component1(): Int
fun LongArray.component1(): Long
fun FloatArray.component1(): Float
fun DoubleArray.component1(): Double
fun BooleanArray.component1(): Boolean
fun CharArray.component1(): Char
fun <T> List<T>.component1(): T
fun UIntArray.component1(): UInt
fun ULongArray.component1(): ULong
fun UByteArray.component1(): UByte
fun UShortArray.component1(): UShort
fun <K, V> Map.Entry<K, V>.component1(): K.
e: file:///Users/jim/work/v2superbikeshed/Trikeshed/src/commonMain/kotlin/borg/trikeshed/parse/json/JsonTensorFactory.kt:277:57 Function 'component2()' is ambiguous for this expression: 
fun <T> Array<out T>.component2(): T
fun ByteArray.component2(): Byte
fun ShortArray.component2(): Short
fun IntArray.component2(): Int
fun LongArray.component2(): Long
fun FloatArray.component2(): Float
fun DoubleArray.component2(): Double
fun BooleanArray.component2(): Boolean
fun CharArray.component2(): Char
fun <T> List<T>.component2(): T
fun UIntArray.component2(): UInt
fun ULongArray.component2(): ULong
fun UByteArray.component2(): UByte
fun UShortArray.component2(): UShort
fun <K, V> Map.Entry<K, V>.component2(): V.
e: file:///Users/jim/work/v2superbikeshed/Trikeshed/src/commonMain/kotlin/borg/trikeshed/parse/json/JsonTensorFactory.kt:278:27 Unresolved reference. None of the following candidates is applicable because of a receiver type mismatch:
fun MatchGroupCollection.get(name: String): MatchGroup?
e: file:///Users/jim/work/v2superbikeshed/Trikeshed/src/commonMain/kotlin/borg/trikeshed/parse/json/JsonTensorFactory.kt:294:33 Return type mismatch: expected 'T (of fun <T> Join<Int, Function1<Int, T>>.first)', actual 'MatchGroup?'.
e: file:///Users/jim/work/v2superbikeshed/Trikeshed/src/commonMain/kotlin/borg/trikeshed/parse/json/JsonTensorFactory.kt:294:33 Unresolved reference. None of the following candidates is applicable because of a receiver type mismatch:
fun MatchGroupCollection.get(name: String): MatchGroup?
e: file:///Users/jim/work/v2superbikeshed/Trikeshed/src/commonMain/kotlin/borg/trikeshed/parse/json/JsonTensorFactory.kt:295:48 Unresolved reference 'size'.
e: file:///Users/jim/work/v2superbikeshed/Trikeshed/src/commonMain/kotlin/borg/trikeshed/parse/json/JsonTensorFactory.kt:295:58 Cannot infer type for this parameter. Specify it explicitly.
e: file:///Users/jim/work/v2superbikeshed/Trikeshed/src/commonMain/kotlin/borg/trikeshed/parse/json/JsonTensorFactory.kt:295:58 Unresolved reference. None of the following candidates is applicable because of a receiver type mismatch:
fun <A, B> A.j(b: B): Join<A, B>
e: file:///Users/jim/work/v2superbikeshed/Trikeshed/src/commonMain/kotlin/borg/trikeshed/parse/json/JsonTensorFactory.kt:295:62 Cannot infer type for this parameter. Specify it explicitly.
e: file:///Users/jim/work/v2superbikeshed/Trikeshed/src/commonMain/kotlin/borg/trikeshed/parse/json/JsonTensorFactory.kt:295:67 Unresolved reference. None of the following candidates is applicable because of a receiver type mismatch:
fun MatchGroupCollection.get(name: String): MatchGroup?
e: file:///Users/jim/work/v2superbikeshed/Trikeshed/src/commonMain/kotlin/borg/trikeshed/parse/json/TrikeShedJsonScanner.kt:114:20 Cannot infer type for this parameter. Specify it explicitly.
e: file:///Users/jim/work/v2superbikeshed/Trikeshed/src/commonMain/kotlin/borg/trikeshed/parse/json/TrikeShedJsonScanner.kt:114:20 Unresolved reference. None of the following candidates is applicable because of a receiver type mismatch:
fun <T> Join<Int, Function1<Int, Join<Any?, TypeMemento>>>.get(column: Column<T>): T?
e: file:///Users/jim/work/v2superbikeshed/Trikeshed/src/commonMain/kotlin/borg/trikeshed/parse/json/TrikeShedJsonScanner.kt:137:36 Cannot infer type for this parameter. Specify it explicitly.
e: file:///Users/jim/work/v2superbikeshed/Trikeshed/src/commonMain/kotlin/borg/trikeshed/parse/json/TrikeShedJsonScanner.kt:137:36 Unresolved reference. None of the following candidates is applicable because of a receiver type mismatch:
fun <T> Join<Int, Function1<Int, Join<Any?, TypeMemento>>>.get(column: Column<T>): T?
e: file:///Users/jim/work/v2superbikeshed/Trikeshed/src/commonMain/kotlin/borg/trikeshed/parse/json/TrikeShedJsonScanner.kt:151:24 Cannot infer type for this parameter. Specify it explicitly.
e: file:///Users/jim/work/v2superbikeshed/Trikeshed/src/commonMain/kotlin/borg/trikeshed/parse/json/TrikeShedJsonScanner.kt:151:24 Unresolved reference. None of the following candidates is applicable because of a receiver type mismatch:
fun <T> Join<Int, Function1<Int, Join<Any?, TypeMemento>>>.get(column: Column<T>): T?
e: file:///Users/jim/work/v2superbikeshed/Trikeshed/src/commonMain/kotlin/borg/trikeshed/parse/json/TrikeShedJsonScanner.kt:173:33 Cannot infer type for this parameter. Specify it explicitly.
e: file:///Users/jim/work/v2superbikeshed/Trikeshed/src/commonMain/kotlin/borg/trikeshed/parse/json/TrikeShedJsonScanner.kt:173:33 Unresolved reference. None of the following candidates is applicable because of a receiver type mismatch:
fun <T> Join<Int, Function1<Int, Join<Any?, TypeMemento>>>.get(column: Column<T>): T?
e: file:///Users/jim/work/v2superbikeshed/Trikeshed/src/commonMain/kotlin/borg/trikeshed/parse/json/TrikeShedJsonScanner.kt:176:36 Cannot infer type for this parameter. Specify it explicitly.
e: file:///Users/jim/work/v2superbikeshed/Trikeshed/src/commonMain/kotlin/borg/trikeshed/parse/json/TrikeShedJsonScanner.kt:176:36 Unresolved reference. None of the following candidates is applicable because of a receiver type mismatch:
fun <T> Join<Int, Function1<Int, Join<Any?, TypeMemento>>>.get(column: Column<T>): T?
e: file:///Users/jim/work/v2superbikeshed/Trikeshed/src/commonMain/kotlin/borg/trikeshed/parse/json/TrikeShedJsonScanner.kt:179:33 Cannot infer type for this parameter. Specify it explicitly.
e: file:///Users/jim/work/v2superbikeshed/Trikeshed/src/commonMain/kotlin/borg/trikeshed/parse/json/TrikeShedJsonScanner.kt:179:33 Unresolved reference. None of the following candidates is applicable because of a receiver type mismatch:
fun <T> Join<Int, Function1<Int, Join<Any?, TypeMemento>>>.get(column: Column<T>): T?
e: file:///Users/jim/work/v2superbikeshed/Trikeshed/src/commonMain/kotlin/borg/trikeshed/parse/json/TrikeShedJsonScanner.kt:181:40 Cannot infer type for this parameter. Specify it explicitly.
e: file:///Users/jim/work/v2superbikeshed/Trikeshed/src/commonMain/kotlin/borg/trikeshed/parse/json/TrikeShedJsonScanner.kt:181:40 Unresolved reference. None of the following candidates is applicable because of a receiver type mismatch:
fun <T> Join<Int, Function1<Int, Join<Any?, TypeMemento>>>.get(column: Column<T>): T?
e: file:///Users/jim/work/v2superbikeshed/Trikeshed/src/commonMain/kotlin/borg/trikeshed/parse/json/TrikeShedJsonScanner.kt:185:34 Cannot infer type for this parameter. Specify it explicitly.
e: file:///Users/jim/work/v2superbikeshed/Trikeshed/src/commonMain/kotlin/borg/trikeshed/parse/json/TrikeShedJsonScanner.kt:185:34 Unresolved reference. None of the following candidates is applicable because of a receiver type mismatch:
fun <T> Join<Int, Function1<Int, Join<Any?, TypeMemento>>>.get(column: Column<T>): T?
e: file:///Users/jim/work/v2superbikeshed/Trikeshed/src/commonMain/kotlin/borg/trikeshed/parse/json/TrikeShedJsonScanner.kt:185:55 Cannot infer type for this parameter. Specify it explicitly.
e: file:///Users/jim/work/v2superbikeshed/Trikeshed/src/commonMain/kotlin/borg/trikeshed/parse/json/TrikeShedJsonScanner.kt:185:55 Unresolved reference. None of the following candidates is applicable because of a receiver type mismatch:
fun <T> Join<Int, Function1<Int, Join<Any?, TypeMemento>>>.get(column: Column<T>): T?
e: file:///Users/jim/work/v2superbikeshed/Trikeshed/src/commonMain/kotlin/borg/trikeshed/parse/json/TrikeShedJsonScanner.kt:187:38 Cannot infer type for this parameter. Specify it explicitly.
e: file:///Users/jim/work/v2superbikeshed/Trikeshed/src/commonMain/kotlin/borg/trikeshed/parse/json/TrikeShedJsonScanner.kt:187:38 Unresolved reference. None of the following candidates is applicable because of a receiver type mismatch:
fun <T> Join<Int, Function1<Int, Join<Any?, TypeMemento>>>.get(column: Column<T>): T?
e: file:///Users/jim/work/v2superbikeshed/Trikeshed/src/commonMain/kotlin/borg/trikeshed/parse/json/TrikeShedJsonScanner.kt:187:59 Cannot infer type for this parameter. Specify it explicitly.
e: file:///Users/jim/work/v2superbikeshed/Trikeshed/src/commonMain/kotlin/borg/trikeshed/parse/json/TrikeShedJsonScanner.kt:187:59 Unresolved reference. None of the following candidates is applicable because of a receiver type mismatch:
fun <T> Join<Int, Function1<Int, Join<Any?, TypeMemento>>>.get(column: Column<T>): T?
e: file:///Users/jim/work/v2superbikeshed/Trikeshed/src/commonMain/kotlin/borg/trikeshed/parse/json/TrikeShedJsonScanner.kt:188:40 Cannot infer type for this parameter. Specify it explicitly.
e: file:///Users/jim/work/v2superbikeshed/Trikeshed/src/commonMain/kotlin/borg/trikeshed/parse/json/TrikeShedJsonScanner.kt:188:40 Unresolved reference. None of the following candidates is applicable because of a receiver type mismatch:
fun <T> Join<Int, Function1<Int, Join<Any?, TypeMemento>>>.get(column: Column<T>): T?
e: file:///Users/jim/work/v2superbikeshed/Trikeshed/src/commonMain/kotlin/borg/trikeshed/parse/json/TrikeShedJsonScanner.kt:205:56 Cannot infer type for this parameter. Specify it explicitly.
e: file:///Users/jim/work/v2superbikeshed/Trikeshed/src/commonMain/kotlin/borg/trikeshed/parse/json/TrikeShedJsonScanner.kt:205:56 Unresolved reference. None of the following candidates is applicable because of a receiver type mismatch:
fun <T> Join<Int, Function1<Int, Join<Any?, TypeMemento>>>.get(column: Column<T>): T?
e: file:///Users/jim/work/v2superbikeshed/Trikeshed/src/commonMain/kotlin/borg/trikeshed/parse/json/TrikeShedJsonScanner.kt:216:23 Overload resolution ambiguity between candidates:
fun <X, C, V : Join<Int, Function1<Int, X>>> V.α(crossinline xform: (X) -> C): Join<Int, Function1<Int, C>>
fun <X, C, V : Join<Int, Function1<Int, X>>> V.α(crossinline xform: (X) -> C): Join<Int, Function1<Int, C>>
e: file:///Users/jim/work/v2superbikeshed/Trikeshed/src/commonMain/kotlin/borg/trikeshed/parse/json/TrikeShedJsonScanner.kt:216:27 Cannot infer type for this parameter. Specify it explicitly.
e: file:///Users/jim/work/v2superbikeshed/Trikeshed/src/commonMain/kotlin/borg/trikeshed/parse/json/TrikeShedJsonScanner.kt:217:34 Function 'component1()' is ambiguous for this expression: 
fun <T> Array<out T>.component1(): T
fun ByteArray.component1(): Byte
fun ShortArray.component1(): Short
fun IntArray.component1(): Int
fun LongArray.component1(): Long
fun FloatArray.component1(): Float
fun DoubleArray.component1(): Double
fun BooleanArray.component1(): Boolean
fun CharArray.component1(): Char
fun <T> List<T>.component1(): T
fun UIntArray.component1(): UInt
fun ULongArray.component1(): ULong
fun UByteArray.component1(): UByte
fun UShortArray.component1(): UShort
fun <K, V> Map.Entry<K, V>.component1(): K.
e: file:///Users/jim/work/v2superbikeshed/Trikeshed/src/commonMain/kotlin/borg/trikeshed/parse/json/TrikeShedJsonScanner.kt:217:34 Function 'component2()' is ambiguous for this expression: 
fun <T> Array<out T>.component2(): T
fun ByteArray.component2(): Byte
fun ShortArray.component2(): Short
fun IntArray.component2(): Int
fun LongArray.component2(): Long
fun FloatArray.component2(): Float
fun DoubleArray.component2(): Double
fun BooleanArray.component2(): Boolean
fun CharArray.component2(): Char
fun <T> List<T>.component2(): T
fun UIntArray.component2(): UInt
fun ULongArray.component2(): ULong
fun UByteArray.component2(): UByte
fun UShortArray.component2(): UShort
fun <K, V> Map.Entry<K, V>.component2(): V.
e: file:///Users/jim/work/v2superbikeshed/Trikeshed/src/commonMain/kotlin/borg/trikeshed/parse/json/TrikeShedJsonScanner.kt:227:18 Cannot infer type for this parameter. Specify it explicitly.
e: file:///Users/jim/work/v2superbikeshed/Trikeshed/src/commonMain/kotlin/borg/trikeshed/parse/json/TrikeShedJsonScanner.kt:227:27 Unresolved reference 'a'.
e: file:///Users/jim/work/v2superbikeshed/Trikeshed/src/commonMain/kotlin/borg/trikeshed/parse/json/TrikeShedJsonScanner.kt:236:32 Overload resolution ambiguity between candidates:
fun <X, C, V : Join<Int, Function1<Int, X>>> V.α(crossinline xform: (X) -> C): Join<Int, Function1<Int, C>>
fun <X, C, V : Join<Int, Function1<Int, X>>> V.α(crossinline xform: (X) -> C): Join<Int, Function1<Int, C>>
e: file:///Users/jim/work/v2superbikeshed/Trikeshed/src/commonMain/kotlin/borg/trikeshed/parse/json/TrikeShedJsonScanner.kt:236:36 Cannot infer type for this parameter. Specify it explicitly.
e: file:///Users/jim/work/v2superbikeshed/Trikeshed/src/commonMain/kotlin/borg/trikeshed/parse/json/TrikeShedJsonScanner.kt:236:36 Function 'component1()' is ambiguous for this expression: 
fun <T> Array<out T>.component1(): T
fun ByteArray.component1(): Byte
fun ShortArray.component1(): Short
fun IntArray.component1(): Int
fun LongArray.component1(): Long
fun FloatArray.component1(): Float
fun DoubleArray.component1(): Double
fun BooleanArray.component1(): Boolean
fun CharArray.component1(): Char
fun <T> List<T>.component1(): T
fun UIntArray.component1(): UInt
fun ULongArray.component1(): ULong
fun UByteArray.component1(): UByte
fun UShortArray.component1(): UShort
fun <K, V> Map.Entry<K, V>.component1(): K.
e: file:///Users/jim/work/v2superbikeshed/Trikeshed/src/commonMain/kotlin/borg/trikeshed/parse/json/TrikeShedJsonScanner.kt:236:36 Function 'component2()' is ambiguous for this expression: 
fun <T> Array<out T>.component2(): T
fun ByteArray.component2(): Byte
fun ShortArray.component2(): Short
fun IntArray.component2(): Int
fun LongArray.component2(): Long
fun FloatArray.component2(): Float
fun DoubleArray.component2(): Double
fun BooleanArray.component2(): Boolean
fun CharArray.component2(): Char
fun <T> List<T>.component2(): T
fun UIntArray.component2(): UInt
fun ULongArray.component2(): ULong
fun UByteArray.component2(): UByte
fun UShortArray.component2(): UShort
fun <K, V> Map.Entry<K, V>.component2(): V.
e: file:///Users/jim/work/v2superbikeshed/Trikeshed/src/commonMain/kotlin/borg/trikeshed/parse/json/TrikeShedJsonScanner.kt:237:13 Not enough information to infer type argument for 'K'.
e: file:///Users/jim/work/v2superbikeshed/Trikeshed/src/commonMain/kotlin/borg/trikeshed/parse/json/TrikeShedJsonScanner.kt:241:34 Cannot infer type for this parameter. Specify it explicitly.
e: file:///Users/jim/work/v2superbikeshed/Trikeshed/src/commonMain/kotlin/borg/trikeshed/parse/json/TrikeShedJsonScanner.kt:241:34 Not enough information to infer type argument for 'B'.
e: file:///Users/jim/work/v2superbikeshed/Trikeshed/src/commonMain/kotlin/borg/trikeshed/parse/json/TrikeShedJsonScanner.kt:245:27 Cannot infer type for this parameter. Specify it explicitly.
e: file:///Users/jim/work/v2superbikeshed/Trikeshed/src/commonMain/kotlin/borg/trikeshed/parse/json/TrikeShedJsonScanner.kt:245:27 Not enough information to infer type argument for 'B'.
e: file:///Users/jim/work/v2superbikeshed/Trikeshed/src/commonMain/kotlin/borg/trikeshed/parse/json/TrikeShedJsonScanner.kt:247:31 Cannot infer type for this parameter. Specify it explicitly.
e: file:///Users/jim/work/v2superbikeshed/Trikeshed/src/commonMain/kotlin/borg/trikeshed/parse/json/TrikeShedJsonScanner.kt:247:31 Not enough information to infer type argument for 'B'.
e: file:///Users/jim/work/v2superbikeshed/Trikeshed/src/commonMain/kotlin/borg/trikeshed/parse/json/TrikeShedJsonScanner.kt:256:23 Overload resolution ambiguity between candidates:
fun <X, C, V : Join<Int, Function1<Int, X>>> V.α(crossinline xform: (X) -> C): Join<Int, Function1<Int, C>>
fun <X, C, V : Join<Int, Function1<Int, X>>> V.α(crossinline xform: (X) -> C): Join<Int, Function1<Int, C>>
e: file:///Users/jim/work/v2superbikeshed/Trikeshed/src/commonMain/kotlin/borg/trikeshed/parse/json/TrikeShedJsonScanner.kt:256:27 Cannot infer type for this parameter. Specify it explicitly.
e: file:///Users/jim/work/v2superbikeshed/Trikeshed/src/commonMain/kotlin/borg/trikeshed/parse/json/TrikeShedJsonScanner.kt:257:34 Function 'component1()' is ambiguous for this expression: 
fun <T> Array<out T>.component1(): T
fun ByteArray.component1(): Byte
fun ShortArray.component1(): Short
fun IntArray.component1(): Int
fun LongArray.component1(): Long
fun FloatArray.component1(): Float
fun DoubleArray.component1(): Double
fun BooleanArray.component1(): Boolean
fun CharArray.component1(): Char
fun <T> List<T>.component1(): T
fun UIntArray.component1(): UInt
fun ULongArray.component1(): ULong
fun UByteArray.component1(): UByte
fun UShortArray.component1(): UShort
fun <K, V> Map.Entry<K, V>.component1(): K.
e: file:///Users/jim/work/v2superbikeshed/Trikeshed/src/commonMain/kotlin/borg/trikeshed/parse/json/TrikeShedJsonScanner.kt:257:34 Function 'component2()' is ambiguous for this expression: 
fun <T> Array<out T>.component2(): T
fun ByteArray.component2(): Byte
fun ShortArray.component2(): Short
fun IntArray.component2(): Int
fun LongArray.component2(): Long
fun FloatArray.component2(): Float
fun DoubleArray.component2(): Double
fun BooleanArray.component2(): Boolean
fun CharArray.component2(): Char
fun <T> List<T>.component2(): T
fun UIntArray.component2(): UInt
fun ULongArray.component2(): ULong
fun UByteArray.component2(): UByte
fun UShortArray.component2(): UShort
fun <K, V> Map.Entry<K, V>.component2(): V.
e: file:///Users/jim/work/v2superbikeshed/Trikeshed/src/commonMain/kotlin/borg/trikeshed/parse/json/TrikeShedJsonScanner.kt:267:35 Unresolved reference 'a'.
e: file:///Users/jim/work/v2superbikeshed/Trikeshed/src/commonMain/kotlin/borg/trikeshed/parse/json/TrikeShedJsonScanner.kt:268:35 Cannot infer type for this parameter. Specify it explicitly.
e: file:///Users/jim/work/v2superbikeshed/Trikeshed/src/commonMain/kotlin/borg/trikeshed/parse/json/TrikeShedJsonScanner.kt:268:44 Unresolved reference 'b'.
e: file:///Users/jim/work/v2superbikeshed/Trikeshed/src/commonMain/kotlin/borg/trikeshed/parse/json/TrikeShedJsonScanner.kt:269:23 Cannot infer type for this parameter. Specify it explicitly.
e: file:///Users/jim/work/v2superbikeshed/Trikeshed/src/commonMain/kotlin/borg/trikeshed/parse/json/TrikeShedJsonScanner.kt:269:26 Argument type mismatch: actual type is 'Join<A (of fun <A, B> A.j), B (of fun <A, B> A.j)>', but 'B (of fun <A, B> A.j)' was expected.
e: file:///Users/jim/work/v2superbikeshed/Trikeshed/src/commonMain/kotlin/borg/trikeshed/parse/json/TrikeShedJsonScanner.kt:269:35 Cannot infer type for this parameter. Specify it explicitly.
e: file:///Users/jim/work/v2superbikeshed/Trikeshed/src/commonMain/kotlin/borg/trikeshed/parse/markdown/MarkdownCodeBlock.kt:142:24 Cannot infer type for this parameter. Specify it explicitly.
e: file:///Users/jim/work/v2superbikeshed/Trikeshed/src/commonMain/kotlin/borg/trikeshed/parse/markdown/MarkdownCodeBlock.kt:142:24 Unresolved reference. None of the following candidates is applicable because of a receiver type mismatch:
fun <T> Join<Int, Function1<Int, Join<Any?, TypeMemento>>>.get(column: Column<T>): T?
e: file:///Users/jim/work/v2superbikeshed/Trikeshed/src/commonMain/kotlin/borg/trikeshed/parse/markdown/MarkdownCodeBlock.kt:156:35 Cannot infer type for this parameter. Specify it explicitly.
e: file:///Users/jim/work/v2superbikeshed/Trikeshed/src/commonMain/kotlin/borg/trikeshed/parse/markdown/MarkdownCodeBlock.kt:156:35 Not enough information to infer type argument for 'B'.
e: file:///Users/jim/work/v2superbikeshed/Trikeshed/src/commonMain/kotlin/borg/trikeshed/parse/markdown/MarkdownCodeBlock.kt:156:39 Cannot infer type for this parameter. Specify it explicitly.
e: file:///Users/jim/work/v2superbikeshed/Trikeshed/src/commonMain/kotlin/borg/trikeshed/parse/markdown/MarkdownCodeBlock.kt:156:44 Cannot infer type for this parameter. Specify it explicitly.
e: file:///Users/jim/work/v2superbikeshed/Trikeshed/src/commonMain/kotlin/borg/trikeshed/parse/markdown/MarkdownCodeBlock.kt:156:44 Unresolved reference. None of the following candidates is applicable because of a receiver type mismatch:
fun <T> Join<Int, Function1<Int, Join<Any?, TypeMemento>>>.get(column: Column<T>): T?
e: file:///Users/jim/work/v2superbikeshed/Trikeshed/src/commonMain/kotlin/borg/trikeshed/parse/markdown/MarkdownCodeBlock.kt:158:25 Cannot infer type for this parameter. Specify it explicitly.
e: file:///Users/jim/work/v2superbikeshed/Trikeshed/src/commonMain/kotlin/borg/trikeshed/parse/markdown/MarkdownCodeBlock.kt:158:25 Not enough information to infer type argument for 'T'.
e: file:///Users/jim/work/v2superbikeshed/Trikeshed/src/commonMain/kotlin/borg/trikeshed/parse/markdown/MarkdownCodeBlock.kt:158:25 Type arguments are not allowed on implicit invoke call.
e: file:///Users/jim/work/v2superbikeshed/Trikeshed/src/commonMain/kotlin/borg/trikeshed/parse/markdown/MarkdownCodeBlock.kt:158:25 Unresolved reference. None of the following candidates is applicable because of a receiver type mismatch:
fun <T> Join<Shape, Function1<Shape, T>>.invoke(index: Int): T
e: file:///Users/jim/work/v2superbikeshed/Trikeshed/src/commonMain/kotlin/borg/trikeshed/parse/markdown/MarkdownCodeBlock.kt:161:54 Cannot infer type for this parameter. Specify it explicitly.
e: file:///Users/jim/work/v2superbikeshed/Trikeshed/src/commonMain/kotlin/borg/trikeshed/parse/markdown/MarkdownCodeBlock.kt:161:54 Unresolved reference. None of the following candidates is applicable because of a receiver type mismatch:
val <T> Join<Int, Function1<Int, T>>.play: IterableIndexed<T>
e: file:///Users/jim/work/v2superbikeshed/Trikeshed/src/commonMain/kotlin/borg/trikeshed/parse/markdown/MarkdownCodeBlock.kt:161:59 Cannot infer type for this parameter. Specify it explicitly.
e: file:///Users/jim/work/v2superbikeshed/Trikeshed/src/commonMain/kotlin/borg/trikeshed/parse/markdown/MarkdownCodeBlock.kt:161:59 Not enough information to infer type argument for 'T'.
e: file:///Users/jim/work/v2superbikeshed/Trikeshed/src/commonMain/kotlin/borg/trikeshed/reactor/ProtocolChannelContextService.kt:23:74 Unresolved reference 'CoroutineContext'.
e: file:///Users/jim/work/v2superbikeshed/Trikeshed/src/commonMain/kotlin/borg/trikeshed/reactor/ProtocolChannelContextService.kt:24:9 Class '<anonymous>' is not abstract and does not implement abstract members:
actual fun isOpen(): Boolean
actual fun close(): Unit
actual fun configureBlocking(block: Boolean): SelectableChannel
actual fun isBlocking(): Boolean
e: file:///Users/jim/work/v2superbikeshed/Trikeshed/src/commonMain/kotlin/borg/trikeshed/reactor/ProtocolChannelContextService.kt:30:27 Unresolved reference 'CoroutineContext'.
e: file:///Users/jim/work/v2superbikeshed/Trikeshed/src/commonMain/kotlin/borg/trikeshed/reactor/ProtocolChannelContextService.kt:35:59 Unresolved reference 'CoroutineContext'.
e: file:///Users/jim/work/v2superbikeshed/Trikeshed/src/commonMain/kotlin/borg/trikeshed/reactor/ProtocolChannelContextService.kt:38:30 Cannot infer type for this parameter. Specify it explicitly.
e: file:///Users/jim/work/v2superbikeshed/Trikeshed/src/commonMain/kotlin/borg/trikeshed/reactor/ProtocolChannelContextService.kt:39:29 Cannot infer type for this parameter. Specify it explicitly.
e: file:///Users/jim/work/v2superbikeshed/Trikeshed/src/commonMain/kotlin/borg/trikeshed/reactor/ProtocolChannelContextService.kt:40:29 Cannot infer type for this parameter. Specify it explicitly.
e: file:///Users/jim/work/v2superbikeshed/Trikeshed/src/commonMain/kotlin/borg/trikeshed/reactor/ProtocolChannelContextService.kt:41:28 Cannot infer type for this parameter. Specify it explicitly.
e: file:///Users/jim/work/v2superbikeshed/Trikeshed/src/commonMain/kotlin/borg/trikeshed/reactor/ProtocolChannelContextService.kt:42:27 Cannot infer type for this parameter. Specify it explicitly.
e: file:///Users/jim/work/v2superbikeshed/Trikeshed/src/commonMain/kotlin/borg/trikeshed/reactor/ProtocolChannelContextService.kt:71:58 Unresolved reference 'CoroutineContext'.
e: file:///Users/jim/work/v2superbikeshed/Trikeshed/src/commonMain/kotlin/borg/trikeshed/reactor/ProtocolChannelContextService.kt:71:76 Unresolved reference 'CoroutineContext'.
e: file:///Users/jim/work/v2superbikeshed/Trikeshed/src/commonMain/kotlin/borg/trikeshed/reactor/ProtocolChannelContextService.kt:71:101 Unresolved reference 'CoroutineContext'.
e: file:///Users/jim/work/v2superbikeshed/Trikeshed/src/commonMain/kotlin/borg/trikeshed/reactor/ProtocolChannelContextService.kt:73:13 Unresolved reference 'CoroutineContext'.
e: file:///Users/jim/work/v2superbikeshed/Trikeshed/src/commonMain/kotlin/borg/trikeshed/reactor/ProtocolChannelContextService.kt:81:59 Unresolved reference 'CoroutineContext'.
e: file:///Users/jim/work/v2superbikeshed/Trikeshed/src/commonMain/kotlin/borg/trikeshed/reactor/ProtocolChannelContextService.kt:88:50 Unresolved reference 'CoroutineContext'.
e: file:///Users/jim/work/v2superbikeshed/Trikeshed/src/commonMain/kotlin/borg/trikeshed/reactor/ProtocolChannelContextService.kt:109:31 Unresolved reference 'CoroutineContext'.
e: file:///Users/jim/work/v2superbikeshed/Trikeshed/src/commonMain/kotlin/borg/trikeshed/reactor/ProtocolChannelContextService.kt:109:61 Unresolved reference 'CoroutineContext'.
e: file:///Users/jim/work/v2superbikeshed/Trikeshed/src/commonMain/kotlin/borg/trikeshed/reactor/ProtocolChannelContextService.kt:109:80 Unresolved reference 'CoroutineContext'.
e: file:///Users/jim/work/v2superbikeshed/Trikeshed/src/commonMain/kotlin/borg/trikeshed/reactor/ProtocolChannelContextService.kt:110:42 Argument type mismatch: actual type is 'Join<A (of fun <A, B> A.j), B (of fun <A, B> A.j)>', but 'Join<ERROR CLASS: Symbol not found for CoroutineContext, ERROR CLASS: Symbol not found for CoroutineContext>' was expected.
e: file:///Users/jim/work/v2superbikeshed/Trikeshed/src/commonMain/kotlin/borg/trikeshed/reactor/ProtocolChannelContextService.kt:110:47 Cannot infer type for this parameter. Specify it explicitly.
e: file:///Users/jim/work/v2superbikeshed/Trikeshed/src/commonMain/kotlin/borg/trikeshed/reactor/ProtocolChannelContextService.kt:110:47 Unresolved reference. None of the following candidates is applicable because of a receiver type mismatch:
fun <A, B> A.j(b: B): Join<A, B>
e: file:///Users/jim/work/v2superbikeshed/Trikeshed/src/commonMain/kotlin/borg/trikeshed/reactor/ProtocolChannelContextService.kt:120:8 Unresolved reference 'CoroutineContext'.
e: file:///Users/jim/work/v2superbikeshed/Trikeshed/src/commonMain/kotlin/borg/trikeshed/reactor/ProtocolChannelContextService.kt:127:23 Assignment type mismatch: actual type is 'CoroutineContext', but 'CoroutineDispatcher' was expected.
e: file:///Users/jim/work/v2superbikeshed/Trikeshed/src/commonMain/kotlin/borg/trikeshed/reactor/ProtocolChannelContextService.kt:131:23 Assignment type mismatch: actual type is 'CoroutineContext', but 'CoroutineDispatcher' was expected.
e: file:///Users/jim/work/v2superbikeshed/Trikeshed/src/commonMain/kotlin/borg/trikeshed/reactor/ProtocolChannelContextService.kt:139:60 Unresolved reference 'CoroutineContext'.
e: file:///Users/jim/work/v2superbikeshed/Trikeshed/src/commonMain/kotlin/borg/trikeshed/reactor/ProtocolChannelContextService.kt:140:31 'fun plus(other: CoroutineDispatcher): CoroutineDispatcher' is deprecated. Operator '+' on two CoroutineDispatcher objects is meaningless. CoroutineDispatcher is a coroutine context element and `+` is a set-sum operator for coroutine contexts. The dispatcher to the right of `+` just replaces the dispatcher to the left.
e: file:///Users/jim/work/v2superbikeshed/Trikeshed/src/commonMain/kotlin/borg/trikeshed/reactor/ProtocolChannelContextService.kt:143:58 Unresolved reference 'CoroutineContext'.
e: file:///Users/jim/work/v2superbikeshed/Trikeshed/src/commonMain/kotlin/borg/trikeshed/reactor/ProtocolChannelContextService.kt:144:31 'fun plus(other: CoroutineDispatcher): CoroutineDispatcher' is deprecated. Operator '+' on two CoroutineDispatcher objects is meaningless. CoroutineDispatcher is a coroutine context element and `+` is a set-sum operator for coroutine contexts. The dispatcher to the right of `+` just replaces the dispatcher to the left.
e: file:///Users/jim/work/v2superbikeshed/Trikeshed/src/commonMain/kotlin/borg/trikeshed/reactor/ProtocolChannelContextService.kt:147:58 Unresolved reference 'CoroutineContext'.
e: file:///Users/jim/work/v2superbikeshed/Trikeshed/src/commonMain/kotlin/borg/trikeshed/reactor/ProtocolChannelContextService.kt:148:31 'fun plus(other: CoroutineDispatcher): CoroutineDispatcher' is deprecated. Operator '+' on two CoroutineDispatcher objects is meaningless. CoroutineDispatcher is a coroutine context element and `+` is a set-sum operator for coroutine contexts. The dispatcher to the right of `+` just replaces the dispatcher to the left.
e: file:///Users/jim/work/v2superbikeshed/Trikeshed/src/commonMain/kotlin/borg/trikeshed/reactor/ProtocolChannelContextService.kt:151:56 Unresolved reference 'CoroutineContext'.
e: file:///Users/jim/work/v2superbikeshed/Trikeshed/src/commonMain/kotlin/borg/trikeshed/reactor/ProtocolChannelContextService.kt:152:31 'fun plus(other: CoroutineDispatcher): CoroutineDispatcher' is deprecated. Operator '+' on two CoroutineDispatcher objects is meaningless. CoroutineDispatcher is a coroutine context element and `+` is a set-sum operator for coroutine contexts. The dispatcher to the right of `+` just replaces the dispatcher to the left.
e: file:///Users/jim/work/v2superbikeshed/Trikeshed/src/commonMain/kotlin/borg/trikeshed/reactor/ProtocolChannelContextService.kt:159:41 Unresolved reference 'CoroutineContext'.
e: file:///Users/jim/work/v2superbikeshed/Trikeshed/src/commonMain/kotlin/borg/trikeshed/reactor/ProtocolChannelContextService.kt:160:26 Unresolved reference 'CoroutineContext'.
e: file:///Users/jim/work/v2superbikeshed/Trikeshed/src/commonMain/kotlin/borg/trikeshed/reactor/ProtocolChannelContextService.kt:161:25 Unresolved reference 'CoroutineContext'.
e: file:///Users/jim/work/v2superbikeshed/Trikeshed/src/commonMain/kotlin/borg/trikeshed/reactor/ProtocolChannelContextService.kt:162:25 Unresolved reference 'CoroutineContext'.
e: file:///Users/jim/work/v2superbikeshed/Trikeshed/src/commonMain/kotlin/borg/trikeshed/reactor/ProtocolChannelContextService.kt:163:24 Unresolved reference 'CoroutineContext'.
e: file:///Users/jim/work/v2superbikeshed/Trikeshed/src/commonMain/kotlin/borg/trikeshed/reactor/ProtocolChannelContextService.kt:164:28 Unresolved reference 'CoroutineContext'.
e: file:///Users/jim/work/v2superbikeshed/Trikeshed/src/commonMain/kotlin/borg/trikeshed/reactor/ProtocolChannelContextService.kt:171:31 Unresolved reference 'CoroutineContext'.
e: file:///Users/jim/work/v2superbikeshed/Trikeshed/src/commonMain/kotlin/borg/trikeshed/reactor/ProtocolChannelContextService.kt:175:30 Unresolved reference 'CoroutineContext'.
e: file:///Users/jim/work/v2superbikeshed/Trikeshed/src/commonMain/kotlin/borg/trikeshed/reactor/ProtocolChannelContextService.kt:179:30 Unresolved reference 'CoroutineContext'.
e: file:///Users/jim/work/v2superbikeshed/Trikeshed/src/commonMain/kotlin/borg/trikeshed/reactor/ProtocolChannelContextService.kt:183:29 Unresolved reference 'CoroutineContext'.
e: file:///Users/jim/work/v2superbikeshed/Trikeshed/src/commonMain/kotlin/borg/trikeshed/reactor/ProtocolIngressEgressRouter.kt:24:64 Unresolved reference 'CoroutineContext'.
e: file:///Users/jim/work/v2superbikeshed/Trikeshed/src/commonMain/kotlin/borg/trikeshed/reactor/ProtocolIngressEgressRouter.kt:25:34 No value passed for parameter 'a'.
e: file:///Users/jim/work/v2superbikeshed/Trikeshed/src/commonMain/kotlin/borg/trikeshed/reactor/ProtocolIngressEgressRouter.kt:25:34 No value passed for parameter 'b'.
e: file:///Users/jim/work/v2superbikeshed/Trikeshed/src/commonMain/kotlin/borg/trikeshed/reactor/ProtocolIngressEgressRouter.kt:27:43 Cannot infer type for this parameter. Specify it explicitly.
e: file:///Users/jim/work/v2superbikeshed/Trikeshed/src/commonMain/kotlin/borg/trikeshed/reactor/ProtocolIngressEgressRouter.kt:34:46 Cannot infer type for this parameter. Specify it explicitly.
e: file:///Users/jim/work/v2superbikeshed/Trikeshed/src/commonMain/kotlin/borg/trikeshed/reactor/ProtocolIngressEgressRouter.kt:37:44 Cannot infer type for this parameter. Specify it explicitly.
e: file:///Users/jim/work/v2superbikeshed/Trikeshed/src/commonMain/kotlin/borg/trikeshed/reactor/ProtocolIngressEgressRouter.kt:44:62 Unresolved reference 'CoroutineContext'.
e: file:///Users/jim/work/v2superbikeshed/Trikeshed/src/commonMain/kotlin/borg/trikeshed/reactor/ProtocolIngressEgressRouter.kt:45:33 No value passed for parameter 'a'.
e: file:///Users/jim/work/v2superbikeshed/Trikeshed/src/commonMain/kotlin/borg/trikeshed/reactor/ProtocolIngressEgressRouter.kt:45:33 No value passed for parameter 'b'.
e: file:///Users/jim/work/v2superbikeshed/Trikeshed/src/commonMain/kotlin/borg/trikeshed/reactor/ProtocolIngressEgressRouter.kt:47:42 Cannot infer type for this parameter. Specify it explicitly.
e: file:///Users/jim/work/v2superbikeshed/Trikeshed/src/commonMain/kotlin/borg/trikeshed/reactor/ProtocolIngressEgressRouter.kt:54:45 Cannot infer type for this parameter. Specify it explicitly.
e: file:///Users/jim/work/v2superbikeshed/Trikeshed/src/commonMain/kotlin/borg/trikeshed/reactor/ProtocolIngressEgressRouter.kt:57:43 Cannot infer type for this parameter. Specify it explicitly.
e: file:///Users/jim/work/v2superbikeshed/Trikeshed/src/commonMain/kotlin/borg/trikeshed/reactor/ProtocolIngressEgressRouter.kt:64:90 Unresolved reference 'CoroutineContext'.
e: file:///Users/jim/work/v2superbikeshed/Trikeshed/src/commonMain/kotlin/borg/trikeshed/reactor/ProtocolIngressEgressRouter.kt:65:9 Type mismatch: inferred type is 'Join<IngressRoute.DEFAULT, EgressRoute.DEFAULT>', but 'Join<IngressRoute, EgressRoute>' was expected.
e: file:///Users/jim/work/v2superbikeshed/Trikeshed/src/commonMain/kotlin/borg/trikeshed/reactor/ProtocolIngressEgressRouter.kt:65:54 No value passed for parameter 'a'.
e: file:///Users/jim/work/v2superbikeshed/Trikeshed/src/commonMain/kotlin/borg/trikeshed/reactor/ProtocolIngressEgressRouter.kt:65:54 No value passed for parameter 'b'.
e: file:///Users/jim/work/v2superbikeshed/Trikeshed/src/commonMain/kotlin/borg/trikeshed/reactor/ProtocolIngressEgressRouter.kt:65:103 No value passed for parameter 'a'.
e: file:///Users/jim/work/v2superbikeshed/Trikeshed/src/commonMain/kotlin/borg/trikeshed/reactor/ProtocolIngressEgressRouter.kt:65:103 No value passed for parameter 'b'.
e: file:///Users/jim/work/v2superbikeshed/Trikeshed/src/commonMain/kotlin/borg/trikeshed/reactor/ProtocolIngressEgressRouter.kt:68:21 Unresolved reference 'CoroutineContext'.
e: file:///Users/jim/work/v2superbikeshed/Trikeshed/src/commonMain/kotlin/borg/trikeshed/reactor/ProtocolIngressEgressRouter.kt:77:21 Unresolved reference 'CoroutineContext'.
e: file:///Users/jim/work/v2superbikeshed/Trikeshed/src/commonMain/kotlin/borg/trikeshed/reactor/ProtocolIngressEgressRouter.kt:83:49 Unresolved reference 'CoroutineContext'.
e: file:///Users/jim/work/v2superbikeshed/Trikeshed/src/commonMain/kotlin/borg/trikeshed/reactor/ProtocolIngressEgressRouter.kt:84:28 Cannot infer type for this parameter. Specify it explicitly.
e: file:///Users/jim/work/v2superbikeshed/Trikeshed/src/commonMain/kotlin/borg/trikeshed/reactor/ProtocolIngressEgressRouter.kt:85:13 Not enough information to infer type argument for 'K'.
e: file:///Users/jim/work/v2superbikeshed/Trikeshed/src/commonMain/kotlin/borg/trikeshed/reactor/ProtocolIngressEgressRouter.kt:106:52 Unresolved reference 'CoroutineContext'.
e: file:///Users/jim/work/v2superbikeshed/Trikeshed/src/commonMain/kotlin/borg/trikeshed/reactor/ProtocolIngressEgressRouter.kt:113:50 Unresolved reference 'CoroutineContext'.
e: file:///Users/jim/work/v2superbikeshed/Trikeshed/src/commonMain/kotlin/borg/trikeshed/reactor/ProtocolIngressEgressRouter.kt:120:85 Unresolved reference 'CoroutineContext'.
e: file:///Users/jim/work/v2superbikeshed/Trikeshed/src/commonMain/kotlin/borg/trikeshed/reactor/ProtocolIngressEgressRouter.kt:127:31 Unresolved reference 'CoroutineContext'.
e: file:///Users/jim/work/v2superbikeshed/Trikeshed/src/commonMain/kotlin/borg/trikeshed/reactor/ProtocolIngressEgressRouter.kt:137:18 Unresolved reference 'CoroutineContext'.
e: file:///Users/jim/work/v2superbikeshed/Trikeshed/src/commonMain/kotlin/borg/trikeshed/reactor/ProtocolIngressEgressRouter.kt:145:46 Unresolved reference 'ingressChannel'.
e: file:///Users/jim/work/v2superbikeshed/Trikeshed/src/commonMain/kotlin/borg/trikeshed/reactor/ProtocolIngressEgressRouter.kt:147:44 Unresolved reference 'receive'.
e: file:///Users/jim/work/v2superbikeshed/Trikeshed/src/commonMain/kotlin/borg/trikeshed/reactor/ProtocolIngressEgressRouter.kt:171:18 Unresolved reference 'CoroutineContext'.
e: file:///Users/jim/work/v2superbikeshed/Trikeshed/src/commonMain/kotlin/borg/trikeshed/reactor/ProtocolIngressEgressRouter.kt:179:45 Unresolved reference 'egressChannel'.
e: file:///Users/jim/work/v2superbikeshed/Trikeshed/src/commonMain/kotlin/borg/trikeshed/reactor/ProtocolIngressEgressRouter.kt:181:39 Unresolved reference 'send'.
e: file:///Users/jim/work/v2superbikeshed/Trikeshed/src/commonMain/kotlin/borg/trikeshed/reactor/ProtocolIngressEgressRouter.kt:216:40 Unresolved reference 'CoroutineContext'.
e: file:///Users/jim/work/v2superbikeshed/Trikeshed/src/commonMain/kotlin/borg/trikeshed/reactor/ProtocolIngressEgressRouter.kt:217:26 'context' hides member of supertype 'IngressRoute' and needs an 'override' modifier.
e: file:///Users/jim/work/v2superbikeshed/Trikeshed/src/commonMain/kotlin/borg/trikeshed/reactor/ProtocolIngressEgressRouter.kt:217:35 Unresolved reference 'CoroutineContext'.
e: file:///Users/jim/work/v2superbikeshed/Trikeshed/src/commonMain/kotlin/borg/trikeshed/reactor/ProtocolIngressEgressRouter.kt:218:28 'context' hides member of supertype 'IngressRoute' and needs an 'override' modifier.
e: file:///Users/jim/work/v2superbikeshed/Trikeshed/src/commonMain/kotlin/borg/trikeshed/reactor/ProtocolIngressEgressRouter.kt:218:37 Unresolved reference 'CoroutineContext'.
e: file:///Users/jim/work/v2superbikeshed/Trikeshed/src/commonMain/kotlin/borg/trikeshed/reactor/ProtocolIngressEgressRouter.kt:219:26 'context' hides member of supertype 'IngressRoute' and needs an 'override' modifier.
e: file:///Users/jim/work/v2superbikeshed/Trikeshed/src/commonMain/kotlin/borg/trikeshed/reactor/ProtocolIngressEgressRouter.kt:219:35 Unresolved reference 'CoroutineContext'.
e: file:///Users/jim/work/v2superbikeshed/Trikeshed/src/commonMain/kotlin/borg/trikeshed/reactor/ProtocolIngressEgressRouter.kt:220:28 'context' hides member of supertype 'IngressRoute' and needs an 'override' modifier.
e: file:///Users/jim/work/v2superbikeshed/Trikeshed/src/commonMain/kotlin/borg/trikeshed/reactor/ProtocolIngressEgressRouter.kt:220:37 Unresolved reference 'CoroutineContext'.
e: file:///Users/jim/work/v2superbikeshed/Trikeshed/src/commonMain/kotlin/borg/trikeshed/reactor/ProtocolIngressEgressRouter.kt:223:39 Unresolved reference 'CoroutineContext'.
e: file:///Users/jim/work/v2superbikeshed/Trikeshed/src/commonMain/kotlin/borg/trikeshed/reactor/ProtocolIngressEgressRouter.kt:224:26 'context' hides member of supertype 'EgressRoute' and needs an 'override' modifier.
e: file:///Users/jim/work/v2superbikeshed/Trikeshed/src/commonMain/kotlin/borg/trikeshed/reactor/ProtocolIngressEgressRouter.kt:224:35 Unresolved reference 'CoroutineContext'.
e: file:///Users/jim/work/v2superbikeshed/Trikeshed/src/commonMain/kotlin/borg/trikeshed/reactor/ProtocolIngressEgressRouter.kt:225:28 'context' hides member of supertype 'EgressRoute' and needs an 'override' modifier.
e: file:///Users/jim/work/v2superbikeshed/Trikeshed/src/commonMain/kotlin/borg/trikeshed/reactor/ProtocolIngressEgressRouter.kt:225:37 Unresolved reference 'CoroutineContext'.
e: file:///Users/jim/work/v2superbikeshed/Trikeshed/src/commonMain/kotlin/borg/trikeshed/reactor/ProtocolIngressEgressRouter.kt:226:26 'context' hides member of supertype 'EgressRoute' and needs an 'override' modifier.
e: file:///Users/jim/work/v2superbikeshed/Trikeshed/src/commonMain/kotlin/borg/trikeshed/reactor/ProtocolIngressEgressRouter.kt:226:35 Unresolved reference 'CoroutineContext'.
e: file:///Users/jim/work/v2superbikeshed/Trikeshed/src/commonMain/kotlin/borg/trikeshed/reactor/ProtocolIngressEgressRouter.kt:227:28 'context' hides member of supertype 'EgressRoute' and needs an 'override' modifier.
e: file:///Users/jim/work/v2superbikeshed/Trikeshed/src/commonMain/kotlin/borg/trikeshed/reactor/ProtocolIngressEgressRouter.kt:227:37 Unresolved reference 'CoroutineContext'.
e: file:///Users/jim/work/v2superbikeshed/Trikeshed/src/commonMain/kotlin/borg/trikeshed/reactor/Reactor.kt:162:27 Syntax error: Unexpected tokens (use ';' to separate expressions on the same line).
e: file:///Users/jim/work/v2superbikeshed/Trikeshed/src/commonMain/kotlin/borg/trikeshed/reactor/Reactor.kt:243:16 Cannot infer type for this parameter. Specify it explicitly.
e: file:///Users/jim/work/v2superbikeshed/Trikeshed/src/commonMain/kotlin/borg/trikeshed/reactor/Reactor.kt:243:16 Unresolved reference. None of the following candidates is applicable because of a receiver type mismatch:
fun <T> Join<Int, Function1<Int, Join<Any?, TypeMemento>>>.get(column: Column<T>): T?
e: file:///Users/jim/work/v2superbikeshed/Trikeshed/src/commonMain/kotlin/borg/trikeshed/reactor/Reactor.kt:408:76 Unresolved reference 'CoroutineContext'.
e: file:///Users/jim/work/v2superbikeshed/Trikeshed/src/commonMain/kotlin/borg/trikeshed/reactor/Reactor.kt:409:5 Class '<anonymous>' is not abstract and does not implement abstract members:
actual fun isOpen(): Boolean
actual fun close(): Unit
actual fun configureBlocking(block: Boolean): SelectableChannel
actual fun isBlocking(): Boolean
e: file:///Users/jim/work/v2superbikeshed/Trikeshed/src/commonMain/kotlin/borg/trikeshed/reactor/Reactor.kt:424:17 Unresolved reference 'CoroutineContext'.
e: file:///Users/jim/work/v2superbikeshed/Trikeshed/src/commonMain/kotlin/borg/trikeshed/reactor/Reactor.kt:430:72 Unresolved reference 'CoroutineContext'.
e: file:///Users/jim/work/v2superbikeshed/Trikeshed/src/commonMain/kotlin/borg/trikeshed/reactor/Reactor.kt:433:38 Cannot infer type for this parameter. Specify it explicitly.
e: file:///Users/jim/work/v2superbikeshed/Trikeshed/src/commonMain/kotlin/borg/trikeshed/reactor/Reactor.kt:441:41 Cannot infer type for this parameter. Specify it explicitly.
e: file:///Users/jim/work/v2superbikeshed/Trikeshed/src/commonMain/kotlin/borg/trikeshed/reactor/Reactor.kt:444:39 Cannot infer type for this parameter. Specify it explicitly.
e: file:///Users/jim/work/v2superbikeshed/Trikeshed/src/commonMain/kotlin/borg/trikeshed/reactor/Reactor.kt:447:41 Cannot infer type for this parameter. Specify it explicitly.
e: file:///Users/jim/work/v2superbikeshed/Trikeshed/src/commonMain/kotlin/borg/trikeshed/reactor/Reactor.kt:450:44 Cannot infer type for this parameter. Specify it explicitly.
e: file:///Users/jim/work/v2superbikeshed/Trikeshed/src/commonMain/kotlin/borg/trikeshed/reactor/Reactor.kt:453:41 Cannot infer type for this parameter. Specify it explicitly.
e: file:///Users/jim/work/v2superbikeshed/Trikeshed/src/commonMain/kotlin/borg/trikeshed/reactor/Reactor.kt:456:41 Cannot infer type for this parameter. Specify it explicitly.
e: file:///Users/jim/work/v2superbikeshed/Trikeshed/src/commonMain/kotlin/borg/trikeshed/reactor/Reactor.kt:459:42 Cannot infer type for this parameter. Specify it explicitly.
e: file:///Users/jim/work/v2superbikeshed/Trikeshed/src/commonMain/kotlin/borg/trikeshed/reactor/Reactor.kt:462:43 Cannot infer type for this parameter. Specify it explicitly.
e: file:///Users/jim/work/v2superbikeshed/Trikeshed/src/commonMain/kotlin/borg/trikeshed/reactor/Reactor.kt:465:41 Cannot infer type for this parameter. Specify it explicitly.
e: file:///Users/jim/work/v2superbikeshed/Trikeshed/src/commonMain/kotlin/borg/trikeshed/reactor/Reactor.kt:472:54 Unresolved reference 'CoroutineContext'.
e: file:///Users/jim/work/v2superbikeshed/Trikeshed/src/commonMain/kotlin/borg/trikeshed/reactor/Reactor.kt:472:72 Unresolved reference 'CoroutineContext'.
e: file:///Users/jim/work/v2superbikeshed/Trikeshed/src/commonMain/kotlin/borg/trikeshed/reactor/Reactor.kt:472:97 Unresolved reference 'CoroutineContext'.
e: file:///Users/jim/work/v2superbikeshed/Trikeshed/src/commonMain/kotlin/borg/trikeshed/reactor/Reactor.kt:474:9 Unresolved reference 'CoroutineContext'.
e: file:///Users/jim/work/v2superbikeshed/Trikeshed/src/commonMain/kotlin/borg/trikeshed/reactor/Reactor.kt:478:63 Unresolved reference 'CoroutineContext'.
e: file:///Users/jim/work/v2superbikeshed/Trikeshed/src/commonMain/kotlin/borg/trikeshed/reactor/Reactor.kt:478:113 Unresolved reference 'SocksIngressChannel'.
e: file:///Users/jim/work/v2superbikeshed/Trikeshed/src/commonMain/kotlin/borg/trikeshed/reactor/Reactor.kt:481:24 Unresolved reference 'borg.trikeshed.reactor.socks.SocksIngressChannel'.
e: file:///Users/jim/work/v2superbikeshed/Trikeshed/src/commonMain/kotlin/borg/trikeshed/reactor/Reactor.kt:481:26 Cannot infer type for this parameter. Specify it explicitly.
e: file:///Users/jim/work/v2superbikeshed/Trikeshed/src/commonMain/kotlin/borg/trikeshed/reactor/Reactor.kt:482:23 Unresolved reference 'borg.trikeshed.reactor.socks.SocksIngressChannel'.
e: file:///Users/jim/work/v2superbikeshed/Trikeshed/src/commonMain/kotlin/borg/trikeshed/reactor/Reactor.kt:482:25 Cannot infer type for this parameter. Specify it explicitly.
e: file:///Users/jim/work/v2superbikeshed/Trikeshed/src/commonMain/kotlin/borg/trikeshed/reactor/Reactor.kt:483:23 Unresolved reference 'borg.trikeshed.reactor.socks.SocksIngressChannel'.
e: file:///Users/jim/work/v2superbikeshed/Trikeshed/src/commonMain/kotlin/borg/trikeshed/reactor/Reactor.kt:483:25 Cannot infer type for this parameter. Specify it explicitly.
e: file:///Users/jim/work/v2superbikeshed/Trikeshed/src/commonMain/kotlin/borg/trikeshed/reactor/Reactor.kt:484:21 Unresolved reference 'borg.trikeshed.reactor.socks.SocksIngressChannel'.
e: file:///Users/jim/work/v2superbikeshed/Trikeshed/src/commonMain/kotlin/borg/trikeshed/reactor/Reactor.kt:484:23 Cannot infer type for this parameter. Specify it explicitly.
e: file:///Users/jim/work/v2superbikeshed/Trikeshed/src/commonMain/kotlin/borg/trikeshed/reactor/Reactor.kt:489:62 Unresolved reference 'CoroutineContext'.
e: file:///Users/jim/work/v2superbikeshed/Trikeshed/src/commonMain/kotlin/borg/trikeshed/reactor/Reactor.kt:489:112 Unresolved reference 'SocksEgressChannel'.
e: file:///Users/jim/work/v2superbikeshed/Trikeshed/src/commonMain/kotlin/borg/trikeshed/reactor/Reactor.kt:492:24 Unresolved reference 'borg.trikeshed.reactor.socks.SocksEgressChannel'.
e: file:///Users/jim/work/v2superbikeshed/Trikeshed/src/commonMain/kotlin/borg/trikeshed/reactor/Reactor.kt:492:26 Cannot infer type for this parameter. Specify it explicitly.
e: file:///Users/jim/work/v2superbikeshed/Trikeshed/src/commonMain/kotlin/borg/trikeshed/reactor/Reactor.kt:493:23 Unresolved reference 'borg.trikeshed.reactor.socks.SocksEgressChannel'.
e: file:///Users/jim/work/v2superbikeshed/Trikeshed/src/commonMain/kotlin/borg/trikeshed/reactor/Reactor.kt:493:25 Cannot infer type for this parameter. Specify it explicitly.
e: file:///Users/jim/work/v2superbikeshed/Trikeshed/src/commonMain/kotlin/borg/trikeshed/reactor/Reactor.kt:494:23 Unresolved reference 'borg.trikeshed.reactor.socks.SocksEgressChannel'.
e: file:///Users/jim/work/v2superbikeshed/Trikeshed/src/commonMain/kotlin/borg/trikeshed/reactor/Reactor.kt:494:25 Cannot infer type for this parameter. Specify it explicitly.
e: file:///Users/jim/work/v2superbikeshed/Trikeshed/src/commonMain/kotlin/borg/trikeshed/reactor/Reactor.kt:495:21 Unresolved reference 'borg.trikeshed.reactor.socks.SocksEgressChannel'.
e: file:///Users/jim/work/v2superbikeshed/Trikeshed/src/commonMain/kotlin/borg/trikeshed/reactor/Reactor.kt:495:23 Cannot infer type for this parameter. Specify it explicitly.
e: file:///Users/jim/work/v2superbikeshed/Trikeshed/src/commonMain/kotlin/borg/trikeshed/reactor/Reactor.kt:501:63 Unresolved reference 'CoroutineContext'.
e: file:///Users/jim/work/v2superbikeshed/Trikeshed/src/commonMain/kotlin/borg/trikeshed/reactor/Reactor.kt:505:82 Unresolved reference 'CoroutineContext'.
e: file:///Users/jim/work/v2superbikeshed/Trikeshed/src/commonMain/kotlin/borg/trikeshed/reactor/Reactor.kt:509:35 Unresolved reference 'CoroutineContext'.
e: file:///Users/jim/work/v2superbikeshed/Trikeshed/src/commonMain/kotlin/borg/trikeshed/reactor/Reactor.kt:509:65 Unresolved reference 'CoroutineContext'.
e: file:///Users/jim/work/v2superbikeshed/Trikeshed/src/commonMain/kotlin/borg/trikeshed/reactor/Reactor.kt:509:84 Unresolved reference 'CoroutineContext'.
e: file:///Users/jim/work/v2superbikeshed/Trikeshed/src/commonMain/kotlin/borg/trikeshed/reactor/Reactor.kt:510:38 Argument type mismatch: actual type is 'Join<A (of fun <A, B> A.j), B (of fun <A, B> A.j)>', but 'Join<ERROR CLASS: Symbol not found for CoroutineContext, ERROR CLASS: Symbol not found for CoroutineContext>' was expected.
e: file:///Users/jim/work/v2superbikeshed/Trikeshed/src/commonMain/kotlin/borg/trikeshed/reactor/Reactor.kt:510:43 Cannot infer type for this parameter. Specify it explicitly.
e: file:///Users/jim/work/v2superbikeshed/Trikeshed/src/commonMain/kotlin/borg/trikeshed/reactor/Reactor.kt:510:43 Unresolved reference. None of the following candidates is applicable because of a receiver type mismatch:
fun <A, B> A.j(b: B): Join<A, B>
e: file:///Users/jim/work/v2superbikeshed/Trikeshed/src/commonMain/kotlin/borg/trikeshed/reactor/Reactor.kt:513:61 Unresolved reference 'CoroutineContext'.
e: file:///Users/jim/work/v2superbikeshed/Trikeshed/src/commonMain/kotlin/borg/trikeshed/reactor/Reactor.kt:513:109 Unresolved reference 'SocksIngressChannel'.
e: file:///Users/jim/work/v2superbikeshed/Trikeshed/src/commonMain/kotlin/borg/trikeshed/reactor/Reactor.kt:517:60 Unresolved reference 'CoroutineContext'.
e: file:///Users/jim/work/v2superbikeshed/Trikeshed/src/commonMain/kotlin/borg/trikeshed/reactor/Reactor.kt:517:108 Unresolved reference 'SocksEgressChannel'.
e: file:///Users/jim/work/v2superbikeshed/Trikeshed/src/commonMain/kotlin/borg/trikeshed/reactor/Reactor.kt:523:68 Unresolved reference 'CoroutineContext'.
e: file:///Users/jim/work/v2superbikeshed/Trikeshed/src/commonMain/kotlin/borg/trikeshed/reactor/Reactor.kt:524:21 Anonymous object cannot extend a sealed class.
e: file:///Users/jim/work/v2superbikeshed/Trikeshed/src/commonMain/kotlin/borg/trikeshed/reactor/Reactor.kt:524:21 This type has a constructor, so it must be initialized here.
e: file:///Users/jim/work/v2superbikeshed/Trikeshed/src/commonMain/kotlin/borg/trikeshed/reactor/Reactor.kt:525:9 'execute' overrides nothing.
e: file:///Users/jim/work/v2superbikeshed/Trikeshed/src/commonMain/kotlin/borg/trikeshed/reactor/Reactor.kt:535:67 Unresolved reference 'CoroutineContext'.
e: file:///Users/jim/work/v2superbikeshed/Trikeshed/src/commonMain/kotlin/borg/trikeshed/reactor/Reactor.kt:536:21 Anonymous object cannot extend a sealed class.
e: file:///Users/jim/work/v2superbikeshed/Trikeshed/src/commonMain/kotlin/borg/trikeshed/reactor/Reactor.kt:536:21 This type has a constructor, so it must be initialized here.
e: file:///Users/jim/work/v2superbikeshed/Trikeshed/src/commonMain/kotlin/borg/trikeshed/reactor/Reactor.kt:537:9 'execute' overrides nothing.
e: file:///Users/jim/work/v2superbikeshed/Trikeshed/src/commonMain/kotlin/borg/trikeshed/reactor/Reactor.kt:546:67 Unresolved reference 'CoroutineContext'.
e: file:///Users/jim/work/v2superbikeshed/Trikeshed/src/commonMain/kotlin/borg/trikeshed/reactor/Reactor.kt:547:21 Anonymous object cannot extend a sealed class.
e: file:///Users/jim/work/v2superbikeshed/Trikeshed/src/commonMain/kotlin/borg/trikeshed/reactor/Reactor.kt:547:21 This type has a constructor, so it must be initialized here.
e: file:///Users/jim/work/v2superbikeshed/Trikeshed/src/commonMain/kotlin/borg/trikeshed/reactor/Reactor.kt:548:9 'execute' overrides nothing.
e: file:///Users/jim/work/v2superbikeshed/Trikeshed/src/commonMain/kotlin/borg/trikeshed/reactor/Reactor.kt:554:63 Unresolved reference 'CoroutineContext'.
e: file:///Users/jim/work/v2superbikeshed/Trikeshed/src/commonMain/kotlin/borg/trikeshed/reactor/Reactor.kt:555:21 Anonymous object cannot extend a sealed class.
e: file:///Users/jim/work/v2superbikeshed/Trikeshed/src/commonMain/kotlin/borg/trikeshed/reactor/Reactor.kt:555:21 This type has a constructor, so it must be initialized here.
e: file:///Users/jim/work/v2superbikeshed/Trikeshed/src/commonMain/kotlin/borg/trikeshed/reactor/Reactor.kt:556:9 'execute' overrides nothing.
e: file:///Users/jim/work/v2superbikeshed/Trikeshed/src/commonMain/kotlin/borg/trikeshed/reactor/Reactor.kt:562:61 Unresolved reference 'CoroutineContext'.
e: file:///Users/jim/work/v2superbikeshed/Trikeshed/src/commonMain/kotlin/borg/trikeshed/reactor/Reactor.kt:563:21 Anonymous object cannot extend a sealed class.
e: file:///Users/jim/work/v2superbikeshed/Trikeshed/src/commonMain/kotlin/borg/trikeshed/reactor/Reactor.kt:563:21 This type has a constructor, so it must be initialized here.
e: file:///Users/jim/work/v2superbikeshed/Trikeshed/src/commonMain/kotlin/borg/trikeshed/reactor/Reactor.kt:564:9 'execute' overrides nothing.
e: file:///Users/jim/work/v2superbikeshed/Trikeshed/src/commonMain/kotlin/borg/trikeshed/reactor/Reactor.kt:570:63 Unresolved reference 'CoroutineContext'.
e: file:///Users/jim/work/v2superbikeshed/Trikeshed/src/commonMain/kotlin/borg/trikeshed/reactor/Reactor.kt:571:21 Anonymous object cannot extend a sealed class.
e: file:///Users/jim/work/v2superbikeshed/Trikeshed/src/commonMain/kotlin/borg/trikeshed/reactor/Reactor.kt:571:21 This type has a constructor, so it must be initialized here.
e: file:///Users/jim/work/v2superbikeshed/Trikeshed/src/commonMain/kotlin/borg/trikeshed/reactor/Reactor.kt:572:9 'execute' overrides nothing.
e: file:///Users/jim/work/v2superbikeshed/Trikeshed/src/commonMain/kotlin/borg/trikeshed/reactor/Reactor.kt:578:66 Unresolved reference 'CoroutineContext'.
e: file:///Users/jim/work/v2superbikeshed/Trikeshed/src/commonMain/kotlin/borg/trikeshed/reactor/Reactor.kt:579:21 Anonymous object cannot extend a sealed class.
e: file:///Users/jim/work/v2superbikeshed/Trikeshed/src/commonMain/kotlin/borg/trikeshed/reactor/Reactor.kt:579:21 This type has a constructor, so it must be initialized here.
e: file:///Users/jim/work/v2superbikeshed/Trikeshed/src/commonMain/kotlin/borg/trikeshed/reactor/Reactor.kt:580:9 'execute' overrides nothing.
e: file:///Users/jim/work/v2superbikeshed/Trikeshed/src/commonMain/kotlin/borg/trikeshed/reactor/Reactor.kt:586:63 Unresolved reference 'CoroutineContext'.
e: file:///Users/jim/work/v2superbikeshed/Trikeshed/src/commonMain/kotlin/borg/trikeshed/reactor/Reactor.kt:587:21 Anonymous object cannot extend a sealed class.
e: file:///Users/jim/work/v2superbikeshed/Trikeshed/src/commonMain/kotlin/borg/trikeshed/reactor/Reactor.kt:587:21 This type has a constructor, so it must be initialized here.
e: file:///Users/jim/work/v2superbikeshed/Trikeshed/src/commonMain/kotlin/borg/trikeshed/reactor/Reactor.kt:588:9 'execute' overrides nothing.
e: file:///Users/jim/work/v2superbikeshed/Trikeshed/src/commonMain/kotlin/borg/trikeshed/reactor/Reactor.kt:594:63 Unresolved reference 'CoroutineContext'.
e: file:///Users/jim/work/v2superbikeshed/Trikeshed/src/commonMain/kotlin/borg/trikeshed/reactor/Reactor.kt:595:21 Anonymous object cannot extend a sealed class.
e: file:///Users/jim/work/v2superbikeshed/Trikeshed/src/commonMain/kotlin/borg/trikeshed/reactor/Reactor.kt:595:21 This type has a constructor, so it must be initialized here.
e: file:///Users/jim/work/v2superbikeshed/Trikeshed/src/commonMain/kotlin/borg/trikeshed/reactor/Reactor.kt:596:9 'execute' overrides nothing.
e: file:///Users/jim/work/v2superbikeshed/Trikeshed/src/commonMain/kotlin/borg/trikeshed/reactor/Reactor.kt:602:64 Unresolved reference 'CoroutineContext'.
e: file:///Users/jim/work/v2superbikeshed/Trikeshed/src/commonMain/kotlin/borg/trikeshed/reactor/Reactor.kt:603:21 Anonymous object cannot extend a sealed class.
e: file:///Users/jim/work/v2superbikeshed/Trikeshed/src/commonMain/kotlin/borg/trikeshed/reactor/Reactor.kt:603:21 This type has a constructor, so it must be initialized here.
e: file:///Users/jim/work/v2superbikeshed/Trikeshed/src/commonMain/kotlin/borg/trikeshed/reactor/Reactor.kt:604:9 'execute' overrides nothing.
e: file:///Users/jim/work/v2superbikeshed/Trikeshed/src/commonMain/kotlin/borg/trikeshed/reactor/Reactor.kt:610:65 Unresolved reference 'CoroutineContext'.
e: file:///Users/jim/work/v2superbikeshed/Trikeshed/src/commonMain/kotlin/borg/trikeshed/reactor/Reactor.kt:611:21 Anonymous object cannot extend a sealed class.
e: file:///Users/jim/work/v2superbikeshed/Trikeshed/src/commonMain/kotlin/borg/trikeshed/reactor/Reactor.kt:611:21 This type has a constructor, so it must be initialized here.
e: file:///Users/jim/work/v2superbikeshed/Trikeshed/src/commonMain/kotlin/borg/trikeshed/reactor/Reactor.kt:612:9 'execute' overrides nothing.
e: file:///Users/jim/work/v2superbikeshed/Trikeshed/src/commonMain/kotlin/borg/trikeshed/reactor/Reactor.kt:618:63 Unresolved reference 'CoroutineContext'.
e: file:///Users/jim/work/v2superbikeshed/Trikeshed/src/commonMain/kotlin/borg/trikeshed/reactor/Reactor.kt:619:21 Anonymous object cannot extend a sealed class.
e: file:///Users/jim/work/v2superbikeshed/Trikeshed/src/commonMain/kotlin/borg/trikeshed/reactor/Reactor.kt:619:21 This type has a constructor, so it must be initialized here.
e: file:///Users/jim/work/v2superbikeshed/Trikeshed/src/commonMain/kotlin/borg/trikeshed/reactor/Reactor.kt:620:9 'execute' overrides nothing.
e: file:///Users/jim/work/v2superbikeshed/Trikeshed/src/commonMain/kotlin/borg/trikeshed/reactor/SelectableChannel.kt:30:11 Redeclaration:
actual interface ServerChannel : SelectableChannel
e: file:///Users/jim/work/v2superbikeshed/Trikeshed/src/commonMain/kotlin/borg/trikeshed/reactor/SelectableChannel.kt:35:11 Redeclaration:
actual class ClientChannel : Any
e: file:///Users/jim/work/v2superbikeshed/Trikeshed/src/commonMain/kotlin/borg/trikeshed/reactor/http/Http2ProxyReactor.kt:12:12 No type arguments expected for class Reactor : Any.
e: file:///Users/jim/work/v2superbikeshed/Trikeshed/src/commonMain/kotlin/borg/trikeshed/reactor/http/HttpChannel.kt:11:1 Class 'HttpChannel' is not abstract and does not implement abstract members:
actual fun configureBlocking(block: Boolean): SelectableChannel
actual fun isBlocking(): Boolean
e: file:///Users/jim/work/v2superbikeshed/Trikeshed/src/commonMain/kotlin/borg/trikeshed/reactor/http/HttpChannel.kt:16:39 Unresolved reference 'CoroutineContext'.
e: file:///Users/jim/work/v2superbikeshed/Trikeshed/src/commonMain/kotlin/borg/trikeshed/reactor/http/HttpChannel.kt:20:23 Assignment type mismatch: actual type is 'CoroutineContext', but 'CoroutineDispatcher' was expected.
e: file:///Users/jim/work/v2superbikeshed/Trikeshed/src/commonMain/kotlin/borg/trikeshed/reactor/http/HttpChannel.kt:24:23 Assignment type mismatch: actual type is 'CoroutineContext', but 'CoroutineDispatcher' was expected.
e: file:///Users/jim/work/v2superbikeshed/Trikeshed/src/commonMain/kotlin/borg/trikeshed/reactor/http/HttpChannel.kt:36:5 'register' overrides nothing.
e: file:///Users/jim/work/v2superbikeshed/Trikeshed/src/commonMain/kotlin/borg/trikeshed/reactor/http/HttpStateMachine.kt:4:36 Unresolved reference 'formatRfc1123'.
e: file:///Users/jim/work/v2superbikeshed/Trikeshed/src/commonMain/kotlin/borg/trikeshed/reactor/http/HttpStateMachine.kt:19:23 Function invocation 'OP_READ(...)' expected.
e: file:///Users/jim/work/v2superbikeshed/Trikeshed/src/commonMain/kotlin/borg/trikeshed/reactor/http/HttpStateMachine.kt:19:23 Return type mismatch: expected 'Join<Int, UnaryAsyncReaction>?', actual 'Join<Operation, Function0<Join<Int, UnaryAsyncReaction>?>>'.
e: file:///Users/jim/work/v2superbikeshed/Trikeshed/src/commonMain/kotlin/borg/trikeshed/reactor/http/HttpStateMachine.kt:30:62 None of the following candidates is applicable:
fun Array<out Byte>.toByteArray(): ByteArray
fun Collection<Byte>.toByteArray(): ByteArray
fun UByteArray.toByteArray(): ByteArray
fun ImmutableBlob.toByteArray(startIndex: Int = ..., endIndex: Int = ...): ByteArray
e: file:///Users/jim/work/v2superbikeshed/Trikeshed/src/commonMain/kotlin/borg/trikeshed/reactor/http/HttpStateMachine.kt:31:16 Function invocation 'OP_WRITE(...)' expected.
e: file:///Users/jim/work/v2superbikeshed/Trikeshed/src/commonMain/kotlin/borg/trikeshed/reactor/http/HttpStateMachine.kt:31:16 Return type mismatch: expected 'Join<Int, UnaryAsyncReaction>?', actual 'Join<Operation, Function1<Int, Join<Int, UnaryAsyncReaction>?>>'.
e: file:///Users/jim/work/v2superbikeshed/Trikeshed/src/commonMain/kotlin/borg/trikeshed/reactor/http/HttpStateMachine.kt:32:20 Unresolved reference 'write'.
e: file:///Users/jim/work/v2superbikeshed/Trikeshed/src/commonMain/kotlin/borg/trikeshed/reactor/http/HttpStateMachine.kt:45:23 Unresolved reference 'formatRfc1123'.
e: file:///Users/jim/work/v2superbikeshed/Trikeshed/src/commonMain/kotlin/borg/trikeshed/reactor/ipc/IpcChannel.kt:11:1 Class 'IpcChannel' is not abstract and does not implement abstract members:
actual fun configureBlocking(block: Boolean): SelectableChannel
actual fun isBlocking(): Boolean
e: file:///Users/jim/work/v2superbikeshed/Trikeshed/src/commonMain/kotlin/borg/trikeshed/reactor/ipc/IpcChannel.kt:16:38 Unresolved reference 'CoroutineContext'.
e: file:///Users/jim/work/v2superbikeshed/Trikeshed/src/commonMain/kotlin/borg/trikeshed/reactor/ipc/IpcChannel.kt:20:23 Assignment type mismatch: actual type is 'CoroutineContext', but 'CoroutineDispatcher' was expected.
e: file:///Users/jim/work/v2superbikeshed/Trikeshed/src/commonMain/kotlin/borg/trikeshed/reactor/ipc/IpcChannel.kt:24:23 Assignment type mismatch: actual type is 'CoroutineContext', but 'CoroutineDispatcher' was expected.
e: file:///Users/jim/work/v2superbikeshed/Trikeshed/src/commonMain/kotlin/borg/trikeshed/reactor/ipc/IpcChannel.kt:36:5 'register' overrides nothing.
e: file:///Users/jim/work/v2superbikeshed/Trikeshed/src/commonMain/kotlin/borg/trikeshed/reactor/ipc/IpcRouter.kt:10:12 No type arguments expected for class Reactor : Any.
e: file:///Users/jim/work/v2superbikeshed/Trikeshed/src/commonMain/kotlin/borg/trikeshed/reactor/quic/QuicChannel.kt:11:1 Class 'QuicChannel' is not abstract and does not implement abstract members:
actual fun configureBlocking(block: Boolean): SelectableChannel
actual fun isBlocking(): Boolean
e: file:///Users/jim/work/v2superbikeshed/Trikeshed/src/commonMain/kotlin/borg/trikeshed/reactor/quic/QuicChannel.kt:16:39 Unresolved reference 'CoroutineContext'.
e: file:///Users/jim/work/v2superbikeshed/Trikeshed/src/commonMain/kotlin/borg/trikeshed/reactor/quic/QuicChannel.kt:20:23 Assignment type mismatch: actual type is 'CoroutineContext', but 'CoroutineDispatcher' was expected.
e: file:///Users/jim/work/v2superbikeshed/Trikeshed/src/commonMain/kotlin/borg/trikeshed/reactor/quic/QuicChannel.kt:24:23 Assignment type mismatch: actual type is 'CoroutineContext', but 'CoroutineDispatcher' was expected.
e: file:///Users/jim/work/v2superbikeshed/Trikeshed/src/commonMain/kotlin/borg/trikeshed/reactor/quic/QuicChannel.kt:36:5 'register' overrides nothing.
e: file:///Users/jim/work/v2superbikeshed/Trikeshed/src/commonMain/kotlin/borg/trikeshed/reactor/quic/QuicDsl.kt:30:5 Cannot infer type for this parameter. Specify it explicitly.
e: file:///Users/jim/work/v2superbikeshed/Trikeshed/src/commonMain/kotlin/borg/trikeshed/reactor/quic/QuicDsl.kt:31:9 Interface 'interface QuicServer : Any' does not have constructors.
e: file:///Users/jim/work/v2superbikeshed/Trikeshed/src/commonMain/kotlin/borg/trikeshed/reactor/quic/QuicDsl.kt:31:28 Unresolved reference 'start'.
e: file:///Users/jim/work/v2superbikeshed/Trikeshed/src/commonMain/kotlin/borg/trikeshed/reactor/quic/QuicServer.kt:4:27 Unresolved reference 's_'.
e: file:///Users/jim/work/v2superbikeshed/Trikeshed/src/commonMain/kotlin/borg/trikeshed/reactor/quic/QuicServer.kt:9:8 Unresolved reference 'java'.
e: file:///Users/jim/work/v2superbikeshed/Trikeshed/src/commonMain/kotlin/borg/trikeshed/reactor/quic/QuicServer.kt:10:8 Unresolved reference 'java'.
e: file:///Users/jim/work/v2superbikeshed/Trikeshed/src/commonMain/kotlin/borg/trikeshed/reactor/quic/QuicServer.kt:11:8 Unresolved reference 'java'.
e: file:///Users/jim/work/v2superbikeshed/Trikeshed/src/commonMain/kotlin/borg/trikeshed/reactor/quic/QuicServer.kt:22:11 Redeclaration:
class QuicServer : Any
e: file:///Users/jim/work/v2superbikeshed/Trikeshed/src/commonMain/kotlin/borg/trikeshed/reactor/quic/QuicServer.kt:28:7 Redeclaration:
interface QuicServer : Any
e: file:///Users/jim/work/v2superbikeshed/Trikeshed/src/commonMain/kotlin/borg/trikeshed/reactor/quic/QuicServer.kt:31:23 Unresolved reference 'DatagramChannel'.
e: file:///Users/jim/work/v2superbikeshed/Trikeshed/src/commonMain/kotlin/borg/trikeshed/reactor/quic/QuicServer.kt:33:22 Unresolved reference 'InetSocketAddress'.
e: file:///Users/jim/work/v2superbikeshed/Trikeshed/src/commonMain/kotlin/borg/trikeshed/reactor/quic/QuicServer.kt:33:40 Unresolved reference 'config'.
e: file:///Users/jim/work/v2superbikeshed/Trikeshed/src/commonMain/kotlin/borg/trikeshed/reactor/quic/QuicServer.kt:33:53 Unresolved reference 'config'.
e: file:///Users/jim/work/v2superbikeshed/Trikeshed/src/commonMain/kotlin/borg/trikeshed/reactor/quic/QuicServer.kt:35:48 Unresolved reference 'config'.
e: file:///Users/jim/work/v2superbikeshed/Trikeshed/src/commonMain/kotlin/borg/trikeshed/reactor/quic/QuicServer.kt:37:40 Unresolved reference 'InetSocketAddress'.
e: file:///Users/jim/work/v2superbikeshed/Trikeshed/src/commonMain/kotlin/borg/trikeshed/reactor/quic/QuicServer.kt:40:37 Unresolved reference 'allocate'.
e: file:///Users/jim/work/v2superbikeshed/Trikeshed/src/commonMain/kotlin/borg/trikeshed/reactor/quic/QuicServer.kt:40:46 Unresolved reference 'config'.
e: file:///Users/jim/work/v2superbikeshed/Trikeshed/src/commonMain/kotlin/borg/trikeshed/reactor/quic/QuicServer.kt:41:61 Unresolved reference 'InetSocketAddress'.
e: file:///Users/jim/work/v2superbikeshed/Trikeshed/src/commonMain/kotlin/borg/trikeshed/reactor/quic/QuicServer.kt:46:60 Unresolved reference 'config'.
e: file:///Users/jim/work/v2superbikeshed/Trikeshed/src/commonMain/kotlin/borg/trikeshed/reactor/quic/QuicServer.kt:56:32 Unresolved reference 'InetSocketAddress'.
e: file:///Users/jim/work/v2superbikeshed/Trikeshed/src/commonMain/kotlin/borg/trikeshed/reactor/quic/QuicServer.kt:57:26 Unresolved reference 'DatagramChannel'.
e: file:///Users/jim/work/v2superbikeshed/Trikeshed/src/commonMain/kotlin/borg/trikeshed/reactor/quic/QuicServer.kt:76:17 Unresolved reference 'send'.
e: file:///Users/jim/work/v2superbikeshed/Trikeshed/src/commonMain/kotlin/borg/trikeshed/reactor/quic/QuicServer.kt:92:31 Unresolved reference 'allocate'.
e: file:///Users/jim/work/v2superbikeshed/Trikeshed/src/commonMain/kotlin/borg/trikeshed/reactor/quic/QuicServer.kt:107:35 Unresolved reference 's_'.
e: file:///Users/jim/work/v2superbikeshed/Trikeshed/src/commonMain/kotlin/borg/trikeshed/reactor/quic/QuicServer.kt:113:46 Unresolved reference 'wrap'.
e: file:///Users/jim/work/v2superbikeshed/Trikeshed/src/commonMain/kotlin/borg/trikeshed/reactor/socks/Socks5Demo.kt:33:9 Unresolved reference 'Socks5Evolution'.
e: file:///Users/jim/work/v2superbikeshed/Trikeshed/src/commonMain/kotlin/borg/trikeshed/reactor/socks/Socks5Demo.kt:44:54 Overload resolution ambiguity between candidates:
fun ByteArray.toIndexed(): Join<Int, Function1<Int, Byte>>
fun <T> Any.toIndexed(): Join<Int, Function1<Int, T>>
fun ByteArray.toIndexed(): Join<Int, Function1<Int, Byte>>
e: file:///Users/jim/work/v2superbikeshed/Trikeshed/src/commonMain/kotlin/borg/trikeshed/reactor/socks/Socks5Demo.kt:46:23 Unresolved reference 'Socks5Evolution'.
e: file:///Users/jim/work/v2superbikeshed/Trikeshed/src/commonMain/kotlin/borg/trikeshed/reactor/socks/Socks5Demo.kt:49:44 Unresolved reference 'format'.
e: file:///Users/jim/work/v2superbikeshed/Trikeshed/src/commonMain/kotlin/borg/trikeshed/reactor/socks/Socks5Demo.kt:49:59 Unresolved reference 'version'.
e: file:///Users/jim/work/v2superbikeshed/Trikeshed/src/commonMain/kotlin/borg/trikeshed/reactor/socks/Socks5Demo.kt:50:46 Unresolved reference 'methods'.
e: file:///Users/jim/work/v2superbikeshed/Trikeshed/src/commonMain/kotlin/borg/trikeshed/reactor/socks/Socks5Demo.kt:51:49 Unresolved reference 'scanCount'.
e: file:///Users/jim/work/v2superbikeshed/Trikeshed/src/commonMain/kotlin/borg/trikeshed/reactor/socks/Socks5Demo.kt:53:28 Unresolved reference 'Socks5Evolution'.
e: file:///Users/jim/work/v2superbikeshed/Trikeshed/src/commonMain/kotlin/borg/trikeshed/reactor/socks/Socks5Demo.kt:53:68 Unresolved reference 'Socks5Evolution'.
e: file:///Users/jim/work/v2superbikeshed/Trikeshed/src/commonMain/kotlin/borg/trikeshed/reactor/socks/Socks5Demo.kt:70:52 Overload resolution ambiguity between candidates:
fun ByteArray.toIndexed(): Join<Int, Function1<Int, Byte>>
fun <T> Any.toIndexed(): Join<Int, Function1<Int, T>>
fun ByteArray.toIndexed(): Join<Int, Function1<Int, Byte>>
e: file:///Users/jim/work/v2superbikeshed/Trikeshed/src/commonMain/kotlin/borg/trikeshed/reactor/socks/Socks5Demo.kt:72:23 Unresolved reference 'Socks5Evolution'.
e: file:///Users/jim/work/v2superbikeshed/Trikeshed/src/commonMain/kotlin/borg/trikeshed/reactor/socks/Socks5Demo.kt:75:44 Unresolved reference 'format'.
e: file:///Users/jim/work/v2superbikeshed/Trikeshed/src/commonMain/kotlin/borg/trikeshed/reactor/socks/Socks5Demo.kt:75:59 Unresolved reference 'version'.
e: file:///Users/jim/work/v2superbikeshed/Trikeshed/src/commonMain/kotlin/borg/trikeshed/reactor/socks/Socks5Demo.kt:76:69 Unresolved reference 'command'.
e: file:///Users/jim/work/v2superbikeshed/Trikeshed/src/commonMain/kotlin/borg/trikeshed/reactor/socks/Socks5Demo.kt:76:81 Unresolved reference 'format'.
e: file:///Users/jim/work/v2superbikeshed/Trikeshed/src/commonMain/kotlin/borg/trikeshed/reactor/socks/Socks5Demo.kt:76:96 Unresolved reference 'command'.
e: file:///Users/jim/work/v2superbikeshed/Trikeshed/src/commonMain/kotlin/borg/trikeshed/reactor/socks/Socks5Demo.kt:77:78 Unresolved reference 'addressType'.
e: file:///Users/jim/work/v2superbikeshed/Trikeshed/src/commonMain/kotlin/borg/trikeshed/reactor/socks/Socks5Demo.kt:77:94 Unresolved reference 'format'.
e: file:///Users/jim/work/v2superbikeshed/Trikeshed/src/commonMain/kotlin/borg/trikeshed/reactor/socks/Socks5Demo.kt:77:109 Unresolved reference 'addressType'.
e: file:///Users/jim/work/v2superbikeshed/Trikeshed/src/commonMain/kotlin/borg/trikeshed/reactor/socks/Socks5Demo.kt:78:50 Unresolved reference 'destinationAddress'.
e: file:///Users/jim/work/v2superbikeshed/Trikeshed/src/commonMain/kotlin/borg/trikeshed/reactor/socks/Socks5Demo.kt:78:94 Unresolved reference 'destinationPort'.
e: file:///Users/jim/work/v2superbikeshed/Trikeshed/src/commonMain/kotlin/borg/trikeshed/reactor/socks/Socks5Demo.kt:79:49 Unresolved reference 'scanCount'.
e: file:///Users/jim/work/v2superbikeshed/Trikeshed/src/commonMain/kotlin/borg/trikeshed/reactor/socks/Socks5Demo.kt:81:28 Unresolved reference 'Socks5Evolution'.
e: file:///Users/jim/work/v2superbikeshed/Trikeshed/src/commonMain/kotlin/borg/trikeshed/reactor/socks/Socks5Demo.kt:82:25 Unresolved reference 'Socks5Evolution'.
e: file:///Users/jim/work/v2superbikeshed/Trikeshed/src/commonMain/kotlin/borg/trikeshed/reactor/socks/Socks5Demo.kt:83:39 Unresolved reference 'addressType'.
e: file:///Users/jim/work/v2superbikeshed/Trikeshed/src/commonMain/kotlin/borg/trikeshed/reactor/socks/Socks5Demo.kt:84:40 Unresolved reference 'destinationAddress'.
e: file:///Users/jim/work/v2superbikeshed/Trikeshed/src/commonMain/kotlin/borg/trikeshed/reactor/socks/Socks5Demo.kt:85:37 Unresolved reference 'destinationPort'.
e: file:///Users/jim/work/v2superbikeshed/Trikeshed/src/commonMain/kotlin/borg/trikeshed/reactor/socks/Socks5Demo.kt:103:63 Overload resolution ambiguity between candidates:
fun ByteArray.toIndexed(): Join<Int, Function1<Int, Byte>>
fun <T> Any.toIndexed(): Join<Int, Function1<Int, T>>
fun ByteArray.toIndexed(): Join<Int, Function1<Int, Byte>>
e: file:///Users/jim/work/v2superbikeshed/Trikeshed/src/commonMain/kotlin/borg/trikeshed/reactor/socks/Socks5Demo.kt:105:32 Unresolved reference 'Socks5Evolution'.
e: file:///Users/jim/work/v2superbikeshed/Trikeshed/src/commonMain/kotlin/borg/trikeshed/reactor/socks/Socks5Demo.kt:107:44 Unresolved reference 'scanCount'.
e: file:///Users/jim/work/v2superbikeshed/Trikeshed/src/commonMain/kotlin/borg/trikeshed/reactor/socks/Socks5Demo.kt:108:65 Unresolved reference 'scanCount'.
e: file:///Users/jim/work/v2superbikeshed/Trikeshed/src/commonMain/kotlin/borg/trikeshed/reactor/socks/Socks5Demo.kt:110:37 Unresolved reference 'Socks5Evolution'.
e: file:///Users/jim/work/v2superbikeshed/Trikeshed/src/commonMain/kotlin/borg/trikeshed/reactor/socks/Socks5Demo.kt:110:77 Unresolved reference 'Socks5Evolution'.
e: file:///Users/jim/work/v2superbikeshed/Trikeshed/src/commonMain/kotlin/borg/trikeshed/reactor/socks/Socks5Demo.kt:121:59 Overload resolution ambiguity between candidates:
fun ByteArray.toIndexed(): Join<Int, Function1<Int, Byte>>
fun <T> Any.toIndexed(): Join<Int, Function1<Int, T>>
fun ByteArray.toIndexed(): Join<Int, Function1<Int, Byte>>
e: file:///Users/jim/work/v2superbikeshed/Trikeshed/src/commonMain/kotlin/borg/trikeshed/reactor/socks/Socks5Demo.kt:123:28 Unresolved reference 'Socks5Evolution'.
e: file:///Users/jim/work/v2superbikeshed/Trikeshed/src/commonMain/kotlin/borg/trikeshed/reactor/socks/Socks5Demo.kt:125:40 Unresolved reference 'scanCount'.
e: file:///Users/jim/work/v2superbikeshed/Trikeshed/src/commonMain/kotlin/borg/trikeshed/reactor/socks/Socks5Demo.kt:126:57 Unresolved reference 'scanCount'.
e: file:///Users/jim/work/v2superbikeshed/Trikeshed/src/commonMain/kotlin/borg/trikeshed/reactor/socks/Socks5Demo.kt:128:33 Unresolved reference 'Socks5Evolution'.
e: file:///Users/jim/work/v2superbikeshed/Trikeshed/src/commonMain/kotlin/borg/trikeshed/reactor/socks/Socks5Demo.kt:129:25 Unresolved reference 'Socks5Evolution'.
e: file:///Users/jim/work/v2superbikeshed/Trikeshed/src/commonMain/kotlin/borg/trikeshed/reactor/socks/Socks5Demo.kt:130:44 Unresolved reference 'addressType'.
e: file:///Users/jim/work/v2superbikeshed/Trikeshed/src/commonMain/kotlin/borg/trikeshed/reactor/socks/Socks5Demo.kt:131:45 Unresolved reference 'destinationAddress'.
e: file:///Users/jim/work/v2superbikeshed/Trikeshed/src/commonMain/kotlin/borg/trikeshed/reactor/socks/Socks5Demo.kt:132:42 Unresolved reference 'destinationPort'.
e: file:///Users/jim/work/v2superbikeshed/Trikeshed/src/commonMain/kotlin/borg/trikeshed/reactor/socks/Socks5Demo.kt:176:67 Unresolved reference 'format'.
e: file:///Users/jim/work/v2superbikeshed/Trikeshed/src/commonMain/kotlin/borg/trikeshed/reactor/socks/Socks5Demo.kt:178:45 Overload resolution ambiguity between candidates:
fun ByteArray.toIndexed(): Join<Int, Function1<Int, Byte>>
fun <T> Any.toIndexed(): Join<Int, Function1<Int, T>>
fun ByteArray.toIndexed(): Join<Int, Function1<Int, Byte>>
e: file:///Users/jim/work/v2superbikeshed/Trikeshed/src/commonMain/kotlin/borg/trikeshed/reactor/socks/Socks5Demo.kt:179:23 Unresolved reference 'Socks5Evolution'.
e: file:///Users/jim/work/v2superbikeshed/Trikeshed/src/commonMain/kotlin/borg/trikeshed/reactor/socks/Socks5Demo.kt:182:41 Unresolved reference 'addressType'.
e: file:///Users/jim/work/v2superbikeshed/Trikeshed/src/commonMain/kotlin/borg/trikeshed/reactor/socks/Socks5Demo.kt:183:17 Unresolved reference 'Socks5Evolution'.
e: file:///Users/jim/work/v2superbikeshed/Trikeshed/src/commonMain/kotlin/borg/trikeshed/reactor/socks/Socks5Demo.kt:183:54 Unresolved reference 'destinationAddress'.
e: file:///Users/jim/work/v2superbikeshed/Trikeshed/src/commonMain/kotlin/borg/trikeshed/reactor/socks/Socks5Demo.kt:184:17 Unresolved reference 'Socks5Evolution'.
e: file:///Users/jim/work/v2superbikeshed/Trikeshed/src/commonMain/kotlin/borg/trikeshed/reactor/socks/Socks5Demo.kt:184:56 Unresolved reference 'destinationAddress'.
e: file:///Users/jim/work/v2superbikeshed/Trikeshed/src/commonMain/kotlin/borg/trikeshed/reactor/socks/Socks5Demo.kt:185:17 Unresolved reference 'Socks5Evolution'.
e: file:///Users/jim/work/v2superbikeshed/Trikeshed/src/commonMain/kotlin/borg/trikeshed/reactor/socks/Socks5Demo.kt:185:54 Unresolved reference 'destinationAddress'.
e: file:///Users/jim/work/v2superbikeshed/Trikeshed/src/commonMain/kotlin/borg/trikeshed/reactor/socks/Socks5Demo.kt:188:54 Unresolved reference 'destinationPort'.
e: file:///Users/jim/work/v2superbikeshed/Trikeshed/src/commonMain/kotlin/borg/trikeshed/reactor/socks/Socks5Demo.kt:188:82 Unresolved reference 'scanCount'.
e: file:///Users/jim/work/v2superbikeshed/Trikeshed/src/commonMain/kotlin/borg/trikeshed/reactor/socks/Socks5Demo.kt:196:13 Unresolved reference 'Socks5Evolution'.
e: file:///Users/jim/work/v2superbikeshed/Trikeshed/src/commonMain/kotlin/borg/trikeshed/reactor/socks/Socks5Demo.kt:197:13 Unresolved reference 'Socks5Evolution'.
e: file:///Users/jim/work/v2superbikeshed/Trikeshed/src/commonMain/kotlin/borg/trikeshed/reactor/socks/Socks5Demo.kt:198:13 Unresolved reference 'Socks5Evolution'.
e: file:///Users/jim/work/v2superbikeshed/Trikeshed/src/commonMain/kotlin/borg/trikeshed/reactor/socks/Socks5Demo.kt:205:13 Unresolved reference 'Socks5Evolution'.
e: file:///Users/jim/work/v2superbikeshed/Trikeshed/src/commonMain/kotlin/borg/trikeshed/reactor/socks/Socks5Demo.kt:206:13 Unresolved reference 'Socks5Evolution'.
e: file:///Users/jim/work/v2superbikeshed/Trikeshed/src/commonMain/kotlin/borg/trikeshed/reactor/socks/Socks5Demo.kt:207:13 Unresolved reference 'Socks5Evolution'.
e: file:///Users/jim/work/v2superbikeshed/Trikeshed/src/commonMain/kotlin/borg/trikeshed/reactor/socks/Socks5Demo.kt:218:20 Unresolved reference 'Socks5Evolution'.
e: file:///Users/jim/work/v2superbikeshed/Trikeshed/src/commonMain/kotlin/borg/trikeshed/reactor/socks/Socks5Demo.kt:218:49 Unresolved reference 'Socks5Evolution'.
e: file:///Users/jim/work/v2superbikeshed/Trikeshed/src/commonMain/kotlin/borg/trikeshed/reactor/socks/Socks5Demo.kt:219:36 Unresolved reference 'Socks5Evolution'.
e: file:///Users/jim/work/v2superbikeshed/Trikeshed/src/commonMain/kotlin/borg/trikeshed/reactor/socks/Socks5Demo.kt:220:22 Unresolved reference 'Socks5Evolution'.
e: file:///Users/jim/work/v2superbikeshed/Trikeshed/src/commonMain/kotlin/borg/trikeshed/reactor/socks/Socks5Recursive.kt:221:25 Cannot infer type for this parameter. Specify it explicitly.
e: file:///Users/jim/work/v2superbikeshed/Trikeshed/src/commonMain/kotlin/borg/trikeshed/reactor/socks/Socks5Recursive.kt:221:25 Not enough information to infer type argument for 'B'.
e: file:///Users/jim/work/v2superbikeshed/Trikeshed/src/commonMain/kotlin/borg/trikeshed/reactor/socks/Socks5Recursive.kt:221:29 Cannot infer type for this parameter. Specify it explicitly.
e: file:///Users/jim/work/v2superbikeshed/Trikeshed/src/commonMain/kotlin/borg/trikeshed/reactor/socks/Socks5Recursive.kt:223:16 Cannot infer type for this parameter. Specify it explicitly.
e: file:///Users/jim/work/v2superbikeshed/Trikeshed/src/commonMain/kotlin/borg/trikeshed/reactor/socks/Socks5Recursive.kt:223:16 Not enough information to infer type argument for 'A'.
e: file:///Users/jim/work/v2superbikeshed/Trikeshed/src/commonMain/kotlin/borg/trikeshed/reactor/socks/Socks5Recursive.kt:266:28 Cannot infer type for this parameter. Specify it explicitly.
e: file:///Users/jim/work/v2superbikeshed/Trikeshed/src/commonMain/kotlin/borg/trikeshed/reactor/socks/Socks5Recursive.kt:266:28 Unresolved reference. None of the following candidates is applicable because of a receiver type mismatch:
fun <T> Join<Int, Function1<Int, Join<Any?, TypeMemento>>>.get(column: Column<T>): T?
e: file:///Users/jim/work/v2superbikeshed/Trikeshed/src/commonMain/kotlin/borg/trikeshed/reactor/socks/Socks5Recursive.kt:267:36 Unresolved reference 'scanCount'.
e: file:///Users/jim/work/v2superbikeshed/Trikeshed/src/commonMain/kotlin/borg/trikeshed/reactor/socks/Socks5Recursive.kt:341:56 Unresolved reference 'format'.
e: file:///Users/jim/work/v2superbikeshed/Trikeshed/src/commonMain/kotlin/borg/trikeshed/reactor/socks/Socks5Recursive.kt:369:54 Overload resolution ambiguity between candidates:
fun ByteArray.toIndexed(): Join<Int, Function1<Int, Byte>>
fun <T> Any.toIndexed(): Join<Int, Function1<Int, T>>
fun ByteArray.toIndexed(): Join<Int, Function1<Int, Byte>>
e: file:///Users/jim/work/v2superbikeshed/Trikeshed/src/commonMain/kotlin/borg/trikeshed/reactor/socks/Socks5Recursive.kt:388:63 Overload resolution ambiguity between candidates:
fun ByteArray.toIndexed(): Join<Int, Function1<Int, Byte>>
fun <T> Any.toIndexed(): Join<Int, Function1<Int, T>>
fun ByteArray.toIndexed(): Join<Int, Function1<Int, Byte>>
e: file:///Users/jim/work/v2superbikeshed/Trikeshed/src/commonMain/kotlin/borg/trikeshed/reactor/socks/Socks5Recursive.kt:393:59 Overload resolution ambiguity between candidates:
fun ByteArray.toIndexed(): Join<Int, Function1<Int, Byte>>
fun <T> Any.toIndexed(): Join<Int, Function1<Int, T>>
fun ByteArray.toIndexed(): Join<Int, Function1<Int, Byte>>
e: file:///Users/jim/work/v2superbikeshed/Trikeshed/src/commonMain/kotlin/borg/trikeshed/reactor/socks/Socks5Recursive.kt:405:76 Overload resolution ambiguity between candidates:
fun ByteArray.toIndexed(): Join<Int, Function1<Int, Byte>>
fun <T> Any.toIndexed(): Join<Int, Function1<Int, T>>
fun ByteArray.toIndexed(): Join<Int, Function1<Int, Byte>>
e: file:///Users/jim/work/v2superbikeshed/Trikeshed/src/commonMain/kotlin/borg/trikeshed/reactor/socks/Socks5Simple.kt:33:35 Cannot infer type for this parameter. Specify it explicitly.
e: file:///Users/jim/work/v2superbikeshed/Trikeshed/src/commonMain/kotlin/borg/trikeshed/reactor/socks/Socks5Simple.kt:33:35 Not enough information to infer type argument for 'B'.
e: file:///Users/jim/work/v2superbikeshed/Trikeshed/src/commonMain/kotlin/borg/trikeshed/reactor/socks/Socks5Simple.kt:33:39 Cannot infer type for this parameter. Specify it explicitly.
e: file:///Users/jim/work/v2superbikeshed/Trikeshed/src/commonMain/kotlin/borg/trikeshed/reactor/socks/Socks5Simple.kt:55:33 Cannot infer type for this parameter. Specify it explicitly.
e: file:///Users/jim/work/v2superbikeshed/Trikeshed/src/commonMain/kotlin/borg/trikeshed/reactor/socks/Socks5Simple.kt:55:33 Not enough information to infer type argument for 'B'.
e: file:///Users/jim/work/v2superbikeshed/Trikeshed/src/commonMain/kotlin/borg/trikeshed/reactor/socks/Socks5Simple.kt:55:37 Cannot infer type for this parameter. Specify it explicitly.
e: file:///Users/jim/work/v2superbikeshed/Trikeshed/src/commonMain/kotlin/borg/trikeshed/reactor/socks/Socks5Simple.kt:95:27 Argument type mismatch: actual type is 'Byte', but 'K (of fun <K> WHEN_CALL)' was expected.
e: file:///Users/jim/work/v2superbikeshed/Trikeshed/src/commonMain/kotlin/borg/trikeshed/reactor/socks/Socks5Simple.kt:96:27 Argument type mismatch: actual type is 'Byte', but 'K (of fun <K> WHEN_CALL)' was expected.
e: file:///Users/jim/work/v2superbikeshed/Trikeshed/src/commonMain/kotlin/borg/trikeshed/reactor/socks/Socks5Simple.kt:97:27 Argument type mismatch: actual type is 'Int', but 'K (of fun <K> WHEN_CALL)' was expected.
e: file:///Users/jim/work/v2superbikeshed/Trikeshed/src/commonMain/kotlin/borg/trikeshed/reactor/socks/Socks5Simple.kt:98:27 Argument type mismatch: actual type is 'Byte', but 'K (of fun <K> WHEN_CALL)' was expected.
e: file:///Users/jim/work/v2superbikeshed/Trikeshed/src/commonMain/kotlin/borg/trikeshed/reactor/socks/Socks5Simple.kt:99:49 Argument type mismatch: actual type is 'T? (of fun <T> Join<Int, Function1<Int, Join<Any?, TypeMemento>>>.get)', but 'K (of fun <K> WHEN_CALL)' was expected.
e: file:///Users/jim/work/v2superbikeshed/Trikeshed/src/commonMain/kotlin/borg/trikeshed/reactor/socks/Socks5Simple.kt:99:49 Argument type mismatch: actual type is 'Join<Int, Function1<Int, Join<Any?, TypeMemento>>>', but 'Join<Int, Function1<Int, Byte>>' was expected.
e: file:///Users/jim/work/v2superbikeshed/Trikeshed/src/commonMain/kotlin/borg/trikeshed/reactor/socks/Socks5Simple.kt:99:49 Cannot infer type for this parameter. Specify it explicitly.
e: file:///Users/jim/work/v2superbikeshed/Trikeshed/src/commonMain/kotlin/borg/trikeshed/reactor/socks/Socks5Simple.kt:99:49 Unresolved reference. None of the following candidates is applicable because of a receiver type mismatch:
fun <T> Join<Int, Function1<Int, Join<Any?, TypeMemento>>>.get(column: Column<T>): T?
e: file:///Users/jim/work/v2superbikeshed/Trikeshed/src/commonMain/kotlin/borg/trikeshed/reactor/socks/Socks5Simple.kt:102:21 Argument type mismatch: actual type is 'Byte', but 'K (of fun <K> WHEN_CALL)' was expected.
e: file:///Users/jim/work/v2superbikeshed/Trikeshed/src/commonMain/kotlin/borg/trikeshed/reactor/socks/Socks5Simple.kt:126:56 Unresolved reference 'format'.
e: file:///Users/jim/work/v2superbikeshed/Trikeshed/src/commonMain/kotlin/borg/trikeshed/reactor/socks/Socks5Simple.kt:172:54 Overload resolution ambiguity between candidates:
fun ByteArray.toIndexed(): Join<Int, Function1<Int, Byte>>
fun <T> Any.toIndexed(): Join<Int, Function1<Int, T>>
fun ByteArray.toIndexed(): Join<Int, Function1<Int, Byte>>
e: file:///Users/jim/work/v2superbikeshed/Trikeshed/src/commonMain/kotlin/borg/trikeshed/reactor/socks/Socks5Simple.kt:177:44 Unresolved reference 'format'.
e: file:///Users/jim/work/v2superbikeshed/Trikeshed/src/commonMain/kotlin/borg/trikeshed/reactor/socks/Socks5Simple.kt:195:52 Overload resolution ambiguity between candidates:
fun ByteArray.toIndexed(): Join<Int, Function1<Int, Byte>>
fun <T> Any.toIndexed(): Join<Int, Function1<Int, T>>
fun ByteArray.toIndexed(): Join<Int, Function1<Int, Byte>>
e: file:///Users/jim/work/v2superbikeshed/Trikeshed/src/commonMain/kotlin/borg/trikeshed/reactor/socks/Socks5Simple.kt:200:44 Unresolved reference 'format'.
e: file:///Users/jim/work/v2superbikeshed/Trikeshed/src/commonMain/kotlin/borg/trikeshed/reactor/socks/Socks5Simple.kt:201:54 Unresolved reference 'format'.
e: file:///Users/jim/work/v2superbikeshed/Trikeshed/src/commonMain/kotlin/borg/trikeshed/reactor/socks/Socks5Simple.kt:202:56 Unresolved reference 'format'.
e: file:///Users/jim/work/v2superbikeshed/Trikeshed/src/commonMain/kotlin/borg/trikeshed/reactor/socks/Socks5Simple.kt:223:63 Overload resolution ambiguity between candidates:
fun ByteArray.toIndexed(): Join<Int, Function1<Int, Byte>>
fun <T> Any.toIndexed(): Join<Int, Function1<Int, T>>
fun ByteArray.toIndexed(): Join<Int, Function1<Int, Byte>>
e: file:///Users/jim/work/v2superbikeshed/Trikeshed/src/commonMain/kotlin/borg/trikeshed/reactor/socks/Socks5Simple.kt:237:59 Overload resolution ambiguity between candidates:
fun ByteArray.toIndexed(): Join<Int, Function1<Int, Byte>>
fun <T> Any.toIndexed(): Join<Int, Function1<Int, T>>
fun ByteArray.toIndexed(): Join<Int, Function1<Int, Byte>>
e: file:///Users/jim/work/v2superbikeshed/Trikeshed/src/commonMain/kotlin/borg/trikeshed/reactor/socks/Socks5Simple.kt:256:21 Not enough information to infer type argument for 'K'.
e: file:///Users/jim/work/v2superbikeshed/Trikeshed/src/commonMain/kotlin/borg/trikeshed/reactor/socks/Socks5Simple.kt:257:41 Cannot infer type for this parameter. Specify it explicitly.
e: file:///Users/jim/work/v2superbikeshed/Trikeshed/src/commonMain/kotlin/borg/trikeshed/reactor/socks/Socks5Simple.kt:257:41 Not enough information to infer type argument for 'B'.
e: file:///Users/jim/work/v2superbikeshed/Trikeshed/src/commonMain/kotlin/borg/trikeshed/reactor/socks/Socks5Simple.kt:257:45 Cannot infer type for this parameter. Specify it explicitly.
e: file:///Users/jim/work/v2superbikeshed/Trikeshed/src/commonMain/kotlin/borg/trikeshed/reactor/socks/Socks5Simple.kt:261:33 Cannot infer type for this parameter. Specify it explicitly.
e: file:///Users/jim/work/v2superbikeshed/Trikeshed/src/commonMain/kotlin/borg/trikeshed/reactor/socks/Socks5Simple.kt:261:33 Not enough information to infer type argument for 'A'.
e: file:///Users/jim/work/v2superbikeshed/Trikeshed/src/commonMain/kotlin/borg/trikeshed/reactor/socks/Socks5Simple.kt:264:17 Unresolved reference 'ATYP_DOMAINNAME'.
e: file:///Users/jim/work/v2superbikeshed/Trikeshed/src/commonMain/kotlin/borg/trikeshed/reactor/socks/Socks5Simple.kt:267:25 Not enough information to infer type argument for 'K'.
e: file:///Users/jim/work/v2superbikeshed/Trikeshed/src/commonMain/kotlin/borg/trikeshed/reactor/socks/Socks5Simple.kt:268:55 Cannot infer type for this parameter. Specify it explicitly.
e: file:///Users/jim/work/v2superbikeshed/Trikeshed/src/commonMain/kotlin/borg/trikeshed/reactor/socks/Socks5Simple.kt:268:55 Not enough information to infer type argument for 'B'.
e: file:///Users/jim/work/v2superbikeshed/Trikeshed/src/commonMain/kotlin/borg/trikeshed/reactor/socks/Socks5Simple.kt:268:59 Cannot infer type for this parameter. Specify it explicitly.
e: file:///Users/jim/work/v2superbikeshed/Trikeshed/src/commonMain/kotlin/borg/trikeshed/reactor/socks/Socks5Simple.kt:272:36 Cannot infer type for this parameter. Specify it explicitly.
e: file:///Users/jim/work/v2superbikeshed/Trikeshed/src/commonMain/kotlin/borg/trikeshed/reactor/socks/Socks5Simple.kt:272:36 Not enough information to infer type argument for 'A'.
e: file:///Users/jim/work/v2superbikeshed/Trikeshed/src/commonMain/kotlin/borg/trikeshed/reactor/socks/Socks5Simple.kt:276:17 Unresolved reference 'ATYP_IPV6'.
e: file:///Users/jim/work/v2superbikeshed/Trikeshed/src/commonMain/kotlin/borg/trikeshed/reactor/socks/Socks5Simple.kt:277:21 Not enough information to infer type argument for 'K'.
e: file:///Users/jim/work/v2superbikeshed/Trikeshed/src/commonMain/kotlin/borg/trikeshed/reactor/socks/Socks5Simple.kt:278:42 Cannot infer type for this parameter. Specify it explicitly.
e: file:///Users/jim/work/v2superbikeshed/Trikeshed/src/commonMain/kotlin/borg/trikeshed/reactor/socks/Socks5Simple.kt:278:42 Not enough information to infer type argument for 'B'.
e: file:///Users/jim/work/v2superbikeshed/Trikeshed/src/commonMain/kotlin/borg/trikeshed/reactor/socks/Socks5Simple.kt:278:46 Cannot infer type for this parameter. Specify it explicitly.
e: file:///Users/jim/work/v2superbikeshed/Trikeshed/src/commonMain/kotlin/borg/trikeshed/reactor/socks/Socks5Simple.kt:282:33 Cannot infer type for this parameter. Specify it explicitly.
e: file:///Users/jim/work/v2superbikeshed/Trikeshed/src/commonMain/kotlin/borg/trikeshed/reactor/socks/Socks5Simple.kt:282:33 Not enough information to infer type argument for 'A'.
e: file:///Users/jim/work/v2superbikeshed/Trikeshed/src/commonMain/kotlin/borg/trikeshed/reactor/socks/Socks5Simple.kt:308:35 Argument type mismatch: actual type is 'Byte', but 'K (of fun <K> WHEN_CALL)' was expected.
e: file:///Users/jim/work/v2superbikeshed/Trikeshed/src/commonMain/kotlin/borg/trikeshed/reactor/socks/Socks5Simple.kt:309:35 Argument type mismatch: actual type is 'Byte', but 'K (of fun <K> WHEN_CALL)' was expected.
e: file:///Users/jim/work/v2superbikeshed/Trikeshed/src/commonMain/kotlin/borg/trikeshed/reactor/socks/Socks5Simple.kt:310:35 Argument type mismatch: actual type is 'Int', but 'K (of fun <K> WHEN_CALL)' was expected.
e: file:///Users/jim/work/v2superbikeshed/Trikeshed/src/commonMain/kotlin/borg/trikeshed/reactor/socks/Socks5Simple.kt:311:35 Argument type mismatch: actual type is 'Byte', but 'K (of fun <K> WHEN_CALL)' was expected.
e: file:///Users/jim/work/v2superbikeshed/Trikeshed/src/commonMain/kotlin/borg/trikeshed/reactor/socks/Socks5Simple.kt:312:57 Argument type mismatch: actual type is 'T? (of fun <T> Join<Int, Function1<Int, Join<Any?, TypeMemento>>>.get)', but 'K (of fun <K> WHEN_CALL)' was expected.
e: file:///Users/jim/work/v2superbikeshed/Trikeshed/src/commonMain/kotlin/borg/trikeshed/reactor/socks/Socks5Simple.kt:312:57 Argument type mismatch: actual type is 'Join<Int, Function1<Int, Join<Any?, TypeMemento>>>', but 'Join<Int, Function1<Int, Byte>>' was expected.
e: file:///Users/jim/work/v2superbikeshed/Trikeshed/src/commonMain/kotlin/borg/trikeshed/reactor/socks/Socks5Simple.kt:312:57 Cannot infer type for this parameter. Specify it explicitly.
e: file:///Users/jim/work/v2superbikeshed/Trikeshed/src/commonMain/kotlin/borg/trikeshed/reactor/socks/Socks5Simple.kt:312:57 Unresolved reference. None of the following candidates is applicable because of a receiver type mismatch:
fun <T> Join<Int, Function1<Int, Join<Any?, TypeMemento>>>.get(column: Column<T>): T?
e: file:///Users/jim/work/v2superbikeshed/Trikeshed/src/commonMain/kotlin/borg/trikeshed/reactor/socks/Socks5Simple.kt:315:25 Argument type mismatch: actual type is 'Byte', but 'K (of fun <K> WHEN_CALL)' was expected.
e: file:///Users/jim/work/v2superbikeshed/Trikeshed/src/commonMain/kotlin/borg/trikeshed/reactor/socks/SocksChannel.kt:11:1 Class 'SocksChannel' is not abstract and does not implement abstract members:
actual fun configureBlocking(block: Boolean): SelectableChannel
actual fun isBlocking(): Boolean
e: file:///Users/jim/work/v2superbikeshed/Trikeshed/src/commonMain/kotlin/borg/trikeshed/reactor/socks/SocksChannel.kt:16:40 Unresolved reference 'CoroutineContext'.
e: file:///Users/jim/work/v2superbikeshed/Trikeshed/src/commonMain/kotlin/borg/trikeshed/reactor/socks/SocksChannel.kt:28:5 'register' overrides nothing.
e: file:///Users/jim/work/v2superbikeshed/Trikeshed/src/commonMain/kotlin/borg/trikeshed/reactor/socks/SocksChannel.kt:52:68 No value passed for parameter 'a'.
e: file:///Users/jim/work/v2superbikeshed/Trikeshed/src/commonMain/kotlin/borg/trikeshed/reactor/socks/SocksChannel.kt:52:68 No value passed for parameter 'b'.
e: file:///Users/jim/work/v2superbikeshed/Trikeshed/src/commonMain/kotlin/borg/trikeshed/reactor/socks/SocksFactory.kt:442:23 Cannot infer type for this parameter. Specify it explicitly.
e: file:///Users/jim/work/v2superbikeshed/Trikeshed/src/commonMain/kotlin/borg/trikeshed/reactor/socks/SocksFactory.kt:442:23 Unresolved reference. None of the following candidates is applicable because of a receiver type mismatch:
fun <T> Join<Int, Function1<Int, Join<Any?, TypeMemento>>>.get(column: Column<T>): T?
e: file:///Users/jim/work/v2superbikeshed/Trikeshed/src/commonMain/kotlin/borg/trikeshed/reactor/socks/SocksFactory.kt:443:23 Cannot infer type for this parameter. Specify it explicitly.
e: file:///Users/jim/work/v2superbikeshed/Trikeshed/src/commonMain/kotlin/borg/trikeshed/reactor/socks/SocksFactory.kt:443:23 Unresolved reference. None of the following candidates is applicable because of a receiver type mismatch:
fun <T> Join<Int, Function1<Int, Join<Any?, TypeMemento>>>.get(column: Column<T>): T?
e: file:///Users/jim/work/v2superbikeshed/Trikeshed/src/commonMain/kotlin/borg/trikeshed/reactor/socks/SocksFactory.kt:444:24 Cannot infer type for this parameter. Specify it explicitly.
e: file:///Users/jim/work/v2superbikeshed/Trikeshed/src/commonMain/kotlin/borg/trikeshed/reactor/socks/SocksFactory.kt:444:24 Unresolved reference. None of the following candidates is applicable because of a receiver type mismatch:
fun <T> Join<Int, Function1<Int, Join<Any?, TypeMemento>>>.get(column: Column<T>): T?
e: file:///Users/jim/work/v2superbikeshed/Trikeshed/src/commonMain/kotlin/borg/trikeshed/reactor/socks/SocksFactory.kt:445:27 Cannot infer type for this parameter. Specify it explicitly.
e: file:///Users/jim/work/v2superbikeshed/Trikeshed/src/commonMain/kotlin/borg/trikeshed/reactor/socks/SocksFactory.kt:445:27 Unresolved reference. None of the following candidates is applicable because of a receiver type mismatch:
fun <T> Join<Int, Function1<Int, Join<Any?, TypeMemento>>>.get(column: Column<T>): T?
e: file:///Users/jim/work/v2superbikeshed/Trikeshed/src/commonMain/kotlin/borg/trikeshed/reactor/socks/SocksFactory.kt:484:21 Cannot infer type for this parameter. Specify it explicitly.
e: file:///Users/jim/work/v2superbikeshed/Trikeshed/src/commonMain/kotlin/borg/trikeshed/reactor/socks/SocksFactory.kt:484:21 Unresolved reference. None of the following candidates is applicable because of a receiver type mismatch:
fun <T> Join<Int, Function1<Int, Join<Any?, TypeMemento>>>.get(column: Column<T>): T?
e: file:///Users/jim/work/v2superbikeshed/Trikeshed/src/commonMain/kotlin/borg/trikeshed/reactor/socks/SocksFactory.kt:484:34 Unresolved reference 'and'.
e: file:///Users/jim/work/v2superbikeshed/Trikeshed/src/commonMain/kotlin/borg/trikeshed/reactor/socks/SocksFactory.kt:484:46 Cannot infer type for this parameter. Specify it explicitly.
e: file:///Users/jim/work/v2superbikeshed/Trikeshed/src/commonMain/kotlin/borg/trikeshed/reactor/socks/SocksFactory.kt:484:46 Unresolved reference. None of the following candidates is applicable because of a receiver type mismatch:
fun <T> Join<Int, Function1<Int, Join<Any?, TypeMemento>>>.get(column: Column<T>): T?
e: file:///Users/jim/work/v2superbikeshed/Trikeshed/src/commonMain/kotlin/borg/trikeshed/reactor/socks/SocksFactory.kt:484:63 Unresolved reference 'and'.
e: file:///Users/jim/work/v2superbikeshed/Trikeshed/src/commonMain/kotlin/borg/trikeshed/reactor/socks/SocksFactory.kt:484:75 Cannot infer type for this parameter. Specify it explicitly.
e: file:///Users/jim/work/v2superbikeshed/Trikeshed/src/commonMain/kotlin/borg/trikeshed/reactor/socks/SocksFactory.kt:484:75 Unresolved reference. None of the following candidates is applicable because of a receiver type mismatch:
fun <T> Join<Int, Function1<Int, Join<Any?, TypeMemento>>>.get(column: Column<T>): T?
e: file:///Users/jim/work/v2superbikeshed/Trikeshed/src/commonMain/kotlin/borg/trikeshed/reactor/socks/SocksFactory.kt:484:92 Unresolved reference 'and'.
e: file:///Users/jim/work/v2superbikeshed/Trikeshed/src/commonMain/kotlin/borg/trikeshed/reactor/socks/SocksFactory.kt:484:104 Cannot infer type for this parameter. Specify it explicitly.
e: file:///Users/jim/work/v2superbikeshed/Trikeshed/src/commonMain/kotlin/borg/trikeshed/reactor/socks/SocksFactory.kt:484:104 Unresolved reference. None of the following candidates is applicable because of a receiver type mismatch:
fun <T> Join<Int, Function1<Int, Join<Any?, TypeMemento>>>.get(column: Column<T>): T?
e: file:///Users/jim/work/v2superbikeshed/Trikeshed/src/commonMain/kotlin/borg/trikeshed/reactor/socks/SocksFactory.kt:484:121 Unresolved reference 'and'.
e: file:///Users/jim/work/v2superbikeshed/Trikeshed/src/commonMain/kotlin/borg/trikeshed/reactor/socks/SocksFactory.kt:485:22 Cannot infer type for this parameter. Specify it explicitly.
e: file:///Users/jim/work/v2superbikeshed/Trikeshed/src/commonMain/kotlin/borg/trikeshed/reactor/socks/SocksFactory.kt:485:22 Unresolved reference. None of the following candidates is applicable because of a receiver type mismatch:
fun <T> Join<Int, Function1<Int, Join<Any?, TypeMemento>>>.get(column: Column<T>): T?
e: file:///Users/jim/work/v2superbikeshed/Trikeshed/src/commonMain/kotlin/borg/trikeshed/reactor/socks/SocksFactory.kt:485:68 Cannot infer type for this parameter. Specify it explicitly.
e: file:///Users/jim/work/v2superbikeshed/Trikeshed/src/commonMain/kotlin/borg/trikeshed/reactor/socks/SocksFactory.kt:485:68 Unresolved reference. None of the following candidates is applicable because of a receiver type mismatch:
fun <T> Join<Int, Function1<Int, Join<Any?, TypeMemento>>>.get(column: Column<T>): T?
e: file:///Users/jim/work/v2superbikeshed/Trikeshed/src/commonMain/kotlin/borg/trikeshed/reactor/socks/SocksFactory.kt:486:55 Argument type mismatch: actual type is 'UShort', but 'Int' was expected.
e: file:///Users/jim/work/v2superbikeshed/Trikeshed/src/commonMain/kotlin/borg/trikeshed/reactor/socks/SocksFactory.kt:490:28 Cannot infer type for this parameter. Specify it explicitly.
e: file:///Users/jim/work/v2superbikeshed/Trikeshed/src/commonMain/kotlin/borg/trikeshed/reactor/socks/SocksFactory.kt:490:28 Unresolved reference. None of the following candidates is applicable because of a receiver type mismatch:
fun <T> Join<Int, Function1<Int, Join<Any?, TypeMemento>>>.get(column: Column<T>): T?
e: file:///Users/jim/work/v2superbikeshed/Trikeshed/src/commonMain/kotlin/borg/trikeshed/reactor/socks/SocksFactory.kt:491:22 'fun String(chars: CharArray): String' is deprecated. Use CharArray.concatToString() instead.
e: file:///Users/jim/work/v2superbikeshed/Trikeshed/src/commonMain/kotlin/borg/trikeshed/reactor/socks/SocksFactory.kt:491:29 Argument type mismatch: actual type is 'ByteArray', but 'CharArray' was expected.
e: file:///Users/jim/work/v2superbikeshed/Trikeshed/src/commonMain/kotlin/borg/trikeshed/reactor/socks/SocksFactory.kt:491:60 Argument type mismatch: actual type is 'Byte?', but 'Byte' was expected.
e: file:///Users/jim/work/v2superbikeshed/Trikeshed/src/commonMain/kotlin/borg/trikeshed/reactor/socks/SocksFactory.kt:491:60 Unresolved reference. None of the following candidates is applicable because of a receiver type mismatch:
fun <T> Join<Int, Function1<Int, Join<Any?, TypeMemento>>>.get(column: Column<T>): T?
e: file:///Users/jim/work/v2superbikeshed/Trikeshed/src/commonMain/kotlin/borg/trikeshed/reactor/socks/SocksFactory.kt:492:22 Cannot infer type for this parameter. Specify it explicitly.
e: file:///Users/jim/work/v2superbikeshed/Trikeshed/src/commonMain/kotlin/borg/trikeshed/reactor/socks/SocksFactory.kt:492:22 Unresolved reference. None of the following candidates is applicable because of a receiver type mismatch:
fun <T> Join<Int, Function1<Int, Join<Any?, TypeMemento>>>.get(column: Column<T>): T?
e: file:///Users/jim/work/v2superbikeshed/Trikeshed/src/commonMain/kotlin/borg/trikeshed/reactor/socks/SocksFactory.kt:492:83 Cannot infer type for this parameter. Specify it explicitly.
e: file:///Users/jim/work/v2superbikeshed/Trikeshed/src/commonMain/kotlin/borg/trikeshed/reactor/socks/SocksFactory.kt:492:83 Unresolved reference. None of the following candidates is applicable because of a receiver type mismatch:
fun <T> Join<Int, Function1<Int, Join<Any?, TypeMemento>>>.get(column: Column<T>): T?
e: file:///Users/jim/work/v2superbikeshed/Trikeshed/src/commonMain/kotlin/borg/trikeshed/reactor/socks/SocksFactory.kt:493:59 Argument type mismatch: actual type is 'UShort', but 'Int' was expected.
e: file:///Users/jim/work/v2superbikeshed/Trikeshed/src/commonMain/kotlin/borg/trikeshed/reactor/socks/SocksFactory.kt:499:22 Cannot infer type for this parameter. Specify it explicitly.
e: file:///Users/jim/work/v2superbikeshed/Trikeshed/src/commonMain/kotlin/borg/trikeshed/reactor/socks/SocksFactory.kt:499:22 Unresolved reference. None of the following candidates is applicable because of a receiver type mismatch:
fun <T> Join<Int, Function1<Int, Join<Any?, TypeMemento>>>.get(column: Column<T>): T?
e: file:///Users/jim/work/v2superbikeshed/Trikeshed/src/commonMain/kotlin/borg/trikeshed/reactor/socks/SocksFactory.kt:499:69 Cannot infer type for this parameter. Specify it explicitly.
e: file:///Users/jim/work/v2superbikeshed/Trikeshed/src/commonMain/kotlin/borg/trikeshed/reactor/socks/SocksFactory.kt:499:69 Unresolved reference. None of the following candidates is applicable because of a receiver type mismatch:
fun <T> Join<Int, Function1<Int, Join<Any?, TypeMemento>>>.get(column: Column<T>): T?
e: file:///Users/jim/work/v2superbikeshed/Trikeshed/src/commonMain/kotlin/borg/trikeshed/reactor/socks/SocksFactory.kt:500:55 Argument type mismatch: actual type is 'UShort', but 'Int' was expected.
e: file:///Users/jim/work/v2superbikeshed/Trikeshed/src/commonMain/kotlin/borg/trikeshed/reactor/socks/SocksTransformEngine.kt:57:35 Cannot infer type for this parameter. Specify it explicitly.
e: file:///Users/jim/work/v2superbikeshed/Trikeshed/src/commonMain/kotlin/borg/trikeshed/reactor/socks/SocksTransformEngine.kt:57:35 Unresolved reference. None of the following candidates is applicable because of a receiver type mismatch:
fun <T> Join<Int, Function1<Int, Join<Any?, TypeMemento>>>.get(column: Column<T>): T?
e: file:///Users/jim/work/v2superbikeshed/Trikeshed/src/commonMain/kotlin/borg/trikeshed/reactor/socks/SocksTransformEngine.kt:58:65 Argument type mismatch: actual type is 'Join<Int, Function1<Int, Join<Any?, TypeMemento>>>', but 'Join<Int, Function1<Int, Byte>>' was expected.
e: file:///Users/jim/work/v2superbikeshed/Trikeshed/src/commonMain/kotlin/borg/trikeshed/reactor/socks/SocksTransformEngine.kt:58:65 Cannot infer type for this parameter. Specify it explicitly.
e: file:///Users/jim/work/v2superbikeshed/Trikeshed/src/commonMain/kotlin/borg/trikeshed/reactor/socks/SocksTransformEngine.kt:58:65 Unresolved reference. None of the following candidates is applicable because of a receiver type mismatch:
fun <T> Join<Int, Function1<Int, Join<Any?, TypeMemento>>>.get(column: Column<T>): T?
e: file:///Users/jim/work/v2superbikeshed/Trikeshed/src/commonMain/kotlin/borg/trikeshed/reactor/socks/SocksTransformEngine.kt:64:39 Cannot infer type for this parameter. Specify it explicitly.
e: file:///Users/jim/work/v2superbikeshed/Trikeshed/src/commonMain/kotlin/borg/trikeshed/reactor/socks/SocksTransformEngine.kt:64:39 Unresolved reference. None of the following candidates is applicable because of a receiver type mismatch:
fun <T> Join<Int, Function1<Int, Join<Any?, TypeMemento>>>.get(column: Column<T>): T?
e: file:///Users/jim/work/v2superbikeshed/Trikeshed/src/commonMain/kotlin/borg/trikeshed/reactor/socks/SocksTransformEngine.kt:65:81 Argument type mismatch: actual type is 'Join<Int, Function1<Int, Join<Any?, TypeMemento>>>', but 'Join<Int, Function1<Int, Byte>>' was expected.
e: file:///Users/jim/work/v2superbikeshed/Trikeshed/src/commonMain/kotlin/borg/trikeshed/reactor/socks/SocksTransformEngine.kt:65:81 Cannot infer type for this parameter. Specify it explicitly.
e: file:///Users/jim/work/v2superbikeshed/Trikeshed/src/commonMain/kotlin/borg/trikeshed/reactor/socks/SocksTransformEngine.kt:65:81 Unresolved reference. None of the following candidates is applicable because of a receiver type mismatch:
fun <T> Join<Int, Function1<Int, Join<Any?, TypeMemento>>>.get(column: Column<T>): T?
e: file:///Users/jim/work/v2superbikeshed/Trikeshed/src/commonMain/kotlin/borg/trikeshed/reactor/socks/SocksTransformEngine.kt:72:72 Argument type mismatch: actual type is 'Join<Int, Function1<Int, Join<Any?, TypeMemento>>>', but 'Join<Int, Function1<Int, Byte>>' was expected.
e: file:///Users/jim/work/v2superbikeshed/Trikeshed/src/commonMain/kotlin/borg/trikeshed/reactor/socks/SocksTransformEngine.kt:72:72 Cannot infer type for this parameter. Specify it explicitly.
e: file:///Users/jim/work/v2superbikeshed/Trikeshed/src/commonMain/kotlin/borg/trikeshed/reactor/socks/SocksTransformEngine.kt:72:72 Unresolved reference. None of the following candidates is applicable because of a receiver type mismatch:
fun <T> Join<Int, Function1<Int, Join<Any?, TypeMemento>>>.get(column: Column<T>): T?
e: file:///Users/jim/work/v2superbikeshed/Trikeshed/src/commonMain/kotlin/borg/trikeshed/reactor/socks/SocksTransformEngine.kt:79:73 Argument type mismatch: actual type is 'Join<Int, Function1<Int, Join<Any?, TypeMemento>>>', but 'Join<Int, Function1<Int, Byte>>' was expected.
e: file:///Users/jim/work/v2superbikeshed/Trikeshed/src/commonMain/kotlin/borg/trikeshed/reactor/socks/SocksTransformEngine.kt:79:73 Cannot infer type for this parameter. Specify it explicitly.
e: file:///Users/jim/work/v2superbikeshed/Trikeshed/src/commonMain/kotlin/borg/trikeshed/reactor/socks/SocksTransformEngine.kt:79:73 Unresolved reference. None of the following candidates is applicable because of a receiver type mismatch:
fun <T> Join<Int, Function1<Int, Join<Any?, TypeMemento>>>.get(column: Column<T>): T?
e: file:///Users/jim/work/v2superbikeshed/Trikeshed/src/commonMain/kotlin/borg/trikeshed/reactor/socks/SocksTransformEngine.kt:88:77 Argument type mismatch: actual type is 'Join<Int, Function1<Int, Join<Any?, TypeMemento>>>', but 'Join<Int, Function1<Int, Byte>>' was expected.
e: file:///Users/jim/work/v2superbikeshed/Trikeshed/src/commonMain/kotlin/borg/trikeshed/reactor/socks/SocksTransformEngine.kt:88:77 Cannot infer type for this parameter. Specify it explicitly.
e: file:///Users/jim/work/v2superbikeshed/Trikeshed/src/commonMain/kotlin/borg/trikeshed/reactor/socks/SocksTransformEngine.kt:88:77 Unresolved reference. None of the following candidates is applicable because of a receiver type mismatch:
fun <T> Join<Int, Function1<Int, Join<Any?, TypeMemento>>>.get(column: Column<T>): T?
e: file:///Users/jim/work/v2superbikeshed/Trikeshed/src/commonMain/kotlin/borg/trikeshed/reactor/socks/SocksTransformEngine.kt:92:68 Argument type mismatch: actual type is 'Join<Int, Function1<Int, Join<Any?, TypeMemento>>>', but 'Join<Int, Function1<Int, Byte>>' was expected.
e: file:///Users/jim/work/v2superbikeshed/Trikeshed/src/commonMain/kotlin/borg/trikeshed/reactor/socks/SocksTransformEngine.kt:92:68 Cannot infer type for this parameter. Specify it explicitly.
e: file:///Users/jim/work/v2superbikeshed/Trikeshed/src/commonMain/kotlin/borg/trikeshed/reactor/socks/SocksTransformEngine.kt:92:68 Unresolved reference. None of the following candidates is applicable because of a receiver type mismatch:
fun <T> Join<Int, Function1<Int, Join<Any?, TypeMemento>>>.get(column: Column<T>): T?
e: file:///Users/jim/work/v2superbikeshed/Trikeshed/src/commonMain/kotlin/borg/trikeshed/reactor/socks/SocksTransformEngine.kt:111:16 Cannot infer type for this parameter. Specify it explicitly.
e: file:///Users/jim/work/v2superbikeshed/Trikeshed/src/commonMain/kotlin/borg/trikeshed/reactor/socks/SocksTransformEngine.kt:111:16 Unresolved reference. None of the following candidates is applicable because of a receiver type mismatch:
fun <T> Join<Int, Function1<Int, Join<Any?, TypeMemento>>>.get(column: Column<T>): T?
e: file:///Users/jim/work/v2superbikeshed/Trikeshed/src/commonMain/kotlin/borg/trikeshed/reactor/socks/SocksTransformEngine.kt:112:16 Argument type mismatch: actual type is 'T? (of fun <T> Join<Int, Function1<Int, Join<Any?, TypeMemento>>>.get)', but 'Byte' was expected.
e: file:///Users/jim/work/v2superbikeshed/Trikeshed/src/commonMain/kotlin/borg/trikeshed/reactor/socks/SocksTransformEngine.kt:112:16 Cannot infer type for this parameter. Specify it explicitly.
e: file:///Users/jim/work/v2superbikeshed/Trikeshed/src/commonMain/kotlin/borg/trikeshed/reactor/socks/SocksTransformEngine.kt:112:16 Unresolved reference. None of the following candidates is applicable because of a receiver type mismatch:
fun <T> Join<Int, Function1<Int, Join<Any?, TypeMemento>>>.get(column: Column<T>): T?
e: file:///Users/jim/work/v2superbikeshed/Trikeshed/src/commonMain/kotlin/borg/trikeshed/reactor/socks/SocksTransformEngine.kt:120:16 Cannot infer type for this parameter. Specify it explicitly.
e: file:///Users/jim/work/v2superbikeshed/Trikeshed/src/commonMain/kotlin/borg/trikeshed/reactor/socks/SocksTransformEngine.kt:120:16 Unresolved reference. None of the following candidates is applicable because of a receiver type mismatch:
fun <T> Join<Int, Function1<Int, Join<Any?, TypeMemento>>>.get(column: Column<T>): T?
e: file:///Users/jim/work/v2superbikeshed/Trikeshed/src/commonMain/kotlin/borg/trikeshed/reactor/socks/SocksTransformEngine.kt:121:16 Argument type mismatch: actual type is 'T? (of fun <T> Join<Int, Function1<Int, Join<Any?, TypeMemento>>>.get)', but 'Int' was expected.
e: file:///Users/jim/work/v2superbikeshed/Trikeshed/src/commonMain/kotlin/borg/trikeshed/reactor/socks/SocksTransformEngine.kt:121:16 Cannot infer type for this parameter. Specify it explicitly.
e: file:///Users/jim/work/v2superbikeshed/Trikeshed/src/commonMain/kotlin/borg/trikeshed/reactor/socks/SocksTransformEngine.kt:121:16 Unresolved reference. None of the following candidates is applicable because of a receiver type mismatch:
fun <T> Join<Int, Function1<Int, Join<Any?, TypeMemento>>>.get(column: Column<T>): T?
e: file:///Users/jim/work/v2superbikeshed/Trikeshed/src/commonMain/kotlin/borg/trikeshed/reactor/socks/SocksTransformEngine.kt:130:27 Cannot infer type for this parameter. Specify it explicitly.
e: file:///Users/jim/work/v2superbikeshed/Trikeshed/src/commonMain/kotlin/borg/trikeshed/reactor/socks/SocksTransformEngine.kt:130:27 Unresolved reference. None of the following candidates is applicable because of a receiver type mismatch:
fun <T> Join<Int, Function1<Int, Join<Any?, TypeMemento>>>.get(column: Column<T>): T?
e: file:///Users/jim/work/v2superbikeshed/Trikeshed/src/commonMain/kotlin/borg/trikeshed/reactor/socks/SocksTransformEngine.kt:135:36 Cannot infer type for this parameter. Specify it explicitly.
e: file:///Users/jim/work/v2superbikeshed/Trikeshed/src/commonMain/kotlin/borg/trikeshed/reactor/socks/SocksTransformEngine.kt:135:36 Unresolved reference. None of the following candidates is applicable because of a receiver type mismatch:
fun <T> Join<Int, Function1<Int, Join<Any?, TypeMemento>>>.get(column: Column<T>): T?
e: file:///Users/jim/work/v2superbikeshed/Trikeshed/src/commonMain/kotlin/borg/trikeshed/reactor/socks/SocksTransformEngine.kt:149:27 Cannot infer type for this parameter. Specify it explicitly.
e: file:///Users/jim/work/v2superbikeshed/Trikeshed/src/commonMain/kotlin/borg/trikeshed/reactor/socks/SocksTransformEngine.kt:149:27 Unresolved reference. None of the following candidates is applicable because of a receiver type mismatch:
fun <T> Join<Int, Function1<Int, Join<Any?, TypeMemento>>>.get(column: Column<T>): T?
e: file:///Users/jim/work/v2superbikeshed/Trikeshed/src/commonMain/kotlin/borg/trikeshed/reactor/socks/SocksTransformEngine.kt:154:36 Cannot infer type for this parameter. Specify it explicitly.
e: file:///Users/jim/work/v2superbikeshed/Trikeshed/src/commonMain/kotlin/borg/trikeshed/reactor/socks/SocksTransformEngine.kt:154:36 Unresolved reference. None of the following candidates is applicable because of a receiver type mismatch:
fun <T> Join<Int, Function1<Int, Join<Any?, TypeMemento>>>.get(column: Column<T>): T?
e: file:///Users/jim/work/v2superbikeshed/Trikeshed/src/commonMain/kotlin/borg/trikeshed/reactor/socks/SocksTransformEngine.kt:168:17 Cannot infer type for this parameter. Specify it explicitly.
e: file:///Users/jim/work/v2superbikeshed/Trikeshed/src/commonMain/kotlin/borg/trikeshed/reactor/socks/SocksTransformEngine.kt:168:17 Unresolved reference. None of the following candidates is applicable because of a receiver type mismatch:
fun <T> Join<Int, Function1<Int, Join<Any?, TypeMemento>>>.get(column: Column<T>): T?
e: file:///Users/jim/work/v2superbikeshed/Trikeshed/src/commonMain/kotlin/borg/trikeshed/reactor/socks/SocksTransformEngine.kt:170:41 Argument type mismatch: actual type is 'T? (of fun <T> Join<Int, Function1<Int, Join<Any?, TypeMemento>>>.get)', but 'Int' was expected.
e: file:///Users/jim/work/v2superbikeshed/Trikeshed/src/commonMain/kotlin/borg/trikeshed/reactor/socks/SocksTransformEngine.kt:170:41 Cannot infer type for this parameter. Specify it explicitly.
e: file:///Users/jim/work/v2superbikeshed/Trikeshed/src/commonMain/kotlin/borg/trikeshed/reactor/socks/SocksTransformEngine.kt:170:41 Unresolved reference. None of the following candidates is applicable because of a receiver type mismatch:
fun <T> Join<Int, Function1<Int, Join<Any?, TypeMemento>>>.get(column: Column<T>): T?
e: file:///Users/jim/work/v2superbikeshed/Trikeshed/src/commonMain/kotlin/borg/trikeshed/reactor/socks/SocksTransformEngine.kt:190:23 Cannot infer type for this parameter. Specify it explicitly.
e: file:///Users/jim/work/v2superbikeshed/Trikeshed/src/commonMain/kotlin/borg/trikeshed/reactor/socks/SocksTransformEngine.kt:190:23 Unresolved reference. None of the following candidates is applicable because of a receiver type mismatch:
fun <T> Join<Int, Function1<Int, Join<Any?, TypeMemento>>>.get(column: Column<T>): T?
e: file:///Users/jim/work/v2superbikeshed/Trikeshed/src/commonMain/kotlin/borg/trikeshed/reactor/socks/SocksTransformEngine.kt:191:27 Cannot infer type for this parameter. Specify it explicitly.
e: file:///Users/jim/work/v2superbikeshed/Trikeshed/src/commonMain/kotlin/borg/trikeshed/reactor/socks/SocksTransformEngine.kt:191:27 Unresolved reference. None of the following candidates is applicable because of a receiver type mismatch:
fun <T> Join<Int, Function1<Int, Join<Any?, TypeMemento>>>.get(column: Column<T>): T?
e: file:///Users/jim/work/v2superbikeshed/Trikeshed/src/commonMain/kotlin/borg/trikeshed/reactor/socks/SocksTransformEngine.kt:195:35 Cannot infer type for this parameter. Specify it explicitly.
e: file:///Users/jim/work/v2superbikeshed/Trikeshed/src/commonMain/kotlin/borg/trikeshed/reactor/socks/SocksTransformEngine.kt:195:35 Not enough information to infer type argument for 'B'.
e: file:///Users/jim/work/v2superbikeshed/Trikeshed/src/commonMain/kotlin/borg/trikeshed/reactor/socks/SocksTransformEngine.kt:195:39 Cannot infer type for this parameter. Specify it explicitly.
e: file:///Users/jim/work/v2superbikeshed/Trikeshed/src/commonMain/kotlin/borg/trikeshed/reactor/socks/SocksTransformEngine.kt:195:44 Cannot infer type for this parameter. Specify it explicitly.
e: file:///Users/jim/work/v2superbikeshed/Trikeshed/src/commonMain/kotlin/borg/trikeshed/reactor/socks/SocksTransformEngine.kt:195:44 Unresolved reference. None of the following candidates is applicable because of a receiver type mismatch:
fun <T> Join<Int, Function1<Int, Join<Any?, TypeMemento>>>.get(column: Column<T>): T?
e: file:///Users/jim/work/v2superbikeshed/Trikeshed/src/commonMain/kotlin/borg/trikeshed/reactor/socks/SocksTransformEngine.kt:206:23 Cannot infer type for this parameter. Specify it explicitly.
e: file:///Users/jim/work/v2superbikeshed/Trikeshed/src/commonMain/kotlin/borg/trikeshed/reactor/socks/SocksTransformEngine.kt:206:23 Unresolved reference. None of the following candidates is applicable because of a receiver type mismatch:
fun <T> Join<Int, Function1<Int, Join<Any?, TypeMemento>>>.get(column: Column<T>): T?
e: file:///Users/jim/work/v2superbikeshed/Trikeshed/src/commonMain/kotlin/borg/trikeshed/reactor/socks/SocksTransformEngine.kt:207:23 Cannot infer type for this parameter. Specify it explicitly.
e: file:///Users/jim/work/v2superbikeshed/Trikeshed/src/commonMain/kotlin/borg/trikeshed/reactor/socks/SocksTransformEngine.kt:207:23 Unresolved reference. None of the following candidates is applicable because of a receiver type mismatch:
fun <T> Join<Int, Function1<Int, Join<Any?, TypeMemento>>>.get(column: Column<T>): T?
e: file:///Users/jim/work/v2superbikeshed/Trikeshed/src/commonMain/kotlin/borg/trikeshed/reactor/socks/SocksTransformEngine.kt:208:24 Cannot infer type for this parameter. Specify it explicitly.
e: file:///Users/jim/work/v2superbikeshed/Trikeshed/src/commonMain/kotlin/borg/trikeshed/reactor/socks/SocksTransformEngine.kt:208:24 Unresolved reference. None of the following candidates is applicable because of a receiver type mismatch:
fun <T> Join<Int, Function1<Int, Join<Any?, TypeMemento>>>.get(column: Column<T>): T?
e: file:///Users/jim/work/v2superbikeshed/Trikeshed/src/commonMain/kotlin/borg/trikeshed/reactor/socks/SocksTransformEngine.kt:209:27 Cannot infer type for this parameter. Specify it explicitly.
e: file:///Users/jim/work/v2superbikeshed/Trikeshed/src/commonMain/kotlin/borg/trikeshed/reactor/socks/SocksTransformEngine.kt:209:27 Unresolved reference. None of the following candidates is applicable because of a receiver type mismatch:
fun <T> Join<Int, Function1<Int, Join<Any?, TypeMemento>>>.get(column: Column<T>): T?
e: file:///Users/jim/work/v2superbikeshed/Trikeshed/src/commonMain/kotlin/borg/trikeshed/reactor/socks/SocksTransformEngine.kt:227:23 Cannot infer type for this parameter. Specify it explicitly.
e: file:///Users/jim/work/v2superbikeshed/Trikeshed/src/commonMain/kotlin/borg/trikeshed/reactor/socks/SocksTransformEngine.kt:227:23 Unresolved reference. None of the following candidates is applicable because of a receiver type mismatch:
fun <T> Join<Int, Function1<Int, Join<Any?, TypeMemento>>>.get(column: Column<T>): T?
e: file:///Users/jim/work/v2superbikeshed/Trikeshed/src/commonMain/kotlin/borg/trikeshed/reactor/socks/SocksTransformEngine.kt:228:25 Cannot infer type for this parameter. Specify it explicitly.
e: file:///Users/jim/work/v2superbikeshed/Trikeshed/src/commonMain/kotlin/borg/trikeshed/reactor/socks/SocksTransformEngine.kt:228:25 Unresolved reference. None of the following candidates is applicable because of a receiver type mismatch:
fun <T> Join<Int, Function1<Int, Join<Any?, TypeMemento>>>.get(column: Column<T>): T?
e: file:///Users/jim/work/v2superbikeshed/Trikeshed/src/commonMain/kotlin/borg/trikeshed/reactor/socks/SocksTransformEngine.kt:229:24 Cannot infer type for this parameter. Specify it explicitly.
e: file:///Users/jim/work/v2superbikeshed/Trikeshed/src/commonMain/kotlin/borg/trikeshed/reactor/socks/SocksTransformEngine.kt:229:24 Unresolved reference. None of the following candidates is applicable because of a receiver type mismatch:
fun <T> Join<Int, Function1<Int, Join<Any?, TypeMemento>>>.get(column: Column<T>): T?
e: file:///Users/jim/work/v2superbikeshed/Trikeshed/src/commonMain/kotlin/borg/trikeshed/reactor/socks/SocksTransformEngine.kt:230:27 Cannot infer type for this parameter. Specify it explicitly.
e: file:///Users/jim/work/v2superbikeshed/Trikeshed/src/commonMain/kotlin/borg/trikeshed/reactor/socks/SocksTransformEngine.kt:230:27 Unresolved reference. None of the following candidates is applicable because of a receiver type mismatch:
fun <T> Join<Int, Function1<Int, Join<Any?, TypeMemento>>>.get(column: Column<T>): T?
e: file:///Users/jim/work/v2superbikeshed/Trikeshed/src/commonMain/kotlin/borg/trikeshed/reactor/socks/SocksTransformEngine.kt:239:73 Argument type mismatch: actual type is 'SocksTargetHost', but 'SocksBindAddress' was expected.
e: file:///Users/jim/work/v2superbikeshed/Trikeshed/src/commonMain/kotlin/borg/trikeshed/reactor/socks/SocksTransformEngine.kt:239:86 Argument type mismatch: actual type is 'SocksTargetPort', but 'SocksBindPort' was expected.
e: file:///Users/jim/work/v2superbikeshed/Trikeshed/src/commonMain/kotlin/borg/trikeshed/reactor/socks/SocksTransformEngine.kt:243:21 Cannot infer type for this parameter. Specify it explicitly.
e: file:///Users/jim/work/v2superbikeshed/Trikeshed/src/commonMain/kotlin/borg/trikeshed/reactor/socks/SocksTransformEngine.kt:243:21 Unresolved reference. None of the following candidates is applicable because of a receiver type mismatch:
fun <T> Join<Int, Function1<Int, Join<Any?, TypeMemento>>>.get(column: Column<T>): T?
e: file:///Users/jim/work/v2superbikeshed/Trikeshed/src/commonMain/kotlin/borg/trikeshed/reactor/socks/SocksTransformEngine.kt:243:35 Unresolved reference 'and'.
e: file:///Users/jim/work/v2superbikeshed/Trikeshed/src/commonMain/kotlin/borg/trikeshed/reactor/socks/SocksTransformEngine.kt:243:47 Cannot infer type for this parameter. Specify it explicitly.
e: file:///Users/jim/work/v2superbikeshed/Trikeshed/src/commonMain/kotlin/borg/trikeshed/reactor/socks/SocksTransformEngine.kt:243:47 Unresolved reference. None of the following candidates is applicable because of a receiver type mismatch:
fun <T> Join<Int, Function1<Int, Join<Any?, TypeMemento>>>.get(column: Column<T>): T?
e: file:///Users/jim/work/v2superbikeshed/Trikeshed/src/commonMain/kotlin/borg/trikeshed/reactor/socks/SocksTransformEngine.kt:243:65 Unresolved reference 'and'.
e: file:///Users/jim/work/v2superbikeshed/Trikeshed/src/commonMain/kotlin/borg/trikeshed/reactor/socks/SocksTransformEngine.kt:243:77 Cannot infer type for this parameter. Specify it explicitly.
e: file:///Users/jim/work/v2superbikeshed/Trikeshed/src/commonMain/kotlin/borg/trikeshed/reactor/socks/SocksTransformEngine.kt:243:77 Unresolved reference. None of the following candidates is applicable because of a receiver type mismatch:
fun <T> Join<Int, Function1<Int, Join<Any?, TypeMemento>>>.get(column: Column<T>): T?
e: file:///Users/jim/work/v2superbikeshed/Trikeshed/src/commonMain/kotlin/borg/trikeshed/reactor/socks/SocksTransformEngine.kt:243:95 Unresolved reference 'and'.
e: file:///Users/jim/work/v2superbikeshed/Trikeshed/src/commonMain/kotlin/borg/trikeshed/reactor/socks/SocksTransformEngine.kt:243:107 Cannot infer type for this parameter. Specify it explicitly.
e: file:///Users/jim/work/v2superbikeshed/Trikeshed/src/commonMain/kotlin/borg/trikeshed/reactor/socks/SocksTransformEngine.kt:243:107 Unresolved reference. None of the following candidates is applicable because of a receiver type mismatch:
fun <T> Join<Int, Function1<Int, Join<Any?, TypeMemento>>>.get(column: Column<T>): T?
e: file:///Users/jim/work/v2superbikeshed/Trikeshed/src/commonMain/kotlin/borg/trikeshed/reactor/socks/SocksTransformEngine.kt:243:125 Unresolved reference 'and'.
e: file:///Users/jim/work/v2superbikeshed/Trikeshed/src/commonMain/kotlin/borg/trikeshed/reactor/socks/SocksTransformEngine.kt:244:22 Cannot infer type for this parameter. Specify it explicitly.
e: file:///Users/jim/work/v2superbikeshed/Trikeshed/src/commonMain/kotlin/borg/trikeshed/reactor/socks/SocksTransformEngine.kt:244:22 Unresolved reference. None of the following candidates is applicable because of a receiver type mismatch:
fun <T> Join<Int, Function1<Int, Join<Any?, TypeMemento>>>.get(column: Column<T>): T?
e: file:///Users/jim/work/v2superbikeshed/Trikeshed/src/commonMain/kotlin/borg/trikeshed/reactor/socks/SocksTransformEngine.kt:244:69 Cannot infer type for this parameter. Specify it explicitly.
e: file:///Users/jim/work/v2superbikeshed/Trikeshed/src/commonMain/kotlin/borg/trikeshed/reactor/socks/SocksTransformEngine.kt:244:69 Unresolved reference. None of the following candidates is applicable because of a receiver type mismatch:
fun <T> Join<Int, Function1<Int, Join<Any?, TypeMemento>>>.get(column: Column<T>): T?
e: file:///Users/jim/work/v2superbikeshed/Trikeshed/src/commonMain/kotlin/borg/trikeshed/reactor/socks/SocksTransformEngine.kt:245:55 Argument type mismatch: actual type is 'UShort', but 'Int' was expected.
e: file:///Users/jim/work/v2superbikeshed/Trikeshed/src/commonMain/kotlin/borg/trikeshed/reactor/socks/SocksTransformEngine.kt:249:28 Cannot infer type for this parameter. Specify it explicitly.
e: file:///Users/jim/work/v2superbikeshed/Trikeshed/src/commonMain/kotlin/borg/trikeshed/reactor/socks/SocksTransformEngine.kt:249:28 Unresolved reference. None of the following candidates is applicable because of a receiver type mismatch:
fun <T> Join<Int, Function1<Int, Join<Any?, TypeMemento>>>.get(column: Column<T>): T?
e: file:///Users/jim/work/v2superbikeshed/Trikeshed/src/commonMain/kotlin/borg/trikeshed/reactor/socks/SocksTransformEngine.kt:250:22 'fun String(chars: CharArray): String' is deprecated. Use CharArray.concatToString() instead.
e: file:///Users/jim/work/v2superbikeshed/Trikeshed/src/commonMain/kotlin/borg/trikeshed/reactor/socks/SocksTransformEngine.kt:250:29 Argument type mismatch: actual type is 'ByteArray', but 'CharArray' was expected.
e: file:///Users/jim/work/v2superbikeshed/Trikeshed/src/commonMain/kotlin/borg/trikeshed/reactor/socks/SocksTransformEngine.kt:250:60 Argument type mismatch: actual type is 'Byte?', but 'Byte' was expected.
e: file:///Users/jim/work/v2superbikeshed/Trikeshed/src/commonMain/kotlin/borg/trikeshed/reactor/socks/SocksTransformEngine.kt:250:60 Unresolved reference. None of the following candidates is applicable because of a receiver type mismatch:
fun <T> Join<Int, Function1<Int, Join<Any?, TypeMemento>>>.get(column: Column<T>): T?
e: file:///Users/jim/work/v2superbikeshed/Trikeshed/src/commonMain/kotlin/borg/trikeshed/reactor/socks/SocksTransformEngine.kt:251:22 Cannot infer type for this parameter. Specify it explicitly.
e: file:///Users/jim/work/v2superbikeshed/Trikeshed/src/commonMain/kotlin/borg/trikeshed/reactor/socks/SocksTransformEngine.kt:251:22 Unresolved reference. None of the following candidates is applicable because of a receiver type mismatch:
fun <T> Join<Int, Function1<Int, Join<Any?, TypeMemento>>>.get(column: Column<T>): T?
e: file:///Users/jim/work/v2superbikeshed/Trikeshed/src/commonMain/kotlin/borg/trikeshed/reactor/socks/SocksTransformEngine.kt:251:84 Cannot infer type for this parameter. Specify it explicitly.
e: file:///Users/jim/work/v2superbikeshed/Trikeshed/src/commonMain/kotlin/borg/trikeshed/reactor/socks/SocksTransformEngine.kt:251:84 Unresolved reference. None of the following candidates is applicable because of a receiver type mismatch:
fun <T> Join<Int, Function1<Int, Join<Any?, TypeMemento>>>.get(column: Column<T>): T?
e: file:///Users/jim/work/v2superbikeshed/Trikeshed/src/commonMain/kotlin/borg/trikeshed/reactor/socks/SocksTransformEngine.kt:252:59 Argument type mismatch: actual type is 'UShort', but 'Int' was expected.
e: file:///Users/jim/work/v2superbikeshed/Trikeshed/src/commonMain/kotlin/borg/trikeshed/reactor/socks/SocksTransformEngine.kt:258:22 Cannot infer type for this parameter. Specify it explicitly.
e: file:///Users/jim/work/v2superbikeshed/Trikeshed/src/commonMain/kotlin/borg/trikeshed/reactor/socks/SocksTransformEngine.kt:258:22 Unresolved reference. None of the following candidates is applicable because of a receiver type mismatch:
fun <T> Join<Int, Function1<Int, Join<Any?, TypeMemento>>>.get(column: Column<T>): T?
e: file:///Users/jim/work/v2superbikeshed/Trikeshed/src/commonMain/kotlin/borg/trikeshed/reactor/socks/SocksTransformEngine.kt:258:70 Cannot infer type for this parameter. Specify it explicitly.
e: file:///Users/jim/work/v2superbikeshed/Trikeshed/src/commonMain/kotlin/borg/trikeshed/reactor/socks/SocksTransformEngine.kt:258:70 Unresolved reference. None of the following candidates is applicable because of a receiver type mismatch:
fun <T> Join<Int, Function1<Int, Join<Any?, TypeMemento>>>.get(column: Column<T>): T?
e: file:///Users/jim/work/v2superbikeshed/Trikeshed/src/commonMain/kotlin/borg/trikeshed/reactor/socks/SocksTransformEngine.kt:259:55 Argument type mismatch: actual type is 'UShort', but 'Int' was expected.
e: file:///Users/jim/work/v2superbikeshed/Trikeshed/src/commonMain/kotlin/borg/trikeshed/reactor/socks/SocksTransformEngine.kt:291:28 Cannot infer type for this parameter. Specify it explicitly.
e: file:///Users/jim/work/v2superbikeshed/Trikeshed/src/commonMain/kotlin/borg/trikeshed/reactor/socks/SocksTransformEngine.kt:291:28 Unresolved reference. None of the following candidates is applicable because of a receiver type mismatch:
fun <T> Join<Int, Function1<Int, Join<Any?, TypeMemento>>>.get(column: Column<T>): T?
e: file:///Users/jim/work/v2superbikeshed/Trikeshed/src/commonMain/kotlin/borg/trikeshed/reactor/socks/SocksTransformEngine.kt:294:26 Unresolved reference 'bytes'.
e: file:///Users/jim/work/v2superbikeshed/Trikeshed/src/commonMain/kotlin/borg/trikeshed/reactor/socks/SocksTransformEngine.kt:294:41 Cannot infer type for this parameter. Specify it explicitly.
e: file:///Users/jim/work/v2superbikeshed/Trikeshed/src/commonMain/kotlin/borg/trikeshed/reactor/socks/SocksTransformEngine.kt:294:50 Unresolved reference 'bytes'.
e: file:///Users/jim/work/v2superbikeshed/Trikeshed/src/commonMain/kotlin/borg/trikeshed/reactor/socks/SocksTransformEngine.kt:296:34 Unresolved reference 'bytes'.
e: file:///Users/jim/work/v2superbikeshed/Trikeshed/src/commonMain/kotlin/borg/trikeshed/reactor/socks/SocksTransformEngine.kt:296:58 Unresolved reference 'bytes'.
e: file:///Users/jim/work/v2superbikeshed/Trikeshed/src/commonMain/kotlin/borg/trikeshed/reactor/socks/SocksTransformEngine.kt:300:34 Unresolved reference 'bytes'.
e: file:///Users/jim/work/v2superbikeshed/Trikeshed/src/commonMain/kotlin/borg/trikeshed/reactor/socks/SocksTransformEngine.kt:300:58 Unresolved reference 'bytes'.
e: file:///Users/jim/work/v2superbikeshed/Trikeshed/src/commonMain/kotlin/borg/trikeshed/reactor/socks/SocksTransformEngine.kt:346:34 Cannot infer type for this parameter. Specify it explicitly.
e: file:///Users/jim/work/v2superbikeshed/Trikeshed/src/commonMain/kotlin/borg/trikeshed/reactor/socks/SocksTransformEngine.kt:346:34 Unresolved reference. None of the following candidates is applicable because of a receiver type mismatch:
fun <T> Join<Int, Function1<Int, Join<Any?, TypeMemento>>>.get(column: Column<T>): T?
e: file:///Users/jim/work/v2superbikeshed/Trikeshed/src/commonMain/kotlin/borg/trikeshed/reactor/socks/SocksTransformEngine.kt:352:34 Argument type mismatch: actual type is 'T? (of fun <T> Join<Int, Function1<Int, Join<Any?, TypeMemento>>>.get)', but 'Byte' was expected.
e: file:///Users/jim/work/v2superbikeshed/Trikeshed/src/commonMain/kotlin/borg/trikeshed/reactor/socks/SocksTransformEngine.kt:352:34 Cannot infer type for this parameter. Specify it explicitly.
e: file:///Users/jim/work/v2superbikeshed/Trikeshed/src/commonMain/kotlin/borg/trikeshed/reactor/socks/SocksTransformEngine.kt:352:34 Unresolved reference. None of the following candidates is applicable because of a receiver type mismatch:
fun <T> Join<Int, Function1<Int, Join<Any?, TypeMemento>>>.get(column: Column<T>): T?
e: file:///Users/jim/work/v2superbikeshed/Trikeshed/src/commonMain/kotlin/borg/trikeshed/reactor/socks/SocksTransformEngine.kt:353:66 Argument type mismatch: actual type is 'T? (of fun <T> Join<Int, Function1<Int, Join<Any?, TypeMemento>>>.get)', but 'Byte' was expected.
e: file:///Users/jim/work/v2superbikeshed/Trikeshed/src/commonMain/kotlin/borg/trikeshed/reactor/socks/SocksTransformEngine.kt:353:66 Cannot infer type for this parameter. Specify it explicitly.
e: file:///Users/jim/work/v2superbikeshed/Trikeshed/src/commonMain/kotlin/borg/trikeshed/reactor/socks/SocksTransformEngine.kt:353:66 Unresolved reference. None of the following candidates is applicable because of a receiver type mismatch:
fun <T> Join<Int, Function1<Int, Join<Any?, TypeMemento>>>.get(column: Column<T>): T?
e: file:///Users/jim/work/v2superbikeshed/Trikeshed/src/commonMain/kotlin/borg/trikeshed/reactor/socks/SocksTransformEngine.kt:353:88 Argument type mismatch: actual type is 'Int', but 'Int' was expected.
e: file:///Users/jim/work/v2superbikeshed/Trikeshed/src/commonMain/kotlin/borg/trikeshed/reactor/socks/SocksTransformEngine.kt:354:39 Cannot infer type for this parameter. Specify it explicitly.
e: file:///Users/jim/work/v2superbikeshed/Trikeshed/src/commonMain/kotlin/borg/trikeshed/reactor/socks/SocksTransformEngine.kt:354:39 Unresolved reference. None of the following candidates is applicable because of a receiver type mismatch:
fun <T> Join<Int, Function1<Int, Join<Any?, TypeMemento>>>.get(column: Column<T>): T?
e: file:///Users/jim/work/v2superbikeshed/Trikeshed/src/commonMain/kotlin/borg/trikeshed/reactor/socks/SocksTransformEngine.kt:356:59 Cannot infer type for this parameter. Specify it explicitly.
e: file:///Users/jim/work/v2superbikeshed/Trikeshed/src/commonMain/kotlin/borg/trikeshed/reactor/socks/SocksTransformEngine.kt:356:59 Unresolved reference. None of the following candidates is applicable because of a receiver type mismatch:
fun <T> Join<Int, Function1<Int, Join<Any?, TypeMemento>>>.get(column: Column<T>): T?
e: file:///Users/jim/work/v2superbikeshed/Trikeshed/src/commonMain/kotlin/borg/trikeshed/reactor/socks/SocksTransformEngine.kt:405:17 Cannot infer type for this parameter. Specify it explicitly.
e: file:///Users/jim/work/v2superbikeshed/Trikeshed/src/commonMain/kotlin/borg/trikeshed/reactor/socks/SocksTransformEngine.kt:405:17 Unresolved reference. None of the following candidates is applicable because of a receiver type mismatch:
fun <T> Join<Int, Function1<Int, Join<Any?, TypeMemento>>>.get(column: Column<T>): T?
e: file:///Users/jim/work/v2superbikeshed/Trikeshed/src/commonMain/kotlin/borg/trikeshed/reactor/socks/SocksTransformEngine.kt:410:34 Argument type mismatch: actual type is 'T? (of fun <T> Join<Int, Function1<Int, Join<Any?, TypeMemento>>>.get)', but 'Byte' was expected.
e: file:///Users/jim/work/v2superbikeshed/Trikeshed/src/commonMain/kotlin/borg/trikeshed/reactor/socks/SocksTransformEngine.kt:410:34 Cannot infer type for this parameter. Specify it explicitly.
e: file:///Users/jim/work/v2superbikeshed/Trikeshed/src/commonMain/kotlin/borg/trikeshed/reactor/socks/SocksTransformEngine.kt:410:34 Unresolved reference. None of the following candidates is applicable because of a receiver type mismatch:
fun <T> Join<Int, Function1<Int, Join<Any?, TypeMemento>>>.get(column: Column<T>): T?
e: file:///Users/jim/work/v2superbikeshed/Trikeshed/src/commonMain/kotlin/borg/trikeshed/reactor/socks/SocksTransformEngine.kt:411:39 Cannot infer type for this parameter. Specify it explicitly.
e: file:///Users/jim/work/v2superbikeshed/Trikeshed/src/commonMain/kotlin/borg/trikeshed/reactor/socks/SocksTransformEngine.kt:411:39 Unresolved reference. None of the following candidates is applicable because of a receiver type mismatch:
fun <T> Join<Int, Function1<Int, Join<Any?, TypeMemento>>>.get(column: Column<T>): T?
e: file:///Users/jim/work/v2superbikeshed/Trikeshed/src/commonMain/kotlin/borg/trikeshed/reactor/socks/SocksTransformEngine.kt:413:59 Cannot infer type for this parameter. Specify it explicitly.
e: file:///Users/jim/work/v2superbikeshed/Trikeshed/src/commonMain/kotlin/borg/trikeshed/reactor/socks/SocksTransformEngine.kt:413:59 Unresolved reference. None of the following candidates is applicable because of a receiver type mismatch:
fun <T> Join<Int, Function1<Int, Join<Any?, TypeMemento>>>.get(column: Column<T>): T?
e: file:///Users/jim/work/v2superbikeshed/Trikeshed/src/commonMain/kotlin/borg/trikeshed/reactor/socks/SocksTransformEngine.kt:440:17 Cannot infer type for this parameter. Specify it explicitly.
e: file:///Users/jim/work/v2superbikeshed/Trikeshed/src/commonMain/kotlin/borg/trikeshed/reactor/socks/SocksTransformEngine.kt:440:17 Unresolved reference. None of the following candidates is applicable because of a receiver type mismatch:
fun <T> Join<Int, Function1<Int, Join<Any?, TypeMemento>>>.get(column: Column<T>): T?
e: file:///Users/jim/work/v2superbikeshed/Trikeshed/src/commonMain/kotlin/borg/trikeshed/reactor/socks/SocksTransformEngine.kt:443:34 Argument type mismatch: actual type is 'T? (of fun <T> Join<Int, Function1<Int, Join<Any?, TypeMemento>>>.get)', but 'Byte' was expected.
e: file:///Users/jim/work/v2superbikeshed/Trikeshed/src/commonMain/kotlin/borg/trikeshed/reactor/socks/SocksTransformEngine.kt:443:34 Cannot infer type for this parameter. Specify it explicitly.
e: file:///Users/jim/work/v2superbikeshed/Trikeshed/src/commonMain/kotlin/borg/trikeshed/reactor/socks/SocksTransformEngine.kt:443:34 Unresolved reference. None of the following candidates is applicable because of a receiver type mismatch:
fun <T> Join<Int, Function1<Int, Join<Any?, TypeMemento>>>.get(column: Column<T>): T?
e: file:///Users/jim/work/v2superbikeshed/Trikeshed/src/commonMain/kotlin/borg/trikeshed/reactor/socks/SocksTransformEngine.kt:444:39 Cannot infer type for this parameter. Specify it explicitly.
e: file:///Users/jim/work/v2superbikeshed/Trikeshed/src/commonMain/kotlin/borg/trikeshed/reactor/socks/SocksTransformEngine.kt:444:39 Unresolved reference. None of the following candidates is applicable because of a receiver type mismatch:
fun <T> Join<Int, Function1<Int, Join<Any?, TypeMemento>>>.get(column: Column<T>): T?
e: file:///Users/jim/work/v2superbikeshed/Trikeshed/src/commonMain/kotlin/borg/trikeshed/reactor/socks/SocksTransformEngine.kt:446:59 Cannot infer type for this parameter. Specify it explicitly.
e: file:///Users/jim/work/v2superbikeshed/Trikeshed/src/commonMain/kotlin/borg/trikeshed/reactor/socks/SocksTransformEngine.kt:446:59 Unresolved reference. None of the following candidates is applicable because of a receiver type mismatch:
fun <T> Join<Int, Function1<Int, Join<Any?, TypeMemento>>>.get(column: Column<T>): T?
e: file:///Users/jim/work/v2superbikeshed/Trikeshed/src/commonMain/kotlin/borg/trikeshed/services/CouchRequestFactoryService.kt:13:1 Class 'CouchRequestFactoryService' is not abstract and does not implement abstract member:
suspend fun invokeService(serviceName: String, data: Join<Int, Function1<Int, Byte>>): Join<Int, Function1<Int, Byte>>
e: file:///Users/jim/work/v2superbikeshed/Trikeshed/src/commonMain/kotlin/borg/trikeshed/services/CouchRequestFactoryService.kt:69:5 'invokeService' overrides nothing. Potential signatures for overriding:
suspend fun invokeService(serviceName: String, data: Join<Int, Function1<Int, Byte>>): Join<Int, Function1<Int, Byte>>
e: file:///Users/jim/work/v2superbikeshed/Trikeshed/src/commonMain/kotlin/borg/trikeshed/services/RequestFactoryBroker.kt:148:33 Cannot infer type for this parameter. Specify it explicitly.
e: file:///Users/jim/work/v2superbikeshed/Trikeshed/src/commonMain/kotlin/borg/trikeshed/services/RequestFactoryBroker.kt:148:33 Unresolved reference. None of the following candidates is applicable because of a receiver type mismatch:
val <T> Join<Int, Function1<Int, T>>.play: IterableIndexed<T>
e: file:///Users/jim/work/v2superbikeshed/Trikeshed/src/commonMain/kotlin/borg/trikeshed/services/RequestFactoryBroker.kt:148:52 Overload resolution ambiguity between candidates:
fun ByteArray.toIndexed(): Join<Int, Function1<Int, Byte>>
fun <T> Any.toIndexed(): Join<Int, Function1<Int, T>>
fun ByteArray.toIndexed(): Join<Int, Function1<Int, Byte>>
e: file:///Users/jim/work/v2superbikeshed/Trikeshed/src/commonMain/kotlin/borg/trikeshed/services/RequestFactoryBroker.kt:153:37 Unresolved reference 'parse'.
e: file:///Users/jim/work/v2superbikeshed/Trikeshed/src/commonMain/kotlin/borg/trikeshed/services/RequestFactoryBroker.kt:190:36 Unresolved reference 'parse'.
e: file:///Users/jim/work/v2superbikeshed/Trikeshed/src/commonMain/kotlin/borg/trikeshed/services/RequestFactoryBroker.kt:204:29 Unresolved reference 'stringify'.
e: file:///Users/jim/work/v2superbikeshed/Trikeshed/src/commonMain/kotlin/borg/trikeshed/services/RequestFactoryBroker.kt:204:65 Overload resolution ambiguity between candidates:
fun ByteArray.toIndexed(): Join<Int, Function1<Int, Byte>>
fun <T> Any.toIndexed(): Join<Int, Function1<Int, T>>
fun ByteArray.toIndexed(): Join<Int, Function1<Int, Byte>>
e: file:///Users/jim/work/v2superbikeshed/Trikeshed/src/commonMain/kotlin/borg/trikeshed/services/RequestFactoryBroker.kt:218:45 Suspend function 'suspend fun invokeService(serviceName: String, data: ByteArray): ByteArray' can only be called from a coroutine or another suspend function.
e: file:///Users/jim/work/v2superbikeshed/Trikeshed/src/commonMain/kotlin/borg/trikeshed/services/RequestFactoryBroker.kt:219:21 Argument type mismatch: actual type is 'Any', but 'String' was expected.
e: file:///Users/jim/work/v2superbikeshed/Trikeshed/src/commonMain/kotlin/borg/trikeshed/services/RequestFactoryBroker.kt:220:21 Argument type mismatch: actual type is 'String', but 'ByteArray' was expected.
e: file:///Users/jim/work/v2superbikeshed/Trikeshed/src/commonMain/kotlin/borg/trikeshed/services/RequestFactoryBroker.kt:221:21 Too many arguments for 'suspend fun invokeService(serviceName: String, data: ByteArray): ByteArray'.
e: file:///Users/jim/work/v2superbikeshed/Trikeshed/src/commonMain/kotlin/borg/trikeshed/services/RequestFactoryService.kt:36:11 Redeclaration:
interface DealService : Any
e: file:///Users/jim/work/v2superbikeshed/Trikeshed/src/commonMain/kotlin/borg/trikeshed/services/RequestFactoryService.kt:37:67 Type argument is not within its bounds: must be subtype of 'CoroutineContext.Element'.
e: file:///Users/jim/work/v2superbikeshed/Trikeshed/src/commonMain/kotlin/borg/trikeshed/services/RequestFactoryService.kt:62:74 Cannot infer type for this parameter. Specify it explicitly.
e: file:///Users/jim/work/v2superbikeshed/Trikeshed/src/commonMain/kotlin/borg/trikeshed/services/RequestFactoryService.kt:62:74 Not enough information to infer type argument for 'T'.
e: file:///Users/jim/work/v2superbikeshed/Trikeshed/src/commonMain/kotlin/borg/trikeshed/services/RequestFactoryService.kt:62:74 Unresolved reference. None of the following candidates is applicable because of a receiver type mismatch:
fun <T> Join<Shape, Function1<Shape, T>>.invoke(index: Int): T
e: file:///Users/jim/work/v2superbikeshed/Trikeshed/src/commonMain/kotlin/borg/trikeshed/services/RequestFactoryService.kt:65:99 Cannot infer type for this parameter. Specify it explicitly.
e: file:///Users/jim/work/v2superbikeshed/Trikeshed/src/commonMain/kotlin/borg/trikeshed/services/RequestFactoryService.kt:65:99 Not enough information to infer type argument for 'T'.
e: file:///Users/jim/work/v2superbikeshed/Trikeshed/src/commonMain/kotlin/borg/trikeshed/services/RequestFactoryService.kt:65:99 Unresolved reference. None of the following candidates is applicable because of a receiver type mismatch:
fun <T> Join<Shape, Function1<Shape, T>>.invoke(index: Int): T
e: file:///Users/jim/work/v2superbikeshed/Trikeshed/src/commonMain/kotlin/borg/trikeshed/services/RequestFactoryServiceImpl.kt:51:63 Cannot infer type for this parameter. Specify it explicitly.
e: file:///Users/jim/work/v2superbikeshed/Trikeshed/src/commonMain/kotlin/borg/trikeshed/services/RequestFactoryServiceImpl.kt:52:50 Argument type mismatch: actual type is 'T? (of fun <T> Join<Int, Function1<Int, Join<Any?, TypeMemento>>>.get)', but 'K (of fun <K> WHEN_CALL)' was expected.
e: file:///Users/jim/work/v2superbikeshed/Trikeshed/src/commonMain/kotlin/borg/trikeshed/services/RequestFactoryServiceImpl.kt:52:50 Argument type mismatch: actual type is 'Join<Int, Function1<Int, Join<Any?, TypeMemento>>>', but 'Join<Int, Function1<Int, Join<String, CoroutineContext.Element>>>' was expected.
e: file:///Users/jim/work/v2superbikeshed/Trikeshed/src/commonMain/kotlin/borg/trikeshed/services/RequestFactoryServiceImpl.kt:52:50 Cannot infer type for this parameter. Specify it explicitly.
e: file:///Users/jim/work/v2superbikeshed/Trikeshed/src/commonMain/kotlin/borg/trikeshed/services/RequestFactoryServiceImpl.kt:52:50 Unresolved reference. None of the following candidates is applicable because of a receiver type mismatch:
fun <T> Join<Int, Function1<Int, Join<Any?, TypeMemento>>>.get(column: Column<T>): T?
e: file:///Users/jim/work/v2superbikeshed/Trikeshed/src/commonMain/kotlin/borg/trikeshed/services/RequestFactoryServiceImpl.kt:52:77 Argument type mismatch: actual type is 'Join<String, CoroutineContext.Element>', but 'K (of fun <K> WHEN_CALL)' was expected.
e: file:///Users/jim/work/v2superbikeshed/Trikeshed/src/commonMain/kotlin/borg/trikeshed/services/RequestFactoryServiceImpl.kt:65:41 Cannot infer type for this parameter. Specify it explicitly.
e: file:///Users/jim/work/v2superbikeshed/Trikeshed/src/commonMain/kotlin/borg/trikeshed/services/RequestFactoryServiceImpl.kt:65:41 Not enough information to infer type argument for 'T'.
e: file:///Users/jim/work/v2superbikeshed/Trikeshed/src/commonMain/kotlin/borg/trikeshed/services/RequestFactoryServiceImpl.kt:65:41 Unresolved reference. None of the following candidates is applicable because of a receiver type mismatch:
fun <T> Join<Shape, Function1<Shape, T>>.invoke(index: Int): T
e: file:///Users/jim/work/v2superbikeshed/Trikeshed/src/commonMain/kotlin/borg/trikeshed/services/RequestFactoryServiceImpl.kt:93:39 Unresolved reference 'process'.
e: file:///Users/jim/work/v2superbikeshed/Trikeshed/src/commonMain/kotlin/borg/trikeshed/services/RequestFactoryServiceImpl.kt:122:10 Class 'ReactorDealService' is not abstract and does not implement abstract members:
suspend fun findDeal(id: String): DealProxy?
suspend fun findDealsByProduct(query: String): Join<Int, Function1<Int, DealProxy>>
suspend fun persistDeal(deal: DealProxy): CouchTxProxy
suspend fun getVendors(): Join<Int, Function1<Int, VendorProxy>>
e: file:///Users/jim/work/v2superbikeshed/Trikeshed/src/commonMain/kotlin/borg/trikeshed/services/RequestFactoryServiceImpl.kt:126:5 'key' overrides nothing.
e: file:///Users/jim/work/v2superbikeshed/Trikeshed/src/commonMain/kotlin/borg/trikeshed/services/RequestFactoryServiceImpl.kt:127:29 Unresolved reference 'Key'.
e: file:///Users/jim/work/v2superbikeshed/Trikeshed/src/commonMain/kotlin/borg/trikeshed/services/RequestFactoryServiceImpl.kt:129:5 'process' overrides nothing.
e: file:///Users/jim/work/v2superbikeshed/Trikeshed/src/commonMain/kotlin/borg/trikeshed/services/RequestFactoryServiceImpl.kt:147:5 'getDealInfo' overrides nothing.
e: file:///Users/jim/work/v2superbikeshed/Trikeshed/src/commonMain/kotlin/borg/trikeshed/services/RequestFactoryServiceImpl.kt:151:5 'createDeal' overrides nothing.
e: file:///Users/jim/work/v2superbikeshed/Trikeshed/src/commonMain/kotlin/borg/trikeshed/strace/StraceExample.kt:14:22 Interface 'interface StraceAttention : Any' does not have constructors.
e: file:///Users/jim/work/v2superbikeshed/Trikeshed/src/commonMain/kotlin/borg/trikeshed/strace/StraceExample.kt:17:16 Unresolved reference 'monitorWithAttention'.
e: file:///Users/jim/work/v2superbikeshed/Trikeshed/src/commonMain/kotlin/borg/trikeshed/strace/StraceExample.kt:26:21 Cannot infer type for this parameter. Specify it explicitly.
e: file:///Users/jim/work/v2superbikeshed/Trikeshed/src/commonMain/kotlin/borg/trikeshed/strace/StraceExample.kt:28:30 Unresolved reference 'summary'.
e: file:///Users/jim/work/v2superbikeshed/Trikeshed/src/commonMain/kotlin/borg/trikeshed/strace/StraceExample.kt:31:22 Unresolved reference 'attentionWeights'.
e: file:///Users/jim/work/v2superbikeshed/Trikeshed/src/commonMain/kotlin/borg/trikeshed/strace/StraceExample.kt:31:39 Cannot infer type for this parameter. Specify it explicitly.
e: file:///Users/jim/work/v2superbikeshed/Trikeshed/src/commonMain/kotlin/borg/trikeshed/strace/StraceExample.kt:31:47 Cannot infer type for this parameter. Specify it explicitly.
e: file:///Users/jim/work/v2superbikeshed/Trikeshed/src/commonMain/kotlin/borg/trikeshed/strace/StraceExample.kt:31:47 'fun <T> Flow<T>.forEach(action: suspend (@ParameterName(...) T) -> Unit): Unit' is deprecated. Flow analogue of 'forEach' is 'collect'.
e: file:///Users/jim/work/v2superbikeshed/Trikeshed/src/commonMain/kotlin/borg/trikeshed/strace/StraceExample.kt:31:47 Not enough information to infer type argument for 'T'.
e: file:///Users/jim/work/v2superbikeshed/Trikeshed/src/commonMain/kotlin/borg/trikeshed/strace/StraceExample.kt:31:57 Cannot infer type for this parameter. Specify it explicitly.
e: file:///Users/jim/work/v2superbikeshed/Trikeshed/src/commonMain/kotlin/borg/trikeshed/strace/StraceExample.kt:32:37 Unresolved reference 'syscall'.
e: file:///Users/jim/work/v2superbikeshed/Trikeshed/src/commonMain/kotlin/borg/trikeshed/strace/StraceExample.kt:32:56 Unresolved reference 'weight'.
e: file:///Users/jim/work/v2superbikeshed/Trikeshed/src/commonMain/kotlin/borg/trikeshed/strace/StraceExample.kt:32:74 Unresolved reference 'reason'.
e: file:///Users/jim/work/v2superbikeshed/Trikeshed/src/commonMain/kotlin/borg/trikeshed/strace/StraceExample.kt:36:22 Unresolved reference 'dataPatterns'.
e: file:///Users/jim/work/v2superbikeshed/Trikeshed/src/commonMain/kotlin/borg/trikeshed/strace/StraceExample.kt:36:45 Cannot infer type for this parameter. Specify it explicitly.
e: file:///Users/jim/work/v2superbikeshed/Trikeshed/src/commonMain/kotlin/borg/trikeshed/strace/StraceExample.kt:37:38 Unresolved reference 'pattern'.
e: file:///Users/jim/work/v2superbikeshed/Trikeshed/src/commonMain/kotlin/borg/trikeshed/strace/StraceExample.kt:37:58 Unresolved reference 'dataSize'.
e: file:///Users/jim/work/v2superbikeshed/Trikeshed/src/commonMain/kotlin/borg/trikeshed/strace/StraceExample.kt:37:97 Unresolved reference 'confidence'.
e: file:///Users/jim/work/v2superbikeshed/Trikeshed/src/commonMain/kotlin/borg/trikeshed/strace/StraceExample.kt:41:30 Unresolved reference 'llmPrompt'.
e: file:///Users/jim/work/v2superbikeshed/Trikeshed/src/commonMain/kotlin/borg/trikeshed/strace/StraceExample.kt:49:22 Interface 'interface StraceAttention : Any' does not have constructors.
e: file:///Users/jim/work/v2superbikeshed/Trikeshed/src/commonMain/kotlin/borg/trikeshed/strace/StraceExample.kt:52:16 Unresolved reference 'execWithStrace'.
e: file:///Users/jim/work/v2superbikeshed/Trikeshed/src/commonMain/kotlin/borg/trikeshed/strace/StraceExample.kt:60:21 Cannot infer type for this parameter. Specify it explicitly.
e: file:///Users/jim/work/v2superbikeshed/Trikeshed/src/commonMain/kotlin/borg/trikeshed/strace/StraceExample.kt:61:62 Unresolved reference 'syscall'.
e: file:///Users/jim/work/v2superbikeshed/Trikeshed/src/commonMain/kotlin/borg/trikeshed/strace/StraceExample.kt:64:31 Unresolved reference 'timestamp'.
e: file:///Users/jim/work/v2superbikeshed/Trikeshed/src/commonMain/kotlin/borg/trikeshed/strace/StraceExample.kt:64:51 Unresolved reference 'pid'.
e: file:///Users/jim/work/v2superbikeshed/Trikeshed/src/commonMain/kotlin/borg/trikeshed/strace/StraceExample.kt:64:64 Unresolved reference 'syscall'.
e: file:///Users/jim/work/v2superbikeshed/Trikeshed/src/commonMain/kotlin/borg/trikeshed/strace/StraceExample.kt:64:83 Unresolved reference 'result'.
e: file:///Users/jim/work/v2superbikeshed/Trikeshed/src/commonMain/kotlin/borg/trikeshed/strace/StraceExample.kt:68:23 Unresolved reference 'error'.
e: file:///Users/jim/work/v2superbikeshed/Trikeshed/src/commonMain/kotlin/borg/trikeshed/strace/StraceExample.kt:69:57 Unresolved reference 'result'.
e: file:///Users/jim/work/v2superbikeshed/Trikeshed/src/commonMain/kotlin/borg/trikeshed/strace/StraceExample.kt:80:22 Interface 'interface StraceAttention : Any' does not have constructors.
e: file:///Users/jim/work/v2superbikeshed/Trikeshed/src/commonMain/kotlin/borg/trikeshed/strace/StraceExample.kt:83:16 Unresolved reference 'execWithStrace'.
e: file:///Users/jim/work/v2superbikeshed/Trikeshed/src/commonMain/kotlin/borg/trikeshed/strace/StraceExample.kt:91:11 Cannot infer type for this parameter. Specify it explicitly.
e: file:///Users/jim/work/v2superbikeshed/Trikeshed/src/commonMain/kotlin/borg/trikeshed/strace/StraceExample.kt:92:20 Cannot infer type for this parameter. Specify it explicitly.
e: file:///Users/jim/work/v2superbikeshed/Trikeshed/src/commonMain/kotlin/borg/trikeshed/strace/StraceExample.kt:93:32 Cannot infer type for this parameter. Specify it explicitly.
e: file:///Users/jim/work/v2superbikeshed/Trikeshed/src/commonMain/kotlin/borg/trikeshed/strace/StraceExample.kt:93:32 Not enough information to infer type argument for 'T'.
e: file:///Users/jim/work/v2superbikeshed/Trikeshed/src/commonMain/kotlin/borg/trikeshed/strace/StraceExample.kt:96:37 Cannot infer type for this parameter. Specify it explicitly.
e: file:///Users/jim/work/v2superbikeshed/Trikeshed/src/commonMain/kotlin/borg/trikeshed/strace/StraceExample.kt:96:37 Not enough information to infer type argument for 'T'.
e: file:///Users/jim/work/v2superbikeshed/Trikeshed/src/commonMain/kotlin/borg/trikeshed/strace/StraceExample.kt:96:37 Not enough information to infer type argument for 'K'.
e: file:///Users/jim/work/v2superbikeshed/Trikeshed/src/commonMain/kotlin/borg/trikeshed/strace/StraceExample.kt:96:45 Cannot infer type for this parameter. Specify it explicitly.
e: file:///Users/jim/work/v2superbikeshed/Trikeshed/src/commonMain/kotlin/borg/trikeshed/strace/StraceExample.kt:96:50 Unresolved reference 'syscall'.
e: file:///Users/jim/work/v2superbikeshed/Trikeshed/src/commonMain/kotlin/borg/trikeshed/strace/StraceExample.kt:96:60 Cannot infer type for this parameter. Specify it explicitly.
e: file:///Users/jim/work/v2superbikeshed/Trikeshed/src/commonMain/kotlin/borg/trikeshed/strace/StraceExample.kt:96:60 Not enough information to infer type argument for 'K'.
e: file:///Users/jim/work/v2superbikeshed/Trikeshed/src/commonMain/kotlin/borg/trikeshed/strace/StraceExample.kt:96:60 Not enough information to infer type argument for 'V'.
e: file:///Users/jim/work/v2superbikeshed/Trikeshed/src/commonMain/kotlin/borg/trikeshed/strace/StraceExample.kt:96:81 Unresolved reference 'size'.
e: file:///Users/jim/work/v2superbikeshed/Trikeshed/src/commonMain/kotlin/borg/trikeshed/strace/StraceExample.kt:97:59 Cannot infer type for this parameter. Specify it explicitly.
e: file:///Users/jim/work/v2superbikeshed/Trikeshed/src/commonMain/kotlin/borg/trikeshed/strace/StraceExample.kt:97:59 Not enough information to infer type argument for 'T'.
e: file:///Users/jim/work/v2superbikeshed/Trikeshed/src/commonMain/kotlin/borg/trikeshed/strace/StraceExample.kt:97:63 Cannot infer type for this parameter. Specify it explicitly.
e: file:///Users/jim/work/v2superbikeshed/Trikeshed/src/commonMain/kotlin/borg/trikeshed/strace/StraceExample.kt:97:68 Unresolved reference 'syscall'.
e: file:///Users/jim/work/v2superbikeshed/Trikeshed/src/commonMain/kotlin/borg/trikeshed/strace/StraceExample.kt:102:58 Cannot infer type for this parameter. Specify it explicitly.
e: file:///Users/jim/work/v2superbikeshed/Trikeshed/src/commonMain/kotlin/borg/trikeshed/strace/StraceExample.kt:102:58 Not enough information to infer type argument for 'T'.
e: file:///Users/jim/work/v2superbikeshed/Trikeshed/src/commonMain/kotlin/borg/trikeshed/strace/StraceExample.kt:102:58 Not enough information to infer type argument for 'R'.
e: file:///Users/jim/work/v2superbikeshed/Trikeshed/src/commonMain/kotlin/borg/trikeshed/strace/StraceExample.kt:102:77 Cannot infer type for this parameter. Specify it explicitly.
e: file:///Users/jim/work/v2superbikeshed/Trikeshed/src/commonMain/kotlin/borg/trikeshed/strace/StraceExample.kt:102:82 Unresolved reference 'value'.
e: file:///Users/jim/work/v2superbikeshed/Trikeshed/src/commonMain/kotlin/borg/trikeshed/strace/StraceExample.kt:102:90 Cannot infer type for this parameter. Specify it explicitly.
e: file:///Users/jim/work/v2superbikeshed/Trikeshed/src/commonMain/kotlin/borg/trikeshed/strace/StraceExample.kt:102:90 Not enough information to infer type argument for 'T'.
e: file:///Users/jim/work/v2superbikeshed/Trikeshed/src/commonMain/kotlin/borg/trikeshed/strace/StraceExample.kt:111:22 Interface 'interface StraceAttention : Any' does not have constructors.
e: file:///Users/jim/work/v2superbikeshed/Trikeshed/src/commonMain/kotlin/borg/trikeshed/strace/StraceExample.kt:115:16 Unresolved reference 'execWithStrace'.
e: file:///Users/jim/work/v2superbikeshed/Trikeshed/src/commonMain/kotlin/borg/trikeshed/strace/StraceExample.kt:119:21 Cannot infer type for this parameter. Specify it explicitly.
e: file:///Users/jim/work/v2superbikeshed/Trikeshed/src/commonMain/kotlin/borg/trikeshed/strace/StraceExample.kt:125:16 Unresolved reference 'analyzeAttention'.
e: file:///Users/jim/work/v2superbikeshed/Trikeshed/src/commonMain/kotlin/borg/trikeshed/strace/StraceExample.kt:125:77 Cannot infer type for this parameter. Specify it explicitly.
e: file:///Users/jim/work/v2superbikeshed/Trikeshed/src/commonMain/kotlin/borg/trikeshed/strace/StraceExample.kt:130:29 Unresolved reference 'generateLLMPrompt'.
e: file:///Users/jim/work/v2superbikeshed/Trikeshed/src/commonMain/kotlin/borg/trikeshed/strace/StraceExample.kt:140:22 Interface 'interface StraceAttention : Any' does not have constructors.
e: file:///Users/jim/work/v2superbikeshed/Trikeshed/src/commonMain/kotlin/borg/trikeshed/strace/StraceExample.kt:142:16 Unresolved reference 'execWithStrace'.
e: file:///Users/jim/work/v2superbikeshed/Trikeshed/src/commonMain/kotlin/borg/trikeshed/strace/StraceExample.kt:150:21 Cannot infer type for this parameter. Specify it explicitly.
e: file:///Users/jim/work/v2superbikeshed/Trikeshed/src/commonMain/kotlin/borg/trikeshed/strace/StraceExample.kt:151:62 Unresolved reference 'syscall'.
e: file:///Users/jim/work/v2superbikeshed/Trikeshed/src/commonMain/kotlin/borg/trikeshed/strace/StraceExample.kt:154:53 Unresolved reference 'syscall'.
e: file:///Users/jim/work/v2superbikeshed/Trikeshed/src/commonMain/kotlin/borg/trikeshed/strace/StraceExample.kt:155:41 Unresolved reference 'pid'.
e: file:///Users/jim/work/v2superbikeshed/Trikeshed/src/commonMain/kotlin/borg/trikeshed/strace/StraceExample.kt:156:42 Unresolved reference 'args'.
e: file:///Users/jim/work/v2superbikeshed/Trikeshed/src/commonMain/kotlin/borg/trikeshed/strace/StraceExample.kt:157:44 Unresolved reference 'result'.
e: file:///Users/jim/work/v2superbikeshed/Trikeshed/src/commonMain/kotlin/borg/trikeshed/strace/StraceExample.kt:168:22 Interface 'interface StraceAttention : Any' does not have constructors.
e: file:///Users/jim/work/v2superbikeshed/Trikeshed/src/commonMain/kotlin/borg/trikeshed/strace/StraceExample.kt:170:16 Unresolved reference 'execWithStrace'.
e: file:///Users/jim/work/v2superbikeshed/Trikeshed/src/commonMain/kotlin/borg/trikeshed/strace/StraceExample.kt:177:21 Cannot infer type for this parameter. Specify it explicitly.
e: file:///Users/jim/work/v2superbikeshed/Trikeshed/src/commonMain/kotlin/borg/trikeshed/strace/StraceExample.kt:179:23 Unresolved reference 'syscall'.
e: file:///Users/jim/work/v2superbikeshed/Trikeshed/src/commonMain/kotlin/borg/trikeshed/strace/StraceExample.kt:180:38 Unresolved reference 'duration'.
e: file:///Users/jim/work/v2superbikeshed/Trikeshed/src/commonMain/kotlin/borg/trikeshed/strace/StraceExample.kt:181:38 Unresolved reference 'args'.
e: file:///Users/jim/work/v2superbikeshed/Trikeshed/src/commonMain/kotlin/borg/trikeshed/strace/StraceExample.kt:184:51 Unresolved reference 'syscall'.
e: file:///Users/jim/work/v2superbikeshed/Trikeshed/src/commonMain/kotlin/borg/trikeshed/torrent/TorrentKettle.kt:3:27 Conflicting import: imported name 'Indexed' is ambiguous.
e: file:///Users/jim/work/v2superbikeshed/Trikeshed/src/commonMain/kotlin/borg/trikeshed/torrent/TorrentKettle.kt:4:27 Conflicting import: imported name 'Indexed' is ambiguous.
e: file:///Users/jim/work/v2superbikeshed/Trikeshed/src/commonMain/kotlin/borg/trikeshed/torrent/TorrentKettle.kt:140:53 Type mismatch: inferred type is 'IntRange', but 'Int' was expected.
e: file:///Users/jim/work/v2superbikeshed/Trikeshed/src/commonMain/kotlin/borg/trikeshed/torrent/TorrentKettle.kt:224:25 Unresolved reference. None of the following candidates is applicable because of a receiver type mismatch:
fun MatchGroupCollection.get(name: String): MatchGroup?
e: file:///Users/jim/work/v2superbikeshed/Trikeshed/src/commonMain/kotlin/borg/trikeshed/torrent/TorrentKettle.kt:225:30 Type inference failed. The value of the type parameter 'K' must be mentioned in input types (argument types, receiver type, or expected type). Try to specify it explicitly.
e: file:///Users/jim/work/v2superbikeshed/Trikeshed/src/commonMain/kotlin/borg/trikeshed/torrent/TorrentKettle.kt:228:41 Argument type mismatch: actual type is 'MatchGroup?', but 'Int' was expected.
e: file:///Users/jim/work/v2superbikeshed/Trikeshed/src/commonMain/kotlin/borg/trikeshed/torrent/TorrentKettle.kt:263:38 Type mismatch: inferred type is 'IntRange', but 'Int' was expected.
e: file:///Users/jim/work/v2superbikeshed/Trikeshed/src/commonMain/kotlin/borg/trikeshed/torrent/TorrentKettle.kt:264:13 Suspension functions can only be called within coroutine body.
e: file:///Users/jim/work/v2superbikeshed/Trikeshed/src/commonMain/kotlin/borg/trikeshed/torrent/TorrentKettle.kt:272:13 Unresolved reference. None of the following candidates is applicable because of a receiver type mismatch:
fun MatchGroupCollection.get(name: String): MatchGroup?
e: file:///Users/jim/work/v2superbikeshed/Trikeshed/src/commonMain/kotlin/borg/trikeshed/torrent/TorrentKettle.kt:272:13 Argument type mismatch: actual type is 'V? (of fun <K, V> Map<out K, V>.get)', but 'Byte' was expected.
e: file:///Users/jim/work/v2superbikeshed/Trikeshed/src/commonMain/kotlin/borg/trikeshed/torrent/TorrentKettle.kt:272:13 Cannot infer type for this parameter. Specify it explicitly.
e: file:///Users/jim/work/v2superbikeshed/Trikeshed/src/commonMain/kotlin/borg/trikeshed/torrent/TorrentKettle.kt:272:30 Unresolved reference 'data'.
e: file:///Users/jim/work/v2superbikeshed/Trikeshed/src/commonMain/kotlin/borg/trikeshed/torrent/TorrentKettle.kt:278:32 Argument type mismatch: actual type is 'MatchGroup?', but 'Byte' was expected.
e: file:///Users/jim/work/v2superbikeshed/Trikeshed/src/commonMain/kotlin/borg/trikeshed/torrent/TorrentKettle.kt:278:32 Unresolved reference. None of the following candidates is applicable because of a receiver type mismatch:
fun MatchGroupCollection.get(name: String): MatchGroup?
e: file:///Users/jim/work/v2superbikeshed/Trikeshed/src/commonMain/kotlin/borg/trikeshed/torrent/TorrentKettle.kt:296:29 Argument type mismatch: actual type is 'Join<ByteArray, Function0<Byte>>', but 'Join<Int, Function1<Int, Byte>>' was expected.
e: file:///Users/jim/work/v2superbikeshed/Trikeshed/src/commonMain/kotlin/borg/trikeshed/torrent/TorrentKettle.kt:296:54 Unresolved reference 'it'.
e: file:///Users/jim/work/v2superbikeshed/Trikeshed/src/commonMain/kotlin/borg/trikeshed/torrent/TorrentKettle.kt:305:24 Argument type mismatch: actual type is 'Join<IntArray, B (of fun <A, B> A.j)>', but 'Join<Int, Function1<Int, Int>>' was expected.
e: file:///Users/jim/work/v2superbikeshed/Trikeshed/src/commonMain/kotlin/borg/trikeshed/torrent/TorrentKettle.kt:305:64 Cannot infer type for this parameter. Specify it explicitly.
e: file:///Users/jim/work/v2superbikeshed/Trikeshed/src/commonMain/kotlin/borg/trikeshed/torrent/TorrentKettle.kt:305:68 Unresolved reference 'it'.
e: file:///Users/jim/work/v2superbikeshed/Trikeshed/src/commonMain/kotlin/borg/trikeshed/torrent/TorrentKettle.kt:350:16 Unresolved reference 'System'.
e: file:///Users/jim/work/v2superbikeshed/Trikeshed/src/commonMain/kotlin/borg/trikeshed/torrent/TorrentKettle.kt:354:16 Unresolved reference 'System'.
e: file:///Users/jim/work/v2superbikeshed/Trikeshed/src/commonMain/kotlin/borg/trikeshed/trie/OuroborosPatriciaTrie.kt:93:28 Cannot infer type for this parameter. Specify it explicitly.
e: file:///Users/jim/work/v2superbikeshed/Trikeshed/src/commonMain/kotlin/borg/trikeshed/trie/OuroborosPatriciaTrie.kt:94:40 Cannot infer type for this parameter. Specify it explicitly.
e: file:///Users/jim/work/v2superbikeshed/Trikeshed/src/commonMain/kotlin/borg/trikeshed/trie/OuroborosPatriciaTrie.kt:94:40 Unresolved reference. None of the following candidates is applicable because of a receiver type mismatch:
fun <T> Join<Int, Function1<Int, Join<Any?, TypeMemento>>>.get(column: Column<T>): T?
e: file:///Users/jim/work/v2superbikeshed/Trikeshed/src/commonMain/kotlin/borg/trikeshed/trie/OuroborosPatriciaTrie.kt:94:85 Argument type mismatch: actual type is 'Join<Int, Function1<Int, Join<Any?, TypeMemento>>>', but 'Join<Int, Function1<Int, CompressedPatriciaNode<V (of fun <V, M> CompressedPatriciaNode<V, M>.insert), M (of fun <V, M> CompressedPatriciaNode<V, M>.insert)>>>' was expected.
e: file:///Users/jim/work/v2superbikeshed/Trikeshed/src/commonMain/kotlin/borg/trikeshed/trie/OuroborosPatriciaTrie.kt:94:85 Argument type mismatch: actual type is 'T? (of fun <T> Join<Int, Function1<Int, Join<Any?, TypeMemento>>>.get)', but 'K (of fun <K> WHEN_CALL)' was expected.
e: file:///Users/jim/work/v2superbikeshed/Trikeshed/src/commonMain/kotlin/borg/trikeshed/trie/OuroborosPatriciaTrie.kt:94:85 Cannot infer type for this parameter. Specify it explicitly.
e: file:///Users/jim/work/v2superbikeshed/Trikeshed/src/commonMain/kotlin/borg/trikeshed/trie/OuroborosPatriciaTrie.kt:94:85 Unresolved reference. None of the following candidates is applicable because of a receiver type mismatch:
fun <T> Join<Int, Function1<Int, Join<Any?, TypeMemento>>>.get(column: Column<T>): T?
e: file:///Users/jim/work/v2superbikeshed/Trikeshed/src/commonMain/kotlin/borg/trikeshed/trie/OuroborosPatriciaTrie.kt:100:25 Cannot infer type for this parameter. Specify it explicitly.
e: file:///Users/jim/work/v2superbikeshed/Trikeshed/src/commonMain/kotlin/borg/trikeshed/trie/OuroborosPatriciaTrie.kt:100:59 Argument type mismatch: actual type is 'Join<Int, Function1<Int, Join<Any?, TypeMemento>>>', but 'Join<Int, Function1<Int, CompressedPatriciaNode<V (of fun <V, M> CompressedPatriciaNode<V, M>.insert), M (of fun <V, M> CompressedPatriciaNode<V, M>.insert)>>>' was expected.
e: file:///Users/jim/work/v2superbikeshed/Trikeshed/src/commonMain/kotlin/borg/trikeshed/trie/OuroborosPatriciaTrie.kt:100:59 Argument type mismatch: actual type is 'T? (of fun <T> Join<Int, Function1<Int, Join<Any?, TypeMemento>>>.get)', but 'K (of fun <K> WHEN_CALL)' was expected.
e: file:///Users/jim/work/v2superbikeshed/Trikeshed/src/commonMain/kotlin/borg/trikeshed/trie/OuroborosPatriciaTrie.kt:100:59 Cannot infer type for this parameter. Specify it explicitly.
e: file:///Users/jim/work/v2superbikeshed/Trikeshed/src/commonMain/kotlin/borg/trikeshed/trie/OuroborosPatriciaTrie.kt:100:59 Unresolved reference. None of the following candidates is applicable because of a receiver type mismatch:
fun <T> Join<Int, Function1<Int, Join<Any?, TypeMemento>>>.get(column: Column<T>): T?
e: file:///Users/jim/work/v2superbikeshed/Trikeshed/src/commonMain/kotlin/borg/trikeshed/trie/OuroborosPatriciaTrie.kt:100:76 Argument type mismatch: actual type is 'CompressedPatriciaNode<V (of fun <V, M> CompressedPatriciaNode<V, M>.insert), M (of fun <V, M> CompressedPatriciaNode<V, M>.insert)>', but 'K (of fun <K> WHEN_CALL)' was expected.
e: file:///Users/jim/work/v2superbikeshed/Trikeshed/src/commonMain/kotlin/borg/trikeshed/wireproto/TrikeShedWireProto.kt:141:31 Cannot infer type for this parameter. Specify it explicitly.
e: file:///Users/jim/work/v2superbikeshed/Trikeshed/src/commonMain/kotlin/borg/trikeshed/wireproto/TrikeShedWireProto.kt:141:31 Unresolved reference. None of the following candidates is applicable because of a receiver type mismatch:
fun <T> Join<Int, Function1<Int, Join<Any?, TypeMemento>>>.get(column: Column<T>): T?
e: file:///Users/jim/work/v2superbikeshed/Trikeshed/src/commonMain/kotlin/borg/trikeshed/wireproto/TrikeShedWireProto.kt:413:9 Cannot infer type for this parameter. Specify it explicitly.
e: file:///Users/jim/work/v2superbikeshed/Trikeshed/src/commonMain/kotlin/borg/trikeshed/wireproto/TrikeShedWireProto.kt:413:9 Unresolved reference. None of the following candidates is applicable because of a receiver type mismatch:
fun <T> Join<Int, Function1<Int, Join<Any?, TypeMemento>>>.get(column: Column<T>): T?
e: file:///Users/jim/work/v2superbikeshed/Trikeshed/src/commonMain/kotlin/borg/trikeshed/wireproto/TrikeShedWireProto.kt:447:54 Argument type mismatch: actual type is 'Join<Int, Function1<Int, Byte>>', but 'K (of fun <K> WHEN_CALL)' was expected.
e: file:///Users/jim/work/v2superbikeshed/Trikeshed/src/commonMain/kotlin/borg/trikeshed/wireproto/TrikeShedWireProto.kt:448:16 Cannot check for instance of erased type 'Join<Int, Function1<Int, *>>'.
e: file:///Users/jim/work/v2superbikeshed/Trikeshed/src/commonMain/kotlin/borg/trikeshed/wireproto/TrikeShedWireProto.kt:448:30 Argument type mismatch: actual type is 'Join<Int, Function1<Int, Byte>>', but 'K (of fun <K> WHEN_CALL)' was expected.
e: file:///Users/jim/work/v2superbikeshed/Trikeshed/src/commonMain/kotlin/borg/trikeshed/wireproto/TrikeShedWireProto.kt:449:21 Cannot infer type for this parameter. Specify it explicitly.
e: file:///Users/jim/work/v2superbikeshed/Trikeshed/src/commonMain/kotlin/borg/trikeshed/wireproto/TrikeShedWireProto.kt:449:21 Not enough information to infer type argument for 'T'.
e: file:///Users/jim/work/v2superbikeshed/Trikeshed/src/commonMain/kotlin/borg/trikeshed/wireproto/TrikeShedWireProto.kt:449:21 Unresolved reference. None of the following candidates is applicable because of a receiver type mismatch:
fun <T> Join<Shape, Function1<Shape, T>>.invoke(index: Int): T
e: file:///Users/jim/work/v2superbikeshed/Trikeshed/src/commonMain/kotlin/borg/trikeshed/wireproto/TrikeShedWireProto.kt:449:21 Argument type mismatch: actual type is 'T (of fun <T> Join<Shape, Function1<Shape, T>>.invoke)', but 'K (of fun <K> WHEN_CALL)' was expected.
e: file:///Users/jim/work/v2superbikeshed/Trikeshed/src/commonMain/kotlin/borg/trikeshed/wireproto/TrikeShedWireProto.kt:454:50 Cannot infer type for this parameter. Specify it explicitly.
e: file:///Users/jim/work/v2superbikeshed/Trikeshed/src/commonMain/kotlin/borg/trikeshed/wireproto/TrikeShedWireProto.kt:454:50 Unresolved reference. None of the following candidates is applicable because of a receiver type mismatch:
fun <T> Join<Int, Function1<Int, Join<Any?, TypeMemento>>>.get(column: Column<T>): T?
e: file:///Users/jim/work/v2superbikeshed/Trikeshed/src/commonMain/kotlin/borg/trikeshed/wireproto/WireProto.kt:32:16 Cannot infer type for this parameter. Specify it explicitly.
e: file:///Users/jim/work/v2superbikeshed/Trikeshed/src/commonMain/kotlin/borg/trikeshed/wireproto/WireProto.kt:32:16 Not enough information to infer type argument for 'T'.
e: file:///Users/jim/work/v2superbikeshed/Trikeshed/src/commonMain/kotlin/borg/trikeshed/wireproto/WireProto.kt:32:16 Unresolved reference. None of the following candidates is applicable because of a receiver type mismatch:
fun <T> Join<Shape, Function1<Shape, T>>.invoke(index: Int): T
e: file:///Users/jim/work/v2superbikeshed/Trikeshed/src/macosArm64Main/kotlin/borg/trikeshed/reactor/PlatformTypes.native.kt:3:54 'fun getTimeMillis(): Long' is deprecated. Use measureTime() or TimeSource.Monotonic.markNow() instead.
e: file:///Users/jim/work/v2superbikeshed/Trikeshed/src/macosMain/kotlin/borg/trikeshed/io/KQueueAsyncIOEngine.kt:21:14 Unresolved reference 'kqueue'.
e: file:///Users/jim/work/v2superbikeshed/Trikeshed/src/macosMain/kotlin/borg/trikeshed/io/KQueueAsyncIOEngine.kt:23:59 This declaration needs opt-in. Its usage must be marked with '@kotlinx.cinterop.ExperimentalForeignApi' or '@OptIn(kotlinx.cinterop.ExperimentalForeignApi::class)'
e: file:///Users/jim/work/v2superbikeshed/Trikeshed/src/macosMain/kotlin/borg/trikeshed/io/KQueueAsyncIOEngine.kt:23:76 This declaration needs opt-in. Its usage must be marked with '@kotlinx.cinterop.ExperimentalForeignApi' or '@OptIn(kotlinx.cinterop.ExperimentalForeignApi::class)'
e: file:///Users/jim/work/v2superbikeshed/Trikeshed/src/macosMain/kotlin/borg/trikeshed/io/KQueueAsyncIOEngine.kt:35:33 This declaration needs opt-in. Its usage must be marked with '@kotlinx.cinterop.ExperimentalForeignApi' or '@OptIn(kotlinx.cinterop.ExperimentalForeignApi::class)'
e: file:///Users/jim/work/v2superbikeshed/Trikeshed/src/macosMain/kotlin/borg/trikeshed/io/KQueueAsyncIOEngine.kt:36:22 This declaration needs opt-in. Its usage must be marked with '@kotlinx.cinterop.ExperimentalForeignApi' or '@OptIn(kotlinx.cinterop.ExperimentalForeignApi::class)'
e: file:///Users/jim/work/v2superbikeshed/Trikeshed/src/macosMain/kotlin/borg/trikeshed/io/KQueueAsyncIOEngine.kt:36:22 Unresolved reference. None of the following candidates is applicable because of a receiver type mismatch:
fun <reified T : CVariable> NativePlacement.allocArray(length: Int): CPointer<T>
e: file:///Users/jim/work/v2superbikeshed/Trikeshed/src/macosMain/kotlin/borg/trikeshed/io/KQueueAsyncIOEngine.kt:36:33 Unresolved reference 'kevent'.
e: file:///Users/jim/work/v2superbikeshed/Trikeshed/src/macosMain/kotlin/borg/trikeshed/io/KQueueAsyncIOEngine.kt:38:16 None of the following candidates is applicable:
val CoroutineScope.isActive: Boolean
val CoroutineContext.isActive: Boolean
e: file:///Users/jim/work/v2superbikeshed/Trikeshed/src/macosMain/kotlin/borg/trikeshed/io/KQueueAsyncIOEngine.kt:39:21 Unresolved reference 'kevent'.
e: file:///Users/jim/work/v2superbikeshed/Trikeshed/src/macosMain/kotlin/borg/trikeshed/io/KQueueAsyncIOEngine.kt:39:41 This declaration needs opt-in. Its usage must be marked with '@kotlinx.cinterop.ExperimentalForeignApi' or '@OptIn(kotlinx.cinterop.ExperimentalForeignApi::class)'
e: file:///Users/jim/work/v2superbikeshed/Trikeshed/src/macosMain/kotlin/borg/trikeshed/io/KQueueAsyncIOEngine.kt:43:53 This declaration needs opt-in. Its usage must be marked with '@kotlinx.cinterop.ExperimentalForeignApi' or '@OptIn(kotlinx.cinterop.ExperimentalForeignApi::class)'
e: file:///Users/jim/work/v2superbikeshed/Trikeshed/src/macosMain/kotlin/borg/trikeshed/io/KQueueAsyncIOEngine.kt:43:70 This declaration needs opt-in. Its usage must be marked with '@kotlinx.cinterop.ExperimentalForeignApi' or '@OptIn(kotlinx.cinterop.ExperimentalForeignApi::class)'
e: file:///Users/jim/work/v2superbikeshed/Trikeshed/src/macosMain/kotlin/borg/trikeshed/io/KQueueAsyncIOEngine.kt:47:29 This declaration needs opt-in. Its usage must be marked with '@kotlinx.cinterop.ExperimentalForeignApi' or '@OptIn(kotlinx.cinterop.ExperimentalForeignApi::class)'
e: file:///Users/jim/work/v2superbikeshed/Trikeshed/src/macosMain/kotlin/borg/trikeshed/io/KQueueAsyncIOEngine.kt:48:35 Unresolved reference 'udata'.
e: file:///Users/jim/work/v2superbikeshed/Trikeshed/src/macosMain/kotlin/borg/trikeshed/io/KQueueAsyncIOEngine.kt:48:42 This declaration needs opt-in. Its usage must be marked with '@kotlinx.cinterop.ExperimentalForeignApi' or '@OptIn(kotlinx.cinterop.ExperimentalForeignApi::class)'
e: file:///Users/jim/work/v2superbikeshed/Trikeshed/src/macosMain/kotlin/borg/trikeshed/io/KQueueAsyncIOEngine.kt:48:73 This declaration needs opt-in. Its usage must be marked with '@kotlinx.cinterop.ExperimentalForeignApi' or '@OptIn(kotlinx.cinterop.ExperimentalForeignApi::class)'
e: file:///Users/jim/work/v2superbikeshed/Trikeshed/src/macosMain/kotlin/borg/trikeshed/io/KQueueAsyncIOEngine.kt:50:50 Unresolved reference 'data'.
e: file:///Users/jim/work/v2superbikeshed/Trikeshed/src/macosMain/kotlin/borg/trikeshed/io/KQueueAsyncIOEngine.kt:51:43 Unresolved reference 'flags'.
e: file:///Users/jim/work/v2superbikeshed/Trikeshed/src/macosMain/kotlin/borg/trikeshed/io/KQueueAsyncIOEngine.kt:51:61 Unresolved reference 'EV_ERROR'.
e: file:///Users/jim/work/v2superbikeshed/Trikeshed/src/macosMain/kotlin/borg/trikeshed/io/KQueueAsyncIOEngine.kt:51:82 Unresolved reference 'data'.
e: file:///Users/jim/work/v2superbikeshed/Trikeshed/src/macosMain/kotlin/borg/trikeshed/io/KQueueAsyncIOEngine.kt:55:27 This declaration needs opt-in. Its usage must be marked with '@kotlinx.cinterop.ExperimentalForeignApi' or '@OptIn(kotlinx.cinterop.ExperimentalForeignApi::class)'
e: file:///Users/jim/work/v2superbikeshed/Trikeshed/src/macosMain/kotlin/borg/trikeshed/io/KQueueAsyncIOEngine.kt:55:31 This declaration needs opt-in. Its usage must be marked with '@kotlinx.cinterop.ExperimentalForeignApi' or '@OptIn(kotlinx.cinterop.ExperimentalForeignApi::class)'
e: file:///Users/jim/work/v2superbikeshed/Trikeshed/src/macosMain/kotlin/borg/trikeshed/io/KQueueAsyncIOEngine.kt:64:25 This declaration needs opt-in. Its usage must be marked with '@kotlinx.cinterop.ExperimentalForeignApi' or '@OptIn(kotlinx.cinterop.ExperimentalForeignApi::class)'
e: file:///Users/jim/work/v2superbikeshed/Trikeshed/src/macosMain/kotlin/borg/trikeshed/io/KQueueAsyncIOEngine.kt:64:35 This declaration needs opt-in. Its usage must be marked with '@kotlinx.cinterop.ExperimentalForeignApi' or '@OptIn(kotlinx.cinterop.ExperimentalForeignApi::class)'
e: file:///Users/jim/work/v2superbikeshed/Trikeshed/src/macosMain/kotlin/borg/trikeshed/io/KQueueAsyncIOEngine.kt:64:50 This declaration needs opt-in. Its usage must be marked with '@kotlinx.cinterop.ExperimentalForeignApi' or '@OptIn(kotlinx.cinterop.ExperimentalForeignApi::class)'
e: file:///Users/jim/work/v2superbikeshed/Trikeshed/src/macosMain/kotlin/borg/trikeshed/io/KQueueAsyncIOEngine.kt:66:13 This declaration needs opt-in. Its usage must be marked with '@kotlinx.cinterop.ExperimentalForeignApi' or '@OptIn(kotlinx.cinterop.ExperimentalForeignApi::class)'
e: file:///Users/jim/work/v2superbikeshed/Trikeshed/src/macosMain/kotlin/borg/trikeshed/io/KQueueAsyncIOEngine.kt:67:26 None of the following candidates is applicable:
fun alloc(size: Long, align: Int): NativePointed
fun alloc(size: Int, align: Int): NativePointed
fun NativePlacement.alloc(type: CVariable.Type): NativePointed
e: file:///Users/jim/work/v2superbikeshed/Trikeshed/src/macosMain/kotlin/borg/trikeshed/io/KQueueAsyncIOEngine.kt:67:32 Unresolved reference 'kevent'.
e: file:///Users/jim/work/v2superbikeshed/Trikeshed/src/macosMain/kotlin/borg/trikeshed/io/KQueueAsyncIOEngine.kt:69:48 Unresolved reference 'EVFILT_READ'.
e: file:///Users/jim/work/v2superbikeshed/Trikeshed/src/macosMain/kotlin/borg/trikeshed/io/KQueueAsyncIOEngine.kt:70:49 Unresolved reference 'EVFILT_WRITE'.
e: file:///Users/jim/work/v2superbikeshed/Trikeshed/src/macosMain/kotlin/borg/trikeshed/io/KQueueAsyncIOEngine.kt:73:17 Unresolved reference 'EV_SET'.
e: file:///Users/jim/work/v2superbikeshed/Trikeshed/src/macosMain/kotlin/borg/trikeshed/io/KQueueAsyncIOEngine.kt:73:27 Cannot infer type for this parameter. Specify it explicitly.
e: file:///Users/jim/work/v2superbikeshed/Trikeshed/src/macosMain/kotlin/borg/trikeshed/io/KQueueAsyncIOEngine.kt:73:27 This declaration needs opt-in. Its usage must be marked with '@kotlinx.cinterop.ExperimentalForeignApi' or '@OptIn(kotlinx.cinterop.ExperimentalForeignApi::class)'
e: file:///Users/jim/work/v2superbikeshed/Trikeshed/src/macosMain/kotlin/borg/trikeshed/io/KQueueAsyncIOEngine.kt:73:35 Unresolved reference 'fd'.
e: file:///Users/jim/work/v2superbikeshed/Trikeshed/src/macosMain/kotlin/borg/trikeshed/io/KQueueAsyncIOEngine.kt:73:38 Cannot infer type for this parameter. Specify it explicitly.
e: file:///Users/jim/work/v2superbikeshed/Trikeshed/src/macosMain/kotlin/borg/trikeshed/io/KQueueAsyncIOEngine.kt:73:38 This declaration needs opt-in. Its usage must be marked with '@kotlinx.cinterop.ExperimentalForeignApi' or '@OptIn(kotlinx.cinterop.ExperimentalForeignApi::class)'
e: file:///Users/jim/work/v2superbikeshed/Trikeshed/src/macosMain/kotlin/borg/trikeshed/io/KQueueAsyncIOEngine.kt:73:56 Cannot infer type for this parameter. Specify it explicitly.
e: file:///Users/jim/work/v2superbikeshed/Trikeshed/src/macosMain/kotlin/borg/trikeshed/io/KQueueAsyncIOEngine.kt:73:56 This declaration needs opt-in. Its usage must be marked with '@kotlinx.cinterop.ExperimentalForeignApi' or '@OptIn(kotlinx.cinterop.ExperimentalForeignApi::class)'
e: file:///Users/jim/work/v2superbikeshed/Trikeshed/src/macosMain/kotlin/borg/trikeshed/io/KQueueAsyncIOEngine.kt:73:68 Unresolved reference 'EV_ADD'.
e: file:///Users/jim/work/v2superbikeshed/Trikeshed/src/macosMain/kotlin/borg/trikeshed/io/KQueueAsyncIOEngine.kt:73:78 Unresolved reference 'EV_ONESHOT'.
e: file:///Users/jim/work/v2superbikeshed/Trikeshed/src/macosMain/kotlin/borg/trikeshed/io/KQueueAsyncIOEngine.kt:73:90 Cannot infer type for this parameter. Specify it explicitly.
e: file:///Users/jim/work/v2superbikeshed/Trikeshed/src/macosMain/kotlin/borg/trikeshed/io/KQueueAsyncIOEngine.kt:73:90 This declaration needs opt-in. Its usage must be marked with '@kotlinx.cinterop.ExperimentalForeignApi' or '@OptIn(kotlinx.cinterop.ExperimentalForeignApi::class)'
e: file:///Users/jim/work/v2superbikeshed/Trikeshed/src/macosMain/kotlin/borg/trikeshed/io/KQueueAsyncIOEngine.kt:73:107 This declaration needs opt-in. Its usage must be marked with '@kotlinx.cinterop.ExperimentalForeignApi' or '@OptIn(kotlinx.cinterop.ExperimentalForeignApi::class)'
e: file:///Users/jim/work/v2superbikeshed/Trikeshed/src/macosMain/kotlin/borg/trikeshed/io/KQueueAsyncIOEngine.kt:75:21 Unresolved reference 'kevent'.
e: file:///Users/jim/work/v2superbikeshed/Trikeshed/src/macosMain/kotlin/borg/trikeshed/io/KQueueAsyncIOEngine.kt:75:35 Cannot infer type for this parameter. Specify it explicitly.
e: file:///Users/jim/work/v2superbikeshed/Trikeshed/src/macosMain/kotlin/borg/trikeshed/io/KQueueAsyncIOEngine.kt:75:35 This declaration needs opt-in. Its usage must be marked with '@kotlinx.cinterop.ExperimentalForeignApi' or '@OptIn(kotlinx.cinterop.ExperimentalForeignApi::class)'
e: file:///Users/jim/work/v2superbikeshed/Trikeshed/src/macosMain/kotlin/borg/trikeshed/io/KQueueAsyncIOEngine.kt:76:70 Unresolved reference 'fd'.
e: file:///Users/jim/work/v2superbikeshed/Trikeshed/src/macosMain/kotlin/borg/trikeshed/io/KQueueAsyncIOEngine.kt:76:89 This declaration needs opt-in. Its usage must be marked with '@kotlinx.cinterop.ExperimentalForeignApi' or '@OptIn(kotlinx.cinterop.ExperimentalForeignApi::class)'
e: file:///Users/jim/work/v2superbikeshed/Trikeshed/src/macosMain/kotlin/borg/trikeshed/io/KQueueAsyncIOEngine.kt:76:106 This declaration needs opt-in. Its usage must be marked with '@kotlinx.cinterop.ExperimentalForeignApi' or '@OptIn(kotlinx.cinterop.ExperimentalForeignApi::class)'
e: file:///Users/jim/work/v2superbikeshed/Trikeshed/src/macosMain/kotlin/borg/trikeshed/io/KQueueAsyncIOEngine.kt:83:24 This declaration needs opt-in. Its usage must be marked with '@kotlinx.cinterop.ExperimentalForeignApi' or '@OptIn(kotlinx.cinterop.ExperimentalForeignApi::class)'
e: file:///Users/jim/work/v2superbikeshed/Trikeshed/src/macosMain/kotlin/borg/trikeshed/io/KQueueAsyncIOEngine.kt:83:28 This declaration needs opt-in. Its usage must be marked with '@kotlinx.cinterop.ExperimentalForeignApi' or '@OptIn(kotlinx.cinterop.ExperimentalForeignApi::class)'
e: file:///Users/jim/work/v2superbikeshed/Trikeshed/src/macosMain/kotlin/borg/trikeshed/io/KQueueAsyncIOEngine.kt:93:15 This declaration needs opt-in. Its usage must be marked with '@kotlinx.cinterop.ExperimentalForeignApi' or '@OptIn(kotlinx.cinterop.ExperimentalForeignApi::class)'
e: file:///Users/jim/work/v2superbikeshed/Trikeshed/src/macosMain/kotlin/borg/trikeshed/io/KQueueAsyncIOEngine.kt:93:25 This declaration needs opt-in. Its usage must be marked with '@kotlinx.cinterop.ExperimentalForeignApi' or '@OptIn(kotlinx.cinterop.ExperimentalForeignApi::class)'
e: file:///Users/jim/work/v2superbikeshed/Trikeshed/src/nativeMain/kotlin/borg/trikeshed/common/HomedirGet.kt:11:16 Conflicting declarations:
actual val homedirGet: String
e: file:///Users/jim/work/v2superbikeshed/Trikeshed/src/nativeMain/kotlin/borg/trikeshed/common/ReadLines.kt:6:12 'actual fun readLinesSeq(path: String): Sequence<String>' has no corresponding expected declaration
e: file:///Users/jim/work/v2superbikeshed/Trikeshed/src/nativeMain/kotlin/borg/trikeshed/common/ReadLines.kt:10:12 'actual fun readLines(path: String): List<String>' has no corresponding expected declaration
e: file:///Users/jim/work/v2superbikeshed/Trikeshed/src/nativeMain/kotlin/borg/trikeshed/common/ReadLines.kt:10:52 Return type mismatch: expected 'List<String>', actual 'Join<Int, Function1<Int, String>>'.
e: file:///Users/jim/work/v2superbikeshed/Trikeshed/src/nativeMain/kotlin/borg/trikeshed/common/mktemp.kt:13:8 Conflicting overloads:
actual fun mktemp(): String
e: file:///Users/jim/work/v2superbikeshed/Trikeshed/src/nativeMain/kotlin/borg/trikeshed/common/mktemp.kt:21:8 Conflicting overloads:
actual fun rm(path: String): Boolean
e: file:///Users/jim/work/v2superbikeshed/Trikeshed/src/nativeMain/kotlin/borg/trikeshed/common/mktemp.kt:26:8 Conflicting overloads:
actual fun mkdir(path: String): Boolean
e: file:///Users/jim/work/v2superbikeshed/Trikeshed/src/nativeMain/kotlin/borg/trikeshed/common/mktemp.kt:28:46 Unresolved reference 'fromOctal'.
e: file:///Users/jim/work/v2superbikeshed/Trikeshed/src/nativeMain/kotlin/borg/trikeshed/io/Files.kt:10:59 This declaration needs opt-in. Its usage must be marked with '@kotlinx.cinterop.ExperimentalForeignApi' or '@OptIn(kotlinx.cinterop.ExperimentalForeignApi::class)'
e: file:///Users/jim/work/v2superbikeshed/Trikeshed/src/nativeMain/kotlin/borg/trikeshed/io/Files.kt:12:20 This declaration needs opt-in. Its usage must be marked with '@kotlinx.cinterop.ExperimentalForeignApi' or '@OptIn(kotlinx.cinterop.ExperimentalForeignApi::class)'
e: file:///Users/jim/work/v2superbikeshed/Trikeshed/src/nativeMain/kotlin/borg/trikeshed/io/Files.kt:13:13 This declaration needs opt-in. Its usage must be marked with '@kotlinx.cinterop.ExperimentalForeignApi' or '@OptIn(kotlinx.cinterop.ExperimentalForeignApi::class)'
e: file:///Users/jim/work/v2superbikeshed/Trikeshed/src/nativeMain/kotlin/borg/trikeshed/io/Files.kt:14:23 This declaration needs opt-in. Its usage must be marked with '@kotlinx.cinterop.ExperimentalForeignApi' or '@OptIn(kotlinx.cinterop.ExperimentalForeignApi::class)'
e: file:///Users/jim/work/v2superbikeshed/Trikeshed/src/nativeMain/kotlin/borg/trikeshed/io/Files.kt:14:32 This declaration needs opt-in. Its usage must be marked with '@kotlinx.cinterop.ExperimentalForeignApi' or '@OptIn(kotlinx.cinterop.ExperimentalForeignApi::class)'
e: file:///Users/jim/work/v2superbikeshed/Trikeshed/src/nativeMain/kotlin/borg/trikeshed/io/Files.kt:15:20 This declaration needs opt-in. Its usage must be marked with '@kotlinx.cinterop.ExperimentalForeignApi' or '@OptIn(kotlinx.cinterop.ExperimentalForeignApi::class)'
e: file:///Users/jim/work/v2superbikeshed/Trikeshed/src/nativeMain/kotlin/borg/trikeshed/io/Files.kt:15:26 This declaration needs opt-in. Its usage must be marked with '@kotlinx.cinterop.ExperimentalForeignApi' or '@OptIn(kotlinx.cinterop.ExperimentalForeignApi::class)'
e: file:///Users/jim/work/v2superbikeshed/Trikeshed/src/nativeMain/kotlin/borg/trikeshed/io/Files.kt:15:26 Argument type mismatch: actual type is 'CPointer<T (of val <T : CVariable> CValues<T>.ptr)>?', but 'CValuesRef<ByteVarOf<Byte>>?' was expected.
e: file:///Users/jim/work/v2superbikeshed/Trikeshed/src/nativeMain/kotlin/borg/trikeshed/io/Files.kt:15:32 Cannot infer type for this parameter. Specify it explicitly.
e: file:///Users/jim/work/v2superbikeshed/Trikeshed/src/nativeMain/kotlin/borg/trikeshed/io/Files.kt:15:32 This declaration needs opt-in. Its usage must be marked with '@kotlinx.cinterop.ExperimentalForeignApi' or '@OptIn(kotlinx.cinterop.ExperimentalForeignApi::class)'
e: file:///Users/jim/work/v2superbikeshed/Trikeshed/src/nativeMain/kotlin/borg/trikeshed/io/Files.kt:15:32 Unresolved reference. None of the following candidates is applicable because of a receiver type mismatch:
val <T : CVariable> CValues<T>.ptr: CPointer<T>
e: file:///Users/jim/work/v2superbikeshed/Trikeshed/src/nativeMain/kotlin/borg/trikeshed/io/Files.kt:15:37 Argument type mismatch: actual type is 'Int', but 'Int' was expected.
e: file:///Users/jim/work/v2superbikeshed/Trikeshed/src/nativeMain/kotlin/borg/trikeshed/io/Files.kt:15:40 Argument type mismatch: actual type is 'CPointer<__sFILE>', but 'CValuesRef<__sFILE>?' was expected.
e: file:///Users/jim/work/v2superbikeshed/Trikeshed/src/nativeMain/kotlin/borg/trikeshed/io/Files.kt:15:40 This declaration needs opt-in. Its usage must be marked with '@kotlinx.cinterop.ExperimentalForeignApi' or '@OptIn(kotlinx.cinterop.ExperimentalForeignApi::class)'
e: file:///Users/jim/work/v2superbikeshed/Trikeshed/src/nativeMain/kotlin/borg/trikeshed/io/Files.kt:16:27 This declaration needs opt-in. Its usage must be marked with '@kotlinx.cinterop.ExperimentalForeignApi' or '@OptIn(kotlinx.cinterop.ExperimentalForeignApi::class)'
e: file:///Users/jim/work/v2superbikeshed/Trikeshed/src/nativeMain/kotlin/borg/trikeshed/io/Files.kt:16:34 This declaration needs opt-in. Its usage must be marked with '@kotlinx.cinterop.ExperimentalForeignApi' or '@OptIn(kotlinx.cinterop.ExperimentalForeignApi::class)'
e: file:///Users/jim/work/v2superbikeshed/Trikeshed/src/nativeMain/kotlin/borg/trikeshed/io/Files.kt:18:13 This declaration needs opt-in. Its usage must be marked with '@kotlinx.cinterop.ExperimentalForeignApi' or '@OptIn(kotlinx.cinterop.ExperimentalForeignApi::class)'
e: file:///Users/jim/work/v2superbikeshed/Trikeshed/src/nativeMain/kotlin/borg/trikeshed/io/Files.kt:18:20 This declaration needs opt-in. Its usage must be marked with '@kotlinx.cinterop.ExperimentalForeignApi' or '@OptIn(kotlinx.cinterop.ExperimentalForeignApi::class)'
e: file:///Users/jim/work/v2superbikeshed/Trikeshed/src/nativeMain/kotlin/borg/trikeshed/io/Files.kt:29:9 This declaration needs opt-in. Its usage must be marked with '@kotlinx.cinterop.ExperimentalForeignApi' or '@OptIn(kotlinx.cinterop.ExperimentalForeignApi::class)'
e: file:///Users/jim/work/v2superbikeshed/Trikeshed/src/nativeMain/kotlin/borg/trikeshed/io/Files.kt:29:25 This declaration needs opt-in. Its usage must be marked with '@kotlinx.cinterop.ExperimentalForeignApi' or '@OptIn(kotlinx.cinterop.ExperimentalForeignApi::class)'
e: file:///Users/jim/work/v2superbikeshed/Trikeshed/src/nativeMain/kotlin/borg/trikeshed/io/Files.kt:41:9 This declaration needs opt-in. Its usage must be marked with '@kotlinx.cinterop.ExperimentalForeignApi' or '@OptIn(kotlinx.cinterop.ExperimentalForeignApi::class)'
e: file:///Users/jim/work/v2superbikeshed/Trikeshed/src/nativeMain/kotlin/borg/trikeshed/io/Files.kt:41:27 This declaration needs opt-in. Its usage must be marked with '@kotlinx.cinterop.ExperimentalForeignApi' or '@OptIn(kotlinx.cinterop.ExperimentalForeignApi::class)'
e: file:///Users/jim/work/v2superbikeshed/Trikeshed/src/nativeMain/kotlin/borg/trikeshed/io/Files.kt:55:32 This declaration needs opt-in. Its usage must be marked with '@kotlinx.cinterop.ExperimentalForeignApi' or '@OptIn(kotlinx.cinterop.ExperimentalForeignApi::class)'
e: file:///Users/jim/work/v2superbikeshed/Trikeshed/src/nativeMain/kotlin/borg/trikeshed/io/Files.kt:56:22 This declaration needs opt-in. Its usage must be marked with '@kotlinx.cinterop.ExperimentalForeignApi' or '@OptIn(kotlinx.cinterop.ExperimentalForeignApi::class)'
e: file:///Users/jim/work/v2superbikeshed/Trikeshed/src/nativeMain/kotlin/borg/trikeshed/io/Files.kt:56:33 This declaration needs opt-in. Its usage must be marked with '@kotlinx.cinterop.ExperimentalForeignApi' or '@OptIn(kotlinx.cinterop.ExperimentalForeignApi::class)'
e: file:///Users/jim/work/v2superbikeshed/Trikeshed/src/nativeMain/kotlin/borg/trikeshed/io/Files.kt:57:9 This declaration needs opt-in. Its usage must be marked with '@kotlinx.cinterop.ExperimentalForeignApi' or '@OptIn(kotlinx.cinterop.ExperimentalForeignApi::class)'
e: file:///Users/jim/work/v2superbikeshed/Trikeshed/src/nativeMain/kotlin/borg/trikeshed/io/Files.kt:57:16 This declaration needs opt-in. Its usage must be marked with '@kotlinx.cinterop.ExperimentalForeignApi' or '@OptIn(kotlinx.cinterop.ExperimentalForeignApi::class)'
e: file:///Users/jim/work/v2superbikeshed/Trikeshed/src/nativeMain/kotlin/borg/trikeshed/io/Files.kt:58:9 This declaration needs opt-in. Its usage must be marked with '@kotlinx.cinterop.ExperimentalForeignApi' or '@OptIn(kotlinx.cinterop.ExperimentalForeignApi::class)'
e: file:///Users/jim/work/v2superbikeshed/Trikeshed/src/nativeMain/kotlin/borg/trikeshed/io/Files.kt:58:16 This declaration needs opt-in. Its usage must be marked with '@kotlinx.cinterop.ExperimentalForeignApi' or '@OptIn(kotlinx.cinterop.ExperimentalForeignApi::class)'
e: file:///Users/jim/work/v2superbikeshed/Trikeshed/src/nativeMain/kotlin/borg/trikeshed/io/Files.kt:68:16 'actual fun iterateLines(fileName: String, bufsize: Int): Iterable<Join<Long, ERROR CLASS: Symbol not found for Indexed>>' has no corresponding expected declaration
The following declaration is incompatible because return type is different:
    expect fun iterateLines(fileName: String, bufsize: Int): Iterable<Join<Long, Join<Int, Function1<Int, Byte>>>>

e: file:///Users/jim/work/v2superbikeshed/Trikeshed/src/nativeMain/kotlin/borg/trikeshed/io/Files.kt:68:82 Unresolved reference 'Indexed'.
e: file:///Users/jim/work/v2superbikeshed/Trikeshed/src/nativeMain/kotlin/borg/trikeshed/io/Files.kt:71:13 Cannot infer type for this parameter. Specify it explicitly.
e: file:///Users/jim/work/v2superbikeshed/Trikeshed/src/nativeMain/kotlin/borg/trikeshed/io/Files.kt:71:13 Argument type mismatch: actual type is 'Join<Long, B (of fun <A, B> invoke)>', but 'Join<Long, ERROR CLASS: Symbol not found for Indexed>' was expected.
e: file:///Users/jim/work/v2superbikeshed/Trikeshed/src/nativeMain/kotlin/borg/trikeshed/io/Files.kt:71:59 Overload resolution ambiguity between candidates:
fun ByteArray.toIndexed(): Join<Int, Function1<Int, Byte>>
fun <T> Any.toIndexed(): Join<Int, Function1<Int, T>>
fun ByteArray.toIndexed(): Join<Int, Function1<Int, Byte>>
e: file:///Users/jim/work/v2superbikeshed/Trikeshed/src/nativeMain/kotlin/borg/trikeshed/io/HomeDir.native.kt:6:12 Conflicting declarations:
actual val homedirGet: String
e: file:///Users/jim/work/v2superbikeshed/Trikeshed/src/nativeMain/kotlin/borg/trikeshed/io/HomeDir.native.kt:6:33 This declaration needs opt-in. Its usage must be marked with '@kotlinx.cinterop.ExperimentalForeignApi' or '@OptIn(kotlinx.cinterop.ExperimentalForeignApi::class)'
e: file:///Users/jim/work/v2superbikeshed/Trikeshed/src/nativeMain/kotlin/borg/trikeshed/io/HomeDir.native.kt:6:49 This declaration needs opt-in. Its usage must be marked with '@kotlinx.cinterop.ExperimentalForeignApi' or '@OptIn(kotlinx.cinterop.ExperimentalForeignApi::class)'
e: file:///Users/jim/work/v2superbikeshed/Trikeshed/src/nativeMain/kotlin/borg/trikeshed/io/HomeDir.native.kt:8:8 Conflicting overloads:
actual fun mktemp(): String
e: file:///Users/jim/work/v2superbikeshed/Trikeshed/src/nativeMain/kotlin/borg/trikeshed/io/HomeDir.native.kt:13:12 This declaration needs opt-in. Its usage must be marked with '@kotlinx.cinterop.ExperimentalForeignApi' or '@OptIn(kotlinx.cinterop.ExperimentalForeignApi::class)'
e: file:///Users/jim/work/v2superbikeshed/Trikeshed/src/nativeMain/kotlin/borg/trikeshed/io/HomeDir.native.kt:14:25 This declaration needs opt-in. Its usage must be marked with '@kotlinx.cinterop.ExperimentalForeignApi' or '@OptIn(kotlinx.cinterop.ExperimentalForeignApi::class)'
e: file:///Users/jim/work/v2superbikeshed/Trikeshed/src/nativeMain/kotlin/borg/trikeshed/io/HomeDir.native.kt:14:36 This declaration needs opt-in. Its usage must be marked with '@kotlinx.cinterop.ExperimentalForeignApi' or '@OptIn(kotlinx.cinterop.ExperimentalForeignApi::class)'
e: file:///Users/jim/work/v2superbikeshed/Trikeshed/src/nativeMain/kotlin/borg/trikeshed/io/HomeDir.native.kt:16:13 This declaration needs opt-in. Its usage must be marked with '@kotlinx.cinterop.ExperimentalForeignApi' or '@OptIn(kotlinx.cinterop.ExperimentalForeignApi::class)'
e: file:///Users/jim/work/v2superbikeshed/Trikeshed/src/nativeMain/kotlin/borg/trikeshed/io/HomeDir.native.kt:16:13 This declaration needs opt-in. Its usage must be marked with '@kotlinx.cinterop.ExperimentalForeignApi' or '@OptIn(kotlinx.cinterop.ExperimentalForeignApi::class)'
e: file:///Users/jim/work/v2superbikeshed/Trikeshed/src/nativeMain/kotlin/borg/trikeshed/io/HomeDir.native.kt:18:9 This declaration needs opt-in. Its usage must be marked with '@kotlinx.cinterop.ExperimentalForeignApi' or '@OptIn(kotlinx.cinterop.ExperimentalForeignApi::class)'
e: file:///Users/jim/work/v2superbikeshed/Trikeshed/src/nativeMain/kotlin/borg/trikeshed/io/HomeDir.native.kt:18:9 This declaration needs opt-in. Its usage must be marked with '@kotlinx.cinterop.ExperimentalForeignApi' or '@OptIn(kotlinx.cinterop.ExperimentalForeignApi::class)'
e: file:///Users/jim/work/v2superbikeshed/Trikeshed/src/nativeMain/kotlin/borg/trikeshed/io/HomeDir.native.kt:20:22 This declaration needs opt-in. Its usage must be marked with '@kotlinx.cinterop.ExperimentalForeignApi' or '@OptIn(kotlinx.cinterop.ExperimentalForeignApi::class)'
e: file:///Users/jim/work/v2superbikeshed/Trikeshed/src/nativeMain/kotlin/borg/trikeshed/io/HomeDir.native.kt:20:30 This declaration needs opt-in. Its usage must be marked with '@kotlinx.cinterop.ExperimentalForeignApi' or '@OptIn(kotlinx.cinterop.ExperimentalForeignApi::class)'
e: file:///Users/jim/work/v2superbikeshed/Trikeshed/src/nativeMain/kotlin/borg/trikeshed/io/HomeDir.native.kt:21:9 This declaration needs opt-in. Its usage must be marked with '@kotlinx.cinterop.ExperimentalForeignApi' or '@OptIn(kotlinx.cinterop.ExperimentalForeignApi::class)'
e: file:///Users/jim/work/v2superbikeshed/Trikeshed/src/nativeMain/kotlin/borg/trikeshed/io/HomeDir.native.kt:21:17 This declaration needs opt-in. Its usage must be marked with '@kotlinx.cinterop.ExperimentalForeignApi' or '@OptIn(kotlinx.cinterop.ExperimentalForeignApi::class)'
e: file:///Users/jim/work/v2superbikeshed/Trikeshed/src/nativeMain/kotlin/borg/trikeshed/io/HomeDir.native.kt:25:8 Conflicting overloads:
actual fun rm(path: String): Boolean
e: file:///Users/jim/work/v2superbikeshed/Trikeshed/src/nativeMain/kotlin/borg/trikeshed/io/HomeDir.native.kt:29:8 Conflicting overloads:
actual fun mkdir(path: String): Boolean
e: file:///Users/jim/work/v2superbikeshed/Trikeshed/src/nativeMain/kotlin/borg/trikeshed/io/PlatformFileIO.kt:8:14 'actual class PlatformFileIOImpl : PlatformFileIO' has no corresponding expected declaration
e: file:///Users/jim/work/v2superbikeshed/Trikeshed/src/nativeMain/kotlin/borg/trikeshed/io/PlatformFileIO.kt:9:33 'actual suspend fun readFile(path: String): Join<Int, Function1<Int, Byte>>?' has no corresponding expected declaration
e: file:///Users/jim/work/v2superbikeshed/Trikeshed/src/nativeMain/kotlin/borg/trikeshed/io/PlatformFileIO.kt:17:42 Unresolved reference 'toIndexed'.
e: file:///Users/jim/work/v2superbikeshed/Trikeshed/src/nativeMain/kotlin/borg/trikeshed/io/PlatformFileIO.kt:18:29 This declaration needs opt-in. Its usage must be marked with '@kotlinx.cinterop.ExperimentalForeignApi' or '@OptIn(kotlinx.cinterop.ExperimentalForeignApi::class)'
e: file:///Users/jim/work/v2superbikeshed/Trikeshed/src/nativeMain/kotlin/borg/trikeshed/io/PlatformFileIO.kt:32:33 'actual suspend fun writeFile(path: String, content: Join<Int, Function1<Int, Byte>>): Boolean' has no corresponding expected declaration
e: file:///Users/jim/work/v2superbikeshed/Trikeshed/src/nativeMain/kotlin/borg/trikeshed/io/PlatformFileIO.kt:40:32 This declaration needs opt-in. Its usage must be marked with '@kotlinx.cinterop.ExperimentalForeignApi' or '@OptIn(kotlinx.cinterop.ExperimentalForeignApi::class)'
e: file:///Users/jim/work/v2superbikeshed/Trikeshed/src/nativeMain/kotlin/borg/trikeshed/io/PlatformFileIO.kt:40:62 Unresolved reference 'play'.
e: file:///Users/jim/work/v2superbikeshed/Trikeshed/src/nativeMain/kotlin/borg/trikeshed/ipc/NativeIPCHost.kt:159:33 None of the following candidates is applicable:
fun <T> Join<Int, Function1<Int, Join<Any?, TypeMemento>>>.get(column: Column<T>): T?
fun <T : Byte> CPointer<ByteVarOf<T>>.get(index: Int): T
fun <T : Byte> CPointer<ByteVarOf<T>>.get(index: Long): T
fun <T : Short> CPointer<ShortVarOf<T>>.get(index: Int): T
fun <T : Short> CPointer<ShortVarOf<T>>.get(index: Long): T
fun <T : Int> CPointer<IntVarOf<T>>.get(index: Int): T
fun <T : Int> CPointer<IntVarOf<T>>.get(index: Long): T
fun <T : Long> CPointer<LongVarOf<T>>.get(index: Int): T
fun <T : Long> CPointer<LongVarOf<T>>.get(index: Long): T
fun <T : UByte> CPointer<UByteVarOf<T>>.get(index: Int): T
fun <T : UByte> CPointer<UByteVarOf<T>>.get(index: Long): T
fun <T : UShort> CPointer<UShortVarOf<T>>.get(index: Int): T
fun <T : UShort> CPointer<UShortVarOf<T>>.get(index: Long): T
fun <T : UInt> CPointer<UIntVarOf<T>>.get(index: Int): T
fun <T : UInt> CPointer<UIntVarOf<T>>.get(index: Long): T
fun <T : ULong> CPointer<ULongVarOf<T>>.get(index: Int): T
fun <T : ULong> CPointer<ULongVarOf<T>>.get(index: Long): T
fun <T : Float> CPointer<FloatVarOf<T>>.get(index: Int): T
fun <T : Float> CPointer<FloatVarOf<T>>.get(index: Long): T
fun <T : Double> CPointer<DoubleVarOf<T>>.get(index: Int): T
fun <T : Double> CPointer<DoubleVarOf<T>>.get(index: Long): T
fun <reified T : CVariable> CPointer<T>.get(index: Long): T
fun <reified T : CVariable> CPointer<T>.get(index: Int): T
fun <T : CPointer<*>> CPointer<CPointerVarOf<T>>.get(index: Int): T?
fun <T : CPointer<*>> CPointer<CPointerVarOf<T>>.get(index: Long): T?
e: file:///Users/jim/work/v2superbikeshed/Trikeshed/src/nativeMain/kotlin/borg/trikeshed/ipc/NativeIPCHost.kt:348:24 None of the following candidates is applicable:
fun <T> Join<Int, Function1<Int, Join<Any?, TypeMemento>>>.get(column: Column<T>): T?
fun <T : Byte> CPointer<ByteVarOf<T>>.get(index: Int): T
fun <T : Byte> CPointer<ByteVarOf<T>>.get(index: Long): T
fun <T : Short> CPointer<ShortVarOf<T>>.get(index: Int): T
fun <T : Short> CPointer<ShortVarOf<T>>.get(index: Long): T
fun <T : Int> CPointer<IntVarOf<T>>.get(index: Int): T
fun <T : Int> CPointer<IntVarOf<T>>.get(index: Long): T
fun <T : Long> CPointer<LongVarOf<T>>.get(index: Int): T
fun <T : Long> CPointer<LongVarOf<T>>.get(index: Long): T
fun <T : UByte> CPointer<UByteVarOf<T>>.get(index: Int): T
fun <T : UByte> CPointer<UByteVarOf<T>>.get(index: Long): T
fun <T : UShort> CPointer<UShortVarOf<T>>.get(index: Int): T
fun <T : UShort> CPointer<UShortVarOf<T>>.get(index: Long): T
fun <T : UInt> CPointer<UIntVarOf<T>>.get(index: Int): T
fun <T : UInt> CPointer<UIntVarOf<T>>.get(index: Long): T
fun <T : ULong> CPointer<ULongVarOf<T>>.get(index: Int): T
fun <T : ULong> CPointer<ULongVarOf<T>>.get(index: Long): T
fun <T : Float> CPointer<FloatVarOf<T>>.get(index: Int): T
fun <T : Float> CPointer<FloatVarOf<T>>.get(index: Long): T
fun <T : Double> CPointer<DoubleVarOf<T>>.get(index: Int): T
fun <T : Double> CPointer<DoubleVarOf<T>>.get(index: Long): T
fun <reified T : CVariable> CPointer<T>.get(index: Long): T
fun <reified T : CVariable> CPointer<T>.get(index: Int): T
fun <T : CPointer<*>> CPointer<CPointerVarOf<T>>.get(index: Int): T?
fun <T : CPointer<*>> CPointer<CPointerVarOf<T>>.get(index: Long): T?
e: file:///Users/jim/work/v2superbikeshed/Trikeshed/src/nativeMain/kotlin/borg/trikeshed/lib/L1CacheSizeInInts.kt:20:43 Unresolved reference 'readableUnitsToNumber'.
e: file:///Users/jim/work/v2superbikeshed/Trikeshed/src/nativeMain/kotlin/borg/trikeshed/lib/assert.kt:3:8 Conflicting overloads:
actual fun assert(value: Boolean): Unit
e: file:///Users/jim/work/v2superbikeshed/Trikeshed/src/nativeMain/kotlin/borg/trikeshed/lib/assert.kt:9:8 Conflicting overloads:
actual fun assert(value: Boolean, lazyMessage: () -> Any): Unit
e: file:///Users/jim/work/v2superbikeshed/Trikeshed/src/nativeMain/kotlin/borg/trikeshed/lib/datetime/DateTimeFormatter.kt:8:12 'actual fun getCurrentDateTime(): DateTimeComponents' has no corresponding expected declaration
e: file:///Users/jim/work/v2superbikeshed/Trikeshed/src/nativeMain/kotlin/borg/trikeshed/lib/datetime/DateTimeFormatter.kt:10:24 Argument type mismatch: actual type is 'Long', but 'CValuesRef<LongVarOf<Long>>?' was expected.
e: file:///Users/jim/work/v2superbikeshed/Trikeshed/src/nativeMain/kotlin/borg/trikeshed/lib/datetime/DateTimeFormatter.kt:19:13 No parameter with name 'millisecond' found.
e: file:///Users/jim/work/v2superbikeshed/Trikeshed/src/nativeMain/kotlin/borg/trikeshed/lib/datetime/DateTimeFormatter.kt:22:49 Too many arguments for 'constructor(year: Int, month: Int, day: Int, hour: Int, minute: Int, second: Int): DateTimeComponents'.
e: file:///Users/jim/work/v2superbikeshed/Trikeshed/src/nativeMain/kotlin/borg/trikeshed/nio/PlatformNio.native.kt:113:14 'actual class PlatformInetSocketAddress : Any' has no corresponding members for expected class members:

    expect constructor(address: PlatformInetAddress, port: Int): PlatformInetSocketAddress

    The following declaration is incompatible because parameter types are different:
        actual constructor(host: String, port: Int): PlatformInetSocketAddress

e: file:///Users/jim/work/v2superbikeshed/Trikeshed/src/nativeMain/kotlin/borg/trikeshed/nio/PlatformNio.native.kt:120:14 'actual class PlatformDatagramPacket : Any' has no corresponding members for expected class members:

    expect val socketAddress: PlatformInetSocketAddress?

    expect val port: Int

    expect constructor(data: ByteArray, length: Int): PlatformDatagramPacket

    The following declarations are incompatible because number of value parameters is different:
        actual constructor(data: ByteArray, length: Int, address: PlatformInetSocketAddress): PlatformDatagramPacket
        actual constructor(data: ByteArray, offset: Int, length: Int, address: PlatformInetSocketAddress): PlatformDatagramPacket

    expect constructor(data: ByteArray, length: Int, address: PlatformSocketAddress): PlatformDatagramPacket

    The following declaration is incompatible because parameter types are different:
        actual constructor(data: ByteArray, length: Int, address: PlatformInetSocketAddress): PlatformDatagramPacket
    The following declaration is incompatible because number of value parameters is different:
        actual constructor(data: ByteArray, offset: Int, length: Int, address: PlatformInetSocketAddress): PlatformDatagramPacket

e: file:///Users/jim/work/v2superbikeshed/Trikeshed/src/nativeMain/kotlin/borg/trikeshed/nio/PlatformNio.native.kt:122:16 'actual val length: Int' has no corresponding expected declaration
The following declaration is incompatible because property kinds are different (val vs var):
    expect var length: Int

e: file:///Users/jim/work/v2superbikeshed/Trikeshed/src/nativeMain/kotlin/borg/trikeshed/nio/PlatformNio.native.kt:123:16 'actual val address: PlatformInetSocketAddress' has no corresponding expected declaration
The following declaration is incompatible because return type is different:
    expect val address: PlatformSocketAddress?

e: file:///Users/jim/work/v2superbikeshed/Trikeshed/src/nativeMain/kotlin/borg/trikeshed/nio/PlatformNio.native.kt:132:14 'actual class PlatformDatagramSocket : Any' has no corresponding members for expected class members:

    expect val remoteSocketAddress: PlatformSocketAddress?

    expect val inetAddress: PlatformInetAddress?

    expect val port: Int

e: file:///Users/jim/work/v2superbikeshed/Trikeshed/src/nativeMain/kotlin/borg/trikeshed/nio/PlatformNio.native.kt:185:14 'actual class PlatformChannel : Any' has no corresponding members for expected class members:

    expect fun read(buffer: PlatformByteBuffer): Int

    expect fun write(buffer: PlatformByteBuffer): Int

    expect val isOpen: Boolean

    The following declaration is incompatible because callable kinds are different (function vs property):
        actual fun isOpen(): Boolean

e: file:///Users/jim/work/v2superbikeshed/Trikeshed/src/nativeMain/kotlin/borg/trikeshed/reactor/PlatformIO.native.kt:14:12 'actual val IO: CoroutineDispatcher' has no corresponding expected declaration
e: file:///Users/jim/work/v2superbikeshed/Trikeshed/src/nativeMain/kotlin/borg/trikeshed/reactor/PlatformIO.native.kt:17:15 'actual object System : Any' has no corresponding expected declaration
e: file:///Users/jim/work/v2superbikeshed/Trikeshed/src/nativeMain/kotlin/borg/trikeshed/reactor/PlatformIO.native.kt:18:16 'actual fun currentTimeMillis(): Long' has no corresponding expected declaration
e: file:///Users/jim/work/v2superbikeshed/Trikeshed/src/nativeMain/kotlin/borg/trikeshed/reactor/PlatformIO.native.kt:19:16 'actual fun nanoTime(): Long' has no corresponding expected declaration
e: file:///Users/jim/work/v2superbikeshed/Trikeshed/src/nativeMain/kotlin/borg/trikeshed/reactor/PlatformIO.native.kt:21:23 Argument type mismatch: actual type is 'UInt', but 'UInt' was expected.
e: file:///Users/jim/work/v2superbikeshed/Trikeshed/src/nativeMain/kotlin/borg/trikeshed/reactor/PlatformIO.native.kt:21:49 Argument type mismatch: actual type is 'CPointer<T (of val <T : CVariable> CValues<T>.ptr)>', but 'CValuesRef<timespec>?' was expected.
e: file:///Users/jim/work/v2superbikeshed/Trikeshed/src/nativeMain/kotlin/borg/trikeshed/reactor/PlatformIO.native.kt:21:58 Cannot infer type for this parameter. Specify it explicitly.
e: file:///Users/jim/work/v2superbikeshed/Trikeshed/src/nativeMain/kotlin/borg/trikeshed/reactor/PlatformIO.native.kt:21:58 Unresolved reference. None of the following candidates is applicable because of a receiver type mismatch:
val <T : CVariable> CValues<T>.ptr: CPointer<T>
e: file:///Users/jim/work/v2superbikeshed/Trikeshed/src/nativeMain/kotlin/borg/trikeshed/reactor/PlatformIO.native.kt:26:14 'actual class PlatformIO : Any' has no corresponding expected declaration
e: file:///Users/jim/work/v2superbikeshed/Trikeshed/src/nativeMain/kotlin/borg/trikeshed/reactor/PlatformIO.native.kt:27:16 'actual fun createSelector(): SelectorInterface' has no corresponding expected declaration
e: file:///Users/jim/work/v2superbikeshed/Trikeshed/src/nativeMain/kotlin/borg/trikeshed/reactor/PlatformIO.native.kt:29:16 'actual fun createServerChannel(): ServerChannel' has no corresponding expected declaration
e: file:///Users/jim/work/v2superbikeshed/Trikeshed/src/nativeMain/kotlin/borg/trikeshed/reactor/PlatformIO.native.kt:31:16 'actual fun createClientChannel(): ClientChannel' has no corresponding expected declaration
e: file:///Users/jim/work/v2superbikeshed/Trikeshed/src/nativeMain/kotlin/borg/trikeshed/reactor/PlatformIO.native.kt:33:16 'actual fun createBufferPool(bufferSize: Int): BufferPool' has no corresponding expected declaration
e: file:///Users/jim/work/v2superbikeshed/Trikeshed/src/nativeMain/kotlin/borg/trikeshed/reactor/PlatformIO.native.kt:35:22 'actual companion object Companion : Any' has no corresponding expected declaration
e: file:///Users/jim/work/v2superbikeshed/Trikeshed/src/nativeMain/kotlin/borg/trikeshed/reactor/PlatformIO.native.kt:36:20 'actual fun create(): PlatformIO' has no corresponding expected declaration
e: file:///Users/jim/work/v2superbikeshed/Trikeshed/src/nativeMain/kotlin/borg/trikeshed/reactor/PlatformIO.native.kt:57:29 This type is final, so it cannot be extended.
e: file:///Users/jim/work/v2superbikeshed/Trikeshed/src/nativeMain/kotlin/borg/trikeshed/reactor/PlatformIO.native.kt:57:29 This type has a constructor, so it must be initialized here.
e: file:///Users/jim/work/v2superbikeshed/Trikeshed/src/nativeMain/kotlin/borg/trikeshed/reactor/PlatformIO.native.kt:60:5 'isOpen' overrides nothing.
e: file:///Users/jim/work/v2superbikeshed/Trikeshed/src/nativeMain/kotlin/borg/trikeshed/reactor/PlatformIO.native.kt:61:5 'close' in 'ClientChannel' is final and cannot be overridden.
e: file:///Users/jim/work/v2superbikeshed/Trikeshed/src/nativeMain/kotlin/borg/trikeshed/reactor/PlatformIO.native.kt:62:5 'configureBlocking' overrides nothing.
e: file:///Users/jim/work/v2superbikeshed/Trikeshed/src/nativeMain/kotlin/borg/trikeshed/reactor/PlatformIO.native.kt:63:5 'isBlocking' overrides nothing.
e: file:///Users/jim/work/v2superbikeshed/Trikeshed/src/nativeMain/kotlin/borg/trikeshed/reactor/PlatformIO.native.kt:65:5 'connect' overrides nothing.
e: file:///Users/jim/work/v2superbikeshed/Trikeshed/src/nativeMain/kotlin/borg/trikeshed/reactor/PlatformIO.native.kt:69:5 'read' overrides nothing.
e: file:///Users/jim/work/v2superbikeshed/Trikeshed/src/nativeMain/kotlin/borg/trikeshed/reactor/PlatformIO.native.kt:73:5 'write' overrides nothing.
e: file:///Users/jim/work/v2superbikeshed/Trikeshed/src/nativeMain/kotlin/borg/trikeshed/reactor/PlatformIO.native.kt:78:1 Class 'NativeBufferPool' is not abstract and does not implement abstract members:
suspend fun acquire(): PlatformByteBuffer
suspend fun release(buffer: PlatformByteBuffer): Unit
suspend fun accept(): ClientChannel?
e: file:///Users/jim/work/v2superbikeshed/Trikeshed/src/nativeMain/kotlin/borg/trikeshed/reactor/PlatformIO.native.kt:79:5 'acquire' overrides nothing. Potential signatures for overriding:
suspend fun acquire(): PlatformByteBuffer
e: file:///Users/jim/work/v2superbikeshed/Trikeshed/src/nativeMain/kotlin/borg/trikeshed/reactor/PlatformIO.native.kt:79:14 Conflicting overloads:
fun acquire(): ByteBuffer
suspend fun acquire(): PlatformByteBuffer
e: file:///Users/jim/work/v2superbikeshed/Trikeshed/src/nativeMain/kotlin/borg/trikeshed/reactor/PlatformIO.native.kt:80:16 Return type mismatch: expected 'borg.trikeshed.reactor.ByteBuffer', actual 'borg.trikeshed.nio.ByteBuffer'.
e: file:///Users/jim/work/v2superbikeshed/Trikeshed/src/nativeMain/kotlin/borg/trikeshed/reactor/PlatformIO.native.kt:83:5 'release' overrides nothing. Potential signatures for overriding:
suspend fun release(buffer: PlatformByteBuffer): Unit
e: file:///Users/jim/work/v2superbikeshed/Trikeshed/src/nativeMain/kotlin/borg/trikeshed/reactor/PlatformIO.native.kt:88:18 'actual interface ServerChannel : SelectableChannel' has no corresponding expected declaration
e: file:///Users/jim/work/v2superbikeshed/Trikeshed/src/nativeMain/kotlin/borg/trikeshed/reactor/PlatformIO.native.kt:89:16 'actual fun bind(port: Int): Unit' has no corresponding expected declaration
e: file:///Users/jim/work/v2superbikeshed/Trikeshed/src/nativeMain/kotlin/borg/trikeshed/reactor/PlatformIO.native.kt:90:16 'actual fun accept(): ClientChannel?' has no corresponding expected declaration
e: file:///Users/jim/work/v2superbikeshed/Trikeshed/src/nativeMain/kotlin/borg/trikeshed/reactor/PlatformIO.native.kt:93:18 'actual interface ClientChannel : SelectableChannel' has no corresponding expected declaration
The following declaration is incompatible because class kinds are different (class, interface, object, enum, annotation):
    expect class ClientChannel : Any

e: file:///Users/jim/work/v2superbikeshed/Trikeshed/src/nativeMain/kotlin/borg/trikeshed/reactor/PlatformIO.native.kt:93:18 Redeclaration:
actual class ClientChannel : Any
e: file:///Users/jim/work/v2superbikeshed/Trikeshed/src/nativeMain/kotlin/borg/trikeshed/reactor/PlatformIO.native.kt:94:16 'actual fun connect(host: String, port: Int): Unit' has no corresponding expected declaration
e: file:///Users/jim/work/v2superbikeshed/Trikeshed/src/nativeMain/kotlin/borg/trikeshed/reactor/PlatformIO.native.kt:95:16 'actual fun read(buffer: ByteBuffer): Int' has no corresponding expected declaration
e: file:///Users/jim/work/v2superbikeshed/Trikeshed/src/nativeMain/kotlin/borg/trikeshed/reactor/PlatformIO.native.kt:96:16 'actual fun write(buffer: ByteBuffer): Int' has no corresponding expected declaration
e: file:///Users/jim/work/v2superbikeshed/Trikeshed/src/nativeMain/kotlin/borg/trikeshed/reactor/PlatformTypes.kt:6:8 Conflicting overloads:
actual fun currentTimeMillis(): Long
e: file:///Users/jim/work/v2superbikeshed/Trikeshed/src/nativeMain/kotlin/borg/trikeshed/reactor/PlatformTypes.kt:7:12 Unresolved reference 'getTimeMillis'.
e: file:///Users/jim/work/v2superbikeshed/Trikeshed/src/nativeMain/kotlin/borg/trikeshed/reactor/SelectableChannel.native.kt:4:18 'actual interface SelectableChannel : Any' has no corresponding members for expected class members:

    expect val isOpen: Boolean

    The following declaration is incompatible because callable kinds are different (function vs property):
        actual fun isOpen(): Boolean

    expect val isBlocking: Boolean

    The following declaration is incompatible because callable kinds are different (function vs property):
        actual fun isBlocking(): Boolean

e: file:///Users/jim/work/v2superbikeshed/Trikeshed/src/nativeMain/kotlin/borg/trikeshed/reactor/SelectableChannel.native.kt:5:16 'actual fun isOpen(): Boolean' has no corresponding expected declaration
The following declaration is incompatible because callable kinds are different (function vs property):
    expect val isOpen: Boolean

e: file:///Users/jim/work/v2superbikeshed/Trikeshed/src/nativeMain/kotlin/borg/trikeshed/reactor/SelectableChannel.native.kt:6:16 'actual fun close(): Unit' has no corresponding expected declaration
The following declaration is incompatible because modifiers are different (suspend):
    expect suspend fun close(): Unit

e: file:///Users/jim/work/v2superbikeshed/Trikeshed/src/nativeMain/kotlin/borg/trikeshed/reactor/SelectableChannel.native.kt:8:16 'actual fun isBlocking(): Boolean' has no corresponding expected declaration
The following declaration is incompatible because callable kinds are different (function vs property):
    expect val isBlocking: Boolean

e: file:///Users/jim/work/v2superbikeshed/Trikeshed/src/nativeMain/kotlin/borg/trikeshed/reactor/SelectableChannel.native.kt:24:14 Redeclaration:
actual class SelectionKey : Any
e: file:///Users/jim/work/v2superbikeshed/Trikeshed/src/nativeMain/kotlin/borg/trikeshed/reactor/SelectableChannel.native.kt:40:14 Redeclaration:
actual class SelectorInterface : Any
e: file:///Users/jim/work/v2superbikeshed/Trikeshed/src/nativeMain/kotlin/borg/trikeshed/reactor/SelectableChannel.native.kt:45:16 'actual fun close(): Unit' has no corresponding expected declaration
The following declaration is incompatible because modifiers are different (suspend):
    expect suspend fun close(): Unit

e: file:///Users/jim/work/v2superbikeshed/Trikeshed/src/nativeMain/kotlin/borg/trikeshed/reactor/SelectionKey.native.kt:7:14 Redeclaration:
actual class SelectionKey : Any
e: file:///Users/jim/work/v2superbikeshed/Trikeshed/src/nativeMain/kotlin/borg/trikeshed/tilting/zran/kzran.kt:8:33 Unresolved reference 'PlatformCodec'.
e: file:///Users/jim/work/v2superbikeshed/Trikeshed/src/nativeMain/kotlin/borg/trikeshed/tilting/zran/kzran.kt:9:33 Unresolved reference 'PlatformCodec'.
e: file:///Users/jim/work/v2superbikeshed/Trikeshed/src/nativeMain/kotlin/borg/trikeshed/tilting/zran/kzran.kt:10:33 Unresolved reference 'PlatformCodec'.
e: file:///Users/jim/work/v2superbikeshed/Trikeshed/src/nativeMain/kotlin/borg/trikeshed/tilting/zran/kzran.kt:11:33 Unresolved reference 'PlatformCodec'.
e: file:///Users/jim/work/v2superbikeshed/Trikeshed/src/nativeMain/kotlin/borg/trikeshed/tilting/zran/kzran.kt:55:28 Unresolved reference 'window'.
e: file:///Users/jim/work/v2superbikeshed/Trikeshed/src/nativeMain/kotlin/borg/trikeshed/tilting/zran/kzran.kt:129:29 Expected class 'expect class Point : Any' does not have default constructor.
e: file:///Users/jim/work/v2superbikeshed/Trikeshed/src/nativeMain/kotlin/borg/trikeshed/tilting/zran/kzran.kt:150:39 No value passed for parameter 'file'.
e: file:///Users/jim/work/v2superbikeshed/Trikeshed/src/nativeMain/kotlin/borg/trikeshed/tilting/zran/kzran.kt:150:42 Unresolved reference 'output'.
e: file:///Users/jim/work/v2superbikeshed/Trikeshed/src/nativeMain/kotlin/borg/trikeshed/tilting/zran/kzran.kt:150:72 None of the following candidates is applicable:
fun Pinned<ByteArray>.addressOf(index: Int): CPointer<ByteVarOf<Byte>>
fun Pinned<String>.addressOf(index: Int): CPointer<COpaque>
fun Pinned<CharArray>.addressOf(index: Int): CPointer<COpaque>
fun Pinned<ShortArray>.addressOf(index: Int): CPointer<ShortVarOf<Short>>
fun Pinned<IntArray>.addressOf(index: Int): CPointer<IntVarOf<Int>>
fun Pinned<LongArray>.addressOf(index: Int): CPointer<LongVarOf<Long>>
fun Pinned<UByteArray>.addressOf(index: Int): CPointer<UByteVarOf<UByte>>
fun Pinned<UShortArray>.addressOf(index: Int): CPointer<UShortVarOf<UShort>>
fun Pinned<UIntArray>.addressOf(index: Int): CPointer<UIntVarOf<UInt>>
fun Pinned<ULongArray>.addressOf(index: Int): CPointer<ULongVarOf<ULong>>
fun Pinned<FloatArray>.addressOf(index: Int): CPointer<FloatVarOf<Float>>
fun Pinned<DoubleArray>.addressOf(index: Int): CPointer<DoubleVarOf<Double>>
e: file:///Users/jim/work/v2superbikeshed/Trikeshed/src/nativeMain/kotlin/borg/trikeshed/tilting/zran/kzran.kt:151:24 No value passed for parameter 'file'.
e: file:///Users/jim/work/v2superbikeshed/Trikeshed/src/nativeMain/kotlin/borg/trikeshed/tilting/zran/kzran.kt:151:63 None of the following candidates is applicable:
fun Pinned<ByteArray>.addressOf(index: Int): CPointer<ByteVarOf<Byte>>
fun Pinned<String>.addressOf(index: Int): CPointer<COpaque>
fun Pinned<CharArray>.addressOf(index: Int): CPointer<COpaque>
fun Pinned<ShortArray>.addressOf(index: Int): CPointer<ShortVarOf<Short>>
fun Pinned<IntArray>.addressOf(index: Int): CPointer<IntVarOf<Int>>
fun Pinned<LongArray>.addressOf(index: Int): CPointer<LongVarOf<Long>>
fun Pinned<UByteArray>.addressOf(index: Int): CPointer<UByteVarOf<UByte>>
fun Pinned<UShortArray>.addressOf(index: Int): CPointer<UShortVarOf<UShort>>
fun Pinned<UIntArray>.addressOf(index: Int): CPointer<UIntVarOf<UInt>>
fun Pinned<ULongArray>.addressOf(index: Int): CPointer<ULongVarOf<ULong>>
fun Pinned<FloatArray>.addressOf(index: Int): CPointer<FloatVarOf<Float>>
fun Pinned<DoubleArray>.addressOf(index: Int): CPointer<DoubleVarOf<Double>>
e: file:///Users/jim/work/v2superbikeshed/Trikeshed/src/nativeMain/kotlin/borg/trikeshed/tilting/zran/kzran.kt:152:39 No value passed for parameter 'file'.
e: file:///Users/jim/work/v2superbikeshed/Trikeshed/src/nativeMain/kotlin/borg/trikeshed/tilting/zran/kzran.kt:152:42 Unresolved reference 'input'.
e: file:///Users/jim/work/v2superbikeshed/Trikeshed/src/nativeMain/kotlin/borg/trikeshed/tilting/zran/kzran.kt:152:71 None of the following candidates is applicable:
fun Pinned<ByteArray>.addressOf(index: Int): CPointer<ByteVarOf<Byte>>
fun Pinned<String>.addressOf(index: Int): CPointer<COpaque>
fun Pinned<CharArray>.addressOf(index: Int): CPointer<COpaque>
fun Pinned<ShortArray>.addressOf(index: Int): CPointer<ShortVarOf<Short>>
fun Pinned<IntArray>.addressOf(index: Int): CPointer<IntVarOf<Int>>
fun Pinned<LongArray>.addressOf(index: Int): CPointer<LongVarOf<Long>>
fun Pinned<UByteArray>.addressOf(index: Int): CPointer<UByteVarOf<UByte>>
fun Pinned<UShortArray>.addressOf(index: Int): CPointer<UShortVarOf<UShort>>
fun Pinned<UIntArray>.addressOf(index: Int): CPointer<UIntVarOf<UInt>>
fun Pinned<ULongArray>.addressOf(index: Int): CPointer<ULongVarOf<ULong>>
fun Pinned<FloatArray>.addressOf(index: Int): CPointer<FloatVarOf<Float>>
fun Pinned<DoubleArray>.addressOf(index: Int): CPointer<DoubleVarOf<Double>>
e: file:///Users/jim/work/v2superbikeshed/Trikeshed/src/nativeMain/kotlin/borg/trikeshed/tilting/zran/kzran.kt:153:40 No value passed for parameter 'file'.
e: file:///Users/jim/work/v2superbikeshed/Trikeshed/src/nativeMain/kotlin/borg/trikeshed/tilting/zran/kzran.kt:153:43 Unresolved reference 'winsize'.
e: file:///Users/jim/work/v2superbikeshed/Trikeshed/src/nativeMain/kotlin/borg/trikeshed/tilting/zran/kzran.kt:153:74 None of the following candidates is applicable:
fun Pinned<ByteArray>.addressOf(index: Int): CPointer<ByteVarOf<Byte>>
fun Pinned<String>.addressOf(index: Int): CPointer<COpaque>
fun Pinned<CharArray>.addressOf(index: Int): CPointer<COpaque>
fun Pinned<ShortArray>.addressOf(index: Int): CPointer<ShortVarOf<Short>>
fun Pinned<IntArray>.addressOf(index: Int): CPointer<IntVarOf<Int>>
fun Pinned<LongArray>.addressOf(index: Int): CPointer<LongVarOf<Long>>
fun Pinned<UByteArray>.addressOf(index: Int): CPointer<UByteVarOf<UByte>>
fun Pinned<UShortArray>.addressOf(index: Int): CPointer<UShortVarOf<UShort>>
fun Pinned<UIntArray>.addressOf(index: Int): CPointer<UIntVarOf<UInt>>
fun Pinned<ULongArray>.addressOf(index: Int): CPointer<ULongVarOf<ULong>>
fun Pinned<FloatArray>.addressOf(index: Int): CPointer<FloatVarOf<Float>>
fun Pinned<DoubleArray>.addressOf(index: Int): CPointer<DoubleVarOf<Double>>
e: file:///Users/jim/work/v2superbikeshed/Trikeshed/src/nativeMain/kotlin/borg/trikeshed/tilting/zran/kzran.kt:154:31 Unresolved reference 'window'.
e: file:///Users/jim/work/v2superbikeshed/Trikeshed/src/nativeMain/kotlin/borg/trikeshed/tilting/zran/kzran.kt:154:38 Cannot infer type for this parameter. Specify it explicitly.
e: file:///Users/jim/work/v2superbikeshed/Trikeshed/src/nativeMain/kotlin/borg/trikeshed/tilting/zran/kzran.kt:154:44 Cannot infer type for this parameter. Specify it explicitly.
e: file:///Users/jim/work/v2superbikeshed/Trikeshed/src/nativeMain/kotlin/borg/trikeshed/tilting/zran/kzran.kt:154:46 Cannot infer type for this parameter. Specify it explicitly.
e: file:///Users/jim/work/v2superbikeshed/Trikeshed/src/nativeMain/kotlin/borg/trikeshed/tilting/zran/kzran.kt:154:46 Not enough information to infer type argument for 'T'.
e: file:///Users/jim/work/v2superbikeshed/Trikeshed/src/nativeMain/kotlin/borg/trikeshed/tilting/zran/kzran.kt:154:86 Cannot infer type for this parameter. Specify it explicitly.
e: file:///Users/jim/work/v2superbikeshed/Trikeshed/src/nativeMain/kotlin/borg/trikeshed/tilting/zran/kzran.kt:154:86 Not enough information to infer type argument for 'T'.
e: file:///Users/jim/work/v2superbikeshed/Trikeshed/src/nativeMain/kotlin/borg/trikeshed/tilting/zran/kzran.kt:179:39 Argument type mismatch: actual type is 'ByteArray', but 'CPointer<out CPointed>?' was expected.
e: file:///Users/jim/work/v2superbikeshed/Trikeshed/src/nativeMain/kotlin/borg/trikeshed/tilting/zran/kzran.kt:186:42 Argument type mismatch: actual type is 'ByteArray', but 'CPointer<out CPointed>?' was expected.
e: file:///Users/jim/work/v2superbikeshed/Trikeshed/src/nativeMain/kotlin/borg/trikeshed/tilting/zran/kzran.kt:191:41 Argument type mismatch: actual type is 'ByteArray', but 'CPointer<out CPointed>?' was expected.
e: file:///Users/jim/work/v2superbikeshed/Trikeshed/src/nativeMain/kotlin/borg/trikeshed/tilting/zran/kzran.kt:207:21 Expected class 'expect class Point : Any' does not have default constructor.
e: file:///Users/jim/work/v2superbikeshed/Trikeshed/src/nativeMain/kotlin/borg/trikeshed/tilting/zran/kzran.kt:211:28 Unresolved reference '↺'.
e: file:///Users/jim/work/v2superbikeshed/Trikeshed/src/nativeMain/kotlin/borg/trikeshed/tilting/zran/kzran.kt:251:38 Unresolved reference 'winsize'.
e: file:///Users/jim/work/v2superbikeshed/Trikeshed/src/nativeMain/kotlin/borg/trikeshed/tilting/zran/kzran.kt:252:40 Unresolved reference 'window'.
e: file:///Users/jim/work/v2superbikeshed/Trikeshed/src/nativeMain/kotlin/borg/trikeshed/tilting/zran/kzran.kt:257:22 Cannot infer type for this parameter. Specify it explicitly.
e: file:///Users/jim/work/v2superbikeshed/Trikeshed/src/nativeMain/kotlin/borg/trikeshed/tilting/zran/kzran.kt:261:23 Cannot infer type for this parameter. Specify it explicitly.
e: file:///Users/jim/work/v2superbikeshed/Trikeshed/src/nativeMain/kotlin/borg/trikeshed/tilting/zran/kzran.kt:261:33 Argument type mismatch: actual type is 'Function1<Pinned<UByteArray>, Unit>', but 'Function1<Pinned<UByteArray>, R (of fun <T : Any, R> T.usePinned)>' was expected.
e: file:///Users/jim/work/v2superbikeshed/Trikeshed/src/nativeMain/kotlin/borg/trikeshed/tilting/zran/kzran.kt:268:26 Argument type mismatch: actual type is 'Function0<String>', but 'Function0<String>' was expected.
e: file:///Users/jim/work/v2superbikeshed/Trikeshed/src/nativeMain/kotlin/borg/trikeshed/tilting/zran/kzran.kt:269:43 Cannot infer type for this parameter. Specify it explicitly.
e: file:///Users/jim/work/v2superbikeshed/Trikeshed/src/nativeMain/kotlin/borg/trikeshed/tilting/zran/kzran.kt:269:43 Not enough information to infer type argument for 'T'.
e: file:///Users/jim/work/v2superbikeshed/Trikeshed/src/nativeMain/kotlin/borg/trikeshed/tilting/zran/kzran.kt:272:31 Argument type mismatch: actual type is 'Boolean', but 'Boolean' was expected.
e: file:///Users/jim/work/v2superbikeshed/Trikeshed/src/nativeMain/kotlin/borg/trikeshed/tilting/zran/kzran.kt:272:52 Argument type mismatch: actual type is 'Function0<Any?>', but 'Function0<Any?>' was expected.
e: file:///Users/jim/work/v2superbikeshed/Trikeshed/src/nativeMain/kotlin/simple/PosixFile.kt:18:27 Unresolved reference 's_'.
e: file:///Users/jim/work/v2superbikeshed/Trikeshed/src/nativeMain/kotlin/simple/PosixFile.kt:493:29 Unresolved reference 's_'.
e: file:///Users/jim/work/v2superbikeshed/Trikeshed/src/nativeMain/kotlin/simple/PosixFile.kt:493:52 Unresolved reference 's_'.
e: file:///Users/jim/work/v2superbikeshed/Trikeshed/src/nativeMain/kotlin/simple/PosixFile.kt:546:25 Cannot infer type for this parameter. Specify it explicitly.
e: file:///Users/jim/work/v2superbikeshed/Trikeshed/src/nativeMain/kotlin/simple/PosixFile.kt:546:25 Not enough information to infer type argument for 'T'.
e: file:///Users/jim/work/v2superbikeshed/Trikeshed/src/nativeMain/kotlin/simple/PosixFile.kt:546:37 Cannot infer type for this parameter. Specify it explicitly.
e: file:///Users/jim/work/v2superbikeshed/Trikeshed/src/nativeMain/kotlin/simple/PosixFile.kt:546:37 Not enough information to infer type argument for 'T'.
e: file:///Users/jim/work/v2superbikeshed/Trikeshed/src/nativeMain/kotlin/simple/PosixFile.kt:546:42 Cannot infer type for this parameter. Specify it explicitly.

FAILURE: Build completed with 6 failures.

1: Task failed with an exception.
-----------
* What went wrong:
Execution failed for task ':kotlinNpmInstall'.
>                 Process 'Resolving NPM dependencies using yarn' returns 1
                  yarn install v1.22.17
  [1/4] Resolving packages...
  info There appears to be trouble with your network connection. Retrying...
  info There appears to be trouble with your network connection. Retrying...
  info There appears to be trouble with your network connection. Retrying...
  info There appears to be trouble with your network connection. Retrying...
  info Visit https://yarnpkg.com/en/docs/cli/install for documentation about this command.


* Try:
> Run with --stacktrace option to get the stack trace.
> Run with --info or --debug option to get more log output.
> Run with --scan to get full insights.
> Get more help at https://help.gradle.org.
==============================================================================

2: Task failed with an exception.
-----------
* What went wrong:
Execution failed for task ':Trikeshed:compileKotlinWasmJs'.
> A failure occurred while executing org.jetbrains.kotlin.compilerRunner.GradleCompilerRunnerWithWorkers$GradleKotlinCompilerWorkAction
   > Compilation error. See log for more details

* Try:
> Run with --stacktrace option to get the stack trace.
> Run with --info or --debug option to get more log output.
> Run with --scan to get full insights.
> Get more help at https://help.gradle.org.
==============================================================================

3: Task failed with an exception.
-----------
* What went wrong:
Execution failed for task ':Trikeshed:compileCommonMainKotlinMetadata'.
> A failure occurred while executing org.jetbrains.kotlin.compilerRunner.GradleCompilerRunnerWithWorkers$GradleKotlinCompilerWorkAction
   > Compilation error. See log for more details

* Try:
> Run with --stacktrace option to get the stack trace.
> Run with --info or --debug option to get more log output.
> Run with --scan to get full insights.
> Get more help at https://help.gradle.org.
==============================================================================

4: Task failed with an exception.
-----------
* What went wrong:
Execution failed for task ':Trikeshed:compileKotlinJvm'.
> A failure occurred while executing org.jetbrains.kotlin.compilerRunner.GradleCompilerRunnerWithWorkers$GradleKotlinCompilerWorkAction
   > Compilation error. See log for more details

* Try:
> Run with --stacktrace option to get the stack trace.
> Run with --info or --debug option to get more log output.
> Run with --scan to get full insights.
> Get more help at https://help.gradle.org.
==============================================================================

5: Task failed with an exception.
-----------
* What went wrong:
Execution failed for task ':Trikeshed:compileKotlinMacosX64'.
> Compilation finished with errors

* Try:
> Run with --stacktrace option to get the stack trace.
> Run with --info or --debug option to get more log output.
> Run with --scan to get full insights.
> Get more help at https://help.gradle.org.
==============================================================================

6: Task failed with an exception.
-----------
* What went wrong:
Execution failed for task ':Trikeshed:compileKotlinMacosArm64'.
> Compilation finished with errors

* Try:
> Run with --stacktrace option to get the stack trace.
> Run with --info or --debug option to get more log output.
> Run with --scan to get full insights.
> Get more help at https://help.gradle.org.
==============================================================================

BUILD FAILED in 1m 11s
154 actionable tasks: 7 executed, 147 up-to-date
Configuration cache entry reused.
